{
  "Entries": [
    {
      "RequestUri": "/subscriptions/1c638cf4-608f-4ee6-b680-c329e824c3a8/resourcegroups/rgns1643?api-version=2017-05-10",
      "EncodedRequestUri": "L3N1YnNjcmlwdGlvbnMvMWM2MzhjZjQtNjA4Zi00ZWU2LWI2ODAtYzMyOWU4MjRjM2E4L3Jlc291cmNlZ3JvdXBzL3JnbnMxNjQzP2FwaS12ZXJzaW9uPTIwMTctMDUtMTA=",
      "RequestMethod": "PUT",
      "RequestBody": "{\r\n  \"location\": \"eastus\"\r\n}",
      "RequestHeaders": {
        "x-ms-client-request-id": [
          "9b800aa8-3011-48c6-a544-3f3ca897cb0a"
        ],
        "Accept-Language": [
          "en-US"
        ],
        "User-Agent": [
          "FxVersion/4.6.27617.04",
          "OSName/Windows",
          "OSVersion/Microsoft.Windows.10.0.17763.",
          "Microsoft.Azure.Management.ResourceManager.Fluent.ResourceManagementClient/1.0.0.60",
          "MacAddressHash/f3b384527333d8d63a2ed5254f4705d58ed71b76de6ce213fbb781f44e7a48c5"
        ],
        "Content-Type": [
          "application/json; charset=utf-8"
        ],
        "Content-Length": [
          "28"
        ]
      },
      "ResponseHeaders": {
        "Cache-Control": [
          "no-cache"
        ],
        "Pragma": [
          "no-cache"
        ],
        "x-ms-ratelimit-remaining-subscription-writes": [
          "1197"
        ],
        "x-ms-request-id": [
          "79a76efe-5224-4772-98fc-94767144205c"
        ],
        "x-ms-correlation-request-id": [
          "79a76efe-5224-4772-98fc-94767144205c"
        ],
        "x-ms-routing-request-id": [
          "JAPANEAST:20190619T084316Z:79a76efe-5224-4772-98fc-94767144205c"
        ],
        "Strict-Transport-Security": [
          "max-age=31536000; includeSubDomains"
        ],
        "X-Content-Type-Options": [
          "nosniff"
        ],
        "Date": [
          "Wed, 19 Jun 2019 08:43:15 GMT"
        ],
        "Content-Length": [
          "169"
        ],
        "Content-Type": [
          "application/json; charset=utf-8"
        ],
        "Expires": [
          "-1"
        ]
      },
      "ResponseBody": "{\r\n  \"id\": \"/subscriptions/1c638cf4-608f-4ee6-b680-c329e824c3a8/resourceGroups/rgns1643\",\r\n  \"name\": \"rgns1643\",\r\n  \"location\": \"eastus\",\r\n  \"properties\": {\r\n    \"provisioningState\": \"Succeeded\"\r\n  }\r\n}",
      "StatusCode": 201
    },
    {
      "RequestUri": "/subscriptions/1c638cf4-608f-4ee6-b680-c329e824c3a8/resourceGroups/rgns1643/providers/Microsoft.EventHub/namespaces/ns1114898?api-version=2017-04-01",
      "EncodedRequestUri": "L3N1YnNjcmlwdGlvbnMvMWM2MzhjZjQtNjA4Zi00ZWU2LWI2ODAtYzMyOWU4MjRjM2E4L3Jlc291cmNlR3JvdXBzL3JnbnMxNjQzL3Byb3ZpZGVycy9NaWNyb3NvZnQuRXZlbnRIdWIvbmFtZXNwYWNlcy9uczExMTQ4OTg/YXBpLXZlcnNpb249MjAxNy0wNC0wMQ==",
      "RequestMethod": "PUT",
      "RequestBody": "{\r\n  \"location\": \"eastus\",\r\n  \"tags\": {}\r\n}",
      "RequestHeaders": {
        "x-ms-client-request-id": [
          "8d413930-5443-499a-a531-d61603981a99"
        ],
        "Accept-Language": [
          "en-US"
        ],
        "User-Agent": [
          "FxVersion/4.6.27617.04",
          "OSName/Windows",
          "OSVersion/Microsoft.Windows.10.0.17763.",
          "Microsoft.Azure.Management.EventHub.Fluent.EventHubManagementClient/1.0.0.60",
          "MacAddressHash/f3b384527333d8d63a2ed5254f4705d58ed71b76de6ce213fbb781f44e7a48c5"
        ],
        "Content-Type": [
          "application/json; charset=utf-8"
        ],
        "Content-Length": [
          "43"
        ]
      },
      "ResponseHeaders": {
        "Cache-Control": [
          "no-cache"
        ],
        "Pragma": [
          "no-cache"
        ],
        "x-ms-request-id": [
          "3e1b7011-b8ff-4e22-af45-526155a07fd4_M0CH3_M0CH3"
        ],
        "Server-SB": [
          "Service-Bus-Resource-Provider/CH3"
        ],
        "Server": [
          "Service-Bus-Resource-Provider/CH3",
          "Microsoft-HTTPAPI/2.0"
        ],
        "x-ms-ratelimit-remaining-subscription-writes": [
          "1196"
        ],
        "x-ms-correlation-request-id": [
          "900cd1de-ceb3-479e-90e6-605e9fb3187a"
        ],
        "x-ms-routing-request-id": [
          "JAPANEAST:20190619T084319Z:900cd1de-ceb3-479e-90e6-605e9fb3187a"
        ],
        "Strict-Transport-Security": [
          "max-age=31536000; includeSubDomains"
        ],
        "X-Content-Type-Options": [
          "nosniff"
        ],
        "Date": [
          "Wed, 19 Jun 2019 08:43:18 GMT"
        ],
        "Content-Length": [
          "629"
        ],
        "Content-Type": [
          "application/json; charset=utf-8"
        ],
        "Expires": [
          "-1"
        ]
      },
      "ResponseBody": "{\r\n  \"sku\": {\r\n    \"name\": \"Standard\",\r\n    \"tier\": \"Standard\",\r\n    \"capacity\": 1\r\n  },\r\n  \"id\": \"/subscriptions/1c638cf4-608f-4ee6-b680-c329e824c3a8/resourceGroups/rgns1643/providers/Microsoft.EventHub/namespaces/ns1114898\",\r\n  \"name\": \"ns1114898\",\r\n  \"type\": \"Microsoft.EventHub/Namespaces\",\r\n  \"location\": \"East US\",\r\n  \"tags\": {},\r\n  \"properties\": {\r\n    \"isAutoInflateEnabled\": false,\r\n    \"maximumThroughputUnits\": 0,\r\n    \"kafkaEnabled\": false,\r\n    \"provisioningState\": \"Created\",\r\n    \"metricId\": \"1c638cf4-608f-4ee6-b680-c329e824c3a8:ns1114898\",\r\n    \"createdAt\": \"2019-06-19T08:43:18.47Z\",\r\n    \"updatedAt\": \"2019-06-19T08:43:18.47Z\",\r\n    \"serviceBusEndpoint\": \"https://ns1114898.servicebus.windows.net:443/\",\r\n    \"status\": \"Activating\"\r\n  }\r\n}",
      "StatusCode": 200
    },
    {
      "RequestUri": "/subscriptions/1c638cf4-608f-4ee6-b680-c329e824c3a8/resourceGroups/rgns1643/providers/Microsoft.EventHub/namespaces/ns1114898?api-version=2017-04-01",
      "EncodedRequestUri": "L3N1YnNjcmlwdGlvbnMvMWM2MzhjZjQtNjA4Zi00ZWU2LWI2ODAtYzMyOWU4MjRjM2E4L3Jlc291cmNlR3JvdXBzL3JnbnMxNjQzL3Byb3ZpZGVycy9NaWNyb3NvZnQuRXZlbnRIdWIvbmFtZXNwYWNlcy9uczExMTQ4OTg/YXBpLXZlcnNpb249MjAxNy0wNC0wMQ==",
      "RequestMethod": "GET",
      "RequestBody": "",
      "RequestHeaders": {
        "User-Agent": [
          "FxVersion/4.6.27617.04",
          "OSName/Windows",
          "OSVersion/Microsoft.Windows.10.0.17763.",
          "Microsoft.Azure.Management.EventHub.Fluent.EventHubManagementClient/1.0.0.60",
          "MacAddressHash/f3b384527333d8d63a2ed5254f4705d58ed71b76de6ce213fbb781f44e7a48c5"
        ]
      },
      "ResponseHeaders": {
        "Cache-Control": [
          "no-cache"
        ],
        "Pragma": [
          "no-cache"
        ],
        "x-ms-request-id": [
          "2debc2d7-9bb1-4ef7-b035-f18e40fa1520_M5CH3_M5CH3"
        ],
        "Server-SB": [
          "Service-Bus-Resource-Provider/CH3"
        ],
        "Server": [
          "Service-Bus-Resource-Provider/CH3",
          "Microsoft-HTTPAPI/2.0"
        ],
        "x-ms-ratelimit-remaining-subscription-reads": [
          "11999"
        ],
        "x-ms-correlation-request-id": [
          "0f701071-6e03-4cce-a385-d48a48cb86ba"
        ],
        "x-ms-routing-request-id": [
          "JAPANEAST:20190619T084350Z:0f701071-6e03-4cce-a385-d48a48cb86ba"
        ],
        "Strict-Transport-Security": [
          "max-age=31536000; includeSubDomains"
        ],
        "X-Content-Type-Options": [
          "nosniff"
        ],
        "Date": [
          "Wed, 19 Jun 2019 08:43:50 GMT"
        ],
        "Content-Length": [
          "629"
        ],
        "Content-Type": [
          "application/json; charset=utf-8"
        ],
        "Expires": [
          "-1"
        ]
      },
      "ResponseBody": "{\r\n  \"sku\": {\r\n    \"name\": \"Standard\",\r\n    \"tier\": \"Standard\",\r\n    \"capacity\": 1\r\n  },\r\n  \"id\": \"/subscriptions/1c638cf4-608f-4ee6-b680-c329e824c3a8/resourceGroups/rgns1643/providers/Microsoft.EventHub/namespaces/ns1114898\",\r\n  \"name\": \"ns1114898\",\r\n  \"type\": \"Microsoft.EventHub/Namespaces\",\r\n  \"location\": \"East US\",\r\n  \"tags\": {},\r\n  \"properties\": {\r\n    \"isAutoInflateEnabled\": false,\r\n    \"maximumThroughputUnits\": 0,\r\n    \"kafkaEnabled\": false,\r\n    \"provisioningState\": \"Created\",\r\n    \"metricId\": \"1c638cf4-608f-4ee6-b680-c329e824c3a8:ns1114898\",\r\n    \"createdAt\": \"2019-06-19T08:43:18.47Z\",\r\n    \"updatedAt\": \"2019-06-19T08:43:18.47Z\",\r\n    \"serviceBusEndpoint\": \"https://ns1114898.servicebus.windows.net:443/\",\r\n    \"status\": \"Activating\"\r\n  }\r\n}",
      "StatusCode": 200
    },
    {
      "RequestUri": "/subscriptions/1c638cf4-608f-4ee6-b680-c329e824c3a8/resourceGroups/rgns1643/providers/Microsoft.EventHub/namespaces/ns1114898?api-version=2017-04-01",
      "EncodedRequestUri": "L3N1YnNjcmlwdGlvbnMvMWM2MzhjZjQtNjA4Zi00ZWU2LWI2ODAtYzMyOWU4MjRjM2E4L3Jlc291cmNlR3JvdXBzL3JnbnMxNjQzL3Byb3ZpZGVycy9NaWNyb3NvZnQuRXZlbnRIdWIvbmFtZXNwYWNlcy9uczExMTQ4OTg/YXBpLXZlcnNpb249MjAxNy0wNC0wMQ==",
      "RequestMethod": "GET",
      "RequestBody": "",
      "RequestHeaders": {
        "User-Agent": [
          "FxVersion/4.6.27617.04",
          "OSName/Windows",
          "OSVersion/Microsoft.Windows.10.0.17763.",
          "Microsoft.Azure.Management.EventHub.Fluent.EventHubManagementClient/1.0.0.60",
          "MacAddressHash/f3b384527333d8d63a2ed5254f4705d58ed71b76de6ce213fbb781f44e7a48c5"
        ]
      },
      "ResponseHeaders": {
        "Cache-Control": [
          "no-cache"
        ],
        "Pragma": [
          "no-cache"
        ],
        "x-ms-request-id": [
          "749ad6f3-d7ff-4135-9bc8-807646adc233_M8CH3_M8CH3"
        ],
        "Server-SB": [
          "Service-Bus-Resource-Provider/CH3"
        ],
        "Server": [
          "Service-Bus-Resource-Provider/CH3",
          "Microsoft-HTTPAPI/2.0"
        ],
        "x-ms-ratelimit-remaining-subscription-reads": [
          "11998"
        ],
        "x-ms-correlation-request-id": [
          "bd629192-a2c1-4ff5-9bbf-1cd13551e3c9"
        ],
        "x-ms-routing-request-id": [
          "JAPANEAST:20190619T084422Z:bd629192-a2c1-4ff5-9bbf-1cd13551e3c9"
        ],
        "Strict-Transport-Security": [
          "max-age=31536000; includeSubDomains"
        ],
        "X-Content-Type-Options": [
          "nosniff"
        ],
        "Date": [
          "Wed, 19 Jun 2019 08:44:21 GMT"
        ],
        "Content-Length": [
          "627"
        ],
        "Content-Type": [
          "application/json; charset=utf-8"
        ],
        "Expires": [
          "-1"
        ]
      },
      "ResponseBody": "{\r\n  \"sku\": {\r\n    \"name\": \"Standard\",\r\n    \"tier\": \"Standard\",\r\n    \"capacity\": 1\r\n  },\r\n  \"id\": \"/subscriptions/1c638cf4-608f-4ee6-b680-c329e824c3a8/resourceGroups/rgns1643/providers/Microsoft.EventHub/namespaces/ns1114898\",\r\n  \"name\": \"ns1114898\",\r\n  \"type\": \"Microsoft.EventHub/Namespaces\",\r\n  \"location\": \"East US\",\r\n  \"tags\": {},\r\n  \"properties\": {\r\n    \"isAutoInflateEnabled\": false,\r\n    \"maximumThroughputUnits\": 0,\r\n    \"kafkaEnabled\": false,\r\n    \"provisioningState\": \"Succeeded\",\r\n    \"metricId\": \"1c638cf4-608f-4ee6-b680-c329e824c3a8:ns1114898\",\r\n    \"createdAt\": \"2019-06-19T08:43:18.47Z\",\r\n    \"updatedAt\": \"2019-06-19T08:44:07.83Z\",\r\n    \"serviceBusEndpoint\": \"https://ns1114898.servicebus.windows.net:443/\",\r\n    \"status\": \"Active\"\r\n  }\r\n}",
      "StatusCode": 200
    },
    {
      "RequestUri": "/subscriptions/1c638cf4-608f-4ee6-b680-c329e824c3a8/resourceGroups/rgns1643/providers/Microsoft.EventHub/namespaces/ns1114898/eventhubs/eh1851?api-version=2017-04-01",
      "EncodedRequestUri": "L3N1YnNjcmlwdGlvbnMvMWM2MzhjZjQtNjA4Zi00ZWU2LWI2ODAtYzMyOWU4MjRjM2E4L3Jlc291cmNlR3JvdXBzL3JnbnMxNjQzL3Byb3ZpZGVycy9NaWNyb3NvZnQuRXZlbnRIdWIvbmFtZXNwYWNlcy9uczExMTQ4OTgvZXZlbnRodWJzL2VoMTg1MT9hcGktdmVyc2lvbj0yMDE3LTA0LTAx",
      "RequestMethod": "PUT",
      "RequestBody": "{}",
      "RequestHeaders": {
        "x-ms-client-request-id": [
          "0b2645e9-1a00-4d52-b66e-1793215f0349"
        ],
        "Accept-Language": [
          "en-US"
        ],
        "User-Agent": [
          "FxVersion/4.6.27617.04",
          "OSName/Windows",
          "OSVersion/Microsoft.Windows.10.0.17763.",
          "Microsoft.Azure.Management.EventHub.Fluent.EventHubManagementClient/1.0.0.60",
          "MacAddressHash/f3b384527333d8d63a2ed5254f4705d58ed71b76de6ce213fbb781f44e7a48c5"
        ],
        "Content-Type": [
          "application/json; charset=utf-8"
        ],
        "Content-Length": [
          "2"
        ]
      },
      "ResponseHeaders": {
        "Cache-Control": [
          "no-cache"
        ],
        "Pragma": [
          "no-cache"
        ],
        "x-ms-request-id": [
          "54e75b65-8127-47a4-b4cf-1bf09b3b6fe2_M5CH3_M5CH3"
        ],
        "Server-SB": [
          "Service-Bus-Resource-Provider/CH3"
        ],
        "Server": [
          "Service-Bus-Resource-Provider/CH3",
          "Microsoft-HTTPAPI/2.0"
        ],
        "x-ms-ratelimit-remaining-subscription-writes": [
          "1195"
        ],
        "x-ms-correlation-request-id": [
          "6a91f592-4b03-4a25-98a9-7a8d6516eb7b"
        ],
        "x-ms-routing-request-id": [
          "JAPANEAST:20190619T084424Z:6a91f592-4b03-4a25-98a9-7a8d6516eb7b"
        ],
        "Strict-Transport-Security": [
          "max-age=31536000; includeSubDomains"
        ],
        "X-Content-Type-Options": [
          "nosniff"
        ],
        "Date": [
          "Wed, 19 Jun 2019 08:44:24 GMT"
        ],
        "Content-Length": [
          "427"
        ],
        "Content-Type": [
          "application/json; charset=utf-8"
        ],
        "Expires": [
          "-1"
        ]
      },
      "ResponseBody": "{\r\n  \"id\": \"/subscriptions/1c638cf4-608f-4ee6-b680-c329e824c3a8/resourceGroups/rgns1643/providers/Microsoft.EventHub/namespaces/ns1114898/eventhubs/eh1851\",\r\n  \"name\": \"eh1851\",\r\n  \"type\": \"Microsoft.EventHub/Namespaces/EventHubs\",\r\n  \"location\": \"East US\",\r\n  \"properties\": {\r\n    \"messageRetentionInDays\": 7,\r\n    \"partitionCount\": 4,\r\n    \"status\": \"Active\",\r\n    \"createdAt\": \"2019-06-19T08:44:23.753Z\",\r\n    \"updatedAt\": \"2019-06-19T08:44:24.017Z\",\r\n    \"partitionIds\": [\r\n      \"0\",\r\n      \"1\",\r\n      \"2\",\r\n      \"3\"\r\n    ]\r\n  }\r\n}",
      "StatusCode": 200
    },
    {
      "RequestUri": "/subscriptions/1c638cf4-608f-4ee6-b680-c329e824c3a8/resourceGroups/rgns1643/providers/Microsoft.EventHub/namespaces/ns1114898/eventhubs/eh1851/consumergroups/grp1?api-version=2017-04-01",
      "EncodedRequestUri": "L3N1YnNjcmlwdGlvbnMvMWM2MzhjZjQtNjA4Zi00ZWU2LWI2ODAtYzMyOWU4MjRjM2E4L3Jlc291cmNlR3JvdXBzL3JnbnMxNjQzL3Byb3ZpZGVycy9NaWNyb3NvZnQuRXZlbnRIdWIvbmFtZXNwYWNlcy9uczExMTQ4OTgvZXZlbnRodWJzL2VoMTg1MS9jb25zdW1lcmdyb3Vwcy9ncnAxP2FwaS12ZXJzaW9uPTIwMTctMDQtMDE=",
      "RequestMethod": "PUT",
      "RequestBody": "{}",
      "RequestHeaders": {
        "x-ms-client-request-id": [
          "872bdc05-b155-4b47-b22a-15eb56644f00"
        ],
        "Accept-Language": [
          "en-US"
        ],
        "User-Agent": [
          "FxVersion/4.6.27617.04",
          "OSName/Windows",
          "OSVersion/Microsoft.Windows.10.0.17763.",
          "Microsoft.Azure.Management.EventHub.Fluent.EventHubManagementClient/1.0.0.60",
          "MacAddressHash/f3b384527333d8d63a2ed5254f4705d58ed71b76de6ce213fbb781f44e7a48c5"
        ],
        "Content-Type": [
          "application/json; charset=utf-8"
        ],
        "Content-Length": [
          "2"
        ]
      },
      "ResponseHeaders": {
        "Cache-Control": [
          "no-cache"
        ],
        "Pragma": [
          "no-cache"
        ],
        "x-ms-request-id": [
          "28ca16af-6a00-44c6-8991-991a6cc427fd_M5CH3_M5CH3"
        ],
        "Server-SB": [
          "Service-Bus-Resource-Provider/CH3"
        ],
        "Server": [
          "Service-Bus-Resource-Provider/CH3",
          "Microsoft-HTTPAPI/2.0"
        ],
        "x-ms-ratelimit-remaining-subscription-writes": [
          "1194"
        ],
        "x-ms-correlation-request-id": [
          "86350075-baa6-469d-9bec-e5006818117c"
        ],
        "x-ms-routing-request-id": [
          "JAPANEAST:20190619T084427Z:86350075-baa6-469d-9bec-e5006818117c"
        ],
        "Strict-Transport-Security": [
          "max-age=31536000; includeSubDomains"
        ],
        "X-Content-Type-Options": [
          "nosniff"
        ],
        "Date": [
          "Wed, 19 Jun 2019 08:44:26 GMT"
        ],
        "Content-Length": [
          "371"
        ],
        "Content-Type": [
          "application/json; charset=utf-8"
        ],
        "Expires": [
          "-1"
        ]
      },
      "ResponseBody": "{\r\n  \"id\": \"/subscriptions/1c638cf4-608f-4ee6-b680-c329e824c3a8/resourceGroups/rgns1643/providers/Microsoft.EventHub/namespaces/ns1114898/eventhubs/eh1851/consumergroups/grp1\",\r\n  \"name\": \"grp1\",\r\n  \"type\": \"Microsoft.EventHub/Namespaces/EventHubs/ConsumerGroups\",\r\n  \"location\": \"East US\",\r\n  \"properties\": {\r\n    \"createdAt\": \"2019-06-19T08:44:26.4561552Z\",\r\n    \"updatedAt\": \"2019-06-19T08:44:26.4561552Z\"\r\n  }\r\n}",
      "StatusCode": 200
    },
    {
      "RequestUri": "/subscriptions/1c638cf4-608f-4ee6-b680-c329e824c3a8/resourceGroups/rgns1643/providers/Microsoft.EventHub/namespaces/ns1114898/eventhubs/eh1851/consumergroups/grp2?api-version=2017-04-01",
      "EncodedRequestUri": "L3N1YnNjcmlwdGlvbnMvMWM2MzhjZjQtNjA4Zi00ZWU2LWI2ODAtYzMyOWU4MjRjM2E4L3Jlc291cmNlR3JvdXBzL3JnbnMxNjQzL3Byb3ZpZGVycy9NaWNyb3NvZnQuRXZlbnRIdWIvbmFtZXNwYWNlcy9uczExMTQ4OTgvZXZlbnRodWJzL2VoMTg1MS9jb25zdW1lcmdyb3Vwcy9ncnAyP2FwaS12ZXJzaW9uPTIwMTctMDQtMDE=",
      "RequestMethod": "PUT",
      "RequestBody": "{\r\n  \"properties\": {\r\n    \"userMetadata\": \"metadata111\"\r\n  }\r\n}",
      "RequestHeaders": {
        "x-ms-client-request-id": [
          "1b32708e-c593-460e-bf74-b117bafd2293"
        ],
        "Accept-Language": [
          "en-US"
        ],
        "User-Agent": [
          "FxVersion/4.6.27617.04",
          "OSName/Windows",
          "OSVersion/Microsoft.Windows.10.0.17763.",
          "Microsoft.Azure.Management.EventHub.Fluent.EventHubManagementClient/1.0.0.60",
          "MacAddressHash/f3b384527333d8d63a2ed5254f4705d58ed71b76de6ce213fbb781f44e7a48c5"
        ],
        "Content-Type": [
          "application/json; charset=utf-8"
        ],
        "Content-Length": [
          "63"
        ]
      },
      "ResponseHeaders": {
        "Cache-Control": [
          "no-cache"
        ],
        "Pragma": [
          "no-cache"
        ],
        "x-ms-request-id": [
          "785fb15b-6ce9-44e8-aa63-7e14b8ff8689_M8CH3_M8CH3"
        ],
        "Server-SB": [
          "Service-Bus-Resource-Provider/CH3"
        ],
        "Server": [
          "Service-Bus-Resource-Provider/CH3",
          "Microsoft-HTTPAPI/2.0"
        ],
        "x-ms-ratelimit-remaining-subscription-writes": [
          "1198"
        ],
        "x-ms-correlation-request-id": [
          "6ead4ce9-eac4-4711-930d-0ee1a04ffe02"
        ],
        "x-ms-routing-request-id": [
          "JAPANEAST:20190619T084428Z:6ead4ce9-eac4-4711-930d-0ee1a04ffe02"
        ],
        "Strict-Transport-Security": [
          "max-age=31536000; includeSubDomains"
        ],
        "X-Content-Type-Options": [
          "nosniff"
        ],
        "Date": [
          "Wed, 19 Jun 2019 08:44:28 GMT"
        ],
        "Content-Length": [
          "400"
        ],
        "Content-Type": [
          "application/json; charset=utf-8"
        ],
        "Expires": [
          "-1"
        ]
      },
      "ResponseBody": "{\r\n  \"id\": \"/subscriptions/1c638cf4-608f-4ee6-b680-c329e824c3a8/resourceGroups/rgns1643/providers/Microsoft.EventHub/namespaces/ns1114898/eventhubs/eh1851/consumergroups/grp2\",\r\n  \"name\": \"grp2\",\r\n  \"type\": \"Microsoft.EventHub/Namespaces/EventHubs/ConsumerGroups\",\r\n  \"location\": \"East US\",\r\n  \"properties\": {\r\n    \"createdAt\": \"2019-06-19T08:44:27.9876514Z\",\r\n    \"updatedAt\": \"2019-06-19T08:44:27.9876514Z\",\r\n    \"userMetadata\": \"metadata111\"\r\n  }\r\n}",
      "StatusCode": 200
    },
    {
      "RequestUri": "/subscriptions/1c638cf4-608f-4ee6-b680-c329e824c3a8/resourceGroups/rgns1643/providers/Microsoft.EventHub/namespaces/ns1114898/eventhubs/eh1851/consumergroups?api-version=2017-04-01",
      "EncodedRequestUri": "L3N1YnNjcmlwdGlvbnMvMWM2MzhjZjQtNjA4Zi00ZWU2LWI2ODAtYzMyOWU4MjRjM2E4L3Jlc291cmNlR3JvdXBzL3JnbnMxNjQzL3Byb3ZpZGVycy9NaWNyb3NvZnQuRXZlbnRIdWIvbmFtZXNwYWNlcy9uczExMTQ4OTgvZXZlbnRodWJzL2VoMTg1MS9jb25zdW1lcmdyb3Vwcz9hcGktdmVyc2lvbj0yMDE3LTA0LTAx",
      "RequestMethod": "GET",
      "RequestBody": "",
      "RequestHeaders": {
        "x-ms-client-request-id": [
          "61c17827-6248-4e1d-ab8f-d9f361b1847c"
        ],
        "Accept-Language": [
          "en-US"
        ],
        "User-Agent": [
          "FxVersion/4.6.27617.04",
          "OSName/Windows",
          "OSVersion/Microsoft.Windows.10.0.17763.",
          "Microsoft.Azure.Management.EventHub.Fluent.EventHubManagementClient/1.0.0.60",
          "MacAddressHash/f3b384527333d8d63a2ed5254f4705d58ed71b76de6ce213fbb781f44e7a48c5"
        ]
      },
      "ResponseHeaders": {
        "Cache-Control": [
          "no-cache"
        ],
        "Pragma": [
          "no-cache"
        ],
        "x-ms-inline-count": [
          ""
        ],
        "x-ms-request-id": [
          "440cce3b-d4a5-4809-bb9a-ca6101788b88_M6CH3_M6CH3"
        ],
        "Server-SB": [
          "Service-Bus-Resource-Provider/CH3"
        ],
        "Server": [
          "Service-Bus-Resource-Provider/CH3",
          "Microsoft-HTTPAPI/2.0"
        ],
        "x-ms-ratelimit-remaining-subscription-reads": [
          "11999"
        ],
        "x-ms-correlation-request-id": [
          "d26ccac1-3976-412b-a80b-d3ffbc2f4a7d"
        ],
        "x-ms-routing-request-id": [
          "JAPANEAST:20190619T084429Z:d26ccac1-3976-412b-a80b-d3ffbc2f4a7d"
        ],
        "Strict-Transport-Security": [
          "max-age=31536000; includeSubDomains"
        ],
        "X-Content-Type-Options": [
          "nosniff"
        ],
        "Date": [
          "Wed, 19 Jun 2019 08:44:28 GMT"
        ],
        "Content-Length": [
          "1158"
        ],
        "Content-Type": [
          "application/json; charset=utf-8"
        ],
        "Expires": [
          "-1"
        ]
      },
      "ResponseBody": "{\r\n  \"value\": [\r\n    {\r\n      \"id\": \"/subscriptions/1c638cf4-608f-4ee6-b680-c329e824c3a8/resourceGroups/rgns1643/providers/Microsoft.EventHub/namespaces/ns1114898/eventhubs/eh1851/consumergroups/$Default\",\r\n      \"name\": \"$Default\",\r\n      \"type\": \"Microsoft.EventHub/Namespaces/EventHubs/ConsumerGroups\",\r\n      \"location\": \"East US\",\r\n      \"properties\": {\r\n        \"createdAt\": \"2019-06-19T08:44:23.8351311\",\r\n        \"updatedAt\": \"2019-06-19T08:44:23.8351311\"\r\n      }\r\n    },\r\n    {\r\n      \"id\": \"/subscriptions/1c638cf4-608f-4ee6-b680-c329e824c3a8/resourceGroups/rgns1643/providers/Microsoft.EventHub/namespaces/ns1114898/eventhubs/eh1851/consumergroups/grp1\",\r\n      \"name\": \"grp1\",\r\n      \"type\": \"Microsoft.EventHub/Namespaces/EventHubs/ConsumerGroups\",\r\n      \"location\": \"East US\",\r\n      \"properties\": {\r\n        \"createdAt\": \"2019-06-19T08:44:26.4602783\",\r\n        \"updatedAt\": \"2019-06-19T08:44:26.4602783\"\r\n      }\r\n    },\r\n    {\r\n      \"id\": \"/subscriptions/1c638cf4-608f-4ee6-b680-c329e824c3a8/resourceGroups/rgns1643/providers/Microsoft.EventHub/namespaces/ns1114898/eventhubs/eh1851/consumergroups/grp2\",\r\n      \"name\": \"grp2\",\r\n      \"type\": \"Microsoft.EventHub/Namespaces/EventHubs/ConsumerGroups\",\r\n      \"location\": \"East US\",\r\n      \"properties\": {\r\n        \"createdAt\": \"2019-06-19T08:44:27.9916045\",\r\n        \"updatedAt\": \"2019-06-19T08:44:27.9916045\",\r\n        \"userMetadata\": \"metadata111\"\r\n      }\r\n    }\r\n  ]\r\n}",
      "StatusCode": 200
    },
    {
      "RequestUri": "/subscriptions/1c638cf4-608f-4ee6-b680-c329e824c3a8/resourceGroups/rgns1643/providers/Microsoft.EventHub/namespaces/ns1114898/eventhubs/eh1851/consumergroups?api-version=2017-04-01",
      "EncodedRequestUri": "L3N1YnNjcmlwdGlvbnMvMWM2MzhjZjQtNjA4Zi00ZWU2LWI2ODAtYzMyOWU4MjRjM2E4L3Jlc291cmNlR3JvdXBzL3JnbnMxNjQzL3Byb3ZpZGVycy9NaWNyb3NvZnQuRXZlbnRIdWIvbmFtZXNwYWNlcy9uczExMTQ4OTgvZXZlbnRodWJzL2VoMTg1MS9jb25zdW1lcmdyb3Vwcz9hcGktdmVyc2lvbj0yMDE3LTA0LTAx",
      "RequestMethod": "GET",
      "RequestBody": "",
      "RequestHeaders": {
        "x-ms-client-request-id": [
          "5a790df7-3c04-45eb-90ba-a8f73f67c72d"
        ],
        "Accept-Language": [
          "en-US"
        ],
        "User-Agent": [
          "FxVersion/4.6.27617.04",
          "OSName/Windows",
          "OSVersion/Microsoft.Windows.10.0.17763.",
          "Microsoft.Azure.Management.EventHub.Fluent.EventHubManagementClient/1.0.0.60",
          "MacAddressHash/f3b384527333d8d63a2ed5254f4705d58ed71b76de6ce213fbb781f44e7a48c5"
        ]
      },
      "ResponseHeaders": {
        "Cache-Control": [
          "no-cache"
        ],
        "Pragma": [
          "no-cache"
        ],
        "x-ms-inline-count": [
          ""
        ],
        "x-ms-request-id": [
          "0cf2784e-62c5-4aa2-81e3-573e6bc6b926_M6CH3_M6CH3"
        ],
        "Server-SB": [
          "Service-Bus-Resource-Provider/CH3"
        ],
        "Server": [
          "Service-Bus-Resource-Provider/CH3",
          "Microsoft-HTTPAPI/2.0"
        ],
        "x-ms-ratelimit-remaining-subscription-reads": [
          "11998"
        ],
        "x-ms-correlation-request-id": [
          "d6d8c726-47e1-4753-933a-20bd0baf0f56"
        ],
        "x-ms-routing-request-id": [
          "JAPANEAST:20190619T084429Z:d6d8c726-47e1-4753-933a-20bd0baf0f56"
        ],
        "Strict-Transport-Security": [
          "max-age=31536000; includeSubDomains"
        ],
        "X-Content-Type-Options": [
          "nosniff"
        ],
        "Date": [
          "Wed, 19 Jun 2019 08:44:29 GMT"
        ],
        "Content-Length": [
          "1158"
        ],
        "Content-Type": [
          "application/json; charset=utf-8"
        ],
        "Expires": [
          "-1"
        ]
      },
      "ResponseBody": "{\r\n  \"value\": [\r\n    {\r\n      \"id\": \"/subscriptions/1c638cf4-608f-4ee6-b680-c329e824c3a8/resourceGroups/rgns1643/providers/Microsoft.EventHub/namespaces/ns1114898/eventhubs/eh1851/consumergroups/$Default\",\r\n      \"name\": \"$Default\",\r\n      \"type\": \"Microsoft.EventHub/Namespaces/EventHubs/ConsumerGroups\",\r\n      \"location\": \"East US\",\r\n      \"properties\": {\r\n        \"createdAt\": \"2019-06-19T08:44:23.8264319\",\r\n        \"updatedAt\": \"2019-06-19T08:44:23.8264319\"\r\n      }\r\n    },\r\n    {\r\n      \"id\": \"/subscriptions/1c638cf4-608f-4ee6-b680-c329e824c3a8/resourceGroups/rgns1643/providers/Microsoft.EventHub/namespaces/ns1114898/eventhubs/eh1851/consumergroups/grp1\",\r\n      \"name\": \"grp1\",\r\n      \"type\": \"Microsoft.EventHub/Namespaces/EventHubs/ConsumerGroups\",\r\n      \"location\": \"East US\",\r\n      \"properties\": {\r\n        \"createdAt\": \"2019-06-19T08:44:26.4517138\",\r\n        \"updatedAt\": \"2019-06-19T08:44:26.4517138\"\r\n      }\r\n    },\r\n    {\r\n      \"id\": \"/subscriptions/1c638cf4-608f-4ee6-b680-c329e824c3a8/resourceGroups/rgns1643/providers/Microsoft.EventHub/namespaces/ns1114898/eventhubs/eh1851/consumergroups/grp2\",\r\n      \"name\": \"grp2\",\r\n      \"type\": \"Microsoft.EventHub/Namespaces/EventHubs/ConsumerGroups\",\r\n      \"location\": \"East US\",\r\n      \"properties\": {\r\n        \"createdAt\": \"2019-06-19T08:44:27.9990013\",\r\n        \"updatedAt\": \"2019-06-19T08:44:27.9990013\",\r\n        \"userMetadata\": \"metadata111\"\r\n      }\r\n    }\r\n  ]\r\n}",
      "StatusCode": 200
    },
    {
      "RequestUri": "/subscriptions/1c638cf4-608f-4ee6-b680-c329e824c3a8/resourceGroups/rgns1643/providers/Microsoft.EventHub/namespaces/ns1114898/eventhubs/eh1851/consumergroups?api-version=2017-04-01",
      "EncodedRequestUri": "L3N1YnNjcmlwdGlvbnMvMWM2MzhjZjQtNjA4Zi00ZWU2LWI2ODAtYzMyOWU4MjRjM2E4L3Jlc291cmNlR3JvdXBzL3JnbnMxNjQzL3Byb3ZpZGVycy9NaWNyb3NvZnQuRXZlbnRIdWIvbmFtZXNwYWNlcy9uczExMTQ4OTgvZXZlbnRodWJzL2VoMTg1MS9jb25zdW1lcmdyb3Vwcz9hcGktdmVyc2lvbj0yMDE3LTA0LTAx",
      "RequestMethod": "GET",
      "RequestBody": "",
      "RequestHeaders": {
        "x-ms-client-request-id": [
          "9a4c300e-52e3-4ce8-a6f1-506b42c9defe"
        ],
        "Accept-Language": [
          "en-US"
        ],
        "User-Agent": [
          "FxVersion/4.6.27617.04",
          "OSName/Windows",
          "OSVersion/Microsoft.Windows.10.0.17763.",
          "Microsoft.Azure.Management.EventHub.Fluent.EventHubManagementClient/1.0.0.60",
          "MacAddressHash/f3b384527333d8d63a2ed5254f4705d58ed71b76de6ce213fbb781f44e7a48c5"
        ]
      },
      "ResponseHeaders": {
        "Cache-Control": [
          "no-cache"
        ],
        "Pragma": [
          "no-cache"
        ],
        "x-ms-inline-count": [
          ""
        ],
        "x-ms-request-id": [
          "188df33b-4086-4053-9261-45186020b983_M6CH3_M6CH3"
        ],
        "Server-SB": [
          "Service-Bus-Resource-Provider/CH3"
        ],
        "Server": [
          "Service-Bus-Resource-Provider/CH3",
          "Microsoft-HTTPAPI/2.0"
        ],
        "x-ms-ratelimit-remaining-subscription-reads": [
          "11997"
        ],
        "x-ms-correlation-request-id": [
          "6f28096f-10a1-4367-b66e-cab10811d4e0"
        ],
        "x-ms-routing-request-id": [
          "JAPANEAST:20190619T084432Z:6f28096f-10a1-4367-b66e-cab10811d4e0"
        ],
        "Strict-Transport-Security": [
          "max-age=31536000; includeSubDomains"
        ],
        "X-Content-Type-Options": [
          "nosniff"
        ],
        "Date": [
          "Wed, 19 Jun 2019 08:44:31 GMT"
        ],
        "Content-Length": [
          "1557"
        ],
        "Content-Type": [
          "application/json; charset=utf-8"
        ],
        "Expires": [
          "-1"
        ]
      },
      "ResponseBody": "{\r\n  \"value\": [\r\n    {\r\n      \"id\": \"/subscriptions/1c638cf4-608f-4ee6-b680-c329e824c3a8/resourceGroups/rgns1643/providers/Microsoft.EventHub/namespaces/ns1114898/eventhubs/eh1851/consumergroups/$Default\",\r\n      \"name\": \"$Default\",\r\n      \"type\": \"Microsoft.EventHub/Namespaces/EventHubs/ConsumerGroups\",\r\n      \"location\": \"East US\",\r\n      \"properties\": {\r\n        \"createdAt\": \"2019-06-19T08:44:23.8351311\",\r\n        \"updatedAt\": \"2019-06-19T08:44:23.8351311\"\r\n      }\r\n    },\r\n    {\r\n      \"id\": \"/subscriptions/1c638cf4-608f-4ee6-b680-c329e824c3a8/resourceGroups/rgns1643/providers/Microsoft.EventHub/namespaces/ns1114898/eventhubs/eh1851/consumergroups/grp1\",\r\n      \"name\": \"grp1\",\r\n      \"type\": \"Microsoft.EventHub/Namespaces/EventHubs/ConsumerGroups\",\r\n      \"location\": \"East US\",\r\n      \"properties\": {\r\n        \"createdAt\": \"2019-06-19T08:44:26.4602783\",\r\n        \"updatedAt\": \"2019-06-19T08:44:26.4602783\"\r\n      }\r\n    },\r\n    {\r\n      \"id\": \"/subscriptions/1c638cf4-608f-4ee6-b680-c329e824c3a8/resourceGroups/rgns1643/providers/Microsoft.EventHub/namespaces/ns1114898/eventhubs/eh1851/consumergroups/grp2\",\r\n      \"name\": \"grp2\",\r\n      \"type\": \"Microsoft.EventHub/Namespaces/EventHubs/ConsumerGroups\",\r\n      \"location\": \"East US\",\r\n      \"properties\": {\r\n        \"createdAt\": \"2019-06-19T08:44:27.9916045\",\r\n        \"updatedAt\": \"2019-06-19T08:44:27.9916045\",\r\n        \"userMetadata\": \"metadata111\"\r\n      }\r\n    },\r\n    {\r\n      \"id\": \"/subscriptions/1c638cf4-608f-4ee6-b680-c329e824c3a8/resourceGroups/rgns1643/providers/Microsoft.EventHub/namespaces/ns1114898/eventhubs/eh1851/consumergroups/grp3\",\r\n      \"name\": \"grp3\",\r\n      \"type\": \"Microsoft.EventHub/Namespaces/EventHubs/ConsumerGroups\",\r\n      \"location\": \"East US\",\r\n      \"properties\": {\r\n        \"createdAt\": \"2019-06-19T08:44:31.4802489\",\r\n        \"updatedAt\": \"2019-06-19T08:44:31.4802489\",\r\n        \"userMetadata\": \"metadata222\"\r\n      }\r\n    }\r\n  ]\r\n}",
      "StatusCode": 200
    },
    {
      "RequestUri": "/subscriptions/1c638cf4-608f-4ee6-b680-c329e824c3a8/resourceGroups/rgns1643/providers/Microsoft.EventHub/namespaces/ns1114898/eventhubs/eh1851/consumergroups/grp3?api-version=2017-04-01",
      "EncodedRequestUri": "L3N1YnNjcmlwdGlvbnMvMWM2MzhjZjQtNjA4Zi00ZWU2LWI2ODAtYzMyOWU4MjRjM2E4L3Jlc291cmNlR3JvdXBzL3JnbnMxNjQzL3Byb3ZpZGVycy9NaWNyb3NvZnQuRXZlbnRIdWIvbmFtZXNwYWNlcy9uczExMTQ4OTgvZXZlbnRodWJzL2VoMTg1MS9jb25zdW1lcmdyb3Vwcy9ncnAzP2FwaS12ZXJzaW9uPTIwMTctMDQtMDE=",
      "RequestMethod": "PUT",
      "RequestBody": "{\r\n  \"properties\": {\r\n    \"userMetadata\": \"metadata222\"\r\n  }\r\n}",
      "RequestHeaders": {
        "x-ms-client-request-id": [
          "06a15972-67ef-498e-9122-3510c3b09fde"
        ],
        "Accept-Language": [
          "en-US"
        ],
        "User-Agent": [
          "FxVersion/4.6.27617.04",
          "OSName/Windows",
          "OSVersion/Microsoft.Windows.10.0.17763.",
          "Microsoft.Azure.Management.EventHub.Fluent.EventHubManagementClient/1.0.0.60",
          "MacAddressHash/f3b384527333d8d63a2ed5254f4705d58ed71b76de6ce213fbb781f44e7a48c5"
        ],
        "Content-Type": [
          "application/json; charset=utf-8"
        ],
        "Content-Length": [
          "63"
        ]
      },
      "ResponseHeaders": {
        "Cache-Control": [
          "no-cache"
        ],
        "Pragma": [
          "no-cache"
        ],
        "x-ms-request-id": [
          "76f3a618-0531-4d7c-845d-4cefba63df65_M6CH3_M6CH3"
        ],
        "Server-SB": [
          "Service-Bus-Resource-Provider/CH3"
        ],
        "Server": [
          "Service-Bus-Resource-Provider/CH3",
          "Microsoft-HTTPAPI/2.0"
        ],
        "x-ms-ratelimit-remaining-subscription-writes": [
          "1197"
        ],
        "x-ms-correlation-request-id": [
          "4ef82ba0-2e71-49ba-83a5-1abd4e7fec0e"
        ],
        "x-ms-routing-request-id": [
          "JAPANEAST:20190619T084431Z:4ef82ba0-2e71-49ba-83a5-1abd4e7fec0e"
        ],
        "Strict-Transport-Security": [
          "max-age=31536000; includeSubDomains"
        ],
        "X-Content-Type-Options": [
          "nosniff"
        ],
        "Date": [
          "Wed, 19 Jun 2019 08:44:31 GMT"
        ],
        "Content-Length": [
          "400"
        ],
        "Content-Type": [
          "application/json; charset=utf-8"
        ],
        "Expires": [
          "-1"
        ]
      },
      "ResponseBody": "{\r\n  \"id\": \"/subscriptions/1c638cf4-608f-4ee6-b680-c329e824c3a8/resourceGroups/rgns1643/providers/Microsoft.EventHub/namespaces/ns1114898/eventhubs/eh1851/consumergroups/grp3\",\r\n  \"name\": \"grp3\",\r\n  \"type\": \"Microsoft.EventHub/Namespaces/EventHubs/ConsumerGroups\",\r\n  \"location\": \"East US\",\r\n  \"properties\": {\r\n    \"createdAt\": \"2019-06-19T08:44:31.4779279Z\",\r\n    \"updatedAt\": \"2019-06-19T08:44:31.4779279Z\",\r\n    \"userMetadata\": \"metadata222\"\r\n  }\r\n}",
      "StatusCode": 200
    },
    {
      "RequestUri": "/subscriptions/1c638cf4-608f-4ee6-b680-c329e824c3a8/resourcegroups/rgns1643?api-version=2017-05-10",
      "EncodedRequestUri": "L3N1YnNjcmlwdGlvbnMvMWM2MzhjZjQtNjA4Zi00ZWU2LWI2ODAtYzMyOWU4MjRjM2E4L3Jlc291cmNlZ3JvdXBzL3JnbnMxNjQzP2FwaS12ZXJzaW9uPTIwMTctMDUtMTA=",
      "RequestMethod": "DELETE",
      "RequestBody": "",
      "RequestHeaders": {
        "x-ms-client-request-id": [
          "f4ec2f29-3d8f-4f51-bcec-f3e85a0bc7db"
        ],
        "Accept-Language": [
          "en-US"
        ],
        "User-Agent": [
          "FxVersion/4.6.27617.04",
          "OSName/Windows",
          "OSVersion/Microsoft.Windows.10.0.17763.",
          "Microsoft.Azure.Management.ResourceManager.Fluent.ResourceManagementClient/1.0.0.60",
          "MacAddressHash/f3b384527333d8d63a2ed5254f4705d58ed71b76de6ce213fbb781f44e7a48c5"
        ]
      },
      "ResponseHeaders": {
        "Cache-Control": [
          "no-cache"
        ],
        "Pragma": [
          "no-cache"
        ],
        "Location": [
          "https://management.azure.com/subscriptions/1c638cf4-608f-4ee6-b680-c329e824c3a8/operationresults/eyJqb2JJZCI6IlJFU09VUkNFR1JPVVBERUxFVElPTkpPQi1SR05TMTY0My1FQVNUVVMiLCJqb2JMb2NhdGlvbiI6ImVhc3R1cyJ9?api-version=2017-05-10"
        ],
        "Retry-After": [
          "15"
        ],
        "x-ms-ratelimit-remaining-subscription-deletes": [
          "14999"
        ],
        "x-ms-request-id": [
          "d45918d3-c7bd-4d5d-98d6-af692243c03c"
        ],
        "x-ms-correlation-request-id": [
          "d45918d3-c7bd-4d5d-98d6-af692243c03c"
        ],
        "x-ms-routing-request-id": [
          "JAPANEAST:20190619T084436Z:d45918d3-c7bd-4d5d-98d6-af692243c03c"
        ],
        "Strict-Transport-Security": [
          "max-age=31536000; includeSubDomains"
        ],
        "X-Content-Type-Options": [
          "nosniff"
        ],
        "Date": [
          "Wed, 19 Jun 2019 08:44:35 GMT"
        ],
        "Expires": [
          "-1"
        ],
        "Content-Length": [
          "0"
        ]
      },
      "ResponseBody": "",
      "StatusCode": 202
    },
    {
      "RequestUri": "/subscriptions/1c638cf4-608f-4ee6-b680-c329e824c3a8/operationresults/eyJqb2JJZCI6IlJFU09VUkNFR1JPVVBERUxFVElPTkpPQi1SR05TMTY0My1FQVNUVVMiLCJqb2JMb2NhdGlvbiI6ImVhc3R1cyJ9?api-version=2017-05-10",
      "EncodedRequestUri": "L3N1YnNjcmlwdGlvbnMvMWM2MzhjZjQtNjA4Zi00ZWU2LWI2ODAtYzMyOWU4MjRjM2E4L29wZXJhdGlvbnJlc3VsdHMvZXlKcWIySkpaQ0k2SWxKRlUwOVZVa05GUjFKUFZWQkVSVXhGVkVsUFRrcFBRaTFTUjA1VE1UWTBNeTFGUVZOVVZWTWlMQ0pxYjJKTWIyTmhkR2x2YmlJNkltVmhjM1IxY3lKOT9hcGktdmVyc2lvbj0yMDE3LTA1LTEw",
      "RequestMethod": "GET",
      "RequestBody": "",
      "RequestHeaders": {
        "User-Agent": [
          "FxVersion/4.6.27617.04",
          "OSName/Windows",
          "OSVersion/Microsoft.Windows.10.0.17763.",
          "Microsoft.Azure.Management.ResourceManager.Fluent.ResourceManagementClient/1.0.0.60",
          "MacAddressHash/f3b384527333d8d63a2ed5254f4705d58ed71b76de6ce213fbb781f44e7a48c5"
        ]
      },
      "ResponseHeaders": {
        "Cache-Control": [
          "no-cache"
        ],
        "Pragma": [
          "no-cache"
        ],
        "Location": [
          "https://management.azure.com/subscriptions/1c638cf4-608f-4ee6-b680-c329e824c3a8/operationresults/eyJqb2JJZCI6IlJFU09VUkNFR1JPVVBERUxFVElPTkpPQi1SR05TMTY0My1FQVNUVVMiLCJqb2JMb2NhdGlvbiI6ImVhc3R1cyJ9?api-version=2017-05-10"
        ],
        "Retry-After": [
          "15"
        ],
        "x-ms-ratelimit-remaining-subscription-reads": [
          "11996"
        ],
        "x-ms-request-id": [
          "faae5751-6b1c-4087-bfe7-e7d3150dca88"
        ],
        "x-ms-correlation-request-id": [
          "faae5751-6b1c-4087-bfe7-e7d3150dca88"
        ],
        "x-ms-routing-request-id": [
          "JAPANEAST:20190619T084451Z:faae5751-6b1c-4087-bfe7-e7d3150dca88"
        ],
        "Strict-Transport-Security": [
          "max-age=31536000; includeSubDomains"
        ],
        "X-Content-Type-Options": [
          "nosniff"
        ],
        "Date": [
          "Wed, 19 Jun 2019 08:44:51 GMT"
        ],
        "Expires": [
          "-1"
        ],
        "Content-Length": [
          "0"
        ]
      },
      "ResponseBody": "",
      "StatusCode": 202
    },
    {
      "RequestUri": "/subscriptions/1c638cf4-608f-4ee6-b680-c329e824c3a8/operationresults/eyJqb2JJZCI6IlJFU09VUkNFR1JPVVBERUxFVElPTkpPQi1SR05TMTY0My1FQVNUVVMiLCJqb2JMb2NhdGlvbiI6ImVhc3R1cyJ9?api-version=2017-05-10",
      "EncodedRequestUri": "L3N1YnNjcmlwdGlvbnMvMWM2MzhjZjQtNjA4Zi00ZWU2LWI2ODAtYzMyOWU4MjRjM2E4L29wZXJhdGlvbnJlc3VsdHMvZXlKcWIySkpaQ0k2SWxKRlUwOVZVa05GUjFKUFZWQkVSVXhGVkVsUFRrcFBRaTFTUjA1VE1UWTBNeTFGUVZOVVZWTWlMQ0pxYjJKTWIyTmhkR2x2YmlJNkltVmhjM1IxY3lKOT9hcGktdmVyc2lvbj0yMDE3LTA1LTEw",
      "RequestMethod": "GET",
      "RequestBody": "",
      "RequestHeaders": {
        "User-Agent": [
          "FxVersion/4.6.27617.04",
          "OSName/Windows",
          "OSVersion/Microsoft.Windows.10.0.17763.",
          "Microsoft.Azure.Management.ResourceManager.Fluent.ResourceManagementClient/1.0.0.60",
          "MacAddressHash/f3b384527333d8d63a2ed5254f4705d58ed71b76de6ce213fbb781f44e7a48c5"
        ]
      },
      "ResponseHeaders": {
        "Cache-Control": [
          "no-cache"
        ],
        "Pragma": [
          "no-cache"
        ],
        "Location": [
          "https://management.azure.com/subscriptions/1c638cf4-608f-4ee6-b680-c329e824c3a8/operationresults/eyJqb2JJZCI6IlJFU09VUkNFR1JPVVBERUxFVElPTkpPQi1SR05TMTY0My1FQVNUVVMiLCJqb2JMb2NhdGlvbiI6ImVhc3R1cyJ9?api-version=2017-05-10"
        ],
        "Retry-After": [
          "15"
        ],
        "x-ms-ratelimit-remaining-subscription-reads": [
          "11995"
        ],
        "x-ms-request-id": [
          "a71628b8-2d2d-4779-9951-f1dd0937cc9e"
        ],
        "x-ms-correlation-request-id": [
          "a71628b8-2d2d-4779-9951-f1dd0937cc9e"
        ],
        "x-ms-routing-request-id": [
          "JAPANEAST:20190619T084507Z:a71628b8-2d2d-4779-9951-f1dd0937cc9e"
        ],
        "Strict-Transport-Security": [
          "max-age=31536000; includeSubDomains"
        ],
        "X-Content-Type-Options": [
          "nosniff"
        ],
        "Date": [
          "Wed, 19 Jun 2019 08:45:06 GMT"
        ],
        "Expires": [
          "-1"
        ],
        "Content-Length": [
          "0"
        ]
      },
      "ResponseBody": "",
      "StatusCode": 202
    },
    {
      "RequestUri": "/subscriptions/1c638cf4-608f-4ee6-b680-c329e824c3a8/operationresults/eyJqb2JJZCI6IlJFU09VUkNFR1JPVVBERUxFVElPTkpPQi1SR05TMTY0My1FQVNUVVMiLCJqb2JMb2NhdGlvbiI6ImVhc3R1cyJ9?api-version=2017-05-10",
      "EncodedRequestUri": "L3N1YnNjcmlwdGlvbnMvMWM2MzhjZjQtNjA4Zi00ZWU2LWI2ODAtYzMyOWU4MjRjM2E4L29wZXJhdGlvbnJlc3VsdHMvZXlKcWIySkpaQ0k2SWxKRlUwOVZVa05GUjFKUFZWQkVSVXhGVkVsUFRrcFBRaTFTUjA1VE1UWTBNeTFGUVZOVVZWTWlMQ0pxYjJKTWIyTmhkR2x2YmlJNkltVmhjM1IxY3lKOT9hcGktdmVyc2lvbj0yMDE3LTA1LTEw",
      "RequestMethod": "GET",
      "RequestBody": "",
      "RequestHeaders": {
        "User-Agent": [
          "FxVersion/4.6.27617.04",
          "OSName/Windows",
          "OSVersion/Microsoft.Windows.10.0.17763.",
          "Microsoft.Azure.Management.ResourceManager.Fluent.ResourceManagementClient/1.0.0.60",
          "MacAddressHash/f3b384527333d8d63a2ed5254f4705d58ed71b76de6ce213fbb781f44e7a48c5"
        ]
      },
      "ResponseHeaders": {
        "Cache-Control": [
          "no-cache"
        ],
        "Pragma": [
          "no-cache"
        ],
        "Location": [
          "https://management.azure.com/subscriptions/1c638cf4-608f-4ee6-b680-c329e824c3a8/operationresults/eyJqb2JJZCI6IlJFU09VUkNFR1JPVVBERUxFVElPTkpPQi1SR05TMTY0My1FQVNUVVMiLCJqb2JMb2NhdGlvbiI6ImVhc3R1cyJ9?api-version=2017-05-10"
        ],
        "Retry-After": [
          "15"
        ],
        "x-ms-ratelimit-remaining-subscription-reads": [
          "11994"
        ],
        "x-ms-request-id": [
          "a38bd476-bbe4-4932-b9f4-afc5edccc0fd"
        ],
        "x-ms-correlation-request-id": [
          "a38bd476-bbe4-4932-b9f4-afc5edccc0fd"
        ],
        "x-ms-routing-request-id": [
          "JAPANEAST:20190619T084522Z:a38bd476-bbe4-4932-b9f4-afc5edccc0fd"
        ],
        "Strict-Transport-Security": [
          "max-age=31536000; includeSubDomains"
        ],
        "X-Content-Type-Options": [
          "nosniff"
        ],
        "Date": [
          "Wed, 19 Jun 2019 08:45:22 GMT"
        ],
        "Expires": [
          "-1"
        ],
        "Content-Length": [
          "0"
        ]
      },
      "ResponseBody": "",
      "StatusCode": 202
    },
    {
      "RequestUri": "/subscriptions/1c638cf4-608f-4ee6-b680-c329e824c3a8/operationresults/eyJqb2JJZCI6IlJFU09VUkNFR1JPVVBERUxFVElPTkpPQi1SR05TMTY0My1FQVNUVVMiLCJqb2JMb2NhdGlvbiI6ImVhc3R1cyJ9?api-version=2017-05-10",
      "EncodedRequestUri": "L3N1YnNjcmlwdGlvbnMvMWM2MzhjZjQtNjA4Zi00ZWU2LWI2ODAtYzMyOWU4MjRjM2E4L29wZXJhdGlvbnJlc3VsdHMvZXlKcWIySkpaQ0k2SWxKRlUwOVZVa05GUjFKUFZWQkVSVXhGVkVsUFRrcFBRaTFTUjA1VE1UWTBNeTFGUVZOVVZWTWlMQ0pxYjJKTWIyTmhkR2x2YmlJNkltVmhjM1IxY3lKOT9hcGktdmVyc2lvbj0yMDE3LTA1LTEw",
      "RequestMethod": "GET",
      "RequestBody": "",
      "RequestHeaders": {
        "User-Agent": [
          "FxVersion/4.6.27617.04",
          "OSName/Windows",
          "OSVersion/Microsoft.Windows.10.0.17763.",
          "Microsoft.Azure.Management.ResourceManager.Fluent.ResourceManagementClient/1.0.0.60",
          "MacAddressHash/f3b384527333d8d63a2ed5254f4705d58ed71b76de6ce213fbb781f44e7a48c5"
        ]
      },
      "ResponseHeaders": {
        "Cache-Control": [
          "no-cache"
        ],
        "Pragma": [
          "no-cache"
        ],
        "Location": [
          "https://management.azure.com/subscriptions/1c638cf4-608f-4ee6-b680-c329e824c3a8/operationresults/eyJqb2JJZCI6IlJFU09VUkNFR1JPVVBERUxFVElPTkpPQi1SR05TMTY0My1FQVNUVVMiLCJqb2JMb2NhdGlvbiI6ImVhc3R1cyJ9?api-version=2017-05-10"
        ],
        "Retry-After": [
          "15"
        ],
        "x-ms-ratelimit-remaining-subscription-reads": [
          "11993"
        ],
        "x-ms-request-id": [
          "0a333e09-b35c-41b6-8616-071402289d47"
        ],
        "x-ms-correlation-request-id": [
          "0a333e09-b35c-41b6-8616-071402289d47"
        ],
        "x-ms-routing-request-id": [
          "JAPANEAST:20190619T084538Z:0a333e09-b35c-41b6-8616-071402289d47"
        ],
        "Strict-Transport-Security": [
          "max-age=31536000; includeSubDomains"
        ],
        "X-Content-Type-Options": [
          "nosniff"
        ],
        "Date": [
          "Wed, 19 Jun 2019 08:45:37 GMT"
        ],
        "Expires": [
          "-1"
        ],
        "Content-Length": [
          "0"
        ]
      },
      "ResponseBody": "",
      "StatusCode": 202
    },
    {
      "RequestUri": "/subscriptions/1c638cf4-608f-4ee6-b680-c329e824c3a8/operationresults/eyJqb2JJZCI6IlJFU09VUkNFR1JPVVBERUxFVElPTkpPQi1SR05TMTY0My1FQVNUVVMiLCJqb2JMb2NhdGlvbiI6ImVhc3R1cyJ9?api-version=2017-05-10",
      "EncodedRequestUri": "L3N1YnNjcmlwdGlvbnMvMWM2MzhjZjQtNjA4Zi00ZWU2LWI2ODAtYzMyOWU4MjRjM2E4L29wZXJhdGlvbnJlc3VsdHMvZXlKcWIySkpaQ0k2SWxKRlUwOVZVa05GUjFKUFZWQkVSVXhGVkVsUFRrcFBRaTFTUjA1VE1UWTBNeTFGUVZOVVZWTWlMQ0pxYjJKTWIyTmhkR2x2YmlJNkltVmhjM1IxY3lKOT9hcGktdmVyc2lvbj0yMDE3LTA1LTEw",
      "RequestMethod": "GET",
      "RequestBody": "",
      "RequestHeaders": {
        "User-Agent": [
          "FxVersion/4.6.27617.04",
          "OSName/Windows",
          "OSVersion/Microsoft.Windows.10.0.17763.",
          "Microsoft.Azure.Management.ResourceManager.Fluent.ResourceManagementClient/1.0.0.60",
          "MacAddressHash/f3b384527333d8d63a2ed5254f4705d58ed71b76de6ce213fbb781f44e7a48c5"
        ]
      },
      "ResponseHeaders": {
        "Cache-Control": [
          "no-cache"
        ],
        "Pragma": [
          "no-cache"
        ],
        "Location": [
          "https://management.azure.com/subscriptions/1c638cf4-608f-4ee6-b680-c329e824c3a8/operationresults/eyJqb2JJZCI6IlJFU09VUkNFR1JPVVBERUxFVElPTkpPQi1SR05TMTY0My1FQVNUVVMiLCJqb2JMb2NhdGlvbiI6ImVhc3R1cyJ9?api-version=2017-05-10"
        ],
        "Retry-After": [
          "15"
        ],
        "x-ms-ratelimit-remaining-subscription-reads": [
          "11992"
        ],
        "x-ms-request-id": [
          "e2c2f988-dfa7-4f79-9c38-09bca1f2d682"
        ],
        "x-ms-correlation-request-id": [
          "e2c2f988-dfa7-4f79-9c38-09bca1f2d682"
        ],
        "x-ms-routing-request-id": [
          "JAPANEAST:20190619T084553Z:e2c2f988-dfa7-4f79-9c38-09bca1f2d682"
        ],
        "Strict-Transport-Security": [
          "max-age=31536000; includeSubDomains"
        ],
        "X-Content-Type-Options": [
          "nosniff"
        ],
        "Date": [
          "Wed, 19 Jun 2019 08:45:53 GMT"
        ],
        "Expires": [
          "-1"
        ],
        "Content-Length": [
          "0"
        ]
      },
      "ResponseBody": "",
      "StatusCode": 202
    },
    {
      "RequestUri": "/subscriptions/1c638cf4-608f-4ee6-b680-c329e824c3a8/operationresults/eyJqb2JJZCI6IlJFU09VUkNFR1JPVVBERUxFVElPTkpPQi1SR05TMTY0My1FQVNUVVMiLCJqb2JMb2NhdGlvbiI6ImVhc3R1cyJ9?api-version=2017-05-10",
      "EncodedRequestUri": "L3N1YnNjcmlwdGlvbnMvMWM2MzhjZjQtNjA4Zi00ZWU2LWI2ODAtYzMyOWU4MjRjM2E4L29wZXJhdGlvbnJlc3VsdHMvZXlKcWIySkpaQ0k2SWxKRlUwOVZVa05GUjFKUFZWQkVSVXhGVkVsUFRrcFBRaTFTUjA1VE1UWTBNeTFGUVZOVVZWTWlMQ0pxYjJKTWIyTmhkR2x2YmlJNkltVmhjM1IxY3lKOT9hcGktdmVyc2lvbj0yMDE3LTA1LTEw",
      "RequestMethod": "GET",
      "RequestBody": "",
      "RequestHeaders": {
        "User-Agent": [
          "FxVersion/4.6.27617.04",
          "OSName/Windows",
          "OSVersion/Microsoft.Windows.10.0.17763.",
          "Microsoft.Azure.Management.ResourceManager.Fluent.ResourceManagementClient/1.0.0.60",
          "MacAddressHash/f3b384527333d8d63a2ed5254f4705d58ed71b76de6ce213fbb781f44e7a48c5"
        ]
      },
      "ResponseHeaders": {
        "Cache-Control": [
          "no-cache"
        ],
        "Pragma": [
          "no-cache"
        ],
        "Location": [
          "https://management.azure.com/subscriptions/1c638cf4-608f-4ee6-b680-c329e824c3a8/operationresults/eyJqb2JJZCI6IlJFU09VUkNFR1JPVVBERUxFVElPTkpPQi1SR05TMTY0My1FQVNUVVMiLCJqb2JMb2NhdGlvbiI6ImVhc3R1cyJ9?api-version=2017-05-10"
        ],
        "Retry-After": [
          "15"
        ],
        "x-ms-ratelimit-remaining-subscription-reads": [
          "11991"
        ],
        "x-ms-request-id": [
          "5bcbcc6b-c818-42f1-b382-8830352cb56e"
        ],
        "x-ms-correlation-request-id": [
          "5bcbcc6b-c818-42f1-b382-8830352cb56e"
        ],
        "x-ms-routing-request-id": [
          "JAPANEAST:20190619T084609Z:5bcbcc6b-c818-42f1-b382-8830352cb56e"
        ],
        "Strict-Transport-Security": [
          "max-age=31536000; includeSubDomains"
        ],
        "X-Content-Type-Options": [
          "nosniff"
        ],
        "Date": [
          "Wed, 19 Jun 2019 08:46:08 GMT"
        ],
        "Expires": [
          "-1"
        ],
        "Content-Length": [
          "0"
        ]
      },
      "ResponseBody": "",
      "StatusCode": 202
    },
    {
      "RequestUri": "/subscriptions/1c638cf4-608f-4ee6-b680-c329e824c3a8/operationresults/eyJqb2JJZCI6IlJFU09VUkNFR1JPVVBERUxFVElPTkpPQi1SR05TMTY0My1FQVNUVVMiLCJqb2JMb2NhdGlvbiI6ImVhc3R1cyJ9?api-version=2017-05-10",
      "EncodedRequestUri": "L3N1YnNjcmlwdGlvbnMvMWM2MzhjZjQtNjA4Zi00ZWU2LWI2ODAtYzMyOWU4MjRjM2E4L29wZXJhdGlvbnJlc3VsdHMvZXlKcWIySkpaQ0k2SWxKRlUwOVZVa05GUjFKUFZWQkVSVXhGVkVsUFRrcFBRaTFTUjA1VE1UWTBNeTFGUVZOVVZWTWlMQ0pxYjJKTWIyTmhkR2x2YmlJNkltVmhjM1IxY3lKOT9hcGktdmVyc2lvbj0yMDE3LTA1LTEw",
      "RequestMethod": "GET",
      "RequestBody": "",
      "RequestHeaders": {
        "User-Agent": [
          "FxVersion/4.6.27617.04",
          "OSName/Windows",
          "OSVersion/Microsoft.Windows.10.0.17763.",
          "Microsoft.Azure.Management.ResourceManager.Fluent.ResourceManagementClient/1.0.0.60",
          "MacAddressHash/f3b384527333d8d63a2ed5254f4705d58ed71b76de6ce213fbb781f44e7a48c5"
        ]
      },
      "ResponseHeaders": {
        "Cache-Control": [
          "no-cache"
        ],
        "Pragma": [
          "no-cache"
        ],
        "x-ms-ratelimit-remaining-subscription-reads": [
          "11990"
        ],
        "x-ms-request-id": [
          "cf304eae-e42a-4f31-9ca2-b761b5261535"
        ],
        "x-ms-correlation-request-id": [
          "cf304eae-e42a-4f31-9ca2-b761b5261535"
        ],
        "x-ms-routing-request-id": [
          "JAPANEAST:20190619T084624Z:cf304eae-e42a-4f31-9ca2-b761b5261535"
        ],
        "Strict-Transport-Security": [
          "max-age=31536000; includeSubDomains"
        ],
        "X-Content-Type-Options": [
          "nosniff"
        ],
        "Date": [
          "Wed, 19 Jun 2019 08:46:23 GMT"
        ],
        "Expires": [
          "-1"
        ],
        "Content-Length": [
          "0"
        ]
      },
      "ResponseBody": "",
      "StatusCode": 200
    },
    {
      "RequestUri": "/subscriptions/1c638cf4-608f-4ee6-b680-c329e824c3a8/operationresults/eyJqb2JJZCI6IlJFU09VUkNFR1JPVVBERUxFVElPTkpPQi1SR05TMTY0My1FQVNUVVMiLCJqb2JMb2NhdGlvbiI6ImVhc3R1cyJ9?api-version=2017-05-10",
      "EncodedRequestUri": "L3N1YnNjcmlwdGlvbnMvMWM2MzhjZjQtNjA4Zi00ZWU2LWI2ODAtYzMyOWU4MjRjM2E4L29wZXJhdGlvbnJlc3VsdHMvZXlKcWIySkpaQ0k2SWxKRlUwOVZVa05GUjFKUFZWQkVSVXhGVkVsUFRrcFBRaTFTUjA1VE1UWTBNeTFGUVZOVVZWTWlMQ0pxYjJKTWIyTmhkR2x2YmlJNkltVmhjM1IxY3lKOT9hcGktdmVyc2lvbj0yMDE3LTA1LTEw",
      "RequestMethod": "GET",
      "RequestBody": "",
      "RequestHeaders": {
        "User-Agent": [
          "FxVersion/4.6.27617.04",
          "OSName/Windows",
          "OSVersion/Microsoft.Windows.10.0.17763.",
          "Microsoft.Azure.Management.ResourceManager.Fluent.ResourceManagementClient/1.0.0.60",
          "MacAddressHash/f3b384527333d8d63a2ed5254f4705d58ed71b76de6ce213fbb781f44e7a48c5"
        ]
      },
      "ResponseHeaders": {
        "Cache-Control": [
          "no-cache"
        ],
        "Pragma": [
          "no-cache"
        ],
        "x-ms-ratelimit-remaining-subscription-reads": [
          "11989"
        ],
        "x-ms-request-id": [
          "9df17ac2-4964-4013-8fd2-c60ea6a4e11d"
        ],
        "x-ms-correlation-request-id": [
          "9df17ac2-4964-4013-8fd2-c60ea6a4e11d"
        ],
        "x-ms-routing-request-id": [
          "JAPANEAST:20190619T084625Z:9df17ac2-4964-4013-8fd2-c60ea6a4e11d"
        ],
        "Strict-Transport-Security": [
          "max-age=31536000; includeSubDomains"
        ],
        "X-Content-Type-Options": [
          "nosniff"
        ],
        "Date": [
          "Wed, 19 Jun 2019 08:46:24 GMT"
        ],
        "Expires": [
          "-1"
        ],
        "Content-Length": [
          "0"
        ]
      },
      "ResponseBody": "",
      "StatusCode": 200
    }
  ],
  "Names": {
    "CanManageConusmerGroups": [
      "rgns1643",
      "ns1114898",
      "eh1851"
    ]
  },
  "Variables": {
    "ServicePrincipal": "3252d6df-670c-447d-94d5-74998bfd5546",
    "AADTenant": "72f988bf-86f1-41af-91ab-2d7cd011db47",
    "SubscriptionId": "1c638cf4-608f-4ee6-b680-c329e824c3a8"
  }
}