{
  "Entries": [
    {
      "RequestUri": "/subscriptions/0b1f6471-1bf0-4dda-aec3-cb9272f09590/resourcegroups/rgnemv20e1848556c52?api-version=2017-05-10",
      "EncodedRequestUri": "L3N1YnNjcmlwdGlvbnMvMGIxZjY0NzEtMWJmMC00ZGRhLWFlYzMtY2I5MjcyZjA5NTkwL3Jlc291cmNlZ3JvdXBzL3JnbmVtdjIwZTE4NDg1NTZjNTI/YXBpLXZlcnNpb249MjAxNy0wNS0xMA==",
      "RequestMethod": "PUT",
      "RequestBody": "{\r\n  \"location\": \"westus\"\r\n}",
      "RequestHeaders": {
        "Content-Type": [
          "application/json; charset=utf-8"
        ],
        "Content-Length": [
          "28"
        ],
        "x-ms-client-request-id": [
          "f223e6f7-59d6-4483-a76e-fba1b403670b"
        ],
        "accept-language": [
          "en-US"
        ],
        "User-Agent": [
          "FxVersion/4.6.25211.01",
          "Microsoft.Azure.Management.ResourceManager.Fluent.ResourceManagementClient/1.4.1.0",
          "MacAddressHash/93f93940f54ee07c773810571862e333cedc421e986196b18f292794669a0df8"
        ]
      },
      "ResponseBody": "{\r\n  \"id\": \"/subscriptions/0b1f6471-1bf0-4dda-aec3-cb9272f09590/resourceGroups/rgnemv20e1848556c52\",\r\n  \"name\": \"rgnemv20e1848556c52\",\r\n  \"location\": \"westus\",\r\n  \"properties\": {\r\n    \"provisioningState\": \"Succeeded\"\r\n  }\r\n}",
      "ResponseHeaders": {
        "Content-Length": [
          "191"
        ],
        "Content-Type": [
          "application/json; charset=utf-8"
        ],
        "Expires": [
          "-1"
        ],
        "Cache-Control": [
          "no-cache"
        ],
        "Date": [
          "Wed, 31 Jan 2018 21:09:33 GMT"
        ],
        "Pragma": [
          "no-cache"
        ],
        "x-ms-ratelimit-remaining-subscription-writes": [
          "1164"
        ],
        "x-ms-request-id": [
          "f331d3db-58ff-417f-b358-51bdcf3ee718"
        ],
        "x-ms-correlation-request-id": [
          "f331d3db-58ff-417f-b358-51bdcf3ee718"
        ],
        "x-ms-routing-request-id": [
          "WESTUS2:20180131T210933Z:f331d3db-58ff-417f-b358-51bdcf3ee718"
        ],
        "Strict-Transport-Security": [
          "max-age=31536000; includeSubDomains"
        ]
      },
      "StatusCode": 201
    },
    {
      "RequestUri": "/subscriptions/0b1f6471-1bf0-4dda-aec3-cb9272f09590/resourceGroups/rgnemv20e1848556c52/providers/Microsoft.KeyVault/vaults/vault147f68397e96?api-version=2016-10-01",
      "EncodedRequestUri": "L3N1YnNjcmlwdGlvbnMvMGIxZjY0NzEtMWJmMC00ZGRhLWFlYzMtY2I5MjcyZjA5NTkwL3Jlc291cmNlR3JvdXBzL3JnbmVtdjIwZTE4NDg1NTZjNTIvcHJvdmlkZXJzL01pY3Jvc29mdC5LZXlWYXVsdC92YXVsdHMvdmF1bHQxNDdmNjgzOTdlOTY/YXBpLXZlcnNpb249MjAxNi0xMC0wMQ==",
      "RequestMethod": "PUT",
      "RequestBody": "{\r\n  \"location\": \"westus\",\r\n  \"tags\": {},\r\n  \"properties\": {\r\n    \"tenantId\": \"54826b22-38d6-4fb2-bad9-b7b93a3e9c5a\",\r\n    \"sku\": {\r\n      \"name\": \"standard\",\r\n      \"family\": \"A\"\r\n    },\r\n    \"accessPolicies\": []\r\n  }\r\n}",
      "RequestHeaders": {
        "Content-Type": [
          "application/json; charset=utf-8"
        ],
        "Content-Length": [
          "221"
        ],
        "x-ms-client-request-id": [
          "367694d1-15a2-4cd7-9077-9504213c0940"
        ],
        "accept-language": [
          "en-US"
        ],
        "User-Agent": [
          "FxVersion/4.6.25211.01",
          "Microsoft.Azure.Management.KeyVault.Fluent.KeyVaultManagementClient/1.4.1.0",
          "MacAddressHash/93f93940f54ee07c773810571862e333cedc421e986196b18f292794669a0df8"
        ]
      },
      "ResponseBody": "{\r\n  \"id\": \"/subscriptions/0b1f6471-1bf0-4dda-aec3-cb9272f09590/resourceGroups/rgnemv20e1848556c52/providers/Microsoft.KeyVault/vaults/vault147f68397e96\",\r\n  \"name\": \"vault147f68397e96\",\r\n  \"type\": \"Microsoft.KeyVault/vaults\",\r\n  \"location\": \"westus\",\r\n  \"tags\": {},\r\n  \"properties\": {\r\n    \"sku\": {\r\n      \"family\": \"A\",\r\n      \"name\": \"standard\"\r\n    },\r\n    \"tenantId\": \"54826b22-38d6-4fb2-bad9-b7b93a3e9c5a\",\r\n    \"accessPolicies\": [],\r\n    \"enabledForDeployment\": false,\r\n    \"vaultUri\": \"https://vault147f68397e96.vault.azure.net\"\r\n  }\r\n}",
      "ResponseHeaders": {
        "Content-Type": [
          "application/json; charset=utf-8"
        ],
        "Expires": [
          "-1"
        ],
        "Cache-Control": [
          "no-cache"
        ],
        "Date": [
          "Wed, 31 Jan 2018 21:09:34 GMT"
        ],
        "Pragma": [
          "no-cache"
        ],
        "Transfer-Encoding": [
          "chunked"
        ],
        "Server": [
          "Microsoft-IIS/8.5"
        ],
        "Vary": [
          "Accept-Encoding"
        ],
        "x-ms-keyvault-service-version": [
          "1.0.0.202"
        ],
        "Strict-Transport-Security": [
          "max-age=31536000; includeSubDomains"
        ],
        "X-Content-Type-Options": [
          "nosniff"
        ],
        "X-AspNet-Version": [
          "4.0.30319"
        ],
        "X-Powered-By": [
          "ASP.NET"
        ],
        "x-ms-ratelimit-remaining-subscription-writes": [
          "1163"
        ],
        "x-ms-request-id": [
          "56f6b380-a6d4-4f9b-b4f1-9fa016e45bba"
        ],
        "x-ms-correlation-request-id": [
          "56f6b380-a6d4-4f9b-b4f1-9fa016e45bba"
        ],
        "x-ms-routing-request-id": [
          "WESTUS2:20180131T210934Z:56f6b380-a6d4-4f9b-b4f1-9fa016e45bba"
        ]
      },
      "StatusCode": 200
    },
    {
      "RequestUri": "/subscriptions/0b1f6471-1bf0-4dda-aec3-cb9272f09590/resourceGroups/rgnemv20e1848556c52/providers/Microsoft.KeyVault/vaults/vault147f68397e96?api-version=2016-10-01",
      "EncodedRequestUri": "L3N1YnNjcmlwdGlvbnMvMGIxZjY0NzEtMWJmMC00ZGRhLWFlYzMtY2I5MjcyZjA5NTkwL3Jlc291cmNlR3JvdXBzL3JnbmVtdjIwZTE4NDg1NTZjNTIvcHJvdmlkZXJzL01pY3Jvc29mdC5LZXlWYXVsdC92YXVsdHMvdmF1bHQxNDdmNjgzOTdlOTY/YXBpLXZlcnNpb249MjAxNi0xMC0wMQ==",
      "RequestMethod": "PUT",
      "RequestBody": "{\r\n  \"location\": \"westus\",\r\n  \"tags\": {},\r\n  \"properties\": {\r\n    \"tenantId\": \"54826b22-38d6-4fb2-bad9-b7b93a3e9c5a\",\r\n    \"sku\": {\r\n      \"name\": \"standard\",\r\n      \"family\": \"A\"\r\n    },\r\n    \"accessPolicies\": [\r\n      {\r\n        \"tenantId\": \"54826b22-38d6-4fb2-bad9-b7b93a3e9c5a\",\r\n        \"objectId\": \"effe7851-3ea3-4415-8884-11cc8a954dc5\",\r\n        \"permissions\": {\r\n          \"keys\": [\r\n            \"encrypt\",\r\n            \"decrypt\",\r\n            \"wrapKey\",\r\n            \"unwrapKey\",\r\n            \"sign\",\r\n            \"verify\",\r\n            \"get\",\r\n            \"list\",\r\n            \"create\",\r\n            \"update\",\r\n            \"import\",\r\n            \"delete\",\r\n            \"backup\",\r\n            \"restore\",\r\n            \"recover\",\r\n            \"purge\"\r\n          ],\r\n          \"secrets\": [\r\n            \"get\",\r\n            \"list\"\r\n          ]\r\n        }\r\n      }\r\n    ],\r\n    \"enabledForDeployment\": false\r\n  }\r\n}",
      "RequestHeaders": {
        "Content-Type": [
          "application/json; charset=utf-8"
        ],
        "Content-Length": [
          "919"
        ],
        "x-ms-client-request-id": [
          "e24f181d-dddd-43cb-8c7e-87fd950a0781"
        ],
        "accept-language": [
          "en-US"
        ],
        "User-Agent": [
          "FxVersion/4.6.25211.01",
          "Microsoft.Azure.Management.KeyVault.Fluent.KeyVaultManagementClient/1.4.1.0",
          "MacAddressHash/93f93940f54ee07c773810571862e333cedc421e986196b18f292794669a0df8"
        ]
      },
      "ResponseBody": "{\r\n  \"id\": \"/subscriptions/0b1f6471-1bf0-4dda-aec3-cb9272f09590/resourceGroups/rgnemv20e1848556c52/providers/Microsoft.KeyVault/vaults/vault147f68397e96\",\r\n  \"name\": \"vault147f68397e96\",\r\n  \"type\": \"Microsoft.KeyVault/vaults\",\r\n  \"location\": \"westus\",\r\n  \"tags\": {},\r\n  \"properties\": {\r\n    \"sku\": {\r\n      \"family\": \"A\",\r\n      \"name\": \"standard\"\r\n    },\r\n    \"tenantId\": \"54826b22-38d6-4fb2-bad9-b7b93a3e9c5a\",\r\n    \"accessPolicies\": [\r\n      {\r\n        \"tenantId\": \"54826b22-38d6-4fb2-bad9-b7b93a3e9c5a\",\r\n        \"objectId\": \"effe7851-3ea3-4415-8884-11cc8a954dc5\",\r\n        \"permissions\": {\r\n          \"keys\": [\r\n            \"encrypt\",\r\n            \"decrypt\",\r\n            \"wrapKey\",\r\n            \"unwrapKey\",\r\n            \"sign\",\r\n            \"verify\",\r\n            \"get\",\r\n            \"list\",\r\n            \"create\",\r\n            \"update\",\r\n            \"import\",\r\n            \"delete\",\r\n            \"backup\",\r\n            \"restore\",\r\n            \"recover\",\r\n            \"purge\"\r\n          ],\r\n          \"secrets\": [\r\n            \"get\",\r\n            \"list\"\r\n          ]\r\n        }\r\n      }\r\n    ],\r\n    \"enabledForDeployment\": false,\r\n    \"vaultUri\": \"https://vault147f68397e96.vault.azure.net/\"\r\n  }\r\n}",
      "ResponseHeaders": {
        "Content-Type": [
          "application/json; charset=utf-8"
        ],
        "Expires": [
          "-1"
        ],
        "Cache-Control": [
          "no-cache"
        ],
        "Date": [
          "Wed, 31 Jan 2018 21:09:35 GMT"
        ],
        "Pragma": [
          "no-cache"
        ],
        "Transfer-Encoding": [
          "chunked"
        ],
        "Server": [
          "Microsoft-IIS/8.5"
        ],
        "Vary": [
          "Accept-Encoding"
        ],
        "x-ms-keyvault-service-version": [
          "1.0.0.202"
        ],
        "Strict-Transport-Security": [
          "max-age=31536000; includeSubDomains"
        ],
        "X-Content-Type-Options": [
          "nosniff"
        ],
        "X-AspNet-Version": [
          "4.0.30319"
        ],
        "X-Powered-By": [
          "ASP.NET"
        ],
        "x-ms-ratelimit-remaining-subscription-writes": [
          "1162"
        ],
        "x-ms-request-id": [
          "1eda5f28-672f-4401-91d8-3b0a47135d52"
        ],
        "x-ms-correlation-request-id": [
          "1eda5f28-672f-4401-91d8-3b0a47135d52"
        ],
        "x-ms-routing-request-id": [
          "WESTUS2:20180131T210936Z:1eda5f28-672f-4401-91d8-3b0a47135d52"
        ]
      },
      "StatusCode": 200
    },
    {
      "RequestUri": "/subscriptions/0b1f6471-1bf0-4dda-aec3-cb9272f09590/resourceGroups/rgnemv20e1848556c52/providers/Microsoft.KeyVault/vaults/vault147f68397e96?api-version=2016-10-01",
      "EncodedRequestUri": "L3N1YnNjcmlwdGlvbnMvMGIxZjY0NzEtMWJmMC00ZGRhLWFlYzMtY2I5MjcyZjA5NTkwL3Jlc291cmNlR3JvdXBzL3JnbmVtdjIwZTE4NDg1NTZjNTIvcHJvdmlkZXJzL01pY3Jvc29mdC5LZXlWYXVsdC92YXVsdHMvdmF1bHQxNDdmNjgzOTdlOTY/YXBpLXZlcnNpb249MjAxNi0xMC0wMQ==",
      "RequestMethod": "PUT",
      "RequestBody": "{\r\n  \"location\": \"westus\",\r\n  \"tags\": {},\r\n  \"properties\": {\r\n    \"tenantId\": \"54826b22-38d6-4fb2-bad9-b7b93a3e9c5a\",\r\n    \"sku\": {\r\n      \"name\": \"standard\",\r\n      \"family\": \"A\"\r\n    },\r\n    \"accessPolicies\": [\r\n      {\r\n        \"tenantId\": \"54826b22-38d6-4fb2-bad9-b7b93a3e9c5a\",\r\n        \"objectId\": \"effe7851-3ea3-4415-8884-11cc8a954dc5\",\r\n        \"permissions\": {\r\n          \"keys\": [\r\n            \"encrypt\",\r\n            \"decrypt\",\r\n            \"wrapKey\",\r\n            \"unwrapKey\",\r\n            \"sign\",\r\n            \"verify\",\r\n            \"get\",\r\n            \"list\",\r\n            \"create\",\r\n            \"update\",\r\n            \"import\",\r\n            \"delete\",\r\n            \"backup\",\r\n            \"restore\",\r\n            \"recover\",\r\n            \"purge\"\r\n          ],\r\n          \"secrets\": [\r\n            \"get\",\r\n            \"list\",\r\n            \"set\",\r\n            \"delete\",\r\n            \"backup\",\r\n            \"restore\",\r\n            \"recover\",\r\n            \"purge\"\r\n          ]\r\n        }\r\n      }\r\n    ],\r\n    \"enabledForDeployment\": true,\r\n    \"enabledForTemplateDeployment\": true\r\n  }\r\n}",
      "RequestHeaders": {
        "Content-Type": [
          "application/json; charset=utf-8"
        ],
        "Content-Length": [
          "1097"
        ],
        "x-ms-client-request-id": [
          "0e9a8339-caec-430a-aefd-8b31201e97e7"
        ],
        "accept-language": [
          "en-US"
        ],
        "User-Agent": [
          "FxVersion/4.6.25211.01",
          "Microsoft.Azure.Management.KeyVault.Fluent.KeyVaultManagementClient/1.4.1.0",
          "MacAddressHash/93f93940f54ee07c773810571862e333cedc421e986196b18f292794669a0df8"
        ]
      },
      "ResponseBody": "{\r\n  \"id\": \"/subscriptions/0b1f6471-1bf0-4dda-aec3-cb9272f09590/resourceGroups/rgnemv20e1848556c52/providers/Microsoft.KeyVault/vaults/vault147f68397e96\",\r\n  \"name\": \"vault147f68397e96\",\r\n  \"type\": \"Microsoft.KeyVault/vaults\",\r\n  \"location\": \"westus\",\r\n  \"tags\": {},\r\n  \"properties\": {\r\n    \"sku\": {\r\n      \"family\": \"A\",\r\n      \"name\": \"standard\"\r\n    },\r\n    \"tenantId\": \"54826b22-38d6-4fb2-bad9-b7b93a3e9c5a\",\r\n    \"accessPolicies\": [\r\n      {\r\n        \"tenantId\": \"54826b22-38d6-4fb2-bad9-b7b93a3e9c5a\",\r\n        \"objectId\": \"effe7851-3ea3-4415-8884-11cc8a954dc5\",\r\n        \"permissions\": {\r\n          \"keys\": [\r\n            \"encrypt\",\r\n            \"decrypt\",\r\n            \"wrapKey\",\r\n            \"unwrapKey\",\r\n            \"sign\",\r\n            \"verify\",\r\n            \"get\",\r\n            \"list\",\r\n            \"create\",\r\n            \"update\",\r\n            \"import\",\r\n            \"delete\",\r\n            \"backup\",\r\n            \"restore\",\r\n            \"recover\",\r\n            \"purge\"\r\n          ],\r\n          \"secrets\": [\r\n            \"get\",\r\n            \"list\",\r\n            \"set\",\r\n            \"delete\",\r\n            \"backup\",\r\n            \"restore\",\r\n            \"recover\",\r\n            \"purge\"\r\n          ]\r\n        }\r\n      }\r\n    ],\r\n    \"enabledForDeployment\": true,\r\n    \"enabledForTemplateDeployment\": true,\r\n    \"vaultUri\": \"https://vault147f68397e96.vault.azure.net/\"\r\n  }\r\n}",
      "ResponseHeaders": {
        "Content-Type": [
          "application/json; charset=utf-8"
        ],
        "Expires": [
          "-1"
        ],
        "Cache-Control": [
          "no-cache"
        ],
        "Date": [
          "Wed, 31 Jan 2018 21:09:35 GMT"
        ],
        "Pragma": [
          "no-cache"
        ],
        "Transfer-Encoding": [
          "chunked"
        ],
        "Server": [
          "Microsoft-IIS/8.5"
        ],
        "Vary": [
          "Accept-Encoding"
        ],
        "x-ms-keyvault-service-version": [
          "1.0.0.202"
        ],
        "Strict-Transport-Security": [
          "max-age=31536000; includeSubDomains"
        ],
        "X-Content-Type-Options": [
          "nosniff"
        ],
        "X-AspNet-Version": [
          "4.0.30319"
        ],
        "X-Powered-By": [
          "ASP.NET"
        ],
        "x-ms-ratelimit-remaining-subscription-writes": [
          "1161"
        ],
        "x-ms-request-id": [
          "ba966c82-949b-4822-b7aa-5c90db9b4226"
        ],
        "x-ms-correlation-request-id": [
          "ba966c82-949b-4822-b7aa-5c90db9b4226"
        ],
        "x-ms-routing-request-id": [
          "WESTUS2:20180131T210936Z:ba966c82-949b-4822-b7aa-5c90db9b4226"
        ]
      },
      "StatusCode": 200
    },
    {
      "RequestUri": "/54826b22-38d6-4fb2-bad9-b7b93a3e9c5a/servicePrincipals?$filter=displayName%20eq%20'30025a6e-6179-4064-9bef-b52de61a4c9c'&api-version=1.6",
      "EncodedRequestUri": "LzU0ODI2YjIyLTM4ZDYtNGZiMi1iYWQ5LWI3YjkzYTNlOWM1YS9zZXJ2aWNlUHJpbmNpcGFscz8kZmlsdGVyPWRpc3BsYXlOYW1lJTIwZXElMjAnMzAwMjVhNmUtNjE3OS00MDY0LTliZWYtYjUyZGU2MWE0YzljJyZhcGktdmVyc2lvbj0xLjY=",
      "RequestMethod": "GET",
      "RequestBody": "",
      "RequestHeaders": {
        "x-ms-client-request-id": [
          "a3b8d4e4-51e9-447c-8b03-d71f2290ca47"
        ],
        "accept-language": [
          "en-US"
        ],
        "User-Agent": [
          "FxVersion/4.6.25211.01",
          "Microsoft.Azure.Management.Graph.RBAC.Fluent.GraphRbacManagementClient/1.4.1.0",
          "MacAddressHash/93f93940f54ee07c773810571862e333cedc421e986196b18f292794669a0df8"
        ]
      },
      "ResponseBody": "{\r\n  \"odata.metadata\": \"https://graph.windows.net/54826b22-38d6-4fb2-bad9-b7b93a3e9c5a/$metadata#directoryObjects/Microsoft.DirectoryServices.ServicePrincipal\",\r\n  \"value\": []\r\n}",
      "ResponseHeaders": {
        "Content-Length": [
          "166"
        ],
        "Content-Type": [
          "application/json; odata=minimalmetadata; streaming=true; charset=utf-8"
        ],
        "Expires": [
          "-1"
        ],
        "Cache-Control": [
          "no-cache"
        ],
        "Date": [
          "Wed, 31 Jan 2018 21:09:34 GMT"
        ],
        "Pragma": [
          "no-cache"
        ],
        "Server": [
          "Microsoft-IIS/8.5"
        ],
        "ocp-aad-diagnostics-server-name": [
          "Dv72AcCemnmm/GYguwEfXSa0gt5rEWvxyBbksyTbSc4="
        ],
        "request-id": [
          "e029088a-2d34-4041-830f-a81e83522cc5"
        ],
        "client-request-id": [
          "4a1614b6-29f3-4e9f-bc88-11dec6a1f4e4"
        ],
        "x-ms-dirapi-data-contract-version": [
          "1.6"
        ],
        "ocp-aad-session-key": [
          "e5p8cOj1HyOHPK-290FmT4ycZJ_9OVPztBlRpJQRqF0v7SU4-tNJrOWsvdhHplLdhR5GQjd1fBG21ODqTqHKazVdb7kKm8wDcsYyB1T0CETcDNLIpvdp1uX_THbRYmUftmy8Sw1e14-dSFLJz717Z6HTxAY0RlYD3JQc2PHxnH9dx_H3AjdOj1FUcd9J9SFykoD9dftRK8fotNNYNfdeJg.N-3dhGkj1scj0Bala1ITw-Uq6Ht2n3BsIQUMbGpRHT8"
        ],
        "X-Content-Type-Options": [
          "nosniff"
        ],
        "DataServiceVersion": [
          "3.0;"
        ],
        "Strict-Transport-Security": [
          "max-age=31536000; includeSubDomains"
        ],
        "Access-Control-Allow-Origin": [
          "*"
        ],
        "X-AspNet-Version": [
          "4.0.30319"
        ],
        "X-Powered-By": [
          "ASP.NET",
          "ASP.NET"
        ],
        "Duration": [
          "716041"
        ]
      },
      "StatusCode": 200
    },
    {
      "RequestUri": "/54826b22-38d6-4fb2-bad9-b7b93a3e9c5a/servicePrincipals?$filter=displayName%20eq%20'30025a6e-6179-4064-9bef-b52de61a4c9c'&api-version=1.6",
      "EncodedRequestUri": "LzU0ODI2YjIyLTM4ZDYtNGZiMi1iYWQ5LWI3YjkzYTNlOWM1YS9zZXJ2aWNlUHJpbmNpcGFscz8kZmlsdGVyPWRpc3BsYXlOYW1lJTIwZXElMjAnMzAwMjVhNmUtNjE3OS00MDY0LTliZWYtYjUyZGU2MWE0YzljJyZhcGktdmVyc2lvbj0xLjY=",
      "RequestMethod": "GET",
      "RequestBody": "",
      "RequestHeaders": {
        "x-ms-client-request-id": [
          "13e88032-b420-4839-8145-cc34906b3aed"
        ],
        "accept-language": [
          "en-US"
        ],
        "User-Agent": [
          "FxVersion/4.6.25211.01",
          "Microsoft.Azure.Management.Graph.RBAC.Fluent.GraphRbacManagementClient/1.4.1.0",
          "MacAddressHash/93f93940f54ee07c773810571862e333cedc421e986196b18f292794669a0df8"
        ]
      },
      "ResponseBody": "{\r\n  \"odata.metadata\": \"https://graph.windows.net/54826b22-38d6-4fb2-bad9-b7b93a3e9c5a/$metadata#directoryObjects/Microsoft.DirectoryServices.ServicePrincipal\",\r\n  \"value\": []\r\n}",
      "ResponseHeaders": {
        "Content-Length": [
          "166"
        ],
        "Content-Type": [
          "application/json; odata=minimalmetadata; streaming=true; charset=utf-8"
        ],
        "Expires": [
          "-1"
        ],
        "Cache-Control": [
          "no-cache"
        ],
        "Date": [
          "Wed, 31 Jan 2018 21:09:35 GMT"
        ],
        "Pragma": [
          "no-cache"
        ],
        "Server": [
          "Microsoft-IIS/8.5"
        ],
        "ocp-aad-diagnostics-server-name": [
          "/QkbbxZfyhW9slqPlub3XcBNO9jE7EivLDzFDO23uzo="
        ],
        "request-id": [
          "619cbe76-d2d1-4658-b23c-5f2264856f77"
        ],
        "client-request-id": [
          "a1fffa50-c430-4bff-a546-871a0fca8003"
        ],
        "x-ms-dirapi-data-contract-version": [
          "1.6"
        ],
        "ocp-aad-session-key": [
          "z-DJXry5uZrQ8YbG4AoOCYVuFsPjOJ4jgMbAP-xJDygaUAvoeyERaVpVt4Wa5jrauChkV9gQox4U-VqO3FLgSKABeI3R0bucHmciuF2GiqgG-60IhiZKvOi8Fl7sjjr2W1vP30UA5qJ3b2klXZ2wsLPWvtmK-qTWOKw0B2t6LizH_StXJnNf8Hv5lm4LaMUC5Uug29DN9XR_Ag-t6zUNzw.AkHg9FzOcYOVLhEp2DCRgmX24w0s4344lIJhV3ClM-g"
        ],
        "X-Content-Type-Options": [
          "nosniff"
        ],
        "DataServiceVersion": [
          "3.0;"
        ],
        "Strict-Transport-Security": [
          "max-age=31536000; includeSubDomains"
        ],
        "Access-Control-Allow-Origin": [
          "*"
        ],
        "X-AspNet-Version": [
          "4.0.30319"
        ],
        "X-Powered-By": [
          "ASP.NET",
          "ASP.NET"
        ],
        "Duration": [
          "778049"
        ]
      },
      "StatusCode": 200
    },
    {
      "RequestUri": "/54826b22-38d6-4fb2-bad9-b7b93a3e9c5a/servicePrincipals?$filter=servicePrincipalNames/any(c:c%20eq%20'30025a6e-6179-4064-9bef-b52de61a4c9c')&api-version=1.6",
      "EncodedRequestUri": "LzU0ODI2YjIyLTM4ZDYtNGZiMi1iYWQ5LWI3YjkzYTNlOWM1YS9zZXJ2aWNlUHJpbmNpcGFscz8kZmlsdGVyPXNlcnZpY2VQcmluY2lwYWxOYW1lcy9hbnkoYzpjJTIwZXElMjAnMzAwMjVhNmUtNjE3OS00MDY0LTliZWYtYjUyZGU2MWE0YzljJykmYXBpLXZlcnNpb249MS42",
      "RequestMethod": "GET",
      "RequestBody": "",
      "RequestHeaders": {
        "x-ms-client-request-id": [
          "c951886c-f7a7-441e-980d-5db7f70bb353"
        ],
        "accept-language": [
          "en-US"
        ],
        "User-Agent": [
          "FxVersion/4.6.25211.01",
          "Microsoft.Azure.Management.Graph.RBAC.Fluent.GraphRbacManagementClient/1.4.1.0",
          "MacAddressHash/93f93940f54ee07c773810571862e333cedc421e986196b18f292794669a0df8"
        ]
      },
      "ResponseBody": "{\r\n  \"odata.metadata\": \"https://graph.windows.net/54826b22-38d6-4fb2-bad9-b7b93a3e9c5a/$metadata#directoryObjects/Microsoft.DirectoryServices.ServicePrincipal\",\r\n  \"value\": [\r\n    {\r\n      \"odata.type\": \"Microsoft.DirectoryServices.ServicePrincipal\",\r\n      \"objectType\": \"ServicePrincipal\",\r\n      \"objectId\": \"effe7851-3ea3-4415-8884-11cc8a954dc5\",\r\n      \"deletionTimestamp\": null,\r\n      \"accountEnabled\": true,\r\n      \"addIns\": [],\r\n      \"alternativeNames\": [],\r\n      \"appDisplayName\": \"azure-cli-2017-05-03-23-53-47\",\r\n      \"appId\": \"30025a6e-6179-4064-9bef-b52de61a4c9c\",\r\n      \"appOwnerTenantId\": \"54826b22-38d6-4fb2-bad9-b7b93a3e9c5a\",\r\n      \"appRoleAssignmentRequired\": false,\r\n      \"appRoles\": [],\r\n      \"displayName\": \"azure-cli-2017-05-03-23-53-47\",\r\n      \"errorUrl\": null,\r\n      \"homepage\": \"http://azure-cli-2017-05-03-23-53-47\",\r\n      \"keyCredentials\": [],\r\n      \"logoutUrl\": null,\r\n      \"oauth2Permissions\": [\r\n        {\r\n          \"adminConsentDescription\": \"Allow the application to access azure-cli-2017-05-03-23-53-47 on behalf of the signed-in user.\",\r\n          \"adminConsentDisplayName\": \"Access azure-cli-2017-05-03-23-53-47\",\r\n          \"id\": \"0a04600a-285d-4a76-8942-5831537f3a05\",\r\n          \"isEnabled\": true,\r\n          \"type\": \"User\",\r\n          \"userConsentDescription\": \"Allow the application to access azure-cli-2017-05-03-23-53-47 on your behalf.\",\r\n          \"userConsentDisplayName\": \"Access azure-cli-2017-05-03-23-53-47\",\r\n          \"value\": \"user_impersonation\"\r\n        }\r\n      ],\r\n      \"passwordCredentials\": [],\r\n      \"preferredTokenSigningKeyThumbprint\": null,\r\n      \"publisherName\": \"AzureSDKTeam\",\r\n      \"replyUrls\": [],\r\n      \"samlMetadataUrl\": null,\r\n      \"servicePrincipalNames\": [\r\n        \"http://azure-cli-2017-05-03-23-53-47\",\r\n        \"30025a6e-6179-4064-9bef-b52de61a4c9c\"\r\n      ],\r\n      \"servicePrincipalType\": \"Application\",\r\n      \"tags\": [],\r\n      \"tokenEncryptionKeyId\": null\r\n    }\r\n  ]\r\n}",
      "ResponseHeaders": {
        "Content-Length": [
          "1541"
        ],
        "Content-Type": [
          "application/json; odata=minimalmetadata; streaming=true; charset=utf-8"
        ],
        "Expires": [
          "-1"
        ],
        "Cache-Control": [
          "no-cache"
        ],
        "Date": [
          "Wed, 31 Jan 2018 21:09:34 GMT"
        ],
        "Pragma": [
          "no-cache"
        ],
        "Server": [
          "Microsoft-IIS/8.5"
        ],
        "ocp-aad-diagnostics-server-name": [
          "IMwhZ7re0vXZKhEwYqVrwiyjRVhRmebmFUlFEPOwZ+o="
        ],
        "request-id": [
          "7c6be65f-3291-4895-a6a1-db9c60275446"
        ],
        "client-request-id": [
          "b8920f75-9aea-4aec-b705-73926e9eb311"
        ],
        "x-ms-dirapi-data-contract-version": [
          "1.6"
        ],
        "ocp-aad-session-key": [
          "AdFcB0lB5fQrLf91CIYmt8Jk7KfvIIGA8O6G7eeN-cCybPpImUiejDSBoDp6zrDYalQAKEXfCVmuzNzZN2diuxzpYyfvmguqb4LHFubAaJW3_oqHJkP4nSzeDA8A4YQT5IG0zr__6VlC08W6j5Yf6aSvfF2P_cDmAL3Ecqn66Iv7rccB3goy8RIcmuU2bnGE7cZMNueaU-d02dqXNDt_LQ.lpSXgq4kSvpmFhkgc8veBlhH5IKNTagnDZZbz8bvDcs"
        ],
        "X-Content-Type-Options": [
          "nosniff"
        ],
        "DataServiceVersion": [
          "3.0;"
        ],
        "Strict-Transport-Security": [
          "max-age=31536000; includeSubDomains"
        ],
        "Access-Control-Allow-Origin": [
          "*"
        ],
        "X-AspNet-Version": [
          "4.0.30319"
        ],
        "X-Powered-By": [
          "ASP.NET",
          "ASP.NET"
        ],
        "Duration": [
          "549549"
        ]
      },
      "StatusCode": 200
    },
    {
      "RequestUri": "/54826b22-38d6-4fb2-bad9-b7b93a3e9c5a/servicePrincipals?$filter=servicePrincipalNames/any(c:c%20eq%20'30025a6e-6179-4064-9bef-b52de61a4c9c')&api-version=1.6",
      "EncodedRequestUri": "LzU0ODI2YjIyLTM4ZDYtNGZiMi1iYWQ5LWI3YjkzYTNlOWM1YS9zZXJ2aWNlUHJpbmNpcGFscz8kZmlsdGVyPXNlcnZpY2VQcmluY2lwYWxOYW1lcy9hbnkoYzpjJTIwZXElMjAnMzAwMjVhNmUtNjE3OS00MDY0LTliZWYtYjUyZGU2MWE0YzljJykmYXBpLXZlcnNpb249MS42",
      "RequestMethod": "GET",
      "RequestBody": "",
      "RequestHeaders": {
        "x-ms-client-request-id": [
          "46225688-0409-4302-9482-d93627e06122"
        ],
        "accept-language": [
          "en-US"
        ],
        "User-Agent": [
          "FxVersion/4.6.25211.01",
          "Microsoft.Azure.Management.Graph.RBAC.Fluent.GraphRbacManagementClient/1.4.1.0",
          "MacAddressHash/93f93940f54ee07c773810571862e333cedc421e986196b18f292794669a0df8"
        ]
      },
      "ResponseBody": "{\r\n  \"odata.metadata\": \"https://graph.windows.net/54826b22-38d6-4fb2-bad9-b7b93a3e9c5a/$metadata#directoryObjects/Microsoft.DirectoryServices.ServicePrincipal\",\r\n  \"value\": [\r\n    {\r\n      \"odata.type\": \"Microsoft.DirectoryServices.ServicePrincipal\",\r\n      \"objectType\": \"ServicePrincipal\",\r\n      \"objectId\": \"effe7851-3ea3-4415-8884-11cc8a954dc5\",\r\n      \"deletionTimestamp\": null,\r\n      \"accountEnabled\": true,\r\n      \"addIns\": [],\r\n      \"alternativeNames\": [],\r\n      \"appDisplayName\": \"azure-cli-2017-05-03-23-53-47\",\r\n      \"appId\": \"30025a6e-6179-4064-9bef-b52de61a4c9c\",\r\n      \"appOwnerTenantId\": \"54826b22-38d6-4fb2-bad9-b7b93a3e9c5a\",\r\n      \"appRoleAssignmentRequired\": false,\r\n      \"appRoles\": [],\r\n      \"displayName\": \"azure-cli-2017-05-03-23-53-47\",\r\n      \"errorUrl\": null,\r\n      \"homepage\": \"http://azure-cli-2017-05-03-23-53-47\",\r\n      \"keyCredentials\": [],\r\n      \"logoutUrl\": null,\r\n      \"oauth2Permissions\": [\r\n        {\r\n          \"adminConsentDescription\": \"Allow the application to access azure-cli-2017-05-03-23-53-47 on behalf of the signed-in user.\",\r\n          \"adminConsentDisplayName\": \"Access azure-cli-2017-05-03-23-53-47\",\r\n          \"id\": \"0a04600a-285d-4a76-8942-5831537f3a05\",\r\n          \"isEnabled\": true,\r\n          \"type\": \"User\",\r\n          \"userConsentDescription\": \"Allow the application to access azure-cli-2017-05-03-23-53-47 on your behalf.\",\r\n          \"userConsentDisplayName\": \"Access azure-cli-2017-05-03-23-53-47\",\r\n          \"value\": \"user_impersonation\"\r\n        }\r\n      ],\r\n      \"passwordCredentials\": [],\r\n      \"preferredTokenSigningKeyThumbprint\": null,\r\n      \"publisherName\": \"AzureSDKTeam\",\r\n      \"replyUrls\": [],\r\n      \"samlMetadataUrl\": null,\r\n      \"servicePrincipalNames\": [\r\n        \"http://azure-cli-2017-05-03-23-53-47\",\r\n        \"30025a6e-6179-4064-9bef-b52de61a4c9c\"\r\n      ],\r\n      \"servicePrincipalType\": \"Application\",\r\n      \"tags\": [],\r\n      \"tokenEncryptionKeyId\": null\r\n    }\r\n  ]\r\n}",
      "ResponseHeaders": {
        "Content-Length": [
          "1541"
        ],
        "Content-Type": [
          "application/json; odata=minimalmetadata; streaming=true; charset=utf-8"
        ],
        "Expires": [
          "-1"
        ],
        "Cache-Control": [
          "no-cache"
        ],
        "Date": [
          "Wed, 31 Jan 2018 21:09:35 GMT"
        ],
        "Pragma": [
          "no-cache"
        ],
        "Server": [
          "Microsoft-IIS/8.5"
        ],
        "ocp-aad-diagnostics-server-name": [
          "kQP65pG3sArWTFk/iVS6LhYm7QqKArO0K68zZaYvVBc="
        ],
        "request-id": [
          "6edc826e-00cf-437f-b229-0bf6538642f9"
        ],
        "client-request-id": [
          "aa91bc9d-8f53-4bef-9b28-7069136e3e85"
        ],
        "x-ms-dirapi-data-contract-version": [
          "1.6"
        ],
        "ocp-aad-session-key": [
          "f109elK5OO9sQtY6l55_--3N5aIgkj5V-JujFLOy32X4iF5UGSOuyjtAOdDjmR73qG5L9H3suizveZZCyFfRGLv3WGIECOYbYLQCmX2WRiyggs0AxHI3mQjMeXXWwjb5YQhdbUZepCh4zsWZQ9_MbFmLhbPBy5o4VDJo-QzRTUOdbo90jJf-ThRu4qN-hMFe3vr4Tm4wAEakubvGmifh4A.eAI72iW7cxv_-EEicoaWqwQGvVgtpLz2VlE0oDUxUfw"
        ],
        "X-Content-Type-Options": [
          "nosniff"
        ],
        "DataServiceVersion": [
          "3.0;"
        ],
        "Strict-Transport-Security": [
          "max-age=31536000; includeSubDomains"
        ],
        "Access-Control-Allow-Origin": [
          "*"
        ],
        "X-AspNet-Version": [
          "4.0.30319"
        ],
        "X-Powered-By": [
          "ASP.NET",
          "ASP.NET"
        ],
        "Duration": [
          "1272645"
        ]
      },
      "StatusCode": 200
    },
    {
      "RequestUri": "/54826b22-38d6-4fb2-bad9-b7b93a3e9c5a/servicePrincipals/effe7851-3ea3-4415-8884-11cc8a954dc5/keyCredentials?api-version=1.6",
      "EncodedRequestUri": "LzU0ODI2YjIyLTM4ZDYtNGZiMi1iYWQ5LWI3YjkzYTNlOWM1YS9zZXJ2aWNlUHJpbmNpcGFscy9lZmZlNzg1MS0zZWEzLTQ0MTUtODg4NC0xMWNjOGE5NTRkYzUva2V5Q3JlZGVudGlhbHM/YXBpLXZlcnNpb249MS42",
      "RequestMethod": "GET",
      "RequestBody": "",
      "RequestHeaders": {
        "x-ms-client-request-id": [
          "f261fab4-5cf1-4511-9c24-ddd175555709"
        ],
        "accept-language": [
          "en-US"
        ],
        "User-Agent": [
          "FxVersion/4.6.25211.01",
          "Microsoft.Azure.Management.Graph.RBAC.Fluent.GraphRbacManagementClient/1.4.1.0",
          "MacAddressHash/93f93940f54ee07c773810571862e333cedc421e986196b18f292794669a0df8"
        ]
      },
      "ResponseBody": "{\r\n  \"odata.metadata\": \"https://graph.windows.net/54826b22-38d6-4fb2-bad9-b7b93a3e9c5a/$metadata#Collection(Microsoft.DirectoryServices.KeyCredential)\",\r\n  \"value\": []\r\n}",
      "ResponseHeaders": {
        "Content-Length": [
          "158"
        ],
        "Content-Type": [
          "application/json; odata=minimalmetadata; streaming=true; charset=utf-8"
        ],
        "Expires": [
          "-1"
        ],
        "Cache-Control": [
          "no-cache"
        ],
        "Date": [
          "Wed, 31 Jan 2018 21:09:35 GMT"
        ],
        "Pragma": [
          "no-cache"
        ],
        "Server": [
          "Microsoft-IIS/8.5"
        ],
        "ocp-aad-diagnostics-server-name": [
          "IMwhZ7re0vXZKhEwYqVrwiyjRVhRmebmFUlFEPOwZ+o="
        ],
        "request-id": [
          "52659034-8ca7-4759-b963-ab1ccc16b201"
        ],
        "client-request-id": [
          "950ac8fb-c517-4365-88f4-8e984b94be51"
        ],
        "x-ms-dirapi-data-contract-version": [
          "1.6"
        ],
        "ocp-aad-session-key": [
          "G5cTzWcT03BtaYQEYvhfua7RD67ThkpdkwCqe77nsIn0Ie43zOVj05DfoZ78-N0jedSY5aUjzpVUMN7YsIJIGHef0_rAgfSJZthjZWvcgG57dXdQA2k2VxGGvMbKiasaB_2EZnIvmUaormCB-sC0NBYhRoDPzUpqyuuL744o-BE136owxuiJLLtHyCT426iaUIbfHeDZh5H4HHjAb5dmIw.4jSxJTubSTFizXkp_K3DSqmiMmirglw_I_yuM0dRNjI"
        ],
        "X-Content-Type-Options": [
          "nosniff"
        ],
        "DataServiceVersion": [
          "3.0;"
        ],
        "Strict-Transport-Security": [
          "max-age=31536000; includeSubDomains"
        ],
        "Access-Control-Allow-Origin": [
          "*"
        ],
        "X-AspNet-Version": [
          "4.0.30319"
        ],
        "X-Powered-By": [
          "ASP.NET",
          "ASP.NET"
        ],
        "Duration": [
          "916034"
        ]
      },
      "StatusCode": 200
    },
    {
      "RequestUri": "/54826b22-38d6-4fb2-bad9-b7b93a3e9c5a/servicePrincipals/effe7851-3ea3-4415-8884-11cc8a954dc5/keyCredentials?api-version=1.6",
      "EncodedRequestUri": "LzU0ODI2YjIyLTM4ZDYtNGZiMi1iYWQ5LWI3YjkzYTNlOWM1YS9zZXJ2aWNlUHJpbmNpcGFscy9lZmZlNzg1MS0zZWEzLTQ0MTUtODg4NC0xMWNjOGE5NTRkYzUva2V5Q3JlZGVudGlhbHM/YXBpLXZlcnNpb249MS42",
      "RequestMethod": "GET",
      "RequestBody": "",
      "RequestHeaders": {
        "x-ms-client-request-id": [
          "85228368-c67e-4545-a332-91f1f318b3bd"
        ],
        "accept-language": [
          "en-US"
        ],
        "User-Agent": [
          "FxVersion/4.6.25211.01",
          "Microsoft.Azure.Management.Graph.RBAC.Fluent.GraphRbacManagementClient/1.4.1.0",
          "MacAddressHash/93f93940f54ee07c773810571862e333cedc421e986196b18f292794669a0df8"
        ]
      },
      "ResponseBody": "{\r\n  \"odata.metadata\": \"https://graph.windows.net/54826b22-38d6-4fb2-bad9-b7b93a3e9c5a/$metadata#Collection(Microsoft.DirectoryServices.KeyCredential)\",\r\n  \"value\": []\r\n}",
      "ResponseHeaders": {
        "Content-Length": [
          "158"
        ],
        "Content-Type": [
          "application/json; odata=minimalmetadata; streaming=true; charset=utf-8"
        ],
        "Expires": [
          "-1"
        ],
        "Cache-Control": [
          "no-cache"
        ],
        "Date": [
          "Wed, 31 Jan 2018 21:09:35 GMT"
        ],
        "Pragma": [
          "no-cache"
        ],
        "Server": [
          "Microsoft-IIS/8.5"
        ],
        "ocp-aad-diagnostics-server-name": [
          "IMwhZ7re0vXZKhEwYqVrwiyjRVhRmebmFUlFEPOwZ+o="
        ],
        "request-id": [
          "93b6180f-e690-4dc7-9a12-13b41d065643"
        ],
        "client-request-id": [
          "202b12a2-4e25-42fb-bbea-10dc8f906f31"
        ],
        "x-ms-dirapi-data-contract-version": [
          "1.6"
        ],
        "ocp-aad-session-key": [
          "gQB0zrSFB8b7n296e4cqEaHegj2ITd7fITiBhrQVf2KPi0fsVIh3BKyWXwjJDGMWYZdx5TaQEp8D2inG0ijsCh9XoQk3UARxpNHyU_ky2CZH9AUT8O2dR7v9azh0nZhG06Kr1P4JDK3fvJfSIXmIMCnxphCOP57wdGnLQqYUP8JjS3p-RAn024TXZLLtOUUSphA2-ZIGMrJyYAckOZc3rA.Y17njZo_5bnqwGOF0deS-p6SGz6ao-lFAfy5ig5i8CI"
        ],
        "X-Content-Type-Options": [
          "nosniff"
        ],
        "DataServiceVersion": [
          "3.0;"
        ],
        "Strict-Transport-Security": [
          "max-age=31536000; includeSubDomains"
        ],
        "Access-Control-Allow-Origin": [
          "*"
        ],
        "X-AspNet-Version": [
          "4.0.30319"
        ],
        "X-Powered-By": [
          "ASP.NET",
          "ASP.NET"
        ],
        "Duration": [
          "548633"
        ]
      },
      "StatusCode": 200
    },
    {
      "RequestUri": "/54826b22-38d6-4fb2-bad9-b7b93a3e9c5a/servicePrincipals/effe7851-3ea3-4415-8884-11cc8a954dc5/passwordCredentials?api-version=1.6",
      "EncodedRequestUri": "LzU0ODI2YjIyLTM4ZDYtNGZiMi1iYWQ5LWI3YjkzYTNlOWM1YS9zZXJ2aWNlUHJpbmNpcGFscy9lZmZlNzg1MS0zZWEzLTQ0MTUtODg4NC0xMWNjOGE5NTRkYzUvcGFzc3dvcmRDcmVkZW50aWFscz9hcGktdmVyc2lvbj0xLjY=",
      "RequestMethod": "GET",
      "RequestBody": "",
      "RequestHeaders": {
        "x-ms-client-request-id": [
          "60c99a85-210e-440b-b5a1-bb367d8ce642"
        ],
        "accept-language": [
          "en-US"
        ],
        "User-Agent": [
          "FxVersion/4.6.25211.01",
          "Microsoft.Azure.Management.Graph.RBAC.Fluent.GraphRbacManagementClient/1.4.1.0",
          "MacAddressHash/93f93940f54ee07c773810571862e333cedc421e986196b18f292794669a0df8"
        ]
      },
      "ResponseBody": "{\r\n  \"odata.metadata\": \"https://graph.windows.net/54826b22-38d6-4fb2-bad9-b7b93a3e9c5a/$metadata#Collection(Microsoft.DirectoryServices.PasswordCredential)\",\r\n  \"value\": []\r\n}",
      "ResponseHeaders": {
        "Content-Length": [
          "163"
        ],
        "Content-Type": [
          "application/json; odata=minimalmetadata; streaming=true; charset=utf-8"
        ],
        "Expires": [
          "-1"
        ],
        "Cache-Control": [
          "no-cache"
        ],
        "Date": [
          "Wed, 31 Jan 2018 21:09:35 GMT"
        ],
        "Pragma": [
          "no-cache"
        ],
        "Server": [
          "Microsoft-IIS/8.5"
        ],
        "ocp-aad-diagnostics-server-name": [
          "gPQvOrC/V18SEzfPc4rv4h6XqKxksLNPd+Znv0lo3CY="
        ],
        "request-id": [
          "3e5df44e-8c45-4669-b23d-fe117ed09b02"
        ],
        "client-request-id": [
          "c3c2c9d9-20b0-4c32-8a10-38287212374e"
        ],
        "x-ms-dirapi-data-contract-version": [
          "1.6"
        ],
        "ocp-aad-session-key": [
          "YKb3kUVZvwT3f13J2l0_MkaVo6rsr04eRfaa78TIEfTWMVMfjKVAAz52F1tmnjiux4BlB8HKUjs-wd6oLjGssmPO4ce6KrEY1VtS2AJ-btvhKUEtHbgdfwKCaz5ZLbn_kr_clAIhWSRbdaIrqv9mSVUDIWleCRpaOgvU0LorLkRU_U1H25b1Un7YgcSLVxulrnfVHA1ytOWFBfePxar_rw.7c8lkuWgMw8lef4d8z20v_hwbLfXmFHkzl24z-oGCxU"
        ],
        "X-Content-Type-Options": [
          "nosniff"
        ],
        "DataServiceVersion": [
          "3.0;"
        ],
        "Strict-Transport-Security": [
          "max-age=31536000; includeSubDomains"
        ],
        "Access-Control-Allow-Origin": [
          "*"
        ],
        "X-AspNet-Version": [
          "4.0.30319"
        ],
        "X-Powered-By": [
          "ASP.NET",
          "ASP.NET"
        ],
        "Duration": [
          "855155"
        ]
      },
      "StatusCode": 200
    },
    {
      "RequestUri": "/54826b22-38d6-4fb2-bad9-b7b93a3e9c5a/servicePrincipals/effe7851-3ea3-4415-8884-11cc8a954dc5/passwordCredentials?api-version=1.6",
      "EncodedRequestUri": "LzU0ODI2YjIyLTM4ZDYtNGZiMi1iYWQ5LWI3YjkzYTNlOWM1YS9zZXJ2aWNlUHJpbmNpcGFscy9lZmZlNzg1MS0zZWEzLTQ0MTUtODg4NC0xMWNjOGE5NTRkYzUvcGFzc3dvcmRDcmVkZW50aWFscz9hcGktdmVyc2lvbj0xLjY=",
      "RequestMethod": "GET",
      "RequestBody": "",
      "RequestHeaders": {
        "x-ms-client-request-id": [
          "b5cd9393-0397-43a0-8d6d-f9f85fa4392a"
        ],
        "accept-language": [
          "en-US"
        ],
        "User-Agent": [
          "FxVersion/4.6.25211.01",
          "Microsoft.Azure.Management.Graph.RBAC.Fluent.GraphRbacManagementClient/1.4.1.0",
          "MacAddressHash/93f93940f54ee07c773810571862e333cedc421e986196b18f292794669a0df8"
        ]
      },
      "ResponseBody": "{\r\n  \"odata.metadata\": \"https://graph.windows.net/54826b22-38d6-4fb2-bad9-b7b93a3e9c5a/$metadata#Collection(Microsoft.DirectoryServices.PasswordCredential)\",\r\n  \"value\": []\r\n}",
      "ResponseHeaders": {
        "Content-Length": [
          "163"
        ],
        "Content-Type": [
          "application/json; odata=minimalmetadata; streaming=true; charset=utf-8"
        ],
        "Expires": [
          "-1"
        ],
        "Cache-Control": [
          "no-cache"
        ],
        "Date": [
          "Wed, 31 Jan 2018 21:09:36 GMT"
        ],
        "Pragma": [
          "no-cache"
        ],
        "Server": [
          "Microsoft-IIS/8.5"
        ],
        "ocp-aad-diagnostics-server-name": [
          "jQn46b1YjW8EIarJT5QnYIj4o+mCIlp3UDf9d/G5Jlw="
        ],
        "request-id": [
          "d6309487-51e0-4a77-8849-8743610c3160"
        ],
        "client-request-id": [
          "5251c4e4-31b0-4ca0-80f4-14976fbbcfc6"
        ],
        "x-ms-dirapi-data-contract-version": [
          "1.6"
        ],
        "ocp-aad-session-key": [
          "dkb44KWPGgPNuGLJuR1f1qDd7HYJaBe7sDu57z6an_hqwSxqE1xBXfyXeqq6TV6i-8H3wKEwQI1fsHoCXnvmttGMCzsK2AQDUwNG_HaTXZTsfjFliudk29saKQTGUXMfbq9hsh9IwFGKBjTN-MiBGoCzGsczFUYwcl1mEc_7UJwYUtdpv_RBxOx2JmsC5u7o_s-fM0eLl5JFLgFQjStQxQ.PmK5rJ99lQszKCSQ_RHy6DJkkvks5d1Jfwc7bOJ7Sso"
        ],
        "X-Content-Type-Options": [
          "nosniff"
        ],
        "DataServiceVersion": [
          "3.0;"
        ],
        "Strict-Transport-Security": [
          "max-age=31536000; includeSubDomains"
        ],
        "Access-Control-Allow-Origin": [
          "*"
        ],
        "X-AspNet-Version": [
          "4.0.30319"
        ],
        "X-Powered-By": [
          "ASP.NET",
          "ASP.NET"
        ],
        "Duration": [
          "852742"
        ]
      },
      "StatusCode": 200
    },
    {
      "RequestUri": "/subscriptions/0b1f6471-1bf0-4dda-aec3-cb9272f09590/resourceGroups/rgnemv20e1848556c52/providers/Microsoft.KeyVault/vaults/vault2dd988313b80?api-version=2016-10-01",
      "EncodedRequestUri": "L3N1YnNjcmlwdGlvbnMvMGIxZjY0NzEtMWJmMC00ZGRhLWFlYzMtY2I5MjcyZjA5NTkwL3Jlc291cmNlR3JvdXBzL3JnbmVtdjIwZTE4NDg1NTZjNTIvcHJvdmlkZXJzL01pY3Jvc29mdC5LZXlWYXVsdC92YXVsdHMvdmF1bHQyZGQ5ODgzMTNiODA/YXBpLXZlcnNpb249MjAxNi0xMC0wMQ==",
      "RequestMethod": "PUT",
      "RequestBody": "{\r\n  \"location\": \"eastus\",\r\n  \"tags\": {},\r\n  \"properties\": {\r\n    \"tenantId\": \"54826b22-38d6-4fb2-bad9-b7b93a3e9c5a\",\r\n    \"sku\": {\r\n      \"name\": \"standard\",\r\n      \"family\": \"A\"\r\n    },\r\n    \"accessPolicies\": [\r\n      {\r\n        \"tenantId\": \"54826b22-38d6-4fb2-bad9-b7b93a3e9c5a\",\r\n        \"objectId\": \"effe7851-3ea3-4415-8884-11cc8a954dc5\",\r\n        \"permissions\": {\r\n          \"keys\": [\r\n            \"list\",\r\n            \"get\",\r\n            \"decrypt\"\r\n          ],\r\n          \"secrets\": [\r\n            \"get\"\r\n          ]\r\n        }\r\n      }\r\n    ]\r\n  }\r\n}",
      "RequestHeaders": {
        "Content-Type": [
          "application/json; charset=utf-8"
        ],
        "Content-Length": [
          "559"
        ],
        "x-ms-client-request-id": [
          "417a2278-38dd-44dd-96d7-b553dc0a4612"
        ],
        "accept-language": [
          "en-US"
        ],
        "User-Agent": [
          "FxVersion/4.6.25211.01",
          "Microsoft.Azure.Management.KeyVault.Fluent.KeyVaultManagementClient/1.4.1.0",
          "MacAddressHash/93f93940f54ee07c773810571862e333cedc421e986196b18f292794669a0df8"
        ]
      },
      "ResponseBody": "{\r\n  \"id\": \"/subscriptions/0b1f6471-1bf0-4dda-aec3-cb9272f09590/resourceGroups/rgnemv20e1848556c52/providers/Microsoft.KeyVault/vaults/vault2dd988313b80\",\r\n  \"name\": \"vault2dd988313b80\",\r\n  \"type\": \"Microsoft.KeyVault/vaults\",\r\n  \"location\": \"eastus\",\r\n  \"tags\": {},\r\n  \"properties\": {\r\n    \"sku\": {\r\n      \"family\": \"A\",\r\n      \"name\": \"standard\"\r\n    },\r\n    \"tenantId\": \"54826b22-38d6-4fb2-bad9-b7b93a3e9c5a\",\r\n    \"accessPolicies\": [\r\n      {\r\n        \"tenantId\": \"54826b22-38d6-4fb2-bad9-b7b93a3e9c5a\",\r\n        \"objectId\": \"effe7851-3ea3-4415-8884-11cc8a954dc5\",\r\n        \"permissions\": {\r\n          \"keys\": [\r\n            \"list\",\r\n            \"get\",\r\n            \"decrypt\"\r\n          ],\r\n          \"secrets\": [\r\n            \"get\"\r\n          ]\r\n        }\r\n      }\r\n    ],\r\n    \"enabledForDeployment\": false,\r\n    \"vaultUri\": \"https://vault2dd988313b80.vault.azure.net\"\r\n  }\r\n}",
      "ResponseHeaders": {
        "Content-Type": [
          "application/json; charset=utf-8"
        ],
        "Expires": [
          "-1"
        ],
        "Cache-Control": [
          "no-cache"
        ],
        "Date": [
          "Wed, 31 Jan 2018 21:09:37 GMT"
        ],
        "Pragma": [
          "no-cache"
        ],
        "Transfer-Encoding": [
          "chunked"
        ],
        "Server": [
          "Microsoft-IIS/8.5"
        ],
        "Vary": [
          "Accept-Encoding"
        ],
        "x-ms-keyvault-service-version": [
          "1.0.0.202"
        ],
        "Strict-Transport-Security": [
          "max-age=31536000; includeSubDomains"
        ],
        "X-Content-Type-Options": [
          "nosniff"
        ],
        "X-AspNet-Version": [
          "4.0.30319"
        ],
        "X-Powered-By": [
          "ASP.NET"
        ],
        "x-ms-ratelimit-remaining-subscription-writes": [
          "1160"
        ],
        "x-ms-request-id": [
          "e3eea708-6ae6-4b43-8a25-ded575a32550"
        ],
        "x-ms-correlation-request-id": [
          "e3eea708-6ae6-4b43-8a25-ded575a32550"
        ],
        "x-ms-routing-request-id": [
          "WESTUS2:20180131T210938Z:e3eea708-6ae6-4b43-8a25-ded575a32550"
        ]
      },
      "StatusCode": 200
    },
    {
      "RequestUri": "/subscriptions/0b1f6471-1bf0-4dda-aec3-cb9272f09590/resourceGroups/rgnemv20e1848556c52/providers/Microsoft.KeyVault/vaults?api-version=2016-10-01",
      "EncodedRequestUri": "L3N1YnNjcmlwdGlvbnMvMGIxZjY0NzEtMWJmMC00ZGRhLWFlYzMtY2I5MjcyZjA5NTkwL3Jlc291cmNlR3JvdXBzL3JnbmVtdjIwZTE4NDg1NTZjNTIvcHJvdmlkZXJzL01pY3Jvc29mdC5LZXlWYXVsdC92YXVsdHM/YXBpLXZlcnNpb249MjAxNi0xMC0wMQ==",
      "RequestMethod": "GET",
      "RequestBody": "",
      "RequestHeaders": {
        "x-ms-client-request-id": [
          "2d2e6cdd-02cf-463b-bdf8-a03bf949bde0"
        ],
        "accept-language": [
          "en-US"
        ],
        "User-Agent": [
          "FxVersion/4.6.25211.01",
          "Microsoft.Azure.Management.KeyVault.Fluent.KeyVaultManagementClient/1.4.1.0",
          "MacAddressHash/93f93940f54ee07c773810571862e333cedc421e986196b18f292794669a0df8"
        ]
      },
      "ResponseBody": "{\r\n  \"value\": [\r\n    {\r\n      \"id\": \"/subscriptions/0b1f6471-1bf0-4dda-aec3-cb9272f09590/resourceGroups/rgnemv20e1848556c52/providers/Microsoft.KeyVault/vaults/vault2dd988313b80\",\r\n      \"name\": \"vault2dd988313b80\",\r\n      \"type\": \"Microsoft.KeyVault/vaults\",\r\n      \"location\": \"eastus\",\r\n      \"tags\": {},\r\n      \"properties\": {\r\n        \"sku\": {\r\n          \"family\": \"A\",\r\n          \"name\": \"standard\"\r\n        },\r\n        \"tenantId\": \"54826b22-38d6-4fb2-bad9-b7b93a3e9c5a\",\r\n        \"accessPolicies\": [\r\n          {\r\n            \"tenantId\": \"54826b22-38d6-4fb2-bad9-b7b93a3e9c5a\",\r\n            \"objectId\": \"effe7851-3ea3-4415-8884-11cc8a954dc5\",\r\n            \"permissions\": {\r\n              \"keys\": [\r\n                \"list\",\r\n                \"get\",\r\n                \"decrypt\"\r\n              ],\r\n              \"secrets\": [\r\n                \"get\"\r\n              ]\r\n            }\r\n          }\r\n        ],\r\n        \"enabledForDeployment\": false,\r\n        \"vaultUri\": \"https://vault2dd988313b80.vault.azure.net/\"\r\n      }\r\n    },\r\n    {\r\n      \"id\": \"/subscriptions/0b1f6471-1bf0-4dda-aec3-cb9272f09590/resourceGroups/rgnemv20e1848556c52/providers/Microsoft.KeyVault/vaults/vault147f68397e96\",\r\n      \"name\": \"vault147f68397e96\",\r\n      \"type\": \"Microsoft.KeyVault/vaults\",\r\n      \"location\": \"westus\",\r\n      \"tags\": {},\r\n      \"properties\": {\r\n        \"sku\": {\r\n          \"family\": \"A\",\r\n          \"name\": \"standard\"\r\n        },\r\n        \"tenantId\": \"54826b22-38d6-4fb2-bad9-b7b93a3e9c5a\",\r\n        \"accessPolicies\": [\r\n          {\r\n            \"tenantId\": \"54826b22-38d6-4fb2-bad9-b7b93a3e9c5a\",\r\n            \"objectId\": \"effe7851-3ea3-4415-8884-11cc8a954dc5\",\r\n            \"permissions\": {\r\n              \"keys\": [\r\n                \"encrypt\",\r\n                \"decrypt\",\r\n                \"wrapKey\",\r\n                \"unwrapKey\",\r\n                \"sign\",\r\n                \"verify\",\r\n                \"get\",\r\n                \"list\",\r\n                \"create\",\r\n                \"update\",\r\n                \"import\",\r\n                \"delete\",\r\n                \"backup\",\r\n                \"restore\",\r\n                \"recover\",\r\n                \"purge\"\r\n              ],\r\n              \"secrets\": [\r\n                \"get\",\r\n                \"list\",\r\n                \"set\",\r\n                \"delete\",\r\n                \"backup\",\r\n                \"restore\",\r\n                \"recover\",\r\n                \"purge\"\r\n              ]\r\n            }\r\n          }\r\n        ],\r\n        \"enabledForDeployment\": true,\r\n        \"enabledForTemplateDeployment\": true,\r\n        \"vaultUri\": \"https://vault147f68397e96.vault.azure.net/\"\r\n      }\r\n    }\r\n  ],\r\n  \"nextLink\": \"https://management.azure.com/subscriptions/0b1f6471-1bf0-4dda-aec3-cb9272f09590/resourceGroups/rgnemv20e1848556c52/providers/Microsoft.KeyVault/vaults?api-version=2016-10-01&%24skiptoken=3Y%2fdToMwAEbfpTFeWdoisEFCzBLmTHSQZajRu9IWrKwtaQvZT%2fbuw9fw5rs6yTnfBWhx9G9S9w5kF7Be7ev3PcjAj%2feDyxBSVNNOKKF9QM%2bjFQEzCrmxcczKwUujHcINaZNoQSBpWgwjzimkgj1C1qThImxxGqcYWeHMaJnYWDMODtlOCzWFWJBltIzjhMUhGqyZJBfWoa1k1jjT%2buBVnD7oePBo%2blv3RAcJpxmZxXmISQIJhpjc37l%2brjG90DlXz6R52Z2%2bN7u4Krrzti5lVaxy8AA%2b1%2f%2fk3LEsuCp%2fu3NV80NVf%2bXger0B\"\r\n}",
      "ResponseHeaders": {
        "Content-Type": [
          "application/json; charset=utf-8"
        ],
        "Expires": [
          "-1"
        ],
        "Cache-Control": [
          "no-cache"
        ],
        "Date": [
          "Wed, 31 Jan 2018 21:09:37 GMT"
        ],
        "Pragma": [
          "no-cache"
        ],
        "Vary": [
          "Accept-Encoding"
        ],
        "x-ms-original-request-ids": [
          "",
          ""
        ],
        "x-ms-ratelimit-remaining-subscription-reads": [
          "14869"
        ],
        "x-ms-request-id": [
          "89c7bf40-92bd-41e3-b548-41182cd27969"
        ],
        "x-ms-correlation-request-id": [
          "89c7bf40-92bd-41e3-b548-41182cd27969"
        ],
        "x-ms-routing-request-id": [
          "WESTUS2:20180131T210938Z:89c7bf40-92bd-41e3-b548-41182cd27969"
        ],
        "Strict-Transport-Security": [
          "max-age=31536000; includeSubDomains"
        ]
      },
      "StatusCode": 200
    },
    {
      "RequestUri": "/subscriptions/0b1f6471-1bf0-4dda-aec3-cb9272f09590/resourceGroups/rgnemv20e1848556c52/providers/Microsoft.KeyVault/vaults?api-version=2016-10-01&%24skiptoken=3Y%2fdToMwAEbfpTFeWdoisEFCzBLmTHSQZajRu9IWrKwtaQvZT%2fbuw9fw5rs6yTnfBWhx9G9S9w5kF7Be7ev3PcjAj%2feDyxBSVNNOKKF9QM%2bjFQEzCrmxcczKwUujHcINaZNoQSBpWgwjzimkgj1C1qThImxxGqcYWeHMaJnYWDMODtlOCzWFWJBltIzjhMUhGqyZJBfWoa1k1jjT%2buBVnD7oePBo%2blv3RAcJpxmZxXmISQIJhpjc37l%2brjG90DlXz6R52Z2%2bN7u4Krrzti5lVaxy8AA%2b1%2f%2fk3LEsuCp%2fu3NV80NVf%2bXger0B",
      "EncodedRequestUri": "L3N1YnNjcmlwdGlvbnMvMGIxZjY0NzEtMWJmMC00ZGRhLWFlYzMtY2I5MjcyZjA5NTkwL3Jlc291cmNlR3JvdXBzL3JnbmVtdjIwZTE4NDg1NTZjNTIvcHJvdmlkZXJzL01pY3Jvc29mdC5LZXlWYXVsdC92YXVsdHM/YXBpLXZlcnNpb249MjAxNi0xMC0wMSYlMjRza2lwdG9rZW49M1klMmZkVG9Nd0FFYmZwVEZlV2RvaXNFRkN6QkxtVEhTUVphalJ1OUlXckt3dGFRdlpUJTJmYnV3OWZ3NXJzNnlUbmZCV2h4OUc5Uzl3NWtGN0JlN2V2M1BjakFqJTJmZUR5eEJTVk5OT0tLRjlRTSUyYmpGUUV6Q3JteGNjekt3VXVqSGNJTmFaTm9RU0JwV2d3anppbWtnajFDMXFUaElteHhHcWNZV2VITWFKbllXRE1PRHRsT0N6V0ZXSkJsdEl6amhNVWhHcXlaSkJmV29hMWsxampUJTJidUJWbkQ3b2VQQm8lMmJsdjNSQWNKcHhtWnhYbUlTUUlKaHBqYzM3bCUyYnJqRzkwRGxYejZSNTJaMiUyYk43dTRLcnJ6dGk1bFZheHk4QUElMmIxJTJmJTJmazNMRXN1Q3AlMmZ1M05WODBOVmYlMmJYZ2VyMEI=",
      "RequestMethod": "GET",
      "RequestBody": "",
      "RequestHeaders": {
        "x-ms-client-request-id": [
          "a2f8824d-1a7b-47b7-8e8b-e540ffdce4a3"
        ],
        "accept-language": [
          "en-US"
        ],
        "User-Agent": [
          "FxVersion/4.6.25211.01",
          "Microsoft.Azure.Management.KeyVault.Fluent.KeyVaultManagementClient/1.4.1.0",
          "MacAddressHash/93f93940f54ee07c773810571862e333cedc421e986196b18f292794669a0df8"
        ]
      },
      "ResponseBody": "{\r\n  \"value\": []\r\n}",
      "ResponseHeaders": {
        "Content-Type": [
          "application/json; charset=utf-8"
        ],
        "Expires": [
          "-1"
        ],
        "Cache-Control": [
          "no-cache"
        ],
        "Date": [
          "Wed, 31 Jan 2018 21:09:38 GMT"
        ],
        "Pragma": [
          "no-cache"
        ],
        "Vary": [
          "Accept-Encoding"
        ],
        "x-ms-original-request-ids": [
          "",
          ""
        ],
        "x-ms-ratelimit-remaining-subscription-reads": [
          "14868"
        ],
        "x-ms-request-id": [
          "dafa4276-5305-46db-966c-23069f298717"
        ],
        "x-ms-correlation-request-id": [
          "dafa4276-5305-46db-966c-23069f298717"
        ],
        "x-ms-routing-request-id": [
          "WESTUS2:20180131T210938Z:dafa4276-5305-46db-966c-23069f298717"
        ],
        "Strict-Transport-Security": [
          "max-age=31536000; includeSubDomains"
        ]
      },
      "StatusCode": 200
    },
    {
      "RequestUri": "/subscriptions/0b1f6471-1bf0-4dda-aec3-cb9272f09590/resourceGroups/rgnemv20e1848556c52/providers/Microsoft.KeyVault/vaults/vault147f68397e96?api-version=2016-10-01",
      "EncodedRequestUri": "L3N1YnNjcmlwdGlvbnMvMGIxZjY0NzEtMWJmMC00ZGRhLWFlYzMtY2I5MjcyZjA5NTkwL3Jlc291cmNlR3JvdXBzL3JnbmVtdjIwZTE4NDg1NTZjNTIvcHJvdmlkZXJzL01pY3Jvc29mdC5LZXlWYXVsdC92YXVsdHMvdmF1bHQxNDdmNjgzOTdlOTY/YXBpLXZlcnNpb249MjAxNi0xMC0wMQ==",
      "RequestMethod": "DELETE",
      "RequestBody": "",
      "RequestHeaders": {
        "x-ms-client-request-id": [
          "ba39853e-5c01-4c79-94fa-f364920953f5"
        ],
        "accept-language": [
          "en-US"
        ],
        "User-Agent": [
          "FxVersion/4.6.25211.01",
          "Microsoft.Azure.Management.KeyVault.Fluent.KeyVaultManagementClient/1.4.1.0",
          "MacAddressHash/93f93940f54ee07c773810571862e333cedc421e986196b18f292794669a0df8"
        ]
      },
      "ResponseBody": "",
      "ResponseHeaders": {
        "Content-Length": [
          "0"
        ],
        "Expires": [
          "-1"
        ],
        "Cache-Control": [
          "no-cache"
        ],
        "Date": [
          "Wed, 31 Jan 2018 21:09:39 GMT"
        ],
        "Pragma": [
          "no-cache"
        ],
        "Server": [
          "Microsoft-IIS/8.5"
        ],
        "x-ms-keyvault-service-version": [
          "1.0.0.202"
        ],
        "Strict-Transport-Security": [
          "max-age=31536000; includeSubDomains"
        ],
        "X-Content-Type-Options": [
          "nosniff"
        ],
        "X-AspNet-Version": [
          "4.0.30319"
        ],
        "X-Powered-By": [
          "ASP.NET"
        ],
        "x-ms-ratelimit-remaining-subscription-writes": [
          "1159"
        ],
        "x-ms-request-id": [
          "796e7431-d5fd-4cce-b9f4-e3e04978d133"
        ],
        "x-ms-correlation-request-id": [
          "796e7431-d5fd-4cce-b9f4-e3e04978d133"
        ],
        "x-ms-routing-request-id": [
          "WESTUS2:20180131T210939Z:796e7431-d5fd-4cce-b9f4-e3e04978d133"
        ]
      },
      "StatusCode": 200
    },
    {
      "RequestUri": "/subscriptions/0b1f6471-1bf0-4dda-aec3-cb9272f09590/resourceGroups/rgnemv20e1848556c52/providers/Microsoft.KeyVault/vaults/vault2dd988313b80?api-version=2016-10-01",
      "EncodedRequestUri": "L3N1YnNjcmlwdGlvbnMvMGIxZjY0NzEtMWJmMC00ZGRhLWFlYzMtY2I5MjcyZjA5NTkwL3Jlc291cmNlR3JvdXBzL3JnbmVtdjIwZTE4NDg1NTZjNTIvcHJvdmlkZXJzL01pY3Jvc29mdC5LZXlWYXVsdC92YXVsdHMvdmF1bHQyZGQ5ODgzMTNiODA/YXBpLXZlcnNpb249MjAxNi0xMC0wMQ==",
      "RequestMethod": "DELETE",
      "RequestBody": "",
      "RequestHeaders": {
        "x-ms-client-request-id": [
          "a9e98d9f-f79e-46fa-8f58-f19638ddf825"
        ],
        "accept-language": [
          "en-US"
        ],
        "User-Agent": [
          "FxVersion/4.6.25211.01",
          "Microsoft.Azure.Management.KeyVault.Fluent.KeyVaultManagementClient/1.4.1.0",
          "MacAddressHash/93f93940f54ee07c773810571862e333cedc421e986196b18f292794669a0df8"
        ]
      },
      "ResponseBody": "",
      "ResponseHeaders": {
        "Content-Length": [
          "0"
        ],
        "Expires": [
          "-1"
        ],
        "Cache-Control": [
          "no-cache"
        ],
        "Date": [
          "Wed, 31 Jan 2018 21:09:40 GMT"
        ],
        "Pragma": [
          "no-cache"
        ],
        "Server": [
          "Microsoft-IIS/8.5"
        ],
        "x-ms-keyvault-service-version": [
          "1.0.0.202"
        ],
        "Strict-Transport-Security": [
          "max-age=31536000; includeSubDomains"
        ],
        "X-Content-Type-Options": [
          "nosniff"
        ],
        "X-AspNet-Version": [
          "4.0.30319"
        ],
        "X-Powered-By": [
          "ASP.NET"
        ],
        "x-ms-ratelimit-remaining-subscription-writes": [
          "1158"
        ],
        "x-ms-request-id": [
          "a82c7924-4837-4294-81e4-c24ef97a1732"
        ],
        "x-ms-correlation-request-id": [
          "a82c7924-4837-4294-81e4-c24ef97a1732"
        ],
        "x-ms-routing-request-id": [
          "WESTUS2:20180131T210941Z:a82c7924-4837-4294-81e4-c24ef97a1732"
        ]
      },
      "StatusCode": 200
    },
    {
      "RequestUri": "/subscriptions/0b1f6471-1bf0-4dda-aec3-cb9272f09590/resourcegroups/rgnemv20e1848556c52?api-version=2017-05-10",
      "EncodedRequestUri": "L3N1YnNjcmlwdGlvbnMvMGIxZjY0NzEtMWJmMC00ZGRhLWFlYzMtY2I5MjcyZjA5NTkwL3Jlc291cmNlZ3JvdXBzL3JnbmVtdjIwZTE4NDg1NTZjNTI/YXBpLXZlcnNpb249MjAxNy0wNS0xMA==",
      "RequestMethod": "DELETE",
      "RequestBody": "",
      "RequestHeaders": {
        "x-ms-client-request-id": [
          "8561e2ef-902e-49fe-9c8b-36739fc1b631"
        ],
        "accept-language": [
          "en-US"
        ],
        "User-Agent": [
          "FxVersion/4.6.25211.01",
          "Microsoft.Azure.Management.ResourceManager.Fluent.ResourceManagementClient/1.4.1.0",
          "MacAddressHash/93f93940f54ee07c773810571862e333cedc421e986196b18f292794669a0df8"
        ]
      },
      "ResponseBody": "",
      "ResponseHeaders": {
        "Content-Length": [
          "0"
        ],
        "Expires": [
          "-1"
        ],
        "Cache-Control": [
          "no-cache"
        ],
        "Date": [
          "Wed, 31 Jan 2018 21:09:41 GMT"
        ],
        "Pragma": [
          "no-cache"
        ],
        "Location": [
          "https://management.azure.com/subscriptions/0b1f6471-1bf0-4dda-aec3-cb9272f09590/operationresults/eyJqb2JJZCI6IlJFU09VUkNFR1JPVVBERUxFVElPTkpPQi1SR05FTVYyMEUxODQ4NTU2QzUyLVdFU1RVUyIsImpvYkxvY2F0aW9uIjoid2VzdHVzIn0?api-version=2016-02-01"
        ],
        "Retry-After": [
          "15"
        ],
        "x-ms-ratelimit-remaining-subscription-writes": [
          "1157"
        ],
        "x-ms-request-id": [
          "d78069bf-22ad-439d-aec5-662ab41d0a6b"
        ],
        "x-ms-correlation-request-id": [
          "d78069bf-22ad-439d-aec5-662ab41d0a6b"
        ],
        "x-ms-routing-request-id": [
          "WESTUS2:20180131T210941Z:d78069bf-22ad-439d-aec5-662ab41d0a6b"
        ],
        "Strict-Transport-Security": [
          "max-age=31536000; includeSubDomains"
        ]
      },
      "StatusCode": 202
    },
    {
      "RequestUri": "/subscriptions/0b1f6471-1bf0-4dda-aec3-cb9272f09590/operationresults/eyJqb2JJZCI6IlJFU09VUkNFR1JPVVBERUxFVElPTkpPQi1SR05FTVYyMEUxODQ4NTU2QzUyLVdFU1RVUyIsImpvYkxvY2F0aW9uIjoid2VzdHVzIn0?api-version=2016-02-01",
      "EncodedRequestUri": "L3N1YnNjcmlwdGlvbnMvMGIxZjY0NzEtMWJmMC00ZGRhLWFlYzMtY2I5MjcyZjA5NTkwL29wZXJhdGlvbnJlc3VsdHMvZXlKcWIySkpaQ0k2SWxKRlUwOVZVa05GUjFKUFZWQkVSVXhGVkVsUFRrcFBRaTFTUjA1RlRWWXlNRVV4T0RRNE5UVTJRelV5TFZkRlUxUlZVeUlzSW1wdllreHZZMkYwYVc5dUlqb2lkMlZ6ZEhWekluMD9hcGktdmVyc2lvbj0yMDE2LTAyLTAx",
      "RequestMethod": "GET",
      "RequestBody": "",
      "RequestHeaders": {
        "User-Agent": [
          "FxVersion/4.6.25211.01",
          "Microsoft.Azure.Management.ResourceManager.Fluent.ResourceManagementClient/1.4.1.0",
          "MacAddressHash/93f93940f54ee07c773810571862e333cedc421e986196b18f292794669a0df8"
        ]
      },
      "ResponseBody": "",
      "ResponseHeaders": {
        "Content-Length": [
          "0"
        ],
        "Expires": [
          "-1"
        ],
        "Cache-Control": [
          "no-cache"
        ],
        "Date": [
          "Wed, 31 Jan 2018 21:09:56 GMT"
        ],
        "Pragma": [
          "no-cache"
        ],
        "Location": [
          "https://management.azure.com/subscriptions/0b1f6471-1bf0-4dda-aec3-cb9272f09590/operationresults/eyJqb2JJZCI6IlJFU09VUkNFR1JPVVBERUxFVElPTkpPQi1SR05FTVYyMEUxODQ4NTU2QzUyLVdFU1RVUyIsImpvYkxvY2F0aW9uIjoid2VzdHVzIn0?api-version=2016-02-01"
        ],
        "Retry-After": [
          "15"
        ],
        "x-ms-ratelimit-remaining-subscription-reads": [
          "14867"
        ],
        "x-ms-request-id": [
          "f5e34e3b-714c-4760-8e9e-09bd78d14372"
        ],
        "x-ms-correlation-request-id": [
          "f5e34e3b-714c-4760-8e9e-09bd78d14372"
        ],
        "x-ms-routing-request-id": [
          "WESTUS2:20180131T210956Z:f5e34e3b-714c-4760-8e9e-09bd78d14372"
        ],
        "Strict-Transport-Security": [
          "max-age=31536000; includeSubDomains"
        ]
      },
      "StatusCode": 202
    },
    {
      "RequestUri": "/subscriptions/0b1f6471-1bf0-4dda-aec3-cb9272f09590/operationresults/eyJqb2JJZCI6IlJFU09VUkNFR1JPVVBERUxFVElPTkpPQi1SR05FTVYyMEUxODQ4NTU2QzUyLVdFU1RVUyIsImpvYkxvY2F0aW9uIjoid2VzdHVzIn0?api-version=2016-02-01",
      "EncodedRequestUri": "L3N1YnNjcmlwdGlvbnMvMGIxZjY0NzEtMWJmMC00ZGRhLWFlYzMtY2I5MjcyZjA5NTkwL29wZXJhdGlvbnJlc3VsdHMvZXlKcWIySkpaQ0k2SWxKRlUwOVZVa05GUjFKUFZWQkVSVXhGVkVsUFRrcFBRaTFTUjA1RlRWWXlNRVV4T0RRNE5UVTJRelV5TFZkRlUxUlZVeUlzSW1wdllreHZZMkYwYVc5dUlqb2lkMlZ6ZEhWekluMD9hcGktdmVyc2lvbj0yMDE2LTAyLTAx",
      "RequestMethod": "GET",
      "RequestBody": "",
      "RequestHeaders": {
        "User-Agent": [
          "FxVersion/4.6.25211.01",
          "Microsoft.Azure.Management.ResourceManager.Fluent.ResourceManagementClient/1.4.1.0",
          "MacAddressHash/93f93940f54ee07c773810571862e333cedc421e986196b18f292794669a0df8"
        ]
      },
      "ResponseBody": "",
      "ResponseHeaders": {
        "Content-Length": [
          "0"
        ],
        "Expires": [
          "-1"
        ],
        "Cache-Control": [
          "no-cache"
        ],
        "Date": [
          "Wed, 31 Jan 2018 21:10:11 GMT"
        ],
        "Pragma": [
          "no-cache"
        ],
        "Location": [
          "https://management.azure.com/subscriptions/0b1f6471-1bf0-4dda-aec3-cb9272f09590/operationresults/eyJqb2JJZCI6IlJFU09VUkNFR1JPVVBERUxFVElPTkpPQi1SR05FTVYyMEUxODQ4NTU2QzUyLVdFU1RVUyIsImpvYkxvY2F0aW9uIjoid2VzdHVzIn0?api-version=2016-02-01"
        ],
        "Retry-After": [
          "15"
        ],
        "x-ms-ratelimit-remaining-subscription-reads": [
          "14876"
        ],
        "x-ms-request-id": [
          "d6663b47-fd26-4bf8-b345-c81eb8944a77"
        ],
        "x-ms-correlation-request-id": [
          "d6663b47-fd26-4bf8-b345-c81eb8944a77"
        ],
        "x-ms-routing-request-id": [
          "WESTUS2:20180131T211011Z:d6663b47-fd26-4bf8-b345-c81eb8944a77"
        ],
        "Strict-Transport-Security": [
          "max-age=31536000; includeSubDomains"
        ]
      },
      "StatusCode": 202
    },
    {
      "RequestUri": "/subscriptions/0b1f6471-1bf0-4dda-aec3-cb9272f09590/operationresults/eyJqb2JJZCI6IlJFU09VUkNFR1JPVVBERUxFVElPTkpPQi1SR05FTVYyMEUxODQ4NTU2QzUyLVdFU1RVUyIsImpvYkxvY2F0aW9uIjoid2VzdHVzIn0?api-version=2016-02-01",
      "EncodedRequestUri": "L3N1YnNjcmlwdGlvbnMvMGIxZjY0NzEtMWJmMC00ZGRhLWFlYzMtY2I5MjcyZjA5NTkwL29wZXJhdGlvbnJlc3VsdHMvZXlKcWIySkpaQ0k2SWxKRlUwOVZVa05GUjFKUFZWQkVSVXhGVkVsUFRrcFBRaTFTUjA1RlRWWXlNRVV4T0RRNE5UVTJRelV5TFZkRlUxUlZVeUlzSW1wdllreHZZMkYwYVc5dUlqb2lkMlZ6ZEhWekluMD9hcGktdmVyc2lvbj0yMDE2LTAyLTAx",
      "RequestMethod": "GET",
      "RequestBody": "",
      "RequestHeaders": {
        "User-Agent": [
          "FxVersion/4.6.25211.01",
          "Microsoft.Azure.Management.ResourceManager.Fluent.ResourceManagementClient/1.4.1.0",
          "MacAddressHash/93f93940f54ee07c773810571862e333cedc421e986196b18f292794669a0df8"
        ]
      },
      "ResponseBody": "",
      "ResponseHeaders": {
        "Content-Length": [
          "0"
        ],
        "Expires": [
          "-1"
        ],
        "Cache-Control": [
          "no-cache"
        ],
        "Date": [
          "Wed, 31 Jan 2018 21:10:26 GMT"
        ],
        "Pragma": [
          "no-cache"
        ],
        "x-ms-ratelimit-remaining-subscription-reads": [
          "14875"
        ],
        "x-ms-request-id": [
          "2a20a52d-85fc-4502-9750-3b8d7f545600"
        ],
        "x-ms-correlation-request-id": [
          "2a20a52d-85fc-4502-9750-3b8d7f545600"
        ],
        "x-ms-routing-request-id": [
          "WESTUS2:20180131T211027Z:2a20a52d-85fc-4502-9750-3b8d7f545600"
        ],
        "Strict-Transport-Security": [
          "max-age=31536000; includeSubDomains"
        ]
      },
      "StatusCode": 200
    }
  ],
  "Names": {
    "ManageKeyVaultTest": [
      "vault147f68397e96",
      "vault2dd988313b80",
      "rgnemv20e1848556c52"
    ]
  },
  "Variables": {
    "ServicePrincipal": "30025a6e-6179-4064-9bef-b52de61a4c9c",
    "AADTenant": "54826b22-38d6-4fb2-bad9-b7b93a3e9c5a",
    "SubscriptionId": "0b1f6471-1bf0-4dda-aec3-cb9272f09590"
  }
}