{
  "Entries": [
    {
      "RequestUri": "/subscriptions/0b1f6471-1bf0-4dda-aec3-cb9272f09590/resourcegroups/csmrg3041?api-version=2019-08-01",
      "EncodedRequestUri": "L3N1YnNjcmlwdGlvbnMvMGIxZjY0NzEtMWJmMC00ZGRhLWFlYzMtY2I5MjcyZjA5NTkwL3Jlc291cmNlZ3JvdXBzL2NzbXJnMzA0MT9hcGktdmVyc2lvbj0yMDE5LTA4LTAx",
      "RequestMethod": "PUT",
      "RequestBody": "{\r\n  \"location\": \"eastus\"\r\n}",
      "RequestHeaders": {
        "x-ms-client-request-id": [
          "c3ef1b71-a79d-4d6b-af0a-e4a05612c117"
        ],
        "accept-language": [
          "en-US"
        ],
        "User-Agent": [
          "FxVersion/4.6.00001.0",
          "OSName/Windows",
          "OSVersion/Microsoft.Windows.10.0.18362.",
          "Microsoft.Azure.Management.ResourceManager.Fluent.ResourceManagementClient/1.0.0.63",
          "MacAddressHash/1602a96894beea5b1968297c8c5f4c8f29d85699afaf178b189663657c138695"
        ],
        "Content-Type": [
          "application/json; charset=utf-8"
        ],
        "Content-Length": [
          "28"
        ]
      },
      "ResponseHeaders": {
        "Cache-Control": [
          "no-cache"
        ],
        "Date": [
          "Thu, 06 Feb 2020 03:26:17 GMT"
        ],
        "Pragma": [
          "no-cache"
        ],
        "x-ms-ratelimit-remaining-subscription-writes": [
          "1199"
        ],
        "x-ms-request-id": [
          "880a3fcd-640e-4f5f-be41-e25edf584dc2"
        ],
        "x-ms-correlation-request-id": [
          "880a3fcd-640e-4f5f-be41-e25edf584dc2"
        ],
        "x-ms-routing-request-id": [
          "SOUTHEASTASIA:20200206T032617Z:880a3fcd-640e-4f5f-be41-e25edf584dc2"
        ],
        "Strict-Transport-Security": [
          "max-age=31536000; includeSubDomains"
        ],
        "X-Content-Type-Options": [
          "nosniff"
        ],
        "Content-Length": [
          "215"
        ],
        "Content-Type": [
          "application/json; charset=utf-8"
        ],
        "Expires": [
          "-1"
        ]
      },
      "ResponseBody": "{\r\n  \"id\": \"/subscriptions/0b1f6471-1bf0-4dda-aec3-cb9272f09590/resourceGroups/csmrg3041\",\r\n  \"name\": \"csmrg3041\",\r\n  \"type\": \"Microsoft.Resources/resourceGroups\",\r\n  \"location\": \"eastus\",\r\n  \"properties\": {\r\n    \"provisioningState\": \"Succeeded\"\r\n  }\r\n}",
      "StatusCode": 201
    },
    {
      "RequestUri": "/subscriptions/0b1f6471-1bf0-4dda-aec3-cb9272f09590/resourcegroups/csmrg3041/providers/Microsoft.Web//sites/rgweb2417?api-version=2019-08-01",
      "EncodedRequestUri": "L3N1YnNjcmlwdGlvbnMvMGIxZjY0NzEtMWJmMC00ZGRhLWFlYzMtY2I5MjcyZjA5NTkwL3Jlc291cmNlZ3JvdXBzL2NzbXJnMzA0MS9wcm92aWRlcnMvTWljcm9zb2Z0LldlYi8vc2l0ZXMvcmd3ZWIyNDE3P2FwaS12ZXJzaW9uPTIwMTktMDgtMDE=",
      "RequestMethod": "PUT",
      "RequestBody": "{\r\n  \"properties\": {\r\n    \"SiteMode\": \"Limited\",\r\n    \"ComputeMode\": \"Shared\"\r\n  },\r\n  \"location\": \"eastus\",\r\n  \"tags\": {}\r\n}",
      "RequestHeaders": {
        "x-ms-client-request-id": [
          "f7e3a74a-2f22-4db0-91a7-349500fa6c06"
        ],
        "accept-language": [
          "en-US"
        ],
        "User-Agent": [
          "FxVersion/4.6.00001.0",
          "OSName/Windows",
          "OSVersion/Microsoft.Windows.10.0.18362.",
          "Microsoft.Azure.Management.ResourceManager.Fluent.ResourceManagementClient/1.0.0.63",
          "MacAddressHash/1602a96894beea5b1968297c8c5f4c8f29d85699afaf178b189663657c138695"
        ],
        "Content-Type": [
          "application/json; charset=utf-8"
        ],
        "Content-Length": [
          "125"
        ]
      },
      "ResponseHeaders": {
        "Cache-Control": [
          "no-cache"
        ],
        "Date": [
          "Thu, 06 Feb 2020 03:26:46 GMT"
        ],
        "Pragma": [
          "no-cache"
        ],
        "ETag": [
          "\"1D5DC9D383D9335\""
        ],
        "Server": [
          "Microsoft-IIS/10.0"
        ],
        "Strict-Transport-Security": [
          "max-age=31536000; includeSubDomains"
        ],
        "x-ms-request-id": [
          "bdf4aed1-21ab-4d86-91c7-9f869c9c4ee1"
        ],
        "X-AspNet-Version": [
          "4.0.30319"
        ],
        "X-Powered-By": [
          "ASP.NET"
        ],
        "x-ms-ratelimit-remaining-subscription-resource-requests": [
          "499"
        ],
        "x-ms-correlation-request-id": [
          "b7b439cf-2254-4cd1-901d-82b03486c0b7"
        ],
        "x-ms-routing-request-id": [
          "SOUTHEASTASIA:20200206T032646Z:b7b439cf-2254-4cd1-901d-82b03486c0b7"
        ],
        "X-Content-Type-Options": [
          "nosniff"
        ],
        "Content-Length": [
          "3103"
        ],
        "Content-Type": [
          "application/json"
        ],
        "Expires": [
          "-1"
        ]
      },
      "ResponseBody": "{\r\n  \"id\": \"/subscriptions/0b1f6471-1bf0-4dda-aec3-cb9272f09590/resourceGroups/csmrg3041/providers/Microsoft.Web/sites/rgweb2417\",\r\n  \"name\": \"rgweb2417\",\r\n  \"type\": \"Microsoft.Web/sites\",\r\n  \"kind\": \"app\",\r\n  \"location\": \"eastus\",\r\n  \"tags\": {},\r\n  \"properties\": {\r\n    \"name\": \"rgweb2417\",\r\n    \"state\": \"Running\",\r\n    \"hostNames\": [\r\n      \"rgweb2417.azurewebsites.net\"\r\n    ],\r\n    \"webSpace\": \"csmrg3041-EastUSwebspace\",\r\n    \"selfLink\": \"https://waws-prod-blu-165.api.azurewebsites.windows.net:454/subscriptions/0b1f6471-1bf0-4dda-aec3-cb9272f09590/webspaces/csmrg3041-EastUSwebspace/sites/rgweb2417\",\r\n    \"repositorySiteName\": \"rgweb2417\",\r\n    \"owner\": null,\r\n    \"usageState\": \"Normal\",\r\n    \"enabled\": true,\r\n    \"adminEnabled\": true,\r\n    \"enabledHostNames\": [\r\n      \"rgweb2417.azurewebsites.net\",\r\n      \"rgweb2417.scm.azurewebsites.net\"\r\n    ],\r\n    \"siteProperties\": {\r\n      \"metadata\": null,\r\n      \"properties\": [\r\n        {\r\n          \"name\": \"LinuxFxVersion\",\r\n          \"value\": \"\"\r\n        },\r\n        {\r\n          \"name\": \"WindowsFxVersion\",\r\n          \"value\": null\r\n        }\r\n      ],\r\n      \"appSettings\": null\r\n    },\r\n    \"availabilityState\": \"Normal\",\r\n    \"sslCertificates\": null,\r\n    \"csrs\": [],\r\n    \"cers\": null,\r\n    \"siteMode\": null,\r\n    \"hostNameSslStates\": [\r\n      {\r\n        \"name\": \"rgweb2417.azurewebsites.net\",\r\n        \"sslState\": \"Disabled\",\r\n        \"ipBasedSslResult\": null,\r\n        \"virtualIP\": null,\r\n        \"thumbprint\": null,\r\n        \"toUpdate\": null,\r\n        \"toUpdateIpBasedSsl\": null,\r\n        \"ipBasedSslState\": \"NotConfigured\",\r\n        \"hostType\": \"Standard\"\r\n      },\r\n      {\r\n        \"name\": \"rgweb2417.scm.azurewebsites.net\",\r\n        \"sslState\": \"Disabled\",\r\n        \"ipBasedSslResult\": null,\r\n        \"virtualIP\": null,\r\n        \"thumbprint\": null,\r\n        \"toUpdate\": null,\r\n        \"toUpdateIpBasedSsl\": null,\r\n        \"ipBasedSslState\": \"NotConfigured\",\r\n        \"hostType\": \"Repository\"\r\n      }\r\n    ],\r\n    \"computeMode\": null,\r\n    \"serverFarm\": null,\r\n    \"serverFarmId\": \"/subscriptions/0b1f6471-1bf0-4dda-aec3-cb9272f09590/resourceGroups/csmrg3041/providers/Microsoft.Web/serverfarms/Default1xw\",\r\n    \"reserved\": false,\r\n    \"isXenon\": false,\r\n    \"hyperV\": false,\r\n    \"lastModifiedTimeUtc\": \"2020-02-06T03:26:28.79\",\r\n    \"storageRecoveryDefaultState\": \"Running\",\r\n    \"contentAvailabilityState\": \"Normal\",\r\n    \"runtimeAvailabilityState\": \"Normal\",\r\n    \"siteConfig\": null,\r\n    \"deploymentId\": \"rgweb2417\",\r\n    \"trafficManagerHostNames\": null,\r\n    \"sku\": \"Free\",\r\n    \"scmSiteAlsoStopped\": false,\r\n    \"targetSwapSlot\": null,\r\n    \"hostingEnvironment\": null,\r\n    \"hostingEnvironmentProfile\": null,\r\n    \"clientAffinityEnabled\": true,\r\n    \"clientCertEnabled\": false,\r\n    \"clientCertExclusionPaths\": null,\r\n    \"hostNamesDisabled\": false,\r\n    \"domainVerificationIdentifiers\": null,\r\n    \"customDomainVerificationId\": \"7439D79D4685842F4BBAEBBD23B5421A1C27C69707E0F8BF072B6F410C3D711C\",\r\n    \"kind\": \"app\",\r\n    \"inboundIpAddress\": \"40.71.11.142\",\r\n    \"possibleInboundIpAddresses\": \"40.71.11.142\",\r\n    \"outboundIpAddresses\": \"40.71.11.142,137.117.46.248,104.211.0.27,137.117.46.62,168.61.46.64\",\r\n    \"possibleOutboundIpAddresses\": \"40.71.11.142,137.117.46.248,104.211.0.27,137.117.46.62,168.61.46.64,168.61.47.22,104.211.3.34,137.117.45.230,104.211.2.38,104.211.3.100\",\r\n    \"containerSize\": 0,\r\n    \"dailyMemoryTimeQuota\": 0,\r\n    \"suspendedTill\": null,\r\n    \"siteDisabledReason\": 0,\r\n    \"functionExecutionUnitsCache\": null,\r\n    \"maxNumberOfWorkers\": null,\r\n    \"homeStamp\": \"waws-prod-blu-165\",\r\n    \"cloningInfo\": null,\r\n    \"hostingEnvironmentId\": null,\r\n    \"tags\": {},\r\n    \"resourceGroup\": \"csmrg3041\",\r\n    \"defaultHostName\": \"rgweb2417.azurewebsites.net\",\r\n    \"slotSwapStatus\": null,\r\n    \"httpsOnly\": false,\r\n    \"redundancyMode\": \"None\",\r\n    \"inProgressOperationId\": null,\r\n    \"geoDistributions\": null,\r\n    \"privateEndpointConnections\": null,\r\n    \"buildVersion\": null,\r\n    \"targetBuildVersion\": null\r\n  }\r\n}",
      "StatusCode": 200
    },
    {
      "RequestUri": "/subscriptions/0b1f6471-1bf0-4dda-aec3-cb9272f09590/resourceGroups/csmrg3041/resources?api-version=2019-08-01",
      "EncodedRequestUri": "L3N1YnNjcmlwdGlvbnMvMGIxZjY0NzEtMWJmMC00ZGRhLWFlYzMtY2I5MjcyZjA5NTkwL3Jlc291cmNlR3JvdXBzL2NzbXJnMzA0MS9yZXNvdXJjZXM/YXBpLXZlcnNpb249MjAxOS0wOC0wMQ==",
      "RequestMethod": "GET",
      "RequestBody": "",
      "RequestHeaders": {
        "x-ms-client-request-id": [
          "b27476b5-b0bb-49d8-8a2c-d17925851963"
        ],
        "accept-language": [
          "en-US"
        ],
        "User-Agent": [
          "FxVersion/4.6.00001.0",
          "OSName/Windows",
          "OSVersion/Microsoft.Windows.10.0.18362.",
          "Microsoft.Azure.Management.ResourceManager.Fluent.ResourceManagementClient/1.0.0.63",
          "MacAddressHash/1602a96894beea5b1968297c8c5f4c8f29d85699afaf178b189663657c138695"
        ]
      },
      "ResponseHeaders": {
        "Cache-Control": [
          "no-cache"
        ],
        "Date": [
          "Thu, 06 Feb 2020 03:26:46 GMT"
        ],
        "Pragma": [
          "no-cache"
        ],
        "x-ms-ratelimit-remaining-subscription-reads": [
          "11998"
        ],
        "x-ms-request-id": [
          "6d1d13c7-5f4a-4fdb-916c-6881e3c765b7"
        ],
        "x-ms-correlation-request-id": [
          "6d1d13c7-5f4a-4fdb-916c-6881e3c765b7"
        ],
        "x-ms-routing-request-id": [
          "SOUTHEASTASIA:20200206T032646Z:6d1d13c7-5f4a-4fdb-916c-6881e3c765b7"
        ],
        "Strict-Transport-Security": [
          "max-age=31536000; includeSubDomains"
        ],
        "X-Content-Type-Options": [
          "nosniff"
        ],
        "Content-Length": [
          "228"
        ],
        "Content-Type": [
          "application/json; charset=utf-8"
        ],
        "Expires": [
          "-1"
        ]
      },
      "ResponseBody": "{\r\n  \"value\": [\r\n    {\r\n      \"id\": \"/subscriptions/0b1f6471-1bf0-4dda-aec3-cb9272f09590/resourceGroups/csmrg3041/providers/Microsoft.Web/sites/rgweb2417\",\r\n      \"name\": \"rgweb2417\",\r\n      \"type\": \"Microsoft.Web/sites\",\r\n      \"kind\": \"app\",\r\n      \"location\": \"eastus\",\r\n      \"tags\": {}\r\n    }\r\n  ]\r\n}",
      "StatusCode": 200
    },
    {
      "RequestUri": "/subscriptions/0b1f6471-1bf0-4dda-aec3-cb9272f09590/resourcegroups/csmrg3041/providers/Microsoft.Web//sites/rgweb2417?api-version=2019-08-01",
      "EncodedRequestUri": "L3N1YnNjcmlwdGlvbnMvMGIxZjY0NzEtMWJmMC00ZGRhLWFlYzMtY2I5MjcyZjA5NTkwL3Jlc291cmNlZ3JvdXBzL2NzbXJnMzA0MS9wcm92aWRlcnMvTWljcm9zb2Z0LldlYi8vc2l0ZXMvcmd3ZWIyNDE3P2FwaS12ZXJzaW9uPTIwMTktMDgtMDE=",
      "RequestMethod": "GET",
      "RequestBody": "",
      "RequestHeaders": {
        "x-ms-client-request-id": [
          "aa5495f8-41a7-4673-8af0-1bcdcd9ebb9e"
        ],
        "accept-language": [
          "en-US"
        ],
        "User-Agent": [
          "FxVersion/4.6.00001.0",
          "OSName/Windows",
          "OSVersion/Microsoft.Windows.10.0.18362.",
          "Microsoft.Azure.Management.ResourceManager.Fluent.ResourceManagementClient/1.0.0.63",
          "MacAddressHash/1602a96894beea5b1968297c8c5f4c8f29d85699afaf178b189663657c138695"
        ]
      },
      "ResponseHeaders": {
        "Cache-Control": [
          "no-cache"
        ],
        "Date": [
          "Thu, 06 Feb 2020 03:26:46 GMT"
        ],
        "Pragma": [
          "no-cache"
        ],
        "ETag": [
          "\"1D5DC9D383D9335\""
        ],
        "Server": [
          "Microsoft-IIS/10.0"
        ],
        "Strict-Transport-Security": [
          "max-age=31536000; includeSubDomains"
        ],
        "x-ms-request-id": [
          "9574f355-f2ca-4f4b-97d5-3d42c55408c7"
        ],
        "X-AspNet-Version": [
          "4.0.30319"
        ],
        "X-Powered-By": [
          "ASP.NET"
        ],
        "x-ms-ratelimit-remaining-subscription-reads": [
          "11997"
        ],
        "x-ms-correlation-request-id": [
          "586b1e3e-a7e4-4aa7-a5f3-ab0911fb5c13"
        ],
        "x-ms-routing-request-id": [
          "SOUTHEASTASIA:20200206T032647Z:586b1e3e-a7e4-4aa7-a5f3-ab0911fb5c13"
        ],
        "X-Content-Type-Options": [
          "nosniff"
        ],
        "Content-Length": [
          "3107"
        ],
        "Content-Type": [
          "application/json"
        ],
        "Expires": [
          "-1"
        ]
      },
      "ResponseBody": "{\r\n  \"id\": \"/subscriptions/0b1f6471-1bf0-4dda-aec3-cb9272f09590/resourceGroups/csmrg3041/providers/Microsoft.Web/sites/rgweb2417\",\r\n  \"name\": \"rgweb2417\",\r\n  \"type\": \"Microsoft.Web/sites\",\r\n  \"kind\": \"app\",\r\n  \"location\": \"East US\",\r\n  \"tags\": {},\r\n  \"properties\": {\r\n    \"name\": \"rgweb2417\",\r\n    \"state\": \"Running\",\r\n    \"hostNames\": [\r\n      \"rgweb2417.azurewebsites.net\"\r\n    ],\r\n    \"webSpace\": \"csmrg3041-EastUSwebspace\",\r\n    \"selfLink\": \"https://waws-prod-blu-165.api.azurewebsites.windows.net:454/subscriptions/0b1f6471-1bf0-4dda-aec3-cb9272f09590/webspaces/csmrg3041-EastUSwebspace/sites/rgweb2417\",\r\n    \"repositorySiteName\": \"rgweb2417\",\r\n    \"owner\": null,\r\n    \"usageState\": \"Normal\",\r\n    \"enabled\": true,\r\n    \"adminEnabled\": true,\r\n    \"enabledHostNames\": [\r\n      \"rgweb2417.azurewebsites.net\",\r\n      \"rgweb2417.scm.azurewebsites.net\"\r\n    ],\r\n    \"siteProperties\": {\r\n      \"metadata\": null,\r\n      \"properties\": [\r\n        {\r\n          \"name\": \"LinuxFxVersion\",\r\n          \"value\": \"\"\r\n        },\r\n        {\r\n          \"name\": \"WindowsFxVersion\",\r\n          \"value\": null\r\n        }\r\n      ],\r\n      \"appSettings\": null\r\n    },\r\n    \"availabilityState\": \"Normal\",\r\n    \"sslCertificates\": null,\r\n    \"csrs\": [],\r\n    \"cers\": null,\r\n    \"siteMode\": null,\r\n    \"hostNameSslStates\": [\r\n      {\r\n        \"name\": \"rgweb2417.azurewebsites.net\",\r\n        \"sslState\": \"Disabled\",\r\n        \"ipBasedSslResult\": null,\r\n        \"virtualIP\": null,\r\n        \"thumbprint\": null,\r\n        \"toUpdate\": null,\r\n        \"toUpdateIpBasedSsl\": null,\r\n        \"ipBasedSslState\": \"NotConfigured\",\r\n        \"hostType\": \"Standard\"\r\n      },\r\n      {\r\n        \"name\": \"rgweb2417.scm.azurewebsites.net\",\r\n        \"sslState\": \"Disabled\",\r\n        \"ipBasedSslResult\": null,\r\n        \"virtualIP\": null,\r\n        \"thumbprint\": null,\r\n        \"toUpdate\": null,\r\n        \"toUpdateIpBasedSsl\": null,\r\n        \"ipBasedSslState\": \"NotConfigured\",\r\n        \"hostType\": \"Repository\"\r\n      }\r\n    ],\r\n    \"computeMode\": null,\r\n    \"serverFarm\": null,\r\n    \"serverFarmId\": \"/subscriptions/0b1f6471-1bf0-4dda-aec3-cb9272f09590/resourceGroups/csmrg3041/providers/Microsoft.Web/serverfarms/Default1xw\",\r\n    \"reserved\": false,\r\n    \"isXenon\": false,\r\n    \"hyperV\": false,\r\n    \"lastModifiedTimeUtc\": \"2020-02-06T03:26:28.8833333\",\r\n    \"storageRecoveryDefaultState\": \"Running\",\r\n    \"contentAvailabilityState\": \"Normal\",\r\n    \"runtimeAvailabilityState\": \"Normal\",\r\n    \"siteConfig\": null,\r\n    \"deploymentId\": \"rgweb2417\",\r\n    \"trafficManagerHostNames\": null,\r\n    \"sku\": \"Free\",\r\n    \"scmSiteAlsoStopped\": false,\r\n    \"targetSwapSlot\": null,\r\n    \"hostingEnvironment\": null,\r\n    \"hostingEnvironmentProfile\": null,\r\n    \"clientAffinityEnabled\": true,\r\n    \"clientCertEnabled\": false,\r\n    \"clientCertExclusionPaths\": null,\r\n    \"hostNamesDisabled\": false,\r\n    \"domainVerificationIdentifiers\": null,\r\n    \"customDomainVerificationId\": \"7439D79D4685842F4BBAEBBD23B5421A1C27C69707E0F8BF072B6F410C3D711C\",\r\n    \"kind\": \"app\",\r\n    \"inboundIpAddress\": \"40.71.11.142\",\r\n    \"possibleInboundIpAddresses\": \"40.71.11.142\",\r\n    \"outboundIpAddresses\": \"40.71.11.142,137.117.46.248,104.211.0.27,137.117.46.62,168.61.46.64\",\r\n    \"possibleOutboundIpAddresses\": \"40.71.11.142,137.117.46.248,104.211.0.27,137.117.46.62,168.61.46.64,168.61.47.22,104.211.3.34,137.117.45.230,104.211.2.38,104.211.3.100\",\r\n    \"containerSize\": 0,\r\n    \"dailyMemoryTimeQuota\": 0,\r\n    \"suspendedTill\": null,\r\n    \"siteDisabledReason\": 0,\r\n    \"functionExecutionUnitsCache\": null,\r\n    \"maxNumberOfWorkers\": null,\r\n    \"homeStamp\": \"waws-prod-blu-165\",\r\n    \"cloningInfo\": null,\r\n    \"hostingEnvironmentId\": null,\r\n    \"tags\": {},\r\n    \"resourceGroup\": \"csmrg3041\",\r\n    \"defaultHostName\": \"rgweb2417.azurewebsites.net\",\r\n    \"slotSwapStatus\": null,\r\n    \"httpsOnly\": false,\r\n    \"redundancyMode\": \"None\",\r\n    \"inProgressOperationId\": null,\r\n    \"geoDistributions\": null,\r\n    \"privateEndpointConnections\": [],\r\n    \"buildVersion\": null,\r\n    \"targetBuildVersion\": null\r\n  }\r\n}",
      "StatusCode": 200
    },
    {
      "RequestUri": "/subscriptions/0b1f6471-1bf0-4dda-aec3-cb9272f09590/resourcegroups/csmrg8738?api-version=2019-08-01",
      "EncodedRequestUri": "L3N1YnNjcmlwdGlvbnMvMGIxZjY0NzEtMWJmMC00ZGRhLWFlYzMtY2I5MjcyZjA5NTkwL3Jlc291cmNlZ3JvdXBzL2NzbXJnODczOD9hcGktdmVyc2lvbj0yMDE5LTA4LTAx",
      "RequestMethod": "PUT",
      "RequestBody": "{\r\n  \"location\": \"eastus\"\r\n}",
      "RequestHeaders": {
        "x-ms-client-request-id": [
          "e76a6cf6-3f4d-4a94-8862-b802f0426ef4"
        ],
        "accept-language": [
          "en-US"
        ],
        "User-Agent": [
          "FxVersion/4.6.00001.0",
          "OSName/Windows",
          "OSVersion/Microsoft.Windows.10.0.18362.",
          "Microsoft.Azure.Management.ResourceManager.Fluent.ResourceManagementClient/1.0.0.63",
          "MacAddressHash/1602a96894beea5b1968297c8c5f4c8f29d85699afaf178b189663657c138695"
        ],
        "Content-Type": [
          "application/json; charset=utf-8"
        ],
        "Content-Length": [
          "28"
        ]
      },
      "ResponseHeaders": {
        "Cache-Control": [
          "no-cache"
        ],
        "Date": [
          "Thu, 06 Feb 2020 03:26:48 GMT"
        ],
        "Pragma": [
          "no-cache"
        ],
        "x-ms-ratelimit-remaining-subscription-writes": [
          "1198"
        ],
        "x-ms-request-id": [
          "a26fe5f8-b77f-4d32-959a-54e8c84ff442"
        ],
        "x-ms-correlation-request-id": [
          "a26fe5f8-b77f-4d32-959a-54e8c84ff442"
        ],
        "x-ms-routing-request-id": [
          "SOUTHEASTASIA:20200206T032648Z:a26fe5f8-b77f-4d32-959a-54e8c84ff442"
        ],
        "Strict-Transport-Security": [
          "max-age=31536000; includeSubDomains"
        ],
        "X-Content-Type-Options": [
          "nosniff"
        ],
        "Content-Length": [
          "215"
        ],
        "Content-Type": [
          "application/json; charset=utf-8"
        ],
        "Expires": [
          "-1"
        ]
      },
      "ResponseBody": "{\r\n  \"id\": \"/subscriptions/0b1f6471-1bf0-4dda-aec3-cb9272f09590/resourceGroups/csmrg8738\",\r\n  \"name\": \"csmrg8738\",\r\n  \"type\": \"Microsoft.Resources/resourceGroups\",\r\n  \"location\": \"eastus\",\r\n  \"properties\": {\r\n    \"provisioningState\": \"Succeeded\"\r\n  }\r\n}",
      "StatusCode": 201
    },
    {
      "RequestUri": "/subscriptions/0b1f6471-1bf0-4dda-aec3-cb9272f09590/resourceGroups/csmrg3041/moveResources?api-version=2019-08-01",
      "EncodedRequestUri": "L3N1YnNjcmlwdGlvbnMvMGIxZjY0NzEtMWJmMC00ZGRhLWFlYzMtY2I5MjcyZjA5NTkwL3Jlc291cmNlR3JvdXBzL2NzbXJnMzA0MS9tb3ZlUmVzb3VyY2VzP2FwaS12ZXJzaW9uPTIwMTktMDgtMDE=",
      "RequestMethod": "POST",
      "RequestBody": "{\r\n  \"resources\": [\r\n    \"/subscriptions/0b1f6471-1bf0-4dda-aec3-cb9272f09590/resourceGroups/csmrg3041/providers/Microsoft.Web/sites/rgweb2417\"\r\n  ],\r\n  \"targetResourceGroup\": \"/subscriptions/0b1f6471-1bf0-4dda-aec3-cb9272f09590/resourceGroups/csmrg8738\"\r\n}",
      "RequestHeaders": {
        "x-ms-client-request-id": [
          "7cf17096-9a8e-4331-9ac1-0492cd9bbe04"
        ],
        "accept-language": [
          "en-US"
        ],
        "User-Agent": [
          "FxVersion/4.6.00001.0",
          "OSName/Windows",
          "OSVersion/Microsoft.Windows.10.0.18362.",
          "Microsoft.Azure.Management.ResourceManager.Fluent.ResourceManagementClient/1.0.0.63",
          "MacAddressHash/1602a96894beea5b1968297c8c5f4c8f29d85699afaf178b189663657c138695"
        ],
        "Content-Type": [
          "application/json; charset=utf-8"
        ],
        "Content-Length": [
          "257"
        ]
      },
      "ResponseHeaders": {
        "Cache-Control": [
          "no-cache"
        ],
        "Date": [
          "Thu, 06 Feb 2020 03:26:57 GMT"
        ],
        "Pragma": [
          "no-cache"
        ],
        "Location": [
          "https://management.azure.com/subscriptions/0b1f6471-1bf0-4dda-aec3-cb9272f09590/operationresults/eyJqb2JJZCI6IlJFU09VUkNFQkFUQ0hNT1ZFSk9CLUNTTVJHMzA0MS1FQVNUVVMtTU9WRSIsImpvYkxvY2F0aW9uIjoiZWFzdHVzIn0?api-version=2019-08-01"
        ],
        "Retry-After": [
          "15"
        ],
        "x-ms-ratelimit-remaining-subscription-writes": [
          "1199"
        ],
        "x-ms-request-id": [
          "c1dd86c7-4447-40a0-8453-746aedb84538"
        ],
        "x-ms-correlation-request-id": [
          "c1dd86c7-4447-40a0-8453-746aedb84538"
        ],
        "x-ms-routing-request-id": [
          "SOUTHEASTASIA:20200206T032657Z:c1dd86c7-4447-40a0-8453-746aedb84538"
        ],
        "Strict-Transport-Security": [
          "max-age=31536000; includeSubDomains"
        ],
        "X-Content-Type-Options": [
          "nosniff"
        ],
        "Content-Length": [
          "0"
        ],
        "Expires": [
          "-1"
        ]
      },
      "ResponseBody": "",
      "StatusCode": 202
    },
    {
      "RequestUri": "/subscriptions/0b1f6471-1bf0-4dda-aec3-cb9272f09590/operationresults/eyJqb2JJZCI6IlJFU09VUkNFQkFUQ0hNT1ZFSk9CLUNTTVJHMzA0MS1FQVNUVVMtTU9WRSIsImpvYkxvY2F0aW9uIjoiZWFzdHVzIn0?api-version=2019-08-01",
      "EncodedRequestUri": "L3N1YnNjcmlwdGlvbnMvMGIxZjY0NzEtMWJmMC00ZGRhLWFlYzMtY2I5MjcyZjA5NTkwL29wZXJhdGlvbnJlc3VsdHMvZXlKcWIySkpaQ0k2SWxKRlUwOVZVa05GUWtGVVEwaE5UMVpGU2s5Q0xVTlRUVkpITXpBME1TMUZRVk5VVlZNdFRVOVdSU0lzSW1wdllreHZZMkYwYVc5dUlqb2laV0Z6ZEhWekluMD9hcGktdmVyc2lvbj0yMDE5LTA4LTAx",
      "RequestMethod": "GET",
      "RequestBody": "",
      "RequestHeaders": {
        "User-Agent": [
          "FxVersion/4.6.00001.0",
          "OSName/Windows",
          "OSVersion/Microsoft.Windows.10.0.18362.",
          "Microsoft.Azure.Management.ResourceManager.Fluent.ResourceManagementClient/1.0.0.63",
          "MacAddressHash/1602a96894beea5b1968297c8c5f4c8f29d85699afaf178b189663657c138695"
        ]
      },
      "ResponseHeaders": {
        "Cache-Control": [
          "no-cache"
        ],
        "Date": [
          "Thu, 06 Feb 2020 03:27:13 GMT"
        ],
        "Pragma": [
          "no-cache"
        ],
        "Location": [
          "https://management.azure.com/subscriptions/0b1f6471-1bf0-4dda-aec3-cb9272f09590/operationresults/eyJqb2JJZCI6IlJFU09VUkNFQkFUQ0hNT1ZFSk9CLUNTTVJHMzA0MS1FQVNUVVMtTU9WRSIsImpvYkxvY2F0aW9uIjoiZWFzdHVzIn0?api-version=2019-08-01"
        ],
        "Retry-After": [
          "15"
        ],
        "x-ms-ratelimit-remaining-subscription-reads": [
          "11996"
        ],
        "x-ms-request-id": [
          "4ae80469-cc13-44d0-887d-cca299b9f2b2"
        ],
        "x-ms-correlation-request-id": [
          "4ae80469-cc13-44d0-887d-cca299b9f2b2"
        ],
        "x-ms-routing-request-id": [
          "SOUTHEASTASIA:20200206T032713Z:4ae80469-cc13-44d0-887d-cca299b9f2b2"
        ],
        "Strict-Transport-Security": [
          "max-age=31536000; includeSubDomains"
        ],
        "X-Content-Type-Options": [
          "nosniff"
        ],
        "Content-Length": [
          "0"
        ],
        "Expires": [
          "-1"
        ]
      },
      "ResponseBody": "",
      "StatusCode": 202
    },
    {
      "RequestUri": "/subscriptions/0b1f6471-1bf0-4dda-aec3-cb9272f09590/operationresults/eyJqb2JJZCI6IlJFU09VUkNFQkFUQ0hNT1ZFSk9CLUNTTVJHMzA0MS1FQVNUVVMtTU9WRSIsImpvYkxvY2F0aW9uIjoiZWFzdHVzIn0?api-version=2019-08-01",
      "EncodedRequestUri": "L3N1YnNjcmlwdGlvbnMvMGIxZjY0NzEtMWJmMC00ZGRhLWFlYzMtY2I5MjcyZjA5NTkwL29wZXJhdGlvbnJlc3VsdHMvZXlKcWIySkpaQ0k2SWxKRlUwOVZVa05GUWtGVVEwaE5UMVpGU2s5Q0xVTlRUVkpITXpBME1TMUZRVk5VVlZNdFRVOVdSU0lzSW1wdllreHZZMkYwYVc5dUlqb2laV0Z6ZEhWekluMD9hcGktdmVyc2lvbj0yMDE5LTA4LTAx",
      "RequestMethod": "GET",
      "RequestBody": "",
      "RequestHeaders": {
        "User-Agent": [
          "FxVersion/4.6.00001.0",
          "OSName/Windows",
          "OSVersion/Microsoft.Windows.10.0.18362.",
          "Microsoft.Azure.Management.ResourceManager.Fluent.ResourceManagementClient/1.0.0.63",
          "MacAddressHash/1602a96894beea5b1968297c8c5f4c8f29d85699afaf178b189663657c138695"
        ]
      },
      "ResponseHeaders": {
        "Cache-Control": [
          "no-cache"
        ],
        "Date": [
          "Thu, 06 Feb 2020 03:27:29 GMT"
        ],
        "Pragma": [
          "no-cache"
        ],
        "Location": [
          "https://management.azure.com/subscriptions/0b1f6471-1bf0-4dda-aec3-cb9272f09590/operationresults/eyJqb2JJZCI6IlJFU09VUkNFQkFUQ0hNT1ZFSk9CLUNTTVJHMzA0MS1FQVNUVVMtTU9WRSIsImpvYkxvY2F0aW9uIjoiZWFzdHVzIn0?api-version=2019-08-01"
        ],
        "Retry-After": [
          "15"
        ],
        "x-ms-ratelimit-remaining-subscription-reads": [
          "11995"
        ],
        "x-ms-request-id": [
          "1c0f33c5-bd3b-4ac9-bb9b-e15d2dbd413c"
        ],
        "x-ms-correlation-request-id": [
          "1c0f33c5-bd3b-4ac9-bb9b-e15d2dbd413c"
        ],
        "x-ms-routing-request-id": [
          "SOUTHEASTASIA:20200206T032729Z:1c0f33c5-bd3b-4ac9-bb9b-e15d2dbd413c"
        ],
        "Strict-Transport-Security": [
          "max-age=31536000; includeSubDomains"
        ],
        "X-Content-Type-Options": [
          "nosniff"
        ],
        "Content-Length": [
          "0"
        ],
        "Expires": [
          "-1"
        ]
      },
      "ResponseBody": "",
      "StatusCode": 202
    },
    {
      "RequestUri": "/subscriptions/0b1f6471-1bf0-4dda-aec3-cb9272f09590/operationresults/eyJqb2JJZCI6IlJFU09VUkNFQkFUQ0hNT1ZFSk9CLUNTTVJHMzA0MS1FQVNUVVMtTU9WRSIsImpvYkxvY2F0aW9uIjoiZWFzdHVzIn0?api-version=2019-08-01",
      "EncodedRequestUri": "L3N1YnNjcmlwdGlvbnMvMGIxZjY0NzEtMWJmMC00ZGRhLWFlYzMtY2I5MjcyZjA5NTkwL29wZXJhdGlvbnJlc3VsdHMvZXlKcWIySkpaQ0k2SWxKRlUwOVZVa05GUWtGVVEwaE5UMVpGU2s5Q0xVTlRUVkpITXpBME1TMUZRVk5VVlZNdFRVOVdSU0lzSW1wdllreHZZMkYwYVc5dUlqb2laV0Z6ZEhWekluMD9hcGktdmVyc2lvbj0yMDE5LTA4LTAx",
      "RequestMethod": "GET",
      "RequestBody": "",
      "RequestHeaders": {
        "User-Agent": [
          "FxVersion/4.6.00001.0",
          "OSName/Windows",
          "OSVersion/Microsoft.Windows.10.0.18362.",
          "Microsoft.Azure.Management.ResourceManager.Fluent.ResourceManagementClient/1.0.0.63",
          "MacAddressHash/1602a96894beea5b1968297c8c5f4c8f29d85699afaf178b189663657c138695"
        ]
      },
      "ResponseHeaders": {
        "Cache-Control": [
          "no-cache"
        ],
        "Date": [
          "Thu, 06 Feb 2020 03:27:44 GMT"
        ],
        "Pragma": [
          "no-cache"
        ],
        "Location": [
          "https://management.azure.com/subscriptions/0b1f6471-1bf0-4dda-aec3-cb9272f09590/operationresults/eyJqb2JJZCI6IlJFU09VUkNFQkFUQ0hNT1ZFSk9CLUNTTVJHMzA0MS1FQVNUVVMtTU9WRSIsImpvYkxvY2F0aW9uIjoiZWFzdHVzIn0?api-version=2019-08-01"
        ],
        "Retry-After": [
          "15"
        ],
        "x-ms-ratelimit-remaining-subscription-reads": [
          "11994"
        ],
        "x-ms-request-id": [
          "8b809b7c-ab42-4937-8c6f-890a38365052"
        ],
        "x-ms-correlation-request-id": [
          "8b809b7c-ab42-4937-8c6f-890a38365052"
        ],
        "x-ms-routing-request-id": [
          "SOUTHEASTASIA:20200206T032745Z:8b809b7c-ab42-4937-8c6f-890a38365052"
        ],
        "Strict-Transport-Security": [
          "max-age=31536000; includeSubDomains"
        ],
        "X-Content-Type-Options": [
          "nosniff"
        ],
        "Content-Length": [
          "0"
        ],
        "Expires": [
          "-1"
        ]
      },
      "ResponseBody": "",
      "StatusCode": 202
    },
    {
      "RequestUri": "/subscriptions/0b1f6471-1bf0-4dda-aec3-cb9272f09590/operationresults/eyJqb2JJZCI6IlJFU09VUkNFQkFUQ0hNT1ZFSk9CLUNTTVJHMzA0MS1FQVNUVVMtTU9WRSIsImpvYkxvY2F0aW9uIjoiZWFzdHVzIn0?api-version=2019-08-01",
      "EncodedRequestUri": "L3N1YnNjcmlwdGlvbnMvMGIxZjY0NzEtMWJmMC00ZGRhLWFlYzMtY2I5MjcyZjA5NTkwL29wZXJhdGlvbnJlc3VsdHMvZXlKcWIySkpaQ0k2SWxKRlUwOVZVa05GUWtGVVEwaE5UMVpGU2s5Q0xVTlRUVkpITXpBME1TMUZRVk5VVlZNdFRVOVdSU0lzSW1wdllreHZZMkYwYVc5dUlqb2laV0Z6ZEhWekluMD9hcGktdmVyc2lvbj0yMDE5LTA4LTAx",
      "RequestMethod": "GET",
      "RequestBody": "",
      "RequestHeaders": {
        "User-Agent": [
          "FxVersion/4.6.00001.0",
          "OSName/Windows",
          "OSVersion/Microsoft.Windows.10.0.18362.",
          "Microsoft.Azure.Management.ResourceManager.Fluent.ResourceManagementClient/1.0.0.63",
          "MacAddressHash/1602a96894beea5b1968297c8c5f4c8f29d85699afaf178b189663657c138695"
        ]
      },
      "ResponseHeaders": {
        "Cache-Control": [
          "no-cache"
        ],
        "Date": [
          "Thu, 06 Feb 2020 03:28:00 GMT"
        ],
        "Pragma": [
          "no-cache"
        ],
        "Location": [
          "https://management.azure.com/subscriptions/0b1f6471-1bf0-4dda-aec3-cb9272f09590/operationresults/eyJqb2JJZCI6IlJFU09VUkNFQkFUQ0hNT1ZFSk9CLUNTTVJHMzA0MS1FQVNUVVMtTU9WRSIsImpvYkxvY2F0aW9uIjoiZWFzdHVzIn0?api-version=2019-08-01"
        ],
        "Retry-After": [
          "15"
        ],
        "x-ms-ratelimit-remaining-subscription-reads": [
          "11993"
        ],
        "x-ms-request-id": [
          "6b301c87-7922-4353-8b6d-6259e239b333"
        ],
        "x-ms-correlation-request-id": [
          "6b301c87-7922-4353-8b6d-6259e239b333"
        ],
        "x-ms-routing-request-id": [
          "SOUTHEASTASIA:20200206T032800Z:6b301c87-7922-4353-8b6d-6259e239b333"
        ],
        "Strict-Transport-Security": [
          "max-age=31536000; includeSubDomains"
        ],
        "X-Content-Type-Options": [
          "nosniff"
        ],
        "Content-Length": [
          "0"
        ],
        "Expires": [
          "-1"
        ]
      },
      "ResponseBody": "",
      "StatusCode": 202
    },
    {
      "RequestUri": "/subscriptions/0b1f6471-1bf0-4dda-aec3-cb9272f09590/operationresults/eyJqb2JJZCI6IlJFU09VUkNFQkFUQ0hNT1ZFSk9CLUNTTVJHMzA0MS1FQVNUVVMtTU9WRSIsImpvYkxvY2F0aW9uIjoiZWFzdHVzIn0?api-version=2019-08-01",
      "EncodedRequestUri": "L3N1YnNjcmlwdGlvbnMvMGIxZjY0NzEtMWJmMC00ZGRhLWFlYzMtY2I5MjcyZjA5NTkwL29wZXJhdGlvbnJlc3VsdHMvZXlKcWIySkpaQ0k2SWxKRlUwOVZVa05GUWtGVVEwaE5UMVpGU2s5Q0xVTlRUVkpITXpBME1TMUZRVk5VVlZNdFRVOVdSU0lzSW1wdllreHZZMkYwYVc5dUlqb2laV0Z6ZEhWekluMD9hcGktdmVyc2lvbj0yMDE5LTA4LTAx",
      "RequestMethod": "GET",
      "RequestBody": "",
      "RequestHeaders": {
        "User-Agent": [
          "FxVersion/4.6.00001.0",
          "OSName/Windows",
          "OSVersion/Microsoft.Windows.10.0.18362.",
          "Microsoft.Azure.Management.ResourceManager.Fluent.ResourceManagementClient/1.0.0.63",
          "MacAddressHash/1602a96894beea5b1968297c8c5f4c8f29d85699afaf178b189663657c138695"
        ]
      },
      "ResponseHeaders": {
        "Cache-Control": [
          "no-cache"
        ],
        "Date": [
          "Thu, 06 Feb 2020 03:28:17 GMT"
        ],
        "Pragma": [
          "no-cache"
        ],
        "Location": [
          "https://management.azure.com/subscriptions/0b1f6471-1bf0-4dda-aec3-cb9272f09590/operationresults/eyJqb2JJZCI6IlJFU09VUkNFQkFUQ0hNT1ZFSk9CLUNTTVJHMzA0MS1FQVNUVVMtTU9WRSIsImpvYkxvY2F0aW9uIjoiZWFzdHVzIn0?api-version=2019-08-01"
        ],
        "Retry-After": [
          "15"
        ],
        "x-ms-ratelimit-remaining-subscription-reads": [
          "11992"
        ],
        "x-ms-request-id": [
          "2b5a82d9-589d-460d-953d-f8200fc25e61"
        ],
        "x-ms-correlation-request-id": [
          "2b5a82d9-589d-460d-953d-f8200fc25e61"
        ],
        "x-ms-routing-request-id": [
          "SOUTHEASTASIA:20200206T032817Z:2b5a82d9-589d-460d-953d-f8200fc25e61"
        ],
        "Strict-Transport-Security": [
          "max-age=31536000; includeSubDomains"
        ],
        "X-Content-Type-Options": [
          "nosniff"
        ],
        "Content-Length": [
          "0"
        ],
        "Expires": [
          "-1"
        ]
      },
      "ResponseBody": "",
      "StatusCode": 202
    },
    {
      "RequestUri": "/subscriptions/0b1f6471-1bf0-4dda-aec3-cb9272f09590/operationresults/eyJqb2JJZCI6IlJFU09VUkNFQkFUQ0hNT1ZFSk9CLUNTTVJHMzA0MS1FQVNUVVMtTU9WRSIsImpvYkxvY2F0aW9uIjoiZWFzdHVzIn0?api-version=2019-08-01",
      "EncodedRequestUri": "L3N1YnNjcmlwdGlvbnMvMGIxZjY0NzEtMWJmMC00ZGRhLWFlYzMtY2I5MjcyZjA5NTkwL29wZXJhdGlvbnJlc3VsdHMvZXlKcWIySkpaQ0k2SWxKRlUwOVZVa05GUWtGVVEwaE5UMVpGU2s5Q0xVTlRUVkpITXpBME1TMUZRVk5VVlZNdFRVOVdSU0lzSW1wdllreHZZMkYwYVc5dUlqb2laV0Z6ZEhWekluMD9hcGktdmVyc2lvbj0yMDE5LTA4LTAx",
      "RequestMethod": "GET",
      "RequestBody": "",
      "RequestHeaders": {
        "User-Agent": [
          "FxVersion/4.6.00001.0",
          "OSName/Windows",
          "OSVersion/Microsoft.Windows.10.0.18362.",
          "Microsoft.Azure.Management.ResourceManager.Fluent.ResourceManagementClient/1.0.0.63",
          "MacAddressHash/1602a96894beea5b1968297c8c5f4c8f29d85699afaf178b189663657c138695"
        ]
      },
      "ResponseHeaders": {
        "Cache-Control": [
          "no-cache"
        ],
        "Date": [
          "Thu, 06 Feb 2020 03:28:32 GMT"
        ],
        "Pragma": [
          "no-cache"
        ],
        "Location": [
          "https://management.azure.com/subscriptions/0b1f6471-1bf0-4dda-aec3-cb9272f09590/operationresults/eyJqb2JJZCI6IlJFU09VUkNFQkFUQ0hNT1ZFSk9CLUNTTVJHMzA0MS1FQVNUVVMtTU9WRSIsImpvYkxvY2F0aW9uIjoiZWFzdHVzIn0?api-version=2019-08-01"
        ],
        "Retry-After": [
          "15"
        ],
        "x-ms-ratelimit-remaining-subscription-reads": [
          "11991"
        ],
        "x-ms-request-id": [
          "b89dcb74-ed22-413f-9774-821587d21316"
        ],
        "x-ms-correlation-request-id": [
          "b89dcb74-ed22-413f-9774-821587d21316"
        ],
        "x-ms-routing-request-id": [
          "SOUTHEASTASIA:20200206T032833Z:b89dcb74-ed22-413f-9774-821587d21316"
        ],
        "Strict-Transport-Security": [
          "max-age=31536000; includeSubDomains"
        ],
        "X-Content-Type-Options": [
          "nosniff"
        ],
        "Content-Length": [
          "0"
        ],
        "Expires": [
          "-1"
        ]
      },
      "ResponseBody": "",
      "StatusCode": 202
    },
    {
      "RequestUri": "/subscriptions/0b1f6471-1bf0-4dda-aec3-cb9272f09590/operationresults/eyJqb2JJZCI6IlJFU09VUkNFQkFUQ0hNT1ZFSk9CLUNTTVJHMzA0MS1FQVNUVVMtTU9WRSIsImpvYkxvY2F0aW9uIjoiZWFzdHVzIn0?api-version=2019-08-01",
      "EncodedRequestUri": "L3N1YnNjcmlwdGlvbnMvMGIxZjY0NzEtMWJmMC00ZGRhLWFlYzMtY2I5MjcyZjA5NTkwL29wZXJhdGlvbnJlc3VsdHMvZXlKcWIySkpaQ0k2SWxKRlUwOVZVa05GUWtGVVEwaE5UMVpGU2s5Q0xVTlRUVkpITXpBME1TMUZRVk5VVlZNdFRVOVdSU0lzSW1wdllreHZZMkYwYVc5dUlqb2laV0Z6ZEhWekluMD9hcGktdmVyc2lvbj0yMDE5LTA4LTAx",
      "RequestMethod": "GET",
      "RequestBody": "",
      "RequestHeaders": {
        "User-Agent": [
          "FxVersion/4.6.00001.0",
          "OSName/Windows",
          "OSVersion/Microsoft.Windows.10.0.18362.",
          "Microsoft.Azure.Management.ResourceManager.Fluent.ResourceManagementClient/1.0.0.63",
          "MacAddressHash/1602a96894beea5b1968297c8c5f4c8f29d85699afaf178b189663657c138695"
        ]
      },
      "ResponseHeaders": {
        "Cache-Control": [
          "no-cache"
        ],
        "Date": [
          "Thu, 06 Feb 2020 03:28:48 GMT"
        ],
        "Pragma": [
          "no-cache"
        ],
        "Location": [
          "https://management.azure.com/subscriptions/0b1f6471-1bf0-4dda-aec3-cb9272f09590/operationresults/eyJqb2JJZCI6IlJFU09VUkNFQkFUQ0hNT1ZFSk9CLUNTTVJHMzA0MS1FQVNUVVMtTU9WRSIsImpvYkxvY2F0aW9uIjoiZWFzdHVzIn0?api-version=2019-08-01"
        ],
        "Retry-After": [
          "15"
        ],
        "x-ms-ratelimit-remaining-subscription-reads": [
          "11990"
        ],
        "x-ms-request-id": [
          "1a3dc010-3183-45b8-810a-91e319fd44f0"
        ],
        "x-ms-correlation-request-id": [
          "1a3dc010-3183-45b8-810a-91e319fd44f0"
        ],
        "x-ms-routing-request-id": [
          "SOUTHEASTASIA:20200206T032849Z:1a3dc010-3183-45b8-810a-91e319fd44f0"
        ],
        "Strict-Transport-Security": [
          "max-age=31536000; includeSubDomains"
        ],
        "X-Content-Type-Options": [
          "nosniff"
        ],
        "Content-Length": [
          "0"
        ],
        "Expires": [
          "-1"
        ]
      },
      "ResponseBody": "",
      "StatusCode": 202
    },
    {
      "RequestUri": "/subscriptions/0b1f6471-1bf0-4dda-aec3-cb9272f09590/operationresults/eyJqb2JJZCI6IlJFU09VUkNFQkFUQ0hNT1ZFSk9CLUNTTVJHMzA0MS1FQVNUVVMtTU9WRSIsImpvYkxvY2F0aW9uIjoiZWFzdHVzIn0?api-version=2019-08-01",
      "EncodedRequestUri": "L3N1YnNjcmlwdGlvbnMvMGIxZjY0NzEtMWJmMC00ZGRhLWFlYzMtY2I5MjcyZjA5NTkwL29wZXJhdGlvbnJlc3VsdHMvZXlKcWIySkpaQ0k2SWxKRlUwOVZVa05GUWtGVVEwaE5UMVpGU2s5Q0xVTlRUVkpITXpBME1TMUZRVk5VVlZNdFRVOVdSU0lzSW1wdllreHZZMkYwYVc5dUlqb2laV0Z6ZEhWekluMD9hcGktdmVyc2lvbj0yMDE5LTA4LTAx",
      "RequestMethod": "GET",
      "RequestBody": "",
      "RequestHeaders": {
        "User-Agent": [
          "FxVersion/4.6.00001.0",
          "OSName/Windows",
          "OSVersion/Microsoft.Windows.10.0.18362.",
          "Microsoft.Azure.Management.ResourceManager.Fluent.ResourceManagementClient/1.0.0.63",
          "MacAddressHash/1602a96894beea5b1968297c8c5f4c8f29d85699afaf178b189663657c138695"
        ]
      },
      "ResponseHeaders": {
        "Cache-Control": [
          "no-cache"
        ],
        "Date": [
          "Thu, 06 Feb 2020 03:29:03 GMT"
        ],
        "Pragma": [
          "no-cache"
        ],
        "Location": [
          "https://management.azure.com/subscriptions/0b1f6471-1bf0-4dda-aec3-cb9272f09590/operationresults/eyJqb2JJZCI6IlJFU09VUkNFQkFUQ0hNT1ZFSk9CLUNTTVJHMzA0MS1FQVNUVVMtTU9WRSIsImpvYkxvY2F0aW9uIjoiZWFzdHVzIn0?api-version=2019-08-01"
        ],
        "Retry-After": [
          "15"
        ],
        "x-ms-ratelimit-remaining-subscription-reads": [
          "11989"
        ],
        "x-ms-request-id": [
          "57109589-f459-4203-b531-81da2e552343"
        ],
        "x-ms-correlation-request-id": [
          "57109589-f459-4203-b531-81da2e552343"
        ],
        "x-ms-routing-request-id": [
          "SOUTHEASTASIA:20200206T032904Z:57109589-f459-4203-b531-81da2e552343"
        ],
        "Strict-Transport-Security": [
          "max-age=31536000; includeSubDomains"
        ],
        "X-Content-Type-Options": [
          "nosniff"
        ],
        "Content-Length": [
          "0"
        ],
        "Expires": [
          "-1"
        ]
      },
      "ResponseBody": "",
      "StatusCode": 202
    },
    {
      "RequestUri": "/subscriptions/0b1f6471-1bf0-4dda-aec3-cb9272f09590/operationresults/eyJqb2JJZCI6IlJFU09VUkNFQkFUQ0hNT1ZFSk9CLUNTTVJHMzA0MS1FQVNUVVMtTU9WRSIsImpvYkxvY2F0aW9uIjoiZWFzdHVzIn0?api-version=2019-08-01",
      "EncodedRequestUri": "L3N1YnNjcmlwdGlvbnMvMGIxZjY0NzEtMWJmMC00ZGRhLWFlYzMtY2I5MjcyZjA5NTkwL29wZXJhdGlvbnJlc3VsdHMvZXlKcWIySkpaQ0k2SWxKRlUwOVZVa05GUWtGVVEwaE5UMVpGU2s5Q0xVTlRUVkpITXpBME1TMUZRVk5VVlZNdFRVOVdSU0lzSW1wdllreHZZMkYwYVc5dUlqb2laV0Z6ZEhWekluMD9hcGktdmVyc2lvbj0yMDE5LTA4LTAx",
      "RequestMethod": "GET",
      "RequestBody": "",
      "RequestHeaders": {
        "User-Agent": [
          "FxVersion/4.6.00001.0",
          "OSName/Windows",
          "OSVersion/Microsoft.Windows.10.0.18362.",
          "Microsoft.Azure.Management.ResourceManager.Fluent.ResourceManagementClient/1.0.0.63",
          "MacAddressHash/1602a96894beea5b1968297c8c5f4c8f29d85699afaf178b189663657c138695"
        ]
      },
      "ResponseHeaders": {
        "Cache-Control": [
          "no-cache"
        ],
        "Date": [
          "Thu, 06 Feb 2020 03:29:32 GMT"
        ],
        "Pragma": [
          "no-cache"
        ],
        "Location": [
          "https://management.azure.com/subscriptions/0b1f6471-1bf0-4dda-aec3-cb9272f09590/operationresults/eyJqb2JJZCI6IlJFU09VUkNFQkFUQ0hNT1ZFSk9CLUNTTVJHMzA0MS1FQVNUVVMtTU9WRSIsImpvYkxvY2F0aW9uIjoiZWFzdHVzIn0?api-version=2019-08-01"
        ],
        "Retry-After": [
          "15"
        ],
        "x-ms-ratelimit-remaining-subscription-reads": [
          "11988"
        ],
        "x-ms-request-id": [
          "234625d5-1250-4e55-99b4-1eaf6a081212"
        ],
        "x-ms-correlation-request-id": [
          "234625d5-1250-4e55-99b4-1eaf6a081212"
        ],
        "x-ms-routing-request-id": [
          "SOUTHEASTASIA:20200206T032933Z:234625d5-1250-4e55-99b4-1eaf6a081212"
        ],
        "Strict-Transport-Security": [
          "max-age=31536000; includeSubDomains"
        ],
        "X-Content-Type-Options": [
          "nosniff"
        ],
        "Content-Length": [
          "0"
        ],
        "Expires": [
          "-1"
        ]
      },
      "ResponseBody": "",
      "StatusCode": 202
    },
    {
      "RequestUri": "/subscriptions/0b1f6471-1bf0-4dda-aec3-cb9272f09590/operationresults/eyJqb2JJZCI6IlJFU09VUkNFQkFUQ0hNT1ZFSk9CLUNTTVJHMzA0MS1FQVNUVVMtTU9WRSIsImpvYkxvY2F0aW9uIjoiZWFzdHVzIn0?api-version=2019-08-01",
      "EncodedRequestUri": "L3N1YnNjcmlwdGlvbnMvMGIxZjY0NzEtMWJmMC00ZGRhLWFlYzMtY2I5MjcyZjA5NTkwL29wZXJhdGlvbnJlc3VsdHMvZXlKcWIySkpaQ0k2SWxKRlUwOVZVa05GUWtGVVEwaE5UMVpGU2s5Q0xVTlRUVkpITXpBME1TMUZRVk5VVlZNdFRVOVdSU0lzSW1wdllreHZZMkYwYVc5dUlqb2laV0Z6ZEhWekluMD9hcGktdmVyc2lvbj0yMDE5LTA4LTAx",
      "RequestMethod": "GET",
      "RequestBody": "",
      "RequestHeaders": {
        "User-Agent": [
          "FxVersion/4.6.00001.0",
          "OSName/Windows",
          "OSVersion/Microsoft.Windows.10.0.18362.",
          "Microsoft.Azure.Management.ResourceManager.Fluent.ResourceManagementClient/1.0.0.63",
          "MacAddressHash/1602a96894beea5b1968297c8c5f4c8f29d85699afaf178b189663657c138695"
        ]
      },
      "ResponseHeaders": {
        "Cache-Control": [
          "no-cache"
        ],
        "Date": [
          "Thu, 06 Feb 2020 03:29:49 GMT"
        ],
        "Pragma": [
          "no-cache"
        ],
        "Location": [
          "https://management.azure.com/subscriptions/0b1f6471-1bf0-4dda-aec3-cb9272f09590/operationresults/eyJqb2JJZCI6IlJFU09VUkNFQkFUQ0hNT1ZFSk9CLUNTTVJHMzA0MS1FQVNUVVMtTU9WRSIsImpvYkxvY2F0aW9uIjoiZWFzdHVzIn0?api-version=2019-08-01"
        ],
        "Retry-After": [
          "15"
        ],
        "x-ms-ratelimit-remaining-subscription-reads": [
          "11987"
        ],
        "x-ms-request-id": [
          "16c3aeca-5b84-43a3-9e9b-3e7a9889d85c"
        ],
        "x-ms-correlation-request-id": [
          "16c3aeca-5b84-43a3-9e9b-3e7a9889d85c"
        ],
        "x-ms-routing-request-id": [
          "SOUTHEASTASIA:20200206T032949Z:16c3aeca-5b84-43a3-9e9b-3e7a9889d85c"
        ],
        "Strict-Transport-Security": [
          "max-age=31536000; includeSubDomains"
        ],
        "X-Content-Type-Options": [
          "nosniff"
        ],
        "Content-Length": [
          "0"
        ],
        "Expires": [
          "-1"
        ]
      },
      "ResponseBody": "",
      "StatusCode": 202
    },
    {
      "RequestUri": "/subscriptions/0b1f6471-1bf0-4dda-aec3-cb9272f09590/operationresults/eyJqb2JJZCI6IlJFU09VUkNFQkFUQ0hNT1ZFSk9CLUNTTVJHMzA0MS1FQVNUVVMtTU9WRSIsImpvYkxvY2F0aW9uIjoiZWFzdHVzIn0?api-version=2019-08-01",
      "EncodedRequestUri": "L3N1YnNjcmlwdGlvbnMvMGIxZjY0NzEtMWJmMC00ZGRhLWFlYzMtY2I5MjcyZjA5NTkwL29wZXJhdGlvbnJlc3VsdHMvZXlKcWIySkpaQ0k2SWxKRlUwOVZVa05GUWtGVVEwaE5UMVpGU2s5Q0xVTlRUVkpITXpBME1TMUZRVk5VVlZNdFRVOVdSU0lzSW1wdllreHZZMkYwYVc5dUlqb2laV0Z6ZEhWekluMD9hcGktdmVyc2lvbj0yMDE5LTA4LTAx",
      "RequestMethod": "GET",
      "RequestBody": "",
      "RequestHeaders": {
        "User-Agent": [
          "FxVersion/4.6.00001.0",
          "OSName/Windows",
          "OSVersion/Microsoft.Windows.10.0.18362.",
          "Microsoft.Azure.Management.ResourceManager.Fluent.ResourceManagementClient/1.0.0.63",
          "MacAddressHash/1602a96894beea5b1968297c8c5f4c8f29d85699afaf178b189663657c138695"
        ]
      },
      "ResponseHeaders": {
        "Cache-Control": [
          "no-cache"
        ],
        "Date": [
          "Thu, 06 Feb 2020 03:30:04 GMT"
        ],
        "Pragma": [
          "no-cache"
        ],
        "Location": [
          "https://management.azure.com/subscriptions/0b1f6471-1bf0-4dda-aec3-cb9272f09590/operationresults/eyJqb2JJZCI6IlJFU09VUkNFQkFUQ0hNT1ZFSk9CLUNTTVJHMzA0MS1FQVNUVVMtTU9WRSIsImpvYkxvY2F0aW9uIjoiZWFzdHVzIn0?api-version=2019-08-01"
        ],
        "Retry-After": [
          "15"
        ],
        "x-ms-ratelimit-remaining-subscription-reads": [
          "11986"
        ],
        "x-ms-request-id": [
          "abf20786-e520-442c-9d91-0311f1812593"
        ],
        "x-ms-correlation-request-id": [
          "abf20786-e520-442c-9d91-0311f1812593"
        ],
        "x-ms-routing-request-id": [
          "SOUTHEASTASIA:20200206T033004Z:abf20786-e520-442c-9d91-0311f1812593"
        ],
        "Strict-Transport-Security": [
          "max-age=31536000; includeSubDomains"
        ],
        "X-Content-Type-Options": [
          "nosniff"
        ],
        "Content-Length": [
          "0"
        ],
        "Expires": [
          "-1"
        ]
      },
      "ResponseBody": "",
      "StatusCode": 202
    },
    {
      "RequestUri": "/subscriptions/0b1f6471-1bf0-4dda-aec3-cb9272f09590/operationresults/eyJqb2JJZCI6IlJFU09VUkNFQkFUQ0hNT1ZFSk9CLUNTTVJHMzA0MS1FQVNUVVMtTU9WRSIsImpvYkxvY2F0aW9uIjoiZWFzdHVzIn0?api-version=2019-08-01",
      "EncodedRequestUri": "L3N1YnNjcmlwdGlvbnMvMGIxZjY0NzEtMWJmMC00ZGRhLWFlYzMtY2I5MjcyZjA5NTkwL29wZXJhdGlvbnJlc3VsdHMvZXlKcWIySkpaQ0k2SWxKRlUwOVZVa05GUWtGVVEwaE5UMVpGU2s5Q0xVTlRUVkpITXpBME1TMUZRVk5VVlZNdFRVOVdSU0lzSW1wdllreHZZMkYwYVc5dUlqb2laV0Z6ZEhWekluMD9hcGktdmVyc2lvbj0yMDE5LTA4LTAx",
      "RequestMethod": "GET",
      "RequestBody": "",
      "RequestHeaders": {
        "User-Agent": [
          "FxVersion/4.6.00001.0",
          "OSName/Windows",
          "OSVersion/Microsoft.Windows.10.0.18362.",
          "Microsoft.Azure.Management.ResourceManager.Fluent.ResourceManagementClient/1.0.0.63",
          "MacAddressHash/1602a96894beea5b1968297c8c5f4c8f29d85699afaf178b189663657c138695"
        ]
      },
      "ResponseHeaders": {
        "Cache-Control": [
          "no-cache"
        ],
        "Date": [
          "Thu, 06 Feb 2020 03:30:20 GMT"
        ],
        "Pragma": [
          "no-cache"
        ],
        "Location": [
          "https://management.azure.com/subscriptions/0b1f6471-1bf0-4dda-aec3-cb9272f09590/operationresults/eyJqb2JJZCI6IlJFU09VUkNFQkFUQ0hNT1ZFSk9CLUNTTVJHMzA0MS1FQVNUVVMtTU9WRSIsImpvYkxvY2F0aW9uIjoiZWFzdHVzIn0?api-version=2019-08-01"
        ],
        "Retry-After": [
          "15"
        ],
        "x-ms-ratelimit-remaining-subscription-reads": [
          "11985"
        ],
        "x-ms-request-id": [
          "39b047a9-c8dd-4a42-a7df-6848626d8a5d"
        ],
        "x-ms-correlation-request-id": [
          "39b047a9-c8dd-4a42-a7df-6848626d8a5d"
        ],
        "x-ms-routing-request-id": [
          "SOUTHEASTASIA:20200206T033020Z:39b047a9-c8dd-4a42-a7df-6848626d8a5d"
        ],
        "Strict-Transport-Security": [
          "max-age=31536000; includeSubDomains"
        ],
        "X-Content-Type-Options": [
          "nosniff"
        ],
        "Content-Length": [
          "0"
        ],
        "Expires": [
          "-1"
        ]
      },
      "ResponseBody": "",
      "StatusCode": 202
    },
    {
      "RequestUri": "/subscriptions/0b1f6471-1bf0-4dda-aec3-cb9272f09590/operationresults/eyJqb2JJZCI6IlJFU09VUkNFQkFUQ0hNT1ZFSk9CLUNTTVJHMzA0MS1FQVNUVVMtTU9WRSIsImpvYkxvY2F0aW9uIjoiZWFzdHVzIn0?api-version=2019-08-01",
      "EncodedRequestUri": "L3N1YnNjcmlwdGlvbnMvMGIxZjY0NzEtMWJmMC00ZGRhLWFlYzMtY2I5MjcyZjA5NTkwL29wZXJhdGlvbnJlc3VsdHMvZXlKcWIySkpaQ0k2SWxKRlUwOVZVa05GUWtGVVEwaE5UMVpGU2s5Q0xVTlRUVkpITXpBME1TMUZRVk5VVlZNdFRVOVdSU0lzSW1wdllreHZZMkYwYVc5dUlqb2laV0Z6ZEhWekluMD9hcGktdmVyc2lvbj0yMDE5LTA4LTAx",
      "RequestMethod": "GET",
      "RequestBody": "",
      "RequestHeaders": {
        "User-Agent": [
          "FxVersion/4.6.00001.0",
          "OSName/Windows",
          "OSVersion/Microsoft.Windows.10.0.18362.",
          "Microsoft.Azure.Management.ResourceManager.Fluent.ResourceManagementClient/1.0.0.63",
          "MacAddressHash/1602a96894beea5b1968297c8c5f4c8f29d85699afaf178b189663657c138695"
        ]
      },
      "ResponseHeaders": {
        "Cache-Control": [
          "no-cache"
        ],
        "Date": [
          "Thu, 06 Feb 2020 03:30:35 GMT"
        ],
        "Pragma": [
          "no-cache"
        ],
        "Location": [
          "https://management.azure.com/subscriptions/0b1f6471-1bf0-4dda-aec3-cb9272f09590/operationresults/eyJqb2JJZCI6IlJFU09VUkNFQkFUQ0hNT1ZFSk9CLUNTTVJHMzA0MS1FQVNUVVMtTU9WRSIsImpvYkxvY2F0aW9uIjoiZWFzdHVzIn0?api-version=2019-08-01"
        ],
        "Retry-After": [
          "15"
        ],
        "x-ms-ratelimit-remaining-subscription-reads": [
          "11984"
        ],
        "x-ms-request-id": [
          "4581051a-e36f-42c2-a985-3f30a5c94699"
        ],
        "x-ms-correlation-request-id": [
          "4581051a-e36f-42c2-a985-3f30a5c94699"
        ],
        "x-ms-routing-request-id": [
          "SOUTHEASTASIA:20200206T033036Z:4581051a-e36f-42c2-a985-3f30a5c94699"
        ],
        "Strict-Transport-Security": [
          "max-age=31536000; includeSubDomains"
        ],
        "X-Content-Type-Options": [
          "nosniff"
        ],
        "Content-Length": [
          "0"
        ],
        "Expires": [
          "-1"
        ]
      },
      "ResponseBody": "",
      "StatusCode": 202
    },
    {
      "RequestUri": "/subscriptions/0b1f6471-1bf0-4dda-aec3-cb9272f09590/operationresults/eyJqb2JJZCI6IlJFU09VUkNFQkFUQ0hNT1ZFSk9CLUNTTVJHMzA0MS1FQVNUVVMtTU9WRSIsImpvYkxvY2F0aW9uIjoiZWFzdHVzIn0?api-version=2019-08-01",
      "EncodedRequestUri": "L3N1YnNjcmlwdGlvbnMvMGIxZjY0NzEtMWJmMC00ZGRhLWFlYzMtY2I5MjcyZjA5NTkwL29wZXJhdGlvbnJlc3VsdHMvZXlKcWIySkpaQ0k2SWxKRlUwOVZVa05GUWtGVVEwaE5UMVpGU2s5Q0xVTlRUVkpITXpBME1TMUZRVk5VVlZNdFRVOVdSU0lzSW1wdllreHZZMkYwYVc5dUlqb2laV0Z6ZEhWekluMD9hcGktdmVyc2lvbj0yMDE5LTA4LTAx",
      "RequestMethod": "GET",
      "RequestBody": "",
      "RequestHeaders": {
        "User-Agent": [
          "FxVersion/4.6.00001.0",
          "OSName/Windows",
          "OSVersion/Microsoft.Windows.10.0.18362.",
          "Microsoft.Azure.Management.ResourceManager.Fluent.ResourceManagementClient/1.0.0.63",
          "MacAddressHash/1602a96894beea5b1968297c8c5f4c8f29d85699afaf178b189663657c138695"
        ]
      },
      "ResponseHeaders": {
        "Cache-Control": [
          "no-cache"
        ],
        "Date": [
          "Thu, 06 Feb 2020 03:30:51 GMT"
        ],
        "Pragma": [
          "no-cache"
        ],
        "Location": [
          "https://management.azure.com/subscriptions/0b1f6471-1bf0-4dda-aec3-cb9272f09590/operationresults/eyJqb2JJZCI6IlJFU09VUkNFQkFUQ0hNT1ZFSk9CLUNTTVJHMzA0MS1FQVNUVVMtTU9WRSIsImpvYkxvY2F0aW9uIjoiZWFzdHVzIn0?api-version=2019-08-01"
        ],
        "Retry-After": [
          "15"
        ],
        "x-ms-ratelimit-remaining-subscription-reads": [
          "11983"
        ],
        "x-ms-request-id": [
          "b07cb8a5-63d1-43df-9ef8-090a5ab27125"
        ],
        "x-ms-correlation-request-id": [
          "b07cb8a5-63d1-43df-9ef8-090a5ab27125"
        ],
        "x-ms-routing-request-id": [
          "SOUTHEASTASIA:20200206T033052Z:b07cb8a5-63d1-43df-9ef8-090a5ab27125"
        ],
        "Strict-Transport-Security": [
          "max-age=31536000; includeSubDomains"
        ],
        "X-Content-Type-Options": [
          "nosniff"
        ],
        "Content-Length": [
          "0"
        ],
        "Expires": [
          "-1"
        ]
      },
      "ResponseBody": "",
      "StatusCode": 202
    },
    {
      "RequestUri": "/subscriptions/0b1f6471-1bf0-4dda-aec3-cb9272f09590/operationresults/eyJqb2JJZCI6IlJFU09VUkNFQkFUQ0hNT1ZFSk9CLUNTTVJHMzA0MS1FQVNUVVMtTU9WRSIsImpvYkxvY2F0aW9uIjoiZWFzdHVzIn0?api-version=2019-08-01",
      "EncodedRequestUri": "L3N1YnNjcmlwdGlvbnMvMGIxZjY0NzEtMWJmMC00ZGRhLWFlYzMtY2I5MjcyZjA5NTkwL29wZXJhdGlvbnJlc3VsdHMvZXlKcWIySkpaQ0k2SWxKRlUwOVZVa05GUWtGVVEwaE5UMVpGU2s5Q0xVTlRUVkpITXpBME1TMUZRVk5VVlZNdFRVOVdSU0lzSW1wdllreHZZMkYwYVc5dUlqb2laV0Z6ZEhWekluMD9hcGktdmVyc2lvbj0yMDE5LTA4LTAx",
      "RequestMethod": "GET",
      "RequestBody": "",
      "RequestHeaders": {
        "User-Agent": [
          "FxVersion/4.6.00001.0",
          "OSName/Windows",
          "OSVersion/Microsoft.Windows.10.0.18362.",
          "Microsoft.Azure.Management.ResourceManager.Fluent.ResourceManagementClient/1.0.0.63",
          "MacAddressHash/1602a96894beea5b1968297c8c5f4c8f29d85699afaf178b189663657c138695"
        ]
      },
      "ResponseHeaders": {
        "Cache-Control": [
          "no-cache"
        ],
        "Date": [
          "Thu, 06 Feb 2020 03:31:07 GMT"
        ],
        "Pragma": [
          "no-cache"
        ],
        "Location": [
          "https://management.azure.com/subscriptions/0b1f6471-1bf0-4dda-aec3-cb9272f09590/operationresults/eyJqb2JJZCI6IlJFU09VUkNFQkFUQ0hNT1ZFSk9CLUNTTVJHMzA0MS1FQVNUVVMtTU9WRSIsImpvYkxvY2F0aW9uIjoiZWFzdHVzIn0?api-version=2019-08-01"
        ],
        "Retry-After": [
          "15"
        ],
        "x-ms-ratelimit-remaining-subscription-reads": [
          "11982"
        ],
        "x-ms-request-id": [
          "357b3d62-4e7f-4899-89b5-7f806feb1e92"
        ],
        "x-ms-correlation-request-id": [
          "357b3d62-4e7f-4899-89b5-7f806feb1e92"
        ],
        "x-ms-routing-request-id": [
          "SOUTHEASTASIA:20200206T033107Z:357b3d62-4e7f-4899-89b5-7f806feb1e92"
        ],
        "Strict-Transport-Security": [
          "max-age=31536000; includeSubDomains"
        ],
        "X-Content-Type-Options": [
          "nosniff"
        ],
        "Content-Length": [
          "0"
        ],
        "Expires": [
          "-1"
        ]
      },
      "ResponseBody": "",
      "StatusCode": 202
    },
    {
      "RequestUri": "/subscriptions/0b1f6471-1bf0-4dda-aec3-cb9272f09590/operationresults/eyJqb2JJZCI6IlJFU09VUkNFQkFUQ0hNT1ZFSk9CLUNTTVJHMzA0MS1FQVNUVVMtTU9WRSIsImpvYkxvY2F0aW9uIjoiZWFzdHVzIn0?api-version=2019-08-01",
      "EncodedRequestUri": "L3N1YnNjcmlwdGlvbnMvMGIxZjY0NzEtMWJmMC00ZGRhLWFlYzMtY2I5MjcyZjA5NTkwL29wZXJhdGlvbnJlc3VsdHMvZXlKcWIySkpaQ0k2SWxKRlUwOVZVa05GUWtGVVEwaE5UMVpGU2s5Q0xVTlRUVkpITXpBME1TMUZRVk5VVlZNdFRVOVdSU0lzSW1wdllreHZZMkYwYVc5dUlqb2laV0Z6ZEhWekluMD9hcGktdmVyc2lvbj0yMDE5LTA4LTAx",
      "RequestMethod": "GET",
      "RequestBody": "",
      "RequestHeaders": {
        "User-Agent": [
          "FxVersion/4.6.00001.0",
          "OSName/Windows",
          "OSVersion/Microsoft.Windows.10.0.18362.",
          "Microsoft.Azure.Management.ResourceManager.Fluent.ResourceManagementClient/1.0.0.63",
          "MacAddressHash/1602a96894beea5b1968297c8c5f4c8f29d85699afaf178b189663657c138695"
        ]
      },
      "ResponseHeaders": {
        "Cache-Control": [
          "no-cache"
        ],
        "Date": [
          "Thu, 06 Feb 2020 03:31:22 GMT"
        ],
        "Pragma": [
          "no-cache"
        ],
        "Location": [
          "https://management.azure.com/subscriptions/0b1f6471-1bf0-4dda-aec3-cb9272f09590/operationresults/eyJqb2JJZCI6IlJFU09VUkNFQkFUQ0hNT1ZFSk9CLUNTTVJHMzA0MS1FQVNUVVMtTU9WRSIsImpvYkxvY2F0aW9uIjoiZWFzdHVzIn0?api-version=2019-08-01"
        ],
        "Retry-After": [
          "15"
        ],
        "x-ms-ratelimit-remaining-subscription-reads": [
          "11981"
        ],
        "x-ms-request-id": [
          "aaaa1bdf-94ef-4e1e-a494-e9ac854e1bfe"
        ],
        "x-ms-correlation-request-id": [
          "aaaa1bdf-94ef-4e1e-a494-e9ac854e1bfe"
        ],
        "x-ms-routing-request-id": [
          "SOUTHEASTASIA:20200206T033123Z:aaaa1bdf-94ef-4e1e-a494-e9ac854e1bfe"
        ],
        "Strict-Transport-Security": [
          "max-age=31536000; includeSubDomains"
        ],
        "X-Content-Type-Options": [
          "nosniff"
        ],
        "Content-Length": [
          "0"
        ],
        "Expires": [
          "-1"
        ]
      },
      "ResponseBody": "",
      "StatusCode": 202
    },
    {
      "RequestUri": "/subscriptions/0b1f6471-1bf0-4dda-aec3-cb9272f09590/operationresults/eyJqb2JJZCI6IlJFU09VUkNFQkFUQ0hNT1ZFSk9CLUNTTVJHMzA0MS1FQVNUVVMtTU9WRSIsImpvYkxvY2F0aW9uIjoiZWFzdHVzIn0?api-version=2019-08-01",
      "EncodedRequestUri": "L3N1YnNjcmlwdGlvbnMvMGIxZjY0NzEtMWJmMC00ZGRhLWFlYzMtY2I5MjcyZjA5NTkwL29wZXJhdGlvbnJlc3VsdHMvZXlKcWIySkpaQ0k2SWxKRlUwOVZVa05GUWtGVVEwaE5UMVpGU2s5Q0xVTlRUVkpITXpBME1TMUZRVk5VVlZNdFRVOVdSU0lzSW1wdllreHZZMkYwYVc5dUlqb2laV0Z6ZEhWekluMD9hcGktdmVyc2lvbj0yMDE5LTA4LTAx",
      "RequestMethod": "GET",
      "RequestBody": "",
      "RequestHeaders": {
        "User-Agent": [
          "FxVersion/4.6.00001.0",
          "OSName/Windows",
          "OSVersion/Microsoft.Windows.10.0.18362.",
          "Microsoft.Azure.Management.ResourceManager.Fluent.ResourceManagementClient/1.0.0.63",
          "MacAddressHash/1602a96894beea5b1968297c8c5f4c8f29d85699afaf178b189663657c138695"
        ]
      },
      "ResponseHeaders": {
        "Cache-Control": [
          "no-cache"
        ],
        "Date": [
          "Thu, 06 Feb 2020 03:31:38 GMT"
        ],
        "Pragma": [
          "no-cache"
        ],
        "Location": [
          "https://management.azure.com/subscriptions/0b1f6471-1bf0-4dda-aec3-cb9272f09590/operationresults/eyJqb2JJZCI6IlJFU09VUkNFQkFUQ0hNT1ZFSk9CLUNTTVJHMzA0MS1FQVNUVVMtTU9WRSIsImpvYkxvY2F0aW9uIjoiZWFzdHVzIn0?api-version=2019-08-01"
        ],
        "Retry-After": [
          "15"
        ],
        "x-ms-ratelimit-remaining-subscription-reads": [
          "11980"
        ],
        "x-ms-request-id": [
          "4fdcf794-43c3-4955-965e-b524eeeeaad1"
        ],
        "x-ms-correlation-request-id": [
          "4fdcf794-43c3-4955-965e-b524eeeeaad1"
        ],
        "x-ms-routing-request-id": [
          "SOUTHEASTASIA:20200206T033138Z:4fdcf794-43c3-4955-965e-b524eeeeaad1"
        ],
        "Strict-Transport-Security": [
          "max-age=31536000; includeSubDomains"
        ],
        "X-Content-Type-Options": [
          "nosniff"
        ],
        "Content-Length": [
          "0"
        ],
        "Expires": [
          "-1"
        ]
      },
      "ResponseBody": "",
      "StatusCode": 202
    },
    {
      "RequestUri": "/subscriptions/0b1f6471-1bf0-4dda-aec3-cb9272f09590/operationresults/eyJqb2JJZCI6IlJFU09VUkNFQkFUQ0hNT1ZFSk9CLUNTTVJHMzA0MS1FQVNUVVMtTU9WRSIsImpvYkxvY2F0aW9uIjoiZWFzdHVzIn0?api-version=2019-08-01",
      "EncodedRequestUri": "L3N1YnNjcmlwdGlvbnMvMGIxZjY0NzEtMWJmMC00ZGRhLWFlYzMtY2I5MjcyZjA5NTkwL29wZXJhdGlvbnJlc3VsdHMvZXlKcWIySkpaQ0k2SWxKRlUwOVZVa05GUWtGVVEwaE5UMVpGU2s5Q0xVTlRUVkpITXpBME1TMUZRVk5VVlZNdFRVOVdSU0lzSW1wdllreHZZMkYwYVc5dUlqb2laV0Z6ZEhWekluMD9hcGktdmVyc2lvbj0yMDE5LTA4LTAx",
      "RequestMethod": "GET",
      "RequestBody": "",
      "RequestHeaders": {
        "User-Agent": [
          "FxVersion/4.6.00001.0",
          "OSName/Windows",
          "OSVersion/Microsoft.Windows.10.0.18362.",
          "Microsoft.Azure.Management.ResourceManager.Fluent.ResourceManagementClient/1.0.0.63",
          "MacAddressHash/1602a96894beea5b1968297c8c5f4c8f29d85699afaf178b189663657c138695"
        ]
      },
      "ResponseHeaders": {
        "Cache-Control": [
          "no-cache"
        ],
        "Date": [
          "Thu, 06 Feb 2020 03:31:53 GMT"
        ],
        "Pragma": [
          "no-cache"
        ],
        "Location": [
          "https://management.azure.com/subscriptions/0b1f6471-1bf0-4dda-aec3-cb9272f09590/operationresults/eyJqb2JJZCI6IlJFU09VUkNFQkFUQ0hNT1ZFSk9CLUNTTVJHMzA0MS1FQVNUVVMtTU9WRSIsImpvYkxvY2F0aW9uIjoiZWFzdHVzIn0?api-version=2019-08-01"
        ],
        "Retry-After": [
          "15"
        ],
        "x-ms-ratelimit-remaining-subscription-reads": [
          "11979"
        ],
        "x-ms-request-id": [
          "484c878e-5155-4806-8610-c067359c091d"
        ],
        "x-ms-correlation-request-id": [
          "484c878e-5155-4806-8610-c067359c091d"
        ],
        "x-ms-routing-request-id": [
          "SOUTHEASTASIA:20200206T033154Z:484c878e-5155-4806-8610-c067359c091d"
        ],
        "Strict-Transport-Security": [
          "max-age=31536000; includeSubDomains"
        ],
        "X-Content-Type-Options": [
          "nosniff"
        ],
        "Content-Length": [
          "0"
        ],
        "Expires": [
          "-1"
        ]
      },
      "ResponseBody": "",
      "StatusCode": 202
    },
    {
      "RequestUri": "/subscriptions/0b1f6471-1bf0-4dda-aec3-cb9272f09590/operationresults/eyJqb2JJZCI6IlJFU09VUkNFQkFUQ0hNT1ZFSk9CLUNTTVJHMzA0MS1FQVNUVVMtTU9WRSIsImpvYkxvY2F0aW9uIjoiZWFzdHVzIn0?api-version=2019-08-01",
      "EncodedRequestUri": "L3N1YnNjcmlwdGlvbnMvMGIxZjY0NzEtMWJmMC00ZGRhLWFlYzMtY2I5MjcyZjA5NTkwL29wZXJhdGlvbnJlc3VsdHMvZXlKcWIySkpaQ0k2SWxKRlUwOVZVa05GUWtGVVEwaE5UMVpGU2s5Q0xVTlRUVkpITXpBME1TMUZRVk5VVlZNdFRVOVdSU0lzSW1wdllreHZZMkYwYVc5dUlqb2laV0Z6ZEhWekluMD9hcGktdmVyc2lvbj0yMDE5LTA4LTAx",
      "RequestMethod": "GET",
      "RequestBody": "",
      "RequestHeaders": {
        "User-Agent": [
          "FxVersion/4.6.00001.0",
          "OSName/Windows",
          "OSVersion/Microsoft.Windows.10.0.18362.",
          "Microsoft.Azure.Management.ResourceManager.Fluent.ResourceManagementClient/1.0.0.63",
          "MacAddressHash/1602a96894beea5b1968297c8c5f4c8f29d85699afaf178b189663657c138695"
        ]
      },
      "ResponseHeaders": {
        "Cache-Control": [
          "no-cache"
        ],
        "Date": [
          "Thu, 06 Feb 2020 03:32:09 GMT"
        ],
        "Pragma": [
          "no-cache"
        ],
        "Location": [
          "https://management.azure.com/subscriptions/0b1f6471-1bf0-4dda-aec3-cb9272f09590/operationresults/eyJqb2JJZCI6IlJFU09VUkNFQkFUQ0hNT1ZFSk9CLUNTTVJHMzA0MS1FQVNUVVMtTU9WRSIsImpvYkxvY2F0aW9uIjoiZWFzdHVzIn0?api-version=2019-08-01"
        ],
        "Retry-After": [
          "15"
        ],
        "x-ms-ratelimit-remaining-subscription-reads": [
          "11978"
        ],
        "x-ms-request-id": [
          "f5631eea-85ad-48e7-8643-81face8306f4"
        ],
        "x-ms-correlation-request-id": [
          "f5631eea-85ad-48e7-8643-81face8306f4"
        ],
        "x-ms-routing-request-id": [
          "SOUTHEASTASIA:20200206T033210Z:f5631eea-85ad-48e7-8643-81face8306f4"
        ],
        "Strict-Transport-Security": [
          "max-age=31536000; includeSubDomains"
        ],
        "X-Content-Type-Options": [
          "nosniff"
        ],
        "Content-Length": [
          "0"
        ],
        "Expires": [
          "-1"
        ]
      },
      "ResponseBody": "",
      "StatusCode": 202
    },
    {
      "RequestUri": "/subscriptions/0b1f6471-1bf0-4dda-aec3-cb9272f09590/operationresults/eyJqb2JJZCI6IlJFU09VUkNFQkFUQ0hNT1ZFSk9CLUNTTVJHMzA0MS1FQVNUVVMtTU9WRSIsImpvYkxvY2F0aW9uIjoiZWFzdHVzIn0?api-version=2019-08-01",
      "EncodedRequestUri": "L3N1YnNjcmlwdGlvbnMvMGIxZjY0NzEtMWJmMC00ZGRhLWFlYzMtY2I5MjcyZjA5NTkwL29wZXJhdGlvbnJlc3VsdHMvZXlKcWIySkpaQ0k2SWxKRlUwOVZVa05GUWtGVVEwaE5UMVpGU2s5Q0xVTlRUVkpITXpBME1TMUZRVk5VVlZNdFRVOVdSU0lzSW1wdllreHZZMkYwYVc5dUlqb2laV0Z6ZEhWekluMD9hcGktdmVyc2lvbj0yMDE5LTA4LTAx",
      "RequestMethod": "GET",
      "RequestBody": "",
      "RequestHeaders": {
        "User-Agent": [
          "FxVersion/4.6.00001.0",
          "OSName/Windows",
          "OSVersion/Microsoft.Windows.10.0.18362.",
          "Microsoft.Azure.Management.ResourceManager.Fluent.ResourceManagementClient/1.0.0.63",
          "MacAddressHash/1602a96894beea5b1968297c8c5f4c8f29d85699afaf178b189663657c138695"
        ]
      },
      "ResponseHeaders": {
        "Cache-Control": [
          "no-cache"
        ],
        "Date": [
          "Thu, 06 Feb 2020 03:32:24 GMT"
        ],
        "Pragma": [
          "no-cache"
        ],
        "Location": [
          "https://management.azure.com/subscriptions/0b1f6471-1bf0-4dda-aec3-cb9272f09590/operationresults/eyJqb2JJZCI6IlJFU09VUkNFQkFUQ0hNT1ZFSk9CLUNTTVJHMzA0MS1FQVNUVVMtTU9WRSIsImpvYkxvY2F0aW9uIjoiZWFzdHVzIn0?api-version=2019-08-01"
        ],
        "Retry-After": [
          "15"
        ],
        "x-ms-ratelimit-remaining-subscription-reads": [
          "11977"
        ],
        "x-ms-request-id": [
          "b988b026-78fd-4db7-8193-4d58b95aae0c"
        ],
        "x-ms-correlation-request-id": [
          "b988b026-78fd-4db7-8193-4d58b95aae0c"
        ],
        "x-ms-routing-request-id": [
          "SOUTHEASTASIA:20200206T033225Z:b988b026-78fd-4db7-8193-4d58b95aae0c"
        ],
        "Strict-Transport-Security": [
          "max-age=31536000; includeSubDomains"
        ],
        "X-Content-Type-Options": [
          "nosniff"
        ],
        "Content-Length": [
          "0"
        ],
        "Expires": [
          "-1"
        ]
      },
      "ResponseBody": "",
      "StatusCode": 202
    },
    {
      "RequestUri": "/subscriptions/0b1f6471-1bf0-4dda-aec3-cb9272f09590/operationresults/eyJqb2JJZCI6IlJFU09VUkNFQkFUQ0hNT1ZFSk9CLUNTTVJHMzA0MS1FQVNUVVMtTU9WRSIsImpvYkxvY2F0aW9uIjoiZWFzdHVzIn0?api-version=2019-08-01",
      "EncodedRequestUri": "L3N1YnNjcmlwdGlvbnMvMGIxZjY0NzEtMWJmMC00ZGRhLWFlYzMtY2I5MjcyZjA5NTkwL29wZXJhdGlvbnJlc3VsdHMvZXlKcWIySkpaQ0k2SWxKRlUwOVZVa05GUWtGVVEwaE5UMVpGU2s5Q0xVTlRUVkpITXpBME1TMUZRVk5VVlZNdFRVOVdSU0lzSW1wdllreHZZMkYwYVc5dUlqb2laV0Z6ZEhWekluMD9hcGktdmVyc2lvbj0yMDE5LTA4LTAx",
      "RequestMethod": "GET",
      "RequestBody": "",
      "RequestHeaders": {
        "User-Agent": [
          "FxVersion/4.6.00001.0",
          "OSName/Windows",
          "OSVersion/Microsoft.Windows.10.0.18362.",
          "Microsoft.Azure.Management.ResourceManager.Fluent.ResourceManagementClient/1.0.0.63",
          "MacAddressHash/1602a96894beea5b1968297c8c5f4c8f29d85699afaf178b189663657c138695"
        ]
      },
      "ResponseHeaders": {
        "Cache-Control": [
          "no-cache"
        ],
        "Date": [
          "Thu, 06 Feb 2020 03:32:41 GMT"
        ],
        "Pragma": [
          "no-cache"
        ],
        "x-ms-ratelimit-remaining-subscription-reads": [
          "11976"
        ],
        "x-ms-request-id": [
          "82aff3ba-f446-48cd-9eb9-ba01343e8738"
        ],
        "x-ms-correlation-request-id": [
          "82aff3ba-f446-48cd-9eb9-ba01343e8738"
        ],
        "x-ms-routing-request-id": [
          "SOUTHEASTASIA:20200206T033241Z:82aff3ba-f446-48cd-9eb9-ba01343e8738"
        ],
        "Strict-Transport-Security": [
          "max-age=31536000; includeSubDomains"
        ],
        "X-Content-Type-Options": [
          "nosniff"
        ],
        "Expires": [
          "-1"
        ]
      },
      "ResponseBody": "",
      "StatusCode": 204
    },
    {
      "RequestUri": "/subscriptions/0b1f6471-1bf0-4dda-aec3-cb9272f09590/operationresults/eyJqb2JJZCI6IlJFU09VUkNFQkFUQ0hNT1ZFSk9CLUNTTVJHMzA0MS1FQVNUVVMtTU9WRSIsImpvYkxvY2F0aW9uIjoiZWFzdHVzIn0?api-version=2019-08-01",
      "EncodedRequestUri": "L3N1YnNjcmlwdGlvbnMvMGIxZjY0NzEtMWJmMC00ZGRhLWFlYzMtY2I5MjcyZjA5NTkwL29wZXJhdGlvbnJlc3VsdHMvZXlKcWIySkpaQ0k2SWxKRlUwOVZVa05GUWtGVVEwaE5UMVpGU2s5Q0xVTlRUVkpITXpBME1TMUZRVk5VVlZNdFRVOVdSU0lzSW1wdllreHZZMkYwYVc5dUlqb2laV0Z6ZEhWekluMD9hcGktdmVyc2lvbj0yMDE5LTA4LTAx",
      "RequestMethod": "GET",
      "RequestBody": "",
      "RequestHeaders": {
        "User-Agent": [
          "FxVersion/4.6.00001.0",
          "OSName/Windows",
          "OSVersion/Microsoft.Windows.10.0.18362.",
          "Microsoft.Azure.Management.ResourceManager.Fluent.ResourceManagementClient/1.0.0.63",
          "MacAddressHash/1602a96894beea5b1968297c8c5f4c8f29d85699afaf178b189663657c138695"
        ]
      },
      "ResponseHeaders": {
        "Cache-Control": [
          "no-cache"
        ],
        "Date": [
          "Thu, 06 Feb 2020 03:32:41 GMT"
        ],
        "Pragma": [
          "no-cache"
        ],
        "x-ms-ratelimit-remaining-subscription-reads": [
          "11975"
        ],
        "x-ms-request-id": [
          "94775b28-cd3d-43fc-b73d-96a36ce7d22b"
        ],
        "x-ms-correlation-request-id": [
          "94775b28-cd3d-43fc-b73d-96a36ce7d22b"
        ],
        "x-ms-routing-request-id": [
          "SOUTHEASTASIA:20200206T033241Z:94775b28-cd3d-43fc-b73d-96a36ce7d22b"
        ],
        "Strict-Transport-Security": [
          "max-age=31536000; includeSubDomains"
        ],
        "X-Content-Type-Options": [
          "nosniff"
        ],
        "Expires": [
          "-1"
        ]
      },
      "ResponseBody": "",
      "StatusCode": 204
    },
    {
      "RequestUri": "/subscriptions/0b1f6471-1bf0-4dda-aec3-cb9272f09590/resourcegroups/csmrg8738/providers/Microsoft.Web//sites/rgweb2417?api-version=2019-08-01",
      "EncodedRequestUri": "L3N1YnNjcmlwdGlvbnMvMGIxZjY0NzEtMWJmMC00ZGRhLWFlYzMtY2I5MjcyZjA5NTkwL3Jlc291cmNlZ3JvdXBzL2NzbXJnODczOC9wcm92aWRlcnMvTWljcm9zb2Z0LldlYi8vc2l0ZXMvcmd3ZWIyNDE3P2FwaS12ZXJzaW9uPTIwMTktMDgtMDE=",
      "RequestMethod": "GET",
      "RequestBody": "",
      "RequestHeaders": {
        "x-ms-client-request-id": [
          "724b577a-4a78-4124-9e1e-9add4e4774b0"
        ],
        "accept-language": [
          "en-US"
        ],
        "User-Agent": [
          "FxVersion/4.6.00001.0",
          "OSName/Windows",
          "OSVersion/Microsoft.Windows.10.0.18362.",
          "Microsoft.Azure.Management.ResourceManager.Fluent.ResourceManagementClient/1.0.0.63",
          "MacAddressHash/1602a96894beea5b1968297c8c5f4c8f29d85699afaf178b189663657c138695"
        ]
      },
      "ResponseHeaders": {
        "Cache-Control": [
          "no-cache"
        ],
        "Date": [
          "Thu, 06 Feb 2020 03:32:42 GMT"
        ],
        "Pragma": [
          "no-cache"
        ],
        "ETag": [
          "\"1D5DC9D8DD83F75\""
        ],
        "Server": [
          "Microsoft-IIS/10.0"
        ],
        "Strict-Transport-Security": [
          "max-age=31536000; includeSubDomains"
        ],
        "x-ms-request-id": [
          "99ffdae4-be8e-45b2-8b3b-3089b521f76f"
        ],
        "X-AspNet-Version": [
          "4.0.30319"
        ],
        "X-Powered-By": [
          "ASP.NET"
        ],
        "x-ms-ratelimit-remaining-subscription-reads": [
          "11974"
        ],
        "x-ms-correlation-request-id": [
          "886652f8-fffe-4e9f-9af2-ca412f610dd4"
        ],
        "x-ms-routing-request-id": [
          "SOUTHEASTASIA:20200206T033242Z:886652f8-fffe-4e9f-9af2-ca412f610dd4"
        ],
        "X-Content-Type-Options": [
          "nosniff"
        ],
        "Content-Length": [
          "3107"
        ],
        "Content-Type": [
          "application/json"
        ],
        "Expires": [
          "-1"
        ]
      },
      "ResponseBody": "{\r\n  \"id\": \"/subscriptions/0b1f6471-1bf0-4dda-aec3-cb9272f09590/resourceGroups/csmrg8738/providers/Microsoft.Web/sites/rgweb2417\",\r\n  \"name\": \"rgweb2417\",\r\n  \"type\": \"Microsoft.Web/sites\",\r\n  \"kind\": \"app\",\r\n  \"location\": \"East US\",\r\n  \"tags\": {},\r\n  \"properties\": {\r\n    \"name\": \"rgweb2417\",\r\n    \"state\": \"Running\",\r\n    \"hostNames\": [\r\n      \"rgweb2417.azurewebsites.net\"\r\n    ],\r\n    \"webSpace\": \"csmrg3041-EastUSwebspace\",\r\n    \"selfLink\": \"https://waws-prod-blu-165.api.azurewebsites.windows.net:454/subscriptions/0b1f6471-1bf0-4dda-aec3-cb9272f09590/webspaces/csmrg3041-EastUSwebspace/sites/rgweb2417\",\r\n    \"repositorySiteName\": \"rgweb2417\",\r\n    \"owner\": null,\r\n    \"usageState\": \"Normal\",\r\n    \"enabled\": true,\r\n    \"adminEnabled\": true,\r\n    \"enabledHostNames\": [\r\n      \"rgweb2417.azurewebsites.net\",\r\n      \"rgweb2417.scm.azurewebsites.net\"\r\n    ],\r\n    \"siteProperties\": {\r\n      \"metadata\": null,\r\n      \"properties\": [\r\n        {\r\n          \"name\": \"LinuxFxVersion\",\r\n          \"value\": \"\"\r\n        },\r\n        {\r\n          \"name\": \"WindowsFxVersion\",\r\n          \"value\": null\r\n        }\r\n      ],\r\n      \"appSettings\": null\r\n    },\r\n    \"availabilityState\": \"Normal\",\r\n    \"sslCertificates\": null,\r\n    \"csrs\": [],\r\n    \"cers\": null,\r\n    \"siteMode\": null,\r\n    \"hostNameSslStates\": [\r\n      {\r\n        \"name\": \"rgweb2417.azurewebsites.net\",\r\n        \"sslState\": \"Disabled\",\r\n        \"ipBasedSslResult\": null,\r\n        \"virtualIP\": null,\r\n        \"thumbprint\": null,\r\n        \"toUpdate\": null,\r\n        \"toUpdateIpBasedSsl\": null,\r\n        \"ipBasedSslState\": \"NotConfigured\",\r\n        \"hostType\": \"Standard\"\r\n      },\r\n      {\r\n        \"name\": \"rgweb2417.scm.azurewebsites.net\",\r\n        \"sslState\": \"Disabled\",\r\n        \"ipBasedSslResult\": null,\r\n        \"virtualIP\": null,\r\n        \"thumbprint\": null,\r\n        \"toUpdate\": null,\r\n        \"toUpdateIpBasedSsl\": null,\r\n        \"ipBasedSslState\": \"NotConfigured\",\r\n        \"hostType\": \"Repository\"\r\n      }\r\n    ],\r\n    \"computeMode\": null,\r\n    \"serverFarm\": null,\r\n    \"serverFarmId\": \"/subscriptions/0b1f6471-1bf0-4dda-aec3-cb9272f09590/resourceGroups/csmrg3041/providers/Microsoft.Web/serverfarms/Default1xw\",\r\n    \"reserved\": false,\r\n    \"isXenon\": false,\r\n    \"hyperV\": false,\r\n    \"lastModifiedTimeUtc\": \"2020-02-06T03:28:52.5033333\",\r\n    \"storageRecoveryDefaultState\": \"Running\",\r\n    \"contentAvailabilityState\": \"Normal\",\r\n    \"runtimeAvailabilityState\": \"Normal\",\r\n    \"siteConfig\": null,\r\n    \"deploymentId\": \"rgweb2417\",\r\n    \"trafficManagerHostNames\": null,\r\n    \"sku\": \"Free\",\r\n    \"scmSiteAlsoStopped\": false,\r\n    \"targetSwapSlot\": null,\r\n    \"hostingEnvironment\": null,\r\n    \"hostingEnvironmentProfile\": null,\r\n    \"clientAffinityEnabled\": true,\r\n    \"clientCertEnabled\": false,\r\n    \"clientCertExclusionPaths\": null,\r\n    \"hostNamesDisabled\": false,\r\n    \"domainVerificationIdentifiers\": null,\r\n    \"customDomainVerificationId\": \"7439D79D4685842F4BBAEBBD23B5421A1C27C69707E0F8BF072B6F410C3D711C\",\r\n    \"kind\": \"app\",\r\n    \"inboundIpAddress\": \"40.71.11.142\",\r\n    \"possibleInboundIpAddresses\": \"40.71.11.142\",\r\n    \"outboundIpAddresses\": \"40.71.11.142,137.117.46.248,104.211.0.27,137.117.46.62,168.61.46.64\",\r\n    \"possibleOutboundIpAddresses\": \"40.71.11.142,137.117.46.248,104.211.0.27,137.117.46.62,168.61.46.64,168.61.47.22,104.211.3.34,137.117.45.230,104.211.2.38,104.211.3.100\",\r\n    \"containerSize\": 0,\r\n    \"dailyMemoryTimeQuota\": 0,\r\n    \"suspendedTill\": null,\r\n    \"siteDisabledReason\": 0,\r\n    \"functionExecutionUnitsCache\": null,\r\n    \"maxNumberOfWorkers\": null,\r\n    \"homeStamp\": \"waws-prod-blu-165\",\r\n    \"cloningInfo\": null,\r\n    \"hostingEnvironmentId\": null,\r\n    \"tags\": {},\r\n    \"resourceGroup\": \"csmrg8738\",\r\n    \"defaultHostName\": \"rgweb2417.azurewebsites.net\",\r\n    \"slotSwapStatus\": null,\r\n    \"httpsOnly\": false,\r\n    \"redundancyMode\": \"None\",\r\n    \"inProgressOperationId\": null,\r\n    \"geoDistributions\": null,\r\n    \"privateEndpointConnections\": [],\r\n    \"buildVersion\": null,\r\n    \"targetBuildVersion\": null\r\n  }\r\n}",
      "StatusCode": 200
    },
    {
      "RequestUri": "/subscriptions/0b1f6471-1bf0-4dda-aec3-cb9272f09590/resourcegroups/csmrg8738/providers/Microsoft.Web//sites/rgweb2417?api-version=2019-08-01",
      "EncodedRequestUri": "L3N1YnNjcmlwdGlvbnMvMGIxZjY0NzEtMWJmMC00ZGRhLWFlYzMtY2I5MjcyZjA5NTkwL3Jlc291cmNlZ3JvdXBzL2NzbXJnODczOC9wcm92aWRlcnMvTWljcm9zb2Z0LldlYi8vc2l0ZXMvcmd3ZWIyNDE3P2FwaS12ZXJzaW9uPTIwMTktMDgtMDE=",
      "RequestMethod": "GET",
      "RequestBody": "",
      "RequestHeaders": {
        "x-ms-client-request-id": [
          "26050322-a943-49d8-b73a-fe6208847bc4"
        ],
        "accept-language": [
          "en-US"
        ],
        "User-Agent": [
          "FxVersion/4.6.00001.0",
          "OSName/Windows",
          "OSVersion/Microsoft.Windows.10.0.18362.",
          "Microsoft.Azure.Management.ResourceManager.Fluent.ResourceManagementClient/1.0.0.63",
          "MacAddressHash/1602a96894beea5b1968297c8c5f4c8f29d85699afaf178b189663657c138695"
        ]
      },
      "ResponseHeaders": {
        "Cache-Control": [
          "no-cache"
        ],
        "Date": [
          "Thu, 06 Feb 2020 03:32:44 GMT"
        ],
        "Pragma": [
          "no-cache"
        ],
        "ETag": [
          "\"1D5DC9E1726E72B\""
        ],
        "Server": [
          "Microsoft-IIS/10.0"
        ],
        "Strict-Transport-Security": [
          "max-age=31536000; includeSubDomains"
        ],
        "x-ms-request-id": [
          "f6166a82-eb08-46dd-8c65-fd64697bf157"
        ],
        "X-AspNet-Version": [
          "4.0.30319"
        ],
        "X-Powered-By": [
          "ASP.NET"
        ],
        "x-ms-ratelimit-remaining-subscription-reads": [
          "11973"
        ],
        "x-ms-correlation-request-id": [
          "cd840d9c-dcfe-4495-8f0c-f8c14aea4b3a"
        ],
        "x-ms-routing-request-id": [
          "SOUTHEASTASIA:20200206T033244Z:cd840d9c-dcfe-4495-8f0c-f8c14aea4b3a"
        ],
        "X-Content-Type-Options": [
          "nosniff"
        ],
        "Content-Length": [
          "3107"
        ],
        "Content-Type": [
          "application/json"
        ],
        "Expires": [
          "-1"
        ]
      },
      "ResponseBody": "{\r\n  \"id\": \"/subscriptions/0b1f6471-1bf0-4dda-aec3-cb9272f09590/resourceGroups/csmrg8738/providers/Microsoft.Web/sites/rgweb2417\",\r\n  \"name\": \"rgweb2417\",\r\n  \"type\": \"Microsoft.Web/sites\",\r\n  \"kind\": \"app\",\r\n  \"location\": \"East US\",\r\n  \"tags\": {},\r\n  \"properties\": {\r\n    \"name\": \"rgweb2417\",\r\n    \"state\": \"Running\",\r\n    \"hostNames\": [\r\n      \"rgweb2417.azurewebsites.net\"\r\n    ],\r\n    \"webSpace\": \"csmrg3041-EastUSwebspace\",\r\n    \"selfLink\": \"https://waws-prod-blu-165.api.azurewebsites.windows.net:454/subscriptions/0b1f6471-1bf0-4dda-aec3-cb9272f09590/webspaces/csmrg3041-EastUSwebspace/sites/rgweb2417\",\r\n    \"repositorySiteName\": \"rgweb2417\",\r\n    \"owner\": null,\r\n    \"usageState\": \"Normal\",\r\n    \"enabled\": true,\r\n    \"adminEnabled\": true,\r\n    \"enabledHostNames\": [\r\n      \"rgweb2417.azurewebsites.net\",\r\n      \"rgweb2417.scm.azurewebsites.net\"\r\n    ],\r\n    \"siteProperties\": {\r\n      \"metadata\": null,\r\n      \"properties\": [\r\n        {\r\n          \"name\": \"LinuxFxVersion\",\r\n          \"value\": \"\"\r\n        },\r\n        {\r\n          \"name\": \"WindowsFxVersion\",\r\n          \"value\": null\r\n        }\r\n      ],\r\n      \"appSettings\": null\r\n    },\r\n    \"availabilityState\": \"Normal\",\r\n    \"sslCertificates\": null,\r\n    \"csrs\": [],\r\n    \"cers\": null,\r\n    \"siteMode\": null,\r\n    \"hostNameSslStates\": [\r\n      {\r\n        \"name\": \"rgweb2417.azurewebsites.net\",\r\n        \"sslState\": \"Disabled\",\r\n        \"ipBasedSslResult\": null,\r\n        \"virtualIP\": null,\r\n        \"thumbprint\": null,\r\n        \"toUpdate\": null,\r\n        \"toUpdateIpBasedSsl\": null,\r\n        \"ipBasedSslState\": \"NotConfigured\",\r\n        \"hostType\": \"Standard\"\r\n      },\r\n      {\r\n        \"name\": \"rgweb2417.scm.azurewebsites.net\",\r\n        \"sslState\": \"Disabled\",\r\n        \"ipBasedSslResult\": null,\r\n        \"virtualIP\": null,\r\n        \"thumbprint\": null,\r\n        \"toUpdate\": null,\r\n        \"toUpdateIpBasedSsl\": null,\r\n        \"ipBasedSslState\": \"NotConfigured\",\r\n        \"hostType\": \"Repository\"\r\n      }\r\n    ],\r\n    \"computeMode\": null,\r\n    \"serverFarm\": null,\r\n    \"serverFarmId\": \"/subscriptions/0b1f6471-1bf0-4dda-aec3-cb9272f09590/resourceGroups/csmrg3041/providers/Microsoft.Web/serverfarms/Default1xw\",\r\n    \"reserved\": false,\r\n    \"isXenon\": false,\r\n    \"hyperV\": false,\r\n    \"lastModifiedTimeUtc\": \"2020-02-06T03:32:42.8666667\",\r\n    \"storageRecoveryDefaultState\": \"Running\",\r\n    \"contentAvailabilityState\": \"Normal\",\r\n    \"runtimeAvailabilityState\": \"Normal\",\r\n    \"siteConfig\": null,\r\n    \"deploymentId\": \"rgweb2417\",\r\n    \"trafficManagerHostNames\": null,\r\n    \"sku\": \"Free\",\r\n    \"scmSiteAlsoStopped\": false,\r\n    \"targetSwapSlot\": null,\r\n    \"hostingEnvironment\": null,\r\n    \"hostingEnvironmentProfile\": null,\r\n    \"clientAffinityEnabled\": true,\r\n    \"clientCertEnabled\": false,\r\n    \"clientCertExclusionPaths\": null,\r\n    \"hostNamesDisabled\": false,\r\n    \"domainVerificationIdentifiers\": null,\r\n    \"customDomainVerificationId\": \"7439D79D4685842F4BBAEBBD23B5421A1C27C69707E0F8BF072B6F410C3D711C\",\r\n    \"kind\": \"app\",\r\n    \"inboundIpAddress\": \"40.71.11.142\",\r\n    \"possibleInboundIpAddresses\": \"40.71.11.142\",\r\n    \"outboundIpAddresses\": \"40.71.11.142,137.117.46.248,104.211.0.27,137.117.46.62,168.61.46.64\",\r\n    \"possibleOutboundIpAddresses\": \"40.71.11.142,137.117.46.248,104.211.0.27,137.117.46.62,168.61.46.64,168.61.47.22,104.211.3.34,137.117.45.230,104.211.2.38,104.211.3.100\",\r\n    \"containerSize\": 0,\r\n    \"dailyMemoryTimeQuota\": 0,\r\n    \"suspendedTill\": null,\r\n    \"siteDisabledReason\": 0,\r\n    \"functionExecutionUnitsCache\": null,\r\n    \"maxNumberOfWorkers\": null,\r\n    \"homeStamp\": \"waws-prod-blu-165\",\r\n    \"cloningInfo\": null,\r\n    \"hostingEnvironmentId\": null,\r\n    \"tags\": {},\r\n    \"resourceGroup\": \"csmrg8738\",\r\n    \"defaultHostName\": \"rgweb2417.azurewebsites.net\",\r\n    \"slotSwapStatus\": null,\r\n    \"httpsOnly\": false,\r\n    \"redundancyMode\": \"None\",\r\n    \"inProgressOperationId\": null,\r\n    \"geoDistributions\": null,\r\n    \"privateEndpointConnections\": [],\r\n    \"buildVersion\": null,\r\n    \"targetBuildVersion\": null\r\n  }\r\n}",
      "StatusCode": 200
    },
    {
      "RequestUri": "/subscriptions/0b1f6471-1bf0-4dda-aec3-cb9272f09590/resourcegroups/csmrg8738/providers/Microsoft.Web//sites/rgweb2417?api-version=2015-08-01",
      "EncodedRequestUri": "L3N1YnNjcmlwdGlvbnMvMGIxZjY0NzEtMWJmMC00ZGRhLWFlYzMtY2I5MjcyZjA5NTkwL3Jlc291cmNlZ3JvdXBzL2NzbXJnODczOC9wcm92aWRlcnMvTWljcm9zb2Z0LldlYi8vc2l0ZXMvcmd3ZWIyNDE3P2FwaS12ZXJzaW9uPTIwMTUtMDgtMDE=",
      "RequestMethod": "PUT",
      "RequestBody": "{\r\n  \"properties\": {\r\n    \"SiteMode\": \"Limited\",\r\n    \"ComputeMode\": \"Dynamic\"\r\n  },\r\n  \"kind\": \"app\",\r\n  \"location\": \"East US\",\r\n  \"tags\": {}\r\n}",
      "RequestHeaders": {
        "x-ms-client-request-id": [
          "51936f2b-0eeb-4f76-bfea-b7dca01827c4"
        ],
        "accept-language": [
          "en-US"
        ],
        "User-Agent": [
          "FxVersion/4.6.00001.0",
          "OSName/Windows",
          "OSVersion/Microsoft.Windows.10.0.18362.",
          "Microsoft.Azure.Management.ResourceManager.Fluent.ResourceManagementClient/1.0.0.63",
          "MacAddressHash/1602a96894beea5b1968297c8c5f4c8f29d85699afaf178b189663657c138695"
        ],
        "Content-Type": [
          "application/json; charset=utf-8"
        ],
        "Content-Length": [
          "145"
        ]
      },
      "ResponseHeaders": {
        "Cache-Control": [
          "no-cache"
        ],
        "Date": [
          "Thu, 06 Feb 2020 03:32:43 GMT"
        ],
        "Pragma": [
          "no-cache"
        ],
        "ETag": [
          "\"1D5DC9D8DD83F75\""
        ],
        "Server": [
          "Microsoft-IIS/10.0"
        ],
        "Strict-Transport-Security": [
          "max-age=31536000; includeSubDomains"
        ],
        "x-ms-request-id": [
          "c6acf22d-7f41-4f56-8946-5ff4e5562502"
        ],
        "X-AspNet-Version": [
          "4.0.30319"
        ],
        "X-Powered-By": [
          "ASP.NET"
        ],
        "x-ms-ratelimit-remaining-subscription-resource-requests": [
          "498"
        ],
        "x-ms-correlation-request-id": [
          "394be6ca-69c4-4142-902e-30e210ffedca"
        ],
        "x-ms-routing-request-id": [
          "SOUTHEASTASIA:20200206T033243Z:394be6ca-69c4-4142-902e-30e210ffedca"
        ],
        "X-Content-Type-Options": [
          "nosniff"
        ],
        "Content-Length": [
          "3010"
        ],
        "Content-Type": [
          "application/json"
        ],
        "Expires": [
          "-1"
        ]
      },
      "ResponseBody": "{\r\n  \"id\": \"/subscriptions/0b1f6471-1bf0-4dda-aec3-cb9272f09590/resourceGroups/csmrg8738/providers/Microsoft.Web/sites/rgweb2417\",\r\n  \"name\": \"rgweb2417\",\r\n  \"type\": \"Microsoft.Web/sites\",\r\n  \"kind\": \"app\",\r\n  \"location\": \"East US\",\r\n  \"tags\": {},\r\n  \"properties\": {\r\n    \"name\": \"rgweb2417\",\r\n    \"state\": \"Running\",\r\n    \"hostNames\": [\r\n      \"rgweb2417.azurewebsites.net\"\r\n    ],\r\n    \"webSpace\": \"csmrg3041-EastUSwebspace\",\r\n    \"selfLink\": \"https://waws-prod-blu-165.api.azurewebsites.windows.net:454/subscriptions/0b1f6471-1bf0-4dda-aec3-cb9272f09590/webspaces/csmrg3041-EastUSwebspace/sites/rgweb2417\",\r\n    \"repositorySiteName\": \"rgweb2417\",\r\n    \"owner\": null,\r\n    \"usageState\": 0,\r\n    \"enabled\": true,\r\n    \"adminEnabled\": true,\r\n    \"enabledHostNames\": [\r\n      \"rgweb2417.azurewebsites.net\",\r\n      \"rgweb2417.scm.azurewebsites.net\"\r\n    ],\r\n    \"siteProperties\": {\r\n      \"metadata\": null,\r\n      \"properties\": [\r\n        {\r\n          \"name\": \"LinuxFxVersion\",\r\n          \"value\": \"\"\r\n        },\r\n        {\r\n          \"name\": \"WindowsFxVersion\",\r\n          \"value\": null\r\n        }\r\n      ],\r\n      \"appSettings\": null\r\n    },\r\n    \"availabilityState\": 0,\r\n    \"sslCertificates\": null,\r\n    \"csrs\": [],\r\n    \"cers\": null,\r\n    \"siteMode\": null,\r\n    \"hostNameSslStates\": [\r\n      {\r\n        \"name\": \"rgweb2417.azurewebsites.net\",\r\n        \"sslState\": 0,\r\n        \"ipBasedSslResult\": null,\r\n        \"virtualIP\": null,\r\n        \"thumbprint\": null,\r\n        \"toUpdate\": null,\r\n        \"toUpdateIpBasedSsl\": null,\r\n        \"ipBasedSslState\": 0,\r\n        \"hostType\": 0\r\n      },\r\n      {\r\n        \"name\": \"rgweb2417.scm.azurewebsites.net\",\r\n        \"sslState\": 0,\r\n        \"ipBasedSslResult\": null,\r\n        \"virtualIP\": null,\r\n        \"thumbprint\": null,\r\n        \"toUpdate\": null,\r\n        \"toUpdateIpBasedSsl\": null,\r\n        \"ipBasedSslState\": 0,\r\n        \"hostType\": 1\r\n      }\r\n    ],\r\n    \"computeMode\": null,\r\n    \"serverFarm\": null,\r\n    \"serverFarmId\": \"/subscriptions/0b1f6471-1bf0-4dda-aec3-cb9272f09590/resourceGroups/csmrg3041/providers/Microsoft.Web/serverfarms/Default1xw\",\r\n    \"reserved\": false,\r\n    \"isXenon\": false,\r\n    \"hyperV\": false,\r\n    \"lastModifiedTimeUtc\": \"2020-02-06T03:32:42.8666667\",\r\n    \"storageRecoveryDefaultState\": \"Running\",\r\n    \"contentAvailabilityState\": 0,\r\n    \"runtimeAvailabilityState\": 0,\r\n    \"siteConfig\": null,\r\n    \"deploymentId\": \"rgweb2417\",\r\n    \"trafficManagerHostNames\": null,\r\n    \"sku\": \"Free\",\r\n    \"scmSiteAlsoStopped\": false,\r\n    \"targetSwapSlot\": null,\r\n    \"hostingEnvironment\": null,\r\n    \"hostingEnvironmentProfile\": null,\r\n    \"clientAffinityEnabled\": true,\r\n    \"clientCertEnabled\": false,\r\n    \"clientCertExclusionPaths\": null,\r\n    \"hostNamesDisabled\": false,\r\n    \"domainVerificationIdentifiers\": null,\r\n    \"customDomainVerificationId\": \"7439D79D4685842F4BBAEBBD23B5421A1C27C69707E0F8BF072B6F410C3D711C\",\r\n    \"kind\": \"app\",\r\n    \"inboundIpAddress\": \"40.71.11.142\",\r\n    \"possibleInboundIpAddresses\": \"40.71.11.142\",\r\n    \"outboundIpAddresses\": \"40.71.11.142,137.117.46.248,104.211.0.27,137.117.46.62,168.61.46.64\",\r\n    \"possibleOutboundIpAddresses\": \"40.71.11.142,137.117.46.248,104.211.0.27,137.117.46.62,168.61.46.64,168.61.47.22,104.211.3.34,137.117.45.230,104.211.2.38,104.211.3.100\",\r\n    \"containerSize\": 0,\r\n    \"dailyMemoryTimeQuota\": 0,\r\n    \"suspendedTill\": null,\r\n    \"siteDisabledReason\": 0,\r\n    \"functionExecutionUnitsCache\": null,\r\n    \"maxNumberOfWorkers\": null,\r\n    \"homeStamp\": \"waws-prod-blu-165\",\r\n    \"cloningInfo\": null,\r\n    \"hostingEnvironmentId\": null,\r\n    \"tags\": {},\r\n    \"resourceGroup\": \"csmrg8738\",\r\n    \"defaultHostName\": \"rgweb2417.azurewebsites.net\",\r\n    \"slotSwapStatus\": null,\r\n    \"httpsOnly\": false,\r\n    \"redundancyMode\": 0,\r\n    \"inProgressOperationId\": null,\r\n    \"geoDistributions\": null,\r\n    \"privateEndpointConnections\": null,\r\n    \"buildVersion\": null,\r\n    \"targetBuildVersion\": null\r\n  }\r\n}",
      "StatusCode": 200
    },
    {
      "RequestUri": "/subscriptions/0b1f6471-1bf0-4dda-aec3-cb9272f09590/resourcegroups/csmrg8738?api-version=2019-08-01",
      "EncodedRequestUri": "L3N1YnNjcmlwdGlvbnMvMGIxZjY0NzEtMWJmMC00ZGRhLWFlYzMtY2I5MjcyZjA5NTkwL3Jlc291cmNlZ3JvdXBzL2NzbXJnODczOD9hcGktdmVyc2lvbj0yMDE5LTA4LTAx",
      "RequestMethod": "DELETE",
      "RequestBody": "",
      "RequestHeaders": {
        "x-ms-client-request-id": [
          "5805b056-5613-41cf-8345-cc04a8b766c9"
        ],
        "accept-language": [
          "en-US"
        ],
        "User-Agent": [
          "FxVersion/4.6.00001.0",
          "OSName/Windows",
          "OSVersion/Microsoft.Windows.10.0.18362.",
          "Microsoft.Azure.Management.ResourceManager.Fluent.ResourceManagementClient/1.0.0.63",
          "MacAddressHash/1602a96894beea5b1968297c8c5f4c8f29d85699afaf178b189663657c138695"
        ]
      },
      "ResponseHeaders": {
        "Cache-Control": [
          "no-cache"
        ],
        "Date": [
          "Thu, 06 Feb 2020 03:32:49 GMT"
        ],
        "Pragma": [
          "no-cache"
        ],
        "Location": [
          "https://management.azure.com/subscriptions/0b1f6471-1bf0-4dda-aec3-cb9272f09590/operationresults/eyJqb2JJZCI6IlJFU09VUkNFR1JPVVBERUxFVElPTkpPQi1DU01SRzg3MzgtRUFTVFVTIiwiam9iTG9jYXRpb24iOiJlYXN0dXMifQ?api-version=2019-08-01"
        ],
        "Retry-After": [
          "15"
        ],
        "x-ms-ratelimit-remaining-subscription-deletes": [
          "14999"
        ],
        "x-ms-request-id": [
          "dbfbc712-4008-407e-851b-1fc293d5e5d7"
        ],
        "x-ms-correlation-request-id": [
          "dbfbc712-4008-407e-851b-1fc293d5e5d7"
        ],
        "x-ms-routing-request-id": [
          "SOUTHEASTASIA:20200206T033249Z:dbfbc712-4008-407e-851b-1fc293d5e5d7"
        ],
        "Strict-Transport-Security": [
          "max-age=31536000; includeSubDomains"
        ],
        "X-Content-Type-Options": [
          "nosniff"
        ],
        "Content-Length": [
          "0"
        ],
        "Expires": [
          "-1"
        ]
      },
      "ResponseBody": "",
      "StatusCode": 202
    },
    {
      "RequestUri": "/subscriptions/0b1f6471-1bf0-4dda-aec3-cb9272f09590/resourcegroups/csmrg8738?api-version=2019-08-01",
      "EncodedRequestUri": "L3N1YnNjcmlwdGlvbnMvMGIxZjY0NzEtMWJmMC00ZGRhLWFlYzMtY2I5MjcyZjA5NTkwL3Jlc291cmNlZ3JvdXBzL2NzbXJnODczOD9hcGktdmVyc2lvbj0yMDE5LTA4LTAx",
      "RequestMethod": "DELETE",
      "RequestBody": "",
      "RequestHeaders": {
        "x-ms-client-request-id": [
          "f48e4b46-ec55-4d16-abb4-bc7a1ab570ab"
        ],
        "accept-language": [
          "en-US"
        ],
        "User-Agent": [
          "FxVersion/4.6.00001.0",
          "OSName/Windows",
          "OSVersion/Microsoft.Windows.10.0.18362.",
          "Microsoft.Azure.Management.ResourceManager.Fluent.ResourceManagementClient/1.0.0.63",
          "MacAddressHash/1602a96894beea5b1968297c8c5f4c8f29d85699afaf178b189663657c138695"
        ]
      },
      "ResponseHeaders": {
        "Cache-Control": [
          "no-cache"
        ],
        "Date": [
          "Thu, 06 Feb 2020 03:35:53 GMT"
        ],
        "Pragma": [
          "no-cache"
        ],
        "x-ms-failure-cause": [
          "gateway"
        ],
        "x-ms-ratelimit-remaining-subscription-deletes": [
          "14998"
        ],
        "x-ms-request-id": [
          "00e224d3-a028-48cf-be70-0bbfdcfa15c2"
        ],
        "x-ms-correlation-request-id": [
          "00e224d3-a028-48cf-be70-0bbfdcfa15c2"
        ],
        "x-ms-routing-request-id": [
          "SOUTHEASTASIA:20200206T033554Z:00e224d3-a028-48cf-be70-0bbfdcfa15c2"
        ],
        "Strict-Transport-Security": [
          "max-age=31536000; includeSubDomains"
        ],
        "X-Content-Type-Options": [
          "nosniff"
        ],
        "Content-Length": [
          "101"
        ],
        "Content-Type": [
          "application/json; charset=utf-8"
        ],
        "Expires": [
          "-1"
        ]
      },
      "ResponseBody": "{\r\n  \"error\": {\r\n    \"code\": \"ResourceGroupNotFound\",\r\n    \"message\": \"Resource group 'csmrg8738' could not be found.\"\r\n  }\r\n}",
      "StatusCode": 404
    },
    {
      "RequestUri": "/subscriptions/0b1f6471-1bf0-4dda-aec3-cb9272f09590/resourcegroups/csmrg3041?api-version=2019-08-01",
      "EncodedRequestUri": "L3N1YnNjcmlwdGlvbnMvMGIxZjY0NzEtMWJmMC00ZGRhLWFlYzMtY2I5MjcyZjA5NTkwL3Jlc291cmNlZ3JvdXBzL2NzbXJnMzA0MT9hcGktdmVyc2lvbj0yMDE5LTA4LTAx",
      "RequestMethod": "DELETE",
      "RequestBody": "",
      "RequestHeaders": {
        "x-ms-client-request-id": [
          "a1ae1753-de83-4667-8212-d2ce48c42993"
        ],
        "accept-language": [
          "en-US"
        ],
        "User-Agent": [
          "FxVersion/4.6.00001.0",
          "OSName/Windows",
          "OSVersion/Microsoft.Windows.10.0.18362.",
          "Microsoft.Azure.Management.ResourceManager.Fluent.ResourceManagementClient/1.0.0.63",
          "MacAddressHash/1602a96894beea5b1968297c8c5f4c8f29d85699afaf178b189663657c138695"
        ]
      },
      "ResponseHeaders": {
        "Cache-Control": [
          "no-cache"
        ],
        "Date": [
          "Thu, 06 Feb 2020 03:32:52 GMT"
        ],
        "Pragma": [
          "no-cache"
        ],
        "Location": [
          "https://management.azure.com/subscriptions/0b1f6471-1bf0-4dda-aec3-cb9272f09590/operationresults/eyJqb2JJZCI6IlJFU09VUkNFR1JPVVBERUxFVElPTkpPQi1DU01SRzMwNDEtRUFTVFVTIiwiam9iTG9jYXRpb24iOiJlYXN0dXMifQ?api-version=2019-08-01"
        ],
        "Retry-After": [
          "15"
        ],
        "x-ms-ratelimit-remaining-subscription-deletes": [
          "14998"
        ],
        "x-ms-request-id": [
          "bca6cde5-403d-4f26-b04b-dbd57ab8acdc"
        ],
        "x-ms-correlation-request-id": [
          "bca6cde5-403d-4f26-b04b-dbd57ab8acdc"
        ],
        "x-ms-routing-request-id": [
          "SOUTHEASTASIA:20200206T033252Z:bca6cde5-403d-4f26-b04b-dbd57ab8acdc"
        ],
        "Strict-Transport-Security": [
          "max-age=31536000; includeSubDomains"
        ],
        "X-Content-Type-Options": [
          "nosniff"
        ],
        "Content-Length": [
          "0"
        ],
        "Expires": [
          "-1"
        ]
      },
      "ResponseBody": "",
      "StatusCode": 202
    },
    {
      "RequestUri": "/subscriptions/0b1f6471-1bf0-4dda-aec3-cb9272f09590/resourcegroups/csmrg3041?api-version=2019-08-01",
      "EncodedRequestUri": "L3N1YnNjcmlwdGlvbnMvMGIxZjY0NzEtMWJmMC00ZGRhLWFlYzMtY2I5MjcyZjA5NTkwL3Jlc291cmNlZ3JvdXBzL2NzbXJnMzA0MT9hcGktdmVyc2lvbj0yMDE5LTA4LTAx",
      "RequestMethod": "DELETE",
      "RequestBody": "",
      "RequestHeaders": {
        "x-ms-client-request-id": [
          "87478f6f-b036-4888-a998-14ce62e42f88"
        ],
        "accept-language": [
          "en-US"
        ],
        "User-Agent": [
          "FxVersion/4.6.00001.0",
          "OSName/Windows",
          "OSVersion/Microsoft.Windows.10.0.18362.",
          "Microsoft.Azure.Management.ResourceManager.Fluent.ResourceManagementClient/1.0.0.63",
          "MacAddressHash/1602a96894beea5b1968297c8c5f4c8f29d85699afaf178b189663657c138695"
        ]
      },
      "ResponseHeaders": {
        "Cache-Control": [
          "no-cache"
        ],
        "Date": [
          "Thu, 06 Feb 2020 03:33:00 GMT"
        ],
        "Pragma": [
          "no-cache"
        ],
        "Location": [
          "https://management.azure.com/subscriptions/0b1f6471-1bf0-4dda-aec3-cb9272f09590/operationresults/eyJqb2JJZCI6IlJFU09VUkNFR1JPVVBERUxFVElPTkpPQi1DU01SRzMwNDEtRUFTVFVTIiwiam9iTG9jYXRpb24iOiJlYXN0dXMifQ?api-version=2019-08-01"
        ],
        "Retry-After": [
          "15"
        ],
        "x-ms-ratelimit-remaining-subscription-deletes": [
          "14999"
        ],
        "x-ms-request-id": [
          "da672ced-d573-498d-87f0-c4617858bb01"
        ],
        "x-ms-correlation-request-id": [
          "da672ced-d573-498d-87f0-c4617858bb01"
        ],
        "x-ms-routing-request-id": [
          "SOUTHEASTASIA:20200206T033301Z:da672ced-d573-498d-87f0-c4617858bb01"
        ],
        "Strict-Transport-Security": [
          "max-age=31536000; includeSubDomains"
        ],
        "X-Content-Type-Options": [
          "nosniff"
        ],
        "Content-Length": [
          "0"
        ],
        "Expires": [
          "-1"
        ]
      },
      "ResponseBody": "",
      "StatusCode": 202
    },
    {
      "RequestUri": "/subscriptions/0b1f6471-1bf0-4dda-aec3-cb9272f09590/operationresults/eyJqb2JJZCI6IlJFU09VUkNFR1JPVVBERUxFVElPTkpPQi1DU01SRzMwNDEtRUFTVFVTIiwiam9iTG9jYXRpb24iOiJlYXN0dXMifQ?api-version=2019-08-01",
      "EncodedRequestUri": "L3N1YnNjcmlwdGlvbnMvMGIxZjY0NzEtMWJmMC00ZGRhLWFlYzMtY2I5MjcyZjA5NTkwL29wZXJhdGlvbnJlc3VsdHMvZXlKcWIySkpaQ0k2SWxKRlUwOVZVa05GUjFKUFZWQkVSVXhGVkVsUFRrcFBRaTFEVTAxU1J6TXdOREV0UlVGVFZGVlRJaXdpYW05aVRHOWpZWFJwYjI0aU9pSmxZWE4wZFhNaWZRP2FwaS12ZXJzaW9uPTIwMTktMDgtMDE=",
      "RequestMethod": "GET",
      "RequestBody": "",
      "RequestHeaders": {
        "User-Agent": [
          "FxVersion/4.6.00001.0",
          "OSName/Windows",
          "OSVersion/Microsoft.Windows.10.0.18362.",
          "Microsoft.Azure.Management.ResourceManager.Fluent.ResourceManagementClient/1.0.0.63",
          "MacAddressHash/1602a96894beea5b1968297c8c5f4c8f29d85699afaf178b189663657c138695"
        ]
      },
      "ResponseHeaders": {
        "Cache-Control": [
          "no-cache"
        ],
        "Date": [
          "Thu, 06 Feb 2020 03:33:16 GMT"
        ],
        "Pragma": [
          "no-cache"
        ],
        "Location": [
          "https://management.azure.com/subscriptions/0b1f6471-1bf0-4dda-aec3-cb9272f09590/operationresults/eyJqb2JJZCI6IlJFU09VUkNFR1JPVVBERUxFVElPTkpPQi1DU01SRzMwNDEtRUFTVFVTIiwiam9iTG9jYXRpb24iOiJlYXN0dXMifQ?api-version=2019-08-01"
        ],
        "Retry-After": [
          "15"
        ],
        "x-ms-ratelimit-remaining-subscription-reads": [
          "11999"
        ],
        "x-ms-request-id": [
          "b71130f9-a4b0-4001-802e-6dc8719ed38d"
        ],
        "x-ms-correlation-request-id": [
          "b71130f9-a4b0-4001-802e-6dc8719ed38d"
        ],
        "x-ms-routing-request-id": [
          "SOUTHEASTASIA:20200206T033316Z:b71130f9-a4b0-4001-802e-6dc8719ed38d"
        ],
        "Strict-Transport-Security": [
          "max-age=31536000; includeSubDomains"
        ],
        "X-Content-Type-Options": [
          "nosniff"
        ],
        "Content-Length": [
          "0"
        ],
        "Expires": [
          "-1"
        ]
      },
      "ResponseBody": "",
      "StatusCode": 202
    },
    {
      "RequestUri": "/subscriptions/0b1f6471-1bf0-4dda-aec3-cb9272f09590/operationresults/eyJqb2JJZCI6IlJFU09VUkNFR1JPVVBERUxFVElPTkpPQi1DU01SRzMwNDEtRUFTVFVTIiwiam9iTG9jYXRpb24iOiJlYXN0dXMifQ?api-version=2019-08-01",
      "EncodedRequestUri": "L3N1YnNjcmlwdGlvbnMvMGIxZjY0NzEtMWJmMC00ZGRhLWFlYzMtY2I5MjcyZjA5NTkwL29wZXJhdGlvbnJlc3VsdHMvZXlKcWIySkpaQ0k2SWxKRlUwOVZVa05GUjFKUFZWQkVSVXhGVkVsUFRrcFBRaTFEVTAxU1J6TXdOREV0UlVGVFZGVlRJaXdpYW05aVRHOWpZWFJwYjI0aU9pSmxZWE4wZFhNaWZRP2FwaS12ZXJzaW9uPTIwMTktMDgtMDE=",
      "RequestMethod": "GET",
      "RequestBody": "",
      "RequestHeaders": {
        "User-Agent": [
          "FxVersion/4.6.00001.0",
          "OSName/Windows",
          "OSVersion/Microsoft.Windows.10.0.18362.",
          "Microsoft.Azure.Management.ResourceManager.Fluent.ResourceManagementClient/1.0.0.63",
          "MacAddressHash/1602a96894beea5b1968297c8c5f4c8f29d85699afaf178b189663657c138695"
        ]
      },
      "ResponseHeaders": {
        "Cache-Control": [
          "no-cache"
        ],
        "Date": [
          "Thu, 06 Feb 2020 03:33:31 GMT"
        ],
        "Pragma": [
          "no-cache"
        ],
        "Location": [
          "https://management.azure.com/subscriptions/0b1f6471-1bf0-4dda-aec3-cb9272f09590/operationresults/eyJqb2JJZCI6IlJFU09VUkNFR1JPVVBERUxFVElPTkpPQi1DU01SRzMwNDEtRUFTVFVTIiwiam9iTG9jYXRpb24iOiJlYXN0dXMifQ?api-version=2019-08-01"
        ],
        "Retry-After": [
          "15"
        ],
        "x-ms-ratelimit-remaining-subscription-reads": [
          "11998"
        ],
        "x-ms-request-id": [
          "b97f4faf-5d42-44b1-b3ba-73e37c9b191c"
        ],
        "x-ms-correlation-request-id": [
          "b97f4faf-5d42-44b1-b3ba-73e37c9b191c"
        ],
        "x-ms-routing-request-id": [
          "SOUTHEASTASIA:20200206T033332Z:b97f4faf-5d42-44b1-b3ba-73e37c9b191c"
        ],
        "Strict-Transport-Security": [
          "max-age=31536000; includeSubDomains"
        ],
        "X-Content-Type-Options": [
          "nosniff"
        ],
        "Content-Length": [
          "0"
        ],
        "Expires": [
          "-1"
        ]
      },
      "ResponseBody": "",
      "StatusCode": 202
    },
    {
      "RequestUri": "/subscriptions/0b1f6471-1bf0-4dda-aec3-cb9272f09590/operationresults/eyJqb2JJZCI6IlJFU09VUkNFR1JPVVBERUxFVElPTkpPQi1DU01SRzMwNDEtRUFTVFVTIiwiam9iTG9jYXRpb24iOiJlYXN0dXMifQ?api-version=2019-08-01",
      "EncodedRequestUri": "L3N1YnNjcmlwdGlvbnMvMGIxZjY0NzEtMWJmMC00ZGRhLWFlYzMtY2I5MjcyZjA5NTkwL29wZXJhdGlvbnJlc3VsdHMvZXlKcWIySkpaQ0k2SWxKRlUwOVZVa05GUjFKUFZWQkVSVXhGVkVsUFRrcFBRaTFEVTAxU1J6TXdOREV0UlVGVFZGVlRJaXdpYW05aVRHOWpZWFJwYjI0aU9pSmxZWE4wZFhNaWZRP2FwaS12ZXJzaW9uPTIwMTktMDgtMDE=",
      "RequestMethod": "GET",
      "RequestBody": "",
      "RequestHeaders": {
        "User-Agent": [
          "FxVersion/4.6.00001.0",
          "OSName/Windows",
          "OSVersion/Microsoft.Windows.10.0.18362.",
          "Microsoft.Azure.Management.ResourceManager.Fluent.ResourceManagementClient/1.0.0.63",
          "MacAddressHash/1602a96894beea5b1968297c8c5f4c8f29d85699afaf178b189663657c138695"
        ]
      },
      "ResponseHeaders": {
        "Cache-Control": [
          "no-cache"
        ],
        "Date": [
          "Thu, 06 Feb 2020 03:33:47 GMT"
        ],
        "Pragma": [
          "no-cache"
        ],
        "Location": [
          "https://management.azure.com/subscriptions/0b1f6471-1bf0-4dda-aec3-cb9272f09590/operationresults/eyJqb2JJZCI6IlJFU09VUkNFR1JPVVBERUxFVElPTkpPQi1DU01SRzMwNDEtRUFTVFVTIiwiam9iTG9jYXRpb24iOiJlYXN0dXMifQ?api-version=2019-08-01"
        ],
        "Retry-After": [
          "15"
        ],
        "x-ms-ratelimit-remaining-subscription-reads": [
          "11997"
        ],
        "x-ms-request-id": [
          "64540d25-8719-4dcc-a14b-1b6c9ea45491"
        ],
        "x-ms-correlation-request-id": [
          "64540d25-8719-4dcc-a14b-1b6c9ea45491"
        ],
        "x-ms-routing-request-id": [
          "SOUTHEASTASIA:20200206T033347Z:64540d25-8719-4dcc-a14b-1b6c9ea45491"
        ],
        "Strict-Transport-Security": [
          "max-age=31536000; includeSubDomains"
        ],
        "X-Content-Type-Options": [
          "nosniff"
        ],
        "Content-Length": [
          "0"
        ],
        "Expires": [
          "-1"
        ]
      },
      "ResponseBody": "",
      "StatusCode": 202
    },
    {
      "RequestUri": "/subscriptions/0b1f6471-1bf0-4dda-aec3-cb9272f09590/operationresults/eyJqb2JJZCI6IlJFU09VUkNFR1JPVVBERUxFVElPTkpPQi1DU01SRzMwNDEtRUFTVFVTIiwiam9iTG9jYXRpb24iOiJlYXN0dXMifQ?api-version=2019-08-01",
      "EncodedRequestUri": "L3N1YnNjcmlwdGlvbnMvMGIxZjY0NzEtMWJmMC00ZGRhLWFlYzMtY2I5MjcyZjA5NTkwL29wZXJhdGlvbnJlc3VsdHMvZXlKcWIySkpaQ0k2SWxKRlUwOVZVa05GUjFKUFZWQkVSVXhGVkVsUFRrcFBRaTFEVTAxU1J6TXdOREV0UlVGVFZGVlRJaXdpYW05aVRHOWpZWFJwYjI0aU9pSmxZWE4wZFhNaWZRP2FwaS12ZXJzaW9uPTIwMTktMDgtMDE=",
      "RequestMethod": "GET",
      "RequestBody": "",
      "RequestHeaders": {
        "User-Agent": [
          "FxVersion/4.6.00001.0",
          "OSName/Windows",
          "OSVersion/Microsoft.Windows.10.0.18362.",
          "Microsoft.Azure.Management.ResourceManager.Fluent.ResourceManagementClient/1.0.0.63",
          "MacAddressHash/1602a96894beea5b1968297c8c5f4c8f29d85699afaf178b189663657c138695"
        ]
      },
      "ResponseHeaders": {
        "Cache-Control": [
          "no-cache"
        ],
        "Date": [
          "Thu, 06 Feb 2020 03:34:02 GMT"
        ],
        "Pragma": [
          "no-cache"
        ],
        "Location": [
          "https://management.azure.com/subscriptions/0b1f6471-1bf0-4dda-aec3-cb9272f09590/operationresults/eyJqb2JJZCI6IlJFU09VUkNFR1JPVVBERUxFVElPTkpPQi1DU01SRzMwNDEtRUFTVFVTIiwiam9iTG9jYXRpb24iOiJlYXN0dXMifQ?api-version=2019-08-01"
        ],
        "Retry-After": [
          "15"
        ],
        "x-ms-ratelimit-remaining-subscription-reads": [
          "11996"
        ],
        "x-ms-request-id": [
          "d9adb64a-bbfb-4c26-bd9e-af0ed7cb294f"
        ],
        "x-ms-correlation-request-id": [
          "d9adb64a-bbfb-4c26-bd9e-af0ed7cb294f"
        ],
        "x-ms-routing-request-id": [
          "SOUTHEASTASIA:20200206T033403Z:d9adb64a-bbfb-4c26-bd9e-af0ed7cb294f"
        ],
        "Strict-Transport-Security": [
          "max-age=31536000; includeSubDomains"
        ],
        "X-Content-Type-Options": [
          "nosniff"
        ],
        "Content-Length": [
          "0"
        ],
        "Expires": [
          "-1"
        ]
      },
      "ResponseBody": "",
      "StatusCode": 202
    },
    {
      "RequestUri": "/subscriptions/0b1f6471-1bf0-4dda-aec3-cb9272f09590/operationresults/eyJqb2JJZCI6IlJFU09VUkNFR1JPVVBERUxFVElPTkpPQi1DU01SRzMwNDEtRUFTVFVTIiwiam9iTG9jYXRpb24iOiJlYXN0dXMifQ?api-version=2019-08-01",
      "EncodedRequestUri": "L3N1YnNjcmlwdGlvbnMvMGIxZjY0NzEtMWJmMC00ZGRhLWFlYzMtY2I5MjcyZjA5NTkwL29wZXJhdGlvbnJlc3VsdHMvZXlKcWIySkpaQ0k2SWxKRlUwOVZVa05GUjFKUFZWQkVSVXhGVkVsUFRrcFBRaTFEVTAxU1J6TXdOREV0UlVGVFZGVlRJaXdpYW05aVRHOWpZWFJwYjI0aU9pSmxZWE4wZFhNaWZRP2FwaS12ZXJzaW9uPTIwMTktMDgtMDE=",
      "RequestMethod": "GET",
      "RequestBody": "",
      "RequestHeaders": {
        "User-Agent": [
          "FxVersion/4.6.00001.0",
          "OSName/Windows",
          "OSVersion/Microsoft.Windows.10.0.18362.",
          "Microsoft.Azure.Management.ResourceManager.Fluent.ResourceManagementClient/1.0.0.63",
          "MacAddressHash/1602a96894beea5b1968297c8c5f4c8f29d85699afaf178b189663657c138695"
        ]
      },
      "ResponseHeaders": {
        "Cache-Control": [
          "no-cache"
        ],
        "Date": [
          "Thu, 06 Feb 2020 03:34:18 GMT"
        ],
        "Pragma": [
          "no-cache"
        ],
        "Location": [
          "https://management.azure.com/subscriptions/0b1f6471-1bf0-4dda-aec3-cb9272f09590/operationresults/eyJqb2JJZCI6IlJFU09VUkNFR1JPVVBERUxFVElPTkpPQi1DU01SRzMwNDEtRUFTVFVTIiwiam9iTG9jYXRpb24iOiJlYXN0dXMifQ?api-version=2019-08-01"
        ],
        "Retry-After": [
          "15"
        ],
        "x-ms-ratelimit-remaining-subscription-reads": [
          "11995"
        ],
        "x-ms-request-id": [
          "b40e9325-db34-4d67-bbc7-79dd79a80272"
        ],
        "x-ms-correlation-request-id": [
          "b40e9325-db34-4d67-bbc7-79dd79a80272"
        ],
        "x-ms-routing-request-id": [
          "SOUTHEASTASIA:20200206T033419Z:b40e9325-db34-4d67-bbc7-79dd79a80272"
        ],
        "Strict-Transport-Security": [
          "max-age=31536000; includeSubDomains"
        ],
        "X-Content-Type-Options": [
          "nosniff"
        ],
        "Content-Length": [
          "0"
        ],
        "Expires": [
          "-1"
        ]
      },
      "ResponseBody": "",
      "StatusCode": 202
    },
    {
      "RequestUri": "/subscriptions/0b1f6471-1bf0-4dda-aec3-cb9272f09590/operationresults/eyJqb2JJZCI6IlJFU09VUkNFR1JPVVBERUxFVElPTkpPQi1DU01SRzMwNDEtRUFTVFVTIiwiam9iTG9jYXRpb24iOiJlYXN0dXMifQ?api-version=2019-08-01",
      "EncodedRequestUri": "L3N1YnNjcmlwdGlvbnMvMGIxZjY0NzEtMWJmMC00ZGRhLWFlYzMtY2I5MjcyZjA5NTkwL29wZXJhdGlvbnJlc3VsdHMvZXlKcWIySkpaQ0k2SWxKRlUwOVZVa05GUjFKUFZWQkVSVXhGVkVsUFRrcFBRaTFEVTAxU1J6TXdOREV0UlVGVFZGVlRJaXdpYW05aVRHOWpZWFJwYjI0aU9pSmxZWE4wZFhNaWZRP2FwaS12ZXJzaW9uPTIwMTktMDgtMDE=",
      "RequestMethod": "GET",
      "RequestBody": "",
      "RequestHeaders": {
        "User-Agent": [
          "FxVersion/4.6.00001.0",
          "OSName/Windows",
          "OSVersion/Microsoft.Windows.10.0.18362.",
          "Microsoft.Azure.Management.ResourceManager.Fluent.ResourceManagementClient/1.0.0.63",
          "MacAddressHash/1602a96894beea5b1968297c8c5f4c8f29d85699afaf178b189663657c138695"
        ]
      },
      "ResponseHeaders": {
        "Cache-Control": [
          "no-cache"
        ],
        "Date": [
          "Thu, 06 Feb 2020 03:34:33 GMT"
        ],
        "Pragma": [
          "no-cache"
        ],
        "Location": [
          "https://management.azure.com/subscriptions/0b1f6471-1bf0-4dda-aec3-cb9272f09590/operationresults/eyJqb2JJZCI6IlJFU09VUkNFR1JPVVBERUxFVElPTkpPQi1DU01SRzMwNDEtRUFTVFVTIiwiam9iTG9jYXRpb24iOiJlYXN0dXMifQ?api-version=2019-08-01"
        ],
        "Retry-After": [
          "15"
        ],
        "x-ms-ratelimit-remaining-subscription-reads": [
          "11994"
        ],
        "x-ms-request-id": [
          "c155eb6d-5c33-48c5-8b73-2e346a7aa526"
        ],
        "x-ms-correlation-request-id": [
          "c155eb6d-5c33-48c5-8b73-2e346a7aa526"
        ],
        "x-ms-routing-request-id": [
          "SOUTHEASTASIA:20200206T033434Z:c155eb6d-5c33-48c5-8b73-2e346a7aa526"
        ],
        "Strict-Transport-Security": [
          "max-age=31536000; includeSubDomains"
        ],
        "X-Content-Type-Options": [
          "nosniff"
        ],
        "Content-Length": [
          "0"
        ],
        "Expires": [
          "-1"
        ]
      },
      "ResponseBody": "",
      "StatusCode": 202
    },
    {
      "RequestUri": "/subscriptions/0b1f6471-1bf0-4dda-aec3-cb9272f09590/operationresults/eyJqb2JJZCI6IlJFU09VUkNFR1JPVVBERUxFVElPTkpPQi1DU01SRzMwNDEtRUFTVFVTIiwiam9iTG9jYXRpb24iOiJlYXN0dXMifQ?api-version=2019-08-01",
      "EncodedRequestUri": "L3N1YnNjcmlwdGlvbnMvMGIxZjY0NzEtMWJmMC00ZGRhLWFlYzMtY2I5MjcyZjA5NTkwL29wZXJhdGlvbnJlc3VsdHMvZXlKcWIySkpaQ0k2SWxKRlUwOVZVa05GUjFKUFZWQkVSVXhGVkVsUFRrcFBRaTFEVTAxU1J6TXdOREV0UlVGVFZGVlRJaXdpYW05aVRHOWpZWFJwYjI0aU9pSmxZWE4wZFhNaWZRP2FwaS12ZXJzaW9uPTIwMTktMDgtMDE=",
      "RequestMethod": "GET",
      "RequestBody": "",
      "RequestHeaders": {
        "User-Agent": [
          "FxVersion/4.6.00001.0",
          "OSName/Windows",
          "OSVersion/Microsoft.Windows.10.0.18362.",
          "Microsoft.Azure.Management.ResourceManager.Fluent.ResourceManagementClient/1.0.0.63",
          "MacAddressHash/1602a96894beea5b1968297c8c5f4c8f29d85699afaf178b189663657c138695"
        ]
      },
      "ResponseHeaders": {
        "Cache-Control": [
          "no-cache"
        ],
        "Date": [
          "Thu, 06 Feb 2020 03:34:50 GMT"
        ],
        "Pragma": [
          "no-cache"
        ],
        "Location": [
          "https://management.azure.com/subscriptions/0b1f6471-1bf0-4dda-aec3-cb9272f09590/operationresults/eyJqb2JJZCI6IlJFU09VUkNFR1JPVVBERUxFVElPTkpPQi1DU01SRzMwNDEtRUFTVFVTIiwiam9iTG9jYXRpb24iOiJlYXN0dXMifQ?api-version=2019-08-01"
        ],
        "Retry-After": [
          "15"
        ],
        "x-ms-ratelimit-remaining-subscription-reads": [
          "11993"
        ],
        "x-ms-request-id": [
          "241e27a5-b153-490b-ad13-9bee75c2f821"
        ],
        "x-ms-correlation-request-id": [
          "241e27a5-b153-490b-ad13-9bee75c2f821"
        ],
        "x-ms-routing-request-id": [
          "SOUTHEASTASIA:20200206T033450Z:241e27a5-b153-490b-ad13-9bee75c2f821"
        ],
        "Strict-Transport-Security": [
          "max-age=31536000; includeSubDomains"
        ],
        "X-Content-Type-Options": [
          "nosniff"
        ],
        "Content-Length": [
          "0"
        ],
        "Expires": [
          "-1"
        ]
      },
      "ResponseBody": "",
      "StatusCode": 202
    },
    {
      "RequestUri": "/subscriptions/0b1f6471-1bf0-4dda-aec3-cb9272f09590/operationresults/eyJqb2JJZCI6IlJFU09VUkNFR1JPVVBERUxFVElPTkpPQi1DU01SRzMwNDEtRUFTVFVTIiwiam9iTG9jYXRpb24iOiJlYXN0dXMifQ?api-version=2019-08-01",
      "EncodedRequestUri": "L3N1YnNjcmlwdGlvbnMvMGIxZjY0NzEtMWJmMC00ZGRhLWFlYzMtY2I5MjcyZjA5NTkwL29wZXJhdGlvbnJlc3VsdHMvZXlKcWIySkpaQ0k2SWxKRlUwOVZVa05GUjFKUFZWQkVSVXhGVkVsUFRrcFBRaTFEVTAxU1J6TXdOREV0UlVGVFZGVlRJaXdpYW05aVRHOWpZWFJwYjI0aU9pSmxZWE4wZFhNaWZRP2FwaS12ZXJzaW9uPTIwMTktMDgtMDE=",
      "RequestMethod": "GET",
      "RequestBody": "",
      "RequestHeaders": {
        "User-Agent": [
          "FxVersion/4.6.00001.0",
          "OSName/Windows",
          "OSVersion/Microsoft.Windows.10.0.18362.",
          "Microsoft.Azure.Management.ResourceManager.Fluent.ResourceManagementClient/1.0.0.63",
          "MacAddressHash/1602a96894beea5b1968297c8c5f4c8f29d85699afaf178b189663657c138695"
        ]
      },
      "ResponseHeaders": {
        "Cache-Control": [
          "no-cache"
        ],
        "Date": [
          "Thu, 06 Feb 2020 03:35:05 GMT"
        ],
        "Pragma": [
          "no-cache"
        ],
        "Location": [
          "https://management.azure.com/subscriptions/0b1f6471-1bf0-4dda-aec3-cb9272f09590/operationresults/eyJqb2JJZCI6IlJFU09VUkNFR1JPVVBERUxFVElPTkpPQi1DU01SRzMwNDEtRUFTVFVTIiwiam9iTG9jYXRpb24iOiJlYXN0dXMifQ?api-version=2019-08-01"
        ],
        "Retry-After": [
          "15"
        ],
        "x-ms-ratelimit-remaining-subscription-reads": [
          "11992"
        ],
        "x-ms-request-id": [
          "80dec8e4-93b5-4918-930e-4e6b5a4791ce"
        ],
        "x-ms-correlation-request-id": [
          "80dec8e4-93b5-4918-930e-4e6b5a4791ce"
        ],
        "x-ms-routing-request-id": [
          "SOUTHEASTASIA:20200206T033505Z:80dec8e4-93b5-4918-930e-4e6b5a4791ce"
        ],
        "Strict-Transport-Security": [
          "max-age=31536000; includeSubDomains"
        ],
        "X-Content-Type-Options": [
          "nosniff"
        ],
        "Content-Length": [
          "0"
        ],
        "Expires": [
          "-1"
        ]
      },
      "ResponseBody": "",
      "StatusCode": 202
    },
    {
      "RequestUri": "/subscriptions/0b1f6471-1bf0-4dda-aec3-cb9272f09590/operationresults/eyJqb2JJZCI6IlJFU09VUkNFR1JPVVBERUxFVElPTkpPQi1DU01SRzMwNDEtRUFTVFVTIiwiam9iTG9jYXRpb24iOiJlYXN0dXMifQ?api-version=2019-08-01",
      "EncodedRequestUri": "L3N1YnNjcmlwdGlvbnMvMGIxZjY0NzEtMWJmMC00ZGRhLWFlYzMtY2I5MjcyZjA5NTkwL29wZXJhdGlvbnJlc3VsdHMvZXlKcWIySkpaQ0k2SWxKRlUwOVZVa05GUjFKUFZWQkVSVXhGVkVsUFRrcFBRaTFEVTAxU1J6TXdOREV0UlVGVFZGVlRJaXdpYW05aVRHOWpZWFJwYjI0aU9pSmxZWE4wZFhNaWZRP2FwaS12ZXJzaW9uPTIwMTktMDgtMDE=",
      "RequestMethod": "GET",
      "RequestBody": "",
      "RequestHeaders": {
        "User-Agent": [
          "FxVersion/4.6.00001.0",
          "OSName/Windows",
          "OSVersion/Microsoft.Windows.10.0.18362.",
          "Microsoft.Azure.Management.ResourceManager.Fluent.ResourceManagementClient/1.0.0.63",
          "MacAddressHash/1602a96894beea5b1968297c8c5f4c8f29d85699afaf178b189663657c138695"
        ]
      },
      "ResponseHeaders": {
        "Cache-Control": [
          "no-cache"
        ],
        "Date": [
          "Thu, 06 Feb 2020 03:35:21 GMT"
        ],
        "Pragma": [
          "no-cache"
        ],
        "Location": [
          "https://management.azure.com/subscriptions/0b1f6471-1bf0-4dda-aec3-cb9272f09590/operationresults/eyJqb2JJZCI6IlJFU09VUkNFR1JPVVBERUxFVElPTkpPQi1DU01SRzMwNDEtRUFTVFVTIiwiam9iTG9jYXRpb24iOiJlYXN0dXMifQ?api-version=2019-08-01"
        ],
        "Retry-After": [
          "15"
        ],
        "x-ms-ratelimit-remaining-subscription-reads": [
          "11991"
        ],
        "x-ms-request-id": [
          "e01a6080-119f-42dc-a8f3-94796d678824"
        ],
        "x-ms-correlation-request-id": [
          "e01a6080-119f-42dc-a8f3-94796d678824"
        ],
        "x-ms-routing-request-id": [
          "SOUTHEASTASIA:20200206T033521Z:e01a6080-119f-42dc-a8f3-94796d678824"
        ],
        "Strict-Transport-Security": [
          "max-age=31536000; includeSubDomains"
        ],
        "X-Content-Type-Options": [
          "nosniff"
        ],
        "Content-Length": [
          "0"
        ],
        "Expires": [
          "-1"
        ]
      },
      "ResponseBody": "",
      "StatusCode": 202
    },
    {
      "RequestUri": "/subscriptions/0b1f6471-1bf0-4dda-aec3-cb9272f09590/operationresults/eyJqb2JJZCI6IlJFU09VUkNFR1JPVVBERUxFVElPTkpPQi1DU01SRzMwNDEtRUFTVFVTIiwiam9iTG9jYXRpb24iOiJlYXN0dXMifQ?api-version=2019-08-01",
      "EncodedRequestUri": "L3N1YnNjcmlwdGlvbnMvMGIxZjY0NzEtMWJmMC00ZGRhLWFlYzMtY2I5MjcyZjA5NTkwL29wZXJhdGlvbnJlc3VsdHMvZXlKcWIySkpaQ0k2SWxKRlUwOVZVa05GUjFKUFZWQkVSVXhGVkVsUFRrcFBRaTFEVTAxU1J6TXdOREV0UlVGVFZGVlRJaXdpYW05aVRHOWpZWFJwYjI0aU9pSmxZWE4wZFhNaWZRP2FwaS12ZXJzaW9uPTIwMTktMDgtMDE=",
      "RequestMethod": "GET",
      "RequestBody": "",
      "RequestHeaders": {
        "User-Agent": [
          "FxVersion/4.6.00001.0",
          "OSName/Windows",
          "OSVersion/Microsoft.Windows.10.0.18362.",
          "Microsoft.Azure.Management.ResourceManager.Fluent.ResourceManagementClient/1.0.0.63",
          "MacAddressHash/1602a96894beea5b1968297c8c5f4c8f29d85699afaf178b189663657c138695"
        ]
      },
      "ResponseHeaders": {
        "Cache-Control": [
          "no-cache"
        ],
        "Date": [
          "Thu, 06 Feb 2020 03:35:36 GMT"
        ],
        "Pragma": [
          "no-cache"
        ],
        "Location": [
          "https://management.azure.com/subscriptions/0b1f6471-1bf0-4dda-aec3-cb9272f09590/operationresults/eyJqb2JJZCI6IlJFU09VUkNFR1JPVVBERUxFVElPTkpPQi1DU01SRzMwNDEtRUFTVFVTIiwiam9iTG9jYXRpb24iOiJlYXN0dXMifQ?api-version=2019-08-01"
        ],
        "Retry-After": [
          "15"
        ],
        "x-ms-ratelimit-remaining-subscription-reads": [
          "11990"
        ],
        "x-ms-request-id": [
          "cbf1f6a6-93ed-47f5-9351-52c608e68973"
        ],
        "x-ms-correlation-request-id": [
          "cbf1f6a6-93ed-47f5-9351-52c608e68973"
        ],
        "x-ms-routing-request-id": [
          "SOUTHEASTASIA:20200206T033537Z:cbf1f6a6-93ed-47f5-9351-52c608e68973"
        ],
        "Strict-Transport-Security": [
          "max-age=31536000; includeSubDomains"
        ],
        "X-Content-Type-Options": [
          "nosniff"
        ],
        "Content-Length": [
          "0"
        ],
        "Expires": [
          "-1"
        ]
      },
      "ResponseBody": "",
      "StatusCode": 202
    },
    {
      "RequestUri": "/subscriptions/0b1f6471-1bf0-4dda-aec3-cb9272f09590/operationresults/eyJqb2JJZCI6IlJFU09VUkNFR1JPVVBERUxFVElPTkpPQi1DU01SRzMwNDEtRUFTVFVTIiwiam9iTG9jYXRpb24iOiJlYXN0dXMifQ?api-version=2019-08-01",
      "EncodedRequestUri": "L3N1YnNjcmlwdGlvbnMvMGIxZjY0NzEtMWJmMC00ZGRhLWFlYzMtY2I5MjcyZjA5NTkwL29wZXJhdGlvbnJlc3VsdHMvZXlKcWIySkpaQ0k2SWxKRlUwOVZVa05GUjFKUFZWQkVSVXhGVkVsUFRrcFBRaTFEVTAxU1J6TXdOREV0UlVGVFZGVlRJaXdpYW05aVRHOWpZWFJwYjI0aU9pSmxZWE4wZFhNaWZRP2FwaS12ZXJzaW9uPTIwMTktMDgtMDE=",
      "RequestMethod": "GET",
      "RequestBody": "",
      "RequestHeaders": {
        "User-Agent": [
          "FxVersion/4.6.00001.0",
          "OSName/Windows",
          "OSVersion/Microsoft.Windows.10.0.18362.",
          "Microsoft.Azure.Management.ResourceManager.Fluent.ResourceManagementClient/1.0.0.63",
          "MacAddressHash/1602a96894beea5b1968297c8c5f4c8f29d85699afaf178b189663657c138695"
        ]
      },
      "ResponseHeaders": {
        "Cache-Control": [
          "no-cache"
        ],
        "Date": [
          "Thu, 06 Feb 2020 03:35:52 GMT"
        ],
        "Pragma": [
          "no-cache"
        ],
        "x-ms-ratelimit-remaining-subscription-reads": [
          "11989"
        ],
        "x-ms-request-id": [
          "d9174e71-67d7-4bca-9952-fc46c6dafc28"
        ],
        "x-ms-correlation-request-id": [
          "d9174e71-67d7-4bca-9952-fc46c6dafc28"
        ],
        "x-ms-routing-request-id": [
          "SOUTHEASTASIA:20200206T033552Z:d9174e71-67d7-4bca-9952-fc46c6dafc28"
        ],
        "Strict-Transport-Security": [
          "max-age=31536000; includeSubDomains"
        ],
        "X-Content-Type-Options": [
          "nosniff"
        ],
        "Content-Length": [
          "0"
        ],
        "Expires": [
          "-1"
        ]
      },
      "ResponseBody": "",
      "StatusCode": 200
    },
    {
      "RequestUri": "/subscriptions/0b1f6471-1bf0-4dda-aec3-cb9272f09590/operationresults/eyJqb2JJZCI6IlJFU09VUkNFR1JPVVBERUxFVElPTkpPQi1DU01SRzMwNDEtRUFTVFVTIiwiam9iTG9jYXRpb24iOiJlYXN0dXMifQ?api-version=2019-08-01",
      "EncodedRequestUri": "L3N1YnNjcmlwdGlvbnMvMGIxZjY0NzEtMWJmMC00ZGRhLWFlYzMtY2I5MjcyZjA5NTkwL29wZXJhdGlvbnJlc3VsdHMvZXlKcWIySkpaQ0k2SWxKRlUwOVZVa05GUjFKUFZWQkVSVXhGVkVsUFRrcFBRaTFEVTAxU1J6TXdOREV0UlVGVFZGVlRJaXdpYW05aVRHOWpZWFJwYjI0aU9pSmxZWE4wZFhNaWZRP2FwaS12ZXJzaW9uPTIwMTktMDgtMDE=",
      "RequestMethod": "GET",
      "RequestBody": "",
      "RequestHeaders": {
        "User-Agent": [
          "FxVersion/4.6.00001.0",
          "OSName/Windows",
          "OSVersion/Microsoft.Windows.10.0.18362.",
          "Microsoft.Azure.Management.ResourceManager.Fluent.ResourceManagementClient/1.0.0.63",
          "MacAddressHash/1602a96894beea5b1968297c8c5f4c8f29d85699afaf178b189663657c138695"
        ]
      },
      "ResponseHeaders": {
        "Cache-Control": [
          "no-cache"
        ],
        "Date": [
          "Thu, 06 Feb 2020 03:35:52 GMT"
        ],
        "Pragma": [
          "no-cache"
        ],
        "x-ms-ratelimit-remaining-subscription-reads": [
          "11988"
        ],
        "x-ms-request-id": [
          "ccb99f8b-f56e-4a0d-be0e-d1e8502ac519"
        ],
        "x-ms-correlation-request-id": [
          "ccb99f8b-f56e-4a0d-be0e-d1e8502ac519"
        ],
        "x-ms-routing-request-id": [
          "SOUTHEASTASIA:20200206T033553Z:ccb99f8b-f56e-4a0d-be0e-d1e8502ac519"
        ],
        "Strict-Transport-Security": [
          "max-age=31536000; includeSubDomains"
        ],
        "X-Content-Type-Options": [
          "nosniff"
        ],
        "Content-Length": [
          "0"
        ],
        "Expires": [
          "-1"
        ]
      },
      "ResponseBody": "",
      "StatusCode": 200
    }
  ],
  "Names": {
    "CanCRUDWithClientApiVersion": [
      "rgweb2417",
      "csmrg3041",
      "csmrg8738"
    ]
  },
  "Variables": {
    "ServicePrincipal": "aec3bd01-7433-418d-8fb7-953d5bcc58f3",
    "AADTenant": "54826b22-38d6-4fb2-bad9-b7b93a3e9c5a",
    "SubscriptionId": "0b1f6471-1bf0-4dda-aec3-cb9272f09590"
  }
}