{
  "Entries": [
    {
      "RequestUri": "/subscriptions/1c638cf4-608f-4ee6-b680-c329e824c3a8/resourcegroups/rgsqlc16438586c3?api-version=2017-05-10",
      "EncodedRequestUri": "L3N1YnNjcmlwdGlvbnMvMWM2MzhjZjQtNjA4Zi00ZWU2LWI2ODAtYzMyOWU4MjRjM2E4L3Jlc291cmNlZ3JvdXBzL3Jnc3FsYzE2NDM4NTg2YzM/YXBpLXZlcnNpb249MjAxNy0wNS0xMA==",
      "RequestMethod": "PUT",
      "RequestBody": "{\r\n  \"location\": \"southcentralus\"\r\n}",
      "RequestHeaders": {
        "x-ms-client-request-id": [
          "dc9e3bc1-bad3-4d96-8e6c-9a095e7069ac"
        ],
        "Accept-Language": [
          "en-US"
        ],
        "User-Agent": [
          "FxVersion/4.6.27817.01",
          "OSName/Windows",
          "OSVersion/Microsoft.Windows.10.0.18362.",
          "Microsoft.Azure.Management.ResourceManager.Fluent.ResourceManagementClient/1.0.0.60",
          "MacAddressHash/5b986dbc01e2cd9262cdc8765199485ab440ab932e80985aff873a3788750edd"
        ],
        "Content-Type": [
          "application/json; charset=utf-8"
        ],
        "Content-Length": [
          "36"
        ]
      },
      "ResponseHeaders": {
        "Cache-Control": [
          "no-cache"
        ],
        "Pragma": [
          "no-cache"
        ],
        "x-ms-ratelimit-remaining-subscription-writes": [
          "1194"
        ],
        "x-ms-request-id": [
          "fefd9d6b-be6d-418d-9fc4-76ede4d1dd80"
        ],
        "x-ms-correlation-request-id": [
          "fefd9d6b-be6d-418d-9fc4-76ede4d1dd80"
        ],
        "x-ms-routing-request-id": [
          "SOUTHEASTASIA:20190805T051306Z:fefd9d6b-be6d-418d-9fc4-76ede4d1dd80"
        ],
        "Strict-Transport-Security": [
          "max-age=31536000; includeSubDomains"
        ],
        "X-Content-Type-Options": [
          "nosniff"
        ],
        "Date": [
          "Mon, 05 Aug 2019 05:13:06 GMT"
        ],
        "Content-Length": [
          "193"
        ],
        "Content-Type": [
          "application/json; charset=utf-8"
        ],
        "Expires": [
          "-1"
        ]
      },
      "ResponseBody": "{\r\n  \"id\": \"/subscriptions/1c638cf4-608f-4ee6-b680-c329e824c3a8/resourceGroups/rgsqlc16438586c3\",\r\n  \"name\": \"rgsqlc16438586c3\",\r\n  \"location\": \"southcentralus\",\r\n  \"properties\": {\r\n    \"provisioningState\": \"Succeeded\"\r\n  }\r\n}",
      "StatusCode": 201
    },
    {
      "RequestUri": "/subscriptions/1c638cf4-608f-4ee6-b680-c329e824c3a8/resourceGroups/rgsqlc16438586c3/providers/Microsoft.Network/virtualNetworks/vnetsqlae3160819a?api-version=2018-04-01",
      "EncodedRequestUri": "L3N1YnNjcmlwdGlvbnMvMWM2MzhjZjQtNjA4Zi00ZWU2LWI2ODAtYzMyOWU4MjRjM2E4L3Jlc291cmNlR3JvdXBzL3Jnc3FsYzE2NDM4NTg2YzMvcHJvdmlkZXJzL01pY3Jvc29mdC5OZXR3b3JrL3ZpcnR1YWxOZXR3b3Jrcy92bmV0c3FsYWUzMTYwODE5YT9hcGktdmVyc2lvbj0yMDE4LTA0LTAx",
      "RequestMethod": "PUT",
      "RequestBody": "{\r\n  \"properties\": {\r\n    \"addressSpace\": {\r\n      \"addressPrefixes\": [\r\n        \"192.168.0.0/16\"\r\n      ]\r\n    },\r\n    \"dhcpOptions\": {\r\n      \"dnsServers\": []\r\n    },\r\n    \"subnets\": [\r\n      {\r\n        \"properties\": {\r\n          \"addressPrefix\": \"192.168.1.0/24\",\r\n          \"serviceEndpoints\": [\r\n            {\r\n              \"service\": \"Microsoft.Sql\",\r\n              \"locations\": []\r\n            }\r\n          ]\r\n        },\r\n        \"name\": \"subnet1\"\r\n      },\r\n      {\r\n        \"properties\": {\r\n          \"addressPrefix\": \"192.168.2.0/24\"\r\n        },\r\n        \"name\": \"subnet2\"\r\n      }\r\n    ]\r\n  },\r\n  \"location\": \"southcentralus\",\r\n  \"tags\": {}\r\n}",
      "RequestHeaders": {
        "x-ms-client-request-id": [
          "49301824-37e3-481e-a9a3-80ddf6097429"
        ],
        "Accept-Language": [
          "en-US"
        ],
        "User-Agent": [
          "FxVersion/4.6.27817.01",
          "OSName/Windows",
          "OSVersion/Microsoft.Windows.10.0.18362.",
          "Microsoft.Azure.Management.Network.Fluent.NetworkManagementClient/1.0.0.60",
          "MacAddressHash/5b986dbc01e2cd9262cdc8765199485ab440ab932e80985aff873a3788750edd"
        ],
        "Content-Type": [
          "application/json; charset=utf-8"
        ],
        "Content-Length": [
          "655"
        ]
      },
      "ResponseHeaders": {
        "Cache-Control": [
          "no-cache"
        ],
        "Pragma": [
          "no-cache"
        ],
        "Retry-After": [
          "3"
        ],
        "x-ms-request-id": [
          "42b2e5e2-5875-4737-9a1a-6ca56f2e6845"
        ],
        "Azure-AsyncOperation": [
          "https://management.azure.com/subscriptions/1c638cf4-608f-4ee6-b680-c329e824c3a8/providers/Microsoft.Network/locations/southcentralus/operations/42b2e5e2-5875-4737-9a1a-6ca56f2e6845?api-version=2018-04-01"
        ],
        "x-ms-correlation-request-id": [
          "dc298e5c-15be-440a-ad49-3e84c07a71a6"
        ],
        "x-ms-arm-service-request-id": [
          "606cfd83-d265-49da-a956-7534189695c9"
        ],
        "Strict-Transport-Security": [
          "max-age=31536000; includeSubDomains"
        ],
        "Server": [
          "Microsoft-HTTPAPI/2.0",
          "Microsoft-HTTPAPI/2.0"
        ],
        "x-ms-ratelimit-remaining-subscription-writes": [
          "1193"
        ],
        "x-ms-routing-request-id": [
          "SOUTHEASTASIA:20190805T051309Z:dc298e5c-15be-440a-ad49-3e84c07a71a6"
        ],
        "X-Content-Type-Options": [
          "nosniff"
        ],
        "Date": [
          "Mon, 05 Aug 2019 05:13:09 GMT"
        ],
        "Content-Length": [
          "2010"
        ],
        "Content-Type": [
          "application/json; charset=utf-8"
        ],
        "Expires": [
          "-1"
        ]
      },
      "ResponseBody": "{\r\n  \"name\": \"vnetsqlae3160819a\",\r\n  \"id\": \"/subscriptions/1c638cf4-608f-4ee6-b680-c329e824c3a8/resourceGroups/rgsqlc16438586c3/providers/Microsoft.Network/virtualNetworks/vnetsqlae3160819a\",\r\n  \"etag\": \"W/\\\"df3a2315-44f9-4252-af2a-a6b49f99c518\\\"\",\r\n  \"type\": \"Microsoft.Network/virtualNetworks\",\r\n  \"location\": \"southcentralus\",\r\n  \"tags\": {},\r\n  \"properties\": {\r\n    \"provisioningState\": \"Updating\",\r\n    \"resourceGuid\": \"a3879e2b-d844-4aad-a6bc-3cadc32034ba\",\r\n    \"addressSpace\": {\r\n      \"addressPrefixes\": [\r\n        \"192.168.0.0/16\"\r\n      ]\r\n    },\r\n    \"dhcpOptions\": {\r\n      \"dnsServers\": []\r\n    },\r\n    \"subnets\": [\r\n      {\r\n        \"name\": \"subnet1\",\r\n        \"id\": \"/subscriptions/1c638cf4-608f-4ee6-b680-c329e824c3a8/resourceGroups/rgsqlc16438586c3/providers/Microsoft.Network/virtualNetworks/vnetsqlae3160819a/subnets/subnet1\",\r\n        \"etag\": \"W/\\\"df3a2315-44f9-4252-af2a-a6b49f99c518\\\"\",\r\n        \"properties\": {\r\n          \"provisioningState\": \"Updating\",\r\n          \"addressPrefix\": \"192.168.1.0/24\",\r\n          \"serviceEndpoints\": [\r\n            {\r\n              \"provisioningState\": \"Updating\",\r\n              \"service\": \"Microsoft.Sql\",\r\n              \"locations\": [\r\n                \"southcentralus\"\r\n              ]\r\n            }\r\n          ],\r\n          \"delegations\": []\r\n        },\r\n        \"type\": \"Microsoft.Network/virtualNetworks/subnets\"\r\n      },\r\n      {\r\n        \"name\": \"subnet2\",\r\n        \"id\": \"/subscriptions/1c638cf4-608f-4ee6-b680-c329e824c3a8/resourceGroups/rgsqlc16438586c3/providers/Microsoft.Network/virtualNetworks/vnetsqlae3160819a/subnets/subnet2\",\r\n        \"etag\": \"W/\\\"df3a2315-44f9-4252-af2a-a6b49f99c518\\\"\",\r\n        \"properties\": {\r\n          \"provisioningState\": \"Updating\",\r\n          \"addressPrefix\": \"192.168.2.0/24\",\r\n          \"delegations\": []\r\n        },\r\n        \"type\": \"Microsoft.Network/virtualNetworks/subnets\"\r\n      }\r\n    ],\r\n    \"virtualNetworkPeerings\": [],\r\n    \"enableDdosProtection\": false,\r\n    \"enableVmProtection\": false\r\n  }\r\n}",
      "StatusCode": 201
    },
    {
      "RequestUri": "/subscriptions/1c638cf4-608f-4ee6-b680-c329e824c3a8/providers/Microsoft.Network/locations/southcentralus/operations/42b2e5e2-5875-4737-9a1a-6ca56f2e6845?api-version=2018-04-01",
      "EncodedRequestUri": "L3N1YnNjcmlwdGlvbnMvMWM2MzhjZjQtNjA4Zi00ZWU2LWI2ODAtYzMyOWU4MjRjM2E4L3Byb3ZpZGVycy9NaWNyb3NvZnQuTmV0d29yay9sb2NhdGlvbnMvc291dGhjZW50cmFsdXMvb3BlcmF0aW9ucy80MmIyZTVlMi01ODc1LTQ3MzctOWExYS02Y2E1NmYyZTY4NDU/YXBpLXZlcnNpb249MjAxOC0wNC0wMQ==",
      "RequestMethod": "GET",
      "RequestBody": "",
      "RequestHeaders": {
        "User-Agent": [
          "FxVersion/4.6.27817.01",
          "OSName/Windows",
          "OSVersion/Microsoft.Windows.10.0.18362.",
          "Microsoft.Azure.Management.Network.Fluent.NetworkManagementClient/1.0.0.60",
          "MacAddressHash/5b986dbc01e2cd9262cdc8765199485ab440ab932e80985aff873a3788750edd"
        ]
      },
      "ResponseHeaders": {
        "Cache-Control": [
          "no-cache"
        ],
        "Pragma": [
          "no-cache"
        ],
        "x-ms-request-id": [
          "9065d510-12fc-4532-8b09-aaf00bb20f82"
        ],
        "x-ms-correlation-request-id": [
          "2b6635ef-a3ab-49a5-b561-b6f96bcec85a"
        ],
        "x-ms-arm-service-request-id": [
          "6573e381-e1e4-41dc-8d84-c6febfc14130"
        ],
        "Strict-Transport-Security": [
          "max-age=31536000; includeSubDomains"
        ],
        "Server": [
          "Microsoft-HTTPAPI/2.0",
          "Microsoft-HTTPAPI/2.0"
        ],
        "x-ms-ratelimit-remaining-subscription-reads": [
          "11976"
        ],
        "x-ms-routing-request-id": [
          "SOUTHEASTASIA:20190805T051313Z:2b6635ef-a3ab-49a5-b561-b6f96bcec85a"
        ],
        "X-Content-Type-Options": [
          "nosniff"
        ],
        "Date": [
          "Mon, 05 Aug 2019 05:13:13 GMT"
        ],
        "Content-Length": [
          "29"
        ],
        "Content-Type": [
          "application/json; charset=utf-8"
        ],
        "Expires": [
          "-1"
        ]
      },
      "ResponseBody": "{\r\n  \"status\": \"Succeeded\"\r\n}",
      "StatusCode": 200
    },
    {
      "RequestUri": "/subscriptions/1c638cf4-608f-4ee6-b680-c329e824c3a8/resourceGroups/rgsqlc16438586c3/providers/Microsoft.Network/virtualNetworks/vnetsqlae3160819a?api-version=2018-04-01",
      "EncodedRequestUri": "L3N1YnNjcmlwdGlvbnMvMWM2MzhjZjQtNjA4Zi00ZWU2LWI2ODAtYzMyOWU4MjRjM2E4L3Jlc291cmNlR3JvdXBzL3Jnc3FsYzE2NDM4NTg2YzMvcHJvdmlkZXJzL01pY3Jvc29mdC5OZXR3b3JrL3ZpcnR1YWxOZXR3b3Jrcy92bmV0c3FsYWUzMTYwODE5YT9hcGktdmVyc2lvbj0yMDE4LTA0LTAx",
      "RequestMethod": "GET",
      "RequestBody": "",
      "RequestHeaders": {
        "User-Agent": [
          "FxVersion/4.6.27817.01",
          "OSName/Windows",
          "OSVersion/Microsoft.Windows.10.0.18362.",
          "Microsoft.Azure.Management.Network.Fluent.NetworkManagementClient/1.0.0.60",
          "MacAddressHash/5b986dbc01e2cd9262cdc8765199485ab440ab932e80985aff873a3788750edd"
        ]
      },
      "ResponseHeaders": {
        "Cache-Control": [
          "no-cache"
        ],
        "Pragma": [
          "no-cache"
        ],
        "ETag": [
          "W/\"cc7575ba-1a98-41ef-86cc-7f89ef49d4af\""
        ],
        "x-ms-request-id": [
          "fdef6e7e-fa48-4d06-9532-99d56cd13c21"
        ],
        "x-ms-correlation-request-id": [
          "ef07c025-e2af-46f7-b9c2-a1c0186e230e"
        ],
        "x-ms-arm-service-request-id": [
          "fd35c958-ef9f-49b5-893e-cff68b3bed7d"
        ],
        "Strict-Transport-Security": [
          "max-age=31536000; includeSubDomains"
        ],
        "x-ms-ratelimit-remaining-subscription-reads": [
          "11975"
        ],
        "Server": [
          "Microsoft-HTTPAPI/2.0",
          "Microsoft-HTTPAPI/2.0"
        ],
        "x-ms-routing-request-id": [
          "SOUTHEASTASIA:20190805T051314Z:ef07c025-e2af-46f7-b9c2-a1c0186e230e"
        ],
        "X-Content-Type-Options": [
          "nosniff"
        ],
        "Date": [
          "Mon, 05 Aug 2019 05:13:13 GMT"
        ],
        "Content-Length": [
          "2014"
        ],
        "Content-Type": [
          "application/json; charset=utf-8"
        ],
        "Expires": [
          "-1"
        ]
      },
      "ResponseBody": "{\r\n  \"name\": \"vnetsqlae3160819a\",\r\n  \"id\": \"/subscriptions/1c638cf4-608f-4ee6-b680-c329e824c3a8/resourceGroups/rgsqlc16438586c3/providers/Microsoft.Network/virtualNetworks/vnetsqlae3160819a\",\r\n  \"etag\": \"W/\\\"cc7575ba-1a98-41ef-86cc-7f89ef49d4af\\\"\",\r\n  \"type\": \"Microsoft.Network/virtualNetworks\",\r\n  \"location\": \"southcentralus\",\r\n  \"tags\": {},\r\n  \"properties\": {\r\n    \"provisioningState\": \"Succeeded\",\r\n    \"resourceGuid\": \"a3879e2b-d844-4aad-a6bc-3cadc32034ba\",\r\n    \"addressSpace\": {\r\n      \"addressPrefixes\": [\r\n        \"192.168.0.0/16\"\r\n      ]\r\n    },\r\n    \"dhcpOptions\": {\r\n      \"dnsServers\": []\r\n    },\r\n    \"subnets\": [\r\n      {\r\n        \"name\": \"subnet1\",\r\n        \"id\": \"/subscriptions/1c638cf4-608f-4ee6-b680-c329e824c3a8/resourceGroups/rgsqlc16438586c3/providers/Microsoft.Network/virtualNetworks/vnetsqlae3160819a/subnets/subnet1\",\r\n        \"etag\": \"W/\\\"cc7575ba-1a98-41ef-86cc-7f89ef49d4af\\\"\",\r\n        \"properties\": {\r\n          \"provisioningState\": \"Succeeded\",\r\n          \"addressPrefix\": \"192.168.1.0/24\",\r\n          \"serviceEndpoints\": [\r\n            {\r\n              \"provisioningState\": \"Succeeded\",\r\n              \"service\": \"Microsoft.Sql\",\r\n              \"locations\": [\r\n                \"southcentralus\"\r\n              ]\r\n            }\r\n          ],\r\n          \"delegations\": []\r\n        },\r\n        \"type\": \"Microsoft.Network/virtualNetworks/subnets\"\r\n      },\r\n      {\r\n        \"name\": \"subnet2\",\r\n        \"id\": \"/subscriptions/1c638cf4-608f-4ee6-b680-c329e824c3a8/resourceGroups/rgsqlc16438586c3/providers/Microsoft.Network/virtualNetworks/vnetsqlae3160819a/subnets/subnet2\",\r\n        \"etag\": \"W/\\\"cc7575ba-1a98-41ef-86cc-7f89ef49d4af\\\"\",\r\n        \"properties\": {\r\n          \"provisioningState\": \"Succeeded\",\r\n          \"addressPrefix\": \"192.168.2.0/24\",\r\n          \"delegations\": []\r\n        },\r\n        \"type\": \"Microsoft.Network/virtualNetworks/subnets\"\r\n      }\r\n    ],\r\n    \"virtualNetworkPeerings\": [],\r\n    \"enableDdosProtection\": false,\r\n    \"enableVmProtection\": false\r\n  }\r\n}",
      "StatusCode": 200
    },
    {
      "RequestUri": "/subscriptions/1c638cf4-608f-4ee6-b680-c329e824c3a8/resourceGroups/rgsqlc16438586c3/providers/Microsoft.Network/virtualNetworks/vnetsqlae3160819a/virtualNetworkPeerings?api-version=2018-04-01",
      "EncodedRequestUri": "L3N1YnNjcmlwdGlvbnMvMWM2MzhjZjQtNjA4Zi00ZWU2LWI2ODAtYzMyOWU4MjRjM2E4L3Jlc291cmNlR3JvdXBzL3Jnc3FsYzE2NDM4NTg2YzMvcHJvdmlkZXJzL01pY3Jvc29mdC5OZXR3b3JrL3ZpcnR1YWxOZXR3b3Jrcy92bmV0c3FsYWUzMTYwODE5YS92aXJ0dWFsTmV0d29ya1BlZXJpbmdzP2FwaS12ZXJzaW9uPTIwMTgtMDQtMDE=",
      "RequestMethod": "GET",
      "RequestBody": "",
      "RequestHeaders": {
        "x-ms-client-request-id": [
          "920f6fa6-29fa-4ad5-9cd4-ec7c0f70d597"
        ],
        "Accept-Language": [
          "en-US"
        ],
        "User-Agent": [
          "FxVersion/4.6.27817.01",
          "OSName/Windows",
          "OSVersion/Microsoft.Windows.10.0.18362.",
          "Microsoft.Azure.Management.Network.Fluent.NetworkManagementClient/1.0.0.60",
          "MacAddressHash/5b986dbc01e2cd9262cdc8765199485ab440ab932e80985aff873a3788750edd"
        ]
      },
      "ResponseHeaders": {
        "Cache-Control": [
          "no-cache"
        ],
        "Pragma": [
          "no-cache"
        ],
        "x-ms-request-id": [
          "2f3a129c-3bbe-4f48-97d4-f6979d4e8bdb"
        ],
        "x-ms-correlation-request-id": [
          "8d9668d3-0409-49e9-9dc6-44033c88669d"
        ],
        "x-ms-arm-service-request-id": [
          "2d1bfce2-d3d2-4058-a72a-ebdfdb049967"
        ],
        "Strict-Transport-Security": [
          "max-age=31536000; includeSubDomains"
        ],
        "Server": [
          "Microsoft-HTTPAPI/2.0",
          "Microsoft-HTTPAPI/2.0"
        ],
        "x-ms-ratelimit-remaining-subscription-reads": [
          "11974"
        ],
        "x-ms-routing-request-id": [
          "SOUTHEASTASIA:20190805T051314Z:8d9668d3-0409-49e9-9dc6-44033c88669d"
        ],
        "X-Content-Type-Options": [
          "nosniff"
        ],
        "Date": [
          "Mon, 05 Aug 2019 05:13:14 GMT"
        ],
        "Content-Length": [
          "19"
        ],
        "Content-Type": [
          "application/json; charset=utf-8"
        ],
        "Expires": [
          "-1"
        ]
      },
      "ResponseBody": "{\r\n  \"value\": []\r\n}",
      "StatusCode": 200
    },
    {
      "RequestUri": "/subscriptions/1c638cf4-608f-4ee6-b680-c329e824c3a8/resourceGroups/rgsqlc16438586c3/providers/Microsoft.Sql/servers/sqlserver43b059379?api-version=2015-05-01-preview",
      "EncodedRequestUri": "L3N1YnNjcmlwdGlvbnMvMWM2MzhjZjQtNjA4Zi00ZWU2LWI2ODAtYzMyOWU4MjRjM2E4L3Jlc291cmNlR3JvdXBzL3Jnc3FsYzE2NDM4NTg2YzMvcHJvdmlkZXJzL01pY3Jvc29mdC5TcWwvc2VydmVycy9zcWxzZXJ2ZXI0M2IwNTkzNzk/YXBpLXZlcnNpb249MjAxNS0wNS0wMS1wcmV2aWV3",
      "RequestMethod": "PUT",
      "RequestBody": "{\r\n  \"properties\": {\r\n    \"administratorLogin\": \"sqladmin3423\",\r\n    \"administratorLoginPassword\": \"myS3cureP@ssword\"\r\n  },\r\n  \"location\": \"southcentralus\",\r\n  \"tags\": {}\r\n}",
      "RequestHeaders": {
        "x-ms-client-request-id": [
          "e16743e2-bb02-4dc7-a6a9-4f1e6874408c"
        ],
        "Accept-Language": [
          "en-US"
        ],
        "User-Agent": [
          "FxVersion/4.6.27817.01",
          "OSName/Windows",
          "OSVersion/Microsoft.Windows.10.0.18362.",
          "Microsoft.Azure.Management.Sql.Fluent.SqlManagementClient/1.0.0.60",
          "MacAddressHash/5b986dbc01e2cd9262cdc8765199485ab440ab932e80985aff873a3788750edd"
        ],
        "Content-Type": [
          "application/json; charset=utf-8"
        ],
        "Content-Length": [
          "173"
        ]
      },
      "ResponseHeaders": {
        "Cache-Control": [
          "no-cache"
        ],
        "Pragma": [
          "no-cache"
        ],
        "Location": [
          "https://management.azure.com/subscriptions/1c638cf4-608f-4ee6-b680-c329e824c3a8/resourceGroups/rgsqlc16438586c3/providers/Microsoft.Sql/locations/southcentralus/serverOperationResults/bd2dc83f-8153-40dc-bf70-610c26e1f902?api-version=2015-05-01-preview"
        ],
        "Retry-After": [
          "1"
        ],
        "Azure-AsyncOperation": [
          "https://management.azure.com/subscriptions/1c638cf4-608f-4ee6-b680-c329e824c3a8/resourceGroups/rgsqlc16438586c3/providers/Microsoft.Sql/locations/southcentralus/serverAzureAsyncOperation/bd2dc83f-8153-40dc-bf70-610c26e1f902?api-version=2015-05-01-preview"
        ],
        "x-ms-request-id": [
          "bd2dc83f-8153-40dc-bf70-610c26e1f902"
        ],
        "Server": [
          "Microsoft-HTTPAPI/2.0"
        ],
        "x-ms-ratelimit-remaining-subscription-writes": [
          "1192"
        ],
        "x-ms-correlation-request-id": [
          "4b5720b1-a04d-4552-9a5f-68008c684a3d"
        ],
        "x-ms-routing-request-id": [
          "SOUTHEASTASIA:20190805T051316Z:4b5720b1-a04d-4552-9a5f-68008c684a3d"
        ],
        "Strict-Transport-Security": [
          "max-age=31536000; includeSubDomains"
        ],
        "X-Content-Type-Options": [
          "nosniff"
        ],
        "Date": [
          "Mon, 05 Aug 2019 05:13:16 GMT"
        ],
        "Content-Length": [
          "74"
        ],
        "Content-Type": [
          "application/json; charset=utf-8"
        ],
        "Expires": [
          "-1"
        ]
      },
      "ResponseBody": "{\r\n  \"operation\": \"UpsertLogicalServer\",\r\n  \"startTime\": \"2019-08-05T05:13:16.433Z\"\r\n}",
      "StatusCode": 202
    },
    {
      "RequestUri": "/subscriptions/1c638cf4-608f-4ee6-b680-c329e824c3a8/resourceGroups/rgsqlc16438586c3/providers/Microsoft.Sql/locations/southcentralus/serverAzureAsyncOperation/bd2dc83f-8153-40dc-bf70-610c26e1f902?api-version=2015-05-01-preview",
      "EncodedRequestUri": "L3N1YnNjcmlwdGlvbnMvMWM2MzhjZjQtNjA4Zi00ZWU2LWI2ODAtYzMyOWU4MjRjM2E4L3Jlc291cmNlR3JvdXBzL3Jnc3FsYzE2NDM4NTg2YzMvcHJvdmlkZXJzL01pY3Jvc29mdC5TcWwvbG9jYXRpb25zL3NvdXRoY2VudHJhbHVzL3NlcnZlckF6dXJlQXN5bmNPcGVyYXRpb24vYmQyZGM4M2YtODE1My00MGRjLWJmNzAtNjEwYzI2ZTFmOTAyP2FwaS12ZXJzaW9uPTIwMTUtMDUtMDEtcHJldmlldw==",
      "RequestMethod": "GET",
      "RequestBody": "",
      "RequestHeaders": {
        "User-Agent": [
          "FxVersion/4.6.27817.01",
          "OSName/Windows",
          "OSVersion/Microsoft.Windows.10.0.18362.",
          "Microsoft.Azure.Management.Sql.Fluent.SqlManagementClient/1.0.0.60",
          "MacAddressHash/5b986dbc01e2cd9262cdc8765199485ab440ab932e80985aff873a3788750edd"
        ]
      },
      "ResponseHeaders": {
        "Cache-Control": [
          "no-cache"
        ],
        "Pragma": [
          "no-cache"
        ],
        "Retry-After": [
          "1"
        ],
        "x-ms-request-id": [
          "799ce706-558a-4aa6-b2ef-ba3befc765d3"
        ],
        "Server": [
          "Microsoft-HTTPAPI/2.0"
        ],
        "x-ms-ratelimit-remaining-subscription-reads": [
          "11973"
        ],
        "x-ms-correlation-request-id": [
          "1d43b7df-f02b-41c8-941d-4eceb859842b"
        ],
        "x-ms-routing-request-id": [
          "SOUTHEASTASIA:20190805T051318Z:1d43b7df-f02b-41c8-941d-4eceb859842b"
        ],
        "Strict-Transport-Security": [
          "max-age=31536000; includeSubDomains"
        ],
        "X-Content-Type-Options": [
          "nosniff"
        ],
        "Date": [
          "Mon, 05 Aug 2019 05:13:17 GMT"
        ],
        "Content-Length": [
          "108"
        ],
        "Content-Type": [
          "application/json; charset=utf-8"
        ],
        "Expires": [
          "-1"
        ]
      },
      "ResponseBody": "{\r\n  \"name\": \"bd2dc83f-8153-40dc-bf70-610c26e1f902\",\r\n  \"status\": \"InProgress\",\r\n  \"startTime\": \"2019-08-05T05:13:16.433Z\"\r\n}",
      "StatusCode": 200
    },
    {
      "RequestUri": "/subscriptions/1c638cf4-608f-4ee6-b680-c329e824c3a8/resourceGroups/rgsqlc16438586c3/providers/Microsoft.Sql/locations/southcentralus/serverAzureAsyncOperation/bd2dc83f-8153-40dc-bf70-610c26e1f902?api-version=2015-05-01-preview",
      "EncodedRequestUri": "L3N1YnNjcmlwdGlvbnMvMWM2MzhjZjQtNjA4Zi00ZWU2LWI2ODAtYzMyOWU4MjRjM2E4L3Jlc291cmNlR3JvdXBzL3Jnc3FsYzE2NDM4NTg2YzMvcHJvdmlkZXJzL01pY3Jvc29mdC5TcWwvbG9jYXRpb25zL3NvdXRoY2VudHJhbHVzL3NlcnZlckF6dXJlQXN5bmNPcGVyYXRpb24vYmQyZGM4M2YtODE1My00MGRjLWJmNzAtNjEwYzI2ZTFmOTAyP2FwaS12ZXJzaW9uPTIwMTUtMDUtMDEtcHJldmlldw==",
      "RequestMethod": "GET",
      "RequestBody": "",
      "RequestHeaders": {
        "User-Agent": [
          "FxVersion/4.6.27817.01",
          "OSName/Windows",
          "OSVersion/Microsoft.Windows.10.0.18362.",
          "Microsoft.Azure.Management.Sql.Fluent.SqlManagementClient/1.0.0.60",
          "MacAddressHash/5b986dbc01e2cd9262cdc8765199485ab440ab932e80985aff873a3788750edd"
        ]
      },
      "ResponseHeaders": {
        "Cache-Control": [
          "no-cache"
        ],
        "Pragma": [
          "no-cache"
        ],
        "Retry-After": [
          "1"
        ],
        "x-ms-request-id": [
          "6cfe7371-64cd-42e3-9104-5036483cbd2a"
        ],
        "Server": [
          "Microsoft-HTTPAPI/2.0"
        ],
        "x-ms-ratelimit-remaining-subscription-reads": [
          "11972"
        ],
        "x-ms-correlation-request-id": [
          "32ab4e72-e1b6-4fb8-9876-c824910f3bd5"
        ],
        "x-ms-routing-request-id": [
          "SOUTHEASTASIA:20190805T051319Z:32ab4e72-e1b6-4fb8-9876-c824910f3bd5"
        ],
        "Strict-Transport-Security": [
          "max-age=31536000; includeSubDomains"
        ],
        "X-Content-Type-Options": [
          "nosniff"
        ],
        "Date": [
          "Mon, 05 Aug 2019 05:13:18 GMT"
        ],
        "Content-Length": [
          "108"
        ],
        "Content-Type": [
          "application/json; charset=utf-8"
        ],
        "Expires": [
          "-1"
        ]
      },
      "ResponseBody": "{\r\n  \"name\": \"bd2dc83f-8153-40dc-bf70-610c26e1f902\",\r\n  \"status\": \"InProgress\",\r\n  \"startTime\": \"2019-08-05T05:13:16.433Z\"\r\n}",
      "StatusCode": 200
    },
    {
      "RequestUri": "/subscriptions/1c638cf4-608f-4ee6-b680-c329e824c3a8/resourceGroups/rgsqlc16438586c3/providers/Microsoft.Sql/locations/southcentralus/serverAzureAsyncOperation/bd2dc83f-8153-40dc-bf70-610c26e1f902?api-version=2015-05-01-preview",
      "EncodedRequestUri": "L3N1YnNjcmlwdGlvbnMvMWM2MzhjZjQtNjA4Zi00ZWU2LWI2ODAtYzMyOWU4MjRjM2E4L3Jlc291cmNlR3JvdXBzL3Jnc3FsYzE2NDM4NTg2YzMvcHJvdmlkZXJzL01pY3Jvc29mdC5TcWwvbG9jYXRpb25zL3NvdXRoY2VudHJhbHVzL3NlcnZlckF6dXJlQXN5bmNPcGVyYXRpb24vYmQyZGM4M2YtODE1My00MGRjLWJmNzAtNjEwYzI2ZTFmOTAyP2FwaS12ZXJzaW9uPTIwMTUtMDUtMDEtcHJldmlldw==",
      "RequestMethod": "GET",
      "RequestBody": "",
      "RequestHeaders": {
        "User-Agent": [
          "FxVersion/4.6.27817.01",
          "OSName/Windows",
          "OSVersion/Microsoft.Windows.10.0.18362.",
          "Microsoft.Azure.Management.Sql.Fluent.SqlManagementClient/1.0.0.60",
          "MacAddressHash/5b986dbc01e2cd9262cdc8765199485ab440ab932e80985aff873a3788750edd"
        ]
      },
      "ResponseHeaders": {
        "Cache-Control": [
          "no-cache"
        ],
        "Pragma": [
          "no-cache"
        ],
        "Retry-After": [
          "1"
        ],
        "x-ms-request-id": [
          "4f8c5eec-f30a-4ead-86ae-9dd20a334bea"
        ],
        "Server": [
          "Microsoft-HTTPAPI/2.0"
        ],
        "x-ms-ratelimit-remaining-subscription-reads": [
          "11971"
        ],
        "x-ms-correlation-request-id": [
          "4652d04a-4c08-4563-95ca-bb75f324413a"
        ],
        "x-ms-routing-request-id": [
          "SOUTHEASTASIA:20190805T051320Z:4652d04a-4c08-4563-95ca-bb75f324413a"
        ],
        "Strict-Transport-Security": [
          "max-age=31536000; includeSubDomains"
        ],
        "X-Content-Type-Options": [
          "nosniff"
        ],
        "Date": [
          "Mon, 05 Aug 2019 05:13:20 GMT"
        ],
        "Content-Length": [
          "108"
        ],
        "Content-Type": [
          "application/json; charset=utf-8"
        ],
        "Expires": [
          "-1"
        ]
      },
      "ResponseBody": "{\r\n  \"name\": \"bd2dc83f-8153-40dc-bf70-610c26e1f902\",\r\n  \"status\": \"InProgress\",\r\n  \"startTime\": \"2019-08-05T05:13:16.433Z\"\r\n}",
      "StatusCode": 200
    },
    {
      "RequestUri": "/subscriptions/1c638cf4-608f-4ee6-b680-c329e824c3a8/resourceGroups/rgsqlc16438586c3/providers/Microsoft.Sql/locations/southcentralus/serverAzureAsyncOperation/bd2dc83f-8153-40dc-bf70-610c26e1f902?api-version=2015-05-01-preview",
      "EncodedRequestUri": "L3N1YnNjcmlwdGlvbnMvMWM2MzhjZjQtNjA4Zi00ZWU2LWI2ODAtYzMyOWU4MjRjM2E4L3Jlc291cmNlR3JvdXBzL3Jnc3FsYzE2NDM4NTg2YzMvcHJvdmlkZXJzL01pY3Jvc29mdC5TcWwvbG9jYXRpb25zL3NvdXRoY2VudHJhbHVzL3NlcnZlckF6dXJlQXN5bmNPcGVyYXRpb24vYmQyZGM4M2YtODE1My00MGRjLWJmNzAtNjEwYzI2ZTFmOTAyP2FwaS12ZXJzaW9uPTIwMTUtMDUtMDEtcHJldmlldw==",
      "RequestMethod": "GET",
      "RequestBody": "",
      "RequestHeaders": {
        "User-Agent": [
          "FxVersion/4.6.27817.01",
          "OSName/Windows",
          "OSVersion/Microsoft.Windows.10.0.18362.",
          "Microsoft.Azure.Management.Sql.Fluent.SqlManagementClient/1.0.0.60",
          "MacAddressHash/5b986dbc01e2cd9262cdc8765199485ab440ab932e80985aff873a3788750edd"
        ]
      },
      "ResponseHeaders": {
        "Cache-Control": [
          "no-cache"
        ],
        "Pragma": [
          "no-cache"
        ],
        "Retry-After": [
          "20"
        ],
        "x-ms-request-id": [
          "1e5a9a0b-d252-46ee-891c-9171c0191c22"
        ],
        "Server": [
          "Microsoft-HTTPAPI/2.0"
        ],
        "x-ms-ratelimit-remaining-subscription-reads": [
          "11970"
        ],
        "x-ms-correlation-request-id": [
          "aea01fb0-038d-44d6-8026-2edf65a08d8a"
        ],
        "x-ms-routing-request-id": [
          "SOUTHEASTASIA:20190805T051321Z:aea01fb0-038d-44d6-8026-2edf65a08d8a"
        ],
        "Strict-Transport-Security": [
          "max-age=31536000; includeSubDomains"
        ],
        "X-Content-Type-Options": [
          "nosniff"
        ],
        "Date": [
          "Mon, 05 Aug 2019 05:13:21 GMT"
        ],
        "Content-Length": [
          "108"
        ],
        "Content-Type": [
          "application/json; charset=utf-8"
        ],
        "Expires": [
          "-1"
        ]
      },
      "ResponseBody": "{\r\n  \"name\": \"bd2dc83f-8153-40dc-bf70-610c26e1f902\",\r\n  \"status\": \"InProgress\",\r\n  \"startTime\": \"2019-08-05T05:13:16.433Z\"\r\n}",
      "StatusCode": 200
    },
    {
      "RequestUri": "/subscriptions/1c638cf4-608f-4ee6-b680-c329e824c3a8/resourceGroups/rgsqlc16438586c3/providers/Microsoft.Sql/locations/southcentralus/serverAzureAsyncOperation/bd2dc83f-8153-40dc-bf70-610c26e1f902?api-version=2015-05-01-preview",
      "EncodedRequestUri": "L3N1YnNjcmlwdGlvbnMvMWM2MzhjZjQtNjA4Zi00ZWU2LWI2ODAtYzMyOWU4MjRjM2E4L3Jlc291cmNlR3JvdXBzL3Jnc3FsYzE2NDM4NTg2YzMvcHJvdmlkZXJzL01pY3Jvc29mdC5TcWwvbG9jYXRpb25zL3NvdXRoY2VudHJhbHVzL3NlcnZlckF6dXJlQXN5bmNPcGVyYXRpb24vYmQyZGM4M2YtODE1My00MGRjLWJmNzAtNjEwYzI2ZTFmOTAyP2FwaS12ZXJzaW9uPTIwMTUtMDUtMDEtcHJldmlldw==",
      "RequestMethod": "GET",
      "RequestBody": "",
      "RequestHeaders": {
        "User-Agent": [
          "FxVersion/4.6.27817.01",
          "OSName/Windows",
          "OSVersion/Microsoft.Windows.10.0.18362.",
          "Microsoft.Azure.Management.Sql.Fluent.SqlManagementClient/1.0.0.60",
          "MacAddressHash/5b986dbc01e2cd9262cdc8765199485ab440ab932e80985aff873a3788750edd"
        ]
      },
      "ResponseHeaders": {
        "Cache-Control": [
          "no-cache"
        ],
        "Pragma": [
          "no-cache"
        ],
        "Retry-After": [
          "20"
        ],
        "x-ms-request-id": [
          "158bff55-4adf-43ea-97d3-a7c04797b34a"
        ],
        "Server": [
          "Microsoft-HTTPAPI/2.0"
        ],
        "x-ms-ratelimit-remaining-subscription-reads": [
          "11969"
        ],
        "x-ms-correlation-request-id": [
          "e4b5dd74-4fb5-4142-9236-009c05a319ec"
        ],
        "x-ms-routing-request-id": [
          "SOUTHEASTASIA:20190805T051342Z:e4b5dd74-4fb5-4142-9236-009c05a319ec"
        ],
        "Strict-Transport-Security": [
          "max-age=31536000; includeSubDomains"
        ],
        "X-Content-Type-Options": [
          "nosniff"
        ],
        "Date": [
          "Mon, 05 Aug 2019 05:13:41 GMT"
        ],
        "Content-Length": [
          "108"
        ],
        "Content-Type": [
          "application/json; charset=utf-8"
        ],
        "Expires": [
          "-1"
        ]
      },
      "ResponseBody": "{\r\n  \"name\": \"bd2dc83f-8153-40dc-bf70-610c26e1f902\",\r\n  \"status\": \"InProgress\",\r\n  \"startTime\": \"2019-08-05T05:13:16.433Z\"\r\n}",
      "StatusCode": 200
    },
    {
      "RequestUri": "/subscriptions/1c638cf4-608f-4ee6-b680-c329e824c3a8/resourceGroups/rgsqlc16438586c3/providers/Microsoft.Sql/locations/southcentralus/serverAzureAsyncOperation/bd2dc83f-8153-40dc-bf70-610c26e1f902?api-version=2015-05-01-preview",
      "EncodedRequestUri": "L3N1YnNjcmlwdGlvbnMvMWM2MzhjZjQtNjA4Zi00ZWU2LWI2ODAtYzMyOWU4MjRjM2E4L3Jlc291cmNlR3JvdXBzL3Jnc3FsYzE2NDM4NTg2YzMvcHJvdmlkZXJzL01pY3Jvc29mdC5TcWwvbG9jYXRpb25zL3NvdXRoY2VudHJhbHVzL3NlcnZlckF6dXJlQXN5bmNPcGVyYXRpb24vYmQyZGM4M2YtODE1My00MGRjLWJmNzAtNjEwYzI2ZTFmOTAyP2FwaS12ZXJzaW9uPTIwMTUtMDUtMDEtcHJldmlldw==",
      "RequestMethod": "GET",
      "RequestBody": "",
      "RequestHeaders": {
        "User-Agent": [
          "FxVersion/4.6.27817.01",
          "OSName/Windows",
          "OSVersion/Microsoft.Windows.10.0.18362.",
          "Microsoft.Azure.Management.Sql.Fluent.SqlManagementClient/1.0.0.60",
          "MacAddressHash/5b986dbc01e2cd9262cdc8765199485ab440ab932e80985aff873a3788750edd"
        ]
      },
      "ResponseHeaders": {
        "Cache-Control": [
          "no-cache"
        ],
        "Pragma": [
          "no-cache"
        ],
        "Retry-After": [
          "15"
        ],
        "x-ms-request-id": [
          "6e5f0c9d-1fcf-4c76-9425-cf0b7e39eccd"
        ],
        "Server": [
          "Microsoft-HTTPAPI/2.0"
        ],
        "x-ms-ratelimit-remaining-subscription-reads": [
          "11968"
        ],
        "x-ms-correlation-request-id": [
          "fa4e20bd-ae3e-4ff7-9f24-be80db538e1e"
        ],
        "x-ms-routing-request-id": [
          "SOUTHEASTASIA:20190805T051402Z:fa4e20bd-ae3e-4ff7-9f24-be80db538e1e"
        ],
        "Strict-Transport-Security": [
          "max-age=31536000; includeSubDomains"
        ],
        "X-Content-Type-Options": [
          "nosniff"
        ],
        "Date": [
          "Mon, 05 Aug 2019 05:14:02 GMT"
        ],
        "Content-Length": [
          "107"
        ],
        "Content-Type": [
          "application/json; charset=utf-8"
        ],
        "Expires": [
          "-1"
        ]
      },
      "ResponseBody": "{\r\n  \"name\": \"bd2dc83f-8153-40dc-bf70-610c26e1f902\",\r\n  \"status\": \"Succeeded\",\r\n  \"startTime\": \"2019-08-05T05:13:16.433Z\"\r\n}",
      "StatusCode": 200
    },
    {
      "RequestUri": "/subscriptions/1c638cf4-608f-4ee6-b680-c329e824c3a8/resourceGroups/rgsqlc16438586c3/providers/Microsoft.Sql/servers/sqlserver43b059379?api-version=2015-05-01-preview",
      "EncodedRequestUri": "L3N1YnNjcmlwdGlvbnMvMWM2MzhjZjQtNjA4Zi00ZWU2LWI2ODAtYzMyOWU4MjRjM2E4L3Jlc291cmNlR3JvdXBzL3Jnc3FsYzE2NDM4NTg2YzMvcHJvdmlkZXJzL01pY3Jvc29mdC5TcWwvc2VydmVycy9zcWxzZXJ2ZXI0M2IwNTkzNzk/YXBpLXZlcnNpb249MjAxNS0wNS0wMS1wcmV2aWV3",
      "RequestMethod": "GET",
      "RequestBody": "",
      "RequestHeaders": {
        "User-Agent": [
          "FxVersion/4.6.27817.01",
          "OSName/Windows",
          "OSVersion/Microsoft.Windows.10.0.18362.",
          "Microsoft.Azure.Management.Sql.Fluent.SqlManagementClient/1.0.0.60",
          "MacAddressHash/5b986dbc01e2cd9262cdc8765199485ab440ab932e80985aff873a3788750edd"
        ]
      },
      "ResponseHeaders": {
        "Cache-Control": [
          "no-cache"
        ],
        "Pragma": [
          "no-cache"
        ],
        "x-ms-request-id": [
          "898f6ae3-a40d-4b1a-acb9-297f98709445"
        ],
        "Server": [
          "Microsoft-HTTPAPI/2.0"
        ],
        "x-ms-ratelimit-remaining-subscription-reads": [
          "11967"
        ],
        "x-ms-correlation-request-id": [
          "7f96daff-2370-4c97-ac79-3c491d294208"
        ],
        "x-ms-routing-request-id": [
          "SOUTHEASTASIA:20190805T051403Z:7f96daff-2370-4c97-ac79-3c491d294208"
        ],
        "Strict-Transport-Security": [
          "max-age=31536000; includeSubDomains"
        ],
        "X-Content-Type-Options": [
          "nosniff"
        ],
        "Date": [
          "Mon, 05 Aug 2019 05:14:02 GMT"
        ],
        "Content-Length": [
          "408"
        ],
        "Content-Type": [
          "application/json; charset=utf-8"
        ],
        "Expires": [
          "-1"
        ]
      },
      "ResponseBody": "{\r\n  \"kind\": \"v12.0\",\r\n  \"properties\": {\r\n    \"administratorLogin\": \"sqladmin3423\",\r\n    \"version\": \"12.0\",\r\n    \"state\": \"Ready\",\r\n    \"fullyQualifiedDomainName\": \"sqlserver43b059379.database.windows.net\"\r\n  },\r\n  \"location\": \"southcentralus\",\r\n  \"tags\": {},\r\n  \"id\": \"/subscriptions/1c638cf4-608f-4ee6-b680-c329e824c3a8/resourceGroups/rgsqlc16438586c3/providers/Microsoft.Sql/servers/sqlserver43b059379\",\r\n  \"name\": \"sqlserver43b059379\",\r\n  \"type\": \"Microsoft.Sql/servers\"\r\n}",
      "StatusCode": 200
    },
    {
      "RequestUri": "/subscriptions/1c638cf4-608f-4ee6-b680-c329e824c3a8/resourceGroups/rgsqlc16438586c3/providers/Microsoft.Sql/servers/sqlserver43b059379/virtualNetworkRules/virtualNetworkRule1?api-version=2015-05-01-preview",
      "EncodedRequestUri": "L3N1YnNjcmlwdGlvbnMvMWM2MzhjZjQtNjA4Zi00ZWU2LWI2ODAtYzMyOWU4MjRjM2E4L3Jlc291cmNlR3JvdXBzL3Jnc3FsYzE2NDM4NTg2YzMvcHJvdmlkZXJzL01pY3Jvc29mdC5TcWwvc2VydmVycy9zcWxzZXJ2ZXI0M2IwNTkzNzkvdmlydHVhbE5ldHdvcmtSdWxlcy92aXJ0dWFsTmV0d29ya1J1bGUxP2FwaS12ZXJzaW9uPTIwMTUtMDUtMDEtcHJldmlldw==",
      "RequestMethod": "PUT",
      "RequestBody": "{\r\n  \"properties\": {\r\n    \"virtualNetworkSubnetId\": \"/subscriptions/1c638cf4-608f-4ee6-b680-c329e824c3a8/resourceGroups/rgsqlc16438586c3/providers/Microsoft.Network/virtualNetworks/vnetsqlae3160819a/subnets/subnet1\",\r\n    \"ignoreMissingVnetServiceEndpoint\": false\r\n  }\r\n}",
      "RequestHeaders": {
        "x-ms-client-request-id": [
          "10b4f0a1-382b-4891-8411-9179120b34fc"
        ],
        "Accept-Language": [
          "en-US"
        ],
        "User-Agent": [
          "FxVersion/4.6.27817.01",
          "OSName/Windows",
          "OSVersion/Microsoft.Windows.10.0.18362.",
          "Microsoft.Azure.Management.Sql.Fluent.SqlManagementClient/1.0.0.60",
          "MacAddressHash/5b986dbc01e2cd9262cdc8765199485ab440ab932e80985aff873a3788750edd"
        ],
        "Content-Type": [
          "application/json; charset=utf-8"
        ],
        "Content-Length": [
          "271"
        ]
      },
      "ResponseHeaders": {
        "Cache-Control": [
          "no-cache"
        ],
        "Pragma": [
          "no-cache"
        ],
        "Location": [
          "https://management.azure.com/subscriptions/1c638cf4-608f-4ee6-b680-c329e824c3a8/resourceGroups/rgsqlc16438586c3/providers/Microsoft.Sql/locations/southcentralus/virtualNetworkRulesOperationResults/fd6eb5b9-2e74-4335-a980-0ada1267d15c?api-version=2015-05-01-preview"
        ],
        "Retry-After": [
          "15"
        ],
        "Azure-AsyncOperation": [
          "https://management.azure.com/subscriptions/1c638cf4-608f-4ee6-b680-c329e824c3a8/resourceGroups/rgsqlc16438586c3/providers/Microsoft.Sql/locations/southcentralus/virtualNetworkRulesAzureAsyncOperation/fd6eb5b9-2e74-4335-a980-0ada1267d15c?api-version=2015-05-01-preview"
        ],
        "x-ms-request-id": [
          "fd6eb5b9-2e74-4335-a980-0ada1267d15c"
        ],
        "Server": [
          "Microsoft-HTTPAPI/2.0"
        ],
        "x-ms-ratelimit-remaining-subscription-writes": [
          "1191"
        ],
        "x-ms-correlation-request-id": [
          "fefc848d-6d76-4cd3-a69b-28628184737a"
        ],
        "x-ms-routing-request-id": [
          "SOUTHEASTASIA:20190805T051405Z:fefc848d-6d76-4cd3-a69b-28628184737a"
        ],
        "Strict-Transport-Security": [
          "max-age=31536000; includeSubDomains"
        ],
        "X-Content-Type-Options": [
          "nosniff"
        ],
        "Date": [
          "Mon, 05 Aug 2019 05:14:05 GMT"
        ],
        "Content-Length": [
          "77"
        ],
        "Content-Type": [
          "application/json; charset=utf-8"
        ],
        "Expires": [
          "-1"
        ]
      },
      "ResponseBody": "{\r\n  \"operation\": \"UpsertVnetFirewallRule\",\r\n  \"startTime\": \"2019-08-05T05:14:04.407Z\"\r\n}",
      "StatusCode": 202
    },
    {
      "RequestUri": "/subscriptions/1c638cf4-608f-4ee6-b680-c329e824c3a8/resourceGroups/rgsqlc16438586c3/providers/Microsoft.Sql/locations/southcentralus/virtualNetworkRulesAzureAsyncOperation/fd6eb5b9-2e74-4335-a980-0ada1267d15c?api-version=2015-05-01-preview",
      "EncodedRequestUri": "L3N1YnNjcmlwdGlvbnMvMWM2MzhjZjQtNjA4Zi00ZWU2LWI2ODAtYzMyOWU4MjRjM2E4L3Jlc291cmNlR3JvdXBzL3Jnc3FsYzE2NDM4NTg2YzMvcHJvdmlkZXJzL01pY3Jvc29mdC5TcWwvbG9jYXRpb25zL3NvdXRoY2VudHJhbHVzL3ZpcnR1YWxOZXR3b3JrUnVsZXNBenVyZUFzeW5jT3BlcmF0aW9uL2ZkNmViNWI5LTJlNzQtNDMzNS1hOTgwLTBhZGExMjY3ZDE1Yz9hcGktdmVyc2lvbj0yMDE1LTA1LTAxLXByZXZpZXc=",
      "RequestMethod": "GET",
      "RequestBody": "",
      "RequestHeaders": {
        "User-Agent": [
          "FxVersion/4.6.27817.01",
          "OSName/Windows",
          "OSVersion/Microsoft.Windows.10.0.18362.",
          "Microsoft.Azure.Management.Sql.Fluent.SqlManagementClient/1.0.0.60",
          "MacAddressHash/5b986dbc01e2cd9262cdc8765199485ab440ab932e80985aff873a3788750edd"
        ]
      },
      "ResponseHeaders": {
        "Cache-Control": [
          "no-cache"
        ],
        "Pragma": [
          "no-cache"
        ],
        "Retry-After": [
          "15"
        ],
        "x-ms-request-id": [
          "c4bec27a-49a4-4892-8289-65a2102a3210"
        ],
        "Server": [
          "Microsoft-HTTPAPI/2.0"
        ],
        "x-ms-ratelimit-remaining-subscription-reads": [
          "11966"
        ],
        "x-ms-correlation-request-id": [
          "46e079f0-72ee-441d-be41-427aeca59f06"
        ],
        "x-ms-routing-request-id": [
          "SOUTHEASTASIA:20190805T051421Z:46e079f0-72ee-441d-be41-427aeca59f06"
        ],
        "Strict-Transport-Security": [
          "max-age=31536000; includeSubDomains"
        ],
        "X-Content-Type-Options": [
          "nosniff"
        ],
        "Date": [
          "Mon, 05 Aug 2019 05:14:21 GMT"
        ],
        "Content-Length": [
          "107"
        ],
        "Content-Type": [
          "application/json; charset=utf-8"
        ],
        "Expires": [
          "-1"
        ]
      },
      "ResponseBody": "{\r\n  \"name\": \"fd6eb5b9-2e74-4335-a980-0ada1267d15c\",\r\n  \"status\": \"Succeeded\",\r\n  \"startTime\": \"2019-08-05T05:14:04.407Z\"\r\n}",
      "StatusCode": 200
    },
    {
      "RequestUri": "/subscriptions/1c638cf4-608f-4ee6-b680-c329e824c3a8/resourceGroups/rgsqlc16438586c3/providers/Microsoft.Sql/servers/sqlserver43b059379/virtualNetworkRules/virtualNetworkRule1?api-version=2015-05-01-preview",
      "EncodedRequestUri": "L3N1YnNjcmlwdGlvbnMvMWM2MzhjZjQtNjA4Zi00ZWU2LWI2ODAtYzMyOWU4MjRjM2E4L3Jlc291cmNlR3JvdXBzL3Jnc3FsYzE2NDM4NTg2YzMvcHJvdmlkZXJzL01pY3Jvc29mdC5TcWwvc2VydmVycy9zcWxzZXJ2ZXI0M2IwNTkzNzkvdmlydHVhbE5ldHdvcmtSdWxlcy92aXJ0dWFsTmV0d29ya1J1bGUxP2FwaS12ZXJzaW9uPTIwMTUtMDUtMDEtcHJldmlldw==",
      "RequestMethod": "GET",
      "RequestBody": "",
      "RequestHeaders": {
        "User-Agent": [
          "FxVersion/4.6.27817.01",
          "OSName/Windows",
          "OSVersion/Microsoft.Windows.10.0.18362.",
          "Microsoft.Azure.Management.Sql.Fluent.SqlManagementClient/1.0.0.60",
          "MacAddressHash/5b986dbc01e2cd9262cdc8765199485ab440ab932e80985aff873a3788750edd"
        ]
      },
      "ResponseHeaders": {
        "Cache-Control": [
          "no-cache"
        ],
        "Pragma": [
          "no-cache"
        ],
        "x-ms-request-id": [
          "97cb10d1-5620-4f7a-b3af-ee0aa272ac11"
        ],
        "Server": [
          "Microsoft-HTTPAPI/2.0"
        ],
        "x-ms-ratelimit-remaining-subscription-reads": [
          "11965"
        ],
        "x-ms-correlation-request-id": [
          "6917d1b1-c807-4771-8bd4-69dde72fd170"
        ],
        "x-ms-routing-request-id": [
          "SOUTHEASTASIA:20190805T051421Z:6917d1b1-c807-4771-8bd4-69dde72fd170"
        ],
        "Strict-Transport-Security": [
          "max-age=31536000; includeSubDomains"
        ],
        "X-Content-Type-Options": [
          "nosniff"
        ],
        "Date": [
          "Mon, 05 Aug 2019 05:14:21 GMT"
        ],
        "Content-Length": [
          "524"
        ],
        "Content-Type": [
          "application/json; charset=utf-8"
        ],
        "Expires": [
          "-1"
        ]
      },
      "ResponseBody": "{\r\n  \"properties\": {\r\n    \"virtualNetworkSubnetId\": \"/subscriptions/1c638cf4-608f-4ee6-b680-c329e824c3a8/resourceGroups/rgsqlc16438586c3/providers/Microsoft.Network/virtualNetworks/vnetsqlae3160819a/subnets/subnet1\",\r\n    \"ignoreMissingVnetServiceEndpoint\": false,\r\n    \"state\": \"Ready\"\r\n  },\r\n  \"id\": \"/subscriptions/1c638cf4-608f-4ee6-b680-c329e824c3a8/resourceGroups/rgsqlc16438586c3/providers/Microsoft.Sql/servers/sqlserver43b059379/virtualNetworkRules/virtualNetworkRule1\",\r\n  \"name\": \"virtualNetworkRule1\",\r\n  \"type\": \"Microsoft.Sql/servers/virtualNetworkRules\"\r\n}",
      "StatusCode": 200
    },
    {
      "RequestUri": "/subscriptions/1c638cf4-608f-4ee6-b680-c329e824c3a8/resourceGroups/rgsqlc16438586c3/providers/Microsoft.Sql/servers/sqlserver43b059379/virtualNetworkRules/virtualNetworkRule1?api-version=2015-05-01-preview",
      "EncodedRequestUri": "L3N1YnNjcmlwdGlvbnMvMWM2MzhjZjQtNjA4Zi00ZWU2LWI2ODAtYzMyOWU4MjRjM2E4L3Jlc291cmNlR3JvdXBzL3Jnc3FsYzE2NDM4NTg2YzMvcHJvdmlkZXJzL01pY3Jvc29mdC5TcWwvc2VydmVycy9zcWxzZXJ2ZXI0M2IwNTkzNzkvdmlydHVhbE5ldHdvcmtSdWxlcy92aXJ0dWFsTmV0d29ya1J1bGUxP2FwaS12ZXJzaW9uPTIwMTUtMDUtMDEtcHJldmlldw==",
      "RequestMethod": "GET",
      "RequestBody": "",
      "RequestHeaders": {
        "x-ms-client-request-id": [
          "a63a44e1-50c0-4575-976c-36fcc505c15d"
        ],
        "Accept-Language": [
          "en-US"
        ],
        "User-Agent": [
          "FxVersion/4.6.27817.01",
          "OSName/Windows",
          "OSVersion/Microsoft.Windows.10.0.18362.",
          "Microsoft.Azure.Management.Sql.Fluent.SqlManagementClient/1.0.0.60",
          "MacAddressHash/5b986dbc01e2cd9262cdc8765199485ab440ab932e80985aff873a3788750edd"
        ]
      },
      "ResponseHeaders": {
        "Cache-Control": [
          "no-cache"
        ],
        "Pragma": [
          "no-cache"
        ],
        "x-ms-request-id": [
          "8e56808f-3546-494c-9275-e99a15be176f"
        ],
        "Server": [
          "Microsoft-HTTPAPI/2.0"
        ],
        "x-ms-ratelimit-remaining-subscription-reads": [
          "11964"
        ],
        "x-ms-correlation-request-id": [
          "bd190759-cbb4-484d-b1a3-f5e4bae96850"
        ],
        "x-ms-routing-request-id": [
          "SOUTHEASTASIA:20190805T051422Z:bd190759-cbb4-484d-b1a3-f5e4bae96850"
        ],
        "Strict-Transport-Security": [
          "max-age=31536000; includeSubDomains"
        ],
        "X-Content-Type-Options": [
          "nosniff"
        ],
        "Date": [
          "Mon, 05 Aug 2019 05:14:21 GMT"
        ],
        "Content-Length": [
          "524"
        ],
        "Content-Type": [
          "application/json; charset=utf-8"
        ],
        "Expires": [
          "-1"
        ]
      },
      "ResponseBody": "{\r\n  \"properties\": {\r\n    \"virtualNetworkSubnetId\": \"/subscriptions/1c638cf4-608f-4ee6-b680-c329e824c3a8/resourceGroups/rgsqlc16438586c3/providers/Microsoft.Network/virtualNetworks/vnetsqlae3160819a/subnets/subnet1\",\r\n    \"ignoreMissingVnetServiceEndpoint\": false,\r\n    \"state\": \"Ready\"\r\n  },\r\n  \"id\": \"/subscriptions/1c638cf4-608f-4ee6-b680-c329e824c3a8/resourceGroups/rgsqlc16438586c3/providers/Microsoft.Sql/servers/sqlserver43b059379/virtualNetworkRules/virtualNetworkRule1\",\r\n  \"name\": \"virtualNetworkRule1\",\r\n  \"type\": \"Microsoft.Sql/servers/virtualNetworkRules\"\r\n}",
      "StatusCode": 200
    },
    {
      "RequestUri": "/subscriptions/1c638cf4-608f-4ee6-b680-c329e824c3a8/resourceGroups/rgsqlc16438586c3/providers/Microsoft.Sql/servers/sqlserver43b059379/virtualNetworkRules/virtualNetworkRule2?api-version=2015-05-01-preview",
      "EncodedRequestUri": "L3N1YnNjcmlwdGlvbnMvMWM2MzhjZjQtNjA4Zi00ZWU2LWI2ODAtYzMyOWU4MjRjM2E4L3Jlc291cmNlR3JvdXBzL3Jnc3FsYzE2NDM4NTg2YzMvcHJvdmlkZXJzL01pY3Jvc29mdC5TcWwvc2VydmVycy9zcWxzZXJ2ZXI0M2IwNTkzNzkvdmlydHVhbE5ldHdvcmtSdWxlcy92aXJ0dWFsTmV0d29ya1J1bGUyP2FwaS12ZXJzaW9uPTIwMTUtMDUtMDEtcHJldmlldw==",
      "RequestMethod": "PUT",
      "RequestBody": "{\r\n  \"properties\": {\r\n    \"virtualNetworkSubnetId\": \"/subscriptions/1c638cf4-608f-4ee6-b680-c329e824c3a8/resourceGroups/rgsqlc16438586c3/providers/Microsoft.Network/virtualNetworks/vnetsqlae3160819a/subnets/subnet2\",\r\n    \"ignoreMissingVnetServiceEndpoint\": true\r\n  }\r\n}",
      "RequestHeaders": {
        "x-ms-client-request-id": [
          "28edf5f6-1498-4409-a088-e4c904220ca5"
        ],
        "Accept-Language": [
          "en-US"
        ],
        "User-Agent": [
          "FxVersion/4.6.27817.01",
          "OSName/Windows",
          "OSVersion/Microsoft.Windows.10.0.18362.",
          "Microsoft.Azure.Management.Sql.Fluent.SqlManagementClient/1.0.0.60",
          "MacAddressHash/5b986dbc01e2cd9262cdc8765199485ab440ab932e80985aff873a3788750edd"
        ],
        "Content-Type": [
          "application/json; charset=utf-8"
        ],
        "Content-Length": [
          "270"
        ]
      },
      "ResponseHeaders": {
        "Cache-Control": [
          "no-cache"
        ],
        "Pragma": [
          "no-cache"
        ],
        "Location": [
          "https://management.azure.com/subscriptions/1c638cf4-608f-4ee6-b680-c329e824c3a8/resourceGroups/rgsqlc16438586c3/providers/Microsoft.Sql/locations/southcentralus/virtualNetworkRulesOperationResults/61c95926-0e6e-42a3-a744-ae3acb37badd?api-version=2015-05-01-preview"
        ],
        "Retry-After": [
          "15"
        ],
        "Azure-AsyncOperation": [
          "https://management.azure.com/subscriptions/1c638cf4-608f-4ee6-b680-c329e824c3a8/resourceGroups/rgsqlc16438586c3/providers/Microsoft.Sql/locations/southcentralus/virtualNetworkRulesAzureAsyncOperation/61c95926-0e6e-42a3-a744-ae3acb37badd?api-version=2015-05-01-preview"
        ],
        "x-ms-request-id": [
          "61c95926-0e6e-42a3-a744-ae3acb37badd"
        ],
        "Server": [
          "Microsoft-HTTPAPI/2.0"
        ],
        "x-ms-ratelimit-remaining-subscription-writes": [
          "1190"
        ],
        "x-ms-correlation-request-id": [
          "b8e9802f-6436-418b-b905-7333a6077543"
        ],
        "x-ms-routing-request-id": [
          "SOUTHEASTASIA:20190805T051424Z:b8e9802f-6436-418b-b905-7333a6077543"
        ],
        "Strict-Transport-Security": [
          "max-age=31536000; includeSubDomains"
        ],
        "X-Content-Type-Options": [
          "nosniff"
        ],
        "Date": [
          "Mon, 05 Aug 2019 05:14:23 GMT"
        ],
        "Content-Length": [
          "76"
        ],
        "Content-Type": [
          "application/json; charset=utf-8"
        ],
        "Expires": [
          "-1"
        ]
      },
      "ResponseBody": "{\r\n  \"operation\": \"UpsertVnetFirewallRule\",\r\n  \"startTime\": \"2019-08-05T05:14:23.17Z\"\r\n}",
      "StatusCode": 202
    },
    {
      "RequestUri": "/subscriptions/1c638cf4-608f-4ee6-b680-c329e824c3a8/resourceGroups/rgsqlc16438586c3/providers/Microsoft.Sql/servers/sqlserver43b059379/virtualNetworkRules/virtualNetworkRule2?api-version=2015-05-01-preview",
      "EncodedRequestUri": "L3N1YnNjcmlwdGlvbnMvMWM2MzhjZjQtNjA4Zi00ZWU2LWI2ODAtYzMyOWU4MjRjM2E4L3Jlc291cmNlR3JvdXBzL3Jnc3FsYzE2NDM4NTg2YzMvcHJvdmlkZXJzL01pY3Jvc29mdC5TcWwvc2VydmVycy9zcWxzZXJ2ZXI0M2IwNTkzNzkvdmlydHVhbE5ldHdvcmtSdWxlcy92aXJ0dWFsTmV0d29ya1J1bGUyP2FwaS12ZXJzaW9uPTIwMTUtMDUtMDEtcHJldmlldw==",
      "RequestMethod": "PUT",
      "RequestBody": "{\r\n  \"properties\": {\r\n    \"virtualNetworkSubnetId\": \"/subscriptions/1c638cf4-608f-4ee6-b680-c329e824c3a8/resourceGroups/rgsqlc16438586c3/providers/Microsoft.Network/virtualNetworks/vnetsqlae3160819a/subnets/subnet1\",\r\n    \"ignoreMissingVnetServiceEndpoint\": false\r\n  }\r\n}",
      "RequestHeaders": {
        "x-ms-client-request-id": [
          "ddfd7fa1-428c-469e-bd70-23ce4441e17a"
        ],
        "Accept-Language": [
          "en-US"
        ],
        "User-Agent": [
          "FxVersion/4.6.27817.01",
          "OSName/Windows",
          "OSVersion/Microsoft.Windows.10.0.18362.",
          "Microsoft.Azure.Management.Sql.Fluent.SqlManagementClient/1.0.0.60",
          "MacAddressHash/5b986dbc01e2cd9262cdc8765199485ab440ab932e80985aff873a3788750edd"
        ],
        "Content-Type": [
          "application/json; charset=utf-8"
        ],
        "Content-Length": [
          "271"
        ]
      },
      "ResponseHeaders": {
        "Cache-Control": [
          "no-cache"
        ],
        "Pragma": [
          "no-cache"
        ],
        "Location": [
          "https://management.azure.com/subscriptions/1c638cf4-608f-4ee6-b680-c329e824c3a8/resourceGroups/rgsqlc16438586c3/providers/Microsoft.Sql/locations/southcentralus/virtualNetworkRulesOperationResults/9c506f11-9a1d-4c06-a6b3-56bebc708766?api-version=2015-05-01-preview"
        ],
        "Retry-After": [
          "15"
        ],
        "Azure-AsyncOperation": [
          "https://management.azure.com/subscriptions/1c638cf4-608f-4ee6-b680-c329e824c3a8/resourceGroups/rgsqlc16438586c3/providers/Microsoft.Sql/locations/southcentralus/virtualNetworkRulesAzureAsyncOperation/9c506f11-9a1d-4c06-a6b3-56bebc708766?api-version=2015-05-01-preview"
        ],
        "x-ms-request-id": [
          "9c506f11-9a1d-4c06-a6b3-56bebc708766"
        ],
        "Server": [
          "Microsoft-HTTPAPI/2.0"
        ],
        "x-ms-ratelimit-remaining-subscription-writes": [
          "1189"
        ],
        "x-ms-correlation-request-id": [
          "74de0102-fe88-4621-9820-aa9040fcc48d"
        ],
        "x-ms-routing-request-id": [
          "SOUTHEASTASIA:20190805T051442Z:74de0102-fe88-4621-9820-aa9040fcc48d"
        ],
        "Strict-Transport-Security": [
          "max-age=31536000; includeSubDomains"
        ],
        "X-Content-Type-Options": [
          "nosniff"
        ],
        "Date": [
          "Mon, 05 Aug 2019 05:14:42 GMT"
        ],
        "Content-Length": [
          "76"
        ],
        "Content-Type": [
          "application/json; charset=utf-8"
        ],
        "Expires": [
          "-1"
        ]
      },
      "ResponseBody": "{\r\n  \"operation\": \"UpsertVnetFirewallRule\",\r\n  \"startTime\": \"2019-08-05T05:14:41.45Z\"\r\n}",
      "StatusCode": 202
    },
    {
      "RequestUri": "/subscriptions/1c638cf4-608f-4ee6-b680-c329e824c3a8/resourceGroups/rgsqlc16438586c3/providers/Microsoft.Sql/locations/southcentralus/virtualNetworkRulesAzureAsyncOperation/61c95926-0e6e-42a3-a744-ae3acb37badd?api-version=2015-05-01-preview",
      "EncodedRequestUri": "L3N1YnNjcmlwdGlvbnMvMWM2MzhjZjQtNjA4Zi00ZWU2LWI2ODAtYzMyOWU4MjRjM2E4L3Jlc291cmNlR3JvdXBzL3Jnc3FsYzE2NDM4NTg2YzMvcHJvdmlkZXJzL01pY3Jvc29mdC5TcWwvbG9jYXRpb25zL3NvdXRoY2VudHJhbHVzL3ZpcnR1YWxOZXR3b3JrUnVsZXNBenVyZUFzeW5jT3BlcmF0aW9uLzYxYzk1OTI2LTBlNmUtNDJhMy1hNzQ0LWFlM2FjYjM3YmFkZD9hcGktdmVyc2lvbj0yMDE1LTA1LTAxLXByZXZpZXc=",
      "RequestMethod": "GET",
      "RequestBody": "",
      "RequestHeaders": {
        "User-Agent": [
          "FxVersion/4.6.27817.01",
          "OSName/Windows",
          "OSVersion/Microsoft.Windows.10.0.18362.",
          "Microsoft.Azure.Management.Sql.Fluent.SqlManagementClient/1.0.0.60",
          "MacAddressHash/5b986dbc01e2cd9262cdc8765199485ab440ab932e80985aff873a3788750edd"
        ]
      },
      "ResponseHeaders": {
        "Cache-Control": [
          "no-cache"
        ],
        "Pragma": [
          "no-cache"
        ],
        "Retry-After": [
          "15"
        ],
        "x-ms-request-id": [
          "cdbb040f-4482-4c16-86b7-9f2207f6baae"
        ],
        "Server": [
          "Microsoft-HTTPAPI/2.0"
        ],
        "x-ms-ratelimit-remaining-subscription-reads": [
          "11963"
        ],
        "x-ms-correlation-request-id": [
          "573635a7-51e9-4a66-952b-df929044d0ad"
        ],
        "x-ms-routing-request-id": [
          "SOUTHEASTASIA:20190805T051440Z:573635a7-51e9-4a66-952b-df929044d0ad"
        ],
        "Strict-Transport-Security": [
          "max-age=31536000; includeSubDomains"
        ],
        "X-Content-Type-Options": [
          "nosniff"
        ],
        "Date": [
          "Mon, 05 Aug 2019 05:14:39 GMT"
        ],
        "Content-Length": [
          "106"
        ],
        "Content-Type": [
          "application/json; charset=utf-8"
        ],
        "Expires": [
          "-1"
        ]
      },
      "ResponseBody": "{\r\n  \"name\": \"61c95926-0e6e-42a3-a744-ae3acb37badd\",\r\n  \"status\": \"Succeeded\",\r\n  \"startTime\": \"2019-08-05T05:14:23.17Z\"\r\n}",
      "StatusCode": 200
    },
    {
      "RequestUri": "/subscriptions/1c638cf4-608f-4ee6-b680-c329e824c3a8/resourceGroups/rgsqlc16438586c3/providers/Microsoft.Sql/servers/sqlserver43b059379/virtualNetworkRules/virtualNetworkRule2?api-version=2015-05-01-preview",
      "EncodedRequestUri": "L3N1YnNjcmlwdGlvbnMvMWM2MzhjZjQtNjA4Zi00ZWU2LWI2ODAtYzMyOWU4MjRjM2E4L3Jlc291cmNlR3JvdXBzL3Jnc3FsYzE2NDM4NTg2YzMvcHJvdmlkZXJzL01pY3Jvc29mdC5TcWwvc2VydmVycy9zcWxzZXJ2ZXI0M2IwNTkzNzkvdmlydHVhbE5ldHdvcmtSdWxlcy92aXJ0dWFsTmV0d29ya1J1bGUyP2FwaS12ZXJzaW9uPTIwMTUtMDUtMDEtcHJldmlldw==",
      "RequestMethod": "GET",
      "RequestBody": "",
      "RequestHeaders": {
        "User-Agent": [
          "FxVersion/4.6.27817.01",
          "OSName/Windows",
          "OSVersion/Microsoft.Windows.10.0.18362.",
          "Microsoft.Azure.Management.Sql.Fluent.SqlManagementClient/1.0.0.60",
          "MacAddressHash/5b986dbc01e2cd9262cdc8765199485ab440ab932e80985aff873a3788750edd"
        ]
      },
      "ResponseHeaders": {
        "Cache-Control": [
          "no-cache"
        ],
        "Pragma": [
          "no-cache"
        ],
        "x-ms-request-id": [
          "c6ed70bb-7634-4ae7-bc35-ea6ce99a505d"
        ],
        "Server": [
          "Microsoft-HTTPAPI/2.0"
        ],
        "x-ms-ratelimit-remaining-subscription-reads": [
          "11962"
        ],
        "x-ms-correlation-request-id": [
          "73e0488f-34e1-4496-aaf8-c497aa77c308"
        ],
        "x-ms-routing-request-id": [
          "SOUTHEASTASIA:20190805T051440Z:73e0488f-34e1-4496-aaf8-c497aa77c308"
        ],
        "Strict-Transport-Security": [
          "max-age=31536000; includeSubDomains"
        ],
        "X-Content-Type-Options": [
          "nosniff"
        ],
        "Date": [
          "Mon, 05 Aug 2019 05:14:40 GMT"
        ],
        "Content-Length": [
          "523"
        ],
        "Content-Type": [
          "application/json; charset=utf-8"
        ],
        "Expires": [
          "-1"
        ]
      },
      "ResponseBody": "{\r\n  \"properties\": {\r\n    \"virtualNetworkSubnetId\": \"/subscriptions/1c638cf4-608f-4ee6-b680-c329e824c3a8/resourceGroups/rgsqlc16438586c3/providers/Microsoft.Network/virtualNetworks/vnetsqlae3160819a/subnets/subnet2\",\r\n    \"ignoreMissingVnetServiceEndpoint\": true,\r\n    \"state\": \"Ready\"\r\n  },\r\n  \"id\": \"/subscriptions/1c638cf4-608f-4ee6-b680-c329e824c3a8/resourceGroups/rgsqlc16438586c3/providers/Microsoft.Sql/servers/sqlserver43b059379/virtualNetworkRules/virtualNetworkRule2\",\r\n  \"name\": \"virtualNetworkRule2\",\r\n  \"type\": \"Microsoft.Sql/servers/virtualNetworkRules\"\r\n}",
      "StatusCode": 200
    },
    {
      "RequestUri": "/subscriptions/1c638cf4-608f-4ee6-b680-c329e824c3a8/resourceGroups/rgsqlc16438586c3/providers/Microsoft.Sql/servers/sqlserver43b059379/virtualNetworkRules/virtualNetworkRule2?api-version=2015-05-01-preview",
      "EncodedRequestUri": "L3N1YnNjcmlwdGlvbnMvMWM2MzhjZjQtNjA4Zi00ZWU2LWI2ODAtYzMyOWU4MjRjM2E4L3Jlc291cmNlR3JvdXBzL3Jnc3FsYzE2NDM4NTg2YzMvcHJvdmlkZXJzL01pY3Jvc29mdC5TcWwvc2VydmVycy9zcWxzZXJ2ZXI0M2IwNTkzNzkvdmlydHVhbE5ldHdvcmtSdWxlcy92aXJ0dWFsTmV0d29ya1J1bGUyP2FwaS12ZXJzaW9uPTIwMTUtMDUtMDEtcHJldmlldw==",
      "RequestMethod": "GET",
      "RequestBody": "",
      "RequestHeaders": {
        "User-Agent": [
          "FxVersion/4.6.27817.01",
          "OSName/Windows",
          "OSVersion/Microsoft.Windows.10.0.18362.",
          "Microsoft.Azure.Management.Sql.Fluent.SqlManagementClient/1.0.0.60",
          "MacAddressHash/5b986dbc01e2cd9262cdc8765199485ab440ab932e80985aff873a3788750edd"
        ]
      },
      "ResponseHeaders": {
        "Cache-Control": [
          "no-cache"
        ],
        "Pragma": [
          "no-cache"
        ],
        "x-ms-request-id": [
          "ba951817-9d47-4ef2-9d7f-fad365892230"
        ],
        "Server": [
          "Microsoft-HTTPAPI/2.0"
        ],
        "x-ms-ratelimit-remaining-subscription-reads": [
          "11960"
        ],
        "x-ms-correlation-request-id": [
          "c8d6fc96-5eaf-48c3-9d18-260180df2cb8"
        ],
        "x-ms-routing-request-id": [
          "SOUTHEASTASIA:20190805T051458Z:c8d6fc96-5eaf-48c3-9d18-260180df2cb8"
        ],
        "Strict-Transport-Security": [
          "max-age=31536000; includeSubDomains"
        ],
        "X-Content-Type-Options": [
          "nosniff"
        ],
        "Date": [
          "Mon, 05 Aug 2019 05:14:57 GMT"
        ],
        "Content-Length": [
          "524"
        ],
        "Content-Type": [
          "application/json; charset=utf-8"
        ],
        "Expires": [
          "-1"
        ]
      },
      "ResponseBody": "{\r\n  \"properties\": {\r\n    \"virtualNetworkSubnetId\": \"/subscriptions/1c638cf4-608f-4ee6-b680-c329e824c3a8/resourceGroups/rgsqlc16438586c3/providers/Microsoft.Network/virtualNetworks/vnetsqlae3160819a/subnets/subnet1\",\r\n    \"ignoreMissingVnetServiceEndpoint\": false,\r\n    \"state\": \"Ready\"\r\n  },\r\n  \"id\": \"/subscriptions/1c638cf4-608f-4ee6-b680-c329e824c3a8/resourceGroups/rgsqlc16438586c3/providers/Microsoft.Sql/servers/sqlserver43b059379/virtualNetworkRules/virtualNetworkRule2\",\r\n  \"name\": \"virtualNetworkRule2\",\r\n  \"type\": \"Microsoft.Sql/servers/virtualNetworkRules\"\r\n}",
      "StatusCode": 200
    },
    {
      "RequestUri": "/subscriptions/1c638cf4-608f-4ee6-b680-c329e824c3a8/resourceGroups/rgsqlc16438586c3/providers/Microsoft.Sql/locations/southcentralus/virtualNetworkRulesAzureAsyncOperation/9c506f11-9a1d-4c06-a6b3-56bebc708766?api-version=2015-05-01-preview",
      "EncodedRequestUri": "L3N1YnNjcmlwdGlvbnMvMWM2MzhjZjQtNjA4Zi00ZWU2LWI2ODAtYzMyOWU4MjRjM2E4L3Jlc291cmNlR3JvdXBzL3Jnc3FsYzE2NDM4NTg2YzMvcHJvdmlkZXJzL01pY3Jvc29mdC5TcWwvbG9jYXRpb25zL3NvdXRoY2VudHJhbHVzL3ZpcnR1YWxOZXR3b3JrUnVsZXNBenVyZUFzeW5jT3BlcmF0aW9uLzljNTA2ZjExLTlhMWQtNGMwNi1hNmIzLTU2YmViYzcwODc2Nj9hcGktdmVyc2lvbj0yMDE1LTA1LTAxLXByZXZpZXc=",
      "RequestMethod": "GET",
      "RequestBody": "",
      "RequestHeaders": {
        "User-Agent": [
          "FxVersion/4.6.27817.01",
          "OSName/Windows",
          "OSVersion/Microsoft.Windows.10.0.18362.",
          "Microsoft.Azure.Management.Sql.Fluent.SqlManagementClient/1.0.0.60",
          "MacAddressHash/5b986dbc01e2cd9262cdc8765199485ab440ab932e80985aff873a3788750edd"
        ]
      },
      "ResponseHeaders": {
        "Cache-Control": [
          "no-cache"
        ],
        "Pragma": [
          "no-cache"
        ],
        "Retry-After": [
          "15"
        ],
        "x-ms-request-id": [
          "d0e6fcac-eac5-4ea5-8225-096daf5fdb5d"
        ],
        "Server": [
          "Microsoft-HTTPAPI/2.0"
        ],
        "x-ms-ratelimit-remaining-subscription-reads": [
          "11961"
        ],
        "x-ms-correlation-request-id": [
          "10950834-8132-4549-b2a9-db5b363b6dde"
        ],
        "x-ms-routing-request-id": [
          "SOUTHEASTASIA:20190805T051457Z:10950834-8132-4549-b2a9-db5b363b6dde"
        ],
        "Strict-Transport-Security": [
          "max-age=31536000; includeSubDomains"
        ],
        "X-Content-Type-Options": [
          "nosniff"
        ],
        "Date": [
          "Mon, 05 Aug 2019 05:14:57 GMT"
        ],
        "Content-Length": [
          "106"
        ],
        "Content-Type": [
          "application/json; charset=utf-8"
        ],
        "Expires": [
          "-1"
        ]
      },
      "ResponseBody": "{\r\n  \"name\": \"9c506f11-9a1d-4c06-a6b3-56bebc708766\",\r\n  \"status\": \"Succeeded\",\r\n  \"startTime\": \"2019-08-05T05:14:41.45Z\"\r\n}",
      "StatusCode": 200
    },
    {
      "RequestUri": "/subscriptions/1c638cf4-608f-4ee6-b680-c329e824c3a8/resourceGroups/rgsqlc16438586c3/providers/Microsoft.Sql/servers/sqlserver43b059379/virtualNetworkRules?api-version=2015-05-01-preview",
      "EncodedRequestUri": "L3N1YnNjcmlwdGlvbnMvMWM2MzhjZjQtNjA4Zi00ZWU2LWI2ODAtYzMyOWU4MjRjM2E4L3Jlc291cmNlR3JvdXBzL3Jnc3FsYzE2NDM4NTg2YzMvcHJvdmlkZXJzL01pY3Jvc29mdC5TcWwvc2VydmVycy9zcWxzZXJ2ZXI0M2IwNTkzNzkvdmlydHVhbE5ldHdvcmtSdWxlcz9hcGktdmVyc2lvbj0yMDE1LTA1LTAxLXByZXZpZXc=",
      "RequestMethod": "GET",
      "RequestBody": "",
      "RequestHeaders": {
        "x-ms-client-request-id": [
          "be4da558-67a5-4330-8a04-459a80fb18fc"
        ],
        "Accept-Language": [
          "en-US"
        ],
        "User-Agent": [
          "FxVersion/4.6.27817.01",
          "OSName/Windows",
          "OSVersion/Microsoft.Windows.10.0.18362.",
          "Microsoft.Azure.Management.Sql.Fluent.SqlManagementClient/1.0.0.60",
          "MacAddressHash/5b986dbc01e2cd9262cdc8765199485ab440ab932e80985aff873a3788750edd"
        ]
      },
      "ResponseHeaders": {
        "Cache-Control": [
          "no-cache"
        ],
        "Pragma": [
          "no-cache"
        ],
        "x-ms-request-id": [
          "d4f202bf-dff3-4b2f-9a30-960b5ca6664b"
        ],
        "Server": [
          "Microsoft-HTTPAPI/2.0"
        ],
        "x-ms-ratelimit-remaining-subscription-reads": [
          "11959"
        ],
        "x-ms-correlation-request-id": [
          "5afd5595-9ba2-44a1-8270-71cdcf29420a"
        ],
        "x-ms-routing-request-id": [
          "SOUTHEASTASIA:20190805T051459Z:5afd5595-9ba2-44a1-8270-71cdcf29420a"
        ],
        "Strict-Transport-Security": [
          "max-age=31536000; includeSubDomains"
        ],
        "X-Content-Type-Options": [
          "nosniff"
        ],
        "Date": [
          "Mon, 05 Aug 2019 05:14:58 GMT"
        ],
        "Content-Length": [
          "1061"
        ],
        "Content-Type": [
          "application/json; charset=utf-8"
        ],
        "Expires": [
          "-1"
        ]
      },
      "ResponseBody": "{\r\n  \"value\": [\r\n    {\r\n      \"properties\": {\r\n        \"virtualNetworkSubnetId\": \"/subscriptions/1c638cf4-608f-4ee6-b680-c329e824c3a8/resourceGroups/rgsqlc16438586c3/providers/Microsoft.Network/virtualNetworks/vnetsqlae3160819a/subnets/subnet1\",\r\n        \"ignoreMissingVnetServiceEndpoint\": false,\r\n        \"state\": \"Ready\"\r\n      },\r\n      \"id\": \"/subscriptions/1c638cf4-608f-4ee6-b680-c329e824c3a8/resourceGroups/rgsqlc16438586c3/providers/Microsoft.Sql/servers/sqlserver43b059379/virtualNetworkRules/virtualNetworkRule1\",\r\n      \"name\": \"virtualNetworkRule1\",\r\n      \"type\": \"Microsoft.Sql/servers/virtualNetworkRules\"\r\n    },\r\n    {\r\n      \"properties\": {\r\n        \"virtualNetworkSubnetId\": \"/subscriptions/1c638cf4-608f-4ee6-b680-c329e824c3a8/resourceGroups/rgsqlc16438586c3/providers/Microsoft.Network/virtualNetworks/vnetsqlae3160819a/subnets/subnet1\",\r\n        \"ignoreMissingVnetServiceEndpoint\": false,\r\n        \"state\": \"Ready\"\r\n      },\r\n      \"id\": \"/subscriptions/1c638cf4-608f-4ee6-b680-c329e824c3a8/resourceGroups/rgsqlc16438586c3/providers/Microsoft.Sql/servers/sqlserver43b059379/virtualNetworkRules/virtualNetworkRule2\",\r\n      \"name\": \"virtualNetworkRule2\",\r\n      \"type\": \"Microsoft.Sql/servers/virtualNetworkRules\"\r\n    }\r\n  ]\r\n}",
      "StatusCode": 200
    },
    {
      "RequestUri": "/subscriptions/1c638cf4-608f-4ee6-b680-c329e824c3a8/resourceGroups/rgsqlc16438586c3/providers/Microsoft.Sql/servers/sqlserver43b059379/virtualNetworkRules/virtualNetworkRule1?api-version=2015-05-01-preview",
      "EncodedRequestUri": "L3N1YnNjcmlwdGlvbnMvMWM2MzhjZjQtNjA4Zi00ZWU2LWI2ODAtYzMyOWU4MjRjM2E4L3Jlc291cmNlR3JvdXBzL3Jnc3FsYzE2NDM4NTg2YzMvcHJvdmlkZXJzL01pY3Jvc29mdC5TcWwvc2VydmVycy9zcWxzZXJ2ZXI0M2IwNTkzNzkvdmlydHVhbE5ldHdvcmtSdWxlcy92aXJ0dWFsTmV0d29ya1J1bGUxP2FwaS12ZXJzaW9uPTIwMTUtMDUtMDEtcHJldmlldw==",
      "RequestMethod": "DELETE",
      "RequestBody": "",
      "RequestHeaders": {
        "x-ms-client-request-id": [
          "00eafc29-b67a-448f-949e-daf3708ed794"
        ],
        "Accept-Language": [
          "en-US"
        ],
        "User-Agent": [
          "FxVersion/4.6.27817.01",
          "OSName/Windows",
          "OSVersion/Microsoft.Windows.10.0.18362.",
          "Microsoft.Azure.Management.Sql.Fluent.SqlManagementClient/1.0.0.60",
          "MacAddressHash/5b986dbc01e2cd9262cdc8765199485ab440ab932e80985aff873a3788750edd"
        ]
      },
      "ResponseHeaders": {
        "Cache-Control": [
          "no-cache"
        ],
        "Pragma": [
          "no-cache"
        ],
        "Location": [
          "https://management.azure.com/subscriptions/1c638cf4-608f-4ee6-b680-c329e824c3a8/resourceGroups/rgsqlc16438586c3/providers/Microsoft.Sql/locations/southcentralus/virtualNetworkRulesOperationResults/bdc2ca85-ab56-4783-b95d-9b94ea34ec45?api-version=2015-05-01-preview"
        ],
        "Retry-After": [
          "15"
        ],
        "Azure-AsyncOperation": [
          "https://management.azure.com/subscriptions/1c638cf4-608f-4ee6-b680-c329e824c3a8/resourceGroups/rgsqlc16438586c3/providers/Microsoft.Sql/locations/southcentralus/virtualNetworkRulesAzureAsyncOperation/bdc2ca85-ab56-4783-b95d-9b94ea34ec45?api-version=2015-05-01-preview"
        ],
        "x-ms-request-id": [
          "bdc2ca85-ab56-4783-b95d-9b94ea34ec45"
        ],
        "Server": [
          "Microsoft-HTTPAPI/2.0"
        ],
        "x-ms-ratelimit-remaining-subscription-deletes": [
          "14997"
        ],
        "x-ms-correlation-request-id": [
          "3d9f24bc-07a6-4154-aed0-c5ce9b453682"
        ],
        "x-ms-routing-request-id": [
          "SOUTHEASTASIA:20190805T051500Z:3d9f24bc-07a6-4154-aed0-c5ce9b453682"
        ],
        "Strict-Transport-Security": [
          "max-age=31536000; includeSubDomains"
        ],
        "X-Content-Type-Options": [
          "nosniff"
        ],
        "Date": [
          "Mon, 05 Aug 2019 05:14:59 GMT"
        ],
        "Content-Length": [
          "75"
        ],
        "Content-Type": [
          "application/json; charset=utf-8"
        ],
        "Expires": [
          "-1"
        ]
      },
      "ResponseBody": "{\r\n  \"operation\": \"DropVnetFirewallRule\",\r\n  \"startTime\": \"2019-08-05T05:14:59.293Z\"\r\n}",
      "StatusCode": 202
    },
    {
      "RequestUri": "/subscriptions/1c638cf4-608f-4ee6-b680-c329e824c3a8/resourceGroups/rgsqlc16438586c3/providers/Microsoft.Sql/locations/southcentralus/virtualNetworkRulesAzureAsyncOperation/bdc2ca85-ab56-4783-b95d-9b94ea34ec45?api-version=2015-05-01-preview",
      "EncodedRequestUri": "L3N1YnNjcmlwdGlvbnMvMWM2MzhjZjQtNjA4Zi00ZWU2LWI2ODAtYzMyOWU4MjRjM2E4L3Jlc291cmNlR3JvdXBzL3Jnc3FsYzE2NDM4NTg2YzMvcHJvdmlkZXJzL01pY3Jvc29mdC5TcWwvbG9jYXRpb25zL3NvdXRoY2VudHJhbHVzL3ZpcnR1YWxOZXR3b3JrUnVsZXNBenVyZUFzeW5jT3BlcmF0aW9uL2JkYzJjYTg1LWFiNTYtNDc4My1iOTVkLTliOTRlYTM0ZWM0NT9hcGktdmVyc2lvbj0yMDE1LTA1LTAxLXByZXZpZXc=",
      "RequestMethod": "GET",
      "RequestBody": "",
      "RequestHeaders": {
        "User-Agent": [
          "FxVersion/4.6.27817.01",
          "OSName/Windows",
          "OSVersion/Microsoft.Windows.10.0.18362.",
          "Microsoft.Azure.Management.Sql.Fluent.SqlManagementClient/1.0.0.60",
          "MacAddressHash/5b986dbc01e2cd9262cdc8765199485ab440ab932e80985aff873a3788750edd"
        ]
      },
      "ResponseHeaders": {
        "Cache-Control": [
          "no-cache"
        ],
        "Pragma": [
          "no-cache"
        ],
        "Retry-After": [
          "15"
        ],
        "x-ms-request-id": [
          "e56390e3-52ba-49b0-8169-b79bf4d1eafe"
        ],
        "Server": [
          "Microsoft-HTTPAPI/2.0"
        ],
        "x-ms-ratelimit-remaining-subscription-reads": [
          "11958"
        ],
        "x-ms-correlation-request-id": [
          "98d660c1-bf6e-4c19-8a2c-051aa9c4c1a0"
        ],
        "x-ms-routing-request-id": [
          "SOUTHEASTASIA:20190805T051515Z:98d660c1-bf6e-4c19-8a2c-051aa9c4c1a0"
        ],
        "Strict-Transport-Security": [
          "max-age=31536000; includeSubDomains"
        ],
        "X-Content-Type-Options": [
          "nosniff"
        ],
        "Date": [
          "Mon, 05 Aug 2019 05:15:14 GMT"
        ],
        "Content-Length": [
          "107"
        ],
        "Content-Type": [
          "application/json; charset=utf-8"
        ],
        "Expires": [
          "-1"
        ]
      },
      "ResponseBody": "{\r\n  \"name\": \"bdc2ca85-ab56-4783-b95d-9b94ea34ec45\",\r\n  \"status\": \"Succeeded\",\r\n  \"startTime\": \"2019-08-05T05:14:59.293Z\"\r\n}",
      "StatusCode": 200
    },
    {
      "RequestUri": "/subscriptions/1c638cf4-608f-4ee6-b680-c329e824c3a8/resourceGroups/rgsqlc16438586c3/providers/Microsoft.Sql/locations/southcentralus/virtualNetworkRulesOperationResults/bdc2ca85-ab56-4783-b95d-9b94ea34ec45?api-version=2015-05-01-preview",
      "EncodedRequestUri": "L3N1YnNjcmlwdGlvbnMvMWM2MzhjZjQtNjA4Zi00ZWU2LWI2ODAtYzMyOWU4MjRjM2E4L3Jlc291cmNlR3JvdXBzL3Jnc3FsYzE2NDM4NTg2YzMvcHJvdmlkZXJzL01pY3Jvc29mdC5TcWwvbG9jYXRpb25zL3NvdXRoY2VudHJhbHVzL3ZpcnR1YWxOZXR3b3JrUnVsZXNPcGVyYXRpb25SZXN1bHRzL2JkYzJjYTg1LWFiNTYtNDc4My1iOTVkLTliOTRlYTM0ZWM0NT9hcGktdmVyc2lvbj0yMDE1LTA1LTAxLXByZXZpZXc=",
      "RequestMethod": "GET",
      "RequestBody": "",
      "RequestHeaders": {
        "User-Agent": [
          "FxVersion/4.6.27817.01",
          "OSName/Windows",
          "OSVersion/Microsoft.Windows.10.0.18362.",
          "Microsoft.Azure.Management.Sql.Fluent.SqlManagementClient/1.0.0.60",
          "MacAddressHash/5b986dbc01e2cd9262cdc8765199485ab440ab932e80985aff873a3788750edd"
        ]
      },
      "ResponseHeaders": {
        "Cache-Control": [
          "no-cache"
        ],
        "Pragma": [
          "no-cache"
        ],
        "x-ms-request-id": [
          "89596471-2775-4d0a-91fe-2b0094f66834"
        ],
        "Server": [
          "Microsoft-HTTPAPI/2.0"
        ],
        "x-ms-ratelimit-remaining-subscription-reads": [
          "11957"
        ],
        "x-ms-correlation-request-id": [
          "8e4c1cce-f309-4167-b8d0-dfb6e8c110ae"
        ],
        "x-ms-routing-request-id": [
          "SOUTHEASTASIA:20190805T051516Z:8e4c1cce-f309-4167-b8d0-dfb6e8c110ae"
        ],
        "Strict-Transport-Security": [
          "max-age=31536000; includeSubDomains"
        ],
        "X-Content-Type-Options": [
          "nosniff"
        ],
        "Date": [
          "Mon, 05 Aug 2019 05:15:16 GMT"
        ],
        "Expires": [
          "-1"
        ],
        "Content-Length": [
          "0"
        ]
      },
      "ResponseBody": "",
      "StatusCode": 200
    },
    {
      "RequestUri": "/subscriptions/1c638cf4-608f-4ee6-b680-c329e824c3a8/resourceGroups/rgsqlc16438586c3/providers/Microsoft.Sql/servers/sqlserver43b059379/virtualNetworkRules/virtualNetworkRule2?api-version=2015-05-01-preview",
      "EncodedRequestUri": "L3N1YnNjcmlwdGlvbnMvMWM2MzhjZjQtNjA4Zi00ZWU2LWI2ODAtYzMyOWU4MjRjM2E4L3Jlc291cmNlR3JvdXBzL3Jnc3FsYzE2NDM4NTg2YzMvcHJvdmlkZXJzL01pY3Jvc29mdC5TcWwvc2VydmVycy9zcWxzZXJ2ZXI0M2IwNTkzNzkvdmlydHVhbE5ldHdvcmtSdWxlcy92aXJ0dWFsTmV0d29ya1J1bGUyP2FwaS12ZXJzaW9uPTIwMTUtMDUtMDEtcHJldmlldw==",
      "RequestMethod": "DELETE",
      "RequestBody": "",
      "RequestHeaders": {
        "x-ms-client-request-id": [
          "29ca2328-4460-409e-8c6b-7622303bcdc9"
        ],
        "Accept-Language": [
          "en-US"
        ],
        "User-Agent": [
          "FxVersion/4.6.27817.01",
          "OSName/Windows",
          "OSVersion/Microsoft.Windows.10.0.18362.",
          "Microsoft.Azure.Management.Sql.Fluent.SqlManagementClient/1.0.0.60",
          "MacAddressHash/5b986dbc01e2cd9262cdc8765199485ab440ab932e80985aff873a3788750edd"
        ]
      },
      "ResponseHeaders": {
        "Cache-Control": [
          "no-cache"
        ],
        "Pragma": [
          "no-cache"
        ],
        "Location": [
          "https://management.azure.com/subscriptions/1c638cf4-608f-4ee6-b680-c329e824c3a8/resourceGroups/rgsqlc16438586c3/providers/Microsoft.Sql/locations/southcentralus/virtualNetworkRulesOperationResults/9c306257-a8db-4d73-9712-7aebda9ba21b?api-version=2015-05-01-preview"
        ],
        "Retry-After": [
          "15"
        ],
        "Azure-AsyncOperation": [
          "https://management.azure.com/subscriptions/1c638cf4-608f-4ee6-b680-c329e824c3a8/resourceGroups/rgsqlc16438586c3/providers/Microsoft.Sql/locations/southcentralus/virtualNetworkRulesAzureAsyncOperation/9c306257-a8db-4d73-9712-7aebda9ba21b?api-version=2015-05-01-preview"
        ],
        "x-ms-request-id": [
          "9c306257-a8db-4d73-9712-7aebda9ba21b"
        ],
        "Server": [
          "Microsoft-HTTPAPI/2.0"
        ],
        "x-ms-ratelimit-remaining-subscription-deletes": [
          "14996"
        ],
        "x-ms-correlation-request-id": [
          "35a9c000-d926-454d-847e-11116902bb42"
        ],
        "x-ms-routing-request-id": [
          "SOUTHEASTASIA:20190805T051517Z:35a9c000-d926-454d-847e-11116902bb42"
        ],
        "Strict-Transport-Security": [
          "max-age=31536000; includeSubDomains"
        ],
        "X-Content-Type-Options": [
          "nosniff"
        ],
        "Date": [
          "Mon, 05 Aug 2019 05:15:17 GMT"
        ],
        "Content-Length": [
          "74"
        ],
        "Content-Type": [
          "application/json; charset=utf-8"
        ],
        "Expires": [
          "-1"
        ]
      },
      "ResponseBody": "{\r\n  \"operation\": \"DropVnetFirewallRule\",\r\n  \"startTime\": \"2019-08-05T05:15:16.48Z\"\r\n}",
      "StatusCode": 202
    },
    {
      "RequestUri": "/subscriptions/1c638cf4-608f-4ee6-b680-c329e824c3a8/resourceGroups/rgsqlc16438586c3/providers/Microsoft.Sql/locations/southcentralus/virtualNetworkRulesAzureAsyncOperation/9c306257-a8db-4d73-9712-7aebda9ba21b?api-version=2015-05-01-preview",
      "EncodedRequestUri": "L3N1YnNjcmlwdGlvbnMvMWM2MzhjZjQtNjA4Zi00ZWU2LWI2ODAtYzMyOWU4MjRjM2E4L3Jlc291cmNlR3JvdXBzL3Jnc3FsYzE2NDM4NTg2YzMvcHJvdmlkZXJzL01pY3Jvc29mdC5TcWwvbG9jYXRpb25zL3NvdXRoY2VudHJhbHVzL3ZpcnR1YWxOZXR3b3JrUnVsZXNBenVyZUFzeW5jT3BlcmF0aW9uLzljMzA2MjU3LWE4ZGItNGQ3My05NzEyLTdhZWJkYTliYTIxYj9hcGktdmVyc2lvbj0yMDE1LTA1LTAxLXByZXZpZXc=",
      "RequestMethod": "GET",
      "RequestBody": "",
      "RequestHeaders": {
        "User-Agent": [
          "FxVersion/4.6.27817.01",
          "OSName/Windows",
          "OSVersion/Microsoft.Windows.10.0.18362.",
          "Microsoft.Azure.Management.Sql.Fluent.SqlManagementClient/1.0.0.60",
          "MacAddressHash/5b986dbc01e2cd9262cdc8765199485ab440ab932e80985aff873a3788750edd"
        ]
      },
      "ResponseHeaders": {
        "Cache-Control": [
          "no-cache"
        ],
        "Pragma": [
          "no-cache"
        ],
        "Retry-After": [
          "15"
        ],
        "x-ms-request-id": [
          "49602af2-a6bf-4afc-8c3f-03bad59cd666"
        ],
        "Server": [
          "Microsoft-HTTPAPI/2.0"
        ],
        "x-ms-ratelimit-remaining-subscription-reads": [
          "11956"
        ],
        "x-ms-correlation-request-id": [
          "afe6ee05-8320-42ce-aa56-befea6da14ab"
        ],
        "x-ms-routing-request-id": [
          "SOUTHEASTASIA:20190805T051532Z:afe6ee05-8320-42ce-aa56-befea6da14ab"
        ],
        "Strict-Transport-Security": [
          "max-age=31536000; includeSubDomains"
        ],
        "X-Content-Type-Options": [
          "nosniff"
        ],
        "Date": [
          "Mon, 05 Aug 2019 05:15:32 GMT"
        ],
        "Content-Length": [
          "106"
        ],
        "Content-Type": [
          "application/json; charset=utf-8"
        ],
        "Expires": [
          "-1"
        ]
      },
      "ResponseBody": "{\r\n  \"name\": \"9c306257-a8db-4d73-9712-7aebda9ba21b\",\r\n  \"status\": \"Succeeded\",\r\n  \"startTime\": \"2019-08-05T05:15:16.48Z\"\r\n}",
      "StatusCode": 200
    },
    {
      "RequestUri": "/subscriptions/1c638cf4-608f-4ee6-b680-c329e824c3a8/resourceGroups/rgsqlc16438586c3/providers/Microsoft.Sql/locations/southcentralus/virtualNetworkRulesOperationResults/9c306257-a8db-4d73-9712-7aebda9ba21b?api-version=2015-05-01-preview",
      "EncodedRequestUri": "L3N1YnNjcmlwdGlvbnMvMWM2MzhjZjQtNjA4Zi00ZWU2LWI2ODAtYzMyOWU4MjRjM2E4L3Jlc291cmNlR3JvdXBzL3Jnc3FsYzE2NDM4NTg2YzMvcHJvdmlkZXJzL01pY3Jvc29mdC5TcWwvbG9jYXRpb25zL3NvdXRoY2VudHJhbHVzL3ZpcnR1YWxOZXR3b3JrUnVsZXNPcGVyYXRpb25SZXN1bHRzLzljMzA2MjU3LWE4ZGItNGQ3My05NzEyLTdhZWJkYTliYTIxYj9hcGktdmVyc2lvbj0yMDE1LTA1LTAxLXByZXZpZXc=",
      "RequestMethod": "GET",
      "RequestBody": "",
      "RequestHeaders": {
        "User-Agent": [
          "FxVersion/4.6.27817.01",
          "OSName/Windows",
          "OSVersion/Microsoft.Windows.10.0.18362.",
          "Microsoft.Azure.Management.Sql.Fluent.SqlManagementClient/1.0.0.60",
          "MacAddressHash/5b986dbc01e2cd9262cdc8765199485ab440ab932e80985aff873a3788750edd"
        ]
      },
      "ResponseHeaders": {
        "Cache-Control": [
          "no-cache"
        ],
        "Pragma": [
          "no-cache"
        ],
        "x-ms-request-id": [
          "8b2b5094-b3c0-441e-ae54-c271b3f942d2"
        ],
        "Server": [
          "Microsoft-HTTPAPI/2.0"
        ],
        "x-ms-ratelimit-remaining-subscription-reads": [
          "11955"
        ],
        "x-ms-correlation-request-id": [
          "792e0467-ee40-45eb-8c0a-cc547c319302"
        ],
        "x-ms-routing-request-id": [
          "SOUTHEASTASIA:20190805T051533Z:792e0467-ee40-45eb-8c0a-cc547c319302"
        ],
        "Strict-Transport-Security": [
          "max-age=31536000; includeSubDomains"
        ],
        "X-Content-Type-Options": [
          "nosniff"
        ],
        "Date": [
          "Mon, 05 Aug 2019 05:15:33 GMT"
        ],
        "Expires": [
          "-1"
        ],
        "Content-Length": [
          "0"
        ]
      },
      "ResponseBody": "",
      "StatusCode": 200
    },
    {
      "RequestUri": "/subscriptions/1c638cf4-608f-4ee6-b680-c329e824c3a8/resourceGroups/rgsqlc16438586c3/providers/Microsoft.Sql/servers/sqlserver43b059379?api-version=2015-05-01-preview",
      "EncodedRequestUri": "L3N1YnNjcmlwdGlvbnMvMWM2MzhjZjQtNjA4Zi00ZWU2LWI2ODAtYzMyOWU4MjRjM2E4L3Jlc291cmNlR3JvdXBzL3Jnc3FsYzE2NDM4NTg2YzMvcHJvdmlkZXJzL01pY3Jvc29mdC5TcWwvc2VydmVycy9zcWxzZXJ2ZXI0M2IwNTkzNzk/YXBpLXZlcnNpb249MjAxNS0wNS0wMS1wcmV2aWV3",
      "RequestMethod": "DELETE",
      "RequestBody": "",
      "RequestHeaders": {
        "x-ms-client-request-id": [
          "fef3251a-6834-412b-b9a2-f08c2c043b49"
        ],
        "Accept-Language": [
          "en-US"
        ],
        "User-Agent": [
          "FxVersion/4.6.27817.01",
          "OSName/Windows",
          "OSVersion/Microsoft.Windows.10.0.18362.",
          "Microsoft.Azure.Management.Sql.Fluent.SqlManagementClient/1.0.0.60",
          "MacAddressHash/5b986dbc01e2cd9262cdc8765199485ab440ab932e80985aff873a3788750edd"
        ]
      },
      "ResponseHeaders": {
        "Cache-Control": [
          "no-cache"
        ],
        "Pragma": [
          "no-cache"
        ],
        "Location": [
          "https://management.azure.com/subscriptions/1c638cf4-608f-4ee6-b680-c329e824c3a8/resourceGroups/rgsqlc16438586c3/providers/Microsoft.Sql/locations/southcentralus/serverOperationResults/6f6ee4f7-15b4-4d70-af27-c917750b9e89?api-version=2015-05-01-preview"
        ],
        "Retry-After": [
          "15"
        ],
        "Azure-AsyncOperation": [
          "https://management.azure.com/subscriptions/1c638cf4-608f-4ee6-b680-c329e824c3a8/resourceGroups/rgsqlc16438586c3/providers/Microsoft.Sql/locations/southcentralus/serverAzureAsyncOperation/6f6ee4f7-15b4-4d70-af27-c917750b9e89?api-version=2015-05-01-preview"
        ],
        "x-ms-request-id": [
          "6f6ee4f7-15b4-4d70-af27-c917750b9e89"
        ],
        "Server": [
          "Microsoft-HTTPAPI/2.0"
        ],
        "x-ms-ratelimit-remaining-subscription-deletes": [
          "14995"
        ],
        "x-ms-correlation-request-id": [
          "98a892c6-4100-4d94-b41a-bee85b2c6bd5"
        ],
        "x-ms-routing-request-id": [
          "SOUTHEASTASIA:20190805T051534Z:98a892c6-4100-4d94-b41a-bee85b2c6bd5"
        ],
        "Strict-Transport-Security": [
          "max-age=31536000; includeSubDomains"
        ],
        "X-Content-Type-Options": [
          "nosniff"
        ],
        "Date": [
          "Mon, 05 Aug 2019 05:15:34 GMT"
        ],
        "Content-Length": [
          "72"
        ],
        "Content-Type": [
          "application/json; charset=utf-8"
        ],
        "Expires": [
          "-1"
        ]
      },
      "ResponseBody": "{\r\n  \"operation\": \"DropLogicalServer\",\r\n  \"startTime\": \"2019-08-05T05:15:34.307Z\"\r\n}",
      "StatusCode": 202
    },
    {
      "RequestUri": "/subscriptions/1c638cf4-608f-4ee6-b680-c329e824c3a8/resourceGroups/rgsqlc16438586c3/providers/Microsoft.Sql/locations/southcentralus/serverAzureAsyncOperation/6f6ee4f7-15b4-4d70-af27-c917750b9e89?api-version=2015-05-01-preview",
      "EncodedRequestUri": "L3N1YnNjcmlwdGlvbnMvMWM2MzhjZjQtNjA4Zi00ZWU2LWI2ODAtYzMyOWU4MjRjM2E4L3Jlc291cmNlR3JvdXBzL3Jnc3FsYzE2NDM4NTg2YzMvcHJvdmlkZXJzL01pY3Jvc29mdC5TcWwvbG9jYXRpb25zL3NvdXRoY2VudHJhbHVzL3NlcnZlckF6dXJlQXN5bmNPcGVyYXRpb24vNmY2ZWU0ZjctMTViNC00ZDcwLWFmMjctYzkxNzc1MGI5ZTg5P2FwaS12ZXJzaW9uPTIwMTUtMDUtMDEtcHJldmlldw==",
      "RequestMethod": "GET",
      "RequestBody": "",
      "RequestHeaders": {
        "User-Agent": [
          "FxVersion/4.6.27817.01",
          "OSName/Windows",
          "OSVersion/Microsoft.Windows.10.0.18362.",
          "Microsoft.Azure.Management.Sql.Fluent.SqlManagementClient/1.0.0.60",
          "MacAddressHash/5b986dbc01e2cd9262cdc8765199485ab440ab932e80985aff873a3788750edd"
        ]
      },
      "ResponseHeaders": {
        "Cache-Control": [
          "no-cache"
        ],
        "Pragma": [
          "no-cache"
        ],
        "Retry-After": [
          "15"
        ],
        "x-ms-request-id": [
          "44ac2491-bfb1-4b23-9138-b914c5d5e824"
        ],
        "x-ms-ratelimit-remaining-subscription-reads": [
          "11954"
        ],
        "Server": [
          "Microsoft-HTTPAPI/2.0"
        ],
        "x-ms-correlation-request-id": [
          "40de5693-7abc-4408-829c-392ae7338c0d"
        ],
        "x-ms-routing-request-id": [
          "SOUTHEASTASIA:20190805T051549Z:40de5693-7abc-4408-829c-392ae7338c0d"
        ],
        "Strict-Transport-Security": [
          "max-age=31536000; includeSubDomains"
        ],
        "X-Content-Type-Options": [
          "nosniff"
        ],
        "Date": [
          "Mon, 05 Aug 2019 05:15:49 GMT"
        ],
        "Content-Length": [
          "107"
        ],
        "Content-Type": [
          "application/json; charset=utf-8"
        ],
        "Expires": [
          "-1"
        ]
      },
      "ResponseBody": "{\r\n  \"name\": \"6f6ee4f7-15b4-4d70-af27-c917750b9e89\",\r\n  \"status\": \"Succeeded\",\r\n  \"startTime\": \"2019-08-05T05:15:34.307Z\"\r\n}",
      "StatusCode": 200
    },
    {
      "RequestUri": "/subscriptions/1c638cf4-608f-4ee6-b680-c329e824c3a8/resourceGroups/rgsqlc16438586c3/providers/Microsoft.Sql/locations/southcentralus/serverOperationResults/6f6ee4f7-15b4-4d70-af27-c917750b9e89?api-version=2015-05-01-preview",
      "EncodedRequestUri": "L3N1YnNjcmlwdGlvbnMvMWM2MzhjZjQtNjA4Zi00ZWU2LWI2ODAtYzMyOWU4MjRjM2E4L3Jlc291cmNlR3JvdXBzL3Jnc3FsYzE2NDM4NTg2YzMvcHJvdmlkZXJzL01pY3Jvc29mdC5TcWwvbG9jYXRpb25zL3NvdXRoY2VudHJhbHVzL3NlcnZlck9wZXJhdGlvblJlc3VsdHMvNmY2ZWU0ZjctMTViNC00ZDcwLWFmMjctYzkxNzc1MGI5ZTg5P2FwaS12ZXJzaW9uPTIwMTUtMDUtMDEtcHJldmlldw==",
      "RequestMethod": "GET",
      "RequestBody": "",
      "RequestHeaders": {
        "User-Agent": [
          "FxVersion/4.6.27817.01",
          "OSName/Windows",
          "OSVersion/Microsoft.Windows.10.0.18362.",
          "Microsoft.Azure.Management.Sql.Fluent.SqlManagementClient/1.0.0.60",
          "MacAddressHash/5b986dbc01e2cd9262cdc8765199485ab440ab932e80985aff873a3788750edd"
        ]
      },
      "ResponseHeaders": {
        "Cache-Control": [
          "no-cache"
        ],
        "Pragma": [
          "no-cache"
        ],
        "x-ms-request-id": [
          "ec2de974-f1fe-4eb2-a2a1-7f1304f26144"
        ],
        "Server": [
          "Microsoft-HTTPAPI/2.0"
        ],
        "x-ms-ratelimit-remaining-subscription-reads": [
          "11953"
        ],
        "x-ms-correlation-request-id": [
          "df4c6066-c64e-4eb5-9d31-a81ce90bd4d2"
        ],
        "x-ms-routing-request-id": [
          "SOUTHEASTASIA:20190805T051550Z:df4c6066-c64e-4eb5-9d31-a81ce90bd4d2"
        ],
        "Strict-Transport-Security": [
          "max-age=31536000; includeSubDomains"
        ],
        "X-Content-Type-Options": [
          "nosniff"
        ],
        "Date": [
          "Mon, 05 Aug 2019 05:15:50 GMT"
        ],
        "Expires": [
          "-1"
        ],
        "Content-Length": [
          "0"
        ]
      },
      "ResponseBody": "",
      "StatusCode": 200
    },
    {
      "RequestUri": "/subscriptions/1c638cf4-608f-4ee6-b680-c329e824c3a8/resourcegroups/rgsqlc16438586c3?api-version=2017-05-10",
      "EncodedRequestUri": "L3N1YnNjcmlwdGlvbnMvMWM2MzhjZjQtNjA4Zi00ZWU2LWI2ODAtYzMyOWU4MjRjM2E4L3Jlc291cmNlZ3JvdXBzL3Jnc3FsYzE2NDM4NTg2YzM/YXBpLXZlcnNpb249MjAxNy0wNS0xMA==",
      "RequestMethod": "DELETE",
      "RequestBody": "",
      "RequestHeaders": {
        "x-ms-client-request-id": [
          "57b26f9c-bd15-4a90-aedb-b353d3d796a5"
        ],
        "Accept-Language": [
          "en-US"
        ],
        "User-Agent": [
          "FxVersion/4.6.27817.01",
          "OSName/Windows",
          "OSVersion/Microsoft.Windows.10.0.18362.",
          "Microsoft.Azure.Management.ResourceManager.Fluent.ResourceManagementClient/1.0.0.60",
          "MacAddressHash/5b986dbc01e2cd9262cdc8765199485ab440ab932e80985aff873a3788750edd"
        ]
      },
      "ResponseHeaders": {
        "Cache-Control": [
          "no-cache"
        ],
        "Pragma": [
          "no-cache"
        ],
        "Location": [
          "https://management.azure.com/subscriptions/1c638cf4-608f-4ee6-b680-c329e824c3a8/operationresults/eyJqb2JJZCI6IlJFU09VUkNFR1JPVVBERUxFVElPTkpPQi1SR1NRTEMxNjQzODU4NkMzLVNPVVRIQ0VOVFJBTFVTIiwiam9iTG9jYXRpb24iOiJzb3V0aGNlbnRyYWx1cyJ9?api-version=2017-05-10"
        ],
        "Retry-After": [
          "15"
        ],
        "x-ms-ratelimit-remaining-subscription-deletes": [
          "14994"
        ],
        "x-ms-request-id": [
          "61ff59b0-b1e6-4252-bc96-c6fc9fe81409"
        ],
        "x-ms-correlation-request-id": [
          "61ff59b0-b1e6-4252-bc96-c6fc9fe81409"
        ],
        "x-ms-routing-request-id": [
          "SOUTHEASTASIA:20190805T051554Z:61ff59b0-b1e6-4252-bc96-c6fc9fe81409"
        ],
        "Strict-Transport-Security": [
          "max-age=31536000; includeSubDomains"
        ],
        "X-Content-Type-Options": [
          "nosniff"
        ],
        "Date": [
          "Mon, 05 Aug 2019 05:15:54 GMT"
        ],
        "Expires": [
          "-1"
        ],
        "Content-Length": [
          "0"
        ]
      },
      "ResponseBody": "",
      "StatusCode": 202
    },
    {
      "RequestUri": "/subscriptions/1c638cf4-608f-4ee6-b680-c329e824c3a8/operationresults/eyJqb2JJZCI6IlJFU09VUkNFR1JPVVBERUxFVElPTkpPQi1SR1NRTEMxNjQzODU4NkMzLVNPVVRIQ0VOVFJBTFVTIiwiam9iTG9jYXRpb24iOiJzb3V0aGNlbnRyYWx1cyJ9?api-version=2017-05-10",
      "EncodedRequestUri": "L3N1YnNjcmlwdGlvbnMvMWM2MzhjZjQtNjA4Zi00ZWU2LWI2ODAtYzMyOWU4MjRjM2E4L29wZXJhdGlvbnJlc3VsdHMvZXlKcWIySkpaQ0k2SWxKRlUwOVZVa05GUjFKUFZWQkVSVXhGVkVsUFRrcFBRaTFTUjFOUlRFTXhOalF6T0RVNE5rTXpMVk5QVlZSSVEwVk9WRkpCVEZWVElpd2lhbTlpVEc5allYUnBiMjRpT2lKemIzVjBhR05sYm5SeVlXeDFjeUo5P2FwaS12ZXJzaW9uPTIwMTctMDUtMTA=",
      "RequestMethod": "GET",
      "RequestBody": "",
      "RequestHeaders": {
        "User-Agent": [
          "FxVersion/4.6.27817.01",
          "OSName/Windows",
          "OSVersion/Microsoft.Windows.10.0.18362.",
          "Microsoft.Azure.Management.ResourceManager.Fluent.ResourceManagementClient/1.0.0.60",
          "MacAddressHash/5b986dbc01e2cd9262cdc8765199485ab440ab932e80985aff873a3788750edd"
        ]
      },
      "ResponseHeaders": {
        "Cache-Control": [
          "no-cache"
        ],
        "Pragma": [
          "no-cache"
        ],
        "Location": [
          "https://management.azure.com/subscriptions/1c638cf4-608f-4ee6-b680-c329e824c3a8/operationresults/eyJqb2JJZCI6IlJFU09VUkNFR1JPVVBERUxFVElPTkpPQi1SR1NRTEMxNjQzODU4NkMzLVNPVVRIQ0VOVFJBTFVTIiwiam9iTG9jYXRpb24iOiJzb3V0aGNlbnRyYWx1cyJ9?api-version=2017-05-10"
        ],
        "Retry-After": [
          "15"
        ],
        "x-ms-ratelimit-remaining-subscription-reads": [
          "11952"
        ],
        "x-ms-request-id": [
          "4c03639f-1b67-427c-882f-5a0bc37634fd"
        ],
        "x-ms-correlation-request-id": [
          "4c03639f-1b67-427c-882f-5a0bc37634fd"
        ],
        "x-ms-routing-request-id": [
          "SOUTHEASTASIA:20190805T051610Z:4c03639f-1b67-427c-882f-5a0bc37634fd"
        ],
        "Strict-Transport-Security": [
          "max-age=31536000; includeSubDomains"
        ],
        "X-Content-Type-Options": [
          "nosniff"
        ],
        "Date": [
          "Mon, 05 Aug 2019 05:16:09 GMT"
        ],
        "Expires": [
          "-1"
        ],
        "Content-Length": [
          "0"
        ]
      },
      "ResponseBody": "",
      "StatusCode": 202
    },
    {
      "RequestUri": "/subscriptions/1c638cf4-608f-4ee6-b680-c329e824c3a8/operationresults/eyJqb2JJZCI6IlJFU09VUkNFR1JPVVBERUxFVElPTkpPQi1SR1NRTEMxNjQzODU4NkMzLVNPVVRIQ0VOVFJBTFVTIiwiam9iTG9jYXRpb24iOiJzb3V0aGNlbnRyYWx1cyJ9?api-version=2017-05-10",
      "EncodedRequestUri": "L3N1YnNjcmlwdGlvbnMvMWM2MzhjZjQtNjA4Zi00ZWU2LWI2ODAtYzMyOWU4MjRjM2E4L29wZXJhdGlvbnJlc3VsdHMvZXlKcWIySkpaQ0k2SWxKRlUwOVZVa05GUjFKUFZWQkVSVXhGVkVsUFRrcFBRaTFTUjFOUlRFTXhOalF6T0RVNE5rTXpMVk5QVlZSSVEwVk9WRkpCVEZWVElpd2lhbTlpVEc5allYUnBiMjRpT2lKemIzVjBhR05sYm5SeVlXeDFjeUo5P2FwaS12ZXJzaW9uPTIwMTctMDUtMTA=",
      "RequestMethod": "GET",
      "RequestBody": "",
      "RequestHeaders": {
        "User-Agent": [
          "FxVersion/4.6.27817.01",
          "OSName/Windows",
          "OSVersion/Microsoft.Windows.10.0.18362.",
          "Microsoft.Azure.Management.ResourceManager.Fluent.ResourceManagementClient/1.0.0.60",
          "MacAddressHash/5b986dbc01e2cd9262cdc8765199485ab440ab932e80985aff873a3788750edd"
        ]
      },
      "ResponseHeaders": {
        "Cache-Control": [
          "no-cache"
        ],
        "Pragma": [
          "no-cache"
        ],
        "Location": [
          "https://management.azure.com/subscriptions/1c638cf4-608f-4ee6-b680-c329e824c3a8/operationresults/eyJqb2JJZCI6IlJFU09VUkNFR1JPVVBERUxFVElPTkpPQi1SR1NRTEMxNjQzODU4NkMzLVNPVVRIQ0VOVFJBTFVTIiwiam9iTG9jYXRpb24iOiJzb3V0aGNlbnRyYWx1cyJ9?api-version=2017-05-10"
        ],
        "Retry-After": [
          "15"
        ],
        "x-ms-ratelimit-remaining-subscription-reads": [
          "11951"
        ],
        "x-ms-request-id": [
          "b8698fa2-936b-4419-8449-830f47bc17dd"
        ],
        "x-ms-correlation-request-id": [
          "b8698fa2-936b-4419-8449-830f47bc17dd"
        ],
        "x-ms-routing-request-id": [
          "SOUTHEASTASIA:20190805T051625Z:b8698fa2-936b-4419-8449-830f47bc17dd"
        ],
        "Strict-Transport-Security": [
          "max-age=31536000; includeSubDomains"
        ],
        "X-Content-Type-Options": [
          "nosniff"
        ],
        "Date": [
          "Mon, 05 Aug 2019 05:16:24 GMT"
        ],
        "Expires": [
          "-1"
        ],
        "Content-Length": [
          "0"
        ]
      },
      "ResponseBody": "",
      "StatusCode": 202
    },
    {
      "RequestUri": "/subscriptions/1c638cf4-608f-4ee6-b680-c329e824c3a8/operationresults/eyJqb2JJZCI6IlJFU09VUkNFR1JPVVBERUxFVElPTkpPQi1SR1NRTEMxNjQzODU4NkMzLVNPVVRIQ0VOVFJBTFVTIiwiam9iTG9jYXRpb24iOiJzb3V0aGNlbnRyYWx1cyJ9?api-version=2017-05-10",
      "EncodedRequestUri": "L3N1YnNjcmlwdGlvbnMvMWM2MzhjZjQtNjA4Zi00ZWU2LWI2ODAtYzMyOWU4MjRjM2E4L29wZXJhdGlvbnJlc3VsdHMvZXlKcWIySkpaQ0k2SWxKRlUwOVZVa05GUjFKUFZWQkVSVXhGVkVsUFRrcFBRaTFTUjFOUlRFTXhOalF6T0RVNE5rTXpMVk5QVlZSSVEwVk9WRkpCVEZWVElpd2lhbTlpVEc5allYUnBiMjRpT2lKemIzVjBhR05sYm5SeVlXeDFjeUo5P2FwaS12ZXJzaW9uPTIwMTctMDUtMTA=",
      "RequestMethod": "GET",
      "RequestBody": "",
      "RequestHeaders": {
        "User-Agent": [
          "FxVersion/4.6.27817.01",
          "OSName/Windows",
          "OSVersion/Microsoft.Windows.10.0.18362.",
          "Microsoft.Azure.Management.ResourceManager.Fluent.ResourceManagementClient/1.0.0.60",
          "MacAddressHash/5b986dbc01e2cd9262cdc8765199485ab440ab932e80985aff873a3788750edd"
        ]
      },
      "ResponseHeaders": {
        "Cache-Control": [
          "no-cache"
        ],
        "Pragma": [
          "no-cache"
        ],
        "Location": [
          "https://management.azure.com/subscriptions/1c638cf4-608f-4ee6-b680-c329e824c3a8/operationresults/eyJqb2JJZCI6IlJFU09VUkNFR1JPVVBERUxFVElPTkpPQi1SR1NRTEMxNjQzODU4NkMzLVNPVVRIQ0VOVFJBTFVTIiwiam9iTG9jYXRpb24iOiJzb3V0aGNlbnRyYWx1cyJ9?api-version=2017-05-10"
        ],
        "Retry-After": [
          "15"
        ],
        "x-ms-ratelimit-remaining-subscription-reads": [
          "11950"
        ],
        "x-ms-request-id": [
          "5529eb19-404e-49f2-849c-340f40c95324"
        ],
        "x-ms-correlation-request-id": [
          "5529eb19-404e-49f2-849c-340f40c95324"
        ],
        "x-ms-routing-request-id": [
          "SOUTHEASTASIA:20190805T051641Z:5529eb19-404e-49f2-849c-340f40c95324"
        ],
        "Strict-Transport-Security": [
          "max-age=31536000; includeSubDomains"
        ],
        "X-Content-Type-Options": [
          "nosniff"
        ],
        "Date": [
          "Mon, 05 Aug 2019 05:16:41 GMT"
        ],
        "Expires": [
          "-1"
        ],
        "Content-Length": [
          "0"
        ]
      },
      "ResponseBody": "",
      "StatusCode": 202
    },
    {
      "RequestUri": "/subscriptions/1c638cf4-608f-4ee6-b680-c329e824c3a8/operationresults/eyJqb2JJZCI6IlJFU09VUkNFR1JPVVBERUxFVElPTkpPQi1SR1NRTEMxNjQzODU4NkMzLVNPVVRIQ0VOVFJBTFVTIiwiam9iTG9jYXRpb24iOiJzb3V0aGNlbnRyYWx1cyJ9?api-version=2017-05-10",
      "EncodedRequestUri": "L3N1YnNjcmlwdGlvbnMvMWM2MzhjZjQtNjA4Zi00ZWU2LWI2ODAtYzMyOWU4MjRjM2E4L29wZXJhdGlvbnJlc3VsdHMvZXlKcWIySkpaQ0k2SWxKRlUwOVZVa05GUjFKUFZWQkVSVXhGVkVsUFRrcFBRaTFTUjFOUlRFTXhOalF6T0RVNE5rTXpMVk5QVlZSSVEwVk9WRkpCVEZWVElpd2lhbTlpVEc5allYUnBiMjRpT2lKemIzVjBhR05sYm5SeVlXeDFjeUo5P2FwaS12ZXJzaW9uPTIwMTctMDUtMTA=",
      "RequestMethod": "GET",
      "RequestBody": "",
      "RequestHeaders": {
        "User-Agent": [
          "FxVersion/4.6.27817.01",
          "OSName/Windows",
          "OSVersion/Microsoft.Windows.10.0.18362.",
          "Microsoft.Azure.Management.ResourceManager.Fluent.ResourceManagementClient/1.0.0.60",
          "MacAddressHash/5b986dbc01e2cd9262cdc8765199485ab440ab932e80985aff873a3788750edd"
        ]
      },
      "ResponseHeaders": {
        "Cache-Control": [
          "no-cache"
        ],
        "Pragma": [
          "no-cache"
        ],
        "Location": [
          "https://management.azure.com/subscriptions/1c638cf4-608f-4ee6-b680-c329e824c3a8/operationresults/eyJqb2JJZCI6IlJFU09VUkNFR1JPVVBERUxFVElPTkpPQi1SR1NRTEMxNjQzODU4NkMzLVNPVVRIQ0VOVFJBTFVTIiwiam9iTG9jYXRpb24iOiJzb3V0aGNlbnRyYWx1cyJ9?api-version=2017-05-10"
        ],
        "Retry-After": [
          "15"
        ],
        "x-ms-ratelimit-remaining-subscription-reads": [
          "11949"
        ],
        "x-ms-request-id": [
          "b56fda6b-ebb0-419b-ae6a-fbadb68b666d"
        ],
        "x-ms-correlation-request-id": [
          "b56fda6b-ebb0-419b-ae6a-fbadb68b666d"
        ],
        "x-ms-routing-request-id": [
          "SOUTHEASTASIA:20190805T051656Z:b56fda6b-ebb0-419b-ae6a-fbadb68b666d"
        ],
        "Strict-Transport-Security": [
          "max-age=31536000; includeSubDomains"
        ],
        "X-Content-Type-Options": [
          "nosniff"
        ],
        "Date": [
          "Mon, 05 Aug 2019 05:16:56 GMT"
        ],
        "Expires": [
          "-1"
        ],
        "Content-Length": [
          "0"
        ]
      },
      "ResponseBody": "",
      "StatusCode": 202
    },
    {
      "RequestUri": "/subscriptions/1c638cf4-608f-4ee6-b680-c329e824c3a8/operationresults/eyJqb2JJZCI6IlJFU09VUkNFR1JPVVBERUxFVElPTkpPQi1SR1NRTEMxNjQzODU4NkMzLVNPVVRIQ0VOVFJBTFVTIiwiam9iTG9jYXRpb24iOiJzb3V0aGNlbnRyYWx1cyJ9?api-version=2017-05-10",
      "EncodedRequestUri": "L3N1YnNjcmlwdGlvbnMvMWM2MzhjZjQtNjA4Zi00ZWU2LWI2ODAtYzMyOWU4MjRjM2E4L29wZXJhdGlvbnJlc3VsdHMvZXlKcWIySkpaQ0k2SWxKRlUwOVZVa05GUjFKUFZWQkVSVXhGVkVsUFRrcFBRaTFTUjFOUlRFTXhOalF6T0RVNE5rTXpMVk5QVlZSSVEwVk9WRkpCVEZWVElpd2lhbTlpVEc5allYUnBiMjRpT2lKemIzVjBhR05sYm5SeVlXeDFjeUo5P2FwaS12ZXJzaW9uPTIwMTctMDUtMTA=",
      "RequestMethod": "GET",
      "RequestBody": "",
      "RequestHeaders": {
        "User-Agent": [
          "FxVersion/4.6.27817.01",
          "OSName/Windows",
          "OSVersion/Microsoft.Windows.10.0.18362.",
          "Microsoft.Azure.Management.ResourceManager.Fluent.ResourceManagementClient/1.0.0.60",
          "MacAddressHash/5b986dbc01e2cd9262cdc8765199485ab440ab932e80985aff873a3788750edd"
        ]
      },
      "ResponseHeaders": {
        "Cache-Control": [
          "no-cache"
        ],
        "Pragma": [
          "no-cache"
        ],
        "Location": [
          "https://management.azure.com/subscriptions/1c638cf4-608f-4ee6-b680-c329e824c3a8/operationresults/eyJqb2JJZCI6IlJFU09VUkNFR1JPVVBERUxFVElPTkpPQi1SR1NRTEMxNjQzODU4NkMzLVNPVVRIQ0VOVFJBTFVTIiwiam9iTG9jYXRpb24iOiJzb3V0aGNlbnRyYWx1cyJ9?api-version=2017-05-10"
        ],
        "Retry-After": [
          "15"
        ],
        "x-ms-ratelimit-remaining-subscription-reads": [
          "11948"
        ],
        "x-ms-request-id": [
          "ea6551d6-592a-4eb6-a946-7055d529b36c"
        ],
        "x-ms-correlation-request-id": [
          "ea6551d6-592a-4eb6-a946-7055d529b36c"
        ],
        "x-ms-routing-request-id": [
          "SOUTHEASTASIA:20190805T051712Z:ea6551d6-592a-4eb6-a946-7055d529b36c"
        ],
        "Strict-Transport-Security": [
          "max-age=31536000; includeSubDomains"
        ],
        "X-Content-Type-Options": [
          "nosniff"
        ],
        "Date": [
          "Mon, 05 Aug 2019 05:17:11 GMT"
        ],
        "Expires": [
          "-1"
        ],
        "Content-Length": [
          "0"
        ]
      },
      "ResponseBody": "",
      "StatusCode": 202
    },
    {
      "RequestUri": "/subscriptions/1c638cf4-608f-4ee6-b680-c329e824c3a8/operationresults/eyJqb2JJZCI6IlJFU09VUkNFR1JPVVBERUxFVElPTkpPQi1SR1NRTEMxNjQzODU4NkMzLVNPVVRIQ0VOVFJBTFVTIiwiam9iTG9jYXRpb24iOiJzb3V0aGNlbnRyYWx1cyJ9?api-version=2017-05-10",
      "EncodedRequestUri": "L3N1YnNjcmlwdGlvbnMvMWM2MzhjZjQtNjA4Zi00ZWU2LWI2ODAtYzMyOWU4MjRjM2E4L29wZXJhdGlvbnJlc3VsdHMvZXlKcWIySkpaQ0k2SWxKRlUwOVZVa05GUjFKUFZWQkVSVXhGVkVsUFRrcFBRaTFTUjFOUlRFTXhOalF6T0RVNE5rTXpMVk5QVlZSSVEwVk9WRkpCVEZWVElpd2lhbTlpVEc5allYUnBiMjRpT2lKemIzVjBhR05sYm5SeVlXeDFjeUo5P2FwaS12ZXJzaW9uPTIwMTctMDUtMTA=",
      "RequestMethod": "GET",
      "RequestBody": "",
      "RequestHeaders": {
        "User-Agent": [
          "FxVersion/4.6.27817.01",
          "OSName/Windows",
          "OSVersion/Microsoft.Windows.10.0.18362.",
          "Microsoft.Azure.Management.ResourceManager.Fluent.ResourceManagementClient/1.0.0.60",
          "MacAddressHash/5b986dbc01e2cd9262cdc8765199485ab440ab932e80985aff873a3788750edd"
        ]
      },
      "ResponseHeaders": {
        "Cache-Control": [
          "no-cache"
        ],
        "Pragma": [
          "no-cache"
        ],
        "Location": [
          "https://management.azure.com/subscriptions/1c638cf4-608f-4ee6-b680-c329e824c3a8/operationresults/eyJqb2JJZCI6IlJFU09VUkNFR1JPVVBERUxFVElPTkpPQi1SR1NRTEMxNjQzODU4NkMzLVNPVVRIQ0VOVFJBTFVTIiwiam9iTG9jYXRpb24iOiJzb3V0aGNlbnRyYWx1cyJ9?api-version=2017-05-10"
        ],
        "Retry-After": [
          "15"
        ],
        "x-ms-ratelimit-remaining-subscription-reads": [
          "11947"
        ],
        "x-ms-request-id": [
          "86746984-8cb3-40c0-b342-c8e5913ac9df"
        ],
        "x-ms-correlation-request-id": [
          "86746984-8cb3-40c0-b342-c8e5913ac9df"
        ],
        "x-ms-routing-request-id": [
          "SOUTHEASTASIA:20190805T051727Z:86746984-8cb3-40c0-b342-c8e5913ac9df"
        ],
        "Strict-Transport-Security": [
          "max-age=31536000; includeSubDomains"
        ],
        "X-Content-Type-Options": [
          "nosniff"
        ],
        "Date": [
          "Mon, 05 Aug 2019 05:17:27 GMT"
        ],
        "Expires": [
          "-1"
        ],
        "Content-Length": [
          "0"
        ]
      },
      "ResponseBody": "",
      "StatusCode": 202
    },
    {
      "RequestUri": "/subscriptions/1c638cf4-608f-4ee6-b680-c329e824c3a8/operationresults/eyJqb2JJZCI6IlJFU09VUkNFR1JPVVBERUxFVElPTkpPQi1SR1NRTEMxNjQzODU4NkMzLVNPVVRIQ0VOVFJBTFVTIiwiam9iTG9jYXRpb24iOiJzb3V0aGNlbnRyYWx1cyJ9?api-version=2017-05-10",
      "EncodedRequestUri": "L3N1YnNjcmlwdGlvbnMvMWM2MzhjZjQtNjA4Zi00ZWU2LWI2ODAtYzMyOWU4MjRjM2E4L29wZXJhdGlvbnJlc3VsdHMvZXlKcWIySkpaQ0k2SWxKRlUwOVZVa05GUjFKUFZWQkVSVXhGVkVsUFRrcFBRaTFTUjFOUlRFTXhOalF6T0RVNE5rTXpMVk5QVlZSSVEwVk9WRkpCVEZWVElpd2lhbTlpVEc5allYUnBiMjRpT2lKemIzVjBhR05sYm5SeVlXeDFjeUo5P2FwaS12ZXJzaW9uPTIwMTctMDUtMTA=",
      "RequestMethod": "GET",
      "RequestBody": "",
      "RequestHeaders": {
        "User-Agent": [
          "FxVersion/4.6.27817.01",
          "OSName/Windows",
          "OSVersion/Microsoft.Windows.10.0.18362.",
          "Microsoft.Azure.Management.ResourceManager.Fluent.ResourceManagementClient/1.0.0.60",
          "MacAddressHash/5b986dbc01e2cd9262cdc8765199485ab440ab932e80985aff873a3788750edd"
        ]
      },
      "ResponseHeaders": {
        "Cache-Control": [
          "no-cache"
        ],
        "Pragma": [
          "no-cache"
        ],
        "x-ms-ratelimit-remaining-subscription-reads": [
          "11946"
        ],
        "x-ms-request-id": [
          "2ad24522-f42c-4f1a-a008-47cf7e5ae470"
        ],
        "x-ms-correlation-request-id": [
          "2ad24522-f42c-4f1a-a008-47cf7e5ae470"
        ],
        "x-ms-routing-request-id": [
          "SOUTHEASTASIA:20190805T051743Z:2ad24522-f42c-4f1a-a008-47cf7e5ae470"
        ],
        "Strict-Transport-Security": [
          "max-age=31536000; includeSubDomains"
        ],
        "X-Content-Type-Options": [
          "nosniff"
        ],
        "Date": [
          "Mon, 05 Aug 2019 05:17:42 GMT"
        ],
        "Expires": [
          "-1"
        ],
        "Content-Length": [
          "0"
        ]
      },
      "ResponseBody": "",
      "StatusCode": 200
    },
    {
      "RequestUri": "/subscriptions/1c638cf4-608f-4ee6-b680-c329e824c3a8/operationresults/eyJqb2JJZCI6IlJFU09VUkNFR1JPVVBERUxFVElPTkpPQi1SR1NRTEMxNjQzODU4NkMzLVNPVVRIQ0VOVFJBTFVTIiwiam9iTG9jYXRpb24iOiJzb3V0aGNlbnRyYWx1cyJ9?api-version=2017-05-10",
      "EncodedRequestUri": "L3N1YnNjcmlwdGlvbnMvMWM2MzhjZjQtNjA4Zi00ZWU2LWI2ODAtYzMyOWU4MjRjM2E4L29wZXJhdGlvbnJlc3VsdHMvZXlKcWIySkpaQ0k2SWxKRlUwOVZVa05GUjFKUFZWQkVSVXhGVkVsUFRrcFBRaTFTUjFOUlRFTXhOalF6T0RVNE5rTXpMVk5QVlZSSVEwVk9WRkpCVEZWVElpd2lhbTlpVEc5allYUnBiMjRpT2lKemIzVjBhR05sYm5SeVlXeDFjeUo5P2FwaS12ZXJzaW9uPTIwMTctMDUtMTA=",
      "RequestMethod": "GET",
      "RequestBody": "",
      "RequestHeaders": {
        "User-Agent": [
          "FxVersion/4.6.27817.01",
          "OSName/Windows",
          "OSVersion/Microsoft.Windows.10.0.18362.",
          "Microsoft.Azure.Management.ResourceManager.Fluent.ResourceManagementClient/1.0.0.60",
          "MacAddressHash/5b986dbc01e2cd9262cdc8765199485ab440ab932e80985aff873a3788750edd"
        ]
      },
      "ResponseHeaders": {
        "Cache-Control": [
          "no-cache"
        ],
        "Pragma": [
          "no-cache"
        ],
        "x-ms-ratelimit-remaining-subscription-reads": [
          "11945"
        ],
        "x-ms-request-id": [
          "a928ff69-86c5-4fbe-9496-41a9ad66684c"
        ],
        "x-ms-correlation-request-id": [
          "a928ff69-86c5-4fbe-9496-41a9ad66684c"
        ],
        "x-ms-routing-request-id": [
          "SOUTHEASTASIA:20190805T051743Z:a928ff69-86c5-4fbe-9496-41a9ad66684c"
        ],
        "Strict-Transport-Security": [
          "max-age=31536000; includeSubDomains"
        ],
        "X-Content-Type-Options": [
          "nosniff"
        ],
        "Date": [
          "Mon, 05 Aug 2019 05:17:42 GMT"
        ],
        "Expires": [
          "-1"
        ],
        "Content-Length": [
          "0"
        ]
      },
      "ResponseBody": "",
      "StatusCode": 200
    }
  ],
  "Names": {
    "ManageSqlVirtualNetworkRulesTest": [
      "sqlserver43b059379",
      "rgsqlc16438586c3",
      "vnetsqlae3160819a"
    ]
  },
  "Variables": {
    "ServicePrincipal": "5ae156d4-2a10-47dc-a5c7-89fa4cd313ce",
    "AADTenant": "72f988bf-86f1-41af-91ab-2d7cd011db47",
    "SubscriptionId": "1c638cf4-608f-4ee6-b680-c329e824c3a8"
  }
}