{
  "Entries": [
    {
      "RequestUri": "/subscriptions/0b1f6471-1bf0-4dda-aec3-cb9272f09590/resourcegroups/rgfluentchash-3385?api-version=2016-02-01",
      "EncodedRequestUri": "L3N1YnNjcmlwdGlvbnMvMGIxZjY0NzEtMWJmMC00ZGRhLWFlYzMtY2I5MjcyZjA5NTkwL3Jlc291cmNlZ3JvdXBzL3JnZmx1ZW50Y2hhc2gtMzM4NT9hcGktdmVyc2lvbj0yMDE2LTAyLTAx",
      "RequestMethod": "PUT",
      "RequestBody": "{\r\n  \"location\": \"southcentralus\"\r\n}",
      "RequestHeaders": {
        "Content-Type": [
          "application/json; charset=utf-8"
        ],
        "Content-Length": [
          "36"
        ],
        "x-ms-client-request-id": [
          "b276c007-e34a-4255-8a8e-5fadac938388"
        ],
        "accept-language": [
          "en-US"
        ],
        "User-Agent": [
          "FxVersion/4.6.25211.01",
          "Microsoft.Azure.Management.ResourceManager.Fluent.ResourceManagementClient/1.4.1.0",
          "MacAddressHash/8aacf6245de346f347b0601b2da7a93ac9072c00fb7b723a469bc615c87f34d2"
        ]
      },
      "ResponseBody": "{\r\n  \"id\": \"/subscriptions/0b1f6471-1bf0-4dda-aec3-cb9272f09590/resourceGroups/rgfluentchash-3385\",\r\n  \"name\": \"rgfluentchash-3385\",\r\n  \"location\": \"southcentralus\",\r\n  \"properties\": {\r\n    \"provisioningState\": \"Succeeded\"\r\n  }\r\n}",
      "ResponseHeaders": {
        "Content-Length": [
          "197"
        ],
        "Content-Type": [
          "application/json; charset=utf-8"
        ],
        "Expires": [
          "-1"
        ],
        "Cache-Control": [
          "no-cache"
        ],
        "Date": [
          "Tue, 09 Jan 2018 23:08:17 GMT"
        ],
        "Pragma": [
          "no-cache"
        ],
        "x-ms-ratelimit-remaining-subscription-writes": [
          "1199"
        ],
        "x-ms-request-id": [
          "8bfa23a2-3c9e-4405-b8e5-fee13cc8e71b"
        ],
        "x-ms-correlation-request-id": [
          "8bfa23a2-3c9e-4405-b8e5-fee13cc8e71b"
        ],
        "x-ms-routing-request-id": [
          "WESTUS2:20180109T230818Z:8bfa23a2-3c9e-4405-b8e5-fee13cc8e71b"
        ],
        "Strict-Transport-Security": [
          "max-age=31536000; includeSubDomains"
        ]
      },
      "StatusCode": 201
    },
    {
      "RequestUri": "/subscriptions/0b1f6471-1bf0-4dda-aec3-cb9272f09590/resourceGroups/rgfluentchash-3385/providers/Microsoft.Network/networkSecurityGroups/nsg7928?api-version=2017-08-01",
      "EncodedRequestUri": "L3N1YnNjcmlwdGlvbnMvMGIxZjY0NzEtMWJmMC00ZGRhLWFlYzMtY2I5MjcyZjA5NTkwL3Jlc291cmNlR3JvdXBzL3JnZmx1ZW50Y2hhc2gtMzM4NS9wcm92aWRlcnMvTWljcm9zb2Z0Lk5ldHdvcmsvbmV0d29ya1NlY3VyaXR5R3JvdXBzL25zZzc5Mjg/YXBpLXZlcnNpb249MjAxNy0wOC0wMQ==",
      "RequestMethod": "PUT",
      "RequestBody": "{\r\n  \"properties\": {\r\n    \"securityRules\": [\r\n      {\r\n        \"properties\": {\r\n          \"protocol\": \"tcp\",\r\n          \"sourcePortRange\": \"80\",\r\n          \"destinationPortRange\": \"80\",\r\n          \"sourceAddressPrefix\": \"*\",\r\n          \"destinationAddressPrefix\": \"*\",\r\n          \"access\": \"Allow\",\r\n          \"priority\": 100,\r\n          \"direction\": \"Inbound\"\r\n        },\r\n        \"name\": \"rule1\"\r\n      }\r\n    ]\r\n  },\r\n  \"location\": \"southcentralus\",\r\n  \"tags\": {}\r\n}",
      "RequestHeaders": {
        "Content-Type": [
          "application/json; charset=utf-8"
        ],
        "Content-Length": [
          "469"
        ],
        "x-ms-client-request-id": [
          "71e535b2-120b-4ac3-b07e-5d916ff14c5f"
        ],
        "accept-language": [
          "en-US"
        ],
        "User-Agent": [
          "FxVersion/4.6.25211.01",
          "Microsoft.Azure.Management.Network.Fluent.NetworkManagementClient/1.4.1.0",
          "MacAddressHash/8aacf6245de346f347b0601b2da7a93ac9072c00fb7b723a469bc615c87f34d2"
        ]
      },
      "ResponseBody": "{\r\n  \"name\": \"nsg7928\",\r\n  \"id\": \"/subscriptions/0b1f6471-1bf0-4dda-aec3-cb9272f09590/resourceGroups/rgfluentchash-3385/providers/Microsoft.Network/networkSecurityGroups/nsg7928\",\r\n  \"etag\": \"W/\\\"27bb76fc-ee46-446f-bfb3-216aae73a590\\\"\",\r\n  \"type\": \"Microsoft.Network/networkSecurityGroups\",\r\n  \"location\": \"southcentralus\",\r\n  \"tags\": {},\r\n  \"properties\": {\r\n    \"provisioningState\": \"Updating\",\r\n    \"resourceGuid\": \"af7c6777-42dd-4e47-b9b0-d8f1c7315a2e\",\r\n    \"securityRules\": [\r\n      {\r\n        \"name\": \"rule1\",\r\n        \"id\": \"/subscriptions/0b1f6471-1bf0-4dda-aec3-cb9272f09590/resourceGroups/rgfluentchash-3385/providers/Microsoft.Network/networkSecurityGroups/nsg7928/securityRules/rule1\",\r\n        \"etag\": \"W/\\\"27bb76fc-ee46-446f-bfb3-216aae73a590\\\"\",\r\n        \"properties\": {\r\n          \"provisioningState\": \"Updating\",\r\n          \"protocol\": \"tcp\",\r\n          \"sourcePortRange\": \"80\",\r\n          \"destinationPortRange\": \"80\",\r\n          \"sourceAddressPrefix\": \"*\",\r\n          \"destinationAddressPrefix\": \"*\",\r\n          \"access\": \"Allow\",\r\n          \"priority\": 100,\r\n          \"direction\": \"Inbound\",\r\n          \"sourcePortRanges\": [],\r\n          \"destinationPortRanges\": [],\r\n          \"sourceAddressPrefixes\": [],\r\n          \"destinationAddressPrefixes\": []\r\n        }\r\n      }\r\n    ],\r\n    \"defaultSecurityRules\": [\r\n      {\r\n        \"name\": \"AllowVnetInBound\",\r\n        \"id\": \"/subscriptions/0b1f6471-1bf0-4dda-aec3-cb9272f09590/resourceGroups/rgfluentchash-3385/providers/Microsoft.Network/networkSecurityGroups/nsg7928/defaultSecurityRules/AllowVnetInBound\",\r\n        \"etag\": \"W/\\\"27bb76fc-ee46-446f-bfb3-216aae73a590\\\"\",\r\n        \"properties\": {\r\n          \"provisioningState\": \"Updating\",\r\n          \"description\": \"Allow inbound traffic from all VMs in VNET\",\r\n          \"protocol\": \"*\",\r\n          \"sourcePortRange\": \"*\",\r\n          \"destinationPortRange\": \"*\",\r\n          \"sourceAddressPrefix\": \"VirtualNetwork\",\r\n          \"destinationAddressPrefix\": \"VirtualNetwork\",\r\n          \"access\": \"Allow\",\r\n          \"priority\": 65000,\r\n          \"direction\": \"Inbound\",\r\n          \"sourcePortRanges\": [],\r\n          \"destinationPortRanges\": [],\r\n          \"sourceAddressPrefixes\": [],\r\n          \"destinationAddressPrefixes\": []\r\n        }\r\n      },\r\n      {\r\n        \"name\": \"AllowAzureLoadBalancerInBound\",\r\n        \"id\": \"/subscriptions/0b1f6471-1bf0-4dda-aec3-cb9272f09590/resourceGroups/rgfluentchash-3385/providers/Microsoft.Network/networkSecurityGroups/nsg7928/defaultSecurityRules/AllowAzureLoadBalancerInBound\",\r\n        \"etag\": \"W/\\\"27bb76fc-ee46-446f-bfb3-216aae73a590\\\"\",\r\n        \"properties\": {\r\n          \"provisioningState\": \"Updating\",\r\n          \"description\": \"Allow inbound traffic from azure load balancer\",\r\n          \"protocol\": \"*\",\r\n          \"sourcePortRange\": \"*\",\r\n          \"destinationPortRange\": \"*\",\r\n          \"sourceAddressPrefix\": \"AzureLoadBalancer\",\r\n          \"destinationAddressPrefix\": \"*\",\r\n          \"access\": \"Allow\",\r\n          \"priority\": 65001,\r\n          \"direction\": \"Inbound\",\r\n          \"sourcePortRanges\": [],\r\n          \"destinationPortRanges\": [],\r\n          \"sourceAddressPrefixes\": [],\r\n          \"destinationAddressPrefixes\": []\r\n        }\r\n      },\r\n      {\r\n        \"name\": \"DenyAllInBound\",\r\n        \"id\": \"/subscriptions/0b1f6471-1bf0-4dda-aec3-cb9272f09590/resourceGroups/rgfluentchash-3385/providers/Microsoft.Network/networkSecurityGroups/nsg7928/defaultSecurityRules/DenyAllInBound\",\r\n        \"etag\": \"W/\\\"27bb76fc-ee46-446f-bfb3-216aae73a590\\\"\",\r\n        \"properties\": {\r\n          \"provisioningState\": \"Updating\",\r\n          \"description\": \"Deny all inbound traffic\",\r\n          \"protocol\": \"*\",\r\n          \"sourcePortRange\": \"*\",\r\n          \"destinationPortRange\": \"*\",\r\n          \"sourceAddressPrefix\": \"*\",\r\n          \"destinationAddressPrefix\": \"*\",\r\n          \"access\": \"Deny\",\r\n          \"priority\": 65500,\r\n          \"direction\": \"Inbound\",\r\n          \"sourcePortRanges\": [],\r\n          \"destinationPortRanges\": [],\r\n          \"sourceAddressPrefixes\": [],\r\n          \"destinationAddressPrefixes\": []\r\n        }\r\n      },\r\n      {\r\n        \"name\": \"AllowVnetOutBound\",\r\n        \"id\": \"/subscriptions/0b1f6471-1bf0-4dda-aec3-cb9272f09590/resourceGroups/rgfluentchash-3385/providers/Microsoft.Network/networkSecurityGroups/nsg7928/defaultSecurityRules/AllowVnetOutBound\",\r\n        \"etag\": \"W/\\\"27bb76fc-ee46-446f-bfb3-216aae73a590\\\"\",\r\n        \"properties\": {\r\n          \"provisioningState\": \"Updating\",\r\n          \"description\": \"Allow outbound traffic from all VMs to all VMs in VNET\",\r\n          \"protocol\": \"*\",\r\n          \"sourcePortRange\": \"*\",\r\n          \"destinationPortRange\": \"*\",\r\n          \"sourceAddressPrefix\": \"VirtualNetwork\",\r\n          \"destinationAddressPrefix\": \"VirtualNetwork\",\r\n          \"access\": \"Allow\",\r\n          \"priority\": 65000,\r\n          \"direction\": \"Outbound\",\r\n          \"sourcePortRanges\": [],\r\n          \"destinationPortRanges\": [],\r\n          \"sourceAddressPrefixes\": [],\r\n          \"destinationAddressPrefixes\": []\r\n        }\r\n      },\r\n      {\r\n        \"name\": \"AllowInternetOutBound\",\r\n        \"id\": \"/subscriptions/0b1f6471-1bf0-4dda-aec3-cb9272f09590/resourceGroups/rgfluentchash-3385/providers/Microsoft.Network/networkSecurityGroups/nsg7928/defaultSecurityRules/AllowInternetOutBound\",\r\n        \"etag\": \"W/\\\"27bb76fc-ee46-446f-bfb3-216aae73a590\\\"\",\r\n        \"properties\": {\r\n          \"provisioningState\": \"Updating\",\r\n          \"description\": \"Allow outbound traffic from all VMs to Internet\",\r\n          \"protocol\": \"*\",\r\n          \"sourcePortRange\": \"*\",\r\n          \"destinationPortRange\": \"*\",\r\n          \"sourceAddressPrefix\": \"*\",\r\n          \"destinationAddressPrefix\": \"Internet\",\r\n          \"access\": \"Allow\",\r\n          \"priority\": 65001,\r\n          \"direction\": \"Outbound\",\r\n          \"sourcePortRanges\": [],\r\n          \"destinationPortRanges\": [],\r\n          \"sourceAddressPrefixes\": [],\r\n          \"destinationAddressPrefixes\": []\r\n        }\r\n      },\r\n      {\r\n        \"name\": \"DenyAllOutBound\",\r\n        \"id\": \"/subscriptions/0b1f6471-1bf0-4dda-aec3-cb9272f09590/resourceGroups/rgfluentchash-3385/providers/Microsoft.Network/networkSecurityGroups/nsg7928/defaultSecurityRules/DenyAllOutBound\",\r\n        \"etag\": \"W/\\\"27bb76fc-ee46-446f-bfb3-216aae73a590\\\"\",\r\n        \"properties\": {\r\n          \"provisioningState\": \"Updating\",\r\n          \"description\": \"Deny all outbound traffic\",\r\n          \"protocol\": \"*\",\r\n          \"sourcePortRange\": \"*\",\r\n          \"destinationPortRange\": \"*\",\r\n          \"sourceAddressPrefix\": \"*\",\r\n          \"destinationAddressPrefix\": \"*\",\r\n          \"access\": \"Deny\",\r\n          \"priority\": 65500,\r\n          \"direction\": \"Outbound\",\r\n          \"sourcePortRanges\": [],\r\n          \"destinationPortRanges\": [],\r\n          \"sourceAddressPrefixes\": [],\r\n          \"destinationAddressPrefixes\": []\r\n        }\r\n      }\r\n    ]\r\n  }\r\n}",
      "ResponseHeaders": {
        "Content-Length": [
          "6904"
        ],
        "Content-Type": [
          "application/json; charset=utf-8"
        ],
        "Expires": [
          "-1"
        ],
        "Cache-Control": [
          "no-cache"
        ],
        "Date": [
          "Tue, 09 Jan 2018 23:08:18 GMT"
        ],
        "Pragma": [
          "no-cache"
        ],
        "Retry-After": [
          "10"
        ],
        "Server": [
          "Microsoft-HTTPAPI/2.0",
          "Microsoft-HTTPAPI/2.0"
        ],
        "x-ms-request-id": [
          "51174e8d-d356-4911-b6c6-a4e317d89515"
        ],
        "Azure-AsyncOperation": [
          "https://management.azure.com/subscriptions/0b1f6471-1bf0-4dda-aec3-cb9272f09590/providers/Microsoft.Network/locations/southcentralus/operations/51174e8d-d356-4911-b6c6-a4e317d89515?api-version=2017-08-01"
        ],
        "Strict-Transport-Security": [
          "max-age=31536000; includeSubDomains"
        ],
        "x-ms-ratelimit-remaining-subscription-writes": [
          "1198"
        ],
        "x-ms-correlation-request-id": [
          "0af41168-20da-42b5-924b-d899a397a54f"
        ],
        "x-ms-routing-request-id": [
          "WESTUS2:20180109T230819Z:0af41168-20da-42b5-924b-d899a397a54f"
        ]
      },
      "StatusCode": 201
    },
    {
      "RequestUri": "/subscriptions/0b1f6471-1bf0-4dda-aec3-cb9272f09590/providers/Microsoft.Network/locations/southcentralus/operations/51174e8d-d356-4911-b6c6-a4e317d89515?api-version=2017-08-01",
      "EncodedRequestUri": "L3N1YnNjcmlwdGlvbnMvMGIxZjY0NzEtMWJmMC00ZGRhLWFlYzMtY2I5MjcyZjA5NTkwL3Byb3ZpZGVycy9NaWNyb3NvZnQuTmV0d29yay9sb2NhdGlvbnMvc291dGhjZW50cmFsdXMvb3BlcmF0aW9ucy81MTE3NGU4ZC1kMzU2LTQ5MTEtYjZjNi1hNGUzMTdkODk1MTU/YXBpLXZlcnNpb249MjAxNy0wOC0wMQ==",
      "RequestMethod": "GET",
      "RequestBody": "",
      "RequestHeaders": {
        "User-Agent": [
          "FxVersion/4.6.25211.01",
          "Microsoft.Azure.Management.Network.Fluent.NetworkManagementClient/1.4.1.0",
          "MacAddressHash/8aacf6245de346f347b0601b2da7a93ac9072c00fb7b723a469bc615c87f34d2"
        ]
      },
      "ResponseBody": "{\r\n  \"status\": \"Succeeded\"\r\n}",
      "ResponseHeaders": {
        "Content-Type": [
          "application/json; charset=utf-8"
        ],
        "Expires": [
          "-1"
        ],
        "Cache-Control": [
          "no-cache"
        ],
        "Date": [
          "Tue, 09 Jan 2018 23:08:29 GMT"
        ],
        "Pragma": [
          "no-cache"
        ],
        "Transfer-Encoding": [
          "chunked"
        ],
        "Server": [
          "Microsoft-HTTPAPI/2.0",
          "Microsoft-HTTPAPI/2.0"
        ],
        "Vary": [
          "Accept-Encoding"
        ],
        "x-ms-request-id": [
          "b7b2b65a-c9e2-4d06-8dee-e73f138d30b5"
        ],
        "Strict-Transport-Security": [
          "max-age=31536000; includeSubDomains"
        ],
        "x-ms-ratelimit-remaining-subscription-reads": [
          "14996"
        ],
        "x-ms-correlation-request-id": [
          "ce9dce81-aed5-49ce-bbe7-d9464ebae69a"
        ],
        "x-ms-routing-request-id": [
          "WESTUS2:20180109T230829Z:ce9dce81-aed5-49ce-bbe7-d9464ebae69a"
        ]
      },
      "StatusCode": 200
    },
    {
      "RequestUri": "/subscriptions/0b1f6471-1bf0-4dda-aec3-cb9272f09590/resourceGroups/rgfluentchash-3385/providers/Microsoft.Network/networkSecurityGroups/nsg7928?api-version=2017-08-01",
      "EncodedRequestUri": "L3N1YnNjcmlwdGlvbnMvMGIxZjY0NzEtMWJmMC00ZGRhLWFlYzMtY2I5MjcyZjA5NTkwL3Jlc291cmNlR3JvdXBzL3JnZmx1ZW50Y2hhc2gtMzM4NS9wcm92aWRlcnMvTWljcm9zb2Z0Lk5ldHdvcmsvbmV0d29ya1NlY3VyaXR5R3JvdXBzL25zZzc5Mjg/YXBpLXZlcnNpb249MjAxNy0wOC0wMQ==",
      "RequestMethod": "GET",
      "RequestBody": "",
      "RequestHeaders": {
        "User-Agent": [
          "FxVersion/4.6.25211.01",
          "Microsoft.Azure.Management.Network.Fluent.NetworkManagementClient/1.4.1.0",
          "MacAddressHash/8aacf6245de346f347b0601b2da7a93ac9072c00fb7b723a469bc615c87f34d2"
        ]
      },
      "ResponseBody": "{\r\n  \"name\": \"nsg7928\",\r\n  \"id\": \"/subscriptions/0b1f6471-1bf0-4dda-aec3-cb9272f09590/resourceGroups/rgfluentchash-3385/providers/Microsoft.Network/networkSecurityGroups/nsg7928\",\r\n  \"etag\": \"W/\\\"423b714e-daab-4949-a934-27b6487d5206\\\"\",\r\n  \"type\": \"Microsoft.Network/networkSecurityGroups\",\r\n  \"location\": \"southcentralus\",\r\n  \"tags\": {},\r\n  \"properties\": {\r\n    \"provisioningState\": \"Succeeded\",\r\n    \"resourceGuid\": \"af7c6777-42dd-4e47-b9b0-d8f1c7315a2e\",\r\n    \"securityRules\": [\r\n      {\r\n        \"name\": \"rule1\",\r\n        \"id\": \"/subscriptions/0b1f6471-1bf0-4dda-aec3-cb9272f09590/resourceGroups/rgfluentchash-3385/providers/Microsoft.Network/networkSecurityGroups/nsg7928/securityRules/rule1\",\r\n        \"etag\": \"W/\\\"423b714e-daab-4949-a934-27b6487d5206\\\"\",\r\n        \"properties\": {\r\n          \"provisioningState\": \"Succeeded\",\r\n          \"protocol\": \"tcp\",\r\n          \"sourcePortRange\": \"80\",\r\n          \"destinationPortRange\": \"80\",\r\n          \"sourceAddressPrefix\": \"*\",\r\n          \"destinationAddressPrefix\": \"*\",\r\n          \"access\": \"Allow\",\r\n          \"priority\": 100,\r\n          \"direction\": \"Inbound\",\r\n          \"sourcePortRanges\": [],\r\n          \"destinationPortRanges\": [],\r\n          \"sourceAddressPrefixes\": [],\r\n          \"destinationAddressPrefixes\": []\r\n        }\r\n      }\r\n    ],\r\n    \"defaultSecurityRules\": [\r\n      {\r\n        \"name\": \"AllowVnetInBound\",\r\n        \"id\": \"/subscriptions/0b1f6471-1bf0-4dda-aec3-cb9272f09590/resourceGroups/rgfluentchash-3385/providers/Microsoft.Network/networkSecurityGroups/nsg7928/defaultSecurityRules/AllowVnetInBound\",\r\n        \"etag\": \"W/\\\"423b714e-daab-4949-a934-27b6487d5206\\\"\",\r\n        \"properties\": {\r\n          \"provisioningState\": \"Succeeded\",\r\n          \"description\": \"Allow inbound traffic from all VMs in VNET\",\r\n          \"protocol\": \"*\",\r\n          \"sourcePortRange\": \"*\",\r\n          \"destinationPortRange\": \"*\",\r\n          \"sourceAddressPrefix\": \"VirtualNetwork\",\r\n          \"destinationAddressPrefix\": \"VirtualNetwork\",\r\n          \"access\": \"Allow\",\r\n          \"priority\": 65000,\r\n          \"direction\": \"Inbound\",\r\n          \"sourcePortRanges\": [],\r\n          \"destinationPortRanges\": [],\r\n          \"sourceAddressPrefixes\": [],\r\n          \"destinationAddressPrefixes\": []\r\n        }\r\n      },\r\n      {\r\n        \"name\": \"AllowAzureLoadBalancerInBound\",\r\n        \"id\": \"/subscriptions/0b1f6471-1bf0-4dda-aec3-cb9272f09590/resourceGroups/rgfluentchash-3385/providers/Microsoft.Network/networkSecurityGroups/nsg7928/defaultSecurityRules/AllowAzureLoadBalancerInBound\",\r\n        \"etag\": \"W/\\\"423b714e-daab-4949-a934-27b6487d5206\\\"\",\r\n        \"properties\": {\r\n          \"provisioningState\": \"Succeeded\",\r\n          \"description\": \"Allow inbound traffic from azure load balancer\",\r\n          \"protocol\": \"*\",\r\n          \"sourcePortRange\": \"*\",\r\n          \"destinationPortRange\": \"*\",\r\n          \"sourceAddressPrefix\": \"AzureLoadBalancer\",\r\n          \"destinationAddressPrefix\": \"*\",\r\n          \"access\": \"Allow\",\r\n          \"priority\": 65001,\r\n          \"direction\": \"Inbound\",\r\n          \"sourcePortRanges\": [],\r\n          \"destinationPortRanges\": [],\r\n          \"sourceAddressPrefixes\": [],\r\n          \"destinationAddressPrefixes\": []\r\n        }\r\n      },\r\n      {\r\n        \"name\": \"DenyAllInBound\",\r\n        \"id\": \"/subscriptions/0b1f6471-1bf0-4dda-aec3-cb9272f09590/resourceGroups/rgfluentchash-3385/providers/Microsoft.Network/networkSecurityGroups/nsg7928/defaultSecurityRules/DenyAllInBound\",\r\n        \"etag\": \"W/\\\"423b714e-daab-4949-a934-27b6487d5206\\\"\",\r\n        \"properties\": {\r\n          \"provisioningState\": \"Succeeded\",\r\n          \"description\": \"Deny all inbound traffic\",\r\n          \"protocol\": \"*\",\r\n          \"sourcePortRange\": \"*\",\r\n          \"destinationPortRange\": \"*\",\r\n          \"sourceAddressPrefix\": \"*\",\r\n          \"destinationAddressPrefix\": \"*\",\r\n          \"access\": \"Deny\",\r\n          \"priority\": 65500,\r\n          \"direction\": \"Inbound\",\r\n          \"sourcePortRanges\": [],\r\n          \"destinationPortRanges\": [],\r\n          \"sourceAddressPrefixes\": [],\r\n          \"destinationAddressPrefixes\": []\r\n        }\r\n      },\r\n      {\r\n        \"name\": \"AllowVnetOutBound\",\r\n        \"id\": \"/subscriptions/0b1f6471-1bf0-4dda-aec3-cb9272f09590/resourceGroups/rgfluentchash-3385/providers/Microsoft.Network/networkSecurityGroups/nsg7928/defaultSecurityRules/AllowVnetOutBound\",\r\n        \"etag\": \"W/\\\"423b714e-daab-4949-a934-27b6487d5206\\\"\",\r\n        \"properties\": {\r\n          \"provisioningState\": \"Succeeded\",\r\n          \"description\": \"Allow outbound traffic from all VMs to all VMs in VNET\",\r\n          \"protocol\": \"*\",\r\n          \"sourcePortRange\": \"*\",\r\n          \"destinationPortRange\": \"*\",\r\n          \"sourceAddressPrefix\": \"VirtualNetwork\",\r\n          \"destinationAddressPrefix\": \"VirtualNetwork\",\r\n          \"access\": \"Allow\",\r\n          \"priority\": 65000,\r\n          \"direction\": \"Outbound\",\r\n          \"sourcePortRanges\": [],\r\n          \"destinationPortRanges\": [],\r\n          \"sourceAddressPrefixes\": [],\r\n          \"destinationAddressPrefixes\": []\r\n        }\r\n      },\r\n      {\r\n        \"name\": \"AllowInternetOutBound\",\r\n        \"id\": \"/subscriptions/0b1f6471-1bf0-4dda-aec3-cb9272f09590/resourceGroups/rgfluentchash-3385/providers/Microsoft.Network/networkSecurityGroups/nsg7928/defaultSecurityRules/AllowInternetOutBound\",\r\n        \"etag\": \"W/\\\"423b714e-daab-4949-a934-27b6487d5206\\\"\",\r\n        \"properties\": {\r\n          \"provisioningState\": \"Succeeded\",\r\n          \"description\": \"Allow outbound traffic from all VMs to Internet\",\r\n          \"protocol\": \"*\",\r\n          \"sourcePortRange\": \"*\",\r\n          \"destinationPortRange\": \"*\",\r\n          \"sourceAddressPrefix\": \"*\",\r\n          \"destinationAddressPrefix\": \"Internet\",\r\n          \"access\": \"Allow\",\r\n          \"priority\": 65001,\r\n          \"direction\": \"Outbound\",\r\n          \"sourcePortRanges\": [],\r\n          \"destinationPortRanges\": [],\r\n          \"sourceAddressPrefixes\": [],\r\n          \"destinationAddressPrefixes\": []\r\n        }\r\n      },\r\n      {\r\n        \"name\": \"DenyAllOutBound\",\r\n        \"id\": \"/subscriptions/0b1f6471-1bf0-4dda-aec3-cb9272f09590/resourceGroups/rgfluentchash-3385/providers/Microsoft.Network/networkSecurityGroups/nsg7928/defaultSecurityRules/DenyAllOutBound\",\r\n        \"etag\": \"W/\\\"423b714e-daab-4949-a934-27b6487d5206\\\"\",\r\n        \"properties\": {\r\n          \"provisioningState\": \"Succeeded\",\r\n          \"description\": \"Deny all outbound traffic\",\r\n          \"protocol\": \"*\",\r\n          \"sourcePortRange\": \"*\",\r\n          \"destinationPortRange\": \"*\",\r\n          \"sourceAddressPrefix\": \"*\",\r\n          \"destinationAddressPrefix\": \"*\",\r\n          \"access\": \"Deny\",\r\n          \"priority\": 65500,\r\n          \"direction\": \"Outbound\",\r\n          \"sourcePortRanges\": [],\r\n          \"destinationPortRanges\": [],\r\n          \"sourceAddressPrefixes\": [],\r\n          \"destinationAddressPrefixes\": []\r\n        }\r\n      }\r\n    ]\r\n  }\r\n}",
      "ResponseHeaders": {
        "Content-Type": [
          "application/json; charset=utf-8"
        ],
        "Expires": [
          "-1"
        ],
        "Cache-Control": [
          "no-cache"
        ],
        "Date": [
          "Tue, 09 Jan 2018 23:08:29 GMT"
        ],
        "Pragma": [
          "no-cache"
        ],
        "Transfer-Encoding": [
          "chunked"
        ],
        "ETag": [
          "W/\"423b714e-daab-4949-a934-27b6487d5206\""
        ],
        "Server": [
          "Microsoft-HTTPAPI/2.0",
          "Microsoft-HTTPAPI/2.0"
        ],
        "Vary": [
          "Accept-Encoding"
        ],
        "x-ms-request-id": [
          "d042a5bb-c193-4f7b-b70a-0f7ed358ef9e"
        ],
        "Strict-Transport-Security": [
          "max-age=31536000; includeSubDomains"
        ],
        "x-ms-ratelimit-remaining-subscription-reads": [
          "14995"
        ],
        "x-ms-correlation-request-id": [
          "86362e88-880c-4b6b-a560-dc1b25852bb2"
        ],
        "x-ms-routing-request-id": [
          "WESTUS2:20180109T230830Z:86362e88-880c-4b6b-a560-dc1b25852bb2"
        ]
      },
      "StatusCode": 200
    },
    {
      "RequestUri": "/subscriptions/0b1f6471-1bf0-4dda-aec3-cb9272f09590/resourceGroups/rgfluentchash-3385/providers/Microsoft.Network/networkSecurityGroups/nsg7928?api-version=2017-08-01",
      "EncodedRequestUri": "L3N1YnNjcmlwdGlvbnMvMGIxZjY0NzEtMWJmMC00ZGRhLWFlYzMtY2I5MjcyZjA5NTkwL3Jlc291cmNlR3JvdXBzL3JnZmx1ZW50Y2hhc2gtMzM4NS9wcm92aWRlcnMvTWljcm9zb2Z0Lk5ldHdvcmsvbmV0d29ya1NlY3VyaXR5R3JvdXBzL25zZzc5Mjg/YXBpLXZlcnNpb249MjAxNy0wOC0wMQ==",
      "RequestMethod": "GET",
      "RequestBody": "",
      "RequestHeaders": {
        "x-ms-client-request-id": [
          "a2a6ce67-9b0e-484a-b1b7-756253ee4325"
        ],
        "accept-language": [
          "en-US"
        ],
        "User-Agent": [
          "FxVersion/4.6.25211.01",
          "Microsoft.Azure.Management.Network.Fluent.NetworkManagementClient/1.4.1.0",
          "MacAddressHash/8aacf6245de346f347b0601b2da7a93ac9072c00fb7b723a469bc615c87f34d2"
        ]
      },
      "ResponseBody": "{\r\n  \"name\": \"nsg7928\",\r\n  \"id\": \"/subscriptions/0b1f6471-1bf0-4dda-aec3-cb9272f09590/resourceGroups/rgfluentchash-3385/providers/Microsoft.Network/networkSecurityGroups/nsg7928\",\r\n  \"etag\": \"W/\\\"8968fb47-e3ad-4b50-ae31-337146a407d5\\\"\",\r\n  \"type\": \"Microsoft.Network/networkSecurityGroups\",\r\n  \"location\": \"southcentralus\",\r\n  \"tags\": {},\r\n  \"properties\": {\r\n    \"provisioningState\": \"Succeeded\",\r\n    \"resourceGuid\": \"af7c6777-42dd-4e47-b9b0-d8f1c7315a2e\",\r\n    \"securityRules\": [\r\n      {\r\n        \"name\": \"rule1\",\r\n        \"id\": \"/subscriptions/0b1f6471-1bf0-4dda-aec3-cb9272f09590/resourceGroups/rgfluentchash-3385/providers/Microsoft.Network/networkSecurityGroups/nsg7928/securityRules/rule1\",\r\n        \"etag\": \"W/\\\"8968fb47-e3ad-4b50-ae31-337146a407d5\\\"\",\r\n        \"properties\": {\r\n          \"provisioningState\": \"Succeeded\",\r\n          \"protocol\": \"tcp\",\r\n          \"sourcePortRange\": \"80\",\r\n          \"destinationPortRange\": \"80\",\r\n          \"sourceAddressPrefix\": \"*\",\r\n          \"destinationAddressPrefix\": \"*\",\r\n          \"access\": \"Allow\",\r\n          \"priority\": 100,\r\n          \"direction\": \"Inbound\",\r\n          \"sourcePortRanges\": [],\r\n          \"destinationPortRanges\": [],\r\n          \"sourceAddressPrefixes\": [],\r\n          \"destinationAddressPrefixes\": []\r\n        }\r\n      }\r\n    ],\r\n    \"defaultSecurityRules\": [\r\n      {\r\n        \"name\": \"AllowVnetInBound\",\r\n        \"id\": \"/subscriptions/0b1f6471-1bf0-4dda-aec3-cb9272f09590/resourceGroups/rgfluentchash-3385/providers/Microsoft.Network/networkSecurityGroups/nsg7928/defaultSecurityRules/AllowVnetInBound\",\r\n        \"etag\": \"W/\\\"8968fb47-e3ad-4b50-ae31-337146a407d5\\\"\",\r\n        \"properties\": {\r\n          \"provisioningState\": \"Succeeded\",\r\n          \"description\": \"Allow inbound traffic from all VMs in VNET\",\r\n          \"protocol\": \"*\",\r\n          \"sourcePortRange\": \"*\",\r\n          \"destinationPortRange\": \"*\",\r\n          \"sourceAddressPrefix\": \"VirtualNetwork\",\r\n          \"destinationAddressPrefix\": \"VirtualNetwork\",\r\n          \"access\": \"Allow\",\r\n          \"priority\": 65000,\r\n          \"direction\": \"Inbound\",\r\n          \"sourcePortRanges\": [],\r\n          \"destinationPortRanges\": [],\r\n          \"sourceAddressPrefixes\": [],\r\n          \"destinationAddressPrefixes\": []\r\n        }\r\n      },\r\n      {\r\n        \"name\": \"AllowAzureLoadBalancerInBound\",\r\n        \"id\": \"/subscriptions/0b1f6471-1bf0-4dda-aec3-cb9272f09590/resourceGroups/rgfluentchash-3385/providers/Microsoft.Network/networkSecurityGroups/nsg7928/defaultSecurityRules/AllowAzureLoadBalancerInBound\",\r\n        \"etag\": \"W/\\\"8968fb47-e3ad-4b50-ae31-337146a407d5\\\"\",\r\n        \"properties\": {\r\n          \"provisioningState\": \"Succeeded\",\r\n          \"description\": \"Allow inbound traffic from azure load balancer\",\r\n          \"protocol\": \"*\",\r\n          \"sourcePortRange\": \"*\",\r\n          \"destinationPortRange\": \"*\",\r\n          \"sourceAddressPrefix\": \"AzureLoadBalancer\",\r\n          \"destinationAddressPrefix\": \"*\",\r\n          \"access\": \"Allow\",\r\n          \"priority\": 65001,\r\n          \"direction\": \"Inbound\",\r\n          \"sourcePortRanges\": [],\r\n          \"destinationPortRanges\": [],\r\n          \"sourceAddressPrefixes\": [],\r\n          \"destinationAddressPrefixes\": []\r\n        }\r\n      },\r\n      {\r\n        \"name\": \"DenyAllInBound\",\r\n        \"id\": \"/subscriptions/0b1f6471-1bf0-4dda-aec3-cb9272f09590/resourceGroups/rgfluentchash-3385/providers/Microsoft.Network/networkSecurityGroups/nsg7928/defaultSecurityRules/DenyAllInBound\",\r\n        \"etag\": \"W/\\\"8968fb47-e3ad-4b50-ae31-337146a407d5\\\"\",\r\n        \"properties\": {\r\n          \"provisioningState\": \"Succeeded\",\r\n          \"description\": \"Deny all inbound traffic\",\r\n          \"protocol\": \"*\",\r\n          \"sourcePortRange\": \"*\",\r\n          \"destinationPortRange\": \"*\",\r\n          \"sourceAddressPrefix\": \"*\",\r\n          \"destinationAddressPrefix\": \"*\",\r\n          \"access\": \"Deny\",\r\n          \"priority\": 65500,\r\n          \"direction\": \"Inbound\",\r\n          \"sourcePortRanges\": [],\r\n          \"destinationPortRanges\": [],\r\n          \"sourceAddressPrefixes\": [],\r\n          \"destinationAddressPrefixes\": []\r\n        }\r\n      },\r\n      {\r\n        \"name\": \"AllowVnetOutBound\",\r\n        \"id\": \"/subscriptions/0b1f6471-1bf0-4dda-aec3-cb9272f09590/resourceGroups/rgfluentchash-3385/providers/Microsoft.Network/networkSecurityGroups/nsg7928/defaultSecurityRules/AllowVnetOutBound\",\r\n        \"etag\": \"W/\\\"8968fb47-e3ad-4b50-ae31-337146a407d5\\\"\",\r\n        \"properties\": {\r\n          \"provisioningState\": \"Succeeded\",\r\n          \"description\": \"Allow outbound traffic from all VMs to all VMs in VNET\",\r\n          \"protocol\": \"*\",\r\n          \"sourcePortRange\": \"*\",\r\n          \"destinationPortRange\": \"*\",\r\n          \"sourceAddressPrefix\": \"VirtualNetwork\",\r\n          \"destinationAddressPrefix\": \"VirtualNetwork\",\r\n          \"access\": \"Allow\",\r\n          \"priority\": 65000,\r\n          \"direction\": \"Outbound\",\r\n          \"sourcePortRanges\": [],\r\n          \"destinationPortRanges\": [],\r\n          \"sourceAddressPrefixes\": [],\r\n          \"destinationAddressPrefixes\": []\r\n        }\r\n      },\r\n      {\r\n        \"name\": \"AllowInternetOutBound\",\r\n        \"id\": \"/subscriptions/0b1f6471-1bf0-4dda-aec3-cb9272f09590/resourceGroups/rgfluentchash-3385/providers/Microsoft.Network/networkSecurityGroups/nsg7928/defaultSecurityRules/AllowInternetOutBound\",\r\n        \"etag\": \"W/\\\"8968fb47-e3ad-4b50-ae31-337146a407d5\\\"\",\r\n        \"properties\": {\r\n          \"provisioningState\": \"Succeeded\",\r\n          \"description\": \"Allow outbound traffic from all VMs to Internet\",\r\n          \"protocol\": \"*\",\r\n          \"sourcePortRange\": \"*\",\r\n          \"destinationPortRange\": \"*\",\r\n          \"sourceAddressPrefix\": \"*\",\r\n          \"destinationAddressPrefix\": \"Internet\",\r\n          \"access\": \"Allow\",\r\n          \"priority\": 65001,\r\n          \"direction\": \"Outbound\",\r\n          \"sourcePortRanges\": [],\r\n          \"destinationPortRanges\": [],\r\n          \"sourceAddressPrefixes\": [],\r\n          \"destinationAddressPrefixes\": []\r\n        }\r\n      },\r\n      {\r\n        \"name\": \"DenyAllOutBound\",\r\n        \"id\": \"/subscriptions/0b1f6471-1bf0-4dda-aec3-cb9272f09590/resourceGroups/rgfluentchash-3385/providers/Microsoft.Network/networkSecurityGroups/nsg7928/defaultSecurityRules/DenyAllOutBound\",\r\n        \"etag\": \"W/\\\"8968fb47-e3ad-4b50-ae31-337146a407d5\\\"\",\r\n        \"properties\": {\r\n          \"provisioningState\": \"Succeeded\",\r\n          \"description\": \"Deny all outbound traffic\",\r\n          \"protocol\": \"*\",\r\n          \"sourcePortRange\": \"*\",\r\n          \"destinationPortRange\": \"*\",\r\n          \"sourceAddressPrefix\": \"*\",\r\n          \"destinationAddressPrefix\": \"*\",\r\n          \"access\": \"Deny\",\r\n          \"priority\": 65500,\r\n          \"direction\": \"Outbound\",\r\n          \"sourcePortRanges\": [],\r\n          \"destinationPortRanges\": [],\r\n          \"sourceAddressPrefixes\": [],\r\n          \"destinationAddressPrefixes\": []\r\n        }\r\n      }\r\n    ],\r\n    \"subnets\": [\r\n      {\r\n        \"id\": \"/subscriptions/0b1f6471-1bf0-4dda-aec3-cb9272f09590/resourceGroups/rgfluentchash-3385/providers/Microsoft.Network/virtualNetworks/net6530/subnets/subnet1\"\r\n      }\r\n    ]\r\n  }\r\n}",
      "ResponseHeaders": {
        "Content-Type": [
          "application/json; charset=utf-8"
        ],
        "Expires": [
          "-1"
        ],
        "Cache-Control": [
          "no-cache"
        ],
        "Date": [
          "Tue, 09 Jan 2018 23:12:00 GMT"
        ],
        "Pragma": [
          "no-cache"
        ],
        "Transfer-Encoding": [
          "chunked"
        ],
        "ETag": [
          "W/\"8968fb47-e3ad-4b50-ae31-337146a407d5\""
        ],
        "Server": [
          "Microsoft-HTTPAPI/2.0",
          "Microsoft-HTTPAPI/2.0"
        ],
        "Vary": [
          "Accept-Encoding"
        ],
        "x-ms-request-id": [
          "4a2c4341-771d-46b6-97ac-b5455e53107f"
        ],
        "Strict-Transport-Security": [
          "max-age=31536000; includeSubDomains"
        ],
        "x-ms-ratelimit-remaining-subscription-reads": [
          "14987"
        ],
        "x-ms-correlation-request-id": [
          "03c4bcf6-8ff8-4274-b946-142f4269a04a"
        ],
        "x-ms-routing-request-id": [
          "WESTUS2:20180109T231201Z:03c4bcf6-8ff8-4274-b946-142f4269a04a"
        ]
      },
      "StatusCode": 200
    },
    {
      "RequestUri": "/subscriptions/0b1f6471-1bf0-4dda-aec3-cb9272f09590/resourceGroups/rgfluentchash-3385/providers/Microsoft.Network/networkSecurityGroups/nsg7928?api-version=2017-08-01",
      "EncodedRequestUri": "L3N1YnNjcmlwdGlvbnMvMGIxZjY0NzEtMWJmMC00ZGRhLWFlYzMtY2I5MjcyZjA5NTkwL3Jlc291cmNlR3JvdXBzL3JnZmx1ZW50Y2hhc2gtMzM4NS9wcm92aWRlcnMvTWljcm9zb2Z0Lk5ldHdvcmsvbmV0d29ya1NlY3VyaXR5R3JvdXBzL25zZzc5Mjg/YXBpLXZlcnNpb249MjAxNy0wOC0wMQ==",
      "RequestMethod": "GET",
      "RequestBody": "",
      "RequestHeaders": {
        "x-ms-client-request-id": [
          "9c447b0d-ab76-4cdb-84ea-43523a567bce"
        ],
        "accept-language": [
          "en-US"
        ],
        "User-Agent": [
          "FxVersion/4.6.25211.01",
          "Microsoft.Azure.Management.Network.Fluent.NetworkManagementClient/1.4.1.0",
          "MacAddressHash/8aacf6245de346f347b0601b2da7a93ac9072c00fb7b723a469bc615c87f34d2"
        ]
      },
      "ResponseBody": "{\r\n  \"name\": \"nsg7928\",\r\n  \"id\": \"/subscriptions/0b1f6471-1bf0-4dda-aec3-cb9272f09590/resourceGroups/rgfluentchash-3385/providers/Microsoft.Network/networkSecurityGroups/nsg7928\",\r\n  \"etag\": \"W/\\\"8968fb47-e3ad-4b50-ae31-337146a407d5\\\"\",\r\n  \"type\": \"Microsoft.Network/networkSecurityGroups\",\r\n  \"location\": \"southcentralus\",\r\n  \"tags\": {},\r\n  \"properties\": {\r\n    \"provisioningState\": \"Succeeded\",\r\n    \"resourceGuid\": \"af7c6777-42dd-4e47-b9b0-d8f1c7315a2e\",\r\n    \"securityRules\": [\r\n      {\r\n        \"name\": \"rule1\",\r\n        \"id\": \"/subscriptions/0b1f6471-1bf0-4dda-aec3-cb9272f09590/resourceGroups/rgfluentchash-3385/providers/Microsoft.Network/networkSecurityGroups/nsg7928/securityRules/rule1\",\r\n        \"etag\": \"W/\\\"8968fb47-e3ad-4b50-ae31-337146a407d5\\\"\",\r\n        \"properties\": {\r\n          \"provisioningState\": \"Succeeded\",\r\n          \"protocol\": \"tcp\",\r\n          \"sourcePortRange\": \"80\",\r\n          \"destinationPortRange\": \"80\",\r\n          \"sourceAddressPrefix\": \"*\",\r\n          \"destinationAddressPrefix\": \"*\",\r\n          \"access\": \"Allow\",\r\n          \"priority\": 100,\r\n          \"direction\": \"Inbound\",\r\n          \"sourcePortRanges\": [],\r\n          \"destinationPortRanges\": [],\r\n          \"sourceAddressPrefixes\": [],\r\n          \"destinationAddressPrefixes\": []\r\n        }\r\n      }\r\n    ],\r\n    \"defaultSecurityRules\": [\r\n      {\r\n        \"name\": \"AllowVnetInBound\",\r\n        \"id\": \"/subscriptions/0b1f6471-1bf0-4dda-aec3-cb9272f09590/resourceGroups/rgfluentchash-3385/providers/Microsoft.Network/networkSecurityGroups/nsg7928/defaultSecurityRules/AllowVnetInBound\",\r\n        \"etag\": \"W/\\\"8968fb47-e3ad-4b50-ae31-337146a407d5\\\"\",\r\n        \"properties\": {\r\n          \"provisioningState\": \"Succeeded\",\r\n          \"description\": \"Allow inbound traffic from all VMs in VNET\",\r\n          \"protocol\": \"*\",\r\n          \"sourcePortRange\": \"*\",\r\n          \"destinationPortRange\": \"*\",\r\n          \"sourceAddressPrefix\": \"VirtualNetwork\",\r\n          \"destinationAddressPrefix\": \"VirtualNetwork\",\r\n          \"access\": \"Allow\",\r\n          \"priority\": 65000,\r\n          \"direction\": \"Inbound\",\r\n          \"sourcePortRanges\": [],\r\n          \"destinationPortRanges\": [],\r\n          \"sourceAddressPrefixes\": [],\r\n          \"destinationAddressPrefixes\": []\r\n        }\r\n      },\r\n      {\r\n        \"name\": \"AllowAzureLoadBalancerInBound\",\r\n        \"id\": \"/subscriptions/0b1f6471-1bf0-4dda-aec3-cb9272f09590/resourceGroups/rgfluentchash-3385/providers/Microsoft.Network/networkSecurityGroups/nsg7928/defaultSecurityRules/AllowAzureLoadBalancerInBound\",\r\n        \"etag\": \"W/\\\"8968fb47-e3ad-4b50-ae31-337146a407d5\\\"\",\r\n        \"properties\": {\r\n          \"provisioningState\": \"Succeeded\",\r\n          \"description\": \"Allow inbound traffic from azure load balancer\",\r\n          \"protocol\": \"*\",\r\n          \"sourcePortRange\": \"*\",\r\n          \"destinationPortRange\": \"*\",\r\n          \"sourceAddressPrefix\": \"AzureLoadBalancer\",\r\n          \"destinationAddressPrefix\": \"*\",\r\n          \"access\": \"Allow\",\r\n          \"priority\": 65001,\r\n          \"direction\": \"Inbound\",\r\n          \"sourcePortRanges\": [],\r\n          \"destinationPortRanges\": [],\r\n          \"sourceAddressPrefixes\": [],\r\n          \"destinationAddressPrefixes\": []\r\n        }\r\n      },\r\n      {\r\n        \"name\": \"DenyAllInBound\",\r\n        \"id\": \"/subscriptions/0b1f6471-1bf0-4dda-aec3-cb9272f09590/resourceGroups/rgfluentchash-3385/providers/Microsoft.Network/networkSecurityGroups/nsg7928/defaultSecurityRules/DenyAllInBound\",\r\n        \"etag\": \"W/\\\"8968fb47-e3ad-4b50-ae31-337146a407d5\\\"\",\r\n        \"properties\": {\r\n          \"provisioningState\": \"Succeeded\",\r\n          \"description\": \"Deny all inbound traffic\",\r\n          \"protocol\": \"*\",\r\n          \"sourcePortRange\": \"*\",\r\n          \"destinationPortRange\": \"*\",\r\n          \"sourceAddressPrefix\": \"*\",\r\n          \"destinationAddressPrefix\": \"*\",\r\n          \"access\": \"Deny\",\r\n          \"priority\": 65500,\r\n          \"direction\": \"Inbound\",\r\n          \"sourcePortRanges\": [],\r\n          \"destinationPortRanges\": [],\r\n          \"sourceAddressPrefixes\": [],\r\n          \"destinationAddressPrefixes\": []\r\n        }\r\n      },\r\n      {\r\n        \"name\": \"AllowVnetOutBound\",\r\n        \"id\": \"/subscriptions/0b1f6471-1bf0-4dda-aec3-cb9272f09590/resourceGroups/rgfluentchash-3385/providers/Microsoft.Network/networkSecurityGroups/nsg7928/defaultSecurityRules/AllowVnetOutBound\",\r\n        \"etag\": \"W/\\\"8968fb47-e3ad-4b50-ae31-337146a407d5\\\"\",\r\n        \"properties\": {\r\n          \"provisioningState\": \"Succeeded\",\r\n          \"description\": \"Allow outbound traffic from all VMs to all VMs in VNET\",\r\n          \"protocol\": \"*\",\r\n          \"sourcePortRange\": \"*\",\r\n          \"destinationPortRange\": \"*\",\r\n          \"sourceAddressPrefix\": \"VirtualNetwork\",\r\n          \"destinationAddressPrefix\": \"VirtualNetwork\",\r\n          \"access\": \"Allow\",\r\n          \"priority\": 65000,\r\n          \"direction\": \"Outbound\",\r\n          \"sourcePortRanges\": [],\r\n          \"destinationPortRanges\": [],\r\n          \"sourceAddressPrefixes\": [],\r\n          \"destinationAddressPrefixes\": []\r\n        }\r\n      },\r\n      {\r\n        \"name\": \"AllowInternetOutBound\",\r\n        \"id\": \"/subscriptions/0b1f6471-1bf0-4dda-aec3-cb9272f09590/resourceGroups/rgfluentchash-3385/providers/Microsoft.Network/networkSecurityGroups/nsg7928/defaultSecurityRules/AllowInternetOutBound\",\r\n        \"etag\": \"W/\\\"8968fb47-e3ad-4b50-ae31-337146a407d5\\\"\",\r\n        \"properties\": {\r\n          \"provisioningState\": \"Succeeded\",\r\n          \"description\": \"Allow outbound traffic from all VMs to Internet\",\r\n          \"protocol\": \"*\",\r\n          \"sourcePortRange\": \"*\",\r\n          \"destinationPortRange\": \"*\",\r\n          \"sourceAddressPrefix\": \"*\",\r\n          \"destinationAddressPrefix\": \"Internet\",\r\n          \"access\": \"Allow\",\r\n          \"priority\": 65001,\r\n          \"direction\": \"Outbound\",\r\n          \"sourcePortRanges\": [],\r\n          \"destinationPortRanges\": [],\r\n          \"sourceAddressPrefixes\": [],\r\n          \"destinationAddressPrefixes\": []\r\n        }\r\n      },\r\n      {\r\n        \"name\": \"DenyAllOutBound\",\r\n        \"id\": \"/subscriptions/0b1f6471-1bf0-4dda-aec3-cb9272f09590/resourceGroups/rgfluentchash-3385/providers/Microsoft.Network/networkSecurityGroups/nsg7928/defaultSecurityRules/DenyAllOutBound\",\r\n        \"etag\": \"W/\\\"8968fb47-e3ad-4b50-ae31-337146a407d5\\\"\",\r\n        \"properties\": {\r\n          \"provisioningState\": \"Succeeded\",\r\n          \"description\": \"Deny all outbound traffic\",\r\n          \"protocol\": \"*\",\r\n          \"sourcePortRange\": \"*\",\r\n          \"destinationPortRange\": \"*\",\r\n          \"sourceAddressPrefix\": \"*\",\r\n          \"destinationAddressPrefix\": \"*\",\r\n          \"access\": \"Deny\",\r\n          \"priority\": 65500,\r\n          \"direction\": \"Outbound\",\r\n          \"sourcePortRanges\": [],\r\n          \"destinationPortRanges\": [],\r\n          \"sourceAddressPrefixes\": [],\r\n          \"destinationAddressPrefixes\": []\r\n        }\r\n      }\r\n    ],\r\n    \"subnets\": [\r\n      {\r\n        \"id\": \"/subscriptions/0b1f6471-1bf0-4dda-aec3-cb9272f09590/resourceGroups/rgfluentchash-3385/providers/Microsoft.Network/virtualNetworks/net6530/subnets/subnet1\"\r\n      }\r\n    ]\r\n  }\r\n}",
      "ResponseHeaders": {
        "Content-Type": [
          "application/json; charset=utf-8"
        ],
        "Expires": [
          "-1"
        ],
        "Cache-Control": [
          "no-cache"
        ],
        "Date": [
          "Tue, 09 Jan 2018 23:12:00 GMT"
        ],
        "Pragma": [
          "no-cache"
        ],
        "Transfer-Encoding": [
          "chunked"
        ],
        "ETag": [
          "W/\"8968fb47-e3ad-4b50-ae31-337146a407d5\""
        ],
        "Server": [
          "Microsoft-HTTPAPI/2.0",
          "Microsoft-HTTPAPI/2.0"
        ],
        "Vary": [
          "Accept-Encoding"
        ],
        "x-ms-request-id": [
          "604f3ffe-7bae-4efb-9366-9467645d82a2"
        ],
        "Strict-Transport-Security": [
          "max-age=31536000; includeSubDomains"
        ],
        "x-ms-ratelimit-remaining-subscription-reads": [
          "14985"
        ],
        "x-ms-correlation-request-id": [
          "907aac77-044f-4116-badc-02871adec525"
        ],
        "x-ms-routing-request-id": [
          "WESTUS2:20180109T231201Z:907aac77-044f-4116-badc-02871adec525"
        ]
      },
      "StatusCode": 200
    },
    {
      "RequestUri": "/subscriptions/0b1f6471-1bf0-4dda-aec3-cb9272f09590/resourceGroups/rgfluentchash-3385/providers/Microsoft.Network/virtualNetworks/net6530?api-version=2017-08-01",
      "EncodedRequestUri": "L3N1YnNjcmlwdGlvbnMvMGIxZjY0NzEtMWJmMC00ZGRhLWFlYzMtY2I5MjcyZjA5NTkwL3Jlc291cmNlR3JvdXBzL3JnZmx1ZW50Y2hhc2gtMzM4NS9wcm92aWRlcnMvTWljcm9zb2Z0Lk5ldHdvcmsvdmlydHVhbE5ldHdvcmtzL25ldDY1MzA/YXBpLXZlcnNpb249MjAxNy0wOC0wMQ==",
      "RequestMethod": "PUT",
      "RequestBody": "{\r\n  \"properties\": {\r\n    \"addressSpace\": {\r\n      \"addressPrefixes\": [\r\n        \"10.0.0.0/28\"\r\n      ]\r\n    },\r\n    \"dhcpOptions\": {\r\n      \"dnsServers\": []\r\n    },\r\n    \"subnets\": [\r\n      {\r\n        \"properties\": {\r\n          \"addressPrefix\": \"10.0.0.0/29\",\r\n          \"networkSecurityGroup\": {\r\n            \"id\": \"/subscriptions/0b1f6471-1bf0-4dda-aec3-cb9272f09590/resourceGroups/rgfluentchash-3385/providers/Microsoft.Network/networkSecurityGroups/nsg7928\"\r\n          }\r\n        },\r\n        \"name\": \"subnet1\"\r\n      }\r\n    ]\r\n  },\r\n  \"location\": \"southcentralus\",\r\n  \"tags\": {}\r\n}",
      "RequestHeaders": {
        "Content-Type": [
          "application/json; charset=utf-8"
        ],
        "Content-Length": [
          "586"
        ],
        "x-ms-client-request-id": [
          "4361fafd-61f1-4f8e-8959-2ee66c071a09"
        ],
        "accept-language": [
          "en-US"
        ],
        "User-Agent": [
          "FxVersion/4.6.25211.01",
          "Microsoft.Azure.Management.Network.Fluent.NetworkManagementClient/1.4.1.0",
          "MacAddressHash/8aacf6245de346f347b0601b2da7a93ac9072c00fb7b723a469bc615c87f34d2"
        ]
      },
      "ResponseBody": "{\r\n  \"name\": \"net6530\",\r\n  \"id\": \"/subscriptions/0b1f6471-1bf0-4dda-aec3-cb9272f09590/resourceGroups/rgfluentchash-3385/providers/Microsoft.Network/virtualNetworks/net6530\",\r\n  \"etag\": \"W/\\\"4bbe3b47-524d-4ff5-8452-82d77b160ffe\\\"\",\r\n  \"type\": \"Microsoft.Network/virtualNetworks\",\r\n  \"location\": \"southcentralus\",\r\n  \"tags\": {},\r\n  \"properties\": {\r\n    \"provisioningState\": \"Updating\",\r\n    \"resourceGuid\": \"58a8eae3-4df7-44f1-be8f-891b318c8160\",\r\n    \"addressSpace\": {\r\n      \"addressPrefixes\": [\r\n        \"10.0.0.0/28\"\r\n      ]\r\n    },\r\n    \"dhcpOptions\": {\r\n      \"dnsServers\": []\r\n    },\r\n    \"subnets\": [\r\n      {\r\n        \"name\": \"subnet1\",\r\n        \"id\": \"/subscriptions/0b1f6471-1bf0-4dda-aec3-cb9272f09590/resourceGroups/rgfluentchash-3385/providers/Microsoft.Network/virtualNetworks/net6530/subnets/subnet1\",\r\n        \"etag\": \"W/\\\"4bbe3b47-524d-4ff5-8452-82d77b160ffe\\\"\",\r\n        \"properties\": {\r\n          \"provisioningState\": \"Updating\",\r\n          \"addressPrefix\": \"10.0.0.0/29\",\r\n          \"networkSecurityGroup\": {\r\n            \"id\": \"/subscriptions/0b1f6471-1bf0-4dda-aec3-cb9272f09590/resourceGroups/rgfluentchash-3385/providers/Microsoft.Network/networkSecurityGroups/nsg7928\"\r\n          }\r\n        }\r\n      }\r\n    ],\r\n    \"virtualNetworkPeerings\": [],\r\n    \"enableDdosProtection\": false,\r\n    \"enableVmProtection\": false\r\n  }\r\n}",
      "ResponseHeaders": {
        "Content-Length": [
          "1346"
        ],
        "Content-Type": [
          "application/json; charset=utf-8"
        ],
        "Expires": [
          "-1"
        ],
        "Cache-Control": [
          "no-cache"
        ],
        "Date": [
          "Tue, 09 Jan 2018 23:08:30 GMT"
        ],
        "Pragma": [
          "no-cache"
        ],
        "Retry-After": [
          "3"
        ],
        "Server": [
          "Microsoft-HTTPAPI/2.0",
          "Microsoft-HTTPAPI/2.0"
        ],
        "x-ms-request-id": [
          "8fcca140-0089-465c-93f5-691cac46f783"
        ],
        "Azure-AsyncOperation": [
          "https://management.azure.com/subscriptions/0b1f6471-1bf0-4dda-aec3-cb9272f09590/providers/Microsoft.Network/locations/southcentralus/operations/8fcca140-0089-465c-93f5-691cac46f783?api-version=2017-08-01"
        ],
        "Strict-Transport-Security": [
          "max-age=31536000; includeSubDomains"
        ],
        "x-ms-ratelimit-remaining-subscription-writes": [
          "1197"
        ],
        "x-ms-correlation-request-id": [
          "0b918633-778e-4939-b850-500d060d28ec"
        ],
        "x-ms-routing-request-id": [
          "WESTUS2:20180109T230831Z:0b918633-778e-4939-b850-500d060d28ec"
        ]
      },
      "StatusCode": 201
    },
    {
      "RequestUri": "/subscriptions/0b1f6471-1bf0-4dda-aec3-cb9272f09590/providers/Microsoft.Network/locations/southcentralus/operations/8fcca140-0089-465c-93f5-691cac46f783?api-version=2017-08-01",
      "EncodedRequestUri": "L3N1YnNjcmlwdGlvbnMvMGIxZjY0NzEtMWJmMC00ZGRhLWFlYzMtY2I5MjcyZjA5NTkwL3Byb3ZpZGVycy9NaWNyb3NvZnQuTmV0d29yay9sb2NhdGlvbnMvc291dGhjZW50cmFsdXMvb3BlcmF0aW9ucy84ZmNjYTE0MC0wMDg5LTQ2NWMtOTNmNS02OTFjYWM0NmY3ODM/YXBpLXZlcnNpb249MjAxNy0wOC0wMQ==",
      "RequestMethod": "GET",
      "RequestBody": "",
      "RequestHeaders": {
        "User-Agent": [
          "FxVersion/4.6.25211.01",
          "Microsoft.Azure.Management.Network.Fluent.NetworkManagementClient/1.4.1.0",
          "MacAddressHash/8aacf6245de346f347b0601b2da7a93ac9072c00fb7b723a469bc615c87f34d2"
        ]
      },
      "ResponseBody": "{\r\n  \"status\": \"Succeeded\"\r\n}",
      "ResponseHeaders": {
        "Content-Type": [
          "application/json; charset=utf-8"
        ],
        "Expires": [
          "-1"
        ],
        "Cache-Control": [
          "no-cache"
        ],
        "Date": [
          "Tue, 09 Jan 2018 23:08:40 GMT"
        ],
        "Pragma": [
          "no-cache"
        ],
        "Transfer-Encoding": [
          "chunked"
        ],
        "Server": [
          "Microsoft-HTTPAPI/2.0",
          "Microsoft-HTTPAPI/2.0"
        ],
        "Vary": [
          "Accept-Encoding"
        ],
        "x-ms-request-id": [
          "223d55cc-ee04-44fb-a666-fd651c143f5c"
        ],
        "Strict-Transport-Security": [
          "max-age=31536000; includeSubDomains"
        ],
        "x-ms-ratelimit-remaining-subscription-reads": [
          "14994"
        ],
        "x-ms-correlation-request-id": [
          "6bb2cea5-ab1f-49f8-95be-59143c1da203"
        ],
        "x-ms-routing-request-id": [
          "WESTUS2:20180109T230841Z:6bb2cea5-ab1f-49f8-95be-59143c1da203"
        ]
      },
      "StatusCode": 200
    },
    {
      "RequestUri": "/subscriptions/0b1f6471-1bf0-4dda-aec3-cb9272f09590/resourceGroups/rgfluentchash-3385/providers/Microsoft.Network/virtualNetworks/net6530?api-version=2017-08-01",
      "EncodedRequestUri": "L3N1YnNjcmlwdGlvbnMvMGIxZjY0NzEtMWJmMC00ZGRhLWFlYzMtY2I5MjcyZjA5NTkwL3Jlc291cmNlR3JvdXBzL3JnZmx1ZW50Y2hhc2gtMzM4NS9wcm92aWRlcnMvTWljcm9zb2Z0Lk5ldHdvcmsvdmlydHVhbE5ldHdvcmtzL25ldDY1MzA/YXBpLXZlcnNpb249MjAxNy0wOC0wMQ==",
      "RequestMethod": "GET",
      "RequestBody": "",
      "RequestHeaders": {
        "User-Agent": [
          "FxVersion/4.6.25211.01",
          "Microsoft.Azure.Management.Network.Fluent.NetworkManagementClient/1.4.1.0",
          "MacAddressHash/8aacf6245de346f347b0601b2da7a93ac9072c00fb7b723a469bc615c87f34d2"
        ]
      },
      "ResponseBody": "{\r\n  \"name\": \"net6530\",\r\n  \"id\": \"/subscriptions/0b1f6471-1bf0-4dda-aec3-cb9272f09590/resourceGroups/rgfluentchash-3385/providers/Microsoft.Network/virtualNetworks/net6530\",\r\n  \"etag\": \"W/\\\"985b99ef-2c91-4348-b97a-440b4aa0d6e3\\\"\",\r\n  \"type\": \"Microsoft.Network/virtualNetworks\",\r\n  \"location\": \"southcentralus\",\r\n  \"tags\": {},\r\n  \"properties\": {\r\n    \"provisioningState\": \"Succeeded\",\r\n    \"resourceGuid\": \"58a8eae3-4df7-44f1-be8f-891b318c8160\",\r\n    \"addressSpace\": {\r\n      \"addressPrefixes\": [\r\n        \"10.0.0.0/28\"\r\n      ]\r\n    },\r\n    \"dhcpOptions\": {\r\n      \"dnsServers\": []\r\n    },\r\n    \"subnets\": [\r\n      {\r\n        \"name\": \"subnet1\",\r\n        \"id\": \"/subscriptions/0b1f6471-1bf0-4dda-aec3-cb9272f09590/resourceGroups/rgfluentchash-3385/providers/Microsoft.Network/virtualNetworks/net6530/subnets/subnet1\",\r\n        \"etag\": \"W/\\\"985b99ef-2c91-4348-b97a-440b4aa0d6e3\\\"\",\r\n        \"properties\": {\r\n          \"provisioningState\": \"Succeeded\",\r\n          \"addressPrefix\": \"10.0.0.0/29\",\r\n          \"networkSecurityGroup\": {\r\n            \"id\": \"/subscriptions/0b1f6471-1bf0-4dda-aec3-cb9272f09590/resourceGroups/rgfluentchash-3385/providers/Microsoft.Network/networkSecurityGroups/nsg7928\"\r\n          }\r\n        }\r\n      }\r\n    ],\r\n    \"virtualNetworkPeerings\": [],\r\n    \"enableDdosProtection\": false,\r\n    \"enableVmProtection\": false\r\n  }\r\n}",
      "ResponseHeaders": {
        "Content-Type": [
          "application/json; charset=utf-8"
        ],
        "Expires": [
          "-1"
        ],
        "Cache-Control": [
          "no-cache"
        ],
        "Date": [
          "Tue, 09 Jan 2018 23:08:40 GMT"
        ],
        "Pragma": [
          "no-cache"
        ],
        "Transfer-Encoding": [
          "chunked"
        ],
        "ETag": [
          "W/\"985b99ef-2c91-4348-b97a-440b4aa0d6e3\""
        ],
        "Server": [
          "Microsoft-HTTPAPI/2.0",
          "Microsoft-HTTPAPI/2.0"
        ],
        "Vary": [
          "Accept-Encoding"
        ],
        "x-ms-request-id": [
          "9823dc9b-6a9e-42f8-8212-2abb7e03edf0"
        ],
        "Strict-Transport-Security": [
          "max-age=31536000; includeSubDomains"
        ],
        "x-ms-ratelimit-remaining-subscription-reads": [
          "14993"
        ],
        "x-ms-correlation-request-id": [
          "89a308a0-4f0c-4318-9cd6-95e4d9ab1706"
        ],
        "x-ms-routing-request-id": [
          "WESTUS2:20180109T230841Z:89a308a0-4f0c-4318-9cd6-95e4d9ab1706"
        ]
      },
      "StatusCode": 200
    },
    {
      "RequestUri": "/subscriptions/0b1f6471-1bf0-4dda-aec3-cb9272f09590/resourceGroups/rgfluentchash-3385/providers/Microsoft.Network/virtualNetworks/net6530?api-version=2017-08-01",
      "EncodedRequestUri": "L3N1YnNjcmlwdGlvbnMvMGIxZjY0NzEtMWJmMC00ZGRhLWFlYzMtY2I5MjcyZjA5NTkwL3Jlc291cmNlR3JvdXBzL3JnZmx1ZW50Y2hhc2gtMzM4NS9wcm92aWRlcnMvTWljcm9zb2Z0Lk5ldHdvcmsvdmlydHVhbE5ldHdvcmtzL25ldDY1MzA/YXBpLXZlcnNpb249MjAxNy0wOC0wMQ==",
      "RequestMethod": "GET",
      "RequestBody": "",
      "RequestHeaders": {
        "x-ms-client-request-id": [
          "a6fb0895-0bda-4220-9be1-ff1d5534be4c"
        ],
        "accept-language": [
          "en-US"
        ],
        "User-Agent": [
          "FxVersion/4.6.25211.01",
          "Microsoft.Azure.Management.Network.Fluent.NetworkManagementClient/1.4.1.0",
          "MacAddressHash/8aacf6245de346f347b0601b2da7a93ac9072c00fb7b723a469bc615c87f34d2"
        ]
      },
      "ResponseBody": "{\r\n  \"name\": \"net6530\",\r\n  \"id\": \"/subscriptions/0b1f6471-1bf0-4dda-aec3-cb9272f09590/resourceGroups/rgfluentchash-3385/providers/Microsoft.Network/virtualNetworks/net6530\",\r\n  \"etag\": \"W/\\\"187116ac-0fc9-4f8f-b626-c93d070ac7b8\\\"\",\r\n  \"type\": \"Microsoft.Network/virtualNetworks\",\r\n  \"location\": \"southcentralus\",\r\n  \"tags\": {},\r\n  \"properties\": {\r\n    \"provisioningState\": \"Succeeded\",\r\n    \"resourceGuid\": \"58a8eae3-4df7-44f1-be8f-891b318c8160\",\r\n    \"addressSpace\": {\r\n      \"addressPrefixes\": [\r\n        \"10.0.0.0/28\"\r\n      ]\r\n    },\r\n    \"dhcpOptions\": {\r\n      \"dnsServers\": []\r\n    },\r\n    \"subnets\": [\r\n      {\r\n        \"name\": \"subnet1\",\r\n        \"id\": \"/subscriptions/0b1f6471-1bf0-4dda-aec3-cb9272f09590/resourceGroups/rgfluentchash-3385/providers/Microsoft.Network/virtualNetworks/net6530/subnets/subnet1\",\r\n        \"etag\": \"W/\\\"187116ac-0fc9-4f8f-b626-c93d070ac7b8\\\"\",\r\n        \"properties\": {\r\n          \"provisioningState\": \"Succeeded\",\r\n          \"addressPrefix\": \"10.0.0.0/29\",\r\n          \"networkSecurityGroup\": {\r\n            \"id\": \"/subscriptions/0b1f6471-1bf0-4dda-aec3-cb9272f09590/resourceGroups/rgfluentchash-3385/providers/Microsoft.Network/networkSecurityGroups/nsg7928\"\r\n          },\r\n          \"ipConfigurations\": [\r\n            {\r\n              \"id\": \"/subscriptions/0b1f6471-1bf0-4dda-aec3-cb9272f09590/resourceGroups/rgfluentchash-3385/providers/Microsoft.Network/networkInterfaces/nicvm3452151067366/ipConfigurations/primary\"\r\n            }\r\n          ]\r\n        }\r\n      }\r\n    ],\r\n    \"virtualNetworkPeerings\": [],\r\n    \"enableDdosProtection\": false,\r\n    \"enableVmProtection\": false\r\n  }\r\n}",
      "ResponseHeaders": {
        "Content-Type": [
          "application/json; charset=utf-8"
        ],
        "Expires": [
          "-1"
        ],
        "Cache-Control": [
          "no-cache"
        ],
        "Date": [
          "Tue, 09 Jan 2018 23:12:00 GMT"
        ],
        "Pragma": [
          "no-cache"
        ],
        "Transfer-Encoding": [
          "chunked"
        ],
        "ETag": [
          "W/\"187116ac-0fc9-4f8f-b626-c93d070ac7b8\""
        ],
        "Server": [
          "Microsoft-HTTPAPI/2.0",
          "Microsoft-HTTPAPI/2.0"
        ],
        "Vary": [
          "Accept-Encoding"
        ],
        "x-ms-request-id": [
          "5975309e-7554-4d11-92bc-39fc160ead6e"
        ],
        "Strict-Transport-Security": [
          "max-age=31536000; includeSubDomains"
        ],
        "x-ms-ratelimit-remaining-subscription-reads": [
          "14988"
        ],
        "x-ms-correlation-request-id": [
          "b96aa573-8efc-433f-a756-ce2ca16022c0"
        ],
        "x-ms-routing-request-id": [
          "WESTUS2:20180109T231201Z:b96aa573-8efc-433f-a756-ce2ca16022c0"
        ]
      },
      "StatusCode": 200
    },
    {
      "RequestUri": "/subscriptions/0b1f6471-1bf0-4dda-aec3-cb9272f09590/resourceGroups/rgfluentchash-3385/providers/Microsoft.Network/virtualNetworks/net6530?api-version=2017-08-01",
      "EncodedRequestUri": "L3N1YnNjcmlwdGlvbnMvMGIxZjY0NzEtMWJmMC00ZGRhLWFlYzMtY2I5MjcyZjA5NTkwL3Jlc291cmNlR3JvdXBzL3JnZmx1ZW50Y2hhc2gtMzM4NS9wcm92aWRlcnMvTWljcm9zb2Z0Lk5ldHdvcmsvdmlydHVhbE5ldHdvcmtzL25ldDY1MzA/YXBpLXZlcnNpb249MjAxNy0wOC0wMQ==",
      "RequestMethod": "GET",
      "RequestBody": "",
      "RequestHeaders": {
        "x-ms-client-request-id": [
          "386e38c2-55e7-42af-8275-b96660db956e"
        ],
        "accept-language": [
          "en-US"
        ],
        "User-Agent": [
          "FxVersion/4.6.25211.01",
          "Microsoft.Azure.Management.Network.Fluent.NetworkManagementClient/1.4.1.0",
          "MacAddressHash/8aacf6245de346f347b0601b2da7a93ac9072c00fb7b723a469bc615c87f34d2"
        ]
      },
      "ResponseBody": "{\r\n  \"name\": \"net6530\",\r\n  \"id\": \"/subscriptions/0b1f6471-1bf0-4dda-aec3-cb9272f09590/resourceGroups/rgfluentchash-3385/providers/Microsoft.Network/virtualNetworks/net6530\",\r\n  \"etag\": \"W/\\\"187116ac-0fc9-4f8f-b626-c93d070ac7b8\\\"\",\r\n  \"type\": \"Microsoft.Network/virtualNetworks\",\r\n  \"location\": \"southcentralus\",\r\n  \"tags\": {},\r\n  \"properties\": {\r\n    \"provisioningState\": \"Succeeded\",\r\n    \"resourceGuid\": \"58a8eae3-4df7-44f1-be8f-891b318c8160\",\r\n    \"addressSpace\": {\r\n      \"addressPrefixes\": [\r\n        \"10.0.0.0/28\"\r\n      ]\r\n    },\r\n    \"dhcpOptions\": {\r\n      \"dnsServers\": []\r\n    },\r\n    \"subnets\": [\r\n      {\r\n        \"name\": \"subnet1\",\r\n        \"id\": \"/subscriptions/0b1f6471-1bf0-4dda-aec3-cb9272f09590/resourceGroups/rgfluentchash-3385/providers/Microsoft.Network/virtualNetworks/net6530/subnets/subnet1\",\r\n        \"etag\": \"W/\\\"187116ac-0fc9-4f8f-b626-c93d070ac7b8\\\"\",\r\n        \"properties\": {\r\n          \"provisioningState\": \"Succeeded\",\r\n          \"addressPrefix\": \"10.0.0.0/29\",\r\n          \"networkSecurityGroup\": {\r\n            \"id\": \"/subscriptions/0b1f6471-1bf0-4dda-aec3-cb9272f09590/resourceGroups/rgfluentchash-3385/providers/Microsoft.Network/networkSecurityGroups/nsg7928\"\r\n          },\r\n          \"ipConfigurations\": [\r\n            {\r\n              \"id\": \"/subscriptions/0b1f6471-1bf0-4dda-aec3-cb9272f09590/resourceGroups/rgfluentchash-3385/providers/Microsoft.Network/networkInterfaces/nicvm3452151067366/ipConfigurations/primary\"\r\n            }\r\n          ]\r\n        }\r\n      }\r\n    ],\r\n    \"virtualNetworkPeerings\": [],\r\n    \"enableDdosProtection\": false,\r\n    \"enableVmProtection\": false\r\n  }\r\n}",
      "ResponseHeaders": {
        "Content-Type": [
          "application/json; charset=utf-8"
        ],
        "Expires": [
          "-1"
        ],
        "Cache-Control": [
          "no-cache"
        ],
        "Date": [
          "Tue, 09 Jan 2018 23:12:00 GMT"
        ],
        "Pragma": [
          "no-cache"
        ],
        "Transfer-Encoding": [
          "chunked"
        ],
        "ETag": [
          "W/\"187116ac-0fc9-4f8f-b626-c93d070ac7b8\""
        ],
        "Server": [
          "Microsoft-HTTPAPI/2.0",
          "Microsoft-HTTPAPI/2.0"
        ],
        "Vary": [
          "Accept-Encoding"
        ],
        "x-ms-request-id": [
          "18a9d479-b949-4af3-b989-4e24677670a2"
        ],
        "Strict-Transport-Security": [
          "max-age=31536000; includeSubDomains"
        ],
        "x-ms-ratelimit-remaining-subscription-reads": [
          "14986"
        ],
        "x-ms-correlation-request-id": [
          "2e25b440-5d33-4c41-89e3-f40e356c29dd"
        ],
        "x-ms-routing-request-id": [
          "WESTUS2:20180109T231201Z:2e25b440-5d33-4c41-89e3-f40e356c29dd"
        ]
      },
      "StatusCode": 200
    },
    {
      "RequestUri": "/subscriptions/0b1f6471-1bf0-4dda-aec3-cb9272f09590/resourceGroups/rgfluentchash-3385/providers/Microsoft.Network/networkInterfaces/nicvm3452151067366?api-version=2017-08-01",
      "EncodedRequestUri": "L3N1YnNjcmlwdGlvbnMvMGIxZjY0NzEtMWJmMC00ZGRhLWFlYzMtY2I5MjcyZjA5NTkwL3Jlc291cmNlR3JvdXBzL3JnZmx1ZW50Y2hhc2gtMzM4NS9wcm92aWRlcnMvTWljcm9zb2Z0Lk5ldHdvcmsvbmV0d29ya0ludGVyZmFjZXMvbmljdm0zNDUyMTUxMDY3MzY2P2FwaS12ZXJzaW9uPTIwMTctMDgtMDE=",
      "RequestMethod": "PUT",
      "RequestBody": "{\r\n  \"properties\": {\r\n    \"ipConfigurations\": [\r\n      {\r\n        \"properties\": {\r\n          \"privateIPAllocationMethod\": \"Dynamic\",\r\n          \"subnet\": {\r\n            \"id\": \"/subscriptions/0b1f6471-1bf0-4dda-aec3-cb9272f09590/resourceGroups/rgfluentchash-3385/providers/Microsoft.Network/virtualNetworks/net6530/subnets/subnet1\"\r\n          },\r\n          \"primary\": true\r\n        },\r\n        \"name\": \"primary\"\r\n      }\r\n    ],\r\n    \"dnsSettings\": {}\r\n  },\r\n  \"location\": \"southcentralus\",\r\n  \"tags\": {}\r\n}",
      "RequestHeaders": {
        "Content-Type": [
          "application/json; charset=utf-8"
        ],
        "Content-Length": [
          "506"
        ],
        "x-ms-client-request-id": [
          "f222e778-6b4f-4e41-aa71-716751444935"
        ],
        "accept-language": [
          "en-US"
        ],
        "User-Agent": [
          "FxVersion/4.6.25211.01",
          "Microsoft.Azure.Management.Network.Fluent.NetworkManagementClient/1.4.1.0",
          "MacAddressHash/8aacf6245de346f347b0601b2da7a93ac9072c00fb7b723a469bc615c87f34d2"
        ]
      },
      "ResponseBody": "{\r\n  \"name\": \"nicvm3452151067366\",\r\n  \"id\": \"/subscriptions/0b1f6471-1bf0-4dda-aec3-cb9272f09590/resourceGroups/rgfluentchash-3385/providers/Microsoft.Network/networkInterfaces/nicvm3452151067366\",\r\n  \"etag\": \"W/\\\"34f0da5c-b22c-48fd-9ded-25ef9983286b\\\"\",\r\n  \"location\": \"southcentralus\",\r\n  \"tags\": {},\r\n  \"properties\": {\r\n    \"provisioningState\": \"Succeeded\",\r\n    \"resourceGuid\": \"19e51d97-9b72-40b3-824a-da23daa93ab8\",\r\n    \"ipConfigurations\": [\r\n      {\r\n        \"name\": \"primary\",\r\n        \"id\": \"/subscriptions/0b1f6471-1bf0-4dda-aec3-cb9272f09590/resourceGroups/rgfluentchash-3385/providers/Microsoft.Network/networkInterfaces/nicvm3452151067366/ipConfigurations/primary\",\r\n        \"etag\": \"W/\\\"34f0da5c-b22c-48fd-9ded-25ef9983286b\\\"\",\r\n        \"properties\": {\r\n          \"provisioningState\": \"Succeeded\",\r\n          \"privateIPAddress\": \"10.0.0.4\",\r\n          \"privateIPAllocationMethod\": \"Dynamic\",\r\n          \"subnet\": {\r\n            \"id\": \"/subscriptions/0b1f6471-1bf0-4dda-aec3-cb9272f09590/resourceGroups/rgfluentchash-3385/providers/Microsoft.Network/virtualNetworks/net6530/subnets/subnet1\"\r\n          },\r\n          \"primary\": true,\r\n          \"privateIPAddressVersion\": \"IPv4\"\r\n        }\r\n      }\r\n    ],\r\n    \"dnsSettings\": {\r\n      \"dnsServers\": [],\r\n      \"appliedDnsServers\": [],\r\n      \"internalDomainNameSuffix\": \"2pvkqwhxjxyujpuprentddebma.jx.internal.cloudapp.net\"\r\n    },\r\n    \"enableAcceleratedNetworking\": false,\r\n    \"enableIPForwarding\": false\r\n  },\r\n  \"type\": \"Microsoft.Network/networkInterfaces\"\r\n}",
      "ResponseHeaders": {
        "Content-Length": [
          "1529"
        ],
        "Content-Type": [
          "application/json; charset=utf-8"
        ],
        "Expires": [
          "-1"
        ],
        "Cache-Control": [
          "no-cache"
        ],
        "Date": [
          "Tue, 09 Jan 2018 23:08:43 GMT"
        ],
        "Pragma": [
          "no-cache"
        ],
        "Server": [
          "Microsoft-HTTPAPI/2.0",
          "Microsoft-HTTPAPI/2.0"
        ],
        "x-ms-request-id": [
          "48f20997-e7f3-4b44-9c81-8976ab78ab92"
        ],
        "Azure-AsyncOperation": [
          "https://management.azure.com/subscriptions/0b1f6471-1bf0-4dda-aec3-cb9272f09590/providers/Microsoft.Network/locations/southcentralus/operations/48f20997-e7f3-4b44-9c81-8976ab78ab92?api-version=2017-08-01"
        ],
        "Strict-Transport-Security": [
          "max-age=31536000; includeSubDomains"
        ],
        "x-ms-ratelimit-remaining-subscription-writes": [
          "1199"
        ],
        "x-ms-correlation-request-id": [
          "488d099d-631c-4d26-827e-2498bfc9a395"
        ],
        "x-ms-routing-request-id": [
          "WESTUS2:20180109T230843Z:488d099d-631c-4d26-827e-2498bfc9a395"
        ]
      },
      "StatusCode": 201
    },
    {
      "RequestUri": "/subscriptions/0b1f6471-1bf0-4dda-aec3-cb9272f09590/resourceGroups/rgfluentchash-3385/providers/Microsoft.Network/networkInterfaces/nicvm3452151067366?api-version=2017-08-01",
      "EncodedRequestUri": "L3N1YnNjcmlwdGlvbnMvMGIxZjY0NzEtMWJmMC00ZGRhLWFlYzMtY2I5MjcyZjA5NTkwL3Jlc291cmNlR3JvdXBzL3JnZmx1ZW50Y2hhc2gtMzM4NS9wcm92aWRlcnMvTWljcm9zb2Z0Lk5ldHdvcmsvbmV0d29ya0ludGVyZmFjZXMvbmljdm0zNDUyMTUxMDY3MzY2P2FwaS12ZXJzaW9uPTIwMTctMDgtMDE=",
      "RequestMethod": "GET",
      "RequestBody": "",
      "RequestHeaders": {
        "User-Agent": [
          "FxVersion/4.6.25211.01",
          "Microsoft.Azure.Management.Network.Fluent.NetworkManagementClient/1.4.1.0",
          "MacAddressHash/8aacf6245de346f347b0601b2da7a93ac9072c00fb7b723a469bc615c87f34d2"
        ]
      },
      "ResponseBody": "{\r\n  \"name\": \"nicvm3452151067366\",\r\n  \"id\": \"/subscriptions/0b1f6471-1bf0-4dda-aec3-cb9272f09590/resourceGroups/rgfluentchash-3385/providers/Microsoft.Network/networkInterfaces/nicvm3452151067366\",\r\n  \"etag\": \"W/\\\"34f0da5c-b22c-48fd-9ded-25ef9983286b\\\"\",\r\n  \"location\": \"southcentralus\",\r\n  \"tags\": {},\r\n  \"properties\": {\r\n    \"provisioningState\": \"Succeeded\",\r\n    \"resourceGuid\": \"19e51d97-9b72-40b3-824a-da23daa93ab8\",\r\n    \"ipConfigurations\": [\r\n      {\r\n        \"name\": \"primary\",\r\n        \"id\": \"/subscriptions/0b1f6471-1bf0-4dda-aec3-cb9272f09590/resourceGroups/rgfluentchash-3385/providers/Microsoft.Network/networkInterfaces/nicvm3452151067366/ipConfigurations/primary\",\r\n        \"etag\": \"W/\\\"34f0da5c-b22c-48fd-9ded-25ef9983286b\\\"\",\r\n        \"properties\": {\r\n          \"provisioningState\": \"Succeeded\",\r\n          \"privateIPAddress\": \"10.0.0.4\",\r\n          \"privateIPAllocationMethod\": \"Dynamic\",\r\n          \"subnet\": {\r\n            \"id\": \"/subscriptions/0b1f6471-1bf0-4dda-aec3-cb9272f09590/resourceGroups/rgfluentchash-3385/providers/Microsoft.Network/virtualNetworks/net6530/subnets/subnet1\"\r\n          },\r\n          \"primary\": true,\r\n          \"privateIPAddressVersion\": \"IPv4\"\r\n        }\r\n      }\r\n    ],\r\n    \"dnsSettings\": {\r\n      \"dnsServers\": [],\r\n      \"appliedDnsServers\": [],\r\n      \"internalDomainNameSuffix\": \"2pvkqwhxjxyujpuprentddebma.jx.internal.cloudapp.net\"\r\n    },\r\n    \"enableAcceleratedNetworking\": false,\r\n    \"enableIPForwarding\": false\r\n  },\r\n  \"type\": \"Microsoft.Network/networkInterfaces\"\r\n}",
      "ResponseHeaders": {
        "Content-Type": [
          "application/json; charset=utf-8"
        ],
        "Expires": [
          "-1"
        ],
        "Cache-Control": [
          "no-cache"
        ],
        "Date": [
          "Tue, 09 Jan 2018 23:08:43 GMT"
        ],
        "Pragma": [
          "no-cache"
        ],
        "Transfer-Encoding": [
          "chunked"
        ],
        "ETag": [
          "W/\"34f0da5c-b22c-48fd-9ded-25ef9983286b\""
        ],
        "Server": [
          "Microsoft-HTTPAPI/2.0",
          "Microsoft-HTTPAPI/2.0"
        ],
        "Vary": [
          "Accept-Encoding"
        ],
        "x-ms-request-id": [
          "028c00ca-faae-4e4f-b3b5-861ef7acc18a"
        ],
        "Strict-Transport-Security": [
          "max-age=31536000; includeSubDomains"
        ],
        "x-ms-ratelimit-remaining-subscription-reads": [
          "14996"
        ],
        "x-ms-correlation-request-id": [
          "dfcac8a9-d1cd-47c1-8ba7-5f100130a617"
        ],
        "x-ms-routing-request-id": [
          "WESTUS2:20180109T230844Z:dfcac8a9-d1cd-47c1-8ba7-5f100130a617"
        ]
      },
      "StatusCode": 200
    },
    {
      "RequestUri": "/subscriptions/0b1f6471-1bf0-4dda-aec3-cb9272f09590/resourceGroups/rgfluentchash-3385/providers/Microsoft.Network/networkInterfaces/nicvm3452151067366?api-version=2017-08-01",
      "EncodedRequestUri": "L3N1YnNjcmlwdGlvbnMvMGIxZjY0NzEtMWJmMC00ZGRhLWFlYzMtY2I5MjcyZjA5NTkwL3Jlc291cmNlR3JvdXBzL3JnZmx1ZW50Y2hhc2gtMzM4NS9wcm92aWRlcnMvTWljcm9zb2Z0Lk5ldHdvcmsvbmV0d29ya0ludGVyZmFjZXMvbmljdm0zNDUyMTUxMDY3MzY2P2FwaS12ZXJzaW9uPTIwMTctMDgtMDE=",
      "RequestMethod": "GET",
      "RequestBody": "",
      "RequestHeaders": {
        "x-ms-client-request-id": [
          "2acdb61f-bc9a-4c70-8afe-ab3535e74420"
        ],
        "accept-language": [
          "en-US"
        ],
        "User-Agent": [
          "FxVersion/4.6.25211.01",
          "Microsoft.Azure.Management.Network.Fluent.NetworkManagementClient/1.4.1.0",
          "MacAddressHash/8aacf6245de346f347b0601b2da7a93ac9072c00fb7b723a469bc615c87f34d2"
        ]
      },
      "ResponseBody": "{\r\n  \"name\": \"nicvm3452151067366\",\r\n  \"id\": \"/subscriptions/0b1f6471-1bf0-4dda-aec3-cb9272f09590/resourceGroups/rgfluentchash-3385/providers/Microsoft.Network/networkInterfaces/nicvm3452151067366\",\r\n  \"etag\": \"W/\\\"94232d74-fbff-49de-98d4-6c1a67bc0a25\\\"\",\r\n  \"location\": \"southcentralus\",\r\n  \"tags\": {},\r\n  \"properties\": {\r\n    \"provisioningState\": \"Succeeded\",\r\n    \"resourceGuid\": \"19e51d97-9b72-40b3-824a-da23daa93ab8\",\r\n    \"ipConfigurations\": [\r\n      {\r\n        \"name\": \"primary\",\r\n        \"id\": \"/subscriptions/0b1f6471-1bf0-4dda-aec3-cb9272f09590/resourceGroups/rgfluentchash-3385/providers/Microsoft.Network/networkInterfaces/nicvm3452151067366/ipConfigurations/primary\",\r\n        \"etag\": \"W/\\\"94232d74-fbff-49de-98d4-6c1a67bc0a25\\\"\",\r\n        \"properties\": {\r\n          \"provisioningState\": \"Succeeded\",\r\n          \"privateIPAddress\": \"10.0.0.4\",\r\n          \"privateIPAllocationMethod\": \"Dynamic\",\r\n          \"subnet\": {\r\n            \"id\": \"/subscriptions/0b1f6471-1bf0-4dda-aec3-cb9272f09590/resourceGroups/rgfluentchash-3385/providers/Microsoft.Network/virtualNetworks/net6530/subnets/subnet1\"\r\n          },\r\n          \"primary\": true,\r\n          \"privateIPAddressVersion\": \"IPv4\"\r\n        }\r\n      }\r\n    ],\r\n    \"dnsSettings\": {\r\n      \"dnsServers\": [],\r\n      \"appliedDnsServers\": [],\r\n      \"internalDomainNameSuffix\": \"2pvkqwhxjxyujpuprentddebma.jx.internal.cloudapp.net\"\r\n    },\r\n    \"macAddress\": \"00-0D-3A-75-3C-74\",\r\n    \"enableAcceleratedNetworking\": false,\r\n    \"enableIPForwarding\": false,\r\n    \"primary\": true,\r\n    \"virtualMachine\": {\r\n      \"id\": \"/subscriptions/0b1f6471-1bf0-4dda-aec3-cb9272f09590/resourceGroups/rgfluentchash-3385/providers/Microsoft.Compute/virtualMachines/vm3452\"\r\n    }\r\n  },\r\n  \"type\": \"Microsoft.Network/networkInterfaces\"\r\n}",
      "ResponseHeaders": {
        "Content-Type": [
          "application/json; charset=utf-8"
        ],
        "Expires": [
          "-1"
        ],
        "Cache-Control": [
          "no-cache"
        ],
        "Date": [
          "Tue, 09 Jan 2018 23:12:00 GMT"
        ],
        "Pragma": [
          "no-cache"
        ],
        "Transfer-Encoding": [
          "chunked"
        ],
        "ETag": [
          "W/\"94232d74-fbff-49de-98d4-6c1a67bc0a25\""
        ],
        "Server": [
          "Microsoft-HTTPAPI/2.0",
          "Microsoft-HTTPAPI/2.0"
        ],
        "Vary": [
          "Accept-Encoding"
        ],
        "x-ms-request-id": [
          "70c5781e-2f05-401e-83ac-0b799262efb1"
        ],
        "Strict-Transport-Security": [
          "max-age=31536000; includeSubDomains"
        ],
        "x-ms-ratelimit-remaining-subscription-reads": [
          "14989"
        ],
        "x-ms-correlation-request-id": [
          "2577fbba-d211-44fe-89c8-2e2917043f0c"
        ],
        "x-ms-routing-request-id": [
          "WESTUS2:20180109T231201Z:2577fbba-d211-44fe-89c8-2e2917043f0c"
        ]
      },
      "StatusCode": 200
    },
    {
      "RequestUri": "/subscriptions/0b1f6471-1bf0-4dda-aec3-cb9272f09590/resourceGroups/rgfluentchash-3385/providers/Microsoft.Compute/virtualMachines/vm3452?api-version=2017-12-01",
      "EncodedRequestUri": "L3N1YnNjcmlwdGlvbnMvMGIxZjY0NzEtMWJmMC00ZGRhLWFlYzMtY2I5MjcyZjA5NTkwL3Jlc291cmNlR3JvdXBzL3JnZmx1ZW50Y2hhc2gtMzM4NS9wcm92aWRlcnMvTWljcm9zb2Z0LkNvbXB1dGUvdmlydHVhbE1hY2hpbmVzL3ZtMzQ1Mj9hcGktdmVyc2lvbj0yMDE3LTEyLTAx",
      "RequestMethod": "PUT",
      "RequestBody": "{\r\n  \"properties\": {\r\n    \"hardwareProfile\": {\r\n      \"vmSize\": \"Basic_A0\"\r\n    },\r\n    \"storageProfile\": {\r\n      \"imageReference\": {\r\n        \"publisher\": \"Canonical\",\r\n        \"offer\": \"UbuntuServer\",\r\n        \"sku\": \"16.04.0-LTS\",\r\n        \"version\": \"latest\"\r\n      },\r\n      \"osDisk\": {\r\n        \"caching\": \"ReadWrite\",\r\n        \"createOption\": \"FromImage\",\r\n        \"managedDisk\": {\r\n          \"storageAccountType\": \"Standard_LRS\"\r\n        }\r\n      }\r\n    },\r\n    \"osProfile\": {\r\n      \"computerName\": \"vm3452\",\r\n      \"adminUsername\": \"Foo12\",\r\n      \"adminPassword\": \"abc!@#F0orL\",\r\n      \"linuxConfiguration\": {\r\n        \"disablePasswordAuthentication\": false\r\n      }\r\n    },\r\n    \"networkProfile\": {\r\n      \"networkInterfaces\": [\r\n        {\r\n          \"properties\": {\r\n            \"primary\": true\r\n          },\r\n          \"id\": \"/subscriptions/0b1f6471-1bf0-4dda-aec3-cb9272f09590/resourceGroups/rgfluentchash-3385/providers/Microsoft.Network/networkInterfaces/nicvm3452151067366\"\r\n        }\r\n      ]\r\n    }\r\n  },\r\n  \"location\": \"southcentralus\",\r\n  \"tags\": {}\r\n}",
      "RequestHeaders": {
        "Content-Type": [
          "application/json; charset=utf-8"
        ],
        "Content-Length": [
          "1075"
        ],
        "x-ms-client-request-id": [
          "96173ef4-6bf3-4ec4-94e4-bb944f7fecac"
        ],
        "accept-language": [
          "en-US"
        ],
        "User-Agent": [
          "FxVersion/4.6.25211.01",
          "Microsoft.Azure.Management.Compute.Fluent.ComputeManagementClient/1.4.1.0",
          "MacAddressHash/8aacf6245de346f347b0601b2da7a93ac9072c00fb7b723a469bc615c87f34d2"
        ]
      },
      "ResponseBody": "{\r\n  \"properties\": {\r\n    \"vmId\": \"723174ab-9b04-4104-8131-21d056394cf5\",\r\n    \"hardwareProfile\": {\r\n      \"vmSize\": \"Basic_A0\"\r\n    },\r\n    \"storageProfile\": {\r\n      \"imageReference\": {\r\n        \"publisher\": \"Canonical\",\r\n        \"offer\": \"UbuntuServer\",\r\n        \"sku\": \"16.04.0-LTS\",\r\n        \"version\": \"latest\"\r\n      },\r\n      \"osDisk\": {\r\n        \"osType\": \"Linux\",\r\n        \"createOption\": \"FromImage\",\r\n        \"caching\": \"ReadWrite\",\r\n        \"managedDisk\": {\r\n          \"storageAccountType\": \"Standard_LRS\"\r\n        }\r\n      },\r\n      \"dataDisks\": []\r\n    },\r\n    \"osProfile\": {\r\n      \"computerName\": \"vm3452\",\r\n      \"adminUsername\": \"Foo12\",\r\n      \"linuxConfiguration\": {\r\n        \"disablePasswordAuthentication\": false\r\n      },\r\n      \"secrets\": []\r\n    },\r\n    \"networkProfile\": {\r\n      \"networkInterfaces\": [\r\n        {\r\n          \"id\": \"/subscriptions/0b1f6471-1bf0-4dda-aec3-cb9272f09590/resourceGroups/rgfluentchash-3385/providers/Microsoft.Network/networkInterfaces/nicvm3452151067366\",\r\n          \"properties\": {\r\n            \"primary\": true\r\n          }\r\n        }\r\n      ]\r\n    },\r\n    \"provisioningState\": \"Creating\"\r\n  },\r\n  \"type\": \"Microsoft.Compute/virtualMachines\",\r\n  \"location\": \"southcentralus\",\r\n  \"tags\": {},\r\n  \"id\": \"/subscriptions/0b1f6471-1bf0-4dda-aec3-cb9272f09590/resourceGroups/rgfluentchash-3385/providers/Microsoft.Compute/virtualMachines/vm3452\",\r\n  \"name\": \"vm3452\"\r\n}",
      "ResponseHeaders": {
        "Content-Length": [
          "1323"
        ],
        "Content-Type": [
          "application/json; charset=utf-8"
        ],
        "Expires": [
          "-1"
        ],
        "Cache-Control": [
          "no-cache"
        ],
        "Date": [
          "Tue, 09 Jan 2018 23:08:45 GMT"
        ],
        "Pragma": [
          "no-cache"
        ],
        "Server": [
          "Microsoft-HTTPAPI/2.0",
          "Microsoft-HTTPAPI/2.0"
        ],
        "Azure-AsyncOperation": [
          "https://management.azure.com/subscriptions/0b1f6471-1bf0-4dda-aec3-cb9272f09590/providers/Microsoft.Compute/locations/southcentralus/operations/d8cdc31f-32be-4210-91bb-74c6a2efa302?api-version=2017-12-01"
        ],
        "x-ms-ratelimit-remaining-resource": [
          "Microsoft.Compute/PutVM3Min;567,Microsoft.Compute/PutVM30Min;2842"
        ],
        "Strict-Transport-Security": [
          "max-age=31536000; includeSubDomains"
        ],
        "x-ms-served-by": [
          "d0e8ea9a-296d-4a42-b0c4-00ed1becd3d2_131600098863640887"
        ],
        "x-ms-request-id": [
          "d8cdc31f-32be-4210-91bb-74c6a2efa302"
        ],
        "x-ms-ratelimit-remaining-subscription-writes": [
          "1198"
        ],
        "x-ms-correlation-request-id": [
          "5294c1f1-f0bd-4feb-9fe5-f02777391211"
        ],
        "x-ms-routing-request-id": [
          "WESTUS2:20180109T230845Z:5294c1f1-f0bd-4feb-9fe5-f02777391211"
        ]
      },
      "StatusCode": 201
    },
    {
      "RequestUri": "/subscriptions/0b1f6471-1bf0-4dda-aec3-cb9272f09590/providers/Microsoft.Compute/locations/southcentralus/operations/d8cdc31f-32be-4210-91bb-74c6a2efa302?api-version=2017-12-01",
      "EncodedRequestUri": "L3N1YnNjcmlwdGlvbnMvMGIxZjY0NzEtMWJmMC00ZGRhLWFlYzMtY2I5MjcyZjA5NTkwL3Byb3ZpZGVycy9NaWNyb3NvZnQuQ29tcHV0ZS9sb2NhdGlvbnMvc291dGhjZW50cmFsdXMvb3BlcmF0aW9ucy9kOGNkYzMxZi0zMmJlLTQyMTAtOTFiYi03NGM2YTJlZmEzMDI/YXBpLXZlcnNpb249MjAxNy0xMi0wMQ==",
      "RequestMethod": "GET",
      "RequestBody": "",
      "RequestHeaders": {
        "User-Agent": [
          "FxVersion/4.6.25211.01",
          "Microsoft.Azure.Management.Compute.Fluent.ComputeManagementClient/1.4.1.0",
          "MacAddressHash/8aacf6245de346f347b0601b2da7a93ac9072c00fb7b723a469bc615c87f34d2"
        ]
      },
      "ResponseBody": "{\r\n  \"startTime\": \"2018-01-09T23:08:45.0270384+00:00\",\r\n  \"status\": \"InProgress\",\r\n  \"name\": \"d8cdc31f-32be-4210-91bb-74c6a2efa302\"\r\n}",
      "ResponseHeaders": {
        "Content-Type": [
          "application/json; charset=utf-8"
        ],
        "Expires": [
          "-1"
        ],
        "Cache-Control": [
          "no-cache"
        ],
        "Date": [
          "Tue, 09 Jan 2018 23:09:15 GMT"
        ],
        "Pragma": [
          "no-cache"
        ],
        "Transfer-Encoding": [
          "chunked"
        ],
        "Server": [
          "Microsoft-HTTPAPI/2.0",
          "Microsoft-HTTPAPI/2.0"
        ],
        "Vary": [
          "Accept-Encoding"
        ],
        "x-ms-ratelimit-remaining-resource": [
          "Microsoft.Compute/GetOperation3Min;11998,Microsoft.Compute/GetOperation30Min;23998"
        ],
        "Strict-Transport-Security": [
          "max-age=31536000; includeSubDomains"
        ],
        "x-ms-served-by": [
          "d0e8ea9a-296d-4a42-b0c4-00ed1becd3d2_131600098863640887"
        ],
        "x-ms-request-id": [
          "94166f1f-6ee5-413d-be1d-6b5ecd45d9dc"
        ],
        "x-ms-ratelimit-remaining-subscription-reads": [
          "14995"
        ],
        "x-ms-correlation-request-id": [
          "8a4f3b78-5db8-47e0-9169-1a993be191d4"
        ],
        "x-ms-routing-request-id": [
          "WESTUS2:20180109T230916Z:8a4f3b78-5db8-47e0-9169-1a993be191d4"
        ]
      },
      "StatusCode": 200
    },
    {
      "RequestUri": "/subscriptions/0b1f6471-1bf0-4dda-aec3-cb9272f09590/providers/Microsoft.Compute/locations/southcentralus/operations/d8cdc31f-32be-4210-91bb-74c6a2efa302?api-version=2017-12-01",
      "EncodedRequestUri": "L3N1YnNjcmlwdGlvbnMvMGIxZjY0NzEtMWJmMC00ZGRhLWFlYzMtY2I5MjcyZjA5NTkwL3Byb3ZpZGVycy9NaWNyb3NvZnQuQ29tcHV0ZS9sb2NhdGlvbnMvc291dGhjZW50cmFsdXMvb3BlcmF0aW9ucy9kOGNkYzMxZi0zMmJlLTQyMTAtOTFiYi03NGM2YTJlZmEzMDI/YXBpLXZlcnNpb249MjAxNy0xMi0wMQ==",
      "RequestMethod": "GET",
      "RequestBody": "",
      "RequestHeaders": {
        "User-Agent": [
          "FxVersion/4.6.25211.01",
          "Microsoft.Azure.Management.Compute.Fluent.ComputeManagementClient/1.4.1.0",
          "MacAddressHash/8aacf6245de346f347b0601b2da7a93ac9072c00fb7b723a469bc615c87f34d2"
        ]
      },
      "ResponseBody": "{\r\n  \"startTime\": \"2018-01-09T23:08:45.0270384+00:00\",\r\n  \"status\": \"InProgress\",\r\n  \"name\": \"d8cdc31f-32be-4210-91bb-74c6a2efa302\"\r\n}",
      "ResponseHeaders": {
        "Content-Type": [
          "application/json; charset=utf-8"
        ],
        "Expires": [
          "-1"
        ],
        "Cache-Control": [
          "no-cache"
        ],
        "Date": [
          "Tue, 09 Jan 2018 23:09:46 GMT"
        ],
        "Pragma": [
          "no-cache"
        ],
        "Transfer-Encoding": [
          "chunked"
        ],
        "Server": [
          "Microsoft-HTTPAPI/2.0",
          "Microsoft-HTTPAPI/2.0"
        ],
        "Vary": [
          "Accept-Encoding"
        ],
        "x-ms-ratelimit-remaining-resource": [
          "Microsoft.Compute/GetOperation3Min;11995,Microsoft.Compute/GetOperation30Min;23995"
        ],
        "Strict-Transport-Security": [
          "max-age=31536000; includeSubDomains"
        ],
        "x-ms-served-by": [
          "d0e8ea9a-296d-4a42-b0c4-00ed1becd3d2_131600098863640887"
        ],
        "x-ms-request-id": [
          "6d415591-4369-40df-b6a1-b6eb75842e11"
        ],
        "x-ms-ratelimit-remaining-subscription-reads": [
          "14994"
        ],
        "x-ms-correlation-request-id": [
          "c1359f69-d2a9-4606-98d2-5e0cfd59151f"
        ],
        "x-ms-routing-request-id": [
          "WESTUS2:20180109T230947Z:c1359f69-d2a9-4606-98d2-5e0cfd59151f"
        ]
      },
      "StatusCode": 200
    },
    {
      "RequestUri": "/subscriptions/0b1f6471-1bf0-4dda-aec3-cb9272f09590/providers/Microsoft.Compute/locations/southcentralus/operations/d8cdc31f-32be-4210-91bb-74c6a2efa302?api-version=2017-12-01",
      "EncodedRequestUri": "L3N1YnNjcmlwdGlvbnMvMGIxZjY0NzEtMWJmMC00ZGRhLWFlYzMtY2I5MjcyZjA5NTkwL3Byb3ZpZGVycy9NaWNyb3NvZnQuQ29tcHV0ZS9sb2NhdGlvbnMvc291dGhjZW50cmFsdXMvb3BlcmF0aW9ucy9kOGNkYzMxZi0zMmJlLTQyMTAtOTFiYi03NGM2YTJlZmEzMDI/YXBpLXZlcnNpb249MjAxNy0xMi0wMQ==",
      "RequestMethod": "GET",
      "RequestBody": "",
      "RequestHeaders": {
        "User-Agent": [
          "FxVersion/4.6.25211.01",
          "Microsoft.Azure.Management.Compute.Fluent.ComputeManagementClient/1.4.1.0",
          "MacAddressHash/8aacf6245de346f347b0601b2da7a93ac9072c00fb7b723a469bc615c87f34d2"
        ]
      },
      "ResponseBody": "{\r\n  \"startTime\": \"2018-01-09T23:08:45.0270384+00:00\",\r\n  \"status\": \"InProgress\",\r\n  \"name\": \"d8cdc31f-32be-4210-91bb-74c6a2efa302\"\r\n}",
      "ResponseHeaders": {
        "Content-Type": [
          "application/json; charset=utf-8"
        ],
        "Expires": [
          "-1"
        ],
        "Cache-Control": [
          "no-cache"
        ],
        "Date": [
          "Tue, 09 Jan 2018 23:10:22 GMT"
        ],
        "Pragma": [
          "no-cache"
        ],
        "Transfer-Encoding": [
          "chunked"
        ],
        "Server": [
          "Microsoft-HTTPAPI/2.0",
          "Microsoft-HTTPAPI/2.0"
        ],
        "Vary": [
          "Accept-Encoding"
        ],
        "x-ms-ratelimit-remaining-resource": [
          "Microsoft.Compute/GetOperation3Min;11992,Microsoft.Compute/GetOperation30Min;23992"
        ],
        "Strict-Transport-Security": [
          "max-age=31536000; includeSubDomains"
        ],
        "x-ms-served-by": [
          "d0e8ea9a-296d-4a42-b0c4-00ed1becd3d2_131600098863640887"
        ],
        "x-ms-request-id": [
          "530d5ea6-3560-438e-9c03-1caee352ed36"
        ],
        "x-ms-ratelimit-remaining-subscription-reads": [
          "14994"
        ],
        "x-ms-correlation-request-id": [
          "5b553d2b-2f64-4303-ad3c-16538d03b64d"
        ],
        "x-ms-routing-request-id": [
          "WESTUS2:20180109T231023Z:5b553d2b-2f64-4303-ad3c-16538d03b64d"
        ]
      },
      "StatusCode": 200
    },
    {
      "RequestUri": "/subscriptions/0b1f6471-1bf0-4dda-aec3-cb9272f09590/providers/Microsoft.Compute/locations/southcentralus/operations/d8cdc31f-32be-4210-91bb-74c6a2efa302?api-version=2017-12-01",
      "EncodedRequestUri": "L3N1YnNjcmlwdGlvbnMvMGIxZjY0NzEtMWJmMC00ZGRhLWFlYzMtY2I5MjcyZjA5NTkwL3Byb3ZpZGVycy9NaWNyb3NvZnQuQ29tcHV0ZS9sb2NhdGlvbnMvc291dGhjZW50cmFsdXMvb3BlcmF0aW9ucy9kOGNkYzMxZi0zMmJlLTQyMTAtOTFiYi03NGM2YTJlZmEzMDI/YXBpLXZlcnNpb249MjAxNy0xMi0wMQ==",
      "RequestMethod": "GET",
      "RequestBody": "",
      "RequestHeaders": {
        "User-Agent": [
          "FxVersion/4.6.25211.01",
          "Microsoft.Azure.Management.Compute.Fluent.ComputeManagementClient/1.4.1.0",
          "MacAddressHash/8aacf6245de346f347b0601b2da7a93ac9072c00fb7b723a469bc615c87f34d2"
        ]
      },
      "ResponseBody": "{\r\n  \"startTime\": \"2018-01-09T23:08:45.0270384+00:00\",\r\n  \"status\": \"InProgress\",\r\n  \"name\": \"d8cdc31f-32be-4210-91bb-74c6a2efa302\"\r\n}",
      "ResponseHeaders": {
        "Content-Type": [
          "application/json; charset=utf-8"
        ],
        "Expires": [
          "-1"
        ],
        "Cache-Control": [
          "no-cache"
        ],
        "Date": [
          "Tue, 09 Jan 2018 23:10:54 GMT"
        ],
        "Pragma": [
          "no-cache"
        ],
        "Transfer-Encoding": [
          "chunked"
        ],
        "Server": [
          "Microsoft-HTTPAPI/2.0",
          "Microsoft-HTTPAPI/2.0"
        ],
        "Vary": [
          "Accept-Encoding"
        ],
        "x-ms-ratelimit-remaining-resource": [
          "Microsoft.Compute/GetOperation3Min;11989,Microsoft.Compute/GetOperation30Min;23989"
        ],
        "Strict-Transport-Security": [
          "max-age=31536000; includeSubDomains"
        ],
        "x-ms-served-by": [
          "d0e8ea9a-296d-4a42-b0c4-00ed1becd3d2_131600098863640887"
        ],
        "x-ms-request-id": [
          "bb0c044a-d399-4038-be5b-16c7df0254dc"
        ],
        "x-ms-ratelimit-remaining-subscription-reads": [
          "14993"
        ],
        "x-ms-correlation-request-id": [
          "1818add0-56bb-40af-bf04-ce0c2fce6d3c"
        ],
        "x-ms-routing-request-id": [
          "WESTUS2:20180109T231055Z:1818add0-56bb-40af-bf04-ce0c2fce6d3c"
        ]
      },
      "StatusCode": 200
    },
    {
      "RequestUri": "/subscriptions/0b1f6471-1bf0-4dda-aec3-cb9272f09590/providers/Microsoft.Compute/locations/southcentralus/operations/d8cdc31f-32be-4210-91bb-74c6a2efa302?api-version=2017-12-01",
      "EncodedRequestUri": "L3N1YnNjcmlwdGlvbnMvMGIxZjY0NzEtMWJmMC00ZGRhLWFlYzMtY2I5MjcyZjA5NTkwL3Byb3ZpZGVycy9NaWNyb3NvZnQuQ29tcHV0ZS9sb2NhdGlvbnMvc291dGhjZW50cmFsdXMvb3BlcmF0aW9ucy9kOGNkYzMxZi0zMmJlLTQyMTAtOTFiYi03NGM2YTJlZmEzMDI/YXBpLXZlcnNpb249MjAxNy0xMi0wMQ==",
      "RequestMethod": "GET",
      "RequestBody": "",
      "RequestHeaders": {
        "User-Agent": [
          "FxVersion/4.6.25211.01",
          "Microsoft.Azure.Management.Compute.Fluent.ComputeManagementClient/1.4.1.0",
          "MacAddressHash/8aacf6245de346f347b0601b2da7a93ac9072c00fb7b723a469bc615c87f34d2"
        ]
      },
      "ResponseBody": "{\r\n  \"startTime\": \"2018-01-09T23:08:45.0270384+00:00\",\r\n  \"status\": \"InProgress\",\r\n  \"name\": \"d8cdc31f-32be-4210-91bb-74c6a2efa302\"\r\n}",
      "ResponseHeaders": {
        "Content-Type": [
          "application/json; charset=utf-8"
        ],
        "Expires": [
          "-1"
        ],
        "Cache-Control": [
          "no-cache"
        ],
        "Date": [
          "Tue, 09 Jan 2018 23:11:27 GMT"
        ],
        "Pragma": [
          "no-cache"
        ],
        "Transfer-Encoding": [
          "chunked"
        ],
        "Server": [
          "Microsoft-HTTPAPI/2.0",
          "Microsoft-HTTPAPI/2.0"
        ],
        "Vary": [
          "Accept-Encoding"
        ],
        "x-ms-ratelimit-remaining-resource": [
          "Microsoft.Compute/GetOperation3Min;11986,Microsoft.Compute/GetOperation30Min;23986"
        ],
        "Strict-Transport-Security": [
          "max-age=31536000; includeSubDomains"
        ],
        "x-ms-served-by": [
          "d0e8ea9a-296d-4a42-b0c4-00ed1becd3d2_131600098863640887"
        ],
        "x-ms-request-id": [
          "17065d62-5f52-4b65-b866-c80cf3e478d9"
        ],
        "x-ms-ratelimit-remaining-subscription-reads": [
          "14992"
        ],
        "x-ms-correlation-request-id": [
          "c8634287-37bc-47b8-a154-be6d0105fa7c"
        ],
        "x-ms-routing-request-id": [
          "WESTUS2:20180109T231128Z:c8634287-37bc-47b8-a154-be6d0105fa7c"
        ]
      },
      "StatusCode": 200
    },
    {
      "RequestUri": "/subscriptions/0b1f6471-1bf0-4dda-aec3-cb9272f09590/providers/Microsoft.Compute/locations/southcentralus/operations/d8cdc31f-32be-4210-91bb-74c6a2efa302?api-version=2017-12-01",
      "EncodedRequestUri": "L3N1YnNjcmlwdGlvbnMvMGIxZjY0NzEtMWJmMC00ZGRhLWFlYzMtY2I5MjcyZjA5NTkwL3Byb3ZpZGVycy9NaWNyb3NvZnQuQ29tcHV0ZS9sb2NhdGlvbnMvc291dGhjZW50cmFsdXMvb3BlcmF0aW9ucy9kOGNkYzMxZi0zMmJlLTQyMTAtOTFiYi03NGM2YTJlZmEzMDI/YXBpLXZlcnNpb249MjAxNy0xMi0wMQ==",
      "RequestMethod": "GET",
      "RequestBody": "",
      "RequestHeaders": {
        "User-Agent": [
          "FxVersion/4.6.25211.01",
          "Microsoft.Azure.Management.Compute.Fluent.ComputeManagementClient/1.4.1.0",
          "MacAddressHash/8aacf6245de346f347b0601b2da7a93ac9072c00fb7b723a469bc615c87f34d2"
        ]
      },
      "ResponseBody": "{\r\n  \"startTime\": \"2018-01-09T23:08:45.0270384+00:00\",\r\n  \"endTime\": \"2018-01-09T23:11:34.2457915+00:00\",\r\n  \"status\": \"Succeeded\",\r\n  \"name\": \"d8cdc31f-32be-4210-91bb-74c6a2efa302\"\r\n}",
      "ResponseHeaders": {
        "Content-Type": [
          "application/json; charset=utf-8"
        ],
        "Expires": [
          "-1"
        ],
        "Cache-Control": [
          "no-cache"
        ],
        "Date": [
          "Tue, 09 Jan 2018 23:11:57 GMT"
        ],
        "Pragma": [
          "no-cache"
        ],
        "Transfer-Encoding": [
          "chunked"
        ],
        "Server": [
          "Microsoft-HTTPAPI/2.0",
          "Microsoft-HTTPAPI/2.0"
        ],
        "Vary": [
          "Accept-Encoding"
        ],
        "x-ms-ratelimit-remaining-resource": [
          "Microsoft.Compute/GetOperation3Min;11984,Microsoft.Compute/GetOperation30Min;23984"
        ],
        "Strict-Transport-Security": [
          "max-age=31536000; includeSubDomains"
        ],
        "x-ms-served-by": [
          "d0e8ea9a-296d-4a42-b0c4-00ed1becd3d2_131600098863640887"
        ],
        "x-ms-request-id": [
          "5c518afd-e8d1-4584-b9fd-bef93e4e118b"
        ],
        "x-ms-ratelimit-remaining-subscription-reads": [
          "14991"
        ],
        "x-ms-correlation-request-id": [
          "cfde5ec6-18c5-4dba-97f1-97ddea99b9d9"
        ],
        "x-ms-routing-request-id": [
          "WESTUS2:20180109T231158Z:cfde5ec6-18c5-4dba-97f1-97ddea99b9d9"
        ]
      },
      "StatusCode": 200
    },
    {
      "RequestUri": "/subscriptions/0b1f6471-1bf0-4dda-aec3-cb9272f09590/resourceGroups/rgfluentchash-3385/providers/Microsoft.Compute/virtualMachines/vm3452?api-version=2017-12-01",
      "EncodedRequestUri": "L3N1YnNjcmlwdGlvbnMvMGIxZjY0NzEtMWJmMC00ZGRhLWFlYzMtY2I5MjcyZjA5NTkwL3Jlc291cmNlR3JvdXBzL3JnZmx1ZW50Y2hhc2gtMzM4NS9wcm92aWRlcnMvTWljcm9zb2Z0LkNvbXB1dGUvdmlydHVhbE1hY2hpbmVzL3ZtMzQ1Mj9hcGktdmVyc2lvbj0yMDE3LTEyLTAx",
      "RequestMethod": "GET",
      "RequestBody": "",
      "RequestHeaders": {
        "User-Agent": [
          "FxVersion/4.6.25211.01",
          "Microsoft.Azure.Management.Compute.Fluent.ComputeManagementClient/1.4.1.0",
          "MacAddressHash/8aacf6245de346f347b0601b2da7a93ac9072c00fb7b723a469bc615c87f34d2"
        ]
      },
      "ResponseBody": "{\r\n  \"properties\": {\r\n    \"vmId\": \"723174ab-9b04-4104-8131-21d056394cf5\",\r\n    \"hardwareProfile\": {\r\n      \"vmSize\": \"Basic_A0\"\r\n    },\r\n    \"storageProfile\": {\r\n      \"imageReference\": {\r\n        \"publisher\": \"Canonical\",\r\n        \"offer\": \"UbuntuServer\",\r\n        \"sku\": \"16.04.0-LTS\",\r\n        \"version\": \"latest\"\r\n      },\r\n      \"osDisk\": {\r\n        \"osType\": \"Linux\",\r\n        \"name\": \"vm3452_OsDisk_1_ab5f816d882e43ec8b85f12b655ad86b\",\r\n        \"createOption\": \"FromImage\",\r\n        \"caching\": \"ReadWrite\",\r\n        \"managedDisk\": {\r\n          \"storageAccountType\": \"Standard_LRS\",\r\n          \"id\": \"/subscriptions/0b1f6471-1bf0-4dda-aec3-cb9272f09590/resourceGroups/rgfluentchash-3385/providers/Microsoft.Compute/disks/vm3452_OsDisk_1_ab5f816d882e43ec8b85f12b655ad86b\"\r\n        },\r\n        \"diskSizeGB\": 30\r\n      },\r\n      \"dataDisks\": []\r\n    },\r\n    \"osProfile\": {\r\n      \"computerName\": \"vm3452\",\r\n      \"adminUsername\": \"Foo12\",\r\n      \"linuxConfiguration\": {\r\n        \"disablePasswordAuthentication\": false\r\n      },\r\n      \"secrets\": []\r\n    },\r\n    \"networkProfile\": {\r\n      \"networkInterfaces\": [\r\n        {\r\n          \"id\": \"/subscriptions/0b1f6471-1bf0-4dda-aec3-cb9272f09590/resourceGroups/rgfluentchash-3385/providers/Microsoft.Network/networkInterfaces/nicvm3452151067366\",\r\n          \"properties\": {\r\n            \"primary\": true\r\n          }\r\n        }\r\n      ]\r\n    },\r\n    \"provisioningState\": \"Succeeded\"\r\n  },\r\n  \"type\": \"Microsoft.Compute/virtualMachines\",\r\n  \"location\": \"southcentralus\",\r\n  \"tags\": {},\r\n  \"id\": \"/subscriptions/0b1f6471-1bf0-4dda-aec3-cb9272f09590/resourceGroups/rgfluentchash-3385/providers/Microsoft.Compute/virtualMachines/vm3452\",\r\n  \"name\": \"vm3452\"\r\n}",
      "ResponseHeaders": {
        "Content-Type": [
          "application/json; charset=utf-8"
        ],
        "Expires": [
          "-1"
        ],
        "Cache-Control": [
          "no-cache"
        ],
        "Date": [
          "Tue, 09 Jan 2018 23:12:00 GMT"
        ],
        "Pragma": [
          "no-cache"
        ],
        "Transfer-Encoding": [
          "chunked"
        ],
        "Server": [
          "Microsoft-HTTPAPI/2.0",
          "Microsoft-HTTPAPI/2.0"
        ],
        "Vary": [
          "Accept-Encoding"
        ],
        "x-ms-ratelimit-remaining-resource": [
          "Microsoft.Compute/LowCostGet3Min;4797,Microsoft.Compute/LowCostGet30Min;38397"
        ],
        "Strict-Transport-Security": [
          "max-age=31536000; includeSubDomains"
        ],
        "x-ms-served-by": [
          "d0e8ea9a-296d-4a42-b0c4-00ed1becd3d2_131600098863640887"
        ],
        "x-ms-request-id": [
          "9c32c3b7-4a95-407d-ae2b-8faa6f830268"
        ],
        "x-ms-ratelimit-remaining-subscription-reads": [
          "14990"
        ],
        "x-ms-correlation-request-id": [
          "ca2dda24-e906-4dcc-bbec-31f9e66eb65a"
        ],
        "x-ms-routing-request-id": [
          "WESTUS2:20180109T231200Z:ca2dda24-e906-4dcc-bbec-31f9e66eb65a"
        ]
      },
      "StatusCode": 200
    },
    {
      "RequestUri": "/subscriptions/0b1f6471-1bf0-4dda-aec3-cb9272f09590/resourcegroups/rgfluentchash-3385?api-version=2016-02-01",
      "EncodedRequestUri": "L3N1YnNjcmlwdGlvbnMvMGIxZjY0NzEtMWJmMC00ZGRhLWFlYzMtY2I5MjcyZjA5NTkwL3Jlc291cmNlZ3JvdXBzL3JnZmx1ZW50Y2hhc2gtMzM4NT9hcGktdmVyc2lvbj0yMDE2LTAyLTAx",
      "RequestMethod": "DELETE",
      "RequestBody": "",
      "RequestHeaders": {
        "x-ms-client-request-id": [
          "1830aa0d-744f-4ca7-be83-d6f1b648ceb7"
        ],
        "accept-language": [
          "en-US"
        ],
        "User-Agent": [
          "FxVersion/4.6.25211.01",
          "Microsoft.Azure.Management.ResourceManager.Fluent.ResourceManagementClient/1.4.1.0",
          "MacAddressHash/8aacf6245de346f347b0601b2da7a93ac9072c00fb7b723a469bc615c87f34d2"
        ]
      },
      "ResponseBody": "",
      "ResponseHeaders": {
        "Content-Length": [
          "0"
        ],
        "Expires": [
          "-1"
        ],
        "Cache-Control": [
          "no-cache"
        ],
        "Date": [
          "Tue, 09 Jan 2018 23:12:02 GMT"
        ],
        "Pragma": [
          "no-cache"
        ],
        "Location": [
          "https://management.azure.com/subscriptions/0b1f6471-1bf0-4dda-aec3-cb9272f09590/operationresults/eyJqb2JJZCI6IlJFU09VUkNFR1JPVVBERUxFVElPTkpPQi1SR0ZMVUVOVENIQVNIOjJEMzM4NS1TT1VUSENFTlRSQUxVUyIsImpvYkxvY2F0aW9uIjoic291dGhjZW50cmFsdXMifQ?api-version=2016-02-01"
        ],
        "Retry-After": [
          "15"
        ],
        "x-ms-ratelimit-remaining-subscription-writes": [
          "1199"
        ],
        "x-ms-request-id": [
          "06b2bea6-bd8d-4562-adf0-af1887573eeb"
        ],
        "x-ms-correlation-request-id": [
          "06b2bea6-bd8d-4562-adf0-af1887573eeb"
        ],
        "x-ms-routing-request-id": [
          "WESTUS2:20180109T231202Z:06b2bea6-bd8d-4562-adf0-af1887573eeb"
        ],
        "Strict-Transport-Security": [
          "max-age=31536000; includeSubDomains"
        ]
      },
      "StatusCode": 202
    }
  ],
  "Names": {
    "CanCreateWithNetworking": [
      "rgfluentchash-3385",
      "nsg7928",
      "net6530",
      "vm3452",
      "nicvm3452151067366"
    ]
  },
  "Variables": {
    "ServicePrincipal": "a971e5df-eeb7-4481-9bf7-e72e66a2ba12",
    "AADTenant": "54826b22-38d6-4fb2-bad9-b7b93a3e9c5a",
    "SubscriptionId": "0b1f6471-1bf0-4dda-aec3-cb9272f09590"
  }
}