{
  "Entries": [
    {
      "RequestUri": "/subscriptions/0b1f6471-1bf0-4dda-aec3-cb9272f09590/resourcegroups/abc634group?api-version=2017-05-10",
      "EncodedRequestUri": "L3N1YnNjcmlwdGlvbnMvMGIxZjY0NzEtMWJmMC00ZGRhLWFlYzMtY2I5MjcyZjA5NTkwL3Jlc291cmNlZ3JvdXBzL2FiYzYzNGdyb3VwP2FwaS12ZXJzaW9uPTIwMTctMDUtMTA=",
      "RequestMethod": "PUT",
      "RequestBody": "{\r\n  \"location\": \"eastus\"\r\n}",
      "RequestHeaders": {
        "Content-Type": [
          "application/json; charset=utf-8"
        ],
        "Content-Length": [
          "28"
        ],
        "x-ms-client-request-id": [
          "a463d172-5f45-40a2-b3c3-6e45997cd672"
        ],
        "accept-language": [
          "en-US"
        ],
        "User-Agent": [
          "FxVersion/4.6.25211.01",
          "Microsoft.Azure.Management.ResourceManager.Fluent.ResourceManagementClient/1.11.1.0",
          "MacAddressHash/cc0dc995bd7689190d87305dca6418746f27065181fa649f43731fb8fc5f1b10"
        ]
      },
      "ResponseBody": "{\r\n  \"id\": \"/subscriptions/0b1f6471-1bf0-4dda-aec3-cb9272f09590/resourceGroups/abc634group\",\r\n  \"name\": \"abc634group\",\r\n  \"location\": \"eastus\",\r\n  \"properties\": {\r\n    \"provisioningState\": \"Succeeded\"\r\n  }\r\n}",
      "ResponseHeaders": {
        "Content-Length": [
          "175"
        ],
        "Content-Type": [
          "application/json; charset=utf-8"
        ],
        "Expires": [
          "-1"
        ],
        "Cache-Control": [
          "no-cache"
        ],
        "Date": [
          "Wed, 18 Jul 2018 23:54:48 GMT"
        ],
        "Pragma": [
          "no-cache"
        ],
        "x-ms-ratelimit-remaining-subscription-writes": [
          "1199"
        ],
        "x-ms-request-id": [
          "165231a0-f85d-4232-94b1-572f5c95008c"
        ],
        "x-ms-correlation-request-id": [
          "165231a0-f85d-4232-94b1-572f5c95008c"
        ],
        "x-ms-routing-request-id": [
          "WESTUS2:20180718T235448Z:165231a0-f85d-4232-94b1-572f5c95008c"
        ],
        "Strict-Transport-Security": [
          "max-age=31536000; includeSubDomains"
        ],
        "X-Content-Type-Options": [
          "nosniff"
        ]
      },
      "StatusCode": 201
    },
    {
      "RequestUri": "/subscriptions/0b1f6471-1bf0-4dda-aec3-cb9272f09590/resourceGroups/abc634group/providers/Microsoft.Network/publicIPAddresses/abc634?api-version=2018-04-01",
      "EncodedRequestUri": "L3N1YnNjcmlwdGlvbnMvMGIxZjY0NzEtMWJmMC00ZGRhLWFlYzMtY2I5MjcyZjA5NTkwL3Jlc291cmNlR3JvdXBzL2FiYzYzNGdyb3VwL3Byb3ZpZGVycy9NaWNyb3NvZnQuTmV0d29yay9wdWJsaWNJUEFkZHJlc3Nlcy9hYmM2MzQ/YXBpLXZlcnNpb249MjAxOC0wNC0wMQ==",
      "RequestMethod": "PUT",
      "RequestBody": "{\r\n  \"properties\": {\r\n    \"dnsSettings\": {\r\n      \"domainNameLabel\": \"abc634\"\r\n    }\r\n  },\r\n  \"location\": \"eastus\",\r\n  \"tags\": {}\r\n}",
      "RequestHeaders": {
        "Content-Type": [
          "application/json; charset=utf-8"
        ],
        "Content-Length": [
          "132"
        ],
        "x-ms-client-request-id": [
          "5f32bcb7-a6cf-4088-b817-76721c39117c"
        ],
        "accept-language": [
          "en-US"
        ],
        "User-Agent": [
          "FxVersion/4.6.25211.01",
          "Microsoft.Azure.Management.Network.Fluent.NetworkManagementClient/1.11.1.0",
          "MacAddressHash/cc0dc995bd7689190d87305dca6418746f27065181fa649f43731fb8fc5f1b10"
        ]
      },
      "ResponseBody": "{\r\n  \"name\": \"abc634\",\r\n  \"id\": \"/subscriptions/0b1f6471-1bf0-4dda-aec3-cb9272f09590/resourceGroups/abc634group/providers/Microsoft.Network/publicIPAddresses/abc634\",\r\n  \"etag\": \"W/\\\"c1da9162-ed7d-4515-bb25-86f9bd1e3dbc\\\"\",\r\n  \"location\": \"eastus\",\r\n  \"tags\": {},\r\n  \"properties\": {\r\n    \"provisioningState\": \"Updating\",\r\n    \"resourceGuid\": \"d4dae0ee-8a48-4922-99b1-05d8a48b0fac\",\r\n    \"publicIPAddressVersion\": \"IPv4\",\r\n    \"publicIPAllocationMethod\": \"Dynamic\",\r\n    \"idleTimeoutInMinutes\": 4,\r\n    \"dnsSettings\": {\r\n      \"domainNameLabel\": \"abc634\",\r\n      \"fqdn\": \"abc634.eastus.cloudapp.azure.com\"\r\n    },\r\n    \"ipTags\": []\r\n  },\r\n  \"type\": \"Microsoft.Network/publicIPAddresses\",\r\n  \"sku\": {\r\n    \"name\": \"Basic\",\r\n    \"tier\": \"Regional\"\r\n  }\r\n}",
      "ResponseHeaders": {
        "Content-Length": [
          "752"
        ],
        "Content-Type": [
          "application/json; charset=utf-8"
        ],
        "Expires": [
          "-1"
        ],
        "Cache-Control": [
          "no-cache"
        ],
        "Date": [
          "Wed, 18 Jul 2018 23:54:50 GMT"
        ],
        "Pragma": [
          "no-cache"
        ],
        "Retry-After": [
          "3"
        ],
        "Server": [
          "Microsoft-HTTPAPI/2.0",
          "Microsoft-HTTPAPI/2.0"
        ],
        "x-ms-request-id": [
          "a1b808a6-eac0-43df-92ce-8accc193cee6"
        ],
        "Azure-AsyncOperation": [
          "https://management.azure.com/subscriptions/0b1f6471-1bf0-4dda-aec3-cb9272f09590/providers/Microsoft.Network/locations/eastus/operations/a1b808a6-eac0-43df-92ce-8accc193cee6?api-version=2018-04-01"
        ],
        "x-ms-correlation-request-id": [
          "9d6a037e-e650-4a33-9dcf-4f8a2f1c3a1b"
        ],
        "Strict-Transport-Security": [
          "max-age=31536000; includeSubDomains"
        ],
        "x-ms-ratelimit-remaining-subscription-writes": [
          "1198"
        ],
        "x-ms-routing-request-id": [
          "WESTUS2:20180718T235450Z:9d6a037e-e650-4a33-9dcf-4f8a2f1c3a1b"
        ],
        "X-Content-Type-Options": [
          "nosniff"
        ]
      },
      "StatusCode": 201
    },
    {
      "RequestUri": "/subscriptions/0b1f6471-1bf0-4dda-aec3-cb9272f09590/providers/Microsoft.Network/locations/eastus/operations/a1b808a6-eac0-43df-92ce-8accc193cee6?api-version=2018-04-01",
      "EncodedRequestUri": "L3N1YnNjcmlwdGlvbnMvMGIxZjY0NzEtMWJmMC00ZGRhLWFlYzMtY2I5MjcyZjA5NTkwL3Byb3ZpZGVycy9NaWNyb3NvZnQuTmV0d29yay9sb2NhdGlvbnMvZWFzdHVzL29wZXJhdGlvbnMvYTFiODA4YTYtZWFjMC00M2RmLTkyY2UtOGFjY2MxOTNjZWU2P2FwaS12ZXJzaW9uPTIwMTgtMDQtMDE=",
      "RequestMethod": "GET",
      "RequestBody": "",
      "RequestHeaders": {
        "User-Agent": [
          "FxVersion/4.6.25211.01",
          "Microsoft.Azure.Management.Network.Fluent.NetworkManagementClient/1.11.1.0",
          "MacAddressHash/cc0dc995bd7689190d87305dca6418746f27065181fa649f43731fb8fc5f1b10"
        ]
      },
      "ResponseBody": "{\r\n  \"status\": \"Succeeded\"\r\n}",
      "ResponseHeaders": {
        "Content-Type": [
          "application/json; charset=utf-8"
        ],
        "Expires": [
          "-1"
        ],
        "Cache-Control": [
          "no-cache"
        ],
        "Date": [
          "Wed, 18 Jul 2018 23:55:00 GMT"
        ],
        "Pragma": [
          "no-cache"
        ],
        "Transfer-Encoding": [
          "chunked"
        ],
        "Server": [
          "Microsoft-HTTPAPI/2.0",
          "Microsoft-HTTPAPI/2.0"
        ],
        "Vary": [
          "Accept-Encoding"
        ],
        "x-ms-request-id": [
          "84e2a3be-cdcb-4625-98e3-337d62d07107"
        ],
        "x-ms-correlation-request-id": [
          "9dfe64f6-e839-46e2-a49e-4b1e51bf65f6"
        ],
        "Strict-Transport-Security": [
          "max-age=31536000; includeSubDomains"
        ],
        "x-ms-ratelimit-remaining-subscription-reads": [
          "14999"
        ],
        "x-ms-routing-request-id": [
          "WESTUS2:20180718T235500Z:9dfe64f6-e839-46e2-a49e-4b1e51bf65f6"
        ],
        "X-Content-Type-Options": [
          "nosniff"
        ]
      },
      "StatusCode": 200
    },
    {
      "RequestUri": "/subscriptions/0b1f6471-1bf0-4dda-aec3-cb9272f09590/resourceGroups/abc634group/providers/Microsoft.Network/publicIPAddresses/abc634?api-version=2018-04-01",
      "EncodedRequestUri": "L3N1YnNjcmlwdGlvbnMvMGIxZjY0NzEtMWJmMC00ZGRhLWFlYzMtY2I5MjcyZjA5NTkwL3Jlc291cmNlR3JvdXBzL2FiYzYzNGdyb3VwL3Byb3ZpZGVycy9NaWNyb3NvZnQuTmV0d29yay9wdWJsaWNJUEFkZHJlc3Nlcy9hYmM2MzQ/YXBpLXZlcnNpb249MjAxOC0wNC0wMQ==",
      "RequestMethod": "GET",
      "RequestBody": "",
      "RequestHeaders": {
        "User-Agent": [
          "FxVersion/4.6.25211.01",
          "Microsoft.Azure.Management.Network.Fluent.NetworkManagementClient/1.11.1.0",
          "MacAddressHash/cc0dc995bd7689190d87305dca6418746f27065181fa649f43731fb8fc5f1b10"
        ]
      },
      "ResponseBody": "{\r\n  \"name\": \"abc634\",\r\n  \"id\": \"/subscriptions/0b1f6471-1bf0-4dda-aec3-cb9272f09590/resourceGroups/abc634group/providers/Microsoft.Network/publicIPAddresses/abc634\",\r\n  \"etag\": \"W/\\\"8d027f3b-2d4c-4170-a528-80a32da3fde4\\\"\",\r\n  \"location\": \"eastus\",\r\n  \"tags\": {},\r\n  \"properties\": {\r\n    \"provisioningState\": \"Succeeded\",\r\n    \"resourceGuid\": \"d4dae0ee-8a48-4922-99b1-05d8a48b0fac\",\r\n    \"publicIPAddressVersion\": \"IPv4\",\r\n    \"publicIPAllocationMethod\": \"Dynamic\",\r\n    \"idleTimeoutInMinutes\": 4,\r\n    \"dnsSettings\": {\r\n      \"domainNameLabel\": \"abc634\",\r\n      \"fqdn\": \"abc634.eastus.cloudapp.azure.com\"\r\n    },\r\n    \"ipTags\": []\r\n  },\r\n  \"type\": \"Microsoft.Network/publicIPAddresses\",\r\n  \"sku\": {\r\n    \"name\": \"Basic\",\r\n    \"tier\": \"Regional\"\r\n  }\r\n}",
      "ResponseHeaders": {
        "Content-Type": [
          "application/json; charset=utf-8"
        ],
        "Expires": [
          "-1"
        ],
        "Cache-Control": [
          "no-cache"
        ],
        "Date": [
          "Wed, 18 Jul 2018 23:55:00 GMT"
        ],
        "Pragma": [
          "no-cache"
        ],
        "Transfer-Encoding": [
          "chunked"
        ],
        "ETag": [
          "W/\"8d027f3b-2d4c-4170-a528-80a32da3fde4\""
        ],
        "Server": [
          "Microsoft-HTTPAPI/2.0",
          "Microsoft-HTTPAPI/2.0"
        ],
        "Vary": [
          "Accept-Encoding"
        ],
        "x-ms-request-id": [
          "e570dd78-3399-49f3-aae8-e120e407eaf9"
        ],
        "x-ms-correlation-request-id": [
          "5a322cba-6975-41dc-8d6e-76b2ea7d5e01"
        ],
        "Strict-Transport-Security": [
          "max-age=31536000; includeSubDomains"
        ],
        "x-ms-ratelimit-remaining-subscription-reads": [
          "14998"
        ],
        "x-ms-routing-request-id": [
          "WESTUS2:20180718T235501Z:5a322cba-6975-41dc-8d6e-76b2ea7d5e01"
        ],
        "X-Content-Type-Options": [
          "nosniff"
        ]
      },
      "StatusCode": 200
    },
    {
      "RequestUri": "/subscriptions/0b1f6471-1bf0-4dda-aec3-cb9272f09590/resourceGroups/abc634group/providers/Microsoft.Network/publicIPAddresses/abc634?api-version=2018-04-01",
      "EncodedRequestUri": "L3N1YnNjcmlwdGlvbnMvMGIxZjY0NzEtMWJmMC00ZGRhLWFlYzMtY2I5MjcyZjA5NTkwL3Jlc291cmNlR3JvdXBzL2FiYzYzNGdyb3VwL3Byb3ZpZGVycy9NaWNyb3NvZnQuTmV0d29yay9wdWJsaWNJUEFkZHJlc3Nlcy9hYmM2MzQ/YXBpLXZlcnNpb249MjAxOC0wNC0wMQ==",
      "RequestMethod": "GET",
      "RequestBody": "",
      "RequestHeaders": {
        "x-ms-client-request-id": [
          "f407bc8c-e414-416d-9a96-b0e0702b53f4"
        ],
        "accept-language": [
          "en-US"
        ],
        "User-Agent": [
          "FxVersion/4.6.25211.01",
          "Microsoft.Azure.Management.Network.Fluent.NetworkManagementClient/1.11.1.0",
          "MacAddressHash/cc0dc995bd7689190d87305dca6418746f27065181fa649f43731fb8fc5f1b10"
        ]
      },
      "ResponseBody": "{\r\n  \"name\": \"abc634\",\r\n  \"id\": \"/subscriptions/0b1f6471-1bf0-4dda-aec3-cb9272f09590/resourceGroups/abc634group/providers/Microsoft.Network/publicIPAddresses/abc634\",\r\n  \"etag\": \"W/\\\"45fc742c-8e7f-4684-bd2b-7246a58bd1c5\\\"\",\r\n  \"location\": \"eastus\",\r\n  \"tags\": {},\r\n  \"properties\": {\r\n    \"provisioningState\": \"Succeeded\",\r\n    \"resourceGuid\": \"d4dae0ee-8a48-4922-99b1-05d8a48b0fac\",\r\n    \"ipAddress\": \"40.76.192.248\",\r\n    \"publicIPAddressVersion\": \"IPv4\",\r\n    \"publicIPAllocationMethod\": \"Dynamic\",\r\n    \"idleTimeoutInMinutes\": 4,\r\n    \"dnsSettings\": {\r\n      \"domainNameLabel\": \"abc634\",\r\n      \"fqdn\": \"abc634.eastus.cloudapp.azure.com\"\r\n    },\r\n    \"ipTags\": [],\r\n    \"ipConfiguration\": {\r\n      \"id\": \"/subscriptions/0b1f6471-1bf0-4dda-aec3-cb9272f09590/resourceGroups/abc634group/providers/Microsoft.Network/networkInterfaces/nicvm3718cab07510c/ipConfigurations/primary\"\r\n    }\r\n  },\r\n  \"type\": \"Microsoft.Network/publicIPAddresses\",\r\n  \"sku\": {\r\n    \"name\": \"Basic\",\r\n    \"tier\": \"Regional\"\r\n  }\r\n}",
      "ResponseHeaders": {
        "Content-Type": [
          "application/json; charset=utf-8"
        ],
        "Expires": [
          "-1"
        ],
        "Cache-Control": [
          "no-cache"
        ],
        "Date": [
          "Wed, 18 Jul 2018 23:57:47 GMT"
        ],
        "Pragma": [
          "no-cache"
        ],
        "Transfer-Encoding": [
          "chunked"
        ],
        "ETag": [
          "W/\"45fc742c-8e7f-4684-bd2b-7246a58bd1c5\""
        ],
        "Server": [
          "Microsoft-HTTPAPI/2.0",
          "Microsoft-HTTPAPI/2.0"
        ],
        "Vary": [
          "Accept-Encoding"
        ],
        "x-ms-request-id": [
          "6321ac24-fab6-4c5b-b4d2-8f34fda70d4d"
        ],
        "x-ms-correlation-request-id": [
          "19c62a39-6803-4262-91d7-a2c9c458e0a1"
        ],
        "Strict-Transport-Security": [
          "max-age=31536000; includeSubDomains"
        ],
        "x-ms-ratelimit-remaining-subscription-reads": [
          "14986"
        ],
        "x-ms-routing-request-id": [
          "WESTUS2:20180718T235748Z:19c62a39-6803-4262-91d7-a2c9c458e0a1"
        ],
        "X-Content-Type-Options": [
          "nosniff"
        ]
      },
      "StatusCode": 200
    },
    {
      "RequestUri": "/subscriptions/0b1f6471-1bf0-4dda-aec3-cb9272f09590/resourceGroups/abc634group/providers/Microsoft.Network/virtualNetworks/vnetc8863732a308?api-version=2018-04-01",
      "EncodedRequestUri": "L3N1YnNjcmlwdGlvbnMvMGIxZjY0NzEtMWJmMC00ZGRhLWFlYzMtY2I5MjcyZjA5NTkwL3Jlc291cmNlR3JvdXBzL2FiYzYzNGdyb3VwL3Byb3ZpZGVycy9NaWNyb3NvZnQuTmV0d29yay92aXJ0dWFsTmV0d29ya3Mvdm5ldGM4ODYzNzMyYTMwOD9hcGktdmVyc2lvbj0yMDE4LTA0LTAx",
      "RequestMethod": "PUT",
      "RequestBody": "{\r\n  \"properties\": {\r\n    \"addressSpace\": {\r\n      \"addressPrefixes\": [\r\n        \"10.0.0.0/28\"\r\n      ]\r\n    },\r\n    \"dhcpOptions\": {\r\n      \"dnsServers\": []\r\n    },\r\n    \"subnets\": [\r\n      {\r\n        \"properties\": {\r\n          \"addressPrefix\": \"10.0.0.0/28\"\r\n        },\r\n        \"name\": \"subnet1\"\r\n      }\r\n    ]\r\n  },\r\n  \"location\": \"eastus\",\r\n  \"tags\": {}\r\n}",
      "RequestHeaders": {
        "Content-Type": [
          "application/json; charset=utf-8"
        ],
        "Content-Length": [
          "362"
        ],
        "x-ms-client-request-id": [
          "8774fbc6-4424-4bd5-a4a5-9840c540693f"
        ],
        "accept-language": [
          "en-US"
        ],
        "User-Agent": [
          "FxVersion/4.6.25211.01",
          "Microsoft.Azure.Management.Network.Fluent.NetworkManagementClient/1.11.1.0",
          "MacAddressHash/cc0dc995bd7689190d87305dca6418746f27065181fa649f43731fb8fc5f1b10"
        ]
      },
      "ResponseBody": "{\r\n  \"name\": \"vnetc8863732a308\",\r\n  \"id\": \"/subscriptions/0b1f6471-1bf0-4dda-aec3-cb9272f09590/resourceGroups/abc634group/providers/Microsoft.Network/virtualNetworks/vnetc8863732a308\",\r\n  \"etag\": \"W/\\\"4a2a9376-cc44-4578-a6e0-47bfcd768547\\\"\",\r\n  \"type\": \"Microsoft.Network/virtualNetworks\",\r\n  \"location\": \"eastus\",\r\n  \"tags\": {},\r\n  \"properties\": {\r\n    \"provisioningState\": \"Updating\",\r\n    \"resourceGuid\": \"4f40790c-fa3a-48b5-8f9a-aed4b245a334\",\r\n    \"addressSpace\": {\r\n      \"addressPrefixes\": [\r\n        \"10.0.0.0/28\"\r\n      ]\r\n    },\r\n    \"dhcpOptions\": {\r\n      \"dnsServers\": []\r\n    },\r\n    \"subnets\": [\r\n      {\r\n        \"name\": \"subnet1\",\r\n        \"id\": \"/subscriptions/0b1f6471-1bf0-4dda-aec3-cb9272f09590/resourceGroups/abc634group/providers/Microsoft.Network/virtualNetworks/vnetc8863732a308/subnets/subnet1\",\r\n        \"etag\": \"W/\\\"4a2a9376-cc44-4578-a6e0-47bfcd768547\\\"\",\r\n        \"properties\": {\r\n          \"provisioningState\": \"Updating\",\r\n          \"addressPrefix\": \"10.0.0.0/28\",\r\n          \"delegations\": []\r\n        }\r\n      }\r\n    ],\r\n    \"virtualNetworkPeerings\": [],\r\n    \"enableDdosProtection\": false,\r\n    \"enableVmProtection\": false\r\n  }\r\n}",
      "ResponseHeaders": {
        "Content-Length": [
          "1165"
        ],
        "Content-Type": [
          "application/json; charset=utf-8"
        ],
        "Expires": [
          "-1"
        ],
        "Cache-Control": [
          "no-cache"
        ],
        "Date": [
          "Wed, 18 Jul 2018 23:55:02 GMT"
        ],
        "Pragma": [
          "no-cache"
        ],
        "Retry-After": [
          "3"
        ],
        "Server": [
          "Microsoft-HTTPAPI/2.0",
          "Microsoft-HTTPAPI/2.0"
        ],
        "x-ms-request-id": [
          "5973ba7d-3267-4c68-846d-8b4b3157d4d2"
        ],
        "Azure-AsyncOperation": [
          "https://management.azure.com/subscriptions/0b1f6471-1bf0-4dda-aec3-cb9272f09590/providers/Microsoft.Network/locations/eastus/operations/5973ba7d-3267-4c68-846d-8b4b3157d4d2?api-version=2018-04-01"
        ],
        "x-ms-correlation-request-id": [
          "92d36a97-b421-46fb-9ea5-c4cc55976b41"
        ],
        "Strict-Transport-Security": [
          "max-age=31536000; includeSubDomains"
        ],
        "x-ms-ratelimit-remaining-subscription-writes": [
          "1197"
        ],
        "x-ms-routing-request-id": [
          "WESTUS2:20180718T235502Z:92d36a97-b421-46fb-9ea5-c4cc55976b41"
        ],
        "X-Content-Type-Options": [
          "nosniff"
        ]
      },
      "StatusCode": 201
    },
    {
      "RequestUri": "/subscriptions/0b1f6471-1bf0-4dda-aec3-cb9272f09590/providers/Microsoft.Network/locations/eastus/operations/5973ba7d-3267-4c68-846d-8b4b3157d4d2?api-version=2018-04-01",
      "EncodedRequestUri": "L3N1YnNjcmlwdGlvbnMvMGIxZjY0NzEtMWJmMC00ZGRhLWFlYzMtY2I5MjcyZjA5NTkwL3Byb3ZpZGVycy9NaWNyb3NvZnQuTmV0d29yay9sb2NhdGlvbnMvZWFzdHVzL29wZXJhdGlvbnMvNTk3M2JhN2QtMzI2Ny00YzY4LTg0NmQtOGI0YjMxNTdkNGQyP2FwaS12ZXJzaW9uPTIwMTgtMDQtMDE=",
      "RequestMethod": "GET",
      "RequestBody": "",
      "RequestHeaders": {
        "User-Agent": [
          "FxVersion/4.6.25211.01",
          "Microsoft.Azure.Management.Network.Fluent.NetworkManagementClient/1.11.1.0",
          "MacAddressHash/cc0dc995bd7689190d87305dca6418746f27065181fa649f43731fb8fc5f1b10"
        ]
      },
      "ResponseBody": "{\r\n  \"status\": \"Succeeded\"\r\n}",
      "ResponseHeaders": {
        "Content-Type": [
          "application/json; charset=utf-8"
        ],
        "Expires": [
          "-1"
        ],
        "Cache-Control": [
          "no-cache"
        ],
        "Date": [
          "Wed, 18 Jul 2018 23:55:11 GMT"
        ],
        "Pragma": [
          "no-cache"
        ],
        "Transfer-Encoding": [
          "chunked"
        ],
        "Server": [
          "Microsoft-HTTPAPI/2.0",
          "Microsoft-HTTPAPI/2.0"
        ],
        "Vary": [
          "Accept-Encoding"
        ],
        "x-ms-request-id": [
          "81fa98f8-2e3e-418b-a629-313755ea27f5"
        ],
        "x-ms-correlation-request-id": [
          "249ba4e6-54e6-4612-b4fe-6251a7778b1f"
        ],
        "Strict-Transport-Security": [
          "max-age=31536000; includeSubDomains"
        ],
        "x-ms-ratelimit-remaining-subscription-reads": [
          "14997"
        ],
        "x-ms-routing-request-id": [
          "WESTUS2:20180718T235512Z:249ba4e6-54e6-4612-b4fe-6251a7778b1f"
        ],
        "X-Content-Type-Options": [
          "nosniff"
        ]
      },
      "StatusCode": 200
    },
    {
      "RequestUri": "/subscriptions/0b1f6471-1bf0-4dda-aec3-cb9272f09590/resourceGroups/abc634group/providers/Microsoft.Network/virtualNetworks/vnetc8863732a308?api-version=2018-04-01",
      "EncodedRequestUri": "L3N1YnNjcmlwdGlvbnMvMGIxZjY0NzEtMWJmMC00ZGRhLWFlYzMtY2I5MjcyZjA5NTkwL3Jlc291cmNlR3JvdXBzL2FiYzYzNGdyb3VwL3Byb3ZpZGVycy9NaWNyb3NvZnQuTmV0d29yay92aXJ0dWFsTmV0d29ya3Mvdm5ldGM4ODYzNzMyYTMwOD9hcGktdmVyc2lvbj0yMDE4LTA0LTAx",
      "RequestMethod": "GET",
      "RequestBody": "",
      "RequestHeaders": {
        "User-Agent": [
          "FxVersion/4.6.25211.01",
          "Microsoft.Azure.Management.Network.Fluent.NetworkManagementClient/1.11.1.0",
          "MacAddressHash/cc0dc995bd7689190d87305dca6418746f27065181fa649f43731fb8fc5f1b10"
        ]
      },
      "ResponseBody": "{\r\n  \"name\": \"vnetc8863732a308\",\r\n  \"id\": \"/subscriptions/0b1f6471-1bf0-4dda-aec3-cb9272f09590/resourceGroups/abc634group/providers/Microsoft.Network/virtualNetworks/vnetc8863732a308\",\r\n  \"etag\": \"W/\\\"a786e5f4-e9a0-414b-89b7-7b9cd2fbcd75\\\"\",\r\n  \"type\": \"Microsoft.Network/virtualNetworks\",\r\n  \"location\": \"eastus\",\r\n  \"tags\": {},\r\n  \"properties\": {\r\n    \"provisioningState\": \"Succeeded\",\r\n    \"resourceGuid\": \"4f40790c-fa3a-48b5-8f9a-aed4b245a334\",\r\n    \"addressSpace\": {\r\n      \"addressPrefixes\": [\r\n        \"10.0.0.0/28\"\r\n      ]\r\n    },\r\n    \"dhcpOptions\": {\r\n      \"dnsServers\": []\r\n    },\r\n    \"subnets\": [\r\n      {\r\n        \"name\": \"subnet1\",\r\n        \"id\": \"/subscriptions/0b1f6471-1bf0-4dda-aec3-cb9272f09590/resourceGroups/abc634group/providers/Microsoft.Network/virtualNetworks/vnetc8863732a308/subnets/subnet1\",\r\n        \"etag\": \"W/\\\"a786e5f4-e9a0-414b-89b7-7b9cd2fbcd75\\\"\",\r\n        \"properties\": {\r\n          \"provisioningState\": \"Succeeded\",\r\n          \"addressPrefix\": \"10.0.0.0/28\",\r\n          \"delegations\": []\r\n        }\r\n      }\r\n    ],\r\n    \"virtualNetworkPeerings\": [],\r\n    \"enableDdosProtection\": false,\r\n    \"enableVmProtection\": false\r\n  }\r\n}",
      "ResponseHeaders": {
        "Content-Type": [
          "application/json; charset=utf-8"
        ],
        "Expires": [
          "-1"
        ],
        "Cache-Control": [
          "no-cache"
        ],
        "Date": [
          "Wed, 18 Jul 2018 23:55:12 GMT"
        ],
        "Pragma": [
          "no-cache"
        ],
        "Transfer-Encoding": [
          "chunked"
        ],
        "ETag": [
          "W/\"a786e5f4-e9a0-414b-89b7-7b9cd2fbcd75\""
        ],
        "Server": [
          "Microsoft-HTTPAPI/2.0",
          "Microsoft-HTTPAPI/2.0"
        ],
        "Vary": [
          "Accept-Encoding"
        ],
        "x-ms-request-id": [
          "bc63dd11-3468-4290-959f-ff95674b1523"
        ],
        "x-ms-correlation-request-id": [
          "d54b04fb-7692-4697-8c93-f78bb913615d"
        ],
        "Strict-Transport-Security": [
          "max-age=31536000; includeSubDomains"
        ],
        "x-ms-ratelimit-remaining-subscription-reads": [
          "14996"
        ],
        "x-ms-routing-request-id": [
          "WESTUS2:20180718T235512Z:d54b04fb-7692-4697-8c93-f78bb913615d"
        ],
        "X-Content-Type-Options": [
          "nosniff"
        ]
      },
      "StatusCode": 200
    },
    {
      "RequestUri": "/subscriptions/0b1f6471-1bf0-4dda-aec3-cb9272f09590/resourceGroups/abc634group/providers/Microsoft.Network/networkInterfaces/nicvm3718cab07510c?api-version=2018-04-01",
      "EncodedRequestUri": "L3N1YnNjcmlwdGlvbnMvMGIxZjY0NzEtMWJmMC00ZGRhLWFlYzMtY2I5MjcyZjA5NTkwL3Jlc291cmNlR3JvdXBzL2FiYzYzNGdyb3VwL3Byb3ZpZGVycy9NaWNyb3NvZnQuTmV0d29yay9uZXR3b3JrSW50ZXJmYWNlcy9uaWN2bTM3MThjYWIwNzUxMGM/YXBpLXZlcnNpb249MjAxOC0wNC0wMQ==",
      "RequestMethod": "PUT",
      "RequestBody": "{\r\n  \"properties\": {\r\n    \"ipConfigurations\": [\r\n      {\r\n        \"properties\": {\r\n          \"privateIPAllocationMethod\": \"Dynamic\",\r\n          \"subnet\": {\r\n            \"id\": \"/subscriptions/0b1f6471-1bf0-4dda-aec3-cb9272f09590/resourceGroups/abc634group/providers/Microsoft.Network/virtualNetworks/vnetc8863732a308/subnets/subnet1\"\r\n          },\r\n          \"primary\": true,\r\n          \"publicIPAddress\": {\r\n            \"id\": \"/subscriptions/0b1f6471-1bf0-4dda-aec3-cb9272f09590/resourceGroups/abc634group/providers/Microsoft.Network/publicIPAddresses/abc634\"\r\n          }\r\n        },\r\n        \"name\": \"primary\"\r\n      }\r\n    ],\r\n    \"dnsSettings\": {}\r\n  },\r\n  \"location\": \"eastus\",\r\n  \"tags\": {}\r\n}",
      "RequestHeaders": {
        "Content-Type": [
          "application/json; charset=utf-8"
        ],
        "Content-Length": [
          "699"
        ],
        "x-ms-client-request-id": [
          "a32e27df-8c85-4ce3-832d-f642bc0b400c"
        ],
        "accept-language": [
          "en-US"
        ],
        "User-Agent": [
          "FxVersion/4.6.25211.01",
          "Microsoft.Azure.Management.Network.Fluent.NetworkManagementClient/1.11.1.0",
          "MacAddressHash/cc0dc995bd7689190d87305dca6418746f27065181fa649f43731fb8fc5f1b10"
        ]
      },
      "ResponseBody": "{\r\n  \"name\": \"nicvm3718cab07510c\",\r\n  \"id\": \"/subscriptions/0b1f6471-1bf0-4dda-aec3-cb9272f09590/resourceGroups/abc634group/providers/Microsoft.Network/networkInterfaces/nicvm3718cab07510c\",\r\n  \"etag\": \"W/\\\"e27c5529-9ec3-4536-8302-8065b0e03a5a\\\"\",\r\n  \"location\": \"eastus\",\r\n  \"tags\": {},\r\n  \"properties\": {\r\n    \"provisioningState\": \"Succeeded\",\r\n    \"resourceGuid\": \"4ff4a192-04ad-423c-a01d-ecaf8cca58d2\",\r\n    \"ipConfigurations\": [\r\n      {\r\n        \"name\": \"primary\",\r\n        \"id\": \"/subscriptions/0b1f6471-1bf0-4dda-aec3-cb9272f09590/resourceGroups/abc634group/providers/Microsoft.Network/networkInterfaces/nicvm3718cab07510c/ipConfigurations/primary\",\r\n        \"etag\": \"W/\\\"e27c5529-9ec3-4536-8302-8065b0e03a5a\\\"\",\r\n        \"properties\": {\r\n          \"provisioningState\": \"Succeeded\",\r\n          \"privateIPAddress\": \"10.0.0.4\",\r\n          \"privateIPAllocationMethod\": \"Dynamic\",\r\n          \"publicIPAddress\": {\r\n            \"id\": \"/subscriptions/0b1f6471-1bf0-4dda-aec3-cb9272f09590/resourceGroups/abc634group/providers/Microsoft.Network/publicIPAddresses/abc634\"\r\n          },\r\n          \"subnet\": {\r\n            \"id\": \"/subscriptions/0b1f6471-1bf0-4dda-aec3-cb9272f09590/resourceGroups/abc634group/providers/Microsoft.Network/virtualNetworks/vnetc8863732a308/subnets/subnet1\"\r\n          },\r\n          \"primary\": true,\r\n          \"privateIPAddressVersion\": \"IPv4\",\r\n          \"isInUseWithService\": false\r\n        }\r\n      }\r\n    ],\r\n    \"dnsSettings\": {\r\n      \"dnsServers\": [],\r\n      \"appliedDnsServers\": [],\r\n      \"internalDomainNameSuffix\": \"br2uatz05k0urd20v1klerndge.bx.internal.cloudapp.net\"\r\n    },\r\n    \"enableAcceleratedNetworking\": false,\r\n    \"enableIPForwarding\": false,\r\n    \"services\": null,\r\n    \"virtualNetworkTapProvisioningState\": \"NotProvisioned\"\r\n  },\r\n  \"type\": \"Microsoft.Network/networkInterfaces\"\r\n}",
      "ResponseHeaders": {
        "Content-Length": [
          "1832"
        ],
        "Content-Type": [
          "application/json; charset=utf-8"
        ],
        "Expires": [
          "-1"
        ],
        "Cache-Control": [
          "no-cache"
        ],
        "Date": [
          "Wed, 18 Jul 2018 23:55:13 GMT"
        ],
        "Pragma": [
          "no-cache"
        ],
        "Server": [
          "Microsoft-HTTPAPI/2.0",
          "Microsoft-HTTPAPI/2.0"
        ],
        "x-ms-request-id": [
          "7ecc9664-0295-4156-9dcf-a894b6e5a596"
        ],
        "Azure-AsyncOperation": [
          "https://management.azure.com/subscriptions/0b1f6471-1bf0-4dda-aec3-cb9272f09590/providers/Microsoft.Network/locations/eastus/operations/7ecc9664-0295-4156-9dcf-a894b6e5a596?api-version=2018-04-01"
        ],
        "x-ms-correlation-request-id": [
          "c4f17176-87f3-474a-a31b-e1f080582d14"
        ],
        "Strict-Transport-Security": [
          "max-age=31536000; includeSubDomains"
        ],
        "x-ms-ratelimit-remaining-subscription-writes": [
          "1196"
        ],
        "x-ms-routing-request-id": [
          "WESTUS2:20180718T235513Z:c4f17176-87f3-474a-a31b-e1f080582d14"
        ],
        "X-Content-Type-Options": [
          "nosniff"
        ]
      },
      "StatusCode": 201
    },
    {
      "RequestUri": "/subscriptions/0b1f6471-1bf0-4dda-aec3-cb9272f09590/resourceGroups/abc634group/providers/Microsoft.Network/networkInterfaces/nicvm3718cab07510c?api-version=2018-04-01",
      "EncodedRequestUri": "L3N1YnNjcmlwdGlvbnMvMGIxZjY0NzEtMWJmMC00ZGRhLWFlYzMtY2I5MjcyZjA5NTkwL3Jlc291cmNlR3JvdXBzL2FiYzYzNGdyb3VwL3Byb3ZpZGVycy9NaWNyb3NvZnQuTmV0d29yay9uZXR3b3JrSW50ZXJmYWNlcy9uaWN2bTM3MThjYWIwNzUxMGM/YXBpLXZlcnNpb249MjAxOC0wNC0wMQ==",
      "RequestMethod": "GET",
      "RequestBody": "",
      "RequestHeaders": {
        "User-Agent": [
          "FxVersion/4.6.25211.01",
          "Microsoft.Azure.Management.Network.Fluent.NetworkManagementClient/1.11.1.0",
          "MacAddressHash/cc0dc995bd7689190d87305dca6418746f27065181fa649f43731fb8fc5f1b10"
        ]
      },
      "ResponseBody": "{\r\n  \"name\": \"nicvm3718cab07510c\",\r\n  \"id\": \"/subscriptions/0b1f6471-1bf0-4dda-aec3-cb9272f09590/resourceGroups/abc634group/providers/Microsoft.Network/networkInterfaces/nicvm3718cab07510c\",\r\n  \"etag\": \"W/\\\"e27c5529-9ec3-4536-8302-8065b0e03a5a\\\"\",\r\n  \"location\": \"eastus\",\r\n  \"tags\": {},\r\n  \"properties\": {\r\n    \"provisioningState\": \"Succeeded\",\r\n    \"resourceGuid\": \"4ff4a192-04ad-423c-a01d-ecaf8cca58d2\",\r\n    \"ipConfigurations\": [\r\n      {\r\n        \"name\": \"primary\",\r\n        \"id\": \"/subscriptions/0b1f6471-1bf0-4dda-aec3-cb9272f09590/resourceGroups/abc634group/providers/Microsoft.Network/networkInterfaces/nicvm3718cab07510c/ipConfigurations/primary\",\r\n        \"etag\": \"W/\\\"e27c5529-9ec3-4536-8302-8065b0e03a5a\\\"\",\r\n        \"properties\": {\r\n          \"provisioningState\": \"Succeeded\",\r\n          \"privateIPAddress\": \"10.0.0.4\",\r\n          \"privateIPAllocationMethod\": \"Dynamic\",\r\n          \"publicIPAddress\": {\r\n            \"id\": \"/subscriptions/0b1f6471-1bf0-4dda-aec3-cb9272f09590/resourceGroups/abc634group/providers/Microsoft.Network/publicIPAddresses/abc634\"\r\n          },\r\n          \"subnet\": {\r\n            \"id\": \"/subscriptions/0b1f6471-1bf0-4dda-aec3-cb9272f09590/resourceGroups/abc634group/providers/Microsoft.Network/virtualNetworks/vnetc8863732a308/subnets/subnet1\"\r\n          },\r\n          \"primary\": true,\r\n          \"privateIPAddressVersion\": \"IPv4\",\r\n          \"isInUseWithService\": false\r\n        }\r\n      }\r\n    ],\r\n    \"dnsSettings\": {\r\n      \"dnsServers\": [],\r\n      \"appliedDnsServers\": [],\r\n      \"internalDomainNameSuffix\": \"br2uatz05k0urd20v1klerndge.bx.internal.cloudapp.net\"\r\n    },\r\n    \"enableAcceleratedNetworking\": false,\r\n    \"enableIPForwarding\": false,\r\n    \"services\": null,\r\n    \"virtualNetworkTapProvisioningState\": \"NotProvisioned\"\r\n  },\r\n  \"type\": \"Microsoft.Network/networkInterfaces\"\r\n}",
      "ResponseHeaders": {
        "Content-Type": [
          "application/json; charset=utf-8"
        ],
        "Expires": [
          "-1"
        ],
        "Cache-Control": [
          "no-cache"
        ],
        "Date": [
          "Wed, 18 Jul 2018 23:55:13 GMT"
        ],
        "Pragma": [
          "no-cache"
        ],
        "Transfer-Encoding": [
          "chunked"
        ],
        "ETag": [
          "W/\"e27c5529-9ec3-4536-8302-8065b0e03a5a\""
        ],
        "Server": [
          "Microsoft-HTTPAPI/2.0",
          "Microsoft-HTTPAPI/2.0"
        ],
        "Vary": [
          "Accept-Encoding"
        ],
        "x-ms-request-id": [
          "8a89a441-9168-4ef6-800e-1a8e0e514b5b"
        ],
        "x-ms-correlation-request-id": [
          "80dfcbea-f65f-4632-bd56-db3416cbba26"
        ],
        "Strict-Transport-Security": [
          "max-age=31536000; includeSubDomains"
        ],
        "x-ms-ratelimit-remaining-subscription-reads": [
          "14995"
        ],
        "x-ms-routing-request-id": [
          "WESTUS2:20180718T235513Z:80dfcbea-f65f-4632-bd56-db3416cbba26"
        ],
        "X-Content-Type-Options": [
          "nosniff"
        ]
      },
      "StatusCode": 200
    },
    {
      "RequestUri": "/subscriptions/0b1f6471-1bf0-4dda-aec3-cb9272f09590/resourceGroups/abc634group/providers/Microsoft.Storage/storageAccounts/stgvm3718cab57984e61?api-version=2017-10-01",
      "EncodedRequestUri": "L3N1YnNjcmlwdGlvbnMvMGIxZjY0NzEtMWJmMC00ZGRhLWFlYzMtY2I5MjcyZjA5NTkwL3Jlc291cmNlR3JvdXBzL2FiYzYzNGdyb3VwL3Byb3ZpZGVycy9NaWNyb3NvZnQuU3RvcmFnZS9zdG9yYWdlQWNjb3VudHMvc3Rndm0zNzE4Y2FiNTc5ODRlNjE/YXBpLXZlcnNpb249MjAxNy0xMC0wMQ==",
      "RequestMethod": "PUT",
      "RequestBody": "{\r\n  \"sku\": {\r\n    \"name\": \"Standard_GRS\"\r\n  },\r\n  \"kind\": \"Storage\",\r\n  \"location\": \"eastus\",\r\n  \"tags\": {}\r\n}",
      "RequestHeaders": {
        "Content-Type": [
          "application/json; charset=utf-8"
        ],
        "Content-Length": [
          "111"
        ],
        "x-ms-client-request-id": [
          "ee6f0c45-400f-47a4-9106-312a81346a32"
        ],
        "accept-language": [
          "en-US"
        ],
        "User-Agent": [
          "FxVersion/4.6.25211.01",
          "Microsoft.Azure.Management.Storage.Fluent.StorageManagementClient/1.11.1.0",
          "MacAddressHash/cc0dc995bd7689190d87305dca6418746f27065181fa649f43731fb8fc5f1b10"
        ]
      },
      "ResponseBody": "",
      "ResponseHeaders": {
        "Content-Length": [
          "0"
        ],
        "Content-Type": [
          "text/plain; charset=utf-8"
        ],
        "Expires": [
          "-1"
        ],
        "Cache-Control": [
          "no-cache"
        ],
        "Date": [
          "Wed, 18 Jul 2018 23:55:14 GMT"
        ],
        "Pragma": [
          "no-cache"
        ],
        "Location": [
          "https://management.azure.com/subscriptions/0b1f6471-1bf0-4dda-aec3-cb9272f09590/providers/Microsoft.Storage/locations/eastus/asyncoperations/44b0887c-e884-41ee-82f7-162970d4da4e?monitor=true&api-version=2017-10-01"
        ],
        "Retry-After": [
          "17"
        ],
        "Server": [
          "Microsoft-Azure-Storage-Resource-Provider/1.0,Microsoft-HTTPAPI/2.0 Microsoft-HTTPAPI/2.0"
        ],
        "x-ms-request-id": [
          "44b0887c-e884-41ee-82f7-162970d4da4e"
        ],
        "Strict-Transport-Security": [
          "max-age=31536000; includeSubDomains"
        ],
        "x-ms-ratelimit-remaining-subscription-writes": [
          "1195"
        ],
        "x-ms-correlation-request-id": [
          "59a12a52-94ab-403d-9762-e605296da079"
        ],
        "x-ms-routing-request-id": [
          "WESTUS2:20180718T235515Z:59a12a52-94ab-403d-9762-e605296da079"
        ],
        "X-Content-Type-Options": [
          "nosniff"
        ]
      },
      "StatusCode": 202
    },
    {
      "RequestUri": "/subscriptions/0b1f6471-1bf0-4dda-aec3-cb9272f09590/providers/Microsoft.Storage/locations/eastus/asyncoperations/44b0887c-e884-41ee-82f7-162970d4da4e?monitor=true&api-version=2017-10-01",
      "EncodedRequestUri": "L3N1YnNjcmlwdGlvbnMvMGIxZjY0NzEtMWJmMC00ZGRhLWFlYzMtY2I5MjcyZjA5NTkwL3Byb3ZpZGVycy9NaWNyb3NvZnQuU3RvcmFnZS9sb2NhdGlvbnMvZWFzdHVzL2FzeW5jb3BlcmF0aW9ucy80NGIwODg3Yy1lODg0LTQxZWUtODJmNy0xNjI5NzBkNGRhNGU/bW9uaXRvcj10cnVlJmFwaS12ZXJzaW9uPTIwMTctMTAtMDE=",
      "RequestMethod": "GET",
      "RequestBody": "",
      "RequestHeaders": {
        "User-Agent": [
          "FxVersion/4.6.25211.01",
          "Microsoft.Azure.Management.Storage.Fluent.StorageManagementClient/1.11.1.0",
          "MacAddressHash/cc0dc995bd7689190d87305dca6418746f27065181fa649f43731fb8fc5f1b10"
        ]
      },
      "ResponseBody": "{\r\n  \"sku\": {\r\n    \"name\": \"Standard_GRS\",\r\n    \"tier\": \"Standard\"\r\n  },\r\n  \"kind\": \"Storage\",\r\n  \"id\": \"/subscriptions/0b1f6471-1bf0-4dda-aec3-cb9272f09590/resourceGroups/abc634group/providers/Microsoft.Storage/storageAccounts/stgvm3718cab57984e61\",\r\n  \"name\": \"stgvm3718cab57984e61\",\r\n  \"type\": \"Microsoft.Storage/storageAccounts\",\r\n  \"location\": \"eastus\",\r\n  \"tags\": {},\r\n  \"properties\": {\r\n    \"networkAcls\": {\r\n      \"bypass\": \"AzureServices\",\r\n      \"virtualNetworkRules\": [],\r\n      \"ipRules\": [],\r\n      \"defaultAction\": \"Allow\"\r\n    },\r\n    \"trustedDirectories\": [\r\n      \"54826b22-38d6-4fb2-bad9-b7b93a3e9c5a\"\r\n    ],\r\n    \"supportsHttpsTrafficOnly\": false,\r\n    \"encryption\": {\r\n      \"services\": {\r\n        \"file\": {\r\n          \"enabled\": true,\r\n          \"lastEnabledTime\": \"2018-07-18T23:55:14.7776937Z\"\r\n        },\r\n        \"blob\": {\r\n          \"enabled\": true,\r\n          \"lastEnabledTime\": \"2018-07-18T23:55:14.7776937Z\"\r\n        }\r\n      },\r\n      \"keySource\": \"Microsoft.Storage\"\r\n    },\r\n    \"provisioningState\": \"Succeeded\",\r\n    \"creationTime\": \"2018-07-18T23:55:14.6370495Z\",\r\n    \"primaryEndpoints\": {\r\n      \"blob\": \"https://stgvm3718cab57984e61.blob.core.windows.net/\",\r\n      \"queue\": \"https://stgvm3718cab57984e61.queue.core.windows.net/\",\r\n      \"table\": \"https://stgvm3718cab57984e61.table.core.windows.net/\",\r\n      \"file\": \"https://stgvm3718cab57984e61.file.core.windows.net/\"\r\n    },\r\n    \"primaryLocation\": \"eastus\",\r\n    \"statusOfPrimary\": \"available\",\r\n    \"secondaryLocation\": \"westus\",\r\n    \"statusOfSecondary\": \"available\"\r\n  }\r\n}",
      "ResponseHeaders": {
        "Content-Type": [
          "application/json"
        ],
        "Expires": [
          "-1"
        ],
        "Cache-Control": [
          "no-cache"
        ],
        "Date": [
          "Wed, 18 Jul 2018 23:55:31 GMT"
        ],
        "Pragma": [
          "no-cache"
        ],
        "Transfer-Encoding": [
          "chunked"
        ],
        "Server": [
          "Microsoft-Azure-Storage-Resource-Provider/1.0,Microsoft-HTTPAPI/2.0 Microsoft-HTTPAPI/2.0"
        ],
        "Vary": [
          "Accept-Encoding"
        ],
        "x-ms-request-id": [
          "42bd6b7b-34ce-447e-b571-2fd7efb6a508"
        ],
        "Strict-Transport-Security": [
          "max-age=31536000; includeSubDomains"
        ],
        "x-ms-ratelimit-remaining-subscription-reads": [
          "14994"
        ],
        "x-ms-correlation-request-id": [
          "b9e4f504-4b29-4322-800a-b605b717b506"
        ],
        "x-ms-routing-request-id": [
          "WESTUS2:20180718T235532Z:b9e4f504-4b29-4322-800a-b605b717b506"
        ],
        "X-Content-Type-Options": [
          "nosniff"
        ]
      },
      "StatusCode": 200
    },
    {
      "RequestUri": "/subscriptions/0b1f6471-1bf0-4dda-aec3-cb9272f09590/resourceGroups/abc634group/providers/Microsoft.Storage/storageAccounts/stgvm3718cab57984e61?api-version=2017-10-01",
      "EncodedRequestUri": "L3N1YnNjcmlwdGlvbnMvMGIxZjY0NzEtMWJmMC00ZGRhLWFlYzMtY2I5MjcyZjA5NTkwL3Jlc291cmNlR3JvdXBzL2FiYzYzNGdyb3VwL3Byb3ZpZGVycy9NaWNyb3NvZnQuU3RvcmFnZS9zdG9yYWdlQWNjb3VudHMvc3Rndm0zNzE4Y2FiNTc5ODRlNjE/YXBpLXZlcnNpb249MjAxNy0xMC0wMQ==",
      "RequestMethod": "GET",
      "RequestBody": "",
      "RequestHeaders": {
        "x-ms-client-request-id": [
          "9bf79b8e-db25-46f7-b682-c892b96cbc1f"
        ],
        "accept-language": [
          "en-US"
        ],
        "User-Agent": [
          "FxVersion/4.6.25211.01",
          "Microsoft.Azure.Management.Storage.Fluent.StorageManagementClient/1.11.1.0",
          "MacAddressHash/cc0dc995bd7689190d87305dca6418746f27065181fa649f43731fb8fc5f1b10"
        ]
      },
      "ResponseBody": "{\r\n  \"sku\": {\r\n    \"name\": \"Standard_GRS\",\r\n    \"tier\": \"Standard\"\r\n  },\r\n  \"kind\": \"Storage\",\r\n  \"id\": \"/subscriptions/0b1f6471-1bf0-4dda-aec3-cb9272f09590/resourceGroups/abc634group/providers/Microsoft.Storage/storageAccounts/stgvm3718cab57984e61\",\r\n  \"name\": \"stgvm3718cab57984e61\",\r\n  \"type\": \"Microsoft.Storage/storageAccounts\",\r\n  \"location\": \"eastus\",\r\n  \"tags\": {},\r\n  \"properties\": {\r\n    \"networkAcls\": {\r\n      \"bypass\": \"AzureServices\",\r\n      \"virtualNetworkRules\": [],\r\n      \"ipRules\": [],\r\n      \"defaultAction\": \"Allow\"\r\n    },\r\n    \"trustedDirectories\": [\r\n      \"54826b22-38d6-4fb2-bad9-b7b93a3e9c5a\"\r\n    ],\r\n    \"supportsHttpsTrafficOnly\": false,\r\n    \"encryption\": {\r\n      \"services\": {\r\n        \"file\": {\r\n          \"enabled\": true,\r\n          \"lastEnabledTime\": \"2018-07-18T23:55:14.7776937Z\"\r\n        },\r\n        \"blob\": {\r\n          \"enabled\": true,\r\n          \"lastEnabledTime\": \"2018-07-18T23:55:14.7776937Z\"\r\n        }\r\n      },\r\n      \"keySource\": \"Microsoft.Storage\"\r\n    },\r\n    \"provisioningState\": \"Succeeded\",\r\n    \"creationTime\": \"2018-07-18T23:55:14.6370495Z\",\r\n    \"primaryEndpoints\": {\r\n      \"blob\": \"https://stgvm3718cab57984e61.blob.core.windows.net/\",\r\n      \"queue\": \"https://stgvm3718cab57984e61.queue.core.windows.net/\",\r\n      \"table\": \"https://stgvm3718cab57984e61.table.core.windows.net/\",\r\n      \"file\": \"https://stgvm3718cab57984e61.file.core.windows.net/\"\r\n    },\r\n    \"primaryLocation\": \"eastus\",\r\n    \"statusOfPrimary\": \"available\",\r\n    \"secondaryLocation\": \"westus\",\r\n    \"statusOfSecondary\": \"available\"\r\n  }\r\n}",
      "ResponseHeaders": {
        "Content-Type": [
          "application/json"
        ],
        "Expires": [
          "-1"
        ],
        "Cache-Control": [
          "no-cache"
        ],
        "Date": [
          "Wed, 18 Jul 2018 23:55:31 GMT"
        ],
        "Pragma": [
          "no-cache"
        ],
        "Transfer-Encoding": [
          "chunked"
        ],
        "Server": [
          "Microsoft-Azure-Storage-Resource-Provider/1.0,Microsoft-HTTPAPI/2.0 Microsoft-HTTPAPI/2.0"
        ],
        "Vary": [
          "Accept-Encoding"
        ],
        "x-ms-request-id": [
          "bea94708-9844-4ec0-a4c7-5e0a5798a8d8"
        ],
        "Strict-Transport-Security": [
          "max-age=31536000; includeSubDomains"
        ],
        "x-ms-ratelimit-remaining-subscription-reads": [
          "14993"
        ],
        "x-ms-correlation-request-id": [
          "c0fe0fdc-ac97-488e-bc7a-8fface0d94fd"
        ],
        "x-ms-routing-request-id": [
          "WESTUS2:20180718T235532Z:c0fe0fdc-ac97-488e-bc7a-8fface0d94fd"
        ],
        "X-Content-Type-Options": [
          "nosniff"
        ]
      },
      "StatusCode": 200
    },
    {
      "RequestUri": "/subscriptions/0b1f6471-1bf0-4dda-aec3-cb9272f09590/resourceGroups/abc634group/providers/Microsoft.Compute/virtualMachines/vm3718?api-version=2018-04-01",
      "EncodedRequestUri": "L3N1YnNjcmlwdGlvbnMvMGIxZjY0NzEtMWJmMC00ZGRhLWFlYzMtY2I5MjcyZjA5NTkwL3Jlc291cmNlR3JvdXBzL2FiYzYzNGdyb3VwL3Byb3ZpZGVycy9NaWNyb3NvZnQuQ29tcHV0ZS92aXJ0dWFsTWFjaGluZXMvdm0zNzE4P2FwaS12ZXJzaW9uPTIwMTgtMDQtMDE=",
      "RequestMethod": "PUT",
      "RequestBody": "{\r\n  \"properties\": {\r\n    \"hardwareProfile\": {\r\n      \"vmSize\": \"Basic_A0\"\r\n    },\r\n    \"storageProfile\": {\r\n      \"imageReference\": {\r\n        \"publisher\": \"Canonical\",\r\n        \"offer\": \"UbuntuServer\",\r\n        \"sku\": \"16.04.0-LTS\",\r\n        \"version\": \"latest\"\r\n      },\r\n      \"osDisk\": {\r\n        \"name\": \"vm3718-os-disk\",\r\n        \"vhd\": {\r\n          \"uri\": \"https://stgvm3718cab57984e61.blob.core.windows.net/vhds/vm3718-os-disk-589c467d-154c-46b5-b693-b154296b8593.Vhd\"\r\n        },\r\n        \"caching\": \"ReadWrite\",\r\n        \"createOption\": \"FromImage\"\r\n      },\r\n      \"dataDisks\": []\r\n    },\r\n    \"osProfile\": {\r\n      \"computerName\": \"vm3718\",\r\n      \"adminUsername\": \"testuser\",\r\n      \"adminPassword\": \"12NewPA$$w0rd!\",\r\n      \"customData\": \"I2Nsb3VkLWNvbmZpZw0KcGFja2FnZXM6DQogLSBwd2dlbg==\",\r\n      \"linuxConfiguration\": {\r\n        \"disablePasswordAuthentication\": false\r\n      }\r\n    },\r\n    \"networkProfile\": {\r\n      \"networkInterfaces\": [\r\n        {\r\n          \"properties\": {\r\n            \"primary\": true\r\n          },\r\n          \"id\": \"/subscriptions/0b1f6471-1bf0-4dda-aec3-cb9272f09590/resourceGroups/abc634group/providers/Microsoft.Network/networkInterfaces/nicvm3718cab07510c\"\r\n        }\r\n      ]\r\n    }\r\n  },\r\n  \"location\": \"eastus\",\r\n  \"tags\": {}\r\n}",
      "RequestHeaders": {
        "Content-Type": [
          "application/json; charset=utf-8"
        ],
        "Content-Length": [
          "1274"
        ],
        "x-ms-client-request-id": [
          "9704f8dc-02fd-4bd6-8f29-20c48427c85e"
        ],
        "accept-language": [
          "en-US"
        ],
        "User-Agent": [
          "FxVersion/4.6.25211.01",
          "Microsoft.Azure.Management.Compute.Fluent.ComputeManagementClient/1.11.1.0",
          "MacAddressHash/cc0dc995bd7689190d87305dca6418746f27065181fa649f43731fb8fc5f1b10"
        ]
      },
      "ResponseBody": "{\r\n  \"properties\": {\r\n    \"vmId\": \"0e810d7d-64d4-4be9-9584-6c38e9e1c84f\",\r\n    \"hardwareProfile\": {\r\n      \"vmSize\": \"Basic_A0\"\r\n    },\r\n    \"storageProfile\": {\r\n      \"imageReference\": {\r\n        \"publisher\": \"Canonical\",\r\n        \"offer\": \"UbuntuServer\",\r\n        \"sku\": \"16.04.0-LTS\",\r\n        \"version\": \"latest\"\r\n      },\r\n      \"osDisk\": {\r\n        \"osType\": \"Linux\",\r\n        \"name\": \"vm3718-os-disk\",\r\n        \"createOption\": \"FromImage\",\r\n        \"vhd\": {\r\n          \"uri\": \"https://stgvm3718cab57984e61.blob.core.windows.net/vhds/vm3718-os-disk-589c467d-154c-46b5-b693-b154296b8593.Vhd\"\r\n        },\r\n        \"caching\": \"ReadWrite\"\r\n      },\r\n      \"dataDisks\": []\r\n    },\r\n    \"osProfile\": {\r\n      \"computerName\": \"vm3718\",\r\n      \"adminUsername\": \"testuser\",\r\n      \"linuxConfiguration\": {\r\n        \"disablePasswordAuthentication\": false\r\n      },\r\n      \"secrets\": []\r\n    },\r\n    \"networkProfile\": {\r\n      \"networkInterfaces\": [\r\n        {\r\n          \"id\": \"/subscriptions/0b1f6471-1bf0-4dda-aec3-cb9272f09590/resourceGroups/abc634group/providers/Microsoft.Network/networkInterfaces/nicvm3718cab07510c\",\r\n          \"properties\": {\r\n            \"primary\": true\r\n          }\r\n        }\r\n      ]\r\n    },\r\n    \"provisioningState\": \"Creating\"\r\n  },\r\n  \"type\": \"Microsoft.Compute/virtualMachines\",\r\n  \"location\": \"eastus\",\r\n  \"tags\": {},\r\n  \"id\": \"/subscriptions/0b1f6471-1bf0-4dda-aec3-cb9272f09590/resourceGroups/abc634group/providers/Microsoft.Compute/virtualMachines/vm3718\",\r\n  \"name\": \"vm3718\"\r\n}",
      "ResponseHeaders": {
        "Content-Length": [
          "1415"
        ],
        "Content-Type": [
          "application/json; charset=utf-8"
        ],
        "Expires": [
          "-1"
        ],
        "Cache-Control": [
          "no-cache"
        ],
        "Date": [
          "Wed, 18 Jul 2018 23:55:32 GMT"
        ],
        "Pragma": [
          "no-cache"
        ],
        "Retry-After": [
          "10"
        ],
        "Server": [
          "Microsoft-HTTPAPI/2.0",
          "Microsoft-HTTPAPI/2.0"
        ],
        "Azure-AsyncOperation": [
          "https://management.azure.com/subscriptions/0b1f6471-1bf0-4dda-aec3-cb9272f09590/providers/Microsoft.Compute/locations/eastus/operations/3ef44187-8f82-4924-bd63-8b5a1cbef121?api-version=2018-04-01"
        ],
        "x-ms-ratelimit-remaining-resource": [
          "Microsoft.Compute/PutVM3Min;239,Microsoft.Compute/PutVM30Min;1199"
        ],
        "Strict-Transport-Security": [
          "max-age=31536000; includeSubDomains"
        ],
        "x-ms-served-by": [
          "54253b73-cb53-496f-ab42-5e5ee19426f8_131762702583283140"
        ],
        "x-ms-request-id": [
          "3ef44187-8f82-4924-bd63-8b5a1cbef121"
        ],
        "x-ms-ratelimit-remaining-subscription-writes": [
          "1194"
        ],
        "x-ms-correlation-request-id": [
          "17417688-b589-4639-9b29-d94f7803d464"
        ],
        "x-ms-routing-request-id": [
          "WESTUS2:20180718T235533Z:17417688-b589-4639-9b29-d94f7803d464"
        ],
        "X-Content-Type-Options": [
          "nosniff"
        ]
      },
      "StatusCode": 201
    },
    {
      "RequestUri": "/subscriptions/0b1f6471-1bf0-4dda-aec3-cb9272f09590/providers/Microsoft.Compute/locations/eastus/operations/3ef44187-8f82-4924-bd63-8b5a1cbef121?api-version=2018-04-01",
      "EncodedRequestUri": "L3N1YnNjcmlwdGlvbnMvMGIxZjY0NzEtMWJmMC00ZGRhLWFlYzMtY2I5MjcyZjA5NTkwL3Byb3ZpZGVycy9NaWNyb3NvZnQuQ29tcHV0ZS9sb2NhdGlvbnMvZWFzdHVzL29wZXJhdGlvbnMvM2VmNDQxODctOGY4Mi00OTI0LWJkNjMtOGI1YTFjYmVmMTIxP2FwaS12ZXJzaW9uPTIwMTgtMDQtMDE=",
      "RequestMethod": "GET",
      "RequestBody": "",
      "RequestHeaders": {
        "User-Agent": [
          "FxVersion/4.6.25211.01",
          "Microsoft.Azure.Management.Compute.Fluent.ComputeManagementClient/1.11.1.0",
          "MacAddressHash/cc0dc995bd7689190d87305dca6418746f27065181fa649f43731fb8fc5f1b10"
        ]
      },
      "ResponseBody": "{\r\n  \"startTime\": \"2018-07-18T16:55:33.4308353-07:00\",\r\n  \"status\": \"InProgress\",\r\n  \"name\": \"3ef44187-8f82-4924-bd63-8b5a1cbef121\"\r\n}",
      "ResponseHeaders": {
        "Content-Type": [
          "application/json; charset=utf-8"
        ],
        "Expires": [
          "-1"
        ],
        "Cache-Control": [
          "no-cache"
        ],
        "Date": [
          "Wed, 18 Jul 2018 23:55:43 GMT"
        ],
        "Pragma": [
          "no-cache"
        ],
        "Transfer-Encoding": [
          "chunked"
        ],
        "Retry-After": [
          "30"
        ],
        "Server": [
          "Microsoft-HTTPAPI/2.0",
          "Microsoft-HTTPAPI/2.0"
        ],
        "Vary": [
          "Accept-Encoding"
        ],
        "x-ms-ratelimit-remaining-resource": [
          "Microsoft.Compute/GetOperation3Min;14999,Microsoft.Compute/GetOperation30Min;29999"
        ],
        "Strict-Transport-Security": [
          "max-age=31536000; includeSubDomains"
        ],
        "x-ms-served-by": [
          "54253b73-cb53-496f-ab42-5e5ee19426f8_131762702583283140"
        ],
        "x-ms-request-id": [
          "b14a0404-7ef4-4f63-bade-fd87112169fc"
        ],
        "x-ms-ratelimit-remaining-subscription-reads": [
          "14992"
        ],
        "x-ms-correlation-request-id": [
          "1f5c3997-a0a7-4597-ac2c-839bb908e995"
        ],
        "x-ms-routing-request-id": [
          "WESTUS2:20180718T235544Z:1f5c3997-a0a7-4597-ac2c-839bb908e995"
        ],
        "X-Content-Type-Options": [
          "nosniff"
        ]
      },
      "StatusCode": 200
    },
    {
      "RequestUri": "/subscriptions/0b1f6471-1bf0-4dda-aec3-cb9272f09590/providers/Microsoft.Compute/locations/eastus/operations/3ef44187-8f82-4924-bd63-8b5a1cbef121?api-version=2018-04-01",
      "EncodedRequestUri": "L3N1YnNjcmlwdGlvbnMvMGIxZjY0NzEtMWJmMC00ZGRhLWFlYzMtY2I5MjcyZjA5NTkwL3Byb3ZpZGVycy9NaWNyb3NvZnQuQ29tcHV0ZS9sb2NhdGlvbnMvZWFzdHVzL29wZXJhdGlvbnMvM2VmNDQxODctOGY4Mi00OTI0LWJkNjMtOGI1YTFjYmVmMTIxP2FwaS12ZXJzaW9uPTIwMTgtMDQtMDE=",
      "RequestMethod": "GET",
      "RequestBody": "",
      "RequestHeaders": {
        "User-Agent": [
          "FxVersion/4.6.25211.01",
          "Microsoft.Azure.Management.Compute.Fluent.ComputeManagementClient/1.11.1.0",
          "MacAddressHash/cc0dc995bd7689190d87305dca6418746f27065181fa649f43731fb8fc5f1b10"
        ]
      },
      "ResponseBody": "{\r\n  \"startTime\": \"2018-07-18T16:55:33.4308353-07:00\",\r\n  \"status\": \"InProgress\",\r\n  \"name\": \"3ef44187-8f82-4924-bd63-8b5a1cbef121\"\r\n}",
      "ResponseHeaders": {
        "Content-Type": [
          "application/json; charset=utf-8"
        ],
        "Expires": [
          "-1"
        ],
        "Cache-Control": [
          "no-cache"
        ],
        "Date": [
          "Wed, 18 Jul 2018 23:56:13 GMT"
        ],
        "Pragma": [
          "no-cache"
        ],
        "Transfer-Encoding": [
          "chunked"
        ],
        "Server": [
          "Microsoft-HTTPAPI/2.0",
          "Microsoft-HTTPAPI/2.0"
        ],
        "Vary": [
          "Accept-Encoding"
        ],
        "x-ms-ratelimit-remaining-resource": [
          "Microsoft.Compute/GetOperation3Min;14996,Microsoft.Compute/GetOperation30Min;29996"
        ],
        "Strict-Transport-Security": [
          "max-age=31536000; includeSubDomains"
        ],
        "x-ms-served-by": [
          "54253b73-cb53-496f-ab42-5e5ee19426f8_131762702583283140"
        ],
        "x-ms-request-id": [
          "3a67cc3f-6aee-4efd-9dba-7567d37e780b"
        ],
        "x-ms-ratelimit-remaining-subscription-reads": [
          "14991"
        ],
        "x-ms-correlation-request-id": [
          "fb5c4d31-44e5-42ed-8325-70c4c0d1df4b"
        ],
        "x-ms-routing-request-id": [
          "WESTUS2:20180718T235614Z:fb5c4d31-44e5-42ed-8325-70c4c0d1df4b"
        ],
        "X-Content-Type-Options": [
          "nosniff"
        ]
      },
      "StatusCode": 200
    },
    {
      "RequestUri": "/subscriptions/0b1f6471-1bf0-4dda-aec3-cb9272f09590/providers/Microsoft.Compute/locations/eastus/operations/3ef44187-8f82-4924-bd63-8b5a1cbef121?api-version=2018-04-01",
      "EncodedRequestUri": "L3N1YnNjcmlwdGlvbnMvMGIxZjY0NzEtMWJmMC00ZGRhLWFlYzMtY2I5MjcyZjA5NTkwL3Byb3ZpZGVycy9NaWNyb3NvZnQuQ29tcHV0ZS9sb2NhdGlvbnMvZWFzdHVzL29wZXJhdGlvbnMvM2VmNDQxODctOGY4Mi00OTI0LWJkNjMtOGI1YTFjYmVmMTIxP2FwaS12ZXJzaW9uPTIwMTgtMDQtMDE=",
      "RequestMethod": "GET",
      "RequestBody": "",
      "RequestHeaders": {
        "User-Agent": [
          "FxVersion/4.6.25211.01",
          "Microsoft.Azure.Management.Compute.Fluent.ComputeManagementClient/1.11.1.0",
          "MacAddressHash/cc0dc995bd7689190d87305dca6418746f27065181fa649f43731fb8fc5f1b10"
        ]
      },
      "ResponseBody": "{\r\n  \"startTime\": \"2018-07-18T16:55:33.4308353-07:00\",\r\n  \"status\": \"InProgress\",\r\n  \"name\": \"3ef44187-8f82-4924-bd63-8b5a1cbef121\"\r\n}",
      "ResponseHeaders": {
        "Content-Type": [
          "application/json; charset=utf-8"
        ],
        "Expires": [
          "-1"
        ],
        "Cache-Control": [
          "no-cache"
        ],
        "Date": [
          "Wed, 18 Jul 2018 23:56:46 GMT"
        ],
        "Pragma": [
          "no-cache"
        ],
        "Transfer-Encoding": [
          "chunked"
        ],
        "Server": [
          "Microsoft-HTTPAPI/2.0",
          "Microsoft-HTTPAPI/2.0"
        ],
        "Vary": [
          "Accept-Encoding"
        ],
        "x-ms-ratelimit-remaining-resource": [
          "Microsoft.Compute/GetOperation3Min;14993,Microsoft.Compute/GetOperation30Min;29993"
        ],
        "Strict-Transport-Security": [
          "max-age=31536000; includeSubDomains"
        ],
        "x-ms-served-by": [
          "54253b73-cb53-496f-ab42-5e5ee19426f8_131762702583283140"
        ],
        "x-ms-request-id": [
          "2c0c660a-406c-4e0d-99e9-fcc739643659"
        ],
        "x-ms-ratelimit-remaining-subscription-reads": [
          "14990"
        ],
        "x-ms-correlation-request-id": [
          "959e4068-df2e-4dc9-828e-c400a20ec87c"
        ],
        "x-ms-routing-request-id": [
          "WESTUS2:20180718T235646Z:959e4068-df2e-4dc9-828e-c400a20ec87c"
        ],
        "X-Content-Type-Options": [
          "nosniff"
        ]
      },
      "StatusCode": 200
    },
    {
      "RequestUri": "/subscriptions/0b1f6471-1bf0-4dda-aec3-cb9272f09590/providers/Microsoft.Compute/locations/eastus/operations/3ef44187-8f82-4924-bd63-8b5a1cbef121?api-version=2018-04-01",
      "EncodedRequestUri": "L3N1YnNjcmlwdGlvbnMvMGIxZjY0NzEtMWJmMC00ZGRhLWFlYzMtY2I5MjcyZjA5NTkwL3Byb3ZpZGVycy9NaWNyb3NvZnQuQ29tcHV0ZS9sb2NhdGlvbnMvZWFzdHVzL29wZXJhdGlvbnMvM2VmNDQxODctOGY4Mi00OTI0LWJkNjMtOGI1YTFjYmVmMTIxP2FwaS12ZXJzaW9uPTIwMTgtMDQtMDE=",
      "RequestMethod": "GET",
      "RequestBody": "",
      "RequestHeaders": {
        "User-Agent": [
          "FxVersion/4.6.25211.01",
          "Microsoft.Azure.Management.Compute.Fluent.ComputeManagementClient/1.11.1.0",
          "MacAddressHash/cc0dc995bd7689190d87305dca6418746f27065181fa649f43731fb8fc5f1b10"
        ]
      },
      "ResponseBody": "{\r\n  \"startTime\": \"2018-07-18T16:55:33.4308353-07:00\",\r\n  \"status\": \"InProgress\",\r\n  \"name\": \"3ef44187-8f82-4924-bd63-8b5a1cbef121\"\r\n}",
      "ResponseHeaders": {
        "Content-Type": [
          "application/json; charset=utf-8"
        ],
        "Expires": [
          "-1"
        ],
        "Cache-Control": [
          "no-cache"
        ],
        "Date": [
          "Wed, 18 Jul 2018 23:57:17 GMT"
        ],
        "Pragma": [
          "no-cache"
        ],
        "Transfer-Encoding": [
          "chunked"
        ],
        "Server": [
          "Microsoft-HTTPAPI/2.0",
          "Microsoft-HTTPAPI/2.0"
        ],
        "Vary": [
          "Accept-Encoding"
        ],
        "x-ms-ratelimit-remaining-resource": [
          "Microsoft.Compute/GetOperation3Min;14990,Microsoft.Compute/GetOperation30Min;29990"
        ],
        "Strict-Transport-Security": [
          "max-age=31536000; includeSubDomains"
        ],
        "x-ms-served-by": [
          "54253b73-cb53-496f-ab42-5e5ee19426f8_131762702583283140"
        ],
        "x-ms-request-id": [
          "fdb462c4-5aaa-4876-bd2a-c38e48f1aa69"
        ],
        "x-ms-ratelimit-remaining-subscription-reads": [
          "14989"
        ],
        "x-ms-correlation-request-id": [
          "49e60438-b5e1-4de1-b4bf-35a031fb9bda"
        ],
        "x-ms-routing-request-id": [
          "WESTUS2:20180718T235717Z:49e60438-b5e1-4de1-b4bf-35a031fb9bda"
        ],
        "X-Content-Type-Options": [
          "nosniff"
        ]
      },
      "StatusCode": 200
    },
    {
      "RequestUri": "/subscriptions/0b1f6471-1bf0-4dda-aec3-cb9272f09590/providers/Microsoft.Compute/locations/eastus/operations/3ef44187-8f82-4924-bd63-8b5a1cbef121?api-version=2018-04-01",
      "EncodedRequestUri": "L3N1YnNjcmlwdGlvbnMvMGIxZjY0NzEtMWJmMC00ZGRhLWFlYzMtY2I5MjcyZjA5NTkwL3Byb3ZpZGVycy9NaWNyb3NvZnQuQ29tcHV0ZS9sb2NhdGlvbnMvZWFzdHVzL29wZXJhdGlvbnMvM2VmNDQxODctOGY4Mi00OTI0LWJkNjMtOGI1YTFjYmVmMTIxP2FwaS12ZXJzaW9uPTIwMTgtMDQtMDE=",
      "RequestMethod": "GET",
      "RequestBody": "",
      "RequestHeaders": {
        "User-Agent": [
          "FxVersion/4.6.25211.01",
          "Microsoft.Azure.Management.Compute.Fluent.ComputeManagementClient/1.11.1.0",
          "MacAddressHash/cc0dc995bd7689190d87305dca6418746f27065181fa649f43731fb8fc5f1b10"
        ]
      },
      "ResponseBody": "{\r\n  \"startTime\": \"2018-07-18T16:55:33.4308353-07:00\",\r\n  \"endTime\": \"2018-07-18T16:57:35.5909001-07:00\",\r\n  \"status\": \"Succeeded\",\r\n  \"name\": \"3ef44187-8f82-4924-bd63-8b5a1cbef121\"\r\n}",
      "ResponseHeaders": {
        "Content-Type": [
          "application/json; charset=utf-8"
        ],
        "Expires": [
          "-1"
        ],
        "Cache-Control": [
          "no-cache"
        ],
        "Date": [
          "Wed, 18 Jul 2018 23:57:47 GMT"
        ],
        "Pragma": [
          "no-cache"
        ],
        "Transfer-Encoding": [
          "chunked"
        ],
        "Server": [
          "Microsoft-HTTPAPI/2.0",
          "Microsoft-HTTPAPI/2.0"
        ],
        "Vary": [
          "Accept-Encoding"
        ],
        "x-ms-ratelimit-remaining-resource": [
          "Microsoft.Compute/GetOperation3Min;14987,Microsoft.Compute/GetOperation30Min;29987"
        ],
        "Strict-Transport-Security": [
          "max-age=31536000; includeSubDomains"
        ],
        "x-ms-served-by": [
          "54253b73-cb53-496f-ab42-5e5ee19426f8_131762702583283140"
        ],
        "x-ms-request-id": [
          "b8a07d58-18dd-4837-bf9d-ba8c0466c1a3"
        ],
        "x-ms-ratelimit-remaining-subscription-reads": [
          "14988"
        ],
        "x-ms-correlation-request-id": [
          "450cdb51-315f-495e-a7d6-50875e4b29ba"
        ],
        "x-ms-routing-request-id": [
          "WESTUS2:20180718T235748Z:450cdb51-315f-495e-a7d6-50875e4b29ba"
        ],
        "X-Content-Type-Options": [
          "nosniff"
        ]
      },
      "StatusCode": 200
    },
    {
      "RequestUri": "/subscriptions/0b1f6471-1bf0-4dda-aec3-cb9272f09590/resourceGroups/abc634group/providers/Microsoft.Compute/virtualMachines/vm3718?api-version=2018-04-01",
      "EncodedRequestUri": "L3N1YnNjcmlwdGlvbnMvMGIxZjY0NzEtMWJmMC00ZGRhLWFlYzMtY2I5MjcyZjA5NTkwL3Jlc291cmNlR3JvdXBzL2FiYzYzNGdyb3VwL3Byb3ZpZGVycy9NaWNyb3NvZnQuQ29tcHV0ZS92aXJ0dWFsTWFjaGluZXMvdm0zNzE4P2FwaS12ZXJzaW9uPTIwMTgtMDQtMDE=",
      "RequestMethod": "GET",
      "RequestBody": "",
      "RequestHeaders": {
        "User-Agent": [
          "FxVersion/4.6.25211.01",
          "Microsoft.Azure.Management.Compute.Fluent.ComputeManagementClient/1.11.1.0",
          "MacAddressHash/cc0dc995bd7689190d87305dca6418746f27065181fa649f43731fb8fc5f1b10"
        ]
      },
      "ResponseBody": "{\r\n  \"properties\": {\r\n    \"vmId\": \"0e810d7d-64d4-4be9-9584-6c38e9e1c84f\",\r\n    \"hardwareProfile\": {\r\n      \"vmSize\": \"Basic_A0\"\r\n    },\r\n    \"storageProfile\": {\r\n      \"imageReference\": {\r\n        \"publisher\": \"Canonical\",\r\n        \"offer\": \"UbuntuServer\",\r\n        \"sku\": \"16.04.0-LTS\",\r\n        \"version\": \"latest\"\r\n      },\r\n      \"osDisk\": {\r\n        \"osType\": \"Linux\",\r\n        \"name\": \"vm3718-os-disk\",\r\n        \"createOption\": \"FromImage\",\r\n        \"vhd\": {\r\n          \"uri\": \"https://stgvm3718cab57984e61.blob.core.windows.net/vhds/vm3718-os-disk-589c467d-154c-46b5-b693-b154296b8593.Vhd\"\r\n        },\r\n        \"caching\": \"ReadWrite\",\r\n        \"diskSizeGB\": 30\r\n      },\r\n      \"dataDisks\": []\r\n    },\r\n    \"osProfile\": {\r\n      \"computerName\": \"vm3718\",\r\n      \"adminUsername\": \"testuser\",\r\n      \"linuxConfiguration\": {\r\n        \"disablePasswordAuthentication\": false\r\n      },\r\n      \"secrets\": []\r\n    },\r\n    \"networkProfile\": {\r\n      \"networkInterfaces\": [\r\n        {\r\n          \"id\": \"/subscriptions/0b1f6471-1bf0-4dda-aec3-cb9272f09590/resourceGroups/abc634group/providers/Microsoft.Network/networkInterfaces/nicvm3718cab07510c\",\r\n          \"properties\": {\r\n            \"primary\": true\r\n          }\r\n        }\r\n      ]\r\n    },\r\n    \"provisioningState\": \"Succeeded\"\r\n  },\r\n  \"type\": \"Microsoft.Compute/virtualMachines\",\r\n  \"location\": \"eastus\",\r\n  \"tags\": {},\r\n  \"id\": \"/subscriptions/0b1f6471-1bf0-4dda-aec3-cb9272f09590/resourceGroups/abc634group/providers/Microsoft.Compute/virtualMachines/vm3718\",\r\n  \"name\": \"vm3718\"\r\n}",
      "ResponseHeaders": {
        "Content-Type": [
          "application/json; charset=utf-8"
        ],
        "Expires": [
          "-1"
        ],
        "Cache-Control": [
          "no-cache"
        ],
        "Date": [
          "Wed, 18 Jul 2018 23:57:47 GMT"
        ],
        "Pragma": [
          "no-cache"
        ],
        "Transfer-Encoding": [
          "chunked"
        ],
        "Server": [
          "Microsoft-HTTPAPI/2.0",
          "Microsoft-HTTPAPI/2.0"
        ],
        "Vary": [
          "Accept-Encoding"
        ],
        "x-ms-ratelimit-remaining-resource": [
          "Microsoft.Compute/LowCostGet3Min;4195,Microsoft.Compute/LowCostGet30Min;33567"
        ],
        "Strict-Transport-Security": [
          "max-age=31536000; includeSubDomains"
        ],
        "x-ms-served-by": [
          "54253b73-cb53-496f-ab42-5e5ee19426f8_131762702583283140"
        ],
        "x-ms-request-id": [
          "a8683646-2fae-4352-a3ac-5fac67bb0ec1"
        ],
        "x-ms-ratelimit-remaining-subscription-reads": [
          "14987"
        ],
        "x-ms-correlation-request-id": [
          "6754ab58-1c70-47c1-9531-be8f4f56f871"
        ],
        "x-ms-routing-request-id": [
          "WESTUS2:20180718T235748Z:6754ab58-1c70-47c1-9531-be8f4f56f871"
        ],
        "X-Content-Type-Options": [
          "nosniff"
        ]
      },
      "StatusCode": 200
    },
    {
      "RequestUri": "/subscriptions/0b1f6471-1bf0-4dda-aec3-cb9272f09590/resourcegroups/abc634group?api-version=2017-05-10",
      "EncodedRequestUri": "L3N1YnNjcmlwdGlvbnMvMGIxZjY0NzEtMWJmMC00ZGRhLWFlYzMtY2I5MjcyZjA5NTkwL3Jlc291cmNlZ3JvdXBzL2FiYzYzNGdyb3VwP2FwaS12ZXJzaW9uPTIwMTctMDUtMTA=",
      "RequestMethod": "DELETE",
      "RequestBody": "",
      "RequestHeaders": {
        "x-ms-client-request-id": [
          "55c53a54-6d2e-4403-957b-98d2fcaea7de"
        ],
        "accept-language": [
          "en-US"
        ],
        "User-Agent": [
          "FxVersion/4.6.25211.01",
          "Microsoft.Azure.Management.ResourceManager.Fluent.ResourceManagementClient/1.11.1.0",
          "MacAddressHash/cc0dc995bd7689190d87305dca6418746f27065181fa649f43731fb8fc5f1b10"
        ]
      },
      "ResponseBody": "",
      "ResponseHeaders": {
        "Content-Length": [
          "0"
        ],
        "Expires": [
          "-1"
        ],
        "Cache-Control": [
          "no-cache"
        ],
        "Date": [
          "Wed, 18 Jul 2018 23:58:24 GMT"
        ],
        "Pragma": [
          "no-cache"
        ],
        "Location": [
          "https://management.azure.com/subscriptions/0b1f6471-1bf0-4dda-aec3-cb9272f09590/operationresults/eyJqb2JJZCI6IlJFU09VUkNFR1JPVVBERUxFVElPTkpPQi1BQkM2MzRHUk9VUC1FQVNUVVMiLCJqb2JMb2NhdGlvbiI6ImVhc3R1cyJ9?api-version=2017-05-10"
        ],
        "Retry-After": [
          "15"
        ],
        "x-ms-ratelimit-remaining-subscription-deletes": [
          "14999"
        ],
        "x-ms-request-id": [
          "8af6f518-594b-4948-adb2-4203c0eb68dc"
        ],
        "x-ms-correlation-request-id": [
          "8af6f518-594b-4948-adb2-4203c0eb68dc"
        ],
        "x-ms-routing-request-id": [
          "WESTUS2:20180718T235824Z:8af6f518-594b-4948-adb2-4203c0eb68dc"
        ],
        "Strict-Transport-Security": [
          "max-age=31536000; includeSubDomains"
        ],
        "X-Content-Type-Options": [
          "nosniff"
        ]
      },
      "StatusCode": 202
    },
    {
      "RequestUri": "/subscriptions/0b1f6471-1bf0-4dda-aec3-cb9272f09590/operationresults/eyJqb2JJZCI6IlJFU09VUkNFR1JPVVBERUxFVElPTkpPQi1BQkM2MzRHUk9VUC1FQVNUVVMiLCJqb2JMb2NhdGlvbiI6ImVhc3R1cyJ9?api-version=2017-05-10",
      "EncodedRequestUri": "L3N1YnNjcmlwdGlvbnMvMGIxZjY0NzEtMWJmMC00ZGRhLWFlYzMtY2I5MjcyZjA5NTkwL29wZXJhdGlvbnJlc3VsdHMvZXlKcWIySkpaQ0k2SWxKRlUwOVZVa05GUjFKUFZWQkVSVXhGVkVsUFRrcFBRaTFCUWtNMk16UkhVazlWVUMxRlFWTlVWVk1pTENKcWIySk1iMk5oZEdsdmJpSTZJbVZoYzNSMWN5Sjk/YXBpLXZlcnNpb249MjAxNy0wNS0xMA==",
      "RequestMethod": "GET",
      "RequestBody": "",
      "RequestHeaders": {
        "User-Agent": [
          "FxVersion/4.6.25211.01",
          "Microsoft.Azure.Management.ResourceManager.Fluent.ResourceManagementClient/1.11.1.0",
          "MacAddressHash/cc0dc995bd7689190d87305dca6418746f27065181fa649f43731fb8fc5f1b10"
        ]
      },
      "ResponseBody": "",
      "ResponseHeaders": {
        "Content-Length": [
          "0"
        ],
        "Expires": [
          "-1"
        ],
        "Cache-Control": [
          "no-cache"
        ],
        "Date": [
          "Wed, 18 Jul 2018 23:58:39 GMT"
        ],
        "Pragma": [
          "no-cache"
        ],
        "Location": [
          "https://management.azure.com/subscriptions/0b1f6471-1bf0-4dda-aec3-cb9272f09590/operationresults/eyJqb2JJZCI6IlJFU09VUkNFR1JPVVBERUxFVElPTkpPQi1BQkM2MzRHUk9VUC1FQVNUVVMiLCJqb2JMb2NhdGlvbiI6ImVhc3R1cyJ9?api-version=2017-05-10"
        ],
        "Retry-After": [
          "15"
        ],
        "x-ms-ratelimit-remaining-subscription-reads": [
          "14985"
        ],
        "x-ms-request-id": [
          "295ce508-6ba4-4f3f-aa23-169082e96a5b"
        ],
        "x-ms-correlation-request-id": [
          "295ce508-6ba4-4f3f-aa23-169082e96a5b"
        ],
        "x-ms-routing-request-id": [
          "WESTUS2:20180718T235839Z:295ce508-6ba4-4f3f-aa23-169082e96a5b"
        ],
        "Strict-Transport-Security": [
          "max-age=31536000; includeSubDomains"
        ],
        "X-Content-Type-Options": [
          "nosniff"
        ]
      },
      "StatusCode": 202
    },
    {
      "RequestUri": "/subscriptions/0b1f6471-1bf0-4dda-aec3-cb9272f09590/operationresults/eyJqb2JJZCI6IlJFU09VUkNFR1JPVVBERUxFVElPTkpPQi1BQkM2MzRHUk9VUC1FQVNUVVMiLCJqb2JMb2NhdGlvbiI6ImVhc3R1cyJ9?api-version=2017-05-10",
      "EncodedRequestUri": "L3N1YnNjcmlwdGlvbnMvMGIxZjY0NzEtMWJmMC00ZGRhLWFlYzMtY2I5MjcyZjA5NTkwL29wZXJhdGlvbnJlc3VsdHMvZXlKcWIySkpaQ0k2SWxKRlUwOVZVa05GUjFKUFZWQkVSVXhGVkVsUFRrcFBRaTFCUWtNMk16UkhVazlWVUMxRlFWTlVWVk1pTENKcWIySk1iMk5oZEdsdmJpSTZJbVZoYzNSMWN5Sjk/YXBpLXZlcnNpb249MjAxNy0wNS0xMA==",
      "RequestMethod": "GET",
      "RequestBody": "",
      "RequestHeaders": {
        "User-Agent": [
          "FxVersion/4.6.25211.01",
          "Microsoft.Azure.Management.ResourceManager.Fluent.ResourceManagementClient/1.11.1.0",
          "MacAddressHash/cc0dc995bd7689190d87305dca6418746f27065181fa649f43731fb8fc5f1b10"
        ]
      },
      "ResponseBody": "",
      "ResponseHeaders": {
        "Content-Length": [
          "0"
        ],
        "Expires": [
          "-1"
        ],
        "Cache-Control": [
          "no-cache"
        ],
        "Date": [
          "Wed, 18 Jul 2018 23:58:54 GMT"
        ],
        "Pragma": [
          "no-cache"
        ],
        "Location": [
          "https://management.azure.com/subscriptions/0b1f6471-1bf0-4dda-aec3-cb9272f09590/operationresults/eyJqb2JJZCI6IlJFU09VUkNFR1JPVVBERUxFVElPTkpPQi1BQkM2MzRHUk9VUC1FQVNUVVMiLCJqb2JMb2NhdGlvbiI6ImVhc3R1cyJ9?api-version=2017-05-10"
        ],
        "Retry-After": [
          "15"
        ],
        "x-ms-ratelimit-remaining-subscription-reads": [
          "14984"
        ],
        "x-ms-request-id": [
          "51c45cb5-1ee7-426e-ba16-6c417734438b"
        ],
        "x-ms-correlation-request-id": [
          "51c45cb5-1ee7-426e-ba16-6c417734438b"
        ],
        "x-ms-routing-request-id": [
          "WESTUS2:20180718T235855Z:51c45cb5-1ee7-426e-ba16-6c417734438b"
        ],
        "Strict-Transport-Security": [
          "max-age=31536000; includeSubDomains"
        ],
        "X-Content-Type-Options": [
          "nosniff"
        ]
      },
      "StatusCode": 202
    },
    {
      "RequestUri": "/subscriptions/0b1f6471-1bf0-4dda-aec3-cb9272f09590/operationresults/eyJqb2JJZCI6IlJFU09VUkNFR1JPVVBERUxFVElPTkpPQi1BQkM2MzRHUk9VUC1FQVNUVVMiLCJqb2JMb2NhdGlvbiI6ImVhc3R1cyJ9?api-version=2017-05-10",
      "EncodedRequestUri": "L3N1YnNjcmlwdGlvbnMvMGIxZjY0NzEtMWJmMC00ZGRhLWFlYzMtY2I5MjcyZjA5NTkwL29wZXJhdGlvbnJlc3VsdHMvZXlKcWIySkpaQ0k2SWxKRlUwOVZVa05GUjFKUFZWQkVSVXhGVkVsUFRrcFBRaTFCUWtNMk16UkhVazlWVUMxRlFWTlVWVk1pTENKcWIySk1iMk5oZEdsdmJpSTZJbVZoYzNSMWN5Sjk/YXBpLXZlcnNpb249MjAxNy0wNS0xMA==",
      "RequestMethod": "GET",
      "RequestBody": "",
      "RequestHeaders": {
        "User-Agent": [
          "FxVersion/4.6.25211.01",
          "Microsoft.Azure.Management.ResourceManager.Fluent.ResourceManagementClient/1.11.1.0",
          "MacAddressHash/cc0dc995bd7689190d87305dca6418746f27065181fa649f43731fb8fc5f1b10"
        ]
      },
      "ResponseBody": "",
      "ResponseHeaders": {
        "Content-Length": [
          "0"
        ],
        "Expires": [
          "-1"
        ],
        "Cache-Control": [
          "no-cache"
        ],
        "Date": [
          "Wed, 18 Jul 2018 23:59:09 GMT"
        ],
        "Pragma": [
          "no-cache"
        ],
        "Location": [
          "https://management.azure.com/subscriptions/0b1f6471-1bf0-4dda-aec3-cb9272f09590/operationresults/eyJqb2JJZCI6IlJFU09VUkNFR1JPVVBERUxFVElPTkpPQi1BQkM2MzRHUk9VUC1FQVNUVVMiLCJqb2JMb2NhdGlvbiI6ImVhc3R1cyJ9?api-version=2017-05-10"
        ],
        "Retry-After": [
          "15"
        ],
        "x-ms-ratelimit-remaining-subscription-reads": [
          "14983"
        ],
        "x-ms-request-id": [
          "645d955d-eed9-433c-84c9-64f071d7946b"
        ],
        "x-ms-correlation-request-id": [
          "645d955d-eed9-433c-84c9-64f071d7946b"
        ],
        "x-ms-routing-request-id": [
          "WESTUS2:20180718T235910Z:645d955d-eed9-433c-84c9-64f071d7946b"
        ],
        "Strict-Transport-Security": [
          "max-age=31536000; includeSubDomains"
        ],
        "X-Content-Type-Options": [
          "nosniff"
        ]
      },
      "StatusCode": 202
    },
    {
      "RequestUri": "/subscriptions/0b1f6471-1bf0-4dda-aec3-cb9272f09590/operationresults/eyJqb2JJZCI6IlJFU09VUkNFR1JPVVBERUxFVElPTkpPQi1BQkM2MzRHUk9VUC1FQVNUVVMiLCJqb2JMb2NhdGlvbiI6ImVhc3R1cyJ9?api-version=2017-05-10",
      "EncodedRequestUri": "L3N1YnNjcmlwdGlvbnMvMGIxZjY0NzEtMWJmMC00ZGRhLWFlYzMtY2I5MjcyZjA5NTkwL29wZXJhdGlvbnJlc3VsdHMvZXlKcWIySkpaQ0k2SWxKRlUwOVZVa05GUjFKUFZWQkVSVXhGVkVsUFRrcFBRaTFCUWtNMk16UkhVazlWVUMxRlFWTlVWVk1pTENKcWIySk1iMk5oZEdsdmJpSTZJbVZoYzNSMWN5Sjk/YXBpLXZlcnNpb249MjAxNy0wNS0xMA==",
      "RequestMethod": "GET",
      "RequestBody": "",
      "RequestHeaders": {
        "User-Agent": [
          "FxVersion/4.6.25211.01",
          "Microsoft.Azure.Management.ResourceManager.Fluent.ResourceManagementClient/1.11.1.0",
          "MacAddressHash/cc0dc995bd7689190d87305dca6418746f27065181fa649f43731fb8fc5f1b10"
        ]
      },
      "ResponseBody": "",
      "ResponseHeaders": {
        "Content-Length": [
          "0"
        ],
        "Expires": [
          "-1"
        ],
        "Cache-Control": [
          "no-cache"
        ],
        "Date": [
          "Wed, 18 Jul 2018 23:59:25 GMT"
        ],
        "Pragma": [
          "no-cache"
        ],
        "Location": [
          "https://management.azure.com/subscriptions/0b1f6471-1bf0-4dda-aec3-cb9272f09590/operationresults/eyJqb2JJZCI6IlJFU09VUkNFR1JPVVBERUxFVElPTkpPQi1BQkM2MzRHUk9VUC1FQVNUVVMiLCJqb2JMb2NhdGlvbiI6ImVhc3R1cyJ9?api-version=2017-05-10"
        ],
        "Retry-After": [
          "15"
        ],
        "x-ms-ratelimit-remaining-subscription-reads": [
          "14982"
        ],
        "x-ms-request-id": [
          "9021974a-b958-4e70-8e83-3b02bfcc0371"
        ],
        "x-ms-correlation-request-id": [
          "9021974a-b958-4e70-8e83-3b02bfcc0371"
        ],
        "x-ms-routing-request-id": [
          "WESTUS2:20180718T235925Z:9021974a-b958-4e70-8e83-3b02bfcc0371"
        ],
        "Strict-Transport-Security": [
          "max-age=31536000; includeSubDomains"
        ],
        "X-Content-Type-Options": [
          "nosniff"
        ]
      },
      "StatusCode": 202
    },
    {
      "RequestUri": "/subscriptions/0b1f6471-1bf0-4dda-aec3-cb9272f09590/operationresults/eyJqb2JJZCI6IlJFU09VUkNFR1JPVVBERUxFVElPTkpPQi1BQkM2MzRHUk9VUC1FQVNUVVMiLCJqb2JMb2NhdGlvbiI6ImVhc3R1cyJ9?api-version=2017-05-10",
      "EncodedRequestUri": "L3N1YnNjcmlwdGlvbnMvMGIxZjY0NzEtMWJmMC00ZGRhLWFlYzMtY2I5MjcyZjA5NTkwL29wZXJhdGlvbnJlc3VsdHMvZXlKcWIySkpaQ0k2SWxKRlUwOVZVa05GUjFKUFZWQkVSVXhGVkVsUFRrcFBRaTFCUWtNMk16UkhVazlWVUMxRlFWTlVWVk1pTENKcWIySk1iMk5oZEdsdmJpSTZJbVZoYzNSMWN5Sjk/YXBpLXZlcnNpb249MjAxNy0wNS0xMA==",
      "RequestMethod": "GET",
      "RequestBody": "",
      "RequestHeaders": {
        "User-Agent": [
          "FxVersion/4.6.25211.01",
          "Microsoft.Azure.Management.ResourceManager.Fluent.ResourceManagementClient/1.11.1.0",
          "MacAddressHash/cc0dc995bd7689190d87305dca6418746f27065181fa649f43731fb8fc5f1b10"
        ]
      },
      "ResponseBody": "",
      "ResponseHeaders": {
        "Content-Length": [
          "0"
        ],
        "Expires": [
          "-1"
        ],
        "Cache-Control": [
          "no-cache"
        ],
        "Date": [
          "Wed, 18 Jul 2018 23:59:40 GMT"
        ],
        "Pragma": [
          "no-cache"
        ],
        "Location": [
          "https://management.azure.com/subscriptions/0b1f6471-1bf0-4dda-aec3-cb9272f09590/operationresults/eyJqb2JJZCI6IlJFU09VUkNFR1JPVVBERUxFVElPTkpPQi1BQkM2MzRHUk9VUC1FQVNUVVMiLCJqb2JMb2NhdGlvbiI6ImVhc3R1cyJ9?api-version=2017-05-10"
        ],
        "Retry-After": [
          "15"
        ],
        "x-ms-ratelimit-remaining-subscription-reads": [
          "14981"
        ],
        "x-ms-request-id": [
          "d05bb399-4004-488f-bf36-2bbb08a2f634"
        ],
        "x-ms-correlation-request-id": [
          "d05bb399-4004-488f-bf36-2bbb08a2f634"
        ],
        "x-ms-routing-request-id": [
          "WESTUS2:20180718T235940Z:d05bb399-4004-488f-bf36-2bbb08a2f634"
        ],
        "Strict-Transport-Security": [
          "max-age=31536000; includeSubDomains"
        ],
        "X-Content-Type-Options": [
          "nosniff"
        ]
      },
      "StatusCode": 202
    },
    {
      "RequestUri": "/subscriptions/0b1f6471-1bf0-4dda-aec3-cb9272f09590/operationresults/eyJqb2JJZCI6IlJFU09VUkNFR1JPVVBERUxFVElPTkpPQi1BQkM2MzRHUk9VUC1FQVNUVVMiLCJqb2JMb2NhdGlvbiI6ImVhc3R1cyJ9?api-version=2017-05-10",
      "EncodedRequestUri": "L3N1YnNjcmlwdGlvbnMvMGIxZjY0NzEtMWJmMC00ZGRhLWFlYzMtY2I5MjcyZjA5NTkwL29wZXJhdGlvbnJlc3VsdHMvZXlKcWIySkpaQ0k2SWxKRlUwOVZVa05GUjFKUFZWQkVSVXhGVkVsUFRrcFBRaTFCUWtNMk16UkhVazlWVUMxRlFWTlVWVk1pTENKcWIySk1iMk5oZEdsdmJpSTZJbVZoYzNSMWN5Sjk/YXBpLXZlcnNpb249MjAxNy0wNS0xMA==",
      "RequestMethod": "GET",
      "RequestBody": "",
      "RequestHeaders": {
        "User-Agent": [
          "FxVersion/4.6.25211.01",
          "Microsoft.Azure.Management.ResourceManager.Fluent.ResourceManagementClient/1.11.1.0",
          "MacAddressHash/cc0dc995bd7689190d87305dca6418746f27065181fa649f43731fb8fc5f1b10"
        ]
      },
      "ResponseBody": "",
      "ResponseHeaders": {
        "Content-Length": [
          "0"
        ],
        "Expires": [
          "-1"
        ],
        "Cache-Control": [
          "no-cache"
        ],
        "Date": [
          "Wed, 18 Jul 2018 23:59:55 GMT"
        ],
        "Pragma": [
          "no-cache"
        ],
        "Location": [
          "https://management.azure.com/subscriptions/0b1f6471-1bf0-4dda-aec3-cb9272f09590/operationresults/eyJqb2JJZCI6IlJFU09VUkNFR1JPVVBERUxFVElPTkpPQi1BQkM2MzRHUk9VUC1FQVNUVVMiLCJqb2JMb2NhdGlvbiI6ImVhc3R1cyJ9?api-version=2017-05-10"
        ],
        "Retry-After": [
          "15"
        ],
        "x-ms-ratelimit-remaining-subscription-reads": [
          "14980"
        ],
        "x-ms-request-id": [
          "7f09c3e2-af55-4a31-85c0-df37d4edaa92"
        ],
        "x-ms-correlation-request-id": [
          "7f09c3e2-af55-4a31-85c0-df37d4edaa92"
        ],
        "x-ms-routing-request-id": [
          "WESTUS2:20180718T235955Z:7f09c3e2-af55-4a31-85c0-df37d4edaa92"
        ],
        "Strict-Transport-Security": [
          "max-age=31536000; includeSubDomains"
        ],
        "X-Content-Type-Options": [
          "nosniff"
        ]
      },
      "StatusCode": 202
    },
    {
      "RequestUri": "/subscriptions/0b1f6471-1bf0-4dda-aec3-cb9272f09590/operationresults/eyJqb2JJZCI6IlJFU09VUkNFR1JPVVBERUxFVElPTkpPQi1BQkM2MzRHUk9VUC1FQVNUVVMiLCJqb2JMb2NhdGlvbiI6ImVhc3R1cyJ9?api-version=2017-05-10",
      "EncodedRequestUri": "L3N1YnNjcmlwdGlvbnMvMGIxZjY0NzEtMWJmMC00ZGRhLWFlYzMtY2I5MjcyZjA5NTkwL29wZXJhdGlvbnJlc3VsdHMvZXlKcWIySkpaQ0k2SWxKRlUwOVZVa05GUjFKUFZWQkVSVXhGVkVsUFRrcFBRaTFCUWtNMk16UkhVazlWVUMxRlFWTlVWVk1pTENKcWIySk1iMk5oZEdsdmJpSTZJbVZoYzNSMWN5Sjk/YXBpLXZlcnNpb249MjAxNy0wNS0xMA==",
      "RequestMethod": "GET",
      "RequestBody": "",
      "RequestHeaders": {
        "User-Agent": [
          "FxVersion/4.6.25211.01",
          "Microsoft.Azure.Management.ResourceManager.Fluent.ResourceManagementClient/1.11.1.0",
          "MacAddressHash/cc0dc995bd7689190d87305dca6418746f27065181fa649f43731fb8fc5f1b10"
        ]
      },
      "ResponseBody": "",
      "ResponseHeaders": {
        "Content-Length": [
          "0"
        ],
        "Expires": [
          "-1"
        ],
        "Cache-Control": [
          "no-cache"
        ],
        "Date": [
          "Thu, 19 Jul 2018 00:00:10 GMT"
        ],
        "Pragma": [
          "no-cache"
        ],
        "Location": [
          "https://management.azure.com/subscriptions/0b1f6471-1bf0-4dda-aec3-cb9272f09590/operationresults/eyJqb2JJZCI6IlJFU09VUkNFR1JPVVBERUxFVElPTkpPQi1BQkM2MzRHUk9VUC1FQVNUVVMiLCJqb2JMb2NhdGlvbiI6ImVhc3R1cyJ9?api-version=2017-05-10"
        ],
        "Retry-After": [
          "15"
        ],
        "x-ms-ratelimit-remaining-subscription-reads": [
          "14979"
        ],
        "x-ms-request-id": [
          "8faa30c9-6c01-4285-b73c-ab88690b1e1d"
        ],
        "x-ms-correlation-request-id": [
          "8faa30c9-6c01-4285-b73c-ab88690b1e1d"
        ],
        "x-ms-routing-request-id": [
          "WESTUS2:20180719T000011Z:8faa30c9-6c01-4285-b73c-ab88690b1e1d"
        ],
        "Strict-Transport-Security": [
          "max-age=31536000; includeSubDomains"
        ],
        "X-Content-Type-Options": [
          "nosniff"
        ]
      },
      "StatusCode": 202
    },
    {
      "RequestUri": "/subscriptions/0b1f6471-1bf0-4dda-aec3-cb9272f09590/operationresults/eyJqb2JJZCI6IlJFU09VUkNFR1JPVVBERUxFVElPTkpPQi1BQkM2MzRHUk9VUC1FQVNUVVMiLCJqb2JMb2NhdGlvbiI6ImVhc3R1cyJ9?api-version=2017-05-10",
      "EncodedRequestUri": "L3N1YnNjcmlwdGlvbnMvMGIxZjY0NzEtMWJmMC00ZGRhLWFlYzMtY2I5MjcyZjA5NTkwL29wZXJhdGlvbnJlc3VsdHMvZXlKcWIySkpaQ0k2SWxKRlUwOVZVa05GUjFKUFZWQkVSVXhGVkVsUFRrcFBRaTFCUWtNMk16UkhVazlWVUMxRlFWTlVWVk1pTENKcWIySk1iMk5oZEdsdmJpSTZJbVZoYzNSMWN5Sjk/YXBpLXZlcnNpb249MjAxNy0wNS0xMA==",
      "RequestMethod": "GET",
      "RequestBody": "",
      "RequestHeaders": {
        "User-Agent": [
          "FxVersion/4.6.25211.01",
          "Microsoft.Azure.Management.ResourceManager.Fluent.ResourceManagementClient/1.11.1.0",
          "MacAddressHash/cc0dc995bd7689190d87305dca6418746f27065181fa649f43731fb8fc5f1b10"
        ]
      },
      "ResponseBody": "",
      "ResponseHeaders": {
        "Content-Length": [
          "0"
        ],
        "Expires": [
          "-1"
        ],
        "Cache-Control": [
          "no-cache"
        ],
        "Date": [
          "Thu, 19 Jul 2018 00:00:25 GMT"
        ],
        "Pragma": [
          "no-cache"
        ],
        "Location": [
          "https://management.azure.com/subscriptions/0b1f6471-1bf0-4dda-aec3-cb9272f09590/operationresults/eyJqb2JJZCI6IlJFU09VUkNFR1JPVVBERUxFVElPTkpPQi1BQkM2MzRHUk9VUC1FQVNUVVMiLCJqb2JMb2NhdGlvbiI6ImVhc3R1cyJ9?api-version=2017-05-10"
        ],
        "Retry-After": [
          "15"
        ],
        "x-ms-ratelimit-remaining-subscription-reads": [
          "14978"
        ],
        "x-ms-request-id": [
          "cee35c10-12ee-46d2-83fb-54695ef0739a"
        ],
        "x-ms-correlation-request-id": [
          "cee35c10-12ee-46d2-83fb-54695ef0739a"
        ],
        "x-ms-routing-request-id": [
          "WESTUS2:20180719T000026Z:cee35c10-12ee-46d2-83fb-54695ef0739a"
        ],
        "Strict-Transport-Security": [
          "max-age=31536000; includeSubDomains"
        ],
        "X-Content-Type-Options": [
          "nosniff"
        ]
      },
      "StatusCode": 202
    },
    {
      "RequestUri": "/subscriptions/0b1f6471-1bf0-4dda-aec3-cb9272f09590/operationresults/eyJqb2JJZCI6IlJFU09VUkNFR1JPVVBERUxFVElPTkpPQi1BQkM2MzRHUk9VUC1FQVNUVVMiLCJqb2JMb2NhdGlvbiI6ImVhc3R1cyJ9?api-version=2017-05-10",
      "EncodedRequestUri": "L3N1YnNjcmlwdGlvbnMvMGIxZjY0NzEtMWJmMC00ZGRhLWFlYzMtY2I5MjcyZjA5NTkwL29wZXJhdGlvbnJlc3VsdHMvZXlKcWIySkpaQ0k2SWxKRlUwOVZVa05GUjFKUFZWQkVSVXhGVkVsUFRrcFBRaTFCUWtNMk16UkhVazlWVUMxRlFWTlVWVk1pTENKcWIySk1iMk5oZEdsdmJpSTZJbVZoYzNSMWN5Sjk/YXBpLXZlcnNpb249MjAxNy0wNS0xMA==",
      "RequestMethod": "GET",
      "RequestBody": "",
      "RequestHeaders": {
        "User-Agent": [
          "FxVersion/4.6.25211.01",
          "Microsoft.Azure.Management.ResourceManager.Fluent.ResourceManagementClient/1.11.1.0",
          "MacAddressHash/cc0dc995bd7689190d87305dca6418746f27065181fa649f43731fb8fc5f1b10"
        ]
      },
      "ResponseBody": "",
      "ResponseHeaders": {
        "Content-Length": [
          "0"
        ],
        "Expires": [
          "-1"
        ],
        "Cache-Control": [
          "no-cache"
        ],
        "Date": [
          "Thu, 19 Jul 2018 00:00:41 GMT"
        ],
        "Pragma": [
          "no-cache"
        ],
        "Location": [
          "https://management.azure.com/subscriptions/0b1f6471-1bf0-4dda-aec3-cb9272f09590/operationresults/eyJqb2JJZCI6IlJFU09VUkNFR1JPVVBERUxFVElPTkpPQi1BQkM2MzRHUk9VUC1FQVNUVVMiLCJqb2JMb2NhdGlvbiI6ImVhc3R1cyJ9?api-version=2017-05-10"
        ],
        "Retry-After": [
          "15"
        ],
        "x-ms-ratelimit-remaining-subscription-reads": [
          "14977"
        ],
        "x-ms-request-id": [
          "d385042f-6c29-4b51-8b79-c3365978e137"
        ],
        "x-ms-correlation-request-id": [
          "d385042f-6c29-4b51-8b79-c3365978e137"
        ],
        "x-ms-routing-request-id": [
          "WESTUS2:20180719T000041Z:d385042f-6c29-4b51-8b79-c3365978e137"
        ],
        "Strict-Transport-Security": [
          "max-age=31536000; includeSubDomains"
        ],
        "X-Content-Type-Options": [
          "nosniff"
        ]
      },
      "StatusCode": 202
    },
    {
      "RequestUri": "/subscriptions/0b1f6471-1bf0-4dda-aec3-cb9272f09590/operationresults/eyJqb2JJZCI6IlJFU09VUkNFR1JPVVBERUxFVElPTkpPQi1BQkM2MzRHUk9VUC1FQVNUVVMiLCJqb2JMb2NhdGlvbiI6ImVhc3R1cyJ9?api-version=2017-05-10",
      "EncodedRequestUri": "L3N1YnNjcmlwdGlvbnMvMGIxZjY0NzEtMWJmMC00ZGRhLWFlYzMtY2I5MjcyZjA5NTkwL29wZXJhdGlvbnJlc3VsdHMvZXlKcWIySkpaQ0k2SWxKRlUwOVZVa05GUjFKUFZWQkVSVXhGVkVsUFRrcFBRaTFCUWtNMk16UkhVazlWVUMxRlFWTlVWVk1pTENKcWIySk1iMk5oZEdsdmJpSTZJbVZoYzNSMWN5Sjk/YXBpLXZlcnNpb249MjAxNy0wNS0xMA==",
      "RequestMethod": "GET",
      "RequestBody": "",
      "RequestHeaders": {
        "User-Agent": [
          "FxVersion/4.6.25211.01",
          "Microsoft.Azure.Management.ResourceManager.Fluent.ResourceManagementClient/1.11.1.0",
          "MacAddressHash/cc0dc995bd7689190d87305dca6418746f27065181fa649f43731fb8fc5f1b10"
        ]
      },
      "ResponseBody": "",
      "ResponseHeaders": {
        "Content-Length": [
          "0"
        ],
        "Expires": [
          "-1"
        ],
        "Cache-Control": [
          "no-cache"
        ],
        "Date": [
          "Thu, 19 Jul 2018 00:00:56 GMT"
        ],
        "Pragma": [
          "no-cache"
        ],
        "Location": [
          "https://management.azure.com/subscriptions/0b1f6471-1bf0-4dda-aec3-cb9272f09590/operationresults/eyJqb2JJZCI6IlJFU09VUkNFR1JPVVBERUxFVElPTkpPQi1BQkM2MzRHUk9VUC1FQVNUVVMiLCJqb2JMb2NhdGlvbiI6ImVhc3R1cyJ9?api-version=2017-05-10"
        ],
        "Retry-After": [
          "15"
        ],
        "x-ms-ratelimit-remaining-subscription-reads": [
          "14976"
        ],
        "x-ms-request-id": [
          "60e56aa6-904d-4082-9dba-a162fc0f5279"
        ],
        "x-ms-correlation-request-id": [
          "60e56aa6-904d-4082-9dba-a162fc0f5279"
        ],
        "x-ms-routing-request-id": [
          "WESTUS2:20180719T000056Z:60e56aa6-904d-4082-9dba-a162fc0f5279"
        ],
        "Strict-Transport-Security": [
          "max-age=31536000; includeSubDomains"
        ],
        "X-Content-Type-Options": [
          "nosniff"
        ]
      },
      "StatusCode": 202
    },
    {
      "RequestUri": "/subscriptions/0b1f6471-1bf0-4dda-aec3-cb9272f09590/operationresults/eyJqb2JJZCI6IlJFU09VUkNFR1JPVVBERUxFVElPTkpPQi1BQkM2MzRHUk9VUC1FQVNUVVMiLCJqb2JMb2NhdGlvbiI6ImVhc3R1cyJ9?api-version=2017-05-10",
      "EncodedRequestUri": "L3N1YnNjcmlwdGlvbnMvMGIxZjY0NzEtMWJmMC00ZGRhLWFlYzMtY2I5MjcyZjA5NTkwL29wZXJhdGlvbnJlc3VsdHMvZXlKcWIySkpaQ0k2SWxKRlUwOVZVa05GUjFKUFZWQkVSVXhGVkVsUFRrcFBRaTFCUWtNMk16UkhVazlWVUMxRlFWTlVWVk1pTENKcWIySk1iMk5oZEdsdmJpSTZJbVZoYzNSMWN5Sjk/YXBpLXZlcnNpb249MjAxNy0wNS0xMA==",
      "RequestMethod": "GET",
      "RequestBody": "",
      "RequestHeaders": {
        "User-Agent": [
          "FxVersion/4.6.25211.01",
          "Microsoft.Azure.Management.ResourceManager.Fluent.ResourceManagementClient/1.11.1.0",
          "MacAddressHash/cc0dc995bd7689190d87305dca6418746f27065181fa649f43731fb8fc5f1b10"
        ]
      },
      "ResponseBody": "",
      "ResponseHeaders": {
        "Content-Length": [
          "0"
        ],
        "Expires": [
          "-1"
        ],
        "Cache-Control": [
          "no-cache"
        ],
        "Date": [
          "Thu, 19 Jul 2018 00:01:11 GMT"
        ],
        "Pragma": [
          "no-cache"
        ],
        "Location": [
          "https://management.azure.com/subscriptions/0b1f6471-1bf0-4dda-aec3-cb9272f09590/operationresults/eyJqb2JJZCI6IlJFU09VUkNFR1JPVVBERUxFVElPTkpPQi1BQkM2MzRHUk9VUC1FQVNUVVMiLCJqb2JMb2NhdGlvbiI6ImVhc3R1cyJ9?api-version=2017-05-10"
        ],
        "Retry-After": [
          "15"
        ],
        "x-ms-ratelimit-remaining-subscription-reads": [
          "14975"
        ],
        "x-ms-request-id": [
          "9d2837c1-37da-4ddf-b375-6e2574e24e5f"
        ],
        "x-ms-correlation-request-id": [
          "9d2837c1-37da-4ddf-b375-6e2574e24e5f"
        ],
        "x-ms-routing-request-id": [
          "WESTUS2:20180719T000111Z:9d2837c1-37da-4ddf-b375-6e2574e24e5f"
        ],
        "Strict-Transport-Security": [
          "max-age=31536000; includeSubDomains"
        ],
        "X-Content-Type-Options": [
          "nosniff"
        ]
      },
      "StatusCode": 202
    },
    {
      "RequestUri": "/subscriptions/0b1f6471-1bf0-4dda-aec3-cb9272f09590/operationresults/eyJqb2JJZCI6IlJFU09VUkNFR1JPVVBERUxFVElPTkpPQi1BQkM2MzRHUk9VUC1FQVNUVVMiLCJqb2JMb2NhdGlvbiI6ImVhc3R1cyJ9?api-version=2017-05-10",
      "EncodedRequestUri": "L3N1YnNjcmlwdGlvbnMvMGIxZjY0NzEtMWJmMC00ZGRhLWFlYzMtY2I5MjcyZjA5NTkwL29wZXJhdGlvbnJlc3VsdHMvZXlKcWIySkpaQ0k2SWxKRlUwOVZVa05GUjFKUFZWQkVSVXhGVkVsUFRrcFBRaTFCUWtNMk16UkhVazlWVUMxRlFWTlVWVk1pTENKcWIySk1iMk5oZEdsdmJpSTZJbVZoYzNSMWN5Sjk/YXBpLXZlcnNpb249MjAxNy0wNS0xMA==",
      "RequestMethod": "GET",
      "RequestBody": "",
      "RequestHeaders": {
        "User-Agent": [
          "FxVersion/4.6.25211.01",
          "Microsoft.Azure.Management.ResourceManager.Fluent.ResourceManagementClient/1.11.1.0",
          "MacAddressHash/cc0dc995bd7689190d87305dca6418746f27065181fa649f43731fb8fc5f1b10"
        ]
      },
      "ResponseBody": "",
      "ResponseHeaders": {
        "Content-Length": [
          "0"
        ],
        "Expires": [
          "-1"
        ],
        "Cache-Control": [
          "no-cache"
        ],
        "Date": [
          "Thu, 19 Jul 2018 00:01:26 GMT"
        ],
        "Pragma": [
          "no-cache"
        ],
        "Location": [
          "https://management.azure.com/subscriptions/0b1f6471-1bf0-4dda-aec3-cb9272f09590/operationresults/eyJqb2JJZCI6IlJFU09VUkNFR1JPVVBERUxFVElPTkpPQi1BQkM2MzRHUk9VUC1FQVNUVVMiLCJqb2JMb2NhdGlvbiI6ImVhc3R1cyJ9?api-version=2017-05-10"
        ],
        "Retry-After": [
          "15"
        ],
        "x-ms-ratelimit-remaining-subscription-reads": [
          "14974"
        ],
        "x-ms-request-id": [
          "34b1a771-f90c-429c-b51f-569f6d3eee8a"
        ],
        "x-ms-correlation-request-id": [
          "34b1a771-f90c-429c-b51f-569f6d3eee8a"
        ],
        "x-ms-routing-request-id": [
          "WESTUS2:20180719T000127Z:34b1a771-f90c-429c-b51f-569f6d3eee8a"
        ],
        "Strict-Transport-Security": [
          "max-age=31536000; includeSubDomains"
        ],
        "X-Content-Type-Options": [
          "nosniff"
        ]
      },
      "StatusCode": 202
    },
    {
      "RequestUri": "/subscriptions/0b1f6471-1bf0-4dda-aec3-cb9272f09590/operationresults/eyJqb2JJZCI6IlJFU09VUkNFR1JPVVBERUxFVElPTkpPQi1BQkM2MzRHUk9VUC1FQVNUVVMiLCJqb2JMb2NhdGlvbiI6ImVhc3R1cyJ9?api-version=2017-05-10",
      "EncodedRequestUri": "L3N1YnNjcmlwdGlvbnMvMGIxZjY0NzEtMWJmMC00ZGRhLWFlYzMtY2I5MjcyZjA5NTkwL29wZXJhdGlvbnJlc3VsdHMvZXlKcWIySkpaQ0k2SWxKRlUwOVZVa05GUjFKUFZWQkVSVXhGVkVsUFRrcFBRaTFCUWtNMk16UkhVazlWVUMxRlFWTlVWVk1pTENKcWIySk1iMk5oZEdsdmJpSTZJbVZoYzNSMWN5Sjk/YXBpLXZlcnNpb249MjAxNy0wNS0xMA==",
      "RequestMethod": "GET",
      "RequestBody": "",
      "RequestHeaders": {
        "User-Agent": [
          "FxVersion/4.6.25211.01",
          "Microsoft.Azure.Management.ResourceManager.Fluent.ResourceManagementClient/1.11.1.0",
          "MacAddressHash/cc0dc995bd7689190d87305dca6418746f27065181fa649f43731fb8fc5f1b10"
        ]
      },
      "ResponseBody": "",
      "ResponseHeaders": {
        "Content-Length": [
          "0"
        ],
        "Expires": [
          "-1"
        ],
        "Cache-Control": [
          "no-cache"
        ],
        "Date": [
          "Thu, 19 Jul 2018 00:01:41 GMT"
        ],
        "Pragma": [
          "no-cache"
        ],
        "Location": [
          "https://management.azure.com/subscriptions/0b1f6471-1bf0-4dda-aec3-cb9272f09590/operationresults/eyJqb2JJZCI6IlJFU09VUkNFR1JPVVBERUxFVElPTkpPQi1BQkM2MzRHUk9VUC1FQVNUVVMiLCJqb2JMb2NhdGlvbiI6ImVhc3R1cyJ9?api-version=2017-05-10"
        ],
        "Retry-After": [
          "15"
        ],
        "x-ms-ratelimit-remaining-subscription-reads": [
          "14973"
        ],
        "x-ms-request-id": [
          "5c6a8a4f-2ff2-485b-95c8-a894a6e60a7e"
        ],
        "x-ms-correlation-request-id": [
          "5c6a8a4f-2ff2-485b-95c8-a894a6e60a7e"
        ],
        "x-ms-routing-request-id": [
          "WESTUS2:20180719T000142Z:5c6a8a4f-2ff2-485b-95c8-a894a6e60a7e"
        ],
        "Strict-Transport-Security": [
          "max-age=31536000; includeSubDomains"
        ],
        "X-Content-Type-Options": [
          "nosniff"
        ]
      },
      "StatusCode": 202
    },
    {
      "RequestUri": "/subscriptions/0b1f6471-1bf0-4dda-aec3-cb9272f09590/operationresults/eyJqb2JJZCI6IlJFU09VUkNFR1JPVVBERUxFVElPTkpPQi1BQkM2MzRHUk9VUC1FQVNUVVMiLCJqb2JMb2NhdGlvbiI6ImVhc3R1cyJ9?api-version=2017-05-10",
      "EncodedRequestUri": "L3N1YnNjcmlwdGlvbnMvMGIxZjY0NzEtMWJmMC00ZGRhLWFlYzMtY2I5MjcyZjA5NTkwL29wZXJhdGlvbnJlc3VsdHMvZXlKcWIySkpaQ0k2SWxKRlUwOVZVa05GUjFKUFZWQkVSVXhGVkVsUFRrcFBRaTFCUWtNMk16UkhVazlWVUMxRlFWTlVWVk1pTENKcWIySk1iMk5oZEdsdmJpSTZJbVZoYzNSMWN5Sjk/YXBpLXZlcnNpb249MjAxNy0wNS0xMA==",
      "RequestMethod": "GET",
      "RequestBody": "",
      "RequestHeaders": {
        "User-Agent": [
          "FxVersion/4.6.25211.01",
          "Microsoft.Azure.Management.ResourceManager.Fluent.ResourceManagementClient/1.11.1.0",
          "MacAddressHash/cc0dc995bd7689190d87305dca6418746f27065181fa649f43731fb8fc5f1b10"
        ]
      },
      "ResponseBody": "",
      "ResponseHeaders": {
        "Content-Length": [
          "0"
        ],
        "Expires": [
          "-1"
        ],
        "Cache-Control": [
          "no-cache"
        ],
        "Date": [
          "Thu, 19 Jul 2018 00:01:56 GMT"
        ],
        "Pragma": [
          "no-cache"
        ],
        "Location": [
          "https://management.azure.com/subscriptions/0b1f6471-1bf0-4dda-aec3-cb9272f09590/operationresults/eyJqb2JJZCI6IlJFU09VUkNFR1JPVVBERUxFVElPTkpPQi1BQkM2MzRHUk9VUC1FQVNUVVMiLCJqb2JMb2NhdGlvbiI6ImVhc3R1cyJ9?api-version=2017-05-10"
        ],
        "Retry-After": [
          "15"
        ],
        "x-ms-ratelimit-remaining-subscription-reads": [
          "14972"
        ],
        "x-ms-request-id": [
          "d74cd19f-d3be-4ad5-8005-0e2929476935"
        ],
        "x-ms-correlation-request-id": [
          "d74cd19f-d3be-4ad5-8005-0e2929476935"
        ],
        "x-ms-routing-request-id": [
          "WESTUS2:20180719T000157Z:d74cd19f-d3be-4ad5-8005-0e2929476935"
        ],
        "Strict-Transport-Security": [
          "max-age=31536000; includeSubDomains"
        ],
        "X-Content-Type-Options": [
          "nosniff"
        ]
      },
      "StatusCode": 202
    },
    {
      "RequestUri": "/subscriptions/0b1f6471-1bf0-4dda-aec3-cb9272f09590/operationresults/eyJqb2JJZCI6IlJFU09VUkNFR1JPVVBERUxFVElPTkpPQi1BQkM2MzRHUk9VUC1FQVNUVVMiLCJqb2JMb2NhdGlvbiI6ImVhc3R1cyJ9?api-version=2017-05-10",
      "EncodedRequestUri": "L3N1YnNjcmlwdGlvbnMvMGIxZjY0NzEtMWJmMC00ZGRhLWFlYzMtY2I5MjcyZjA5NTkwL29wZXJhdGlvbnJlc3VsdHMvZXlKcWIySkpaQ0k2SWxKRlUwOVZVa05GUjFKUFZWQkVSVXhGVkVsUFRrcFBRaTFCUWtNMk16UkhVazlWVUMxRlFWTlVWVk1pTENKcWIySk1iMk5oZEdsdmJpSTZJbVZoYzNSMWN5Sjk/YXBpLXZlcnNpb249MjAxNy0wNS0xMA==",
      "RequestMethod": "GET",
      "RequestBody": "",
      "RequestHeaders": {
        "User-Agent": [
          "FxVersion/4.6.25211.01",
          "Microsoft.Azure.Management.ResourceManager.Fluent.ResourceManagementClient/1.11.1.0",
          "MacAddressHash/cc0dc995bd7689190d87305dca6418746f27065181fa649f43731fb8fc5f1b10"
        ]
      },
      "ResponseBody": "",
      "ResponseHeaders": {
        "Content-Length": [
          "0"
        ],
        "Expires": [
          "-1"
        ],
        "Cache-Control": [
          "no-cache"
        ],
        "Date": [
          "Thu, 19 Jul 2018 00:02:12 GMT"
        ],
        "Pragma": [
          "no-cache"
        ],
        "Location": [
          "https://management.azure.com/subscriptions/0b1f6471-1bf0-4dda-aec3-cb9272f09590/operationresults/eyJqb2JJZCI6IlJFU09VUkNFR1JPVVBERUxFVElPTkpPQi1BQkM2MzRHUk9VUC1FQVNUVVMiLCJqb2JMb2NhdGlvbiI6ImVhc3R1cyJ9?api-version=2017-05-10"
        ],
        "Retry-After": [
          "15"
        ],
        "x-ms-ratelimit-remaining-subscription-reads": [
          "14971"
        ],
        "x-ms-request-id": [
          "5bceb268-4385-4788-b8aa-08b2a1c2fab4"
        ],
        "x-ms-correlation-request-id": [
          "5bceb268-4385-4788-b8aa-08b2a1c2fab4"
        ],
        "x-ms-routing-request-id": [
          "WESTUS2:20180719T000212Z:5bceb268-4385-4788-b8aa-08b2a1c2fab4"
        ],
        "Strict-Transport-Security": [
          "max-age=31536000; includeSubDomains"
        ],
        "X-Content-Type-Options": [
          "nosniff"
        ]
      },
      "StatusCode": 202
    },
    {
      "RequestUri": "/subscriptions/0b1f6471-1bf0-4dda-aec3-cb9272f09590/operationresults/eyJqb2JJZCI6IlJFU09VUkNFR1JPVVBERUxFVElPTkpPQi1BQkM2MzRHUk9VUC1FQVNUVVMiLCJqb2JMb2NhdGlvbiI6ImVhc3R1cyJ9?api-version=2017-05-10",
      "EncodedRequestUri": "L3N1YnNjcmlwdGlvbnMvMGIxZjY0NzEtMWJmMC00ZGRhLWFlYzMtY2I5MjcyZjA5NTkwL29wZXJhdGlvbnJlc3VsdHMvZXlKcWIySkpaQ0k2SWxKRlUwOVZVa05GUjFKUFZWQkVSVXhGVkVsUFRrcFBRaTFCUWtNMk16UkhVazlWVUMxRlFWTlVWVk1pTENKcWIySk1iMk5oZEdsdmJpSTZJbVZoYzNSMWN5Sjk/YXBpLXZlcnNpb249MjAxNy0wNS0xMA==",
      "RequestMethod": "GET",
      "RequestBody": "",
      "RequestHeaders": {
        "User-Agent": [
          "FxVersion/4.6.25211.01",
          "Microsoft.Azure.Management.ResourceManager.Fluent.ResourceManagementClient/1.11.1.0",
          "MacAddressHash/cc0dc995bd7689190d87305dca6418746f27065181fa649f43731fb8fc5f1b10"
        ]
      },
      "ResponseBody": "",
      "ResponseHeaders": {
        "Content-Length": [
          "0"
        ],
        "Expires": [
          "-1"
        ],
        "Cache-Control": [
          "no-cache"
        ],
        "Date": [
          "Thu, 19 Jul 2018 00:02:27 GMT"
        ],
        "Pragma": [
          "no-cache"
        ],
        "Location": [
          "https://management.azure.com/subscriptions/0b1f6471-1bf0-4dda-aec3-cb9272f09590/operationresults/eyJqb2JJZCI6IlJFU09VUkNFR1JPVVBERUxFVElPTkpPQi1BQkM2MzRHUk9VUC1FQVNUVVMiLCJqb2JMb2NhdGlvbiI6ImVhc3R1cyJ9?api-version=2017-05-10"
        ],
        "Retry-After": [
          "15"
        ],
        "x-ms-ratelimit-remaining-subscription-reads": [
          "14970"
        ],
        "x-ms-request-id": [
          "f3fa7e8f-2e59-4503-8cb8-8fc2e2212cc9"
        ],
        "x-ms-correlation-request-id": [
          "f3fa7e8f-2e59-4503-8cb8-8fc2e2212cc9"
        ],
        "x-ms-routing-request-id": [
          "WESTUS2:20180719T000227Z:f3fa7e8f-2e59-4503-8cb8-8fc2e2212cc9"
        ],
        "Strict-Transport-Security": [
          "max-age=31536000; includeSubDomains"
        ],
        "X-Content-Type-Options": [
          "nosniff"
        ]
      },
      "StatusCode": 202
    },
    {
      "RequestUri": "/subscriptions/0b1f6471-1bf0-4dda-aec3-cb9272f09590/operationresults/eyJqb2JJZCI6IlJFU09VUkNFR1JPVVBERUxFVElPTkpPQi1BQkM2MzRHUk9VUC1FQVNUVVMiLCJqb2JMb2NhdGlvbiI6ImVhc3R1cyJ9?api-version=2017-05-10",
      "EncodedRequestUri": "L3N1YnNjcmlwdGlvbnMvMGIxZjY0NzEtMWJmMC00ZGRhLWFlYzMtY2I5MjcyZjA5NTkwL29wZXJhdGlvbnJlc3VsdHMvZXlKcWIySkpaQ0k2SWxKRlUwOVZVa05GUjFKUFZWQkVSVXhGVkVsUFRrcFBRaTFCUWtNMk16UkhVazlWVUMxRlFWTlVWVk1pTENKcWIySk1iMk5oZEdsdmJpSTZJbVZoYzNSMWN5Sjk/YXBpLXZlcnNpb249MjAxNy0wNS0xMA==",
      "RequestMethod": "GET",
      "RequestBody": "",
      "RequestHeaders": {
        "User-Agent": [
          "FxVersion/4.6.25211.01",
          "Microsoft.Azure.Management.ResourceManager.Fluent.ResourceManagementClient/1.11.1.0",
          "MacAddressHash/cc0dc995bd7689190d87305dca6418746f27065181fa649f43731fb8fc5f1b10"
        ]
      },
      "ResponseBody": "",
      "ResponseHeaders": {
        "Content-Length": [
          "0"
        ],
        "Expires": [
          "-1"
        ],
        "Cache-Control": [
          "no-cache"
        ],
        "Date": [
          "Thu, 19 Jul 2018 00:02:43 GMT"
        ],
        "Pragma": [
          "no-cache"
        ],
        "Location": [
          "https://management.azure.com/subscriptions/0b1f6471-1bf0-4dda-aec3-cb9272f09590/operationresults/eyJqb2JJZCI6IlJFU09VUkNFR1JPVVBERUxFVElPTkpPQi1BQkM2MzRHUk9VUC1FQVNUVVMiLCJqb2JMb2NhdGlvbiI6ImVhc3R1cyJ9?api-version=2017-05-10"
        ],
        "Retry-After": [
          "15"
        ],
        "x-ms-ratelimit-remaining-subscription-reads": [
          "14969"
        ],
        "x-ms-request-id": [
          "c18537d0-5991-4c94-ab0a-76645225d97c"
        ],
        "x-ms-correlation-request-id": [
          "c18537d0-5991-4c94-ab0a-76645225d97c"
        ],
        "x-ms-routing-request-id": [
          "WESTUS2:20180719T000243Z:c18537d0-5991-4c94-ab0a-76645225d97c"
        ],
        "Strict-Transport-Security": [
          "max-age=31536000; includeSubDomains"
        ],
        "X-Content-Type-Options": [
          "nosniff"
        ]
      },
      "StatusCode": 202
    },
    {
      "RequestUri": "/subscriptions/0b1f6471-1bf0-4dda-aec3-cb9272f09590/operationresults/eyJqb2JJZCI6IlJFU09VUkNFR1JPVVBERUxFVElPTkpPQi1BQkM2MzRHUk9VUC1FQVNUVVMiLCJqb2JMb2NhdGlvbiI6ImVhc3R1cyJ9?api-version=2017-05-10",
      "EncodedRequestUri": "L3N1YnNjcmlwdGlvbnMvMGIxZjY0NzEtMWJmMC00ZGRhLWFlYzMtY2I5MjcyZjA5NTkwL29wZXJhdGlvbnJlc3VsdHMvZXlKcWIySkpaQ0k2SWxKRlUwOVZVa05GUjFKUFZWQkVSVXhGVkVsUFRrcFBRaTFCUWtNMk16UkhVazlWVUMxRlFWTlVWVk1pTENKcWIySk1iMk5oZEdsdmJpSTZJbVZoYzNSMWN5Sjk/YXBpLXZlcnNpb249MjAxNy0wNS0xMA==",
      "RequestMethod": "GET",
      "RequestBody": "",
      "RequestHeaders": {
        "User-Agent": [
          "FxVersion/4.6.25211.01",
          "Microsoft.Azure.Management.ResourceManager.Fluent.ResourceManagementClient/1.11.1.0",
          "MacAddressHash/cc0dc995bd7689190d87305dca6418746f27065181fa649f43731fb8fc5f1b10"
        ]
      },
      "ResponseBody": "",
      "ResponseHeaders": {
        "Content-Length": [
          "0"
        ],
        "Expires": [
          "-1"
        ],
        "Cache-Control": [
          "no-cache"
        ],
        "Date": [
          "Thu, 19 Jul 2018 00:02:58 GMT"
        ],
        "Pragma": [
          "no-cache"
        ],
        "x-ms-ratelimit-remaining-subscription-reads": [
          "14968"
        ],
        "x-ms-request-id": [
          "f4b5b467-def9-4f68-bb97-1cd6892b50ed"
        ],
        "x-ms-correlation-request-id": [
          "f4b5b467-def9-4f68-bb97-1cd6892b50ed"
        ],
        "x-ms-routing-request-id": [
          "WESTUS2:20180719T000258Z:f4b5b467-def9-4f68-bb97-1cd6892b50ed"
        ],
        "Strict-Transport-Security": [
          "max-age=31536000; includeSubDomains"
        ],
        "X-Content-Type-Options": [
          "nosniff"
        ]
      },
      "StatusCode": 200
    }
  ],
  "Names": {
    "CanCreateWithCustomData": [
      "vm3718",
      "abc634",
      "nicvm3718cab07510c",
      "vnetc8863732a308",
      "stgvm3718cab57984e61"
    ]
  },
  "Variables": {
    "ServicePrincipal": "39e3d217-cb72-4b90-8532-394a7e784d93",
    "AADTenant": "54826b22-38d6-4fb2-bad9-b7b93a3e9c5a",
    "SubscriptionId": "0b1f6471-1bf0-4dda-aec3-cb9272f09590"
  }
}