{
  "Entries": [
    {
      "RequestUri": "/subscriptions/0b1f6471-1bf0-4dda-aec3-cb9272f09590/resourcegroups/abc824group?api-version=2017-05-10",
      "EncodedRequestUri": "L3N1YnNjcmlwdGlvbnMvMGIxZjY0NzEtMWJmMC00ZGRhLWFlYzMtY2I5MjcyZjA5NTkwL3Jlc291cmNlZ3JvdXBzL2FiYzgyNGdyb3VwP2FwaS12ZXJzaW9uPTIwMTctMDUtMTA=",
      "RequestMethod": "PUT",
      "RequestBody": "{\r\n  \"location\": \"eastus\"\r\n}",
      "RequestHeaders": {
        "x-ms-client-request-id": [
          "88bbb219-7358-4b49-b8eb-f2babe0b1b9e"
        ],
        "accept-language": [
          "en-US"
        ],
        "User-Agent": [
          "FxVersion/4.6.25815.02",
          "Microsoft.Azure.Management.ResourceManager.Fluent.ResourceManagementClient/1.13.0.0",
          "MacAddressHash/cc0dc995bd7689190d87305dca6418746f27065181fa649f43731fb8fc5f1b10"
        ],
        "Content-Type": [
          "application/json; charset=utf-8"
        ],
        "Content-Length": [
          "28"
        ]
      },
      "ResponseHeaders": {
        "Cache-Control": [
          "no-cache"
        ],
        "Date": [
          "Wed, 25 Jul 2018 02:57:26 GMT"
        ],
        "Pragma": [
          "no-cache"
        ],
        "x-ms-ratelimit-remaining-subscription-writes": [
          "1199"
        ],
        "x-ms-request-id": [
          "84e6e206-8e3d-4cd8-8814-088b8a3383c7"
        ],
        "x-ms-correlation-request-id": [
          "84e6e206-8e3d-4cd8-8814-088b8a3383c7"
        ],
        "x-ms-routing-request-id": [
          "WESTUS2:20180725T025727Z:84e6e206-8e3d-4cd8-8814-088b8a3383c7"
        ],
        "Strict-Transport-Security": [
          "max-age=31536000; includeSubDomains"
        ],
        "X-Content-Type-Options": [
          "nosniff"
        ],
        "Content-Length": [
          "175"
        ],
        "Content-Type": [
          "application/json; charset=utf-8"
        ],
        "Expires": [
          "-1"
        ]
      },
      "ResponseBody": "{\r\n  \"id\": \"/subscriptions/0b1f6471-1bf0-4dda-aec3-cb9272f09590/resourceGroups/abc824group\",\r\n  \"name\": \"abc824group\",\r\n  \"location\": \"eastus\",\r\n  \"properties\": {\r\n    \"provisioningState\": \"Succeeded\"\r\n  }\r\n}",
      "StatusCode": 201
    },
    {
      "RequestUri": "/subscriptions/0b1f6471-1bf0-4dda-aec3-cb9272f09590/resourceGroups/abc824group/providers/Microsoft.Network/publicIPAddresses/abc824?api-version=2018-04-01",
      "EncodedRequestUri": "L3N1YnNjcmlwdGlvbnMvMGIxZjY0NzEtMWJmMC00ZGRhLWFlYzMtY2I5MjcyZjA5NTkwL3Jlc291cmNlR3JvdXBzL2FiYzgyNGdyb3VwL3Byb3ZpZGVycy9NaWNyb3NvZnQuTmV0d29yay9wdWJsaWNJUEFkZHJlc3Nlcy9hYmM4MjQ/YXBpLXZlcnNpb249MjAxOC0wNC0wMQ==",
      "RequestMethod": "PUT",
      "RequestBody": "{\r\n  \"properties\": {\r\n    \"dnsSettings\": {\r\n      \"domainNameLabel\": \"abc824\"\r\n    }\r\n  },\r\n  \"location\": \"eastus\",\r\n  \"tags\": {}\r\n}",
      "RequestHeaders": {
        "x-ms-client-request-id": [
          "642c52e6-b92b-4e47-aa1f-aab48d8fa640"
        ],
        "accept-language": [
          "en-US"
        ],
        "User-Agent": [
          "FxVersion/4.6.25815.02",
          "Microsoft.Azure.Management.Network.Fluent.NetworkManagementClient/1.13.0.0",
          "MacAddressHash/cc0dc995bd7689190d87305dca6418746f27065181fa649f43731fb8fc5f1b10"
        ],
        "Content-Type": [
          "application/json; charset=utf-8"
        ],
        "Content-Length": [
          "132"
        ]
      },
      "ResponseHeaders": {
        "Cache-Control": [
          "no-cache"
        ],
        "Date": [
          "Wed, 25 Jul 2018 02:57:28 GMT"
        ],
        "Pragma": [
          "no-cache"
        ],
        "Retry-After": [
          "3"
        ],
        "Server": [
          "Microsoft-HTTPAPI/2.0",
          "Microsoft-HTTPAPI/2.0"
        ],
        "x-ms-request-id": [
          "cf480252-8c4d-4a49-a168-42e0181a0b25"
        ],
        "Azure-AsyncOperation": [
          "https://management.azure.com/subscriptions/0b1f6471-1bf0-4dda-aec3-cb9272f09590/providers/Microsoft.Network/locations/eastus/operations/cf480252-8c4d-4a49-a168-42e0181a0b25?api-version=2018-04-01"
        ],
        "x-ms-correlation-request-id": [
          "146c4bb2-8df5-459f-b76c-2cd643280c0f"
        ],
        "Strict-Transport-Security": [
          "max-age=31536000; includeSubDomains"
        ],
        "x-ms-ratelimit-remaining-subscription-writes": [
          "1198"
        ],
        "x-ms-routing-request-id": [
          "WESTUS2:20180725T025729Z:146c4bb2-8df5-459f-b76c-2cd643280c0f"
        ],
        "X-Content-Type-Options": [
          "nosniff"
        ],
        "Content-Length": [
          "752"
        ],
        "Content-Type": [
          "application/json; charset=utf-8"
        ],
        "Expires": [
          "-1"
        ]
      },
      "ResponseBody": "{\r\n  \"name\": \"abc824\",\r\n  \"id\": \"/subscriptions/0b1f6471-1bf0-4dda-aec3-cb9272f09590/resourceGroups/abc824group/providers/Microsoft.Network/publicIPAddresses/abc824\",\r\n  \"etag\": \"W/\\\"e7b81f38-36c1-4c5b-b2bb-77203040a62e\\\"\",\r\n  \"location\": \"eastus\",\r\n  \"tags\": {},\r\n  \"properties\": {\r\n    \"provisioningState\": \"Updating\",\r\n    \"resourceGuid\": \"22db45f5-19e1-447d-9197-b800be8a91ac\",\r\n    \"publicIPAddressVersion\": \"IPv4\",\r\n    \"publicIPAllocationMethod\": \"Dynamic\",\r\n    \"idleTimeoutInMinutes\": 4,\r\n    \"dnsSettings\": {\r\n      \"domainNameLabel\": \"abc824\",\r\n      \"fqdn\": \"abc824.eastus.cloudapp.azure.com\"\r\n    },\r\n    \"ipTags\": []\r\n  },\r\n  \"type\": \"Microsoft.Network/publicIPAddresses\",\r\n  \"sku\": {\r\n    \"name\": \"Basic\",\r\n    \"tier\": \"Regional\"\r\n  }\r\n}",
      "StatusCode": 201
    },
    {
      "RequestUri": "/subscriptions/0b1f6471-1bf0-4dda-aec3-cb9272f09590/providers/Microsoft.Network/locations/eastus/operations/cf480252-8c4d-4a49-a168-42e0181a0b25?api-version=2018-04-01",
      "EncodedRequestUri": "L3N1YnNjcmlwdGlvbnMvMGIxZjY0NzEtMWJmMC00ZGRhLWFlYzMtY2I5MjcyZjA5NTkwL3Byb3ZpZGVycy9NaWNyb3NvZnQuTmV0d29yay9sb2NhdGlvbnMvZWFzdHVzL29wZXJhdGlvbnMvY2Y0ODAyNTItOGM0ZC00YTQ5LWExNjgtNDJlMDE4MWEwYjI1P2FwaS12ZXJzaW9uPTIwMTgtMDQtMDE=",
      "RequestMethod": "GET",
      "RequestBody": "",
      "RequestHeaders": {
        "User-Agent": [
          "FxVersion/4.6.25815.02",
          "Microsoft.Azure.Management.Network.Fluent.NetworkManagementClient/1.13.0.0",
          "MacAddressHash/cc0dc995bd7689190d87305dca6418746f27065181fa649f43731fb8fc5f1b10"
        ]
      },
      "ResponseHeaders": {
        "Cache-Control": [
          "no-cache"
        ],
        "Date": [
          "Wed, 25 Jul 2018 02:57:38 GMT"
        ],
        "Pragma": [
          "no-cache"
        ],
        "Server": [
          "Microsoft-HTTPAPI/2.0",
          "Microsoft-HTTPAPI/2.0"
        ],
        "x-ms-request-id": [
          "d9c3cf3e-65f3-4d9b-a42d-7084c882fdff"
        ],
        "x-ms-correlation-request-id": [
          "963b913f-5c52-4f72-80c9-c74f4d58bbfc"
        ],
        "Strict-Transport-Security": [
          "max-age=31536000; includeSubDomains"
        ],
        "x-ms-ratelimit-remaining-subscription-reads": [
          "14999"
        ],
        "x-ms-routing-request-id": [
          "WESTUS2:20180725T025739Z:963b913f-5c52-4f72-80c9-c74f4d58bbfc"
        ],
        "X-Content-Type-Options": [
          "nosniff"
        ],
        "Content-Length": [
          "29"
        ],
        "Content-Type": [
          "application/json; charset=utf-8"
        ],
        "Expires": [
          "-1"
        ]
      },
      "ResponseBody": "{\r\n  \"status\": \"Succeeded\"\r\n}",
      "StatusCode": 200
    },
    {
      "RequestUri": "/subscriptions/0b1f6471-1bf0-4dda-aec3-cb9272f09590/resourceGroups/abc824group/providers/Microsoft.Network/publicIPAddresses/abc824?api-version=2018-04-01",
      "EncodedRequestUri": "L3N1YnNjcmlwdGlvbnMvMGIxZjY0NzEtMWJmMC00ZGRhLWFlYzMtY2I5MjcyZjA5NTkwL3Jlc291cmNlR3JvdXBzL2FiYzgyNGdyb3VwL3Byb3ZpZGVycy9NaWNyb3NvZnQuTmV0d29yay9wdWJsaWNJUEFkZHJlc3Nlcy9hYmM4MjQ/YXBpLXZlcnNpb249MjAxOC0wNC0wMQ==",
      "RequestMethod": "GET",
      "RequestBody": "",
      "RequestHeaders": {
        "User-Agent": [
          "FxVersion/4.6.25815.02",
          "Microsoft.Azure.Management.Network.Fluent.NetworkManagementClient/1.13.0.0",
          "MacAddressHash/cc0dc995bd7689190d87305dca6418746f27065181fa649f43731fb8fc5f1b10"
        ]
      },
      "ResponseHeaders": {
        "Cache-Control": [
          "no-cache"
        ],
        "Date": [
          "Wed, 25 Jul 2018 02:57:38 GMT"
        ],
        "Pragma": [
          "no-cache"
        ],
        "ETag": [
          "W/\"f4b0cdb8-e227-4da6-a626-fd1e439d82bb\""
        ],
        "Server": [
          "Microsoft-HTTPAPI/2.0",
          "Microsoft-HTTPAPI/2.0"
        ],
        "x-ms-request-id": [
          "99accdad-f007-449c-9304-1dca3ba14e49"
        ],
        "x-ms-correlation-request-id": [
          "85b6aeb7-13cc-41e6-bc3a-028c707b9ec8"
        ],
        "Strict-Transport-Security": [
          "max-age=31536000; includeSubDomains"
        ],
        "x-ms-ratelimit-remaining-subscription-reads": [
          "14998"
        ],
        "x-ms-routing-request-id": [
          "WESTUS2:20180725T025739Z:85b6aeb7-13cc-41e6-bc3a-028c707b9ec8"
        ],
        "X-Content-Type-Options": [
          "nosniff"
        ],
        "Content-Length": [
          "753"
        ],
        "Content-Type": [
          "application/json; charset=utf-8"
        ],
        "Expires": [
          "-1"
        ]
      },
      "ResponseBody": "{\r\n  \"name\": \"abc824\",\r\n  \"id\": \"/subscriptions/0b1f6471-1bf0-4dda-aec3-cb9272f09590/resourceGroups/abc824group/providers/Microsoft.Network/publicIPAddresses/abc824\",\r\n  \"etag\": \"W/\\\"f4b0cdb8-e227-4da6-a626-fd1e439d82bb\\\"\",\r\n  \"location\": \"eastus\",\r\n  \"tags\": {},\r\n  \"properties\": {\r\n    \"provisioningState\": \"Succeeded\",\r\n    \"resourceGuid\": \"22db45f5-19e1-447d-9197-b800be8a91ac\",\r\n    \"publicIPAddressVersion\": \"IPv4\",\r\n    \"publicIPAllocationMethod\": \"Dynamic\",\r\n    \"idleTimeoutInMinutes\": 4,\r\n    \"dnsSettings\": {\r\n      \"domainNameLabel\": \"abc824\",\r\n      \"fqdn\": \"abc824.eastus.cloudapp.azure.com\"\r\n    },\r\n    \"ipTags\": []\r\n  },\r\n  \"type\": \"Microsoft.Network/publicIPAddresses\",\r\n  \"sku\": {\r\n    \"name\": \"Basic\",\r\n    \"tier\": \"Regional\"\r\n  }\r\n}",
      "StatusCode": 200
    },
    {
      "RequestUri": "/subscriptions/0b1f6471-1bf0-4dda-aec3-cb9272f09590/resourceGroups/abc824group/providers/Microsoft.Network/publicIPAddresses/abc824?api-version=2018-04-01",
      "EncodedRequestUri": "L3N1YnNjcmlwdGlvbnMvMGIxZjY0NzEtMWJmMC00ZGRhLWFlYzMtY2I5MjcyZjA5NTkwL3Jlc291cmNlR3JvdXBzL2FiYzgyNGdyb3VwL3Byb3ZpZGVycy9NaWNyb3NvZnQuTmV0d29yay9wdWJsaWNJUEFkZHJlc3Nlcy9hYmM4MjQ/YXBpLXZlcnNpb249MjAxOC0wNC0wMQ==",
      "RequestMethod": "GET",
      "RequestBody": "",
      "RequestHeaders": {
        "x-ms-client-request-id": [
          "c5423173-ecc4-4416-8e22-eef2a163670a"
        ],
        "accept-language": [
          "en-US"
        ],
        "User-Agent": [
          "FxVersion/4.6.25815.02",
          "Microsoft.Azure.Management.Network.Fluent.NetworkManagementClient/1.13.0.0",
          "MacAddressHash/cc0dc995bd7689190d87305dca6418746f27065181fa649f43731fb8fc5f1b10"
        ]
      },
      "ResponseHeaders": {
        "Cache-Control": [
          "no-cache"
        ],
        "Date": [
          "Wed, 25 Jul 2018 03:00:54 GMT"
        ],
        "Pragma": [
          "no-cache"
        ],
        "ETag": [
          "W/\"f71b9838-f94f-47ea-a922-eaa27a572530\""
        ],
        "Server": [
          "Microsoft-HTTPAPI/2.0",
          "Microsoft-HTTPAPI/2.0"
        ],
        "x-ms-request-id": [
          "3cc37d2d-9e84-4390-9a1f-f90b4d2953b6"
        ],
        "x-ms-correlation-request-id": [
          "10f7278b-d55e-477a-9d78-94f092b9497d"
        ],
        "Strict-Transport-Security": [
          "max-age=31536000; includeSubDomains"
        ],
        "x-ms-ratelimit-remaining-subscription-reads": [
          "14986"
        ],
        "x-ms-routing-request-id": [
          "WESTUS2:20180725T030054Z:10f7278b-d55e-477a-9d78-94f092b9497d"
        ],
        "X-Content-Type-Options": [
          "nosniff"
        ],
        "Content-Length": [
          "1007"
        ],
        "Content-Type": [
          "application/json; charset=utf-8"
        ],
        "Expires": [
          "-1"
        ]
      },
      "ResponseBody": "{\r\n  \"name\": \"abc824\",\r\n  \"id\": \"/subscriptions/0b1f6471-1bf0-4dda-aec3-cb9272f09590/resourceGroups/abc824group/providers/Microsoft.Network/publicIPAddresses/abc824\",\r\n  \"etag\": \"W/\\\"f71b9838-f94f-47ea-a922-eaa27a572530\\\"\",\r\n  \"location\": \"eastus\",\r\n  \"tags\": {},\r\n  \"properties\": {\r\n    \"provisioningState\": \"Succeeded\",\r\n    \"resourceGuid\": \"22db45f5-19e1-447d-9197-b800be8a91ac\",\r\n    \"ipAddress\": \"137.117.84.155\",\r\n    \"publicIPAddressVersion\": \"IPv4\",\r\n    \"publicIPAllocationMethod\": \"Dynamic\",\r\n    \"idleTimeoutInMinutes\": 4,\r\n    \"dnsSettings\": {\r\n      \"domainNameLabel\": \"abc824\",\r\n      \"fqdn\": \"abc824.eastus.cloudapp.azure.com\"\r\n    },\r\n    \"ipTags\": [],\r\n    \"ipConfiguration\": {\r\n      \"id\": \"/subscriptions/0b1f6471-1bf0-4dda-aec3-cb9272f09590/resourceGroups/abc824group/providers/Microsoft.Network/networkInterfaces/nicvm43829a304222a/ipConfigurations/primary\"\r\n    }\r\n  },\r\n  \"type\": \"Microsoft.Network/publicIPAddresses\",\r\n  \"sku\": {\r\n    \"name\": \"Basic\",\r\n    \"tier\": \"Regional\"\r\n  }\r\n}",
      "StatusCode": 200
    },
    {
      "RequestUri": "/subscriptions/0b1f6471-1bf0-4dda-aec3-cb9272f09590/resourceGroups/abc824group/providers/Microsoft.Network/virtualNetworks/vnetdd5577334f80?api-version=2018-04-01",
      "EncodedRequestUri": "L3N1YnNjcmlwdGlvbnMvMGIxZjY0NzEtMWJmMC00ZGRhLWFlYzMtY2I5MjcyZjA5NTkwL3Jlc291cmNlR3JvdXBzL2FiYzgyNGdyb3VwL3Byb3ZpZGVycy9NaWNyb3NvZnQuTmV0d29yay92aXJ0dWFsTmV0d29ya3Mvdm5ldGRkNTU3NzMzNGY4MD9hcGktdmVyc2lvbj0yMDE4LTA0LTAx",
      "RequestMethod": "PUT",
      "RequestBody": "{\r\n  \"properties\": {\r\n    \"addressSpace\": {\r\n      \"addressPrefixes\": [\r\n        \"10.0.0.0/28\"\r\n      ]\r\n    },\r\n    \"dhcpOptions\": {\r\n      \"dnsServers\": []\r\n    },\r\n    \"subnets\": [\r\n      {\r\n        \"properties\": {\r\n          \"addressPrefix\": \"10.0.0.0/28\"\r\n        },\r\n        \"name\": \"subnet1\"\r\n      }\r\n    ]\r\n  },\r\n  \"location\": \"eastus\",\r\n  \"tags\": {}\r\n}",
      "RequestHeaders": {
        "x-ms-client-request-id": [
          "91e9ceb0-a812-455e-9b9e-e32d928f3f05"
        ],
        "accept-language": [
          "en-US"
        ],
        "User-Agent": [
          "FxVersion/4.6.25815.02",
          "Microsoft.Azure.Management.Network.Fluent.NetworkManagementClient/1.13.0.0",
          "MacAddressHash/cc0dc995bd7689190d87305dca6418746f27065181fa649f43731fb8fc5f1b10"
        ],
        "Content-Type": [
          "application/json; charset=utf-8"
        ],
        "Content-Length": [
          "362"
        ]
      },
      "ResponseHeaders": {
        "Cache-Control": [
          "no-cache"
        ],
        "Date": [
          "Wed, 25 Jul 2018 02:57:40 GMT"
        ],
        "Pragma": [
          "no-cache"
        ],
        "Retry-After": [
          "3"
        ],
        "Server": [
          "Microsoft-HTTPAPI/2.0",
          "Microsoft-HTTPAPI/2.0"
        ],
        "x-ms-request-id": [
          "f6400dd1-a89f-4384-8412-dc33029bbbbc"
        ],
        "Azure-AsyncOperation": [
          "https://management.azure.com/subscriptions/0b1f6471-1bf0-4dda-aec3-cb9272f09590/providers/Microsoft.Network/locations/eastus/operations/f6400dd1-a89f-4384-8412-dc33029bbbbc?api-version=2018-04-01"
        ],
        "x-ms-correlation-request-id": [
          "ed0f7863-0e7e-4837-b4c9-3dd53ab498fc"
        ],
        "Strict-Transport-Security": [
          "max-age=31536000; includeSubDomains"
        ],
        "x-ms-ratelimit-remaining-subscription-writes": [
          "1197"
        ],
        "x-ms-routing-request-id": [
          "WESTUS2:20180725T025741Z:ed0f7863-0e7e-4837-b4c9-3dd53ab498fc"
        ],
        "X-Content-Type-Options": [
          "nosniff"
        ],
        "Content-Length": [
          "1165"
        ],
        "Content-Type": [
          "application/json; charset=utf-8"
        ],
        "Expires": [
          "-1"
        ]
      },
      "ResponseBody": "{\r\n  \"name\": \"vnetdd5577334f80\",\r\n  \"id\": \"/subscriptions/0b1f6471-1bf0-4dda-aec3-cb9272f09590/resourceGroups/abc824group/providers/Microsoft.Network/virtualNetworks/vnetdd5577334f80\",\r\n  \"etag\": \"W/\\\"35324ec7-f5a2-4844-b222-07f9eac32f86\\\"\",\r\n  \"type\": \"Microsoft.Network/virtualNetworks\",\r\n  \"location\": \"eastus\",\r\n  \"tags\": {},\r\n  \"properties\": {\r\n    \"provisioningState\": \"Updating\",\r\n    \"resourceGuid\": \"c083f2e4-4806-4907-9130-10ca0a06d842\",\r\n    \"addressSpace\": {\r\n      \"addressPrefixes\": [\r\n        \"10.0.0.0/28\"\r\n      ]\r\n    },\r\n    \"dhcpOptions\": {\r\n      \"dnsServers\": []\r\n    },\r\n    \"subnets\": [\r\n      {\r\n        \"name\": \"subnet1\",\r\n        \"id\": \"/subscriptions/0b1f6471-1bf0-4dda-aec3-cb9272f09590/resourceGroups/abc824group/providers/Microsoft.Network/virtualNetworks/vnetdd5577334f80/subnets/subnet1\",\r\n        \"etag\": \"W/\\\"35324ec7-f5a2-4844-b222-07f9eac32f86\\\"\",\r\n        \"properties\": {\r\n          \"provisioningState\": \"Updating\",\r\n          \"addressPrefix\": \"10.0.0.0/28\",\r\n          \"delegations\": []\r\n        }\r\n      }\r\n    ],\r\n    \"virtualNetworkPeerings\": [],\r\n    \"enableDdosProtection\": false,\r\n    \"enableVmProtection\": false\r\n  }\r\n}",
      "StatusCode": 201
    },
    {
      "RequestUri": "/subscriptions/0b1f6471-1bf0-4dda-aec3-cb9272f09590/providers/Microsoft.Network/locations/eastus/operations/f6400dd1-a89f-4384-8412-dc33029bbbbc?api-version=2018-04-01",
      "EncodedRequestUri": "L3N1YnNjcmlwdGlvbnMvMGIxZjY0NzEtMWJmMC00ZGRhLWFlYzMtY2I5MjcyZjA5NTkwL3Byb3ZpZGVycy9NaWNyb3NvZnQuTmV0d29yay9sb2NhdGlvbnMvZWFzdHVzL29wZXJhdGlvbnMvZjY0MDBkZDEtYTg5Zi00Mzg0LTg0MTItZGMzMzAyOWJiYmJjP2FwaS12ZXJzaW9uPTIwMTgtMDQtMDE=",
      "RequestMethod": "GET",
      "RequestBody": "",
      "RequestHeaders": {
        "User-Agent": [
          "FxVersion/4.6.25815.02",
          "Microsoft.Azure.Management.Network.Fluent.NetworkManagementClient/1.13.0.0",
          "MacAddressHash/cc0dc995bd7689190d87305dca6418746f27065181fa649f43731fb8fc5f1b10"
        ]
      },
      "ResponseHeaders": {
        "Cache-Control": [
          "no-cache"
        ],
        "Date": [
          "Wed, 25 Jul 2018 02:57:51 GMT"
        ],
        "Pragma": [
          "no-cache"
        ],
        "Server": [
          "Microsoft-HTTPAPI/2.0",
          "Microsoft-HTTPAPI/2.0"
        ],
        "x-ms-request-id": [
          "2bbfcaab-9827-4489-8408-9700e58d5b29"
        ],
        "x-ms-correlation-request-id": [
          "b9c9383a-e92e-4fc2-80e1-b946b1aff9d7"
        ],
        "Strict-Transport-Security": [
          "max-age=31536000; includeSubDomains"
        ],
        "x-ms-ratelimit-remaining-subscription-reads": [
          "14997"
        ],
        "x-ms-routing-request-id": [
          "WESTUS2:20180725T025751Z:b9c9383a-e92e-4fc2-80e1-b946b1aff9d7"
        ],
        "X-Content-Type-Options": [
          "nosniff"
        ],
        "Content-Length": [
          "29"
        ],
        "Content-Type": [
          "application/json; charset=utf-8"
        ],
        "Expires": [
          "-1"
        ]
      },
      "ResponseBody": "{\r\n  \"status\": \"Succeeded\"\r\n}",
      "StatusCode": 200
    },
    {
      "RequestUri": "/subscriptions/0b1f6471-1bf0-4dda-aec3-cb9272f09590/resourceGroups/abc824group/providers/Microsoft.Network/virtualNetworks/vnetdd5577334f80?api-version=2018-04-01",
      "EncodedRequestUri": "L3N1YnNjcmlwdGlvbnMvMGIxZjY0NzEtMWJmMC00ZGRhLWFlYzMtY2I5MjcyZjA5NTkwL3Jlc291cmNlR3JvdXBzL2FiYzgyNGdyb3VwL3Byb3ZpZGVycy9NaWNyb3NvZnQuTmV0d29yay92aXJ0dWFsTmV0d29ya3Mvdm5ldGRkNTU3NzMzNGY4MD9hcGktdmVyc2lvbj0yMDE4LTA0LTAx",
      "RequestMethod": "GET",
      "RequestBody": "",
      "RequestHeaders": {
        "User-Agent": [
          "FxVersion/4.6.25815.02",
          "Microsoft.Azure.Management.Network.Fluent.NetworkManagementClient/1.13.0.0",
          "MacAddressHash/cc0dc995bd7689190d87305dca6418746f27065181fa649f43731fb8fc5f1b10"
        ]
      },
      "ResponseHeaders": {
        "Cache-Control": [
          "no-cache"
        ],
        "Date": [
          "Wed, 25 Jul 2018 02:57:51 GMT"
        ],
        "Pragma": [
          "no-cache"
        ],
        "ETag": [
          "W/\"bae3a68a-4824-4b43-9a7f-fbc3ee0dafc0\""
        ],
        "Server": [
          "Microsoft-HTTPAPI/2.0",
          "Microsoft-HTTPAPI/2.0"
        ],
        "x-ms-request-id": [
          "bf0fe070-b057-4f64-b801-5347f626f8fc"
        ],
        "x-ms-correlation-request-id": [
          "3c59d767-2a1b-422a-8368-1a9d4c78efbb"
        ],
        "Strict-Transport-Security": [
          "max-age=31536000; includeSubDomains"
        ],
        "x-ms-ratelimit-remaining-subscription-reads": [
          "14996"
        ],
        "x-ms-routing-request-id": [
          "WESTUS2:20180725T025751Z:3c59d767-2a1b-422a-8368-1a9d4c78efbb"
        ],
        "X-Content-Type-Options": [
          "nosniff"
        ],
        "Content-Length": [
          "1167"
        ],
        "Content-Type": [
          "application/json; charset=utf-8"
        ],
        "Expires": [
          "-1"
        ]
      },
      "ResponseBody": "{\r\n  \"name\": \"vnetdd5577334f80\",\r\n  \"id\": \"/subscriptions/0b1f6471-1bf0-4dda-aec3-cb9272f09590/resourceGroups/abc824group/providers/Microsoft.Network/virtualNetworks/vnetdd5577334f80\",\r\n  \"etag\": \"W/\\\"bae3a68a-4824-4b43-9a7f-fbc3ee0dafc0\\\"\",\r\n  \"type\": \"Microsoft.Network/virtualNetworks\",\r\n  \"location\": \"eastus\",\r\n  \"tags\": {},\r\n  \"properties\": {\r\n    \"provisioningState\": \"Succeeded\",\r\n    \"resourceGuid\": \"c083f2e4-4806-4907-9130-10ca0a06d842\",\r\n    \"addressSpace\": {\r\n      \"addressPrefixes\": [\r\n        \"10.0.0.0/28\"\r\n      ]\r\n    },\r\n    \"dhcpOptions\": {\r\n      \"dnsServers\": []\r\n    },\r\n    \"subnets\": [\r\n      {\r\n        \"name\": \"subnet1\",\r\n        \"id\": \"/subscriptions/0b1f6471-1bf0-4dda-aec3-cb9272f09590/resourceGroups/abc824group/providers/Microsoft.Network/virtualNetworks/vnetdd5577334f80/subnets/subnet1\",\r\n        \"etag\": \"W/\\\"bae3a68a-4824-4b43-9a7f-fbc3ee0dafc0\\\"\",\r\n        \"properties\": {\r\n          \"provisioningState\": \"Succeeded\",\r\n          \"addressPrefix\": \"10.0.0.0/28\",\r\n          \"delegations\": []\r\n        }\r\n      }\r\n    ],\r\n    \"virtualNetworkPeerings\": [],\r\n    \"enableDdosProtection\": false,\r\n    \"enableVmProtection\": false\r\n  }\r\n}",
      "StatusCode": 200
    },
    {
      "RequestUri": "/subscriptions/0b1f6471-1bf0-4dda-aec3-cb9272f09590/resourceGroups/abc824group/providers/Microsoft.Network/networkInterfaces/nicvm43829a304222a?api-version=2018-04-01",
      "EncodedRequestUri": "L3N1YnNjcmlwdGlvbnMvMGIxZjY0NzEtMWJmMC00ZGRhLWFlYzMtY2I5MjcyZjA5NTkwL3Jlc291cmNlR3JvdXBzL2FiYzgyNGdyb3VwL3Byb3ZpZGVycy9NaWNyb3NvZnQuTmV0d29yay9uZXR3b3JrSW50ZXJmYWNlcy9uaWN2bTQzODI5YTMwNDIyMmE/YXBpLXZlcnNpb249MjAxOC0wNC0wMQ==",
      "RequestMethod": "PUT",
      "RequestBody": "{\r\n  \"properties\": {\r\n    \"ipConfigurations\": [\r\n      {\r\n        \"properties\": {\r\n          \"privateIPAllocationMethod\": \"Dynamic\",\r\n          \"subnet\": {\r\n            \"id\": \"/subscriptions/0b1f6471-1bf0-4dda-aec3-cb9272f09590/resourceGroups/abc824group/providers/Microsoft.Network/virtualNetworks/vnetdd5577334f80/subnets/subnet1\"\r\n          },\r\n          \"primary\": true,\r\n          \"publicIPAddress\": {\r\n            \"id\": \"/subscriptions/0b1f6471-1bf0-4dda-aec3-cb9272f09590/resourceGroups/abc824group/providers/Microsoft.Network/publicIPAddresses/abc824\"\r\n          }\r\n        },\r\n        \"name\": \"primary\"\r\n      }\r\n    ],\r\n    \"dnsSettings\": {}\r\n  },\r\n  \"location\": \"eastus\",\r\n  \"tags\": {}\r\n}",
      "RequestHeaders": {
        "x-ms-client-request-id": [
          "186c8b2b-a54a-4e79-8ea5-429fc170f852"
        ],
        "accept-language": [
          "en-US"
        ],
        "User-Agent": [
          "FxVersion/4.6.25815.02",
          "Microsoft.Azure.Management.Network.Fluent.NetworkManagementClient/1.13.0.0",
          "MacAddressHash/cc0dc995bd7689190d87305dca6418746f27065181fa649f43731fb8fc5f1b10"
        ],
        "Content-Type": [
          "application/json; charset=utf-8"
        ],
        "Content-Length": [
          "699"
        ]
      },
      "ResponseHeaders": {
        "Cache-Control": [
          "no-cache"
        ],
        "Date": [
          "Wed, 25 Jul 2018 02:57:52 GMT"
        ],
        "Pragma": [
          "no-cache"
        ],
        "Server": [
          "Microsoft-HTTPAPI/2.0",
          "Microsoft-HTTPAPI/2.0"
        ],
        "x-ms-request-id": [
          "fee33003-5b1f-4e4d-9359-6a648e96a58d"
        ],
        "Azure-AsyncOperation": [
          "https://management.azure.com/subscriptions/0b1f6471-1bf0-4dda-aec3-cb9272f09590/providers/Microsoft.Network/locations/eastus/operations/fee33003-5b1f-4e4d-9359-6a648e96a58d?api-version=2018-04-01"
        ],
        "x-ms-correlation-request-id": [
          "0acb70e2-604d-406e-b06b-e0dcc5e48d7e"
        ],
        "Strict-Transport-Security": [
          "max-age=31536000; includeSubDomains"
        ],
        "x-ms-ratelimit-remaining-subscription-writes": [
          "1196"
        ],
        "x-ms-routing-request-id": [
          "WESTUS2:20180725T025752Z:0acb70e2-604d-406e-b06b-e0dcc5e48d7e"
        ],
        "X-Content-Type-Options": [
          "nosniff"
        ],
        "Content-Length": [
          "1832"
        ],
        "Content-Type": [
          "application/json; charset=utf-8"
        ],
        "Expires": [
          "-1"
        ]
      },
      "ResponseBody": "{\r\n  \"name\": \"nicvm43829a304222a\",\r\n  \"id\": \"/subscriptions/0b1f6471-1bf0-4dda-aec3-cb9272f09590/resourceGroups/abc824group/providers/Microsoft.Network/networkInterfaces/nicvm43829a304222a\",\r\n  \"etag\": \"W/\\\"805ce975-a5e0-4e74-94f8-c76c2c419da7\\\"\",\r\n  \"location\": \"eastus\",\r\n  \"tags\": {},\r\n  \"properties\": {\r\n    \"provisioningState\": \"Succeeded\",\r\n    \"resourceGuid\": \"54426b0f-0089-4689-b011-f5408ce5b740\",\r\n    \"ipConfigurations\": [\r\n      {\r\n        \"name\": \"primary\",\r\n        \"id\": \"/subscriptions/0b1f6471-1bf0-4dda-aec3-cb9272f09590/resourceGroups/abc824group/providers/Microsoft.Network/networkInterfaces/nicvm43829a304222a/ipConfigurations/primary\",\r\n        \"etag\": \"W/\\\"805ce975-a5e0-4e74-94f8-c76c2c419da7\\\"\",\r\n        \"properties\": {\r\n          \"provisioningState\": \"Succeeded\",\r\n          \"privateIPAddress\": \"10.0.0.4\",\r\n          \"privateIPAllocationMethod\": \"Dynamic\",\r\n          \"publicIPAddress\": {\r\n            \"id\": \"/subscriptions/0b1f6471-1bf0-4dda-aec3-cb9272f09590/resourceGroups/abc824group/providers/Microsoft.Network/publicIPAddresses/abc824\"\r\n          },\r\n          \"subnet\": {\r\n            \"id\": \"/subscriptions/0b1f6471-1bf0-4dda-aec3-cb9272f09590/resourceGroups/abc824group/providers/Microsoft.Network/virtualNetworks/vnetdd5577334f80/subnets/subnet1\"\r\n          },\r\n          \"primary\": true,\r\n          \"privateIPAddressVersion\": \"IPv4\",\r\n          \"isInUseWithService\": false\r\n        }\r\n      }\r\n    ],\r\n    \"dnsSettings\": {\r\n      \"dnsServers\": [],\r\n      \"appliedDnsServers\": [],\r\n      \"internalDomainNameSuffix\": \"2tzihqagjadutejqcdfaubwyic.bx.internal.cloudapp.net\"\r\n    },\r\n    \"enableAcceleratedNetworking\": false,\r\n    \"enableIPForwarding\": false,\r\n    \"services\": null,\r\n    \"virtualNetworkTapProvisioningState\": \"NotProvisioned\"\r\n  },\r\n  \"type\": \"Microsoft.Network/networkInterfaces\"\r\n}",
      "StatusCode": 201
    },
    {
      "RequestUri": "/subscriptions/0b1f6471-1bf0-4dda-aec3-cb9272f09590/resourceGroups/abc824group/providers/Microsoft.Network/networkInterfaces/nicvm43829a304222a?api-version=2018-04-01",
      "EncodedRequestUri": "L3N1YnNjcmlwdGlvbnMvMGIxZjY0NzEtMWJmMC00ZGRhLWFlYzMtY2I5MjcyZjA5NTkwL3Jlc291cmNlR3JvdXBzL2FiYzgyNGdyb3VwL3Byb3ZpZGVycy9NaWNyb3NvZnQuTmV0d29yay9uZXR3b3JrSW50ZXJmYWNlcy9uaWN2bTQzODI5YTMwNDIyMmE/YXBpLXZlcnNpb249MjAxOC0wNC0wMQ==",
      "RequestMethod": "GET",
      "RequestBody": "",
      "RequestHeaders": {
        "User-Agent": [
          "FxVersion/4.6.25815.02",
          "Microsoft.Azure.Management.Network.Fluent.NetworkManagementClient/1.13.0.0",
          "MacAddressHash/cc0dc995bd7689190d87305dca6418746f27065181fa649f43731fb8fc5f1b10"
        ]
      },
      "ResponseHeaders": {
        "Cache-Control": [
          "no-cache"
        ],
        "Date": [
          "Wed, 25 Jul 2018 02:57:52 GMT"
        ],
        "Pragma": [
          "no-cache"
        ],
        "ETag": [
          "W/\"805ce975-a5e0-4e74-94f8-c76c2c419da7\""
        ],
        "Server": [
          "Microsoft-HTTPAPI/2.0",
          "Microsoft-HTTPAPI/2.0"
        ],
        "x-ms-request-id": [
          "cb321ab8-9a16-4a4e-a793-9aba9300b1f2"
        ],
        "x-ms-correlation-request-id": [
          "004bd820-d4d7-46fe-8629-348feb5b132d"
        ],
        "Strict-Transport-Security": [
          "max-age=31536000; includeSubDomains"
        ],
        "x-ms-ratelimit-remaining-subscription-reads": [
          "14995"
        ],
        "x-ms-routing-request-id": [
          "WESTUS2:20180725T025753Z:004bd820-d4d7-46fe-8629-348feb5b132d"
        ],
        "X-Content-Type-Options": [
          "nosniff"
        ],
        "Content-Length": [
          "1832"
        ],
        "Content-Type": [
          "application/json; charset=utf-8"
        ],
        "Expires": [
          "-1"
        ]
      },
      "ResponseBody": "{\r\n  \"name\": \"nicvm43829a304222a\",\r\n  \"id\": \"/subscriptions/0b1f6471-1bf0-4dda-aec3-cb9272f09590/resourceGroups/abc824group/providers/Microsoft.Network/networkInterfaces/nicvm43829a304222a\",\r\n  \"etag\": \"W/\\\"805ce975-a5e0-4e74-94f8-c76c2c419da7\\\"\",\r\n  \"location\": \"eastus\",\r\n  \"tags\": {},\r\n  \"properties\": {\r\n    \"provisioningState\": \"Succeeded\",\r\n    \"resourceGuid\": \"54426b0f-0089-4689-b011-f5408ce5b740\",\r\n    \"ipConfigurations\": [\r\n      {\r\n        \"name\": \"primary\",\r\n        \"id\": \"/subscriptions/0b1f6471-1bf0-4dda-aec3-cb9272f09590/resourceGroups/abc824group/providers/Microsoft.Network/networkInterfaces/nicvm43829a304222a/ipConfigurations/primary\",\r\n        \"etag\": \"W/\\\"805ce975-a5e0-4e74-94f8-c76c2c419da7\\\"\",\r\n        \"properties\": {\r\n          \"provisioningState\": \"Succeeded\",\r\n          \"privateIPAddress\": \"10.0.0.4\",\r\n          \"privateIPAllocationMethod\": \"Dynamic\",\r\n          \"publicIPAddress\": {\r\n            \"id\": \"/subscriptions/0b1f6471-1bf0-4dda-aec3-cb9272f09590/resourceGroups/abc824group/providers/Microsoft.Network/publicIPAddresses/abc824\"\r\n          },\r\n          \"subnet\": {\r\n            \"id\": \"/subscriptions/0b1f6471-1bf0-4dda-aec3-cb9272f09590/resourceGroups/abc824group/providers/Microsoft.Network/virtualNetworks/vnetdd5577334f80/subnets/subnet1\"\r\n          },\r\n          \"primary\": true,\r\n          \"privateIPAddressVersion\": \"IPv4\",\r\n          \"isInUseWithService\": false\r\n        }\r\n      }\r\n    ],\r\n    \"dnsSettings\": {\r\n      \"dnsServers\": [],\r\n      \"appliedDnsServers\": [],\r\n      \"internalDomainNameSuffix\": \"2tzihqagjadutejqcdfaubwyic.bx.internal.cloudapp.net\"\r\n    },\r\n    \"enableAcceleratedNetworking\": false,\r\n    \"enableIPForwarding\": false,\r\n    \"services\": null,\r\n    \"virtualNetworkTapProvisioningState\": \"NotProvisioned\"\r\n  },\r\n  \"type\": \"Microsoft.Network/networkInterfaces\"\r\n}",
      "StatusCode": 200
    },
    {
      "RequestUri": "/subscriptions/0b1f6471-1bf0-4dda-aec3-cb9272f09590/resourceGroups/abc824group/providers/Microsoft.Storage/storageAccounts/stgvm43829a834103261?api-version=2017-10-01",
      "EncodedRequestUri": "L3N1YnNjcmlwdGlvbnMvMGIxZjY0NzEtMWJmMC00ZGRhLWFlYzMtY2I5MjcyZjA5NTkwL3Jlc291cmNlR3JvdXBzL2FiYzgyNGdyb3VwL3Byb3ZpZGVycy9NaWNyb3NvZnQuU3RvcmFnZS9zdG9yYWdlQWNjb3VudHMvc3Rndm00MzgyOWE4MzQxMDMyNjE/YXBpLXZlcnNpb249MjAxNy0xMC0wMQ==",
      "RequestMethod": "PUT",
      "RequestBody": "{\r\n  \"sku\": {\r\n    \"name\": \"Standard_GRS\"\r\n  },\r\n  \"kind\": \"Storage\",\r\n  \"location\": \"eastus\",\r\n  \"tags\": {}\r\n}",
      "RequestHeaders": {
        "x-ms-client-request-id": [
          "e567160d-46da-4fbf-b05a-4a190573ab38"
        ],
        "accept-language": [
          "en-US"
        ],
        "User-Agent": [
          "FxVersion/4.6.25815.02",
          "Microsoft.Azure.Management.Storage.Fluent.StorageManagementClient/1.13.0.0",
          "MacAddressHash/cc0dc995bd7689190d87305dca6418746f27065181fa649f43731fb8fc5f1b10"
        ],
        "Content-Type": [
          "application/json; charset=utf-8"
        ],
        "Content-Length": [
          "111"
        ]
      },
      "ResponseHeaders": {
        "Cache-Control": [
          "no-cache"
        ],
        "Date": [
          "Wed, 25 Jul 2018 02:57:54 GMT"
        ],
        "Pragma": [
          "no-cache"
        ],
        "Location": [
          "https://management.azure.com/subscriptions/0b1f6471-1bf0-4dda-aec3-cb9272f09590/providers/Microsoft.Storage/locations/eastus/asyncoperations/d8ea6104-c2bc-4626-a714-85a97bbe5815?monitor=true&api-version=2017-10-01"
        ],
        "Retry-After": [
          "17"
        ],
        "Server": [
          "Microsoft-Azure-Storage-Resource-Provider/1.0,Microsoft-HTTPAPI/2.0 Microsoft-HTTPAPI/2.0"
        ],
        "x-ms-request-id": [
          "d8ea6104-c2bc-4626-a714-85a97bbe5815"
        ],
        "Strict-Transport-Security": [
          "max-age=31536000; includeSubDomains"
        ],
        "x-ms-ratelimit-remaining-subscription-writes": [
          "1195"
        ],
        "x-ms-correlation-request-id": [
          "7609afe2-55c7-47f9-8b65-bf4dac5a439d"
        ],
        "x-ms-routing-request-id": [
          "WESTUS2:20180725T025754Z:7609afe2-55c7-47f9-8b65-bf4dac5a439d"
        ],
        "X-Content-Type-Options": [
          "nosniff"
        ],
        "Content-Length": [
          "0"
        ],
        "Content-Type": [
          "text/plain; charset=utf-8"
        ],
        "Expires": [
          "-1"
        ]
      },
      "ResponseBody": "",
      "StatusCode": 202
    },
    {
      "RequestUri": "/subscriptions/0b1f6471-1bf0-4dda-aec3-cb9272f09590/providers/Microsoft.Storage/locations/eastus/asyncoperations/d8ea6104-c2bc-4626-a714-85a97bbe5815?monitor=true&api-version=2017-10-01",
      "EncodedRequestUri": "L3N1YnNjcmlwdGlvbnMvMGIxZjY0NzEtMWJmMC00ZGRhLWFlYzMtY2I5MjcyZjA5NTkwL3Byb3ZpZGVycy9NaWNyb3NvZnQuU3RvcmFnZS9sb2NhdGlvbnMvZWFzdHVzL2FzeW5jb3BlcmF0aW9ucy9kOGVhNjEwNC1jMmJjLTQ2MjYtYTcxNC04NWE5N2JiZTU4MTU/bW9uaXRvcj10cnVlJmFwaS12ZXJzaW9uPTIwMTctMTAtMDE=",
      "RequestMethod": "GET",
      "RequestBody": "",
      "RequestHeaders": {
        "User-Agent": [
          "FxVersion/4.6.25815.02",
          "Microsoft.Azure.Management.Storage.Fluent.StorageManagementClient/1.13.0.0",
          "MacAddressHash/cc0dc995bd7689190d87305dca6418746f27065181fa649f43731fb8fc5f1b10"
        ]
      },
      "ResponseHeaders": {
        "Cache-Control": [
          "no-cache"
        ],
        "Date": [
          "Wed, 25 Jul 2018 02:58:11 GMT"
        ],
        "Pragma": [
          "no-cache"
        ],
        "Server": [
          "Microsoft-Azure-Storage-Resource-Provider/1.0,Microsoft-HTTPAPI/2.0 Microsoft-HTTPAPI/2.0"
        ],
        "x-ms-request-id": [
          "20a0d1ec-829e-4098-9248-bfd52d1fa208"
        ],
        "Strict-Transport-Security": [
          "max-age=31536000; includeSubDomains"
        ],
        "x-ms-ratelimit-remaining-subscription-reads": [
          "14994"
        ],
        "x-ms-correlation-request-id": [
          "c8984276-4e37-42e3-a204-bb4111c30a3c"
        ],
        "x-ms-routing-request-id": [
          "WESTUS2:20180725T025811Z:c8984276-4e37-42e3-a204-bb4111c30a3c"
        ],
        "X-Content-Type-Options": [
          "nosniff"
        ],
        "Content-Length": [
          "1204"
        ],
        "Content-Type": [
          "application/json"
        ],
        "Expires": [
          "-1"
        ]
      },
      "ResponseBody": "{\r\n  \"sku\": {\r\n    \"name\": \"Standard_GRS\",\r\n    \"tier\": \"Standard\"\r\n  },\r\n  \"kind\": \"Storage\",\r\n  \"id\": \"/subscriptions/0b1f6471-1bf0-4dda-aec3-cb9272f09590/resourceGroups/abc824group/providers/Microsoft.Storage/storageAccounts/stgvm43829a834103261\",\r\n  \"name\": \"stgvm43829a834103261\",\r\n  \"type\": \"Microsoft.Storage/storageAccounts\",\r\n  \"location\": \"eastus\",\r\n  \"tags\": {},\r\n  \"properties\": {\r\n    \"networkAcls\": {\r\n      \"bypass\": \"AzureServices\",\r\n      \"virtualNetworkRules\": [],\r\n      \"ipRules\": [],\r\n      \"defaultAction\": \"Allow\"\r\n    },\r\n    \"trustedDirectories\": [\r\n      \"54826b22-38d6-4fb2-bad9-b7b93a3e9c5a\"\r\n    ],\r\n    \"supportsHttpsTrafficOnly\": false,\r\n    \"encryption\": {\r\n      \"services\": {\r\n        \"file\": {\r\n          \"enabled\": true,\r\n          \"lastEnabledTime\": \"2018-07-25T02:57:54.4293294Z\"\r\n        },\r\n        \"blob\": {\r\n          \"enabled\": true,\r\n          \"lastEnabledTime\": \"2018-07-25T02:57:54.4293294Z\"\r\n        }\r\n      },\r\n      \"keySource\": \"Microsoft.Storage\"\r\n    },\r\n    \"provisioningState\": \"Succeeded\",\r\n    \"creationTime\": \"2018-07-25T02:57:54.2574576Z\",\r\n    \"primaryEndpoints\": {\r\n      \"blob\": \"https://stgvm43829a834103261.blob.core.windows.net/\",\r\n      \"queue\": \"https://stgvm43829a834103261.queue.core.windows.net/\",\r\n      \"table\": \"https://stgvm43829a834103261.table.core.windows.net/\",\r\n      \"file\": \"https://stgvm43829a834103261.file.core.windows.net/\"\r\n    },\r\n    \"primaryLocation\": \"eastus\",\r\n    \"statusOfPrimary\": \"available\",\r\n    \"secondaryLocation\": \"westus\",\r\n    \"statusOfSecondary\": \"available\"\r\n  }\r\n}",
      "StatusCode": 200
    },
    {
      "RequestUri": "/subscriptions/0b1f6471-1bf0-4dda-aec3-cb9272f09590/resourceGroups/abc824group/providers/Microsoft.Storage/storageAccounts/stgvm43829a834103261?api-version=2017-10-01",
      "EncodedRequestUri": "L3N1YnNjcmlwdGlvbnMvMGIxZjY0NzEtMWJmMC00ZGRhLWFlYzMtY2I5MjcyZjA5NTkwL3Jlc291cmNlR3JvdXBzL2FiYzgyNGdyb3VwL3Byb3ZpZGVycy9NaWNyb3NvZnQuU3RvcmFnZS9zdG9yYWdlQWNjb3VudHMvc3Rndm00MzgyOWE4MzQxMDMyNjE/YXBpLXZlcnNpb249MjAxNy0xMC0wMQ==",
      "RequestMethod": "GET",
      "RequestBody": "",
      "RequestHeaders": {
        "x-ms-client-request-id": [
          "8bd640dd-2be9-4471-beac-901e7937ba52"
        ],
        "accept-language": [
          "en-US"
        ],
        "User-Agent": [
          "FxVersion/4.6.25815.02",
          "Microsoft.Azure.Management.Storage.Fluent.StorageManagementClient/1.13.0.0",
          "MacAddressHash/cc0dc995bd7689190d87305dca6418746f27065181fa649f43731fb8fc5f1b10"
        ]
      },
      "ResponseHeaders": {
        "Cache-Control": [
          "no-cache"
        ],
        "Date": [
          "Wed, 25 Jul 2018 02:58:11 GMT"
        ],
        "Pragma": [
          "no-cache"
        ],
        "Server": [
          "Microsoft-Azure-Storage-Resource-Provider/1.0,Microsoft-HTTPAPI/2.0 Microsoft-HTTPAPI/2.0"
        ],
        "x-ms-request-id": [
          "542575f0-1238-4cc8-b34a-bbb798e00e40"
        ],
        "Strict-Transport-Security": [
          "max-age=31536000; includeSubDomains"
        ],
        "x-ms-ratelimit-remaining-subscription-reads": [
          "14993"
        ],
        "x-ms-correlation-request-id": [
          "f910790f-62e1-40a8-80cc-dd2d99d6f978"
        ],
        "x-ms-routing-request-id": [
          "WESTUS2:20180725T025812Z:f910790f-62e1-40a8-80cc-dd2d99d6f978"
        ],
        "X-Content-Type-Options": [
          "nosniff"
        ],
        "Content-Length": [
          "1204"
        ],
        "Content-Type": [
          "application/json"
        ],
        "Expires": [
          "-1"
        ]
      },
      "ResponseBody": "{\r\n  \"sku\": {\r\n    \"name\": \"Standard_GRS\",\r\n    \"tier\": \"Standard\"\r\n  },\r\n  \"kind\": \"Storage\",\r\n  \"id\": \"/subscriptions/0b1f6471-1bf0-4dda-aec3-cb9272f09590/resourceGroups/abc824group/providers/Microsoft.Storage/storageAccounts/stgvm43829a834103261\",\r\n  \"name\": \"stgvm43829a834103261\",\r\n  \"type\": \"Microsoft.Storage/storageAccounts\",\r\n  \"location\": \"eastus\",\r\n  \"tags\": {},\r\n  \"properties\": {\r\n    \"networkAcls\": {\r\n      \"bypass\": \"AzureServices\",\r\n      \"virtualNetworkRules\": [],\r\n      \"ipRules\": [],\r\n      \"defaultAction\": \"Allow\"\r\n    },\r\n    \"trustedDirectories\": [\r\n      \"54826b22-38d6-4fb2-bad9-b7b93a3e9c5a\"\r\n    ],\r\n    \"supportsHttpsTrafficOnly\": false,\r\n    \"encryption\": {\r\n      \"services\": {\r\n        \"file\": {\r\n          \"enabled\": true,\r\n          \"lastEnabledTime\": \"2018-07-25T02:57:54.4293294Z\"\r\n        },\r\n        \"blob\": {\r\n          \"enabled\": true,\r\n          \"lastEnabledTime\": \"2018-07-25T02:57:54.4293294Z\"\r\n        }\r\n      },\r\n      \"keySource\": \"Microsoft.Storage\"\r\n    },\r\n    \"provisioningState\": \"Succeeded\",\r\n    \"creationTime\": \"2018-07-25T02:57:54.2574576Z\",\r\n    \"primaryEndpoints\": {\r\n      \"blob\": \"https://stgvm43829a834103261.blob.core.windows.net/\",\r\n      \"queue\": \"https://stgvm43829a834103261.queue.core.windows.net/\",\r\n      \"table\": \"https://stgvm43829a834103261.table.core.windows.net/\",\r\n      \"file\": \"https://stgvm43829a834103261.file.core.windows.net/\"\r\n    },\r\n    \"primaryLocation\": \"eastus\",\r\n    \"statusOfPrimary\": \"available\",\r\n    \"secondaryLocation\": \"westus\",\r\n    \"statusOfSecondary\": \"available\"\r\n  }\r\n}",
      "StatusCode": 200
    },
    {
      "RequestUri": "/subscriptions/0b1f6471-1bf0-4dda-aec3-cb9272f09590/resourceGroups/abc824group/providers/Microsoft.Compute/virtualMachines/vm438?api-version=2018-06-01",
      "EncodedRequestUri": "L3N1YnNjcmlwdGlvbnMvMGIxZjY0NzEtMWJmMC00ZGRhLWFlYzMtY2I5MjcyZjA5NTkwL3Jlc291cmNlR3JvdXBzL2FiYzgyNGdyb3VwL3Byb3ZpZGVycy9NaWNyb3NvZnQuQ29tcHV0ZS92aXJ0dWFsTWFjaGluZXMvdm00Mzg/YXBpLXZlcnNpb249MjAxOC0wNi0wMQ==",
      "RequestMethod": "PUT",
      "RequestBody": "{\r\n  \"properties\": {\r\n    \"hardwareProfile\": {\r\n      \"vmSize\": \"Basic_A0\"\r\n    },\r\n    \"storageProfile\": {\r\n      \"imageReference\": {\r\n        \"publisher\": \"Canonical\",\r\n        \"offer\": \"UbuntuServer\",\r\n        \"sku\": \"16.04.0-LTS\",\r\n        \"version\": \"latest\"\r\n      },\r\n      \"osDisk\": {\r\n        \"name\": \"vm438-os-disk\",\r\n        \"vhd\": {\r\n          \"uri\": \"https://stgvm43829a834103261.blob.core.windows.net/vhds/vm438-os-disk-87089930-481c-470d-933d-5a32a2bd65d8.Vhd\"\r\n        },\r\n        \"caching\": \"ReadWrite\",\r\n        \"createOption\": \"FromImage\"\r\n      },\r\n      \"dataDisks\": []\r\n    },\r\n    \"osProfile\": {\r\n      \"computerName\": \"vm438\",\r\n      \"adminUsername\": \"testuser\",\r\n      \"adminPassword\": \"12NewPA$$w0rd!\",\r\n      \"customData\": \"I2Nsb3VkLWNvbmZpZw0KcGFja2FnZXM6DQogLSBwd2dlbg==\",\r\n      \"linuxConfiguration\": {\r\n        \"disablePasswordAuthentication\": false\r\n      }\r\n    },\r\n    \"networkProfile\": {\r\n      \"networkInterfaces\": [\r\n        {\r\n          \"properties\": {\r\n            \"primary\": true\r\n          },\r\n          \"id\": \"/subscriptions/0b1f6471-1bf0-4dda-aec3-cb9272f09590/resourceGroups/abc824group/providers/Microsoft.Network/networkInterfaces/nicvm43829a304222a\"\r\n        }\r\n      ]\r\n    }\r\n  },\r\n  \"location\": \"eastus\",\r\n  \"tags\": {}\r\n}",
      "RequestHeaders": {
        "x-ms-client-request-id": [
          "64f6b4aa-ce3a-4f4e-9d04-1b7b5ad9b7b4"
        ],
        "accept-language": [
          "en-US"
        ],
        "User-Agent": [
          "FxVersion/4.6.25815.02",
          "Microsoft.Azure.Management.Compute.Fluent.ComputeManagementClient/1.13.0.0",
          "MacAddressHash/cc0dc995bd7689190d87305dca6418746f27065181fa649f43731fb8fc5f1b10"
        ],
        "Content-Type": [
          "application/json; charset=utf-8"
        ],
        "Content-Length": [
          "1271"
        ]
      },
      "ResponseHeaders": {
        "Cache-Control": [
          "no-cache"
        ],
        "Date": [
          "Wed, 25 Jul 2018 02:58:37 GMT"
        ],
        "Pragma": [
          "no-cache"
        ],
        "Retry-After": [
          "10"
        ],
        "Server": [
          "Microsoft-HTTPAPI/2.0",
          "Microsoft-HTTPAPI/2.0"
        ],
        "Azure-AsyncOperation": [
          "https://management.azure.com/subscriptions/0b1f6471-1bf0-4dda-aec3-cb9272f09590/providers/Microsoft.Compute/locations/eastus/operations/203ed706-3e0d-4b37-8650-acd381698c48?api-version=2018-06-01"
        ],
        "x-ms-ratelimit-remaining-resource": [
          "Microsoft.Compute/PutVM3Min;239,Microsoft.Compute/PutVM30Min;1197"
        ],
        "Strict-Transport-Security": [
          "max-age=31536000; includeSubDomains"
        ],
        "x-ms-served-by": [
          "54253b73-cb53-496f-ab42-5e5ee19426f8_131769154116599182"
        ],
        "x-ms-request-id": [
          "203ed706-3e0d-4b37-8650-acd381698c48"
        ],
        "x-ms-ratelimit-remaining-subscription-writes": [
          "1194"
        ],
        "x-ms-correlation-request-id": [
          "46705e71-3105-4e7c-98f1-a0cda7279d94"
        ],
        "x-ms-routing-request-id": [
          "WESTUS2:20180725T025838Z:46705e71-3105-4e7c-98f1-a0cda7279d94"
        ],
        "X-Content-Type-Options": [
          "nosniff"
        ],
        "Content-Length": [
          "1486"
        ],
        "Content-Type": [
          "application/json; charset=utf-8"
        ],
        "Expires": [
          "-1"
        ]
      },
      "ResponseBody": "{\r\n  \"properties\": {\r\n    \"vmId\": \"48be977a-ee38-4bfb-909e-5d7dc4eace7a\",\r\n    \"hardwareProfile\": {\r\n      \"vmSize\": \"Basic_A0\"\r\n    },\r\n    \"storageProfile\": {\r\n      \"imageReference\": {\r\n        \"publisher\": \"Canonical\",\r\n        \"offer\": \"UbuntuServer\",\r\n        \"sku\": \"16.04.0-LTS\",\r\n        \"version\": \"latest\"\r\n      },\r\n      \"osDisk\": {\r\n        \"osType\": \"Linux\",\r\n        \"name\": \"vm438-os-disk\",\r\n        \"createOption\": \"FromImage\",\r\n        \"vhd\": {\r\n          \"uri\": \"https://stgvm43829a834103261.blob.core.windows.net/vhds/vm438-os-disk-87089930-481c-470d-933d-5a32a2bd65d8.Vhd\"\r\n        },\r\n        \"caching\": \"ReadWrite\"\r\n      },\r\n      \"dataDisks\": []\r\n    },\r\n    \"osProfile\": {\r\n      \"computerName\": \"vm438\",\r\n      \"adminUsername\": \"testuser\",\r\n      \"linuxConfiguration\": {\r\n        \"disablePasswordAuthentication\": false,\r\n        \"provisionVMAgent\": true\r\n      },\r\n      \"secrets\": [],\r\n      \"allowExtensionOperations\": true\r\n    },\r\n    \"networkProfile\": {\r\n      \"networkInterfaces\": [\r\n        {\r\n          \"id\": \"/subscriptions/0b1f6471-1bf0-4dda-aec3-cb9272f09590/resourceGroups/abc824group/providers/Microsoft.Network/networkInterfaces/nicvm43829a304222a\",\r\n          \"properties\": {\r\n            \"primary\": true\r\n          }\r\n        }\r\n      ]\r\n    },\r\n    \"provisioningState\": \"Creating\"\r\n  },\r\n  \"type\": \"Microsoft.Compute/virtualMachines\",\r\n  \"location\": \"eastus\",\r\n  \"tags\": {},\r\n  \"id\": \"/subscriptions/0b1f6471-1bf0-4dda-aec3-cb9272f09590/resourceGroups/abc824group/providers/Microsoft.Compute/virtualMachines/vm438\",\r\n  \"name\": \"vm438\"\r\n}",
      "StatusCode": 201
    },
    {
      "RequestUri": "/subscriptions/0b1f6471-1bf0-4dda-aec3-cb9272f09590/providers/Microsoft.Compute/locations/eastus/operations/203ed706-3e0d-4b37-8650-acd381698c48?api-version=2018-06-01",
      "EncodedRequestUri": "L3N1YnNjcmlwdGlvbnMvMGIxZjY0NzEtMWJmMC00ZGRhLWFlYzMtY2I5MjcyZjA5NTkwL3Byb3ZpZGVycy9NaWNyb3NvZnQuQ29tcHV0ZS9sb2NhdGlvbnMvZWFzdHVzL29wZXJhdGlvbnMvMjAzZWQ3MDYtM2UwZC00YjM3LTg2NTAtYWNkMzgxNjk4YzQ4P2FwaS12ZXJzaW9uPTIwMTgtMDYtMDE=",
      "RequestMethod": "GET",
      "RequestBody": "",
      "RequestHeaders": {
        "User-Agent": [
          "FxVersion/4.6.25815.02",
          "Microsoft.Azure.Management.Compute.Fluent.ComputeManagementClient/1.13.0.0",
          "MacAddressHash/cc0dc995bd7689190d87305dca6418746f27065181fa649f43731fb8fc5f1b10"
        ]
      },
      "ResponseHeaders": {
        "Cache-Control": [
          "no-cache"
        ],
        "Date": [
          "Wed, 25 Jul 2018 02:58:47 GMT"
        ],
        "Pragma": [
          "no-cache"
        ],
        "Retry-After": [
          "30"
        ],
        "Server": [
          "Microsoft-HTTPAPI/2.0",
          "Microsoft-HTTPAPI/2.0"
        ],
        "x-ms-ratelimit-remaining-resource": [
          "Microsoft.Compute/GetOperation3Min;14998,Microsoft.Compute/GetOperation30Min;29944"
        ],
        "Strict-Transport-Security": [
          "max-age=31536000; includeSubDomains"
        ],
        "x-ms-served-by": [
          "54253b73-cb53-496f-ab42-5e5ee19426f8_131769154116599182"
        ],
        "x-ms-request-id": [
          "8650311f-363f-4fd8-9bcd-94ffaffda202"
        ],
        "x-ms-ratelimit-remaining-subscription-reads": [
          "14992"
        ],
        "x-ms-correlation-request-id": [
          "4d4b32cb-077d-49dd-a8ac-4d6cddf8b93e"
        ],
        "x-ms-routing-request-id": [
          "WESTUS2:20180725T025848Z:4d4b32cb-077d-49dd-a8ac-4d6cddf8b93e"
        ],
        "X-Content-Type-Options": [
          "nosniff"
        ],
        "Content-Length": [
          "134"
        ],
        "Content-Type": [
          "application/json; charset=utf-8"
        ],
        "Expires": [
          "-1"
        ]
      },
      "ResponseBody": "{\r\n  \"startTime\": \"2018-07-24T19:58:37.4552862-07:00\",\r\n  \"status\": \"InProgress\",\r\n  \"name\": \"203ed706-3e0d-4b37-8650-acd381698c48\"\r\n}",
      "StatusCode": 200
    },
    {
      "RequestUri": "/subscriptions/0b1f6471-1bf0-4dda-aec3-cb9272f09590/providers/Microsoft.Compute/locations/eastus/operations/203ed706-3e0d-4b37-8650-acd381698c48?api-version=2018-06-01",
      "EncodedRequestUri": "L3N1YnNjcmlwdGlvbnMvMGIxZjY0NzEtMWJmMC00ZGRhLWFlYzMtY2I5MjcyZjA5NTkwL3Byb3ZpZGVycy9NaWNyb3NvZnQuQ29tcHV0ZS9sb2NhdGlvbnMvZWFzdHVzL29wZXJhdGlvbnMvMjAzZWQ3MDYtM2UwZC00YjM3LTg2NTAtYWNkMzgxNjk4YzQ4P2FwaS12ZXJzaW9uPTIwMTgtMDYtMDE=",
      "RequestMethod": "GET",
      "RequestBody": "",
      "RequestHeaders": {
        "User-Agent": [
          "FxVersion/4.6.25815.02",
          "Microsoft.Azure.Management.Compute.Fluent.ComputeManagementClient/1.13.0.0",
          "MacAddressHash/cc0dc995bd7689190d87305dca6418746f27065181fa649f43731fb8fc5f1b10"
        ]
      },
      "ResponseHeaders": {
        "Cache-Control": [
          "no-cache"
        ],
        "Date": [
          "Wed, 25 Jul 2018 02:59:17 GMT"
        ],
        "Pragma": [
          "no-cache"
        ],
        "Server": [
          "Microsoft-HTTPAPI/2.0",
          "Microsoft-HTTPAPI/2.0"
        ],
        "x-ms-ratelimit-remaining-resource": [
          "Microsoft.Compute/GetOperation3Min;14996,Microsoft.Compute/GetOperation30Min;29941"
        ],
        "Strict-Transport-Security": [
          "max-age=31536000; includeSubDomains"
        ],
        "x-ms-served-by": [
          "54253b73-cb53-496f-ab42-5e5ee19426f8_131769154116599182"
        ],
        "x-ms-request-id": [
          "26f05b72-0745-406d-8090-ef133744aff5"
        ],
        "x-ms-ratelimit-remaining-subscription-reads": [
          "14991"
        ],
        "x-ms-correlation-request-id": [
          "d7c52037-5302-4d66-ad33-278e46d130be"
        ],
        "x-ms-routing-request-id": [
          "WESTUS2:20180725T025918Z:d7c52037-5302-4d66-ad33-278e46d130be"
        ],
        "X-Content-Type-Options": [
          "nosniff"
        ],
        "Content-Length": [
          "134"
        ],
        "Content-Type": [
          "application/json; charset=utf-8"
        ],
        "Expires": [
          "-1"
        ]
      },
      "ResponseBody": "{\r\n  \"startTime\": \"2018-07-24T19:58:37.4552862-07:00\",\r\n  \"status\": \"InProgress\",\r\n  \"name\": \"203ed706-3e0d-4b37-8650-acd381698c48\"\r\n}",
      "StatusCode": 200
    },
    {
      "RequestUri": "/subscriptions/0b1f6471-1bf0-4dda-aec3-cb9272f09590/providers/Microsoft.Compute/locations/eastus/operations/203ed706-3e0d-4b37-8650-acd381698c48?api-version=2018-06-01",
      "EncodedRequestUri": "L3N1YnNjcmlwdGlvbnMvMGIxZjY0NzEtMWJmMC00ZGRhLWFlYzMtY2I5MjcyZjA5NTkwL3Byb3ZpZGVycy9NaWNyb3NvZnQuQ29tcHV0ZS9sb2NhdGlvbnMvZWFzdHVzL29wZXJhdGlvbnMvMjAzZWQ3MDYtM2UwZC00YjM3LTg2NTAtYWNkMzgxNjk4YzQ4P2FwaS12ZXJzaW9uPTIwMTgtMDYtMDE=",
      "RequestMethod": "GET",
      "RequestBody": "",
      "RequestHeaders": {
        "User-Agent": [
          "FxVersion/4.6.25815.02",
          "Microsoft.Azure.Management.Compute.Fluent.ComputeManagementClient/1.13.0.0",
          "MacAddressHash/cc0dc995bd7689190d87305dca6418746f27065181fa649f43731fb8fc5f1b10"
        ]
      },
      "ResponseHeaders": {
        "Cache-Control": [
          "no-cache"
        ],
        "Date": [
          "Wed, 25 Jul 2018 02:59:51 GMT"
        ],
        "Pragma": [
          "no-cache"
        ],
        "Server": [
          "Microsoft-HTTPAPI/2.0",
          "Microsoft-HTTPAPI/2.0"
        ],
        "x-ms-ratelimit-remaining-resource": [
          "Microsoft.Compute/GetOperation3Min;14993,Microsoft.Compute/GetOperation30Min;29938"
        ],
        "Strict-Transport-Security": [
          "max-age=31536000; includeSubDomains"
        ],
        "x-ms-served-by": [
          "54253b73-cb53-496f-ab42-5e5ee19426f8_131769154116599182"
        ],
        "x-ms-request-id": [
          "8ed0411e-f806-4491-aa23-cb648476d4c7"
        ],
        "x-ms-ratelimit-remaining-subscription-reads": [
          "14990"
        ],
        "x-ms-correlation-request-id": [
          "840815e7-ae62-4bc4-b557-f9936dc71201"
        ],
        "x-ms-routing-request-id": [
          "WESTUS2:20180725T025952Z:840815e7-ae62-4bc4-b557-f9936dc71201"
        ],
        "X-Content-Type-Options": [
          "nosniff"
        ],
        "Content-Length": [
          "134"
        ],
        "Content-Type": [
          "application/json; charset=utf-8"
        ],
        "Expires": [
          "-1"
        ]
      },
      "ResponseBody": "{\r\n  \"startTime\": \"2018-07-24T19:58:37.4552862-07:00\",\r\n  \"status\": \"InProgress\",\r\n  \"name\": \"203ed706-3e0d-4b37-8650-acd381698c48\"\r\n}",
      "StatusCode": 200
    },
    {
      "RequestUri": "/subscriptions/0b1f6471-1bf0-4dda-aec3-cb9272f09590/providers/Microsoft.Compute/locations/eastus/operations/203ed706-3e0d-4b37-8650-acd381698c48?api-version=2018-06-01",
      "EncodedRequestUri": "L3N1YnNjcmlwdGlvbnMvMGIxZjY0NzEtMWJmMC00ZGRhLWFlYzMtY2I5MjcyZjA5NTkwL3Byb3ZpZGVycy9NaWNyb3NvZnQuQ29tcHV0ZS9sb2NhdGlvbnMvZWFzdHVzL29wZXJhdGlvbnMvMjAzZWQ3MDYtM2UwZC00YjM3LTg2NTAtYWNkMzgxNjk4YzQ4P2FwaS12ZXJzaW9uPTIwMTgtMDYtMDE=",
      "RequestMethod": "GET",
      "RequestBody": "",
      "RequestHeaders": {
        "User-Agent": [
          "FxVersion/4.6.25815.02",
          "Microsoft.Azure.Management.Compute.Fluent.ComputeManagementClient/1.13.0.0",
          "MacAddressHash/cc0dc995bd7689190d87305dca6418746f27065181fa649f43731fb8fc5f1b10"
        ]
      },
      "ResponseHeaders": {
        "Cache-Control": [
          "no-cache"
        ],
        "Date": [
          "Wed, 25 Jul 2018 03:00:23 GMT"
        ],
        "Pragma": [
          "no-cache"
        ],
        "Server": [
          "Microsoft-HTTPAPI/2.0",
          "Microsoft-HTTPAPI/2.0"
        ],
        "x-ms-ratelimit-remaining-resource": [
          "Microsoft.Compute/GetOperation3Min;14990,Microsoft.Compute/GetOperation30Min;29935"
        ],
        "Strict-Transport-Security": [
          "max-age=31536000; includeSubDomains"
        ],
        "x-ms-served-by": [
          "54253b73-cb53-496f-ab42-5e5ee19426f8_131769154116599182"
        ],
        "x-ms-request-id": [
          "e10acd31-7918-4f4e-bd41-0213eff09a1b"
        ],
        "x-ms-ratelimit-remaining-subscription-reads": [
          "14989"
        ],
        "x-ms-correlation-request-id": [
          "0ce9b836-c998-4515-8b62-7671801f3bb7"
        ],
        "x-ms-routing-request-id": [
          "WESTUS2:20180725T030023Z:0ce9b836-c998-4515-8b62-7671801f3bb7"
        ],
        "X-Content-Type-Options": [
          "nosniff"
        ],
        "Content-Length": [
          "134"
        ],
        "Content-Type": [
          "application/json; charset=utf-8"
        ],
        "Expires": [
          "-1"
        ]
      },
      "ResponseBody": "{\r\n  \"startTime\": \"2018-07-24T19:58:37.4552862-07:00\",\r\n  \"status\": \"InProgress\",\r\n  \"name\": \"203ed706-3e0d-4b37-8650-acd381698c48\"\r\n}",
      "StatusCode": 200
    },
    {
      "RequestUri": "/subscriptions/0b1f6471-1bf0-4dda-aec3-cb9272f09590/providers/Microsoft.Compute/locations/eastus/operations/203ed706-3e0d-4b37-8650-acd381698c48?api-version=2018-06-01",
      "EncodedRequestUri": "L3N1YnNjcmlwdGlvbnMvMGIxZjY0NzEtMWJmMC00ZGRhLWFlYzMtY2I5MjcyZjA5NTkwL3Byb3ZpZGVycy9NaWNyb3NvZnQuQ29tcHV0ZS9sb2NhdGlvbnMvZWFzdHVzL29wZXJhdGlvbnMvMjAzZWQ3MDYtM2UwZC00YjM3LTg2NTAtYWNkMzgxNjk4YzQ4P2FwaS12ZXJzaW9uPTIwMTgtMDYtMDE=",
      "RequestMethod": "GET",
      "RequestBody": "",
      "RequestHeaders": {
        "User-Agent": [
          "FxVersion/4.6.25815.02",
          "Microsoft.Azure.Management.Compute.Fluent.ComputeManagementClient/1.13.0.0",
          "MacAddressHash/cc0dc995bd7689190d87305dca6418746f27065181fa649f43731fb8fc5f1b10"
        ]
      },
      "ResponseHeaders": {
        "Cache-Control": [
          "no-cache"
        ],
        "Date": [
          "Wed, 25 Jul 2018 03:00:53 GMT"
        ],
        "Pragma": [
          "no-cache"
        ],
        "Server": [
          "Microsoft-HTTPAPI/2.0",
          "Microsoft-HTTPAPI/2.0"
        ],
        "x-ms-ratelimit-remaining-resource": [
          "Microsoft.Compute/GetOperation3Min;14987,Microsoft.Compute/GetOperation30Min;29932"
        ],
        "Strict-Transport-Security": [
          "max-age=31536000; includeSubDomains"
        ],
        "x-ms-served-by": [
          "54253b73-cb53-496f-ab42-5e5ee19426f8_131769154116599182"
        ],
        "x-ms-request-id": [
          "0de755ec-9b38-4612-9a4b-091b9c4a99e9"
        ],
        "x-ms-ratelimit-remaining-subscription-reads": [
          "14988"
        ],
        "x-ms-correlation-request-id": [
          "40145810-9d05-44d1-8dcf-80d4ee616881"
        ],
        "x-ms-routing-request-id": [
          "WESTUS2:20180725T030053Z:40145810-9d05-44d1-8dcf-80d4ee616881"
        ],
        "X-Content-Type-Options": [
          "nosniff"
        ],
        "Content-Length": [
          "184"
        ],
        "Content-Type": [
          "application/json; charset=utf-8"
        ],
        "Expires": [
          "-1"
        ]
      },
      "ResponseBody": "{\r\n  \"startTime\": \"2018-07-24T19:58:37.4552862-07:00\",\r\n  \"endTime\": \"2018-07-24T20:00:37.6735098-07:00\",\r\n  \"status\": \"Succeeded\",\r\n  \"name\": \"203ed706-3e0d-4b37-8650-acd381698c48\"\r\n}",
      "StatusCode": 200
    },
    {
      "RequestUri": "/subscriptions/0b1f6471-1bf0-4dda-aec3-cb9272f09590/resourceGroups/abc824group/providers/Microsoft.Compute/virtualMachines/vm438?api-version=2018-06-01",
      "EncodedRequestUri": "L3N1YnNjcmlwdGlvbnMvMGIxZjY0NzEtMWJmMC00ZGRhLWFlYzMtY2I5MjcyZjA5NTkwL3Jlc291cmNlR3JvdXBzL2FiYzgyNGdyb3VwL3Byb3ZpZGVycy9NaWNyb3NvZnQuQ29tcHV0ZS92aXJ0dWFsTWFjaGluZXMvdm00Mzg/YXBpLXZlcnNpb249MjAxOC0wNi0wMQ==",
      "RequestMethod": "GET",
      "RequestBody": "",
      "RequestHeaders": {
        "User-Agent": [
          "FxVersion/4.6.25815.02",
          "Microsoft.Azure.Management.Compute.Fluent.ComputeManagementClient/1.13.0.0",
          "MacAddressHash/cc0dc995bd7689190d87305dca6418746f27065181fa649f43731fb8fc5f1b10"
        ]
      },
      "ResponseHeaders": {
        "Cache-Control": [
          "no-cache"
        ],
        "Date": [
          "Wed, 25 Jul 2018 03:00:53 GMT"
        ],
        "Pragma": [
          "no-cache"
        ],
        "Server": [
          "Microsoft-HTTPAPI/2.0",
          "Microsoft-HTTPAPI/2.0"
        ],
        "x-ms-ratelimit-remaining-resource": [
          "Microsoft.Compute/LowCostGet3Min;4191,Microsoft.Compute/LowCostGet30Min;33563"
        ],
        "Strict-Transport-Security": [
          "max-age=31536000; includeSubDomains"
        ],
        "x-ms-served-by": [
          "54253b73-cb53-496f-ab42-5e5ee19426f8_131769154116599182"
        ],
        "x-ms-request-id": [
          "34c01463-9827-413f-9cc1-5deca24e2e27"
        ],
        "x-ms-ratelimit-remaining-subscription-reads": [
          "14987"
        ],
        "x-ms-correlation-request-id": [
          "463bddbc-fc78-4d2b-bea6-bd6e860c8a37"
        ],
        "x-ms-routing-request-id": [
          "WESTUS2:20180725T030054Z:463bddbc-fc78-4d2b-bea6-bd6e860c8a37"
        ],
        "X-Content-Type-Options": [
          "nosniff"
        ],
        "Content-Length": [
          "1514"
        ],
        "Content-Type": [
          "application/json; charset=utf-8"
        ],
        "Expires": [
          "-1"
        ]
      },
      "ResponseBody": "{\r\n  \"properties\": {\r\n    \"vmId\": \"48be977a-ee38-4bfb-909e-5d7dc4eace7a\",\r\n    \"hardwareProfile\": {\r\n      \"vmSize\": \"Basic_A0\"\r\n    },\r\n    \"storageProfile\": {\r\n      \"imageReference\": {\r\n        \"publisher\": \"Canonical\",\r\n        \"offer\": \"UbuntuServer\",\r\n        \"sku\": \"16.04.0-LTS\",\r\n        \"version\": \"latest\"\r\n      },\r\n      \"osDisk\": {\r\n        \"osType\": \"Linux\",\r\n        \"name\": \"vm438-os-disk\",\r\n        \"createOption\": \"FromImage\",\r\n        \"vhd\": {\r\n          \"uri\": \"https://stgvm43829a834103261.blob.core.windows.net/vhds/vm438-os-disk-87089930-481c-470d-933d-5a32a2bd65d8.Vhd\"\r\n        },\r\n        \"caching\": \"ReadWrite\",\r\n        \"diskSizeGB\": 30\r\n      },\r\n      \"dataDisks\": []\r\n    },\r\n    \"osProfile\": {\r\n      \"computerName\": \"vm438\",\r\n      \"adminUsername\": \"testuser\",\r\n      \"linuxConfiguration\": {\r\n        \"disablePasswordAuthentication\": false,\r\n        \"provisionVMAgent\": true\r\n      },\r\n      \"secrets\": [],\r\n      \"allowExtensionOperations\": true\r\n    },\r\n    \"networkProfile\": {\r\n      \"networkInterfaces\": [\r\n        {\r\n          \"id\": \"/subscriptions/0b1f6471-1bf0-4dda-aec3-cb9272f09590/resourceGroups/abc824group/providers/Microsoft.Network/networkInterfaces/nicvm43829a304222a\",\r\n          \"properties\": {\r\n            \"primary\": true\r\n          }\r\n        }\r\n      ]\r\n    },\r\n    \"provisioningState\": \"Succeeded\"\r\n  },\r\n  \"type\": \"Microsoft.Compute/virtualMachines\",\r\n  \"location\": \"eastus\",\r\n  \"tags\": {},\r\n  \"id\": \"/subscriptions/0b1f6471-1bf0-4dda-aec3-cb9272f09590/resourceGroups/abc824group/providers/Microsoft.Compute/virtualMachines/vm438\",\r\n  \"name\": \"vm438\"\r\n}",
      "StatusCode": 200
    },
    {
      "RequestUri": "/subscriptions/0b1f6471-1bf0-4dda-aec3-cb9272f09590/resourcegroups/abc824group?api-version=2017-05-10",
      "EncodedRequestUri": "L3N1YnNjcmlwdGlvbnMvMGIxZjY0NzEtMWJmMC00ZGRhLWFlYzMtY2I5MjcyZjA5NTkwL3Jlc291cmNlZ3JvdXBzL2FiYzgyNGdyb3VwP2FwaS12ZXJzaW9uPTIwMTctMDUtMTA=",
      "RequestMethod": "DELETE",
      "RequestBody": "",
      "RequestHeaders": {
        "x-ms-client-request-id": [
          "accec313-2390-497e-9c95-eeaf5b40feed"
        ],
        "accept-language": [
          "en-US"
        ],
        "User-Agent": [
          "FxVersion/4.6.25815.02",
          "Microsoft.Azure.Management.ResourceManager.Fluent.ResourceManagementClient/1.13.0.0",
          "MacAddressHash/cc0dc995bd7689190d87305dca6418746f27065181fa649f43731fb8fc5f1b10"
        ]
      },
      "ResponseHeaders": {
        "Cache-Control": [
          "no-cache"
        ],
        "Date": [
          "Wed, 25 Jul 2018 03:00:58 GMT"
        ],
        "Pragma": [
          "no-cache"
        ],
        "Location": [
          "https://management.azure.com/subscriptions/0b1f6471-1bf0-4dda-aec3-cb9272f09590/operationresults/eyJqb2JJZCI6IlJFU09VUkNFR1JPVVBERUxFVElPTkpPQi1BQkM4MjRHUk9VUC1FQVNUVVMiLCJqb2JMb2NhdGlvbiI6ImVhc3R1cyJ9?api-version=2017-05-10"
        ],
        "Retry-After": [
          "15"
        ],
        "x-ms-ratelimit-remaining-subscription-deletes": [
          "14999"
        ],
        "x-ms-request-id": [
          "95347f63-d919-477c-909b-f7c828ba412c"
        ],
        "x-ms-correlation-request-id": [
          "95347f63-d919-477c-909b-f7c828ba412c"
        ],
        "x-ms-routing-request-id": [
          "WESTUS2:20180725T030058Z:95347f63-d919-477c-909b-f7c828ba412c"
        ],
        "Strict-Transport-Security": [
          "max-age=31536000; includeSubDomains"
        ],
        "X-Content-Type-Options": [
          "nosniff"
        ],
        "Content-Length": [
          "0"
        ],
        "Expires": [
          "-1"
        ]
      },
      "ResponseBody": "",
      "StatusCode": 202
    },
    {
      "RequestUri": "/subscriptions/0b1f6471-1bf0-4dda-aec3-cb9272f09590/operationresults/eyJqb2JJZCI6IlJFU09VUkNFR1JPVVBERUxFVElPTkpPQi1BQkM4MjRHUk9VUC1FQVNUVVMiLCJqb2JMb2NhdGlvbiI6ImVhc3R1cyJ9?api-version=2017-05-10",
      "EncodedRequestUri": "L3N1YnNjcmlwdGlvbnMvMGIxZjY0NzEtMWJmMC00ZGRhLWFlYzMtY2I5MjcyZjA5NTkwL29wZXJhdGlvbnJlc3VsdHMvZXlKcWIySkpaQ0k2SWxKRlUwOVZVa05GUjFKUFZWQkVSVXhGVkVsUFRrcFBRaTFCUWtNNE1qUkhVazlWVUMxRlFWTlVWVk1pTENKcWIySk1iMk5oZEdsdmJpSTZJbVZoYzNSMWN5Sjk/YXBpLXZlcnNpb249MjAxNy0wNS0xMA==",
      "RequestMethod": "GET",
      "RequestBody": "",
      "RequestHeaders": {
        "User-Agent": [
          "FxVersion/4.6.25815.02",
          "Microsoft.Azure.Management.ResourceManager.Fluent.ResourceManagementClient/1.13.0.0",
          "MacAddressHash/cc0dc995bd7689190d87305dca6418746f27065181fa649f43731fb8fc5f1b10"
        ]
      },
      "ResponseHeaders": {
        "Cache-Control": [
          "no-cache"
        ],
        "Date": [
          "Wed, 25 Jul 2018 03:01:13 GMT"
        ],
        "Pragma": [
          "no-cache"
        ],
        "Location": [
          "https://management.azure.com/subscriptions/0b1f6471-1bf0-4dda-aec3-cb9272f09590/operationresults/eyJqb2JJZCI6IlJFU09VUkNFR1JPVVBERUxFVElPTkpPQi1BQkM4MjRHUk9VUC1FQVNUVVMiLCJqb2JMb2NhdGlvbiI6ImVhc3R1cyJ9?api-version=2017-05-10"
        ],
        "Retry-After": [
          "15"
        ],
        "x-ms-ratelimit-remaining-subscription-reads": [
          "14985"
        ],
        "x-ms-request-id": [
          "96d5f5a0-9a64-47d9-b561-383a560ee6bb"
        ],
        "x-ms-correlation-request-id": [
          "96d5f5a0-9a64-47d9-b561-383a560ee6bb"
        ],
        "x-ms-routing-request-id": [
          "WESTUS2:20180725T030113Z:96d5f5a0-9a64-47d9-b561-383a560ee6bb"
        ],
        "Strict-Transport-Security": [
          "max-age=31536000; includeSubDomains"
        ],
        "X-Content-Type-Options": [
          "nosniff"
        ],
        "Content-Length": [
          "0"
        ],
        "Expires": [
          "-1"
        ]
      },
      "ResponseBody": "",
      "StatusCode": 202
    },
    {
      "RequestUri": "/subscriptions/0b1f6471-1bf0-4dda-aec3-cb9272f09590/operationresults/eyJqb2JJZCI6IlJFU09VUkNFR1JPVVBERUxFVElPTkpPQi1BQkM4MjRHUk9VUC1FQVNUVVMiLCJqb2JMb2NhdGlvbiI6ImVhc3R1cyJ9?api-version=2017-05-10",
      "EncodedRequestUri": "L3N1YnNjcmlwdGlvbnMvMGIxZjY0NzEtMWJmMC00ZGRhLWFlYzMtY2I5MjcyZjA5NTkwL29wZXJhdGlvbnJlc3VsdHMvZXlKcWIySkpaQ0k2SWxKRlUwOVZVa05GUjFKUFZWQkVSVXhGVkVsUFRrcFBRaTFCUWtNNE1qUkhVazlWVUMxRlFWTlVWVk1pTENKcWIySk1iMk5oZEdsdmJpSTZJbVZoYzNSMWN5Sjk/YXBpLXZlcnNpb249MjAxNy0wNS0xMA==",
      "RequestMethod": "GET",
      "RequestBody": "",
      "RequestHeaders": {
        "User-Agent": [
          "FxVersion/4.6.25815.02",
          "Microsoft.Azure.Management.ResourceManager.Fluent.ResourceManagementClient/1.13.0.0",
          "MacAddressHash/cc0dc995bd7689190d87305dca6418746f27065181fa649f43731fb8fc5f1b10"
        ]
      },
      "ResponseHeaders": {
        "Cache-Control": [
          "no-cache"
        ],
        "Date": [
          "Wed, 25 Jul 2018 03:01:28 GMT"
        ],
        "Pragma": [
          "no-cache"
        ],
        "Location": [
          "https://management.azure.com/subscriptions/0b1f6471-1bf0-4dda-aec3-cb9272f09590/operationresults/eyJqb2JJZCI6IlJFU09VUkNFR1JPVVBERUxFVElPTkpPQi1BQkM4MjRHUk9VUC1FQVNUVVMiLCJqb2JMb2NhdGlvbiI6ImVhc3R1cyJ9?api-version=2017-05-10"
        ],
        "Retry-After": [
          "15"
        ],
        "x-ms-ratelimit-remaining-subscription-reads": [
          "14984"
        ],
        "x-ms-request-id": [
          "78017b43-8ebb-4b8a-b1d0-86de7f28ab4d"
        ],
        "x-ms-correlation-request-id": [
          "78017b43-8ebb-4b8a-b1d0-86de7f28ab4d"
        ],
        "x-ms-routing-request-id": [
          "WESTUS2:20180725T030129Z:78017b43-8ebb-4b8a-b1d0-86de7f28ab4d"
        ],
        "Strict-Transport-Security": [
          "max-age=31536000; includeSubDomains"
        ],
        "X-Content-Type-Options": [
          "nosniff"
        ],
        "Content-Length": [
          "0"
        ],
        "Expires": [
          "-1"
        ]
      },
      "ResponseBody": "",
      "StatusCode": 202
    },
    {
      "RequestUri": "/subscriptions/0b1f6471-1bf0-4dda-aec3-cb9272f09590/operationresults/eyJqb2JJZCI6IlJFU09VUkNFR1JPVVBERUxFVElPTkpPQi1BQkM4MjRHUk9VUC1FQVNUVVMiLCJqb2JMb2NhdGlvbiI6ImVhc3R1cyJ9?api-version=2017-05-10",
      "EncodedRequestUri": "L3N1YnNjcmlwdGlvbnMvMGIxZjY0NzEtMWJmMC00ZGRhLWFlYzMtY2I5MjcyZjA5NTkwL29wZXJhdGlvbnJlc3VsdHMvZXlKcWIySkpaQ0k2SWxKRlUwOVZVa05GUjFKUFZWQkVSVXhGVkVsUFRrcFBRaTFCUWtNNE1qUkhVazlWVUMxRlFWTlVWVk1pTENKcWIySk1iMk5oZEdsdmJpSTZJbVZoYzNSMWN5Sjk/YXBpLXZlcnNpb249MjAxNy0wNS0xMA==",
      "RequestMethod": "GET",
      "RequestBody": "",
      "RequestHeaders": {
        "User-Agent": [
          "FxVersion/4.6.25815.02",
          "Microsoft.Azure.Management.ResourceManager.Fluent.ResourceManagementClient/1.13.0.0",
          "MacAddressHash/cc0dc995bd7689190d87305dca6418746f27065181fa649f43731fb8fc5f1b10"
        ]
      },
      "ResponseHeaders": {
        "Cache-Control": [
          "no-cache"
        ],
        "Date": [
          "Wed, 25 Jul 2018 03:01:43 GMT"
        ],
        "Pragma": [
          "no-cache"
        ],
        "Location": [
          "https://management.azure.com/subscriptions/0b1f6471-1bf0-4dda-aec3-cb9272f09590/operationresults/eyJqb2JJZCI6IlJFU09VUkNFR1JPVVBERUxFVElPTkpPQi1BQkM4MjRHUk9VUC1FQVNUVVMiLCJqb2JMb2NhdGlvbiI6ImVhc3R1cyJ9?api-version=2017-05-10"
        ],
        "Retry-After": [
          "15"
        ],
        "x-ms-ratelimit-remaining-subscription-reads": [
          "14983"
        ],
        "x-ms-request-id": [
          "5a87cedc-742b-497a-8444-f7cf2ee59065"
        ],
        "x-ms-correlation-request-id": [
          "5a87cedc-742b-497a-8444-f7cf2ee59065"
        ],
        "x-ms-routing-request-id": [
          "WESTUS2:20180725T030144Z:5a87cedc-742b-497a-8444-f7cf2ee59065"
        ],
        "Strict-Transport-Security": [
          "max-age=31536000; includeSubDomains"
        ],
        "X-Content-Type-Options": [
          "nosniff"
        ],
        "Content-Length": [
          "0"
        ],
        "Expires": [
          "-1"
        ]
      },
      "ResponseBody": "",
      "StatusCode": 202
    },
    {
      "RequestUri": "/subscriptions/0b1f6471-1bf0-4dda-aec3-cb9272f09590/operationresults/eyJqb2JJZCI6IlJFU09VUkNFR1JPVVBERUxFVElPTkpPQi1BQkM4MjRHUk9VUC1FQVNUVVMiLCJqb2JMb2NhdGlvbiI6ImVhc3R1cyJ9?api-version=2017-05-10",
      "EncodedRequestUri": "L3N1YnNjcmlwdGlvbnMvMGIxZjY0NzEtMWJmMC00ZGRhLWFlYzMtY2I5MjcyZjA5NTkwL29wZXJhdGlvbnJlc3VsdHMvZXlKcWIySkpaQ0k2SWxKRlUwOVZVa05GUjFKUFZWQkVSVXhGVkVsUFRrcFBRaTFCUWtNNE1qUkhVazlWVUMxRlFWTlVWVk1pTENKcWIySk1iMk5oZEdsdmJpSTZJbVZoYzNSMWN5Sjk/YXBpLXZlcnNpb249MjAxNy0wNS0xMA==",
      "RequestMethod": "GET",
      "RequestBody": "",
      "RequestHeaders": {
        "User-Agent": [
          "FxVersion/4.6.25815.02",
          "Microsoft.Azure.Management.ResourceManager.Fluent.ResourceManagementClient/1.13.0.0",
          "MacAddressHash/cc0dc995bd7689190d87305dca6418746f27065181fa649f43731fb8fc5f1b10"
        ]
      },
      "ResponseHeaders": {
        "Cache-Control": [
          "no-cache"
        ],
        "Date": [
          "Wed, 25 Jul 2018 03:01:59 GMT"
        ],
        "Pragma": [
          "no-cache"
        ],
        "Location": [
          "https://management.azure.com/subscriptions/0b1f6471-1bf0-4dda-aec3-cb9272f09590/operationresults/eyJqb2JJZCI6IlJFU09VUkNFR1JPVVBERUxFVElPTkpPQi1BQkM4MjRHUk9VUC1FQVNUVVMiLCJqb2JMb2NhdGlvbiI6ImVhc3R1cyJ9?api-version=2017-05-10"
        ],
        "Retry-After": [
          "15"
        ],
        "x-ms-ratelimit-remaining-subscription-reads": [
          "14982"
        ],
        "x-ms-request-id": [
          "1e367139-da9f-4ad0-8ac6-2b88a7be1d53"
        ],
        "x-ms-correlation-request-id": [
          "1e367139-da9f-4ad0-8ac6-2b88a7be1d53"
        ],
        "x-ms-routing-request-id": [
          "WESTUS2:20180725T030159Z:1e367139-da9f-4ad0-8ac6-2b88a7be1d53"
        ],
        "Strict-Transport-Security": [
          "max-age=31536000; includeSubDomains"
        ],
        "X-Content-Type-Options": [
          "nosniff"
        ],
        "Content-Length": [
          "0"
        ],
        "Expires": [
          "-1"
        ]
      },
      "ResponseBody": "",
      "StatusCode": 202
    },
    {
      "RequestUri": "/subscriptions/0b1f6471-1bf0-4dda-aec3-cb9272f09590/operationresults/eyJqb2JJZCI6IlJFU09VUkNFR1JPVVBERUxFVElPTkpPQi1BQkM4MjRHUk9VUC1FQVNUVVMiLCJqb2JMb2NhdGlvbiI6ImVhc3R1cyJ9?api-version=2017-05-10",
      "EncodedRequestUri": "L3N1YnNjcmlwdGlvbnMvMGIxZjY0NzEtMWJmMC00ZGRhLWFlYzMtY2I5MjcyZjA5NTkwL29wZXJhdGlvbnJlc3VsdHMvZXlKcWIySkpaQ0k2SWxKRlUwOVZVa05GUjFKUFZWQkVSVXhGVkVsUFRrcFBRaTFCUWtNNE1qUkhVazlWVUMxRlFWTlVWVk1pTENKcWIySk1iMk5oZEdsdmJpSTZJbVZoYzNSMWN5Sjk/YXBpLXZlcnNpb249MjAxNy0wNS0xMA==",
      "RequestMethod": "GET",
      "RequestBody": "",
      "RequestHeaders": {
        "User-Agent": [
          "FxVersion/4.6.25815.02",
          "Microsoft.Azure.Management.ResourceManager.Fluent.ResourceManagementClient/1.13.0.0",
          "MacAddressHash/cc0dc995bd7689190d87305dca6418746f27065181fa649f43731fb8fc5f1b10"
        ]
      },
      "ResponseHeaders": {
        "Cache-Control": [
          "no-cache"
        ],
        "Date": [
          "Wed, 25 Jul 2018 03:02:13 GMT"
        ],
        "Pragma": [
          "no-cache"
        ],
        "Location": [
          "https://management.azure.com/subscriptions/0b1f6471-1bf0-4dda-aec3-cb9272f09590/operationresults/eyJqb2JJZCI6IlJFU09VUkNFR1JPVVBERUxFVElPTkpPQi1BQkM4MjRHUk9VUC1FQVNUVVMiLCJqb2JMb2NhdGlvbiI6ImVhc3R1cyJ9?api-version=2017-05-10"
        ],
        "Retry-After": [
          "15"
        ],
        "x-ms-ratelimit-remaining-subscription-reads": [
          "14981"
        ],
        "x-ms-request-id": [
          "a002370c-f68e-4119-96ee-7603fd66aab9"
        ],
        "x-ms-correlation-request-id": [
          "a002370c-f68e-4119-96ee-7603fd66aab9"
        ],
        "x-ms-routing-request-id": [
          "WESTUS2:20180725T030214Z:a002370c-f68e-4119-96ee-7603fd66aab9"
        ],
        "Strict-Transport-Security": [
          "max-age=31536000; includeSubDomains"
        ],
        "X-Content-Type-Options": [
          "nosniff"
        ],
        "Content-Length": [
          "0"
        ],
        "Expires": [
          "-1"
        ]
      },
      "ResponseBody": "",
      "StatusCode": 202
    },
    {
      "RequestUri": "/subscriptions/0b1f6471-1bf0-4dda-aec3-cb9272f09590/operationresults/eyJqb2JJZCI6IlJFU09VUkNFR1JPVVBERUxFVElPTkpPQi1BQkM4MjRHUk9VUC1FQVNUVVMiLCJqb2JMb2NhdGlvbiI6ImVhc3R1cyJ9?api-version=2017-05-10",
      "EncodedRequestUri": "L3N1YnNjcmlwdGlvbnMvMGIxZjY0NzEtMWJmMC00ZGRhLWFlYzMtY2I5MjcyZjA5NTkwL29wZXJhdGlvbnJlc3VsdHMvZXlKcWIySkpaQ0k2SWxKRlUwOVZVa05GUjFKUFZWQkVSVXhGVkVsUFRrcFBRaTFCUWtNNE1qUkhVazlWVUMxRlFWTlVWVk1pTENKcWIySk1iMk5oZEdsdmJpSTZJbVZoYzNSMWN5Sjk/YXBpLXZlcnNpb249MjAxNy0wNS0xMA==",
      "RequestMethod": "GET",
      "RequestBody": "",
      "RequestHeaders": {
        "User-Agent": [
          "FxVersion/4.6.25815.02",
          "Microsoft.Azure.Management.ResourceManager.Fluent.ResourceManagementClient/1.13.0.0",
          "MacAddressHash/cc0dc995bd7689190d87305dca6418746f27065181fa649f43731fb8fc5f1b10"
        ]
      },
      "ResponseHeaders": {
        "Cache-Control": [
          "no-cache"
        ],
        "Date": [
          "Wed, 25 Jul 2018 03:02:29 GMT"
        ],
        "Pragma": [
          "no-cache"
        ],
        "Location": [
          "https://management.azure.com/subscriptions/0b1f6471-1bf0-4dda-aec3-cb9272f09590/operationresults/eyJqb2JJZCI6IlJFU09VUkNFR1JPVVBERUxFVElPTkpPQi1BQkM4MjRHUk9VUC1FQVNUVVMiLCJqb2JMb2NhdGlvbiI6ImVhc3R1cyJ9?api-version=2017-05-10"
        ],
        "Retry-After": [
          "15"
        ],
        "x-ms-ratelimit-remaining-subscription-reads": [
          "14980"
        ],
        "x-ms-request-id": [
          "6106ebf4-9d6d-49c4-be72-22cbe4e7a273"
        ],
        "x-ms-correlation-request-id": [
          "6106ebf4-9d6d-49c4-be72-22cbe4e7a273"
        ],
        "x-ms-routing-request-id": [
          "WESTUS2:20180725T030229Z:6106ebf4-9d6d-49c4-be72-22cbe4e7a273"
        ],
        "Strict-Transport-Security": [
          "max-age=31536000; includeSubDomains"
        ],
        "X-Content-Type-Options": [
          "nosniff"
        ],
        "Content-Length": [
          "0"
        ],
        "Expires": [
          "-1"
        ]
      },
      "ResponseBody": "",
      "StatusCode": 202
    },
    {
      "RequestUri": "/subscriptions/0b1f6471-1bf0-4dda-aec3-cb9272f09590/operationresults/eyJqb2JJZCI6IlJFU09VUkNFR1JPVVBERUxFVElPTkpPQi1BQkM4MjRHUk9VUC1FQVNUVVMiLCJqb2JMb2NhdGlvbiI6ImVhc3R1cyJ9?api-version=2017-05-10",
      "EncodedRequestUri": "L3N1YnNjcmlwdGlvbnMvMGIxZjY0NzEtMWJmMC00ZGRhLWFlYzMtY2I5MjcyZjA5NTkwL29wZXJhdGlvbnJlc3VsdHMvZXlKcWIySkpaQ0k2SWxKRlUwOVZVa05GUjFKUFZWQkVSVXhGVkVsUFRrcFBRaTFCUWtNNE1qUkhVazlWVUMxRlFWTlVWVk1pTENKcWIySk1iMk5oZEdsdmJpSTZJbVZoYzNSMWN5Sjk/YXBpLXZlcnNpb249MjAxNy0wNS0xMA==",
      "RequestMethod": "GET",
      "RequestBody": "",
      "RequestHeaders": {
        "User-Agent": [
          "FxVersion/4.6.25815.02",
          "Microsoft.Azure.Management.ResourceManager.Fluent.ResourceManagementClient/1.13.0.0",
          "MacAddressHash/cc0dc995bd7689190d87305dca6418746f27065181fa649f43731fb8fc5f1b10"
        ]
      },
      "ResponseHeaders": {
        "Cache-Control": [
          "no-cache"
        ],
        "Date": [
          "Wed, 25 Jul 2018 03:02:44 GMT"
        ],
        "Pragma": [
          "no-cache"
        ],
        "Location": [
          "https://management.azure.com/subscriptions/0b1f6471-1bf0-4dda-aec3-cb9272f09590/operationresults/eyJqb2JJZCI6IlJFU09VUkNFR1JPVVBERUxFVElPTkpPQi1BQkM4MjRHUk9VUC1FQVNUVVMiLCJqb2JMb2NhdGlvbiI6ImVhc3R1cyJ9?api-version=2017-05-10"
        ],
        "Retry-After": [
          "15"
        ],
        "x-ms-ratelimit-remaining-subscription-reads": [
          "14979"
        ],
        "x-ms-request-id": [
          "d25d9aad-5dcf-4106-86bf-888e7b1f6746"
        ],
        "x-ms-correlation-request-id": [
          "d25d9aad-5dcf-4106-86bf-888e7b1f6746"
        ],
        "x-ms-routing-request-id": [
          "WESTUS2:20180725T030244Z:d25d9aad-5dcf-4106-86bf-888e7b1f6746"
        ],
        "Strict-Transport-Security": [
          "max-age=31536000; includeSubDomains"
        ],
        "X-Content-Type-Options": [
          "nosniff"
        ],
        "Content-Length": [
          "0"
        ],
        "Expires": [
          "-1"
        ]
      },
      "ResponseBody": "",
      "StatusCode": 202
    },
    {
      "RequestUri": "/subscriptions/0b1f6471-1bf0-4dda-aec3-cb9272f09590/operationresults/eyJqb2JJZCI6IlJFU09VUkNFR1JPVVBERUxFVElPTkpPQi1BQkM4MjRHUk9VUC1FQVNUVVMiLCJqb2JMb2NhdGlvbiI6ImVhc3R1cyJ9?api-version=2017-05-10",
      "EncodedRequestUri": "L3N1YnNjcmlwdGlvbnMvMGIxZjY0NzEtMWJmMC00ZGRhLWFlYzMtY2I5MjcyZjA5NTkwL29wZXJhdGlvbnJlc3VsdHMvZXlKcWIySkpaQ0k2SWxKRlUwOVZVa05GUjFKUFZWQkVSVXhGVkVsUFRrcFBRaTFCUWtNNE1qUkhVazlWVUMxRlFWTlVWVk1pTENKcWIySk1iMk5oZEdsdmJpSTZJbVZoYzNSMWN5Sjk/YXBpLXZlcnNpb249MjAxNy0wNS0xMA==",
      "RequestMethod": "GET",
      "RequestBody": "",
      "RequestHeaders": {
        "User-Agent": [
          "FxVersion/4.6.25815.02",
          "Microsoft.Azure.Management.ResourceManager.Fluent.ResourceManagementClient/1.13.0.0",
          "MacAddressHash/cc0dc995bd7689190d87305dca6418746f27065181fa649f43731fb8fc5f1b10"
        ]
      },
      "ResponseHeaders": {
        "Cache-Control": [
          "no-cache"
        ],
        "Date": [
          "Wed, 25 Jul 2018 03:02:59 GMT"
        ],
        "Pragma": [
          "no-cache"
        ],
        "Location": [
          "https://management.azure.com/subscriptions/0b1f6471-1bf0-4dda-aec3-cb9272f09590/operationresults/eyJqb2JJZCI6IlJFU09VUkNFR1JPVVBERUxFVElPTkpPQi1BQkM4MjRHUk9VUC1FQVNUVVMiLCJqb2JMb2NhdGlvbiI6ImVhc3R1cyJ9?api-version=2017-05-10"
        ],
        "Retry-After": [
          "15"
        ],
        "x-ms-ratelimit-remaining-subscription-reads": [
          "14978"
        ],
        "x-ms-request-id": [
          "9b21af49-7a12-499d-a13a-b2f99331c3a3"
        ],
        "x-ms-correlation-request-id": [
          "9b21af49-7a12-499d-a13a-b2f99331c3a3"
        ],
        "x-ms-routing-request-id": [
          "WESTUS2:20180725T030300Z:9b21af49-7a12-499d-a13a-b2f99331c3a3"
        ],
        "Strict-Transport-Security": [
          "max-age=31536000; includeSubDomains"
        ],
        "X-Content-Type-Options": [
          "nosniff"
        ],
        "Content-Length": [
          "0"
        ],
        "Expires": [
          "-1"
        ]
      },
      "ResponseBody": "",
      "StatusCode": 202
    },
    {
      "RequestUri": "/subscriptions/0b1f6471-1bf0-4dda-aec3-cb9272f09590/operationresults/eyJqb2JJZCI6IlJFU09VUkNFR1JPVVBERUxFVElPTkpPQi1BQkM4MjRHUk9VUC1FQVNUVVMiLCJqb2JMb2NhdGlvbiI6ImVhc3R1cyJ9?api-version=2017-05-10",
      "EncodedRequestUri": "L3N1YnNjcmlwdGlvbnMvMGIxZjY0NzEtMWJmMC00ZGRhLWFlYzMtY2I5MjcyZjA5NTkwL29wZXJhdGlvbnJlc3VsdHMvZXlKcWIySkpaQ0k2SWxKRlUwOVZVa05GUjFKUFZWQkVSVXhGVkVsUFRrcFBRaTFCUWtNNE1qUkhVazlWVUMxRlFWTlVWVk1pTENKcWIySk1iMk5oZEdsdmJpSTZJbVZoYzNSMWN5Sjk/YXBpLXZlcnNpb249MjAxNy0wNS0xMA==",
      "RequestMethod": "GET",
      "RequestBody": "",
      "RequestHeaders": {
        "User-Agent": [
          "FxVersion/4.6.25815.02",
          "Microsoft.Azure.Management.ResourceManager.Fluent.ResourceManagementClient/1.13.0.0",
          "MacAddressHash/cc0dc995bd7689190d87305dca6418746f27065181fa649f43731fb8fc5f1b10"
        ]
      },
      "ResponseHeaders": {
        "Cache-Control": [
          "no-cache"
        ],
        "Date": [
          "Wed, 25 Jul 2018 03:03:15 GMT"
        ],
        "Pragma": [
          "no-cache"
        ],
        "Location": [
          "https://management.azure.com/subscriptions/0b1f6471-1bf0-4dda-aec3-cb9272f09590/operationresults/eyJqb2JJZCI6IlJFU09VUkNFR1JPVVBERUxFVElPTkpPQi1BQkM4MjRHUk9VUC1FQVNUVVMiLCJqb2JMb2NhdGlvbiI6ImVhc3R1cyJ9?api-version=2017-05-10"
        ],
        "Retry-After": [
          "15"
        ],
        "x-ms-ratelimit-remaining-subscription-reads": [
          "14977"
        ],
        "x-ms-request-id": [
          "6ba34358-64a2-4894-a21b-7ef7c0e94b9d"
        ],
        "x-ms-correlation-request-id": [
          "6ba34358-64a2-4894-a21b-7ef7c0e94b9d"
        ],
        "x-ms-routing-request-id": [
          "WESTUS2:20180725T030315Z:6ba34358-64a2-4894-a21b-7ef7c0e94b9d"
        ],
        "Strict-Transport-Security": [
          "max-age=31536000; includeSubDomains"
        ],
        "X-Content-Type-Options": [
          "nosniff"
        ],
        "Content-Length": [
          "0"
        ],
        "Expires": [
          "-1"
        ]
      },
      "ResponseBody": "",
      "StatusCode": 202
    },
    {
      "RequestUri": "/subscriptions/0b1f6471-1bf0-4dda-aec3-cb9272f09590/operationresults/eyJqb2JJZCI6IlJFU09VUkNFR1JPVVBERUxFVElPTkpPQi1BQkM4MjRHUk9VUC1FQVNUVVMiLCJqb2JMb2NhdGlvbiI6ImVhc3R1cyJ9?api-version=2017-05-10",
      "EncodedRequestUri": "L3N1YnNjcmlwdGlvbnMvMGIxZjY0NzEtMWJmMC00ZGRhLWFlYzMtY2I5MjcyZjA5NTkwL29wZXJhdGlvbnJlc3VsdHMvZXlKcWIySkpaQ0k2SWxKRlUwOVZVa05GUjFKUFZWQkVSVXhGVkVsUFRrcFBRaTFCUWtNNE1qUkhVazlWVUMxRlFWTlVWVk1pTENKcWIySk1iMk5oZEdsdmJpSTZJbVZoYzNSMWN5Sjk/YXBpLXZlcnNpb249MjAxNy0wNS0xMA==",
      "RequestMethod": "GET",
      "RequestBody": "",
      "RequestHeaders": {
        "User-Agent": [
          "FxVersion/4.6.25815.02",
          "Microsoft.Azure.Management.ResourceManager.Fluent.ResourceManagementClient/1.13.0.0",
          "MacAddressHash/cc0dc995bd7689190d87305dca6418746f27065181fa649f43731fb8fc5f1b10"
        ]
      },
      "ResponseHeaders": {
        "Cache-Control": [
          "no-cache"
        ],
        "Date": [
          "Wed, 25 Jul 2018 03:03:30 GMT"
        ],
        "Pragma": [
          "no-cache"
        ],
        "Location": [
          "https://management.azure.com/subscriptions/0b1f6471-1bf0-4dda-aec3-cb9272f09590/operationresults/eyJqb2JJZCI6IlJFU09VUkNFR1JPVVBERUxFVElPTkpPQi1BQkM4MjRHUk9VUC1FQVNUVVMiLCJqb2JMb2NhdGlvbiI6ImVhc3R1cyJ9?api-version=2017-05-10"
        ],
        "Retry-After": [
          "15"
        ],
        "x-ms-ratelimit-remaining-subscription-reads": [
          "14976"
        ],
        "x-ms-request-id": [
          "904b8d25-5d32-4d7c-b078-bbbe3a2b7a5e"
        ],
        "x-ms-correlation-request-id": [
          "904b8d25-5d32-4d7c-b078-bbbe3a2b7a5e"
        ],
        "x-ms-routing-request-id": [
          "WESTUS2:20180725T030330Z:904b8d25-5d32-4d7c-b078-bbbe3a2b7a5e"
        ],
        "Strict-Transport-Security": [
          "max-age=31536000; includeSubDomains"
        ],
        "X-Content-Type-Options": [
          "nosniff"
        ],
        "Content-Length": [
          "0"
        ],
        "Expires": [
          "-1"
        ]
      },
      "ResponseBody": "",
      "StatusCode": 202
    },
    {
      "RequestUri": "/subscriptions/0b1f6471-1bf0-4dda-aec3-cb9272f09590/operationresults/eyJqb2JJZCI6IlJFU09VUkNFR1JPVVBERUxFVElPTkpPQi1BQkM4MjRHUk9VUC1FQVNUVVMiLCJqb2JMb2NhdGlvbiI6ImVhc3R1cyJ9?api-version=2017-05-10",
      "EncodedRequestUri": "L3N1YnNjcmlwdGlvbnMvMGIxZjY0NzEtMWJmMC00ZGRhLWFlYzMtY2I5MjcyZjA5NTkwL29wZXJhdGlvbnJlc3VsdHMvZXlKcWIySkpaQ0k2SWxKRlUwOVZVa05GUjFKUFZWQkVSVXhGVkVsUFRrcFBRaTFCUWtNNE1qUkhVazlWVUMxRlFWTlVWVk1pTENKcWIySk1iMk5oZEdsdmJpSTZJbVZoYzNSMWN5Sjk/YXBpLXZlcnNpb249MjAxNy0wNS0xMA==",
      "RequestMethod": "GET",
      "RequestBody": "",
      "RequestHeaders": {
        "User-Agent": [
          "FxVersion/4.6.25815.02",
          "Microsoft.Azure.Management.ResourceManager.Fluent.ResourceManagementClient/1.13.0.0",
          "MacAddressHash/cc0dc995bd7689190d87305dca6418746f27065181fa649f43731fb8fc5f1b10"
        ]
      },
      "ResponseHeaders": {
        "Cache-Control": [
          "no-cache"
        ],
        "Date": [
          "Wed, 25 Jul 2018 03:03:45 GMT"
        ],
        "Pragma": [
          "no-cache"
        ],
        "Location": [
          "https://management.azure.com/subscriptions/0b1f6471-1bf0-4dda-aec3-cb9272f09590/operationresults/eyJqb2JJZCI6IlJFU09VUkNFR1JPVVBERUxFVElPTkpPQi1BQkM4MjRHUk9VUC1FQVNUVVMiLCJqb2JMb2NhdGlvbiI6ImVhc3R1cyJ9?api-version=2017-05-10"
        ],
        "Retry-After": [
          "15"
        ],
        "x-ms-ratelimit-remaining-subscription-reads": [
          "14975"
        ],
        "x-ms-request-id": [
          "ce147655-c8cf-469d-a504-030fb1df9bb6"
        ],
        "x-ms-correlation-request-id": [
          "ce147655-c8cf-469d-a504-030fb1df9bb6"
        ],
        "x-ms-routing-request-id": [
          "WESTUS2:20180725T030345Z:ce147655-c8cf-469d-a504-030fb1df9bb6"
        ],
        "Strict-Transport-Security": [
          "max-age=31536000; includeSubDomains"
        ],
        "X-Content-Type-Options": [
          "nosniff"
        ],
        "Content-Length": [
          "0"
        ],
        "Expires": [
          "-1"
        ]
      },
      "ResponseBody": "",
      "StatusCode": 202
    },
    {
      "RequestUri": "/subscriptions/0b1f6471-1bf0-4dda-aec3-cb9272f09590/operationresults/eyJqb2JJZCI6IlJFU09VUkNFR1JPVVBERUxFVElPTkpPQi1BQkM4MjRHUk9VUC1FQVNUVVMiLCJqb2JMb2NhdGlvbiI6ImVhc3R1cyJ9?api-version=2017-05-10",
      "EncodedRequestUri": "L3N1YnNjcmlwdGlvbnMvMGIxZjY0NzEtMWJmMC00ZGRhLWFlYzMtY2I5MjcyZjA5NTkwL29wZXJhdGlvbnJlc3VsdHMvZXlKcWIySkpaQ0k2SWxKRlUwOVZVa05GUjFKUFZWQkVSVXhGVkVsUFRrcFBRaTFCUWtNNE1qUkhVazlWVUMxRlFWTlVWVk1pTENKcWIySk1iMk5oZEdsdmJpSTZJbVZoYzNSMWN5Sjk/YXBpLXZlcnNpb249MjAxNy0wNS0xMA==",
      "RequestMethod": "GET",
      "RequestBody": "",
      "RequestHeaders": {
        "User-Agent": [
          "FxVersion/4.6.25815.02",
          "Microsoft.Azure.Management.ResourceManager.Fluent.ResourceManagementClient/1.13.0.0",
          "MacAddressHash/cc0dc995bd7689190d87305dca6418746f27065181fa649f43731fb8fc5f1b10"
        ]
      },
      "ResponseHeaders": {
        "Cache-Control": [
          "no-cache"
        ],
        "Date": [
          "Wed, 25 Jul 2018 03:04:00 GMT"
        ],
        "Pragma": [
          "no-cache"
        ],
        "Location": [
          "https://management.azure.com/subscriptions/0b1f6471-1bf0-4dda-aec3-cb9272f09590/operationresults/eyJqb2JJZCI6IlJFU09VUkNFR1JPVVBERUxFVElPTkpPQi1BQkM4MjRHUk9VUC1FQVNUVVMiLCJqb2JMb2NhdGlvbiI6ImVhc3R1cyJ9?api-version=2017-05-10"
        ],
        "Retry-After": [
          "15"
        ],
        "x-ms-ratelimit-remaining-subscription-reads": [
          "14974"
        ],
        "x-ms-request-id": [
          "35d8eb11-cb57-4fe0-92a5-05c724f629f8"
        ],
        "x-ms-correlation-request-id": [
          "35d8eb11-cb57-4fe0-92a5-05c724f629f8"
        ],
        "x-ms-routing-request-id": [
          "WESTUS2:20180725T030400Z:35d8eb11-cb57-4fe0-92a5-05c724f629f8"
        ],
        "Strict-Transport-Security": [
          "max-age=31536000; includeSubDomains"
        ],
        "X-Content-Type-Options": [
          "nosniff"
        ],
        "Content-Length": [
          "0"
        ],
        "Expires": [
          "-1"
        ]
      },
      "ResponseBody": "",
      "StatusCode": 202
    },
    {
      "RequestUri": "/subscriptions/0b1f6471-1bf0-4dda-aec3-cb9272f09590/operationresults/eyJqb2JJZCI6IlJFU09VUkNFR1JPVVBERUxFVElPTkpPQi1BQkM4MjRHUk9VUC1FQVNUVVMiLCJqb2JMb2NhdGlvbiI6ImVhc3R1cyJ9?api-version=2017-05-10",
      "EncodedRequestUri": "L3N1YnNjcmlwdGlvbnMvMGIxZjY0NzEtMWJmMC00ZGRhLWFlYzMtY2I5MjcyZjA5NTkwL29wZXJhdGlvbnJlc3VsdHMvZXlKcWIySkpaQ0k2SWxKRlUwOVZVa05GUjFKUFZWQkVSVXhGVkVsUFRrcFBRaTFCUWtNNE1qUkhVazlWVUMxRlFWTlVWVk1pTENKcWIySk1iMk5oZEdsdmJpSTZJbVZoYzNSMWN5Sjk/YXBpLXZlcnNpb249MjAxNy0wNS0xMA==",
      "RequestMethod": "GET",
      "RequestBody": "",
      "RequestHeaders": {
        "User-Agent": [
          "FxVersion/4.6.25815.02",
          "Microsoft.Azure.Management.ResourceManager.Fluent.ResourceManagementClient/1.13.0.0",
          "MacAddressHash/cc0dc995bd7689190d87305dca6418746f27065181fa649f43731fb8fc5f1b10"
        ]
      },
      "ResponseHeaders": {
        "Cache-Control": [
          "no-cache"
        ],
        "Date": [
          "Wed, 25 Jul 2018 03:04:15 GMT"
        ],
        "Pragma": [
          "no-cache"
        ],
        "Location": [
          "https://management.azure.com/subscriptions/0b1f6471-1bf0-4dda-aec3-cb9272f09590/operationresults/eyJqb2JJZCI6IlJFU09VUkNFR1JPVVBERUxFVElPTkpPQi1BQkM4MjRHUk9VUC1FQVNUVVMiLCJqb2JMb2NhdGlvbiI6ImVhc3R1cyJ9?api-version=2017-05-10"
        ],
        "Retry-After": [
          "15"
        ],
        "x-ms-ratelimit-remaining-subscription-reads": [
          "14973"
        ],
        "x-ms-request-id": [
          "6fae118b-805d-4331-91e0-b69d7f04c221"
        ],
        "x-ms-correlation-request-id": [
          "6fae118b-805d-4331-91e0-b69d7f04c221"
        ],
        "x-ms-routing-request-id": [
          "WESTUS2:20180725T030416Z:6fae118b-805d-4331-91e0-b69d7f04c221"
        ],
        "Strict-Transport-Security": [
          "max-age=31536000; includeSubDomains"
        ],
        "X-Content-Type-Options": [
          "nosniff"
        ],
        "Content-Length": [
          "0"
        ],
        "Expires": [
          "-1"
        ]
      },
      "ResponseBody": "",
      "StatusCode": 202
    },
    {
      "RequestUri": "/subscriptions/0b1f6471-1bf0-4dda-aec3-cb9272f09590/operationresults/eyJqb2JJZCI6IlJFU09VUkNFR1JPVVBERUxFVElPTkpPQi1BQkM4MjRHUk9VUC1FQVNUVVMiLCJqb2JMb2NhdGlvbiI6ImVhc3R1cyJ9?api-version=2017-05-10",
      "EncodedRequestUri": "L3N1YnNjcmlwdGlvbnMvMGIxZjY0NzEtMWJmMC00ZGRhLWFlYzMtY2I5MjcyZjA5NTkwL29wZXJhdGlvbnJlc3VsdHMvZXlKcWIySkpaQ0k2SWxKRlUwOVZVa05GUjFKUFZWQkVSVXhGVkVsUFRrcFBRaTFCUWtNNE1qUkhVazlWVUMxRlFWTlVWVk1pTENKcWIySk1iMk5oZEdsdmJpSTZJbVZoYzNSMWN5Sjk/YXBpLXZlcnNpb249MjAxNy0wNS0xMA==",
      "RequestMethod": "GET",
      "RequestBody": "",
      "RequestHeaders": {
        "User-Agent": [
          "FxVersion/4.6.25815.02",
          "Microsoft.Azure.Management.ResourceManager.Fluent.ResourceManagementClient/1.13.0.0",
          "MacAddressHash/cc0dc995bd7689190d87305dca6418746f27065181fa649f43731fb8fc5f1b10"
        ]
      },
      "ResponseHeaders": {
        "Cache-Control": [
          "no-cache"
        ],
        "Date": [
          "Wed, 25 Jul 2018 03:04:31 GMT"
        ],
        "Pragma": [
          "no-cache"
        ],
        "Location": [
          "https://management.azure.com/subscriptions/0b1f6471-1bf0-4dda-aec3-cb9272f09590/operationresults/eyJqb2JJZCI6IlJFU09VUkNFR1JPVVBERUxFVElPTkpPQi1BQkM4MjRHUk9VUC1FQVNUVVMiLCJqb2JMb2NhdGlvbiI6ImVhc3R1cyJ9?api-version=2017-05-10"
        ],
        "Retry-After": [
          "15"
        ],
        "x-ms-ratelimit-remaining-subscription-reads": [
          "14972"
        ],
        "x-ms-request-id": [
          "fa57e429-fb84-4702-8d39-de154d7b8774"
        ],
        "x-ms-correlation-request-id": [
          "fa57e429-fb84-4702-8d39-de154d7b8774"
        ],
        "x-ms-routing-request-id": [
          "WESTUS2:20180725T030431Z:fa57e429-fb84-4702-8d39-de154d7b8774"
        ],
        "Strict-Transport-Security": [
          "max-age=31536000; includeSubDomains"
        ],
        "X-Content-Type-Options": [
          "nosniff"
        ],
        "Content-Length": [
          "0"
        ],
        "Expires": [
          "-1"
        ]
      },
      "ResponseBody": "",
      "StatusCode": 202
    },
    {
      "RequestUri": "/subscriptions/0b1f6471-1bf0-4dda-aec3-cb9272f09590/operationresults/eyJqb2JJZCI6IlJFU09VUkNFR1JPVVBERUxFVElPTkpPQi1BQkM4MjRHUk9VUC1FQVNUVVMiLCJqb2JMb2NhdGlvbiI6ImVhc3R1cyJ9?api-version=2017-05-10",
      "EncodedRequestUri": "L3N1YnNjcmlwdGlvbnMvMGIxZjY0NzEtMWJmMC00ZGRhLWFlYzMtY2I5MjcyZjA5NTkwL29wZXJhdGlvbnJlc3VsdHMvZXlKcWIySkpaQ0k2SWxKRlUwOVZVa05GUjFKUFZWQkVSVXhGVkVsUFRrcFBRaTFCUWtNNE1qUkhVazlWVUMxRlFWTlVWVk1pTENKcWIySk1iMk5oZEdsdmJpSTZJbVZoYzNSMWN5Sjk/YXBpLXZlcnNpb249MjAxNy0wNS0xMA==",
      "RequestMethod": "GET",
      "RequestBody": "",
      "RequestHeaders": {
        "User-Agent": [
          "FxVersion/4.6.25815.02",
          "Microsoft.Azure.Management.ResourceManager.Fluent.ResourceManagementClient/1.13.0.0",
          "MacAddressHash/cc0dc995bd7689190d87305dca6418746f27065181fa649f43731fb8fc5f1b10"
        ]
      },
      "ResponseHeaders": {
        "Cache-Control": [
          "no-cache"
        ],
        "Date": [
          "Wed, 25 Jul 2018 03:04:45 GMT"
        ],
        "Pragma": [
          "no-cache"
        ],
        "Location": [
          "https://management.azure.com/subscriptions/0b1f6471-1bf0-4dda-aec3-cb9272f09590/operationresults/eyJqb2JJZCI6IlJFU09VUkNFR1JPVVBERUxFVElPTkpPQi1BQkM4MjRHUk9VUC1FQVNUVVMiLCJqb2JMb2NhdGlvbiI6ImVhc3R1cyJ9?api-version=2017-05-10"
        ],
        "Retry-After": [
          "15"
        ],
        "x-ms-ratelimit-remaining-subscription-reads": [
          "14971"
        ],
        "x-ms-request-id": [
          "ec490446-9b9f-4d25-ad0e-0a7c4258e35c"
        ],
        "x-ms-correlation-request-id": [
          "ec490446-9b9f-4d25-ad0e-0a7c4258e35c"
        ],
        "x-ms-routing-request-id": [
          "WESTUS2:20180725T030446Z:ec490446-9b9f-4d25-ad0e-0a7c4258e35c"
        ],
        "Strict-Transport-Security": [
          "max-age=31536000; includeSubDomains"
        ],
        "X-Content-Type-Options": [
          "nosniff"
        ],
        "Content-Length": [
          "0"
        ],
        "Expires": [
          "-1"
        ]
      },
      "ResponseBody": "",
      "StatusCode": 202
    },
    {
      "RequestUri": "/subscriptions/0b1f6471-1bf0-4dda-aec3-cb9272f09590/operationresults/eyJqb2JJZCI6IlJFU09VUkNFR1JPVVBERUxFVElPTkpPQi1BQkM4MjRHUk9VUC1FQVNUVVMiLCJqb2JMb2NhdGlvbiI6ImVhc3R1cyJ9?api-version=2017-05-10",
      "EncodedRequestUri": "L3N1YnNjcmlwdGlvbnMvMGIxZjY0NzEtMWJmMC00ZGRhLWFlYzMtY2I5MjcyZjA5NTkwL29wZXJhdGlvbnJlc3VsdHMvZXlKcWIySkpaQ0k2SWxKRlUwOVZVa05GUjFKUFZWQkVSVXhGVkVsUFRrcFBRaTFCUWtNNE1qUkhVazlWVUMxRlFWTlVWVk1pTENKcWIySk1iMk5oZEdsdmJpSTZJbVZoYzNSMWN5Sjk/YXBpLXZlcnNpb249MjAxNy0wNS0xMA==",
      "RequestMethod": "GET",
      "RequestBody": "",
      "RequestHeaders": {
        "User-Agent": [
          "FxVersion/4.6.25815.02",
          "Microsoft.Azure.Management.ResourceManager.Fluent.ResourceManagementClient/1.13.0.0",
          "MacAddressHash/cc0dc995bd7689190d87305dca6418746f27065181fa649f43731fb8fc5f1b10"
        ]
      },
      "ResponseHeaders": {
        "Cache-Control": [
          "no-cache"
        ],
        "Date": [
          "Wed, 25 Jul 2018 03:05:01 GMT"
        ],
        "Pragma": [
          "no-cache"
        ],
        "Location": [
          "https://management.azure.com/subscriptions/0b1f6471-1bf0-4dda-aec3-cb9272f09590/operationresults/eyJqb2JJZCI6IlJFU09VUkNFR1JPVVBERUxFVElPTkpPQi1BQkM4MjRHUk9VUC1FQVNUVVMiLCJqb2JMb2NhdGlvbiI6ImVhc3R1cyJ9?api-version=2017-05-10"
        ],
        "Retry-After": [
          "15"
        ],
        "x-ms-ratelimit-remaining-subscription-reads": [
          "14970"
        ],
        "x-ms-request-id": [
          "d3e4abda-b908-4ebd-88a3-2a422d824543"
        ],
        "x-ms-correlation-request-id": [
          "d3e4abda-b908-4ebd-88a3-2a422d824543"
        ],
        "x-ms-routing-request-id": [
          "WESTUS2:20180725T030501Z:d3e4abda-b908-4ebd-88a3-2a422d824543"
        ],
        "Strict-Transport-Security": [
          "max-age=31536000; includeSubDomains"
        ],
        "X-Content-Type-Options": [
          "nosniff"
        ],
        "Content-Length": [
          "0"
        ],
        "Expires": [
          "-1"
        ]
      },
      "ResponseBody": "",
      "StatusCode": 202
    },
    {
      "RequestUri": "/subscriptions/0b1f6471-1bf0-4dda-aec3-cb9272f09590/operationresults/eyJqb2JJZCI6IlJFU09VUkNFR1JPVVBERUxFVElPTkpPQi1BQkM4MjRHUk9VUC1FQVNUVVMiLCJqb2JMb2NhdGlvbiI6ImVhc3R1cyJ9?api-version=2017-05-10",
      "EncodedRequestUri": "L3N1YnNjcmlwdGlvbnMvMGIxZjY0NzEtMWJmMC00ZGRhLWFlYzMtY2I5MjcyZjA5NTkwL29wZXJhdGlvbnJlc3VsdHMvZXlKcWIySkpaQ0k2SWxKRlUwOVZVa05GUjFKUFZWQkVSVXhGVkVsUFRrcFBRaTFCUWtNNE1qUkhVazlWVUMxRlFWTlVWVk1pTENKcWIySk1iMk5oZEdsdmJpSTZJbVZoYzNSMWN5Sjk/YXBpLXZlcnNpb249MjAxNy0wNS0xMA==",
      "RequestMethod": "GET",
      "RequestBody": "",
      "RequestHeaders": {
        "User-Agent": [
          "FxVersion/4.6.25815.02",
          "Microsoft.Azure.Management.ResourceManager.Fluent.ResourceManagementClient/1.13.0.0",
          "MacAddressHash/cc0dc995bd7689190d87305dca6418746f27065181fa649f43731fb8fc5f1b10"
        ]
      },
      "ResponseHeaders": {
        "Cache-Control": [
          "no-cache"
        ],
        "Date": [
          "Wed, 25 Jul 2018 03:05:16 GMT"
        ],
        "Pragma": [
          "no-cache"
        ],
        "Location": [
          "https://management.azure.com/subscriptions/0b1f6471-1bf0-4dda-aec3-cb9272f09590/operationresults/eyJqb2JJZCI6IlJFU09VUkNFR1JPVVBERUxFVElPTkpPQi1BQkM4MjRHUk9VUC1FQVNUVVMiLCJqb2JMb2NhdGlvbiI6ImVhc3R1cyJ9?api-version=2017-05-10"
        ],
        "Retry-After": [
          "15"
        ],
        "x-ms-ratelimit-remaining-subscription-reads": [
          "14969"
        ],
        "x-ms-request-id": [
          "403d4e61-2ff8-4bf6-a642-3442c60cc5cf"
        ],
        "x-ms-correlation-request-id": [
          "403d4e61-2ff8-4bf6-a642-3442c60cc5cf"
        ],
        "x-ms-routing-request-id": [
          "WESTUS2:20180725T030516Z:403d4e61-2ff8-4bf6-a642-3442c60cc5cf"
        ],
        "Strict-Transport-Security": [
          "max-age=31536000; includeSubDomains"
        ],
        "X-Content-Type-Options": [
          "nosniff"
        ],
        "Content-Length": [
          "0"
        ],
        "Expires": [
          "-1"
        ]
      },
      "ResponseBody": "",
      "StatusCode": 202
    },
    {
      "RequestUri": "/subscriptions/0b1f6471-1bf0-4dda-aec3-cb9272f09590/operationresults/eyJqb2JJZCI6IlJFU09VUkNFR1JPVVBERUxFVElPTkpPQi1BQkM4MjRHUk9VUC1FQVNUVVMiLCJqb2JMb2NhdGlvbiI6ImVhc3R1cyJ9?api-version=2017-05-10",
      "EncodedRequestUri": "L3N1YnNjcmlwdGlvbnMvMGIxZjY0NzEtMWJmMC00ZGRhLWFlYzMtY2I5MjcyZjA5NTkwL29wZXJhdGlvbnJlc3VsdHMvZXlKcWIySkpaQ0k2SWxKRlUwOVZVa05GUjFKUFZWQkVSVXhGVkVsUFRrcFBRaTFCUWtNNE1qUkhVazlWVUMxRlFWTlVWVk1pTENKcWIySk1iMk5oZEdsdmJpSTZJbVZoYzNSMWN5Sjk/YXBpLXZlcnNpb249MjAxNy0wNS0xMA==",
      "RequestMethod": "GET",
      "RequestBody": "",
      "RequestHeaders": {
        "User-Agent": [
          "FxVersion/4.6.25815.02",
          "Microsoft.Azure.Management.ResourceManager.Fluent.ResourceManagementClient/1.13.0.0",
          "MacAddressHash/cc0dc995bd7689190d87305dca6418746f27065181fa649f43731fb8fc5f1b10"
        ]
      },
      "ResponseHeaders": {
        "Cache-Control": [
          "no-cache"
        ],
        "Date": [
          "Wed, 25 Jul 2018 03:05:31 GMT"
        ],
        "Pragma": [
          "no-cache"
        ],
        "Location": [
          "https://management.azure.com/subscriptions/0b1f6471-1bf0-4dda-aec3-cb9272f09590/operationresults/eyJqb2JJZCI6IlJFU09VUkNFR1JPVVBERUxFVElPTkpPQi1BQkM4MjRHUk9VUC1FQVNUVVMiLCJqb2JMb2NhdGlvbiI6ImVhc3R1cyJ9?api-version=2017-05-10"
        ],
        "Retry-After": [
          "15"
        ],
        "x-ms-ratelimit-remaining-subscription-reads": [
          "14968"
        ],
        "x-ms-request-id": [
          "9f58e37d-605f-4f8a-a021-c263f4e64bf5"
        ],
        "x-ms-correlation-request-id": [
          "9f58e37d-605f-4f8a-a021-c263f4e64bf5"
        ],
        "x-ms-routing-request-id": [
          "WESTUS2:20180725T030532Z:9f58e37d-605f-4f8a-a021-c263f4e64bf5"
        ],
        "Strict-Transport-Security": [
          "max-age=31536000; includeSubDomains"
        ],
        "X-Content-Type-Options": [
          "nosniff"
        ],
        "Content-Length": [
          "0"
        ],
        "Expires": [
          "-1"
        ]
      },
      "ResponseBody": "",
      "StatusCode": 202
    },
    {
      "RequestUri": "/subscriptions/0b1f6471-1bf0-4dda-aec3-cb9272f09590/operationresults/eyJqb2JJZCI6IlJFU09VUkNFR1JPVVBERUxFVElPTkpPQi1BQkM4MjRHUk9VUC1FQVNUVVMiLCJqb2JMb2NhdGlvbiI6ImVhc3R1cyJ9?api-version=2017-05-10",
      "EncodedRequestUri": "L3N1YnNjcmlwdGlvbnMvMGIxZjY0NzEtMWJmMC00ZGRhLWFlYzMtY2I5MjcyZjA5NTkwL29wZXJhdGlvbnJlc3VsdHMvZXlKcWIySkpaQ0k2SWxKRlUwOVZVa05GUjFKUFZWQkVSVXhGVkVsUFRrcFBRaTFCUWtNNE1qUkhVazlWVUMxRlFWTlVWVk1pTENKcWIySk1iMk5oZEdsdmJpSTZJbVZoYzNSMWN5Sjk/YXBpLXZlcnNpb249MjAxNy0wNS0xMA==",
      "RequestMethod": "GET",
      "RequestBody": "",
      "RequestHeaders": {
        "User-Agent": [
          "FxVersion/4.6.25815.02",
          "Microsoft.Azure.Management.ResourceManager.Fluent.ResourceManagementClient/1.13.0.0",
          "MacAddressHash/cc0dc995bd7689190d87305dca6418746f27065181fa649f43731fb8fc5f1b10"
        ]
      },
      "ResponseHeaders": {
        "Cache-Control": [
          "no-cache"
        ],
        "Date": [
          "Wed, 25 Jul 2018 03:05:58 GMT"
        ],
        "Pragma": [
          "no-cache"
        ],
        "Location": [
          "https://management.azure.com/subscriptions/0b1f6471-1bf0-4dda-aec3-cb9272f09590/operationresults/eyJqb2JJZCI6IlJFU09VUkNFR1JPVVBERUxFVElPTkpPQi1BQkM4MjRHUk9VUC1FQVNUVVMiLCJqb2JMb2NhdGlvbiI6ImVhc3R1cyJ9?api-version=2017-05-10"
        ],
        "Retry-After": [
          "15"
        ],
        "x-ms-ratelimit-remaining-subscription-reads": [
          "14967"
        ],
        "x-ms-request-id": [
          "f32e69dd-76ce-41fb-8a2c-00e8fddb4f31"
        ],
        "x-ms-correlation-request-id": [
          "f32e69dd-76ce-41fb-8a2c-00e8fddb4f31"
        ],
        "x-ms-routing-request-id": [
          "WESTUS2:20180725T030559Z:f32e69dd-76ce-41fb-8a2c-00e8fddb4f31"
        ],
        "Strict-Transport-Security": [
          "max-age=31536000; includeSubDomains"
        ],
        "X-Content-Type-Options": [
          "nosniff"
        ],
        "Content-Length": [
          "0"
        ],
        "Expires": [
          "-1"
        ]
      },
      "ResponseBody": "",
      "StatusCode": 202
    },
    {
      "RequestUri": "/subscriptions/0b1f6471-1bf0-4dda-aec3-cb9272f09590/operationresults/eyJqb2JJZCI6IlJFU09VUkNFR1JPVVBERUxFVElPTkpPQi1BQkM4MjRHUk9VUC1FQVNUVVMiLCJqb2JMb2NhdGlvbiI6ImVhc3R1cyJ9?api-version=2017-05-10",
      "EncodedRequestUri": "L3N1YnNjcmlwdGlvbnMvMGIxZjY0NzEtMWJmMC00ZGRhLWFlYzMtY2I5MjcyZjA5NTkwL29wZXJhdGlvbnJlc3VsdHMvZXlKcWIySkpaQ0k2SWxKRlUwOVZVa05GUjFKUFZWQkVSVXhGVkVsUFRrcFBRaTFCUWtNNE1qUkhVazlWVUMxRlFWTlVWVk1pTENKcWIySk1iMk5oZEdsdmJpSTZJbVZoYzNSMWN5Sjk/YXBpLXZlcnNpb249MjAxNy0wNS0xMA==",
      "RequestMethod": "GET",
      "RequestBody": "",
      "RequestHeaders": {
        "User-Agent": [
          "FxVersion/4.6.25815.02",
          "Microsoft.Azure.Management.ResourceManager.Fluent.ResourceManagementClient/1.13.0.0",
          "MacAddressHash/cc0dc995bd7689190d87305dca6418746f27065181fa649f43731fb8fc5f1b10"
        ]
      },
      "ResponseHeaders": {
        "Cache-Control": [
          "no-cache"
        ],
        "Date": [
          "Wed, 25 Jul 2018 03:06:14 GMT"
        ],
        "Pragma": [
          "no-cache"
        ],
        "Location": [
          "https://management.azure.com/subscriptions/0b1f6471-1bf0-4dda-aec3-cb9272f09590/operationresults/eyJqb2JJZCI6IlJFU09VUkNFR1JPVVBERUxFVElPTkpPQi1BQkM4MjRHUk9VUC1FQVNUVVMiLCJqb2JMb2NhdGlvbiI6ImVhc3R1cyJ9?api-version=2017-05-10"
        ],
        "Retry-After": [
          "15"
        ],
        "x-ms-ratelimit-remaining-subscription-reads": [
          "14966"
        ],
        "x-ms-request-id": [
          "dec52ed9-bc5f-4fb6-8aac-8214062017fb"
        ],
        "x-ms-correlation-request-id": [
          "dec52ed9-bc5f-4fb6-8aac-8214062017fb"
        ],
        "x-ms-routing-request-id": [
          "WESTUS2:20180725T030614Z:dec52ed9-bc5f-4fb6-8aac-8214062017fb"
        ],
        "Strict-Transport-Security": [
          "max-age=31536000; includeSubDomains"
        ],
        "X-Content-Type-Options": [
          "nosniff"
        ],
        "Content-Length": [
          "0"
        ],
        "Expires": [
          "-1"
        ]
      },
      "ResponseBody": "",
      "StatusCode": 202
    },
    {
      "RequestUri": "/subscriptions/0b1f6471-1bf0-4dda-aec3-cb9272f09590/operationresults/eyJqb2JJZCI6IlJFU09VUkNFR1JPVVBERUxFVElPTkpPQi1BQkM4MjRHUk9VUC1FQVNUVVMiLCJqb2JMb2NhdGlvbiI6ImVhc3R1cyJ9?api-version=2017-05-10",
      "EncodedRequestUri": "L3N1YnNjcmlwdGlvbnMvMGIxZjY0NzEtMWJmMC00ZGRhLWFlYzMtY2I5MjcyZjA5NTkwL29wZXJhdGlvbnJlc3VsdHMvZXlKcWIySkpaQ0k2SWxKRlUwOVZVa05GUjFKUFZWQkVSVXhGVkVsUFRrcFBRaTFCUWtNNE1qUkhVazlWVUMxRlFWTlVWVk1pTENKcWIySk1iMk5oZEdsdmJpSTZJbVZoYzNSMWN5Sjk/YXBpLXZlcnNpb249MjAxNy0wNS0xMA==",
      "RequestMethod": "GET",
      "RequestBody": "",
      "RequestHeaders": {
        "User-Agent": [
          "FxVersion/4.6.25815.02",
          "Microsoft.Azure.Management.ResourceManager.Fluent.ResourceManagementClient/1.13.0.0",
          "MacAddressHash/cc0dc995bd7689190d87305dca6418746f27065181fa649f43731fb8fc5f1b10"
        ]
      },
      "ResponseHeaders": {
        "Cache-Control": [
          "no-cache"
        ],
        "Date": [
          "Wed, 25 Jul 2018 03:06:29 GMT"
        ],
        "Pragma": [
          "no-cache"
        ],
        "Location": [
          "https://management.azure.com/subscriptions/0b1f6471-1bf0-4dda-aec3-cb9272f09590/operationresults/eyJqb2JJZCI6IlJFU09VUkNFR1JPVVBERUxFVElPTkpPQi1BQkM4MjRHUk9VUC1FQVNUVVMiLCJqb2JMb2NhdGlvbiI6ImVhc3R1cyJ9?api-version=2017-05-10"
        ],
        "Retry-After": [
          "15"
        ],
        "x-ms-ratelimit-remaining-subscription-reads": [
          "14965"
        ],
        "x-ms-request-id": [
          "fde5ab8f-52bf-488f-a221-beb962e83957"
        ],
        "x-ms-correlation-request-id": [
          "fde5ab8f-52bf-488f-a221-beb962e83957"
        ],
        "x-ms-routing-request-id": [
          "WESTUS2:20180725T030629Z:fde5ab8f-52bf-488f-a221-beb962e83957"
        ],
        "Strict-Transport-Security": [
          "max-age=31536000; includeSubDomains"
        ],
        "X-Content-Type-Options": [
          "nosniff"
        ],
        "Content-Length": [
          "0"
        ],
        "Expires": [
          "-1"
        ]
      },
      "ResponseBody": "",
      "StatusCode": 202
    },
    {
      "RequestUri": "/subscriptions/0b1f6471-1bf0-4dda-aec3-cb9272f09590/operationresults/eyJqb2JJZCI6IlJFU09VUkNFR1JPVVBERUxFVElPTkpPQi1BQkM4MjRHUk9VUC1FQVNUVVMiLCJqb2JMb2NhdGlvbiI6ImVhc3R1cyJ9?api-version=2017-05-10",
      "EncodedRequestUri": "L3N1YnNjcmlwdGlvbnMvMGIxZjY0NzEtMWJmMC00ZGRhLWFlYzMtY2I5MjcyZjA5NTkwL29wZXJhdGlvbnJlc3VsdHMvZXlKcWIySkpaQ0k2SWxKRlUwOVZVa05GUjFKUFZWQkVSVXhGVkVsUFRrcFBRaTFCUWtNNE1qUkhVazlWVUMxRlFWTlVWVk1pTENKcWIySk1iMk5oZEdsdmJpSTZJbVZoYzNSMWN5Sjk/YXBpLXZlcnNpb249MjAxNy0wNS0xMA==",
      "RequestMethod": "GET",
      "RequestBody": "",
      "RequestHeaders": {
        "User-Agent": [
          "FxVersion/4.6.25815.02",
          "Microsoft.Azure.Management.ResourceManager.Fluent.ResourceManagementClient/1.13.0.0",
          "MacAddressHash/cc0dc995bd7689190d87305dca6418746f27065181fa649f43731fb8fc5f1b10"
        ]
      },
      "ResponseHeaders": {
        "Cache-Control": [
          "no-cache"
        ],
        "Date": [
          "Wed, 25 Jul 2018 03:06:45 GMT"
        ],
        "Pragma": [
          "no-cache"
        ],
        "Location": [
          "https://management.azure.com/subscriptions/0b1f6471-1bf0-4dda-aec3-cb9272f09590/operationresults/eyJqb2JJZCI6IlJFU09VUkNFR1JPVVBERUxFVElPTkpPQi1BQkM4MjRHUk9VUC1FQVNUVVMiLCJqb2JMb2NhdGlvbiI6ImVhc3R1cyJ9?api-version=2017-05-10"
        ],
        "Retry-After": [
          "15"
        ],
        "x-ms-ratelimit-remaining-subscription-reads": [
          "14964"
        ],
        "x-ms-request-id": [
          "0817e5ac-1bd0-496f-802a-8dd19f61e0f7"
        ],
        "x-ms-correlation-request-id": [
          "0817e5ac-1bd0-496f-802a-8dd19f61e0f7"
        ],
        "x-ms-routing-request-id": [
          "WESTUS2:20180725T030645Z:0817e5ac-1bd0-496f-802a-8dd19f61e0f7"
        ],
        "Strict-Transport-Security": [
          "max-age=31536000; includeSubDomains"
        ],
        "X-Content-Type-Options": [
          "nosniff"
        ],
        "Content-Length": [
          "0"
        ],
        "Expires": [
          "-1"
        ]
      },
      "ResponseBody": "",
      "StatusCode": 202
    },
    {
      "RequestUri": "/subscriptions/0b1f6471-1bf0-4dda-aec3-cb9272f09590/operationresults/eyJqb2JJZCI6IlJFU09VUkNFR1JPVVBERUxFVElPTkpPQi1BQkM4MjRHUk9VUC1FQVNUVVMiLCJqb2JMb2NhdGlvbiI6ImVhc3R1cyJ9?api-version=2017-05-10",
      "EncodedRequestUri": "L3N1YnNjcmlwdGlvbnMvMGIxZjY0NzEtMWJmMC00ZGRhLWFlYzMtY2I5MjcyZjA5NTkwL29wZXJhdGlvbnJlc3VsdHMvZXlKcWIySkpaQ0k2SWxKRlUwOVZVa05GUjFKUFZWQkVSVXhGVkVsUFRrcFBRaTFCUWtNNE1qUkhVazlWVUMxRlFWTlVWVk1pTENKcWIySk1iMk5oZEdsdmJpSTZJbVZoYzNSMWN5Sjk/YXBpLXZlcnNpb249MjAxNy0wNS0xMA==",
      "RequestMethod": "GET",
      "RequestBody": "",
      "RequestHeaders": {
        "User-Agent": [
          "FxVersion/4.6.25815.02",
          "Microsoft.Azure.Management.ResourceManager.Fluent.ResourceManagementClient/1.13.0.0",
          "MacAddressHash/cc0dc995bd7689190d87305dca6418746f27065181fa649f43731fb8fc5f1b10"
        ]
      },
      "ResponseHeaders": {
        "Cache-Control": [
          "no-cache"
        ],
        "Date": [
          "Wed, 25 Jul 2018 03:07:00 GMT"
        ],
        "Pragma": [
          "no-cache"
        ],
        "Location": [
          "https://management.azure.com/subscriptions/0b1f6471-1bf0-4dda-aec3-cb9272f09590/operationresults/eyJqb2JJZCI6IlJFU09VUkNFR1JPVVBERUxFVElPTkpPQi1BQkM4MjRHUk9VUC1FQVNUVVMiLCJqb2JMb2NhdGlvbiI6ImVhc3R1cyJ9?api-version=2017-05-10"
        ],
        "Retry-After": [
          "15"
        ],
        "x-ms-ratelimit-remaining-subscription-reads": [
          "14963"
        ],
        "x-ms-request-id": [
          "b3f444e4-5836-41ee-8c29-2be2d77b05d1"
        ],
        "x-ms-correlation-request-id": [
          "b3f444e4-5836-41ee-8c29-2be2d77b05d1"
        ],
        "x-ms-routing-request-id": [
          "WESTUS2:20180725T030700Z:b3f444e4-5836-41ee-8c29-2be2d77b05d1"
        ],
        "Strict-Transport-Security": [
          "max-age=31536000; includeSubDomains"
        ],
        "X-Content-Type-Options": [
          "nosniff"
        ],
        "Content-Length": [
          "0"
        ],
        "Expires": [
          "-1"
        ]
      },
      "ResponseBody": "",
      "StatusCode": 202
    },
    {
      "RequestUri": "/subscriptions/0b1f6471-1bf0-4dda-aec3-cb9272f09590/operationresults/eyJqb2JJZCI6IlJFU09VUkNFR1JPVVBERUxFVElPTkpPQi1BQkM4MjRHUk9VUC1FQVNUVVMiLCJqb2JMb2NhdGlvbiI6ImVhc3R1cyJ9?api-version=2017-05-10",
      "EncodedRequestUri": "L3N1YnNjcmlwdGlvbnMvMGIxZjY0NzEtMWJmMC00ZGRhLWFlYzMtY2I5MjcyZjA5NTkwL29wZXJhdGlvbnJlc3VsdHMvZXlKcWIySkpaQ0k2SWxKRlUwOVZVa05GUjFKUFZWQkVSVXhGVkVsUFRrcFBRaTFCUWtNNE1qUkhVazlWVUMxRlFWTlVWVk1pTENKcWIySk1iMk5oZEdsdmJpSTZJbVZoYzNSMWN5Sjk/YXBpLXZlcnNpb249MjAxNy0wNS0xMA==",
      "RequestMethod": "GET",
      "RequestBody": "",
      "RequestHeaders": {
        "User-Agent": [
          "FxVersion/4.6.25815.02",
          "Microsoft.Azure.Management.ResourceManager.Fluent.ResourceManagementClient/1.13.0.0",
          "MacAddressHash/cc0dc995bd7689190d87305dca6418746f27065181fa649f43731fb8fc5f1b10"
        ]
      },
      "ResponseHeaders": {
        "Cache-Control": [
          "no-cache"
        ],
        "Date": [
          "Wed, 25 Jul 2018 03:07:14 GMT"
        ],
        "Pragma": [
          "no-cache"
        ],
        "Location": [
          "https://management.azure.com/subscriptions/0b1f6471-1bf0-4dda-aec3-cb9272f09590/operationresults/eyJqb2JJZCI6IlJFU09VUkNFR1JPVVBERUxFVElPTkpPQi1BQkM4MjRHUk9VUC1FQVNUVVMiLCJqb2JMb2NhdGlvbiI6ImVhc3R1cyJ9?api-version=2017-05-10"
        ],
        "Retry-After": [
          "15"
        ],
        "x-ms-ratelimit-remaining-subscription-reads": [
          "14962"
        ],
        "x-ms-request-id": [
          "d8f4efbf-8863-4d8a-b943-d49059ffcdde"
        ],
        "x-ms-correlation-request-id": [
          "d8f4efbf-8863-4d8a-b943-d49059ffcdde"
        ],
        "x-ms-routing-request-id": [
          "WESTUS2:20180725T030715Z:d8f4efbf-8863-4d8a-b943-d49059ffcdde"
        ],
        "Strict-Transport-Security": [
          "max-age=31536000; includeSubDomains"
        ],
        "X-Content-Type-Options": [
          "nosniff"
        ],
        "Content-Length": [
          "0"
        ],
        "Expires": [
          "-1"
        ]
      },
      "ResponseBody": "",
      "StatusCode": 202
    },
    {
      "RequestUri": "/subscriptions/0b1f6471-1bf0-4dda-aec3-cb9272f09590/operationresults/eyJqb2JJZCI6IlJFU09VUkNFR1JPVVBERUxFVElPTkpPQi1BQkM4MjRHUk9VUC1FQVNUVVMiLCJqb2JMb2NhdGlvbiI6ImVhc3R1cyJ9?api-version=2017-05-10",
      "EncodedRequestUri": "L3N1YnNjcmlwdGlvbnMvMGIxZjY0NzEtMWJmMC00ZGRhLWFlYzMtY2I5MjcyZjA5NTkwL29wZXJhdGlvbnJlc3VsdHMvZXlKcWIySkpaQ0k2SWxKRlUwOVZVa05GUjFKUFZWQkVSVXhGVkVsUFRrcFBRaTFCUWtNNE1qUkhVazlWVUMxRlFWTlVWVk1pTENKcWIySk1iMk5oZEdsdmJpSTZJbVZoYzNSMWN5Sjk/YXBpLXZlcnNpb249MjAxNy0wNS0xMA==",
      "RequestMethod": "GET",
      "RequestBody": "",
      "RequestHeaders": {
        "User-Agent": [
          "FxVersion/4.6.25815.02",
          "Microsoft.Azure.Management.ResourceManager.Fluent.ResourceManagementClient/1.13.0.0",
          "MacAddressHash/cc0dc995bd7689190d87305dca6418746f27065181fa649f43731fb8fc5f1b10"
        ]
      },
      "ResponseHeaders": {
        "Cache-Control": [
          "no-cache"
        ],
        "Date": [
          "Wed, 25 Jul 2018 03:07:30 GMT"
        ],
        "Pragma": [
          "no-cache"
        ],
        "x-ms-ratelimit-remaining-subscription-reads": [
          "14961"
        ],
        "x-ms-request-id": [
          "c0d658fb-054a-467c-bdbe-bdf6aa48508f"
        ],
        "x-ms-correlation-request-id": [
          "c0d658fb-054a-467c-bdbe-bdf6aa48508f"
        ],
        "x-ms-routing-request-id": [
          "WESTUS2:20180725T030730Z:c0d658fb-054a-467c-bdbe-bdf6aa48508f"
        ],
        "Strict-Transport-Security": [
          "max-age=31536000; includeSubDomains"
        ],
        "X-Content-Type-Options": [
          "nosniff"
        ],
        "Content-Length": [
          "0"
        ],
        "Expires": [
          "-1"
        ]
      },
      "ResponseBody": "",
      "StatusCode": 200
    }
  ],
  "Names": {
    "CanCreateWithCustomData": [
      "vm438",
      "abc824",
      "nicvm43829a304222a",
      "vnetdd5577334f80",
      "stgvm43829a834103261"
    ]
  },
  "Variables": {
    "ServicePrincipal": "39e3d217-cb72-4b90-8532-394a7e784d93",
    "AADTenant": "54826b22-38d6-4fb2-bad9-b7b93a3e9c5a",
    "SubscriptionId": "0b1f6471-1bf0-4dda-aec3-cb9272f09590"
  }
}