{
  "Entries": [
    {
      "RequestUri": "/subscriptions/0b1f6471-1bf0-4dda-aec3-cb9272f09590/resourcegroups/rgrsmpa77a583101179?api-version=2021-01-01",
      "EncodedRequestUri": "L3N1YnNjcmlwdGlvbnMvMGIxZjY0NzEtMWJmMC00ZGRhLWFlYzMtY2I5MjcyZjA5NTkwL3Jlc291cmNlZ3JvdXBzL3JncnNtcGE3N2E1ODMxMDExNzk/YXBpLXZlcnNpb249MjAyMS0wMS0wMQ==",
      "RequestMethod": "PUT",
      "RequestBody": "{\r\n  \"location\": \"westus\"\r\n}",
      "RequestHeaders": {
        "x-ms-client-request-id": [
          "91ea3fc1-fc5d-41f4-8fda-5a20c25897d9"
        ],
        "Accept-Language": [
          "en-US"
        ],
        "User-Agent": [
          "FxVersion/4.6.28008.01",
          "OSName/Windows",
          "OSVersion/Microsoft.Windows.10.0.18363.",
          "Microsoft.Azure.Management.ResourceManager.Fluent.ResourceManagementClient/1.0.0.61",
          "MacAddressHash/f198b50d7e3ef6510679efb9e4c9a1474fd2bf18cf1d6a2182c79b00464dbadd"
        ],
        "Content-Type": [
          "application/json; charset=utf-8"
        ],
        "Content-Length": [
          "28"
        ]
      },
      "ResponseHeaders": {
        "Cache-Control": [
          "no-cache"
        ],
        "Pragma": [
          "no-cache"
        ],
        "x-ms-ratelimit-remaining-subscription-writes": [
          "1195"
        ],
        "x-ms-request-id": [
          "e4d28ef3-604c-46e9-8d7a-38ee3cba6a53"
        ],
        "x-ms-correlation-request-id": [
          "e4d28ef3-604c-46e9-8d7a-38ee3cba6a53"
        ],
        "x-ms-routing-request-id": [
          "SOUTHEASTASIA:20191108T055639Z:e4d28ef3-604c-46e9-8d7a-38ee3cba6a53"
        ],
        "Strict-Transport-Security": [
          "max-age=31536000; includeSubDomains"
        ],
        "X-Content-Type-Options": [
          "nosniff"
        ],
        "Date": [
          "Fri, 08 Nov 2019 05:56:39 GMT"
        ],
        "Content-Length": [
          "235"
        ],
        "Content-Type": [
          "application/json; charset=utf-8"
        ],
        "Expires": [
          "-1"
        ]
      },
      "ResponseBody": "{\r\n  \"id\": \"/subscriptions/0b1f6471-1bf0-4dda-aec3-cb9272f09590/resourceGroups/rgrsmpa77a583101179\",\r\n  \"name\": \"rgrsmpa77a583101179\",\r\n  \"type\": \"Microsoft.Resources/resourceGroups\",\r\n  \"location\": \"westus\",\r\n  \"properties\": {\r\n    \"provisioningState\": \"Succeeded\"\r\n  }\r\n}",
      "StatusCode": 201
    },
    {
      "RequestUri": "/subscriptions/0b1f6471-1bf0-4dda-aec3-cb9272f09590/resourcegroups/rgrsmpa77a583101179?api-version=2021-01-01",
      "EncodedRequestUri": "L3N1YnNjcmlwdGlvbnMvMGIxZjY0NzEtMWJmMC00ZGRhLWFlYzMtY2I5MjcyZjA5NTkwL3Jlc291cmNlZ3JvdXBzL3JncnNtcGE3N2E1ODMxMDExNzk/YXBpLXZlcnNpb249MjAyMS0wMS0wMQ==",
      "RequestMethod": "GET",
      "RequestBody": "",
      "RequestHeaders": {
        "x-ms-client-request-id": [
          "85775e44-77fb-4dfd-8a6a-ce619100b723"
        ],
        "Accept-Language": [
          "en-US"
        ],
        "User-Agent": [
          "FxVersion/4.6.28008.01",
          "OSName/Windows",
          "OSVersion/Microsoft.Windows.10.0.18363.",
          "Microsoft.Azure.Management.ResourceManager.Fluent.ResourceManagementClient/1.0.0.61",
          "MacAddressHash/f198b50d7e3ef6510679efb9e4c9a1474fd2bf18cf1d6a2182c79b00464dbadd"
        ]
      },
      "ResponseHeaders": {
        "Cache-Control": [
          "no-cache"
        ],
        "Pragma": [
          "no-cache"
        ],
        "x-ms-ratelimit-remaining-subscription-reads": [
          "11988"
        ],
        "x-ms-request-id": [
          "50ec8e32-4358-4a0e-9f6d-a67bf353aaae"
        ],
        "x-ms-correlation-request-id": [
          "50ec8e32-4358-4a0e-9f6d-a67bf353aaae"
        ],
        "x-ms-routing-request-id": [
          "SOUTHEASTASIA:20191108T055639Z:50ec8e32-4358-4a0e-9f6d-a67bf353aaae"
        ],
        "Strict-Transport-Security": [
          "max-age=31536000; includeSubDomains"
        ],
        "X-Content-Type-Options": [
          "nosniff"
        ],
        "Date": [
          "Fri, 08 Nov 2019 05:56:39 GMT"
        ],
        "Content-Type": [
          "application/json; charset=utf-8"
        ],
        "Expires": [
          "-1"
        ],
        "Content-Length": [
          "235"
        ]
      },
      "ResponseBody": "{\r\n  \"id\": \"/subscriptions/0b1f6471-1bf0-4dda-aec3-cb9272f09590/resourceGroups/rgrsmpa77a583101179\",\r\n  \"name\": \"rgrsmpa77a583101179\",\r\n  \"type\": \"Microsoft.Resources/resourceGroups\",\r\n  \"location\": \"westus\",\r\n  \"properties\": {\r\n    \"provisioningState\": \"Succeeded\"\r\n  }\r\n}",
      "StatusCode": 200
    },
    {
      "RequestUri": "/subscriptions/0b1f6471-1bf0-4dda-aec3-cb9272f09590/providers/Microsoft.Authorization/policyDefinitions/pdn483447294abc01?api-version=2019-06-01",
      "EncodedRequestUri": "L3N1YnNjcmlwdGlvbnMvMGIxZjY0NzEtMWJmMC00ZGRhLWFlYzMtY2I5MjcyZjA5NTkwL3Byb3ZpZGVycy9NaWNyb3NvZnQuQXV0aG9yaXphdGlvbi9wb2xpY3lEZWZpbml0aW9ucy9wZG40ODM0NDcyOTRhYmMwMT9hcGktdmVyc2lvbj0yMDE5LTA2LTAx",
      "RequestMethod": "PUT",
      "RequestBody": "{\r\n  \"properties\": {\r\n    \"policyType\": \"Custom\",\r\n    \"policyRule\": {\r\n      \"if\": {\r\n        \"not\": {\r\n          \"field\": \"location\",\r\n          \"in\": [\r\n            \"northeurope\",\r\n            \"westeurope\"\r\n          ]\r\n        }\r\n      },\r\n      \"then\": {\r\n        \"effect\": \"deny\"\r\n      }\r\n    }\r\n  }\r\n}",
      "RequestHeaders": {
        "x-ms-client-request-id": [
          "6816038c-7fb3-4d7c-a620-cbae295f40b6"
        ],
        "Accept-Language": [
          "en-US"
        ],
        "User-Agent": [
          "FxVersion/4.6.28008.01",
          "OSName/Windows",
          "OSVersion/Microsoft.Windows.10.0.18363.",
          "Microsoft.Azure.Management.ResourceManager.Fluent.PolicyClient/1.0.0.61",
          "MacAddressHash/f198b50d7e3ef6510679efb9e4c9a1474fd2bf18cf1d6a2182c79b00464dbadd"
        ],
        "Content-Type": [
          "application/json; charset=utf-8"
        ],
        "Content-Length": [
          "309"
        ]
      },
      "ResponseHeaders": {
        "Cache-Control": [
          "no-cache"
        ],
        "Pragma": [
          "no-cache"
        ],
        "x-ms-request-id": [
          "southeastasia:a0bd8639-25cc-4c32-85de-c97b89c777a9"
        ],
        "x-ms-ratelimit-remaining-subscription-writes": [
          "1194"
        ],
        "x-ms-correlation-request-id": [
          "d1c09383-ab0f-47bf-9579-ed36970daa78"
        ],
        "x-ms-routing-request-id": [
          "SOUTHEASTASIA:20191108T055639Z:d1c09383-ab0f-47bf-9579-ed36970daa78"
        ],
        "Strict-Transport-Security": [
          "max-age=31536000; includeSubDomains"
        ],
        "X-Content-Type-Options": [
          "nosniff"
        ],
        "Date": [
          "Fri, 08 Nov 2019 05:56:39 GMT"
        ],
        "Content-Length": [
          "511"
        ],
        "Content-Type": [
          "application/json; charset=utf-8"
        ],
        "Expires": [
          "-1"
        ]
      },
      "ResponseBody": "{\r\n  \"properties\": {\r\n    \"policyType\": \"Custom\",\r\n    \"mode\": \"Indexed\",\r\n    \"metadata\": {\r\n      \"createdBy\": \"5b5e6b07-55b8-419b-a446-20fe0aa5b459\",\r\n      \"createdOn\": \"2019-11-08T05:56:39.8506696Z\",\r\n      \"updatedBy\": null,\r\n      \"updatedOn\": null\r\n    },\r\n    \"policyRule\": {\r\n      \"if\": {\r\n        \"not\": {\r\n          \"field\": \"location\",\r\n          \"in\": [\r\n            \"northeurope\",\r\n            \"westeurope\"\r\n          ]\r\n        }\r\n      },\r\n      \"then\": {\r\n        \"effect\": \"deny\"\r\n      }\r\n    }\r\n  },\r\n  \"id\": \"/subscriptions/0b1f6471-1bf0-4dda-aec3-cb9272f09590/providers/Microsoft.Authorization/policyDefinitions/pdn483447294abc01\",\r\n  \"type\": \"Microsoft.Authorization/policyDefinitions\",\r\n  \"name\": \"pdn483447294abc01\"\r\n}",
      "StatusCode": 201
    },
    {
      "RequestUri": "/subscriptions/0b1f6471-1bf0-4dda-aec3-cb9272f09590/providers/Microsoft.Authorization/policyDefinitions/pdn483447294abc01?api-version=2019-06-01",
      "EncodedRequestUri": "L3N1YnNjcmlwdGlvbnMvMGIxZjY0NzEtMWJmMC00ZGRhLWFlYzMtY2I5MjcyZjA5NTkwL3Byb3ZpZGVycy9NaWNyb3NvZnQuQXV0aG9yaXphdGlvbi9wb2xpY3lEZWZpbml0aW9ucy9wZG40ODM0NDcyOTRhYmMwMT9hcGktdmVyc2lvbj0yMDE5LTA2LTAx",
      "RequestMethod": "GET",
      "RequestBody": "",
      "RequestHeaders": {
        "x-ms-client-request-id": [
          "17497c2a-cabf-403f-9eae-e5b885f3a63d"
        ],
        "Accept-Language": [
          "en-US"
        ],
        "User-Agent": [
          "FxVersion/4.6.28008.01",
          "OSName/Windows",
          "OSVersion/Microsoft.Windows.10.0.18363.",
          "Microsoft.Azure.Management.ResourceManager.Fluent.PolicyClient/1.0.0.61",
          "MacAddressHash/f198b50d7e3ef6510679efb9e4c9a1474fd2bf18cf1d6a2182c79b00464dbadd"
        ]
      },
      "ResponseHeaders": {
        "Cache-Control": [
          "no-cache"
        ],
        "Pragma": [
          "no-cache"
        ],
        "Vary": [
          "Accept-Encoding"
        ],
        "x-ms-request-id": [
          "southeastasia:007c0b32-9493-46cd-bf5a-9314cf442be5"
        ],
        "x-ms-ratelimit-remaining-subscription-reads": [
          "11987"
        ],
        "x-ms-correlation-request-id": [
          "d4e82538-423e-4513-9c04-601b23e4685f"
        ],
        "x-ms-routing-request-id": [
          "SOUTHEASTASIA:20191108T055640Z:d4e82538-423e-4513-9c04-601b23e4685f"
        ],
        "Strict-Transport-Security": [
          "max-age=31536000; includeSubDomains"
        ],
        "X-Content-Type-Options": [
          "nosniff"
        ],
        "Date": [
          "Fri, 08 Nov 2019 05:56:39 GMT"
        ],
        "Content-Length": [
          "511"
        ],
        "Content-Type": [
          "application/json; charset=utf-8"
        ],
        "Expires": [
          "-1"
        ]
      },
      "ResponseBody": "{\r\n  \"properties\": {\r\n    \"policyType\": \"Custom\",\r\n    \"mode\": \"Indexed\",\r\n    \"metadata\": {\r\n      \"createdBy\": \"5b5e6b07-55b8-419b-a446-20fe0aa5b459\",\r\n      \"createdOn\": \"2019-11-08T05:56:39.8506696Z\",\r\n      \"updatedBy\": null,\r\n      \"updatedOn\": null\r\n    },\r\n    \"policyRule\": {\r\n      \"if\": {\r\n        \"not\": {\r\n          \"field\": \"location\",\r\n          \"in\": [\r\n            \"northeurope\",\r\n            \"westeurope\"\r\n          ]\r\n        }\r\n      },\r\n      \"then\": {\r\n        \"effect\": \"deny\"\r\n      }\r\n    }\r\n  },\r\n  \"id\": \"/subscriptions/0b1f6471-1bf0-4dda-aec3-cb9272f09590/providers/Microsoft.Authorization/policyDefinitions/pdn483447294abc01\",\r\n  \"type\": \"Microsoft.Authorization/policyDefinitions\",\r\n  \"name\": \"pdn483447294abc01\"\r\n}",
      "StatusCode": 200
    },
    {
      "RequestUri": "//subscriptions/0b1f6471-1bf0-4dda-aec3-cb9272f09590/resourceGroups/rgrsmpa77a583101179/providers/Microsoft.Authorization/policyAssignments/pan109a75308d51af4?api-version=2019-06-01",
      "EncodedRequestUri": "Ly9zdWJzY3JpcHRpb25zLzBiMWY2NDcxLTFiZjAtNGRkYS1hZWMzLWNiOTI3MmYwOTU5MC9yZXNvdXJjZUdyb3Vwcy9yZ3JzbXBhNzdhNTgzMTAxMTc5L3Byb3ZpZGVycy9NaWNyb3NvZnQuQXV0aG9yaXphdGlvbi9wb2xpY3lBc3NpZ25tZW50cy9wYW4xMDlhNzUzMDhkNTFhZjQ/YXBpLXZlcnNpb249MjAxOS0wNi0wMQ==",
      "RequestMethod": "PUT",
      "RequestBody": "{\r\n  \"properties\": {\r\n    \"policyDefinitionId\": \"/subscriptions/0b1f6471-1bf0-4dda-aec3-cb9272f09590/providers/Microsoft.Authorization/policyDefinitions/pdn483447294abc01\",\r\n    \"enforcementMode\": \"Default\"\r\n  }\r\n}",
      "RequestHeaders": {
        "x-ms-client-request-id": [
          "c5401dbd-2cf3-46d8-b019-c9ac85846d84"
        ],
        "Accept-Language": [
          "en-US"
        ],
        "User-Agent": [
          "FxVersion/4.6.28008.01",
          "OSName/Windows",
          "OSVersion/Microsoft.Windows.10.0.18363.",
          "Microsoft.Azure.Management.ResourceManager.Fluent.PolicyClient/1.0.0.61",
          "MacAddressHash/f198b50d7e3ef6510679efb9e4c9a1474fd2bf18cf1d6a2182c79b00464dbadd"
        ],
        "Content-Type": [
          "application/json; charset=utf-8"
        ],
        "Content-Length": [
          "214"
        ]
      },
      "ResponseHeaders": {
        "Cache-Control": [
          "no-cache"
        ],
        "Pragma": [
          "no-cache"
        ],
        "x-ms-request-id": [
          "southeastasia:da2d2e49-66ff-4f4d-b89b-394501d93454"
        ],
        "x-ms-ratelimit-remaining-subscription-writes": [
          "1193"
        ],
        "x-ms-correlation-request-id": [
          "2eca96ca-679f-47fc-a95c-1a0cbcc22cd3"
        ],
        "x-ms-routing-request-id": [
          "SOUTHEASTASIA:20191108T055640Z:2eca96ca-679f-47fc-a95c-1a0cbcc22cd3"
        ],
        "Strict-Transport-Security": [
          "max-age=31536000; includeSubDomains"
        ],
        "X-Content-Type-Options": [
          "nosniff"
        ],
        "Date": [
          "Fri, 08 Nov 2019 05:56:39 GMT"
        ],
        "Content-Length": [
          "705"
        ],
        "Content-Type": [
          "application/json; charset=utf-8"
        ],
        "Expires": [
          "-1"
        ]
      },
      "ResponseBody": "{\r\n  \"sku\": {\r\n    \"name\": \"A0\",\r\n    \"tier\": \"Free\"\r\n  },\r\n  \"properties\": {\r\n    \"policyDefinitionId\": \"/subscriptions/0b1f6471-1bf0-4dda-aec3-cb9272f09590/providers/Microsoft.Authorization/policyDefinitions/pdn483447294abc01\",\r\n    \"scope\": \"/subscriptions/0b1f6471-1bf0-4dda-aec3-cb9272f09590/resourceGroups/rgrsmpa77a583101179\",\r\n    \"metadata\": {\r\n      \"createdBy\": \"5b5e6b07-55b8-419b-a446-20fe0aa5b459\",\r\n      \"createdOn\": \"2019-11-08T05:56:40.1945202Z\",\r\n      \"updatedBy\": null,\r\n      \"updatedOn\": null\r\n    },\r\n    \"enforcementMode\": \"Default\"\r\n  },\r\n  \"id\": \"/subscriptions/0b1f6471-1bf0-4dda-aec3-cb9272f09590/resourceGroups/rgrsmpa77a583101179/providers/Microsoft.Authorization/policyAssignments/pan109a75308d51af4\",\r\n  \"type\": \"Microsoft.Authorization/policyAssignments\",\r\n  \"name\": \"pan109a75308d51af4\"\r\n}",
      "StatusCode": 201
    },
    {
      "RequestUri": "//subscriptions/0b1f6471-1bf0-4dda-aec3-cb9272f09590/resourceGroups/rgrsmpa77a583101179/providers/Microsoft.Authorization/policyAssignments/pan109a75308d51af4?api-version=2019-06-01",
      "EncodedRequestUri": "Ly9zdWJzY3JpcHRpb25zLzBiMWY2NDcxLTFiZjAtNGRkYS1hZWMzLWNiOTI3MmYwOTU5MC9yZXNvdXJjZUdyb3Vwcy9yZ3JzbXBhNzdhNTgzMTAxMTc5L3Byb3ZpZGVycy9NaWNyb3NvZnQuQXV0aG9yaXphdGlvbi9wb2xpY3lBc3NpZ25tZW50cy9wYW4xMDlhNzUzMDhkNTFhZjQ/YXBpLXZlcnNpb249MjAxOS0wNi0wMQ==",
      "RequestMethod": "GET",
      "RequestBody": "",
      "RequestHeaders": {
        "x-ms-client-request-id": [
          "03cc1e86-d412-47a1-80ca-7c22b0ce8ae0"
        ],
        "Accept-Language": [
          "en-US"
        ],
        "User-Agent": [
          "FxVersion/4.6.28008.01",
          "OSName/Windows",
          "OSVersion/Microsoft.Windows.10.0.18363.",
          "Microsoft.Azure.Management.ResourceManager.Fluent.PolicyClient/1.0.0.61",
          "MacAddressHash/f198b50d7e3ef6510679efb9e4c9a1474fd2bf18cf1d6a2182c79b00464dbadd"
        ]
      },
      "ResponseHeaders": {
        "Cache-Control": [
          "no-cache"
        ],
        "Pragma": [
          "no-cache"
        ],
        "Vary": [
          "Accept-Encoding"
        ],
        "x-ms-request-id": [
          "southeastasia:85c58b97-9710-4d3a-ab75-b470248b7e5a"
        ],
        "x-ms-ratelimit-remaining-subscription-reads": [
          "11986"
        ],
        "x-ms-correlation-request-id": [
          "b8588188-c5fc-4991-b76b-e90a5f1cb324"
        ],
        "x-ms-routing-request-id": [
          "SOUTHEASTASIA:20191108T055640Z:b8588188-c5fc-4991-b76b-e90a5f1cb324"
        ],
        "Strict-Transport-Security": [
          "max-age=31536000; includeSubDomains"
        ],
        "X-Content-Type-Options": [
          "nosniff"
        ],
        "Date": [
          "Fri, 08 Nov 2019 05:56:39 GMT"
        ],
        "Content-Length": [
          "705"
        ],
        "Content-Type": [
          "application/json; charset=utf-8"
        ],
        "Expires": [
          "-1"
        ]
      },
      "ResponseBody": "{\r\n  \"sku\": {\r\n    \"name\": \"A0\",\r\n    \"tier\": \"Free\"\r\n  },\r\n  \"properties\": {\r\n    \"policyDefinitionId\": \"/subscriptions/0b1f6471-1bf0-4dda-aec3-cb9272f09590/providers/Microsoft.Authorization/policyDefinitions/pdn483447294abc01\",\r\n    \"scope\": \"/subscriptions/0b1f6471-1bf0-4dda-aec3-cb9272f09590/resourceGroups/rgrsmpa77a583101179\",\r\n    \"metadata\": {\r\n      \"createdBy\": \"5b5e6b07-55b8-419b-a446-20fe0aa5b459\",\r\n      \"createdOn\": \"2019-11-08T05:56:40.1945202Z\",\r\n      \"updatedBy\": null,\r\n      \"updatedOn\": null\r\n    },\r\n    \"enforcementMode\": \"Default\"\r\n  },\r\n  \"id\": \"/subscriptions/0b1f6471-1bf0-4dda-aec3-cb9272f09590/resourceGroups/rgrsmpa77a583101179/providers/Microsoft.Authorization/policyAssignments/pan109a75308d51af4\",\r\n  \"type\": \"Microsoft.Authorization/policyAssignments\",\r\n  \"name\": \"pan109a75308d51af4\"\r\n}",
      "StatusCode": 200
    },
    {
      "RequestUri": "//subscriptions/0b1f6471-1bf0-4dda-aec3-cb9272f09590/resourceGroups/rgrsmpa77a583101179/providers/Microsoft.Authorization/policyAssignments/pan25d224490daad27?api-version=2019-06-01",
      "EncodedRequestUri": "Ly9zdWJzY3JpcHRpb25zLzBiMWY2NDcxLTFiZjAtNGRkYS1hZWMzLWNiOTI3MmYwOTU5MC9yZXNvdXJjZUdyb3Vwcy9yZ3JzbXBhNzdhNTgzMTAxMTc5L3Byb3ZpZGVycy9NaWNyb3NvZnQuQXV0aG9yaXphdGlvbi9wb2xpY3lBc3NpZ25tZW50cy9wYW4yNWQyMjQ0OTBkYWFkMjc/YXBpLXZlcnNpb249MjAxOS0wNi0wMQ==",
      "RequestMethod": "PUT",
      "RequestBody": "{\r\n  \"properties\": {\r\n    \"policyDefinitionId\": \"/subscriptions/0b1f6471-1bf0-4dda-aec3-cb9272f09590/providers/Microsoft.Authorization/policyDefinitions/pdn483447294abc01\",\r\n    \"enforcementMode\": \"DoNotEnforce\"\r\n  }\r\n}",
      "RequestHeaders": {
        "x-ms-client-request-id": [
          "9db11331-33c7-4ebe-8664-3ace8f067ea5"
        ],
        "Accept-Language": [
          "en-US"
        ],
        "User-Agent": [
          "FxVersion/4.6.28008.01",
          "OSName/Windows",
          "OSVersion/Microsoft.Windows.10.0.18363.",
          "Microsoft.Azure.Management.ResourceManager.Fluent.PolicyClient/1.0.0.61",
          "MacAddressHash/f198b50d7e3ef6510679efb9e4c9a1474fd2bf18cf1d6a2182c79b00464dbadd"
        ],
        "Content-Type": [
          "application/json; charset=utf-8"
        ],
        "Content-Length": [
          "219"
        ]
      },
      "ResponseHeaders": {
        "Cache-Control": [
          "no-cache"
        ],
        "Pragma": [
          "no-cache"
        ],
        "x-ms-request-id": [
          "southeastasia:974cd0d2-89f0-4619-8e3e-612725b7b100"
        ],
        "x-ms-ratelimit-remaining-subscription-writes": [
          "1192"
        ],
        "x-ms-correlation-request-id": [
          "5acf0445-8a9e-411f-876d-6c1900b2d6c6"
        ],
        "x-ms-routing-request-id": [
          "SOUTHEASTASIA:20191108T055640Z:5acf0445-8a9e-411f-876d-6c1900b2d6c6"
        ],
        "Strict-Transport-Security": [
          "max-age=31536000; includeSubDomains"
        ],
        "X-Content-Type-Options": [
          "nosniff"
        ],
        "Date": [
          "Fri, 08 Nov 2019 05:56:40 GMT"
        ],
        "Content-Length": [
          "710"
        ],
        "Content-Type": [
          "application/json; charset=utf-8"
        ],
        "Expires": [
          "-1"
        ]
      },
      "ResponseBody": "{\r\n  \"sku\": {\r\n    \"name\": \"A0\",\r\n    \"tier\": \"Free\"\r\n  },\r\n  \"properties\": {\r\n    \"policyDefinitionId\": \"/subscriptions/0b1f6471-1bf0-4dda-aec3-cb9272f09590/providers/Microsoft.Authorization/policyDefinitions/pdn483447294abc01\",\r\n    \"scope\": \"/subscriptions/0b1f6471-1bf0-4dda-aec3-cb9272f09590/resourceGroups/rgrsmpa77a583101179\",\r\n    \"metadata\": {\r\n      \"createdBy\": \"5b5e6b07-55b8-419b-a446-20fe0aa5b459\",\r\n      \"createdOn\": \"2019-11-08T05:56:40.4445227Z\",\r\n      \"updatedBy\": null,\r\n      \"updatedOn\": null\r\n    },\r\n    \"enforcementMode\": \"DoNotEnforce\"\r\n  },\r\n  \"id\": \"/subscriptions/0b1f6471-1bf0-4dda-aec3-cb9272f09590/resourceGroups/rgrsmpa77a583101179/providers/Microsoft.Authorization/policyAssignments/pan25d224490daad27\",\r\n  \"type\": \"Microsoft.Authorization/policyAssignments\",\r\n  \"name\": \"pan25d224490daad27\"\r\n}",
      "StatusCode": 201
    },
    {
      "RequestUri": "//subscriptions/0b1f6471-1bf0-4dda-aec3-cb9272f09590/resourceGroups/rgrsmpa77a583101179/providers/Microsoft.Authorization/policyAssignments/pan25d224490daad27?api-version=2019-06-01",
      "EncodedRequestUri": "Ly9zdWJzY3JpcHRpb25zLzBiMWY2NDcxLTFiZjAtNGRkYS1hZWMzLWNiOTI3MmYwOTU5MC9yZXNvdXJjZUdyb3Vwcy9yZ3JzbXBhNzdhNTgzMTAxMTc5L3Byb3ZpZGVycy9NaWNyb3NvZnQuQXV0aG9yaXphdGlvbi9wb2xpY3lBc3NpZ25tZW50cy9wYW4yNWQyMjQ0OTBkYWFkMjc/YXBpLXZlcnNpb249MjAxOS0wNi0wMQ==",
      "RequestMethod": "GET",
      "RequestBody": "",
      "RequestHeaders": {
        "x-ms-client-request-id": [
          "d4270b93-68bb-4ead-b33c-8cbeeda604ea"
        ],
        "Accept-Language": [
          "en-US"
        ],
        "User-Agent": [
          "FxVersion/4.6.28008.01",
          "OSName/Windows",
          "OSVersion/Microsoft.Windows.10.0.18363.",
          "Microsoft.Azure.Management.ResourceManager.Fluent.PolicyClient/1.0.0.61",
          "MacAddressHash/f198b50d7e3ef6510679efb9e4c9a1474fd2bf18cf1d6a2182c79b00464dbadd"
        ]
      },
      "ResponseHeaders": {
        "Cache-Control": [
          "no-cache"
        ],
        "Pragma": [
          "no-cache"
        ],
        "Vary": [
          "Accept-Encoding"
        ],
        "x-ms-request-id": [
          "southeastasia:1307d428-e09a-4ac7-b2bd-c47b54d006eb"
        ],
        "x-ms-ratelimit-remaining-subscription-reads": [
          "11985"
        ],
        "x-ms-correlation-request-id": [
          "d0c41612-aa2a-4daa-b485-a0aa557085cf"
        ],
        "x-ms-routing-request-id": [
          "SOUTHEASTASIA:20191108T055640Z:d0c41612-aa2a-4daa-b485-a0aa557085cf"
        ],
        "Strict-Transport-Security": [
          "max-age=31536000; includeSubDomains"
        ],
        "X-Content-Type-Options": [
          "nosniff"
        ],
        "Date": [
          "Fri, 08 Nov 2019 05:56:40 GMT"
        ],
        "Content-Length": [
          "710"
        ],
        "Content-Type": [
          "application/json; charset=utf-8"
        ],
        "Expires": [
          "-1"
        ]
      },
      "ResponseBody": "{\r\n  \"sku\": {\r\n    \"name\": \"A0\",\r\n    \"tier\": \"Free\"\r\n  },\r\n  \"properties\": {\r\n    \"policyDefinitionId\": \"/subscriptions/0b1f6471-1bf0-4dda-aec3-cb9272f09590/providers/Microsoft.Authorization/policyDefinitions/pdn483447294abc01\",\r\n    \"scope\": \"/subscriptions/0b1f6471-1bf0-4dda-aec3-cb9272f09590/resourceGroups/rgrsmpa77a583101179\",\r\n    \"metadata\": {\r\n      \"createdBy\": \"5b5e6b07-55b8-419b-a446-20fe0aa5b459\",\r\n      \"createdOn\": \"2019-11-08T05:56:40.4445227Z\",\r\n      \"updatedBy\": null,\r\n      \"updatedOn\": null\r\n    },\r\n    \"enforcementMode\": \"DoNotEnforce\"\r\n  },\r\n  \"id\": \"/subscriptions/0b1f6471-1bf0-4dda-aec3-cb9272f09590/resourceGroups/rgrsmpa77a583101179/providers/Microsoft.Authorization/policyAssignments/pan25d224490daad27\",\r\n  \"type\": \"Microsoft.Authorization/policyAssignments\",\r\n  \"name\": \"pan25d224490daad27\"\r\n}",
      "StatusCode": 200
    },
    {
      "RequestUri": "/subscriptions/0b1f6471-1bf0-4dda-aec3-cb9272f09590/providers/Microsoft.Authorization/policyAssignments?api-version=2019-06-01",
      "EncodedRequestUri": "L3N1YnNjcmlwdGlvbnMvMGIxZjY0NzEtMWJmMC00ZGRhLWFlYzMtY2I5MjcyZjA5NTkwL3Byb3ZpZGVycy9NaWNyb3NvZnQuQXV0aG9yaXphdGlvbi9wb2xpY3lBc3NpZ25tZW50cz9hcGktdmVyc2lvbj0yMDE5LTA2LTAx",
      "RequestMethod": "GET",
      "RequestBody": "",
      "RequestHeaders": {
        "x-ms-client-request-id": [
          "7d57452a-3b6a-46a3-9860-5406a0f7327b"
        ],
        "Accept-Language": [
          "en-US"
        ],
        "User-Agent": [
          "FxVersion/4.6.28008.01",
          "OSName/Windows",
          "OSVersion/Microsoft.Windows.10.0.18363.",
          "Microsoft.Azure.Management.ResourceManager.Fluent.PolicyClient/1.0.0.61",
          "MacAddressHash/f198b50d7e3ef6510679efb9e4c9a1474fd2bf18cf1d6a2182c79b00464dbadd"
        ]
      },
      "ResponseHeaders": {
        "Cache-Control": [
          "no-cache"
        ],
        "Pragma": [
          "no-cache"
        ],
        "Vary": [
          "Accept-Encoding"
        ],
        "x-ms-request-id": [
          "southeastasia:c7ef756a-d3c9-4e50-87ae-bd984e47092b"
        ],
        "x-ms-ratelimit-remaining-subscription-reads": [
          "11984"
        ],
        "x-ms-correlation-request-id": [
          "3b38da72-072e-4b71-b518-cc8f4ff0c037"
        ],
        "x-ms-routing-request-id": [
          "SOUTHEASTASIA:20191108T055640Z:3b38da72-072e-4b71-b518-cc8f4ff0c037"
        ],
        "Strict-Transport-Security": [
          "max-age=31536000; includeSubDomains"
        ],
        "X-Content-Type-Options": [
          "nosniff"
        ],
        "Date": [
          "Fri, 08 Nov 2019 05:56:40 GMT"
        ],
        "Content-Length": [
          "6787"
        ],
        "Content-Type": [
          "application/json; charset=utf-8"
        ],
        "Expires": [
          "-1"
        ]
      },
      "ResponseBody": "{\r\n  \"value\": [\r\n    {\r\n      \"sku\": {\r\n        \"name\": \"A1\",\r\n        \"tier\": \"Standard\"\r\n      },\r\n      \"properties\": {\r\n        \"displayName\": \"ASC Default (subscription: 0b1f6471-1bf0-4dda-aec3-cb9272f09590)\",\r\n        \"policyDefinitionId\": \"/providers/Microsoft.Authorization/policySetDefinitions/1f3afdf9-d0c9-4c3d-847f-89da613e70a8\",\r\n        \"scope\": \"/subscriptions/0b1f6471-1bf0-4dda-aec3-cb9272f09590\",\r\n        \"parameters\": {\r\n          \"diagnosticsLogsInServiceFabricMonitoringEffect\": {\r\n            \"value\": \"AuditIfNotExists\"\r\n          },\r\n          \"systemUpdatesMonitoringEffect\": {\r\n            \"value\": \"AuditIfNotExists\"\r\n          },\r\n          \"systemConfigurationsMonitoringEffect\": {\r\n            \"value\": \"AuditIfNotExists\"\r\n          },\r\n          \"endpointProtectionMonitoringEffect\": {\r\n            \"value\": \"AuditIfNotExists\"\r\n          },\r\n          \"diskEncryptionMonitoringEffect\": {\r\n            \"value\": \"AuditIfNotExists\"\r\n          },\r\n          \"networkSecurityGroupsMonitoringEffect\": {\r\n            \"value\": \"AuditIfNotExists\"\r\n          },\r\n          \"webApplicationFirewallMonitoringEffect\": {\r\n            \"value\": \"AuditIfNotExists\"\r\n          },\r\n          \"sqlAuditingMonitoringEffect\": {\r\n            \"value\": \"AuditIfNotExists\"\r\n          },\r\n          \"sqlEncryptionMonitoringEffect\": {\r\n            \"value\": \"AuditIfNotExists\"\r\n          },\r\n          \"nextGenerationFirewallMonitoringEffect\": {\r\n            \"value\": \"AuditIfNotExists\"\r\n          },\r\n          \"vulnerabilityAssesmentMonitoringEffect\": {\r\n            \"value\": \"AuditIfNotExists\"\r\n          },\r\n          \"storageEncryptionMonitoringEffect\": {\r\n            \"value\": \"Audit\"\r\n          },\r\n          \"jitNetworkAccessMonitoringEffect\": {\r\n            \"value\": \"AuditIfNotExists\"\r\n          },\r\n          \"adaptiveApplicationControlsMonitoringEffect\": {\r\n            \"value\": \"AuditIfNotExists\"\r\n          },\r\n          \"identityDesignateLessThanOwnersMonitoringEffect\": {\r\n            \"value\": \"AuditIfNotExists\"\r\n          },\r\n          \"identityDesignateMoreThanOneOwnerMonitoringEffect\": {\r\n            \"value\": \"AuditIfNotExists\"\r\n          },\r\n          \"identityEnableMFAForOwnerPermissionsMonitoringEffect\": {\r\n            \"value\": \"AuditIfNotExists\"\r\n          },\r\n          \"identityEnableMFAForWritePermissionsMonitoringEffect\": {\r\n            \"value\": \"AuditIfNotExists\"\r\n          },\r\n          \"identityEnableMFAForReadPermissionsMonitoringEffect\": {\r\n            \"value\": \"AuditIfNotExists\"\r\n          },\r\n          \"identityRemoveDeprecatedAccountWithOwnerPermissionsMonitoringEffect\": {\r\n            \"value\": \"AuditIfNotExists\"\r\n          },\r\n          \"identityRemoveDeprecatedAccountMonitoringEffect\": {\r\n            \"value\": \"AuditIfNotExists\"\r\n          },\r\n          \"identityRemoveExternalAccountWithOwnerPermissionsMonitoringEffect\": {\r\n            \"value\": \"AuditIfNotExists\"\r\n          },\r\n          \"identityRemoveExternalAccountWithWritePermissionsMonitoringEffect\": {\r\n            \"value\": \"AuditIfNotExists\"\r\n          },\r\n          \"identityRemoveExternalAccountWithReadPermissionsMonitoringEffect\": {\r\n            \"value\": \"AuditIfNotExists\"\r\n          },\r\n          \"secureTransferToStorageAccountMonitoringEffect\": {\r\n            \"value\": \"Audit\"\r\n          },\r\n          \"aadAuthenticationInSqlServerMonitoringEffect\": {\r\n            \"value\": \"AuditIfNotExists\"\r\n          },\r\n          \"diagnosticsLogsInRedisCacheMonitoringEffect\": {\r\n            \"value\": \"Audit\"\r\n          },\r\n          \"clusterProtectionLevelInServiceFabricMonitoringEffect\": {\r\n            \"value\": \"Audit\"\r\n          },\r\n          \"aadAuthenticationInServiceFabricMonitoringEffect\": {\r\n            \"value\": \"Audit\"\r\n          },\r\n          \"diagnosticsLogsInServiceBusMonitoringEffect\": {\r\n            \"value\": \"AuditIfNotExists\"\r\n          },\r\n          \"diagnosticsLogsInDataLakeAnalyticsMonitoringEffect\": {\r\n            \"value\": \"AuditIfNotExists\"\r\n          },\r\n          \"diagnosticsLogsInDataLakeStoreMonitoringEffect\": {\r\n            \"value\": \"AuditIfNotExists\"\r\n          },\r\n          \"diagnosticsLogsInBatchAccountMonitoringEffect\": {\r\n            \"value\": \"AuditIfNotExists\"\r\n          },\r\n          \"diagnosticsLogsInEventHubMonitoringEffect\": {\r\n            \"value\": \"AuditIfNotExists\"\r\n          },\r\n          \"metricAlertsInBatchAccountMonitoringEffect\": {\r\n            \"value\": \"AuditIfNotExists\"\r\n          },\r\n          \"namespaceAuthorizationRulesInServiceBusMonitoringEffect\": {\r\n            \"value\": \"Audit\"\r\n          },\r\n          \"disableUnrestrictedNetworkToStorageAccountMonitoringEffect\": {\r\n            \"value\": \"Audit\"\r\n          },\r\n          \"classicComputeVMsMonitoringEffect\": {\r\n            \"value\": \"Audit\"\r\n          },\r\n          \"classicStorageAccountsMonitoringEffect\": {\r\n            \"value\": \"Audit\"\r\n          },\r\n          \"sqlDbVulnerabilityAssesmentMonitoringEffect\": {\r\n            \"value\": \"AuditIfNotExists\"\r\n          },\r\n          \"diagnosticsLogsInKeyVaultMonitoringEffect\": {\r\n            \"value\": \"AuditIfNotExists\"\r\n          },\r\n          \"diagnosticsLogsInStreamAnalyticsMonitoringEffect\": {\r\n            \"value\": \"AuditIfNotExists\"\r\n          },\r\n          \"diagnosticsLogsInSearchServiceMonitoringEffect\": {\r\n            \"value\": \"AuditIfNotExists\"\r\n          },\r\n          \"diagnosticsLogsInLogicAppsMonitoringEffect\": {\r\n            \"value\": \"AuditIfNotExists\"\r\n          }\r\n        },\r\n        \"description\": \"This policy assignment was automatically created by Azure Security Center\",\r\n        \"metadata\": {\r\n          \"assignedBy\": \"Security Center\"\r\n        },\r\n        \"enforcementMode\": \"Default\"\r\n      },\r\n      \"id\": \"/subscriptions/0b1f6471-1bf0-4dda-aec3-cb9272f09590/providers/Microsoft.Authorization/policyAssignments/SecurityCenterBuiltIn\",\r\n      \"type\": \"Microsoft.Authorization/policyAssignments\",\r\n      \"name\": \"SecurityCenterBuiltIn\"\r\n    },\r\n    {\r\n      \"sku\": {\r\n        \"name\": \"A0\",\r\n        \"tier\": \"Free\"\r\n      },\r\n      \"properties\": {\r\n        \"displayName\": \"pol-assdis-6993\",\r\n        \"policyDefinitionId\": \"/subscriptions/0b1f6471-1bf0-4dda-aec3-cb9272f09590/providers/Microsoft.Authorization/policyDefinitions/pol-def-834\",\r\n        \"scope\": \"/subscriptions/0b1f6471-1bf0-4dda-aec3-cb9272f09590/resourceGroups/rg-4563\",\r\n        \"metadata\": {\r\n          \"createdBy\": \"5b5e6b07-55b8-419b-a446-20fe0aa5b459\",\r\n          \"createdOn\": \"2019-11-07T10:50:50.733706Z\",\r\n          \"updatedBy\": null,\r\n          \"updatedOn\": null\r\n        },\r\n        \"enforcementMode\": \"Default\"\r\n      },\r\n      \"id\": \"/subscriptions/0b1f6471-1bf0-4dda-aec3-cb9272f09590/resourceGroups/rg-4563/providers/Microsoft.Authorization/policyAssignments/pol-ass-616\",\r\n      \"type\": \"Microsoft.Authorization/policyAssignments\",\r\n      \"name\": \"pol-ass-616\"\r\n    },\r\n    {\r\n      \"sku\": {\r\n        \"name\": \"A0\",\r\n        \"tier\": \"Free\"\r\n      },\r\n      \"properties\": {\r\n        \"policyDefinitionId\": \"/subscriptions/0b1f6471-1bf0-4dda-aec3-cb9272f09590/providers/Microsoft.Authorization/policyDefinitions/pdn483447294abc01\",\r\n        \"scope\": \"/subscriptions/0b1f6471-1bf0-4dda-aec3-cb9272f09590/resourceGroups/rgrsmpa77a583101179\",\r\n        \"metadata\": {\r\n          \"createdBy\": \"5b5e6b07-55b8-419b-a446-20fe0aa5b459\",\r\n          \"createdOn\": \"2019-11-08T05:56:40.1945202Z\",\r\n          \"updatedBy\": null,\r\n          \"updatedOn\": null\r\n        },\r\n        \"enforcementMode\": \"Default\"\r\n      },\r\n      \"id\": \"/subscriptions/0b1f6471-1bf0-4dda-aec3-cb9272f09590/resourceGroups/rgrsmpa77a583101179/providers/Microsoft.Authorization/policyAssignments/pan109a75308d51af4\",\r\n      \"type\": \"Microsoft.Authorization/policyAssignments\",\r\n      \"name\": \"pan109a75308d51af4\"\r\n    },\r\n    {\r\n      \"sku\": {\r\n        \"name\": \"A0\",\r\n        \"tier\": \"Free\"\r\n      },\r\n      \"properties\": {\r\n        \"policyDefinitionId\": \"/subscriptions/0b1f6471-1bf0-4dda-aec3-cb9272f09590/providers/Microsoft.Authorization/policyDefinitions/pdn483447294abc01\",\r\n        \"scope\": \"/subscriptions/0b1f6471-1bf0-4dda-aec3-cb9272f09590/resourceGroups/rgrsmpa77a583101179\",\r\n        \"metadata\": {\r\n          \"createdBy\": \"5b5e6b07-55b8-419b-a446-20fe0aa5b459\",\r\n          \"createdOn\": \"2019-11-08T05:56:40.4445227Z\",\r\n          \"updatedBy\": null,\r\n          \"updatedOn\": null\r\n        },\r\n        \"enforcementMode\": \"DoNotEnforce\"\r\n      },\r\n      \"id\": \"/subscriptions/0b1f6471-1bf0-4dda-aec3-cb9272f09590/resourceGroups/rgrsmpa77a583101179/providers/Microsoft.Authorization/policyAssignments/pan25d224490daad27\",\r\n      \"type\": \"Microsoft.Authorization/policyAssignments\",\r\n      \"name\": \"pan25d224490daad27\"\r\n    },\r\n    {\r\n      \"sku\": {\r\n        \"name\": \"A0\",\r\n        \"tier\": \"Free\"\r\n      },\r\n      \"properties\": {\r\n        \"displayName\": \"pol-assdis-7045\",\r\n        \"policyDefinitionId\": \"/subscriptions/0b1f6471-1bf0-4dda-aec3-cb9272f09590/providers/Microsoft.Authorization/policyDefinitions/pol-def-4703\",\r\n        \"scope\": \"/subscriptions/0b1f6471-1bf0-4dda-aec3-cb9272f09590/resourceGroups/rg-3319\",\r\n        \"metadata\": {\r\n          \"createdBy\": \"5b5e6b07-55b8-419b-a446-20fe0aa5b459\",\r\n          \"createdOn\": \"2019-11-07T10:51:27.3827409Z\",\r\n          \"updatedBy\": null,\r\n          \"updatedOn\": null\r\n        },\r\n        \"enforcementMode\": \"Default\"\r\n      },\r\n      \"id\": \"/subscriptions/0b1f6471-1bf0-4dda-aec3-cb9272f09590/resourceGroups/rg-3319/providers/Microsoft.Authorization/policyAssignments/pol-ass-9994\",\r\n      \"type\": \"Microsoft.Authorization/policyAssignments\",\r\n      \"name\": \"pol-ass-9994\"\r\n    }\r\n  ]\r\n}",
      "StatusCode": 200
    },
    {
      "RequestUri": "//subscriptions/0b1f6471-1bf0-4dda-aec3-cb9272f09590/resourceGroups/rgrsmpa77a583101179/providers/Microsoft.Authorization/policyAssignments/pan109a75308d51af4?api-version=2019-06-01",
      "EncodedRequestUri": "Ly9zdWJzY3JpcHRpb25zLzBiMWY2NDcxLTFiZjAtNGRkYS1hZWMzLWNiOTI3MmYwOTU5MC9yZXNvdXJjZUdyb3Vwcy9yZ3JzbXBhNzdhNTgzMTAxMTc5L3Byb3ZpZGVycy9NaWNyb3NvZnQuQXV0aG9yaXphdGlvbi9wb2xpY3lBc3NpZ25tZW50cy9wYW4xMDlhNzUzMDhkNTFhZjQ/YXBpLXZlcnNpb249MjAxOS0wNi0wMQ==",
      "RequestMethod": "DELETE",
      "RequestBody": "",
      "RequestHeaders": {
        "x-ms-client-request-id": [
          "028f5f19-274d-4df9-a538-9ad0566ce476"
        ],
        "Accept-Language": [
          "en-US"
        ],
        "User-Agent": [
          "FxVersion/4.6.28008.01",
          "OSName/Windows",
          "OSVersion/Microsoft.Windows.10.0.18363.",
          "Microsoft.Azure.Management.ResourceManager.Fluent.PolicyClient/1.0.0.61",
          "MacAddressHash/f198b50d7e3ef6510679efb9e4c9a1474fd2bf18cf1d6a2182c79b00464dbadd"
        ]
      },
      "ResponseHeaders": {
        "Cache-Control": [
          "no-cache"
        ],
        "Pragma": [
          "no-cache"
        ],
        "Vary": [
          "Accept-Encoding"
        ],
        "x-ms-request-id": [
          "southeastasia:9f965756-40db-42c4-a827-561023841158"
        ],
        "x-ms-ratelimit-remaining-subscription-deletes": [
          "14996"
        ],
        "x-ms-correlation-request-id": [
          "04aa953f-5bb7-4faf-b115-d071e1193321"
        ],
        "x-ms-routing-request-id": [
          "SOUTHEASTASIA:20191108T055640Z:04aa953f-5bb7-4faf-b115-d071e1193321"
        ],
        "Strict-Transport-Security": [
          "max-age=31536000; includeSubDomains"
        ],
        "X-Content-Type-Options": [
          "nosniff"
        ],
        "Date": [
          "Fri, 08 Nov 2019 05:56:40 GMT"
        ],
        "Content-Length": [
          "705"
        ],
        "Content-Type": [
          "application/json; charset=utf-8"
        ],
        "Expires": [
          "-1"
        ]
      },
      "ResponseBody": "{\r\n  \"sku\": {\r\n    \"name\": \"A0\",\r\n    \"tier\": \"Free\"\r\n  },\r\n  \"properties\": {\r\n    \"policyDefinitionId\": \"/subscriptions/0b1f6471-1bf0-4dda-aec3-cb9272f09590/providers/Microsoft.Authorization/policyDefinitions/pdn483447294abc01\",\r\n    \"scope\": \"/subscriptions/0b1f6471-1bf0-4dda-aec3-cb9272f09590/resourceGroups/rgrsmpa77a583101179\",\r\n    \"metadata\": {\r\n      \"createdBy\": \"5b5e6b07-55b8-419b-a446-20fe0aa5b459\",\r\n      \"createdOn\": \"2019-11-08T05:56:40.1945202Z\",\r\n      \"updatedBy\": null,\r\n      \"updatedOn\": null\r\n    },\r\n    \"enforcementMode\": \"Default\"\r\n  },\r\n  \"id\": \"/subscriptions/0b1f6471-1bf0-4dda-aec3-cb9272f09590/resourceGroups/rgrsmpa77a583101179/providers/Microsoft.Authorization/policyAssignments/pan109a75308d51af4\",\r\n  \"type\": \"Microsoft.Authorization/policyAssignments\",\r\n  \"name\": \"pan109a75308d51af4\"\r\n}",
      "StatusCode": 200
    },
    {
      "RequestUri": "//subscriptions/0b1f6471-1bf0-4dda-aec3-cb9272f09590/resourceGroups/rgrsmpa77a583101179/providers/Microsoft.Authorization/policyAssignments/pan25d224490daad27?api-version=2019-06-01",
      "EncodedRequestUri": "Ly9zdWJzY3JpcHRpb25zLzBiMWY2NDcxLTFiZjAtNGRkYS1hZWMzLWNiOTI3MmYwOTU5MC9yZXNvdXJjZUdyb3Vwcy9yZ3JzbXBhNzdhNTgzMTAxMTc5L3Byb3ZpZGVycy9NaWNyb3NvZnQuQXV0aG9yaXphdGlvbi9wb2xpY3lBc3NpZ25tZW50cy9wYW4yNWQyMjQ0OTBkYWFkMjc/YXBpLXZlcnNpb249MjAxOS0wNi0wMQ==",
      "RequestMethod": "DELETE",
      "RequestBody": "",
      "RequestHeaders": {
        "x-ms-client-request-id": [
          "e2802b6e-a4e6-45ca-87fb-d0518470120d"
        ],
        "Accept-Language": [
          "en-US"
        ],
        "User-Agent": [
          "FxVersion/4.6.28008.01",
          "OSName/Windows",
          "OSVersion/Microsoft.Windows.10.0.18363.",
          "Microsoft.Azure.Management.ResourceManager.Fluent.PolicyClient/1.0.0.61",
          "MacAddressHash/f198b50d7e3ef6510679efb9e4c9a1474fd2bf18cf1d6a2182c79b00464dbadd"
        ]
      },
      "ResponseHeaders": {
        "Cache-Control": [
          "no-cache"
        ],
        "Pragma": [
          "no-cache"
        ],
        "Vary": [
          "Accept-Encoding"
        ],
        "x-ms-request-id": [
          "southeastasia:cd6289f0-cce8-4aac-8c61-728b2070435d"
        ],
        "x-ms-ratelimit-remaining-subscription-deletes": [
          "14995"
        ],
        "x-ms-correlation-request-id": [
          "0e0697fc-1245-4501-8cb5-fbed5206d08a"
        ],
        "x-ms-routing-request-id": [
          "SOUTHEASTASIA:20191108T055640Z:0e0697fc-1245-4501-8cb5-fbed5206d08a"
        ],
        "Strict-Transport-Security": [
          "max-age=31536000; includeSubDomains"
        ],
        "X-Content-Type-Options": [
          "nosniff"
        ],
        "Date": [
          "Fri, 08 Nov 2019 05:56:40 GMT"
        ],
        "Content-Length": [
          "710"
        ],
        "Content-Type": [
          "application/json; charset=utf-8"
        ],
        "Expires": [
          "-1"
        ]
      },
      "ResponseBody": "{\r\n  \"sku\": {\r\n    \"name\": \"A0\",\r\n    \"tier\": \"Free\"\r\n  },\r\n  \"properties\": {\r\n    \"policyDefinitionId\": \"/subscriptions/0b1f6471-1bf0-4dda-aec3-cb9272f09590/providers/Microsoft.Authorization/policyDefinitions/pdn483447294abc01\",\r\n    \"scope\": \"/subscriptions/0b1f6471-1bf0-4dda-aec3-cb9272f09590/resourceGroups/rgrsmpa77a583101179\",\r\n    \"metadata\": {\r\n      \"createdBy\": \"5b5e6b07-55b8-419b-a446-20fe0aa5b459\",\r\n      \"createdOn\": \"2019-11-08T05:56:40.4445227Z\",\r\n      \"updatedBy\": null,\r\n      \"updatedOn\": null\r\n    },\r\n    \"enforcementMode\": \"DoNotEnforce\"\r\n  },\r\n  \"id\": \"/subscriptions/0b1f6471-1bf0-4dda-aec3-cb9272f09590/resourceGroups/rgrsmpa77a583101179/providers/Microsoft.Authorization/policyAssignments/pan25d224490daad27\",\r\n  \"type\": \"Microsoft.Authorization/policyAssignments\",\r\n  \"name\": \"pan25d224490daad27\"\r\n}",
      "StatusCode": 200
    },
    {
      "RequestUri": "/subscriptions/0b1f6471-1bf0-4dda-aec3-cb9272f09590/providers/Microsoft.Authorization/policyDefinitions/pdn483447294abc01?api-version=2019-06-01",
      "EncodedRequestUri": "L3N1YnNjcmlwdGlvbnMvMGIxZjY0NzEtMWJmMC00ZGRhLWFlYzMtY2I5MjcyZjA5NTkwL3Byb3ZpZGVycy9NaWNyb3NvZnQuQXV0aG9yaXphdGlvbi9wb2xpY3lEZWZpbml0aW9ucy9wZG40ODM0NDcyOTRhYmMwMT9hcGktdmVyc2lvbj0yMDE5LTA2LTAx",
      "RequestMethod": "DELETE",
      "RequestBody": "",
      "RequestHeaders": {
        "x-ms-client-request-id": [
          "d17dd6c9-e079-4a41-b76a-bd91cb32850e"
        ],
        "Accept-Language": [
          "en-US"
        ],
        "User-Agent": [
          "FxVersion/4.6.28008.01",
          "OSName/Windows",
          "OSVersion/Microsoft.Windows.10.0.18363.",
          "Microsoft.Azure.Management.ResourceManager.Fluent.PolicyClient/1.0.0.61",
          "MacAddressHash/f198b50d7e3ef6510679efb9e4c9a1474fd2bf18cf1d6a2182c79b00464dbadd"
        ]
      },
      "ResponseHeaders": {
        "Cache-Control": [
          "no-cache"
        ],
        "Pragma": [
          "no-cache"
        ],
        "Vary": [
          "Accept-Encoding"
        ],
        "x-ms-request-id": [
          "southeastasia:d867adb3-e055-4023-a929-ba7baed5d7db"
        ],
        "x-ms-ratelimit-remaining-subscription-deletes": [
          "14994"
        ],
        "x-ms-correlation-request-id": [
          "34f21e32-5d10-4d49-96b7-5ce7c897acee"
        ],
        "x-ms-routing-request-id": [
          "SOUTHEASTASIA:20191108T055641Z:34f21e32-5d10-4d49-96b7-5ce7c897acee"
        ],
        "Strict-Transport-Security": [
          "max-age=31536000; includeSubDomains"
        ],
        "X-Content-Type-Options": [
          "nosniff"
        ],
        "Date": [
          "Fri, 08 Nov 2019 05:56:40 GMT"
        ],
        "Content-Length": [
          "511"
        ],
        "Content-Type": [
          "application/json; charset=utf-8"
        ],
        "Expires": [
          "-1"
        ]
      },
      "ResponseBody": "{\r\n  \"properties\": {\r\n    \"policyType\": \"Custom\",\r\n    \"mode\": \"Indexed\",\r\n    \"metadata\": {\r\n      \"createdBy\": \"5b5e6b07-55b8-419b-a446-20fe0aa5b459\",\r\n      \"createdOn\": \"2019-11-08T05:56:39.8506696Z\",\r\n      \"updatedBy\": null,\r\n      \"updatedOn\": null\r\n    },\r\n    \"policyRule\": {\r\n      \"if\": {\r\n        \"not\": {\r\n          \"field\": \"location\",\r\n          \"in\": [\r\n            \"northeurope\",\r\n            \"westeurope\"\r\n          ]\r\n        }\r\n      },\r\n      \"then\": {\r\n        \"effect\": \"deny\"\r\n      }\r\n    }\r\n  },\r\n  \"id\": \"/subscriptions/0b1f6471-1bf0-4dda-aec3-cb9272f09590/providers/Microsoft.Authorization/policyDefinitions/pdn483447294abc01\",\r\n  \"type\": \"Microsoft.Authorization/policyDefinitions\",\r\n  \"name\": \"pdn483447294abc01\"\r\n}",
      "StatusCode": 200
    },
    {
      "RequestUri": "/subscriptions/0b1f6471-1bf0-4dda-aec3-cb9272f09590/resourcegroups/rgrsmpa77a583101179?api-version=2021-01-01",
      "EncodedRequestUri": "L3N1YnNjcmlwdGlvbnMvMGIxZjY0NzEtMWJmMC00ZGRhLWFlYzMtY2I5MjcyZjA5NTkwL3Jlc291cmNlZ3JvdXBzL3JncnNtcGE3N2E1ODMxMDExNzk/YXBpLXZlcnNpb249MjAyMS0wMS0wMQ==",
      "RequestMethod": "DELETE",
      "RequestBody": "",
      "RequestHeaders": {
        "x-ms-client-request-id": [
          "596135a1-1f14-4e9c-9a96-49c06df07509"
        ],
        "Accept-Language": [
          "en-US"
        ],
        "User-Agent": [
          "FxVersion/4.6.28008.01",
          "OSName/Windows",
          "OSVersion/Microsoft.Windows.10.0.18363.",
          "Microsoft.Azure.Management.ResourceManager.Fluent.ResourceManagementClient/1.0.0.61",
          "MacAddressHash/f198b50d7e3ef6510679efb9e4c9a1474fd2bf18cf1d6a2182c79b00464dbadd"
        ]
      },
      "ResponseHeaders": {
        "Cache-Control": [
          "no-cache"
        ],
        "Pragma": [
          "no-cache"
        ],
        "Location": [
          "https://management.azure.com/subscriptions/0b1f6471-1bf0-4dda-aec3-cb9272f09590/operationresults/eyJqb2JJZCI6IlJFU09VUkNFR1JPVVBERUxFVElPTkpPQi1SR1JTTVBBNzdBNTgzMTAxMTc5LVdFU1RVUyIsImpvYkxvY2F0aW9uIjoid2VzdHVzIn0?api-version=2019-08-01"
        ],
        "Retry-After": [
          "15"
        ],
        "x-ms-ratelimit-remaining-subscription-deletes": [
          "14993"
        ],
        "x-ms-request-id": [
          "b6e583e9-8f97-4953-b65b-5cb397155692"
        ],
        "x-ms-correlation-request-id": [
          "b6e583e9-8f97-4953-b65b-5cb397155692"
        ],
        "x-ms-routing-request-id": [
          "SOUTHEASTASIA:20191108T055644Z:b6e583e9-8f97-4953-b65b-5cb397155692"
        ],
        "Strict-Transport-Security": [
          "max-age=31536000; includeSubDomains"
        ],
        "X-Content-Type-Options": [
          "nosniff"
        ],
        "Date": [
          "Fri, 08 Nov 2019 05:56:44 GMT"
        ],
        "Expires": [
          "-1"
        ],
        "Content-Length": [
          "0"
        ]
      },
      "ResponseBody": "",
      "StatusCode": 202
    },
    {
      "RequestUri": "/subscriptions/0b1f6471-1bf0-4dda-aec3-cb9272f09590/operationresults/eyJqb2JJZCI6IlJFU09VUkNFR1JPVVBERUxFVElPTkpPQi1SR1JTTVBBNzdBNTgzMTAxMTc5LVdFU1RVUyIsImpvYkxvY2F0aW9uIjoid2VzdHVzIn0?api-version=2019-08-01",
      "EncodedRequestUri": "L3N1YnNjcmlwdGlvbnMvMGIxZjY0NzEtMWJmMC00ZGRhLWFlYzMtY2I5MjcyZjA5NTkwL29wZXJhdGlvbnJlc3VsdHMvZXlKcWIySkpaQ0k2SWxKRlUwOVZVa05GUjFKUFZWQkVSVXhGVkVsUFRrcFBRaTFTUjFKVFRWQkJOemRCTlRnek1UQXhNVGM1TFZkRlUxUlZVeUlzSW1wdllreHZZMkYwYVc5dUlqb2lkMlZ6ZEhWekluMD9hcGktdmVyc2lvbj0yMDE5LTA4LTAx",
      "RequestMethod": "GET",
      "RequestBody": "",
      "RequestHeaders": {
        "User-Agent": [
          "FxVersion/4.6.28008.01",
          "OSName/Windows",
          "OSVersion/Microsoft.Windows.10.0.18363.",
          "Microsoft.Azure.Management.ResourceManager.Fluent.ResourceManagementClient/1.0.0.61",
          "MacAddressHash/f198b50d7e3ef6510679efb9e4c9a1474fd2bf18cf1d6a2182c79b00464dbadd"
        ]
      },
      "ResponseHeaders": {
        "Cache-Control": [
          "no-cache"
        ],
        "Pragma": [
          "no-cache"
        ],
        "Location": [
          "https://management.azure.com/subscriptions/0b1f6471-1bf0-4dda-aec3-cb9272f09590/operationresults/eyJqb2JJZCI6IlJFU09VUkNFR1JPVVBERUxFVElPTkpPQi1SR1JTTVBBNzdBNTgzMTAxMTc5LVdFU1RVUyIsImpvYkxvY2F0aW9uIjoid2VzdHVzIn0?api-version=2019-08-01"
        ],
        "Retry-After": [
          "15"
        ],
        "x-ms-ratelimit-remaining-subscription-reads": [
          "11983"
        ],
        "x-ms-request-id": [
          "0f355588-99dc-42e5-abd2-53d7c1a30e35"
        ],
        "x-ms-correlation-request-id": [
          "0f355588-99dc-42e5-abd2-53d7c1a30e35"
        ],
        "x-ms-routing-request-id": [
          "SOUTHEASTASIA:20191108T055700Z:0f355588-99dc-42e5-abd2-53d7c1a30e35"
        ],
        "Strict-Transport-Security": [
          "max-age=31536000; includeSubDomains"
        ],
        "X-Content-Type-Options": [
          "nosniff"
        ],
        "Date": [
          "Fri, 08 Nov 2019 05:56:59 GMT"
        ],
        "Expires": [
          "-1"
        ],
        "Content-Length": [
          "0"
        ]
      },
      "ResponseBody": "",
      "StatusCode": 202
    },
    {
      "RequestUri": "/subscriptions/0b1f6471-1bf0-4dda-aec3-cb9272f09590/operationresults/eyJqb2JJZCI6IlJFU09VUkNFR1JPVVBERUxFVElPTkpPQi1SR1JTTVBBNzdBNTgzMTAxMTc5LVdFU1RVUyIsImpvYkxvY2F0aW9uIjoid2VzdHVzIn0?api-version=2019-08-01",
      "EncodedRequestUri": "L3N1YnNjcmlwdGlvbnMvMGIxZjY0NzEtMWJmMC00ZGRhLWFlYzMtY2I5MjcyZjA5NTkwL29wZXJhdGlvbnJlc3VsdHMvZXlKcWIySkpaQ0k2SWxKRlUwOVZVa05GUjFKUFZWQkVSVXhGVkVsUFRrcFBRaTFTUjFKVFRWQkJOemRCTlRnek1UQXhNVGM1TFZkRlUxUlZVeUlzSW1wdllreHZZMkYwYVc5dUlqb2lkMlZ6ZEhWekluMD9hcGktdmVyc2lvbj0yMDE5LTA4LTAx",
      "RequestMethod": "GET",
      "RequestBody": "",
      "RequestHeaders": {
        "User-Agent": [
          "FxVersion/4.6.28008.01",
          "OSName/Windows",
          "OSVersion/Microsoft.Windows.10.0.18363.",
          "Microsoft.Azure.Management.ResourceManager.Fluent.ResourceManagementClient/1.0.0.61",
          "MacAddressHash/f198b50d7e3ef6510679efb9e4c9a1474fd2bf18cf1d6a2182c79b00464dbadd"
        ]
      },
      "ResponseHeaders": {
        "Cache-Control": [
          "no-cache"
        ],
        "Pragma": [
          "no-cache"
        ],
        "Location": [
          "https://management.azure.com/subscriptions/0b1f6471-1bf0-4dda-aec3-cb9272f09590/operationresults/eyJqb2JJZCI6IlJFU09VUkNFR1JPVVBERUxFVElPTkpPQi1SR1JTTVBBNzdBNTgzMTAxMTc5LVdFU1RVUyIsImpvYkxvY2F0aW9uIjoid2VzdHVzIn0?api-version=2019-08-01"
        ],
        "Retry-After": [
          "15"
        ],
        "x-ms-ratelimit-remaining-subscription-reads": [
          "11982"
        ],
        "x-ms-request-id": [
          "678edf21-3899-40c8-aa96-ccf9110e18e7"
        ],
        "x-ms-correlation-request-id": [
          "678edf21-3899-40c8-aa96-ccf9110e18e7"
        ],
        "x-ms-routing-request-id": [
          "SOUTHEASTASIA:20191108T055715Z:678edf21-3899-40c8-aa96-ccf9110e18e7"
        ],
        "Strict-Transport-Security": [
          "max-age=31536000; includeSubDomains"
        ],
        "X-Content-Type-Options": [
          "nosniff"
        ],
        "Date": [
          "Fri, 08 Nov 2019 05:57:15 GMT"
        ],
        "Expires": [
          "-1"
        ],
        "Content-Length": [
          "0"
        ]
      },
      "ResponseBody": "",
      "StatusCode": 202
    },
    {
      "RequestUri": "/subscriptions/0b1f6471-1bf0-4dda-aec3-cb9272f09590/operationresults/eyJqb2JJZCI6IlJFU09VUkNFR1JPVVBERUxFVElPTkpPQi1SR1JTTVBBNzdBNTgzMTAxMTc5LVdFU1RVUyIsImpvYkxvY2F0aW9uIjoid2VzdHVzIn0?api-version=2019-08-01",
      "EncodedRequestUri": "L3N1YnNjcmlwdGlvbnMvMGIxZjY0NzEtMWJmMC00ZGRhLWFlYzMtY2I5MjcyZjA5NTkwL29wZXJhdGlvbnJlc3VsdHMvZXlKcWIySkpaQ0k2SWxKRlUwOVZVa05GUjFKUFZWQkVSVXhGVkVsUFRrcFBRaTFTUjFKVFRWQkJOemRCTlRnek1UQXhNVGM1TFZkRlUxUlZVeUlzSW1wdllreHZZMkYwYVc5dUlqb2lkMlZ6ZEhWekluMD9hcGktdmVyc2lvbj0yMDE5LTA4LTAx",
      "RequestMethod": "GET",
      "RequestBody": "",
      "RequestHeaders": {
        "User-Agent": [
          "FxVersion/4.6.28008.01",
          "OSName/Windows",
          "OSVersion/Microsoft.Windows.10.0.18363.",
          "Microsoft.Azure.Management.ResourceManager.Fluent.ResourceManagementClient/1.0.0.61",
          "MacAddressHash/f198b50d7e3ef6510679efb9e4c9a1474fd2bf18cf1d6a2182c79b00464dbadd"
        ]
      },
      "ResponseHeaders": {
        "Cache-Control": [
          "no-cache"
        ],
        "Pragma": [
          "no-cache"
        ],
        "Location": [
          "https://management.azure.com/subscriptions/0b1f6471-1bf0-4dda-aec3-cb9272f09590/operationresults/eyJqb2JJZCI6IlJFU09VUkNFR1JPVVBERUxFVElPTkpPQi1SR1JTTVBBNzdBNTgzMTAxMTc5LVdFU1RVUyIsImpvYkxvY2F0aW9uIjoid2VzdHVzIn0?api-version=2019-08-01"
        ],
        "Retry-After": [
          "15"
        ],
        "x-ms-ratelimit-remaining-subscription-reads": [
          "11981"
        ],
        "x-ms-request-id": [
          "6b4b2510-aaed-4aa0-8a2c-3005eadc3b1c"
        ],
        "x-ms-correlation-request-id": [
          "6b4b2510-aaed-4aa0-8a2c-3005eadc3b1c"
        ],
        "x-ms-routing-request-id": [
          "SOUTHEASTASIA:20191108T055731Z:6b4b2510-aaed-4aa0-8a2c-3005eadc3b1c"
        ],
        "Strict-Transport-Security": [
          "max-age=31536000; includeSubDomains"
        ],
        "X-Content-Type-Options": [
          "nosniff"
        ],
        "Date": [
          "Fri, 08 Nov 2019 05:57:30 GMT"
        ],
        "Expires": [
          "-1"
        ],
        "Content-Length": [
          "0"
        ]
      },
      "ResponseBody": "",
      "StatusCode": 202
    },
    {
      "RequestUri": "/subscriptions/0b1f6471-1bf0-4dda-aec3-cb9272f09590/operationresults/eyJqb2JJZCI6IlJFU09VUkNFR1JPVVBERUxFVElPTkpPQi1SR1JTTVBBNzdBNTgzMTAxMTc5LVdFU1RVUyIsImpvYkxvY2F0aW9uIjoid2VzdHVzIn0?api-version=2019-08-01",
      "EncodedRequestUri": "L3N1YnNjcmlwdGlvbnMvMGIxZjY0NzEtMWJmMC00ZGRhLWFlYzMtY2I5MjcyZjA5NTkwL29wZXJhdGlvbnJlc3VsdHMvZXlKcWIySkpaQ0k2SWxKRlUwOVZVa05GUjFKUFZWQkVSVXhGVkVsUFRrcFBRaTFTUjFKVFRWQkJOemRCTlRnek1UQXhNVGM1TFZkRlUxUlZVeUlzSW1wdllreHZZMkYwYVc5dUlqb2lkMlZ6ZEhWekluMD9hcGktdmVyc2lvbj0yMDE5LTA4LTAx",
      "RequestMethod": "GET",
      "RequestBody": "",
      "RequestHeaders": {
        "User-Agent": [
          "FxVersion/4.6.28008.01",
          "OSName/Windows",
          "OSVersion/Microsoft.Windows.10.0.18363.",
          "Microsoft.Azure.Management.ResourceManager.Fluent.ResourceManagementClient/1.0.0.61",
          "MacAddressHash/f198b50d7e3ef6510679efb9e4c9a1474fd2bf18cf1d6a2182c79b00464dbadd"
        ]
      },
      "ResponseHeaders": {
        "Cache-Control": [
          "no-cache"
        ],
        "Pragma": [
          "no-cache"
        ],
        "x-ms-ratelimit-remaining-subscription-reads": [
          "11980"
        ],
        "x-ms-request-id": [
          "5d291ef6-a06d-46bb-aa2b-9a9941efad09"
        ],
        "x-ms-correlation-request-id": [
          "5d291ef6-a06d-46bb-aa2b-9a9941efad09"
        ],
        "x-ms-routing-request-id": [
          "SOUTHEASTASIA:20191108T055746Z:5d291ef6-a06d-46bb-aa2b-9a9941efad09"
        ],
        "Strict-Transport-Security": [
          "max-age=31536000; includeSubDomains"
        ],
        "X-Content-Type-Options": [
          "nosniff"
        ],
        "Date": [
          "Fri, 08 Nov 2019 05:57:46 GMT"
        ],
        "Expires": [
          "-1"
        ],
        "Content-Length": [
          "0"
        ]
      },
      "ResponseBody": "",
      "StatusCode": 200
    },
    {
      "RequestUri": "/subscriptions/0b1f6471-1bf0-4dda-aec3-cb9272f09590/operationresults/eyJqb2JJZCI6IlJFU09VUkNFR1JPVVBERUxFVElPTkpPQi1SR1JTTVBBNzdBNTgzMTAxMTc5LVdFU1RVUyIsImpvYkxvY2F0aW9uIjoid2VzdHVzIn0?api-version=2019-08-01",
      "EncodedRequestUri": "L3N1YnNjcmlwdGlvbnMvMGIxZjY0NzEtMWJmMC00ZGRhLWFlYzMtY2I5MjcyZjA5NTkwL29wZXJhdGlvbnJlc3VsdHMvZXlKcWIySkpaQ0k2SWxKRlUwOVZVa05GUjFKUFZWQkVSVXhGVkVsUFRrcFBRaTFTUjFKVFRWQkJOemRCTlRnek1UQXhNVGM1TFZkRlUxUlZVeUlzSW1wdllreHZZMkYwYVc5dUlqb2lkMlZ6ZEhWekluMD9hcGktdmVyc2lvbj0yMDE5LTA4LTAx",
      "RequestMethod": "GET",
      "RequestBody": "",
      "RequestHeaders": {
        "User-Agent": [
          "FxVersion/4.6.28008.01",
          "OSName/Windows",
          "OSVersion/Microsoft.Windows.10.0.18363.",
          "Microsoft.Azure.Management.ResourceManager.Fluent.ResourceManagementClient/1.0.0.61",
          "MacAddressHash/f198b50d7e3ef6510679efb9e4c9a1474fd2bf18cf1d6a2182c79b00464dbadd"
        ]
      },
      "ResponseHeaders": {
        "Cache-Control": [
          "no-cache"
        ],
        "Pragma": [
          "no-cache"
        ],
        "x-ms-ratelimit-remaining-subscription-reads": [
          "11979"
        ],
        "x-ms-request-id": [
          "f20c6a7b-d7d9-4a26-8d5d-a080b3889b05"
        ],
        "x-ms-correlation-request-id": [
          "f20c6a7b-d7d9-4a26-8d5d-a080b3889b05"
        ],
        "x-ms-routing-request-id": [
          "SOUTHEASTASIA:20191108T055747Z:f20c6a7b-d7d9-4a26-8d5d-a080b3889b05"
        ],
        "Strict-Transport-Security": [
          "max-age=31536000; includeSubDomains"
        ],
        "X-Content-Type-Options": [
          "nosniff"
        ],
        "Date": [
          "Fri, 08 Nov 2019 05:57:46 GMT"
        ],
        "Expires": [
          "-1"
        ],
        "Content-Length": [
          "0"
        ]
      },
      "ResponseBody": "",
      "StatusCode": 200
    }
  ],
  "Names": {
    "ManagePolicyAssignmentTest": [
      "rgrsmpa77a583101179",
      "pdn483447294abc01",
      "pan109a75308d51af4",
      "pan25d224490daad27"
    ]
  },
  "Variables": {
    "ServicePrincipal": "6345c07e-79bd-46c3-8486-ae12b7d6893d",
    "AADTenant": "54826b22-38d6-4fb2-bad9-b7b93a3e9c5a",
    "SubscriptionId": "0b1f6471-1bf0-4dda-aec3-cb9272f09590"
  }
}