{
  "Entries": [
    {
      "RequestUri": "/subscriptions?api-version=2016-06-01",
      "EncodedRequestUri": "L3N1YnNjcmlwdGlvbnM/YXBpLXZlcnNpb249MjAxNi0wNi0wMQ==",
      "RequestMethod": "GET",
      "RequestBody": "",
      "RequestHeaders": {
        "x-ms-client-request-id": [
          "3b85a354-00b9-4c6d-81d6-2f0007fb83a2"
        ],
        "accept-language": [
          "en-US"
        ],
        "User-Agent": [
          "FxVersion/4.6.25211.01",
          "Microsoft.Azure.Management.ResourceManager.Fluent.SubscriptionClient/1.7.0.0",
          "MacAddressHash/32ac13edda214fc6108630a151bc81b40bade0f5b6c8d010a5350f8a3ea67e13"
        ]
      },
      "ResponseBody": "{\r\n  \"value\": [\r\n    {\r\n      \"id\": \"/subscriptions/0b1f6471-1bf0-4dda-aec3-cb9272f09590\",\r\n      \"subscriptionId\": \"0b1f6471-1bf0-4dda-aec3-cb9272f09590\",\r\n      \"displayName\": \"AzureSDKADGraph2\",\r\n      \"state\": \"Enabled\",\r\n      \"subscriptionPolicies\": {\r\n        \"locationPlacementId\": \"Internal_2014-09-01\",\r\n        \"quotaId\": \"Internal_2014-09-01\",\r\n        \"spendingLimit\": \"Off\"\r\n      },\r\n      \"authorizationSource\": \"RoleBased\"\r\n    }\r\n  ]\r\n}",
      "ResponseHeaders": {
        "Content-Type": [
          "application/json; charset=utf-8"
        ],
        "Expires": [
          "-1"
        ],
        "Cache-Control": [
          "no-cache"
        ],
        "Date": [
          "Tue, 13 Mar 2018 23:14:15 GMT"
        ],
        "Pragma": [
          "no-cache"
        ],
        "Transfer-Encoding": [
          "chunked"
        ],
        "Vary": [
          "Accept-Encoding"
        ],
        "x-ms-ratelimit-remaining-tenant-reads": [
          "14999"
        ],
        "x-ms-request-id": [
          "1074e86d-e17c-495d-a11c-5159849a419e"
        ],
        "x-ms-correlation-request-id": [
          "1074e86d-e17c-495d-a11c-5159849a419e"
        ],
        "x-ms-routing-request-id": [
          "WESTUS2:20180313T231415Z:1074e86d-e17c-495d-a11c-5159849a419e"
        ],
        "Strict-Transport-Security": [
          "max-age=31536000; includeSubDomains"
        ],
        "X-Content-Type-Options": [
          "nosniff"
        ]
      },
      "StatusCode": 200
    },
    {
      "RequestUri": "/subscriptions?api-version=2016-06-01",
      "EncodedRequestUri": "L3N1YnNjcmlwdGlvbnM/YXBpLXZlcnNpb249MjAxNi0wNi0wMQ==",
      "RequestMethod": "GET",
      "RequestBody": "",
      "RequestHeaders": {
        "x-ms-client-request-id": [
          "4de21526-2d94-4ee2-8363-4f16d868b5be"
        ],
        "accept-language": [
          "en-US"
        ],
        "User-Agent": [
          "FxVersion/4.6.25211.01",
          "Microsoft.Azure.Management.ResourceManager.Fluent.SubscriptionClient/1.7.0.0",
          "MacAddressHash/32ac13edda214fc6108630a151bc81b40bade0f5b6c8d010a5350f8a3ea67e13"
        ]
      },
      "ResponseBody": "{\r\n  \"value\": [\r\n    {\r\n      \"id\": \"/subscriptions/0b1f6471-1bf0-4dda-aec3-cb9272f09590\",\r\n      \"subscriptionId\": \"0b1f6471-1bf0-4dda-aec3-cb9272f09590\",\r\n      \"displayName\": \"AzureSDKADGraph2\",\r\n      \"state\": \"Enabled\",\r\n      \"subscriptionPolicies\": {\r\n        \"locationPlacementId\": \"Internal_2014-09-01\",\r\n        \"quotaId\": \"Internal_2014-09-01\",\r\n        \"spendingLimit\": \"Off\"\r\n      },\r\n      \"authorizationSource\": \"RoleBased\"\r\n    }\r\n  ]\r\n}",
      "ResponseHeaders": {
        "Content-Type": [
          "application/json; charset=utf-8"
        ],
        "Expires": [
          "-1"
        ],
        "Cache-Control": [
          "no-cache"
        ],
        "Date": [
          "Tue, 13 Mar 2018 23:14:41 GMT"
        ],
        "Pragma": [
          "no-cache"
        ],
        "Transfer-Encoding": [
          "chunked"
        ],
        "Vary": [
          "Accept-Encoding"
        ],
        "x-ms-ratelimit-remaining-tenant-reads": [
          "14998"
        ],
        "x-ms-request-id": [
          "d2e4229a-cb1c-4d49-9669-1015123f22ff"
        ],
        "x-ms-correlation-request-id": [
          "d2e4229a-cb1c-4d49-9669-1015123f22ff"
        ],
        "x-ms-routing-request-id": [
          "WESTUS2:20180313T231441Z:d2e4229a-cb1c-4d49-9669-1015123f22ff"
        ],
        "Strict-Transport-Security": [
          "max-age=31536000; includeSubDomains"
        ],
        "X-Content-Type-Options": [
          "nosniff"
        ]
      },
      "StatusCode": 200
    },
    {
      "RequestUri": "/54826b22-38d6-4fb2-bad9-b7b93a3e9c5a/domains?api-version=1.6",
      "EncodedRequestUri": "LzU0ODI2YjIyLTM4ZDYtNGZiMi1iYWQ5LWI3YjkzYTNlOWM1YS9kb21haW5zP2FwaS12ZXJzaW9uPTEuNg==",
      "RequestMethod": "GET",
      "RequestBody": "",
      "RequestHeaders": {
        "x-ms-client-request-id": [
          "d6a36914-74f8-412b-8362-47f05f10c6f6"
        ],
        "accept-language": [
          "en-US"
        ],
        "User-Agent": [
          "FxVersion/4.6.25211.01",
          "Microsoft.Azure.Management.Graph.RBAC.Fluent.GraphRbacManagementClient/1.7.0.0",
          "MacAddressHash/32ac13edda214fc6108630a151bc81b40bade0f5b6c8d010a5350f8a3ea67e13"
        ]
      },
      "ResponseBody": "{\r\n  \"odata.metadata\": \"https://graph.windows.net/54826b22-38d6-4fb2-bad9-b7b93a3e9c5a/$metadata#domains\",\r\n  \"value\": [\r\n    {\r\n      \"authenticationType\": \"Federated\",\r\n      \"availabilityStatus\": null,\r\n      \"isAdminManaged\": true,\r\n      \"isDefault\": false,\r\n      \"isInitial\": false,\r\n      \"isRoot\": false,\r\n      \"isVerified\": false,\r\n      \"name\": \"BFDevOpsNonRestricted.onmicrosoft.de\",\r\n      \"supportedServices\": [],\r\n      \"forceDeleteState\": null,\r\n      \"state\": null\r\n    },\r\n    {\r\n      \"authenticationType\": \"Managed\",\r\n      \"availabilityStatus\": null,\r\n      \"isAdminManaged\": true,\r\n      \"isDefault\": false,\r\n      \"isInitial\": false,\r\n      \"isRoot\": true,\r\n      \"isVerified\": true,\r\n      \"name\": \"azdevextest.com\",\r\n      \"supportedServices\": [],\r\n      \"forceDeleteState\": null,\r\n      \"state\": null\r\n    },\r\n    {\r\n      \"authenticationType\": \"Managed\",\r\n      \"availabilityStatus\": null,\r\n      \"isAdminManaged\": true,\r\n      \"isDefault\": true,\r\n      \"isInitial\": true,\r\n      \"isRoot\": true,\r\n      \"isVerified\": true,\r\n      \"name\": \"AzureSDKTeam.onmicrosoft.com\",\r\n      \"supportedServices\": [\r\n        \"Email\",\r\n        \"OfficeCommunicationsOnline\"\r\n      ],\r\n      \"forceDeleteState\": null,\r\n      \"state\": null\r\n    }\r\n  ]\r\n}",
      "ResponseHeaders": {
        "Content-Length": [
          "885"
        ],
        "Content-Type": [
          "application/json; odata=minimalmetadata; streaming=true; charset=utf-8"
        ],
        "Expires": [
          "-1"
        ],
        "Cache-Control": [
          "no-cache"
        ],
        "Date": [
          "Tue, 13 Mar 2018 23:14:15 GMT"
        ],
        "Pragma": [
          "no-cache"
        ],
        "Server": [
          "Microsoft-IIS/10.0"
        ],
        "ocp-aad-diagnostics-server-name": [
          "5aCvvOOnXblqJhSqtiezZ8C1Clb59tYXITEEjsQqQ40="
        ],
        "request-id": [
          "e600b107-b9ec-428c-8773-b7e174ca9669"
        ],
        "client-request-id": [
          "feae2bbf-0525-44cd-85d8-6645459ed3b9"
        ],
        "x-ms-dirapi-data-contract-version": [
          "1.6"
        ],
        "ocp-aad-session-key": [
          "0OcD0SKvb-1D79sOarQfInljkJo9qbog74d5KxPUvToLyJkgpX61PI2MEgae6w0SXcF8x78R-YRSLBs-QElMPpn7UppAVQ2JfKtjmiBti2d-DkYw6npz5OWgz1Brd2Vf.xN8scWKYANWA8zHyTa679PXZAhc6MGF5gZHWjgmzHrQ"
        ],
        "X-Content-Type-Options": [
          "nosniff"
        ],
        "DataServiceVersion": [
          "3.0;"
        ],
        "Strict-Transport-Security": [
          "max-age=31536000; includeSubDomains"
        ],
        "Access-Control-Allow-Origin": [
          "*"
        ],
        "X-AspNet-Version": [
          "4.0.30319"
        ],
        "X-Powered-By": [
          "ASP.NET",
          "ASP.NET"
        ],
        "Duration": [
          "873362"
        ]
      },
      "StatusCode": 200
    },
    {
      "RequestUri": "/54826b22-38d6-4fb2-bad9-b7b93a3e9c5a/users?api-version=1.6",
      "EncodedRequestUri": "LzU0ODI2YjIyLTM4ZDYtNGZiMi1iYWQ5LWI3YjkzYTNlOWM1YS91c2Vycz9hcGktdmVyc2lvbj0xLjY=",
      "RequestMethod": "POST",
      "RequestBody": "{\r\n  \"accountEnabled\": true,\r\n  \"displayName\": \"Test 76c97300e847784b3\",\r\n  \"passwordProfile\": {\r\n    \"password\": \"StrongPass!12\"\r\n  },\r\n  \"userPrincipalName\": \"test76c97300e847784b3@AzureSDKTeam.onmicrosoft.com\",\r\n  \"mailNickname\": \"test76c97300e847784b3\"\r\n}",
      "RequestHeaders": {
        "Content-Type": [
          "application/json; charset=utf-8"
        ],
        "Content-Length": [
          "259"
        ],
        "x-ms-client-request-id": [
          "ee64d28e-ae6f-443d-aa1a-f08b586b595b"
        ],
        "accept-language": [
          "en-US"
        ],
        "User-Agent": [
          "FxVersion/4.6.25211.01",
          "Microsoft.Azure.Management.Graph.RBAC.Fluent.GraphRbacManagementClient/1.7.0.0",
          "MacAddressHash/32ac13edda214fc6108630a151bc81b40bade0f5b6c8d010a5350f8a3ea67e13"
        ]
      },
      "ResponseBody": "{\r\n  \"odata.metadata\": \"https://graph.windows.net/54826b22-38d6-4fb2-bad9-b7b93a3e9c5a/$metadata#directoryObjects/Microsoft.DirectoryServices.User/@Element\",\r\n  \"odata.type\": \"Microsoft.DirectoryServices.User\",\r\n  \"objectType\": \"User\",\r\n  \"objectId\": \"487153be-b1e3-4ad3-bfce-f73c672df258\",\r\n  \"deletionTimestamp\": null,\r\n  \"accountEnabled\": true,\r\n  \"ageGroup\": null,\r\n  \"assignedLicenses\": [],\r\n  \"assignedPlans\": [],\r\n  \"city\": null,\r\n  \"companyName\": null,\r\n  \"consentProvidedForMinor\": null,\r\n  \"country\": null,\r\n  \"creationType\": null,\r\n  \"department\": null,\r\n  \"dirSyncEnabled\": null,\r\n  \"displayName\": \"Test 76c97300e847784b3\",\r\n  \"employeeId\": null,\r\n  \"facsimileTelephoneNumber\": null,\r\n  \"givenName\": null,\r\n  \"immutableId\": null,\r\n  \"isCompromised\": null,\r\n  \"jobTitle\": null,\r\n  \"lastDirSyncTime\": null,\r\n  \"legalAgeGroupClassification\": null,\r\n  \"mail\": null,\r\n  \"mailNickname\": \"test76c97300e847784b3\",\r\n  \"mobile\": null,\r\n  \"onPremisesDistinguishedName\": null,\r\n  \"onPremisesSecurityIdentifier\": null,\r\n  \"otherMails\": [],\r\n  \"passwordPolicies\": null,\r\n  \"passwordProfile\": {\r\n    \"password\": null,\r\n    \"forceChangePasswordNextLogin\": true,\r\n    \"enforceChangePasswordPolicy\": false\r\n  },\r\n  \"physicalDeliveryOfficeName\": null,\r\n  \"postalCode\": null,\r\n  \"preferredLanguage\": null,\r\n  \"provisionedPlans\": [],\r\n  \"provisioningErrors\": [],\r\n  \"proxyAddresses\": [],\r\n  \"refreshTokensValidFromDateTime\": \"2018-03-13T23:14:16.387333Z\",\r\n  \"showInAddressList\": null,\r\n  \"signInNames\": [],\r\n  \"sipProxyAddress\": null,\r\n  \"state\": null,\r\n  \"streetAddress\": null,\r\n  \"surname\": null,\r\n  \"telephoneNumber\": null,\r\n  \"usageLocation\": null,\r\n  \"userIdentities\": [],\r\n  \"userPrincipalName\": \"test76c97300e847784b3@AzureSDKTeam.onmicrosoft.com\",\r\n  \"userType\": \"Member\"\r\n}",
      "ResponseHeaders": {
        "Content-Length": [
          "1492"
        ],
        "Content-Type": [
          "application/json; odata=minimalmetadata; streaming=true; charset=utf-8"
        ],
        "Expires": [
          "-1"
        ],
        "Cache-Control": [
          "no-cache"
        ],
        "Date": [
          "Tue, 13 Mar 2018 23:14:17 GMT"
        ],
        "Pragma": [
          "no-cache"
        ],
        "Location": [
          "https://graph.windows.net/54826b22-38d6-4fb2-bad9-b7b93a3e9c5a/directoryObjects/487153be-b1e3-4ad3-bfce-f73c672df258/Microsoft.DirectoryServices.User"
        ],
        "Server": [
          "Microsoft-IIS/10.0"
        ],
        "ocp-aad-diagnostics-server-name": [
          "qYRMY4Vlalnb7yxIpW6ww7pcooH6r14016oqk2Q7Ve4="
        ],
        "request-id": [
          "1c6fc31b-cb19-41ec-87b4-8511a148fadf"
        ],
        "client-request-id": [
          "858373db-ad8c-4120-b34e-6e85532c2ec3"
        ],
        "x-ms-dirapi-data-contract-version": [
          "1.6"
        ],
        "ocp-aad-session-key": [
          "u2FSMaYwn4JP5nrtUPJWhGKOcU-aQ7Oedrkv55cnPgzGomrltLMaFFIhLpNmsMspJEe9_Tt8pwHRRXBIDzVylrJ0B10xH6OJB52QEPb6pamG9N7Y2GufYWM1Al-58yrB_MqoU4QEZ7qpOjEz_XhhkA.KbKRbTJ07nDaSCi8CWxOWwNZ7BHkXANrG1-5uLjsrPo"
        ],
        "X-Content-Type-Options": [
          "nosniff"
        ],
        "DataServiceVersion": [
          "3.0;"
        ],
        "Strict-Transport-Security": [
          "max-age=31536000; includeSubDomains"
        ],
        "Access-Control-Allow-Origin": [
          "*"
        ],
        "X-AspNet-Version": [
          "4.0.30319"
        ],
        "X-Powered-By": [
          "ASP.NET",
          "ASP.NET"
        ],
        "Duration": [
          "14275518"
        ]
      },
      "StatusCode": 201
    },
    {
      "RequestUri": "/subscriptions/0b1f6471-1bf0-4dda-aec3-cb9272f09590/providers/Microsoft.Authorization/roleDefinitions?$filter=roleName%20eq%20'DNS%20Zone%20Contributor'&api-version=2015-07-01",
      "EncodedRequestUri": "L3N1YnNjcmlwdGlvbnMvMGIxZjY0NzEtMWJmMC00ZGRhLWFlYzMtY2I5MjcyZjA5NTkwL3Byb3ZpZGVycy9NaWNyb3NvZnQuQXV0aG9yaXphdGlvbi9yb2xlRGVmaW5pdGlvbnM/JGZpbHRlcj1yb2xlTmFtZSUyMGVxJTIwJ0ROUyUyMFpvbmUlMjBDb250cmlidXRvcicmYXBpLXZlcnNpb249MjAxNS0wNy0wMQ==",
      "RequestMethod": "GET",
      "RequestBody": "",
      "RequestHeaders": {
        "x-ms-client-request-id": [
          "d16b9ae2-9dd3-4189-8301-fa8643605b3c"
        ],
        "accept-language": [
          "en-US"
        ],
        "User-Agent": [
          "FxVersion/4.6.25211.01",
          "Microsoft.Azure.Management.Graph.RBAC.Fluent.AuthorizationManagementClient/1.7.0.0",
          "MacAddressHash/32ac13edda214fc6108630a151bc81b40bade0f5b6c8d010a5350f8a3ea67e13"
        ]
      },
      "ResponseBody": "{\r\n  \"value\": [\r\n    {\r\n      \"properties\": {\r\n        \"roleName\": \"DNS Zone Contributor\",\r\n        \"type\": \"BuiltInRole\",\r\n        \"description\": \"Lets you manage DNS zones and record sets in Azure DNS, but does not let you control who has access to them.\",\r\n        \"assignableScopes\": [\r\n          \"/\"\r\n        ],\r\n        \"permissions\": [\r\n          {\r\n            \"actions\": [\r\n              \"Microsoft.Authorization/*/read\",\r\n              \"Microsoft.Insights/alertRules/*\",\r\n              \"Microsoft.Network/dnsZones/*\",\r\n              \"Microsoft.ResourceHealth/availabilityStatuses/read\",\r\n              \"Microsoft.Resources/deployments/*\",\r\n              \"Microsoft.Resources/subscriptions/resourceGroups/read\",\r\n              \"Microsoft.Support/*\"\r\n            ],\r\n            \"notActions\": []\r\n          }\r\n        ],\r\n        \"createdOn\": \"2015-10-15T23:33:25.9730842Z\",\r\n        \"updatedOn\": \"2016-05-31T23:13:40.3710365Z\",\r\n        \"createdBy\": null,\r\n        \"updatedBy\": null\r\n      },\r\n      \"id\": \"/subscriptions/0b1f6471-1bf0-4dda-aec3-cb9272f09590/providers/Microsoft.Authorization/roleDefinitions/befefa01-2a29-4197-83a8-272ff33ce314\",\r\n      \"type\": \"Microsoft.Authorization/roleDefinitions\",\r\n      \"name\": \"befefa01-2a29-4197-83a8-272ff33ce314\"\r\n    }\r\n  ]\r\n}",
      "ResponseHeaders": {
        "Content-Type": [
          "application/json; charset=utf-8"
        ],
        "Expires": [
          "-1"
        ],
        "Cache-Control": [
          "no-cache"
        ],
        "Date": [
          "Tue, 13 Mar 2018 23:14:19 GMT"
        ],
        "Pragma": [
          "no-cache"
        ],
        "Transfer-Encoding": [
          "chunked"
        ],
        "Server": [
          "Microsoft-IIS/10.0"
        ],
        "Set-Cookie": [
          "x-ms-gateway-slice=productionb; path=/; secure; HttpOnly"
        ],
        "Vary": [
          "Accept-Encoding"
        ],
        "x-ms-request-charge": [
          "1"
        ],
        "x-ms-request-id": [
          "79cb8c7e-bdd4-4863-930d-0d8fef25f739"
        ],
        "X-Content-Type-Options": [
          "nosniff"
        ],
        "Strict-Transport-Security": [
          "max-age=31536000; includeSubDomains"
        ],
        "X-Powered-By": [
          "ASP.NET"
        ],
        "x-ms-ratelimit-remaining-subscription-reads": [
          "14944"
        ],
        "x-ms-correlation-request-id": [
          "56213581-008a-4ac6-a5fd-a5129ca70882"
        ],
        "x-ms-routing-request-id": [
          "WESTUS2:20180313T231419Z:56213581-008a-4ac6-a5fd-a5129ca70882"
        ]
      },
      "StatusCode": 200
    },
    {
      "RequestUri": "/subscriptions/0b1f6471-1bf0-4dda-aec3-cb9272f09590/providers/Microsoft.Authorization/roleAssignments/483d4516-99ba-469d-a1f7-17e980dcb99c?api-version=2015-07-01",
      "EncodedRequestUri": "L3N1YnNjcmlwdGlvbnMvMGIxZjY0NzEtMWJmMC00ZGRhLWFlYzMtY2I5MjcyZjA5NTkwL3Byb3ZpZGVycy9NaWNyb3NvZnQuQXV0aG9yaXphdGlvbi9yb2xlQXNzaWdubWVudHMvNDgzZDQ1MTYtOTliYS00NjlkLWExZjctMTdlOTgwZGNiOTljP2FwaS12ZXJzaW9uPTIwMTUtMDctMDE=",
      "RequestMethod": "PUT",
      "RequestBody": "{\r\n  \"properties\": {\r\n    \"roleDefinitionId\": \"/subscriptions/0b1f6471-1bf0-4dda-aec3-cb9272f09590/providers/Microsoft.Authorization/roleDefinitions/befefa01-2a29-4197-83a8-272ff33ce314\",\r\n    \"principalId\": \"487153be-b1e3-4ad3-bfce-f73c672df258\"\r\n  }\r\n}",
      "RequestHeaders": {
        "Content-Type": [
          "application/json; charset=utf-8"
        ],
        "Content-Length": [
          "254"
        ],
        "x-ms-client-request-id": [
          "c4184147-5e7a-4f57-9b7c-341949969fa5"
        ],
        "accept-language": [
          "en-US"
        ],
        "User-Agent": [
          "FxVersion/4.6.25211.01",
          "Microsoft.Azure.Management.Graph.RBAC.Fluent.AuthorizationManagementClient/1.7.0.0",
          "MacAddressHash/32ac13edda214fc6108630a151bc81b40bade0f5b6c8d010a5350f8a3ea67e13"
        ]
      },
      "ResponseBody": "{\r\n  \"properties\": {\r\n    \"roleDefinitionId\": \"/subscriptions/0b1f6471-1bf0-4dda-aec3-cb9272f09590/providers/Microsoft.Authorization/roleDefinitions/befefa01-2a29-4197-83a8-272ff33ce314\",\r\n    \"principalId\": \"487153be-b1e3-4ad3-bfce-f73c672df258\",\r\n    \"scope\": \"/subscriptions/0b1f6471-1bf0-4dda-aec3-cb9272f09590\",\r\n    \"createdOn\": \"2018-03-13T23:14:19.3210453Z\",\r\n    \"updatedOn\": \"2018-03-13T23:14:19.3210453Z\",\r\n    \"createdBy\": null,\r\n    \"updatedBy\": \"effe7851-3ea3-4415-8884-11cc8a954dc5\"\r\n  },\r\n  \"id\": \"/subscriptions/0b1f6471-1bf0-4dda-aec3-cb9272f09590/providers/Microsoft.Authorization/roleAssignments/483d4516-99ba-469d-a1f7-17e980dcb99c\",\r\n  \"type\": \"Microsoft.Authorization/roleAssignments\",\r\n  \"name\": \"483d4516-99ba-469d-a1f7-17e980dcb99c\"\r\n}",
      "ResponseHeaders": {
        "Content-Length": [
          "686"
        ],
        "Content-Type": [
          "application/json; charset=utf-8"
        ],
        "Expires": [
          "-1"
        ],
        "Cache-Control": [
          "no-cache"
        ],
        "Date": [
          "Tue, 13 Mar 2018 23:14:22 GMT"
        ],
        "Pragma": [
          "no-cache"
        ],
        "Server": [
          "Microsoft-IIS/10.0"
        ],
        "Set-Cookie": [
          "x-ms-gateway-slice=productionb; path=/; secure; HttpOnly"
        ],
        "x-ms-request-charge": [
          "4"
        ],
        "x-ms-request-id": [
          "4b80736a-40be-4957-8a80-e26bea515a30"
        ],
        "X-Content-Type-Options": [
          "nosniff"
        ],
        "Strict-Transport-Security": [
          "max-age=31536000; includeSubDomains"
        ],
        "X-Powered-By": [
          "ASP.NET"
        ],
        "x-ms-ratelimit-remaining-subscription-writes": [
          "1180"
        ],
        "x-ms-correlation-request-id": [
          "82397021-6606-45fd-b439-ab3901935407"
        ],
        "x-ms-routing-request-id": [
          "WESTUS2:20180313T231422Z:82397021-6606-45fd-b439-ab3901935407"
        ]
      },
      "StatusCode": 201
    },
    {
      "RequestUri": "//subscriptions/0b1f6471-1bf0-4dda-aec3-cb9272f09590/providers/Microsoft.Authorization/roleAssignments/483d4516-99ba-469d-a1f7-17e980dcb99c?api-version=2015-07-01",
      "EncodedRequestUri": "Ly9zdWJzY3JpcHRpb25zLzBiMWY2NDcxLTFiZjAtNGRkYS1hZWMzLWNiOTI3MmYwOTU5MC9wcm92aWRlcnMvTWljcm9zb2Z0LkF1dGhvcml6YXRpb24vcm9sZUFzc2lnbm1lbnRzLzQ4M2Q0NTE2LTk5YmEtNDY5ZC1hMWY3LTE3ZTk4MGRjYjk5Yz9hcGktdmVyc2lvbj0yMDE1LTA3LTAx",
      "RequestMethod": "DELETE",
      "RequestBody": "",
      "RequestHeaders": {
        "x-ms-client-request-id": [
          "c350cbb5-8a37-4a6a-9065-5b258498bfbd"
        ],
        "accept-language": [
          "en-US"
        ],
        "User-Agent": [
          "FxVersion/4.6.25211.01",
          "Microsoft.Azure.Management.Graph.RBAC.Fluent.AuthorizationManagementClient/1.7.0.0",
          "MacAddressHash/32ac13edda214fc6108630a151bc81b40bade0f5b6c8d010a5350f8a3ea67e13"
        ]
      },
      "ResponseBody": "{\r\n  \"properties\": {\r\n    \"roleDefinitionId\": \"/subscriptions/0b1f6471-1bf0-4dda-aec3-cb9272f09590/providers/Microsoft.Authorization/roleDefinitions/befefa01-2a29-4197-83a8-272ff33ce314\",\r\n    \"principalId\": \"487153be-b1e3-4ad3-bfce-f73c672df258\",\r\n    \"scope\": \"/subscriptions/0b1f6471-1bf0-4dda-aec3-cb9272f09590\",\r\n    \"createdOn\": \"2018-03-13T23:14:22.0390069Z\",\r\n    \"updatedOn\": \"2018-03-13T23:14:22.0390069Z\",\r\n    \"createdBy\": \"effe7851-3ea3-4415-8884-11cc8a954dc5\",\r\n    \"updatedBy\": \"effe7851-3ea3-4415-8884-11cc8a954dc5\"\r\n  },\r\n  \"id\": \"/subscriptions/0b1f6471-1bf0-4dda-aec3-cb9272f09590/providers/Microsoft.Authorization/roleAssignments/483d4516-99ba-469d-a1f7-17e980dcb99c\",\r\n  \"type\": \"Microsoft.Authorization/roleAssignments\",\r\n  \"name\": \"483d4516-99ba-469d-a1f7-17e980dcb99c\"\r\n}",
      "ResponseHeaders": {
        "Content-Type": [
          "application/json; charset=utf-8"
        ],
        "Expires": [
          "-1"
        ],
        "Cache-Control": [
          "no-cache"
        ],
        "Date": [
          "Tue, 13 Mar 2018 23:14:24 GMT"
        ],
        "Pragma": [
          "no-cache"
        ],
        "Transfer-Encoding": [
          "chunked"
        ],
        "Server": [
          "Microsoft-IIS/10.0"
        ],
        "Set-Cookie": [
          "x-ms-gateway-slice=productionb; path=/; secure; HttpOnly"
        ],
        "Vary": [
          "Accept-Encoding"
        ],
        "x-ms-request-charge": [
          "2"
        ],
        "x-ms-request-id": [
          "0ace902e-d929-4e3a-a978-b03a34269bb2"
        ],
        "X-Content-Type-Options": [
          "nosniff"
        ],
        "Strict-Transport-Security": [
          "max-age=31536000; includeSubDomains"
        ],
        "X-Powered-By": [
          "ASP.NET"
        ],
        "x-ms-ratelimit-remaining-subscription-writes": [
          "1179"
        ],
        "x-ms-correlation-request-id": [
          "5a3db418-1ef1-423e-8d41-ff0d43871730"
        ],
        "x-ms-routing-request-id": [
          "WESTUS2:20180313T231424Z:5a3db418-1ef1-423e-8d41-ff0d43871730"
        ]
      },
      "StatusCode": 200
    },
    {
      "RequestUri": "/subscriptions/0b1f6471-1bf0-4dda-aec3-cb9272f09590/providers/Microsoft.Authorization/roleDefinitions?$filter=roleName%20eq%20'Contributor'&api-version=2015-07-01",
      "EncodedRequestUri": "L3N1YnNjcmlwdGlvbnMvMGIxZjY0NzEtMWJmMC00ZGRhLWFlYzMtY2I5MjcyZjA5NTkwL3Byb3ZpZGVycy9NaWNyb3NvZnQuQXV0aG9yaXphdGlvbi9yb2xlRGVmaW5pdGlvbnM/JGZpbHRlcj1yb2xlTmFtZSUyMGVxJTIwJ0NvbnRyaWJ1dG9yJyZhcGktdmVyc2lvbj0yMDE1LTA3LTAx",
      "RequestMethod": "GET",
      "RequestBody": "",
      "RequestHeaders": {
        "x-ms-client-request-id": [
          "ce7a944e-6016-4a11-8d7d-b21c357b5224"
        ],
        "accept-language": [
          "en-US"
        ],
        "User-Agent": [
          "FxVersion/4.6.25211.01",
          "Microsoft.Azure.Management.Graph.RBAC.Fluent.AuthorizationManagementClient/1.7.0.0",
          "MacAddressHash/32ac13edda214fc6108630a151bc81b40bade0f5b6c8d010a5350f8a3ea67e13"
        ]
      },
      "ResponseBody": "{\r\n  \"value\": [\r\n    {\r\n      \"properties\": {\r\n        \"roleName\": \"Contributor\",\r\n        \"type\": \"BuiltInRole\",\r\n        \"description\": \"Lets you manage everything except access to resources.\",\r\n        \"assignableScopes\": [\r\n          \"/\"\r\n        ],\r\n        \"permissions\": [\r\n          {\r\n            \"actions\": [\r\n              \"*\"\r\n            ],\r\n            \"notActions\": [\r\n              \"Microsoft.Authorization/*/Delete\",\r\n              \"Microsoft.Authorization/*/Write\",\r\n              \"Microsoft.Authorization/elevateAccess/Action\"\r\n            ]\r\n          }\r\n        ],\r\n        \"createdOn\": \"0001-01-01T08:00:00Z\",\r\n        \"updatedOn\": \"2016-12-14T02:04:45.1393855Z\",\r\n        \"createdBy\": null,\r\n        \"updatedBy\": null\r\n      },\r\n      \"id\": \"/subscriptions/0b1f6471-1bf0-4dda-aec3-cb9272f09590/providers/Microsoft.Authorization/roleDefinitions/b24988ac-6180-42a0-ab88-20f7382dd24c\",\r\n      \"type\": \"Microsoft.Authorization/roleDefinitions\",\r\n      \"name\": \"b24988ac-6180-42a0-ab88-20f7382dd24c\"\r\n    }\r\n  ]\r\n}",
      "ResponseHeaders": {
        "Content-Type": [
          "application/json; charset=utf-8"
        ],
        "Expires": [
          "-1"
        ],
        "Cache-Control": [
          "no-cache"
        ],
        "Date": [
          "Tue, 13 Mar 2018 23:14:24 GMT"
        ],
        "Pragma": [
          "no-cache"
        ],
        "Transfer-Encoding": [
          "chunked"
        ],
        "Server": [
          "Microsoft-IIS/10.0"
        ],
        "Set-Cookie": [
          "x-ms-gateway-slice=productionb; path=/; secure; HttpOnly"
        ],
        "Vary": [
          "Accept-Encoding"
        ],
        "x-ms-request-charge": [
          "1"
        ],
        "x-ms-request-id": [
          "090917c6-086b-4736-be8c-824850b55456"
        ],
        "X-Content-Type-Options": [
          "nosniff"
        ],
        "Strict-Transport-Security": [
          "max-age=31536000; includeSubDomains"
        ],
        "X-Powered-By": [
          "ASP.NET"
        ],
        "x-ms-ratelimit-remaining-subscription-reads": [
          "14943"
        ],
        "x-ms-correlation-request-id": [
          "72f12bce-13dc-44cc-b132-efb908a08e66"
        ],
        "x-ms-routing-request-id": [
          "WESTUS2:20180313T231424Z:72f12bce-13dc-44cc-b132-efb908a08e66"
        ]
      },
      "StatusCode": 200
    },
    {
      "RequestUri": "/subscriptions/0b1f6471-1bf0-4dda-aec3-cb9272f09590/providers/Microsoft.Authorization/roleDefinitions?$filter=roleName%20eq%20'Contributor'&api-version=2015-07-01",
      "EncodedRequestUri": "L3N1YnNjcmlwdGlvbnMvMGIxZjY0NzEtMWJmMC00ZGRhLWFlYzMtY2I5MjcyZjA5NTkwL3Byb3ZpZGVycy9NaWNyb3NvZnQuQXV0aG9yaXphdGlvbi9yb2xlRGVmaW5pdGlvbnM/JGZpbHRlcj1yb2xlTmFtZSUyMGVxJTIwJ0NvbnRyaWJ1dG9yJyZhcGktdmVyc2lvbj0yMDE1LTA3LTAx",
      "RequestMethod": "GET",
      "RequestBody": "",
      "RequestHeaders": {
        "x-ms-client-request-id": [
          "9ec1415a-e2cf-433b-932d-63dcbd136b30"
        ],
        "accept-language": [
          "en-US"
        ],
        "User-Agent": [
          "FxVersion/4.6.25211.01",
          "Microsoft.Azure.Management.Graph.RBAC.Fluent.AuthorizationManagementClient/1.7.0.0",
          "MacAddressHash/32ac13edda214fc6108630a151bc81b40bade0f5b6c8d010a5350f8a3ea67e13"
        ]
      },
      "ResponseBody": "{\r\n  \"value\": [\r\n    {\r\n      \"properties\": {\r\n        \"roleName\": \"Contributor\",\r\n        \"type\": \"BuiltInRole\",\r\n        \"description\": \"Lets you manage everything except access to resources.\",\r\n        \"assignableScopes\": [\r\n          \"/\"\r\n        ],\r\n        \"permissions\": [\r\n          {\r\n            \"actions\": [\r\n              \"*\"\r\n            ],\r\n            \"notActions\": [\r\n              \"Microsoft.Authorization/*/Delete\",\r\n              \"Microsoft.Authorization/*/Write\",\r\n              \"Microsoft.Authorization/elevateAccess/Action\"\r\n            ]\r\n          }\r\n        ],\r\n        \"createdOn\": \"0001-01-01T08:00:00Z\",\r\n        \"updatedOn\": \"2016-12-14T02:04:45.1393855Z\",\r\n        \"createdBy\": null,\r\n        \"updatedBy\": null\r\n      },\r\n      \"id\": \"/subscriptions/0b1f6471-1bf0-4dda-aec3-cb9272f09590/providers/Microsoft.Authorization/roleDefinitions/b24988ac-6180-42a0-ab88-20f7382dd24c\",\r\n      \"type\": \"Microsoft.Authorization/roleDefinitions\",\r\n      \"name\": \"b24988ac-6180-42a0-ab88-20f7382dd24c\"\r\n    }\r\n  ]\r\n}",
      "ResponseHeaders": {
        "Content-Type": [
          "application/json; charset=utf-8"
        ],
        "Expires": [
          "-1"
        ],
        "Cache-Control": [
          "no-cache"
        ],
        "Date": [
          "Tue, 13 Mar 2018 23:14:41 GMT"
        ],
        "Pragma": [
          "no-cache"
        ],
        "Transfer-Encoding": [
          "chunked"
        ],
        "Server": [
          "Microsoft-IIS/10.0"
        ],
        "Set-Cookie": [
          "x-ms-gateway-slice=productionb; path=/; secure; HttpOnly"
        ],
        "Vary": [
          "Accept-Encoding"
        ],
        "x-ms-request-charge": [
          "1"
        ],
        "x-ms-request-id": [
          "668193ba-dc8f-4712-907e-ba209f6f6b33"
        ],
        "X-Content-Type-Options": [
          "nosniff"
        ],
        "Strict-Transport-Security": [
          "max-age=31536000; includeSubDomains"
        ],
        "X-Powered-By": [
          "ASP.NET"
        ],
        "x-ms-ratelimit-remaining-subscription-reads": [
          "14942"
        ],
        "x-ms-correlation-request-id": [
          "a5b1a8ed-1c52-483f-bf22-8c418bc8efbd"
        ],
        "x-ms-routing-request-id": [
          "WESTUS2:20180313T231441Z:a5b1a8ed-1c52-483f-bf22-8c418bc8efbd"
        ]
      },
      "StatusCode": 200
    },
    {
      "RequestUri": "/54826b22-38d6-4fb2-bad9-b7b93a3e9c5a/applications?api-version=1.6",
      "EncodedRequestUri": "LzU0ODI2YjIyLTM4ZDYtNGZiMi1iYWQ5LWI3YjkzYTNlOWM1YS9hcHBsaWNhdGlvbnM/YXBpLXZlcnNpb249MS42",
      "RequestMethod": "POST",
      "RequestBody": "{\r\n  \"availableToOtherTenants\": false,\r\n  \"displayName\": \"http://sp9f65223756f0c43240\",\r\n  \"homepage\": \"http://sp9f65223756f0c43240\",\r\n  \"identifierUris\": [\r\n    \"http://sp9f65223756f0c43240\"\r\n  ],\r\n  \"replyUrls\": [\r\n    \"http://sp9f65223756f0c43240\"\r\n  ]\r\n}",
      "RequestHeaders": {
        "Content-Type": [
          "application/json; charset=utf-8"
        ],
        "Content-Length": [
          "258"
        ],
        "x-ms-client-request-id": [
          "301d4a66-769b-4e06-bef1-750e45280ce5"
        ],
        "accept-language": [
          "en-US"
        ],
        "User-Agent": [
          "FxVersion/4.6.25211.01",
          "Microsoft.Azure.Management.Graph.RBAC.Fluent.GraphRbacManagementClient/1.7.0.0",
          "MacAddressHash/32ac13edda214fc6108630a151bc81b40bade0f5b6c8d010a5350f8a3ea67e13"
        ]
      },
      "ResponseBody": "{\r\n  \"odata.metadata\": \"https://graph.windows.net/54826b22-38d6-4fb2-bad9-b7b93a3e9c5a/$metadata#directoryObjects/Microsoft.DirectoryServices.Application/@Element\",\r\n  \"odata.type\": \"Microsoft.DirectoryServices.Application\",\r\n  \"objectType\": \"Application\",\r\n  \"objectId\": \"c0572388-fbfa-4543-bdda-2f487067787f\",\r\n  \"deletionTimestamp\": null,\r\n  \"acceptMappedClaims\": null,\r\n  \"addIns\": [],\r\n  \"appId\": \"dee871b0-2115-4de8-b68c-21afe699abb9\",\r\n  \"appRoles\": [],\r\n  \"availableToOtherTenants\": false,\r\n  \"displayName\": \"http://sp9f65223756f0c43240\",\r\n  \"errorUrl\": null,\r\n  \"groupMembershipClaims\": null,\r\n  \"homepage\": \"http://sp9f65223756f0c43240\",\r\n  \"identifierUris\": [\r\n    \"http://sp9f65223756f0c43240\"\r\n  ],\r\n  \"informationalUrls\": {\r\n    \"termsOfService\": null,\r\n    \"support\": null,\r\n    \"privacy\": null,\r\n    \"marketing\": null\r\n  },\r\n  \"isDeviceOnlyAuthSupported\": null,\r\n  \"keyCredentials\": [],\r\n  \"knownClientApplications\": [],\r\n  \"logoutUrl\": null,\r\n  \"logo@odata.mediaContentType\": \"application/json;odata=minimalmetadata; charset=utf-8\",\r\n  \"logoUrl\": null,\r\n  \"oauth2AllowIdTokenImplicitFlow\": false,\r\n  \"oauth2AllowImplicitFlow\": false,\r\n  \"oauth2AllowUrlPathMatching\": false,\r\n  \"oauth2Permissions\": [\r\n    {\r\n      \"adminConsentDescription\": \"Allow the application to access http://sp9f65223756f0c43240 on behalf of the signed-in user.\",\r\n      \"adminConsentDisplayName\": \"Access http://sp9f65223756f0c43240\",\r\n      \"id\": \"06e67d96-b084-47d1-9d8a-9c8f2f66f251\",\r\n      \"isEnabled\": true,\r\n      \"type\": \"User\",\r\n      \"userConsentDescription\": \"Allow the application to access http://sp9f65223756f0c43240 on your behalf.\",\r\n      \"userConsentDisplayName\": \"Access http://sp9f65223756f0c43240\",\r\n      \"value\": \"user_impersonation\"\r\n    }\r\n  ],\r\n  \"oauth2RequirePostResponse\": false,\r\n  \"optionalClaims\": null,\r\n  \"parentalControlSettings\": {\r\n    \"countriesBlockedForMinors\": [],\r\n    \"legalAgeGroupRule\": \"Allow\"\r\n  },\r\n  \"passwordCredentials\": [],\r\n  \"publicClient\": null,\r\n  \"recordConsentConditions\": null,\r\n  \"replyUrls\": [\r\n    \"http://sp9f65223756f0c43240\"\r\n  ],\r\n  \"requiredResourceAccess\": [],\r\n  \"samlMetadataUrl\": null,\r\n  \"tokenEncryptionKeyId\": null\r\n}",
      "ResponseHeaders": {
        "Content-Length": [
          "1842"
        ],
        "Content-Type": [
          "application/json; odata=minimalmetadata; streaming=true; charset=utf-8"
        ],
        "Expires": [
          "-1"
        ],
        "Cache-Control": [
          "no-cache"
        ],
        "Date": [
          "Tue, 13 Mar 2018 23:14:25 GMT"
        ],
        "Pragma": [
          "no-cache"
        ],
        "Location": [
          "https://graph.windows.net/54826b22-38d6-4fb2-bad9-b7b93a3e9c5a/directoryObjects/c0572388-fbfa-4543-bdda-2f487067787f/Microsoft.DirectoryServices.Application"
        ],
        "Server": [
          "Microsoft-IIS/10.0"
        ],
        "ocp-aad-diagnostics-server-name": [
          "D/Nmvm5J7gPvWHCUgVGONxymxBaqFgS9HDIqypgJ6Ac="
        ],
        "request-id": [
          "661fd012-05e2-4a9f-8e7e-27aae0f84e5d"
        ],
        "client-request-id": [
          "88cfa530-4403-4e75-aa8e-44c07ab3cea8"
        ],
        "x-ms-dirapi-data-contract-version": [
          "1.6"
        ],
        "ocp-aad-session-key": [
          "2u6g0jFOL7QAaR_pkdB7IGKFz6JW7VTNdfmnqlO52MqkZ9TenShIulUQg-dROW1jxHQEQ1MUidgx5UbAQaK-53FFkt5oJAlqLxPt0JWficj2dVzd6US5AU0u-0EaKxoc_Yk2f76YmTbUZcGzaG_tcw.5BqObdVYq9tsX3GRzyo9P5qkXkCCdAzK6DziCcmcJR8"
        ],
        "X-Content-Type-Options": [
          "nosniff"
        ],
        "DataServiceVersion": [
          "3.0;"
        ],
        "Strict-Transport-Security": [
          "max-age=31536000; includeSubDomains"
        ],
        "Access-Control-Allow-Origin": [
          "*"
        ],
        "X-AspNet-Version": [
          "4.0.30319"
        ],
        "X-Powered-By": [
          "ASP.NET",
          "ASP.NET"
        ],
        "Duration": [
          "7249034"
        ]
      },
      "StatusCode": 201
    },
    {
      "RequestUri": "/54826b22-38d6-4fb2-bad9-b7b93a3e9c5a/applications/c0572388-fbfa-4543-bdda-2f487067787f/keyCredentials?api-version=1.6",
      "EncodedRequestUri": "LzU0ODI2YjIyLTM4ZDYtNGZiMi1iYWQ5LWI3YjkzYTNlOWM1YS9hcHBsaWNhdGlvbnMvYzA1NzIzODgtZmJmYS00NTQzLWJkZGEtMmY0ODcwNjc3ODdmL2tleUNyZWRlbnRpYWxzP2FwaS12ZXJzaW9uPTEuNg==",
      "RequestMethod": "GET",
      "RequestBody": "",
      "RequestHeaders": {
        "x-ms-client-request-id": [
          "b3d411a3-44de-4899-ad7c-0cb8cfcda9c0"
        ],
        "accept-language": [
          "en-US"
        ],
        "User-Agent": [
          "FxVersion/4.6.25211.01",
          "Microsoft.Azure.Management.Graph.RBAC.Fluent.GraphRbacManagementClient/1.7.0.0",
          "MacAddressHash/32ac13edda214fc6108630a151bc81b40bade0f5b6c8d010a5350f8a3ea67e13"
        ]
      },
      "ResponseBody": "{\r\n  \"odata.metadata\": \"https://graph.windows.net/54826b22-38d6-4fb2-bad9-b7b93a3e9c5a/$metadata#Collection(Microsoft.DirectoryServices.KeyCredential)\",\r\n  \"value\": []\r\n}",
      "ResponseHeaders": {
        "Content-Length": [
          "158"
        ],
        "Content-Type": [
          "application/json; odata=minimalmetadata; streaming=true; charset=utf-8"
        ],
        "Expires": [
          "-1"
        ],
        "Cache-Control": [
          "no-cache"
        ],
        "Date": [
          "Tue, 13 Mar 2018 23:14:25 GMT"
        ],
        "Pragma": [
          "no-cache"
        ],
        "Server": [
          "Microsoft-IIS/10.0"
        ],
        "ocp-aad-diagnostics-server-name": [
          "tloBiTzV9KbgWyL0nGvOfolvuIjvoIkswnX3WD63Y1k="
        ],
        "request-id": [
          "3412cf54-5ed0-4a27-aefa-79358655de6c"
        ],
        "client-request-id": [
          "bba90863-cc3d-4894-b9eb-d8a8b967250c"
        ],
        "x-ms-dirapi-data-contract-version": [
          "1.6"
        ],
        "ocp-aad-session-key": [
          "Zy54JXRT_ytsQgJ0mXUzquJSuSWrF78-ftZ53FMAGyJxX4X6OfbIM53CLUIDrrjls4mbtXyFj_0r38I5nCitBKnOG27gT6fn1kJ05MDRRiBirHtKYY45MFX3EBvbqi9LeHHXTgnD26SCwy9Z2kjpbw.hUAVQCUf-pGmsogSKA7JvSo4tHhWGx-TWAakTAuONf0"
        ],
        "X-Content-Type-Options": [
          "nosniff"
        ],
        "DataServiceVersion": [
          "3.0;"
        ],
        "Strict-Transport-Security": [
          "max-age=31536000; includeSubDomains"
        ],
        "Access-Control-Allow-Origin": [
          "*"
        ],
        "X-AspNet-Version": [
          "4.0.30319"
        ],
        "X-Powered-By": [
          "ASP.NET",
          "ASP.NET"
        ],
        "Duration": [
          "717541"
        ]
      },
      "StatusCode": 200
    },
    {
      "RequestUri": "/54826b22-38d6-4fb2-bad9-b7b93a3e9c5a/applications/c0572388-fbfa-4543-bdda-2f487067787f/passwordCredentials?api-version=1.6",
      "EncodedRequestUri": "LzU0ODI2YjIyLTM4ZDYtNGZiMi1iYWQ5LWI3YjkzYTNlOWM1YS9hcHBsaWNhdGlvbnMvYzA1NzIzODgtZmJmYS00NTQzLWJkZGEtMmY0ODcwNjc3ODdmL3Bhc3N3b3JkQ3JlZGVudGlhbHM/YXBpLXZlcnNpb249MS42",
      "RequestMethod": "GET",
      "RequestBody": "",
      "RequestHeaders": {
        "x-ms-client-request-id": [
          "6e7addd0-c041-4450-932f-e95b138437b4"
        ],
        "accept-language": [
          "en-US"
        ],
        "User-Agent": [
          "FxVersion/4.6.25211.01",
          "Microsoft.Azure.Management.Graph.RBAC.Fluent.GraphRbacManagementClient/1.7.0.0",
          "MacAddressHash/32ac13edda214fc6108630a151bc81b40bade0f5b6c8d010a5350f8a3ea67e13"
        ]
      },
      "ResponseBody": "{\r\n  \"odata.metadata\": \"https://graph.windows.net/54826b22-38d6-4fb2-bad9-b7b93a3e9c5a/$metadata#Collection(Microsoft.DirectoryServices.PasswordCredential)\",\r\n  \"value\": []\r\n}",
      "ResponseHeaders": {
        "Content-Length": [
          "163"
        ],
        "Content-Type": [
          "application/json; odata=minimalmetadata; streaming=true; charset=utf-8"
        ],
        "Expires": [
          "-1"
        ],
        "Cache-Control": [
          "no-cache"
        ],
        "Date": [
          "Tue, 13 Mar 2018 23:14:25 GMT"
        ],
        "Pragma": [
          "no-cache"
        ],
        "Server": [
          "Microsoft-IIS/10.0"
        ],
        "ocp-aad-diagnostics-server-name": [
          "OzArKxpPSemSWWoFLWW7BNCbp+jQjreuu63QDSj69JM="
        ],
        "request-id": [
          "e34688f6-6fda-4716-8ea2-686417dce099"
        ],
        "client-request-id": [
          "c8905892-9bb5-4be9-9457-daec0e6d2d8d"
        ],
        "x-ms-dirapi-data-contract-version": [
          "1.6"
        ],
        "ocp-aad-session-key": [
          "iBCoUI5ih0QJcsFV0cGpV-Q46kd3tfNfs_5xru4-C_YB0AuDsaJgBUqAr5eAKLRSEFJzyvHq384zIGMTE7UT4YdM8LiAro1mh-Zmbp102yndVfCeSf0jHcJurD3mD_ULzrNPpqkuhz2VXKr6-cdEKQ.rxVAReO_t5dEFsmmsXjyIlXkt-V2ZotixdqSP6atKDw"
        ],
        "X-Content-Type-Options": [
          "nosniff"
        ],
        "DataServiceVersion": [
          "3.0;"
        ],
        "Strict-Transport-Security": [
          "max-age=31536000; includeSubDomains"
        ],
        "Access-Control-Allow-Origin": [
          "*"
        ],
        "X-AspNet-Version": [
          "4.0.30319"
        ],
        "X-Powered-By": [
          "ASP.NET",
          "ASP.NET"
        ],
        "Duration": [
          "591170"
        ]
      },
      "StatusCode": 200
    },
    {
      "RequestUri": "/54826b22-38d6-4fb2-bad9-b7b93a3e9c5a/servicePrincipals?api-version=1.6",
      "EncodedRequestUri": "LzU0ODI2YjIyLTM4ZDYtNGZiMi1iYWQ5LWI3YjkzYTNlOWM1YS9zZXJ2aWNlUHJpbmNpcGFscz9hcGktdmVyc2lvbj0xLjY=",
      "RequestMethod": "POST",
      "RequestBody": "{\r\n  \"appId\": \"dee871b0-2115-4de8-b68c-21afe699abb9\",\r\n  \"accountEnabled\": true\r\n}",
      "RequestHeaders": {
        "Content-Type": [
          "application/json; charset=utf-8"
        ],
        "Content-Length": [
          "82"
        ],
        "x-ms-client-request-id": [
          "c909edf2-1f3e-44d0-a125-7ca34626866d"
        ],
        "accept-language": [
          "en-US"
        ],
        "User-Agent": [
          "FxVersion/4.6.25211.01",
          "Microsoft.Azure.Management.Graph.RBAC.Fluent.GraphRbacManagementClient/1.7.0.0",
          "MacAddressHash/32ac13edda214fc6108630a151bc81b40bade0f5b6c8d010a5350f8a3ea67e13"
        ]
      },
      "ResponseBody": "{\r\n  \"odata.metadata\": \"https://graph.windows.net/54826b22-38d6-4fb2-bad9-b7b93a3e9c5a/$metadata#directoryObjects/Microsoft.DirectoryServices.ServicePrincipal/@Element\",\r\n  \"odata.type\": \"Microsoft.DirectoryServices.ServicePrincipal\",\r\n  \"objectType\": \"ServicePrincipal\",\r\n  \"objectId\": \"6dc9902c-a611-42f5-b830-d7a822f0316c\",\r\n  \"deletionTimestamp\": null,\r\n  \"accountEnabled\": true,\r\n  \"addIns\": [],\r\n  \"alternativeNames\": [],\r\n  \"appDisplayName\": \"http://sp9f65223756f0c43240\",\r\n  \"appId\": \"dee871b0-2115-4de8-b68c-21afe699abb9\",\r\n  \"appOwnerTenantId\": \"54826b22-38d6-4fb2-bad9-b7b93a3e9c5a\",\r\n  \"appRoleAssignmentRequired\": false,\r\n  \"appRoles\": [],\r\n  \"displayName\": \"http://sp9f65223756f0c43240\",\r\n  \"errorUrl\": null,\r\n  \"homepage\": \"http://sp9f65223756f0c43240\",\r\n  \"keyCredentials\": [],\r\n  \"logoutUrl\": null,\r\n  \"oauth2Permissions\": [\r\n    {\r\n      \"adminConsentDescription\": \"Allow the application to access http://sp9f65223756f0c43240 on behalf of the signed-in user.\",\r\n      \"adminConsentDisplayName\": \"Access http://sp9f65223756f0c43240\",\r\n      \"id\": \"06e67d96-b084-47d1-9d8a-9c8f2f66f251\",\r\n      \"isEnabled\": true,\r\n      \"type\": \"User\",\r\n      \"userConsentDescription\": \"Allow the application to access http://sp9f65223756f0c43240 on your behalf.\",\r\n      \"userConsentDisplayName\": \"Access http://sp9f65223756f0c43240\",\r\n      \"value\": \"user_impersonation\"\r\n    }\r\n  ],\r\n  \"passwordCredentials\": [],\r\n  \"preferredTokenSigningKeyThumbprint\": null,\r\n  \"publisherName\": \"AzureSDKTeam\",\r\n  \"replyUrls\": [\r\n    \"http://sp9f65223756f0c43240\"\r\n  ],\r\n  \"samlMetadataUrl\": null,\r\n  \"servicePrincipalNames\": [\r\n    \"dee871b0-2115-4de8-b68c-21afe699abb9\",\r\n    \"http://sp9f65223756f0c43240\"\r\n  ],\r\n  \"servicePrincipalType\": \"Application\",\r\n  \"tags\": [],\r\n  \"tokenEncryptionKeyId\": null\r\n}",
      "ResponseHeaders": {
        "Content-Length": [
          "1537"
        ],
        "Content-Type": [
          "application/json; odata=minimalmetadata; streaming=true; charset=utf-8"
        ],
        "Expires": [
          "-1"
        ],
        "Cache-Control": [
          "no-cache"
        ],
        "Date": [
          "Tue, 13 Mar 2018 23:14:26 GMT"
        ],
        "Pragma": [
          "no-cache"
        ],
        "Location": [
          "https://graph.windows.net/54826b22-38d6-4fb2-bad9-b7b93a3e9c5a/directoryObjects/6dc9902c-a611-42f5-b830-d7a822f0316c/Microsoft.DirectoryServices.ServicePrincipal"
        ],
        "Server": [
          "Microsoft-IIS/10.0"
        ],
        "ocp-aad-diagnostics-server-name": [
          "ICgUT9PQICZWJwyJ2TfLVPihZ1e5QC5sUtJQrEsT2pA="
        ],
        "request-id": [
          "71897977-dad6-4ab2-81e1-4fa44b0d97d1"
        ],
        "client-request-id": [
          "9d1fb5ad-afa6-4624-8704-262ce0f41391"
        ],
        "x-ms-dirapi-data-contract-version": [
          "1.6"
        ],
        "ocp-aad-session-key": [
          "v6LrU3ByupGF8Y-Uh26lGkaIFYlzF8n8i8WVVxz6nh9j5KDQHKd54cuwhK4Wha4oni1wFmyr-oRRlvOhTFxArZK9nXsZBaxkH-oDOq9fmCK4Uw3XbhCsmY-IolWyYx47DwtoEQiuYz0HuiA2VxOeUA.40aWpXyXBGDLTlqPyDhL4xWbRoKWhKDUTwqR7EB6tb0"
        ],
        "X-Content-Type-Options": [
          "nosniff"
        ],
        "DataServiceVersion": [
          "3.0;"
        ],
        "Strict-Transport-Security": [
          "max-age=31536000; includeSubDomains"
        ],
        "Access-Control-Allow-Origin": [
          "*"
        ],
        "X-AspNet-Version": [
          "4.0.30319"
        ],
        "X-Powered-By": [
          "ASP.NET",
          "ASP.NET"
        ],
        "Duration": [
          "3918271"
        ]
      },
      "StatusCode": 201
    },
    {
      "RequestUri": "/54826b22-38d6-4fb2-bad9-b7b93a3e9c5a/servicePrincipals/6dc9902c-a611-42f5-b830-d7a822f0316c/keyCredentials?api-version=1.6",
      "EncodedRequestUri": "LzU0ODI2YjIyLTM4ZDYtNGZiMi1iYWQ5LWI3YjkzYTNlOWM1YS9zZXJ2aWNlUHJpbmNpcGFscy82ZGM5OTAyYy1hNjExLTQyZjUtYjgzMC1kN2E4MjJmMDMxNmMva2V5Q3JlZGVudGlhbHM/YXBpLXZlcnNpb249MS42",
      "RequestMethod": "GET",
      "RequestBody": "",
      "RequestHeaders": {
        "x-ms-client-request-id": [
          "e46167d3-be3a-40f1-8851-23db97f60f65"
        ],
        "accept-language": [
          "en-US"
        ],
        "User-Agent": [
          "FxVersion/4.6.25211.01",
          "Microsoft.Azure.Management.Graph.RBAC.Fluent.GraphRbacManagementClient/1.7.0.0",
          "MacAddressHash/32ac13edda214fc6108630a151bc81b40bade0f5b6c8d010a5350f8a3ea67e13"
        ]
      },
      "ResponseBody": "{\r\n  \"odata.metadata\": \"https://graph.windows.net/54826b22-38d6-4fb2-bad9-b7b93a3e9c5a/$metadata#Collection(Microsoft.DirectoryServices.KeyCredential)\",\r\n  \"value\": []\r\n}",
      "ResponseHeaders": {
        "Content-Length": [
          "158"
        ],
        "Content-Type": [
          "application/json; odata=minimalmetadata; streaming=true; charset=utf-8"
        ],
        "Expires": [
          "-1"
        ],
        "Cache-Control": [
          "no-cache"
        ],
        "Date": [
          "Tue, 13 Mar 2018 23:14:26 GMT"
        ],
        "Pragma": [
          "no-cache"
        ],
        "Server": [
          "Microsoft-IIS/10.0"
        ],
        "ocp-aad-diagnostics-server-name": [
          "UUsoRVZx52dAfTb5wv/hhWzDqbmsJKcNRViHoL4/1IY="
        ],
        "request-id": [
          "832cbdb4-c32b-4ce6-bff1-56328a39e704"
        ],
        "client-request-id": [
          "06fcd9fc-c21d-40f1-b4ad-b181ab509701"
        ],
        "x-ms-dirapi-data-contract-version": [
          "1.6"
        ],
        "ocp-aad-session-key": [
          "Faa_r85wAXfqMBN61ZQ8m9rteB6A5c4oO4IcR6gHKbhgeTxP18KuJekbbGJ3C-GXFFcvJlIC_VL1Gnl_Ql5D38VNZ7gPlLXH2jb4ylO3nBVMLWQRWO0SQHsU8nWCiz5uLxaxdSysGt06tp7oebe2yw.GgeUKRL_ru90SwiadaZbtyam3_YFBdQKVf2ZRSta41s"
        ],
        "X-Content-Type-Options": [
          "nosniff"
        ],
        "DataServiceVersion": [
          "3.0;"
        ],
        "Strict-Transport-Security": [
          "max-age=31536000; includeSubDomains"
        ],
        "Access-Control-Allow-Origin": [
          "*"
        ],
        "X-AspNet-Version": [
          "4.0.30319"
        ],
        "X-Powered-By": [
          "ASP.NET",
          "ASP.NET"
        ],
        "Duration": [
          "1165733"
        ]
      },
      "StatusCode": 200
    },
    {
      "RequestUri": "/54826b22-38d6-4fb2-bad9-b7b93a3e9c5a/servicePrincipals/6dc9902c-a611-42f5-b830-d7a822f0316c/passwordCredentials?api-version=1.6",
      "EncodedRequestUri": "LzU0ODI2YjIyLTM4ZDYtNGZiMi1iYWQ5LWI3YjkzYTNlOWM1YS9zZXJ2aWNlUHJpbmNpcGFscy82ZGM5OTAyYy1hNjExLTQyZjUtYjgzMC1kN2E4MjJmMDMxNmMvcGFzc3dvcmRDcmVkZW50aWFscz9hcGktdmVyc2lvbj0xLjY=",
      "RequestMethod": "GET",
      "RequestBody": "",
      "RequestHeaders": {
        "x-ms-client-request-id": [
          "ff0494a6-1b48-4d80-b58c-92fc30253bbf"
        ],
        "accept-language": [
          "en-US"
        ],
        "User-Agent": [
          "FxVersion/4.6.25211.01",
          "Microsoft.Azure.Management.Graph.RBAC.Fluent.GraphRbacManagementClient/1.7.0.0",
          "MacAddressHash/32ac13edda214fc6108630a151bc81b40bade0f5b6c8d010a5350f8a3ea67e13"
        ]
      },
      "ResponseBody": "{\r\n  \"odata.metadata\": \"https://graph.windows.net/54826b22-38d6-4fb2-bad9-b7b93a3e9c5a/$metadata#Collection(Microsoft.DirectoryServices.PasswordCredential)\",\r\n  \"value\": []\r\n}",
      "ResponseHeaders": {
        "Content-Length": [
          "163"
        ],
        "Content-Type": [
          "application/json; odata=minimalmetadata; streaming=true; charset=utf-8"
        ],
        "Expires": [
          "-1"
        ],
        "Cache-Control": [
          "no-cache"
        ],
        "Date": [
          "Tue, 13 Mar 2018 23:14:26 GMT"
        ],
        "Pragma": [
          "no-cache"
        ],
        "Server": [
          "Microsoft-IIS/10.0"
        ],
        "ocp-aad-diagnostics-server-name": [
          "buf1B7dwYkgP82cSMQE6yXD5AMTHLO4QlaO3zB8DEWY="
        ],
        "request-id": [
          "dcbf7797-ba8b-4616-b41e-9a6e12dfcaa6"
        ],
        "client-request-id": [
          "fc1c7bfd-31a5-4d1e-b2e5-3384c754db9d"
        ],
        "x-ms-dirapi-data-contract-version": [
          "1.6"
        ],
        "ocp-aad-session-key": [
          "qNIqO3nWR_qWSot5k-ZSGbgKX_vnimIcsJkY26XfKEpVrQ6N0ZMXIEy_m30lVSgHnTVZeWopSuNGHaxPq3n02pKCDN8dg70iTH6PHLUp8pOG8XWEqEOdsfCc1uOlp-hl.i8IuYt6_F-NgDTGkMHTF9HqAqHb8snV4HkDsoxe92oc"
        ],
        "X-Content-Type-Options": [
          "nosniff"
        ],
        "DataServiceVersion": [
          "3.0;"
        ],
        "Strict-Transport-Security": [
          "max-age=31536000; includeSubDomains"
        ],
        "Access-Control-Allow-Origin": [
          "*"
        ],
        "X-AspNet-Version": [
          "4.0.30319"
        ],
        "X-Powered-By": [
          "ASP.NET",
          "ASP.NET"
        ],
        "Duration": [
          "1572362"
        ]
      },
      "StatusCode": 200
    },
    {
      "RequestUri": "/subscriptions/0b1f6471-1bf0-4dda-aec3-cb9272f09590/providers/Microsoft.Authorization/roleAssignments/6bd5d4b5-5cec-4fc4-80f1-6ddda06de1e1?api-version=2015-07-01",
      "EncodedRequestUri": "L3N1YnNjcmlwdGlvbnMvMGIxZjY0NzEtMWJmMC00ZGRhLWFlYzMtY2I5MjcyZjA5NTkwL3Byb3ZpZGVycy9NaWNyb3NvZnQuQXV0aG9yaXphdGlvbi9yb2xlQXNzaWdubWVudHMvNmJkNWQ0YjUtNWNlYy00ZmM0LTgwZjEtNmRkZGEwNmRlMWUxP2FwaS12ZXJzaW9uPTIwMTUtMDctMDE=",
      "RequestMethod": "PUT",
      "RequestBody": "{\r\n  \"properties\": {\r\n    \"roleDefinitionId\": \"/subscriptions/0b1f6471-1bf0-4dda-aec3-cb9272f09590/providers/Microsoft.Authorization/roleDefinitions/b24988ac-6180-42a0-ab88-20f7382dd24c\",\r\n    \"principalId\": \"6dc9902c-a611-42f5-b830-d7a822f0316c\"\r\n  }\r\n}",
      "RequestHeaders": {
        "Content-Type": [
          "application/json; charset=utf-8"
        ],
        "Content-Length": [
          "254"
        ],
        "x-ms-client-request-id": [
          "37ff46b9-0ec6-4e8b-ba0d-24add8cc41b3"
        ],
        "accept-language": [
          "en-US"
        ],
        "User-Agent": [
          "FxVersion/4.6.25211.01",
          "Microsoft.Azure.Management.Graph.RBAC.Fluent.AuthorizationManagementClient/1.7.0.0",
          "MacAddressHash/32ac13edda214fc6108630a151bc81b40bade0f5b6c8d010a5350f8a3ea67e13"
        ]
      },
      "ResponseBody": "{\r\n  \"properties\": {\r\n    \"roleDefinitionId\": \"/subscriptions/0b1f6471-1bf0-4dda-aec3-cb9272f09590/providers/Microsoft.Authorization/roleDefinitions/b24988ac-6180-42a0-ab88-20f7382dd24c\",\r\n    \"principalId\": \"6dc9902c-a611-42f5-b830-d7a822f0316c\",\r\n    \"scope\": \"/subscriptions/0b1f6471-1bf0-4dda-aec3-cb9272f09590\",\r\n    \"createdOn\": \"2018-03-13T23:14:42.0422643Z\",\r\n    \"updatedOn\": \"2018-03-13T23:14:42.0422643Z\",\r\n    \"createdBy\": null,\r\n    \"updatedBy\": \"effe7851-3ea3-4415-8884-11cc8a954dc5\"\r\n  },\r\n  \"id\": \"/subscriptions/0b1f6471-1bf0-4dda-aec3-cb9272f09590/providers/Microsoft.Authorization/roleAssignments/6bd5d4b5-5cec-4fc4-80f1-6ddda06de1e1\",\r\n  \"type\": \"Microsoft.Authorization/roleAssignments\",\r\n  \"name\": \"6bd5d4b5-5cec-4fc4-80f1-6ddda06de1e1\"\r\n}",
      "ResponseHeaders": {
        "Content-Length": [
          "686"
        ],
        "Content-Type": [
          "application/json; charset=utf-8"
        ],
        "Expires": [
          "-1"
        ],
        "Cache-Control": [
          "no-cache"
        ],
        "Date": [
          "Tue, 13 Mar 2018 23:14:44 GMT"
        ],
        "Pragma": [
          "no-cache"
        ],
        "Server": [
          "Microsoft-IIS/10.0"
        ],
        "Set-Cookie": [
          "x-ms-gateway-slice=productionb; path=/; secure; HttpOnly"
        ],
        "x-ms-request-charge": [
          "4"
        ],
        "x-ms-request-id": [
          "ba2fe674-f4f7-43f4-ab13-aa10ee0fa67d"
        ],
        "X-Content-Type-Options": [
          "nosniff"
        ],
        "Strict-Transport-Security": [
          "max-age=31536000; includeSubDomains"
        ],
        "X-Powered-By": [
          "ASP.NET"
        ],
        "x-ms-ratelimit-remaining-subscription-writes": [
          "1178"
        ],
        "x-ms-correlation-request-id": [
          "c67aa828-b8c4-4107-bf87-ab31410430e1"
        ],
        "x-ms-routing-request-id": [
          "WESTUS2:20180313T231445Z:c67aa828-b8c4-4107-bf87-ab31410430e1"
        ]
      },
      "StatusCode": 201
    },
    {
      "RequestUri": "/54826b22-38d6-4fb2-bad9-b7b93a3e9c5a/groups?api-version=1.6",
      "EncodedRequestUri": "LzU0ODI2YjIyLTM4ZDYtNGZiMi1iYWQ5LWI3YjkzYTNlOWM1YS9ncm91cHM/YXBpLXZlcnNpb249MS42",
      "RequestMethod": "POST",
      "RequestBody": "{\r\n  \"displayName\": \"Group 7a99940851712fcd\",\r\n  \"mailNickname\": \"group17a99940851712fcd\",\r\n  \"mailEnabled\": false,\r\n  \"securityEnabled\": true\r\n}",
      "RequestHeaders": {
        "Content-Type": [
          "application/json; charset=utf-8"
        ],
        "Content-Length": [
          "145"
        ],
        "x-ms-client-request-id": [
          "e2e776c1-dde0-4e8d-946f-ca602989c758"
        ],
        "accept-language": [
          "en-US"
        ],
        "User-Agent": [
          "FxVersion/4.6.25211.01",
          "Microsoft.Azure.Management.Graph.RBAC.Fluent.GraphRbacManagementClient/1.7.0.0",
          "MacAddressHash/32ac13edda214fc6108630a151bc81b40bade0f5b6c8d010a5350f8a3ea67e13"
        ]
      },
      "ResponseBody": "{\r\n  \"odata.metadata\": \"https://graph.windows.net/54826b22-38d6-4fb2-bad9-b7b93a3e9c5a/$metadata#directoryObjects/Microsoft.DirectoryServices.Group/@Element\",\r\n  \"odata.type\": \"Microsoft.DirectoryServices.Group\",\r\n  \"objectType\": \"Group\",\r\n  \"objectId\": \"f71c34fc-ea64-413d-8d28-35f5ab0ac66b\",\r\n  \"deletionTimestamp\": null,\r\n  \"description\": null,\r\n  \"dirSyncEnabled\": null,\r\n  \"displayName\": \"Group 7a99940851712fcd\",\r\n  \"lastDirSyncTime\": null,\r\n  \"mail\": null,\r\n  \"mailNickname\": \"group17a99940851712fcd\",\r\n  \"mailEnabled\": false,\r\n  \"onPremisesDomainName\": null,\r\n  \"onPremisesNetBiosName\": null,\r\n  \"onPremisesSamAccountName\": null,\r\n  \"onPremisesSecurityIdentifier\": null,\r\n  \"provisioningErrors\": [],\r\n  \"proxyAddresses\": [],\r\n  \"securityEnabled\": true\r\n}",
      "ResponseHeaders": {
        "Content-Length": [
          "665"
        ],
        "Content-Type": [
          "application/json; odata=minimalmetadata; streaming=true; charset=utf-8"
        ],
        "Expires": [
          "-1"
        ],
        "Cache-Control": [
          "no-cache"
        ],
        "Date": [
          "Tue, 13 Mar 2018 23:14:44 GMT"
        ],
        "Pragma": [
          "no-cache"
        ],
        "Location": [
          "https://graph.windows.net/54826b22-38d6-4fb2-bad9-b7b93a3e9c5a/directoryObjects/f71c34fc-ea64-413d-8d28-35f5ab0ac66b/Microsoft.DirectoryServices.Group"
        ],
        "Server": [
          "Microsoft-IIS/10.0"
        ],
        "ocp-aad-diagnostics-server-name": [
          "buf1B7dwYkgP82cSMQE6yXD5AMTHLO4QlaO3zB8DEWY="
        ],
        "request-id": [
          "9cfd9ea9-4180-4511-90a2-50f19b885e77"
        ],
        "client-request-id": [
          "4f3cfca4-fd27-4bcc-b3cb-425f4d01c830"
        ],
        "x-ms-dirapi-data-contract-version": [
          "1.6"
        ],
        "ocp-aad-session-key": [
          "MRoDqtkYzC7IR3pYAUHK5TTpUSibwkNviwcbSW2eqEhV8ZlWzn3t0An0iJwEYMSU0kKOolGbvNr-J7QBjgRCOhRcO4hAcBImxpSJHRsh2tBeNwGAwXVB1dyRJ2nqhb7Nu6cUGioE8qF5A0Ql3C7Ffg.LybMr1C64zmkHiJMYZK5Gid6PaJQyhPqOgU-GL9RIfs"
        ],
        "X-Content-Type-Options": [
          "nosniff"
        ],
        "DataServiceVersion": [
          "3.0;"
        ],
        "Strict-Transport-Security": [
          "max-age=31536000; includeSubDomains"
        ],
        "Access-Control-Allow-Origin": [
          "*"
        ],
        "X-AspNet-Version": [
          "4.0.30319"
        ],
        "X-Powered-By": [
          "ASP.NET",
          "ASP.NET"
        ],
        "Duration": [
          "2764980"
        ]
      },
      "StatusCode": 201
    },
    {
      "RequestUri": "/54826b22-38d6-4fb2-bad9-b7b93a3e9c5a/groups?api-version=1.6",
      "EncodedRequestUri": "LzU0ODI2YjIyLTM4ZDYtNGZiMi1iYWQ5LWI3YjkzYTNlOWM1YS9ncm91cHM/YXBpLXZlcnNpb249MS42",
      "RequestMethod": "POST",
      "RequestBody": "{\r\n  \"displayName\": \"Group 0c32397220560dba\",\r\n  \"mailNickname\": \"group20c32397220560dba\",\r\n  \"mailEnabled\": false,\r\n  \"securityEnabled\": true\r\n}",
      "RequestHeaders": {
        "Content-Type": [
          "application/json; charset=utf-8"
        ],
        "Content-Length": [
          "145"
        ],
        "x-ms-client-request-id": [
          "da2f940e-91e4-45bc-a186-0f1473352d13"
        ],
        "accept-language": [
          "en-US"
        ],
        "User-Agent": [
          "FxVersion/4.6.25211.01",
          "Microsoft.Azure.Management.Graph.RBAC.Fluent.GraphRbacManagementClient/1.7.0.0",
          "MacAddressHash/32ac13edda214fc6108630a151bc81b40bade0f5b6c8d010a5350f8a3ea67e13"
        ]
      },
      "ResponseBody": "{\r\n  \"odata.metadata\": \"https://graph.windows.net/54826b22-38d6-4fb2-bad9-b7b93a3e9c5a/$metadata#directoryObjects/Microsoft.DirectoryServices.Group/@Element\",\r\n  \"odata.type\": \"Microsoft.DirectoryServices.Group\",\r\n  \"objectType\": \"Group\",\r\n  \"objectId\": \"f06b274b-3935-4ce9-8a09-92fe0c5ecf05\",\r\n  \"deletionTimestamp\": null,\r\n  \"description\": null,\r\n  \"dirSyncEnabled\": null,\r\n  \"displayName\": \"Group 0c32397220560dba\",\r\n  \"lastDirSyncTime\": null,\r\n  \"mail\": null,\r\n  \"mailNickname\": \"group20c32397220560dba\",\r\n  \"mailEnabled\": false,\r\n  \"onPremisesDomainName\": null,\r\n  \"onPremisesNetBiosName\": null,\r\n  \"onPremisesSamAccountName\": null,\r\n  \"onPremisesSecurityIdentifier\": null,\r\n  \"provisioningErrors\": [],\r\n  \"proxyAddresses\": [],\r\n  \"securityEnabled\": true\r\n}",
      "ResponseHeaders": {
        "Content-Length": [
          "665"
        ],
        "Content-Type": [
          "application/json; odata=minimalmetadata; streaming=true; charset=utf-8"
        ],
        "Expires": [
          "-1"
        ],
        "Cache-Control": [
          "no-cache"
        ],
        "Date": [
          "Tue, 13 Mar 2018 23:14:45 GMT"
        ],
        "Pragma": [
          "no-cache"
        ],
        "Location": [
          "https://graph.windows.net/54826b22-38d6-4fb2-bad9-b7b93a3e9c5a/directoryObjects/f06b274b-3935-4ce9-8a09-92fe0c5ecf05/Microsoft.DirectoryServices.Group"
        ],
        "Server": [
          "Microsoft-IIS/10.0"
        ],
        "ocp-aad-diagnostics-server-name": [
          "zYFOqxuM54Aw2TyX3bLhJZ/cB4A9F8cptTJtgCGrP+c="
        ],
        "request-id": [
          "d96f27fa-e235-40f7-a002-df13985bc90a"
        ],
        "client-request-id": [
          "d46cb6be-41e0-4206-802e-7e93d8f29b62"
        ],
        "x-ms-dirapi-data-contract-version": [
          "1.6"
        ],
        "ocp-aad-session-key": [
          "x701PT096GnOy6-TUg2Ra01RCNVRioNm8v-j2kBPpzXvC71b6ie3esaapH4H8ZqASN_1RV5msZdPBqG_4TNj3e1dTLLD9kWfMH7f9xAFKWcxLnnZH735gLXcrsQpJbMku9mEl9Qi8rEXsCO_T6LG1w.Q_2uWO3TmKZcdZGrlMm0SZsHGtajNuoKfTsy9R_1s3U"
        ],
        "X-Content-Type-Options": [
          "nosniff"
        ],
        "DataServiceVersion": [
          "3.0;"
        ],
        "Strict-Transport-Security": [
          "max-age=31536000; includeSubDomains"
        ],
        "Access-Control-Allow-Origin": [
          "*"
        ],
        "X-AspNet-Version": [
          "4.0.30319"
        ],
        "X-Powered-By": [
          "ASP.NET",
          "ASP.NET"
        ],
        "Duration": [
          "2674949"
        ]
      },
      "StatusCode": 201
    },
    {
      "RequestUri": "/54826b22-38d6-4fb2-bad9-b7b93a3e9c5a/groups/f71c34fc-ea64-413d-8d28-35f5ab0ac66b/members?api-version=1.6",
      "EncodedRequestUri": "LzU0ODI2YjIyLTM4ZDYtNGZiMi1iYWQ5LWI3YjkzYTNlOWM1YS9ncm91cHMvZjcxYzM0ZmMtZWE2NC00MTNkLThkMjgtMzVmNWFiMGFjNjZiL21lbWJlcnM/YXBpLXZlcnNpb249MS42",
      "RequestMethod": "GET",
      "RequestBody": "",
      "RequestHeaders": {
        "x-ms-client-request-id": [
          "c5d6f500-cec8-4bad-83e3-917972afdf9b"
        ],
        "accept-language": [
          "en-US"
        ],
        "User-Agent": [
          "FxVersion/4.6.25211.01",
          "Microsoft.Azure.Management.Graph.RBAC.Fluent.GraphRbacManagementClient/1.7.0.0",
          "MacAddressHash/32ac13edda214fc6108630a151bc81b40bade0f5b6c8d010a5350f8a3ea67e13"
        ]
      },
      "ResponseBody": "{\r\n  \"odata.metadata\": \"https://graph.windows.net/54826b22-38d6-4fb2-bad9-b7b93a3e9c5a/$metadata#directoryObjects\",\r\n  \"value\": []\r\n}",
      "ResponseHeaders": {
        "Content-Length": [
          "121"
        ],
        "Content-Type": [
          "application/json; odata=minimalmetadata; streaming=true; charset=utf-8"
        ],
        "Expires": [
          "-1"
        ],
        "Cache-Control": [
          "no-cache"
        ],
        "Date": [
          "Tue, 13 Mar 2018 23:14:44 GMT"
        ],
        "Pragma": [
          "no-cache"
        ],
        "Server": [
          "Microsoft-IIS/10.0"
        ],
        "ocp-aad-diagnostics-server-name": [
          "D/Nmvm5J7gPvWHCUgVGONxymxBaqFgS9HDIqypgJ6Ac="
        ],
        "request-id": [
          "b88e517c-7626-4a10-8f7d-ad8178369d7d"
        ],
        "client-request-id": [
          "e2b2c4ab-d382-4188-9465-7fe2ca6e039a"
        ],
        "x-ms-dirapi-data-contract-version": [
          "1.6"
        ],
        "ocp-aad-session-key": [
          "a-AITzpSNMWr5l-Wsgx3H8hV92I0vZ_p7xH-dgNlMjubaAS4IhV88WWcDl7zuIn_-I2U-rbCSPRLf-nzIBIXsdj3z1t50dCvh-6Vsr5JiSqepMekeEPzQrzQYRQK3GgI32uPv0-HwHGAMixXPLkS9g.aBmXhikcPXKh4rNAxvCatUtoyI0ngzzSCcxl5mSp2bc"
        ],
        "X-Content-Type-Options": [
          "nosniff"
        ],
        "DataServiceVersion": [
          "3.0;"
        ],
        "Strict-Transport-Security": [
          "max-age=31536000; includeSubDomains"
        ],
        "Access-Control-Allow-Origin": [
          "*"
        ],
        "X-AspNet-Version": [
          "4.0.30319"
        ],
        "X-Powered-By": [
          "ASP.NET",
          "ASP.NET"
        ],
        "Duration": [
          "651231"
        ]
      },
      "StatusCode": 200
    },
    {
      "RequestUri": "/54826b22-38d6-4fb2-bad9-b7b93a3e9c5a/groups/f06b274b-3935-4ce9-8a09-92fe0c5ecf05/members?api-version=1.6",
      "EncodedRequestUri": "LzU0ODI2YjIyLTM4ZDYtNGZiMi1iYWQ5LWI3YjkzYTNlOWM1YS9ncm91cHMvZjA2YjI3NGItMzkzNS00Y2U5LThhMDktOTJmZTBjNWVjZjA1L21lbWJlcnM/YXBpLXZlcnNpb249MS42",
      "RequestMethod": "GET",
      "RequestBody": "",
      "RequestHeaders": {
        "x-ms-client-request-id": [
          "2310b73f-3fe8-40f5-ab52-7c24673a21a2"
        ],
        "accept-language": [
          "en-US"
        ],
        "User-Agent": [
          "FxVersion/4.6.25211.01",
          "Microsoft.Azure.Management.Graph.RBAC.Fluent.GraphRbacManagementClient/1.7.0.0",
          "MacAddressHash/32ac13edda214fc6108630a151bc81b40bade0f5b6c8d010a5350f8a3ea67e13"
        ]
      },
      "ResponseBody": "{\r\n  \"odata.metadata\": \"https://graph.windows.net/54826b22-38d6-4fb2-bad9-b7b93a3e9c5a/$metadata#directoryObjects\",\r\n  \"value\": []\r\n}",
      "ResponseHeaders": {
        "Content-Length": [
          "121"
        ],
        "Content-Type": [
          "application/json; odata=minimalmetadata; streaming=true; charset=utf-8"
        ],
        "Expires": [
          "-1"
        ],
        "Cache-Control": [
          "no-cache"
        ],
        "Date": [
          "Tue, 13 Mar 2018 23:14:45 GMT"
        ],
        "Pragma": [
          "no-cache"
        ],
        "Server": [
          "Microsoft-IIS/10.0"
        ],
        "ocp-aad-diagnostics-server-name": [
          "Di2Mb1FQpAkptjcd3t0sJrUHBU1H5BG1v34ttQWjQvo="
        ],
        "request-id": [
          "29e78564-8d5a-457e-8a6c-3b4a12a0a7fb"
        ],
        "client-request-id": [
          "4795fbf9-4497-4a10-a48c-bff2d459cb94"
        ],
        "x-ms-dirapi-data-contract-version": [
          "1.6"
        ],
        "ocp-aad-session-key": [
          "uQ9Dw08e3LjEXuie_nSPaKx-gpz7gFtcy6-mxIlU9DSuRUChi_iwSgB_sSR5r09dFbx9N5puC5mmAKdH5M5Ww2k27FuD8dhmq4ET_erYfU8mmRT0zn6ltziOoklyB1GzCDwI5H2XM4hGy_CDNVsqIA.g2wttI4nJY5AOakzc1-tYUksT-P9kCyDjGpEFiNhuAs"
        ],
        "X-Content-Type-Options": [
          "nosniff"
        ],
        "DataServiceVersion": [
          "3.0;"
        ],
        "Strict-Transport-Security": [
          "max-age=31536000; includeSubDomains"
        ],
        "Access-Control-Allow-Origin": [
          "*"
        ],
        "X-AspNet-Version": [
          "4.0.30319"
        ],
        "X-Powered-By": [
          "ASP.NET",
          "ASP.NET"
        ],
        "Duration": [
          "622089"
        ]
      },
      "StatusCode": 200
    },
    {
      "RequestUri": "/54826b22-38d6-4fb2-bad9-b7b93a3e9c5a/groups/f06b274b-3935-4ce9-8a09-92fe0c5ecf05/members?api-version=1.6",
      "EncodedRequestUri": "LzU0ODI2YjIyLTM4ZDYtNGZiMi1iYWQ5LWI3YjkzYTNlOWM1YS9ncm91cHMvZjA2YjI3NGItMzkzNS00Y2U5LThhMDktOTJmZTBjNWVjZjA1L21lbWJlcnM/YXBpLXZlcnNpb249MS42",
      "RequestMethod": "GET",
      "RequestBody": "",
      "RequestHeaders": {
        "x-ms-client-request-id": [
          "41306508-9f3b-4387-90fa-d442fcec8e36"
        ],
        "accept-language": [
          "en-US"
        ],
        "User-Agent": [
          "FxVersion/4.6.25211.01",
          "Microsoft.Azure.Management.Graph.RBAC.Fluent.GraphRbacManagementClient/1.7.0.0",
          "MacAddressHash/32ac13edda214fc6108630a151bc81b40bade0f5b6c8d010a5350f8a3ea67e13"
        ]
      },
      "ResponseBody": "{\r\n  \"odata.metadata\": \"https://graph.windows.net/54826b22-38d6-4fb2-bad9-b7b93a3e9c5a/$metadata#directoryObjects\",\r\n  \"value\": [\r\n    {\r\n      \"odata.type\": \"Microsoft.DirectoryServices.User\",\r\n      \"objectType\": \"User\",\r\n      \"objectId\": \"487153be-b1e3-4ad3-bfce-f73c672df258\",\r\n      \"deletionTimestamp\": null,\r\n      \"accountEnabled\": true,\r\n      \"ageGroup\": null,\r\n      \"assignedLicenses\": [],\r\n      \"assignedPlans\": [],\r\n      \"city\": null,\r\n      \"companyName\": null,\r\n      \"consentProvidedForMinor\": null,\r\n      \"country\": null,\r\n      \"creationType\": null,\r\n      \"department\": null,\r\n      \"dirSyncEnabled\": null,\r\n      \"displayName\": \"Test 76c97300e847784b3\",\r\n      \"employeeId\": null,\r\n      \"facsimileTelephoneNumber\": null,\r\n      \"givenName\": null,\r\n      \"immutableId\": null,\r\n      \"isCompromised\": null,\r\n      \"jobTitle\": null,\r\n      \"lastDirSyncTime\": null,\r\n      \"legalAgeGroupClassification\": null,\r\n      \"mail\": null,\r\n      \"mailNickname\": \"test76c97300e847784b3\",\r\n      \"mobile\": null,\r\n      \"onPremisesDistinguishedName\": null,\r\n      \"onPremisesSecurityIdentifier\": null,\r\n      \"otherMails\": [],\r\n      \"passwordPolicies\": null,\r\n      \"passwordProfile\": {\r\n        \"password\": null,\r\n        \"forceChangePasswordNextLogin\": true,\r\n        \"enforceChangePasswordPolicy\": false\r\n      },\r\n      \"physicalDeliveryOfficeName\": null,\r\n      \"postalCode\": null,\r\n      \"preferredLanguage\": null,\r\n      \"provisionedPlans\": [],\r\n      \"provisioningErrors\": [],\r\n      \"proxyAddresses\": [],\r\n      \"refreshTokensValidFromDateTime\": \"2018-03-13T23:14:16Z\",\r\n      \"showInAddressList\": null,\r\n      \"signInNames\": [],\r\n      \"sipProxyAddress\": null,\r\n      \"state\": null,\r\n      \"streetAddress\": null,\r\n      \"surname\": null,\r\n      \"telephoneNumber\": null,\r\n      \"usageLocation\": null,\r\n      \"userIdentities\": [],\r\n      \"userPrincipalName\": \"test76c97300e847784b3@AzureSDKTeam.onmicrosoft.com\",\r\n      \"userType\": \"Member\"\r\n    },\r\n    {\r\n      \"odata.type\": \"Microsoft.DirectoryServices.ServicePrincipal\",\r\n      \"objectType\": \"ServicePrincipal\",\r\n      \"objectId\": \"6dc9902c-a611-42f5-b830-d7a822f0316c\",\r\n      \"deletionTimestamp\": null,\r\n      \"accountEnabled\": true,\r\n      \"addIns\": [],\r\n      \"alternativeNames\": [],\r\n      \"appDisplayName\": \"http://sp9f65223756f0c43240\",\r\n      \"appId\": \"dee871b0-2115-4de8-b68c-21afe699abb9\",\r\n      \"appOwnerTenantId\": \"54826b22-38d6-4fb2-bad9-b7b93a3e9c5a\",\r\n      \"appRoleAssignmentRequired\": false,\r\n      \"appRoles\": [],\r\n      \"displayName\": \"http://sp9f65223756f0c43240\",\r\n      \"errorUrl\": null,\r\n      \"homepage\": \"http://sp9f65223756f0c43240\",\r\n      \"keyCredentials\": [],\r\n      \"logoutUrl\": null,\r\n      \"oauth2Permissions\": [\r\n        {\r\n          \"adminConsentDescription\": \"Allow the application to access http://sp9f65223756f0c43240 on behalf of the signed-in user.\",\r\n          \"adminConsentDisplayName\": \"Access http://sp9f65223756f0c43240\",\r\n          \"id\": \"06e67d96-b084-47d1-9d8a-9c8f2f66f251\",\r\n          \"isEnabled\": true,\r\n          \"type\": \"User\",\r\n          \"userConsentDescription\": \"Allow the application to access http://sp9f65223756f0c43240 on your behalf.\",\r\n          \"userConsentDisplayName\": \"Access http://sp9f65223756f0c43240\",\r\n          \"value\": \"user_impersonation\"\r\n        }\r\n      ],\r\n      \"passwordCredentials\": [],\r\n      \"preferredTokenSigningKeyThumbprint\": null,\r\n      \"publisherName\": \"AzureSDKTeam\",\r\n      \"replyUrls\": [\r\n        \"http://sp9f65223756f0c43240\"\r\n      ],\r\n      \"samlMetadataUrl\": null,\r\n      \"servicePrincipalNames\": [\r\n        \"http://sp9f65223756f0c43240\",\r\n        \"dee871b0-2115-4de8-b68c-21afe699abb9\"\r\n      ],\r\n      \"servicePrincipalType\": \"Application\",\r\n      \"tags\": [],\r\n      \"tokenEncryptionKeyId\": null\r\n    },\r\n    {\r\n      \"odata.type\": \"Microsoft.DirectoryServices.Group\",\r\n      \"objectType\": \"Group\",\r\n      \"objectId\": \"f71c34fc-ea64-413d-8d28-35f5ab0ac66b\",\r\n      \"deletionTimestamp\": null,\r\n      \"description\": null,\r\n      \"dirSyncEnabled\": null,\r\n      \"displayName\": \"Group 7a99940851712fcd\",\r\n      \"lastDirSyncTime\": null,\r\n      \"mail\": null,\r\n      \"mailNickname\": \"group17a99940851712fcd\",\r\n      \"mailEnabled\": false,\r\n      \"onPremisesDomainName\": null,\r\n      \"onPremisesNetBiosName\": null,\r\n      \"onPremisesSamAccountName\": null,\r\n      \"onPremisesSecurityIdentifier\": null,\r\n      \"provisioningErrors\": [],\r\n      \"proxyAddresses\": [],\r\n      \"securityEnabled\": true\r\n    }\r\n  ]\r\n}",
      "ResponseHeaders": {
        "Content-Length": [
          "3344"
        ],
        "Content-Type": [
          "application/json; odata=minimalmetadata; streaming=true; charset=utf-8"
        ],
        "Expires": [
          "-1"
        ],
        "Cache-Control": [
          "no-cache"
        ],
        "Date": [
          "Tue, 13 Mar 2018 23:14:46 GMT"
        ],
        "Pragma": [
          "no-cache"
        ],
        "Server": [
          "Microsoft-IIS/10.0"
        ],
        "ocp-aad-diagnostics-server-name": [
          "WVFBMbnJaGfSvrLnzaJuh45OLLjoRA9sY9NDxBQIhgw="
        ],
        "request-id": [
          "8566ed67-b65d-4734-9824-b022eff5d34e"
        ],
        "client-request-id": [
          "7af78674-6f71-4978-b6f0-dbbfafb4c5eb"
        ],
        "x-ms-dirapi-data-contract-version": [
          "1.6"
        ],
        "ocp-aad-session-key": [
          "J92R_5K4_BQSNkwhxV1F70S-lnHvPbBIV7V9k0dFlOw7FUjtUVejGwTftaF0SJ6LRj_t39Hy7gUDuzlqfUliapjerfdghcvu-pgaezRC30pf29wht_9FSA9NK4jv7NdYGRGxVpBhFJuAs9PBuYw6zQ.dRfbj2Tbpnw2ZlIdqsxkW9Hs0FIe-1q6jOGew3GZfCQ"
        ],
        "X-Content-Type-Options": [
          "nosniff"
        ],
        "DataServiceVersion": [
          "3.0;"
        ],
        "Strict-Transport-Security": [
          "max-age=31536000; includeSubDomains"
        ],
        "Access-Control-Allow-Origin": [
          "*"
        ],
        "X-AspNet-Version": [
          "4.0.30319"
        ],
        "X-Powered-By": [
          "ASP.NET",
          "ASP.NET"
        ],
        "Duration": [
          "688037"
        ]
      },
      "StatusCode": 200
    },
    {
      "RequestUri": "/54826b22-38d6-4fb2-bad9-b7b93a3e9c5a/groups/f06b274b-3935-4ce9-8a09-92fe0c5ecf05/$links/members?api-version=1.6",
      "EncodedRequestUri": "LzU0ODI2YjIyLTM4ZDYtNGZiMi1iYWQ5LWI3YjkzYTNlOWM1YS9ncm91cHMvZjA2YjI3NGItMzkzNS00Y2U5LThhMDktOTJmZTBjNWVjZjA1LyRsaW5rcy9tZW1iZXJzP2FwaS12ZXJzaW9uPTEuNg==",
      "RequestMethod": "POST",
      "RequestBody": "{\r\n  \"url\": \"https://graph.windows.net/54826b22-38d6-4fb2-bad9-b7b93a3e9c5a/directoryObjects/487153be-b1e3-4ad3-bfce-f73c672df258\"\r\n}",
      "RequestHeaders": {
        "Content-Type": [
          "application/json; charset=utf-8"
        ],
        "Content-Length": [
          "133"
        ],
        "x-ms-client-request-id": [
          "d0cc1e80-842d-4660-b360-47d4d0945823"
        ],
        "accept-language": [
          "en-US"
        ],
        "User-Agent": [
          "FxVersion/4.6.25211.01",
          "Microsoft.Azure.Management.Graph.RBAC.Fluent.GraphRbacManagementClient/1.7.0.0",
          "MacAddressHash/32ac13edda214fc6108630a151bc81b40bade0f5b6c8d010a5350f8a3ea67e13"
        ]
      },
      "ResponseBody": "",
      "ResponseHeaders": {
        "Expires": [
          "-1"
        ],
        "Cache-Control": [
          "no-cache"
        ],
        "Date": [
          "Tue, 13 Mar 2018 23:14:45 GMT"
        ],
        "Pragma": [
          "no-cache"
        ],
        "Server": [
          "Microsoft-IIS/10.0"
        ],
        "ocp-aad-diagnostics-server-name": [
          "DBkxAUtc39ZvuCNWglbQ4rJ9IJ8Cx3hNqz0KjpmFlzw="
        ],
        "request-id": [
          "2e5f9b7e-8f97-48ab-8f41-9ffc85d60bfd"
        ],
        "client-request-id": [
          "9924adab-b509-428a-93e8-f6de755e04a0"
        ],
        "x-ms-dirapi-data-contract-version": [
          "1.6"
        ],
        "ocp-aad-session-key": [
          "SXqidS0AsagbeGWmmfuKqtdmqM3-fe-158mDRFd2DK54aFp_fTNLhX1gI7Q4DuwWF-gexJ2eM4UIkWuNmscsmBOSD-bSykWPO2w2rj2t4TfMCcPpADQJ68sWABeR62a2i3n_cTtgIVPn7WVvC4g_1g.XK6HST6nYvUKwC0CYajFQnU5EpBS2_8jvD4t5K702b8"
        ],
        "X-Content-Type-Options": [
          "nosniff"
        ],
        "DataServiceVersion": [
          "1.0;"
        ],
        "Strict-Transport-Security": [
          "max-age=31536000; includeSubDomains"
        ],
        "Access-Control-Allow-Origin": [
          "*"
        ],
        "X-AspNet-Version": [
          "4.0.30319"
        ],
        "X-Powered-By": [
          "ASP.NET",
          "ASP.NET"
        ],
        "Duration": [
          "2305113"
        ]
      },
      "StatusCode": 204
    },
    {
      "RequestUri": "/54826b22-38d6-4fb2-bad9-b7b93a3e9c5a/groups/f06b274b-3935-4ce9-8a09-92fe0c5ecf05/$links/members?api-version=1.6",
      "EncodedRequestUri": "LzU0ODI2YjIyLTM4ZDYtNGZiMi1iYWQ5LWI3YjkzYTNlOWM1YS9ncm91cHMvZjA2YjI3NGItMzkzNS00Y2U5LThhMDktOTJmZTBjNWVjZjA1LyRsaW5rcy9tZW1iZXJzP2FwaS12ZXJzaW9uPTEuNg==",
      "RequestMethod": "POST",
      "RequestBody": "{\r\n  \"url\": \"https://graph.windows.net/54826b22-38d6-4fb2-bad9-b7b93a3e9c5a/directoryObjects/6dc9902c-a611-42f5-b830-d7a822f0316c\"\r\n}",
      "RequestHeaders": {
        "Content-Type": [
          "application/json; charset=utf-8"
        ],
        "Content-Length": [
          "133"
        ],
        "x-ms-client-request-id": [
          "7ee85b62-9563-495b-8d16-abb5dc88d004"
        ],
        "accept-language": [
          "en-US"
        ],
        "User-Agent": [
          "FxVersion/4.6.25211.01",
          "Microsoft.Azure.Management.Graph.RBAC.Fluent.GraphRbacManagementClient/1.7.0.0",
          "MacAddressHash/32ac13edda214fc6108630a151bc81b40bade0f5b6c8d010a5350f8a3ea67e13"
        ]
      },
      "ResponseBody": "",
      "ResponseHeaders": {
        "Expires": [
          "-1"
        ],
        "Cache-Control": [
          "no-cache"
        ],
        "Date": [
          "Tue, 13 Mar 2018 23:14:45 GMT"
        ],
        "Pragma": [
          "no-cache"
        ],
        "Server": [
          "Microsoft-IIS/10.0"
        ],
        "ocp-aad-diagnostics-server-name": [
          "Di2Mb1FQpAkptjcd3t0sJrUHBU1H5BG1v34ttQWjQvo="
        ],
        "request-id": [
          "c7e8fac5-ac2f-4f65-8a3f-35de960ba418"
        ],
        "client-request-id": [
          "df55d5ba-f0b7-496a-b152-43da9a238ffd"
        ],
        "x-ms-dirapi-data-contract-version": [
          "1.6"
        ],
        "ocp-aad-session-key": [
          "8EXcNHnM8Q2FizI_JhPlWXndsOFY1MkUUSyNtiWhFDyuZA37HIsaQphckJrHqvdRTZNt3azhbfWsk_n3JPvMvvp0DfAbA8bAnzxsuVHXKdxqMl5IT-sz35wLadJk4LtpDxdJanVGEBLQVn9Da6wSOA.PGp9i3eN5xeQQ-kGR9h9QmEcmPtgAQ_0kJsN0ZweFBE"
        ],
        "X-Content-Type-Options": [
          "nosniff"
        ],
        "DataServiceVersion": [
          "1.0;"
        ],
        "Strict-Transport-Security": [
          "max-age=31536000; includeSubDomains"
        ],
        "Access-Control-Allow-Origin": [
          "*"
        ],
        "X-AspNet-Version": [
          "4.0.30319"
        ],
        "X-Powered-By": [
          "ASP.NET",
          "ASP.NET"
        ],
        "Duration": [
          "2670627"
        ]
      },
      "StatusCode": 204
    },
    {
      "RequestUri": "/54826b22-38d6-4fb2-bad9-b7b93a3e9c5a/groups/f06b274b-3935-4ce9-8a09-92fe0c5ecf05/$links/members?api-version=1.6",
      "EncodedRequestUri": "LzU0ODI2YjIyLTM4ZDYtNGZiMi1iYWQ5LWI3YjkzYTNlOWM1YS9ncm91cHMvZjA2YjI3NGItMzkzNS00Y2U5LThhMDktOTJmZTBjNWVjZjA1LyRsaW5rcy9tZW1iZXJzP2FwaS12ZXJzaW9uPTEuNg==",
      "RequestMethod": "POST",
      "RequestBody": "{\r\n  \"url\": \"https://graph.windows.net/54826b22-38d6-4fb2-bad9-b7b93a3e9c5a/directoryObjects/f71c34fc-ea64-413d-8d28-35f5ab0ac66b\"\r\n}",
      "RequestHeaders": {
        "Content-Type": [
          "application/json; charset=utf-8"
        ],
        "Content-Length": [
          "133"
        ],
        "x-ms-client-request-id": [
          "f84330c9-9998-4590-a9c5-9ef331b9f547"
        ],
        "accept-language": [
          "en-US"
        ],
        "User-Agent": [
          "FxVersion/4.6.25211.01",
          "Microsoft.Azure.Management.Graph.RBAC.Fluent.GraphRbacManagementClient/1.7.0.0",
          "MacAddressHash/32ac13edda214fc6108630a151bc81b40bade0f5b6c8d010a5350f8a3ea67e13"
        ]
      },
      "ResponseBody": "",
      "ResponseHeaders": {
        "Expires": [
          "-1"
        ],
        "Cache-Control": [
          "no-cache"
        ],
        "Date": [
          "Tue, 13 Mar 2018 23:14:46 GMT"
        ],
        "Pragma": [
          "no-cache"
        ],
        "Server": [
          "Microsoft-IIS/10.0"
        ],
        "ocp-aad-diagnostics-server-name": [
          "buf1B7dwYkgP82cSMQE6yXD5AMTHLO4QlaO3zB8DEWY="
        ],
        "request-id": [
          "4b678ecd-489b-4d5b-93b5-e71333ce2b75"
        ],
        "client-request-id": [
          "37a7833a-edf5-4902-8028-78f549e49b1b"
        ],
        "x-ms-dirapi-data-contract-version": [
          "1.6"
        ],
        "ocp-aad-session-key": [
          "jNdDgNEALkXK9707_PBAo8iYFjtm5fSJJhqMNCKi7971SLoIjbmy3NFjpHz-DCvZxL70mztKY5W1491k_Kfi60YmgrfTX1wu6F54SNB99_OHwAL7Dy8nGaNNMHk1hkVY74_fMI14oSlKjABMDhC4Vg.m7ac4Bpk7HonDOHUkuXmK5PMYdnDQ5H81n4oIZM9zU4"
        ],
        "X-Content-Type-Options": [
          "nosniff"
        ],
        "DataServiceVersion": [
          "1.0;"
        ],
        "Strict-Transport-Security": [
          "max-age=31536000; includeSubDomains"
        ],
        "Access-Control-Allow-Origin": [
          "*"
        ],
        "X-AspNet-Version": [
          "4.0.30319"
        ],
        "X-Powered-By": [
          "ASP.NET",
          "ASP.NET"
        ],
        "Duration": [
          "4044507"
        ]
      },
      "StatusCode": 204
    }
  ],
  "Names": {
    "ManageUsersGroupsAndRolesTest": [
      "test76c97300e847784b3",
      "sp9f65223756f0c43240",
      "483d4516-99ba-469d-a1f7-17e980dcb99c",
      "6bd5d4b5-5cec-4fc4-80f1-6ddda06de1e1",
      "group17a99940851712fcd",
      "group20c32397220560dba"
    ]
  },
  "Variables": {
    "ServicePrincipal": "30025a6e-6179-4064-9bef-b52de61a4c9c",
    "AADTenant": "54826b22-38d6-4fb2-bad9-b7b93a3e9c5a",
    "SubscriptionId": "0b1f6471-1bf0-4dda-aec3-cb9272f09590"
  }
}