{
  "Entries": [
    {
      "RequestUri": "/subscriptions?api-version=2019-06-01",
      "EncodedRequestUri": "L3N1YnNjcmlwdGlvbnM/YXBpLXZlcnNpb249MjAxOS0wNi0wMQ==",
      "RequestMethod": "GET",
      "RequestBody": "",
      "RequestHeaders": {
        "x-ms-client-request-id": [
          "1064ca7f-ae36-4d70-92df-be64d5b5eea1"
        ],
        "Accept-Language": [
          "en-US"
        ],
        "User-Agent": [
          "FxVersion/4.6.28008.01",
          "OSName/Windows",
          "OSVersion/Microsoft.Windows.10.0.18363.",
          "Microsoft.Azure.Management.ResourceManager.Fluent.SubscriptionClient/1.0.0.61",
          "MacAddressHash/f198b50d7e3ef6510679efb9e4c9a1474fd2bf18cf1d6a2182c79b00464dbadd"
        ]
      },
      "ResponseHeaders": {
        "Cache-Control": [
          "no-cache"
        ],
        "Pragma": [
          "no-cache"
        ],
        "x-ms-ratelimit-remaining-tenant-reads": [
          "11999"
        ],
        "x-ms-request-id": [
          "73349e2a-4585-4506-9256-7dfdb390fed9"
        ],
        "x-ms-correlation-request-id": [
          "73349e2a-4585-4506-9256-7dfdb390fed9"
        ],
        "x-ms-routing-request-id": [
          "SOUTHEASTASIA:20191028T080057Z:73349e2a-4585-4506-9256-7dfdb390fed9"
        ],
        "Strict-Transport-Security": [
          "max-age=31536000; includeSubDomains"
        ],
        "X-Content-Type-Options": [
          "nosniff"
        ],
        "Date": [
          "Mon, 28 Oct 2019 08:00:57 GMT"
        ],
        "Content-Type": [
          "application/json; charset=utf-8"
        ],
        "Expires": [
          "-1"
        ],
        "Content-Length": [
          "443"
        ]
      },
      "ResponseBody": "{\r\n  \"value\": [\r\n    {\r\n      \"id\": \"/subscriptions/0b1f6471-1bf0-4dda-aec3-cb9272f09590\",\r\n      \"authorizationSource\": \"RoleBased\",\r\n      \"managedByTenants\": [],\r\n      \"subscriptionId\": \"0b1f6471-1bf0-4dda-aec3-cb9272f09590\",\r\n      \"tenantId\": \"54826b22-38d6-4fb2-bad9-b7b93a3e9c5a\",\r\n      \"displayName\": \"AzureSDKADGraph2\",\r\n      \"state\": \"Enabled\",\r\n      \"subscriptionPolicies\": {\r\n        \"locationPlacementId\": \"Internal_2014-09-01\",\r\n        \"quotaId\": \"Internal_2014-09-01\",\r\n        \"spendingLimit\": \"Off\"\r\n      }\r\n    }\r\n  ],\r\n  \"count\": {\r\n    \"type\": \"Total\",\r\n    \"value\": 1\r\n  }\r\n}",
      "StatusCode": 200
    },
    {
      "RequestUri": "/subscriptions?api-version=2019-06-01",
      "EncodedRequestUri": "L3N1YnNjcmlwdGlvbnM/YXBpLXZlcnNpb249MjAxOS0wNi0wMQ==",
      "RequestMethod": "GET",
      "RequestBody": "",
      "RequestHeaders": {
        "x-ms-client-request-id": [
          "7f0f03d0-d117-4828-8335-7a3cb2d52f73"
        ],
        "Accept-Language": [
          "en-US"
        ],
        "User-Agent": [
          "FxVersion/4.6.28008.01",
          "OSName/Windows",
          "OSVersion/Microsoft.Windows.10.0.18363.",
          "Microsoft.Azure.Management.ResourceManager.Fluent.SubscriptionClient/1.0.0.61",
          "MacAddressHash/f198b50d7e3ef6510679efb9e4c9a1474fd2bf18cf1d6a2182c79b00464dbadd"
        ]
      },
      "ResponseHeaders": {
        "Cache-Control": [
          "no-cache"
        ],
        "Pragma": [
          "no-cache"
        ],
        "x-ms-ratelimit-remaining-tenant-reads": [
          "11998"
        ],
        "x-ms-request-id": [
          "f313a263-c3ac-4064-8092-4268f956311a"
        ],
        "x-ms-correlation-request-id": [
          "f313a263-c3ac-4064-8092-4268f956311a"
        ],
        "x-ms-routing-request-id": [
          "SOUTHEASTASIA:20191028T080122Z:f313a263-c3ac-4064-8092-4268f956311a"
        ],
        "Strict-Transport-Security": [
          "max-age=31536000; includeSubDomains"
        ],
        "X-Content-Type-Options": [
          "nosniff"
        ],
        "Date": [
          "Mon, 28 Oct 2019 08:01:22 GMT"
        ],
        "Content-Type": [
          "application/json; charset=utf-8"
        ],
        "Expires": [
          "-1"
        ],
        "Content-Length": [
          "443"
        ]
      },
      "ResponseBody": "{\r\n  \"value\": [\r\n    {\r\n      \"id\": \"/subscriptions/0b1f6471-1bf0-4dda-aec3-cb9272f09590\",\r\n      \"authorizationSource\": \"RoleBased\",\r\n      \"managedByTenants\": [],\r\n      \"subscriptionId\": \"0b1f6471-1bf0-4dda-aec3-cb9272f09590\",\r\n      \"tenantId\": \"54826b22-38d6-4fb2-bad9-b7b93a3e9c5a\",\r\n      \"displayName\": \"AzureSDKADGraph2\",\r\n      \"state\": \"Enabled\",\r\n      \"subscriptionPolicies\": {\r\n        \"locationPlacementId\": \"Internal_2014-09-01\",\r\n        \"quotaId\": \"Internal_2014-09-01\",\r\n        \"spendingLimit\": \"Off\"\r\n      }\r\n    }\r\n  ],\r\n  \"count\": {\r\n    \"type\": \"Total\",\r\n    \"value\": 1\r\n  }\r\n}",
      "StatusCode": 200
    },
    {
      "RequestUri": "/54826b22-38d6-4fb2-bad9-b7b93a3e9c5a/domains?api-version=1.6",
      "EncodedRequestUri": "LzU0ODI2YjIyLTM4ZDYtNGZiMi1iYWQ5LWI3YjkzYTNlOWM1YS9kb21haW5zP2FwaS12ZXJzaW9uPTEuNg==",
      "RequestMethod": "GET",
      "RequestBody": "",
      "RequestHeaders": {
        "x-ms-client-request-id": [
          "5fdbd4bc-4533-453d-b37f-6148d26b9cdb"
        ],
        "Accept-Language": [
          "en-US"
        ],
        "User-Agent": [
          "FxVersion/4.6.28008.01",
          "OSName/Windows",
          "OSVersion/Microsoft.Windows.10.0.18363.",
          "Microsoft.Azure.Management.Graph.RBAC.Fluent.GraphRbacManagementClient/1.0.0.61",
          "MacAddressHash/f198b50d7e3ef6510679efb9e4c9a1474fd2bf18cf1d6a2182c79b00464dbadd"
        ]
      },
      "ResponseHeaders": {
        "Cache-Control": [
          "no-cache"
        ],
        "Pragma": [
          "no-cache"
        ],
        "ocp-aad-diagnostics-server-name": [
          "mSLP0F096HcWgZ27mIj4ffYCwKZWjtsGTOzQkmYcskU="
        ],
        "request-id": [
          "35f1335c-4ab8-47d6-863f-7b33aec3e757"
        ],
        "client-request-id": [
          "5fdbd4bc-4533-453d-b37f-6148d26b9cdb"
        ],
        "x-ms-dirapi-data-contract-version": [
          "1.6"
        ],
        "ocp-aad-session-key": [
          "s4bba7rlP1qjKzXwFX4U6K24wCN_pHfoJL4_DJkiTc_Pc9om8n5TiV9uXTlib52fDud_KPpnXXSuEBUQ5dBZObhSCUzrBOYdCcH06p5Gm4nt4ygl_0-Ky6daop275ZvM.Gmms8-MJAUYkryzjKb6fuFc2Vo5IPcwUJkua8HRyF2U"
        ],
        "DataServiceVersion": [
          "3.0;"
        ],
        "Strict-Transport-Security": [
          "max-age=31536000; includeSubDomains"
        ],
        "Access-Control-Allow-Origin": [
          "*"
        ],
        "X-AspNet-Version": [
          "4.0.30319"
        ],
        "X-Powered-By": [
          "ASP.NET"
        ],
        "Duration": [
          "2604999"
        ],
        "Date": [
          "Mon, 28 Oct 2019 08:00:58 GMT"
        ],
        "Content-Type": [
          "application/json; odata=minimalmetadata; streaming=true; charset=utf-8"
        ],
        "Expires": [
          "-1"
        ],
        "Content-Length": [
          "1227"
        ]
      },
      "ResponseBody": "{\r\n  \"odata.metadata\": \"https://graph.windows.net/54826b22-38d6-4fb2-bad9-b7b93a3e9c5a/$metadata#domains\",\r\n  \"value\": [\r\n    {\r\n      \"authenticationType\": \"Federated\",\r\n      \"availabilityStatus\": null,\r\n      \"isAdminManaged\": true,\r\n      \"isDefault\": false,\r\n      \"isDefaultForCloudRedirections\": false,\r\n      \"isInitial\": false,\r\n      \"isRoot\": false,\r\n      \"isVerified\": false,\r\n      \"name\": \"BFDevOpsNonRestricted.onmicrosoft.de\",\r\n      \"supportedServices\": [],\r\n      \"forceDeleteState\": null,\r\n      \"state\": null,\r\n      \"passwordValidityPeriodInDays\": null,\r\n      \"passwordNotificationWindowInDays\": null\r\n    },\r\n    {\r\n      \"authenticationType\": \"Managed\",\r\n      \"availabilityStatus\": null,\r\n      \"isAdminManaged\": true,\r\n      \"isDefault\": true,\r\n      \"isDefaultForCloudRedirections\": false,\r\n      \"isInitial\": true,\r\n      \"isRoot\": true,\r\n      \"isVerified\": true,\r\n      \"name\": \"AzureSDKTeam.onmicrosoft.com\",\r\n      \"supportedServices\": [\r\n        \"Email\",\r\n        \"OfficeCommunicationsOnline\"\r\n      ],\r\n      \"forceDeleteState\": null,\r\n      \"state\": null,\r\n      \"passwordValidityPeriodInDays\": null,\r\n      \"passwordNotificationWindowInDays\": null\r\n    },\r\n    {\r\n      \"authenticationType\": \"Managed\",\r\n      \"availabilityStatus\": null,\r\n      \"isAdminManaged\": true,\r\n      \"isDefault\": false,\r\n      \"isDefaultForCloudRedirections\": false,\r\n      \"isInitial\": false,\r\n      \"isRoot\": true,\r\n      \"isVerified\": true,\r\n      \"name\": \"azdevextest.com\",\r\n      \"supportedServices\": [],\r\n      \"forceDeleteState\": null,\r\n      \"state\": null,\r\n      \"passwordValidityPeriodInDays\": null,\r\n      \"passwordNotificationWindowInDays\": null\r\n    }\r\n  ]\r\n}",
      "StatusCode": 200
    },
    {
      "RequestUri": "/54826b22-38d6-4fb2-bad9-b7b93a3e9c5a/users?api-version=1.6",
      "EncodedRequestUri": "LzU0ODI2YjIyLTM4ZDYtNGZiMi1iYWQ5LWI3YjkzYTNlOWM1YS91c2Vycz9hcGktdmVyc2lvbj0xLjY=",
      "RequestMethod": "POST",
      "RequestBody": "{\r\n  \"accountEnabled\": true,\r\n  \"displayName\": \"Test 8f58467796b9d142e\",\r\n  \"passwordProfile\": {\r\n    \"password\": \"StrongPass!12\"\r\n  },\r\n  \"userPrincipalName\": \"test8f58467796b9d142e@AzureSDKTeam.onmicrosoft.com\",\r\n  \"mailNickname\": \"test8f58467796b9d142e\"\r\n}",
      "RequestHeaders": {
        "x-ms-client-request-id": [
          "08b1867a-d15e-4a4c-9cd8-17aaef8125f0"
        ],
        "Accept-Language": [
          "en-US"
        ],
        "User-Agent": [
          "FxVersion/4.6.28008.01",
          "OSName/Windows",
          "OSVersion/Microsoft.Windows.10.0.18363.",
          "Microsoft.Azure.Management.Graph.RBAC.Fluent.GraphRbacManagementClient/1.0.0.61",
          "MacAddressHash/f198b50d7e3ef6510679efb9e4c9a1474fd2bf18cf1d6a2182c79b00464dbadd"
        ],
        "Content-Type": [
          "application/json; charset=utf-8"
        ],
        "Content-Length": [
          "259"
        ]
      },
      "ResponseHeaders": {
        "Cache-Control": [
          "no-cache"
        ],
        "Pragma": [
          "no-cache"
        ],
        "Location": [
          "https://graph.windows.net/54826b22-38d6-4fb2-bad9-b7b93a3e9c5a/directoryObjects/157866b2-e427-435a-81e3-c0ef5304b4d9/Microsoft.DirectoryServices.User"
        ],
        "ocp-aad-diagnostics-server-name": [
          "kBih7fSyN4KBVbbQbefvyTLr/UFDpjbEhYoFfqqwsMs="
        ],
        "request-id": [
          "708ab064-3790-4c1b-b3e3-75b862a2d7a8"
        ],
        "client-request-id": [
          "08b1867a-d15e-4a4c-9cd8-17aaef8125f0"
        ],
        "x-ms-dirapi-data-contract-version": [
          "1.6"
        ],
        "ocp-aad-session-key": [
          "2B_bOq7j82UIe8UR4Yt_HdNEJdETF1STP8XElIB2qzW9BJMOEYyelORlu5rvNbzZnwySqR_CKcSmoN4ZJ3OsSubX5pZI7Oqj7p5RUkuBgk0PsSh8yHGmDCoUr4tgC6rCQFbu6FXbftoLRSE6rzOKhYKjHYBzqguUbUeBD1lkxzQ.EtSbtxlAwVjl0YQTtCxH6zX8d_2WjcUM4tY-qdtnonE"
        ],
        "DataServiceVersion": [
          "3.0;"
        ],
        "Strict-Transport-Security": [
          "max-age=31536000; includeSubDomains"
        ],
        "Access-Control-Allow-Origin": [
          "*"
        ],
        "X-AspNet-Version": [
          "4.0.30319"
        ],
        "X-Powered-By": [
          "ASP.NET"
        ],
        "Duration": [
          "6337391"
        ],
        "Date": [
          "Mon, 28 Oct 2019 08:00:59 GMT"
        ],
        "Content-Type": [
          "application/json; odata=minimalmetadata; streaming=true; charset=utf-8"
        ],
        "Expires": [
          "-1"
        ],
        "Content-Length": [
          "1685"
        ]
      },
      "ResponseBody": "{\r\n  \"odata.metadata\": \"https://graph.windows.net/54826b22-38d6-4fb2-bad9-b7b93a3e9c5a/$metadata#directoryObjects/@Element\",\r\n  \"odata.type\": \"Microsoft.DirectoryServices.User\",\r\n  \"objectType\": \"User\",\r\n  \"objectId\": \"157866b2-e427-435a-81e3-c0ef5304b4d9\",\r\n  \"deletionTimestamp\": null,\r\n  \"accountEnabled\": true,\r\n  \"ageGroup\": null,\r\n  \"assignedLicenses\": [],\r\n  \"assignedPlans\": [],\r\n  \"city\": null,\r\n  \"companyName\": null,\r\n  \"consentProvidedForMinor\": null,\r\n  \"country\": null,\r\n  \"createdDateTime\": \"2019-10-28T08:00:59Z\",\r\n  \"creationType\": null,\r\n  \"department\": null,\r\n  \"dirSyncEnabled\": null,\r\n  \"displayName\": \"Test 8f58467796b9d142e\",\r\n  \"employeeId\": null,\r\n  \"facsimileTelephoneNumber\": null,\r\n  \"givenName\": null,\r\n  \"immutableId\": null,\r\n  \"isCompromised\": null,\r\n  \"jobTitle\": null,\r\n  \"lastDirSyncTime\": null,\r\n  \"legalAgeGroupClassification\": null,\r\n  \"mail\": null,\r\n  \"mailNickname\": \"test8f58467796b9d142e\",\r\n  \"mobile\": null,\r\n  \"onPremisesDistinguishedName\": null,\r\n  \"onPremisesSecurityIdentifier\": null,\r\n  \"otherMails\": [],\r\n  \"passwordPolicies\": null,\r\n  \"passwordProfile\": {\r\n    \"password\": null,\r\n    \"forceChangePasswordNextLogin\": true,\r\n    \"enforceChangePasswordPolicy\": false\r\n  },\r\n  \"physicalDeliveryOfficeName\": null,\r\n  \"postalCode\": null,\r\n  \"preferredLanguage\": null,\r\n  \"provisionedPlans\": [],\r\n  \"provisioningErrors\": [],\r\n  \"proxyAddresses\": [],\r\n  \"refreshTokensValidFromDateTime\": \"2019-10-28T08:00:59.5454348Z\",\r\n  \"showInAddressList\": null,\r\n  \"signInNames\": [],\r\n  \"sipProxyAddress\": null,\r\n  \"state\": null,\r\n  \"streetAddress\": null,\r\n  \"surname\": null,\r\n  \"telephoneNumber\": null,\r\n  \"thumbnailPhoto@odata.mediaEditLink\": \"directoryObjects/157866b2-e427-435a-81e3-c0ef5304b4d9/Microsoft.DirectoryServices.User/thumbnailPhoto\",\r\n  \"usageLocation\": null,\r\n  \"userIdentities\": [],\r\n  \"userPrincipalName\": \"test8f58467796b9d142e@AzureSDKTeam.onmicrosoft.com\",\r\n  \"userState\": null,\r\n  \"userStateChangedOn\": null,\r\n  \"userType\": \"Member\"\r\n}",
      "StatusCode": 201
    },
    {
      "RequestUri": "/subscriptions/0b1f6471-1bf0-4dda-aec3-cb9272f09590/providers/Microsoft.Authorization/roleDefinitions?$filter=roleName%20eq%20'DNS%20Zone%20Contributor'&api-version=2018-01-01-preview",
      "EncodedRequestUri": "L3N1YnNjcmlwdGlvbnMvMGIxZjY0NzEtMWJmMC00ZGRhLWFlYzMtY2I5MjcyZjA5NTkwL3Byb3ZpZGVycy9NaWNyb3NvZnQuQXV0aG9yaXphdGlvbi9yb2xlRGVmaW5pdGlvbnM/JGZpbHRlcj1yb2xlTmFtZSUyMGVxJTIwJ0ROUyUyMFpvbmUlMjBDb250cmlidXRvcicmYXBpLXZlcnNpb249MjAxOC0wMS0wMS1wcmV2aWV3",
      "RequestMethod": "GET",
      "RequestBody": "",
      "RequestHeaders": {
        "x-ms-client-request-id": [
          "b51fa804-879b-45d8-81aa-9cc026b19bc8"
        ],
        "Accept-Language": [
          "en-US"
        ],
        "User-Agent": [
          "FxVersion/4.6.28008.01",
          "OSName/Windows",
          "OSVersion/Microsoft.Windows.10.0.18363.",
          "Microsoft.Azure.Management.Graph.RBAC.Fluent.AuthorizationManagementClient/1.0.0.61",
          "MacAddressHash/f198b50d7e3ef6510679efb9e4c9a1474fd2bf18cf1d6a2182c79b00464dbadd"
        ]
      },
      "ResponseHeaders": {
        "Cache-Control": [
          "no-cache"
        ],
        "Pragma": [
          "no-cache"
        ],
        "x-ms-request-charge": [
          "1"
        ],
        "x-ms-request-id": [
          "61915aa5-94e9-4651-86e4-a64c2ce9a23d"
        ],
        "X-Content-Type-Options": [
          "nosniff"
        ],
        "Strict-Transport-Security": [
          "max-age=31536000; includeSubDomains"
        ],
        "Set-Cookie": [
          "x-ms-gateway-slice=Production; path=/; SameSite=None; secure; HttpOnly"
        ],
        "x-ms-ratelimit-remaining-subscription-reads": [
          "11991"
        ],
        "x-ms-correlation-request-id": [
          "21bac6e5-4ff9-47a3-b3bf-be0b3aeb2584"
        ],
        "x-ms-routing-request-id": [
          "SOUTHEASTASIA:20191028T080100Z:21bac6e5-4ff9-47a3-b3bf-be0b3aeb2584"
        ],
        "Date": [
          "Mon, 28 Oct 2019 08:00:59 GMT"
        ],
        "Content-Length": [
          "942"
        ],
        "Content-Type": [
          "application/json; charset=utf-8"
        ],
        "Expires": [
          "-1"
        ]
      },
      "ResponseBody": "{\r\n  \"value\": [\r\n    {\r\n      \"properties\": {\r\n        \"roleName\": \"DNS Zone Contributor\",\r\n        \"type\": \"BuiltInRole\",\r\n        \"description\": \"Lets you manage DNS zones and record sets in Azure DNS, but does not let you control who has access to them.\",\r\n        \"assignableScopes\": [\r\n          \"/\"\r\n        ],\r\n        \"permissions\": [\r\n          {\r\n            \"actions\": [\r\n              \"Microsoft.Authorization/*/read\",\r\n              \"Microsoft.Insights/alertRules/*\",\r\n              \"Microsoft.Network/dnsZones/*\",\r\n              \"Microsoft.ResourceHealth/availabilityStatuses/read\",\r\n              \"Microsoft.Resources/deployments/*\",\r\n              \"Microsoft.Resources/subscriptions/resourceGroups/read\",\r\n              \"Microsoft.Support/*\"\r\n            ],\r\n            \"notActions\": [],\r\n            \"dataActions\": [],\r\n            \"notDataActions\": []\r\n          }\r\n        ],\r\n        \"createdOn\": \"2015-10-15T23:33:25.9730842Z\",\r\n        \"updatedOn\": \"2016-05-31T23:13:40.3710365Z\",\r\n        \"createdBy\": null,\r\n        \"updatedBy\": null\r\n      },\r\n      \"id\": \"/subscriptions/0b1f6471-1bf0-4dda-aec3-cb9272f09590/providers/Microsoft.Authorization/roleDefinitions/befefa01-2a29-4197-83a8-272ff33ce314\",\r\n      \"type\": \"Microsoft.Authorization/roleDefinitions\",\r\n      \"name\": \"befefa01-2a29-4197-83a8-272ff33ce314\"\r\n    }\r\n  ]\r\n}",
      "StatusCode": 200
    },
    {
      "RequestUri": "/subscriptions/0b1f6471-1bf0-4dda-aec3-cb9272f09590/providers/Microsoft.Authorization/roleAssignments/97bf3925-0def-4693-90fb-6011ff243874?api-version=2018-01-01-preview",
      "EncodedRequestUri": "L3N1YnNjcmlwdGlvbnMvMGIxZjY0NzEtMWJmMC00ZGRhLWFlYzMtY2I5MjcyZjA5NTkwL3Byb3ZpZGVycy9NaWNyb3NvZnQuQXV0aG9yaXphdGlvbi9yb2xlQXNzaWdubWVudHMvOTdiZjM5MjUtMGRlZi00NjkzLTkwZmItNjAxMWZmMjQzODc0P2FwaS12ZXJzaW9uPTIwMTgtMDEtMDEtcHJldmlldw==",
      "RequestMethod": "PUT",
      "RequestBody": "{\r\n  \"properties\": {\r\n    \"roleDefinitionId\": \"/subscriptions/0b1f6471-1bf0-4dda-aec3-cb9272f09590/providers/Microsoft.Authorization/roleDefinitions/befefa01-2a29-4197-83a8-272ff33ce314\",\r\n    \"principalId\": \"157866b2-e427-435a-81e3-c0ef5304b4d9\"\r\n  }\r\n}",
      "RequestHeaders": {
        "x-ms-client-request-id": [
          "fdb34e66-7c7e-4ee8-bcee-22aa626b61a1"
        ],
        "Accept-Language": [
          "en-US"
        ],
        "User-Agent": [
          "FxVersion/4.6.28008.01",
          "OSName/Windows",
          "OSVersion/Microsoft.Windows.10.0.18363.",
          "Microsoft.Azure.Management.Graph.RBAC.Fluent.AuthorizationManagementClient/1.0.0.61",
          "MacAddressHash/f198b50d7e3ef6510679efb9e4c9a1474fd2bf18cf1d6a2182c79b00464dbadd"
        ],
        "Content-Type": [
          "application/json; charset=utf-8"
        ],
        "Content-Length": [
          "254"
        ]
      },
      "ResponseHeaders": {
        "Cache-Control": [
          "no-cache"
        ],
        "Pragma": [
          "no-cache"
        ],
        "x-ms-request-charge": [
          "3"
        ],
        "x-ms-request-id": [
          "662343bf-2092-45d1-9e71-bcd62e9b323c"
        ],
        "X-Content-Type-Options": [
          "nosniff"
        ],
        "Strict-Transport-Security": [
          "max-age=31536000; includeSubDomains"
        ],
        "Set-Cookie": [
          "x-ms-gateway-slice=Production; path=/; secure; HttpOnly"
        ],
        "x-ms-ratelimit-remaining-subscription-writes": [
          "1199"
        ],
        "x-ms-correlation-request-id": [
          "c93c786f-94b9-4233-9713-00a7d76c94e4"
        ],
        "x-ms-routing-request-id": [
          "SOUTHEASTASIA:20191028T080103Z:c93c786f-94b9-4233-9713-00a7d76c94e4"
        ],
        "Date": [
          "Mon, 28 Oct 2019 08:01:03 GMT"
        ],
        "Content-Length": [
          "709"
        ],
        "Content-Type": [
          "application/json; charset=utf-8"
        ],
        "Expires": [
          "-1"
        ]
      },
      "ResponseBody": "{\r\n  \"properties\": {\r\n    \"roleDefinitionId\": \"/subscriptions/0b1f6471-1bf0-4dda-aec3-cb9272f09590/providers/Microsoft.Authorization/roleDefinitions/befefa01-2a29-4197-83a8-272ff33ce314\",\r\n    \"principalId\": \"157866b2-e427-435a-81e3-c0ef5304b4d9\",\r\n    \"principalType\": \"User\",\r\n    \"scope\": \"/subscriptions/0b1f6471-1bf0-4dda-aec3-cb9272f09590\",\r\n    \"createdOn\": \"2019-10-28T08:01:00.3075797Z\",\r\n    \"updatedOn\": \"2019-10-28T08:01:00.3075797Z\",\r\n    \"createdBy\": null,\r\n    \"updatedBy\": \"5b5e6b07-55b8-419b-a446-20fe0aa5b459\"\r\n  },\r\n  \"id\": \"/subscriptions/0b1f6471-1bf0-4dda-aec3-cb9272f09590/providers/Microsoft.Authorization/roleAssignments/97bf3925-0def-4693-90fb-6011ff243874\",\r\n  \"type\": \"Microsoft.Authorization/roleAssignments\",\r\n  \"name\": \"97bf3925-0def-4693-90fb-6011ff243874\"\r\n}",
      "StatusCode": 201
    },
    {
      "RequestUri": "//subscriptions/0b1f6471-1bf0-4dda-aec3-cb9272f09590/providers/Microsoft.Authorization/roleAssignments/97bf3925-0def-4693-90fb-6011ff243874?api-version=2018-01-01-preview",
      "EncodedRequestUri": "Ly9zdWJzY3JpcHRpb25zLzBiMWY2NDcxLTFiZjAtNGRkYS1hZWMzLWNiOTI3MmYwOTU5MC9wcm92aWRlcnMvTWljcm9zb2Z0LkF1dGhvcml6YXRpb24vcm9sZUFzc2lnbm1lbnRzLzk3YmYzOTI1LTBkZWYtNDY5My05MGZiLTYwMTFmZjI0Mzg3ND9hcGktdmVyc2lvbj0yMDE4LTAxLTAxLXByZXZpZXc=",
      "RequestMethod": "DELETE",
      "RequestBody": "",
      "RequestHeaders": {
        "x-ms-client-request-id": [
          "d834de35-b3b8-4b2f-ac19-2b849b9a3557"
        ],
        "Accept-Language": [
          "en-US"
        ],
        "User-Agent": [
          "FxVersion/4.6.28008.01",
          "OSName/Windows",
          "OSVersion/Microsoft.Windows.10.0.18363.",
          "Microsoft.Azure.Management.Graph.RBAC.Fluent.AuthorizationManagementClient/1.0.0.61",
          "MacAddressHash/f198b50d7e3ef6510679efb9e4c9a1474fd2bf18cf1d6a2182c79b00464dbadd"
        ]
      },
      "ResponseHeaders": {
        "Cache-Control": [
          "no-cache"
        ],
        "Pragma": [
          "no-cache"
        ],
        "x-ms-request-charge": [
          "1"
        ],
        "x-ms-request-id": [
          "cfb7d25c-6bbf-4d2a-a41b-3fce87454c53"
        ],
        "X-Content-Type-Options": [
          "nosniff"
        ],
        "Strict-Transport-Security": [
          "max-age=31536000; includeSubDomains"
        ],
        "Set-Cookie": [
          "x-ms-gateway-slice=Production; path=/; secure; HttpOnly"
        ],
        "x-ms-ratelimit-remaining-subscription-deletes": [
          "14998"
        ],
        "x-ms-correlation-request-id": [
          "fc1f4b76-b305-4521-a084-fe113106982b"
        ],
        "x-ms-routing-request-id": [
          "SOUTHEASTASIA:20191028T080104Z:fc1f4b76-b305-4521-a084-fe113106982b"
        ],
        "Date": [
          "Mon, 28 Oct 2019 08:01:04 GMT"
        ],
        "Content-Length": [
          "743"
        ],
        "Content-Type": [
          "application/json; charset=utf-8"
        ],
        "Expires": [
          "-1"
        ]
      },
      "ResponseBody": "{\r\n  \"properties\": {\r\n    \"roleDefinitionId\": \"/subscriptions/0b1f6471-1bf0-4dda-aec3-cb9272f09590/providers/Microsoft.Authorization/roleDefinitions/befefa01-2a29-4197-83a8-272ff33ce314\",\r\n    \"principalId\": \"157866b2-e427-435a-81e3-c0ef5304b4d9\",\r\n    \"principalType\": \"User\",\r\n    \"scope\": \"/subscriptions/0b1f6471-1bf0-4dda-aec3-cb9272f09590\",\r\n    \"createdOn\": \"2019-10-28T08:01:01.1731149Z\",\r\n    \"updatedOn\": \"2019-10-28T08:01:01.1731149Z\",\r\n    \"createdBy\": \"5b5e6b07-55b8-419b-a446-20fe0aa5b459\",\r\n    \"updatedBy\": \"5b5e6b07-55b8-419b-a446-20fe0aa5b459\"\r\n  },\r\n  \"id\": \"/subscriptions/0b1f6471-1bf0-4dda-aec3-cb9272f09590/providers/Microsoft.Authorization/roleAssignments/97bf3925-0def-4693-90fb-6011ff243874\",\r\n  \"type\": \"Microsoft.Authorization/roleAssignments\",\r\n  \"name\": \"97bf3925-0def-4693-90fb-6011ff243874\"\r\n}",
      "StatusCode": 200
    },
    {
      "RequestUri": "/subscriptions/0b1f6471-1bf0-4dda-aec3-cb9272f09590/providers/Microsoft.Authorization/roleDefinitions?$filter=roleName%20eq%20'Contributor'&api-version=2018-01-01-preview",
      "EncodedRequestUri": "L3N1YnNjcmlwdGlvbnMvMGIxZjY0NzEtMWJmMC00ZGRhLWFlYzMtY2I5MjcyZjA5NTkwL3Byb3ZpZGVycy9NaWNyb3NvZnQuQXV0aG9yaXphdGlvbi9yb2xlRGVmaW5pdGlvbnM/JGZpbHRlcj1yb2xlTmFtZSUyMGVxJTIwJ0NvbnRyaWJ1dG9yJyZhcGktdmVyc2lvbj0yMDE4LTAxLTAxLXByZXZpZXc=",
      "RequestMethod": "GET",
      "RequestBody": "",
      "RequestHeaders": {
        "x-ms-client-request-id": [
          "cc8af960-9566-456d-afc2-3ba018438b13"
        ],
        "Accept-Language": [
          "en-US"
        ],
        "User-Agent": [
          "FxVersion/4.6.28008.01",
          "OSName/Windows",
          "OSVersion/Microsoft.Windows.10.0.18363.",
          "Microsoft.Azure.Management.Graph.RBAC.Fluent.AuthorizationManagementClient/1.0.0.61",
          "MacAddressHash/f198b50d7e3ef6510679efb9e4c9a1474fd2bf18cf1d6a2182c79b00464dbadd"
        ]
      },
      "ResponseHeaders": {
        "Cache-Control": [
          "no-cache"
        ],
        "Pragma": [
          "no-cache"
        ],
        "x-ms-request-charge": [
          "1"
        ],
        "x-ms-request-id": [
          "619de332-5914-4883-850b-75cdcef2eb20"
        ],
        "X-Content-Type-Options": [
          "nosniff"
        ],
        "Strict-Transport-Security": [
          "max-age=31536000; includeSubDomains"
        ],
        "Set-Cookie": [
          "x-ms-gateway-slice=Production; path=/; secure; HttpOnly"
        ],
        "x-ms-ratelimit-remaining-subscription-reads": [
          "11990"
        ],
        "x-ms-correlation-request-id": [
          "bb037031-655c-489e-9367-cfb9ba3a1425"
        ],
        "x-ms-routing-request-id": [
          "SOUTHEASTASIA:20191028T080104Z:bb037031-655c-489e-9367-cfb9ba3a1425"
        ],
        "Date": [
          "Mon, 28 Oct 2019 08:01:04 GMT"
        ],
        "Content-Length": [
          "832"
        ],
        "Content-Type": [
          "application/json; charset=utf-8"
        ],
        "Expires": [
          "-1"
        ]
      },
      "ResponseBody": "{\r\n  \"value\": [\r\n    {\r\n      \"properties\": {\r\n        \"roleName\": \"Contributor\",\r\n        \"type\": \"BuiltInRole\",\r\n        \"description\": \"Lets you manage everything except access to resources.\",\r\n        \"assignableScopes\": [\r\n          \"/\"\r\n        ],\r\n        \"permissions\": [\r\n          {\r\n            \"actions\": [\r\n              \"*\"\r\n            ],\r\n            \"notActions\": [\r\n              \"Microsoft.Authorization/*/Delete\",\r\n              \"Microsoft.Authorization/*/Write\",\r\n              \"Microsoft.Authorization/elevateAccess/Action\",\r\n              \"Microsoft.Blueprint/blueprintAssignments/write\",\r\n              \"Microsoft.Blueprint/blueprintAssignments/delete\"\r\n            ],\r\n            \"dataActions\": [],\r\n            \"notDataActions\": []\r\n          }\r\n        ],\r\n        \"createdOn\": \"2015-02-02T21:55:09.8806423Z\",\r\n        \"updatedOn\": \"2019-02-05T21:24:38.458061Z\",\r\n        \"createdBy\": null,\r\n        \"updatedBy\": null\r\n      },\r\n      \"id\": \"/subscriptions/0b1f6471-1bf0-4dda-aec3-cb9272f09590/providers/Microsoft.Authorization/roleDefinitions/b24988ac-6180-42a0-ab88-20f7382dd24c\",\r\n      \"type\": \"Microsoft.Authorization/roleDefinitions\",\r\n      \"name\": \"b24988ac-6180-42a0-ab88-20f7382dd24c\"\r\n    }\r\n  ]\r\n}",
      "StatusCode": 200
    },
    {
      "RequestUri": "/subscriptions/0b1f6471-1bf0-4dda-aec3-cb9272f09590/providers/Microsoft.Authorization/roleDefinitions?$filter=roleName%20eq%20'Contributor'&api-version=2018-01-01-preview",
      "EncodedRequestUri": "L3N1YnNjcmlwdGlvbnMvMGIxZjY0NzEtMWJmMC00ZGRhLWFlYzMtY2I5MjcyZjA5NTkwL3Byb3ZpZGVycy9NaWNyb3NvZnQuQXV0aG9yaXphdGlvbi9yb2xlRGVmaW5pdGlvbnM/JGZpbHRlcj1yb2xlTmFtZSUyMGVxJTIwJ0NvbnRyaWJ1dG9yJyZhcGktdmVyc2lvbj0yMDE4LTAxLTAxLXByZXZpZXc=",
      "RequestMethod": "GET",
      "RequestBody": "",
      "RequestHeaders": {
        "x-ms-client-request-id": [
          "ff189abf-2ef9-4586-a4ca-d82ca57ddce7"
        ],
        "Accept-Language": [
          "en-US"
        ],
        "User-Agent": [
          "FxVersion/4.6.28008.01",
          "OSName/Windows",
          "OSVersion/Microsoft.Windows.10.0.18363.",
          "Microsoft.Azure.Management.Graph.RBAC.Fluent.AuthorizationManagementClient/1.0.0.61",
          "MacAddressHash/f198b50d7e3ef6510679efb9e4c9a1474fd2bf18cf1d6a2182c79b00464dbadd"
        ]
      },
      "ResponseHeaders": {
        "Cache-Control": [
          "no-cache"
        ],
        "Pragma": [
          "no-cache"
        ],
        "x-ms-request-charge": [
          "1"
        ],
        "x-ms-request-id": [
          "82a5b393-dee0-4134-ba8f-44139b64c7e3"
        ],
        "X-Content-Type-Options": [
          "nosniff"
        ],
        "Strict-Transport-Security": [
          "max-age=31536000; includeSubDomains"
        ],
        "Set-Cookie": [
          "x-ms-gateway-slice=Production; path=/; secure; HttpOnly"
        ],
        "x-ms-ratelimit-remaining-subscription-reads": [
          "11989"
        ],
        "x-ms-correlation-request-id": [
          "78ee542e-490a-47d6-b302-d60f5b67e53d"
        ],
        "x-ms-routing-request-id": [
          "SOUTHEASTASIA:20191028T080123Z:78ee542e-490a-47d6-b302-d60f5b67e53d"
        ],
        "Date": [
          "Mon, 28 Oct 2019 08:01:22 GMT"
        ],
        "Content-Length": [
          "832"
        ],
        "Content-Type": [
          "application/json; charset=utf-8"
        ],
        "Expires": [
          "-1"
        ]
      },
      "ResponseBody": "{\r\n  \"value\": [\r\n    {\r\n      \"properties\": {\r\n        \"roleName\": \"Contributor\",\r\n        \"type\": \"BuiltInRole\",\r\n        \"description\": \"Lets you manage everything except access to resources.\",\r\n        \"assignableScopes\": [\r\n          \"/\"\r\n        ],\r\n        \"permissions\": [\r\n          {\r\n            \"actions\": [\r\n              \"*\"\r\n            ],\r\n            \"notActions\": [\r\n              \"Microsoft.Authorization/*/Delete\",\r\n              \"Microsoft.Authorization/*/Write\",\r\n              \"Microsoft.Authorization/elevateAccess/Action\",\r\n              \"Microsoft.Blueprint/blueprintAssignments/write\",\r\n              \"Microsoft.Blueprint/blueprintAssignments/delete\"\r\n            ],\r\n            \"dataActions\": [],\r\n            \"notDataActions\": []\r\n          }\r\n        ],\r\n        \"createdOn\": \"2015-02-02T21:55:09.8806423Z\",\r\n        \"updatedOn\": \"2019-02-05T21:24:38.458061Z\",\r\n        \"createdBy\": null,\r\n        \"updatedBy\": null\r\n      },\r\n      \"id\": \"/subscriptions/0b1f6471-1bf0-4dda-aec3-cb9272f09590/providers/Microsoft.Authorization/roleDefinitions/b24988ac-6180-42a0-ab88-20f7382dd24c\",\r\n      \"type\": \"Microsoft.Authorization/roleDefinitions\",\r\n      \"name\": \"b24988ac-6180-42a0-ab88-20f7382dd24c\"\r\n    }\r\n  ]\r\n}",
      "StatusCode": 200
    },
    {
      "RequestUri": "/54826b22-38d6-4fb2-bad9-b7b93a3e9c5a/applications?api-version=1.6",
      "EncodedRequestUri": "LzU0ODI2YjIyLTM4ZDYtNGZiMi1iYWQ5LWI3YjkzYTNlOWM1YS9hcHBsaWNhdGlvbnM/YXBpLXZlcnNpb249MS42",
      "RequestMethod": "POST",
      "RequestBody": "{\r\n  \"availableToOtherTenants\": false,\r\n  \"displayName\": \"sp8ed9258474e831eaae\",\r\n  \"homepage\": \"http://sp8ed9258474e831eaae\",\r\n  \"identifierUris\": [\r\n    \"http://sp8ed9258474e831eaae\"\r\n  ],\r\n  \"replyUrls\": [\r\n    \"http://sp8ed9258474e831eaae\"\r\n  ]\r\n}",
      "RequestHeaders": {
        "x-ms-client-request-id": [
          "81aa38ba-054d-4bae-9f7b-ac0070b9a635"
        ],
        "Accept-Language": [
          "en-US"
        ],
        "User-Agent": [
          "FxVersion/4.6.28008.01",
          "OSName/Windows",
          "OSVersion/Microsoft.Windows.10.0.18363.",
          "Microsoft.Azure.Management.Graph.RBAC.Fluent.GraphRbacManagementClient/1.0.0.61",
          "MacAddressHash/f198b50d7e3ef6510679efb9e4c9a1474fd2bf18cf1d6a2182c79b00464dbadd"
        ],
        "Content-Type": [
          "application/json; charset=utf-8"
        ],
        "Content-Length": [
          "251"
        ]
      },
      "ResponseHeaders": {
        "Cache-Control": [
          "no-cache"
        ],
        "Pragma": [
          "no-cache"
        ],
        "Location": [
          "https://graph.windows.net/54826b22-38d6-4fb2-bad9-b7b93a3e9c5a/directoryObjects/33205e64-2f38-4944-a133-038a855b9696/Microsoft.DirectoryServices.Application"
        ],
        "ocp-aad-diagnostics-server-name": [
          "mSLP0F096HcWgZ27mIj4ffYCwKZWjtsGTOzQkmYcskU="
        ],
        "request-id": [
          "4ae54421-dfb9-40a2-be9f-5308793f384b"
        ],
        "client-request-id": [
          "81aa38ba-054d-4bae-9f7b-ac0070b9a635"
        ],
        "x-ms-dirapi-data-contract-version": [
          "1.6"
        ],
        "ocp-aad-session-key": [
          "KArLGfoRFiuM0bE76oGDnIWcoiKB3vTQlh4L97_KJOdNs09Dy7_wrBgIBwwzFKFkL-tez9LgRXBORKMXT3rILoovqfeMKLeJ_8A6jWMCylhbQNJqyo17GmN08RE7P59pdeh2w7H8xtS9PmkNZj_-xghJn_Oj79oktNvte2M4h5E.TIsEAujI_4DXZ4-4urZo1rZZNRjN255V8e-RSIRGSlw"
        ],
        "DataServiceVersion": [
          "3.0;"
        ],
        "Strict-Transport-Security": [
          "max-age=31536000; includeSubDomains"
        ],
        "Access-Control-Allow-Origin": [
          "*"
        ],
        "X-AspNet-Version": [
          "4.0.30319"
        ],
        "X-Powered-By": [
          "ASP.NET"
        ],
        "Duration": [
          "6972887"
        ],
        "Date": [
          "Mon, 28 Oct 2019 08:01:05 GMT"
        ],
        "Content-Type": [
          "application/json; odata=minimalmetadata; streaming=true; charset=utf-8"
        ],
        "Expires": [
          "-1"
        ],
        "Content-Length": [
          "2161"
        ]
      },
      "ResponseBody": "{\r\n  \"odata.metadata\": \"https://graph.windows.net/54826b22-38d6-4fb2-bad9-b7b93a3e9c5a/$metadata#directoryObjects/@Element\",\r\n  \"odata.type\": \"Microsoft.DirectoryServices.Application\",\r\n  \"objectType\": \"Application\",\r\n  \"objectId\": \"33205e64-2f38-4944-a133-038a855b9696\",\r\n  \"deletionTimestamp\": null,\r\n  \"acceptMappedClaims\": null,\r\n  \"addIns\": [],\r\n  \"appId\": \"cc99f689-309e-4cae-ad9c-b34d766e84a6\",\r\n  \"applicationTemplateId\": null,\r\n  \"appRoles\": [],\r\n  \"availableToOtherTenants\": false,\r\n  \"displayName\": \"sp8ed9258474e831eaae\",\r\n  \"errorUrl\": null,\r\n  \"groupMembershipClaims\": null,\r\n  \"homepage\": \"http://sp8ed9258474e831eaae\",\r\n  \"identifierUris\": [\r\n    \"http://sp8ed9258474e831eaae\"\r\n  ],\r\n  \"informationalUrls\": {\r\n    \"termsOfService\": null,\r\n    \"support\": null,\r\n    \"privacy\": null,\r\n    \"marketing\": null\r\n  },\r\n  \"isDeviceOnlyAuthSupported\": null,\r\n  \"keyCredentials\": [],\r\n  \"knownClientApplications\": [],\r\n  \"logoutUrl\": null,\r\n  \"logo@odata.mediaEditLink\": \"directoryObjects/33205e64-2f38-4944-a133-038a855b9696/Microsoft.DirectoryServices.Application/logo\",\r\n  \"logo@odata.mediaContentType\": \"application/json;odata=minimalmetadata; charset=utf-8\",\r\n  \"logoUrl\": null,\r\n  \"mainLogo@odata.mediaEditLink\": \"directoryObjects/33205e64-2f38-4944-a133-038a855b9696/Microsoft.DirectoryServices.Application/mainLogo\",\r\n  \"oauth2AllowIdTokenImplicitFlow\": true,\r\n  \"oauth2AllowImplicitFlow\": false,\r\n  \"oauth2AllowUrlPathMatching\": false,\r\n  \"oauth2Permissions\": [\r\n    {\r\n      \"adminConsentDescription\": \"Allow the application to access sp8ed9258474e831eaae on behalf of the signed-in user.\",\r\n      \"adminConsentDisplayName\": \"Access sp8ed9258474e831eaae\",\r\n      \"id\": \"9ad1e57c-6e91-4195-89f7-189011cd637b\",\r\n      \"isEnabled\": true,\r\n      \"type\": \"User\",\r\n      \"userConsentDescription\": \"Allow the application to access sp8ed9258474e831eaae on your behalf.\",\r\n      \"userConsentDisplayName\": \"Access sp8ed9258474e831eaae\",\r\n      \"value\": \"user_impersonation\"\r\n    }\r\n  ],\r\n  \"oauth2RequirePostResponse\": false,\r\n  \"optionalClaims\": null,\r\n  \"orgRestrictions\": [],\r\n  \"parentalControlSettings\": {\r\n    \"countriesBlockedForMinors\": [],\r\n    \"legalAgeGroupRule\": \"Allow\"\r\n  },\r\n  \"passwordCredentials\": [],\r\n  \"publicClient\": null,\r\n  \"publisherDomain\": \"AzureSDKTeam.onmicrosoft.com\",\r\n  \"recordConsentConditions\": null,\r\n  \"replyUrls\": [\r\n    \"http://sp8ed9258474e831eaae\"\r\n  ],\r\n  \"requiredResourceAccess\": [],\r\n  \"samlMetadataUrl\": null,\r\n  \"signInAudience\": \"AzureADMyOrg\",\r\n  \"tokenEncryptionKeyId\": null\r\n}",
      "StatusCode": 201
    },
    {
      "RequestUri": "/54826b22-38d6-4fb2-bad9-b7b93a3e9c5a/applications/33205e64-2f38-4944-a133-038a855b9696/keyCredentials?api-version=1.6",
      "EncodedRequestUri": "LzU0ODI2YjIyLTM4ZDYtNGZiMi1iYWQ5LWI3YjkzYTNlOWM1YS9hcHBsaWNhdGlvbnMvMzMyMDVlNjQtMmYzOC00OTQ0LWExMzMtMDM4YTg1NWI5Njk2L2tleUNyZWRlbnRpYWxzP2FwaS12ZXJzaW9uPTEuNg==",
      "RequestMethod": "GET",
      "RequestBody": "",
      "RequestHeaders": {
        "x-ms-client-request-id": [
          "7eabb91d-5193-48fb-8f85-1a5a9e1419b1"
        ],
        "Accept-Language": [
          "en-US"
        ],
        "User-Agent": [
          "FxVersion/4.6.28008.01",
          "OSName/Windows",
          "OSVersion/Microsoft.Windows.10.0.18363.",
          "Microsoft.Azure.Management.Graph.RBAC.Fluent.GraphRbacManagementClient/1.0.0.61",
          "MacAddressHash/f198b50d7e3ef6510679efb9e4c9a1474fd2bf18cf1d6a2182c79b00464dbadd"
        ]
      },
      "ResponseHeaders": {
        "Cache-Control": [
          "no-cache"
        ],
        "Pragma": [
          "no-cache"
        ],
        "ocp-aad-diagnostics-server-name": [
          "/yb83Dls2FqjazsggoGjbyQnBTo42DuveRticqzxgZY="
        ],
        "request-id": [
          "ef7d3acc-f948-4ab1-b041-477ad0a069dc"
        ],
        "client-request-id": [
          "7eabb91d-5193-48fb-8f85-1a5a9e1419b1"
        ],
        "x-ms-dirapi-data-contract-version": [
          "1.6"
        ],
        "ocp-aad-session-key": [
          "_AKAk2C7zQM8h-r3Q_vnxB2clJN7Q2MXqOlquQqmqG8IQtTo1DjRHcxzr39LJklFm8p6CPlZRZEDI1mDziCCH12z_D5I_3eSmFKpc_hiT7n81ICIdUo0cprcFkVuZYyLPby26Z9cJUkwdPCQHR0zss3qKFuFrKqfEUGSR9wZKBA.8y9xKCFl4ATTHcuWq-iW8leNpXwF8vQvb0BTxJh73kc"
        ],
        "DataServiceVersion": [
          "3.0;"
        ],
        "Strict-Transport-Security": [
          "max-age=31536000; includeSubDomains"
        ],
        "Access-Control-Allow-Origin": [
          "*"
        ],
        "X-AspNet-Version": [
          "4.0.30319"
        ],
        "X-Powered-By": [
          "ASP.NET"
        ],
        "Duration": [
          "2474853"
        ],
        "Date": [
          "Mon, 28 Oct 2019 08:01:05 GMT"
        ],
        "Content-Type": [
          "application/json; odata=minimalmetadata; streaming=true; charset=utf-8"
        ],
        "Expires": [
          "-1"
        ],
        "Content-Length": [
          "158"
        ]
      },
      "ResponseBody": "{\r\n  \"odata.metadata\": \"https://graph.windows.net/54826b22-38d6-4fb2-bad9-b7b93a3e9c5a/$metadata#Collection(Microsoft.DirectoryServices.KeyCredential)\",\r\n  \"value\": []\r\n}",
      "StatusCode": 200
    },
    {
      "RequestUri": "/54826b22-38d6-4fb2-bad9-b7b93a3e9c5a/applications/33205e64-2f38-4944-a133-038a855b9696/passwordCredentials?api-version=1.6",
      "EncodedRequestUri": "LzU0ODI2YjIyLTM4ZDYtNGZiMi1iYWQ5LWI3YjkzYTNlOWM1YS9hcHBsaWNhdGlvbnMvMzMyMDVlNjQtMmYzOC00OTQ0LWExMzMtMDM4YTg1NWI5Njk2L3Bhc3N3b3JkQ3JlZGVudGlhbHM/YXBpLXZlcnNpb249MS42",
      "RequestMethod": "GET",
      "RequestBody": "",
      "RequestHeaders": {
        "x-ms-client-request-id": [
          "94561cc3-e1b7-4c14-87cb-033588ec6aeb"
        ],
        "Accept-Language": [
          "en-US"
        ],
        "User-Agent": [
          "FxVersion/4.6.28008.01",
          "OSName/Windows",
          "OSVersion/Microsoft.Windows.10.0.18363.",
          "Microsoft.Azure.Management.Graph.RBAC.Fluent.GraphRbacManagementClient/1.0.0.61",
          "MacAddressHash/f198b50d7e3ef6510679efb9e4c9a1474fd2bf18cf1d6a2182c79b00464dbadd"
        ]
      },
      "ResponseHeaders": {
        "Cache-Control": [
          "no-cache"
        ],
        "Pragma": [
          "no-cache"
        ],
        "ocp-aad-diagnostics-server-name": [
          "RfOnWier2qhPqdGkvthh0LDmYhpneMfUlv3Lmkx4y30="
        ],
        "request-id": [
          "bd3eed04-a4c7-40e2-8a85-1a73c91d5ddc"
        ],
        "client-request-id": [
          "94561cc3-e1b7-4c14-87cb-033588ec6aeb"
        ],
        "x-ms-dirapi-data-contract-version": [
          "1.6"
        ],
        "ocp-aad-session-key": [
          "sTRN5-EPtbeM5YKyrwu64EwG486ZNbMbixoRmWldwqpjYyIrOaQmQ4rPnnw5I4yRsYB3fF2elLhlxV73FxjDYVaw6pSvebQ44fU98lAdxiWNAoE6G3W2lyI8_XtePMmCIM8cax1pASyihCCnPwGtIsWjvQJg5RdzvTC_Chrzyj4.DXKgGGHvdN_dTa8ZlSXg2mBf7iVwuix1VDfTVLAvPW0"
        ],
        "DataServiceVersion": [
          "3.0;"
        ],
        "Strict-Transport-Security": [
          "max-age=31536000; includeSubDomains"
        ],
        "Access-Control-Allow-Origin": [
          "*"
        ],
        "X-AspNet-Version": [
          "4.0.30319"
        ],
        "X-Powered-By": [
          "ASP.NET"
        ],
        "Duration": [
          "2749957"
        ],
        "Date": [
          "Mon, 28 Oct 2019 08:01:06 GMT"
        ],
        "Content-Type": [
          "application/json; odata=minimalmetadata; streaming=true; charset=utf-8"
        ],
        "Expires": [
          "-1"
        ],
        "Content-Length": [
          "163"
        ]
      },
      "ResponseBody": "{\r\n  \"odata.metadata\": \"https://graph.windows.net/54826b22-38d6-4fb2-bad9-b7b93a3e9c5a/$metadata#Collection(Microsoft.DirectoryServices.PasswordCredential)\",\r\n  \"value\": []\r\n}",
      "StatusCode": 200
    },
    {
      "RequestUri": "/54826b22-38d6-4fb2-bad9-b7b93a3e9c5a/servicePrincipals?api-version=1.6",
      "EncodedRequestUri": "LzU0ODI2YjIyLTM4ZDYtNGZiMi1iYWQ5LWI3YjkzYTNlOWM1YS9zZXJ2aWNlUHJpbmNpcGFscz9hcGktdmVyc2lvbj0xLjY=",
      "RequestMethod": "POST",
      "RequestBody": "{\r\n  \"appId\": \"cc99f689-309e-4cae-ad9c-b34d766e84a6\",\r\n  \"accountEnabled\": true\r\n}",
      "RequestHeaders": {
        "x-ms-client-request-id": [
          "4ea3c096-161c-4d07-9266-cd65206525ce"
        ],
        "Accept-Language": [
          "en-US"
        ],
        "User-Agent": [
          "FxVersion/4.6.28008.01",
          "OSName/Windows",
          "OSVersion/Microsoft.Windows.10.0.18363.",
          "Microsoft.Azure.Management.Graph.RBAC.Fluent.GraphRbacManagementClient/1.0.0.61",
          "MacAddressHash/f198b50d7e3ef6510679efb9e4c9a1474fd2bf18cf1d6a2182c79b00464dbadd"
        ],
        "Content-Type": [
          "application/json; charset=utf-8"
        ],
        "Content-Length": [
          "82"
        ]
      },
      "ResponseHeaders": {
        "Cache-Control": [
          "no-cache"
        ],
        "Pragma": [
          "no-cache"
        ],
        "Location": [
          "https://graph.windows.net/54826b22-38d6-4fb2-bad9-b7b93a3e9c5a/directoryObjects/80b1b2c3-cdf2-4dae-a38b-a49a2f52eecd/Microsoft.DirectoryServices.ServicePrincipal"
        ],
        "ocp-aad-diagnostics-server-name": [
          "/S3W2cZkhZEhwDHc3pFDTWfsNg9/2f0eQ0VpDdTZCYU="
        ],
        "request-id": [
          "475131a0-0482-46cb-99d6-d1804d5ac75c"
        ],
        "client-request-id": [
          "4ea3c096-161c-4d07-9266-cd65206525ce"
        ],
        "x-ms-dirapi-data-contract-version": [
          "1.6"
        ],
        "ocp-aad-session-key": [
          "NDDvDRAl5qX1UkYmIsEvSWRiNd8YxDWT64LPyDUSWPdqJ-Oim0Uw3SIbX_n5limoGQ0PakY6F_N1dgB5nswvV3UbTI8HXB3nL0yiAAtnAysQqwD3ZGtfwjJlvYEZkFXabyVlszTET9sR1GDksuz_8ToIMjHl3Sukd2NiI_oUsso.6vFXqc2cGfjpZ7PO-04ROYHYs3dWclHkbdPwntou-yE"
        ],
        "DataServiceVersion": [
          "3.0;"
        ],
        "Strict-Transport-Security": [
          "max-age=31536000; includeSubDomains"
        ],
        "Access-Control-Allow-Origin": [
          "*"
        ],
        "X-AspNet-Version": [
          "4.0.30319"
        ],
        "X-Powered-By": [
          "ASP.NET"
        ],
        "Duration": [
          "5832286"
        ],
        "Date": [
          "Mon, 28 Oct 2019 08:01:06 GMT"
        ],
        "Content-Type": [
          "application/json; odata=minimalmetadata; streaming=true; charset=utf-8"
        ],
        "Expires": [
          "-1"
        ],
        "Content-Length": [
          "1742"
        ]
      },
      "ResponseBody": "{\r\n  \"odata.metadata\": \"https://graph.windows.net/54826b22-38d6-4fb2-bad9-b7b93a3e9c5a/$metadata#directoryObjects/@Element\",\r\n  \"odata.type\": \"Microsoft.DirectoryServices.ServicePrincipal\",\r\n  \"objectType\": \"ServicePrincipal\",\r\n  \"objectId\": \"80b1b2c3-cdf2-4dae-a38b-a49a2f52eecd\",\r\n  \"deletionTimestamp\": null,\r\n  \"accountEnabled\": true,\r\n  \"addIns\": [],\r\n  \"alternativeNames\": [],\r\n  \"appDisplayName\": \"sp8ed9258474e831eaae\",\r\n  \"appId\": \"cc99f689-309e-4cae-ad9c-b34d766e84a6\",\r\n  \"applicationTemplateId\": null,\r\n  \"appOwnerTenantId\": \"54826b22-38d6-4fb2-bad9-b7b93a3e9c5a\",\r\n  \"appRoleAssignmentRequired\": false,\r\n  \"appRoles\": [],\r\n  \"displayName\": \"sp8ed9258474e831eaae\",\r\n  \"errorUrl\": null,\r\n  \"homepage\": \"http://sp8ed9258474e831eaae\",\r\n  \"informationalUrls\": {\r\n    \"termsOfService\": null,\r\n    \"support\": null,\r\n    \"privacy\": null,\r\n    \"marketing\": null\r\n  },\r\n  \"keyCredentials\": [],\r\n  \"logoutUrl\": null,\r\n  \"notificationEmailAddresses\": [],\r\n  \"oauth2Permissions\": [\r\n    {\r\n      \"adminConsentDescription\": \"Allow the application to access sp8ed9258474e831eaae on behalf of the signed-in user.\",\r\n      \"adminConsentDisplayName\": \"Access sp8ed9258474e831eaae\",\r\n      \"id\": \"9ad1e57c-6e91-4195-89f7-189011cd637b\",\r\n      \"isEnabled\": true,\r\n      \"type\": \"User\",\r\n      \"userConsentDescription\": \"Allow the application to access sp8ed9258474e831eaae on your behalf.\",\r\n      \"userConsentDisplayName\": \"Access sp8ed9258474e831eaae\",\r\n      \"value\": \"user_impersonation\"\r\n    }\r\n  ],\r\n  \"passwordCredentials\": [],\r\n  \"preferredSingleSignOnMode\": null,\r\n  \"preferredTokenSigningKeyEndDateTime\": null,\r\n  \"preferredTokenSigningKeyThumbprint\": null,\r\n  \"publisherName\": \"AzureSDKTeam\",\r\n  \"replyUrls\": [\r\n    \"http://sp8ed9258474e831eaae\"\r\n  ],\r\n  \"samlMetadataUrl\": null,\r\n  \"samlSingleSignOnSettings\": null,\r\n  \"servicePrincipalNames\": [\r\n    \"cc99f689-309e-4cae-ad9c-b34d766e84a6\",\r\n    \"http://sp8ed9258474e831eaae\"\r\n  ],\r\n  \"servicePrincipalType\": \"Application\",\r\n  \"signInAudience\": \"AzureADMyOrg\",\r\n  \"tags\": [],\r\n  \"tokenEncryptionKeyId\": null\r\n}",
      "StatusCode": 201
    },
    {
      "RequestUri": "/54826b22-38d6-4fb2-bad9-b7b93a3e9c5a/servicePrincipals/80b1b2c3-cdf2-4dae-a38b-a49a2f52eecd/keyCredentials?api-version=1.6",
      "EncodedRequestUri": "LzU0ODI2YjIyLTM4ZDYtNGZiMi1iYWQ5LWI3YjkzYTNlOWM1YS9zZXJ2aWNlUHJpbmNpcGFscy84MGIxYjJjMy1jZGYyLTRkYWUtYTM4Yi1hNDlhMmY1MmVlY2Qva2V5Q3JlZGVudGlhbHM/YXBpLXZlcnNpb249MS42",
      "RequestMethod": "GET",
      "RequestBody": "",
      "RequestHeaders": {
        "x-ms-client-request-id": [
          "8750c0b3-c8f6-4a82-a582-b87d6f6aa4bc"
        ],
        "Accept-Language": [
          "en-US"
        ],
        "User-Agent": [
          "FxVersion/4.6.28008.01",
          "OSName/Windows",
          "OSVersion/Microsoft.Windows.10.0.18363.",
          "Microsoft.Azure.Management.Graph.RBAC.Fluent.GraphRbacManagementClient/1.0.0.61",
          "MacAddressHash/f198b50d7e3ef6510679efb9e4c9a1474fd2bf18cf1d6a2182c79b00464dbadd"
        ]
      },
      "ResponseHeaders": {
        "Cache-Control": [
          "no-cache"
        ],
        "Pragma": [
          "no-cache"
        ],
        "ocp-aad-diagnostics-server-name": [
          "/S3W2cZkhZEhwDHc3pFDTWfsNg9/2f0eQ0VpDdTZCYU="
        ],
        "request-id": [
          "2ab2c23a-07e1-4e79-ba58-7e50cecb8de6"
        ],
        "client-request-id": [
          "8750c0b3-c8f6-4a82-a582-b87d6f6aa4bc"
        ],
        "x-ms-dirapi-data-contract-version": [
          "1.6"
        ],
        "ocp-aad-session-key": [
          "iTC_F55EeXu0EZaItYgXFcXuDYADha3lO-AQBhkLapPaqMCE5tBAauTykCl8f1qqGAJUgyJGR4zfkTNq3Daql6GVLzmyrEsSzT7oeiapE3zVTzJBcc5LGKEzkA60K_Kb9e41QVL-FbzmoyUJlPGNv5AoIZAWx5nxi92DKSb0hJw.JXVq5SeUOp0Fv7OHoTycQNpR_P1sc8uZcSO-jscPmkk"
        ],
        "DataServiceVersion": [
          "3.0;"
        ],
        "Strict-Transport-Security": [
          "max-age=31536000; includeSubDomains"
        ],
        "Access-Control-Allow-Origin": [
          "*"
        ],
        "X-AspNet-Version": [
          "4.0.30319"
        ],
        "X-Powered-By": [
          "ASP.NET"
        ],
        "Duration": [
          "2492837"
        ],
        "Date": [
          "Mon, 28 Oct 2019 08:01:07 GMT"
        ],
        "Content-Type": [
          "application/json; odata=minimalmetadata; streaming=true; charset=utf-8"
        ],
        "Expires": [
          "-1"
        ],
        "Content-Length": [
          "158"
        ]
      },
      "ResponseBody": "{\r\n  \"odata.metadata\": \"https://graph.windows.net/54826b22-38d6-4fb2-bad9-b7b93a3e9c5a/$metadata#Collection(Microsoft.DirectoryServices.KeyCredential)\",\r\n  \"value\": []\r\n}",
      "StatusCode": 200
    },
    {
      "RequestUri": "/54826b22-38d6-4fb2-bad9-b7b93a3e9c5a/servicePrincipals/80b1b2c3-cdf2-4dae-a38b-a49a2f52eecd/passwordCredentials?api-version=1.6",
      "EncodedRequestUri": "LzU0ODI2YjIyLTM4ZDYtNGZiMi1iYWQ5LWI3YjkzYTNlOWM1YS9zZXJ2aWNlUHJpbmNpcGFscy84MGIxYjJjMy1jZGYyLTRkYWUtYTM4Yi1hNDlhMmY1MmVlY2QvcGFzc3dvcmRDcmVkZW50aWFscz9hcGktdmVyc2lvbj0xLjY=",
      "RequestMethod": "GET",
      "RequestBody": "",
      "RequestHeaders": {
        "x-ms-client-request-id": [
          "6e4a4b4a-7974-4124-835e-f6e4b5a4288e"
        ],
        "Accept-Language": [
          "en-US"
        ],
        "User-Agent": [
          "FxVersion/4.6.28008.01",
          "OSName/Windows",
          "OSVersion/Microsoft.Windows.10.0.18363.",
          "Microsoft.Azure.Management.Graph.RBAC.Fluent.GraphRbacManagementClient/1.0.0.61",
          "MacAddressHash/f198b50d7e3ef6510679efb9e4c9a1474fd2bf18cf1d6a2182c79b00464dbadd"
        ]
      },
      "ResponseHeaders": {
        "Cache-Control": [
          "no-cache"
        ],
        "Pragma": [
          "no-cache"
        ],
        "ocp-aad-diagnostics-server-name": [
          "/S3W2cZkhZEhwDHc3pFDTWfsNg9/2f0eQ0VpDdTZCYU="
        ],
        "request-id": [
          "26ede8fd-e0c9-4b2f-87f6-ce53ca17d107"
        ],
        "client-request-id": [
          "6e4a4b4a-7974-4124-835e-f6e4b5a4288e"
        ],
        "x-ms-dirapi-data-contract-version": [
          "1.6"
        ],
        "ocp-aad-session-key": [
          "Zb4LgoCIz0pzcqbqLnR6lyxrAR7-TkzRtbpvFhs2A62C4hy8WCyI2TjvxDcLC7_52nvfLOWjRVB0nDZBCUj4YOvufKtRrYA5SAOv4FgR-kJOwwq-A8rxW7yaNmLsO6keuiJWMiVNTuxMbM1L5KnfX3ERe8dvNVJRmElF2Efye60.PGiqJAQVBxA_GZA7zAtRqye1Y4JFTWcjnf1X8lfcN4Y"
        ],
        "DataServiceVersion": [
          "3.0;"
        ],
        "Strict-Transport-Security": [
          "max-age=31536000; includeSubDomains"
        ],
        "Access-Control-Allow-Origin": [
          "*"
        ],
        "X-AspNet-Version": [
          "4.0.30319"
        ],
        "X-Powered-By": [
          "ASP.NET"
        ],
        "Duration": [
          "2461063"
        ],
        "Date": [
          "Mon, 28 Oct 2019 08:01:07 GMT"
        ],
        "Content-Type": [
          "application/json; odata=minimalmetadata; streaming=true; charset=utf-8"
        ],
        "Expires": [
          "-1"
        ],
        "Content-Length": [
          "163"
        ]
      },
      "ResponseBody": "{\r\n  \"odata.metadata\": \"https://graph.windows.net/54826b22-38d6-4fb2-bad9-b7b93a3e9c5a/$metadata#Collection(Microsoft.DirectoryServices.PasswordCredential)\",\r\n  \"value\": []\r\n}",
      "StatusCode": 200
    },
    {
      "RequestUri": "/subscriptions/0b1f6471-1bf0-4dda-aec3-cb9272f09590/providers/Microsoft.Authorization/roleAssignments/d30cdea5-4849-4685-994d-9f297f8fc2d2?api-version=2018-01-01-preview",
      "EncodedRequestUri": "L3N1YnNjcmlwdGlvbnMvMGIxZjY0NzEtMWJmMC00ZGRhLWFlYzMtY2I5MjcyZjA5NTkwL3Byb3ZpZGVycy9NaWNyb3NvZnQuQXV0aG9yaXphdGlvbi9yb2xlQXNzaWdubWVudHMvZDMwY2RlYTUtNDg0OS00Njg1LTk5NGQtOWYyOTdmOGZjMmQyP2FwaS12ZXJzaW9uPTIwMTgtMDEtMDEtcHJldmlldw==",
      "RequestMethod": "PUT",
      "RequestBody": "{\r\n  \"properties\": {\r\n    \"roleDefinitionId\": \"/subscriptions/0b1f6471-1bf0-4dda-aec3-cb9272f09590/providers/Microsoft.Authorization/roleDefinitions/b24988ac-6180-42a0-ab88-20f7382dd24c\",\r\n    \"principalId\": \"80b1b2c3-cdf2-4dae-a38b-a49a2f52eecd\"\r\n  }\r\n}",
      "RequestHeaders": {
        "x-ms-client-request-id": [
          "353a25f8-f721-4744-812d-9e2442b19b70"
        ],
        "Accept-Language": [
          "en-US"
        ],
        "User-Agent": [
          "FxVersion/4.6.28008.01",
          "OSName/Windows",
          "OSVersion/Microsoft.Windows.10.0.18363.",
          "Microsoft.Azure.Management.Graph.RBAC.Fluent.AuthorizationManagementClient/1.0.0.61",
          "MacAddressHash/f198b50d7e3ef6510679efb9e4c9a1474fd2bf18cf1d6a2182c79b00464dbadd"
        ],
        "Content-Type": [
          "application/json; charset=utf-8"
        ],
        "Content-Length": [
          "254"
        ]
      },
      "ResponseHeaders": {
        "Cache-Control": [
          "no-cache"
        ],
        "Pragma": [
          "no-cache"
        ],
        "x-ms-request-charge": [
          "2"
        ],
        "x-ms-request-id": [
          "ddf4bac8-042f-405a-a1d7-a7451349c76c"
        ],
        "X-Content-Type-Options": [
          "nosniff"
        ],
        "Strict-Transport-Security": [
          "max-age=31536000; includeSubDomains"
        ],
        "Set-Cookie": [
          "x-ms-gateway-slice=Production; path=/; secure; HttpOnly"
        ],
        "x-ms-ratelimit-remaining-subscription-writes": [
          "1198"
        ],
        "x-ms-correlation-request-id": [
          "7565291a-ea13-4524-b1f3-c1ee8a180d1e"
        ],
        "x-ms-routing-request-id": [
          "SOUTHEASTASIA:20191028T080125Z:7565291a-ea13-4524-b1f3-c1ee8a180d1e"
        ],
        "Date": [
          "Mon, 28 Oct 2019 08:01:24 GMT"
        ],
        "Content-Length": [
          "721"
        ],
        "Content-Type": [
          "application/json; charset=utf-8"
        ],
        "Expires": [
          "-1"
        ]
      },
      "ResponseBody": "{\r\n  \"properties\": {\r\n    \"roleDefinitionId\": \"/subscriptions/0b1f6471-1bf0-4dda-aec3-cb9272f09590/providers/Microsoft.Authorization/roleDefinitions/b24988ac-6180-42a0-ab88-20f7382dd24c\",\r\n    \"principalId\": \"80b1b2c3-cdf2-4dae-a38b-a49a2f52eecd\",\r\n    \"principalType\": \"ServicePrincipal\",\r\n    \"scope\": \"/subscriptions/0b1f6471-1bf0-4dda-aec3-cb9272f09590\",\r\n    \"createdOn\": \"2019-10-28T08:01:23.1380434Z\",\r\n    \"updatedOn\": \"2019-10-28T08:01:23.1380434Z\",\r\n    \"createdBy\": null,\r\n    \"updatedBy\": \"5b5e6b07-55b8-419b-a446-20fe0aa5b459\"\r\n  },\r\n  \"id\": \"/subscriptions/0b1f6471-1bf0-4dda-aec3-cb9272f09590/providers/Microsoft.Authorization/roleAssignments/d30cdea5-4849-4685-994d-9f297f8fc2d2\",\r\n  \"type\": \"Microsoft.Authorization/roleAssignments\",\r\n  \"name\": \"d30cdea5-4849-4685-994d-9f297f8fc2d2\"\r\n}",
      "StatusCode": 201
    },
    {
      "RequestUri": "/54826b22-38d6-4fb2-bad9-b7b93a3e9c5a/groups?api-version=1.6",
      "EncodedRequestUri": "LzU0ODI2YjIyLTM4ZDYtNGZiMi1iYWQ5LWI3YjkzYTNlOWM1YS9ncm91cHM/YXBpLXZlcnNpb249MS42",
      "RequestMethod": "POST",
      "RequestBody": "{\r\n  \"displayName\": \"Group eb45110972472c66\",\r\n  \"mailNickname\": \"group1eb45110972472c66\",\r\n  \"mailEnabled\": false,\r\n  \"securityEnabled\": true\r\n}",
      "RequestHeaders": {
        "x-ms-client-request-id": [
          "9640fab9-77f7-449d-84e4-ba2004d0e91a"
        ],
        "Accept-Language": [
          "en-US"
        ],
        "User-Agent": [
          "FxVersion/4.6.28008.01",
          "OSName/Windows",
          "OSVersion/Microsoft.Windows.10.0.18363.",
          "Microsoft.Azure.Management.Graph.RBAC.Fluent.GraphRbacManagementClient/1.0.0.61",
          "MacAddressHash/f198b50d7e3ef6510679efb9e4c9a1474fd2bf18cf1d6a2182c79b00464dbadd"
        ],
        "Content-Type": [
          "application/json; charset=utf-8"
        ],
        "Content-Length": [
          "145"
        ]
      },
      "ResponseHeaders": {
        "Cache-Control": [
          "no-cache"
        ],
        "Pragma": [
          "no-cache"
        ],
        "Location": [
          "https://graph.windows.net/54826b22-38d6-4fb2-bad9-b7b93a3e9c5a/directoryObjects/1f78a9e3-f9e3-41b2-b3e3-37dac2573fe4/Microsoft.DirectoryServices.Group"
        ],
        "ocp-aad-diagnostics-server-name": [
          "RfOnWier2qhPqdGkvthh0LDmYhpneMfUlv3Lmkx4y30="
        ],
        "request-id": [
          "ffc24e5d-9685-4499-9a82-2275667ee9e0"
        ],
        "client-request-id": [
          "9640fab9-77f7-449d-84e4-ba2004d0e91a"
        ],
        "x-ms-dirapi-data-contract-version": [
          "1.6"
        ],
        "ocp-aad-session-key": [
          "29QdxQYdNhbV07tcqb7C3F8H1NVYErDtvWz8y1OIJNaMVhwT8tNh_KQbtmUZsbEBR4de__6MWQejby3_ZRKZScByecSoleijnSSqA_4aZFvMGIWcmbpewZmVJActLaIOqqg8oR2LiwOIyUMGMuNAgEulGmOe9U38u_amg4twIoU.pJhoE8FG7QCnJxvuA4qoXvcMeYUMJWZhFOFWNf69Fow"
        ],
        "DataServiceVersion": [
          "3.0;"
        ],
        "Strict-Transport-Security": [
          "max-age=31536000; includeSubDomains"
        ],
        "Access-Control-Allow-Origin": [
          "*"
        ],
        "X-AspNet-Version": [
          "4.0.30319"
        ],
        "X-Powered-By": [
          "ASP.NET"
        ],
        "Duration": [
          "5907977"
        ],
        "Date": [
          "Mon, 28 Oct 2019 08:01:25 GMT"
        ],
        "Content-Type": [
          "application/json; odata=minimalmetadata; streaming=true; charset=utf-8"
        ],
        "Expires": [
          "-1"
        ],
        "Content-Length": [
          "631"
        ]
      },
      "ResponseBody": "{\r\n  \"odata.metadata\": \"https://graph.windows.net/54826b22-38d6-4fb2-bad9-b7b93a3e9c5a/$metadata#directoryObjects/@Element\",\r\n  \"odata.type\": \"Microsoft.DirectoryServices.Group\",\r\n  \"objectType\": \"Group\",\r\n  \"objectId\": \"1f78a9e3-f9e3-41b2-b3e3-37dac2573fe4\",\r\n  \"deletionTimestamp\": null,\r\n  \"description\": null,\r\n  \"dirSyncEnabled\": null,\r\n  \"displayName\": \"Group eb45110972472c66\",\r\n  \"lastDirSyncTime\": null,\r\n  \"mail\": null,\r\n  \"mailNickname\": \"group1eb45110972472c66\",\r\n  \"mailEnabled\": false,\r\n  \"onPremisesDomainName\": null,\r\n  \"onPremisesNetBiosName\": null,\r\n  \"onPremisesSamAccountName\": null,\r\n  \"onPremisesSecurityIdentifier\": null,\r\n  \"provisioningErrors\": [],\r\n  \"proxyAddresses\": [],\r\n  \"securityEnabled\": true\r\n}",
      "StatusCode": 201
    },
    {
      "RequestUri": "/54826b22-38d6-4fb2-bad9-b7b93a3e9c5a/groups?api-version=1.6",
      "EncodedRequestUri": "LzU0ODI2YjIyLTM4ZDYtNGZiMi1iYWQ5LWI3YjkzYTNlOWM1YS9ncm91cHM/YXBpLXZlcnNpb249MS42",
      "RequestMethod": "POST",
      "RequestBody": "{\r\n  \"displayName\": \"Group fba4842548f65256\",\r\n  \"mailNickname\": \"group2fba4842548f65256\",\r\n  \"mailEnabled\": false,\r\n  \"securityEnabled\": true\r\n}",
      "RequestHeaders": {
        "x-ms-client-request-id": [
          "7d8a2f1d-7c99-4b2f-ad3e-49b5a555261f"
        ],
        "Accept-Language": [
          "en-US"
        ],
        "User-Agent": [
          "FxVersion/4.6.28008.01",
          "OSName/Windows",
          "OSVersion/Microsoft.Windows.10.0.18363.",
          "Microsoft.Azure.Management.Graph.RBAC.Fluent.GraphRbacManagementClient/1.0.0.61",
          "MacAddressHash/f198b50d7e3ef6510679efb9e4c9a1474fd2bf18cf1d6a2182c79b00464dbadd"
        ],
        "Content-Type": [
          "application/json; charset=utf-8"
        ],
        "Content-Length": [
          "145"
        ]
      },
      "ResponseHeaders": {
        "Cache-Control": [
          "no-cache"
        ],
        "Pragma": [
          "no-cache"
        ],
        "Location": [
          "https://graph.windows.net/54826b22-38d6-4fb2-bad9-b7b93a3e9c5a/directoryObjects/458ecefc-33d3-498e-819c-9c8a77c126cd/Microsoft.DirectoryServices.Group"
        ],
        "ocp-aad-diagnostics-server-name": [
          "9WXYjtljUni6R4x3ceMCi6jN8lbj4nyUqEgooMOCvq8="
        ],
        "request-id": [
          "b2640c5e-1dd7-4ed1-81d7-3a91522d4bb5"
        ],
        "client-request-id": [
          "7d8a2f1d-7c99-4b2f-ad3e-49b5a555261f"
        ],
        "x-ms-dirapi-data-contract-version": [
          "1.6"
        ],
        "ocp-aad-session-key": [
          "jcKp4PJ2P1M3i2AHdfdc0SgnxxwFKyVvbAElBtrMPApPrC395GSOPQ-Y6CQuL_HBGT0NKa36_5hyoFwqbA7994GnwnUD8zIh_TEO_MQ_CJFeca4u_eA419JQqodxpiocNLAQ4t_N68JCctqIRv4cN-rfydwT9B1Zdao98_Q_F8k.yHP0051MMF1YSVR-KqUen1Vt7Cqzv3_47oUKMN2gUUY"
        ],
        "DataServiceVersion": [
          "3.0;"
        ],
        "Strict-Transport-Security": [
          "max-age=31536000; includeSubDomains"
        ],
        "Access-Control-Allow-Origin": [
          "*"
        ],
        "X-AspNet-Version": [
          "4.0.30319"
        ],
        "X-Powered-By": [
          "ASP.NET"
        ],
        "Duration": [
          "5228433"
        ],
        "Date": [
          "Mon, 28 Oct 2019 08:01:26 GMT"
        ],
        "Content-Type": [
          "application/json; odata=minimalmetadata; streaming=true; charset=utf-8"
        ],
        "Expires": [
          "-1"
        ],
        "Content-Length": [
          "631"
        ]
      },
      "ResponseBody": "{\r\n  \"odata.metadata\": \"https://graph.windows.net/54826b22-38d6-4fb2-bad9-b7b93a3e9c5a/$metadata#directoryObjects/@Element\",\r\n  \"odata.type\": \"Microsoft.DirectoryServices.Group\",\r\n  \"objectType\": \"Group\",\r\n  \"objectId\": \"458ecefc-33d3-498e-819c-9c8a77c126cd\",\r\n  \"deletionTimestamp\": null,\r\n  \"description\": null,\r\n  \"dirSyncEnabled\": null,\r\n  \"displayName\": \"Group fba4842548f65256\",\r\n  \"lastDirSyncTime\": null,\r\n  \"mail\": null,\r\n  \"mailNickname\": \"group2fba4842548f65256\",\r\n  \"mailEnabled\": false,\r\n  \"onPremisesDomainName\": null,\r\n  \"onPremisesNetBiosName\": null,\r\n  \"onPremisesSamAccountName\": null,\r\n  \"onPremisesSecurityIdentifier\": null,\r\n  \"provisioningErrors\": [],\r\n  \"proxyAddresses\": [],\r\n  \"securityEnabled\": true\r\n}",
      "StatusCode": 201
    },
    {
      "RequestUri": "/54826b22-38d6-4fb2-bad9-b7b93a3e9c5a/groups/1f78a9e3-f9e3-41b2-b3e3-37dac2573fe4/members?api-version=1.6",
      "EncodedRequestUri": "LzU0ODI2YjIyLTM4ZDYtNGZiMi1iYWQ5LWI3YjkzYTNlOWM1YS9ncm91cHMvMWY3OGE5ZTMtZjllMy00MWIyLWIzZTMtMzdkYWMyNTczZmU0L21lbWJlcnM/YXBpLXZlcnNpb249MS42",
      "RequestMethod": "GET",
      "RequestBody": "",
      "RequestHeaders": {
        "x-ms-client-request-id": [
          "fbe3b2fc-5783-480e-9292-8718ca411bdc"
        ],
        "Accept-Language": [
          "en-US"
        ],
        "User-Agent": [
          "FxVersion/4.6.28008.01",
          "OSName/Windows",
          "OSVersion/Microsoft.Windows.10.0.18363.",
          "Microsoft.Azure.Management.Graph.RBAC.Fluent.GraphRbacManagementClient/1.0.0.61",
          "MacAddressHash/f198b50d7e3ef6510679efb9e4c9a1474fd2bf18cf1d6a2182c79b00464dbadd"
        ]
      },
      "ResponseHeaders": {
        "Cache-Control": [
          "no-cache"
        ],
        "Pragma": [
          "no-cache"
        ],
        "ocp-aad-diagnostics-server-name": [
          "AkV9UtCiUg8LGCEhQPY4eHq0Jw2iNgo721VcjaDSPSA="
        ],
        "request-id": [
          "7f6b5d13-2482-4801-a118-e63df8486a08"
        ],
        "client-request-id": [
          "fbe3b2fc-5783-480e-9292-8718ca411bdc"
        ],
        "x-ms-dirapi-data-contract-version": [
          "1.6"
        ],
        "ocp-aad-session-key": [
          "PYXB1_6nkqHpnFhLukRQeHn31xoAcloj7Ebx7UNF-RdPPtRGFT5TeD3CikPjYNj2aREC_NYdjwxrhbelAN-N7iD6F-1nUpbSPgR8K91ZOQ9PeHLnFaE-QkNdnGheDgo5NzRtpfxmw878f2WSiYtFXcmLsmVDc2M0ymz3iulQato.TmRdMIdhSL71fDGACwybm7wdNY_GtHlwq83IUEAgoks"
        ],
        "DataServiceVersion": [
          "3.0;"
        ],
        "Strict-Transport-Security": [
          "max-age=31536000; includeSubDomains"
        ],
        "Access-Control-Allow-Origin": [
          "*"
        ],
        "X-AspNet-Version": [
          "4.0.30319"
        ],
        "X-Powered-By": [
          "ASP.NET"
        ],
        "Duration": [
          "2537131"
        ],
        "Date": [
          "Mon, 28 Oct 2019 08:01:25 GMT"
        ],
        "Content-Type": [
          "application/json; odata=minimalmetadata; streaming=true; charset=utf-8"
        ],
        "Expires": [
          "-1"
        ],
        "Content-Length": [
          "121"
        ]
      },
      "ResponseBody": "{\r\n  \"odata.metadata\": \"https://graph.windows.net/54826b22-38d6-4fb2-bad9-b7b93a3e9c5a/$metadata#directoryObjects\",\r\n  \"value\": []\r\n}",
      "StatusCode": 200
    },
    {
      "RequestUri": "/54826b22-38d6-4fb2-bad9-b7b93a3e9c5a/groups/458ecefc-33d3-498e-819c-9c8a77c126cd/members?api-version=1.6",
      "EncodedRequestUri": "LzU0ODI2YjIyLTM4ZDYtNGZiMi1iYWQ5LWI3YjkzYTNlOWM1YS9ncm91cHMvNDU4ZWNlZmMtMzNkMy00OThlLTgxOWMtOWM4YTc3YzEyNmNkL21lbWJlcnM/YXBpLXZlcnNpb249MS42",
      "RequestMethod": "GET",
      "RequestBody": "",
      "RequestHeaders": {
        "x-ms-client-request-id": [
          "97ed125a-8002-43f7-b6f6-38c67e25e8b1"
        ],
        "Accept-Language": [
          "en-US"
        ],
        "User-Agent": [
          "FxVersion/4.6.28008.01",
          "OSName/Windows",
          "OSVersion/Microsoft.Windows.10.0.18363.",
          "Microsoft.Azure.Management.Graph.RBAC.Fluent.GraphRbacManagementClient/1.0.0.61",
          "MacAddressHash/f198b50d7e3ef6510679efb9e4c9a1474fd2bf18cf1d6a2182c79b00464dbadd"
        ]
      },
      "ResponseHeaders": {
        "Cache-Control": [
          "no-cache"
        ],
        "Pragma": [
          "no-cache"
        ],
        "ocp-aad-diagnostics-server-name": [
          "RfOnWier2qhPqdGkvthh0LDmYhpneMfUlv3Lmkx4y30="
        ],
        "request-id": [
          "70cf7249-d97b-42c9-97eb-c33c50aa829d"
        ],
        "client-request-id": [
          "97ed125a-8002-43f7-b6f6-38c67e25e8b1"
        ],
        "x-ms-dirapi-data-contract-version": [
          "1.6"
        ],
        "ocp-aad-session-key": [
          "dbbGyBAHubs2s9DSIR42EX6r-Q2FzjNNVyGzriA0PS6DL0TxjqKIrT176J_FnkkrSsNsTPNHuHJHm1szlwhWM8oSIgSgBKlY6yXGGJ9-BmqGl3cBeCBFLyCMQDL4JgHzvSvC7yktiSvdhCqOLNW2qeEGfe78PMjslUdpRti0PPU.8HlUnOXsYUUZJyovIYqNszOEVjENAyOyZ7wfKj4LxeQ"
        ],
        "DataServiceVersion": [
          "3.0;"
        ],
        "Strict-Transport-Security": [
          "max-age=31536000; includeSubDomains"
        ],
        "Access-Control-Allow-Origin": [
          "*"
        ],
        "X-AspNet-Version": [
          "4.0.30319"
        ],
        "X-Powered-By": [
          "ASP.NET"
        ],
        "Duration": [
          "2550602"
        ],
        "Date": [
          "Mon, 28 Oct 2019 08:01:26 GMT"
        ],
        "Content-Type": [
          "application/json; odata=minimalmetadata; streaming=true; charset=utf-8"
        ],
        "Expires": [
          "-1"
        ],
        "Content-Length": [
          "121"
        ]
      },
      "ResponseBody": "{\r\n  \"odata.metadata\": \"https://graph.windows.net/54826b22-38d6-4fb2-bad9-b7b93a3e9c5a/$metadata#directoryObjects\",\r\n  \"value\": []\r\n}",
      "StatusCode": 200
    },
    {
      "RequestUri": "/54826b22-38d6-4fb2-bad9-b7b93a3e9c5a/groups/458ecefc-33d3-498e-819c-9c8a77c126cd/members?api-version=1.6",
      "EncodedRequestUri": "LzU0ODI2YjIyLTM4ZDYtNGZiMi1iYWQ5LWI3YjkzYTNlOWM1YS9ncm91cHMvNDU4ZWNlZmMtMzNkMy00OThlLTgxOWMtOWM4YTc3YzEyNmNkL21lbWJlcnM/YXBpLXZlcnNpb249MS42",
      "RequestMethod": "GET",
      "RequestBody": "",
      "RequestHeaders": {
        "x-ms-client-request-id": [
          "ec0e9153-7a48-456b-8376-e0b4eeae15c7"
        ],
        "Accept-Language": [
          "en-US"
        ],
        "User-Agent": [
          "FxVersion/4.6.28008.01",
          "OSName/Windows",
          "OSVersion/Microsoft.Windows.10.0.18363.",
          "Microsoft.Azure.Management.Graph.RBAC.Fluent.GraphRbacManagementClient/1.0.0.61",
          "MacAddressHash/f198b50d7e3ef6510679efb9e4c9a1474fd2bf18cf1d6a2182c79b00464dbadd"
        ]
      },
      "ResponseHeaders": {
        "Cache-Control": [
          "no-cache"
        ],
        "Pragma": [
          "no-cache"
        ],
        "ocp-aad-diagnostics-server-name": [
          "hhJdfLW66JLi2nEcbTnUgI+AxnSecUxb4zj7RAMm+V0="
        ],
        "request-id": [
          "06599f32-8916-49eb-8b4e-2cb89892b892"
        ],
        "client-request-id": [
          "ec0e9153-7a48-456b-8376-e0b4eeae15c7"
        ],
        "x-ms-dirapi-data-contract-version": [
          "1.6"
        ],
        "ocp-aad-session-key": [
          "VJ-YypCO8NN2w5gA6NBNju7dSFOyK0MvHVS3B6DKT4b7VJNY-odQQz0kprVT0lpkOw7Q9G1q-tLzjmjmXUnDnjbFN4g0sRtCFXzWDyp8xtssQFhcA1QCWNPUVBHuwQE6N2ed5R3aDODP7iggSHxixcdTEAbn4GJW_PZpOb_ShUo.ULKyU5OdzsCDFLMYyH1dHsVkDYx8mrL75Vw8Nv5UsqQ"
        ],
        "DataServiceVersion": [
          "3.0;"
        ],
        "Strict-Transport-Security": [
          "max-age=31536000; includeSubDomains"
        ],
        "Access-Control-Allow-Origin": [
          "*"
        ],
        "X-AspNet-Version": [
          "4.0.30319"
        ],
        "X-Powered-By": [
          "ASP.NET"
        ],
        "Duration": [
          "2642672"
        ],
        "Date": [
          "Mon, 28 Oct 2019 08:01:28 GMT"
        ],
        "Content-Type": [
          "application/json; odata=minimalmetadata; streaming=true; charset=utf-8"
        ],
        "Expires": [
          "-1"
        ],
        "Content-Length": [
          "3819"
        ]
      },
      "ResponseBody": "{\r\n  \"odata.metadata\": \"https://graph.windows.net/54826b22-38d6-4fb2-bad9-b7b93a3e9c5a/$metadata#directoryObjects\",\r\n  \"value\": [\r\n    {\r\n      \"odata.type\": \"Microsoft.DirectoryServices.User\",\r\n      \"objectType\": \"User\",\r\n      \"objectId\": \"157866b2-e427-435a-81e3-c0ef5304b4d9\",\r\n      \"deletionTimestamp\": null,\r\n      \"accountEnabled\": true,\r\n      \"ageGroup\": null,\r\n      \"assignedLicenses\": [],\r\n      \"assignedPlans\": [],\r\n      \"city\": null,\r\n      \"companyName\": null,\r\n      \"consentProvidedForMinor\": null,\r\n      \"country\": null,\r\n      \"createdDateTime\": \"2019-10-28T08:00:59Z\",\r\n      \"creationType\": null,\r\n      \"department\": null,\r\n      \"dirSyncEnabled\": null,\r\n      \"displayName\": \"Test 8f58467796b9d142e\",\r\n      \"employeeId\": null,\r\n      \"facsimileTelephoneNumber\": null,\r\n      \"givenName\": null,\r\n      \"immutableId\": null,\r\n      \"isCompromised\": null,\r\n      \"jobTitle\": null,\r\n      \"lastDirSyncTime\": null,\r\n      \"legalAgeGroupClassification\": null,\r\n      \"mail\": null,\r\n      \"mailNickname\": \"test8f58467796b9d142e\",\r\n      \"mobile\": null,\r\n      \"onPremisesDistinguishedName\": null,\r\n      \"onPremisesSecurityIdentifier\": null,\r\n      \"otherMails\": [],\r\n      \"passwordPolicies\": null,\r\n      \"passwordProfile\": {\r\n        \"password\": null,\r\n        \"forceChangePasswordNextLogin\": true,\r\n        \"enforceChangePasswordPolicy\": false\r\n      },\r\n      \"physicalDeliveryOfficeName\": null,\r\n      \"postalCode\": null,\r\n      \"preferredLanguage\": null,\r\n      \"provisionedPlans\": [],\r\n      \"provisioningErrors\": [],\r\n      \"proxyAddresses\": [],\r\n      \"refreshTokensValidFromDateTime\": \"2019-10-28T08:00:59Z\",\r\n      \"showInAddressList\": null,\r\n      \"signInNames\": [],\r\n      \"sipProxyAddress\": null,\r\n      \"state\": null,\r\n      \"streetAddress\": null,\r\n      \"surname\": null,\r\n      \"telephoneNumber\": null,\r\n      \"thumbnailPhoto@odata.mediaEditLink\": \"directoryObjects/157866b2-e427-435a-81e3-c0ef5304b4d9/Microsoft.DirectoryServices.User/thumbnailPhoto\",\r\n      \"usageLocation\": null,\r\n      \"userIdentities\": [],\r\n      \"userPrincipalName\": \"test8f58467796b9d142e@AzureSDKTeam.onmicrosoft.com\",\r\n      \"userState\": null,\r\n      \"userStateChangedOn\": null,\r\n      \"userType\": \"Member\"\r\n    },\r\n    {\r\n      \"odata.type\": \"Microsoft.DirectoryServices.ServicePrincipal\",\r\n      \"objectType\": \"ServicePrincipal\",\r\n      \"objectId\": \"80b1b2c3-cdf2-4dae-a38b-a49a2f52eecd\",\r\n      \"deletionTimestamp\": null,\r\n      \"accountEnabled\": true,\r\n      \"addIns\": [],\r\n      \"alternativeNames\": [],\r\n      \"appDisplayName\": \"sp8ed9258474e831eaae\",\r\n      \"appId\": \"cc99f689-309e-4cae-ad9c-b34d766e84a6\",\r\n      \"applicationTemplateId\": null,\r\n      \"appOwnerTenantId\": \"54826b22-38d6-4fb2-bad9-b7b93a3e9c5a\",\r\n      \"appRoleAssignmentRequired\": false,\r\n      \"appRoles\": [],\r\n      \"displayName\": \"sp8ed9258474e831eaae\",\r\n      \"errorUrl\": null,\r\n      \"homepage\": \"http://sp8ed9258474e831eaae\",\r\n      \"informationalUrls\": {\r\n        \"termsOfService\": null,\r\n        \"support\": null,\r\n        \"privacy\": null,\r\n        \"marketing\": null\r\n      },\r\n      \"keyCredentials\": [],\r\n      \"logoutUrl\": null,\r\n      \"notificationEmailAddresses\": [],\r\n      \"oauth2Permissions\": [\r\n        {\r\n          \"adminConsentDescription\": \"Allow the application to access sp8ed9258474e831eaae on behalf of the signed-in user.\",\r\n          \"adminConsentDisplayName\": \"Access sp8ed9258474e831eaae\",\r\n          \"id\": \"9ad1e57c-6e91-4195-89f7-189011cd637b\",\r\n          \"isEnabled\": true,\r\n          \"type\": \"User\",\r\n          \"userConsentDescription\": \"Allow the application to access sp8ed9258474e831eaae on your behalf.\",\r\n          \"userConsentDisplayName\": \"Access sp8ed9258474e831eaae\",\r\n          \"value\": \"user_impersonation\"\r\n        }\r\n      ],\r\n      \"passwordCredentials\": [],\r\n      \"preferredSingleSignOnMode\": null,\r\n      \"preferredTokenSigningKeyEndDateTime\": null,\r\n      \"preferredTokenSigningKeyThumbprint\": null,\r\n      \"publisherName\": \"AzureSDKTeam\",\r\n      \"replyUrls\": [\r\n        \"http://sp8ed9258474e831eaae\"\r\n      ],\r\n      \"samlMetadataUrl\": null,\r\n      \"samlSingleSignOnSettings\": null,\r\n      \"servicePrincipalNames\": [\r\n        \"http://sp8ed9258474e831eaae\",\r\n        \"cc99f689-309e-4cae-ad9c-b34d766e84a6\"\r\n      ],\r\n      \"servicePrincipalType\": \"Application\",\r\n      \"signInAudience\": \"AzureADMyOrg\",\r\n      \"tags\": [],\r\n      \"tokenEncryptionKeyId\": null\r\n    },\r\n    {\r\n      \"odata.type\": \"Microsoft.DirectoryServices.Group\",\r\n      \"objectType\": \"Group\",\r\n      \"objectId\": \"1f78a9e3-f9e3-41b2-b3e3-37dac2573fe4\",\r\n      \"deletionTimestamp\": null,\r\n      \"description\": null,\r\n      \"dirSyncEnabled\": null,\r\n      \"displayName\": \"Group eb45110972472c66\",\r\n      \"lastDirSyncTime\": null,\r\n      \"mail\": null,\r\n      \"mailNickname\": \"group1eb45110972472c66\",\r\n      \"mailEnabled\": false,\r\n      \"onPremisesDomainName\": null,\r\n      \"onPremisesNetBiosName\": null,\r\n      \"onPremisesSamAccountName\": null,\r\n      \"onPremisesSecurityIdentifier\": null,\r\n      \"provisioningErrors\": [],\r\n      \"proxyAddresses\": [],\r\n      \"securityEnabled\": true\r\n    }\r\n  ]\r\n}",
      "StatusCode": 200
    },
    {
      "RequestUri": "/54826b22-38d6-4fb2-bad9-b7b93a3e9c5a/groups/458ecefc-33d3-498e-819c-9c8a77c126cd/members?api-version=1.6",
      "EncodedRequestUri": "LzU0ODI2YjIyLTM4ZDYtNGZiMi1iYWQ5LWI3YjkzYTNlOWM1YS9ncm91cHMvNDU4ZWNlZmMtMzNkMy00OThlLTgxOWMtOWM4YTc3YzEyNmNkL21lbWJlcnM/YXBpLXZlcnNpb249MS42",
      "RequestMethod": "GET",
      "RequestBody": "",
      "RequestHeaders": {
        "x-ms-client-request-id": [
          "592c3593-4ee3-4872-92e8-58f6b0e6c9e6"
        ],
        "Accept-Language": [
          "en-US"
        ],
        "User-Agent": [
          "FxVersion/4.6.28008.01",
          "OSName/Windows",
          "OSVersion/Microsoft.Windows.10.0.18363.",
          "Microsoft.Azure.Management.Graph.RBAC.Fluent.GraphRbacManagementClient/1.0.0.61",
          "MacAddressHash/f198b50d7e3ef6510679efb9e4c9a1474fd2bf18cf1d6a2182c79b00464dbadd"
        ]
      },
      "ResponseHeaders": {
        "Cache-Control": [
          "no-cache"
        ],
        "Pragma": [
          "no-cache"
        ],
        "ocp-aad-diagnostics-server-name": [
          "mSLP0F096HcWgZ27mIj4ffYCwKZWjtsGTOzQkmYcskU="
        ],
        "request-id": [
          "cc96ac7e-1d06-4bc1-8892-e8cb8ca8dde6"
        ],
        "client-request-id": [
          "592c3593-4ee3-4872-92e8-58f6b0e6c9e6"
        ],
        "x-ms-dirapi-data-contract-version": [
          "1.6"
        ],
        "ocp-aad-session-key": [
          "4G-ZnmVMxpVxYk0LZDeTRvPyaGgd8QFRO-Xrcxg8XdADXZvx_mEGpwPye4FVrpBgmD7nqAgxnBrMykMTaMC8IIllyFUpDWsrfF7iaxwO5VBN4ugcWkizHzIy4G55B9ddylTQzWbRJnI7vKTd1iS3LlHHQqqtNSEeG3qaf8AB3WI.Uu1J-O7mdcWUe1Uw7HCyqo9Ap3mM57Kwbf9j6id45Zw"
        ],
        "DataServiceVersion": [
          "3.0;"
        ],
        "Strict-Transport-Security": [
          "max-age=31536000; includeSubDomains"
        ],
        "Access-Control-Allow-Origin": [
          "*"
        ],
        "X-AspNet-Version": [
          "4.0.30319"
        ],
        "X-Powered-By": [
          "ASP.NET"
        ],
        "Duration": [
          "2607726"
        ],
        "Date": [
          "Mon, 28 Oct 2019 08:01:29 GMT"
        ],
        "Content-Type": [
          "application/json; odata=minimalmetadata; streaming=true; charset=utf-8"
        ],
        "Expires": [
          "-1"
        ],
        "Content-Length": [
          "3819"
        ]
      },
      "ResponseBody": "{\r\n  \"odata.metadata\": \"https://graph.windows.net/54826b22-38d6-4fb2-bad9-b7b93a3e9c5a/$metadata#directoryObjects\",\r\n  \"value\": [\r\n    {\r\n      \"odata.type\": \"Microsoft.DirectoryServices.User\",\r\n      \"objectType\": \"User\",\r\n      \"objectId\": \"157866b2-e427-435a-81e3-c0ef5304b4d9\",\r\n      \"deletionTimestamp\": null,\r\n      \"accountEnabled\": true,\r\n      \"ageGroup\": null,\r\n      \"assignedLicenses\": [],\r\n      \"assignedPlans\": [],\r\n      \"city\": null,\r\n      \"companyName\": null,\r\n      \"consentProvidedForMinor\": null,\r\n      \"country\": null,\r\n      \"createdDateTime\": \"2019-10-28T08:00:59Z\",\r\n      \"creationType\": null,\r\n      \"department\": null,\r\n      \"dirSyncEnabled\": null,\r\n      \"displayName\": \"Test 8f58467796b9d142e\",\r\n      \"employeeId\": null,\r\n      \"facsimileTelephoneNumber\": null,\r\n      \"givenName\": null,\r\n      \"immutableId\": null,\r\n      \"isCompromised\": null,\r\n      \"jobTitle\": null,\r\n      \"lastDirSyncTime\": null,\r\n      \"legalAgeGroupClassification\": null,\r\n      \"mail\": null,\r\n      \"mailNickname\": \"test8f58467796b9d142e\",\r\n      \"mobile\": null,\r\n      \"onPremisesDistinguishedName\": null,\r\n      \"onPremisesSecurityIdentifier\": null,\r\n      \"otherMails\": [],\r\n      \"passwordPolicies\": null,\r\n      \"passwordProfile\": {\r\n        \"password\": null,\r\n        \"forceChangePasswordNextLogin\": true,\r\n        \"enforceChangePasswordPolicy\": false\r\n      },\r\n      \"physicalDeliveryOfficeName\": null,\r\n      \"postalCode\": null,\r\n      \"preferredLanguage\": null,\r\n      \"provisionedPlans\": [],\r\n      \"provisioningErrors\": [],\r\n      \"proxyAddresses\": [],\r\n      \"refreshTokensValidFromDateTime\": \"2019-10-28T08:00:59Z\",\r\n      \"showInAddressList\": null,\r\n      \"signInNames\": [],\r\n      \"sipProxyAddress\": null,\r\n      \"state\": null,\r\n      \"streetAddress\": null,\r\n      \"surname\": null,\r\n      \"telephoneNumber\": null,\r\n      \"thumbnailPhoto@odata.mediaEditLink\": \"directoryObjects/157866b2-e427-435a-81e3-c0ef5304b4d9/Microsoft.DirectoryServices.User/thumbnailPhoto\",\r\n      \"usageLocation\": null,\r\n      \"userIdentities\": [],\r\n      \"userPrincipalName\": \"test8f58467796b9d142e@AzureSDKTeam.onmicrosoft.com\",\r\n      \"userState\": null,\r\n      \"userStateChangedOn\": null,\r\n      \"userType\": \"Member\"\r\n    },\r\n    {\r\n      \"odata.type\": \"Microsoft.DirectoryServices.ServicePrincipal\",\r\n      \"objectType\": \"ServicePrincipal\",\r\n      \"objectId\": \"80b1b2c3-cdf2-4dae-a38b-a49a2f52eecd\",\r\n      \"deletionTimestamp\": null,\r\n      \"accountEnabled\": true,\r\n      \"addIns\": [],\r\n      \"alternativeNames\": [],\r\n      \"appDisplayName\": \"sp8ed9258474e831eaae\",\r\n      \"appId\": \"cc99f689-309e-4cae-ad9c-b34d766e84a6\",\r\n      \"applicationTemplateId\": null,\r\n      \"appOwnerTenantId\": \"54826b22-38d6-4fb2-bad9-b7b93a3e9c5a\",\r\n      \"appRoleAssignmentRequired\": false,\r\n      \"appRoles\": [],\r\n      \"displayName\": \"sp8ed9258474e831eaae\",\r\n      \"errorUrl\": null,\r\n      \"homepage\": \"http://sp8ed9258474e831eaae\",\r\n      \"informationalUrls\": {\r\n        \"termsOfService\": null,\r\n        \"support\": null,\r\n        \"privacy\": null,\r\n        \"marketing\": null\r\n      },\r\n      \"keyCredentials\": [],\r\n      \"logoutUrl\": null,\r\n      \"notificationEmailAddresses\": [],\r\n      \"oauth2Permissions\": [\r\n        {\r\n          \"adminConsentDescription\": \"Allow the application to access sp8ed9258474e831eaae on behalf of the signed-in user.\",\r\n          \"adminConsentDisplayName\": \"Access sp8ed9258474e831eaae\",\r\n          \"id\": \"9ad1e57c-6e91-4195-89f7-189011cd637b\",\r\n          \"isEnabled\": true,\r\n          \"type\": \"User\",\r\n          \"userConsentDescription\": \"Allow the application to access sp8ed9258474e831eaae on your behalf.\",\r\n          \"userConsentDisplayName\": \"Access sp8ed9258474e831eaae\",\r\n          \"value\": \"user_impersonation\"\r\n        }\r\n      ],\r\n      \"passwordCredentials\": [],\r\n      \"preferredSingleSignOnMode\": null,\r\n      \"preferredTokenSigningKeyEndDateTime\": null,\r\n      \"preferredTokenSigningKeyThumbprint\": null,\r\n      \"publisherName\": \"AzureSDKTeam\",\r\n      \"replyUrls\": [\r\n        \"http://sp8ed9258474e831eaae\"\r\n      ],\r\n      \"samlMetadataUrl\": null,\r\n      \"samlSingleSignOnSettings\": null,\r\n      \"servicePrincipalNames\": [\r\n        \"http://sp8ed9258474e831eaae\",\r\n        \"cc99f689-309e-4cae-ad9c-b34d766e84a6\"\r\n      ],\r\n      \"servicePrincipalType\": \"Application\",\r\n      \"signInAudience\": \"AzureADMyOrg\",\r\n      \"tags\": [],\r\n      \"tokenEncryptionKeyId\": null\r\n    },\r\n    {\r\n      \"odata.type\": \"Microsoft.DirectoryServices.Group\",\r\n      \"objectType\": \"Group\",\r\n      \"objectId\": \"1f78a9e3-f9e3-41b2-b3e3-37dac2573fe4\",\r\n      \"deletionTimestamp\": null,\r\n      \"description\": null,\r\n      \"dirSyncEnabled\": null,\r\n      \"displayName\": \"Group eb45110972472c66\",\r\n      \"lastDirSyncTime\": null,\r\n      \"mail\": null,\r\n      \"mailNickname\": \"group1eb45110972472c66\",\r\n      \"mailEnabled\": false,\r\n      \"onPremisesDomainName\": null,\r\n      \"onPremisesNetBiosName\": null,\r\n      \"onPremisesSamAccountName\": null,\r\n      \"onPremisesSecurityIdentifier\": null,\r\n      \"provisioningErrors\": [],\r\n      \"proxyAddresses\": [],\r\n      \"securityEnabled\": true\r\n    }\r\n  ]\r\n}",
      "StatusCode": 200
    },
    {
      "RequestUri": "/54826b22-38d6-4fb2-bad9-b7b93a3e9c5a/groups/458ecefc-33d3-498e-819c-9c8a77c126cd/$links/members?api-version=1.6",
      "EncodedRequestUri": "LzU0ODI2YjIyLTM4ZDYtNGZiMi1iYWQ5LWI3YjkzYTNlOWM1YS9ncm91cHMvNDU4ZWNlZmMtMzNkMy00OThlLTgxOWMtOWM4YTc3YzEyNmNkLyRsaW5rcy9tZW1iZXJzP2FwaS12ZXJzaW9uPTEuNg==",
      "RequestMethod": "POST",
      "RequestBody": "{\r\n  \"url\": \"https://graph.windows.net/54826b22-38d6-4fb2-bad9-b7b93a3e9c5a/directoryObjects/157866b2-e427-435a-81e3-c0ef5304b4d9\"\r\n}",
      "RequestHeaders": {
        "x-ms-client-request-id": [
          "6d28d2e6-0557-43fb-9e23-85687bbf1eb8"
        ],
        "Accept-Language": [
          "en-US"
        ],
        "User-Agent": [
          "FxVersion/4.6.28008.01",
          "OSName/Windows",
          "OSVersion/Microsoft.Windows.10.0.18363.",
          "Microsoft.Azure.Management.Graph.RBAC.Fluent.GraphRbacManagementClient/1.0.0.61",
          "MacAddressHash/f198b50d7e3ef6510679efb9e4c9a1474fd2bf18cf1d6a2182c79b00464dbadd"
        ],
        "Content-Type": [
          "application/json; charset=utf-8"
        ],
        "Content-Length": [
          "133"
        ]
      },
      "ResponseHeaders": {
        "Cache-Control": [
          "no-cache"
        ],
        "Pragma": [
          "no-cache"
        ],
        "ocp-aad-diagnostics-server-name": [
          "hhJdfLW66JLi2nEcbTnUgI+AxnSecUxb4zj7RAMm+V0="
        ],
        "request-id": [
          "472d1b7e-491e-4c62-9476-6b638432f86e"
        ],
        "client-request-id": [
          "6d28d2e6-0557-43fb-9e23-85687bbf1eb8"
        ],
        "x-ms-dirapi-data-contract-version": [
          "1.6"
        ],
        "ocp-aad-session-key": [
          "KCx5w1a3DLjJfune7I70eOPfp8GqgD_mg7WlJllqwDxkLUGsRZVthGo9XJQLYLxGjzhan0od-2P--Ror6eLOaZVh1nt8QDvP46rsn6C58I0EywwwsSBd3KytK6sZzM6Ssqev3BRwvZKzFcTXksgQUubCkHAJ1-fMFn__UGZ55SE.9g-rIFOafoYvg-ICFzej6z2d1IzORpg8tLYKNZBThE8"
        ],
        "Strict-Transport-Security": [
          "max-age=31536000; includeSubDomains"
        ],
        "Access-Control-Allow-Origin": [
          "*"
        ],
        "X-AspNet-Version": [
          "4.0.30319"
        ],
        "X-Powered-By": [
          "ASP.NET"
        ],
        "Duration": [
          "5782001"
        ],
        "Date": [
          "Mon, 28 Oct 2019 08:01:27 GMT"
        ],
        "Expires": [
          "-1"
        ]
      },
      "ResponseBody": "",
      "StatusCode": 204
    },
    {
      "RequestUri": "/54826b22-38d6-4fb2-bad9-b7b93a3e9c5a/groups/458ecefc-33d3-498e-819c-9c8a77c126cd/$links/members?api-version=1.6",
      "EncodedRequestUri": "LzU0ODI2YjIyLTM4ZDYtNGZiMi1iYWQ5LWI3YjkzYTNlOWM1YS9ncm91cHMvNDU4ZWNlZmMtMzNkMy00OThlLTgxOWMtOWM4YTc3YzEyNmNkLyRsaW5rcy9tZW1iZXJzP2FwaS12ZXJzaW9uPTEuNg==",
      "RequestMethod": "POST",
      "RequestBody": "{\r\n  \"url\": \"https://graph.windows.net/54826b22-38d6-4fb2-bad9-b7b93a3e9c5a/directoryObjects/80b1b2c3-cdf2-4dae-a38b-a49a2f52eecd\"\r\n}",
      "RequestHeaders": {
        "x-ms-client-request-id": [
          "be6cc60f-2174-436c-b9a4-7a38830f3cca"
        ],
        "Accept-Language": [
          "en-US"
        ],
        "User-Agent": [
          "FxVersion/4.6.28008.01",
          "OSName/Windows",
          "OSVersion/Microsoft.Windows.10.0.18363.",
          "Microsoft.Azure.Management.Graph.RBAC.Fluent.GraphRbacManagementClient/1.0.0.61",
          "MacAddressHash/f198b50d7e3ef6510679efb9e4c9a1474fd2bf18cf1d6a2182c79b00464dbadd"
        ],
        "Content-Type": [
          "application/json; charset=utf-8"
        ],
        "Content-Length": [
          "133"
        ]
      },
      "ResponseHeaders": {
        "Cache-Control": [
          "no-cache"
        ],
        "Pragma": [
          "no-cache"
        ],
        "ocp-aad-diagnostics-server-name": [
          "AkV9UtCiUg8LGCEhQPY4eHq0Jw2iNgo721VcjaDSPSA="
        ],
        "request-id": [
          "2418045f-0e91-4e01-b553-3f0b3d15882d"
        ],
        "client-request-id": [
          "be6cc60f-2174-436c-b9a4-7a38830f3cca"
        ],
        "x-ms-dirapi-data-contract-version": [
          "1.6"
        ],
        "ocp-aad-session-key": [
          "khyibXFJ0fVA3DDrrbSOqwVAYe3oxnh_eBp3nuwaJiwcA-zUjX_6OLnScOz-qL0IVy1hN82jicOUu8zWhWehrxdvyhpyd4R_pPpYuthTtxBHwPFkecvm3aukiACz-ewaNcZWC--hzRWu0KIdhV_UdsPE0DPhDX02N0uSu1Jv7c4.4pLrkCDcYxLFs0yojryir-PqDFgFzCCU4vlxbKTextQ"
        ],
        "Strict-Transport-Security": [
          "max-age=31536000; includeSubDomains"
        ],
        "Access-Control-Allow-Origin": [
          "*"
        ],
        "X-AspNet-Version": [
          "4.0.30319"
        ],
        "X-Powered-By": [
          "ASP.NET"
        ],
        "Duration": [
          "5836984"
        ],
        "Date": [
          "Mon, 28 Oct 2019 08:01:27 GMT"
        ],
        "Expires": [
          "-1"
        ]
      },
      "ResponseBody": "",
      "StatusCode": 204
    },
    {
      "RequestUri": "/54826b22-38d6-4fb2-bad9-b7b93a3e9c5a/groups/458ecefc-33d3-498e-819c-9c8a77c126cd/$links/members?api-version=1.6",
      "EncodedRequestUri": "LzU0ODI2YjIyLTM4ZDYtNGZiMi1iYWQ5LWI3YjkzYTNlOWM1YS9ncm91cHMvNDU4ZWNlZmMtMzNkMy00OThlLTgxOWMtOWM4YTc3YzEyNmNkLyRsaW5rcy9tZW1iZXJzP2FwaS12ZXJzaW9uPTEuNg==",
      "RequestMethod": "POST",
      "RequestBody": "{\r\n  \"url\": \"https://graph.windows.net/54826b22-38d6-4fb2-bad9-b7b93a3e9c5a/directoryObjects/1f78a9e3-f9e3-41b2-b3e3-37dac2573fe4\"\r\n}",
      "RequestHeaders": {
        "x-ms-client-request-id": [
          "0497757a-8de5-40cf-a372-61d315abcc1d"
        ],
        "Accept-Language": [
          "en-US"
        ],
        "User-Agent": [
          "FxVersion/4.6.28008.01",
          "OSName/Windows",
          "OSVersion/Microsoft.Windows.10.0.18363.",
          "Microsoft.Azure.Management.Graph.RBAC.Fluent.GraphRbacManagementClient/1.0.0.61",
          "MacAddressHash/f198b50d7e3ef6510679efb9e4c9a1474fd2bf18cf1d6a2182c79b00464dbadd"
        ],
        "Content-Type": [
          "application/json; charset=utf-8"
        ],
        "Content-Length": [
          "133"
        ]
      },
      "ResponseHeaders": {
        "Cache-Control": [
          "no-cache"
        ],
        "Pragma": [
          "no-cache"
        ],
        "ocp-aad-diagnostics-server-name": [
          "mSLP0F096HcWgZ27mIj4ffYCwKZWjtsGTOzQkmYcskU="
        ],
        "request-id": [
          "55ed0931-cb90-4613-8e4f-c319479daf0d"
        ],
        "client-request-id": [
          "0497757a-8de5-40cf-a372-61d315abcc1d"
        ],
        "x-ms-dirapi-data-contract-version": [
          "1.6"
        ],
        "ocp-aad-session-key": [
          "1UF5DOinQodJ7tFX7wyrWXhQuYpCQU38sOl2hy0kTMBFF_es_jkPf9PhLFpN65vJa_jDHH0giECnWt9lDX04irBDNFbyHMNEdfUVsp8svFzwJzsthdeZZNET1h_iz0YFY12hhgqRZw6WRi0l74SUPSgDoyW34Yxp2OupLlQrYr0.LTaLeTHZSJeW_C_YZeODwtXroDQt2jhygaoATcWAH6I"
        ],
        "Strict-Transport-Security": [
          "max-age=31536000; includeSubDomains"
        ],
        "Access-Control-Allow-Origin": [
          "*"
        ],
        "X-AspNet-Version": [
          "4.0.30319"
        ],
        "X-Powered-By": [
          "ASP.NET"
        ],
        "Duration": [
          "5508557"
        ],
        "Date": [
          "Mon, 28 Oct 2019 08:01:28 GMT"
        ],
        "Expires": [
          "-1"
        ]
      },
      "ResponseBody": "",
      "StatusCode": 204
    }
  ],
  "Names": {
    "ManageUsersGroupsAndRolesTest": [
      "test8f58467796b9d142e",
      "sp8ed9258474e831eaae",
      "97bf3925-0def-4693-90fb-6011ff243874",
      "d30cdea5-4849-4685-994d-9f297f8fc2d2",
      "group1eb45110972472c66",
      "group2fba4842548f65256"
    ]
  },
  "Variables": {
    "ServicePrincipal": "6345c07e-79bd-46c3-8486-ae12b7d6893d",
    "AADTenant": "54826b22-38d6-4fb2-bad9-b7b93a3e9c5a",
    "SubscriptionId": "0b1f6471-1bf0-4dda-aec3-cb9272f09590"
  }
}