{
  "Entries": [
    {
      "RequestUri": "/subscriptions/1c638cf4-608f-4ee6-b680-c329e824c3a8/resourcegroups/rgfluentchash-5298?api-version=2017-05-10",
      "EncodedRequestUri": "L3N1YnNjcmlwdGlvbnMvMWM2MzhjZjQtNjA4Zi00ZWU2LWI2ODAtYzMyOWU4MjRjM2E4L3Jlc291cmNlZ3JvdXBzL3JnZmx1ZW50Y2hhc2gtNTI5OD9hcGktdmVyc2lvbj0yMDE3LTA1LTEw",
      "RequestMethod": "PUT",
      "RequestBody": "{\r\n  \"location\": \"westcentralus\"\r\n}",
      "RequestHeaders": {
        "x-ms-client-request-id": [
          "d3ba55c9-49d4-4940-88ec-7f5126b601bb"
        ],
        "accept-language": [
          "en-US"
        ],
        "User-Agent": [
          "FxVersion/4.6.26614.01",
          "OSName/Windows",
          "OSVersion/Microsoft.Windows.10.0.18362.",
          "Microsoft.Azure.Management.ResourceManager.Fluent.ResourceManagementClient/1.0.0.60",
          "MacAddressHash/e576395dc164e8ff527889e581ddd480e3ad9f4bd1e30c40b6a0ebc98fb3a2e7"
        ],
        "Content-Type": [
          "application/json; charset=utf-8"
        ],
        "Content-Length": [
          "35"
        ]
      },
      "ResponseHeaders": {
        "Cache-Control": [
          "no-cache"
        ],
        "Date": [
          "Thu, 05 Sep 2019 08:54:31 GMT"
        ],
        "Pragma": [
          "no-cache"
        ],
        "x-ms-ratelimit-remaining-subscription-writes": [
          "1199"
        ],
        "x-ms-request-id": [
          "97dcc627-c1f3-4559-b8b4-ed79c9f20149"
        ],
        "x-ms-correlation-request-id": [
          "97dcc627-c1f3-4559-b8b4-ed79c9f20149"
        ],
        "x-ms-routing-request-id": [
          "SOUTHEASTASIA:20190905T085431Z:97dcc627-c1f3-4559-b8b4-ed79c9f20149"
        ],
        "Strict-Transport-Security": [
          "max-age=31536000; includeSubDomains"
        ],
        "X-Content-Type-Options": [
          "nosniff"
        ],
        "Content-Length": [
          "196"
        ],
        "Content-Type": [
          "application/json; charset=utf-8"
        ],
        "Expires": [
          "-1"
        ]
      },
      "ResponseBody": "{\r\n  \"id\": \"/subscriptions/1c638cf4-608f-4ee6-b680-c329e824c3a8/resourceGroups/rgfluentchash-5298\",\r\n  \"name\": \"rgfluentchash-5298\",\r\n  \"location\": \"westcentralus\",\r\n  \"properties\": {\r\n    \"provisioningState\": \"Succeeded\"\r\n  }\r\n}",
      "StatusCode": 201
    },
    {
      "RequestUri": "/subscriptions/1c638cf4-608f-4ee6-b680-c329e824c3a8/resourceGroups/rgfluentchash-5298/providers/Microsoft.Compute/disks/md-empty-c2423746f?api-version=2019-03-01",
      "EncodedRequestUri": "L3N1YnNjcmlwdGlvbnMvMWM2MzhjZjQtNjA4Zi00ZWU2LWI2ODAtYzMyOWU4MjRjM2E4L3Jlc291cmNlR3JvdXBzL3JnZmx1ZW50Y2hhc2gtNTI5OC9wcm92aWRlcnMvTWljcm9zb2Z0LkNvbXB1dGUvZGlza3MvbWQtZW1wdHktYzI0MjM3NDZmP2FwaS12ZXJzaW9uPTIwMTktMDMtMDE=",
      "RequestMethod": "PUT",
      "RequestBody": "{\r\n  \"sku\": {\r\n    \"name\": \"Standard_LRS\"\r\n  },\r\n  \"properties\": {\r\n    \"creationData\": {\r\n      \"createOption\": \"Empty\"\r\n    },\r\n    \"diskSizeGB\": 100\r\n  },\r\n  \"location\": \"westcentralus\",\r\n  \"tags\": {\r\n    \"tkey1\": \"tval1\"\r\n  }\r\n}",
      "RequestHeaders": {
        "x-ms-client-request-id": [
          "54220b16-314a-4cf1-8c9c-9759bac33998"
        ],
        "accept-language": [
          "en-US"
        ],
        "User-Agent": [
          "FxVersion/4.6.26614.01",
          "OSName/Windows",
          "OSVersion/Microsoft.Windows.10.0.18362.",
          "Microsoft.Azure.Management.Compute.Fluent.ComputeManagementClient/1.0.0.60",
          "MacAddressHash/e576395dc164e8ff527889e581ddd480e3ad9f4bd1e30c40b6a0ebc98fb3a2e7"
        ],
        "Content-Type": [
          "application/json; charset=utf-8"
        ],
        "Content-Length": [
          "232"
        ]
      },
      "ResponseHeaders": {
        "Cache-Control": [
          "no-cache"
        ],
        "Date": [
          "Thu, 05 Sep 2019 08:54:34 GMT"
        ],
        "Pragma": [
          "no-cache"
        ],
        "Location": [
          "https://management.azure.com/subscriptions/1c638cf4-608f-4ee6-b680-c329e824c3a8/providers/Microsoft.Compute/locations/westcentralus/DiskOperations/7f8894c1-e2a5-45c7-add6-c6ca559c4bc3?monitor=true&api-version=2019-03-01"
        ],
        "Retry-After": [
          "2"
        ],
        "Server": [
          "Microsoft-HTTPAPI/2.0",
          "Microsoft-HTTPAPI/2.0"
        ],
        "Azure-AsyncOperation": [
          "https://management.azure.com/subscriptions/1c638cf4-608f-4ee6-b680-c329e824c3a8/providers/Microsoft.Compute/locations/westcentralus/DiskOperations/7f8894c1-e2a5-45c7-add6-c6ca559c4bc3?api-version=2019-03-01"
        ],
        "x-ms-ratelimit-remaining-resource": [
          "Microsoft.Compute/CreateUpdateDisks3Min;999,Microsoft.Compute/CreateUpdateDisks30Min;7999"
        ],
        "Strict-Transport-Security": [
          "max-age=31536000; includeSubDomains"
        ],
        "x-ms-served-by": [
          "4880eb97-9883-4875-bc0f-d976655c6469_131843693430378950"
        ],
        "x-ms-request-id": [
          "7f8894c1-e2a5-45c7-add6-c6ca559c4bc3"
        ],
        "x-ms-ratelimit-remaining-subscription-writes": [
          "1199"
        ],
        "x-ms-correlation-request-id": [
          "1c700351-cecb-419e-8823-dbc01387600d"
        ],
        "x-ms-routing-request-id": [
          "SOUTHEASTASIA:20190905T085434Z:1c700351-cecb-419e-8823-dbc01387600d"
        ],
        "X-Content-Type-Options": [
          "nosniff"
        ],
        "Content-Length": [
          "331"
        ],
        "Content-Type": [
          "application/json; charset=utf-8"
        ],
        "Expires": [
          "-1"
        ]
      },
      "ResponseBody": "{\r\n  \"name\": \"md-empty-c2423746f\",\r\n  \"location\": \"westcentralus\",\r\n  \"tags\": {\r\n    \"tkey1\": \"tval1\"\r\n  },\r\n  \"sku\": {\r\n    \"name\": \"Standard_LRS\"\r\n  },\r\n  \"properties\": {\r\n    \"creationData\": {\r\n      \"createOption\": \"Empty\"\r\n    },\r\n    \"diskSizeGB\": 100,\r\n    \"provisioningState\": \"Updating\",\r\n    \"isArmResource\": true\r\n  }\r\n}",
      "StatusCode": 202
    },
    {
      "RequestUri": "/subscriptions/1c638cf4-608f-4ee6-b680-c329e824c3a8/resourceGroups/rgfluentchash-5298/providers/Microsoft.Compute/disks/md-empty-c2423746f?api-version=2019-03-01",
      "EncodedRequestUri": "L3N1YnNjcmlwdGlvbnMvMWM2MzhjZjQtNjA4Zi00ZWU2LWI2ODAtYzMyOWU4MjRjM2E4L3Jlc291cmNlR3JvdXBzL3JnZmx1ZW50Y2hhc2gtNTI5OC9wcm92aWRlcnMvTWljcm9zb2Z0LkNvbXB1dGUvZGlza3MvbWQtZW1wdHktYzI0MjM3NDZmP2FwaS12ZXJzaW9uPTIwMTktMDMtMDE=",
      "RequestMethod": "PUT",
      "RequestBody": "{\r\n  \"sku\": {\r\n    \"name\": \"Standard_LRS\"\r\n  },\r\n  \"properties\": {\r\n    \"creationData\": {\r\n      \"createOption\": \"Empty\"\r\n    },\r\n    \"diskSizeGB\": 200,\r\n    \"diskIOPSReadWrite\": 500,\r\n    \"diskMBpsReadWrite\": 60\r\n  },\r\n  \"location\": \"westcentralus\",\r\n  \"tags\": {\r\n    \"tkey1\": \"tval1\"\r\n  }\r\n}",
      "RequestHeaders": {
        "x-ms-client-request-id": [
          "0d241941-e45b-4ee3-9e5d-ed4e56c41cf9"
        ],
        "accept-language": [
          "en-US"
        ],
        "User-Agent": [
          "FxVersion/4.6.26614.01",
          "OSName/Windows",
          "OSVersion/Microsoft.Windows.10.0.18362.",
          "Microsoft.Azure.Management.Compute.Fluent.ComputeManagementClient/1.0.0.60",
          "MacAddressHash/e576395dc164e8ff527889e581ddd480e3ad9f4bd1e30c40b6a0ebc98fb3a2e7"
        ],
        "Content-Type": [
          "application/json; charset=utf-8"
        ],
        "Content-Length": [
          "293"
        ]
      },
      "ResponseHeaders": {
        "Cache-Control": [
          "no-cache"
        ],
        "Date": [
          "Thu, 05 Sep 2019 08:54:37 GMT"
        ],
        "Pragma": [
          "no-cache"
        ],
        "Location": [
          "https://management.azure.com/subscriptions/1c638cf4-608f-4ee6-b680-c329e824c3a8/providers/Microsoft.Compute/locations/westcentralus/DiskOperations/5c42c072-8f20-4636-926e-79e80cbef461?monitor=true&api-version=2019-03-01"
        ],
        "Retry-After": [
          "2"
        ],
        "Server": [
          "Microsoft-HTTPAPI/2.0",
          "Microsoft-HTTPAPI/2.0"
        ],
        "Azure-AsyncOperation": [
          "https://management.azure.com/subscriptions/1c638cf4-608f-4ee6-b680-c329e824c3a8/providers/Microsoft.Compute/locations/westcentralus/DiskOperations/5c42c072-8f20-4636-926e-79e80cbef461?api-version=2019-03-01"
        ],
        "x-ms-ratelimit-remaining-resource": [
          "Microsoft.Compute/CreateUpdateDisks3Min;998,Microsoft.Compute/CreateUpdateDisks30Min;7998"
        ],
        "Strict-Transport-Security": [
          "max-age=31536000; includeSubDomains"
        ],
        "x-ms-served-by": [
          "4880eb97-9883-4875-bc0f-d976655c6469_131843693430378950"
        ],
        "x-ms-request-id": [
          "5c42c072-8f20-4636-926e-79e80cbef461"
        ],
        "x-ms-ratelimit-remaining-subscription-writes": [
          "1198"
        ],
        "x-ms-correlation-request-id": [
          "0bc3503e-0b50-4db9-9362-1570e9f7b516"
        ],
        "x-ms-routing-request-id": [
          "SOUTHEASTASIA:20190905T085438Z:0bc3503e-0b50-4db9-9362-1570e9f7b516"
        ],
        "X-Content-Type-Options": [
          "nosniff"
        ],
        "Content-Length": [
          "331"
        ],
        "Content-Type": [
          "application/json; charset=utf-8"
        ],
        "Expires": [
          "-1"
        ]
      },
      "ResponseBody": "{\r\n  \"name\": \"md-empty-c2423746f\",\r\n  \"location\": \"westcentralus\",\r\n  \"tags\": {\r\n    \"tkey1\": \"tval1\"\r\n  },\r\n  \"sku\": {\r\n    \"name\": \"Standard_LRS\"\r\n  },\r\n  \"properties\": {\r\n    \"creationData\": {\r\n      \"createOption\": \"Empty\"\r\n    },\r\n    \"diskSizeGB\": 200,\r\n    \"provisioningState\": \"Updating\",\r\n    \"isArmResource\": true\r\n  }\r\n}",
      "StatusCode": 202
    },
    {
      "RequestUri": "/subscriptions/1c638cf4-608f-4ee6-b680-c329e824c3a8/providers/Microsoft.Compute/locations/westcentralus/DiskOperations/7f8894c1-e2a5-45c7-add6-c6ca559c4bc3?api-version=2019-03-01",
      "EncodedRequestUri": "L3N1YnNjcmlwdGlvbnMvMWM2MzhjZjQtNjA4Zi00ZWU2LWI2ODAtYzMyOWU4MjRjM2E4L3Byb3ZpZGVycy9NaWNyb3NvZnQuQ29tcHV0ZS9sb2NhdGlvbnMvd2VzdGNlbnRyYWx1cy9EaXNrT3BlcmF0aW9ucy83Zjg4OTRjMS1lMmE1LTQ1YzctYWRkNi1jNmNhNTU5YzRiYzM/YXBpLXZlcnNpb249MjAxOS0wMy0wMQ==",
      "RequestMethod": "GET",
      "RequestBody": "",
      "RequestHeaders": {
        "User-Agent": [
          "FxVersion/4.6.26614.01",
          "OSName/Windows",
          "OSVersion/Microsoft.Windows.10.0.18362.",
          "Microsoft.Azure.Management.Compute.Fluent.ComputeManagementClient/1.0.0.60",
          "MacAddressHash/e576395dc164e8ff527889e581ddd480e3ad9f4bd1e30c40b6a0ebc98fb3a2e7"
        ]
      },
      "ResponseHeaders": {
        "Cache-Control": [
          "no-cache"
        ],
        "Date": [
          "Thu, 05 Sep 2019 08:54:36 GMT"
        ],
        "Pragma": [
          "no-cache"
        ],
        "Server": [
          "Microsoft-HTTPAPI/2.0",
          "Microsoft-HTTPAPI/2.0"
        ],
        "x-ms-ratelimit-remaining-resource": [
          "Microsoft.Compute/GetOperation3Min;49999,Microsoft.Compute/GetOperation30Min;399999"
        ],
        "Strict-Transport-Security": [
          "max-age=31536000; includeSubDomains"
        ],
        "x-ms-served-by": [
          "4880eb97-9883-4875-bc0f-d976655c6469_131843693430378950"
        ],
        "x-ms-request-id": [
          "8fabfe7f-36e9-4fcd-987a-991dfcecb688"
        ],
        "x-ms-ratelimit-remaining-subscription-reads": [
          "11999"
        ],
        "x-ms-correlation-request-id": [
          "f92d03c9-5c3f-42b8-9a99-deb7cea5a9ca"
        ],
        "x-ms-routing-request-id": [
          "SOUTHEASTASIA:20190905T085437Z:f92d03c9-5c3f-42b8-9a99-deb7cea5a9ca"
        ],
        "X-Content-Type-Options": [
          "nosniff"
        ],
        "Content-Length": [
          "986"
        ],
        "Content-Type": [
          "application/json; charset=utf-8"
        ],
        "Expires": [
          "-1"
        ]
      },
      "ResponseBody": "{\r\n  \"startTime\": \"2019-09-05T16:54:34.7230592+08:00\",\r\n  \"endTime\": \"2019-09-05T16:54:34.8636871+08:00\",\r\n  \"status\": \"Succeeded\",\r\n  \"properties\": {\r\n    \"output\": {\r\n      \"name\": \"md-empty-c2423746f\",\r\n      \"id\": \"/subscriptions/1c638cf4-608f-4ee6-b680-c329e824c3a8/resourceGroups/rgfluentchash-5298/providers/Microsoft.Compute/disks/md-empty-c2423746f\",\r\n      \"type\": \"Microsoft.Compute/disks\",\r\n      \"location\": \"westcentralus\",\r\n      \"tags\": {\r\n        \"tkey1\": \"tval1\"\r\n      },\r\n      \"sku\": {\r\n        \"name\": \"Standard_LRS\",\r\n        \"tier\": \"Standard\"\r\n      },\r\n      \"properties\": {\r\n        \"creationData\": {\r\n          \"createOption\": \"Empty\"\r\n        },\r\n        \"diskSizeGB\": 100,\r\n        \"diskIOPSReadWrite\": 500,\r\n        \"diskMBpsReadWrite\": 60,\r\n        \"timeCreated\": \"2019-09-05T16:54:34.7230592+08:00\",\r\n        \"provisioningState\": \"Succeeded\",\r\n        \"diskState\": \"Unattached\",\r\n        \"diskSizeBytes\": 107374182400,\r\n        \"uniqueId\": \"c5bd9fa2-a15f-4b34-bbc8-0a6eb6c4eb20\"\r\n      }\r\n    }\r\n  },\r\n  \"name\": \"7f8894c1-e2a5-45c7-add6-c6ca559c4bc3\"\r\n}",
      "StatusCode": 200
    },
    {
      "RequestUri": "/subscriptions/1c638cf4-608f-4ee6-b680-c329e824c3a8/resourceGroups/rgfluentchash-5298/providers/Microsoft.Compute/disks/md-empty-c2423746f?api-version=2019-03-01",
      "EncodedRequestUri": "L3N1YnNjcmlwdGlvbnMvMWM2MzhjZjQtNjA4Zi00ZWU2LWI2ODAtYzMyOWU4MjRjM2E4L3Jlc291cmNlR3JvdXBzL3JnZmx1ZW50Y2hhc2gtNTI5OC9wcm92aWRlcnMvTWljcm9zb2Z0LkNvbXB1dGUvZGlza3MvbWQtZW1wdHktYzI0MjM3NDZmP2FwaS12ZXJzaW9uPTIwMTktMDMtMDE=",
      "RequestMethod": "GET",
      "RequestBody": "",
      "RequestHeaders": {
        "User-Agent": [
          "FxVersion/4.6.26614.01",
          "OSName/Windows",
          "OSVersion/Microsoft.Windows.10.0.18362.",
          "Microsoft.Azure.Management.Compute.Fluent.ComputeManagementClient/1.0.0.60",
          "MacAddressHash/e576395dc164e8ff527889e581ddd480e3ad9f4bd1e30c40b6a0ebc98fb3a2e7"
        ]
      },
      "ResponseHeaders": {
        "Cache-Control": [
          "no-cache"
        ],
        "Date": [
          "Thu, 05 Sep 2019 08:54:36 GMT"
        ],
        "Pragma": [
          "no-cache"
        ],
        "Server": [
          "Microsoft-HTTPAPI/2.0",
          "Microsoft-HTTPAPI/2.0"
        ],
        "x-ms-ratelimit-remaining-resource": [
          "Microsoft.Compute/LowCostGet3Min;4999,Microsoft.Compute/LowCostGet30Min;39985"
        ],
        "Strict-Transport-Security": [
          "max-age=31536000; includeSubDomains"
        ],
        "x-ms-served-by": [
          "4880eb97-9883-4875-bc0f-d976655c6469_131843693430378950"
        ],
        "x-ms-request-id": [
          "c76c794d-15eb-4a3e-b98d-48b02bf6c644"
        ],
        "x-ms-ratelimit-remaining-subscription-reads": [
          "11998"
        ],
        "x-ms-correlation-request-id": [
          "599263d1-9dd0-4abb-8ca0-594ca828c0c4"
        ],
        "x-ms-routing-request-id": [
          "SOUTHEASTASIA:20190905T085437Z:599263d1-9dd0-4abb-8ca0-594ca828c0c4"
        ],
        "X-Content-Type-Options": [
          "nosniff"
        ],
        "Content-Length": [
          "761"
        ],
        "Content-Type": [
          "application/json; charset=utf-8"
        ],
        "Expires": [
          "-1"
        ]
      },
      "ResponseBody": "{\r\n  \"name\": \"md-empty-c2423746f\",\r\n  \"id\": \"/subscriptions/1c638cf4-608f-4ee6-b680-c329e824c3a8/resourceGroups/rgfluentchash-5298/providers/Microsoft.Compute/disks/md-empty-c2423746f\",\r\n  \"type\": \"Microsoft.Compute/disks\",\r\n  \"location\": \"westcentralus\",\r\n  \"tags\": {\r\n    \"tkey1\": \"tval1\"\r\n  },\r\n  \"sku\": {\r\n    \"name\": \"Standard_LRS\",\r\n    \"tier\": \"Standard\"\r\n  },\r\n  \"properties\": {\r\n    \"creationData\": {\r\n      \"createOption\": \"Empty\"\r\n    },\r\n    \"diskSizeGB\": 100,\r\n    \"diskIOPSReadWrite\": 500,\r\n    \"diskMBpsReadWrite\": 60,\r\n    \"timeCreated\": \"2019-09-05T16:54:34.7230592+08:00\",\r\n    \"provisioningState\": \"Succeeded\",\r\n    \"diskState\": \"Unattached\",\r\n    \"diskSizeBytes\": 107374182400,\r\n    \"uniqueId\": \"c5bd9fa2-a15f-4b34-bbc8-0a6eb6c4eb20\"\r\n  }\r\n}",
      "StatusCode": 200
    },
    {
      "RequestUri": "/subscriptions/1c638cf4-608f-4ee6-b680-c329e824c3a8/resourceGroups/rgfluentchash-5298/providers/Microsoft.Compute/disks/md-empty-c2423746f?api-version=2019-03-01",
      "EncodedRequestUri": "L3N1YnNjcmlwdGlvbnMvMWM2MzhjZjQtNjA4Zi00ZWU2LWI2ODAtYzMyOWU4MjRjM2E4L3Jlc291cmNlR3JvdXBzL3JnZmx1ZW50Y2hhc2gtNTI5OC9wcm92aWRlcnMvTWljcm9zb2Z0LkNvbXB1dGUvZGlza3MvbWQtZW1wdHktYzI0MjM3NDZmP2FwaS12ZXJzaW9uPTIwMTktMDMtMDE=",
      "RequestMethod": "GET",
      "RequestBody": "",
      "RequestHeaders": {
        "User-Agent": [
          "FxVersion/4.6.26614.01",
          "OSName/Windows",
          "OSVersion/Microsoft.Windows.10.0.18362.",
          "Microsoft.Azure.Management.Compute.Fluent.ComputeManagementClient/1.0.0.60",
          "MacAddressHash/e576395dc164e8ff527889e581ddd480e3ad9f4bd1e30c40b6a0ebc98fb3a2e7"
        ]
      },
      "ResponseHeaders": {
        "Cache-Control": [
          "no-cache"
        ],
        "Date": [
          "Thu, 05 Sep 2019 08:54:40 GMT"
        ],
        "Pragma": [
          "no-cache"
        ],
        "Server": [
          "Microsoft-HTTPAPI/2.0",
          "Microsoft-HTTPAPI/2.0"
        ],
        "x-ms-ratelimit-remaining-resource": [
          "Microsoft.Compute/LowCostGet3Min;4998,Microsoft.Compute/LowCostGet30Min;39984"
        ],
        "Strict-Transport-Security": [
          "max-age=31536000; includeSubDomains"
        ],
        "x-ms-served-by": [
          "4880eb97-9883-4875-bc0f-d976655c6469_131843693430378950"
        ],
        "x-ms-request-id": [
          "3bd25bd8-ca83-4437-871d-fc64ed1b8a8c"
        ],
        "x-ms-ratelimit-remaining-subscription-reads": [
          "11996"
        ],
        "x-ms-correlation-request-id": [
          "0c2d23f0-241b-4ae9-bd91-b05fc4116c37"
        ],
        "x-ms-routing-request-id": [
          "SOUTHEASTASIA:20190905T085440Z:0c2d23f0-241b-4ae9-bd91-b05fc4116c37"
        ],
        "X-Content-Type-Options": [
          "nosniff"
        ],
        "Content-Length": [
          "761"
        ],
        "Content-Type": [
          "application/json; charset=utf-8"
        ],
        "Expires": [
          "-1"
        ]
      },
      "ResponseBody": "{\r\n  \"name\": \"md-empty-c2423746f\",\r\n  \"id\": \"/subscriptions/1c638cf4-608f-4ee6-b680-c329e824c3a8/resourceGroups/rgfluentchash-5298/providers/Microsoft.Compute/disks/md-empty-c2423746f\",\r\n  \"type\": \"Microsoft.Compute/disks\",\r\n  \"location\": \"westcentralus\",\r\n  \"tags\": {\r\n    \"tkey1\": \"tval1\"\r\n  },\r\n  \"sku\": {\r\n    \"name\": \"Standard_LRS\",\r\n    \"tier\": \"Standard\"\r\n  },\r\n  \"properties\": {\r\n    \"creationData\": {\r\n      \"createOption\": \"Empty\"\r\n    },\r\n    \"diskSizeGB\": 200,\r\n    \"diskIOPSReadWrite\": 500,\r\n    \"diskMBpsReadWrite\": 60,\r\n    \"timeCreated\": \"2019-09-05T16:54:34.7230592+08:00\",\r\n    \"provisioningState\": \"Succeeded\",\r\n    \"diskState\": \"Unattached\",\r\n    \"diskSizeBytes\": 214748364800,\r\n    \"uniqueId\": \"c5bd9fa2-a15f-4b34-bbc8-0a6eb6c4eb20\"\r\n  }\r\n}",
      "StatusCode": 200
    },
    {
      "RequestUri": "/subscriptions/1c638cf4-608f-4ee6-b680-c329e824c3a8/resourceGroups/rgfluentchash-5298/providers/Microsoft.Compute/disks/md-empty-c2423746f?api-version=2019-03-01",
      "EncodedRequestUri": "L3N1YnNjcmlwdGlvbnMvMWM2MzhjZjQtNjA4Zi00ZWU2LWI2ODAtYzMyOWU4MjRjM2E4L3Jlc291cmNlR3JvdXBzL3JnZmx1ZW50Y2hhc2gtNTI5OC9wcm92aWRlcnMvTWljcm9zb2Z0LkNvbXB1dGUvZGlza3MvbWQtZW1wdHktYzI0MjM3NDZmP2FwaS12ZXJzaW9uPTIwMTktMDMtMDE=",
      "RequestMethod": "GET",
      "RequestBody": "",
      "RequestHeaders": {
        "x-ms-client-request-id": [
          "98d53a9c-5d0f-427b-a60a-838888160b7f"
        ],
        "accept-language": [
          "en-US"
        ],
        "User-Agent": [
          "FxVersion/4.6.26614.01",
          "OSName/Windows",
          "OSVersion/Microsoft.Windows.10.0.18362.",
          "Microsoft.Azure.Management.Compute.Fluent.ComputeManagementClient/1.0.0.60",
          "MacAddressHash/e576395dc164e8ff527889e581ddd480e3ad9f4bd1e30c40b6a0ebc98fb3a2e7"
        ]
      },
      "ResponseHeaders": {
        "Cache-Control": [
          "no-cache"
        ],
        "Date": [
          "Thu, 05 Sep 2019 08:54:40 GMT"
        ],
        "Pragma": [
          "no-cache"
        ],
        "Server": [
          "Microsoft-HTTPAPI/2.0",
          "Microsoft-HTTPAPI/2.0"
        ],
        "x-ms-ratelimit-remaining-resource": [
          "Microsoft.Compute/LowCostGet3Min;4997,Microsoft.Compute/LowCostGet30Min;39983"
        ],
        "Strict-Transport-Security": [
          "max-age=31536000; includeSubDomains"
        ],
        "x-ms-served-by": [
          "4880eb97-9883-4875-bc0f-d976655c6469_131843693430378950"
        ],
        "x-ms-request-id": [
          "f200156c-a58f-4f87-9495-4eff2dca998c"
        ],
        "x-ms-ratelimit-remaining-subscription-reads": [
          "11995"
        ],
        "x-ms-correlation-request-id": [
          "bd6bcd2a-0d61-4245-af5a-dfdcd4bd40e1"
        ],
        "x-ms-routing-request-id": [
          "SOUTHEASTASIA:20190905T085441Z:bd6bcd2a-0d61-4245-af5a-dfdcd4bd40e1"
        ],
        "X-Content-Type-Options": [
          "nosniff"
        ],
        "Content-Length": [
          "761"
        ],
        "Content-Type": [
          "application/json; charset=utf-8"
        ],
        "Expires": [
          "-1"
        ]
      },
      "ResponseBody": "{\r\n  \"name\": \"md-empty-c2423746f\",\r\n  \"id\": \"/subscriptions/1c638cf4-608f-4ee6-b680-c329e824c3a8/resourceGroups/rgfluentchash-5298/providers/Microsoft.Compute/disks/md-empty-c2423746f\",\r\n  \"type\": \"Microsoft.Compute/disks\",\r\n  \"location\": \"westcentralus\",\r\n  \"tags\": {\r\n    \"tkey1\": \"tval1\"\r\n  },\r\n  \"sku\": {\r\n    \"name\": \"Standard_LRS\",\r\n    \"tier\": \"Standard\"\r\n  },\r\n  \"properties\": {\r\n    \"creationData\": {\r\n      \"createOption\": \"Empty\"\r\n    },\r\n    \"diskSizeGB\": 200,\r\n    \"diskIOPSReadWrite\": 500,\r\n    \"diskMBpsReadWrite\": 60,\r\n    \"timeCreated\": \"2019-09-05T16:54:34.7230592+08:00\",\r\n    \"provisioningState\": \"Succeeded\",\r\n    \"diskState\": \"Unattached\",\r\n    \"diskSizeBytes\": 214748364800,\r\n    \"uniqueId\": \"c5bd9fa2-a15f-4b34-bbc8-0a6eb6c4eb20\"\r\n  }\r\n}",
      "StatusCode": 200
    },
    {
      "RequestUri": "/subscriptions/1c638cf4-608f-4ee6-b680-c329e824c3a8/providers/Microsoft.Compute/locations/westcentralus/DiskOperations/5c42c072-8f20-4636-926e-79e80cbef461?api-version=2019-03-01",
      "EncodedRequestUri": "L3N1YnNjcmlwdGlvbnMvMWM2MzhjZjQtNjA4Zi00ZWU2LWI2ODAtYzMyOWU4MjRjM2E4L3Byb3ZpZGVycy9NaWNyb3NvZnQuQ29tcHV0ZS9sb2NhdGlvbnMvd2VzdGNlbnRyYWx1cy9EaXNrT3BlcmF0aW9ucy81YzQyYzA3Mi04ZjIwLTQ2MzYtOTI2ZS03OWU4MGNiZWY0NjE/YXBpLXZlcnNpb249MjAxOS0wMy0wMQ==",
      "RequestMethod": "GET",
      "RequestBody": "",
      "RequestHeaders": {
        "User-Agent": [
          "FxVersion/4.6.26614.01",
          "OSName/Windows",
          "OSVersion/Microsoft.Windows.10.0.18362.",
          "Microsoft.Azure.Management.Compute.Fluent.ComputeManagementClient/1.0.0.60",
          "MacAddressHash/e576395dc164e8ff527889e581ddd480e3ad9f4bd1e30c40b6a0ebc98fb3a2e7"
        ]
      },
      "ResponseHeaders": {
        "Cache-Control": [
          "no-cache"
        ],
        "Date": [
          "Thu, 05 Sep 2019 08:54:39 GMT"
        ],
        "Pragma": [
          "no-cache"
        ],
        "Server": [
          "Microsoft-HTTPAPI/2.0",
          "Microsoft-HTTPAPI/2.0"
        ],
        "x-ms-ratelimit-remaining-resource": [
          "Microsoft.Compute/GetOperation3Min;49998,Microsoft.Compute/GetOperation30Min;399998"
        ],
        "Strict-Transport-Security": [
          "max-age=31536000; includeSubDomains"
        ],
        "x-ms-served-by": [
          "4880eb97-9883-4875-bc0f-d976655c6469_131843693430378950"
        ],
        "x-ms-request-id": [
          "23efa3f8-6bc0-4cdc-8ec4-9f11baeb06a7"
        ],
        "x-ms-ratelimit-remaining-subscription-reads": [
          "11997"
        ],
        "x-ms-correlation-request-id": [
          "13a887a3-f71f-4da1-a368-de1f2b317774"
        ],
        "x-ms-routing-request-id": [
          "SOUTHEASTASIA:20190905T085440Z:13a887a3-f71f-4da1-a368-de1f2b317774"
        ],
        "X-Content-Type-Options": [
          "nosniff"
        ],
        "Content-Length": [
          "985"
        ],
        "Content-Type": [
          "application/json; charset=utf-8"
        ],
        "Expires": [
          "-1"
        ]
      },
      "ResponseBody": "{\r\n  \"startTime\": \"2019-09-05T16:54:38.066807+08:00\",\r\n  \"endTime\": \"2019-09-05T16:54:38.1917879+08:00\",\r\n  \"status\": \"Succeeded\",\r\n  \"properties\": {\r\n    \"output\": {\r\n      \"name\": \"md-empty-c2423746f\",\r\n      \"id\": \"/subscriptions/1c638cf4-608f-4ee6-b680-c329e824c3a8/resourceGroups/rgfluentchash-5298/providers/Microsoft.Compute/disks/md-empty-c2423746f\",\r\n      \"type\": \"Microsoft.Compute/disks\",\r\n      \"location\": \"westcentralus\",\r\n      \"tags\": {\r\n        \"tkey1\": \"tval1\"\r\n      },\r\n      \"sku\": {\r\n        \"name\": \"Standard_LRS\",\r\n        \"tier\": \"Standard\"\r\n      },\r\n      \"properties\": {\r\n        \"creationData\": {\r\n          \"createOption\": \"Empty\"\r\n        },\r\n        \"diskSizeGB\": 200,\r\n        \"diskIOPSReadWrite\": 500,\r\n        \"diskMBpsReadWrite\": 60,\r\n        \"timeCreated\": \"2019-09-05T16:54:34.7230592+08:00\",\r\n        \"provisioningState\": \"Succeeded\",\r\n        \"diskState\": \"Unattached\",\r\n        \"diskSizeBytes\": 214748364800,\r\n        \"uniqueId\": \"c5bd9fa2-a15f-4b34-bbc8-0a6eb6c4eb20\"\r\n      }\r\n    }\r\n  },\r\n  \"name\": \"5c42c072-8f20-4636-926e-79e80cbef461\"\r\n}",
      "StatusCode": 200
    },
    {
      "RequestUri": "/subscriptions/1c638cf4-608f-4ee6-b680-c329e824c3a8/resourceGroups/rgfluentchash-5298/providers/Microsoft.Compute/disks?api-version=2019-03-01",
      "EncodedRequestUri": "L3N1YnNjcmlwdGlvbnMvMWM2MzhjZjQtNjA4Zi00ZWU2LWI2ODAtYzMyOWU4MjRjM2E4L3Jlc291cmNlR3JvdXBzL3JnZmx1ZW50Y2hhc2gtNTI5OC9wcm92aWRlcnMvTWljcm9zb2Z0LkNvbXB1dGUvZGlza3M/YXBpLXZlcnNpb249MjAxOS0wMy0wMQ==",
      "RequestMethod": "GET",
      "RequestBody": "",
      "RequestHeaders": {
        "x-ms-client-request-id": [
          "9f9b7f92-92f4-4295-b0fb-0e039c4ecf9e"
        ],
        "accept-language": [
          "en-US"
        ],
        "User-Agent": [
          "FxVersion/4.6.26614.01",
          "OSName/Windows",
          "OSVersion/Microsoft.Windows.10.0.18362.",
          "Microsoft.Azure.Management.Compute.Fluent.ComputeManagementClient/1.0.0.60",
          "MacAddressHash/e576395dc164e8ff527889e581ddd480e3ad9f4bd1e30c40b6a0ebc98fb3a2e7"
        ]
      },
      "ResponseHeaders": {
        "Cache-Control": [
          "no-cache"
        ],
        "Date": [
          "Thu, 05 Sep 2019 08:54:40 GMT"
        ],
        "Pragma": [
          "no-cache"
        ],
        "Server": [
          "Microsoft-HTTPAPI/2.0",
          "Microsoft-HTTPAPI/2.0"
        ],
        "x-ms-ratelimit-remaining-resource": [
          "Microsoft.Compute/HighCostGet3Min;239,Microsoft.Compute/HighCostGet30Min;1919"
        ],
        "Strict-Transport-Security": [
          "max-age=31536000; includeSubDomains"
        ],
        "x-ms-served-by": [
          "4880eb97-9883-4875-bc0f-d976655c6469_131843693430378950"
        ],
        "x-ms-request-id": [
          "eedbd23b-f354-40df-a713-81fdc76a099b"
        ],
        "x-ms-ratelimit-remaining-subscription-reads": [
          "11994"
        ],
        "x-ms-correlation-request-id": [
          "ce8b10da-c3b7-46b8-b5cd-2122211c657a"
        ],
        "x-ms-routing-request-id": [
          "SOUTHEASTASIA:20190905T085441Z:ce8b10da-c3b7-46b8-b5cd-2122211c657a"
        ],
        "X-Content-Type-Options": [
          "nosniff"
        ],
        "Content-Length": [
          "890"
        ],
        "Content-Type": [
          "application/json; charset=utf-8"
        ],
        "Expires": [
          "-1"
        ]
      },
      "ResponseBody": "{\r\n  \"value\": [\r\n    {\r\n      \"name\": \"md-empty-c2423746f\",\r\n      \"id\": \"/subscriptions/1c638cf4-608f-4ee6-b680-c329e824c3a8/resourceGroups/rgfluentchash-5298/providers/Microsoft.Compute/disks/md-empty-c2423746f\",\r\n      \"type\": \"Microsoft.Compute/disks\",\r\n      \"location\": \"westcentralus\",\r\n      \"tags\": {\r\n        \"tkey1\": \"tval1\"\r\n      },\r\n      \"sku\": {\r\n        \"name\": \"Standard_LRS\",\r\n        \"tier\": \"Standard\"\r\n      },\r\n      \"properties\": {\r\n        \"creationData\": {\r\n          \"createOption\": \"Empty\"\r\n        },\r\n        \"diskSizeGB\": 200,\r\n        \"diskIOPSReadWrite\": 500,\r\n        \"diskMBpsReadWrite\": 60,\r\n        \"timeCreated\": \"2019-09-05T16:54:34.7230592+08:00\",\r\n        \"provisioningState\": \"Succeeded\",\r\n        \"diskState\": \"Unattached\",\r\n        \"diskSizeBytes\": 214748364800,\r\n        \"uniqueId\": \"c5bd9fa2-a15f-4b34-bbc8-0a6eb6c4eb20\"\r\n      }\r\n    }\r\n  ]\r\n}",
      "StatusCode": 200
    },
    {
      "RequestUri": "/subscriptions/1c638cf4-608f-4ee6-b680-c329e824c3a8/resourceGroups/rgfluentchash-5298/providers/Microsoft.Compute/disks/md-empty-c2423746f/beginGetAccess?api-version=2019-03-01",
      "EncodedRequestUri": "L3N1YnNjcmlwdGlvbnMvMWM2MzhjZjQtNjA4Zi00ZWU2LWI2ODAtYzMyOWU4MjRjM2E4L3Jlc291cmNlR3JvdXBzL3JnZmx1ZW50Y2hhc2gtNTI5OC9wcm92aWRlcnMvTWljcm9zb2Z0LkNvbXB1dGUvZGlza3MvbWQtZW1wdHktYzI0MjM3NDZmL2JlZ2luR2V0QWNjZXNzP2FwaS12ZXJzaW9uPTIwMTktMDMtMDE=",
      "RequestMethod": "POST",
      "RequestBody": "{\r\n  \"access\": \"Read\",\r\n  \"durationInSeconds\": 100\r\n}",
      "RequestHeaders": {
        "x-ms-client-request-id": [
          "dd874332-e5ba-4725-83d7-a4677f9e624c"
        ],
        "accept-language": [
          "en-US"
        ],
        "User-Agent": [
          "FxVersion/4.6.26614.01",
          "OSName/Windows",
          "OSVersion/Microsoft.Windows.10.0.18362.",
          "Microsoft.Azure.Management.Compute.Fluent.ComputeManagementClient/1.0.0.60",
          "MacAddressHash/e576395dc164e8ff527889e581ddd480e3ad9f4bd1e30c40b6a0ebc98fb3a2e7"
        ],
        "Content-Type": [
          "application/json; charset=utf-8"
        ],
        "Content-Length": [
          "53"
        ]
      },
      "ResponseHeaders": {
        "Cache-Control": [
          "no-cache"
        ],
        "Date": [
          "Thu, 05 Sep 2019 08:54:40 GMT"
        ],
        "Pragma": [
          "no-cache"
        ],
        "Location": [
          "https://management.azure.com/subscriptions/1c638cf4-608f-4ee6-b680-c329e824c3a8/providers/Microsoft.Compute/locations/westcentralus/DiskOperations/fffff5b3-1aaa-42ca-9e54-a19e65879cd9?monitor=true&api-version=2019-03-01"
        ],
        "Server": [
          "Microsoft-HTTPAPI/2.0",
          "Microsoft-HTTPAPI/2.0"
        ],
        "Azure-AsyncOperation": [
          "https://management.azure.com/subscriptions/1c638cf4-608f-4ee6-b680-c329e824c3a8/providers/Microsoft.Compute/locations/westcentralus/DiskOperations/fffff5b3-1aaa-42ca-9e54-a19e65879cd9?api-version=2019-03-01"
        ],
        "x-ms-ratelimit-remaining-resource": [
          "Microsoft.Compute/HighCostDiskHydrate3Min;999,Microsoft.Compute/HighCostDiskHydrate30Min;7999"
        ],
        "Strict-Transport-Security": [
          "max-age=31536000; includeSubDomains"
        ],
        "x-ms-served-by": [
          "4880eb97-9883-4875-bc0f-d976655c6469_131843693430378950"
        ],
        "x-ms-request-id": [
          "fffff5b3-1aaa-42ca-9e54-a19e65879cd9"
        ],
        "x-ms-ratelimit-remaining-subscription-writes": [
          "1199"
        ],
        "x-ms-correlation-request-id": [
          "ed0159ca-780d-43a0-bb26-14a35b9de52c"
        ],
        "x-ms-routing-request-id": [
          "SOUTHEASTASIA:20190905T085441Z:ed0159ca-780d-43a0-bb26-14a35b9de52c"
        ],
        "X-Content-Type-Options": [
          "nosniff"
        ],
        "Content-Length": [
          "0"
        ],
        "Expires": [
          "-1"
        ]
      },
      "ResponseBody": "",
      "StatusCode": 202
    },
    {
      "RequestUri": "/subscriptions/1c638cf4-608f-4ee6-b680-c329e824c3a8/providers/Microsoft.Compute/locations/westcentralus/DiskOperations/fffff5b3-1aaa-42ca-9e54-a19e65879cd9?api-version=2019-03-01",
      "EncodedRequestUri": "L3N1YnNjcmlwdGlvbnMvMWM2MzhjZjQtNjA4Zi00ZWU2LWI2ODAtYzMyOWU4MjRjM2E4L3Byb3ZpZGVycy9NaWNyb3NvZnQuQ29tcHV0ZS9sb2NhdGlvbnMvd2VzdGNlbnRyYWx1cy9EaXNrT3BlcmF0aW9ucy9mZmZmZjViMy0xYWFhLTQyY2EtOWU1NC1hMTllNjU4NzljZDk/YXBpLXZlcnNpb249MjAxOS0wMy0wMQ==",
      "RequestMethod": "GET",
      "RequestBody": "",
      "RequestHeaders": {
        "User-Agent": [
          "FxVersion/4.6.26614.01",
          "OSName/Windows",
          "OSVersion/Microsoft.Windows.10.0.18362.",
          "Microsoft.Azure.Management.Compute.Fluent.ComputeManagementClient/1.0.0.60",
          "MacAddressHash/e576395dc164e8ff527889e581ddd480e3ad9f4bd1e30c40b6a0ebc98fb3a2e7"
        ]
      },
      "ResponseHeaders": {
        "Cache-Control": [
          "no-cache"
        ],
        "Date": [
          "Thu, 05 Sep 2019 08:55:11 GMT"
        ],
        "Pragma": [
          "no-cache"
        ],
        "Server": [
          "Microsoft-HTTPAPI/2.0",
          "Microsoft-HTTPAPI/2.0"
        ],
        "x-ms-ratelimit-remaining-resource": [
          "Microsoft.Compute/GetOperation3Min;49994,Microsoft.Compute/GetOperation30Min;399994"
        ],
        "Strict-Transport-Security": [
          "max-age=31536000; includeSubDomains"
        ],
        "x-ms-served-by": [
          "4880eb97-9883-4875-bc0f-d976655c6469_131843693430378950"
        ],
        "x-ms-request-id": [
          "8640350c-139a-421b-b874-1ecf2c124c86"
        ],
        "x-ms-ratelimit-remaining-subscription-reads": [
          "11993"
        ],
        "x-ms-correlation-request-id": [
          "d5f0e417-a7c8-4d2f-a1b1-b18439343808"
        ],
        "x-ms-routing-request-id": [
          "SOUTHEASTASIA:20190905T085511Z:d5f0e417-a7c8-4d2f-a1b1-b18439343808"
        ],
        "X-Content-Type-Options": [
          "nosniff"
        ],
        "Content-Length": [
          "425"
        ],
        "Content-Type": [
          "application/json; charset=utf-8"
        ],
        "Expires": [
          "-1"
        ]
      },
      "ResponseBody": "{\r\n  \"startTime\": \"2019-09-05T16:54:41.5355353+08:00\",\r\n  \"endTime\": \"2019-09-05T16:54:41.8792822+08:00\",\r\n  \"status\": \"Succeeded\",\r\n  \"properties\": {\r\n    \"output\": {\r\n      \"accessSAS\": \"https://md-tvwwpdmv3zjd.blob.core.windows.net/jzmtbghpfd41/abcd?sv=2017-04-17&sr=b&si=e8fdef1b-06a2-4d4e-aeab-e9c8c54498de&sig=ldVjOuGGsmiJocBofW29mTXqvqn7B3N4ckgFtY%2F%2Buec%3D\"\r\n    }\r\n  },\r\n  \"name\": \"fffff5b3-1aaa-42ca-9e54-a19e65879cd9\"\r\n}",
      "StatusCode": 200
    },
    {
      "RequestUri": "/subscriptions/1c638cf4-608f-4ee6-b680-c329e824c3a8/providers/Microsoft.Compute/locations/westcentralus/DiskOperations/fffff5b3-1aaa-42ca-9e54-a19e65879cd9?monitor=true&api-version=2019-03-01",
      "EncodedRequestUri": "L3N1YnNjcmlwdGlvbnMvMWM2MzhjZjQtNjA4Zi00ZWU2LWI2ODAtYzMyOWU4MjRjM2E4L3Byb3ZpZGVycy9NaWNyb3NvZnQuQ29tcHV0ZS9sb2NhdGlvbnMvd2VzdGNlbnRyYWx1cy9EaXNrT3BlcmF0aW9ucy9mZmZmZjViMy0xYWFhLTQyY2EtOWU1NC1hMTllNjU4NzljZDk/bW9uaXRvcj10cnVlJmFwaS12ZXJzaW9uPTIwMTktMDMtMDE=",
      "RequestMethod": "GET",
      "RequestBody": "",
      "RequestHeaders": {
        "User-Agent": [
          "FxVersion/4.6.26614.01",
          "OSName/Windows",
          "OSVersion/Microsoft.Windows.10.0.18362.",
          "Microsoft.Azure.Management.Compute.Fluent.ComputeManagementClient/1.0.0.60",
          "MacAddressHash/e576395dc164e8ff527889e581ddd480e3ad9f4bd1e30c40b6a0ebc98fb3a2e7"
        ]
      },
      "ResponseHeaders": {
        "Cache-Control": [
          "no-cache"
        ],
        "Date": [
          "Thu, 05 Sep 2019 08:55:11 GMT"
        ],
        "Pragma": [
          "no-cache"
        ],
        "Server": [
          "Microsoft-HTTPAPI/2.0",
          "Microsoft-HTTPAPI/2.0"
        ],
        "x-ms-ratelimit-remaining-resource": [
          "Microsoft.Compute/GetOperation3Min;49993,Microsoft.Compute/GetOperation30Min;399993"
        ],
        "Strict-Transport-Security": [
          "max-age=31536000; includeSubDomains"
        ],
        "x-ms-served-by": [
          "4880eb97-9883-4875-bc0f-d976655c6469_131843693430378950"
        ],
        "x-ms-request-id": [
          "6b308fd4-1844-4dd9-9c64-71aec5f46ef8"
        ],
        "x-ms-ratelimit-remaining-subscription-reads": [
          "11992"
        ],
        "x-ms-correlation-request-id": [
          "5b30c14d-942a-4b86-929d-e9fa27d889c9"
        ],
        "x-ms-routing-request-id": [
          "SOUTHEASTASIA:20190905T085512Z:5b30c14d-942a-4b86-929d-e9fa27d889c9"
        ],
        "X-Content-Type-Options": [
          "nosniff"
        ],
        "Content-Length": [
          "200"
        ],
        "Content-Type": [
          "application/json; charset=utf-8"
        ],
        "Expires": [
          "-1"
        ]
      },
      "ResponseBody": "{\r\n  \"accessSAS\": \"https://md-tvwwpdmv3zjd.blob.core.windows.net/jzmtbghpfd41/abcd?sv=2017-04-17&sr=b&si=e8fdef1b-06a2-4d4e-aeab-e9c8c54498de&sig=ldVjOuGGsmiJocBofW29mTXqvqn7B3N4ckgFtY%2F%2Buec%3D\"\r\n}",
      "StatusCode": 200
    },
    {
      "RequestUri": "/subscriptions/1c638cf4-608f-4ee6-b680-c329e824c3a8/resourceGroups/rgfluentchash-5298/providers/Microsoft.Compute/disks/md-empty-c2423746f/endGetAccess?api-version=2019-03-01",
      "EncodedRequestUri": "L3N1YnNjcmlwdGlvbnMvMWM2MzhjZjQtNjA4Zi00ZWU2LWI2ODAtYzMyOWU4MjRjM2E4L3Jlc291cmNlR3JvdXBzL3JnZmx1ZW50Y2hhc2gtNTI5OC9wcm92aWRlcnMvTWljcm9zb2Z0LkNvbXB1dGUvZGlza3MvbWQtZW1wdHktYzI0MjM3NDZmL2VuZEdldEFjY2Vzcz9hcGktdmVyc2lvbj0yMDE5LTAzLTAx",
      "RequestMethod": "POST",
      "RequestBody": "",
      "RequestHeaders": {
        "x-ms-client-request-id": [
          "b3a883ea-fcf3-41d5-bd6f-ffc315084d30"
        ],
        "accept-language": [
          "en-US"
        ],
        "User-Agent": [
          "FxVersion/4.6.26614.01",
          "OSName/Windows",
          "OSVersion/Microsoft.Windows.10.0.18362.",
          "Microsoft.Azure.Management.Compute.Fluent.ComputeManagementClient/1.0.0.60",
          "MacAddressHash/e576395dc164e8ff527889e581ddd480e3ad9f4bd1e30c40b6a0ebc98fb3a2e7"
        ]
      },
      "ResponseHeaders": {
        "Cache-Control": [
          "no-cache"
        ],
        "Date": [
          "Thu, 05 Sep 2019 08:55:12 GMT"
        ],
        "Pragma": [
          "no-cache"
        ],
        "Location": [
          "https://management.azure.com/subscriptions/1c638cf4-608f-4ee6-b680-c329e824c3a8/providers/Microsoft.Compute/locations/westcentralus/DiskOperations/d3816c60-9d3f-4c45-a446-b43cfc48717c?monitor=true&api-version=2019-03-01"
        ],
        "Server": [
          "Microsoft-HTTPAPI/2.0",
          "Microsoft-HTTPAPI/2.0"
        ],
        "Azure-AsyncOperation": [
          "https://management.azure.com/subscriptions/1c638cf4-608f-4ee6-b680-c329e824c3a8/providers/Microsoft.Compute/locations/westcentralus/DiskOperations/d3816c60-9d3f-4c45-a446-b43cfc48717c?api-version=2019-03-01"
        ],
        "x-ms-ratelimit-remaining-resource": [
          "Microsoft.Compute/HighCostDiskHydrate3Min;998,Microsoft.Compute/HighCostDiskHydrate30Min;7998"
        ],
        "Strict-Transport-Security": [
          "max-age=31536000; includeSubDomains"
        ],
        "x-ms-served-by": [
          "4880eb97-9883-4875-bc0f-d976655c6469_131843693430378950"
        ],
        "x-ms-request-id": [
          "d3816c60-9d3f-4c45-a446-b43cfc48717c"
        ],
        "x-ms-ratelimit-remaining-subscription-writes": [
          "1198"
        ],
        "x-ms-correlation-request-id": [
          "7cb5b99e-f295-48bd-94c5-2bbcd6a77b50"
        ],
        "x-ms-routing-request-id": [
          "SOUTHEASTASIA:20190905T085512Z:7cb5b99e-f295-48bd-94c5-2bbcd6a77b50"
        ],
        "X-Content-Type-Options": [
          "nosniff"
        ],
        "Content-Length": [
          "0"
        ],
        "Expires": [
          "-1"
        ]
      },
      "ResponseBody": "",
      "StatusCode": 202
    },
    {
      "RequestUri": "/subscriptions/1c638cf4-608f-4ee6-b680-c329e824c3a8/providers/Microsoft.Compute/locations/westcentralus/DiskOperations/d3816c60-9d3f-4c45-a446-b43cfc48717c?api-version=2019-03-01",
      "EncodedRequestUri": "L3N1YnNjcmlwdGlvbnMvMWM2MzhjZjQtNjA4Zi00ZWU2LWI2ODAtYzMyOWU4MjRjM2E4L3Byb3ZpZGVycy9NaWNyb3NvZnQuQ29tcHV0ZS9sb2NhdGlvbnMvd2VzdGNlbnRyYWx1cy9EaXNrT3BlcmF0aW9ucy9kMzgxNmM2MC05ZDNmLTRjNDUtYTQ0Ni1iNDNjZmM0ODcxN2M/YXBpLXZlcnNpb249MjAxOS0wMy0wMQ==",
      "RequestMethod": "GET",
      "RequestBody": "",
      "RequestHeaders": {
        "User-Agent": [
          "FxVersion/4.6.26614.01",
          "OSName/Windows",
          "OSVersion/Microsoft.Windows.10.0.18362.",
          "Microsoft.Azure.Management.Compute.Fluent.ComputeManagementClient/1.0.0.60",
          "MacAddressHash/e576395dc164e8ff527889e581ddd480e3ad9f4bd1e30c40b6a0ebc98fb3a2e7"
        ]
      },
      "ResponseHeaders": {
        "Cache-Control": [
          "no-cache"
        ],
        "Date": [
          "Thu, 05 Sep 2019 08:55:42 GMT"
        ],
        "Pragma": [
          "no-cache"
        ],
        "Server": [
          "Microsoft-HTTPAPI/2.0",
          "Microsoft-HTTPAPI/2.0"
        ],
        "x-ms-ratelimit-remaining-resource": [
          "Microsoft.Compute/GetOperation3Min;49991,Microsoft.Compute/GetOperation30Min;399991"
        ],
        "Strict-Transport-Security": [
          "max-age=31536000; includeSubDomains"
        ],
        "x-ms-served-by": [
          "4880eb97-9883-4875-bc0f-d976655c6469_131843693430378950"
        ],
        "x-ms-request-id": [
          "6616eb73-b467-46b2-a55b-f087800d70fd"
        ],
        "x-ms-ratelimit-remaining-subscription-reads": [
          "11991"
        ],
        "x-ms-correlation-request-id": [
          "04e30d3e-9085-4e10-8a89-48974804f49d"
        ],
        "x-ms-routing-request-id": [
          "SOUTHEASTASIA:20190905T085542Z:04e30d3e-9085-4e10-8a89-48974804f49d"
        ],
        "X-Content-Type-Options": [
          "nosniff"
        ],
        "Content-Length": [
          "184"
        ],
        "Content-Type": [
          "application/json; charset=utf-8"
        ],
        "Expires": [
          "-1"
        ]
      },
      "ResponseBody": "{\r\n  \"startTime\": \"2019-09-05T16:55:12.4259741+08:00\",\r\n  \"endTime\": \"2019-09-05T16:55:12.5978182+08:00\",\r\n  \"status\": \"Succeeded\",\r\n  \"name\": \"d3816c60-9d3f-4c45-a446-b43cfc48717c\"\r\n}",
      "StatusCode": 200
    },
    {
      "RequestUri": "/subscriptions/1c638cf4-608f-4ee6-b680-c329e824c3a8/providers/Microsoft.Compute/locations/westcentralus/DiskOperations/d3816c60-9d3f-4c45-a446-b43cfc48717c?monitor=true&api-version=2019-03-01",
      "EncodedRequestUri": "L3N1YnNjcmlwdGlvbnMvMWM2MzhjZjQtNjA4Zi00ZWU2LWI2ODAtYzMyOWU4MjRjM2E4L3Byb3ZpZGVycy9NaWNyb3NvZnQuQ29tcHV0ZS9sb2NhdGlvbnMvd2VzdGNlbnRyYWx1cy9EaXNrT3BlcmF0aW9ucy9kMzgxNmM2MC05ZDNmLTRjNDUtYTQ0Ni1iNDNjZmM0ODcxN2M/bW9uaXRvcj10cnVlJmFwaS12ZXJzaW9uPTIwMTktMDMtMDE=",
      "RequestMethod": "GET",
      "RequestBody": "",
      "RequestHeaders": {
        "User-Agent": [
          "FxVersion/4.6.26614.01",
          "OSName/Windows",
          "OSVersion/Microsoft.Windows.10.0.18362.",
          "Microsoft.Azure.Management.Compute.Fluent.ComputeManagementClient/1.0.0.60",
          "MacAddressHash/e576395dc164e8ff527889e581ddd480e3ad9f4bd1e30c40b6a0ebc98fb3a2e7"
        ]
      },
      "ResponseHeaders": {
        "Cache-Control": [
          "no-cache"
        ],
        "Date": [
          "Thu, 05 Sep 2019 08:55:43 GMT"
        ],
        "Pragma": [
          "no-cache"
        ],
        "Server": [
          "Microsoft-HTTPAPI/2.0",
          "Microsoft-HTTPAPI/2.0"
        ],
        "x-ms-ratelimit-remaining-resource": [
          "Microsoft.Compute/GetOperation3Min;49990,Microsoft.Compute/GetOperation30Min;399990"
        ],
        "Strict-Transport-Security": [
          "max-age=31536000; includeSubDomains"
        ],
        "x-ms-served-by": [
          "4880eb97-9883-4875-bc0f-d976655c6469_131843693430378950"
        ],
        "x-ms-request-id": [
          "18a5227e-44f9-44c1-ba56-f8ccce5c00de"
        ],
        "x-ms-ratelimit-remaining-subscription-reads": [
          "11990"
        ],
        "x-ms-correlation-request-id": [
          "4279fa45-61ed-4775-8a96-970d4d31f349"
        ],
        "x-ms-routing-request-id": [
          "SOUTHEASTASIA:20190905T085543Z:4279fa45-61ed-4775-8a96-970d4d31f349"
        ],
        "X-Content-Type-Options": [
          "nosniff"
        ],
        "Content-Length": [
          "0"
        ],
        "Expires": [
          "-1"
        ]
      },
      "ResponseBody": "",
      "StatusCode": 200
    },
    {
      "RequestUri": "/subscriptions/1c638cf4-608f-4ee6-b680-c329e824c3a8/resourceGroups/rgfluentchash-5298/providers/Microsoft.Compute/disks/md-empty-c2423746f?api-version=2019-03-01",
      "EncodedRequestUri": "L3N1YnNjcmlwdGlvbnMvMWM2MzhjZjQtNjA4Zi00ZWU2LWI2ODAtYzMyOWU4MjRjM2E4L3Jlc291cmNlR3JvdXBzL3JnZmx1ZW50Y2hhc2gtNTI5OC9wcm92aWRlcnMvTWljcm9zb2Z0LkNvbXB1dGUvZGlza3MvbWQtZW1wdHktYzI0MjM3NDZmP2FwaS12ZXJzaW9uPTIwMTktMDMtMDE=",
      "RequestMethod": "DELETE",
      "RequestBody": "",
      "RequestHeaders": {
        "x-ms-client-request-id": [
          "0f8d94ad-c8b8-4c92-880d-0056f2d3654b"
        ],
        "accept-language": [
          "en-US"
        ],
        "User-Agent": [
          "FxVersion/4.6.26614.01",
          "OSName/Windows",
          "OSVersion/Microsoft.Windows.10.0.18362.",
          "Microsoft.Azure.Management.Compute.Fluent.ComputeManagementClient/1.0.0.60",
          "MacAddressHash/e576395dc164e8ff527889e581ddd480e3ad9f4bd1e30c40b6a0ebc98fb3a2e7"
        ]
      },
      "ResponseHeaders": {
        "Cache-Control": [
          "no-cache"
        ],
        "Date": [
          "Thu, 05 Sep 2019 08:55:44 GMT"
        ],
        "Pragma": [
          "no-cache"
        ],
        "Location": [
          "https://management.azure.com/subscriptions/1c638cf4-608f-4ee6-b680-c329e824c3a8/providers/Microsoft.Compute/locations/westcentralus/DiskOperations/2c265f90-5558-4a90-8097-ce79a520b884?monitor=true&api-version=2019-03-01"
        ],
        "Server": [
          "Microsoft-HTTPAPI/2.0",
          "Microsoft-HTTPAPI/2.0"
        ],
        "Azure-AsyncOperation": [
          "https://management.azure.com/subscriptions/1c638cf4-608f-4ee6-b680-c329e824c3a8/providers/Microsoft.Compute/locations/westcentralus/DiskOperations/2c265f90-5558-4a90-8097-ce79a520b884?api-version=2019-03-01"
        ],
        "x-ms-ratelimit-remaining-resource": [
          "Microsoft.Compute/DeleteDisks3Min;999,Microsoft.Compute/DeleteDisks30Min;7999"
        ],
        "Strict-Transport-Security": [
          "max-age=31536000; includeSubDomains"
        ],
        "x-ms-served-by": [
          "4880eb97-9883-4875-bc0f-d976655c6469_131843693430378950"
        ],
        "x-ms-request-id": [
          "2c265f90-5558-4a90-8097-ce79a520b884"
        ],
        "x-ms-ratelimit-remaining-subscription-deletes": [
          "14999"
        ],
        "x-ms-correlation-request-id": [
          "87a519fa-f23f-46ce-8754-355a277499fd"
        ],
        "x-ms-routing-request-id": [
          "SOUTHEASTASIA:20190905T085544Z:87a519fa-f23f-46ce-8754-355a277499fd"
        ],
        "X-Content-Type-Options": [
          "nosniff"
        ],
        "Content-Length": [
          "0"
        ],
        "Expires": [
          "-1"
        ]
      },
      "ResponseBody": "",
      "StatusCode": 202
    },
    {
      "RequestUri": "/subscriptions/1c638cf4-608f-4ee6-b680-c329e824c3a8/providers/Microsoft.Compute/locations/westcentralus/DiskOperations/2c265f90-5558-4a90-8097-ce79a520b884?api-version=2019-03-01",
      "EncodedRequestUri": "L3N1YnNjcmlwdGlvbnMvMWM2MzhjZjQtNjA4Zi00ZWU2LWI2ODAtYzMyOWU4MjRjM2E4L3Byb3ZpZGVycy9NaWNyb3NvZnQuQ29tcHV0ZS9sb2NhdGlvbnMvd2VzdGNlbnRyYWx1cy9EaXNrT3BlcmF0aW9ucy8yYzI2NWY5MC01NTU4LTRhOTAtODA5Ny1jZTc5YTUyMGI4ODQ/YXBpLXZlcnNpb249MjAxOS0wMy0wMQ==",
      "RequestMethod": "GET",
      "RequestBody": "",
      "RequestHeaders": {
        "User-Agent": [
          "FxVersion/4.6.26614.01",
          "OSName/Windows",
          "OSVersion/Microsoft.Windows.10.0.18362.",
          "Microsoft.Azure.Management.Compute.Fluent.ComputeManagementClient/1.0.0.60",
          "MacAddressHash/e576395dc164e8ff527889e581ddd480e3ad9f4bd1e30c40b6a0ebc98fb3a2e7"
        ]
      },
      "ResponseHeaders": {
        "Cache-Control": [
          "no-cache"
        ],
        "Date": [
          "Thu, 05 Sep 2019 08:56:15 GMT"
        ],
        "Pragma": [
          "no-cache"
        ],
        "Server": [
          "Microsoft-HTTPAPI/2.0",
          "Microsoft-HTTPAPI/2.0"
        ],
        "x-ms-ratelimit-remaining-resource": [
          "Microsoft.Compute/GetOperation3Min;49988,Microsoft.Compute/GetOperation30Min;399988"
        ],
        "Strict-Transport-Security": [
          "max-age=31536000; includeSubDomains"
        ],
        "x-ms-served-by": [
          "4880eb97-9883-4875-bc0f-d976655c6469_131843693430378950"
        ],
        "x-ms-request-id": [
          "4283c3a6-ce9d-4ef1-8909-c03121159925"
        ],
        "x-ms-ratelimit-remaining-subscription-reads": [
          "11989"
        ],
        "x-ms-correlation-request-id": [
          "fbd55386-43bd-4361-a82f-54d9280e2560"
        ],
        "x-ms-routing-request-id": [
          "SOUTHEASTASIA:20190905T085615Z:fbd55386-43bd-4361-a82f-54d9280e2560"
        ],
        "X-Content-Type-Options": [
          "nosniff"
        ],
        "Content-Length": [
          "184"
        ],
        "Content-Type": [
          "application/json; charset=utf-8"
        ],
        "Expires": [
          "-1"
        ]
      },
      "ResponseBody": "{\r\n  \"startTime\": \"2019-09-05T16:55:44.7851444+08:00\",\r\n  \"endTime\": \"2019-09-05T16:55:44.9570194+08:00\",\r\n  \"status\": \"Succeeded\",\r\n  \"name\": \"2c265f90-5558-4a90-8097-ce79a520b884\"\r\n}",
      "StatusCode": 200
    },
    {
      "RequestUri": "/subscriptions/1c638cf4-608f-4ee6-b680-c329e824c3a8/providers/Microsoft.Compute/locations/westcentralus/DiskOperations/2c265f90-5558-4a90-8097-ce79a520b884?monitor=true&api-version=2019-03-01",
      "EncodedRequestUri": "L3N1YnNjcmlwdGlvbnMvMWM2MzhjZjQtNjA4Zi00ZWU2LWI2ODAtYzMyOWU4MjRjM2E4L3Byb3ZpZGVycy9NaWNyb3NvZnQuQ29tcHV0ZS9sb2NhdGlvbnMvd2VzdGNlbnRyYWx1cy9EaXNrT3BlcmF0aW9ucy8yYzI2NWY5MC01NTU4LTRhOTAtODA5Ny1jZTc5YTUyMGI4ODQ/bW9uaXRvcj10cnVlJmFwaS12ZXJzaW9uPTIwMTktMDMtMDE=",
      "RequestMethod": "GET",
      "RequestBody": "",
      "RequestHeaders": {
        "User-Agent": [
          "FxVersion/4.6.26614.01",
          "OSName/Windows",
          "OSVersion/Microsoft.Windows.10.0.18362.",
          "Microsoft.Azure.Management.Compute.Fluent.ComputeManagementClient/1.0.0.60",
          "MacAddressHash/e576395dc164e8ff527889e581ddd480e3ad9f4bd1e30c40b6a0ebc98fb3a2e7"
        ]
      },
      "ResponseHeaders": {
        "Cache-Control": [
          "no-cache"
        ],
        "Date": [
          "Thu, 05 Sep 2019 08:56:15 GMT"
        ],
        "Pragma": [
          "no-cache"
        ],
        "Server": [
          "Microsoft-HTTPAPI/2.0",
          "Microsoft-HTTPAPI/2.0"
        ],
        "x-ms-ratelimit-remaining-resource": [
          "Microsoft.Compute/GetOperation3Min;49987,Microsoft.Compute/GetOperation30Min;399987"
        ],
        "Strict-Transport-Security": [
          "max-age=31536000; includeSubDomains"
        ],
        "x-ms-served-by": [
          "4880eb97-9883-4875-bc0f-d976655c6469_131843693430378950"
        ],
        "x-ms-request-id": [
          "ff12429f-5650-41fe-924d-d18ae735d665"
        ],
        "x-ms-ratelimit-remaining-subscription-reads": [
          "11988"
        ],
        "x-ms-correlation-request-id": [
          "284f1e4c-ed11-468a-a1ce-82338a5bdf7f"
        ],
        "x-ms-routing-request-id": [
          "SOUTHEASTASIA:20190905T085615Z:284f1e4c-ed11-468a-a1ce-82338a5bdf7f"
        ],
        "X-Content-Type-Options": [
          "nosniff"
        ],
        "Content-Length": [
          "0"
        ],
        "Expires": [
          "-1"
        ]
      },
      "ResponseBody": "",
      "StatusCode": 200
    },
    {
      "RequestUri": "/subscriptions/1c638cf4-608f-4ee6-b680-c329e824c3a8/resourcegroups/rgfluentchash-5298?api-version=2017-05-10",
      "EncodedRequestUri": "L3N1YnNjcmlwdGlvbnMvMWM2MzhjZjQtNjA4Zi00ZWU2LWI2ODAtYzMyOWU4MjRjM2E4L3Jlc291cmNlZ3JvdXBzL3JnZmx1ZW50Y2hhc2gtNTI5OD9hcGktdmVyc2lvbj0yMDE3LTA1LTEw",
      "RequestMethod": "DELETE",
      "RequestBody": "",
      "RequestHeaders": {
        "x-ms-client-request-id": [
          "1c41bf23-b4fb-4ab7-a802-7fae0412ee7f"
        ],
        "accept-language": [
          "en-US"
        ],
        "User-Agent": [
          "FxVersion/4.6.26614.01",
          "OSName/Windows",
          "OSVersion/Microsoft.Windows.10.0.18362.",
          "Microsoft.Azure.Management.ResourceManager.Fluent.ResourceManagementClient/1.0.0.60",
          "MacAddressHash/e576395dc164e8ff527889e581ddd480e3ad9f4bd1e30c40b6a0ebc98fb3a2e7"
        ]
      },
      "ResponseHeaders": {
        "Cache-Control": [
          "no-cache"
        ],
        "Date": [
          "Thu, 05 Sep 2019 08:56:22 GMT"
        ],
        "Pragma": [
          "no-cache"
        ],
        "Location": [
          "https://management.azure.com/subscriptions/1c638cf4-608f-4ee6-b680-c329e824c3a8/operationresults/eyJqb2JJZCI6IlJFU09VUkNFR1JPVVBERUxFVElPTkpPQi1SR0ZMVUVOVENIQVNIOjJENTI5OC1XRVNUQ0VOVFJBTFVTIiwiam9iTG9jYXRpb24iOiJ3ZXN0Y2VudHJhbHVzIn0?api-version=2017-05-10"
        ],
        "Retry-After": [
          "15"
        ],
        "x-ms-ratelimit-remaining-subscription-deletes": [
          "14999"
        ],
        "x-ms-request-id": [
          "25b661e4-f0ef-418b-a645-d8c2d51c6cd9"
        ],
        "x-ms-correlation-request-id": [
          "25b661e4-f0ef-418b-a645-d8c2d51c6cd9"
        ],
        "x-ms-routing-request-id": [
          "SOUTHEASTASIA:20190905T085623Z:25b661e4-f0ef-418b-a645-d8c2d51c6cd9"
        ],
        "Strict-Transport-Security": [
          "max-age=31536000; includeSubDomains"
        ],
        "X-Content-Type-Options": [
          "nosniff"
        ],
        "Content-Length": [
          "0"
        ],
        "Expires": [
          "-1"
        ]
      },
      "ResponseBody": "",
      "StatusCode": 202
    },
    {
      "RequestUri": "/subscriptions/1c638cf4-608f-4ee6-b680-c329e824c3a8/operationresults/eyJqb2JJZCI6IlJFU09VUkNFR1JPVVBERUxFVElPTkpPQi1SR0ZMVUVOVENIQVNIOjJENTI5OC1XRVNUQ0VOVFJBTFVTIiwiam9iTG9jYXRpb24iOiJ3ZXN0Y2VudHJhbHVzIn0?api-version=2017-05-10",
      "EncodedRequestUri": "L3N1YnNjcmlwdGlvbnMvMWM2MzhjZjQtNjA4Zi00ZWU2LWI2ODAtYzMyOWU4MjRjM2E4L29wZXJhdGlvbnJlc3VsdHMvZXlKcWIySkpaQ0k2SWxKRlUwOVZVa05GUjFKUFZWQkVSVXhGVkVsUFRrcFBRaTFTUjBaTVZVVk9WRU5JUVZOSU9qSkVOVEk1T0MxWFJWTlVRMFZPVkZKQlRGVlRJaXdpYW05aVRHOWpZWFJwYjI0aU9pSjNaWE4wWTJWdWRISmhiSFZ6SW4wP2FwaS12ZXJzaW9uPTIwMTctMDUtMTA=",
      "RequestMethod": "GET",
      "RequestBody": "",
      "RequestHeaders": {
        "User-Agent": [
          "FxVersion/4.6.26614.01",
          "OSName/Windows",
          "OSVersion/Microsoft.Windows.10.0.18362.",
          "Microsoft.Azure.Management.ResourceManager.Fluent.ResourceManagementClient/1.0.0.60",
          "MacAddressHash/e576395dc164e8ff527889e581ddd480e3ad9f4bd1e30c40b6a0ebc98fb3a2e7"
        ]
      },
      "ResponseHeaders": {
        "Cache-Control": [
          "no-cache"
        ],
        "Date": [
          "Thu, 05 Sep 2019 08:56:38 GMT"
        ],
        "Pragma": [
          "no-cache"
        ],
        "Location": [
          "https://management.azure.com/subscriptions/1c638cf4-608f-4ee6-b680-c329e824c3a8/operationresults/eyJqb2JJZCI6IlJFU09VUkNFR1JPVVBERUxFVElPTkpPQi1SR0ZMVUVOVENIQVNIOjJENTI5OC1XRVNUQ0VOVFJBTFVTIiwiam9iTG9jYXRpb24iOiJ3ZXN0Y2VudHJhbHVzIn0?api-version=2017-05-10"
        ],
        "Retry-After": [
          "15"
        ],
        "x-ms-ratelimit-remaining-subscription-reads": [
          "11999"
        ],
        "x-ms-request-id": [
          "ab3099fc-c9e7-43d5-81eb-3c3ce31a4cc4"
        ],
        "x-ms-correlation-request-id": [
          "ab3099fc-c9e7-43d5-81eb-3c3ce31a4cc4"
        ],
        "x-ms-routing-request-id": [
          "SOUTHEASTASIA:20190905T085638Z:ab3099fc-c9e7-43d5-81eb-3c3ce31a4cc4"
        ],
        "Strict-Transport-Security": [
          "max-age=31536000; includeSubDomains"
        ],
        "X-Content-Type-Options": [
          "nosniff"
        ],
        "Content-Length": [
          "0"
        ],
        "Expires": [
          "-1"
        ]
      },
      "ResponseBody": "",
      "StatusCode": 202
    },
    {
      "RequestUri": "/subscriptions/1c638cf4-608f-4ee6-b680-c329e824c3a8/operationresults/eyJqb2JJZCI6IlJFU09VUkNFR1JPVVBERUxFVElPTkpPQi1SR0ZMVUVOVENIQVNIOjJENTI5OC1XRVNUQ0VOVFJBTFVTIiwiam9iTG9jYXRpb24iOiJ3ZXN0Y2VudHJhbHVzIn0?api-version=2017-05-10",
      "EncodedRequestUri": "L3N1YnNjcmlwdGlvbnMvMWM2MzhjZjQtNjA4Zi00ZWU2LWI2ODAtYzMyOWU4MjRjM2E4L29wZXJhdGlvbnJlc3VsdHMvZXlKcWIySkpaQ0k2SWxKRlUwOVZVa05GUjFKUFZWQkVSVXhGVkVsUFRrcFBRaTFTUjBaTVZVVk9WRU5JUVZOSU9qSkVOVEk1T0MxWFJWTlVRMFZPVkZKQlRGVlRJaXdpYW05aVRHOWpZWFJwYjI0aU9pSjNaWE4wWTJWdWRISmhiSFZ6SW4wP2FwaS12ZXJzaW9uPTIwMTctMDUtMTA=",
      "RequestMethod": "GET",
      "RequestBody": "",
      "RequestHeaders": {
        "User-Agent": [
          "FxVersion/4.6.26614.01",
          "OSName/Windows",
          "OSVersion/Microsoft.Windows.10.0.18362.",
          "Microsoft.Azure.Management.ResourceManager.Fluent.ResourceManagementClient/1.0.0.60",
          "MacAddressHash/e576395dc164e8ff527889e581ddd480e3ad9f4bd1e30c40b6a0ebc98fb3a2e7"
        ]
      },
      "ResponseHeaders": {
        "Cache-Control": [
          "no-cache"
        ],
        "Date": [
          "Thu, 05 Sep 2019 08:56:53 GMT"
        ],
        "Pragma": [
          "no-cache"
        ],
        "Location": [
          "https://management.azure.com/subscriptions/1c638cf4-608f-4ee6-b680-c329e824c3a8/operationresults/eyJqb2JJZCI6IlJFU09VUkNFR1JPVVBERUxFVElPTkpPQi1SR0ZMVUVOVENIQVNIOjJENTI5OC1XRVNUQ0VOVFJBTFVTIiwiam9iTG9jYXRpb24iOiJ3ZXN0Y2VudHJhbHVzIn0?api-version=2017-05-10"
        ],
        "Retry-After": [
          "15"
        ],
        "x-ms-ratelimit-remaining-subscription-reads": [
          "11998"
        ],
        "x-ms-request-id": [
          "6da3d6ef-0b1c-4f19-a1cf-459347b3ef7d"
        ],
        "x-ms-correlation-request-id": [
          "6da3d6ef-0b1c-4f19-a1cf-459347b3ef7d"
        ],
        "x-ms-routing-request-id": [
          "SOUTHEASTASIA:20190905T085654Z:6da3d6ef-0b1c-4f19-a1cf-459347b3ef7d"
        ],
        "Strict-Transport-Security": [
          "max-age=31536000; includeSubDomains"
        ],
        "X-Content-Type-Options": [
          "nosniff"
        ],
        "Content-Length": [
          "0"
        ],
        "Expires": [
          "-1"
        ]
      },
      "ResponseBody": "",
      "StatusCode": 202
    },
    {
      "RequestUri": "/subscriptions/1c638cf4-608f-4ee6-b680-c329e824c3a8/operationresults/eyJqb2JJZCI6IlJFU09VUkNFR1JPVVBERUxFVElPTkpPQi1SR0ZMVUVOVENIQVNIOjJENTI5OC1XRVNUQ0VOVFJBTFVTIiwiam9iTG9jYXRpb24iOiJ3ZXN0Y2VudHJhbHVzIn0?api-version=2017-05-10",
      "EncodedRequestUri": "L3N1YnNjcmlwdGlvbnMvMWM2MzhjZjQtNjA4Zi00ZWU2LWI2ODAtYzMyOWU4MjRjM2E4L29wZXJhdGlvbnJlc3VsdHMvZXlKcWIySkpaQ0k2SWxKRlUwOVZVa05GUjFKUFZWQkVSVXhGVkVsUFRrcFBRaTFTUjBaTVZVVk9WRU5JUVZOSU9qSkVOVEk1T0MxWFJWTlVRMFZPVkZKQlRGVlRJaXdpYW05aVRHOWpZWFJwYjI0aU9pSjNaWE4wWTJWdWRISmhiSFZ6SW4wP2FwaS12ZXJzaW9uPTIwMTctMDUtMTA=",
      "RequestMethod": "GET",
      "RequestBody": "",
      "RequestHeaders": {
        "User-Agent": [
          "FxVersion/4.6.26614.01",
          "OSName/Windows",
          "OSVersion/Microsoft.Windows.10.0.18362.",
          "Microsoft.Azure.Management.ResourceManager.Fluent.ResourceManagementClient/1.0.0.60",
          "MacAddressHash/e576395dc164e8ff527889e581ddd480e3ad9f4bd1e30c40b6a0ebc98fb3a2e7"
        ]
      },
      "ResponseHeaders": {
        "Cache-Control": [
          "no-cache"
        ],
        "Date": [
          "Thu, 05 Sep 2019 08:57:09 GMT"
        ],
        "Pragma": [
          "no-cache"
        ],
        "x-ms-ratelimit-remaining-subscription-reads": [
          "11997"
        ],
        "x-ms-request-id": [
          "e900c251-ae37-4be8-bf9c-4905ab0b66d7"
        ],
        "x-ms-correlation-request-id": [
          "e900c251-ae37-4be8-bf9c-4905ab0b66d7"
        ],
        "x-ms-routing-request-id": [
          "SOUTHEASTASIA:20190905T085709Z:e900c251-ae37-4be8-bf9c-4905ab0b66d7"
        ],
        "Strict-Transport-Security": [
          "max-age=31536000; includeSubDomains"
        ],
        "X-Content-Type-Options": [
          "nosniff"
        ],
        "Content-Length": [
          "0"
        ],
        "Expires": [
          "-1"
        ]
      },
      "ResponseBody": "",
      "StatusCode": 200
    },
    {
      "RequestUri": "/subscriptions/1c638cf4-608f-4ee6-b680-c329e824c3a8/operationresults/eyJqb2JJZCI6IlJFU09VUkNFR1JPVVBERUxFVElPTkpPQi1SR0ZMVUVOVENIQVNIOjJENTI5OC1XRVNUQ0VOVFJBTFVTIiwiam9iTG9jYXRpb24iOiJ3ZXN0Y2VudHJhbHVzIn0?api-version=2017-05-10",
      "EncodedRequestUri": "L3N1YnNjcmlwdGlvbnMvMWM2MzhjZjQtNjA4Zi00ZWU2LWI2ODAtYzMyOWU4MjRjM2E4L29wZXJhdGlvbnJlc3VsdHMvZXlKcWIySkpaQ0k2SWxKRlUwOVZVa05GUjFKUFZWQkVSVXhGVkVsUFRrcFBRaTFTUjBaTVZVVk9WRU5JUVZOSU9qSkVOVEk1T0MxWFJWTlVRMFZPVkZKQlRGVlRJaXdpYW05aVRHOWpZWFJwYjI0aU9pSjNaWE4wWTJWdWRISmhiSFZ6SW4wP2FwaS12ZXJzaW9uPTIwMTctMDUtMTA=",
      "RequestMethod": "GET",
      "RequestBody": "",
      "RequestHeaders": {
        "User-Agent": [
          "FxVersion/4.6.26614.01",
          "OSName/Windows",
          "OSVersion/Microsoft.Windows.10.0.18362.",
          "Microsoft.Azure.Management.ResourceManager.Fluent.ResourceManagementClient/1.0.0.60",
          "MacAddressHash/e576395dc164e8ff527889e581ddd480e3ad9f4bd1e30c40b6a0ebc98fb3a2e7"
        ]
      },
      "ResponseHeaders": {
        "Cache-Control": [
          "no-cache"
        ],
        "Date": [
          "Thu, 05 Sep 2019 08:57:10 GMT"
        ],
        "Pragma": [
          "no-cache"
        ],
        "x-ms-ratelimit-remaining-subscription-reads": [
          "11996"
        ],
        "x-ms-request-id": [
          "742aa4d4-3f27-4ce4-8de6-8fbdaba946a7"
        ],
        "x-ms-correlation-request-id": [
          "742aa4d4-3f27-4ce4-8de6-8fbdaba946a7"
        ],
        "x-ms-routing-request-id": [
          "SOUTHEASTASIA:20190905T085710Z:742aa4d4-3f27-4ce4-8de6-8fbdaba946a7"
        ],
        "Strict-Transport-Security": [
          "max-age=31536000; includeSubDomains"
        ],
        "X-Content-Type-Options": [
          "nosniff"
        ],
        "Content-Length": [
          "0"
        ],
        "Expires": [
          "-1"
        ]
      },
      "ResponseBody": "",
      "StatusCode": 200
    }
  ],
  "Names": {
    "CanOperateOnEmptyManagedDisk": [
      "md-empty-c2423746f",
      "rgfluentchash-5298"
    ]
  },
  "Variables": {
    "ServicePrincipal": "ad38138c-4c27-4cc1-bc68-b74f4f9780cc",
    "AADTenant": "72f988bf-86f1-41af-91ab-2d7cd011db47",
    "SubscriptionId": "1c638cf4-608f-4ee6-b680-c329e824c3a8"
  }
}