{
  "Entries": [
    {
      "RequestUri": "/subscriptions/0b1f6471-1bf0-4dda-aec3-cb9272f09590/resourcegroups/rgfluentchash-8836?api-version=2017-05-10",
      "EncodedRequestUri": "L3N1YnNjcmlwdGlvbnMvMGIxZjY0NzEtMWJmMC00ZGRhLWFlYzMtY2I5MjcyZjA5NTkwL3Jlc291cmNlZ3JvdXBzL3JnZmx1ZW50Y2hhc2gtODgzNj9hcGktdmVyc2lvbj0yMDE3LTA1LTEw",
      "RequestMethod": "PUT",
      "RequestBody": "{\r\n  \"location\": \"westcentralus\"\r\n}",
      "RequestHeaders": {
        "x-ms-client-request-id": [
          "14d36577-4ecd-4a3d-acba-b3ed54e54857"
        ],
        "Accept-Language": [
          "en-US"
        ],
        "User-Agent": [
          "FxVersion/4.6.26725.06",
          "OSName/Windows",
          "OSVersion/Microsoft.Windows.10.0.17763.",
          "Microsoft.Azure.Management.ResourceManager.Fluent.ResourceManagementClient/1.19.0.0",
          "MacAddressHash/1706214d8731cf2405675fdf5fb8b4bf75f06e7a9bb34e8d93f8f4a5d61acc28"
        ],
        "Content-Type": [
          "application/json; charset=utf-8"
        ],
        "Content-Length": [
          "35"
        ]
      },
      "ResponseHeaders": {
        "Cache-Control": [
          "no-cache"
        ],
        "Pragma": [
          "no-cache"
        ],
        "x-ms-ratelimit-remaining-subscription-writes": [
          "1199"
        ],
        "x-ms-request-id": [
          "5d27444f-2dbe-49b2-8abd-2aa65710bc9c"
        ],
        "x-ms-correlation-request-id": [
          "5d27444f-2dbe-49b2-8abd-2aa65710bc9c"
        ],
        "x-ms-routing-request-id": [
          "WESTUS2:20190301T035914Z:5d27444f-2dbe-49b2-8abd-2aa65710bc9c"
        ],
        "Strict-Transport-Security": [
          "max-age=31536000; includeSubDomains"
        ],
        "X-Content-Type-Options": [
          "nosniff"
        ],
        "Date": [
          "Fri, 01 Mar 2019 03:59:13 GMT"
        ],
        "Content-Length": [
          "196"
        ],
        "Content-Type": [
          "application/json; charset=utf-8"
        ],
        "Expires": [
          "-1"
        ]
      },
      "ResponseBody": "{\r\n  \"id\": \"/subscriptions/0b1f6471-1bf0-4dda-aec3-cb9272f09590/resourceGroups/rgfluentchash-8836\",\r\n  \"name\": \"rgfluentchash-8836\",\r\n  \"location\": \"westcentralus\",\r\n  \"properties\": {\r\n    \"provisioningState\": \"Succeeded\"\r\n  }\r\n}",
      "StatusCode": 201
    },
    {
      "RequestUri": "/subscriptions/0b1f6471-1bf0-4dda-aec3-cb9272f09590/resourceGroups/rgfluentchash-8836/providers/Microsoft.Compute/disks/md-1c2d67701a3d1?api-version=2018-06-01",
      "EncodedRequestUri": "L3N1YnNjcmlwdGlvbnMvMGIxZjY0NzEtMWJmMC00ZGRhLWFlYzMtY2I5MjcyZjA5NTkwL3Jlc291cmNlR3JvdXBzL3JnZmx1ZW50Y2hhc2gtODgzNi9wcm92aWRlcnMvTWljcm9zb2Z0LkNvbXB1dGUvZGlza3MvbWQtMWMyZDY3NzAxYTNkMT9hcGktdmVyc2lvbj0yMDE4LTA2LTAx",
      "RequestMethod": "PUT",
      "RequestBody": "{\r\n  \"properties\": {\r\n    \"creationData\": {\r\n      \"createOption\": \"Empty\"\r\n    },\r\n    \"diskSizeGB\": 100\r\n  },\r\n  \"location\": \"westcentralus\",\r\n  \"tags\": {}\r\n}",
      "RequestHeaders": {
        "x-ms-client-request-id": [
          "be6cddf1-3b2f-47b6-801c-bf2d7b5c4c57"
        ],
        "Accept-Language": [
          "en-US"
        ],
        "User-Agent": [
          "FxVersion/4.6.26725.06",
          "OSName/Windows",
          "OSVersion/Microsoft.Windows.10.0.17763.",
          "Microsoft.Azure.Management.Compute.Fluent.ComputeManagementClient/1.19.0.0",
          "MacAddressHash/1706214d8731cf2405675fdf5fb8b4bf75f06e7a9bb34e8d93f8f4a5d61acc28"
        ],
        "Content-Type": [
          "application/json; charset=utf-8"
        ],
        "Content-Length": [
          "160"
        ]
      },
      "ResponseHeaders": {
        "Cache-Control": [
          "no-cache"
        ],
        "Pragma": [
          "no-cache"
        ],
        "Location": [
          "https://management.azure.com/subscriptions/0b1f6471-1bf0-4dda-aec3-cb9272f09590/providers/Microsoft.Compute/locations/westcentralus/DiskOperations/fda47e10-d6a7-4eab-b9ab-495d86607a24?monitor=true&api-version=2018-06-01"
        ],
        "Azure-AsyncOperation": [
          "https://management.azure.com/subscriptions/0b1f6471-1bf0-4dda-aec3-cb9272f09590/providers/Microsoft.Compute/locations/westcentralus/DiskOperations/fda47e10-d6a7-4eab-b9ab-495d86607a24?api-version=2018-06-01"
        ],
        "x-ms-ratelimit-remaining-resource": [
          "Microsoft.Compute/CreateUpdateDisks3Min;996,Microsoft.Compute/CreateUpdateDisks30Min;7992"
        ],
        "Strict-Transport-Security": [
          "max-age=31536000; includeSubDomains"
        ],
        "x-ms-served-by": [
          "c7be8819-8178-488e-b751-923f11b1b57c_131881310768524998"
        ],
        "x-ms-request-id": [
          "fda47e10-d6a7-4eab-b9ab-495d86607a24"
        ],
        "Server": [
          "Microsoft-HTTPAPI/2.0",
          "Microsoft-HTTPAPI/2.0"
        ],
        "x-ms-ratelimit-remaining-subscription-writes": [
          "1194"
        ],
        "x-ms-correlation-request-id": [
          "044e3274-f8f8-47e6-8433-fe705cee66f2"
        ],
        "x-ms-routing-request-id": [
          "WESTUS2:20190301T035915Z:044e3274-f8f8-47e6-8433-fe705cee66f2"
        ],
        "X-Content-Type-Options": [
          "nosniff"
        ],
        "Date": [
          "Fri, 01 Mar 2019 03:59:14 GMT"
        ],
        "Content-Length": [
          "257"
        ],
        "Content-Type": [
          "application/json; charset=utf-8"
        ],
        "Expires": [
          "-1"
        ]
      },
      "ResponseBody": "{\r\n  \"properties\": {\r\n    \"creationData\": {\r\n      \"createOption\": \"Empty\"\r\n    },\r\n    \"diskSizeGB\": 100,\r\n    \"provisioningState\": \"Updating\",\r\n    \"isArmResource\": true\r\n  },\r\n  \"location\": \"westcentralus\",\r\n  \"tags\": {},\r\n  \"name\": \"md-1c2d67701a3d1\"\r\n}",
      "StatusCode": 202
    },
    {
      "RequestUri": "/subscriptions/0b1f6471-1bf0-4dda-aec3-cb9272f09590/providers/Microsoft.Compute/locations/westcentralus/DiskOperations/fda47e10-d6a7-4eab-b9ab-495d86607a24?api-version=2018-06-01",
      "EncodedRequestUri": "L3N1YnNjcmlwdGlvbnMvMGIxZjY0NzEtMWJmMC00ZGRhLWFlYzMtY2I5MjcyZjA5NTkwL3Byb3ZpZGVycy9NaWNyb3NvZnQuQ29tcHV0ZS9sb2NhdGlvbnMvd2VzdGNlbnRyYWx1cy9EaXNrT3BlcmF0aW9ucy9mZGE0N2UxMC1kNmE3LTRlYWItYjlhYi00OTVkODY2MDdhMjQ/YXBpLXZlcnNpb249MjAxOC0wNi0wMQ==",
      "RequestMethod": "GET",
      "RequestBody": "",
      "RequestHeaders": {
        "User-Agent": [
          "FxVersion/4.6.26725.06",
          "OSName/Windows",
          "OSVersion/Microsoft.Windows.10.0.17763.",
          "Microsoft.Azure.Management.Compute.Fluent.ComputeManagementClient/1.19.0.0",
          "MacAddressHash/1706214d8731cf2405675fdf5fb8b4bf75f06e7a9bb34e8d93f8f4a5d61acc28"
        ]
      },
      "ResponseHeaders": {
        "Cache-Control": [
          "no-cache"
        ],
        "Pragma": [
          "no-cache"
        ],
        "x-ms-ratelimit-remaining-resource": [
          "Microsoft.Compute/GetOperation3Min;49972,Microsoft.Compute/GetOperation30Min;399955"
        ],
        "Strict-Transport-Security": [
          "max-age=31536000; includeSubDomains"
        ],
        "x-ms-served-by": [
          "c7be8819-8178-488e-b751-923f11b1b57c_131881310768524998"
        ],
        "x-ms-request-id": [
          "628f27b2-3822-40fe-8a9e-46a29ad04e54"
        ],
        "Server": [
          "Microsoft-HTTPAPI/2.0",
          "Microsoft-HTTPAPI/2.0"
        ],
        "x-ms-ratelimit-remaining-subscription-reads": [
          "11992"
        ],
        "x-ms-correlation-request-id": [
          "02a3653f-5213-4021-9de6-ac7e9324d29c"
        ],
        "x-ms-routing-request-id": [
          "WESTUS2:20190301T035945Z:02a3653f-5213-4021-9de6-ac7e9324d29c"
        ],
        "X-Content-Type-Options": [
          "nosniff"
        ],
        "Date": [
          "Fri, 01 Mar 2019 03:59:44 GMT"
        ],
        "Content-Length": [
          "740"
        ],
        "Content-Type": [
          "application/json; charset=utf-8"
        ],
        "Expires": [
          "-1"
        ]
      },
      "ResponseBody": "{\r\n  \"startTime\": \"2019-02-28T19:59:14.9232238-08:00\",\r\n  \"endTime\": \"2019-02-28T19:59:15.0794619-08:00\",\r\n  \"status\": \"Succeeded\",\r\n  \"properties\": {\r\n    \"output\": {\r\n      \"sku\": {\r\n        \"name\": \"Standard_LRS\",\r\n        \"tier\": \"Standard\"\r\n      },\r\n      \"properties\": {\r\n        \"creationData\": {\r\n          \"createOption\": \"Empty\"\r\n        },\r\n        \"diskSizeGB\": 100,\r\n        \"diskIOPSReadWrite\": 500,\r\n        \"diskMBpsReadWrite\": 60,\r\n        \"timeCreated\": \"2019-02-28T19:59:14.9232238-08:00\",\r\n        \"provisioningState\": \"Succeeded\",\r\n        \"diskState\": \"Unattached\"\r\n      },\r\n      \"type\": \"Microsoft.Compute/disks\",\r\n      \"location\": \"westcentralus\",\r\n      \"tags\": {},\r\n      \"id\": \"/subscriptions/0b1f6471-1bf0-4dda-aec3-cb9272f09590/resourceGroups/rgfluentchash-8836/providers/Microsoft.Compute/disks/md-1c2d67701a3d1\",\r\n      \"name\": \"md-1c2d67701a3d1\"\r\n    }\r\n  },\r\n  \"name\": \"fda47e10-d6a7-4eab-b9ab-495d86607a24\"\r\n}",
      "StatusCode": 200
    },
    {
      "RequestUri": "/subscriptions/0b1f6471-1bf0-4dda-aec3-cb9272f09590/resourceGroups/rgfluentchash-8836/providers/Microsoft.Compute/disks/md-1c2d67701a3d1?api-version=2018-06-01",
      "EncodedRequestUri": "L3N1YnNjcmlwdGlvbnMvMGIxZjY0NzEtMWJmMC00ZGRhLWFlYzMtY2I5MjcyZjA5NTkwL3Jlc291cmNlR3JvdXBzL3JnZmx1ZW50Y2hhc2gtODgzNi9wcm92aWRlcnMvTWljcm9zb2Z0LkNvbXB1dGUvZGlza3MvbWQtMWMyZDY3NzAxYTNkMT9hcGktdmVyc2lvbj0yMDE4LTA2LTAx",
      "RequestMethod": "GET",
      "RequestBody": "",
      "RequestHeaders": {
        "User-Agent": [
          "FxVersion/4.6.26725.06",
          "OSName/Windows",
          "OSVersion/Microsoft.Windows.10.0.17763.",
          "Microsoft.Azure.Management.Compute.Fluent.ComputeManagementClient/1.19.0.0",
          "MacAddressHash/1706214d8731cf2405675fdf5fb8b4bf75f06e7a9bb34e8d93f8f4a5d61acc28"
        ]
      },
      "ResponseHeaders": {
        "Cache-Control": [
          "no-cache"
        ],
        "Pragma": [
          "no-cache"
        ],
        "x-ms-ratelimit-remaining-resource": [
          "Microsoft.Compute/LowCostGet3Min;4972,Microsoft.Compute/LowCostGet30Min;39923"
        ],
        "Strict-Transport-Security": [
          "max-age=31536000; includeSubDomains"
        ],
        "x-ms-served-by": [
          "c7be8819-8178-488e-b751-923f11b1b57c_131881310768524998"
        ],
        "x-ms-request-id": [
          "836048fe-bd32-4b0e-8f06-00175ee9b98b"
        ],
        "Server": [
          "Microsoft-HTTPAPI/2.0",
          "Microsoft-HTTPAPI/2.0"
        ],
        "x-ms-ratelimit-remaining-subscription-reads": [
          "11991"
        ],
        "x-ms-correlation-request-id": [
          "2f85c8ac-ea65-4ffd-9f19-111ac0254901"
        ],
        "x-ms-routing-request-id": [
          "WESTUS2:20190301T035945Z:2f85c8ac-ea65-4ffd-9f19-111ac0254901"
        ],
        "X-Content-Type-Options": [
          "nosniff"
        ],
        "Date": [
          "Fri, 01 Mar 2019 03:59:44 GMT"
        ],
        "Content-Length": [
          "638"
        ],
        "Content-Type": [
          "application/json; charset=utf-8"
        ],
        "Expires": [
          "-1"
        ]
      },
      "ResponseBody": "{\r\n  \"sku\": {\r\n    \"name\": \"Standard_LRS\",\r\n    \"tier\": \"Standard\"\r\n  },\r\n  \"properties\": {\r\n    \"creationData\": {\r\n      \"createOption\": \"Empty\"\r\n    },\r\n    \"diskSizeGB\": 100,\r\n    \"diskIOPSReadWrite\": 500,\r\n    \"diskMBpsReadWrite\": 60,\r\n    \"timeCreated\": \"2019-02-28T19:59:14.9232238-08:00\",\r\n    \"provisioningState\": \"Succeeded\",\r\n    \"diskState\": \"Unattached\"\r\n  },\r\n  \"type\": \"Microsoft.Compute/disks\",\r\n  \"location\": \"westcentralus\",\r\n  \"tags\": {},\r\n  \"id\": \"/subscriptions/0b1f6471-1bf0-4dda-aec3-cb9272f09590/resourceGroups/rgfluentchash-8836/providers/Microsoft.Compute/disks/md-1c2d67701a3d1\",\r\n  \"name\": \"md-1c2d67701a3d1\"\r\n}",
      "StatusCode": 200
    },
    {
      "RequestUri": "/subscriptions/0b1f6471-1bf0-4dda-aec3-cb9272f09590/resourceGroups/rgfluentchash-8836/providers/Microsoft.Compute/disks/md-2d837995312fc?api-version=2018-06-01",
      "EncodedRequestUri": "L3N1YnNjcmlwdGlvbnMvMGIxZjY0NzEtMWJmMC00ZGRhLWFlYzMtY2I5MjcyZjA5NTkwL3Jlc291cmNlR3JvdXBzL3JnZmx1ZW50Y2hhc2gtODgzNi9wcm92aWRlcnMvTWljcm9zb2Z0LkNvbXB1dGUvZGlza3MvbWQtMmQ4Mzc5OTUzMTJmYz9hcGktdmVyc2lvbj0yMDE4LTA2LTAx",
      "RequestMethod": "PUT",
      "RequestBody": "{\r\n  \"sku\": {\r\n    \"name\": \"Standard_LRS\"\r\n  },\r\n  \"properties\": {\r\n    \"creationData\": {\r\n      \"createOption\": \"Copy\",\r\n      \"sourceResourceId\": \"/subscriptions/0b1f6471-1bf0-4dda-aec3-cb9272f09590/resourceGroups/rgfluentchash-8836/providers/Microsoft.Compute/disks/md-1c2d67701a3d1\"\r\n    },\r\n    \"diskSizeGB\": 200\r\n  },\r\n  \"location\": \"westcentralus\",\r\n  \"tags\": {}\r\n}",
      "RequestHeaders": {
        "x-ms-client-request-id": [
          "a7343a6a-db37-40dc-a9e7-ca0a0a9dcc18"
        ],
        "Accept-Language": [
          "en-US"
        ],
        "User-Agent": [
          "FxVersion/4.6.26725.06",
          "OSName/Windows",
          "OSVersion/Microsoft.Windows.10.0.17763.",
          "Microsoft.Azure.Management.Compute.Fluent.ComputeManagementClient/1.19.0.0",
          "MacAddressHash/1706214d8731cf2405675fdf5fb8b4bf75f06e7a9bb34e8d93f8f4a5d61acc28"
        ],
        "Content-Type": [
          "application/json; charset=utf-8"
        ],
        "Content-Length": [
          "372"
        ]
      },
      "ResponseHeaders": {
        "Cache-Control": [
          "no-cache"
        ],
        "Pragma": [
          "no-cache"
        ],
        "Location": [
          "https://management.azure.com/subscriptions/0b1f6471-1bf0-4dda-aec3-cb9272f09590/providers/Microsoft.Compute/locations/westcentralus/DiskOperations/c30efc6e-7756-4b9d-8e43-d18290630c05?monitor=true&api-version=2018-06-01"
        ],
        "Azure-AsyncOperation": [
          "https://management.azure.com/subscriptions/0b1f6471-1bf0-4dda-aec3-cb9272f09590/providers/Microsoft.Compute/locations/westcentralus/DiskOperations/c30efc6e-7756-4b9d-8e43-d18290630c05?api-version=2018-06-01"
        ],
        "x-ms-ratelimit-remaining-resource": [
          "Microsoft.Compute/CreateUpdateDisks3Min;995,Microsoft.Compute/CreateUpdateDisks30Min;7991"
        ],
        "Strict-Transport-Security": [
          "max-age=31536000; includeSubDomains"
        ],
        "x-ms-served-by": [
          "c7be8819-8178-488e-b751-923f11b1b57c_131881310768524998"
        ],
        "x-ms-request-id": [
          "c30efc6e-7756-4b9d-8e43-d18290630c05"
        ],
        "Server": [
          "Microsoft-HTTPAPI/2.0",
          "Microsoft-HTTPAPI/2.0"
        ],
        "x-ms-ratelimit-remaining-subscription-writes": [
          "1193"
        ],
        "x-ms-correlation-request-id": [
          "68a5d425-3f58-4cf0-a059-b4e7c078aa71"
        ],
        "x-ms-routing-request-id": [
          "WESTUS2:20190301T035945Z:68a5d425-3f58-4cf0-a059-b4e7c078aa71"
        ],
        "X-Content-Type-Options": [
          "nosniff"
        ],
        "Date": [
          "Fri, 01 Mar 2019 03:59:45 GMT"
        ],
        "Content-Length": [
          "469"
        ],
        "Content-Type": [
          "application/json; charset=utf-8"
        ],
        "Expires": [
          "-1"
        ]
      },
      "ResponseBody": "{\r\n  \"sku\": {\r\n    \"name\": \"Standard_LRS\"\r\n  },\r\n  \"properties\": {\r\n    \"creationData\": {\r\n      \"createOption\": \"Copy\",\r\n      \"sourceResourceId\": \"/subscriptions/0b1f6471-1bf0-4dda-aec3-cb9272f09590/resourceGroups/rgfluentchash-8836/providers/Microsoft.Compute/disks/md-1c2d67701a3d1\"\r\n    },\r\n    \"diskSizeGB\": 200,\r\n    \"provisioningState\": \"Updating\",\r\n    \"isArmResource\": true\r\n  },\r\n  \"location\": \"westcentralus\",\r\n  \"tags\": {},\r\n  \"name\": \"md-2d837995312fc\"\r\n}",
      "StatusCode": 202
    },
    {
      "RequestUri": "/subscriptions/0b1f6471-1bf0-4dda-aec3-cb9272f09590/providers/Microsoft.Compute/locations/westcentralus/DiskOperations/c30efc6e-7756-4b9d-8e43-d18290630c05?api-version=2018-06-01",
      "EncodedRequestUri": "L3N1YnNjcmlwdGlvbnMvMGIxZjY0NzEtMWJmMC00ZGRhLWFlYzMtY2I5MjcyZjA5NTkwL3Byb3ZpZGVycy9NaWNyb3NvZnQuQ29tcHV0ZS9sb2NhdGlvbnMvd2VzdGNlbnRyYWx1cy9EaXNrT3BlcmF0aW9ucy9jMzBlZmM2ZS03NzU2LTRiOWQtOGU0My1kMTgyOTA2MzBjMDU/YXBpLXZlcnNpb249MjAxOC0wNi0wMQ==",
      "RequestMethod": "GET",
      "RequestBody": "",
      "RequestHeaders": {
        "User-Agent": [
          "FxVersion/4.6.26725.06",
          "OSName/Windows",
          "OSVersion/Microsoft.Windows.10.0.17763.",
          "Microsoft.Azure.Management.Compute.Fluent.ComputeManagementClient/1.19.0.0",
          "MacAddressHash/1706214d8731cf2405675fdf5fb8b4bf75f06e7a9bb34e8d93f8f4a5d61acc28"
        ]
      },
      "ResponseHeaders": {
        "Cache-Control": [
          "no-cache"
        ],
        "Pragma": [
          "no-cache"
        ],
        "x-ms-ratelimit-remaining-resource": [
          "Microsoft.Compute/GetOperation3Min;49978,Microsoft.Compute/GetOperation30Min;399952"
        ],
        "Strict-Transport-Security": [
          "max-age=31536000; includeSubDomains"
        ],
        "x-ms-served-by": [
          "c7be8819-8178-488e-b751-923f11b1b57c_131881310768524998"
        ],
        "x-ms-request-id": [
          "5eec8181-cdac-4111-8802-692fb24a4c61"
        ],
        "Server": [
          "Microsoft-HTTPAPI/2.0",
          "Microsoft-HTTPAPI/2.0"
        ],
        "x-ms-ratelimit-remaining-subscription-reads": [
          "11990"
        ],
        "x-ms-correlation-request-id": [
          "2880dfc2-7a2d-49db-a081-e36fe8db42c6"
        ],
        "x-ms-routing-request-id": [
          "WESTUS2:20190301T040015Z:2880dfc2-7a2d-49db-a081-e36fe8db42c6"
        ],
        "X-Content-Type-Options": [
          "nosniff"
        ],
        "Date": [
          "Fri, 01 Mar 2019 04:00:14 GMT"
        ],
        "Content-Length": [
          "897"
        ],
        "Content-Type": [
          "application/json; charset=utf-8"
        ],
        "Expires": [
          "-1"
        ]
      },
      "ResponseBody": "{\r\n  \"startTime\": \"2019-02-28T19:59:45.5327532-08:00\",\r\n  \"endTime\": \"2019-02-28T19:59:46.2827597-08:00\",\r\n  \"status\": \"Succeeded\",\r\n  \"properties\": {\r\n    \"output\": {\r\n      \"sku\": {\r\n        \"name\": \"Standard_LRS\",\r\n        \"tier\": \"Standard\"\r\n      },\r\n      \"properties\": {\r\n        \"creationData\": {\r\n          \"createOption\": \"Copy\",\r\n          \"sourceResourceId\": \"/subscriptions/0b1f6471-1bf0-4dda-aec3-cb9272f09590/resourceGroups/rgfluentchash-8836/providers/Microsoft.Compute/disks/md-1c2d67701a3d1\"\r\n        },\r\n        \"diskSizeGB\": 200,\r\n        \"diskIOPSReadWrite\": 500,\r\n        \"diskMBpsReadWrite\": 60,\r\n        \"timeCreated\": \"2019-02-28T19:59:45.5327532-08:00\",\r\n        \"provisioningState\": \"Succeeded\",\r\n        \"diskState\": \"Unattached\"\r\n      },\r\n      \"type\": \"Microsoft.Compute/disks\",\r\n      \"location\": \"westcentralus\",\r\n      \"tags\": {},\r\n      \"id\": \"/subscriptions/0b1f6471-1bf0-4dda-aec3-cb9272f09590/resourceGroups/rgfluentchash-8836/providers/Microsoft.Compute/disks/md-2d837995312fc\",\r\n      \"name\": \"md-2d837995312fc\"\r\n    }\r\n  },\r\n  \"name\": \"c30efc6e-7756-4b9d-8e43-d18290630c05\"\r\n}",
      "StatusCode": 200
    },
    {
      "RequestUri": "/subscriptions/0b1f6471-1bf0-4dda-aec3-cb9272f09590/resourceGroups/rgfluentchash-8836/providers/Microsoft.Compute/disks/md-2d837995312fc?api-version=2018-06-01",
      "EncodedRequestUri": "L3N1YnNjcmlwdGlvbnMvMGIxZjY0NzEtMWJmMC00ZGRhLWFlYzMtY2I5MjcyZjA5NTkwL3Jlc291cmNlR3JvdXBzL3JnZmx1ZW50Y2hhc2gtODgzNi9wcm92aWRlcnMvTWljcm9zb2Z0LkNvbXB1dGUvZGlza3MvbWQtMmQ4Mzc5OTUzMTJmYz9hcGktdmVyc2lvbj0yMDE4LTA2LTAx",
      "RequestMethod": "GET",
      "RequestBody": "",
      "RequestHeaders": {
        "User-Agent": [
          "FxVersion/4.6.26725.06",
          "OSName/Windows",
          "OSVersion/Microsoft.Windows.10.0.17763.",
          "Microsoft.Azure.Management.Compute.Fluent.ComputeManagementClient/1.19.0.0",
          "MacAddressHash/1706214d8731cf2405675fdf5fb8b4bf75f06e7a9bb34e8d93f8f4a5d61acc28"
        ]
      },
      "ResponseHeaders": {
        "Cache-Control": [
          "no-cache"
        ],
        "Pragma": [
          "no-cache"
        ],
        "x-ms-ratelimit-remaining-resource": [
          "Microsoft.Compute/LowCostGet3Min;4972,Microsoft.Compute/LowCostGet30Min;39919"
        ],
        "Strict-Transport-Security": [
          "max-age=31536000; includeSubDomains"
        ],
        "x-ms-served-by": [
          "c7be8819-8178-488e-b751-923f11b1b57c_131881310768524998"
        ],
        "x-ms-request-id": [
          "962df157-eb2e-4919-a4ed-b8ad525b32e7"
        ],
        "Server": [
          "Microsoft-HTTPAPI/2.0",
          "Microsoft-HTTPAPI/2.0"
        ],
        "x-ms-ratelimit-remaining-subscription-reads": [
          "11989"
        ],
        "x-ms-correlation-request-id": [
          "526c63ac-4f94-4090-a0b3-e53316ea1aa4"
        ],
        "x-ms-routing-request-id": [
          "WESTUS2:20190301T040015Z:526c63ac-4f94-4090-a0b3-e53316ea1aa4"
        ],
        "X-Content-Type-Options": [
          "nosniff"
        ],
        "Date": [
          "Fri, 01 Mar 2019 04:00:15 GMT"
        ],
        "Content-Length": [
          "804"
        ],
        "Content-Type": [
          "application/json; charset=utf-8"
        ],
        "Expires": [
          "-1"
        ]
      },
      "ResponseBody": "{\r\n  \"sku\": {\r\n    \"name\": \"Standard_LRS\",\r\n    \"tier\": \"Standard\"\r\n  },\r\n  \"properties\": {\r\n    \"creationData\": {\r\n      \"createOption\": \"Copy\",\r\n      \"sourceResourceId\": \"/subscriptions/0b1f6471-1bf0-4dda-aec3-cb9272f09590/resourceGroups/rgfluentchash-8836/providers/Microsoft.Compute/disks/md-1c2d67701a3d1\"\r\n    },\r\n    \"diskSizeGB\": 200,\r\n    \"diskIOPSReadWrite\": 500,\r\n    \"diskMBpsReadWrite\": 60,\r\n    \"timeCreated\": \"2019-02-28T19:59:45.5327532-08:00\",\r\n    \"provisioningState\": \"Succeeded\",\r\n    \"diskState\": \"Unattached\"\r\n  },\r\n  \"type\": \"Microsoft.Compute/disks\",\r\n  \"location\": \"westcentralus\",\r\n  \"tags\": {},\r\n  \"id\": \"/subscriptions/0b1f6471-1bf0-4dda-aec3-cb9272f09590/resourceGroups/rgfluentchash-8836/providers/Microsoft.Compute/disks/md-2d837995312fc\",\r\n  \"name\": \"md-2d837995312fc\"\r\n}",
      "StatusCode": 200
    },
    {
      "RequestUri": "/subscriptions/0b1f6471-1bf0-4dda-aec3-cb9272f09590/resourceGroups/rgfluentchash-8836/providers/Microsoft.Compute/disks/md-2d837995312fc?api-version=2018-06-01",
      "EncodedRequestUri": "L3N1YnNjcmlwdGlvbnMvMGIxZjY0NzEtMWJmMC00ZGRhLWFlYzMtY2I5MjcyZjA5NTkwL3Jlc291cmNlR3JvdXBzL3JnZmx1ZW50Y2hhc2gtODgzNi9wcm92aWRlcnMvTWljcm9zb2Z0LkNvbXB1dGUvZGlza3MvbWQtMmQ4Mzc5OTUzMTJmYz9hcGktdmVyc2lvbj0yMDE4LTA2LTAx",
      "RequestMethod": "GET",
      "RequestBody": "",
      "RequestHeaders": {
        "x-ms-client-request-id": [
          "99cb85a8-17f7-42b7-b702-c62a66c794f6"
        ],
        "Accept-Language": [
          "en-US"
        ],
        "User-Agent": [
          "FxVersion/4.6.26725.06",
          "OSName/Windows",
          "OSVersion/Microsoft.Windows.10.0.17763.",
          "Microsoft.Azure.Management.Compute.Fluent.ComputeManagementClient/1.19.0.0",
          "MacAddressHash/1706214d8731cf2405675fdf5fb8b4bf75f06e7a9bb34e8d93f8f4a5d61acc28"
        ]
      },
      "ResponseHeaders": {
        "Cache-Control": [
          "no-cache"
        ],
        "Pragma": [
          "no-cache"
        ],
        "x-ms-ratelimit-remaining-resource": [
          "Microsoft.Compute/LowCostGet3Min;4971,Microsoft.Compute/LowCostGet30Min;39918"
        ],
        "Strict-Transport-Security": [
          "max-age=31536000; includeSubDomains"
        ],
        "x-ms-served-by": [
          "c7be8819-8178-488e-b751-923f11b1b57c_131881310768524998"
        ],
        "x-ms-request-id": [
          "7773bfc9-0934-44bb-97c4-b68f6d57b77d"
        ],
        "Server": [
          "Microsoft-HTTPAPI/2.0",
          "Microsoft-HTTPAPI/2.0"
        ],
        "x-ms-ratelimit-remaining-subscription-reads": [
          "11988"
        ],
        "x-ms-correlation-request-id": [
          "6f06ef23-e86f-46f5-9726-a6df7fe5ff62"
        ],
        "x-ms-routing-request-id": [
          "WESTUS2:20190301T040015Z:6f06ef23-e86f-46f5-9726-a6df7fe5ff62"
        ],
        "X-Content-Type-Options": [
          "nosniff"
        ],
        "Date": [
          "Fri, 01 Mar 2019 04:00:15 GMT"
        ],
        "Content-Length": [
          "804"
        ],
        "Content-Type": [
          "application/json; charset=utf-8"
        ],
        "Expires": [
          "-1"
        ]
      },
      "ResponseBody": "{\r\n  \"sku\": {\r\n    \"name\": \"Standard_LRS\",\r\n    \"tier\": \"Standard\"\r\n  },\r\n  \"properties\": {\r\n    \"creationData\": {\r\n      \"createOption\": \"Copy\",\r\n      \"sourceResourceId\": \"/subscriptions/0b1f6471-1bf0-4dda-aec3-cb9272f09590/resourceGroups/rgfluentchash-8836/providers/Microsoft.Compute/disks/md-1c2d67701a3d1\"\r\n    },\r\n    \"diskSizeGB\": 200,\r\n    \"diskIOPSReadWrite\": 500,\r\n    \"diskMBpsReadWrite\": 60,\r\n    \"timeCreated\": \"2019-02-28T19:59:45.5327532-08:00\",\r\n    \"provisioningState\": \"Succeeded\",\r\n    \"diskState\": \"Unattached\"\r\n  },\r\n  \"type\": \"Microsoft.Compute/disks\",\r\n  \"location\": \"westcentralus\",\r\n  \"tags\": {},\r\n  \"id\": \"/subscriptions/0b1f6471-1bf0-4dda-aec3-cb9272f09590/resourceGroups/rgfluentchash-8836/providers/Microsoft.Compute/disks/md-2d837995312fc\",\r\n  \"name\": \"md-2d837995312fc\"\r\n}",
      "StatusCode": 200
    },
    {
      "RequestUri": "/subscriptions/0b1f6471-1bf0-4dda-aec3-cb9272f09590/resourceGroups/rgfluentchash-8836/providers/Microsoft.Compute/disks/md-1c2d67701a3d1?api-version=2018-06-01",
      "EncodedRequestUri": "L3N1YnNjcmlwdGlvbnMvMGIxZjY0NzEtMWJmMC00ZGRhLWFlYzMtY2I5MjcyZjA5NTkwL3Jlc291cmNlR3JvdXBzL3JnZmx1ZW50Y2hhc2gtODgzNi9wcm92aWRlcnMvTWljcm9zb2Z0LkNvbXB1dGUvZGlza3MvbWQtMWMyZDY3NzAxYTNkMT9hcGktdmVyc2lvbj0yMDE4LTA2LTAx",
      "RequestMethod": "DELETE",
      "RequestBody": "",
      "RequestHeaders": {
        "x-ms-client-request-id": [
          "12c745a6-a4e6-40c8-908b-07d2ebf03731"
        ],
        "Accept-Language": [
          "en-US"
        ],
        "User-Agent": [
          "FxVersion/4.6.26725.06",
          "OSName/Windows",
          "OSVersion/Microsoft.Windows.10.0.17763.",
          "Microsoft.Azure.Management.Compute.Fluent.ComputeManagementClient/1.19.0.0",
          "MacAddressHash/1706214d8731cf2405675fdf5fb8b4bf75f06e7a9bb34e8d93f8f4a5d61acc28"
        ]
      },
      "ResponseHeaders": {
        "Cache-Control": [
          "no-cache"
        ],
        "Pragma": [
          "no-cache"
        ],
        "Location": [
          "https://management.azure.com/subscriptions/0b1f6471-1bf0-4dda-aec3-cb9272f09590/providers/Microsoft.Compute/locations/westcentralus/DiskOperations/c4f63c8b-c0ae-4ec0-89b2-caa7c988a08c?monitor=true&api-version=2018-06-01"
        ],
        "Azure-AsyncOperation": [
          "https://management.azure.com/subscriptions/0b1f6471-1bf0-4dda-aec3-cb9272f09590/providers/Microsoft.Compute/locations/westcentralus/DiskOperations/c4f63c8b-c0ae-4ec0-89b2-caa7c988a08c?api-version=2018-06-01"
        ],
        "x-ms-ratelimit-remaining-resource": [
          "Microsoft.Compute/DeleteDisks3Min;997,Microsoft.Compute/DeleteDisks30Min;7994"
        ],
        "Strict-Transport-Security": [
          "max-age=31536000; includeSubDomains"
        ],
        "x-ms-served-by": [
          "c7be8819-8178-488e-b751-923f11b1b57c_131881310768524998"
        ],
        "x-ms-request-id": [
          "c4f63c8b-c0ae-4ec0-89b2-caa7c988a08c"
        ],
        "Server": [
          "Microsoft-HTTPAPI/2.0",
          "Microsoft-HTTPAPI/2.0"
        ],
        "x-ms-ratelimit-remaining-subscription-deletes": [
          "14999"
        ],
        "x-ms-correlation-request-id": [
          "b64787c1-5940-41f4-8190-0dfdd4e270f7"
        ],
        "x-ms-routing-request-id": [
          "WESTUS2:20190301T040016Z:b64787c1-5940-41f4-8190-0dfdd4e270f7"
        ],
        "X-Content-Type-Options": [
          "nosniff"
        ],
        "Date": [
          "Fri, 01 Mar 2019 04:00:15 GMT"
        ],
        "Expires": [
          "-1"
        ],
        "Content-Length": [
          "0"
        ]
      },
      "ResponseBody": "",
      "StatusCode": 202
    },
    {
      "RequestUri": "/subscriptions/0b1f6471-1bf0-4dda-aec3-cb9272f09590/providers/Microsoft.Compute/locations/westcentralus/DiskOperations/c4f63c8b-c0ae-4ec0-89b2-caa7c988a08c?api-version=2018-06-01",
      "EncodedRequestUri": "L3N1YnNjcmlwdGlvbnMvMGIxZjY0NzEtMWJmMC00ZGRhLWFlYzMtY2I5MjcyZjA5NTkwL3Byb3ZpZGVycy9NaWNyb3NvZnQuQ29tcHV0ZS9sb2NhdGlvbnMvd2VzdGNlbnRyYWx1cy9EaXNrT3BlcmF0aW9ucy9jNGY2M2M4Yi1jMGFlLTRlYzAtODliMi1jYWE3Yzk4OGEwOGM/YXBpLXZlcnNpb249MjAxOC0wNi0wMQ==",
      "RequestMethod": "GET",
      "RequestBody": "",
      "RequestHeaders": {
        "User-Agent": [
          "FxVersion/4.6.26725.06",
          "OSName/Windows",
          "OSVersion/Microsoft.Windows.10.0.17763.",
          "Microsoft.Azure.Management.Compute.Fluent.ComputeManagementClient/1.19.0.0",
          "MacAddressHash/1706214d8731cf2405675fdf5fb8b4bf75f06e7a9bb34e8d93f8f4a5d61acc28"
        ]
      },
      "ResponseHeaders": {
        "Cache-Control": [
          "no-cache"
        ],
        "Pragma": [
          "no-cache"
        ],
        "x-ms-ratelimit-remaining-resource": [
          "Microsoft.Compute/GetOperation3Min;49979,Microsoft.Compute/GetOperation30Min;399947"
        ],
        "Strict-Transport-Security": [
          "max-age=31536000; includeSubDomains"
        ],
        "x-ms-served-by": [
          "c7be8819-8178-488e-b751-923f11b1b57c_131881310768524998"
        ],
        "x-ms-request-id": [
          "3edccd01-e938-4339-847a-35958f25b92c"
        ],
        "x-ms-ratelimit-remaining-subscription-reads": [
          "11987"
        ],
        "Server": [
          "Microsoft-HTTPAPI/2.0",
          "Microsoft-HTTPAPI/2.0"
        ],
        "x-ms-correlation-request-id": [
          "87b37c80-96c9-4e8f-8e4c-797855163070"
        ],
        "x-ms-routing-request-id": [
          "WESTUS2:20190301T040046Z:87b37c80-96c9-4e8f-8e4c-797855163070"
        ],
        "X-Content-Type-Options": [
          "nosniff"
        ],
        "Date": [
          "Fri, 01 Mar 2019 04:00:45 GMT"
        ],
        "Content-Length": [
          "184"
        ],
        "Content-Type": [
          "application/json; charset=utf-8"
        ],
        "Expires": [
          "-1"
        ]
      },
      "ResponseBody": "{\r\n  \"startTime\": \"2019-02-28T20:00:15.9704484-08:00\",\r\n  \"endTime\": \"2019-02-28T20:00:16.2204774-08:00\",\r\n  \"status\": \"Succeeded\",\r\n  \"name\": \"c4f63c8b-c0ae-4ec0-89b2-caa7c988a08c\"\r\n}",
      "StatusCode": 200
    },
    {
      "RequestUri": "/subscriptions/0b1f6471-1bf0-4dda-aec3-cb9272f09590/providers/Microsoft.Compute/locations/westcentralus/DiskOperations/c4f63c8b-c0ae-4ec0-89b2-caa7c988a08c?monitor=true&api-version=2018-06-01",
      "EncodedRequestUri": "L3N1YnNjcmlwdGlvbnMvMGIxZjY0NzEtMWJmMC00ZGRhLWFlYzMtY2I5MjcyZjA5NTkwL3Byb3ZpZGVycy9NaWNyb3NvZnQuQ29tcHV0ZS9sb2NhdGlvbnMvd2VzdGNlbnRyYWx1cy9EaXNrT3BlcmF0aW9ucy9jNGY2M2M4Yi1jMGFlLTRlYzAtODliMi1jYWE3Yzk4OGEwOGM/bW9uaXRvcj10cnVlJmFwaS12ZXJzaW9uPTIwMTgtMDYtMDE=",
      "RequestMethod": "GET",
      "RequestBody": "",
      "RequestHeaders": {
        "User-Agent": [
          "FxVersion/4.6.26725.06",
          "OSName/Windows",
          "OSVersion/Microsoft.Windows.10.0.17763.",
          "Microsoft.Azure.Management.Compute.Fluent.ComputeManagementClient/1.19.0.0",
          "MacAddressHash/1706214d8731cf2405675fdf5fb8b4bf75f06e7a9bb34e8d93f8f4a5d61acc28"
        ]
      },
      "ResponseHeaders": {
        "Cache-Control": [
          "no-cache"
        ],
        "Pragma": [
          "no-cache"
        ],
        "x-ms-ratelimit-remaining-resource": [
          "Microsoft.Compute/GetOperation3Min;49978,Microsoft.Compute/GetOperation30Min;399946"
        ],
        "Strict-Transport-Security": [
          "max-age=31536000; includeSubDomains"
        ],
        "x-ms-served-by": [
          "c7be8819-8178-488e-b751-923f11b1b57c_131881310768524998"
        ],
        "x-ms-request-id": [
          "4614c6c0-7c0d-4583-a3ba-9f0c20ae0046"
        ],
        "Server": [
          "Microsoft-HTTPAPI/2.0",
          "Microsoft-HTTPAPI/2.0"
        ],
        "x-ms-ratelimit-remaining-subscription-reads": [
          "11986"
        ],
        "x-ms-correlation-request-id": [
          "e29bf23f-0f2e-4550-8608-9f1e134ab620"
        ],
        "x-ms-routing-request-id": [
          "WESTUS2:20190301T040046Z:e29bf23f-0f2e-4550-8608-9f1e134ab620"
        ],
        "X-Content-Type-Options": [
          "nosniff"
        ],
        "Date": [
          "Fri, 01 Mar 2019 04:00:46 GMT"
        ],
        "Expires": [
          "-1"
        ],
        "Content-Length": [
          "0"
        ]
      },
      "ResponseBody": "",
      "StatusCode": 200
    },
    {
      "RequestUri": "/subscriptions/0b1f6471-1bf0-4dda-aec3-cb9272f09590/resourceGroups/rgfluentchash-8836/providers/Microsoft.Compute/disks/md-2d837995312fc?api-version=2018-06-01",
      "EncodedRequestUri": "L3N1YnNjcmlwdGlvbnMvMGIxZjY0NzEtMWJmMC00ZGRhLWFlYzMtY2I5MjcyZjA5NTkwL3Jlc291cmNlR3JvdXBzL3JnZmx1ZW50Y2hhc2gtODgzNi9wcm92aWRlcnMvTWljcm9zb2Z0LkNvbXB1dGUvZGlza3MvbWQtMmQ4Mzc5OTUzMTJmYz9hcGktdmVyc2lvbj0yMDE4LTA2LTAx",
      "RequestMethod": "DELETE",
      "RequestBody": "",
      "RequestHeaders": {
        "x-ms-client-request-id": [
          "13f3b3f4-2357-42aa-80d0-697530dad907"
        ],
        "Accept-Language": [
          "en-US"
        ],
        "User-Agent": [
          "FxVersion/4.6.26725.06",
          "OSName/Windows",
          "OSVersion/Microsoft.Windows.10.0.17763.",
          "Microsoft.Azure.Management.Compute.Fluent.ComputeManagementClient/1.19.0.0",
          "MacAddressHash/1706214d8731cf2405675fdf5fb8b4bf75f06e7a9bb34e8d93f8f4a5d61acc28"
        ]
      },
      "ResponseHeaders": {
        "Cache-Control": [
          "no-cache"
        ],
        "Pragma": [
          "no-cache"
        ],
        "Location": [
          "https://management.azure.com/subscriptions/0b1f6471-1bf0-4dda-aec3-cb9272f09590/providers/Microsoft.Compute/locations/westcentralus/DiskOperations/9db5da38-41f5-4f14-8799-3bd6cf94f9be?monitor=true&api-version=2018-06-01"
        ],
        "Azure-AsyncOperation": [
          "https://management.azure.com/subscriptions/0b1f6471-1bf0-4dda-aec3-cb9272f09590/providers/Microsoft.Compute/locations/westcentralus/DiskOperations/9db5da38-41f5-4f14-8799-3bd6cf94f9be?api-version=2018-06-01"
        ],
        "x-ms-ratelimit-remaining-resource": [
          "Microsoft.Compute/DeleteDisks3Min;996,Microsoft.Compute/DeleteDisks30Min;7992"
        ],
        "Strict-Transport-Security": [
          "max-age=31536000; includeSubDomains"
        ],
        "x-ms-served-by": [
          "c7be8819-8178-488e-b751-923f11b1b57c_131881310768524998"
        ],
        "x-ms-request-id": [
          "9db5da38-41f5-4f14-8799-3bd6cf94f9be"
        ],
        "Server": [
          "Microsoft-HTTPAPI/2.0",
          "Microsoft-HTTPAPI/2.0"
        ],
        "x-ms-ratelimit-remaining-subscription-deletes": [
          "14998"
        ],
        "x-ms-correlation-request-id": [
          "e5791ac9-8f06-495e-b82f-c1ca52a5ca38"
        ],
        "x-ms-routing-request-id": [
          "WESTUS2:20190301T040046Z:e5791ac9-8f06-495e-b82f-c1ca52a5ca38"
        ],
        "X-Content-Type-Options": [
          "nosniff"
        ],
        "Date": [
          "Fri, 01 Mar 2019 04:00:46 GMT"
        ],
        "Expires": [
          "-1"
        ],
        "Content-Length": [
          "0"
        ]
      },
      "ResponseBody": "",
      "StatusCode": 202
    },
    {
      "RequestUri": "/subscriptions/0b1f6471-1bf0-4dda-aec3-cb9272f09590/providers/Microsoft.Compute/locations/westcentralus/DiskOperations/9db5da38-41f5-4f14-8799-3bd6cf94f9be?api-version=2018-06-01",
      "EncodedRequestUri": "L3N1YnNjcmlwdGlvbnMvMGIxZjY0NzEtMWJmMC00ZGRhLWFlYzMtY2I5MjcyZjA5NTkwL3Byb3ZpZGVycy9NaWNyb3NvZnQuQ29tcHV0ZS9sb2NhdGlvbnMvd2VzdGNlbnRyYWx1cy9EaXNrT3BlcmF0aW9ucy85ZGI1ZGEzOC00MWY1LTRmMTQtODc5OS0zYmQ2Y2Y5NGY5YmU/YXBpLXZlcnNpb249MjAxOC0wNi0wMQ==",
      "RequestMethod": "GET",
      "RequestBody": "",
      "RequestHeaders": {
        "User-Agent": [
          "FxVersion/4.6.26725.06",
          "OSName/Windows",
          "OSVersion/Microsoft.Windows.10.0.17763.",
          "Microsoft.Azure.Management.Compute.Fluent.ComputeManagementClient/1.19.0.0",
          "MacAddressHash/1706214d8731cf2405675fdf5fb8b4bf75f06e7a9bb34e8d93f8f4a5d61acc28"
        ]
      },
      "ResponseHeaders": {
        "Cache-Control": [
          "no-cache"
        ],
        "Pragma": [
          "no-cache"
        ],
        "x-ms-ratelimit-remaining-resource": [
          "Microsoft.Compute/GetOperation3Min;49979,Microsoft.Compute/GetOperation30Min;399941"
        ],
        "Strict-Transport-Security": [
          "max-age=31536000; includeSubDomains"
        ],
        "x-ms-served-by": [
          "c7be8819-8178-488e-b751-923f11b1b57c_131881310768524998"
        ],
        "x-ms-request-id": [
          "a603d986-b7f7-46a1-8906-6d2bfa58561a"
        ],
        "Server": [
          "Microsoft-HTTPAPI/2.0",
          "Microsoft-HTTPAPI/2.0"
        ],
        "x-ms-ratelimit-remaining-subscription-reads": [
          "11985"
        ],
        "x-ms-correlation-request-id": [
          "1c9f6451-3f85-4bf7-a5f5-20bda6b0aa74"
        ],
        "x-ms-routing-request-id": [
          "WESTUS2:20190301T040116Z:1c9f6451-3f85-4bf7-a5f5-20bda6b0aa74"
        ],
        "X-Content-Type-Options": [
          "nosniff"
        ],
        "Date": [
          "Fri, 01 Mar 2019 04:01:15 GMT"
        ],
        "Content-Length": [
          "184"
        ],
        "Content-Type": [
          "application/json; charset=utf-8"
        ],
        "Expires": [
          "-1"
        ]
      },
      "ResponseBody": "{\r\n  \"startTime\": \"2019-02-28T20:00:46.2831478-08:00\",\r\n  \"endTime\": \"2019-02-28T20:00:46.5331444-08:00\",\r\n  \"status\": \"Succeeded\",\r\n  \"name\": \"9db5da38-41f5-4f14-8799-3bd6cf94f9be\"\r\n}",
      "StatusCode": 200
    },
    {
      "RequestUri": "/subscriptions/0b1f6471-1bf0-4dda-aec3-cb9272f09590/providers/Microsoft.Compute/locations/westcentralus/DiskOperations/9db5da38-41f5-4f14-8799-3bd6cf94f9be?monitor=true&api-version=2018-06-01",
      "EncodedRequestUri": "L3N1YnNjcmlwdGlvbnMvMGIxZjY0NzEtMWJmMC00ZGRhLWFlYzMtY2I5MjcyZjA5NTkwL3Byb3ZpZGVycy9NaWNyb3NvZnQuQ29tcHV0ZS9sb2NhdGlvbnMvd2VzdGNlbnRyYWx1cy9EaXNrT3BlcmF0aW9ucy85ZGI1ZGEzOC00MWY1LTRmMTQtODc5OS0zYmQ2Y2Y5NGY5YmU/bW9uaXRvcj10cnVlJmFwaS12ZXJzaW9uPTIwMTgtMDYtMDE=",
      "RequestMethod": "GET",
      "RequestBody": "",
      "RequestHeaders": {
        "User-Agent": [
          "FxVersion/4.6.26725.06",
          "OSName/Windows",
          "OSVersion/Microsoft.Windows.10.0.17763.",
          "Microsoft.Azure.Management.Compute.Fluent.ComputeManagementClient/1.19.0.0",
          "MacAddressHash/1706214d8731cf2405675fdf5fb8b4bf75f06e7a9bb34e8d93f8f4a5d61acc28"
        ]
      },
      "ResponseHeaders": {
        "Cache-Control": [
          "no-cache"
        ],
        "Pragma": [
          "no-cache"
        ],
        "x-ms-ratelimit-remaining-resource": [
          "Microsoft.Compute/GetOperation3Min;49978,Microsoft.Compute/GetOperation30Min;399940"
        ],
        "Strict-Transport-Security": [
          "max-age=31536000; includeSubDomains"
        ],
        "x-ms-served-by": [
          "c7be8819-8178-488e-b751-923f11b1b57c_131881310768524998"
        ],
        "x-ms-request-id": [
          "047b2182-d657-4e2a-96b1-71e131e60ddb"
        ],
        "Server": [
          "Microsoft-HTTPAPI/2.0",
          "Microsoft-HTTPAPI/2.0"
        ],
        "x-ms-ratelimit-remaining-subscription-reads": [
          "11984"
        ],
        "x-ms-correlation-request-id": [
          "d75c4c41-ecbd-4c14-ac35-7ceb4289e475"
        ],
        "x-ms-routing-request-id": [
          "WESTUS2:20190301T040116Z:d75c4c41-ecbd-4c14-ac35-7ceb4289e475"
        ],
        "X-Content-Type-Options": [
          "nosniff"
        ],
        "Date": [
          "Fri, 01 Mar 2019 04:01:15 GMT"
        ],
        "Expires": [
          "-1"
        ],
        "Content-Length": [
          "0"
        ]
      },
      "ResponseBody": "",
      "StatusCode": 200
    },
    {
      "RequestUri": "/subscriptions/0b1f6471-1bf0-4dda-aec3-cb9272f09590/resourcegroups/rgfluentchash-8836?api-version=2017-05-10",
      "EncodedRequestUri": "L3N1YnNjcmlwdGlvbnMvMGIxZjY0NzEtMWJmMC00ZGRhLWFlYzMtY2I5MjcyZjA5NTkwL3Jlc291cmNlZ3JvdXBzL3JnZmx1ZW50Y2hhc2gtODgzNj9hcGktdmVyc2lvbj0yMDE3LTA1LTEw",
      "RequestMethod": "DELETE",
      "RequestBody": "",
      "RequestHeaders": {
        "x-ms-client-request-id": [
          "511e10bd-ceef-47ac-9b01-2fdbf5a778fe"
        ],
        "Accept-Language": [
          "en-US"
        ],
        "User-Agent": [
          "FxVersion/4.6.26725.06",
          "OSName/Windows",
          "OSVersion/Microsoft.Windows.10.0.17763.",
          "Microsoft.Azure.Management.ResourceManager.Fluent.ResourceManagementClient/1.19.0.0",
          "MacAddressHash/1706214d8731cf2405675fdf5fb8b4bf75f06e7a9bb34e8d93f8f4a5d61acc28"
        ]
      },
      "ResponseHeaders": {
        "Cache-Control": [
          "no-cache"
        ],
        "Pragma": [
          "no-cache"
        ],
        "Location": [
          "https://management.azure.com/subscriptions/0b1f6471-1bf0-4dda-aec3-cb9272f09590/operationresults/eyJqb2JJZCI6IlJFU09VUkNFR1JPVVBERUxFVElPTkpPQi1SR0ZMVUVOVENIQVNIOjJEODgzNi1XRVNUQ0VOVFJBTFVTIiwiam9iTG9jYXRpb24iOiJ3ZXN0Y2VudHJhbHVzIn0?api-version=2017-05-10"
        ],
        "Retry-After": [
          "15"
        ],
        "x-ms-ratelimit-remaining-subscription-deletes": [
          "14995"
        ],
        "x-ms-request-id": [
          "0dcbb4ae-521c-4147-98ee-e4f68cc8db4b"
        ],
        "x-ms-correlation-request-id": [
          "0dcbb4ae-521c-4147-98ee-e4f68cc8db4b"
        ],
        "x-ms-routing-request-id": [
          "WESTUS2:20190301T040116Z:0dcbb4ae-521c-4147-98ee-e4f68cc8db4b"
        ],
        "Strict-Transport-Security": [
          "max-age=31536000; includeSubDomains"
        ],
        "X-Content-Type-Options": [
          "nosniff"
        ],
        "Date": [
          "Fri, 01 Mar 2019 04:01:16 GMT"
        ],
        "Expires": [
          "-1"
        ],
        "Content-Length": [
          "0"
        ]
      },
      "ResponseBody": "",
      "StatusCode": 202
    },
    {
      "RequestUri": "/subscriptions/0b1f6471-1bf0-4dda-aec3-cb9272f09590/operationresults/eyJqb2JJZCI6IlJFU09VUkNFR1JPVVBERUxFVElPTkpPQi1SR0ZMVUVOVENIQVNIOjJEODgzNi1XRVNUQ0VOVFJBTFVTIiwiam9iTG9jYXRpb24iOiJ3ZXN0Y2VudHJhbHVzIn0?api-version=2017-05-10",
      "EncodedRequestUri": "L3N1YnNjcmlwdGlvbnMvMGIxZjY0NzEtMWJmMC00ZGRhLWFlYzMtY2I5MjcyZjA5NTkwL29wZXJhdGlvbnJlc3VsdHMvZXlKcWIySkpaQ0k2SWxKRlUwOVZVa05GUjFKUFZWQkVSVXhGVkVsUFRrcFBRaTFTUjBaTVZVVk9WRU5JUVZOSU9qSkVPRGd6TmkxWFJWTlVRMFZPVkZKQlRGVlRJaXdpYW05aVRHOWpZWFJwYjI0aU9pSjNaWE4wWTJWdWRISmhiSFZ6SW4wP2FwaS12ZXJzaW9uPTIwMTctMDUtMTA=",
      "RequestMethod": "GET",
      "RequestBody": "",
      "RequestHeaders": {
        "User-Agent": [
          "FxVersion/4.6.26725.06",
          "OSName/Windows",
          "OSVersion/Microsoft.Windows.10.0.17763.",
          "Microsoft.Azure.Management.ResourceManager.Fluent.ResourceManagementClient/1.19.0.0",
          "MacAddressHash/1706214d8731cf2405675fdf5fb8b4bf75f06e7a9bb34e8d93f8f4a5d61acc28"
        ]
      },
      "ResponseHeaders": {
        "Cache-Control": [
          "no-cache"
        ],
        "Pragma": [
          "no-cache"
        ],
        "Location": [
          "https://management.azure.com/subscriptions/0b1f6471-1bf0-4dda-aec3-cb9272f09590/operationresults/eyJqb2JJZCI6IlJFU09VUkNFR1JPVVBERUxFVElPTkpPQi1SR0ZMVUVOVENIQVNIOjJEODgzNi1XRVNUQ0VOVFJBTFVTIiwiam9iTG9jYXRpb24iOiJ3ZXN0Y2VudHJhbHVzIn0?api-version=2017-05-10"
        ],
        "Retry-After": [
          "15"
        ],
        "x-ms-ratelimit-remaining-subscription-reads": [
          "11929"
        ],
        "x-ms-request-id": [
          "74d11232-55cb-438a-9d1a-aa5d572d96bc"
        ],
        "x-ms-correlation-request-id": [
          "74d11232-55cb-438a-9d1a-aa5d572d96bc"
        ],
        "x-ms-routing-request-id": [
          "WESTUS2:20190301T040132Z:74d11232-55cb-438a-9d1a-aa5d572d96bc"
        ],
        "Strict-Transport-Security": [
          "max-age=31536000; includeSubDomains"
        ],
        "X-Content-Type-Options": [
          "nosniff"
        ],
        "Date": [
          "Fri, 01 Mar 2019 04:01:32 GMT"
        ],
        "Expires": [
          "-1"
        ],
        "Content-Length": [
          "0"
        ]
      },
      "ResponseBody": "",
      "StatusCode": 202
    },
    {
      "RequestUri": "/subscriptions/0b1f6471-1bf0-4dda-aec3-cb9272f09590/operationresults/eyJqb2JJZCI6IlJFU09VUkNFR1JPVVBERUxFVElPTkpPQi1SR0ZMVUVOVENIQVNIOjJEODgzNi1XRVNUQ0VOVFJBTFVTIiwiam9iTG9jYXRpb24iOiJ3ZXN0Y2VudHJhbHVzIn0?api-version=2017-05-10",
      "EncodedRequestUri": "L3N1YnNjcmlwdGlvbnMvMGIxZjY0NzEtMWJmMC00ZGRhLWFlYzMtY2I5MjcyZjA5NTkwL29wZXJhdGlvbnJlc3VsdHMvZXlKcWIySkpaQ0k2SWxKRlUwOVZVa05GUjFKUFZWQkVSVXhGVkVsUFRrcFBRaTFTUjBaTVZVVk9WRU5JUVZOSU9qSkVPRGd6TmkxWFJWTlVRMFZPVkZKQlRGVlRJaXdpYW05aVRHOWpZWFJwYjI0aU9pSjNaWE4wWTJWdWRISmhiSFZ6SW4wP2FwaS12ZXJzaW9uPTIwMTctMDUtMTA=",
      "RequestMethod": "GET",
      "RequestBody": "",
      "RequestHeaders": {
        "User-Agent": [
          "FxVersion/4.6.26725.06",
          "OSName/Windows",
          "OSVersion/Microsoft.Windows.10.0.17763.",
          "Microsoft.Azure.Management.ResourceManager.Fluent.ResourceManagementClient/1.19.0.0",
          "MacAddressHash/1706214d8731cf2405675fdf5fb8b4bf75f06e7a9bb34e8d93f8f4a5d61acc28"
        ]
      },
      "ResponseHeaders": {
        "Cache-Control": [
          "no-cache"
        ],
        "Pragma": [
          "no-cache"
        ],
        "Location": [
          "https://management.azure.com/subscriptions/0b1f6471-1bf0-4dda-aec3-cb9272f09590/operationresults/eyJqb2JJZCI6IlJFU09VUkNFR1JPVVBERUxFVElPTkpPQi1SR0ZMVUVOVENIQVNIOjJEODgzNi1XRVNUQ0VOVFJBTFVTIiwiam9iTG9jYXRpb24iOiJ3ZXN0Y2VudHJhbHVzIn0?api-version=2017-05-10"
        ],
        "Retry-After": [
          "15"
        ],
        "x-ms-ratelimit-remaining-subscription-reads": [
          "11926"
        ],
        "x-ms-request-id": [
          "20059bbe-9b0a-4d79-a71b-f8094657333d"
        ],
        "x-ms-correlation-request-id": [
          "20059bbe-9b0a-4d79-a71b-f8094657333d"
        ],
        "x-ms-routing-request-id": [
          "WESTUS2:20190301T040147Z:20059bbe-9b0a-4d79-a71b-f8094657333d"
        ],
        "Strict-Transport-Security": [
          "max-age=31536000; includeSubDomains"
        ],
        "X-Content-Type-Options": [
          "nosniff"
        ],
        "Date": [
          "Fri, 01 Mar 2019 04:01:47 GMT"
        ],
        "Expires": [
          "-1"
        ],
        "Content-Length": [
          "0"
        ]
      },
      "ResponseBody": "",
      "StatusCode": 202
    },
    {
      "RequestUri": "/subscriptions/0b1f6471-1bf0-4dda-aec3-cb9272f09590/operationresults/eyJqb2JJZCI6IlJFU09VUkNFR1JPVVBERUxFVElPTkpPQi1SR0ZMVUVOVENIQVNIOjJEODgzNi1XRVNUQ0VOVFJBTFVTIiwiam9iTG9jYXRpb24iOiJ3ZXN0Y2VudHJhbHVzIn0?api-version=2017-05-10",
      "EncodedRequestUri": "L3N1YnNjcmlwdGlvbnMvMGIxZjY0NzEtMWJmMC00ZGRhLWFlYzMtY2I5MjcyZjA5NTkwL29wZXJhdGlvbnJlc3VsdHMvZXlKcWIySkpaQ0k2SWxKRlUwOVZVa05GUjFKUFZWQkVSVXhGVkVsUFRrcFBRaTFTUjBaTVZVVk9WRU5JUVZOSU9qSkVPRGd6TmkxWFJWTlVRMFZPVkZKQlRGVlRJaXdpYW05aVRHOWpZWFJwYjI0aU9pSjNaWE4wWTJWdWRISmhiSFZ6SW4wP2FwaS12ZXJzaW9uPTIwMTctMDUtMTA=",
      "RequestMethod": "GET",
      "RequestBody": "",
      "RequestHeaders": {
        "User-Agent": [
          "FxVersion/4.6.26725.06",
          "OSName/Windows",
          "OSVersion/Microsoft.Windows.10.0.17763.",
          "Microsoft.Azure.Management.ResourceManager.Fluent.ResourceManagementClient/1.19.0.0",
          "MacAddressHash/1706214d8731cf2405675fdf5fb8b4bf75f06e7a9bb34e8d93f8f4a5d61acc28"
        ]
      },
      "ResponseHeaders": {
        "Cache-Control": [
          "no-cache"
        ],
        "Pragma": [
          "no-cache"
        ],
        "x-ms-ratelimit-remaining-subscription-reads": [
          "11925"
        ],
        "x-ms-request-id": [
          "068a5bc4-f51e-498d-b588-449a8dbecb85"
        ],
        "x-ms-correlation-request-id": [
          "068a5bc4-f51e-498d-b588-449a8dbecb85"
        ],
        "x-ms-routing-request-id": [
          "WESTUS2:20190301T040202Z:068a5bc4-f51e-498d-b588-449a8dbecb85"
        ],
        "Strict-Transport-Security": [
          "max-age=31536000; includeSubDomains"
        ],
        "X-Content-Type-Options": [
          "nosniff"
        ],
        "Date": [
          "Fri, 01 Mar 2019 04:02:01 GMT"
        ],
        "Expires": [
          "-1"
        ],
        "Content-Length": [
          "0"
        ]
      },
      "ResponseBody": "",
      "StatusCode": 200
    },
    {
      "RequestUri": "/subscriptions/0b1f6471-1bf0-4dda-aec3-cb9272f09590/operationresults/eyJqb2JJZCI6IlJFU09VUkNFR1JPVVBERUxFVElPTkpPQi1SR0ZMVUVOVENIQVNIOjJEODgzNi1XRVNUQ0VOVFJBTFVTIiwiam9iTG9jYXRpb24iOiJ3ZXN0Y2VudHJhbHVzIn0?api-version=2017-05-10",
      "EncodedRequestUri": "L3N1YnNjcmlwdGlvbnMvMGIxZjY0NzEtMWJmMC00ZGRhLWFlYzMtY2I5MjcyZjA5NTkwL29wZXJhdGlvbnJlc3VsdHMvZXlKcWIySkpaQ0k2SWxKRlUwOVZVa05GUjFKUFZWQkVSVXhGVkVsUFRrcFBRaTFTUjBaTVZVVk9WRU5JUVZOSU9qSkVPRGd6TmkxWFJWTlVRMFZPVkZKQlRGVlRJaXdpYW05aVRHOWpZWFJwYjI0aU9pSjNaWE4wWTJWdWRISmhiSFZ6SW4wP2FwaS12ZXJzaW9uPTIwMTctMDUtMTA=",
      "RequestMethod": "GET",
      "RequestBody": "",
      "RequestHeaders": {
        "User-Agent": [
          "FxVersion/4.6.26725.06",
          "OSName/Windows",
          "OSVersion/Microsoft.Windows.10.0.17763.",
          "Microsoft.Azure.Management.ResourceManager.Fluent.ResourceManagementClient/1.19.0.0",
          "MacAddressHash/1706214d8731cf2405675fdf5fb8b4bf75f06e7a9bb34e8d93f8f4a5d61acc28"
        ]
      },
      "ResponseHeaders": {
        "Cache-Control": [
          "no-cache"
        ],
        "Pragma": [
          "no-cache"
        ],
        "x-ms-ratelimit-remaining-subscription-reads": [
          "11924"
        ],
        "x-ms-request-id": [
          "9229d898-ebb6-4f52-bc70-dd0c292e5cf7"
        ],
        "x-ms-correlation-request-id": [
          "9229d898-ebb6-4f52-bc70-dd0c292e5cf7"
        ],
        "x-ms-routing-request-id": [
          "WESTUS2:20190301T040202Z:9229d898-ebb6-4f52-bc70-dd0c292e5cf7"
        ],
        "Strict-Transport-Security": [
          "max-age=31536000; includeSubDomains"
        ],
        "X-Content-Type-Options": [
          "nosniff"
        ],
        "Date": [
          "Fri, 01 Mar 2019 04:02:02 GMT"
        ],
        "Expires": [
          "-1"
        ],
        "Content-Length": [
          "0"
        ]
      },
      "ResponseBody": "",
      "StatusCode": 200
    }
  ],
  "Names": {
    "CanOperateOnManagedDiskFromDisk": [
      "md-1c2d67701a3d1",
      "md-2d837995312fc",
      "rgfluentchash-8836"
    ]
  },
  "Variables": {
    "ServicePrincipal": "39e3d217-cb72-4b90-8532-394a7e784d93",
    "AADTenant": "54826b22-38d6-4fb2-bad9-b7b93a3e9c5a",
    "SubscriptionId": "0b1f6471-1bf0-4dda-aec3-cb9272f09590"
  }
}