{
  "Entries": [
    {
      "RequestUri": "/subscriptions/0b1f6471-1bf0-4dda-aec3-cb9272f09590/resourcegroups/rgfluentchash-6740?api-version=2017-05-10",
      "EncodedRequestUri": "L3N1YnNjcmlwdGlvbnMvMGIxZjY0NzEtMWJmMC00ZGRhLWFlYzMtY2I5MjcyZjA5NTkwL3Jlc291cmNlZ3JvdXBzL3JnZmx1ZW50Y2hhc2gtNjc0MD9hcGktdmVyc2lvbj0yMDE3LTA1LTEw",
      "RequestMethod": "PUT",
      "RequestBody": "{\r\n  \"location\": \"westcentralus\"\r\n}",
      "RequestHeaders": {
        "x-ms-client-request-id": [
          "4aab6f3e-e5d1-49b0-b674-d643730ff980"
        ],
        "Accept-Language": [
          "en-US"
        ],
        "User-Agent": [
          "FxVersion/4.6.27414.06",
          "OSName/Windows",
          "OSVersion/Microsoft.Windows.10.0.17763.",
          "Microsoft.Azure.Management.ResourceManager.Fluent.ResourceManagementClient/1.20.0.0",
          "MacAddressHash/dfc186da812799dff0d5877580e2f5634177cc66b64a724c5be514dc1fdd66f5"
        ],
        "Content-Type": [
          "application/json; charset=utf-8"
        ],
        "Content-Length": [
          "35"
        ]
      },
      "ResponseHeaders": {
        "Cache-Control": [
          "no-cache"
        ],
        "Pragma": [
          "no-cache"
        ],
        "x-ms-ratelimit-remaining-subscription-writes": [
          "1199"
        ],
        "x-ms-request-id": [
          "b8cdd4c0-bf61-4d1e-9bd6-bf6a5c60adbd"
        ],
        "x-ms-correlation-request-id": [
          "b8cdd4c0-bf61-4d1e-9bd6-bf6a5c60adbd"
        ],
        "x-ms-routing-request-id": [
          "WESTUS2:20190426T185919Z:b8cdd4c0-bf61-4d1e-9bd6-bf6a5c60adbd"
        ],
        "Strict-Transport-Security": [
          "max-age=31536000; includeSubDomains"
        ],
        "X-Content-Type-Options": [
          "nosniff"
        ],
        "Date": [
          "Fri, 26 Apr 2019 18:59:18 GMT"
        ],
        "Content-Length": [
          "196"
        ],
        "Content-Type": [
          "application/json; charset=utf-8"
        ],
        "Expires": [
          "-1"
        ]
      },
      "ResponseBody": "{\r\n  \"id\": \"/subscriptions/0b1f6471-1bf0-4dda-aec3-cb9272f09590/resourceGroups/rgfluentchash-6740\",\r\n  \"name\": \"rgfluentchash-6740\",\r\n  \"location\": \"westcentralus\",\r\n  \"properties\": {\r\n    \"provisioningState\": \"Succeeded\"\r\n  }\r\n}",
      "StatusCode": 201
    },
    {
      "RequestUri": "/subscriptions/0b1f6471-1bf0-4dda-aec3-cb9272f09590/resourceGroups/rgfluentchash-6740/providers/Microsoft.Compute/disks/md-1d4310057df7b?api-version=2018-06-01",
      "EncodedRequestUri": "L3N1YnNjcmlwdGlvbnMvMGIxZjY0NzEtMWJmMC00ZGRhLWFlYzMtY2I5MjcyZjA5NTkwL3Jlc291cmNlR3JvdXBzL3JnZmx1ZW50Y2hhc2gtNjc0MC9wcm92aWRlcnMvTWljcm9zb2Z0LkNvbXB1dGUvZGlza3MvbWQtMWQ0MzEwMDU3ZGY3Yj9hcGktdmVyc2lvbj0yMDE4LTA2LTAx",
      "RequestMethod": "PUT",
      "RequestBody": "{\r\n  \"properties\": {\r\n    \"creationData\": {\r\n      \"createOption\": \"Empty\"\r\n    },\r\n    \"diskSizeGB\": 100\r\n  },\r\n  \"location\": \"westcentralus\",\r\n  \"tags\": {}\r\n}",
      "RequestHeaders": {
        "x-ms-client-request-id": [
          "1dcad1ab-eea8-4adf-9221-72a4398c28a3"
        ],
        "Accept-Language": [
          "en-US"
        ],
        "User-Agent": [
          "FxVersion/4.6.27414.06",
          "OSName/Windows",
          "OSVersion/Microsoft.Windows.10.0.17763.",
          "Microsoft.Azure.Management.Compute.Fluent.ComputeManagementClient/1.20.0.0",
          "MacAddressHash/dfc186da812799dff0d5877580e2f5634177cc66b64a724c5be514dc1fdd66f5"
        ],
        "Content-Type": [
          "application/json; charset=utf-8"
        ],
        "Content-Length": [
          "160"
        ]
      },
      "ResponseHeaders": {
        "Cache-Control": [
          "no-cache"
        ],
        "Pragma": [
          "no-cache"
        ],
        "Location": [
          "https://management.azure.com/subscriptions/0b1f6471-1bf0-4dda-aec3-cb9272f09590/providers/Microsoft.Compute/locations/westcentralus/DiskOperations/29bfe003-1db2-470c-bd17-94f3ac8a66e2?monitor=true&api-version=2018-06-01"
        ],
        "Azure-AsyncOperation": [
          "https://management.azure.com/subscriptions/0b1f6471-1bf0-4dda-aec3-cb9272f09590/providers/Microsoft.Compute/locations/westcentralus/DiskOperations/29bfe003-1db2-470c-bd17-94f3ac8a66e2?api-version=2018-06-01"
        ],
        "x-ms-ratelimit-remaining-resource": [
          "Microsoft.Compute/CreateUpdateDisks3Min;999,Microsoft.Compute/CreateUpdateDisks30Min;7995"
        ],
        "Strict-Transport-Security": [
          "max-age=31536000; includeSubDomains"
        ],
        "x-ms-served-by": [
          "c7be8819-8178-488e-b751-923f11b1b57c_131881310768524998"
        ],
        "x-ms-request-id": [
          "29bfe003-1db2-470c-bd17-94f3ac8a66e2"
        ],
        "Server": [
          "Microsoft-HTTPAPI/2.0",
          "Microsoft-HTTPAPI/2.0"
        ],
        "x-ms-ratelimit-remaining-subscription-writes": [
          "1199"
        ],
        "x-ms-correlation-request-id": [
          "9a1634e6-f363-4038-8a76-84af1a6539e2"
        ],
        "x-ms-routing-request-id": [
          "WESTUS2:20190426T185922Z:9a1634e6-f363-4038-8a76-84af1a6539e2"
        ],
        "X-Content-Type-Options": [
          "nosniff"
        ],
        "Date": [
          "Fri, 26 Apr 2019 18:59:22 GMT"
        ],
        "Content-Length": [
          "257"
        ],
        "Content-Type": [
          "application/json; charset=utf-8"
        ],
        "Expires": [
          "-1"
        ]
      },
      "ResponseBody": "{\r\n  \"properties\": {\r\n    \"creationData\": {\r\n      \"createOption\": \"Empty\"\r\n    },\r\n    \"diskSizeGB\": 100,\r\n    \"provisioningState\": \"Updating\",\r\n    \"isArmResource\": true\r\n  },\r\n  \"location\": \"westcentralus\",\r\n  \"tags\": {},\r\n  \"name\": \"md-1d4310057df7b\"\r\n}",
      "StatusCode": 202
    },
    {
      "RequestUri": "/subscriptions/0b1f6471-1bf0-4dda-aec3-cb9272f09590/providers/Microsoft.Compute/locations/westcentralus/DiskOperations/29bfe003-1db2-470c-bd17-94f3ac8a66e2?api-version=2018-06-01",
      "EncodedRequestUri": "L3N1YnNjcmlwdGlvbnMvMGIxZjY0NzEtMWJmMC00ZGRhLWFlYzMtY2I5MjcyZjA5NTkwL3Byb3ZpZGVycy9NaWNyb3NvZnQuQ29tcHV0ZS9sb2NhdGlvbnMvd2VzdGNlbnRyYWx1cy9EaXNrT3BlcmF0aW9ucy8yOWJmZTAwMy0xZGIyLTQ3MGMtYmQxNy05NGYzYWM4YTY2ZTI/YXBpLXZlcnNpb249MjAxOC0wNi0wMQ==",
      "RequestMethod": "GET",
      "RequestBody": "",
      "RequestHeaders": {
        "User-Agent": [
          "FxVersion/4.6.27414.06",
          "OSName/Windows",
          "OSVersion/Microsoft.Windows.10.0.17763.",
          "Microsoft.Azure.Management.Compute.Fluent.ComputeManagementClient/1.20.0.0",
          "MacAddressHash/dfc186da812799dff0d5877580e2f5634177cc66b64a724c5be514dc1fdd66f5"
        ]
      },
      "ResponseHeaders": {
        "Cache-Control": [
          "no-cache"
        ],
        "Pragma": [
          "no-cache"
        ],
        "x-ms-ratelimit-remaining-resource": [
          "Microsoft.Compute/GetOperation3Min;49983,Microsoft.Compute/GetOperation30Min;399973"
        ],
        "Strict-Transport-Security": [
          "max-age=31536000; includeSubDomains"
        ],
        "x-ms-served-by": [
          "c7be8819-8178-488e-b751-923f11b1b57c_131881310768524998"
        ],
        "x-ms-request-id": [
          "82f295b6-2082-4076-8dff-d8af7acebc14"
        ],
        "Server": [
          "Microsoft-HTTPAPI/2.0",
          "Microsoft-HTTPAPI/2.0"
        ],
        "x-ms-ratelimit-remaining-subscription-reads": [
          "11998"
        ],
        "x-ms-correlation-request-id": [
          "761785f3-792e-4f9c-9a26-b2f023a7f441"
        ],
        "x-ms-routing-request-id": [
          "WESTUS2:20190426T185952Z:761785f3-792e-4f9c-9a26-b2f023a7f441"
        ],
        "X-Content-Type-Options": [
          "nosniff"
        ],
        "Date": [
          "Fri, 26 Apr 2019 18:59:52 GMT"
        ],
        "Content-Length": [
          "738"
        ],
        "Content-Type": [
          "application/json; charset=utf-8"
        ],
        "Expires": [
          "-1"
        ]
      },
      "ResponseBody": "{\r\n  \"startTime\": \"2019-04-26T11:59:17.396455-07:00\",\r\n  \"endTime\": \"2019-04-26T11:59:17.5058012-07:00\",\r\n  \"status\": \"Succeeded\",\r\n  \"properties\": {\r\n    \"output\": {\r\n      \"sku\": {\r\n        \"name\": \"Standard_LRS\",\r\n        \"tier\": \"Standard\"\r\n      },\r\n      \"properties\": {\r\n        \"creationData\": {\r\n          \"createOption\": \"Empty\"\r\n        },\r\n        \"diskSizeGB\": 100,\r\n        \"diskIOPSReadWrite\": 500,\r\n        \"diskMBpsReadWrite\": 60,\r\n        \"timeCreated\": \"2019-04-26T11:59:17.396455-07:00\",\r\n        \"provisioningState\": \"Succeeded\",\r\n        \"diskState\": \"Unattached\"\r\n      },\r\n      \"type\": \"Microsoft.Compute/disks\",\r\n      \"location\": \"westcentralus\",\r\n      \"tags\": {},\r\n      \"id\": \"/subscriptions/0b1f6471-1bf0-4dda-aec3-cb9272f09590/resourceGroups/rgfluentchash-6740/providers/Microsoft.Compute/disks/md-1d4310057df7b\",\r\n      \"name\": \"md-1d4310057df7b\"\r\n    }\r\n  },\r\n  \"name\": \"29bfe003-1db2-470c-bd17-94f3ac8a66e2\"\r\n}",
      "StatusCode": 200
    },
    {
      "RequestUri": "/subscriptions/0b1f6471-1bf0-4dda-aec3-cb9272f09590/resourceGroups/rgfluentchash-6740/providers/Microsoft.Compute/disks/md-1d4310057df7b?api-version=2018-06-01",
      "EncodedRequestUri": "L3N1YnNjcmlwdGlvbnMvMGIxZjY0NzEtMWJmMC00ZGRhLWFlYzMtY2I5MjcyZjA5NTkwL3Jlc291cmNlR3JvdXBzL3JnZmx1ZW50Y2hhc2gtNjc0MC9wcm92aWRlcnMvTWljcm9zb2Z0LkNvbXB1dGUvZGlza3MvbWQtMWQ0MzEwMDU3ZGY3Yj9hcGktdmVyc2lvbj0yMDE4LTA2LTAx",
      "RequestMethod": "GET",
      "RequestBody": "",
      "RequestHeaders": {
        "User-Agent": [
          "FxVersion/4.6.27414.06",
          "OSName/Windows",
          "OSVersion/Microsoft.Windows.10.0.17763.",
          "Microsoft.Azure.Management.Compute.Fluent.ComputeManagementClient/1.20.0.0",
          "MacAddressHash/dfc186da812799dff0d5877580e2f5634177cc66b64a724c5be514dc1fdd66f5"
        ]
      },
      "ResponseHeaders": {
        "Cache-Control": [
          "no-cache"
        ],
        "Pragma": [
          "no-cache"
        ],
        "x-ms-ratelimit-remaining-resource": [
          "Microsoft.Compute/LowCostGet3Min;4995,Microsoft.Compute/LowCostGet30Min;39980"
        ],
        "Strict-Transport-Security": [
          "max-age=31536000; includeSubDomains"
        ],
        "x-ms-served-by": [
          "c7be8819-8178-488e-b751-923f11b1b57c_131881310768524998"
        ],
        "x-ms-request-id": [
          "df5410c6-6d80-4ffc-8b56-0d5a571c00d2"
        ],
        "Server": [
          "Microsoft-HTTPAPI/2.0",
          "Microsoft-HTTPAPI/2.0"
        ],
        "x-ms-ratelimit-remaining-subscription-reads": [
          "11997"
        ],
        "x-ms-correlation-request-id": [
          "e1768719-56bd-421c-a038-051f46774bfc"
        ],
        "x-ms-routing-request-id": [
          "WESTUS2:20190426T185952Z:e1768719-56bd-421c-a038-051f46774bfc"
        ],
        "X-Content-Type-Options": [
          "nosniff"
        ],
        "Date": [
          "Fri, 26 Apr 2019 18:59:52 GMT"
        ],
        "Content-Length": [
          "637"
        ],
        "Content-Type": [
          "application/json; charset=utf-8"
        ],
        "Expires": [
          "-1"
        ]
      },
      "ResponseBody": "{\r\n  \"sku\": {\r\n    \"name\": \"Standard_LRS\",\r\n    \"tier\": \"Standard\"\r\n  },\r\n  \"properties\": {\r\n    \"creationData\": {\r\n      \"createOption\": \"Empty\"\r\n    },\r\n    \"diskSizeGB\": 100,\r\n    \"diskIOPSReadWrite\": 500,\r\n    \"diskMBpsReadWrite\": 60,\r\n    \"timeCreated\": \"2019-04-26T11:59:17.396455-07:00\",\r\n    \"provisioningState\": \"Succeeded\",\r\n    \"diskState\": \"Unattached\"\r\n  },\r\n  \"type\": \"Microsoft.Compute/disks\",\r\n  \"location\": \"westcentralus\",\r\n  \"tags\": {},\r\n  \"id\": \"/subscriptions/0b1f6471-1bf0-4dda-aec3-cb9272f09590/resourceGroups/rgfluentchash-6740/providers/Microsoft.Compute/disks/md-1d4310057df7b\",\r\n  \"name\": \"md-1d4310057df7b\"\r\n}",
      "StatusCode": 200
    },
    {
      "RequestUri": "/subscriptions/0b1f6471-1bf0-4dda-aec3-cb9272f09590/resourceGroups/rgfluentchash-6740/providers/Microsoft.Compute/disks/md-2c4a322006633?api-version=2018-06-01",
      "EncodedRequestUri": "L3N1YnNjcmlwdGlvbnMvMGIxZjY0NzEtMWJmMC00ZGRhLWFlYzMtY2I5MjcyZjA5NTkwL3Jlc291cmNlR3JvdXBzL3JnZmx1ZW50Y2hhc2gtNjc0MC9wcm92aWRlcnMvTWljcm9zb2Z0LkNvbXB1dGUvZGlza3MvbWQtMmM0YTMyMjAwNjYzMz9hcGktdmVyc2lvbj0yMDE4LTA2LTAx",
      "RequestMethod": "PUT",
      "RequestBody": "{\r\n  \"sku\": {\r\n    \"name\": \"Standard_LRS\"\r\n  },\r\n  \"properties\": {\r\n    \"creationData\": {\r\n      \"createOption\": \"Copy\",\r\n      \"sourceResourceId\": \"/subscriptions/0b1f6471-1bf0-4dda-aec3-cb9272f09590/resourceGroups/rgfluentchash-6740/providers/Microsoft.Compute/disks/md-1d4310057df7b\"\r\n    },\r\n    \"diskSizeGB\": 200\r\n  },\r\n  \"location\": \"westcentralus\",\r\n  \"tags\": {}\r\n}",
      "RequestHeaders": {
        "x-ms-client-request-id": [
          "d3454b2c-f2fe-46b2-981a-fac2a8f509ea"
        ],
        "Accept-Language": [
          "en-US"
        ],
        "User-Agent": [
          "FxVersion/4.6.27414.06",
          "OSName/Windows",
          "OSVersion/Microsoft.Windows.10.0.17763.",
          "Microsoft.Azure.Management.Compute.Fluent.ComputeManagementClient/1.20.0.0",
          "MacAddressHash/dfc186da812799dff0d5877580e2f5634177cc66b64a724c5be514dc1fdd66f5"
        ],
        "Content-Type": [
          "application/json; charset=utf-8"
        ],
        "Content-Length": [
          "372"
        ]
      },
      "ResponseHeaders": {
        "Cache-Control": [
          "no-cache"
        ],
        "Pragma": [
          "no-cache"
        ],
        "Location": [
          "https://management.azure.com/subscriptions/0b1f6471-1bf0-4dda-aec3-cb9272f09590/providers/Microsoft.Compute/locations/westcentralus/DiskOperations/c9794540-ce4e-49d7-bb9d-556a024f27bd?monitor=true&api-version=2018-06-01"
        ],
        "Azure-AsyncOperation": [
          "https://management.azure.com/subscriptions/0b1f6471-1bf0-4dda-aec3-cb9272f09590/providers/Microsoft.Compute/locations/westcentralus/DiskOperations/c9794540-ce4e-49d7-bb9d-556a024f27bd?api-version=2018-06-01"
        ],
        "x-ms-ratelimit-remaining-resource": [
          "Microsoft.Compute/CreateUpdateDisks3Min;998,Microsoft.Compute/CreateUpdateDisks30Min;7994"
        ],
        "Strict-Transport-Security": [
          "max-age=31536000; includeSubDomains"
        ],
        "x-ms-served-by": [
          "c7be8819-8178-488e-b751-923f11b1b57c_131881310768524998"
        ],
        "x-ms-request-id": [
          "c9794540-ce4e-49d7-bb9d-556a024f27bd"
        ],
        "Server": [
          "Microsoft-HTTPAPI/2.0",
          "Microsoft-HTTPAPI/2.0"
        ],
        "x-ms-ratelimit-remaining-subscription-writes": [
          "1198"
        ],
        "x-ms-correlation-request-id": [
          "a9329cc4-d662-422d-b49e-19b582adcc39"
        ],
        "x-ms-routing-request-id": [
          "WESTUS2:20190426T185953Z:a9329cc4-d662-422d-b49e-19b582adcc39"
        ],
        "X-Content-Type-Options": [
          "nosniff"
        ],
        "Date": [
          "Fri, 26 Apr 2019 18:59:53 GMT"
        ],
        "Content-Length": [
          "469"
        ],
        "Content-Type": [
          "application/json; charset=utf-8"
        ],
        "Expires": [
          "-1"
        ]
      },
      "ResponseBody": "{\r\n  \"sku\": {\r\n    \"name\": \"Standard_LRS\"\r\n  },\r\n  \"properties\": {\r\n    \"creationData\": {\r\n      \"createOption\": \"Copy\",\r\n      \"sourceResourceId\": \"/subscriptions/0b1f6471-1bf0-4dda-aec3-cb9272f09590/resourceGroups/rgfluentchash-6740/providers/Microsoft.Compute/disks/md-1d4310057df7b\"\r\n    },\r\n    \"diskSizeGB\": 200,\r\n    \"provisioningState\": \"Updating\",\r\n    \"isArmResource\": true\r\n  },\r\n  \"location\": \"westcentralus\",\r\n  \"tags\": {},\r\n  \"name\": \"md-2c4a322006633\"\r\n}",
      "StatusCode": 202
    },
    {
      "RequestUri": "/subscriptions/0b1f6471-1bf0-4dda-aec3-cb9272f09590/providers/Microsoft.Compute/locations/westcentralus/DiskOperations/c9794540-ce4e-49d7-bb9d-556a024f27bd?api-version=2018-06-01",
      "EncodedRequestUri": "L3N1YnNjcmlwdGlvbnMvMGIxZjY0NzEtMWJmMC00ZGRhLWFlYzMtY2I5MjcyZjA5NTkwL3Byb3ZpZGVycy9NaWNyb3NvZnQuQ29tcHV0ZS9sb2NhdGlvbnMvd2VzdGNlbnRyYWx1cy9EaXNrT3BlcmF0aW9ucy9jOTc5NDU0MC1jZTRlLTQ5ZDctYmI5ZC01NTZhMDI0ZjI3YmQ/YXBpLXZlcnNpb249MjAxOC0wNi0wMQ==",
      "RequestMethod": "GET",
      "RequestBody": "",
      "RequestHeaders": {
        "User-Agent": [
          "FxVersion/4.6.27414.06",
          "OSName/Windows",
          "OSVersion/Microsoft.Windows.10.0.17763.",
          "Microsoft.Azure.Management.Compute.Fluent.ComputeManagementClient/1.20.0.0",
          "MacAddressHash/dfc186da812799dff0d5877580e2f5634177cc66b64a724c5be514dc1fdd66f5"
        ]
      },
      "ResponseHeaders": {
        "Cache-Control": [
          "no-cache"
        ],
        "Pragma": [
          "no-cache"
        ],
        "x-ms-ratelimit-remaining-resource": [
          "Microsoft.Compute/GetOperation3Min;49987,Microsoft.Compute/GetOperation30Min;399971"
        ],
        "Strict-Transport-Security": [
          "max-age=31536000; includeSubDomains"
        ],
        "x-ms-served-by": [
          "c7be8819-8178-488e-b751-923f11b1b57c_131881310768524998"
        ],
        "x-ms-request-id": [
          "3598adba-872c-449d-b492-1be53ebfe23f"
        ],
        "Server": [
          "Microsoft-HTTPAPI/2.0",
          "Microsoft-HTTPAPI/2.0"
        ],
        "x-ms-ratelimit-remaining-subscription-reads": [
          "11996"
        ],
        "x-ms-correlation-request-id": [
          "2ed26625-ca77-435d-a845-326bfa7dbf69"
        ],
        "x-ms-routing-request-id": [
          "WESTUS2:20190426T190023Z:2ed26625-ca77-435d-a845-326bfa7dbf69"
        ],
        "X-Content-Type-Options": [
          "nosniff"
        ],
        "Date": [
          "Fri, 26 Apr 2019 19:00:22 GMT"
        ],
        "Content-Length": [
          "897"
        ],
        "Content-Type": [
          "application/json; charset=utf-8"
        ],
        "Expires": [
          "-1"
        ]
      },
      "ResponseBody": "{\r\n  \"startTime\": \"2019-04-26T11:59:47.8495478-07:00\",\r\n  \"endTime\": \"2019-04-26T11:59:48.6932999-07:00\",\r\n  \"status\": \"Succeeded\",\r\n  \"properties\": {\r\n    \"output\": {\r\n      \"sku\": {\r\n        \"name\": \"Standard_LRS\",\r\n        \"tier\": \"Standard\"\r\n      },\r\n      \"properties\": {\r\n        \"creationData\": {\r\n          \"createOption\": \"Copy\",\r\n          \"sourceResourceId\": \"/subscriptions/0b1f6471-1bf0-4dda-aec3-cb9272f09590/resourceGroups/rgfluentchash-6740/providers/Microsoft.Compute/disks/md-1d4310057df7b\"\r\n        },\r\n        \"diskSizeGB\": 200,\r\n        \"diskIOPSReadWrite\": 500,\r\n        \"diskMBpsReadWrite\": 60,\r\n        \"timeCreated\": \"2019-04-26T11:59:47.8651746-07:00\",\r\n        \"provisioningState\": \"Succeeded\",\r\n        \"diskState\": \"Unattached\"\r\n      },\r\n      \"type\": \"Microsoft.Compute/disks\",\r\n      \"location\": \"westcentralus\",\r\n      \"tags\": {},\r\n      \"id\": \"/subscriptions/0b1f6471-1bf0-4dda-aec3-cb9272f09590/resourceGroups/rgfluentchash-6740/providers/Microsoft.Compute/disks/md-2c4a322006633\",\r\n      \"name\": \"md-2c4a322006633\"\r\n    }\r\n  },\r\n  \"name\": \"c9794540-ce4e-49d7-bb9d-556a024f27bd\"\r\n}",
      "StatusCode": 200
    },
    {
      "RequestUri": "/subscriptions/0b1f6471-1bf0-4dda-aec3-cb9272f09590/resourceGroups/rgfluentchash-6740/providers/Microsoft.Compute/disks/md-2c4a322006633?api-version=2018-06-01",
      "EncodedRequestUri": "L3N1YnNjcmlwdGlvbnMvMGIxZjY0NzEtMWJmMC00ZGRhLWFlYzMtY2I5MjcyZjA5NTkwL3Jlc291cmNlR3JvdXBzL3JnZmx1ZW50Y2hhc2gtNjc0MC9wcm92aWRlcnMvTWljcm9zb2Z0LkNvbXB1dGUvZGlza3MvbWQtMmM0YTMyMjAwNjYzMz9hcGktdmVyc2lvbj0yMDE4LTA2LTAx",
      "RequestMethod": "GET",
      "RequestBody": "",
      "RequestHeaders": {
        "User-Agent": [
          "FxVersion/4.6.27414.06",
          "OSName/Windows",
          "OSVersion/Microsoft.Windows.10.0.17763.",
          "Microsoft.Azure.Management.Compute.Fluent.ComputeManagementClient/1.20.0.0",
          "MacAddressHash/dfc186da812799dff0d5877580e2f5634177cc66b64a724c5be514dc1fdd66f5"
        ]
      },
      "ResponseHeaders": {
        "Cache-Control": [
          "no-cache"
        ],
        "Pragma": [
          "no-cache"
        ],
        "x-ms-ratelimit-remaining-resource": [
          "Microsoft.Compute/LowCostGet3Min;4993,Microsoft.Compute/LowCostGet30Min;39977"
        ],
        "Strict-Transport-Security": [
          "max-age=31536000; includeSubDomains"
        ],
        "x-ms-served-by": [
          "c7be8819-8178-488e-b751-923f11b1b57c_131881310768524998"
        ],
        "x-ms-request-id": [
          "b5bd6862-a429-4cb8-8964-40e72626665e"
        ],
        "Server": [
          "Microsoft-HTTPAPI/2.0",
          "Microsoft-HTTPAPI/2.0"
        ],
        "x-ms-ratelimit-remaining-subscription-reads": [
          "11995"
        ],
        "x-ms-correlation-request-id": [
          "2369b70f-e68d-421e-bcb8-f5bf7cd43d65"
        ],
        "x-ms-routing-request-id": [
          "WESTUS2:20190426T190023Z:2369b70f-e68d-421e-bcb8-f5bf7cd43d65"
        ],
        "X-Content-Type-Options": [
          "nosniff"
        ],
        "Date": [
          "Fri, 26 Apr 2019 19:00:22 GMT"
        ],
        "Content-Length": [
          "804"
        ],
        "Content-Type": [
          "application/json; charset=utf-8"
        ],
        "Expires": [
          "-1"
        ]
      },
      "ResponseBody": "{\r\n  \"sku\": {\r\n    \"name\": \"Standard_LRS\",\r\n    \"tier\": \"Standard\"\r\n  },\r\n  \"properties\": {\r\n    \"creationData\": {\r\n      \"createOption\": \"Copy\",\r\n      \"sourceResourceId\": \"/subscriptions/0b1f6471-1bf0-4dda-aec3-cb9272f09590/resourceGroups/rgfluentchash-6740/providers/Microsoft.Compute/disks/md-1d4310057df7b\"\r\n    },\r\n    \"diskSizeGB\": 200,\r\n    \"diskIOPSReadWrite\": 500,\r\n    \"diskMBpsReadWrite\": 60,\r\n    \"timeCreated\": \"2019-04-26T11:59:47.8651746-07:00\",\r\n    \"provisioningState\": \"Succeeded\",\r\n    \"diskState\": \"Unattached\"\r\n  },\r\n  \"type\": \"Microsoft.Compute/disks\",\r\n  \"location\": \"westcentralus\",\r\n  \"tags\": {},\r\n  \"id\": \"/subscriptions/0b1f6471-1bf0-4dda-aec3-cb9272f09590/resourceGroups/rgfluentchash-6740/providers/Microsoft.Compute/disks/md-2c4a322006633\",\r\n  \"name\": \"md-2c4a322006633\"\r\n}",
      "StatusCode": 200
    },
    {
      "RequestUri": "/subscriptions/0b1f6471-1bf0-4dda-aec3-cb9272f09590/resourceGroups/rgfluentchash-6740/providers/Microsoft.Compute/disks/md-2c4a322006633?api-version=2018-06-01",
      "EncodedRequestUri": "L3N1YnNjcmlwdGlvbnMvMGIxZjY0NzEtMWJmMC00ZGRhLWFlYzMtY2I5MjcyZjA5NTkwL3Jlc291cmNlR3JvdXBzL3JnZmx1ZW50Y2hhc2gtNjc0MC9wcm92aWRlcnMvTWljcm9zb2Z0LkNvbXB1dGUvZGlza3MvbWQtMmM0YTMyMjAwNjYzMz9hcGktdmVyc2lvbj0yMDE4LTA2LTAx",
      "RequestMethod": "GET",
      "RequestBody": "",
      "RequestHeaders": {
        "x-ms-client-request-id": [
          "445ee3da-e0a7-4791-bec9-8a344eccf4fa"
        ],
        "Accept-Language": [
          "en-US"
        ],
        "User-Agent": [
          "FxVersion/4.6.27414.06",
          "OSName/Windows",
          "OSVersion/Microsoft.Windows.10.0.17763.",
          "Microsoft.Azure.Management.Compute.Fluent.ComputeManagementClient/1.20.0.0",
          "MacAddressHash/dfc186da812799dff0d5877580e2f5634177cc66b64a724c5be514dc1fdd66f5"
        ]
      },
      "ResponseHeaders": {
        "Cache-Control": [
          "no-cache"
        ],
        "Pragma": [
          "no-cache"
        ],
        "x-ms-ratelimit-remaining-resource": [
          "Microsoft.Compute/LowCostGet3Min;4992,Microsoft.Compute/LowCostGet30Min;39976"
        ],
        "Strict-Transport-Security": [
          "max-age=31536000; includeSubDomains"
        ],
        "x-ms-served-by": [
          "c7be8819-8178-488e-b751-923f11b1b57c_131881310768524998"
        ],
        "x-ms-request-id": [
          "309a586f-8df1-41ec-9ab9-a7a4474cc406"
        ],
        "Server": [
          "Microsoft-HTTPAPI/2.0",
          "Microsoft-HTTPAPI/2.0"
        ],
        "x-ms-ratelimit-remaining-subscription-reads": [
          "11994"
        ],
        "x-ms-correlation-request-id": [
          "9ca3ad46-a0fa-4441-bfd2-a36dedb4b16d"
        ],
        "x-ms-routing-request-id": [
          "WESTUS2:20190426T190023Z:9ca3ad46-a0fa-4441-bfd2-a36dedb4b16d"
        ],
        "X-Content-Type-Options": [
          "nosniff"
        ],
        "Date": [
          "Fri, 26 Apr 2019 19:00:22 GMT"
        ],
        "Content-Length": [
          "804"
        ],
        "Content-Type": [
          "application/json; charset=utf-8"
        ],
        "Expires": [
          "-1"
        ]
      },
      "ResponseBody": "{\r\n  \"sku\": {\r\n    \"name\": \"Standard_LRS\",\r\n    \"tier\": \"Standard\"\r\n  },\r\n  \"properties\": {\r\n    \"creationData\": {\r\n      \"createOption\": \"Copy\",\r\n      \"sourceResourceId\": \"/subscriptions/0b1f6471-1bf0-4dda-aec3-cb9272f09590/resourceGroups/rgfluentchash-6740/providers/Microsoft.Compute/disks/md-1d4310057df7b\"\r\n    },\r\n    \"diskSizeGB\": 200,\r\n    \"diskIOPSReadWrite\": 500,\r\n    \"diskMBpsReadWrite\": 60,\r\n    \"timeCreated\": \"2019-04-26T11:59:47.8651746-07:00\",\r\n    \"provisioningState\": \"Succeeded\",\r\n    \"diskState\": \"Unattached\"\r\n  },\r\n  \"type\": \"Microsoft.Compute/disks\",\r\n  \"location\": \"westcentralus\",\r\n  \"tags\": {},\r\n  \"id\": \"/subscriptions/0b1f6471-1bf0-4dda-aec3-cb9272f09590/resourceGroups/rgfluentchash-6740/providers/Microsoft.Compute/disks/md-2c4a322006633\",\r\n  \"name\": \"md-2c4a322006633\"\r\n}",
      "StatusCode": 200
    },
    {
      "RequestUri": "/subscriptions/0b1f6471-1bf0-4dda-aec3-cb9272f09590/resourceGroups/rgfluentchash-6740/providers/Microsoft.Compute/disks/md-1d4310057df7b?api-version=2018-06-01",
      "EncodedRequestUri": "L3N1YnNjcmlwdGlvbnMvMGIxZjY0NzEtMWJmMC00ZGRhLWFlYzMtY2I5MjcyZjA5NTkwL3Jlc291cmNlR3JvdXBzL3JnZmx1ZW50Y2hhc2gtNjc0MC9wcm92aWRlcnMvTWljcm9zb2Z0LkNvbXB1dGUvZGlza3MvbWQtMWQ0MzEwMDU3ZGY3Yj9hcGktdmVyc2lvbj0yMDE4LTA2LTAx",
      "RequestMethod": "DELETE",
      "RequestBody": "",
      "RequestHeaders": {
        "x-ms-client-request-id": [
          "0819551f-9080-4524-95f7-d3ae8e2b9db4"
        ],
        "Accept-Language": [
          "en-US"
        ],
        "User-Agent": [
          "FxVersion/4.6.27414.06",
          "OSName/Windows",
          "OSVersion/Microsoft.Windows.10.0.17763.",
          "Microsoft.Azure.Management.Compute.Fluent.ComputeManagementClient/1.20.0.0",
          "MacAddressHash/dfc186da812799dff0d5877580e2f5634177cc66b64a724c5be514dc1fdd66f5"
        ]
      },
      "ResponseHeaders": {
        "Cache-Control": [
          "no-cache"
        ],
        "Pragma": [
          "no-cache"
        ],
        "Location": [
          "https://management.azure.com/subscriptions/0b1f6471-1bf0-4dda-aec3-cb9272f09590/providers/Microsoft.Compute/locations/westcentralus/DiskOperations/dc5daaff-6c8e-4434-9c3e-07a43ae1c17e?monitor=true&api-version=2018-06-01"
        ],
        "Azure-AsyncOperation": [
          "https://management.azure.com/subscriptions/0b1f6471-1bf0-4dda-aec3-cb9272f09590/providers/Microsoft.Compute/locations/westcentralus/DiskOperations/dc5daaff-6c8e-4434-9c3e-07a43ae1c17e?api-version=2018-06-01"
        ],
        "x-ms-ratelimit-remaining-resource": [
          "Microsoft.Compute/DeleteDisks3Min;998,Microsoft.Compute/DeleteDisks30Min;7995"
        ],
        "Strict-Transport-Security": [
          "max-age=31536000; includeSubDomains"
        ],
        "x-ms-served-by": [
          "c7be8819-8178-488e-b751-923f11b1b57c_131881310768524998"
        ],
        "x-ms-request-id": [
          "dc5daaff-6c8e-4434-9c3e-07a43ae1c17e"
        ],
        "Server": [
          "Microsoft-HTTPAPI/2.0",
          "Microsoft-HTTPAPI/2.0"
        ],
        "x-ms-ratelimit-remaining-subscription-deletes": [
          "14999"
        ],
        "x-ms-correlation-request-id": [
          "08a35d03-8e75-4183-a7e8-dc391262fc5e"
        ],
        "x-ms-routing-request-id": [
          "WESTUS2:20190426T190023Z:08a35d03-8e75-4183-a7e8-dc391262fc5e"
        ],
        "X-Content-Type-Options": [
          "nosniff"
        ],
        "Date": [
          "Fri, 26 Apr 2019 19:00:23 GMT"
        ],
        "Expires": [
          "-1"
        ],
        "Content-Length": [
          "0"
        ]
      },
      "ResponseBody": "",
      "StatusCode": 202
    },
    {
      "RequestUri": "/subscriptions/0b1f6471-1bf0-4dda-aec3-cb9272f09590/providers/Microsoft.Compute/locations/westcentralus/DiskOperations/dc5daaff-6c8e-4434-9c3e-07a43ae1c17e?api-version=2018-06-01",
      "EncodedRequestUri": "L3N1YnNjcmlwdGlvbnMvMGIxZjY0NzEtMWJmMC00ZGRhLWFlYzMtY2I5MjcyZjA5NTkwL3Byb3ZpZGVycy9NaWNyb3NvZnQuQ29tcHV0ZS9sb2NhdGlvbnMvd2VzdGNlbnRyYWx1cy9EaXNrT3BlcmF0aW9ucy9kYzVkYWFmZi02YzhlLTQ0MzQtOWMzZS0wN2E0M2FlMWMxN2U/YXBpLXZlcnNpb249MjAxOC0wNi0wMQ==",
      "RequestMethod": "GET",
      "RequestBody": "",
      "RequestHeaders": {
        "User-Agent": [
          "FxVersion/4.6.27414.06",
          "OSName/Windows",
          "OSVersion/Microsoft.Windows.10.0.17763.",
          "Microsoft.Azure.Management.Compute.Fluent.ComputeManagementClient/1.20.0.0",
          "MacAddressHash/dfc186da812799dff0d5877580e2f5634177cc66b64a724c5be514dc1fdd66f5"
        ]
      },
      "ResponseHeaders": {
        "Cache-Control": [
          "no-cache"
        ],
        "Pragma": [
          "no-cache"
        ],
        "x-ms-ratelimit-remaining-resource": [
          "Microsoft.Compute/GetOperation3Min;49991,Microsoft.Compute/GetOperation30Min;399969"
        ],
        "Strict-Transport-Security": [
          "max-age=31536000; includeSubDomains"
        ],
        "x-ms-served-by": [
          "c7be8819-8178-488e-b751-923f11b1b57c_131881310768524998"
        ],
        "x-ms-request-id": [
          "f178aa9a-289b-48dc-830c-cf44dff57df6"
        ],
        "x-ms-ratelimit-remaining-subscription-reads": [
          "11993"
        ],
        "Server": [
          "Microsoft-HTTPAPI/2.0",
          "Microsoft-HTTPAPI/2.0"
        ],
        "x-ms-correlation-request-id": [
          "1f1b4af7-1b45-4cd2-b71f-393b2936e08e"
        ],
        "x-ms-routing-request-id": [
          "WESTUS2:20190426T190053Z:1f1b4af7-1b45-4cd2-b71f-393b2936e08e"
        ],
        "X-Content-Type-Options": [
          "nosniff"
        ],
        "Date": [
          "Fri, 26 Apr 2019 19:00:52 GMT"
        ],
        "Content-Length": [
          "184"
        ],
        "Content-Type": [
          "application/json; charset=utf-8"
        ],
        "Expires": [
          "-1"
        ]
      },
      "ResponseBody": "{\r\n  \"startTime\": \"2019-04-26T12:00:18.2245772-07:00\",\r\n  \"endTime\": \"2019-04-26T12:00:18.3808239-07:00\",\r\n  \"status\": \"Succeeded\",\r\n  \"name\": \"dc5daaff-6c8e-4434-9c3e-07a43ae1c17e\"\r\n}",
      "StatusCode": 200
    },
    {
      "RequestUri": "/subscriptions/0b1f6471-1bf0-4dda-aec3-cb9272f09590/providers/Microsoft.Compute/locations/westcentralus/DiskOperations/dc5daaff-6c8e-4434-9c3e-07a43ae1c17e?monitor=true&api-version=2018-06-01",
      "EncodedRequestUri": "L3N1YnNjcmlwdGlvbnMvMGIxZjY0NzEtMWJmMC00ZGRhLWFlYzMtY2I5MjcyZjA5NTkwL3Byb3ZpZGVycy9NaWNyb3NvZnQuQ29tcHV0ZS9sb2NhdGlvbnMvd2VzdGNlbnRyYWx1cy9EaXNrT3BlcmF0aW9ucy9kYzVkYWFmZi02YzhlLTQ0MzQtOWMzZS0wN2E0M2FlMWMxN2U/bW9uaXRvcj10cnVlJmFwaS12ZXJzaW9uPTIwMTgtMDYtMDE=",
      "RequestMethod": "GET",
      "RequestBody": "",
      "RequestHeaders": {
        "User-Agent": [
          "FxVersion/4.6.27414.06",
          "OSName/Windows",
          "OSVersion/Microsoft.Windows.10.0.17763.",
          "Microsoft.Azure.Management.Compute.Fluent.ComputeManagementClient/1.20.0.0",
          "MacAddressHash/dfc186da812799dff0d5877580e2f5634177cc66b64a724c5be514dc1fdd66f5"
        ]
      },
      "ResponseHeaders": {
        "Cache-Control": [
          "no-cache"
        ],
        "Pragma": [
          "no-cache"
        ],
        "x-ms-ratelimit-remaining-resource": [
          "Microsoft.Compute/GetOperation3Min;49990,Microsoft.Compute/GetOperation30Min;399968"
        ],
        "Strict-Transport-Security": [
          "max-age=31536000; includeSubDomains"
        ],
        "x-ms-served-by": [
          "c7be8819-8178-488e-b751-923f11b1b57c_131881310768524998"
        ],
        "x-ms-request-id": [
          "e9745de1-ab63-41ad-8f0d-d632df1a3157"
        ],
        "Server": [
          "Microsoft-HTTPAPI/2.0",
          "Microsoft-HTTPAPI/2.0"
        ],
        "x-ms-ratelimit-remaining-subscription-reads": [
          "11992"
        ],
        "x-ms-correlation-request-id": [
          "757707c7-6540-4d93-8dc5-a5364eeee275"
        ],
        "x-ms-routing-request-id": [
          "WESTUS2:20190426T190053Z:757707c7-6540-4d93-8dc5-a5364eeee275"
        ],
        "X-Content-Type-Options": [
          "nosniff"
        ],
        "Date": [
          "Fri, 26 Apr 2019 19:00:53 GMT"
        ],
        "Expires": [
          "-1"
        ],
        "Content-Length": [
          "0"
        ]
      },
      "ResponseBody": "",
      "StatusCode": 200
    },
    {
      "RequestUri": "/subscriptions/0b1f6471-1bf0-4dda-aec3-cb9272f09590/resourceGroups/rgfluentchash-6740/providers/Microsoft.Compute/disks/md-2c4a322006633?api-version=2018-06-01",
      "EncodedRequestUri": "L3N1YnNjcmlwdGlvbnMvMGIxZjY0NzEtMWJmMC00ZGRhLWFlYzMtY2I5MjcyZjA5NTkwL3Jlc291cmNlR3JvdXBzL3JnZmx1ZW50Y2hhc2gtNjc0MC9wcm92aWRlcnMvTWljcm9zb2Z0LkNvbXB1dGUvZGlza3MvbWQtMmM0YTMyMjAwNjYzMz9hcGktdmVyc2lvbj0yMDE4LTA2LTAx",
      "RequestMethod": "DELETE",
      "RequestBody": "",
      "RequestHeaders": {
        "x-ms-client-request-id": [
          "3ead6265-71dc-4b22-ac0d-0a279a9e7927"
        ],
        "Accept-Language": [
          "en-US"
        ],
        "User-Agent": [
          "FxVersion/4.6.27414.06",
          "OSName/Windows",
          "OSVersion/Microsoft.Windows.10.0.17763.",
          "Microsoft.Azure.Management.Compute.Fluent.ComputeManagementClient/1.20.0.0",
          "MacAddressHash/dfc186da812799dff0d5877580e2f5634177cc66b64a724c5be514dc1fdd66f5"
        ]
      },
      "ResponseHeaders": {
        "Cache-Control": [
          "no-cache"
        ],
        "Pragma": [
          "no-cache"
        ],
        "Location": [
          "https://management.azure.com/subscriptions/0b1f6471-1bf0-4dda-aec3-cb9272f09590/providers/Microsoft.Compute/locations/westcentralus/DiskOperations/ad07d1f4-8ae4-4c4d-aa6a-b9fb48b268aa?monitor=true&api-version=2018-06-01"
        ],
        "Azure-AsyncOperation": [
          "https://management.azure.com/subscriptions/0b1f6471-1bf0-4dda-aec3-cb9272f09590/providers/Microsoft.Compute/locations/westcentralus/DiskOperations/ad07d1f4-8ae4-4c4d-aa6a-b9fb48b268aa?api-version=2018-06-01"
        ],
        "x-ms-ratelimit-remaining-resource": [
          "Microsoft.Compute/DeleteDisks3Min;998,Microsoft.Compute/DeleteDisks30Min;7994"
        ],
        "Strict-Transport-Security": [
          "max-age=31536000; includeSubDomains"
        ],
        "x-ms-served-by": [
          "c7be8819-8178-488e-b751-923f11b1b57c_131881310768524998"
        ],
        "x-ms-request-id": [
          "ad07d1f4-8ae4-4c4d-aa6a-b9fb48b268aa"
        ],
        "Server": [
          "Microsoft-HTTPAPI/2.0",
          "Microsoft-HTTPAPI/2.0"
        ],
        "x-ms-ratelimit-remaining-subscription-deletes": [
          "14998"
        ],
        "x-ms-correlation-request-id": [
          "8382b21c-0441-4d9d-aee7-c4f7703d2a63"
        ],
        "x-ms-routing-request-id": [
          "WESTUS2:20190426T190053Z:8382b21c-0441-4d9d-aee7-c4f7703d2a63"
        ],
        "X-Content-Type-Options": [
          "nosniff"
        ],
        "Date": [
          "Fri, 26 Apr 2019 19:00:53 GMT"
        ],
        "Expires": [
          "-1"
        ],
        "Content-Length": [
          "0"
        ]
      },
      "ResponseBody": "",
      "StatusCode": 202
    },
    {
      "RequestUri": "/subscriptions/0b1f6471-1bf0-4dda-aec3-cb9272f09590/providers/Microsoft.Compute/locations/westcentralus/DiskOperations/ad07d1f4-8ae4-4c4d-aa6a-b9fb48b268aa?api-version=2018-06-01",
      "EncodedRequestUri": "L3N1YnNjcmlwdGlvbnMvMGIxZjY0NzEtMWJmMC00ZGRhLWFlYzMtY2I5MjcyZjA5NTkwL3Byb3ZpZGVycy9NaWNyb3NvZnQuQ29tcHV0ZS9sb2NhdGlvbnMvd2VzdGNlbnRyYWx1cy9EaXNrT3BlcmF0aW9ucy9hZDA3ZDFmNC04YWU0LTRjNGQtYWE2YS1iOWZiNDhiMjY4YWE/YXBpLXZlcnNpb249MjAxOC0wNi0wMQ==",
      "RequestMethod": "GET",
      "RequestBody": "",
      "RequestHeaders": {
        "User-Agent": [
          "FxVersion/4.6.27414.06",
          "OSName/Windows",
          "OSVersion/Microsoft.Windows.10.0.17763.",
          "Microsoft.Azure.Management.Compute.Fluent.ComputeManagementClient/1.20.0.0",
          "MacAddressHash/dfc186da812799dff0d5877580e2f5634177cc66b64a724c5be514dc1fdd66f5"
        ]
      },
      "ResponseHeaders": {
        "Cache-Control": [
          "no-cache"
        ],
        "Pragma": [
          "no-cache"
        ],
        "x-ms-ratelimit-remaining-resource": [
          "Microsoft.Compute/GetOperation3Min;49991,Microsoft.Compute/GetOperation30Min;399966"
        ],
        "Strict-Transport-Security": [
          "max-age=31536000; includeSubDomains"
        ],
        "x-ms-served-by": [
          "c7be8819-8178-488e-b751-923f11b1b57c_131881310768524998"
        ],
        "x-ms-request-id": [
          "ce8e4a60-f2f8-4ba8-878f-9e87ecf19d7a"
        ],
        "Server": [
          "Microsoft-HTTPAPI/2.0",
          "Microsoft-HTTPAPI/2.0"
        ],
        "x-ms-ratelimit-remaining-subscription-reads": [
          "11991"
        ],
        "x-ms-correlation-request-id": [
          "abb54932-be63-4546-b627-1958c7ef006a"
        ],
        "x-ms-routing-request-id": [
          "WESTUS2:20190426T190123Z:abb54932-be63-4546-b627-1958c7ef006a"
        ],
        "X-Content-Type-Options": [
          "nosniff"
        ],
        "Date": [
          "Fri, 26 Apr 2019 19:01:23 GMT"
        ],
        "Content-Length": [
          "184"
        ],
        "Content-Type": [
          "application/json; charset=utf-8"
        ],
        "Expires": [
          "-1"
        ]
      },
      "ResponseBody": "{\r\n  \"startTime\": \"2019-04-26T12:00:48.5995507-07:00\",\r\n  \"endTime\": \"2019-04-26T12:00:48.7714281-07:00\",\r\n  \"status\": \"Succeeded\",\r\n  \"name\": \"ad07d1f4-8ae4-4c4d-aa6a-b9fb48b268aa\"\r\n}",
      "StatusCode": 200
    },
    {
      "RequestUri": "/subscriptions/0b1f6471-1bf0-4dda-aec3-cb9272f09590/providers/Microsoft.Compute/locations/westcentralus/DiskOperations/ad07d1f4-8ae4-4c4d-aa6a-b9fb48b268aa?monitor=true&api-version=2018-06-01",
      "EncodedRequestUri": "L3N1YnNjcmlwdGlvbnMvMGIxZjY0NzEtMWJmMC00ZGRhLWFlYzMtY2I5MjcyZjA5NTkwL3Byb3ZpZGVycy9NaWNyb3NvZnQuQ29tcHV0ZS9sb2NhdGlvbnMvd2VzdGNlbnRyYWx1cy9EaXNrT3BlcmF0aW9ucy9hZDA3ZDFmNC04YWU0LTRjNGQtYWE2YS1iOWZiNDhiMjY4YWE/bW9uaXRvcj10cnVlJmFwaS12ZXJzaW9uPTIwMTgtMDYtMDE=",
      "RequestMethod": "GET",
      "RequestBody": "",
      "RequestHeaders": {
        "User-Agent": [
          "FxVersion/4.6.27414.06",
          "OSName/Windows",
          "OSVersion/Microsoft.Windows.10.0.17763.",
          "Microsoft.Azure.Management.Compute.Fluent.ComputeManagementClient/1.20.0.0",
          "MacAddressHash/dfc186da812799dff0d5877580e2f5634177cc66b64a724c5be514dc1fdd66f5"
        ]
      },
      "ResponseHeaders": {
        "Cache-Control": [
          "no-cache"
        ],
        "Pragma": [
          "no-cache"
        ],
        "x-ms-ratelimit-remaining-resource": [
          "Microsoft.Compute/GetOperation3Min;49990,Microsoft.Compute/GetOperation30Min;399965"
        ],
        "Strict-Transport-Security": [
          "max-age=31536000; includeSubDomains"
        ],
        "x-ms-served-by": [
          "c7be8819-8178-488e-b751-923f11b1b57c_131881310768524998"
        ],
        "x-ms-request-id": [
          "0c2db6a3-cffb-4fd9-9344-cfae62f480fd"
        ],
        "Server": [
          "Microsoft-HTTPAPI/2.0",
          "Microsoft-HTTPAPI/2.0"
        ],
        "x-ms-ratelimit-remaining-subscription-reads": [
          "11990"
        ],
        "x-ms-correlation-request-id": [
          "cd4f783a-89ec-4093-a093-7bb3b088a05e"
        ],
        "x-ms-routing-request-id": [
          "WESTUS2:20190426T190123Z:cd4f783a-89ec-4093-a093-7bb3b088a05e"
        ],
        "X-Content-Type-Options": [
          "nosniff"
        ],
        "Date": [
          "Fri, 26 Apr 2019 19:01:23 GMT"
        ],
        "Expires": [
          "-1"
        ],
        "Content-Length": [
          "0"
        ]
      },
      "ResponseBody": "",
      "StatusCode": 200
    },
    {
      "RequestUri": "/subscriptions/0b1f6471-1bf0-4dda-aec3-cb9272f09590/resourcegroups/rgfluentchash-6740?api-version=2017-05-10",
      "EncodedRequestUri": "L3N1YnNjcmlwdGlvbnMvMGIxZjY0NzEtMWJmMC00ZGRhLWFlYzMtY2I5MjcyZjA5NTkwL3Jlc291cmNlZ3JvdXBzL3JnZmx1ZW50Y2hhc2gtNjc0MD9hcGktdmVyc2lvbj0yMDE3LTA1LTEw",
      "RequestMethod": "DELETE",
      "RequestBody": "",
      "RequestHeaders": {
        "x-ms-client-request-id": [
          "812b335c-40c2-41ea-831e-065eade1014b"
        ],
        "Accept-Language": [
          "en-US"
        ],
        "User-Agent": [
          "FxVersion/4.6.27414.06",
          "OSName/Windows",
          "OSVersion/Microsoft.Windows.10.0.17763.",
          "Microsoft.Azure.Management.ResourceManager.Fluent.ResourceManagementClient/1.20.0.0",
          "MacAddressHash/dfc186da812799dff0d5877580e2f5634177cc66b64a724c5be514dc1fdd66f5"
        ]
      },
      "ResponseHeaders": {
        "Cache-Control": [
          "no-cache"
        ],
        "Pragma": [
          "no-cache"
        ],
        "Location": [
          "https://management.azure.com/subscriptions/0b1f6471-1bf0-4dda-aec3-cb9272f09590/operationresults/eyJqb2JJZCI6IlJFU09VUkNFR1JPVVBERUxFVElPTkpPQi1SR0ZMVUVOVENIQVNIOjJENjc0MC1XRVNUQ0VOVFJBTFVTIiwiam9iTG9jYXRpb24iOiJ3ZXN0Y2VudHJhbHVzIn0?api-version=2017-05-10"
        ],
        "Retry-After": [
          "15"
        ],
        "x-ms-ratelimit-remaining-subscription-deletes": [
          "14999"
        ],
        "x-ms-request-id": [
          "53ee76f3-d9a2-4f09-b601-0f0bf79df665"
        ],
        "x-ms-correlation-request-id": [
          "53ee76f3-d9a2-4f09-b601-0f0bf79df665"
        ],
        "x-ms-routing-request-id": [
          "WESTUS2:20190426T190118Z:53ee76f3-d9a2-4f09-b601-0f0bf79df665"
        ],
        "Strict-Transport-Security": [
          "max-age=31536000; includeSubDomains"
        ],
        "X-Content-Type-Options": [
          "nosniff"
        ],
        "Date": [
          "Fri, 26 Apr 2019 19:01:17 GMT"
        ],
        "Expires": [
          "-1"
        ],
        "Content-Length": [
          "0"
        ]
      },
      "ResponseBody": "",
      "StatusCode": 202
    },
    {
      "RequestUri": "/subscriptions/0b1f6471-1bf0-4dda-aec3-cb9272f09590/operationresults/eyJqb2JJZCI6IlJFU09VUkNFR1JPVVBERUxFVElPTkpPQi1SR0ZMVUVOVENIQVNIOjJENjc0MC1XRVNUQ0VOVFJBTFVTIiwiam9iTG9jYXRpb24iOiJ3ZXN0Y2VudHJhbHVzIn0?api-version=2017-05-10",
      "EncodedRequestUri": "L3N1YnNjcmlwdGlvbnMvMGIxZjY0NzEtMWJmMC00ZGRhLWFlYzMtY2I5MjcyZjA5NTkwL29wZXJhdGlvbnJlc3VsdHMvZXlKcWIySkpaQ0k2SWxKRlUwOVZVa05GUjFKUFZWQkVSVXhGVkVsUFRrcFBRaTFTUjBaTVZVVk9WRU5JUVZOSU9qSkVOamMwTUMxWFJWTlVRMFZPVkZKQlRGVlRJaXdpYW05aVRHOWpZWFJwYjI0aU9pSjNaWE4wWTJWdWRISmhiSFZ6SW4wP2FwaS12ZXJzaW9uPTIwMTctMDUtMTA=",
      "RequestMethod": "GET",
      "RequestBody": "",
      "RequestHeaders": {
        "User-Agent": [
          "FxVersion/4.6.27414.06",
          "OSName/Windows",
          "OSVersion/Microsoft.Windows.10.0.17763.",
          "Microsoft.Azure.Management.ResourceManager.Fluent.ResourceManagementClient/1.20.0.0",
          "MacAddressHash/dfc186da812799dff0d5877580e2f5634177cc66b64a724c5be514dc1fdd66f5"
        ]
      },
      "ResponseHeaders": {
        "Cache-Control": [
          "no-cache"
        ],
        "Pragma": [
          "no-cache"
        ],
        "Location": [
          "https://management.azure.com/subscriptions/0b1f6471-1bf0-4dda-aec3-cb9272f09590/operationresults/eyJqb2JJZCI6IlJFU09VUkNFR1JPVVBERUxFVElPTkpPQi1SR0ZMVUVOVENIQVNIOjJENjc0MC1XRVNUQ0VOVFJBTFVTIiwiam9iTG9jYXRpb24iOiJ3ZXN0Y2VudHJhbHVzIn0?api-version=2017-05-10"
        ],
        "Retry-After": [
          "15"
        ],
        "x-ms-ratelimit-remaining-subscription-reads": [
          "11999"
        ],
        "x-ms-request-id": [
          "85067f06-db49-42b8-b2d5-1989490a66d9"
        ],
        "x-ms-correlation-request-id": [
          "85067f06-db49-42b8-b2d5-1989490a66d9"
        ],
        "x-ms-routing-request-id": [
          "WESTUS2:20190426T190133Z:85067f06-db49-42b8-b2d5-1989490a66d9"
        ],
        "Strict-Transport-Security": [
          "max-age=31536000; includeSubDomains"
        ],
        "X-Content-Type-Options": [
          "nosniff"
        ],
        "Date": [
          "Fri, 26 Apr 2019 19:01:32 GMT"
        ],
        "Expires": [
          "-1"
        ],
        "Content-Length": [
          "0"
        ]
      },
      "ResponseBody": "",
      "StatusCode": 202
    },
    {
      "RequestUri": "/subscriptions/0b1f6471-1bf0-4dda-aec3-cb9272f09590/operationresults/eyJqb2JJZCI6IlJFU09VUkNFR1JPVVBERUxFVElPTkpPQi1SR0ZMVUVOVENIQVNIOjJENjc0MC1XRVNUQ0VOVFJBTFVTIiwiam9iTG9jYXRpb24iOiJ3ZXN0Y2VudHJhbHVzIn0?api-version=2017-05-10",
      "EncodedRequestUri": "L3N1YnNjcmlwdGlvbnMvMGIxZjY0NzEtMWJmMC00ZGRhLWFlYzMtY2I5MjcyZjA5NTkwL29wZXJhdGlvbnJlc3VsdHMvZXlKcWIySkpaQ0k2SWxKRlUwOVZVa05GUjFKUFZWQkVSVXhGVkVsUFRrcFBRaTFTUjBaTVZVVk9WRU5JUVZOSU9qSkVOamMwTUMxWFJWTlVRMFZPVkZKQlRGVlRJaXdpYW05aVRHOWpZWFJwYjI0aU9pSjNaWE4wWTJWdWRISmhiSFZ6SW4wP2FwaS12ZXJzaW9uPTIwMTctMDUtMTA=",
      "RequestMethod": "GET",
      "RequestBody": "",
      "RequestHeaders": {
        "User-Agent": [
          "FxVersion/4.6.27414.06",
          "OSName/Windows",
          "OSVersion/Microsoft.Windows.10.0.17763.",
          "Microsoft.Azure.Management.ResourceManager.Fluent.ResourceManagementClient/1.20.0.0",
          "MacAddressHash/dfc186da812799dff0d5877580e2f5634177cc66b64a724c5be514dc1fdd66f5"
        ]
      },
      "ResponseHeaders": {
        "Cache-Control": [
          "no-cache"
        ],
        "Pragma": [
          "no-cache"
        ],
        "Location": [
          "https://management.azure.com/subscriptions/0b1f6471-1bf0-4dda-aec3-cb9272f09590/operationresults/eyJqb2JJZCI6IlJFU09VUkNFR1JPVVBERUxFVElPTkpPQi1SR0ZMVUVOVENIQVNIOjJENjc0MC1XRVNUQ0VOVFJBTFVTIiwiam9iTG9jYXRpb24iOiJ3ZXN0Y2VudHJhbHVzIn0?api-version=2017-05-10"
        ],
        "Retry-After": [
          "15"
        ],
        "x-ms-ratelimit-remaining-subscription-reads": [
          "11998"
        ],
        "x-ms-request-id": [
          "b698a5f8-5bf0-4120-8c9a-f02517fe76de"
        ],
        "x-ms-correlation-request-id": [
          "b698a5f8-5bf0-4120-8c9a-f02517fe76de"
        ],
        "x-ms-routing-request-id": [
          "WESTUS2:20190426T190148Z:b698a5f8-5bf0-4120-8c9a-f02517fe76de"
        ],
        "Strict-Transport-Security": [
          "max-age=31536000; includeSubDomains"
        ],
        "X-Content-Type-Options": [
          "nosniff"
        ],
        "Date": [
          "Fri, 26 Apr 2019 19:01:47 GMT"
        ],
        "Expires": [
          "-1"
        ],
        "Content-Length": [
          "0"
        ]
      },
      "ResponseBody": "",
      "StatusCode": 202
    },
    {
      "RequestUri": "/subscriptions/0b1f6471-1bf0-4dda-aec3-cb9272f09590/operationresults/eyJqb2JJZCI6IlJFU09VUkNFR1JPVVBERUxFVElPTkpPQi1SR0ZMVUVOVENIQVNIOjJENjc0MC1XRVNUQ0VOVFJBTFVTIiwiam9iTG9jYXRpb24iOiJ3ZXN0Y2VudHJhbHVzIn0?api-version=2017-05-10",
      "EncodedRequestUri": "L3N1YnNjcmlwdGlvbnMvMGIxZjY0NzEtMWJmMC00ZGRhLWFlYzMtY2I5MjcyZjA5NTkwL29wZXJhdGlvbnJlc3VsdHMvZXlKcWIySkpaQ0k2SWxKRlUwOVZVa05GUjFKUFZWQkVSVXhGVkVsUFRrcFBRaTFTUjBaTVZVVk9WRU5JUVZOSU9qSkVOamMwTUMxWFJWTlVRMFZPVkZKQlRGVlRJaXdpYW05aVRHOWpZWFJwYjI0aU9pSjNaWE4wWTJWdWRISmhiSFZ6SW4wP2FwaS12ZXJzaW9uPTIwMTctMDUtMTA=",
      "RequestMethod": "GET",
      "RequestBody": "",
      "RequestHeaders": {
        "User-Agent": [
          "FxVersion/4.6.27414.06",
          "OSName/Windows",
          "OSVersion/Microsoft.Windows.10.0.17763.",
          "Microsoft.Azure.Management.ResourceManager.Fluent.ResourceManagementClient/1.20.0.0",
          "MacAddressHash/dfc186da812799dff0d5877580e2f5634177cc66b64a724c5be514dc1fdd66f5"
        ]
      },
      "ResponseHeaders": {
        "Cache-Control": [
          "no-cache"
        ],
        "Pragma": [
          "no-cache"
        ],
        "x-ms-ratelimit-remaining-subscription-reads": [
          "11997"
        ],
        "x-ms-request-id": [
          "cf2aa88f-1669-42af-9a05-a3a0dcca6785"
        ],
        "x-ms-correlation-request-id": [
          "cf2aa88f-1669-42af-9a05-a3a0dcca6785"
        ],
        "x-ms-routing-request-id": [
          "WESTUS2:20190426T190203Z:cf2aa88f-1669-42af-9a05-a3a0dcca6785"
        ],
        "Strict-Transport-Security": [
          "max-age=31536000; includeSubDomains"
        ],
        "X-Content-Type-Options": [
          "nosniff"
        ],
        "Date": [
          "Fri, 26 Apr 2019 19:02:02 GMT"
        ],
        "Expires": [
          "-1"
        ],
        "Content-Length": [
          "0"
        ]
      },
      "ResponseBody": "",
      "StatusCode": 200
    },
    {
      "RequestUri": "/subscriptions/0b1f6471-1bf0-4dda-aec3-cb9272f09590/operationresults/eyJqb2JJZCI6IlJFU09VUkNFR1JPVVBERUxFVElPTkpPQi1SR0ZMVUVOVENIQVNIOjJENjc0MC1XRVNUQ0VOVFJBTFVTIiwiam9iTG9jYXRpb24iOiJ3ZXN0Y2VudHJhbHVzIn0?api-version=2017-05-10",
      "EncodedRequestUri": "L3N1YnNjcmlwdGlvbnMvMGIxZjY0NzEtMWJmMC00ZGRhLWFlYzMtY2I5MjcyZjA5NTkwL29wZXJhdGlvbnJlc3VsdHMvZXlKcWIySkpaQ0k2SWxKRlUwOVZVa05GUjFKUFZWQkVSVXhGVkVsUFRrcFBRaTFTUjBaTVZVVk9WRU5JUVZOSU9qSkVOamMwTUMxWFJWTlVRMFZPVkZKQlRGVlRJaXdpYW05aVRHOWpZWFJwYjI0aU9pSjNaWE4wWTJWdWRISmhiSFZ6SW4wP2FwaS12ZXJzaW9uPTIwMTctMDUtMTA=",
      "RequestMethod": "GET",
      "RequestBody": "",
      "RequestHeaders": {
        "User-Agent": [
          "FxVersion/4.6.27414.06",
          "OSName/Windows",
          "OSVersion/Microsoft.Windows.10.0.17763.",
          "Microsoft.Azure.Management.ResourceManager.Fluent.ResourceManagementClient/1.20.0.0",
          "MacAddressHash/dfc186da812799dff0d5877580e2f5634177cc66b64a724c5be514dc1fdd66f5"
        ]
      },
      "ResponseHeaders": {
        "Cache-Control": [
          "no-cache"
        ],
        "Pragma": [
          "no-cache"
        ],
        "x-ms-ratelimit-remaining-subscription-reads": [
          "11996"
        ],
        "x-ms-request-id": [
          "6cc3ffe8-e843-49b8-b948-07cef4ca93fb"
        ],
        "x-ms-correlation-request-id": [
          "6cc3ffe8-e843-49b8-b948-07cef4ca93fb"
        ],
        "x-ms-routing-request-id": [
          "WESTUS2:20190426T190203Z:6cc3ffe8-e843-49b8-b948-07cef4ca93fb"
        ],
        "Strict-Transport-Security": [
          "max-age=31536000; includeSubDomains"
        ],
        "X-Content-Type-Options": [
          "nosniff"
        ],
        "Date": [
          "Fri, 26 Apr 2019 19:02:02 GMT"
        ],
        "Expires": [
          "-1"
        ],
        "Content-Length": [
          "0"
        ]
      },
      "ResponseBody": "",
      "StatusCode": 200
    }
  ],
  "Names": {
    "CanOperateOnManagedDiskFromDisk": [
      "md-1d4310057df7b",
      "md-2c4a322006633",
      "rgfluentchash-6740"
    ]
  },
  "Variables": {
    "ServicePrincipal": "39e3d217-cb72-4b90-8532-394a7e784d93",
    "AADTenant": "54826b22-38d6-4fb2-bad9-b7b93a3e9c5a",
    "SubscriptionId": "0b1f6471-1bf0-4dda-aec3-cb9272f09590"
  }
}