{
  "Entries": [
    {
      "RequestUri": "/subscriptions/1c638cf4-608f-4ee6-b680-c329e824c3a8/resourcegroups/rg5c743832?api-version=2017-05-10",
      "EncodedRequestUri": "L3N1YnNjcmlwdGlvbnMvMWM2MzhjZjQtNjA4Zi00ZWU2LWI2ODAtYzMyOWU4MjRjM2E4L3Jlc291cmNlZ3JvdXBzL3JnNWM3NDM4MzI/YXBpLXZlcnNpb249MjAxNy0wNS0xMA==",
      "RequestMethod": "PUT",
      "RequestBody": "{\r\n  \"location\": \"westus2\"\r\n}",
      "RequestHeaders": {
        "x-ms-client-request-id": [
          "afd25d8b-f902-4473-a0dd-9bd06a81bb2e"
        ],
        "accept-language": [
          "en-US"
        ],
        "User-Agent": [
          "FxVersion/4.6.26614.01",
          "OSName/Windows",
          "OSVersion/Microsoft.Windows.10.0.18362.",
          "Microsoft.Azure.Management.ResourceManager.Fluent.ResourceManagementClient/1.0.0.60",
          "MacAddressHash/e576395dc164e8ff527889e581ddd480e3ad9f4bd1e30c40b6a0ebc98fb3a2e7"
        ],
        "Content-Type": [
          "application/json; charset=utf-8"
        ],
        "Content-Length": [
          "29"
        ]
      },
      "ResponseHeaders": {
        "Cache-Control": [
          "no-cache"
        ],
        "Date": [
          "Sat, 17 Aug 2019 12:12:27 GMT"
        ],
        "Pragma": [
          "no-cache"
        ],
        "x-ms-ratelimit-remaining-subscription-writes": [
          "1199"
        ],
        "x-ms-request-id": [
          "ae38a3ba-74e1-4298-a0de-879b092c7d5c"
        ],
        "x-ms-correlation-request-id": [
          "ae38a3ba-74e1-4298-a0de-879b092c7d5c"
        ],
        "x-ms-routing-request-id": [
          "SOUTHEASTASIA:20190817T121227Z:ae38a3ba-74e1-4298-a0de-879b092c7d5c"
        ],
        "Strict-Transport-Security": [
          "max-age=31536000; includeSubDomains"
        ],
        "X-Content-Type-Options": [
          "nosniff"
        ],
        "Content-Length": [
          "174"
        ],
        "Content-Type": [
          "application/json; charset=utf-8"
        ],
        "Expires": [
          "-1"
        ]
      },
      "ResponseBody": "{\r\n  \"id\": \"/subscriptions/1c638cf4-608f-4ee6-b680-c329e824c3a8/resourceGroups/rg5c743832\",\r\n  \"name\": \"rg5c743832\",\r\n  \"location\": \"westus2\",\r\n  \"properties\": {\r\n    \"provisioningState\": \"Succeeded\"\r\n  }\r\n}",
      "StatusCode": 201
    },
    {
      "RequestUri": "/subscriptions/1c638cf4-608f-4ee6-b680-c329e824c3a8/resourceGroups/rg5c743832/providers/Microsoft.BatchAI/workspaces/ws9f753885?api-version=2018-05-01",
      "EncodedRequestUri": "L3N1YnNjcmlwdGlvbnMvMWM2MzhjZjQtNjA4Zi00ZWU2LWI2ODAtYzMyOWU4MjRjM2E4L3Jlc291cmNlR3JvdXBzL3JnNWM3NDM4MzIvcHJvdmlkZXJzL01pY3Jvc29mdC5CYXRjaEFJL3dvcmtzcGFjZXMvd3M5Zjc1Mzg4NT9hcGktdmVyc2lvbj0yMDE4LTA1LTAx",
      "RequestMethod": "PUT",
      "RequestBody": "{\r\n  \"location\": \"westus2\",\r\n  \"tags\": {}\r\n}",
      "RequestHeaders": {
        "x-ms-client-request-id": [
          "2f0ff55c-8cb2-4e41-8f63-486370aa36bc"
        ],
        "accept-language": [
          "en-US"
        ],
        "User-Agent": [
          "FxVersion/4.6.26614.01",
          "OSName/Windows",
          "OSVersion/Microsoft.Windows.10.0.18362.",
          "Microsoft.Azure.Management.BatchAI.Fluent.BatchAIManagementClient/1.0.0.60",
          "MacAddressHash/e576395dc164e8ff527889e581ddd480e3ad9f4bd1e30c40b6a0ebc98fb3a2e7"
        ],
        "Content-Type": [
          "application/json; charset=utf-8"
        ],
        "Content-Length": [
          "44"
        ]
      },
      "ResponseHeaders": {
        "Cache-Control": [
          "no-cache"
        ],
        "Date": [
          "Sat, 17 Aug 2019 12:12:31 GMT"
        ],
        "Pragma": [
          "no-cache"
        ],
        "ETag": [
          "W/\"0x8D7230C2D6EBB6E\""
        ],
        "Vary": [
          "Accept-Encoding"
        ],
        "x-ms-request-id": [
          "b71fa198-e25c-4ad8-8375-1355c6f21e26"
        ],
        "x-ms-ratelimit-remaining-subscription-writes": [
          "1198"
        ],
        "request-id": [
          "0bd0bfdb-4771-4c9e-adf3-001ea5f54454"
        ],
        "Strict-Transport-Security": [
          "max-age=31536000; includeSubDomains"
        ],
        "X-Content-Type-Options": [
          "nosniff"
        ],
        "x-ms-correlation-request-id": [
          "b71fa198-e25c-4ad8-8375-1355c6f21e26"
        ],
        "x-ms-routing-request-id": [
          "SOUTHEASTASIA:20190817T121231Z:b71fa198-e25c-4ad8-8375-1355c6f21e26"
        ],
        "Content-Length": [
          "375"
        ],
        "Content-Type": [
          "application/json; charset=utf-8"
        ],
        "Expires": [
          "-1"
        ],
        "Last-Modified": [
          "Sat, 17 Aug 2019 12:12:30 GMT"
        ]
      },
      "ResponseBody": "{\r\n  \"id\": \"/subscriptions/1c638cf4-608f-4ee6-b680-c329e824c3a8/resourceGroups/rg5c743832/providers/Microsoft.BatchAI/workspaces/ws9f753885\",\r\n  \"name\": \"ws9f753885\",\r\n  \"type\": \"Microsoft.BatchAI/workspaces\",\r\n  \"location\": \"westus2\",\r\n  \"properties\": {\r\n    \"provisioningState\": \"succeeded\",\r\n    \"provisioningStateTransitionTime\": \"2019-08-17T12:12:30.502Z\",\r\n    \"creationTime\": \"2019-08-17T12:12:30.502Z\"\r\n  },\r\n  \"tags\": {}\r\n}",
      "StatusCode": 200
    },
    {
      "RequestUri": "/subscriptions/1c638cf4-608f-4ee6-b680-c329e824c3a8/resourceGroups/rg5c743832/providers/Microsoft.Network/virtualNetworks/vnet82201?api-version=2019-06-01",
      "EncodedRequestUri": "L3N1YnNjcmlwdGlvbnMvMWM2MzhjZjQtNjA4Zi00ZWU2LWI2ODAtYzMyOWU4MjRjM2E4L3Jlc291cmNlR3JvdXBzL3JnNWM3NDM4MzIvcHJvdmlkZXJzL01pY3Jvc29mdC5OZXR3b3JrL3ZpcnR1YWxOZXR3b3Jrcy92bmV0ODIyMDE/YXBpLXZlcnNpb249MjAxOS0wNi0wMQ==",
      "RequestMethod": "PUT",
      "RequestBody": "{\r\n  \"properties\": {\r\n    \"addressSpace\": {\r\n      \"addressPrefixes\": [\r\n        \"192.168.0.0/16\"\r\n      ]\r\n    },\r\n    \"dhcpOptions\": {\r\n      \"dnsServers\": []\r\n    },\r\n    \"subnets\": [\r\n      {\r\n        \"properties\": {\r\n          \"addressPrefix\": \"192.168.200.0/24\"\r\n        },\r\n        \"name\": \"MySubnet\"\r\n      }\r\n    ]\r\n  },\r\n  \"location\": \"westus2\",\r\n  \"tags\": {}\r\n}",
      "RequestHeaders": {
        "x-ms-client-request-id": [
          "a34a75a6-f93f-44e9-88f7-0ac0e7ffabf2"
        ],
        "accept-language": [
          "en-US"
        ],
        "User-Agent": [
          "FxVersion/4.6.26614.01",
          "OSName/Windows",
          "OSVersion/Microsoft.Windows.10.0.18362.",
          "Microsoft.Azure.Management.Network.Fluent.NetworkManagementClient/1.0.0.60",
          "MacAddressHash/e576395dc164e8ff527889e581ddd480e3ad9f4bd1e30c40b6a0ebc98fb3a2e7"
        ],
        "Content-Type": [
          "application/json; charset=utf-8"
        ],
        "Content-Length": [
          "372"
        ]
      },
      "ResponseHeaders": {
        "Cache-Control": [
          "no-cache"
        ],
        "Date": [
          "Sat, 17 Aug 2019 12:12:34 GMT"
        ],
        "Pragma": [
          "no-cache"
        ],
        "Retry-After": [
          "3"
        ],
        "Server": [
          "Microsoft-HTTPAPI/2.0",
          "Microsoft-HTTPAPI/2.0"
        ],
        "x-ms-request-id": [
          "3b1d7404-29a1-4450-b9bf-b2d1339dd638"
        ],
        "Azure-AsyncOperation": [
          "https://management.azure.com/subscriptions/1c638cf4-608f-4ee6-b680-c329e824c3a8/providers/Microsoft.Network/locations/westus2/operations/3b1d7404-29a1-4450-b9bf-b2d1339dd638?api-version=2019-06-01"
        ],
        "x-ms-correlation-request-id": [
          "07db4950-785a-4d39-871c-299087b5852d"
        ],
        "x-ms-arm-service-request-id": [
          "b5142340-d3ee-44f9-a857-f1cf1bcd14ed"
        ],
        "Strict-Transport-Security": [
          "max-age=31536000; includeSubDomains"
        ],
        "x-ms-ratelimit-remaining-subscription-writes": [
          "1199"
        ],
        "x-ms-routing-request-id": [
          "SOUTHEASTASIA:20190817T121235Z:07db4950-785a-4d39-871c-299087b5852d"
        ],
        "X-Content-Type-Options": [
          "nosniff"
        ],
        "Content-Length": [
          "1330"
        ],
        "Content-Type": [
          "application/json; charset=utf-8"
        ],
        "Expires": [
          "-1"
        ]
      },
      "ResponseBody": "{\r\n  \"name\": \"vnet82201\",\r\n  \"id\": \"/subscriptions/1c638cf4-608f-4ee6-b680-c329e824c3a8/resourceGroups/rg5c743832/providers/Microsoft.Network/virtualNetworks/vnet82201\",\r\n  \"etag\": \"W/\\\"aa7fb4c3-56be-41f7-be3d-550378fc506a\\\"\",\r\n  \"type\": \"Microsoft.Network/virtualNetworks\",\r\n  \"location\": \"westus2\",\r\n  \"tags\": {},\r\n  \"properties\": {\r\n    \"provisioningState\": \"Updating\",\r\n    \"resourceGuid\": \"8d53b34b-0fcd-430b-99bb-5c3d45e9f6cb\",\r\n    \"addressSpace\": {\r\n      \"addressPrefixes\": [\r\n        \"192.168.0.0/16\"\r\n      ]\r\n    },\r\n    \"dhcpOptions\": {\r\n      \"dnsServers\": []\r\n    },\r\n    \"subnets\": [\r\n      {\r\n        \"name\": \"MySubnet\",\r\n        \"id\": \"/subscriptions/1c638cf4-608f-4ee6-b680-c329e824c3a8/resourceGroups/rg5c743832/providers/Microsoft.Network/virtualNetworks/vnet82201/subnets/MySubnet\",\r\n        \"etag\": \"W/\\\"aa7fb4c3-56be-41f7-be3d-550378fc506a\\\"\",\r\n        \"properties\": {\r\n          \"provisioningState\": \"Updating\",\r\n          \"addressPrefix\": \"192.168.200.0/24\",\r\n          \"delegations\": [],\r\n          \"privateEndpointNetworkPolicies\": \"Enabled\",\r\n          \"privateLinkServiceNetworkPolicies\": \"Enabled\"\r\n        },\r\n        \"type\": \"Microsoft.Network/virtualNetworks/subnets\"\r\n      }\r\n    ],\r\n    \"virtualNetworkPeerings\": [],\r\n    \"enableDdosProtection\": false,\r\n    \"enableVmProtection\": false\r\n  }\r\n}",
      "StatusCode": 201
    },
    {
      "RequestUri": "/subscriptions/1c638cf4-608f-4ee6-b680-c329e824c3a8/providers/Microsoft.Network/locations/westus2/operations/3b1d7404-29a1-4450-b9bf-b2d1339dd638?api-version=2019-06-01",
      "EncodedRequestUri": "L3N1YnNjcmlwdGlvbnMvMWM2MzhjZjQtNjA4Zi00ZWU2LWI2ODAtYzMyOWU4MjRjM2E4L3Byb3ZpZGVycy9NaWNyb3NvZnQuTmV0d29yay9sb2NhdGlvbnMvd2VzdHVzMi9vcGVyYXRpb25zLzNiMWQ3NDA0LTI5YTEtNDQ1MC1iOWJmLWIyZDEzMzlkZDYzOD9hcGktdmVyc2lvbj0yMDE5LTA2LTAx",
      "RequestMethod": "GET",
      "RequestBody": "",
      "RequestHeaders": {
        "User-Agent": [
          "FxVersion/4.6.26614.01",
          "OSName/Windows",
          "OSVersion/Microsoft.Windows.10.0.18362.",
          "Microsoft.Azure.Management.Network.Fluent.NetworkManagementClient/1.0.0.60",
          "MacAddressHash/e576395dc164e8ff527889e581ddd480e3ad9f4bd1e30c40b6a0ebc98fb3a2e7"
        ]
      },
      "ResponseHeaders": {
        "Cache-Control": [
          "no-cache"
        ],
        "Date": [
          "Sat, 17 Aug 2019 12:12:38 GMT"
        ],
        "Pragma": [
          "no-cache"
        ],
        "Server": [
          "Microsoft-HTTPAPI/2.0",
          "Microsoft-HTTPAPI/2.0"
        ],
        "x-ms-request-id": [
          "26738cf8-02ae-4377-beed-f2df6e552e5f"
        ],
        "x-ms-correlation-request-id": [
          "c8327842-7519-44e9-bab9-c47bc0b1b3b0"
        ],
        "x-ms-arm-service-request-id": [
          "4565085e-dc6c-48c7-992b-06bab1a622f0"
        ],
        "Strict-Transport-Security": [
          "max-age=31536000; includeSubDomains"
        ],
        "x-ms-ratelimit-remaining-subscription-reads": [
          "11999"
        ],
        "x-ms-routing-request-id": [
          "SOUTHEASTASIA:20190817T121239Z:c8327842-7519-44e9-bab9-c47bc0b1b3b0"
        ],
        "X-Content-Type-Options": [
          "nosniff"
        ],
        "Content-Length": [
          "29"
        ],
        "Content-Type": [
          "application/json; charset=utf-8"
        ],
        "Expires": [
          "-1"
        ]
      },
      "ResponseBody": "{\r\n  \"status\": \"Succeeded\"\r\n}",
      "StatusCode": 200
    },
    {
      "RequestUri": "/subscriptions/1c638cf4-608f-4ee6-b680-c329e824c3a8/resourceGroups/rg5c743832/providers/Microsoft.Network/virtualNetworks/vnet82201?api-version=2019-06-01",
      "EncodedRequestUri": "L3N1YnNjcmlwdGlvbnMvMWM2MzhjZjQtNjA4Zi00ZWU2LWI2ODAtYzMyOWU4MjRjM2E4L3Jlc291cmNlR3JvdXBzL3JnNWM3NDM4MzIvcHJvdmlkZXJzL01pY3Jvc29mdC5OZXR3b3JrL3ZpcnR1YWxOZXR3b3Jrcy92bmV0ODIyMDE/YXBpLXZlcnNpb249MjAxOS0wNi0wMQ==",
      "RequestMethod": "GET",
      "RequestBody": "",
      "RequestHeaders": {
        "User-Agent": [
          "FxVersion/4.6.26614.01",
          "OSName/Windows",
          "OSVersion/Microsoft.Windows.10.0.18362.",
          "Microsoft.Azure.Management.Network.Fluent.NetworkManagementClient/1.0.0.60",
          "MacAddressHash/e576395dc164e8ff527889e581ddd480e3ad9f4bd1e30c40b6a0ebc98fb3a2e7"
        ]
      },
      "ResponseHeaders": {
        "Cache-Control": [
          "no-cache"
        ],
        "Date": [
          "Sat, 17 Aug 2019 12:12:38 GMT"
        ],
        "Pragma": [
          "no-cache"
        ],
        "ETag": [
          "W/\"7679317e-d723-421a-893e-db3dfb62e9b9\""
        ],
        "Server": [
          "Microsoft-HTTPAPI/2.0",
          "Microsoft-HTTPAPI/2.0"
        ],
        "x-ms-request-id": [
          "b2783c79-7393-42d5-97ee-4c592cd7f2e0"
        ],
        "x-ms-correlation-request-id": [
          "0a4eff18-fadc-41ec-bd6e-38c8e5f8b69c"
        ],
        "x-ms-arm-service-request-id": [
          "5a5ef0cf-8fae-4d48-8d10-84b860abb2d4"
        ],
        "Strict-Transport-Security": [
          "max-age=31536000; includeSubDomains"
        ],
        "x-ms-ratelimit-remaining-subscription-reads": [
          "11998"
        ],
        "x-ms-routing-request-id": [
          "SOUTHEASTASIA:20190817T121239Z:0a4eff18-fadc-41ec-bd6e-38c8e5f8b69c"
        ],
        "X-Content-Type-Options": [
          "nosniff"
        ],
        "Content-Length": [
          "1332"
        ],
        "Content-Type": [
          "application/json; charset=utf-8"
        ],
        "Expires": [
          "-1"
        ]
      },
      "ResponseBody": "{\r\n  \"name\": \"vnet82201\",\r\n  \"id\": \"/subscriptions/1c638cf4-608f-4ee6-b680-c329e824c3a8/resourceGroups/rg5c743832/providers/Microsoft.Network/virtualNetworks/vnet82201\",\r\n  \"etag\": \"W/\\\"7679317e-d723-421a-893e-db3dfb62e9b9\\\"\",\r\n  \"type\": \"Microsoft.Network/virtualNetworks\",\r\n  \"location\": \"westus2\",\r\n  \"tags\": {},\r\n  \"properties\": {\r\n    \"provisioningState\": \"Succeeded\",\r\n    \"resourceGuid\": \"8d53b34b-0fcd-430b-99bb-5c3d45e9f6cb\",\r\n    \"addressSpace\": {\r\n      \"addressPrefixes\": [\r\n        \"192.168.0.0/16\"\r\n      ]\r\n    },\r\n    \"dhcpOptions\": {\r\n      \"dnsServers\": []\r\n    },\r\n    \"subnets\": [\r\n      {\r\n        \"name\": \"MySubnet\",\r\n        \"id\": \"/subscriptions/1c638cf4-608f-4ee6-b680-c329e824c3a8/resourceGroups/rg5c743832/providers/Microsoft.Network/virtualNetworks/vnet82201/subnets/MySubnet\",\r\n        \"etag\": \"W/\\\"7679317e-d723-421a-893e-db3dfb62e9b9\\\"\",\r\n        \"properties\": {\r\n          \"provisioningState\": \"Succeeded\",\r\n          \"addressPrefix\": \"192.168.200.0/24\",\r\n          \"delegations\": [],\r\n          \"privateEndpointNetworkPolicies\": \"Enabled\",\r\n          \"privateLinkServiceNetworkPolicies\": \"Enabled\"\r\n        },\r\n        \"type\": \"Microsoft.Network/virtualNetworks/subnets\"\r\n      }\r\n    ],\r\n    \"virtualNetworkPeerings\": [],\r\n    \"enableDdosProtection\": false,\r\n    \"enableVmProtection\": false\r\n  }\r\n}",
      "StatusCode": 200
    },
    {
      "RequestUri": "/subscriptions/1c638cf4-608f-4ee6-b680-c329e824c3a8/resourceGroups/rg5c743832/providers/Microsoft.BatchAI/workspaces/ws9f753885/fileServers/fsb4c8559248?api-version=2018-05-01",
      "EncodedRequestUri": "L3N1YnNjcmlwdGlvbnMvMWM2MzhjZjQtNjA4Zi00ZWU2LWI2ODAtYzMyOWU4MjRjM2E4L3Jlc291cmNlR3JvdXBzL3JnNWM3NDM4MzIvcHJvdmlkZXJzL01pY3Jvc29mdC5CYXRjaEFJL3dvcmtzcGFjZXMvd3M5Zjc1Mzg4NS9maWxlU2VydmVycy9mc2I0Yzg1NTkyNDg/YXBpLXZlcnNpb249MjAxOC0wNS0wMQ==",
      "RequestMethod": "PUT",
      "RequestBody": "{\r\n  \"properties\": {\r\n    \"vmSize\": \"Standard_D1_v2\",\r\n    \"sshConfiguration\": {\r\n      \"userAccountSettings\": {\r\n        \"adminUserName\": \"tirekicker\",\r\n        \"adminUserPassword\": \"MyPassword!\"\r\n      }\r\n    },\r\n    \"dataDisks\": {\r\n      \"diskSizeInGB\": 10,\r\n      \"cachingType\": \"readwrite\",\r\n      \"diskCount\": 2,\r\n      \"storageAccountType\": \"Standard_LRS\"\r\n    },\r\n    \"subnet\": {\r\n      \"id\": \"/subscriptions/1c638cf4-608f-4ee6-b680-c329e824c3a8/resourceGroups/rg5c743832/providers/Microsoft.Network/virtualNetworks/vnet82201/subnets/MySubnet\"\r\n    }\r\n  }\r\n}",
      "RequestHeaders": {
        "x-ms-client-request-id": [
          "4752a970-c37c-4545-95f9-2a1a76c6fce4"
        ],
        "accept-language": [
          "en-US"
        ],
        "User-Agent": [
          "FxVersion/4.6.26614.01",
          "OSName/Windows",
          "OSVersion/Microsoft.Windows.10.0.18362.",
          "Microsoft.Azure.Management.BatchAI.Fluent.BatchAIManagementClient/1.0.0.60",
          "MacAddressHash/e576395dc164e8ff527889e581ddd480e3ad9f4bd1e30c40b6a0ebc98fb3a2e7"
        ],
        "Content-Type": [
          "application/json; charset=utf-8"
        ],
        "Content-Length": [
          "566"
        ]
      },
      "ResponseHeaders": {
        "Cache-Control": [
          "no-cache"
        ],
        "Date": [
          "Sat, 17 Aug 2019 12:12:39 GMT"
        ],
        "Pragma": [
          "no-cache"
        ],
        "Location": [
          "https://management.azure.com/subscriptions/1c638cf4-608f-4ee6-b680-c329e824c3a8/providers/Microsoft.BatchAI/locations/westus2/operationstatuses/b01057e6-5def-4d5c-b26b-ebb3b39e86a3?api-version=2018-05-01"
        ],
        "Retry-After": [
          "15"
        ],
        "x-ms-ratelimit-remaining-subscription-writes": [
          "1197"
        ],
        "request-id": [
          "5ae95bb5-f554-4e64-9f57-6115cb9448ba"
        ],
        "Strict-Transport-Security": [
          "max-age=31536000; includeSubDomains"
        ],
        "X-Content-Type-Options": [
          "nosniff"
        ],
        "Azure-AsyncOperation": [
          "https://management.azure.com/subscriptions/1c638cf4-608f-4ee6-b680-c329e824c3a8/providers/Microsoft.BatchAI/locations/westus2/operationresults/b01057e6-5def-4d5c-b26b-ebb3b39e86a3?api-version=2018-05-01"
        ],
        "x-ms-request-id": [
          "10c925ab-a3d8-4183-bfa9-de13a02b31a9"
        ],
        "x-ms-correlation-request-id": [
          "10c925ab-a3d8-4183-bfa9-de13a02b31a9"
        ],
        "x-ms-routing-request-id": [
          "SOUTHEASTASIA:20190817T121240Z:10c925ab-a3d8-4183-bfa9-de13a02b31a9"
        ],
        "Content-Length": [
          "0"
        ],
        "Expires": [
          "-1"
        ]
      },
      "ResponseBody": "",
      "StatusCode": 202
    },
    {
      "RequestUri": "/subscriptions/1c638cf4-608f-4ee6-b680-c329e824c3a8/providers/Microsoft.BatchAI/locations/westus2/operationresults/b01057e6-5def-4d5c-b26b-ebb3b39e86a3?api-version=2018-05-01",
      "EncodedRequestUri": "L3N1YnNjcmlwdGlvbnMvMWM2MzhjZjQtNjA4Zi00ZWU2LWI2ODAtYzMyOWU4MjRjM2E4L3Byb3ZpZGVycy9NaWNyb3NvZnQuQmF0Y2hBSS9sb2NhdGlvbnMvd2VzdHVzMi9vcGVyYXRpb25yZXN1bHRzL2IwMTA1N2U2LTVkZWYtNGQ1Yy1iMjZiLWViYjNiMzllODZhMz9hcGktdmVyc2lvbj0yMDE4LTA1LTAx",
      "RequestMethod": "GET",
      "RequestBody": "",
      "RequestHeaders": {
        "User-Agent": [
          "FxVersion/4.6.26614.01",
          "OSName/Windows",
          "OSVersion/Microsoft.Windows.10.0.18362.",
          "Microsoft.Azure.Management.BatchAI.Fluent.BatchAIManagementClient/1.0.0.60",
          "MacAddressHash/e576395dc164e8ff527889e581ddd480e3ad9f4bd1e30c40b6a0ebc98fb3a2e7"
        ]
      },
      "ResponseHeaders": {
        "Cache-Control": [
          "no-cache"
        ],
        "Date": [
          "Sat, 17 Aug 2019 12:12:55 GMT"
        ],
        "Pragma": [
          "no-cache"
        ],
        "Vary": [
          "Accept-Encoding"
        ],
        "x-ms-request-id": [
          "13750ed5-04d3-4116-9860-5cf00df0b552"
        ],
        "x-ms-ratelimit-remaining-subscription-reads": [
          "11999"
        ],
        "request-id": [
          "c00fd838-2af0-4509-9f7c-4558fdd935aa"
        ],
        "Strict-Transport-Security": [
          "max-age=31536000; includeSubDomains"
        ],
        "X-Content-Type-Options": [
          "nosniff"
        ],
        "x-ms-correlation-request-id": [
          "13750ed5-04d3-4116-9860-5cf00df0b552"
        ],
        "x-ms-routing-request-id": [
          "SOUTHEASTASIA:20190817T121255Z:13750ed5-04d3-4116-9860-5cf00df0b552"
        ],
        "Content-Length": [
          "295"
        ],
        "Content-Type": [
          "application/json; charset=utf-8"
        ],
        "Expires": [
          "-1"
        ]
      },
      "ResponseBody": "{\r\n  \"id\": \"https://management.azure.com/subscriptions/1c638cf4-608f-4ee6-b680-c329e824c3a8/providers/Microsoft.BatchAI/locations/westus2/operationresults/b01057e6-5def-4d5c-b26b-ebb3b39e86a3\",\r\n  \"name\": \"b01057e6-5def-4d5c-b26b-ebb3b39e86a3\",\r\n  \"status\": \"InProgress\",\r\n  \"startTime\": \"2019-08-17T12:12:40.159Z\"\r\n}",
      "StatusCode": 200
    },
    {
      "RequestUri": "/subscriptions/1c638cf4-608f-4ee6-b680-c329e824c3a8/providers/Microsoft.BatchAI/locations/westus2/operationresults/b01057e6-5def-4d5c-b26b-ebb3b39e86a3?api-version=2018-05-01",
      "EncodedRequestUri": "L3N1YnNjcmlwdGlvbnMvMWM2MzhjZjQtNjA4Zi00ZWU2LWI2ODAtYzMyOWU4MjRjM2E4L3Byb3ZpZGVycy9NaWNyb3NvZnQuQmF0Y2hBSS9sb2NhdGlvbnMvd2VzdHVzMi9vcGVyYXRpb25yZXN1bHRzL2IwMTA1N2U2LTVkZWYtNGQ1Yy1iMjZiLWViYjNiMzllODZhMz9hcGktdmVyc2lvbj0yMDE4LTA1LTAx",
      "RequestMethod": "GET",
      "RequestBody": "",
      "RequestHeaders": {
        "User-Agent": [
          "FxVersion/4.6.26614.01",
          "OSName/Windows",
          "OSVersion/Microsoft.Windows.10.0.18362.",
          "Microsoft.Azure.Management.BatchAI.Fluent.BatchAIManagementClient/1.0.0.60",
          "MacAddressHash/e576395dc164e8ff527889e581ddd480e3ad9f4bd1e30c40b6a0ebc98fb3a2e7"
        ]
      },
      "ResponseHeaders": {
        "Cache-Control": [
          "no-cache"
        ],
        "Date": [
          "Sat, 17 Aug 2019 12:13:10 GMT"
        ],
        "Pragma": [
          "no-cache"
        ],
        "Vary": [
          "Accept-Encoding"
        ],
        "x-ms-request-id": [
          "15eb32b2-fc5f-48f8-9194-68a1b41ba272"
        ],
        "x-ms-ratelimit-remaining-subscription-reads": [
          "11998"
        ],
        "request-id": [
          "89c84b70-c89a-45cd-8a7c-79dc6c7284d7"
        ],
        "Strict-Transport-Security": [
          "max-age=31536000; includeSubDomains"
        ],
        "X-Content-Type-Options": [
          "nosniff"
        ],
        "x-ms-correlation-request-id": [
          "15eb32b2-fc5f-48f8-9194-68a1b41ba272"
        ],
        "x-ms-routing-request-id": [
          "SOUTHEASTASIA:20190817T121310Z:15eb32b2-fc5f-48f8-9194-68a1b41ba272"
        ],
        "Content-Length": [
          "295"
        ],
        "Content-Type": [
          "application/json; charset=utf-8"
        ],
        "Expires": [
          "-1"
        ]
      },
      "ResponseBody": "{\r\n  \"id\": \"https://management.azure.com/subscriptions/1c638cf4-608f-4ee6-b680-c329e824c3a8/providers/Microsoft.BatchAI/locations/westus2/operationresults/b01057e6-5def-4d5c-b26b-ebb3b39e86a3\",\r\n  \"name\": \"b01057e6-5def-4d5c-b26b-ebb3b39e86a3\",\r\n  \"status\": \"InProgress\",\r\n  \"startTime\": \"2019-08-17T12:12:40.159Z\"\r\n}",
      "StatusCode": 200
    },
    {
      "RequestUri": "/subscriptions/1c638cf4-608f-4ee6-b680-c329e824c3a8/providers/Microsoft.BatchAI/locations/westus2/operationresults/b01057e6-5def-4d5c-b26b-ebb3b39e86a3?api-version=2018-05-01",
      "EncodedRequestUri": "L3N1YnNjcmlwdGlvbnMvMWM2MzhjZjQtNjA4Zi00ZWU2LWI2ODAtYzMyOWU4MjRjM2E4L3Byb3ZpZGVycy9NaWNyb3NvZnQuQmF0Y2hBSS9sb2NhdGlvbnMvd2VzdHVzMi9vcGVyYXRpb25yZXN1bHRzL2IwMTA1N2U2LTVkZWYtNGQ1Yy1iMjZiLWViYjNiMzllODZhMz9hcGktdmVyc2lvbj0yMDE4LTA1LTAx",
      "RequestMethod": "GET",
      "RequestBody": "",
      "RequestHeaders": {
        "User-Agent": [
          "FxVersion/4.6.26614.01",
          "OSName/Windows",
          "OSVersion/Microsoft.Windows.10.0.18362.",
          "Microsoft.Azure.Management.BatchAI.Fluent.BatchAIManagementClient/1.0.0.60",
          "MacAddressHash/e576395dc164e8ff527889e581ddd480e3ad9f4bd1e30c40b6a0ebc98fb3a2e7"
        ]
      },
      "ResponseHeaders": {
        "Cache-Control": [
          "no-cache"
        ],
        "Date": [
          "Sat, 17 Aug 2019 12:13:25 GMT"
        ],
        "Pragma": [
          "no-cache"
        ],
        "Vary": [
          "Accept-Encoding"
        ],
        "x-ms-request-id": [
          "b7eb3f97-b565-4e98-bd55-19a27e5d1369"
        ],
        "x-ms-ratelimit-remaining-subscription-reads": [
          "11997"
        ],
        "request-id": [
          "2fc35bca-2986-4688-8b94-f5eb4d961656"
        ],
        "Strict-Transport-Security": [
          "max-age=31536000; includeSubDomains"
        ],
        "X-Content-Type-Options": [
          "nosniff"
        ],
        "x-ms-correlation-request-id": [
          "b7eb3f97-b565-4e98-bd55-19a27e5d1369"
        ],
        "x-ms-routing-request-id": [
          "SOUTHEASTASIA:20190817T121326Z:b7eb3f97-b565-4e98-bd55-19a27e5d1369"
        ],
        "Content-Length": [
          "295"
        ],
        "Content-Type": [
          "application/json; charset=utf-8"
        ],
        "Expires": [
          "-1"
        ]
      },
      "ResponseBody": "{\r\n  \"id\": \"https://management.azure.com/subscriptions/1c638cf4-608f-4ee6-b680-c329e824c3a8/providers/Microsoft.BatchAI/locations/westus2/operationresults/b01057e6-5def-4d5c-b26b-ebb3b39e86a3\",\r\n  \"name\": \"b01057e6-5def-4d5c-b26b-ebb3b39e86a3\",\r\n  \"status\": \"InProgress\",\r\n  \"startTime\": \"2019-08-17T12:12:40.159Z\"\r\n}",
      "StatusCode": 200
    },
    {
      "RequestUri": "/subscriptions/1c638cf4-608f-4ee6-b680-c329e824c3a8/providers/Microsoft.BatchAI/locations/westus2/operationresults/b01057e6-5def-4d5c-b26b-ebb3b39e86a3?api-version=2018-05-01",
      "EncodedRequestUri": "L3N1YnNjcmlwdGlvbnMvMWM2MzhjZjQtNjA4Zi00ZWU2LWI2ODAtYzMyOWU4MjRjM2E4L3Byb3ZpZGVycy9NaWNyb3NvZnQuQmF0Y2hBSS9sb2NhdGlvbnMvd2VzdHVzMi9vcGVyYXRpb25yZXN1bHRzL2IwMTA1N2U2LTVkZWYtNGQ1Yy1iMjZiLWViYjNiMzllODZhMz9hcGktdmVyc2lvbj0yMDE4LTA1LTAx",
      "RequestMethod": "GET",
      "RequestBody": "",
      "RequestHeaders": {
        "User-Agent": [
          "FxVersion/4.6.26614.01",
          "OSName/Windows",
          "OSVersion/Microsoft.Windows.10.0.18362.",
          "Microsoft.Azure.Management.BatchAI.Fluent.BatchAIManagementClient/1.0.0.60",
          "MacAddressHash/e576395dc164e8ff527889e581ddd480e3ad9f4bd1e30c40b6a0ebc98fb3a2e7"
        ]
      },
      "ResponseHeaders": {
        "Cache-Control": [
          "no-cache"
        ],
        "Date": [
          "Sat, 17 Aug 2019 12:13:41 GMT"
        ],
        "Pragma": [
          "no-cache"
        ],
        "Vary": [
          "Accept-Encoding"
        ],
        "x-ms-request-id": [
          "abffa6ea-3310-486a-9a36-8f7f333e2fe6"
        ],
        "x-ms-ratelimit-remaining-subscription-reads": [
          "11996"
        ],
        "request-id": [
          "d9a91072-42c8-4e80-8136-6f0f0d7b4239"
        ],
        "Strict-Transport-Security": [
          "max-age=31536000; includeSubDomains"
        ],
        "X-Content-Type-Options": [
          "nosniff"
        ],
        "x-ms-correlation-request-id": [
          "abffa6ea-3310-486a-9a36-8f7f333e2fe6"
        ],
        "x-ms-routing-request-id": [
          "SOUTHEASTASIA:20190817T121341Z:abffa6ea-3310-486a-9a36-8f7f333e2fe6"
        ],
        "Content-Length": [
          "295"
        ],
        "Content-Type": [
          "application/json; charset=utf-8"
        ],
        "Expires": [
          "-1"
        ]
      },
      "ResponseBody": "{\r\n  \"id\": \"https://management.azure.com/subscriptions/1c638cf4-608f-4ee6-b680-c329e824c3a8/providers/Microsoft.BatchAI/locations/westus2/operationresults/b01057e6-5def-4d5c-b26b-ebb3b39e86a3\",\r\n  \"name\": \"b01057e6-5def-4d5c-b26b-ebb3b39e86a3\",\r\n  \"status\": \"InProgress\",\r\n  \"startTime\": \"2019-08-17T12:12:40.159Z\"\r\n}",
      "StatusCode": 200
    },
    {
      "RequestUri": "/subscriptions/1c638cf4-608f-4ee6-b680-c329e824c3a8/providers/Microsoft.BatchAI/locations/westus2/operationresults/b01057e6-5def-4d5c-b26b-ebb3b39e86a3?api-version=2018-05-01",
      "EncodedRequestUri": "L3N1YnNjcmlwdGlvbnMvMWM2MzhjZjQtNjA4Zi00ZWU2LWI2ODAtYzMyOWU4MjRjM2E4L3Byb3ZpZGVycy9NaWNyb3NvZnQuQmF0Y2hBSS9sb2NhdGlvbnMvd2VzdHVzMi9vcGVyYXRpb25yZXN1bHRzL2IwMTA1N2U2LTVkZWYtNGQ1Yy1iMjZiLWViYjNiMzllODZhMz9hcGktdmVyc2lvbj0yMDE4LTA1LTAx",
      "RequestMethod": "GET",
      "RequestBody": "",
      "RequestHeaders": {
        "User-Agent": [
          "FxVersion/4.6.26614.01",
          "OSName/Windows",
          "OSVersion/Microsoft.Windows.10.0.18362.",
          "Microsoft.Azure.Management.BatchAI.Fluent.BatchAIManagementClient/1.0.0.60",
          "MacAddressHash/e576395dc164e8ff527889e581ddd480e3ad9f4bd1e30c40b6a0ebc98fb3a2e7"
        ]
      },
      "ResponseHeaders": {
        "Cache-Control": [
          "no-cache"
        ],
        "Date": [
          "Sat, 17 Aug 2019 12:13:56 GMT"
        ],
        "Pragma": [
          "no-cache"
        ],
        "Vary": [
          "Accept-Encoding"
        ],
        "x-ms-request-id": [
          "ba22ffd6-d4d3-4afa-bb5b-52b5f0c32457"
        ],
        "x-ms-ratelimit-remaining-subscription-reads": [
          "11995"
        ],
        "request-id": [
          "cfbea0df-c656-407d-9bf4-cc5c3430dbe3"
        ],
        "Strict-Transport-Security": [
          "max-age=31536000; includeSubDomains"
        ],
        "X-Content-Type-Options": [
          "nosniff"
        ],
        "x-ms-correlation-request-id": [
          "ba22ffd6-d4d3-4afa-bb5b-52b5f0c32457"
        ],
        "x-ms-routing-request-id": [
          "SOUTHEASTASIA:20190817T121357Z:ba22ffd6-d4d3-4afa-bb5b-52b5f0c32457"
        ],
        "Content-Length": [
          "295"
        ],
        "Content-Type": [
          "application/json; charset=utf-8"
        ],
        "Expires": [
          "-1"
        ]
      },
      "ResponseBody": "{\r\n  \"id\": \"https://management.azure.com/subscriptions/1c638cf4-608f-4ee6-b680-c329e824c3a8/providers/Microsoft.BatchAI/locations/westus2/operationresults/b01057e6-5def-4d5c-b26b-ebb3b39e86a3\",\r\n  \"name\": \"b01057e6-5def-4d5c-b26b-ebb3b39e86a3\",\r\n  \"status\": \"InProgress\",\r\n  \"startTime\": \"2019-08-17T12:12:40.159Z\"\r\n}",
      "StatusCode": 200
    },
    {
      "RequestUri": "/subscriptions/1c638cf4-608f-4ee6-b680-c329e824c3a8/providers/Microsoft.BatchAI/locations/westus2/operationresults/b01057e6-5def-4d5c-b26b-ebb3b39e86a3?api-version=2018-05-01",
      "EncodedRequestUri": "L3N1YnNjcmlwdGlvbnMvMWM2MzhjZjQtNjA4Zi00ZWU2LWI2ODAtYzMyOWU4MjRjM2E4L3Byb3ZpZGVycy9NaWNyb3NvZnQuQmF0Y2hBSS9sb2NhdGlvbnMvd2VzdHVzMi9vcGVyYXRpb25yZXN1bHRzL2IwMTA1N2U2LTVkZWYtNGQ1Yy1iMjZiLWViYjNiMzllODZhMz9hcGktdmVyc2lvbj0yMDE4LTA1LTAx",
      "RequestMethod": "GET",
      "RequestBody": "",
      "RequestHeaders": {
        "User-Agent": [
          "FxVersion/4.6.26614.01",
          "OSName/Windows",
          "OSVersion/Microsoft.Windows.10.0.18362.",
          "Microsoft.Azure.Management.BatchAI.Fluent.BatchAIManagementClient/1.0.0.60",
          "MacAddressHash/e576395dc164e8ff527889e581ddd480e3ad9f4bd1e30c40b6a0ebc98fb3a2e7"
        ]
      },
      "ResponseHeaders": {
        "Cache-Control": [
          "no-cache"
        ],
        "Date": [
          "Sat, 17 Aug 2019 12:14:11 GMT"
        ],
        "Pragma": [
          "no-cache"
        ],
        "Vary": [
          "Accept-Encoding"
        ],
        "x-ms-request-id": [
          "3bcbcf18-abab-4768-979b-e02f0999bb2e"
        ],
        "x-ms-ratelimit-remaining-subscription-reads": [
          "11994"
        ],
        "request-id": [
          "9842e61d-f9aa-4a25-aae4-dfcafb0de300"
        ],
        "Strict-Transport-Security": [
          "max-age=31536000; includeSubDomains"
        ],
        "X-Content-Type-Options": [
          "nosniff"
        ],
        "x-ms-correlation-request-id": [
          "3bcbcf18-abab-4768-979b-e02f0999bb2e"
        ],
        "x-ms-routing-request-id": [
          "SOUTHEASTASIA:20190817T121412Z:3bcbcf18-abab-4768-979b-e02f0999bb2e"
        ],
        "Content-Length": [
          "295"
        ],
        "Content-Type": [
          "application/json; charset=utf-8"
        ],
        "Expires": [
          "-1"
        ]
      },
      "ResponseBody": "{\r\n  \"id\": \"https://management.azure.com/subscriptions/1c638cf4-608f-4ee6-b680-c329e824c3a8/providers/Microsoft.BatchAI/locations/westus2/operationresults/b01057e6-5def-4d5c-b26b-ebb3b39e86a3\",\r\n  \"name\": \"b01057e6-5def-4d5c-b26b-ebb3b39e86a3\",\r\n  \"status\": \"InProgress\",\r\n  \"startTime\": \"2019-08-17T12:12:40.159Z\"\r\n}",
      "StatusCode": 200
    },
    {
      "RequestUri": "/subscriptions/1c638cf4-608f-4ee6-b680-c329e824c3a8/providers/Microsoft.BatchAI/locations/westus2/operationresults/b01057e6-5def-4d5c-b26b-ebb3b39e86a3?api-version=2018-05-01",
      "EncodedRequestUri": "L3N1YnNjcmlwdGlvbnMvMWM2MzhjZjQtNjA4Zi00ZWU2LWI2ODAtYzMyOWU4MjRjM2E4L3Byb3ZpZGVycy9NaWNyb3NvZnQuQmF0Y2hBSS9sb2NhdGlvbnMvd2VzdHVzMi9vcGVyYXRpb25yZXN1bHRzL2IwMTA1N2U2LTVkZWYtNGQ1Yy1iMjZiLWViYjNiMzllODZhMz9hcGktdmVyc2lvbj0yMDE4LTA1LTAx",
      "RequestMethod": "GET",
      "RequestBody": "",
      "RequestHeaders": {
        "User-Agent": [
          "FxVersion/4.6.26614.01",
          "OSName/Windows",
          "OSVersion/Microsoft.Windows.10.0.18362.",
          "Microsoft.Azure.Management.BatchAI.Fluent.BatchAIManagementClient/1.0.0.60",
          "MacAddressHash/e576395dc164e8ff527889e581ddd480e3ad9f4bd1e30c40b6a0ebc98fb3a2e7"
        ]
      },
      "ResponseHeaders": {
        "Cache-Control": [
          "no-cache"
        ],
        "Date": [
          "Sat, 17 Aug 2019 12:14:26 GMT"
        ],
        "Pragma": [
          "no-cache"
        ],
        "Vary": [
          "Accept-Encoding"
        ],
        "x-ms-request-id": [
          "9b510b17-5a98-44c9-b61f-973af71fa90f"
        ],
        "x-ms-ratelimit-remaining-subscription-reads": [
          "11993"
        ],
        "request-id": [
          "cddc0f9e-5e18-41be-8632-f09a717c64e7"
        ],
        "Strict-Transport-Security": [
          "max-age=31536000; includeSubDomains"
        ],
        "X-Content-Type-Options": [
          "nosniff"
        ],
        "x-ms-correlation-request-id": [
          "9b510b17-5a98-44c9-b61f-973af71fa90f"
        ],
        "x-ms-routing-request-id": [
          "SOUTHEASTASIA:20190817T121427Z:9b510b17-5a98-44c9-b61f-973af71fa90f"
        ],
        "Content-Length": [
          "295"
        ],
        "Content-Type": [
          "application/json; charset=utf-8"
        ],
        "Expires": [
          "-1"
        ]
      },
      "ResponseBody": "{\r\n  \"id\": \"https://management.azure.com/subscriptions/1c638cf4-608f-4ee6-b680-c329e824c3a8/providers/Microsoft.BatchAI/locations/westus2/operationresults/b01057e6-5def-4d5c-b26b-ebb3b39e86a3\",\r\n  \"name\": \"b01057e6-5def-4d5c-b26b-ebb3b39e86a3\",\r\n  \"status\": \"InProgress\",\r\n  \"startTime\": \"2019-08-17T12:12:40.159Z\"\r\n}",
      "StatusCode": 200
    },
    {
      "RequestUri": "/subscriptions/1c638cf4-608f-4ee6-b680-c329e824c3a8/providers/Microsoft.BatchAI/locations/westus2/operationresults/b01057e6-5def-4d5c-b26b-ebb3b39e86a3?api-version=2018-05-01",
      "EncodedRequestUri": "L3N1YnNjcmlwdGlvbnMvMWM2MzhjZjQtNjA4Zi00ZWU2LWI2ODAtYzMyOWU4MjRjM2E4L3Byb3ZpZGVycy9NaWNyb3NvZnQuQmF0Y2hBSS9sb2NhdGlvbnMvd2VzdHVzMi9vcGVyYXRpb25yZXN1bHRzL2IwMTA1N2U2LTVkZWYtNGQ1Yy1iMjZiLWViYjNiMzllODZhMz9hcGktdmVyc2lvbj0yMDE4LTA1LTAx",
      "RequestMethod": "GET",
      "RequestBody": "",
      "RequestHeaders": {
        "User-Agent": [
          "FxVersion/4.6.26614.01",
          "OSName/Windows",
          "OSVersion/Microsoft.Windows.10.0.18362.",
          "Microsoft.Azure.Management.BatchAI.Fluent.BatchAIManagementClient/1.0.0.60",
          "MacAddressHash/e576395dc164e8ff527889e581ddd480e3ad9f4bd1e30c40b6a0ebc98fb3a2e7"
        ]
      },
      "ResponseHeaders": {
        "Cache-Control": [
          "no-cache"
        ],
        "Date": [
          "Sat, 17 Aug 2019 12:14:42 GMT"
        ],
        "Pragma": [
          "no-cache"
        ],
        "Vary": [
          "Accept-Encoding"
        ],
        "x-ms-request-id": [
          "3db5c398-e18a-479f-a64f-901da47defd9"
        ],
        "x-ms-ratelimit-remaining-subscription-reads": [
          "11992"
        ],
        "request-id": [
          "212ee201-bc7f-4c71-90f3-cdee70670aad"
        ],
        "Strict-Transport-Security": [
          "max-age=31536000; includeSubDomains"
        ],
        "X-Content-Type-Options": [
          "nosniff"
        ],
        "x-ms-correlation-request-id": [
          "3db5c398-e18a-479f-a64f-901da47defd9"
        ],
        "x-ms-routing-request-id": [
          "SOUTHEASTASIA:20190817T121442Z:3db5c398-e18a-479f-a64f-901da47defd9"
        ],
        "Content-Length": [
          "295"
        ],
        "Content-Type": [
          "application/json; charset=utf-8"
        ],
        "Expires": [
          "-1"
        ]
      },
      "ResponseBody": "{\r\n  \"id\": \"https://management.azure.com/subscriptions/1c638cf4-608f-4ee6-b680-c329e824c3a8/providers/Microsoft.BatchAI/locations/westus2/operationresults/b01057e6-5def-4d5c-b26b-ebb3b39e86a3\",\r\n  \"name\": \"b01057e6-5def-4d5c-b26b-ebb3b39e86a3\",\r\n  \"status\": \"InProgress\",\r\n  \"startTime\": \"2019-08-17T12:12:40.159Z\"\r\n}",
      "StatusCode": 200
    },
    {
      "RequestUri": "/subscriptions/1c638cf4-608f-4ee6-b680-c329e824c3a8/providers/Microsoft.BatchAI/locations/westus2/operationresults/b01057e6-5def-4d5c-b26b-ebb3b39e86a3?api-version=2018-05-01",
      "EncodedRequestUri": "L3N1YnNjcmlwdGlvbnMvMWM2MzhjZjQtNjA4Zi00ZWU2LWI2ODAtYzMyOWU4MjRjM2E4L3Byb3ZpZGVycy9NaWNyb3NvZnQuQmF0Y2hBSS9sb2NhdGlvbnMvd2VzdHVzMi9vcGVyYXRpb25yZXN1bHRzL2IwMTA1N2U2LTVkZWYtNGQ1Yy1iMjZiLWViYjNiMzllODZhMz9hcGktdmVyc2lvbj0yMDE4LTA1LTAx",
      "RequestMethod": "GET",
      "RequestBody": "",
      "RequestHeaders": {
        "User-Agent": [
          "FxVersion/4.6.26614.01",
          "OSName/Windows",
          "OSVersion/Microsoft.Windows.10.0.18362.",
          "Microsoft.Azure.Management.BatchAI.Fluent.BatchAIManagementClient/1.0.0.60",
          "MacAddressHash/e576395dc164e8ff527889e581ddd480e3ad9f4bd1e30c40b6a0ebc98fb3a2e7"
        ]
      },
      "ResponseHeaders": {
        "Cache-Control": [
          "no-cache"
        ],
        "Date": [
          "Sat, 17 Aug 2019 12:14:57 GMT"
        ],
        "Pragma": [
          "no-cache"
        ],
        "Vary": [
          "Accept-Encoding"
        ],
        "x-ms-request-id": [
          "490f158d-bc04-4229-919f-282b85d1fc06"
        ],
        "x-ms-ratelimit-remaining-subscription-reads": [
          "11991"
        ],
        "request-id": [
          "2eecba1b-c6db-47e8-bf74-9c9dc62c4d5b"
        ],
        "Strict-Transport-Security": [
          "max-age=31536000; includeSubDomains"
        ],
        "X-Content-Type-Options": [
          "nosniff"
        ],
        "x-ms-correlation-request-id": [
          "490f158d-bc04-4229-919f-282b85d1fc06"
        ],
        "x-ms-routing-request-id": [
          "SOUTHEASTASIA:20190817T121458Z:490f158d-bc04-4229-919f-282b85d1fc06"
        ],
        "Content-Length": [
          "295"
        ],
        "Content-Type": [
          "application/json; charset=utf-8"
        ],
        "Expires": [
          "-1"
        ]
      },
      "ResponseBody": "{\r\n  \"id\": \"https://management.azure.com/subscriptions/1c638cf4-608f-4ee6-b680-c329e824c3a8/providers/Microsoft.BatchAI/locations/westus2/operationresults/b01057e6-5def-4d5c-b26b-ebb3b39e86a3\",\r\n  \"name\": \"b01057e6-5def-4d5c-b26b-ebb3b39e86a3\",\r\n  \"status\": \"InProgress\",\r\n  \"startTime\": \"2019-08-17T12:12:40.159Z\"\r\n}",
      "StatusCode": 200
    },
    {
      "RequestUri": "/subscriptions/1c638cf4-608f-4ee6-b680-c329e824c3a8/providers/Microsoft.BatchAI/locations/westus2/operationresults/b01057e6-5def-4d5c-b26b-ebb3b39e86a3?api-version=2018-05-01",
      "EncodedRequestUri": "L3N1YnNjcmlwdGlvbnMvMWM2MzhjZjQtNjA4Zi00ZWU2LWI2ODAtYzMyOWU4MjRjM2E4L3Byb3ZpZGVycy9NaWNyb3NvZnQuQmF0Y2hBSS9sb2NhdGlvbnMvd2VzdHVzMi9vcGVyYXRpb25yZXN1bHRzL2IwMTA1N2U2LTVkZWYtNGQ1Yy1iMjZiLWViYjNiMzllODZhMz9hcGktdmVyc2lvbj0yMDE4LTA1LTAx",
      "RequestMethod": "GET",
      "RequestBody": "",
      "RequestHeaders": {
        "User-Agent": [
          "FxVersion/4.6.26614.01",
          "OSName/Windows",
          "OSVersion/Microsoft.Windows.10.0.18362.",
          "Microsoft.Azure.Management.BatchAI.Fluent.BatchAIManagementClient/1.0.0.60",
          "MacAddressHash/e576395dc164e8ff527889e581ddd480e3ad9f4bd1e30c40b6a0ebc98fb3a2e7"
        ]
      },
      "ResponseHeaders": {
        "Cache-Control": [
          "no-cache"
        ],
        "Date": [
          "Sat, 17 Aug 2019 12:15:12 GMT"
        ],
        "Pragma": [
          "no-cache"
        ],
        "Vary": [
          "Accept-Encoding"
        ],
        "x-ms-request-id": [
          "f0294b6a-c40a-4dbf-9886-23a1bb5317fd"
        ],
        "x-ms-ratelimit-remaining-subscription-reads": [
          "11990"
        ],
        "request-id": [
          "ebe4e2d9-45bc-4ebd-84e3-f2426a33cbe3"
        ],
        "Strict-Transport-Security": [
          "max-age=31536000; includeSubDomains"
        ],
        "X-Content-Type-Options": [
          "nosniff"
        ],
        "x-ms-correlation-request-id": [
          "f0294b6a-c40a-4dbf-9886-23a1bb5317fd"
        ],
        "x-ms-routing-request-id": [
          "SOUTHEASTASIA:20190817T121513Z:f0294b6a-c40a-4dbf-9886-23a1bb5317fd"
        ],
        "Content-Length": [
          "295"
        ],
        "Content-Type": [
          "application/json; charset=utf-8"
        ],
        "Expires": [
          "-1"
        ]
      },
      "ResponseBody": "{\r\n  \"id\": \"https://management.azure.com/subscriptions/1c638cf4-608f-4ee6-b680-c329e824c3a8/providers/Microsoft.BatchAI/locations/westus2/operationresults/b01057e6-5def-4d5c-b26b-ebb3b39e86a3\",\r\n  \"name\": \"b01057e6-5def-4d5c-b26b-ebb3b39e86a3\",\r\n  \"status\": \"InProgress\",\r\n  \"startTime\": \"2019-08-17T12:12:40.159Z\"\r\n}",
      "StatusCode": 200
    },
    {
      "RequestUri": "/subscriptions/1c638cf4-608f-4ee6-b680-c329e824c3a8/providers/Microsoft.BatchAI/locations/westus2/operationresults/b01057e6-5def-4d5c-b26b-ebb3b39e86a3?api-version=2018-05-01",
      "EncodedRequestUri": "L3N1YnNjcmlwdGlvbnMvMWM2MzhjZjQtNjA4Zi00ZWU2LWI2ODAtYzMyOWU4MjRjM2E4L3Byb3ZpZGVycy9NaWNyb3NvZnQuQmF0Y2hBSS9sb2NhdGlvbnMvd2VzdHVzMi9vcGVyYXRpb25yZXN1bHRzL2IwMTA1N2U2LTVkZWYtNGQ1Yy1iMjZiLWViYjNiMzllODZhMz9hcGktdmVyc2lvbj0yMDE4LTA1LTAx",
      "RequestMethod": "GET",
      "RequestBody": "",
      "RequestHeaders": {
        "User-Agent": [
          "FxVersion/4.6.26614.01",
          "OSName/Windows",
          "OSVersion/Microsoft.Windows.10.0.18362.",
          "Microsoft.Azure.Management.BatchAI.Fluent.BatchAIManagementClient/1.0.0.60",
          "MacAddressHash/e576395dc164e8ff527889e581ddd480e3ad9f4bd1e30c40b6a0ebc98fb3a2e7"
        ]
      },
      "ResponseHeaders": {
        "Cache-Control": [
          "no-cache"
        ],
        "Date": [
          "Sat, 17 Aug 2019 12:15:28 GMT"
        ],
        "Pragma": [
          "no-cache"
        ],
        "Vary": [
          "Accept-Encoding"
        ],
        "x-ms-request-id": [
          "50a168fc-6e7e-44da-b773-18b4d40a14ef"
        ],
        "x-ms-ratelimit-remaining-subscription-reads": [
          "11989"
        ],
        "request-id": [
          "ac45d6fb-1cf7-43ee-9450-ca21e18c552a"
        ],
        "Strict-Transport-Security": [
          "max-age=31536000; includeSubDomains"
        ],
        "X-Content-Type-Options": [
          "nosniff"
        ],
        "x-ms-correlation-request-id": [
          "50a168fc-6e7e-44da-b773-18b4d40a14ef"
        ],
        "x-ms-routing-request-id": [
          "SOUTHEASTASIA:20190817T121529Z:50a168fc-6e7e-44da-b773-18b4d40a14ef"
        ],
        "Content-Length": [
          "295"
        ],
        "Content-Type": [
          "application/json; charset=utf-8"
        ],
        "Expires": [
          "-1"
        ]
      },
      "ResponseBody": "{\r\n  \"id\": \"https://management.azure.com/subscriptions/1c638cf4-608f-4ee6-b680-c329e824c3a8/providers/Microsoft.BatchAI/locations/westus2/operationresults/b01057e6-5def-4d5c-b26b-ebb3b39e86a3\",\r\n  \"name\": \"b01057e6-5def-4d5c-b26b-ebb3b39e86a3\",\r\n  \"status\": \"InProgress\",\r\n  \"startTime\": \"2019-08-17T12:12:40.159Z\"\r\n}",
      "StatusCode": 200
    },
    {
      "RequestUri": "/subscriptions/1c638cf4-608f-4ee6-b680-c329e824c3a8/providers/Microsoft.BatchAI/locations/westus2/operationresults/b01057e6-5def-4d5c-b26b-ebb3b39e86a3?api-version=2018-05-01",
      "EncodedRequestUri": "L3N1YnNjcmlwdGlvbnMvMWM2MzhjZjQtNjA4Zi00ZWU2LWI2ODAtYzMyOWU4MjRjM2E4L3Byb3ZpZGVycy9NaWNyb3NvZnQuQmF0Y2hBSS9sb2NhdGlvbnMvd2VzdHVzMi9vcGVyYXRpb25yZXN1bHRzL2IwMTA1N2U2LTVkZWYtNGQ1Yy1iMjZiLWViYjNiMzllODZhMz9hcGktdmVyc2lvbj0yMDE4LTA1LTAx",
      "RequestMethod": "GET",
      "RequestBody": "",
      "RequestHeaders": {
        "User-Agent": [
          "FxVersion/4.6.26614.01",
          "OSName/Windows",
          "OSVersion/Microsoft.Windows.10.0.18362.",
          "Microsoft.Azure.Management.BatchAI.Fluent.BatchAIManagementClient/1.0.0.60",
          "MacAddressHash/e576395dc164e8ff527889e581ddd480e3ad9f4bd1e30c40b6a0ebc98fb3a2e7"
        ]
      },
      "ResponseHeaders": {
        "Cache-Control": [
          "no-cache"
        ],
        "Date": [
          "Sat, 17 Aug 2019 12:15:44 GMT"
        ],
        "Pragma": [
          "no-cache"
        ],
        "Vary": [
          "Accept-Encoding"
        ],
        "x-ms-request-id": [
          "376dc9da-c17c-4941-9bde-3ab31254298c"
        ],
        "x-ms-ratelimit-remaining-subscription-reads": [
          "11988"
        ],
        "request-id": [
          "e03ccb49-2610-4708-9a92-192a18d5cb8e"
        ],
        "Strict-Transport-Security": [
          "max-age=31536000; includeSubDomains"
        ],
        "X-Content-Type-Options": [
          "nosniff"
        ],
        "x-ms-correlation-request-id": [
          "376dc9da-c17c-4941-9bde-3ab31254298c"
        ],
        "x-ms-routing-request-id": [
          "SOUTHEASTASIA:20190817T121544Z:376dc9da-c17c-4941-9bde-3ab31254298c"
        ],
        "Content-Length": [
          "433"
        ],
        "Content-Type": [
          "application/json; charset=utf-8"
        ],
        "Expires": [
          "-1"
        ]
      },
      "ResponseBody": "{\r\n  \"id\": \"https://management.azure.com/subscriptions/1c638cf4-608f-4ee6-b680-c329e824c3a8/providers/Microsoft.BatchAI/locations/westus2/operationresults/b01057e6-5def-4d5c-b26b-ebb3b39e86a3\",\r\n  \"name\": \"b01057e6-5def-4d5c-b26b-ebb3b39e86a3\",\r\n  \"status\": \"Succeeded\",\r\n  \"startTime\": \"2019-08-17T12:12:40.159Z\",\r\n  \"endTime\": \"2019-08-17T12:15:42.724Z\",\r\n  \"properties\": {\r\n    \"resourceId\": \"1c638cf4-608f-4ee6-b680-c329e824c3a8$rg5c743832$ws9f753885$fsb4c8559248\"\r\n  }\r\n}",
      "StatusCode": 200
    },
    {
      "RequestUri": "/subscriptions/1c638cf4-608f-4ee6-b680-c329e824c3a8/resourceGroups/rg5c743832/providers/Microsoft.BatchAI/workspaces/ws9f753885/fileServers/fsb4c8559248?api-version=2018-05-01",
      "EncodedRequestUri": "L3N1YnNjcmlwdGlvbnMvMWM2MzhjZjQtNjA4Zi00ZWU2LWI2ODAtYzMyOWU4MjRjM2E4L3Jlc291cmNlR3JvdXBzL3JnNWM3NDM4MzIvcHJvdmlkZXJzL01pY3Jvc29mdC5CYXRjaEFJL3dvcmtzcGFjZXMvd3M5Zjc1Mzg4NS9maWxlU2VydmVycy9mc2I0Yzg1NTkyNDg/YXBpLXZlcnNpb249MjAxOC0wNS0wMQ==",
      "RequestMethod": "GET",
      "RequestBody": "",
      "RequestHeaders": {
        "User-Agent": [
          "FxVersion/4.6.26614.01",
          "OSName/Windows",
          "OSVersion/Microsoft.Windows.10.0.18362.",
          "Microsoft.Azure.Management.BatchAI.Fluent.BatchAIManagementClient/1.0.0.60",
          "MacAddressHash/e576395dc164e8ff527889e581ddd480e3ad9f4bd1e30c40b6a0ebc98fb3a2e7"
        ]
      },
      "ResponseHeaders": {
        "Cache-Control": [
          "no-cache"
        ],
        "Date": [
          "Sat, 17 Aug 2019 12:15:44 GMT"
        ],
        "Pragma": [
          "no-cache"
        ],
        "ETag": [
          "W/\"0x8D7230C332F5D12\""
        ],
        "Vary": [
          "Accept-Encoding"
        ],
        "x-ms-request-id": [
          "8b612b38-5dee-425c-a17e-3dc4bc892568"
        ],
        "x-ms-ratelimit-remaining-subscription-reads": [
          "11987"
        ],
        "request-id": [
          "0c84fd07-42ad-4f39-802a-4b37bf0098a1"
        ],
        "Strict-Transport-Security": [
          "max-age=31536000; includeSubDomains"
        ],
        "X-Content-Type-Options": [
          "nosniff"
        ],
        "x-ms-correlation-request-id": [
          "8b612b38-5dee-425c-a17e-3dc4bc892568"
        ],
        "x-ms-routing-request-id": [
          "SOUTHEASTASIA:20190817T121544Z:8b612b38-5dee-425c-a17e-3dc4bc892568"
        ],
        "Content-Length": [
          "873"
        ],
        "Content-Type": [
          "application/json; charset=utf-8"
        ],
        "Expires": [
          "-1"
        ],
        "Last-Modified": [
          "Sat, 17 Aug 2019 12:12:40 GMT"
        ]
      },
      "ResponseBody": "{\r\n  \"id\": \"/subscriptions/1c638cf4-608f-4ee6-b680-c329e824c3a8/resourceGroups/rg5c743832/providers/Microsoft.BatchAI/workspaces/ws9f753885/fileservers/fsb4c8559248\",\r\n  \"name\": \"fsb4c8559248\",\r\n  \"type\": \"Microsoft.BatchAI/workspaces/fileservers\",\r\n  \"properties\": {\r\n    \"provisioningState\": \"succeeded\",\r\n    \"creationTime\": \"2019-08-17T12:12:40.153Z\",\r\n    \"provisioningStateTransitionTime\": \"2019-08-17T12:15:42.709Z\",\r\n    \"vmSize\": \"Standard_D1_v2\",\r\n    \"sshConfiguration\": {\r\n      \"userAccountSettings\": {\r\n        \"adminUserName\": \"tirekicker\"\r\n      }\r\n    },\r\n    \"dataDisks\": {\r\n      \"diskSizeInGB\": 10,\r\n      \"cachingType\": \"readwrite\",\r\n      \"diskCount\": 2,\r\n      \"storageAccountType\": \"Standard_LRS\"\r\n    },\r\n    \"subnet\": {\r\n      \"id\": \"/subscriptions/1c638cf4-608f-4ee6-b680-c329e824c3a8/resourceGroups/rg5c743832/providers/Microsoft.Network/virtualNetworks/vnet82201/subnets/MySubnet\"\r\n    },\r\n    \"mountSettings\": {\r\n      \"mountPoint\": \"/data\",\r\n      \"fileServerPublicIP\": \"52.183.100.53\",\r\n      \"fileServerInternalIP\": \"192.168.200.4\"\r\n    }\r\n  }\r\n}",
      "StatusCode": 200
    },
    {
      "RequestUri": "/subscriptions/1c638cf4-608f-4ee6-b680-c329e824c3a8/resourcegroups/rg5c743832?api-version=2017-05-10",
      "EncodedRequestUri": "L3N1YnNjcmlwdGlvbnMvMWM2MzhjZjQtNjA4Zi00ZWU2LWI2ODAtYzMyOWU4MjRjM2E4L3Jlc291cmNlZ3JvdXBzL3JnNWM3NDM4MzI/YXBpLXZlcnNpb249MjAxNy0wNS0xMA==",
      "RequestMethod": "DELETE",
      "RequestBody": "",
      "RequestHeaders": {
        "x-ms-client-request-id": [
          "3b68dd27-721b-4b0c-aa0f-beca12b3bde5"
        ],
        "accept-language": [
          "en-US"
        ],
        "User-Agent": [
          "FxVersion/4.6.26614.01",
          "OSName/Windows",
          "OSVersion/Microsoft.Windows.10.0.18362.",
          "Microsoft.Azure.Management.ResourceManager.Fluent.ResourceManagementClient/1.0.0.60",
          "MacAddressHash/e576395dc164e8ff527889e581ddd480e3ad9f4bd1e30c40b6a0ebc98fb3a2e7"
        ]
      },
      "ResponseHeaders": {
        "Cache-Control": [
          "no-cache"
        ],
        "Date": [
          "Sat, 17 Aug 2019 12:15:50 GMT"
        ],
        "Pragma": [
          "no-cache"
        ],
        "Location": [
          "https://management.azure.com/subscriptions/1c638cf4-608f-4ee6-b680-c329e824c3a8/operationresults/eyJqb2JJZCI6IlJFU09VUkNFR1JPVVBERUxFVElPTkpPQi1SRzVDNzQzODMyLVdFU1RVUzIiLCJqb2JMb2NhdGlvbiI6Indlc3R1czIifQ?api-version=2017-05-10"
        ],
        "Retry-After": [
          "15"
        ],
        "x-ms-ratelimit-remaining-subscription-deletes": [
          "14999"
        ],
        "x-ms-request-id": [
          "394be2a3-a714-4acf-80e5-b69793092d14"
        ],
        "x-ms-correlation-request-id": [
          "394be2a3-a714-4acf-80e5-b69793092d14"
        ],
        "x-ms-routing-request-id": [
          "SOUTHEASTASIA:20190817T121550Z:394be2a3-a714-4acf-80e5-b69793092d14"
        ],
        "Strict-Transport-Security": [
          "max-age=31536000; includeSubDomains"
        ],
        "X-Content-Type-Options": [
          "nosniff"
        ],
        "Content-Length": [
          "0"
        ],
        "Expires": [
          "-1"
        ]
      },
      "ResponseBody": "",
      "StatusCode": 202
    }
  ],
  "Names": {
    "CanCreateFileServer": [
      "rg5c743832",
      "ws9f753885",
      "vnet82201",
      "fsb4c8559248"
    ]
  },
  "Variables": {
    "ServicePrincipal": "ad38138c-4c27-4cc1-bc68-b74f4f9780cc",
    "AADTenant": "72f988bf-86f1-41af-91ab-2d7cd011db47",
    "SubscriptionId": "1c638cf4-608f-4ee6-b680-c329e824c3a8"
  }
}