{
  "Entries": [
    {
      "RequestUri": "/subscriptions/1c638cf4-608f-4ee6-b680-c329e824c3a8/resourcegroups/rge3a06127?api-version=2017-05-10",
      "EncodedRequestUri": "L3N1YnNjcmlwdGlvbnMvMWM2MzhjZjQtNjA4Zi00ZWU2LWI2ODAtYzMyOWU4MjRjM2E4L3Jlc291cmNlZ3JvdXBzL3JnZTNhMDYxMjc/YXBpLXZlcnNpb249MjAxNy0wNS0xMA==",
      "RequestMethod": "PUT",
      "RequestBody": "{\r\n  \"location\": \"westus2\"\r\n}",
      "RequestHeaders": {
        "x-ms-client-request-id": [
          "953d6268-84c5-4f43-8bbe-17f51d8693ab"
        ],
        "accept-language": [
          "en-US"
        ],
        "User-Agent": [
          "FxVersion/4.6.25815.02",
          "Microsoft.Azure.Management.ResourceManager.Fluent.ResourceManagementClient/1.14.0.0",
          "MacAddressHash/6d3ec60ee9d199db8fafee7ec31e762168f5c97bfa142de1924f697bcf4ce575"
        ],
        "Content-Type": [
          "application/json; charset=utf-8"
        ],
        "Content-Length": [
          "29"
        ]
      },
      "ResponseHeaders": {
        "Cache-Control": [
          "no-cache"
        ],
        "Date": [
          "Mon, 20 Aug 2018 22:04:58 GMT"
        ],
        "Pragma": [
          "no-cache"
        ],
        "x-ms-ratelimit-remaining-subscription-writes": [
          "1199"
        ],
        "x-ms-request-id": [
          "79f6db22-9bdd-4f6f-9c6c-11dd817c9d97"
        ],
        "x-ms-correlation-request-id": [
          "79f6db22-9bdd-4f6f-9c6c-11dd817c9d97"
        ],
        "x-ms-routing-request-id": [
          "WESTUS:20180820T220459Z:79f6db22-9bdd-4f6f-9c6c-11dd817c9d97"
        ],
        "Strict-Transport-Security": [
          "max-age=31536000; includeSubDomains"
        ],
        "X-Content-Type-Options": [
          "nosniff"
        ],
        "Content-Length": [
          "174"
        ],
        "Content-Type": [
          "application/json; charset=utf-8"
        ],
        "Expires": [
          "-1"
        ]
      },
      "ResponseBody": "{\r\n  \"id\": \"/subscriptions/1c638cf4-608f-4ee6-b680-c329e824c3a8/resourceGroups/rge3a06127\",\r\n  \"name\": \"rge3a06127\",\r\n  \"location\": \"westus2\",\r\n  \"properties\": {\r\n    \"provisioningState\": \"Succeeded\"\r\n  }\r\n}",
      "StatusCode": 201
    },
    {
      "RequestUri": "/subscriptions/1c638cf4-608f-4ee6-b680-c329e824c3a8/resourceGroups/rge3a06127/providers/Microsoft.BatchAI/workspaces/wsd6149016?api-version=2018-05-01",
      "EncodedRequestUri": "L3N1YnNjcmlwdGlvbnMvMWM2MzhjZjQtNjA4Zi00ZWU2LWI2ODAtYzMyOWU4MjRjM2E4L3Jlc291cmNlR3JvdXBzL3JnZTNhMDYxMjcvcHJvdmlkZXJzL01pY3Jvc29mdC5CYXRjaEFJL3dvcmtzcGFjZXMvd3NkNjE0OTAxNj9hcGktdmVyc2lvbj0yMDE4LTA1LTAx",
      "RequestMethod": "PUT",
      "RequestBody": "{\r\n  \"location\": \"westus2\",\r\n  \"tags\": {}\r\n}",
      "RequestHeaders": {
        "x-ms-client-request-id": [
          "0d2dc335-686d-47f4-9dc7-1a43a46d5245"
        ],
        "accept-language": [
          "en-US"
        ],
        "User-Agent": [
          "FxVersion/4.6.25815.02",
          "Microsoft.Azure.Management.BatchAI.Fluent.BatchAIManagementClient/1.14.0.0",
          "MacAddressHash/6d3ec60ee9d199db8fafee7ec31e762168f5c97bfa142de1924f697bcf4ce575"
        ],
        "Content-Type": [
          "application/json; charset=utf-8"
        ],
        "Content-Length": [
          "44"
        ]
      },
      "ResponseHeaders": {
        "Cache-Control": [
          "no-cache"
        ],
        "Date": [
          "Mon, 20 Aug 2018 22:04:59 GMT"
        ],
        "Pragma": [
          "no-cache"
        ],
        "ETag": [
          "\"0x8D606E8F9343F86\""
        ],
        "Server": [
          "Microsoft-HTTPAPI/2.0"
        ],
        "x-ms-ratelimit-remaining-subscription-writes": [
          "1198"
        ],
        "request-id": [
          "37589f6f-35ab-4c04-87d7-1f84d94791b9"
        ],
        "Strict-Transport-Security": [
          "max-age=31536000; includeSubDomains"
        ],
        "X-Content-Type-Options": [
          "nosniff"
        ],
        "x-ms-request-id": [
          "6a12cd7b-93f3-4779-af6e-268fdcd4e1a7"
        ],
        "x-ms-correlation-request-id": [
          "6a12cd7b-93f3-4779-af6e-268fdcd4e1a7"
        ],
        "x-ms-routing-request-id": [
          "WESTUS:20180820T220500Z:6a12cd7b-93f3-4779-af6e-268fdcd4e1a7"
        ],
        "Content-Length": [
          "375"
        ],
        "Content-Type": [
          "application/json; charset=utf-8"
        ],
        "Expires": [
          "-1"
        ],
        "Last-Modified": [
          "Mon, 20 Aug 2018 22:05:00 GMT"
        ]
      },
      "ResponseBody": "{\r\n  \"id\": \"/subscriptions/1c638cf4-608f-4ee6-b680-c329e824c3a8/resourceGroups/rge3a06127/providers/Microsoft.BatchAI/workspaces/wsd6149016\",\r\n  \"name\": \"wsd6149016\",\r\n  \"type\": \"Microsoft.BatchAI/workspaces\",\r\n  \"location\": \"westus2\",\r\n  \"properties\": {\r\n    \"provisioningState\": \"succeeded\",\r\n    \"provisioningStateTransitionTime\": \"2018-08-20T22:05:00.263Z\",\r\n    \"creationTime\": \"2018-08-20T22:05:00.263Z\"\r\n  },\r\n  \"tags\": {}\r\n}",
      "StatusCode": 200
    },
    {
      "RequestUri": "/subscriptions/1c638cf4-608f-4ee6-b680-c329e824c3a8/resourceGroups/rge3a06127/providers/Microsoft.Network/virtualNetworks/vnet29311?api-version=2018-04-01",
      "EncodedRequestUri": "L3N1YnNjcmlwdGlvbnMvMWM2MzhjZjQtNjA4Zi00ZWU2LWI2ODAtYzMyOWU4MjRjM2E4L3Jlc291cmNlR3JvdXBzL3JnZTNhMDYxMjcvcHJvdmlkZXJzL01pY3Jvc29mdC5OZXR3b3JrL3ZpcnR1YWxOZXR3b3Jrcy92bmV0MjkzMTE/YXBpLXZlcnNpb249MjAxOC0wNC0wMQ==",
      "RequestMethod": "PUT",
      "RequestBody": "{\r\n  \"properties\": {\r\n    \"addressSpace\": {\r\n      \"addressPrefixes\": [\r\n        \"192.168.0.0/16\"\r\n      ]\r\n    },\r\n    \"dhcpOptions\": {\r\n      \"dnsServers\": []\r\n    },\r\n    \"subnets\": [\r\n      {\r\n        \"properties\": {\r\n          \"addressPrefix\": \"192.168.200.0/24\"\r\n        },\r\n        \"name\": \"MySubnet\"\r\n      }\r\n    ]\r\n  },\r\n  \"location\": \"westus2\",\r\n  \"tags\": {}\r\n}",
      "RequestHeaders": {
        "x-ms-client-request-id": [
          "8b40427d-b300-4ef6-90c3-2af3924e0133"
        ],
        "accept-language": [
          "en-US"
        ],
        "User-Agent": [
          "FxVersion/4.6.25815.02",
          "Microsoft.Azure.Management.Network.Fluent.NetworkManagementClient/1.14.0.0",
          "MacAddressHash/6d3ec60ee9d199db8fafee7ec31e762168f5c97bfa142de1924f697bcf4ce575"
        ],
        "Content-Type": [
          "application/json; charset=utf-8"
        ],
        "Content-Length": [
          "372"
        ]
      },
      "ResponseHeaders": {
        "Cache-Control": [
          "no-cache"
        ],
        "Date": [
          "Mon, 20 Aug 2018 22:05:01 GMT"
        ],
        "Pragma": [
          "no-cache"
        ],
        "Retry-After": [
          "3"
        ],
        "Server": [
          "Microsoft-HTTPAPI/2.0",
          "Microsoft-HTTPAPI/2.0"
        ],
        "x-ms-request-id": [
          "8307500e-35bd-4c70-8697-b410e9c72cdf"
        ],
        "Azure-AsyncOperation": [
          "https://management.azure.com/subscriptions/1c638cf4-608f-4ee6-b680-c329e824c3a8/providers/Microsoft.Network/locations/westus2/operations/8307500e-35bd-4c70-8697-b410e9c72cdf?api-version=2018-04-01"
        ],
        "x-ms-correlation-request-id": [
          "d46c14c9-a6fb-4f04-9fe1-2362a7dd598b"
        ],
        "Strict-Transport-Security": [
          "max-age=31536000; includeSubDomains"
        ],
        "x-ms-ratelimit-remaining-subscription-writes": [
          "1199"
        ],
        "x-ms-routing-request-id": [
          "WESTUS:20180820T220501Z:d46c14c9-a6fb-4f04-9fe1-2362a7dd598b"
        ],
        "X-Content-Type-Options": [
          "nosniff"
        ],
        "Content-Length": [
          "1215"
        ],
        "Content-Type": [
          "application/json; charset=utf-8"
        ],
        "Expires": [
          "-1"
        ]
      },
      "ResponseBody": "{\r\n  \"name\": \"vnet29311\",\r\n  \"id\": \"/subscriptions/1c638cf4-608f-4ee6-b680-c329e824c3a8/resourceGroups/rge3a06127/providers/Microsoft.Network/virtualNetworks/vnet29311\",\r\n  \"etag\": \"W/\\\"2e204339-52a7-4bbc-9653-858156e84578\\\"\",\r\n  \"type\": \"Microsoft.Network/virtualNetworks\",\r\n  \"location\": \"westus2\",\r\n  \"tags\": {},\r\n  \"properties\": {\r\n    \"provisioningState\": \"Updating\",\r\n    \"resourceGuid\": \"2d31d3c3-e684-478e-89f6-869dc5e7c408\",\r\n    \"addressSpace\": {\r\n      \"addressPrefixes\": [\r\n        \"192.168.0.0/16\"\r\n      ]\r\n    },\r\n    \"dhcpOptions\": {\r\n      \"dnsServers\": []\r\n    },\r\n    \"subnets\": [\r\n      {\r\n        \"name\": \"MySubnet\",\r\n        \"id\": \"/subscriptions/1c638cf4-608f-4ee6-b680-c329e824c3a8/resourceGroups/rge3a06127/providers/Microsoft.Network/virtualNetworks/vnet29311/subnets/MySubnet\",\r\n        \"etag\": \"W/\\\"2e204339-52a7-4bbc-9653-858156e84578\\\"\",\r\n        \"properties\": {\r\n          \"provisioningState\": \"Updating\",\r\n          \"addressPrefix\": \"192.168.200.0/24\",\r\n          \"delegations\": []\r\n        },\r\n        \"type\": \"Microsoft.Network/virtualNetworks/subnets\"\r\n      }\r\n    ],\r\n    \"virtualNetworkPeerings\": [],\r\n    \"enableDdosProtection\": false,\r\n    \"enableVmProtection\": false\r\n  }\r\n}",
      "StatusCode": 201
    },
    {
      "RequestUri": "/subscriptions/1c638cf4-608f-4ee6-b680-c329e824c3a8/providers/Microsoft.Network/locations/westus2/operations/8307500e-35bd-4c70-8697-b410e9c72cdf?api-version=2018-04-01",
      "EncodedRequestUri": "L3N1YnNjcmlwdGlvbnMvMWM2MzhjZjQtNjA4Zi00ZWU2LWI2ODAtYzMyOWU4MjRjM2E4L3Byb3ZpZGVycy9NaWNyb3NvZnQuTmV0d29yay9sb2NhdGlvbnMvd2VzdHVzMi9vcGVyYXRpb25zLzgzMDc1MDBlLTM1YmQtNGM3MC04Njk3LWI0MTBlOWM3MmNkZj9hcGktdmVyc2lvbj0yMDE4LTA0LTAx",
      "RequestMethod": "GET",
      "RequestBody": "",
      "RequestHeaders": {
        "User-Agent": [
          "FxVersion/4.6.25815.02",
          "Microsoft.Azure.Management.Network.Fluent.NetworkManagementClient/1.14.0.0",
          "MacAddressHash/6d3ec60ee9d199db8fafee7ec31e762168f5c97bfa142de1924f697bcf4ce575"
        ]
      },
      "ResponseHeaders": {
        "Cache-Control": [
          "no-cache"
        ],
        "Date": [
          "Mon, 20 Aug 2018 22:05:11 GMT"
        ],
        "Pragma": [
          "no-cache"
        ],
        "Retry-After": [
          "10"
        ],
        "Server": [
          "Microsoft-HTTPAPI/2.0",
          "Microsoft-HTTPAPI/2.0"
        ],
        "x-ms-request-id": [
          "1876e2c2-d059-4a7a-afa2-10462b0098d6"
        ],
        "x-ms-correlation-request-id": [
          "26b7fc35-b32a-4d66-a582-4ad2a0092ca5"
        ],
        "Strict-Transport-Security": [
          "max-age=31536000; includeSubDomains"
        ],
        "x-ms-ratelimit-remaining-subscription-reads": [
          "11999"
        ],
        "x-ms-routing-request-id": [
          "WESTUS:20180820T220512Z:26b7fc35-b32a-4d66-a582-4ad2a0092ca5"
        ],
        "X-Content-Type-Options": [
          "nosniff"
        ],
        "Content-Length": [
          "30"
        ],
        "Content-Type": [
          "application/json; charset=utf-8"
        ],
        "Expires": [
          "-1"
        ]
      },
      "ResponseBody": "{\r\n  \"status\": \"InProgress\"\r\n}",
      "StatusCode": 200
    },
    {
      "RequestUri": "/subscriptions/1c638cf4-608f-4ee6-b680-c329e824c3a8/providers/Microsoft.Network/locations/westus2/operations/8307500e-35bd-4c70-8697-b410e9c72cdf?api-version=2018-04-01",
      "EncodedRequestUri": "L3N1YnNjcmlwdGlvbnMvMWM2MzhjZjQtNjA4Zi00ZWU2LWI2ODAtYzMyOWU4MjRjM2E4L3Byb3ZpZGVycy9NaWNyb3NvZnQuTmV0d29yay9sb2NhdGlvbnMvd2VzdHVzMi9vcGVyYXRpb25zLzgzMDc1MDBlLTM1YmQtNGM3MC04Njk3LWI0MTBlOWM3MmNkZj9hcGktdmVyc2lvbj0yMDE4LTA0LTAx",
      "RequestMethod": "GET",
      "RequestBody": "",
      "RequestHeaders": {
        "User-Agent": [
          "FxVersion/4.6.25815.02",
          "Microsoft.Azure.Management.Network.Fluent.NetworkManagementClient/1.14.0.0",
          "MacAddressHash/6d3ec60ee9d199db8fafee7ec31e762168f5c97bfa142de1924f697bcf4ce575"
        ]
      },
      "ResponseHeaders": {
        "Cache-Control": [
          "no-cache"
        ],
        "Date": [
          "Mon, 20 Aug 2018 22:05:22 GMT"
        ],
        "Pragma": [
          "no-cache"
        ],
        "Server": [
          "Microsoft-HTTPAPI/2.0",
          "Microsoft-HTTPAPI/2.0"
        ],
        "x-ms-request-id": [
          "c2a741f4-4f3b-4218-80a5-1c6275230d17"
        ],
        "x-ms-correlation-request-id": [
          "edd0d27d-04c1-499a-b196-805521070000"
        ],
        "Strict-Transport-Security": [
          "max-age=31536000; includeSubDomains"
        ],
        "x-ms-ratelimit-remaining-subscription-reads": [
          "11998"
        ],
        "x-ms-routing-request-id": [
          "WESTUS:20180820T220522Z:edd0d27d-04c1-499a-b196-805521070000"
        ],
        "X-Content-Type-Options": [
          "nosniff"
        ],
        "Content-Length": [
          "29"
        ],
        "Content-Type": [
          "application/json; charset=utf-8"
        ],
        "Expires": [
          "-1"
        ]
      },
      "ResponseBody": "{\r\n  \"status\": \"Succeeded\"\r\n}",
      "StatusCode": 200
    },
    {
      "RequestUri": "/subscriptions/1c638cf4-608f-4ee6-b680-c329e824c3a8/resourceGroups/rge3a06127/providers/Microsoft.Network/virtualNetworks/vnet29311?api-version=2018-04-01",
      "EncodedRequestUri": "L3N1YnNjcmlwdGlvbnMvMWM2MzhjZjQtNjA4Zi00ZWU2LWI2ODAtYzMyOWU4MjRjM2E4L3Jlc291cmNlR3JvdXBzL3JnZTNhMDYxMjcvcHJvdmlkZXJzL01pY3Jvc29mdC5OZXR3b3JrL3ZpcnR1YWxOZXR3b3Jrcy92bmV0MjkzMTE/YXBpLXZlcnNpb249MjAxOC0wNC0wMQ==",
      "RequestMethod": "GET",
      "RequestBody": "",
      "RequestHeaders": {
        "User-Agent": [
          "FxVersion/4.6.25815.02",
          "Microsoft.Azure.Management.Network.Fluent.NetworkManagementClient/1.14.0.0",
          "MacAddressHash/6d3ec60ee9d199db8fafee7ec31e762168f5c97bfa142de1924f697bcf4ce575"
        ]
      },
      "ResponseHeaders": {
        "Cache-Control": [
          "no-cache"
        ],
        "Date": [
          "Mon, 20 Aug 2018 22:05:22 GMT"
        ],
        "Pragma": [
          "no-cache"
        ],
        "ETag": [
          "W/\"4b59c84e-55c4-40cf-8752-bfcced7d0212\""
        ],
        "Server": [
          "Microsoft-HTTPAPI/2.0",
          "Microsoft-HTTPAPI/2.0"
        ],
        "x-ms-request-id": [
          "cdc22932-feef-4159-8dcf-41e57c1b6fd2"
        ],
        "x-ms-correlation-request-id": [
          "16129371-06e6-459b-9cfe-753ce2f6acc8"
        ],
        "Strict-Transport-Security": [
          "max-age=31536000; includeSubDomains"
        ],
        "x-ms-ratelimit-remaining-subscription-reads": [
          "11997"
        ],
        "x-ms-routing-request-id": [
          "WESTUS:20180820T220522Z:16129371-06e6-459b-9cfe-753ce2f6acc8"
        ],
        "X-Content-Type-Options": [
          "nosniff"
        ],
        "Content-Length": [
          "1217"
        ],
        "Content-Type": [
          "application/json; charset=utf-8"
        ],
        "Expires": [
          "-1"
        ]
      },
      "ResponseBody": "{\r\n  \"name\": \"vnet29311\",\r\n  \"id\": \"/subscriptions/1c638cf4-608f-4ee6-b680-c329e824c3a8/resourceGroups/rge3a06127/providers/Microsoft.Network/virtualNetworks/vnet29311\",\r\n  \"etag\": \"W/\\\"4b59c84e-55c4-40cf-8752-bfcced7d0212\\\"\",\r\n  \"type\": \"Microsoft.Network/virtualNetworks\",\r\n  \"location\": \"westus2\",\r\n  \"tags\": {},\r\n  \"properties\": {\r\n    \"provisioningState\": \"Succeeded\",\r\n    \"resourceGuid\": \"2d31d3c3-e684-478e-89f6-869dc5e7c408\",\r\n    \"addressSpace\": {\r\n      \"addressPrefixes\": [\r\n        \"192.168.0.0/16\"\r\n      ]\r\n    },\r\n    \"dhcpOptions\": {\r\n      \"dnsServers\": []\r\n    },\r\n    \"subnets\": [\r\n      {\r\n        \"name\": \"MySubnet\",\r\n        \"id\": \"/subscriptions/1c638cf4-608f-4ee6-b680-c329e824c3a8/resourceGroups/rge3a06127/providers/Microsoft.Network/virtualNetworks/vnet29311/subnets/MySubnet\",\r\n        \"etag\": \"W/\\\"4b59c84e-55c4-40cf-8752-bfcced7d0212\\\"\",\r\n        \"properties\": {\r\n          \"provisioningState\": \"Succeeded\",\r\n          \"addressPrefix\": \"192.168.200.0/24\",\r\n          \"delegations\": []\r\n        },\r\n        \"type\": \"Microsoft.Network/virtualNetworks/subnets\"\r\n      }\r\n    ],\r\n    \"virtualNetworkPeerings\": [],\r\n    \"enableDdosProtection\": false,\r\n    \"enableVmProtection\": false\r\n  }\r\n}",
      "StatusCode": 200
    },
    {
      "RequestUri": "/subscriptions/1c638cf4-608f-4ee6-b680-c329e824c3a8/resourceGroups/rge3a06127/providers/Microsoft.BatchAI/workspaces/wsd6149016/clusters/clusterb7c54684?api-version=2018-05-01",
      "EncodedRequestUri": "L3N1YnNjcmlwdGlvbnMvMWM2MzhjZjQtNjA4Zi00ZWU2LWI2ODAtYzMyOWU4MjRjM2E4L3Jlc291cmNlR3JvdXBzL3JnZTNhMDYxMjcvcHJvdmlkZXJzL01pY3Jvc29mdC5CYXRjaEFJL3dvcmtzcGFjZXMvd3NkNjE0OTAxNi9jbHVzdGVycy9jbHVzdGVyYjdjNTQ2ODQ/YXBpLXZlcnNpb249MjAxOC0wNS0wMQ==",
      "RequestMethod": "PUT",
      "RequestBody": "{\r\n  \"properties\": {\r\n    \"vmSize\": \"Standard_D1_v2\",\r\n    \"vmPriority\": \"lowpriority\",\r\n    \"scaleSettings\": {\r\n      \"autoScale\": {\r\n        \"minimumNodeCount\": 1,\r\n        \"maximumNodeCount\": 1\r\n      }\r\n    },\r\n    \"virtualMachineConfiguration\": {\r\n      \"imageReference\": {\r\n        \"publisher\": \"microsoft-ads\",\r\n        \"offer\": \"linux-data-science-vm-ubuntu\",\r\n        \"sku\": \"linuxdsvmubuntu\"\r\n      }\r\n    },\r\n    \"nodeSetup\": {\r\n      \"setupTask\": {\r\n        \"commandLine\": \"echo Hello World!\",\r\n        \"stdOutErrPathPrefix\": \"./outputpath\"\r\n      },\r\n      \"mountVolumes\": {\r\n        \"azureFileShares\": [\r\n          {\r\n            \"accountName\": \"sa0df72049aa\",\r\n            \"azureFileUrl\": \"dummy_uri\",\r\n            \"credentials\": {\r\n              \"accountKey\": \"dummy_key\"\r\n            },\r\n            \"relativeMountPath\": \"azurefileshare\"\r\n          }\r\n        ],\r\n        \"azureBlobFileSystems\": [\r\n          {\r\n            \"accountName\": \"sa0df72049aa\",\r\n            \"containerName\": \"mycontainer\",\r\n            \"credentials\": {\r\n              \"accountKey\": \"dummy_key\"\r\n            },\r\n            \"relativeMountPath\": \"myblobsystem\"\r\n          }\r\n        ]\r\n      },\r\n      \"performanceCountersSettings\": {\r\n        \"appInsightsReference\": {\r\n          \"component\": {\r\n            \"id\": \"appinsightsId\"\r\n          },\r\n          \"instrumentationKey\": \"appInsightsKey\"\r\n        }\r\n      }\r\n    },\r\n    \"userAccountSettings\": {\r\n      \"adminUserName\": \"tirekicker\",\r\n      \"adminUserPassword\": \"MyPassword\"\r\n    },\r\n    \"subnet\": {\r\n      \"id\": \"/subscriptions/1c638cf4-608f-4ee6-b680-c329e824c3a8/resourceGroups/rge3a06127/providers/Microsoft.Network/virtualNetworks/vnet29311/subnets/MySubnet\"\r\n    }\r\n  }\r\n}",
      "RequestHeaders": {
        "x-ms-client-request-id": [
          "ca6f13cf-7428-454e-9b4e-72918f3e38bb"
        ],
        "accept-language": [
          "en-US"
        ],
        "User-Agent": [
          "FxVersion/4.6.25815.02",
          "Microsoft.Azure.Management.BatchAI.Fluent.BatchAIManagementClient/1.14.0.0",
          "MacAddressHash/6d3ec60ee9d199db8fafee7ec31e762168f5c97bfa142de1924f697bcf4ce575"
        ],
        "Content-Type": [
          "application/json; charset=utf-8"
        ],
        "Content-Length": [
          "1727"
        ]
      },
      "ResponseHeaders": {
        "Cache-Control": [
          "no-cache"
        ],
        "Date": [
          "Mon, 20 Aug 2018 22:05:22 GMT"
        ],
        "Pragma": [
          "no-cache"
        ],
        "Location": [
          "https://management.azure.com/subscriptions/1c638cf4-608f-4ee6-b680-c329e824c3a8/providers/Microsoft.BatchAI/locations/westus2/operationstatuses/0e3c41a0-0542-44d3-bead-abda8b593f4c?api-version=2018-05-01"
        ],
        "Retry-After": [
          "15"
        ],
        "Server": [
          "Microsoft-HTTPAPI/2.0"
        ],
        "request-id": [
          "0b5c50d7-0597-4760-ae61-c939d4e49364"
        ],
        "Strict-Transport-Security": [
          "max-age=31536000; includeSubDomains"
        ],
        "X-Content-Type-Options": [
          "nosniff"
        ],
        "Azure-AsyncOperation": [
          "https://management.azure.com/subscriptions/1c638cf4-608f-4ee6-b680-c329e824c3a8/providers/Microsoft.BatchAI/locations/westus2/operationresults/0e3c41a0-0542-44d3-bead-abda8b593f4c?api-version=2018-05-01"
        ],
        "x-ms-ratelimit-remaining-subscription-writes": [
          "1197"
        ],
        "x-ms-request-id": [
          "3809d057-176d-451f-80c6-a66e3573b581"
        ],
        "x-ms-correlation-request-id": [
          "3809d057-176d-451f-80c6-a66e3573b581"
        ],
        "x-ms-routing-request-id": [
          "WESTUS:20180820T220523Z:3809d057-176d-451f-80c6-a66e3573b581"
        ],
        "Content-Length": [
          "0"
        ],
        "Expires": [
          "-1"
        ]
      },
      "ResponseBody": "",
      "StatusCode": 202
    },
    {
      "RequestUri": "/subscriptions/1c638cf4-608f-4ee6-b680-c329e824c3a8/providers/Microsoft.BatchAI/locations/westus2/operationresults/0e3c41a0-0542-44d3-bead-abda8b593f4c?api-version=2018-05-01",
      "EncodedRequestUri": "L3N1YnNjcmlwdGlvbnMvMWM2MzhjZjQtNjA4Zi00ZWU2LWI2ODAtYzMyOWU4MjRjM2E4L3Byb3ZpZGVycy9NaWNyb3NvZnQuQmF0Y2hBSS9sb2NhdGlvbnMvd2VzdHVzMi9vcGVyYXRpb25yZXN1bHRzLzBlM2M0MWEwLTA1NDItNDRkMy1iZWFkLWFiZGE4YjU5M2Y0Yz9hcGktdmVyc2lvbj0yMDE4LTA1LTAx",
      "RequestMethod": "GET",
      "RequestBody": "",
      "RequestHeaders": {
        "User-Agent": [
          "FxVersion/4.6.25815.02",
          "Microsoft.Azure.Management.BatchAI.Fluent.BatchAIManagementClient/1.14.0.0",
          "MacAddressHash/6d3ec60ee9d199db8fafee7ec31e762168f5c97bfa142de1924f697bcf4ce575"
        ]
      },
      "ResponseHeaders": {
        "Cache-Control": [
          "no-cache"
        ],
        "Date": [
          "Mon, 20 Aug 2018 22:05:37 GMT"
        ],
        "Pragma": [
          "no-cache"
        ],
        "Server": [
          "Microsoft-HTTPAPI/2.0"
        ],
        "x-ms-ratelimit-remaining-subscription-reads": [
          "11999"
        ],
        "request-id": [
          "8a5e1f96-a5e1-43b8-8fb0-7d8820e6d513"
        ],
        "Strict-Transport-Security": [
          "max-age=31536000; includeSubDomains"
        ],
        "X-Content-Type-Options": [
          "nosniff"
        ],
        "x-ms-request-id": [
          "e1ab457a-b4a0-40fc-8992-90da69040624"
        ],
        "x-ms-correlation-request-id": [
          "e1ab457a-b4a0-40fc-8992-90da69040624"
        ],
        "x-ms-routing-request-id": [
          "WESTUS:20180820T220538Z:e1ab457a-b4a0-40fc-8992-90da69040624"
        ],
        "Content-Length": [
          "293"
        ],
        "Content-Type": [
          "application/json; charset=utf-8"
        ],
        "Expires": [
          "-1"
        ]
      },
      "ResponseBody": "{\r\n  \"id\": \"https://management.azure.com/subscriptions/1c638cf4-608f-4ee6-b680-c329e824c3a8/providers/Microsoft.BatchAI/locations/westus2/operationresults/0e3c41a0-0542-44d3-bead-abda8b593f4c\",\r\n  \"name\": \"0e3c41a0-0542-44d3-bead-abda8b593f4c\",\r\n  \"status\": \"InProgress\",\r\n  \"startTime\": \"2018-08-20T22:05:23.1Z\"\r\n}",
      "StatusCode": 200
    },
    {
      "RequestUri": "/subscriptions/1c638cf4-608f-4ee6-b680-c329e824c3a8/providers/Microsoft.BatchAI/locations/westus2/operationresults/0e3c41a0-0542-44d3-bead-abda8b593f4c?api-version=2018-05-01",
      "EncodedRequestUri": "L3N1YnNjcmlwdGlvbnMvMWM2MzhjZjQtNjA4Zi00ZWU2LWI2ODAtYzMyOWU4MjRjM2E4L3Byb3ZpZGVycy9NaWNyb3NvZnQuQmF0Y2hBSS9sb2NhdGlvbnMvd2VzdHVzMi9vcGVyYXRpb25yZXN1bHRzLzBlM2M0MWEwLTA1NDItNDRkMy1iZWFkLWFiZGE4YjU5M2Y0Yz9hcGktdmVyc2lvbj0yMDE4LTA1LTAx",
      "RequestMethod": "GET",
      "RequestBody": "",
      "RequestHeaders": {
        "User-Agent": [
          "FxVersion/4.6.25815.02",
          "Microsoft.Azure.Management.BatchAI.Fluent.BatchAIManagementClient/1.14.0.0",
          "MacAddressHash/6d3ec60ee9d199db8fafee7ec31e762168f5c97bfa142de1924f697bcf4ce575"
        ]
      },
      "ResponseHeaders": {
        "Cache-Control": [
          "no-cache"
        ],
        "Date": [
          "Mon, 20 Aug 2018 22:05:52 GMT"
        ],
        "Pragma": [
          "no-cache"
        ],
        "Server": [
          "Microsoft-HTTPAPI/2.0"
        ],
        "x-ms-ratelimit-remaining-subscription-reads": [
          "11998"
        ],
        "request-id": [
          "670e8576-e371-41d0-adf2-7b866856db38"
        ],
        "Strict-Transport-Security": [
          "max-age=31536000; includeSubDomains"
        ],
        "X-Content-Type-Options": [
          "nosniff"
        ],
        "x-ms-request-id": [
          "b7b5341e-acad-4b3a-9a6d-179fc8a26f74"
        ],
        "x-ms-correlation-request-id": [
          "b7b5341e-acad-4b3a-9a6d-179fc8a26f74"
        ],
        "x-ms-routing-request-id": [
          "WESTUS:20180820T220553Z:b7b5341e-acad-4b3a-9a6d-179fc8a26f74"
        ],
        "Content-Length": [
          "434"
        ],
        "Content-Type": [
          "application/json; charset=utf-8"
        ],
        "Expires": [
          "-1"
        ]
      },
      "ResponseBody": "{\r\n  \"id\": \"https://management.azure.com/subscriptions/1c638cf4-608f-4ee6-b680-c329e824c3a8/providers/Microsoft.BatchAI/locations/westus2/operationresults/0e3c41a0-0542-44d3-bead-abda8b593f4c\",\r\n  \"name\": \"0e3c41a0-0542-44d3-bead-abda8b593f4c\",\r\n  \"status\": \"Succeeded\",\r\n  \"startTime\": \"2018-08-20T22:05:23.1Z\",\r\n  \"endTime\": \"2018-08-20T22:05:45.293Z\",\r\n  \"properties\": {\r\n    \"resourceId\": \"1c638cf4-608f-4ee6-b680-c329e824c3a8$rge3a06127$wsd6149016$clusterb7c54684\"\r\n  }\r\n}",
      "StatusCode": 200
    },
    {
      "RequestUri": "/subscriptions/1c638cf4-608f-4ee6-b680-c329e824c3a8/resourceGroups/rge3a06127/providers/Microsoft.BatchAI/workspaces/wsd6149016/clusters/clusterb7c54684?api-version=2018-05-01",
      "EncodedRequestUri": "L3N1YnNjcmlwdGlvbnMvMWM2MzhjZjQtNjA4Zi00ZWU2LWI2ODAtYzMyOWU4MjRjM2E4L3Jlc291cmNlR3JvdXBzL3JnZTNhMDYxMjcvcHJvdmlkZXJzL01pY3Jvc29mdC5CYXRjaEFJL3dvcmtzcGFjZXMvd3NkNjE0OTAxNi9jbHVzdGVycy9jbHVzdGVyYjdjNTQ2ODQ/YXBpLXZlcnNpb249MjAxOC0wNS0wMQ==",
      "RequestMethod": "GET",
      "RequestBody": "",
      "RequestHeaders": {
        "User-Agent": [
          "FxVersion/4.6.25815.02",
          "Microsoft.Azure.Management.BatchAI.Fluent.BatchAIManagementClient/1.14.0.0",
          "MacAddressHash/6d3ec60ee9d199db8fafee7ec31e762168f5c97bfa142de1924f697bcf4ce575"
        ]
      },
      "ResponseHeaders": {
        "Cache-Control": [
          "no-cache"
        ],
        "Date": [
          "Mon, 20 Aug 2018 22:05:53 GMT"
        ],
        "Pragma": [
          "no-cache"
        ],
        "ETag": [
          "\"0x8D606E906CE6CEA\""
        ],
        "Server": [
          "Microsoft-HTTPAPI/2.0"
        ],
        "x-ms-ratelimit-remaining-subscription-reads": [
          "11997"
        ],
        "request-id": [
          "20c0d539-20fd-4b16-87ba-b4cc9e4b1ece"
        ],
        "Strict-Transport-Security": [
          "max-age=31536000; includeSubDomains"
        ],
        "X-Content-Type-Options": [
          "nosniff"
        ],
        "x-ms-request-id": [
          "023b62a8-9ac8-4e74-83c2-39139cdb5e51"
        ],
        "x-ms-correlation-request-id": [
          "023b62a8-9ac8-4e74-83c2-39139cdb5e51"
        ],
        "x-ms-routing-request-id": [
          "WESTUS:20180820T220553Z:023b62a8-9ac8-4e74-83c2-39139cdb5e51"
        ],
        "Content-Length": [
          "1818"
        ],
        "Content-Type": [
          "application/json; charset=utf-8"
        ],
        "Expires": [
          "-1"
        ],
        "Last-Modified": [
          "Mon, 20 Aug 2018 22:05:23 GMT"
        ]
      },
      "ResponseBody": "{\r\n  \"id\": \"/subscriptions/1c638cf4-608f-4ee6-b680-c329e824c3a8/resourceGroups/rge3a06127/providers/Microsoft.BatchAI/workspaces/wsd6149016/clusters/clusterb7c54684\",\r\n  \"name\": \"clusterb7c54684\",\r\n  \"type\": \"Microsoft.BatchAI/workspaces/clusters\",\r\n  \"properties\": {\r\n    \"provisioningState\": \"succeeded\",\r\n    \"allocationState\": \"steady\",\r\n    \"creationTime\": \"2018-08-20T22:05:23.084Z\",\r\n    \"allocationStateTransitionTime\": \"2018-08-20T22:05:46.13Z\",\r\n    \"provisioningStateTransitionTime\": \"2018-08-20T22:05:45.293Z\",\r\n    \"vmSize\": \"STANDARD_D1_V2\",\r\n    \"currentNodeCount\": 0,\r\n    \"nodeStateCounts\": {\r\n      \"runningNodeCount\": 0,\r\n      \"idleNodeCount\": 0,\r\n      \"unusableNodeCount\": 0,\r\n      \"preparingNodeCount\": 0,\r\n      \"leavingNodeCount\": 0\r\n    },\r\n    \"vmPriority\": \"lowpriority\",\r\n    \"scaleSettings\": {\r\n      \"autoScale\": {\r\n        \"minimumNodeCount\": 1,\r\n        \"maximumNodeCount\": 1,\r\n        \"initialNodeCount\": 0\r\n      }\r\n    },\r\n    \"virtualMachineConfiguration\": {\r\n      \"imageReference\": {\r\n        \"publisher\": \"microsoft-ads\",\r\n        \"offer\": \"linux-data-science-vm-ubuntu\",\r\n        \"sku\": \"linuxdsvmubuntu\",\r\n        \"version\": \"latest\"\r\n      }\r\n    },\r\n    \"userAccountSettings\": {\r\n      \"adminUserName\": \"tirekicker\"\r\n    },\r\n    \"nodeSetup\": {\r\n      \"setupTask\": {\r\n        \"commandLine\": \"echo Hello World!\",\r\n        \"stdOutErrPathPrefix\": \"./outputpath\",\r\n        \"stdOutErrPathSuffix\": \"1c638cf4-608f-4ee6-b680-c329e824c3a8/rge3a06127/workspaces/wsd6149016/clusters/clusterb7c54684/ce4eb70c-ea1b-4adc-83c4-b7036980e4b5\"\r\n      },\r\n      \"mountVolumes\": {\r\n        \"azureFileShares\": [\r\n          {\r\n            \"accountName\": \"sa0df72049aa\",\r\n            \"azureFileUrl\": \"dummy_uri\",\r\n            \"credentials\": {},\r\n            \"relativeMountPath\": \"azurefileshare\",\r\n            \"fileMode\": \"0777\",\r\n            \"directoryMode\": \"0777\"\r\n          }\r\n        ],\r\n        \"azureBlobFileSystems\": [\r\n          {\r\n            \"accountName\": \"sa0df72049aa\",\r\n            \"containerName\": \"mycontainer\",\r\n            \"credentials\": {},\r\n            \"relativeMountPath\": \"myblobsystem\"\r\n          }\r\n        ]\r\n      },\r\n      \"performanceCountersSettings\": {\r\n        \"appInsightsReference\": {\r\n          \"component\": {\r\n            \"id\": \"appinsightsId\"\r\n          }\r\n        }\r\n      }\r\n    },\r\n    \"subnet\": {\r\n      \"id\": \"/subscriptions/1c638cf4-608f-4ee6-b680-c329e824c3a8/resourceGroups/rge3a06127/providers/Microsoft.Network/virtualNetworks/vnet29311/subnets/MySubnet\"\r\n    }\r\n  }\r\n}",
      "StatusCode": 200
    },
    {
      "RequestUri": "/subscriptions/1c638cf4-608f-4ee6-b680-c329e824c3a8/resourceGroups/rge3a06127/providers/Microsoft.BatchAI/workspaces/wsd6149016/clusters/clusterb7c54684?api-version=2018-05-01",
      "EncodedRequestUri": "L3N1YnNjcmlwdGlvbnMvMWM2MzhjZjQtNjA4Zi00ZWU2LWI2ODAtYzMyOWU4MjRjM2E4L3Jlc291cmNlR3JvdXBzL3JnZTNhMDYxMjcvcHJvdmlkZXJzL01pY3Jvc29mdC5CYXRjaEFJL3dvcmtzcGFjZXMvd3NkNjE0OTAxNi9jbHVzdGVycy9jbHVzdGVyYjdjNTQ2ODQ/YXBpLXZlcnNpb249MjAxOC0wNS0wMQ==",
      "RequestMethod": "PATCH",
      "RequestBody": "{\r\n  \"properties\": {\r\n    \"scaleSettings\": {\r\n      \"autoScale\": {\r\n        \"minimumNodeCount\": 1,\r\n        \"maximumNodeCount\": 2,\r\n        \"initialNodeCount\": 2\r\n      }\r\n    }\r\n  }\r\n}",
      "RequestHeaders": {
        "x-ms-client-request-id": [
          "cbd20ff6-fdab-400f-a0e9-44001a1914f4"
        ],
        "accept-language": [
          "en-US"
        ],
        "User-Agent": [
          "FxVersion/4.6.25815.02",
          "Microsoft.Azure.Management.BatchAI.Fluent.BatchAIManagementClient/1.14.0.0",
          "MacAddressHash/6d3ec60ee9d199db8fafee7ec31e762168f5c97bfa142de1924f697bcf4ce575"
        ],
        "Content-Type": [
          "application/json; charset=utf-8"
        ],
        "Content-Length": [
          "185"
        ]
      },
      "ResponseHeaders": {
        "Cache-Control": [
          "no-cache"
        ],
        "Date": [
          "Mon, 20 Aug 2018 22:05:53 GMT"
        ],
        "Pragma": [
          "no-cache"
        ],
        "ETag": [
          "\"0x8D606E919427815\""
        ],
        "Server": [
          "Microsoft-HTTPAPI/2.0"
        ],
        "x-ms-ratelimit-remaining-subscription-writes": [
          "1196"
        ],
        "request-id": [
          "de4462a1-e503-47cf-92e2-f81532d77ddc"
        ],
        "Strict-Transport-Security": [
          "max-age=31536000; includeSubDomains"
        ],
        "X-Content-Type-Options": [
          "nosniff"
        ],
        "x-ms-request-id": [
          "a3e5a1cb-cc6f-4b65-8696-feb40ef89070"
        ],
        "x-ms-correlation-request-id": [
          "a3e5a1cb-cc6f-4b65-8696-feb40ef89070"
        ],
        "x-ms-routing-request-id": [
          "WESTUS:20180820T220554Z:a3e5a1cb-cc6f-4b65-8696-feb40ef89070"
        ],
        "Content-Length": [
          "1818"
        ],
        "Content-Type": [
          "application/json; charset=utf-8"
        ],
        "Expires": [
          "-1"
        ],
        "Last-Modified": [
          "Mon, 20 Aug 2018 22:05:54 GMT"
        ]
      },
      "ResponseBody": "{\r\n  \"id\": \"/subscriptions/1c638cf4-608f-4ee6-b680-c329e824c3a8/resourceGroups/rge3a06127/providers/Microsoft.BatchAI/workspaces/wsd6149016/clusters/clusterb7c54684\",\r\n  \"name\": \"clusterb7c54684\",\r\n  \"type\": \"Microsoft.BatchAI/workspaces/clusters\",\r\n  \"properties\": {\r\n    \"provisioningState\": \"succeeded\",\r\n    \"allocationState\": \"steady\",\r\n    \"creationTime\": \"2018-08-20T22:05:23.084Z\",\r\n    \"allocationStateTransitionTime\": \"2018-08-20T22:05:46.13Z\",\r\n    \"provisioningStateTransitionTime\": \"2018-08-20T22:05:45.293Z\",\r\n    \"vmSize\": \"STANDARD_D1_V2\",\r\n    \"currentNodeCount\": 0,\r\n    \"nodeStateCounts\": {\r\n      \"runningNodeCount\": 0,\r\n      \"idleNodeCount\": 0,\r\n      \"unusableNodeCount\": 0,\r\n      \"preparingNodeCount\": 0,\r\n      \"leavingNodeCount\": 0\r\n    },\r\n    \"vmPriority\": \"lowpriority\",\r\n    \"scaleSettings\": {\r\n      \"autoScale\": {\r\n        \"minimumNodeCount\": 1,\r\n        \"maximumNodeCount\": 2,\r\n        \"initialNodeCount\": 2\r\n      }\r\n    },\r\n    \"virtualMachineConfiguration\": {\r\n      \"imageReference\": {\r\n        \"publisher\": \"microsoft-ads\",\r\n        \"offer\": \"linux-data-science-vm-ubuntu\",\r\n        \"sku\": \"linuxdsvmubuntu\",\r\n        \"version\": \"latest\"\r\n      }\r\n    },\r\n    \"userAccountSettings\": {\r\n      \"adminUserName\": \"tirekicker\"\r\n    },\r\n    \"nodeSetup\": {\r\n      \"setupTask\": {\r\n        \"commandLine\": \"echo Hello World!\",\r\n        \"stdOutErrPathPrefix\": \"./outputpath\",\r\n        \"stdOutErrPathSuffix\": \"1c638cf4-608f-4ee6-b680-c329e824c3a8/rge3a06127/workspaces/wsd6149016/clusters/clusterb7c54684/ce4eb70c-ea1b-4adc-83c4-b7036980e4b5\"\r\n      },\r\n      \"mountVolumes\": {\r\n        \"azureFileShares\": [\r\n          {\r\n            \"accountName\": \"sa0df72049aa\",\r\n            \"azureFileUrl\": \"dummy_uri\",\r\n            \"credentials\": {},\r\n            \"relativeMountPath\": \"azurefileshare\",\r\n            \"fileMode\": \"0777\",\r\n            \"directoryMode\": \"0777\"\r\n          }\r\n        ],\r\n        \"azureBlobFileSystems\": [\r\n          {\r\n            \"accountName\": \"sa0df72049aa\",\r\n            \"containerName\": \"mycontainer\",\r\n            \"credentials\": {},\r\n            \"relativeMountPath\": \"myblobsystem\"\r\n          }\r\n        ]\r\n      },\r\n      \"performanceCountersSettings\": {\r\n        \"appInsightsReference\": {\r\n          \"component\": {\r\n            \"id\": \"appinsightsId\"\r\n          }\r\n        }\r\n      }\r\n    },\r\n    \"subnet\": {\r\n      \"id\": \"/subscriptions/1c638cf4-608f-4ee6-b680-c329e824c3a8/resourceGroups/rge3a06127/providers/Microsoft.Network/virtualNetworks/vnet29311/subnets/MySubnet\"\r\n    }\r\n  }\r\n}",
      "StatusCode": 200
    },
    {
      "RequestUri": "/subscriptions/1c638cf4-608f-4ee6-b680-c329e824c3a8/resourcegroups/rge3a06127?api-version=2017-05-10",
      "EncodedRequestUri": "L3N1YnNjcmlwdGlvbnMvMWM2MzhjZjQtNjA4Zi00ZWU2LWI2ODAtYzMyOWU4MjRjM2E4L3Jlc291cmNlZ3JvdXBzL3JnZTNhMDYxMjc/YXBpLXZlcnNpb249MjAxNy0wNS0xMA==",
      "RequestMethod": "DELETE",
      "RequestBody": "",
      "RequestHeaders": {
        "x-ms-client-request-id": [
          "1f7e9693-13c9-4f90-83f2-c0efb40f2e29"
        ],
        "accept-language": [
          "en-US"
        ],
        "User-Agent": [
          "FxVersion/4.6.25815.02",
          "Microsoft.Azure.Management.ResourceManager.Fluent.ResourceManagementClient/1.14.0.0",
          "MacAddressHash/6d3ec60ee9d199db8fafee7ec31e762168f5c97bfa142de1924f697bcf4ce575"
        ]
      },
      "ResponseHeaders": {
        "Cache-Control": [
          "no-cache"
        ],
        "Date": [
          "Mon, 20 Aug 2018 22:05:54 GMT"
        ],
        "Pragma": [
          "no-cache"
        ],
        "Location": [
          "https://management.azure.com/subscriptions/1c638cf4-608f-4ee6-b680-c329e824c3a8/operationresults/eyJqb2JJZCI6IlJFU09VUkNFR1JPVVBERUxFVElPTkpPQi1SR0UzQTA2MTI3LVdFU1RVUzIiLCJqb2JMb2NhdGlvbiI6Indlc3R1czIifQ?api-version=2017-05-10"
        ],
        "Retry-After": [
          "15"
        ],
        "x-ms-ratelimit-remaining-subscription-deletes": [
          "14999"
        ],
        "x-ms-request-id": [
          "ad2cd87b-1fae-4d5e-adbe-2444f748847b"
        ],
        "x-ms-correlation-request-id": [
          "ad2cd87b-1fae-4d5e-adbe-2444f748847b"
        ],
        "x-ms-routing-request-id": [
          "WESTUS:20180820T220554Z:ad2cd87b-1fae-4d5e-adbe-2444f748847b"
        ],
        "Strict-Transport-Security": [
          "max-age=31536000; includeSubDomains"
        ],
        "X-Content-Type-Options": [
          "nosniff"
        ],
        "Content-Length": [
          "0"
        ],
        "Expires": [
          "-1"
        ]
      },
      "ResponseBody": "",
      "StatusCode": 202
    }
  ],
  "Names": {
    "CreateUpdate": [
      "rge3a06127",
      "wsd6149016",
      "clusterb7c54684",
      "vnet29311",
      "sa0df72049aa"
    ]
  },
  "Variables": {
    "ServicePrincipal": "6ffb9e60-5c90-4acb-9701-16d6147f83e7",
    "AADTenant": "72f988bf-86f1-41af-91ab-2d7cd011db47",
    "SubscriptionId": "1c638cf4-608f-4ee6-b680-c329e824c3a8"
  }
}