{
  "Entries": [
    {
      "RequestUri": "/subscriptions/0b1f6471-1bf0-4dda-aec3-cb9272f09590/resourcegroups/rgmsi2788?api-version=2017-05-10",
      "EncodedRequestUri": "L3N1YnNjcmlwdGlvbnMvMGIxZjY0NzEtMWJmMC00ZGRhLWFlYzMtY2I5MjcyZjA5NTkwL3Jlc291cmNlZ3JvdXBzL3JnbXNpMjc4OD9hcGktdmVyc2lvbj0yMDE3LTA1LTEw",
      "RequestMethod": "PUT",
      "RequestBody": "{\r\n  \"location\": \"southcentralus\"\r\n}",
      "RequestHeaders": {
        "Content-Type": [
          "application/json; charset=utf-8"
        ],
        "Content-Length": [
          "36"
        ],
        "x-ms-client-request-id": [
          "0fe16d39-6cc7-4f06-b5cf-e86a6324ffe1"
        ],
        "accept-language": [
          "en-US"
        ],
        "User-Agent": [
          "FxVersion/4.6.25211.01",
          "Microsoft.Azure.Management.ResourceManager.Fluent.ResourceManagementClient/1.11.0.0",
          "MacAddressHash/cc0dc995bd7689190d87305dca6418746f27065181fa649f43731fb8fc5f1b10"
        ]
      },
      "ResponseBody": "{\r\n  \"id\": \"/subscriptions/0b1f6471-1bf0-4dda-aec3-cb9272f09590/resourceGroups/rgmsi2788\",\r\n  \"name\": \"rgmsi2788\",\r\n  \"location\": \"southcentralus\",\r\n  \"properties\": {\r\n    \"provisioningState\": \"Succeeded\"\r\n  }\r\n}",
      "ResponseHeaders": {
        "Content-Length": [
          "179"
        ],
        "Content-Type": [
          "application/json; charset=utf-8"
        ],
        "Expires": [
          "-1"
        ],
        "Cache-Control": [
          "no-cache"
        ],
        "Date": [
          "Wed, 27 Jun 2018 23:17:30 GMT"
        ],
        "Pragma": [
          "no-cache"
        ],
        "x-ms-ratelimit-remaining-subscription-writes": [
          "1199"
        ],
        "x-ms-request-id": [
          "4e0dceca-2c8f-44c3-9293-edba957b80bf"
        ],
        "x-ms-correlation-request-id": [
          "4e0dceca-2c8f-44c3-9293-edba957b80bf"
        ],
        "x-ms-routing-request-id": [
          "WESTUS2:20180627T231731Z:4e0dceca-2c8f-44c3-9293-edba957b80bf"
        ],
        "Strict-Transport-Security": [
          "max-age=31536000; includeSubDomains"
        ],
        "X-Content-Type-Options": [
          "nosniff"
        ]
      },
      "StatusCode": 201
    },
    {
      "RequestUri": "/subscriptions/0b1f6471-1bf0-4dda-aec3-cb9272f09590/resourceGroups/rgmsi2788/providers/Microsoft.Network/virtualNetworks/vnet18b484419d42?api-version=2018-04-01",
      "EncodedRequestUri": "L3N1YnNjcmlwdGlvbnMvMGIxZjY0NzEtMWJmMC00ZGRhLWFlYzMtY2I5MjcyZjA5NTkwL3Jlc291cmNlR3JvdXBzL3JnbXNpMjc4OC9wcm92aWRlcnMvTWljcm9zb2Z0Lk5ldHdvcmsvdmlydHVhbE5ldHdvcmtzL3ZuZXQxOGI0ODQ0MTlkNDI/YXBpLXZlcnNpb249MjAxOC0wNC0wMQ==",
      "RequestMethod": "PUT",
      "RequestBody": "{\r\n  \"properties\": {\r\n    \"addressSpace\": {\r\n      \"addressPrefixes\": [\r\n        \"10.0.0.0/28\"\r\n      ]\r\n    },\r\n    \"dhcpOptions\": {\r\n      \"dnsServers\": []\r\n    },\r\n    \"subnets\": [\r\n      {\r\n        \"properties\": {\r\n          \"addressPrefix\": \"10.0.0.0/28\"\r\n        },\r\n        \"name\": \"subnet1\"\r\n      }\r\n    ]\r\n  },\r\n  \"location\": \"southcentralus\",\r\n  \"tags\": {}\r\n}",
      "RequestHeaders": {
        "Content-Type": [
          "application/json; charset=utf-8"
        ],
        "Content-Length": [
          "370"
        ],
        "x-ms-client-request-id": [
          "6cb997df-957f-4a81-b12d-feb41a5f909a"
        ],
        "accept-language": [
          "en-US"
        ],
        "User-Agent": [
          "FxVersion/4.6.25211.01",
          "Microsoft.Azure.Management.Network.Fluent.NetworkManagementClient/1.11.0.0",
          "MacAddressHash/cc0dc995bd7689190d87305dca6418746f27065181fa649f43731fb8fc5f1b10"
        ]
      },
      "ResponseBody": "{\r\n  \"name\": \"vnet18b484419d42\",\r\n  \"id\": \"/subscriptions/0b1f6471-1bf0-4dda-aec3-cb9272f09590/resourceGroups/rgmsi2788/providers/Microsoft.Network/virtualNetworks/vnet18b484419d42\",\r\n  \"etag\": \"W/\\\"f97746da-2049-418e-9952-471c0aee0557\\\"\",\r\n  \"type\": \"Microsoft.Network/virtualNetworks\",\r\n  \"location\": \"southcentralus\",\r\n  \"tags\": {},\r\n  \"properties\": {\r\n    \"provisioningState\": \"Updating\",\r\n    \"resourceGuid\": \"32e29342-bdd4-457e-8560-ae72a0366f40\",\r\n    \"addressSpace\": {\r\n      \"addressPrefixes\": [\r\n        \"10.0.0.0/28\"\r\n      ]\r\n    },\r\n    \"dhcpOptions\": {\r\n      \"dnsServers\": []\r\n    },\r\n    \"subnets\": [\r\n      {\r\n        \"name\": \"subnet1\",\r\n        \"id\": \"/subscriptions/0b1f6471-1bf0-4dda-aec3-cb9272f09590/resourceGroups/rgmsi2788/providers/Microsoft.Network/virtualNetworks/vnet18b484419d42/subnets/subnet1\",\r\n        \"etag\": \"W/\\\"f97746da-2049-418e-9952-471c0aee0557\\\"\",\r\n        \"properties\": {\r\n          \"provisioningState\": \"Updating\",\r\n          \"addressPrefix\": \"10.0.0.0/28\",\r\n          \"delegations\": []\r\n        }\r\n      }\r\n    ],\r\n    \"virtualNetworkPeerings\": [],\r\n    \"enableDdosProtection\": false,\r\n    \"enableVmProtection\": false\r\n  }\r\n}",
      "ResponseHeaders": {
        "Content-Length": [
          "1169"
        ],
        "Content-Type": [
          "application/json; charset=utf-8"
        ],
        "Expires": [
          "-1"
        ],
        "Cache-Control": [
          "no-cache"
        ],
        "Date": [
          "Wed, 27 Jun 2018 23:17:32 GMT"
        ],
        "Pragma": [
          "no-cache"
        ],
        "Retry-After": [
          "3"
        ],
        "Server": [
          "Microsoft-HTTPAPI/2.0",
          "Microsoft-HTTPAPI/2.0"
        ],
        "x-ms-request-id": [
          "334ac729-9f12-48f1-b870-93c0b7e4cfea"
        ],
        "Azure-AsyncOperation": [
          "https://management.azure.com/subscriptions/0b1f6471-1bf0-4dda-aec3-cb9272f09590/providers/Microsoft.Network/locations/southcentralus/operations/334ac729-9f12-48f1-b870-93c0b7e4cfea?api-version=2018-04-01"
        ],
        "x-ms-correlation-request-id": [
          "2f68f323-4495-473c-872e-ad50e8439890"
        ],
        "Strict-Transport-Security": [
          "max-age=31536000; includeSubDomains"
        ],
        "x-ms-ratelimit-remaining-subscription-writes": [
          "1198"
        ],
        "x-ms-routing-request-id": [
          "WESTUS2:20180627T231733Z:2f68f323-4495-473c-872e-ad50e8439890"
        ],
        "X-Content-Type-Options": [
          "nosniff"
        ]
      },
      "StatusCode": 201
    },
    {
      "RequestUri": "/subscriptions/0b1f6471-1bf0-4dda-aec3-cb9272f09590/providers/Microsoft.Network/locations/southcentralus/operations/334ac729-9f12-48f1-b870-93c0b7e4cfea?api-version=2018-04-01",
      "EncodedRequestUri": "L3N1YnNjcmlwdGlvbnMvMGIxZjY0NzEtMWJmMC00ZGRhLWFlYzMtY2I5MjcyZjA5NTkwL3Byb3ZpZGVycy9NaWNyb3NvZnQuTmV0d29yay9sb2NhdGlvbnMvc291dGhjZW50cmFsdXMvb3BlcmF0aW9ucy8zMzRhYzcyOS05ZjEyLTQ4ZjEtYjg3MC05M2MwYjdlNGNmZWE/YXBpLXZlcnNpb249MjAxOC0wNC0wMQ==",
      "RequestMethod": "GET",
      "RequestBody": "",
      "RequestHeaders": {
        "User-Agent": [
          "FxVersion/4.6.25211.01",
          "Microsoft.Azure.Management.Network.Fluent.NetworkManagementClient/1.11.0.0",
          "MacAddressHash/cc0dc995bd7689190d87305dca6418746f27065181fa649f43731fb8fc5f1b10"
        ]
      },
      "ResponseBody": "{\r\n  \"status\": \"Succeeded\"\r\n}",
      "ResponseHeaders": {
        "Content-Type": [
          "application/json; charset=utf-8"
        ],
        "Expires": [
          "-1"
        ],
        "Cache-Control": [
          "no-cache"
        ],
        "Date": [
          "Wed, 27 Jun 2018 23:17:42 GMT"
        ],
        "Pragma": [
          "no-cache"
        ],
        "Transfer-Encoding": [
          "chunked"
        ],
        "Server": [
          "Microsoft-HTTPAPI/2.0",
          "Microsoft-HTTPAPI/2.0"
        ],
        "Vary": [
          "Accept-Encoding"
        ],
        "x-ms-request-id": [
          "e1c6ea4a-9653-486b-821c-5c3e3e5c42b2"
        ],
        "x-ms-correlation-request-id": [
          "fefbaeb4-d133-4a00-9c3f-4dcf553f9f16"
        ],
        "Strict-Transport-Security": [
          "max-age=31536000; includeSubDomains"
        ],
        "x-ms-ratelimit-remaining-subscription-reads": [
          "14999"
        ],
        "x-ms-routing-request-id": [
          "WESTUS2:20180627T231743Z:fefbaeb4-d133-4a00-9c3f-4dcf553f9f16"
        ],
        "X-Content-Type-Options": [
          "nosniff"
        ]
      },
      "StatusCode": 200
    },
    {
      "RequestUri": "/subscriptions/0b1f6471-1bf0-4dda-aec3-cb9272f09590/resourceGroups/rgmsi2788/providers/Microsoft.Network/virtualNetworks/vnet18b484419d42?api-version=2018-04-01",
      "EncodedRequestUri": "L3N1YnNjcmlwdGlvbnMvMGIxZjY0NzEtMWJmMC00ZGRhLWFlYzMtY2I5MjcyZjA5NTkwL3Jlc291cmNlR3JvdXBzL3JnbXNpMjc4OC9wcm92aWRlcnMvTWljcm9zb2Z0Lk5ldHdvcmsvdmlydHVhbE5ldHdvcmtzL3ZuZXQxOGI0ODQ0MTlkNDI/YXBpLXZlcnNpb249MjAxOC0wNC0wMQ==",
      "RequestMethod": "GET",
      "RequestBody": "",
      "RequestHeaders": {
        "User-Agent": [
          "FxVersion/4.6.25211.01",
          "Microsoft.Azure.Management.Network.Fluent.NetworkManagementClient/1.11.0.0",
          "MacAddressHash/cc0dc995bd7689190d87305dca6418746f27065181fa649f43731fb8fc5f1b10"
        ]
      },
      "ResponseBody": "{\r\n  \"name\": \"vnet18b484419d42\",\r\n  \"id\": \"/subscriptions/0b1f6471-1bf0-4dda-aec3-cb9272f09590/resourceGroups/rgmsi2788/providers/Microsoft.Network/virtualNetworks/vnet18b484419d42\",\r\n  \"etag\": \"W/\\\"4dc86b46-1bb4-4c7b-88be-dda2a0c31dc4\\\"\",\r\n  \"type\": \"Microsoft.Network/virtualNetworks\",\r\n  \"location\": \"southcentralus\",\r\n  \"tags\": {},\r\n  \"properties\": {\r\n    \"provisioningState\": \"Succeeded\",\r\n    \"resourceGuid\": \"32e29342-bdd4-457e-8560-ae72a0366f40\",\r\n    \"addressSpace\": {\r\n      \"addressPrefixes\": [\r\n        \"10.0.0.0/28\"\r\n      ]\r\n    },\r\n    \"dhcpOptions\": {\r\n      \"dnsServers\": []\r\n    },\r\n    \"subnets\": [\r\n      {\r\n        \"name\": \"subnet1\",\r\n        \"id\": \"/subscriptions/0b1f6471-1bf0-4dda-aec3-cb9272f09590/resourceGroups/rgmsi2788/providers/Microsoft.Network/virtualNetworks/vnet18b484419d42/subnets/subnet1\",\r\n        \"etag\": \"W/\\\"4dc86b46-1bb4-4c7b-88be-dda2a0c31dc4\\\"\",\r\n        \"properties\": {\r\n          \"provisioningState\": \"Succeeded\",\r\n          \"addressPrefix\": \"10.0.0.0/28\",\r\n          \"delegations\": []\r\n        }\r\n      }\r\n    ],\r\n    \"virtualNetworkPeerings\": [],\r\n    \"enableDdosProtection\": false,\r\n    \"enableVmProtection\": false\r\n  }\r\n}",
      "ResponseHeaders": {
        "Content-Type": [
          "application/json; charset=utf-8"
        ],
        "Expires": [
          "-1"
        ],
        "Cache-Control": [
          "no-cache"
        ],
        "Date": [
          "Wed, 27 Jun 2018 23:17:42 GMT"
        ],
        "Pragma": [
          "no-cache"
        ],
        "Transfer-Encoding": [
          "chunked"
        ],
        "ETag": [
          "W/\"4dc86b46-1bb4-4c7b-88be-dda2a0c31dc4\""
        ],
        "Server": [
          "Microsoft-HTTPAPI/2.0",
          "Microsoft-HTTPAPI/2.0"
        ],
        "Vary": [
          "Accept-Encoding"
        ],
        "x-ms-request-id": [
          "49894fa9-be15-4b24-85e5-5b8de02d9d88"
        ],
        "x-ms-correlation-request-id": [
          "f0e0e600-c603-4b49-abf1-c0de09ee219c"
        ],
        "Strict-Transport-Security": [
          "max-age=31536000; includeSubDomains"
        ],
        "x-ms-ratelimit-remaining-subscription-reads": [
          "14998"
        ],
        "x-ms-routing-request-id": [
          "WESTUS2:20180627T231743Z:f0e0e600-c603-4b49-abf1-c0de09ee219c"
        ],
        "X-Content-Type-Options": [
          "nosniff"
        ]
      },
      "StatusCode": 200
    },
    {
      "RequestUri": "/subscriptions/0b1f6471-1bf0-4dda-aec3-cb9272f09590/resourceGroups/rgmsi2788/providers/Microsoft.Network/networkInterfaces/nicjavavm82f648946?api-version=2018-04-01",
      "EncodedRequestUri": "L3N1YnNjcmlwdGlvbnMvMGIxZjY0NzEtMWJmMC00ZGRhLWFlYzMtY2I5MjcyZjA5NTkwL3Jlc291cmNlR3JvdXBzL3JnbXNpMjc4OC9wcm92aWRlcnMvTWljcm9zb2Z0Lk5ldHdvcmsvbmV0d29ya0ludGVyZmFjZXMvbmljamF2YXZtODJmNjQ4OTQ2P2FwaS12ZXJzaW9uPTIwMTgtMDQtMDE=",
      "RequestMethod": "PUT",
      "RequestBody": "{\r\n  \"properties\": {\r\n    \"ipConfigurations\": [\r\n      {\r\n        \"properties\": {\r\n          \"privateIPAllocationMethod\": \"Dynamic\",\r\n          \"subnet\": {\r\n            \"id\": \"/subscriptions/0b1f6471-1bf0-4dda-aec3-cb9272f09590/resourceGroups/rgmsi2788/providers/Microsoft.Network/virtualNetworks/vnet18b484419d42/subnets/subnet1\"\r\n          },\r\n          \"primary\": true\r\n        },\r\n        \"name\": \"primary\"\r\n      }\r\n    ],\r\n    \"dnsSettings\": {}\r\n  },\r\n  \"location\": \"southcentralus\",\r\n  \"tags\": {}\r\n}",
      "RequestHeaders": {
        "Content-Type": [
          "application/json; charset=utf-8"
        ],
        "Content-Length": [
          "506"
        ],
        "x-ms-client-request-id": [
          "55e650f4-d6ef-4e86-9adb-c903f346d988"
        ],
        "accept-language": [
          "en-US"
        ],
        "User-Agent": [
          "FxVersion/4.6.25211.01",
          "Microsoft.Azure.Management.Network.Fluent.NetworkManagementClient/1.11.0.0",
          "MacAddressHash/cc0dc995bd7689190d87305dca6418746f27065181fa649f43731fb8fc5f1b10"
        ]
      },
      "ResponseBody": "{\r\n  \"name\": \"nicjavavm82f648946\",\r\n  \"id\": \"/subscriptions/0b1f6471-1bf0-4dda-aec3-cb9272f09590/resourceGroups/rgmsi2788/providers/Microsoft.Network/networkInterfaces/nicjavavm82f648946\",\r\n  \"etag\": \"W/\\\"36de07f3-33d6-4d92-8573-acbd216c7758\\\"\",\r\n  \"location\": \"southcentralus\",\r\n  \"tags\": {},\r\n  \"properties\": {\r\n    \"provisioningState\": \"Succeeded\",\r\n    \"resourceGuid\": \"352b5fae-a609-4897-a413-d9c0db101567\",\r\n    \"ipConfigurations\": [\r\n      {\r\n        \"name\": \"primary\",\r\n        \"id\": \"/subscriptions/0b1f6471-1bf0-4dda-aec3-cb9272f09590/resourceGroups/rgmsi2788/providers/Microsoft.Network/networkInterfaces/nicjavavm82f648946/ipConfigurations/primary\",\r\n        \"etag\": \"W/\\\"36de07f3-33d6-4d92-8573-acbd216c7758\\\"\",\r\n        \"properties\": {\r\n          \"provisioningState\": \"Succeeded\",\r\n          \"privateIPAddress\": \"10.0.0.4\",\r\n          \"privateIPAllocationMethod\": \"Dynamic\",\r\n          \"subnet\": {\r\n            \"id\": \"/subscriptions/0b1f6471-1bf0-4dda-aec3-cb9272f09590/resourceGroups/rgmsi2788/providers/Microsoft.Network/virtualNetworks/vnet18b484419d42/subnets/subnet1\"\r\n          },\r\n          \"primary\": true,\r\n          \"privateIPAddressVersion\": \"IPv4\",\r\n          \"isInUseWithService\": false\r\n        }\r\n      }\r\n    ],\r\n    \"dnsSettings\": {\r\n      \"dnsServers\": [],\r\n      \"appliedDnsServers\": [],\r\n      \"internalDomainNameSuffix\": \"ikj4emwuxv5elblavzzkantpia.jx.internal.cloudapp.net\"\r\n    },\r\n    \"enableAcceleratedNetworking\": false,\r\n    \"enableIPForwarding\": false,\r\n    \"services\": null,\r\n    \"virtualNetworkTapProvisioningState\": \"NotProvisioned\"\r\n  },\r\n  \"type\": \"Microsoft.Network/networkInterfaces\"\r\n}",
      "ResponseHeaders": {
        "Content-Length": [
          "1635"
        ],
        "Content-Type": [
          "application/json; charset=utf-8"
        ],
        "Expires": [
          "-1"
        ],
        "Cache-Control": [
          "no-cache"
        ],
        "Date": [
          "Wed, 27 Jun 2018 23:17:44 GMT"
        ],
        "Pragma": [
          "no-cache"
        ],
        "Server": [
          "Microsoft-HTTPAPI/2.0",
          "Microsoft-HTTPAPI/2.0"
        ],
        "x-ms-request-id": [
          "3fc9def0-527c-405b-b11f-5b4171590a56"
        ],
        "Azure-AsyncOperation": [
          "https://management.azure.com/subscriptions/0b1f6471-1bf0-4dda-aec3-cb9272f09590/providers/Microsoft.Network/locations/southcentralus/operations/3fc9def0-527c-405b-b11f-5b4171590a56?api-version=2018-04-01"
        ],
        "x-ms-correlation-request-id": [
          "1ac9e5cb-923d-4e04-91a2-938d827a35c4"
        ],
        "Strict-Transport-Security": [
          "max-age=31536000; includeSubDomains"
        ],
        "x-ms-ratelimit-remaining-subscription-writes": [
          "1197"
        ],
        "x-ms-routing-request-id": [
          "WESTUS2:20180627T231745Z:1ac9e5cb-923d-4e04-91a2-938d827a35c4"
        ],
        "X-Content-Type-Options": [
          "nosniff"
        ]
      },
      "StatusCode": 201
    },
    {
      "RequestUri": "/subscriptions/0b1f6471-1bf0-4dda-aec3-cb9272f09590/resourceGroups/rgmsi2788/providers/Microsoft.Network/networkInterfaces/nicjavavm82f648946?api-version=2018-04-01",
      "EncodedRequestUri": "L3N1YnNjcmlwdGlvbnMvMGIxZjY0NzEtMWJmMC00ZGRhLWFlYzMtY2I5MjcyZjA5NTkwL3Jlc291cmNlR3JvdXBzL3JnbXNpMjc4OC9wcm92aWRlcnMvTWljcm9zb2Z0Lk5ldHdvcmsvbmV0d29ya0ludGVyZmFjZXMvbmljamF2YXZtODJmNjQ4OTQ2P2FwaS12ZXJzaW9uPTIwMTgtMDQtMDE=",
      "RequestMethod": "GET",
      "RequestBody": "",
      "RequestHeaders": {
        "User-Agent": [
          "FxVersion/4.6.25211.01",
          "Microsoft.Azure.Management.Network.Fluent.NetworkManagementClient/1.11.0.0",
          "MacAddressHash/cc0dc995bd7689190d87305dca6418746f27065181fa649f43731fb8fc5f1b10"
        ]
      },
      "ResponseBody": "{\r\n  \"name\": \"nicjavavm82f648946\",\r\n  \"id\": \"/subscriptions/0b1f6471-1bf0-4dda-aec3-cb9272f09590/resourceGroups/rgmsi2788/providers/Microsoft.Network/networkInterfaces/nicjavavm82f648946\",\r\n  \"etag\": \"W/\\\"36de07f3-33d6-4d92-8573-acbd216c7758\\\"\",\r\n  \"location\": \"southcentralus\",\r\n  \"tags\": {},\r\n  \"properties\": {\r\n    \"provisioningState\": \"Succeeded\",\r\n    \"resourceGuid\": \"352b5fae-a609-4897-a413-d9c0db101567\",\r\n    \"ipConfigurations\": [\r\n      {\r\n        \"name\": \"primary\",\r\n        \"id\": \"/subscriptions/0b1f6471-1bf0-4dda-aec3-cb9272f09590/resourceGroups/rgmsi2788/providers/Microsoft.Network/networkInterfaces/nicjavavm82f648946/ipConfigurations/primary\",\r\n        \"etag\": \"W/\\\"36de07f3-33d6-4d92-8573-acbd216c7758\\\"\",\r\n        \"properties\": {\r\n          \"provisioningState\": \"Succeeded\",\r\n          \"privateIPAddress\": \"10.0.0.4\",\r\n          \"privateIPAllocationMethod\": \"Dynamic\",\r\n          \"subnet\": {\r\n            \"id\": \"/subscriptions/0b1f6471-1bf0-4dda-aec3-cb9272f09590/resourceGroups/rgmsi2788/providers/Microsoft.Network/virtualNetworks/vnet18b484419d42/subnets/subnet1\"\r\n          },\r\n          \"primary\": true,\r\n          \"privateIPAddressVersion\": \"IPv4\",\r\n          \"isInUseWithService\": false\r\n        }\r\n      }\r\n    ],\r\n    \"dnsSettings\": {\r\n      \"dnsServers\": [],\r\n      \"appliedDnsServers\": [],\r\n      \"internalDomainNameSuffix\": \"ikj4emwuxv5elblavzzkantpia.jx.internal.cloudapp.net\"\r\n    },\r\n    \"enableAcceleratedNetworking\": false,\r\n    \"enableIPForwarding\": false,\r\n    \"services\": null,\r\n    \"virtualNetworkTapProvisioningState\": \"NotProvisioned\"\r\n  },\r\n  \"type\": \"Microsoft.Network/networkInterfaces\"\r\n}",
      "ResponseHeaders": {
        "Content-Type": [
          "application/json; charset=utf-8"
        ],
        "Expires": [
          "-1"
        ],
        "Cache-Control": [
          "no-cache"
        ],
        "Date": [
          "Wed, 27 Jun 2018 23:17:44 GMT"
        ],
        "Pragma": [
          "no-cache"
        ],
        "Transfer-Encoding": [
          "chunked"
        ],
        "ETag": [
          "W/\"36de07f3-33d6-4d92-8573-acbd216c7758\""
        ],
        "Server": [
          "Microsoft-HTTPAPI/2.0",
          "Microsoft-HTTPAPI/2.0"
        ],
        "Vary": [
          "Accept-Encoding"
        ],
        "x-ms-request-id": [
          "b0c993af-6edb-45c6-8c2f-e79aea28a911"
        ],
        "x-ms-correlation-request-id": [
          "fb094e56-87e2-45ae-8c76-3115db30680c"
        ],
        "Strict-Transport-Security": [
          "max-age=31536000; includeSubDomains"
        ],
        "x-ms-ratelimit-remaining-subscription-reads": [
          "14997"
        ],
        "x-ms-routing-request-id": [
          "WESTUS2:20180627T231745Z:fb094e56-87e2-45ae-8c76-3115db30680c"
        ],
        "X-Content-Type-Options": [
          "nosniff"
        ]
      },
      "StatusCode": 200
    },
    {
      "RequestUri": "/subscriptions/0b1f6471-1bf0-4dda-aec3-cb9272f09590/resourceGroups/rgmsi2788/providers/Microsoft.Compute/virtualMachines/javavm?api-version=2017-12-01",
      "EncodedRequestUri": "L3N1YnNjcmlwdGlvbnMvMGIxZjY0NzEtMWJmMC00ZGRhLWFlYzMtY2I5MjcyZjA5NTkwL3Jlc291cmNlR3JvdXBzL3JnbXNpMjc4OC9wcm92aWRlcnMvTWljcm9zb2Z0LkNvbXB1dGUvdmlydHVhbE1hY2hpbmVzL2phdmF2bT9hcGktdmVyc2lvbj0yMDE3LTEyLTAx",
      "RequestMethod": "PUT",
      "RequestBody": "{\r\n  \"properties\": {\r\n    \"hardwareProfile\": {\r\n      \"vmSize\": \"Basic_A0\"\r\n    },\r\n    \"storageProfile\": {\r\n      \"imageReference\": {\r\n        \"publisher\": \"Canonical\",\r\n        \"offer\": \"UbuntuServer\",\r\n        \"sku\": \"16.04.0-LTS\",\r\n        \"version\": \"latest\"\r\n      },\r\n      \"osDisk\": {\r\n        \"caching\": \"ReadWrite\",\r\n        \"createOption\": \"FromImage\",\r\n        \"managedDisk\": {\r\n          \"storageAccountType\": \"Standard_LRS\"\r\n        }\r\n      }\r\n    },\r\n    \"osProfile\": {\r\n      \"computerName\": \"javavm\",\r\n      \"adminUsername\": \"Foo12\",\r\n      \"adminPassword\": \"abc!@#F0orL\",\r\n      \"linuxConfiguration\": {\r\n        \"disablePasswordAuthentication\": false\r\n      }\r\n    },\r\n    \"networkProfile\": {\r\n      \"networkInterfaces\": [\r\n        {\r\n          \"properties\": {\r\n            \"primary\": true\r\n          },\r\n          \"id\": \"/subscriptions/0b1f6471-1bf0-4dda-aec3-cb9272f09590/resourceGroups/rgmsi2788/providers/Microsoft.Network/networkInterfaces/nicjavavm82f648946\"\r\n        }\r\n      ]\r\n    }\r\n  },\r\n  \"location\": \"southcentralus\",\r\n  \"tags\": {}\r\n}",
      "RequestHeaders": {
        "Content-Type": [
          "application/json; charset=utf-8"
        ],
        "Content-Length": [
          "1066"
        ],
        "x-ms-client-request-id": [
          "2ce39bd5-e792-474e-b01f-db73b7d986cd"
        ],
        "accept-language": [
          "en-US"
        ],
        "User-Agent": [
          "FxVersion/4.6.25211.01",
          "Microsoft.Azure.Management.Compute.Fluent.ComputeManagementClient/1.11.0.0",
          "MacAddressHash/cc0dc995bd7689190d87305dca6418746f27065181fa649f43731fb8fc5f1b10"
        ]
      },
      "ResponseBody": "{\r\n  \"properties\": {\r\n    \"vmId\": \"5a68287b-7294-4a67-bf79-f4ba9db17f5e\",\r\n    \"hardwareProfile\": {\r\n      \"vmSize\": \"Basic_A0\"\r\n    },\r\n    \"storageProfile\": {\r\n      \"imageReference\": {\r\n        \"publisher\": \"Canonical\",\r\n        \"offer\": \"UbuntuServer\",\r\n        \"sku\": \"16.04.0-LTS\",\r\n        \"version\": \"latest\"\r\n      },\r\n      \"osDisk\": {\r\n        \"osType\": \"Linux\",\r\n        \"createOption\": \"FromImage\",\r\n        \"caching\": \"ReadWrite\",\r\n        \"managedDisk\": {\r\n          \"storageAccountType\": \"Standard_LRS\"\r\n        }\r\n      },\r\n      \"dataDisks\": []\r\n    },\r\n    \"osProfile\": {\r\n      \"computerName\": \"javavm\",\r\n      \"adminUsername\": \"Foo12\",\r\n      \"linuxConfiguration\": {\r\n        \"disablePasswordAuthentication\": false\r\n      },\r\n      \"secrets\": []\r\n    },\r\n    \"networkProfile\": {\r\n      \"networkInterfaces\": [\r\n        {\r\n          \"id\": \"/subscriptions/0b1f6471-1bf0-4dda-aec3-cb9272f09590/resourceGroups/rgmsi2788/providers/Microsoft.Network/networkInterfaces/nicjavavm82f648946\",\r\n          \"properties\": {\r\n            \"primary\": true\r\n          }\r\n        }\r\n      ]\r\n    },\r\n    \"provisioningState\": \"Creating\"\r\n  },\r\n  \"type\": \"Microsoft.Compute/virtualMachines\",\r\n  \"location\": \"southcentralus\",\r\n  \"tags\": {},\r\n  \"id\": \"/subscriptions/0b1f6471-1bf0-4dda-aec3-cb9272f09590/resourceGroups/rgmsi2788/providers/Microsoft.Compute/virtualMachines/javavm\",\r\n  \"name\": \"javavm\"\r\n}",
      "ResponseHeaders": {
        "Content-Length": [
          "1305"
        ],
        "Content-Type": [
          "application/json; charset=utf-8"
        ],
        "Expires": [
          "-1"
        ],
        "Cache-Control": [
          "no-cache"
        ],
        "Date": [
          "Wed, 27 Jun 2018 23:17:45 GMT"
        ],
        "Pragma": [
          "no-cache"
        ],
        "Retry-After": [
          "10"
        ],
        "Server": [
          "Microsoft-HTTPAPI/2.0",
          "Microsoft-HTTPAPI/2.0"
        ],
        "Azure-AsyncOperation": [
          "https://management.azure.com/subscriptions/0b1f6471-1bf0-4dda-aec3-cb9272f09590/providers/Microsoft.Compute/locations/southcentralus/operations/a4170a78-59d6-4dc1-81a7-831311ff7a38?api-version=2017-12-01"
        ],
        "x-ms-ratelimit-remaining-resource": [
          "Microsoft.Compute/PutVM3Min;567,Microsoft.Compute/PutVM30Min;2838"
        ],
        "Strict-Transport-Security": [
          "max-age=31536000; includeSubDomains"
        ],
        "x-ms-served-by": [
          "d0e8ea9a-296d-4a42-b0c4-00ed1becd3d2_131739680856629074"
        ],
        "x-ms-request-id": [
          "a4170a78-59d6-4dc1-81a7-831311ff7a38"
        ],
        "x-ms-ratelimit-remaining-subscription-writes": [
          "1196"
        ],
        "x-ms-correlation-request-id": [
          "9267e467-ae16-4294-84f4-66270636e6bb"
        ],
        "x-ms-routing-request-id": [
          "WESTUS2:20180627T231746Z:9267e467-ae16-4294-84f4-66270636e6bb"
        ],
        "X-Content-Type-Options": [
          "nosniff"
        ]
      },
      "StatusCode": 201
    },
    {
      "RequestUri": "/subscriptions/0b1f6471-1bf0-4dda-aec3-cb9272f09590/resourceGroups/rgmsi2788/providers/Microsoft.Compute/virtualMachines/javavm?api-version=2017-12-01",
      "EncodedRequestUri": "L3N1YnNjcmlwdGlvbnMvMGIxZjY0NzEtMWJmMC00ZGRhLWFlYzMtY2I5MjcyZjA5NTkwL3Jlc291cmNlR3JvdXBzL3JnbXNpMjc4OC9wcm92aWRlcnMvTWljcm9zb2Z0LkNvbXB1dGUvdmlydHVhbE1hY2hpbmVzL2phdmF2bT9hcGktdmVyc2lvbj0yMDE3LTEyLTAx",
      "RequestMethod": "PUT",
      "RequestBody": "{\r\n  \"properties\": {\r\n    \"hardwareProfile\": {\r\n      \"vmSize\": \"Basic_A0\"\r\n    },\r\n    \"storageProfile\": {\r\n      \"imageReference\": {\r\n        \"publisher\": \"Canonical\",\r\n        \"offer\": \"UbuntuServer\",\r\n        \"sku\": \"16.04.0-LTS\",\r\n        \"version\": \"latest\"\r\n      },\r\n      \"osDisk\": {\r\n        \"osType\": \"Linux\",\r\n        \"name\": \"javavm_OsDisk_1_0eb8007c624c48bfadbc2fa5f21971f2\",\r\n        \"caching\": \"ReadWrite\",\r\n        \"createOption\": \"FromImage\",\r\n        \"diskSizeGB\": 30,\r\n        \"managedDisk\": {\r\n          \"storageAccountType\": \"Standard_LRS\",\r\n          \"id\": \"/subscriptions/0b1f6471-1bf0-4dda-aec3-cb9272f09590/resourceGroups/rgmsi2788/providers/Microsoft.Compute/disks/javavm_OsDisk_1_0eb8007c624c48bfadbc2fa5f21971f2\"\r\n        }\r\n      },\r\n      \"dataDisks\": []\r\n    },\r\n    \"osProfile\": {\r\n      \"computerName\": \"javavm\",\r\n      \"adminUsername\": \"Foo12\",\r\n      \"linuxConfiguration\": {\r\n        \"disablePasswordAuthentication\": false\r\n      },\r\n      \"secrets\": []\r\n    },\r\n    \"networkProfile\": {\r\n      \"networkInterfaces\": [\r\n        {\r\n          \"properties\": {\r\n            \"primary\": true\r\n          },\r\n          \"id\": \"/subscriptions/0b1f6471-1bf0-4dda-aec3-cb9272f09590/resourceGroups/rgmsi2788/providers/Microsoft.Network/networkInterfaces/nicjavavm82f648946\"\r\n        }\r\n      ]\r\n    }\r\n  },\r\n  \"identity\": {\r\n    \"type\": \"UserAssigned\",\r\n    \"identityIds\": [\r\n      \"/subscriptions/0b1f6471-1bf0-4dda-aec3-cb9272f09590/resourcegroups/rgmsi2788/providers/Microsoft.ManagedIdentity/userAssignedIdentities/msi-id5867\"\r\n    ]\r\n  },\r\n  \"location\": \"southcentralus\",\r\n  \"tags\": {}\r\n}",
      "RequestHeaders": {
        "Content-Type": [
          "application/json; charset=utf-8"
        ],
        "Content-Length": [
          "1614"
        ],
        "x-ms-client-request-id": [
          "952fde7a-db42-4cba-8740-db06f5fc2352"
        ],
        "accept-language": [
          "en-US"
        ],
        "User-Agent": [
          "FxVersion/4.6.25211.01",
          "Microsoft.Azure.Management.Compute.Fluent.ComputeManagementClient/1.11.0.0",
          "MacAddressHash/cc0dc995bd7689190d87305dca6418746f27065181fa649f43731fb8fc5f1b10"
        ]
      },
      "ResponseBody": "{\r\n  \"properties\": {\r\n    \"vmId\": \"5a68287b-7294-4a67-bf79-f4ba9db17f5e\",\r\n    \"hardwareProfile\": {\r\n      \"vmSize\": \"Basic_A0\"\r\n    },\r\n    \"storageProfile\": {\r\n      \"imageReference\": {\r\n        \"publisher\": \"Canonical\",\r\n        \"offer\": \"UbuntuServer\",\r\n        \"sku\": \"16.04.0-LTS\",\r\n        \"version\": \"latest\"\r\n      },\r\n      \"osDisk\": {\r\n        \"osType\": \"Linux\",\r\n        \"name\": \"javavm_OsDisk_1_0eb8007c624c48bfadbc2fa5f21971f2\",\r\n        \"createOption\": \"FromImage\",\r\n        \"caching\": \"ReadWrite\",\r\n        \"managedDisk\": {\r\n          \"storageAccountType\": \"Standard_LRS\",\r\n          \"id\": \"/subscriptions/0b1f6471-1bf0-4dda-aec3-cb9272f09590/resourceGroups/rgmsi2788/providers/Microsoft.Compute/disks/javavm_OsDisk_1_0eb8007c624c48bfadbc2fa5f21971f2\"\r\n        },\r\n        \"diskSizeGB\": 30\r\n      },\r\n      \"dataDisks\": []\r\n    },\r\n    \"osProfile\": {\r\n      \"computerName\": \"javavm\",\r\n      \"adminUsername\": \"Foo12\",\r\n      \"linuxConfiguration\": {\r\n        \"disablePasswordAuthentication\": false\r\n      },\r\n      \"secrets\": []\r\n    },\r\n    \"networkProfile\": {\r\n      \"networkInterfaces\": [\r\n        {\r\n          \"id\": \"/subscriptions/0b1f6471-1bf0-4dda-aec3-cb9272f09590/resourceGroups/rgmsi2788/providers/Microsoft.Network/networkInterfaces/nicjavavm82f648946\",\r\n          \"properties\": {\r\n            \"primary\": true\r\n          }\r\n        }\r\n      ]\r\n    },\r\n    \"provisioningState\": \"Updating\"\r\n  },\r\n  \"type\": \"Microsoft.Compute/virtualMachines\",\r\n  \"location\": \"southcentralus\",\r\n  \"tags\": {},\r\n  \"identity\": {\r\n    \"type\": \"UserAssigned\",\r\n    \"identityIds\": [\r\n      \"/subscriptions/0b1f6471-1bf0-4dda-aec3-cb9272f09590/resourcegroups/rgmsi2788/providers/Microsoft.ManagedIdentity/userAssignedIdentities/msi-id5867\"\r\n    ]\r\n  },\r\n  \"id\": \"/subscriptions/0b1f6471-1bf0-4dda-aec3-cb9272f09590/resourceGroups/rgmsi2788/providers/Microsoft.Compute/virtualMachines/javavm\",\r\n  \"name\": \"javavm\"\r\n}",
      "ResponseHeaders": {
        "Content-Type": [
          "application/json; charset=utf-8"
        ],
        "Expires": [
          "-1"
        ],
        "Cache-Control": [
          "no-cache"
        ],
        "Date": [
          "Wed, 27 Jun 2018 23:21:01 GMT"
        ],
        "Pragma": [
          "no-cache"
        ],
        "Transfer-Encoding": [
          "chunked"
        ],
        "Server": [
          "Microsoft-HTTPAPI/2.0",
          "Microsoft-HTTPAPI/2.0"
        ],
        "Vary": [
          "Accept-Encoding"
        ],
        "Azure-AsyncOperation": [
          "https://management.azure.com/subscriptions/0b1f6471-1bf0-4dda-aec3-cb9272f09590/providers/Microsoft.Compute/locations/southcentralus/operations/ce176f50-ef6c-4539-83e8-358c80f8a87e?api-version=2017-12-01"
        ],
        "x-ms-ratelimit-remaining-resource": [
          "Microsoft.Compute/PutVM3Min;567,Microsoft.Compute/PutVM30Min;2837"
        ],
        "Strict-Transport-Security": [
          "max-age=31536000; includeSubDomains"
        ],
        "x-ms-served-by": [
          "d0e8ea9a-296d-4a42-b0c4-00ed1becd3d2_131739680856629074"
        ],
        "x-ms-request-id": [
          "ce176f50-ef6c-4539-83e8-358c80f8a87e"
        ],
        "x-ms-ratelimit-remaining-subscription-writes": [
          "1193"
        ],
        "x-ms-correlation-request-id": [
          "5d18354f-7053-4c61-9485-cd27274016e5"
        ],
        "x-ms-routing-request-id": [
          "WESTUS2:20180627T232102Z:5d18354f-7053-4c61-9485-cd27274016e5"
        ],
        "X-Content-Type-Options": [
          "nosniff"
        ]
      },
      "StatusCode": 200
    },
    {
      "RequestUri": "/subscriptions/0b1f6471-1bf0-4dda-aec3-cb9272f09590/resourceGroups/rgmsi2788/providers/Microsoft.Compute/virtualMachines/javavm?api-version=2017-12-01",
      "EncodedRequestUri": "L3N1YnNjcmlwdGlvbnMvMGIxZjY0NzEtMWJmMC00ZGRhLWFlYzMtY2I5MjcyZjA5NTkwL3Jlc291cmNlR3JvdXBzL3JnbXNpMjc4OC9wcm92aWRlcnMvTWljcm9zb2Z0LkNvbXB1dGUvdmlydHVhbE1hY2hpbmVzL2phdmF2bT9hcGktdmVyc2lvbj0yMDE3LTEyLTAx",
      "RequestMethod": "PUT",
      "RequestBody": "{\r\n  \"properties\": {\r\n    \"hardwareProfile\": {\r\n      \"vmSize\": \"Basic_A0\"\r\n    },\r\n    \"storageProfile\": {\r\n      \"imageReference\": {\r\n        \"publisher\": \"Canonical\",\r\n        \"offer\": \"UbuntuServer\",\r\n        \"sku\": \"16.04.0-LTS\",\r\n        \"version\": \"latest\"\r\n      },\r\n      \"osDisk\": {\r\n        \"osType\": \"Linux\",\r\n        \"name\": \"javavm_OsDisk_1_0eb8007c624c48bfadbc2fa5f21971f2\",\r\n        \"caching\": \"ReadWrite\",\r\n        \"createOption\": \"FromImage\",\r\n        \"diskSizeGB\": 30,\r\n        \"managedDisk\": {\r\n          \"storageAccountType\": \"Standard_LRS\",\r\n          \"id\": \"/subscriptions/0b1f6471-1bf0-4dda-aec3-cb9272f09590/resourceGroups/rgmsi2788/providers/Microsoft.Compute/disks/javavm_OsDisk_1_0eb8007c624c48bfadbc2fa5f21971f2\"\r\n        }\r\n      },\r\n      \"dataDisks\": []\r\n    },\r\n    \"osProfile\": {\r\n      \"computerName\": \"javavm\",\r\n      \"adminUsername\": \"Foo12\",\r\n      \"linuxConfiguration\": {\r\n        \"disablePasswordAuthentication\": false\r\n      },\r\n      \"secrets\": []\r\n    },\r\n    \"networkProfile\": {\r\n      \"networkInterfaces\": [\r\n        {\r\n          \"properties\": {\r\n            \"primary\": true\r\n          },\r\n          \"id\": \"/subscriptions/0b1f6471-1bf0-4dda-aec3-cb9272f09590/resourceGroups/rgmsi2788/providers/Microsoft.Network/networkInterfaces/nicjavavm82f648946\"\r\n        }\r\n      ]\r\n    }\r\n  },\r\n  \"identity\": {\r\n    \"type\": \"UserAssigned\",\r\n    \"identityIds\": [\r\n      \"/subscriptions/0b1f6471-1bf0-4dda-aec3-cb9272f09590/resourcegroups/rgmsi2788/providers/Microsoft.ManagedIdentity/userAssignedIdentities/msi-id4144\"\r\n    ]\r\n  },\r\n  \"location\": \"southcentralus\",\r\n  \"tags\": {}\r\n}",
      "RequestHeaders": {
        "Content-Type": [
          "application/json; charset=utf-8"
        ],
        "Content-Length": [
          "1614"
        ],
        "x-ms-client-request-id": [
          "54d7aac4-8784-411b-90ca-0aeab0d1ae85"
        ],
        "accept-language": [
          "en-US"
        ],
        "User-Agent": [
          "FxVersion/4.6.25211.01",
          "Microsoft.Azure.Management.Compute.Fluent.ComputeManagementClient/1.11.0.0",
          "MacAddressHash/cc0dc995bd7689190d87305dca6418746f27065181fa649f43731fb8fc5f1b10"
        ]
      },
      "ResponseBody": "{\r\n  \"properties\": {\r\n    \"vmId\": \"5a68287b-7294-4a67-bf79-f4ba9db17f5e\",\r\n    \"hardwareProfile\": {\r\n      \"vmSize\": \"Basic_A0\"\r\n    },\r\n    \"storageProfile\": {\r\n      \"imageReference\": {\r\n        \"publisher\": \"Canonical\",\r\n        \"offer\": \"UbuntuServer\",\r\n        \"sku\": \"16.04.0-LTS\",\r\n        \"version\": \"latest\"\r\n      },\r\n      \"osDisk\": {\r\n        \"osType\": \"Linux\",\r\n        \"name\": \"javavm_OsDisk_1_0eb8007c624c48bfadbc2fa5f21971f2\",\r\n        \"createOption\": \"FromImage\",\r\n        \"caching\": \"ReadWrite\",\r\n        \"managedDisk\": {\r\n          \"storageAccountType\": \"Standard_LRS\",\r\n          \"id\": \"/subscriptions/0b1f6471-1bf0-4dda-aec3-cb9272f09590/resourceGroups/rgmsi2788/providers/Microsoft.Compute/disks/javavm_OsDisk_1_0eb8007c624c48bfadbc2fa5f21971f2\"\r\n        },\r\n        \"diskSizeGB\": 30\r\n      },\r\n      \"dataDisks\": []\r\n    },\r\n    \"osProfile\": {\r\n      \"computerName\": \"javavm\",\r\n      \"adminUsername\": \"Foo12\",\r\n      \"linuxConfiguration\": {\r\n        \"disablePasswordAuthentication\": false\r\n      },\r\n      \"secrets\": []\r\n    },\r\n    \"networkProfile\": {\r\n      \"networkInterfaces\": [\r\n        {\r\n          \"id\": \"/subscriptions/0b1f6471-1bf0-4dda-aec3-cb9272f09590/resourceGroups/rgmsi2788/providers/Microsoft.Network/networkInterfaces/nicjavavm82f648946\",\r\n          \"properties\": {\r\n            \"primary\": true\r\n          }\r\n        }\r\n      ]\r\n    },\r\n    \"provisioningState\": \"Updating\"\r\n  },\r\n  \"resources\": [\r\n    {\r\n      \"properties\": {\r\n        \"autoUpgradeMinorVersion\": true,\r\n        \"settings\": {\r\n          \"port\": 50342\r\n        },\r\n        \"provisioningState\": \"Succeeded\",\r\n        \"publisher\": \"Microsoft.ManagedIdentity\",\r\n        \"type\": \"ManagedIdentityExtensionForLinux\",\r\n        \"typeHandlerVersion\": \"1.0\"\r\n      },\r\n      \"type\": \"Microsoft.Compute/virtualMachines/extensions\",\r\n      \"location\": \"southcentralus\",\r\n      \"id\": \"/subscriptions/0b1f6471-1bf0-4dda-aec3-cb9272f09590/resourceGroups/rgmsi2788/providers/Microsoft.Compute/virtualMachines/javavm/extensions/ManagedIdentityExtensionForLinux\",\r\n      \"name\": \"ManagedIdentityExtensionForLinux\"\r\n    }\r\n  ],\r\n  \"type\": \"Microsoft.Compute/virtualMachines\",\r\n  \"location\": \"southcentralus\",\r\n  \"tags\": {},\r\n  \"identity\": {\r\n    \"type\": \"UserAssigned\",\r\n    \"identityIds\": [\r\n      \"/subscriptions/0b1f6471-1bf0-4dda-aec3-cb9272f09590/resourcegroups/rgmsi2788/providers/Microsoft.ManagedIdentity/userAssignedIdentities/msi-id4144\"\r\n    ]\r\n  },\r\n  \"id\": \"/subscriptions/0b1f6471-1bf0-4dda-aec3-cb9272f09590/resourceGroups/rgmsi2788/providers/Microsoft.Compute/virtualMachines/javavm\",\r\n  \"name\": \"javavm\"\r\n}",
      "ResponseHeaders": {
        "Content-Type": [
          "application/json; charset=utf-8"
        ],
        "Expires": [
          "-1"
        ],
        "Cache-Control": [
          "no-cache"
        ],
        "Date": [
          "Wed, 27 Jun 2018 23:22:42 GMT"
        ],
        "Pragma": [
          "no-cache"
        ],
        "Transfer-Encoding": [
          "chunked"
        ],
        "Server": [
          "Microsoft-HTTPAPI/2.0",
          "Microsoft-HTTPAPI/2.0"
        ],
        "Vary": [
          "Accept-Encoding"
        ],
        "Azure-AsyncOperation": [
          "https://management.azure.com/subscriptions/0b1f6471-1bf0-4dda-aec3-cb9272f09590/providers/Microsoft.Compute/locations/southcentralus/operations/9a309cff-ce77-4c34-ac7e-05ca7a4aabfe?api-version=2017-12-01"
        ],
        "x-ms-ratelimit-remaining-resource": [
          "Microsoft.Compute/PutVM3Min;566,Microsoft.Compute/PutVM30Min;2836"
        ],
        "Strict-Transport-Security": [
          "max-age=31536000; includeSubDomains"
        ],
        "x-ms-served-by": [
          "d0e8ea9a-296d-4a42-b0c4-00ed1becd3d2_131739680856629074"
        ],
        "x-ms-request-id": [
          "9a309cff-ce77-4c34-ac7e-05ca7a4aabfe"
        ],
        "x-ms-ratelimit-remaining-subscription-writes": [
          "1189"
        ],
        "x-ms-correlation-request-id": [
          "10a31d13-19e3-42bd-86ec-23f53dfb7f10"
        ],
        "x-ms-routing-request-id": [
          "WESTUS2:20180627T232243Z:10a31d13-19e3-42bd-86ec-23f53dfb7f10"
        ],
        "X-Content-Type-Options": [
          "nosniff"
        ]
      },
      "StatusCode": 200
    },
    {
      "RequestUri": "/subscriptions/0b1f6471-1bf0-4dda-aec3-cb9272f09590/resourceGroups/rgmsi2788/providers/Microsoft.Compute/virtualMachines/javavm?api-version=2017-12-01",
      "EncodedRequestUri": "L3N1YnNjcmlwdGlvbnMvMGIxZjY0NzEtMWJmMC00ZGRhLWFlYzMtY2I5MjcyZjA5NTkwL3Jlc291cmNlR3JvdXBzL3JnbXNpMjc4OC9wcm92aWRlcnMvTWljcm9zb2Z0LkNvbXB1dGUvdmlydHVhbE1hY2hpbmVzL2phdmF2bT9hcGktdmVyc2lvbj0yMDE3LTEyLTAx",
      "RequestMethod": "PUT",
      "RequestBody": "{\r\n  \"properties\": {\r\n    \"hardwareProfile\": {\r\n      \"vmSize\": \"Basic_A0\"\r\n    },\r\n    \"storageProfile\": {\r\n      \"imageReference\": {\r\n        \"publisher\": \"Canonical\",\r\n        \"offer\": \"UbuntuServer\",\r\n        \"sku\": \"16.04.0-LTS\",\r\n        \"version\": \"latest\"\r\n      },\r\n      \"osDisk\": {\r\n        \"osType\": \"Linux\",\r\n        \"name\": \"javavm_OsDisk_1_0eb8007c624c48bfadbc2fa5f21971f2\",\r\n        \"caching\": \"ReadWrite\",\r\n        \"createOption\": \"FromImage\",\r\n        \"diskSizeGB\": 30,\r\n        \"managedDisk\": {\r\n          \"storageAccountType\": \"Standard_LRS\",\r\n          \"id\": \"/subscriptions/0b1f6471-1bf0-4dda-aec3-cb9272f09590/resourceGroups/rgmsi2788/providers/Microsoft.Compute/disks/javavm_OsDisk_1_0eb8007c624c48bfadbc2fa5f21971f2\"\r\n        }\r\n      },\r\n      \"dataDisks\": []\r\n    },\r\n    \"osProfile\": {\r\n      \"computerName\": \"javavm\",\r\n      \"adminUsername\": \"Foo12\",\r\n      \"linuxConfiguration\": {\r\n        \"disablePasswordAuthentication\": false\r\n      },\r\n      \"secrets\": []\r\n    },\r\n    \"networkProfile\": {\r\n      \"networkInterfaces\": [\r\n        {\r\n          \"properties\": {\r\n            \"primary\": true\r\n          },\r\n          \"id\": \"/subscriptions/0b1f6471-1bf0-4dda-aec3-cb9272f09590/resourceGroups/rgmsi2788/providers/Microsoft.Network/networkInterfaces/nicjavavm82f648946\"\r\n        }\r\n      ]\r\n    }\r\n  },\r\n  \"identity\": {\r\n    \"type\": \"SystemAssigned, UserAssigned\",\r\n    \"identityIds\": [\r\n      \"/subscriptions/0b1f6471-1bf0-4dda-aec3-cb9272f09590/resourcegroups/rgmsi2788/providers/Microsoft.ManagedIdentity/userAssignedIdentities/msi-id4144\"\r\n    ]\r\n  },\r\n  \"location\": \"southcentralus\",\r\n  \"tags\": {}\r\n}",
      "RequestHeaders": {
        "Content-Type": [
          "application/json; charset=utf-8"
        ],
        "Content-Length": [
          "1630"
        ],
        "x-ms-client-request-id": [
          "4b01f685-2e3f-4a0b-b743-7ed358152eb8"
        ],
        "accept-language": [
          "en-US"
        ],
        "User-Agent": [
          "FxVersion/4.6.25211.01",
          "Microsoft.Azure.Management.Compute.Fluent.ComputeManagementClient/1.11.0.0",
          "MacAddressHash/cc0dc995bd7689190d87305dca6418746f27065181fa649f43731fb8fc5f1b10"
        ]
      },
      "ResponseBody": "{\r\n  \"properties\": {\r\n    \"vmId\": \"5a68287b-7294-4a67-bf79-f4ba9db17f5e\",\r\n    \"hardwareProfile\": {\r\n      \"vmSize\": \"Basic_A0\"\r\n    },\r\n    \"storageProfile\": {\r\n      \"imageReference\": {\r\n        \"publisher\": \"Canonical\",\r\n        \"offer\": \"UbuntuServer\",\r\n        \"sku\": \"16.04.0-LTS\",\r\n        \"version\": \"latest\"\r\n      },\r\n      \"osDisk\": {\r\n        \"osType\": \"Linux\",\r\n        \"name\": \"javavm_OsDisk_1_0eb8007c624c48bfadbc2fa5f21971f2\",\r\n        \"createOption\": \"FromImage\",\r\n        \"caching\": \"ReadWrite\",\r\n        \"managedDisk\": {\r\n          \"storageAccountType\": \"Standard_LRS\",\r\n          \"id\": \"/subscriptions/0b1f6471-1bf0-4dda-aec3-cb9272f09590/resourceGroups/rgmsi2788/providers/Microsoft.Compute/disks/javavm_OsDisk_1_0eb8007c624c48bfadbc2fa5f21971f2\"\r\n        },\r\n        \"diskSizeGB\": 30\r\n      },\r\n      \"dataDisks\": []\r\n    },\r\n    \"osProfile\": {\r\n      \"computerName\": \"javavm\",\r\n      \"adminUsername\": \"Foo12\",\r\n      \"linuxConfiguration\": {\r\n        \"disablePasswordAuthentication\": false\r\n      },\r\n      \"secrets\": []\r\n    },\r\n    \"networkProfile\": {\r\n      \"networkInterfaces\": [\r\n        {\r\n          \"id\": \"/subscriptions/0b1f6471-1bf0-4dda-aec3-cb9272f09590/resourceGroups/rgmsi2788/providers/Microsoft.Network/networkInterfaces/nicjavavm82f648946\",\r\n          \"properties\": {\r\n            \"primary\": true\r\n          }\r\n        }\r\n      ]\r\n    },\r\n    \"provisioningState\": \"Updating\"\r\n  },\r\n  \"resources\": [\r\n    {\r\n      \"properties\": {\r\n        \"autoUpgradeMinorVersion\": true,\r\n        \"settings\": {\r\n          \"port\": 50342\r\n        },\r\n        \"provisioningState\": \"Succeeded\",\r\n        \"publisher\": \"Microsoft.ManagedIdentity\",\r\n        \"type\": \"ManagedIdentityExtensionForLinux\",\r\n        \"typeHandlerVersion\": \"1.0\"\r\n      },\r\n      \"type\": \"Microsoft.Compute/virtualMachines/extensions\",\r\n      \"location\": \"southcentralus\",\r\n      \"id\": \"/subscriptions/0b1f6471-1bf0-4dda-aec3-cb9272f09590/resourceGroups/rgmsi2788/providers/Microsoft.Compute/virtualMachines/javavm/extensions/ManagedIdentityExtensionForLinux\",\r\n      \"name\": \"ManagedIdentityExtensionForLinux\"\r\n    }\r\n  ],\r\n  \"type\": \"Microsoft.Compute/virtualMachines\",\r\n  \"location\": \"southcentralus\",\r\n  \"tags\": {},\r\n  \"identity\": {\r\n    \"type\": \"SystemAssigned, UserAssigned\",\r\n    \"principalId\": \"dadd07f9-442d-4262-a2b2-3d3d2b925db4\",\r\n    \"tenantId\": \"54826b22-38d6-4fb2-bad9-b7b93a3e9c5a\",\r\n    \"identityIds\": [\r\n      \"/subscriptions/0b1f6471-1bf0-4dda-aec3-cb9272f09590/resourcegroups/rgmsi2788/providers/Microsoft.ManagedIdentity/userAssignedIdentities/msi-id4144\"\r\n    ]\r\n  },\r\n  \"id\": \"/subscriptions/0b1f6471-1bf0-4dda-aec3-cb9272f09590/resourceGroups/rgmsi2788/providers/Microsoft.Compute/virtualMachines/javavm\",\r\n  \"name\": \"javavm\"\r\n}",
      "ResponseHeaders": {
        "Content-Type": [
          "application/json; charset=utf-8"
        ],
        "Expires": [
          "-1"
        ],
        "Cache-Control": [
          "no-cache"
        ],
        "Date": [
          "Wed, 27 Jun 2018 23:23:16 GMT"
        ],
        "Pragma": [
          "no-cache"
        ],
        "Transfer-Encoding": [
          "chunked"
        ],
        "Server": [
          "Microsoft-HTTPAPI/2.0",
          "Microsoft-HTTPAPI/2.0"
        ],
        "Vary": [
          "Accept-Encoding"
        ],
        "Azure-AsyncOperation": [
          "https://management.azure.com/subscriptions/0b1f6471-1bf0-4dda-aec3-cb9272f09590/providers/Microsoft.Compute/locations/southcentralus/operations/d7844bb6-e607-4e8e-91ea-b9e46fb408d3?api-version=2017-12-01"
        ],
        "x-ms-ratelimit-remaining-resource": [
          "Microsoft.Compute/PutVM3Min;565,Microsoft.Compute/PutVM30Min;2835"
        ],
        "Strict-Transport-Security": [
          "max-age=31536000; includeSubDomains"
        ],
        "x-ms-served-by": [
          "d0e8ea9a-296d-4a42-b0c4-00ed1becd3d2_131739680856629074"
        ],
        "x-ms-request-id": [
          "d7844bb6-e607-4e8e-91ea-b9e46fb408d3"
        ],
        "x-ms-ratelimit-remaining-subscription-writes": [
          "1188"
        ],
        "x-ms-correlation-request-id": [
          "d7c4981f-387f-4176-b656-4669c31d5e97"
        ],
        "x-ms-routing-request-id": [
          "WESTUS2:20180627T232317Z:d7c4981f-387f-4176-b656-4669c31d5e97"
        ],
        "X-Content-Type-Options": [
          "nosniff"
        ]
      },
      "StatusCode": 200
    },
    {
      "RequestUri": "/subscriptions/0b1f6471-1bf0-4dda-aec3-cb9272f09590/providers/Microsoft.Compute/locations/southcentralus/operations/a4170a78-59d6-4dc1-81a7-831311ff7a38?api-version=2017-12-01",
      "EncodedRequestUri": "L3N1YnNjcmlwdGlvbnMvMGIxZjY0NzEtMWJmMC00ZGRhLWFlYzMtY2I5MjcyZjA5NTkwL3Byb3ZpZGVycy9NaWNyb3NvZnQuQ29tcHV0ZS9sb2NhdGlvbnMvc291dGhjZW50cmFsdXMvb3BlcmF0aW9ucy9hNDE3MGE3OC01OWQ2LTRkYzEtODFhNy04MzEzMTFmZjdhMzg/YXBpLXZlcnNpb249MjAxNy0xMi0wMQ==",
      "RequestMethod": "GET",
      "RequestBody": "",
      "RequestHeaders": {
        "User-Agent": [
          "FxVersion/4.6.25211.01",
          "Microsoft.Azure.Management.Compute.Fluent.ComputeManagementClient/1.11.0.0",
          "MacAddressHash/cc0dc995bd7689190d87305dca6418746f27065181fa649f43731fb8fc5f1b10"
        ]
      },
      "ResponseBody": "{\r\n  \"startTime\": \"2018-06-27T16:17:46.0743223-07:00\",\r\n  \"status\": \"InProgress\",\r\n  \"name\": \"a4170a78-59d6-4dc1-81a7-831311ff7a38\"\r\n}",
      "ResponseHeaders": {
        "Content-Type": [
          "application/json; charset=utf-8"
        ],
        "Expires": [
          "-1"
        ],
        "Cache-Control": [
          "no-cache"
        ],
        "Date": [
          "Wed, 27 Jun 2018 23:18:03 GMT"
        ],
        "Pragma": [
          "no-cache"
        ],
        "Transfer-Encoding": [
          "chunked"
        ],
        "Server": [
          "Microsoft-HTTPAPI/2.0",
          "Microsoft-HTTPAPI/2.0"
        ],
        "Vary": [
          "Accept-Encoding"
        ],
        "x-ms-ratelimit-remaining-resource": [
          "Microsoft.Compute/GetOperation3Min;14984,Microsoft.Compute/GetOperation30Min;29979"
        ],
        "Strict-Transport-Security": [
          "max-age=31536000; includeSubDomains"
        ],
        "x-ms-served-by": [
          "d0e8ea9a-296d-4a42-b0c4-00ed1becd3d2_131739680856629074"
        ],
        "x-ms-request-id": [
          "9cd60b68-6d99-4bb9-8117-1c33435908d1"
        ],
        "x-ms-ratelimit-remaining-subscription-reads": [
          "14996"
        ],
        "x-ms-correlation-request-id": [
          "614183b9-7331-4c3c-8d45-ef303ff638c8"
        ],
        "x-ms-routing-request-id": [
          "WESTUS2:20180627T231803Z:614183b9-7331-4c3c-8d45-ef303ff638c8"
        ],
        "X-Content-Type-Options": [
          "nosniff"
        ]
      },
      "StatusCode": 200
    },
    {
      "RequestUri": "/subscriptions/0b1f6471-1bf0-4dda-aec3-cb9272f09590/providers/Microsoft.Compute/locations/southcentralus/operations/a4170a78-59d6-4dc1-81a7-831311ff7a38?api-version=2017-12-01",
      "EncodedRequestUri": "L3N1YnNjcmlwdGlvbnMvMGIxZjY0NzEtMWJmMC00ZGRhLWFlYzMtY2I5MjcyZjA5NTkwL3Byb3ZpZGVycy9NaWNyb3NvZnQuQ29tcHV0ZS9sb2NhdGlvbnMvc291dGhjZW50cmFsdXMvb3BlcmF0aW9ucy9hNDE3MGE3OC01OWQ2LTRkYzEtODFhNy04MzEzMTFmZjdhMzg/YXBpLXZlcnNpb249MjAxNy0xMi0wMQ==",
      "RequestMethod": "GET",
      "RequestBody": "",
      "RequestHeaders": {
        "User-Agent": [
          "FxVersion/4.6.25211.01",
          "Microsoft.Azure.Management.Compute.Fluent.ComputeManagementClient/1.11.0.0",
          "MacAddressHash/cc0dc995bd7689190d87305dca6418746f27065181fa649f43731fb8fc5f1b10"
        ]
      },
      "ResponseBody": "{\r\n  \"startTime\": \"2018-06-27T16:17:46.0743223-07:00\",\r\n  \"status\": \"InProgress\",\r\n  \"name\": \"a4170a78-59d6-4dc1-81a7-831311ff7a38\"\r\n}",
      "ResponseHeaders": {
        "Content-Type": [
          "application/json; charset=utf-8"
        ],
        "Expires": [
          "-1"
        ],
        "Cache-Control": [
          "no-cache"
        ],
        "Date": [
          "Wed, 27 Jun 2018 23:18:13 GMT"
        ],
        "Pragma": [
          "no-cache"
        ],
        "Transfer-Encoding": [
          "chunked"
        ],
        "Server": [
          "Microsoft-HTTPAPI/2.0",
          "Microsoft-HTTPAPI/2.0"
        ],
        "Vary": [
          "Accept-Encoding"
        ],
        "x-ms-ratelimit-remaining-resource": [
          "Microsoft.Compute/GetOperation3Min;14985,Microsoft.Compute/GetOperation30Min;29977"
        ],
        "Strict-Transport-Security": [
          "max-age=31536000; includeSubDomains"
        ],
        "x-ms-served-by": [
          "d0e8ea9a-296d-4a42-b0c4-00ed1becd3d2_131739680856629074"
        ],
        "x-ms-request-id": [
          "0735fdac-885c-44bc-80ed-e0ec57bcacdf"
        ],
        "x-ms-ratelimit-remaining-subscription-reads": [
          "14995"
        ],
        "x-ms-correlation-request-id": [
          "82f14003-7bc7-4e1b-b8e5-9ba32dc5246c"
        ],
        "x-ms-routing-request-id": [
          "WESTUS2:20180627T231813Z:82f14003-7bc7-4e1b-b8e5-9ba32dc5246c"
        ],
        "X-Content-Type-Options": [
          "nosniff"
        ]
      },
      "StatusCode": 200
    },
    {
      "RequestUri": "/subscriptions/0b1f6471-1bf0-4dda-aec3-cb9272f09590/providers/Microsoft.Compute/locations/southcentralus/operations/a4170a78-59d6-4dc1-81a7-831311ff7a38?api-version=2017-12-01",
      "EncodedRequestUri": "L3N1YnNjcmlwdGlvbnMvMGIxZjY0NzEtMWJmMC00ZGRhLWFlYzMtY2I5MjcyZjA5NTkwL3Byb3ZpZGVycy9NaWNyb3NvZnQuQ29tcHV0ZS9sb2NhdGlvbnMvc291dGhjZW50cmFsdXMvb3BlcmF0aW9ucy9hNDE3MGE3OC01OWQ2LTRkYzEtODFhNy04MzEzMTFmZjdhMzg/YXBpLXZlcnNpb249MjAxNy0xMi0wMQ==",
      "RequestMethod": "GET",
      "RequestBody": "",
      "RequestHeaders": {
        "User-Agent": [
          "FxVersion/4.6.25211.01",
          "Microsoft.Azure.Management.Compute.Fluent.ComputeManagementClient/1.11.0.0",
          "MacAddressHash/cc0dc995bd7689190d87305dca6418746f27065181fa649f43731fb8fc5f1b10"
        ]
      },
      "ResponseBody": "{\r\n  \"startTime\": \"2018-06-27T16:17:46.0743223-07:00\",\r\n  \"status\": \"InProgress\",\r\n  \"name\": \"a4170a78-59d6-4dc1-81a7-831311ff7a38\"\r\n}",
      "ResponseHeaders": {
        "Content-Type": [
          "application/json; charset=utf-8"
        ],
        "Expires": [
          "-1"
        ],
        "Cache-Control": [
          "no-cache"
        ],
        "Date": [
          "Wed, 27 Jun 2018 23:18:23 GMT"
        ],
        "Pragma": [
          "no-cache"
        ],
        "Transfer-Encoding": [
          "chunked"
        ],
        "Server": [
          "Microsoft-HTTPAPI/2.0",
          "Microsoft-HTTPAPI/2.0"
        ],
        "Vary": [
          "Accept-Encoding"
        ],
        "x-ms-ratelimit-remaining-resource": [
          "Microsoft.Compute/GetOperation3Min;14984,Microsoft.Compute/GetOperation30Min;29976"
        ],
        "Strict-Transport-Security": [
          "max-age=31536000; includeSubDomains"
        ],
        "x-ms-served-by": [
          "d0e8ea9a-296d-4a42-b0c4-00ed1becd3d2_131739680856629074"
        ],
        "x-ms-request-id": [
          "13255139-f32d-4220-af30-e1984f8876f6"
        ],
        "x-ms-ratelimit-remaining-subscription-reads": [
          "14994"
        ],
        "x-ms-correlation-request-id": [
          "f37bbaf4-b631-4cab-b0b0-9653fde17c40"
        ],
        "x-ms-routing-request-id": [
          "WESTUS2:20180627T231823Z:f37bbaf4-b631-4cab-b0b0-9653fde17c40"
        ],
        "X-Content-Type-Options": [
          "nosniff"
        ]
      },
      "StatusCode": 200
    },
    {
      "RequestUri": "/subscriptions/0b1f6471-1bf0-4dda-aec3-cb9272f09590/providers/Microsoft.Compute/locations/southcentralus/operations/a4170a78-59d6-4dc1-81a7-831311ff7a38?api-version=2017-12-01",
      "EncodedRequestUri": "L3N1YnNjcmlwdGlvbnMvMGIxZjY0NzEtMWJmMC00ZGRhLWFlYzMtY2I5MjcyZjA5NTkwL3Byb3ZpZGVycy9NaWNyb3NvZnQuQ29tcHV0ZS9sb2NhdGlvbnMvc291dGhjZW50cmFsdXMvb3BlcmF0aW9ucy9hNDE3MGE3OC01OWQ2LTRkYzEtODFhNy04MzEzMTFmZjdhMzg/YXBpLXZlcnNpb249MjAxNy0xMi0wMQ==",
      "RequestMethod": "GET",
      "RequestBody": "",
      "RequestHeaders": {
        "User-Agent": [
          "FxVersion/4.6.25211.01",
          "Microsoft.Azure.Management.Compute.Fluent.ComputeManagementClient/1.11.0.0",
          "MacAddressHash/cc0dc995bd7689190d87305dca6418746f27065181fa649f43731fb8fc5f1b10"
        ]
      },
      "ResponseBody": "{\r\n  \"startTime\": \"2018-06-27T16:17:46.0743223-07:00\",\r\n  \"status\": \"InProgress\",\r\n  \"name\": \"a4170a78-59d6-4dc1-81a7-831311ff7a38\"\r\n}",
      "ResponseHeaders": {
        "Content-Type": [
          "application/json; charset=utf-8"
        ],
        "Expires": [
          "-1"
        ],
        "Cache-Control": [
          "no-cache"
        ],
        "Date": [
          "Wed, 27 Jun 2018 23:18:37 GMT"
        ],
        "Pragma": [
          "no-cache"
        ],
        "Transfer-Encoding": [
          "chunked"
        ],
        "Server": [
          "Microsoft-HTTPAPI/2.0",
          "Microsoft-HTTPAPI/2.0"
        ],
        "Vary": [
          "Accept-Encoding"
        ],
        "x-ms-ratelimit-remaining-resource": [
          "Microsoft.Compute/GetOperation3Min;14985,Microsoft.Compute/GetOperation30Min;29974"
        ],
        "Strict-Transport-Security": [
          "max-age=31536000; includeSubDomains"
        ],
        "x-ms-served-by": [
          "d0e8ea9a-296d-4a42-b0c4-00ed1becd3d2_131739680856629074"
        ],
        "x-ms-request-id": [
          "d059d75a-6dfb-4fa5-88ab-78c0fd1a44bf"
        ],
        "x-ms-ratelimit-remaining-subscription-reads": [
          "14993"
        ],
        "x-ms-correlation-request-id": [
          "ce6abf91-4700-4475-97e0-1dcc411df8ac"
        ],
        "x-ms-routing-request-id": [
          "WESTUS2:20180627T231837Z:ce6abf91-4700-4475-97e0-1dcc411df8ac"
        ],
        "X-Content-Type-Options": [
          "nosniff"
        ]
      },
      "StatusCode": 200
    },
    {
      "RequestUri": "/subscriptions/0b1f6471-1bf0-4dda-aec3-cb9272f09590/providers/Microsoft.Compute/locations/southcentralus/operations/a4170a78-59d6-4dc1-81a7-831311ff7a38?api-version=2017-12-01",
      "EncodedRequestUri": "L3N1YnNjcmlwdGlvbnMvMGIxZjY0NzEtMWJmMC00ZGRhLWFlYzMtY2I5MjcyZjA5NTkwL3Byb3ZpZGVycy9NaWNyb3NvZnQuQ29tcHV0ZS9sb2NhdGlvbnMvc291dGhjZW50cmFsdXMvb3BlcmF0aW9ucy9hNDE3MGE3OC01OWQ2LTRkYzEtODFhNy04MzEzMTFmZjdhMzg/YXBpLXZlcnNpb249MjAxNy0xMi0wMQ==",
      "RequestMethod": "GET",
      "RequestBody": "",
      "RequestHeaders": {
        "User-Agent": [
          "FxVersion/4.6.25211.01",
          "Microsoft.Azure.Management.Compute.Fluent.ComputeManagementClient/1.11.0.0",
          "MacAddressHash/cc0dc995bd7689190d87305dca6418746f27065181fa649f43731fb8fc5f1b10"
        ]
      },
      "ResponseBody": "{\r\n  \"startTime\": \"2018-06-27T16:17:46.0743223-07:00\",\r\n  \"status\": \"InProgress\",\r\n  \"name\": \"a4170a78-59d6-4dc1-81a7-831311ff7a38\"\r\n}",
      "ResponseHeaders": {
        "Content-Type": [
          "application/json; charset=utf-8"
        ],
        "Expires": [
          "-1"
        ],
        "Cache-Control": [
          "no-cache"
        ],
        "Date": [
          "Wed, 27 Jun 2018 23:18:54 GMT"
        ],
        "Pragma": [
          "no-cache"
        ],
        "Transfer-Encoding": [
          "chunked"
        ],
        "Server": [
          "Microsoft-HTTPAPI/2.0",
          "Microsoft-HTTPAPI/2.0"
        ],
        "Vary": [
          "Accept-Encoding"
        ],
        "x-ms-ratelimit-remaining-resource": [
          "Microsoft.Compute/GetOperation3Min;14982,Microsoft.Compute/GetOperation30Min;29971"
        ],
        "Strict-Transport-Security": [
          "max-age=31536000; includeSubDomains"
        ],
        "x-ms-served-by": [
          "d0e8ea9a-296d-4a42-b0c4-00ed1becd3d2_131739680856629074"
        ],
        "x-ms-request-id": [
          "c2363546-aa19-4eef-aba5-5b7c003cb875"
        ],
        "x-ms-ratelimit-remaining-subscription-reads": [
          "14992"
        ],
        "x-ms-correlation-request-id": [
          "4cd96b1d-c10e-4690-b56a-7aaf3bee5f35"
        ],
        "x-ms-routing-request-id": [
          "WESTUS2:20180627T231854Z:4cd96b1d-c10e-4690-b56a-7aaf3bee5f35"
        ],
        "X-Content-Type-Options": [
          "nosniff"
        ]
      },
      "StatusCode": 200
    },
    {
      "RequestUri": "/subscriptions/0b1f6471-1bf0-4dda-aec3-cb9272f09590/providers/Microsoft.Compute/locations/southcentralus/operations/a4170a78-59d6-4dc1-81a7-831311ff7a38?api-version=2017-12-01",
      "EncodedRequestUri": "L3N1YnNjcmlwdGlvbnMvMGIxZjY0NzEtMWJmMC00ZGRhLWFlYzMtY2I5MjcyZjA5NTkwL3Byb3ZpZGVycy9NaWNyb3NvZnQuQ29tcHV0ZS9sb2NhdGlvbnMvc291dGhjZW50cmFsdXMvb3BlcmF0aW9ucy9hNDE3MGE3OC01OWQ2LTRkYzEtODFhNy04MzEzMTFmZjdhMzg/YXBpLXZlcnNpb249MjAxNy0xMi0wMQ==",
      "RequestMethod": "GET",
      "RequestBody": "",
      "RequestHeaders": {
        "User-Agent": [
          "FxVersion/4.6.25211.01",
          "Microsoft.Azure.Management.Compute.Fluent.ComputeManagementClient/1.11.0.0",
          "MacAddressHash/cc0dc995bd7689190d87305dca6418746f27065181fa649f43731fb8fc5f1b10"
        ]
      },
      "ResponseBody": "{\r\n  \"startTime\": \"2018-06-27T16:17:46.0743223-07:00\",\r\n  \"status\": \"InProgress\",\r\n  \"name\": \"a4170a78-59d6-4dc1-81a7-831311ff7a38\"\r\n}",
      "ResponseHeaders": {
        "Content-Type": [
          "application/json; charset=utf-8"
        ],
        "Expires": [
          "-1"
        ],
        "Cache-Control": [
          "no-cache"
        ],
        "Date": [
          "Wed, 27 Jun 2018 23:19:10 GMT"
        ],
        "Pragma": [
          "no-cache"
        ],
        "Transfer-Encoding": [
          "chunked"
        ],
        "Server": [
          "Microsoft-HTTPAPI/2.0",
          "Microsoft-HTTPAPI/2.0"
        ],
        "Vary": [
          "Accept-Encoding"
        ],
        "x-ms-ratelimit-remaining-resource": [
          "Microsoft.Compute/GetOperation3Min;14983,Microsoft.Compute/GetOperation30Min;29969"
        ],
        "Strict-Transport-Security": [
          "max-age=31536000; includeSubDomains"
        ],
        "x-ms-served-by": [
          "d0e8ea9a-296d-4a42-b0c4-00ed1becd3d2_131739680856629074"
        ],
        "x-ms-request-id": [
          "803a57f8-e559-4b35-be54-e52d4f19ed4f"
        ],
        "x-ms-ratelimit-remaining-subscription-reads": [
          "14991"
        ],
        "x-ms-correlation-request-id": [
          "8940a9f0-49bc-4bb2-94eb-d72de395638d"
        ],
        "x-ms-routing-request-id": [
          "WESTUS2:20180627T231910Z:8940a9f0-49bc-4bb2-94eb-d72de395638d"
        ],
        "X-Content-Type-Options": [
          "nosniff"
        ]
      },
      "StatusCode": 200
    },
    {
      "RequestUri": "/subscriptions/0b1f6471-1bf0-4dda-aec3-cb9272f09590/providers/Microsoft.Compute/locations/southcentralus/operations/a4170a78-59d6-4dc1-81a7-831311ff7a38?api-version=2017-12-01",
      "EncodedRequestUri": "L3N1YnNjcmlwdGlvbnMvMGIxZjY0NzEtMWJmMC00ZGRhLWFlYzMtY2I5MjcyZjA5NTkwL3Byb3ZpZGVycy9NaWNyb3NvZnQuQ29tcHV0ZS9sb2NhdGlvbnMvc291dGhjZW50cmFsdXMvb3BlcmF0aW9ucy9hNDE3MGE3OC01OWQ2LTRkYzEtODFhNy04MzEzMTFmZjdhMzg/YXBpLXZlcnNpb249MjAxNy0xMi0wMQ==",
      "RequestMethod": "GET",
      "RequestBody": "",
      "RequestHeaders": {
        "User-Agent": [
          "FxVersion/4.6.25211.01",
          "Microsoft.Azure.Management.Compute.Fluent.ComputeManagementClient/1.11.0.0",
          "MacAddressHash/cc0dc995bd7689190d87305dca6418746f27065181fa649f43731fb8fc5f1b10"
        ]
      },
      "ResponseBody": "{\r\n  \"startTime\": \"2018-06-27T16:17:46.0743223-07:00\",\r\n  \"status\": \"InProgress\",\r\n  \"name\": \"a4170a78-59d6-4dc1-81a7-831311ff7a38\"\r\n}",
      "ResponseHeaders": {
        "Content-Type": [
          "application/json; charset=utf-8"
        ],
        "Expires": [
          "-1"
        ],
        "Cache-Control": [
          "no-cache"
        ],
        "Date": [
          "Wed, 27 Jun 2018 23:19:26 GMT"
        ],
        "Pragma": [
          "no-cache"
        ],
        "Transfer-Encoding": [
          "chunked"
        ],
        "Server": [
          "Microsoft-HTTPAPI/2.0",
          "Microsoft-HTTPAPI/2.0"
        ],
        "Vary": [
          "Accept-Encoding"
        ],
        "x-ms-ratelimit-remaining-resource": [
          "Microsoft.Compute/GetOperation3Min;14981,Microsoft.Compute/GetOperation30Min;29967"
        ],
        "Strict-Transport-Security": [
          "max-age=31536000; includeSubDomains"
        ],
        "x-ms-served-by": [
          "d0e8ea9a-296d-4a42-b0c4-00ed1becd3d2_131739680856629074"
        ],
        "x-ms-request-id": [
          "12f735b8-2efe-4dfe-8e57-11f146f7d0e6"
        ],
        "x-ms-ratelimit-remaining-subscription-reads": [
          "14990"
        ],
        "x-ms-correlation-request-id": [
          "2dfd2bc1-d973-4f44-8348-8b266f3ac63e"
        ],
        "x-ms-routing-request-id": [
          "WESTUS2:20180627T231926Z:2dfd2bc1-d973-4f44-8348-8b266f3ac63e"
        ],
        "X-Content-Type-Options": [
          "nosniff"
        ]
      },
      "StatusCode": 200
    },
    {
      "RequestUri": "/subscriptions/0b1f6471-1bf0-4dda-aec3-cb9272f09590/providers/Microsoft.Compute/locations/southcentralus/operations/a4170a78-59d6-4dc1-81a7-831311ff7a38?api-version=2017-12-01",
      "EncodedRequestUri": "L3N1YnNjcmlwdGlvbnMvMGIxZjY0NzEtMWJmMC00ZGRhLWFlYzMtY2I5MjcyZjA5NTkwL3Byb3ZpZGVycy9NaWNyb3NvZnQuQ29tcHV0ZS9sb2NhdGlvbnMvc291dGhjZW50cmFsdXMvb3BlcmF0aW9ucy9hNDE3MGE3OC01OWQ2LTRkYzEtODFhNy04MzEzMTFmZjdhMzg/YXBpLXZlcnNpb249MjAxNy0xMi0wMQ==",
      "RequestMethod": "GET",
      "RequestBody": "",
      "RequestHeaders": {
        "User-Agent": [
          "FxVersion/4.6.25211.01",
          "Microsoft.Azure.Management.Compute.Fluent.ComputeManagementClient/1.11.0.0",
          "MacAddressHash/cc0dc995bd7689190d87305dca6418746f27065181fa649f43731fb8fc5f1b10"
        ]
      },
      "ResponseBody": "{\r\n  \"startTime\": \"2018-06-27T16:17:46.0743223-07:00\",\r\n  \"status\": \"InProgress\",\r\n  \"name\": \"a4170a78-59d6-4dc1-81a7-831311ff7a38\"\r\n}",
      "ResponseHeaders": {
        "Content-Type": [
          "application/json; charset=utf-8"
        ],
        "Expires": [
          "-1"
        ],
        "Cache-Control": [
          "no-cache"
        ],
        "Date": [
          "Wed, 27 Jun 2018 23:19:41 GMT"
        ],
        "Pragma": [
          "no-cache"
        ],
        "Transfer-Encoding": [
          "chunked"
        ],
        "Server": [
          "Microsoft-HTTPAPI/2.0",
          "Microsoft-HTTPAPI/2.0"
        ],
        "Vary": [
          "Accept-Encoding"
        ],
        "x-ms-ratelimit-remaining-resource": [
          "Microsoft.Compute/GetOperation3Min;14981,Microsoft.Compute/GetOperation30Min;29965"
        ],
        "Strict-Transport-Security": [
          "max-age=31536000; includeSubDomains"
        ],
        "x-ms-served-by": [
          "d0e8ea9a-296d-4a42-b0c4-00ed1becd3d2_131739680856629074"
        ],
        "x-ms-request-id": [
          "02b01a36-904d-4ddd-85ca-9bca3b52b60c"
        ],
        "x-ms-ratelimit-remaining-subscription-reads": [
          "14989"
        ],
        "x-ms-correlation-request-id": [
          "37663b04-924f-41e5-9229-5833214efdcd"
        ],
        "x-ms-routing-request-id": [
          "WESTUS2:20180627T231942Z:37663b04-924f-41e5-9229-5833214efdcd"
        ],
        "X-Content-Type-Options": [
          "nosniff"
        ]
      },
      "StatusCode": 200
    },
    {
      "RequestUri": "/subscriptions/0b1f6471-1bf0-4dda-aec3-cb9272f09590/providers/Microsoft.Compute/locations/southcentralus/operations/a4170a78-59d6-4dc1-81a7-831311ff7a38?api-version=2017-12-01",
      "EncodedRequestUri": "L3N1YnNjcmlwdGlvbnMvMGIxZjY0NzEtMWJmMC00ZGRhLWFlYzMtY2I5MjcyZjA5NTkwL3Byb3ZpZGVycy9NaWNyb3NvZnQuQ29tcHV0ZS9sb2NhdGlvbnMvc291dGhjZW50cmFsdXMvb3BlcmF0aW9ucy9hNDE3MGE3OC01OWQ2LTRkYzEtODFhNy04MzEzMTFmZjdhMzg/YXBpLXZlcnNpb249MjAxNy0xMi0wMQ==",
      "RequestMethod": "GET",
      "RequestBody": "",
      "RequestHeaders": {
        "User-Agent": [
          "FxVersion/4.6.25211.01",
          "Microsoft.Azure.Management.Compute.Fluent.ComputeManagementClient/1.11.0.0",
          "MacAddressHash/cc0dc995bd7689190d87305dca6418746f27065181fa649f43731fb8fc5f1b10"
        ]
      },
      "ResponseBody": "{\r\n  \"startTime\": \"2018-06-27T16:17:46.0743223-07:00\",\r\n  \"status\": \"InProgress\",\r\n  \"name\": \"a4170a78-59d6-4dc1-81a7-831311ff7a38\"\r\n}",
      "ResponseHeaders": {
        "Content-Type": [
          "application/json; charset=utf-8"
        ],
        "Expires": [
          "-1"
        ],
        "Cache-Control": [
          "no-cache"
        ],
        "Date": [
          "Wed, 27 Jun 2018 23:19:52 GMT"
        ],
        "Pragma": [
          "no-cache"
        ],
        "Transfer-Encoding": [
          "chunked"
        ],
        "Server": [
          "Microsoft-HTTPAPI/2.0",
          "Microsoft-HTTPAPI/2.0"
        ],
        "Vary": [
          "Accept-Encoding"
        ],
        "x-ms-ratelimit-remaining-resource": [
          "Microsoft.Compute/GetOperation3Min;14980,Microsoft.Compute/GetOperation30Min;29964"
        ],
        "Strict-Transport-Security": [
          "max-age=31536000; includeSubDomains"
        ],
        "x-ms-served-by": [
          "d0e8ea9a-296d-4a42-b0c4-00ed1becd3d2_131739680856629074"
        ],
        "x-ms-request-id": [
          "561a1f4b-33d6-41ca-82e6-dfe612d1a45f"
        ],
        "x-ms-ratelimit-remaining-subscription-reads": [
          "14988"
        ],
        "x-ms-correlation-request-id": [
          "2ebd53aa-ba68-4c85-8bae-1ef318f3899e"
        ],
        "x-ms-routing-request-id": [
          "WESTUS2:20180627T231952Z:2ebd53aa-ba68-4c85-8bae-1ef318f3899e"
        ],
        "X-Content-Type-Options": [
          "nosniff"
        ]
      },
      "StatusCode": 200
    },
    {
      "RequestUri": "/subscriptions/0b1f6471-1bf0-4dda-aec3-cb9272f09590/providers/Microsoft.Compute/locations/southcentralus/operations/a4170a78-59d6-4dc1-81a7-831311ff7a38?api-version=2017-12-01",
      "EncodedRequestUri": "L3N1YnNjcmlwdGlvbnMvMGIxZjY0NzEtMWJmMC00ZGRhLWFlYzMtY2I5MjcyZjA5NTkwL3Byb3ZpZGVycy9NaWNyb3NvZnQuQ29tcHV0ZS9sb2NhdGlvbnMvc291dGhjZW50cmFsdXMvb3BlcmF0aW9ucy9hNDE3MGE3OC01OWQ2LTRkYzEtODFhNy04MzEzMTFmZjdhMzg/YXBpLXZlcnNpb249MjAxNy0xMi0wMQ==",
      "RequestMethod": "GET",
      "RequestBody": "",
      "RequestHeaders": {
        "User-Agent": [
          "FxVersion/4.6.25211.01",
          "Microsoft.Azure.Management.Compute.Fluent.ComputeManagementClient/1.11.0.0",
          "MacAddressHash/cc0dc995bd7689190d87305dca6418746f27065181fa649f43731fb8fc5f1b10"
        ]
      },
      "ResponseBody": "{\r\n  \"startTime\": \"2018-06-27T16:17:46.0743223-07:00\",\r\n  \"status\": \"InProgress\",\r\n  \"name\": \"a4170a78-59d6-4dc1-81a7-831311ff7a38\"\r\n}",
      "ResponseHeaders": {
        "Content-Type": [
          "application/json; charset=utf-8"
        ],
        "Expires": [
          "-1"
        ],
        "Cache-Control": [
          "no-cache"
        ],
        "Date": [
          "Wed, 27 Jun 2018 23:20:05 GMT"
        ],
        "Pragma": [
          "no-cache"
        ],
        "Transfer-Encoding": [
          "chunked"
        ],
        "Server": [
          "Microsoft-HTTPAPI/2.0",
          "Microsoft-HTTPAPI/2.0"
        ],
        "Vary": [
          "Accept-Encoding"
        ],
        "x-ms-ratelimit-remaining-resource": [
          "Microsoft.Compute/GetOperation3Min;14981,Microsoft.Compute/GetOperation30Min;29962"
        ],
        "Strict-Transport-Security": [
          "max-age=31536000; includeSubDomains"
        ],
        "x-ms-served-by": [
          "d0e8ea9a-296d-4a42-b0c4-00ed1becd3d2_131739680856629074"
        ],
        "x-ms-request-id": [
          "723102c5-7110-424b-bf31-350e7078bc9d"
        ],
        "x-ms-ratelimit-remaining-subscription-reads": [
          "14987"
        ],
        "x-ms-correlation-request-id": [
          "f06c85e5-d3e2-425f-b397-74f2a68bd5c5"
        ],
        "x-ms-routing-request-id": [
          "WESTUS2:20180627T232006Z:f06c85e5-d3e2-425f-b397-74f2a68bd5c5"
        ],
        "X-Content-Type-Options": [
          "nosniff"
        ]
      },
      "StatusCode": 200
    },
    {
      "RequestUri": "/subscriptions/0b1f6471-1bf0-4dda-aec3-cb9272f09590/providers/Microsoft.Compute/locations/southcentralus/operations/a4170a78-59d6-4dc1-81a7-831311ff7a38?api-version=2017-12-01",
      "EncodedRequestUri": "L3N1YnNjcmlwdGlvbnMvMGIxZjY0NzEtMWJmMC00ZGRhLWFlYzMtY2I5MjcyZjA5NTkwL3Byb3ZpZGVycy9NaWNyb3NvZnQuQ29tcHV0ZS9sb2NhdGlvbnMvc291dGhjZW50cmFsdXMvb3BlcmF0aW9ucy9hNDE3MGE3OC01OWQ2LTRkYzEtODFhNy04MzEzMTFmZjdhMzg/YXBpLXZlcnNpb249MjAxNy0xMi0wMQ==",
      "RequestMethod": "GET",
      "RequestBody": "",
      "RequestHeaders": {
        "User-Agent": [
          "FxVersion/4.6.25211.01",
          "Microsoft.Azure.Management.Compute.Fluent.ComputeManagementClient/1.11.0.0",
          "MacAddressHash/cc0dc995bd7689190d87305dca6418746f27065181fa649f43731fb8fc5f1b10"
        ]
      },
      "ResponseBody": "{\r\n  \"startTime\": \"2018-06-27T16:17:46.0743223-07:00\",\r\n  \"endTime\": \"2018-06-27T16:20:21.4872883-07:00\",\r\n  \"status\": \"Succeeded\",\r\n  \"name\": \"a4170a78-59d6-4dc1-81a7-831311ff7a38\"\r\n}",
      "ResponseHeaders": {
        "Content-Type": [
          "application/json; charset=utf-8"
        ],
        "Expires": [
          "-1"
        ],
        "Cache-Control": [
          "no-cache"
        ],
        "Date": [
          "Wed, 27 Jun 2018 23:20:21 GMT"
        ],
        "Pragma": [
          "no-cache"
        ],
        "Transfer-Encoding": [
          "chunked"
        ],
        "Server": [
          "Microsoft-HTTPAPI/2.0",
          "Microsoft-HTTPAPI/2.0"
        ],
        "Vary": [
          "Accept-Encoding"
        ],
        "x-ms-ratelimit-remaining-resource": [
          "Microsoft.Compute/GetOperation3Min;14978,Microsoft.Compute/GetOperation30Min;29959"
        ],
        "Strict-Transport-Security": [
          "max-age=31536000; includeSubDomains"
        ],
        "x-ms-served-by": [
          "d0e8ea9a-296d-4a42-b0c4-00ed1becd3d2_131739680856629074"
        ],
        "x-ms-request-id": [
          "507d21b6-fa33-4928-89a8-ae8e5f3edd49"
        ],
        "x-ms-ratelimit-remaining-subscription-reads": [
          "14986"
        ],
        "x-ms-correlation-request-id": [
          "c1174ef8-92b4-4701-8ffd-c66d8c03b61e"
        ],
        "x-ms-routing-request-id": [
          "WESTUS2:20180627T232022Z:c1174ef8-92b4-4701-8ffd-c66d8c03b61e"
        ],
        "X-Content-Type-Options": [
          "nosniff"
        ]
      },
      "StatusCode": 200
    },
    {
      "RequestUri": "/subscriptions/0b1f6471-1bf0-4dda-aec3-cb9272f09590/resourceGroups/rgmsi2788/providers/Microsoft.Compute/virtualMachines/javavm?api-version=2017-12-01",
      "EncodedRequestUri": "L3N1YnNjcmlwdGlvbnMvMGIxZjY0NzEtMWJmMC00ZGRhLWFlYzMtY2I5MjcyZjA5NTkwL3Jlc291cmNlR3JvdXBzL3JnbXNpMjc4OC9wcm92aWRlcnMvTWljcm9zb2Z0LkNvbXB1dGUvdmlydHVhbE1hY2hpbmVzL2phdmF2bT9hcGktdmVyc2lvbj0yMDE3LTEyLTAx",
      "RequestMethod": "GET",
      "RequestBody": "",
      "RequestHeaders": {
        "User-Agent": [
          "FxVersion/4.6.25211.01",
          "Microsoft.Azure.Management.Compute.Fluent.ComputeManagementClient/1.11.0.0",
          "MacAddressHash/cc0dc995bd7689190d87305dca6418746f27065181fa649f43731fb8fc5f1b10"
        ]
      },
      "ResponseBody": "{\r\n  \"properties\": {\r\n    \"vmId\": \"5a68287b-7294-4a67-bf79-f4ba9db17f5e\",\r\n    \"hardwareProfile\": {\r\n      \"vmSize\": \"Basic_A0\"\r\n    },\r\n    \"storageProfile\": {\r\n      \"imageReference\": {\r\n        \"publisher\": \"Canonical\",\r\n        \"offer\": \"UbuntuServer\",\r\n        \"sku\": \"16.04.0-LTS\",\r\n        \"version\": \"latest\"\r\n      },\r\n      \"osDisk\": {\r\n        \"osType\": \"Linux\",\r\n        \"name\": \"javavm_OsDisk_1_0eb8007c624c48bfadbc2fa5f21971f2\",\r\n        \"createOption\": \"FromImage\",\r\n        \"caching\": \"ReadWrite\",\r\n        \"managedDisk\": {\r\n          \"storageAccountType\": \"Standard_LRS\",\r\n          \"id\": \"/subscriptions/0b1f6471-1bf0-4dda-aec3-cb9272f09590/resourceGroups/rgmsi2788/providers/Microsoft.Compute/disks/javavm_OsDisk_1_0eb8007c624c48bfadbc2fa5f21971f2\"\r\n        },\r\n        \"diskSizeGB\": 30\r\n      },\r\n      \"dataDisks\": []\r\n    },\r\n    \"osProfile\": {\r\n      \"computerName\": \"javavm\",\r\n      \"adminUsername\": \"Foo12\",\r\n      \"linuxConfiguration\": {\r\n        \"disablePasswordAuthentication\": false\r\n      },\r\n      \"secrets\": []\r\n    },\r\n    \"networkProfile\": {\r\n      \"networkInterfaces\": [\r\n        {\r\n          \"id\": \"/subscriptions/0b1f6471-1bf0-4dda-aec3-cb9272f09590/resourceGroups/rgmsi2788/providers/Microsoft.Network/networkInterfaces/nicjavavm82f648946\",\r\n          \"properties\": {\r\n            \"primary\": true\r\n          }\r\n        }\r\n      ]\r\n    },\r\n    \"provisioningState\": \"Succeeded\"\r\n  },\r\n  \"type\": \"Microsoft.Compute/virtualMachines\",\r\n  \"location\": \"southcentralus\",\r\n  \"tags\": {},\r\n  \"id\": \"/subscriptions/0b1f6471-1bf0-4dda-aec3-cb9272f09590/resourceGroups/rgmsi2788/providers/Microsoft.Compute/virtualMachines/javavm\",\r\n  \"name\": \"javavm\"\r\n}",
      "ResponseHeaders": {
        "Content-Type": [
          "application/json; charset=utf-8"
        ],
        "Expires": [
          "-1"
        ],
        "Cache-Control": [
          "no-cache"
        ],
        "Date": [
          "Wed, 27 Jun 2018 23:20:21 GMT"
        ],
        "Pragma": [
          "no-cache"
        ],
        "Transfer-Encoding": [
          "chunked"
        ],
        "Server": [
          "Microsoft-HTTPAPI/2.0",
          "Microsoft-HTTPAPI/2.0"
        ],
        "Vary": [
          "Accept-Encoding"
        ],
        "x-ms-ratelimit-remaining-resource": [
          "Microsoft.Compute/LowCostGet3Min;4199,Microsoft.Compute/LowCostGet30Min;33586"
        ],
        "Strict-Transport-Security": [
          "max-age=31536000; includeSubDomains"
        ],
        "x-ms-served-by": [
          "d0e8ea9a-296d-4a42-b0c4-00ed1becd3d2_131739680856629074"
        ],
        "x-ms-request-id": [
          "9d4930b5-40a7-45b1-aba9-9f8b77ec0193"
        ],
        "x-ms-ratelimit-remaining-subscription-reads": [
          "14985"
        ],
        "x-ms-correlation-request-id": [
          "f1dfe67f-b2a9-422f-a0b4-1ae6b050fe47"
        ],
        "x-ms-routing-request-id": [
          "WESTUS2:20180627T232022Z:f1dfe67f-b2a9-422f-a0b4-1ae6b050fe47"
        ],
        "X-Content-Type-Options": [
          "nosniff"
        ]
      },
      "StatusCode": 200
    },
    {
      "RequestUri": "/subscriptions/0b1f6471-1bf0-4dda-aec3-cb9272f09590/resourceGroups/rgmsi2788/providers/Microsoft.Compute/virtualMachines/javavm?api-version=2017-12-01",
      "EncodedRequestUri": "L3N1YnNjcmlwdGlvbnMvMGIxZjY0NzEtMWJmMC00ZGRhLWFlYzMtY2I5MjcyZjA5NTkwL3Jlc291cmNlR3JvdXBzL3JnbXNpMjc4OC9wcm92aWRlcnMvTWljcm9zb2Z0LkNvbXB1dGUvdmlydHVhbE1hY2hpbmVzL2phdmF2bT9hcGktdmVyc2lvbj0yMDE3LTEyLTAx",
      "RequestMethod": "GET",
      "RequestBody": "",
      "RequestHeaders": {
        "User-Agent": [
          "FxVersion/4.6.25211.01",
          "Microsoft.Azure.Management.Compute.Fluent.ComputeManagementClient/1.11.0.0",
          "MacAddressHash/cc0dc995bd7689190d87305dca6418746f27065181fa649f43731fb8fc5f1b10"
        ]
      },
      "ResponseBody": "{\r\n  \"properties\": {\r\n    \"vmId\": \"5a68287b-7294-4a67-bf79-f4ba9db17f5e\",\r\n    \"hardwareProfile\": {\r\n      \"vmSize\": \"Basic_A0\"\r\n    },\r\n    \"storageProfile\": {\r\n      \"imageReference\": {\r\n        \"publisher\": \"Canonical\",\r\n        \"offer\": \"UbuntuServer\",\r\n        \"sku\": \"16.04.0-LTS\",\r\n        \"version\": \"latest\"\r\n      },\r\n      \"osDisk\": {\r\n        \"osType\": \"Linux\",\r\n        \"name\": \"javavm_OsDisk_1_0eb8007c624c48bfadbc2fa5f21971f2\",\r\n        \"createOption\": \"FromImage\",\r\n        \"caching\": \"ReadWrite\",\r\n        \"managedDisk\": {\r\n          \"storageAccountType\": \"Standard_LRS\",\r\n          \"id\": \"/subscriptions/0b1f6471-1bf0-4dda-aec3-cb9272f09590/resourceGroups/rgmsi2788/providers/Microsoft.Compute/disks/javavm_OsDisk_1_0eb8007c624c48bfadbc2fa5f21971f2\"\r\n        },\r\n        \"diskSizeGB\": 30\r\n      },\r\n      \"dataDisks\": []\r\n    },\r\n    \"osProfile\": {\r\n      \"computerName\": \"javavm\",\r\n      \"adminUsername\": \"Foo12\",\r\n      \"linuxConfiguration\": {\r\n        \"disablePasswordAuthentication\": false\r\n      },\r\n      \"secrets\": []\r\n    },\r\n    \"networkProfile\": {\r\n      \"networkInterfaces\": [\r\n        {\r\n          \"id\": \"/subscriptions/0b1f6471-1bf0-4dda-aec3-cb9272f09590/resourceGroups/rgmsi2788/providers/Microsoft.Network/networkInterfaces/nicjavavm82f648946\",\r\n          \"properties\": {\r\n            \"primary\": true\r\n          }\r\n        }\r\n      ]\r\n    },\r\n    \"provisioningState\": \"Succeeded\"\r\n  },\r\n  \"type\": \"Microsoft.Compute/virtualMachines\",\r\n  \"location\": \"southcentralus\",\r\n  \"tags\": {},\r\n  \"identity\": {\r\n    \"type\": \"UserAssigned\",\r\n    \"identityIds\": [\r\n      \"/subscriptions/0b1f6471-1bf0-4dda-aec3-cb9272f09590/resourcegroups/rgmsi2788/providers/Microsoft.ManagedIdentity/userAssignedIdentities/msi-id5867\"\r\n    ]\r\n  },\r\n  \"id\": \"/subscriptions/0b1f6471-1bf0-4dda-aec3-cb9272f09590/resourceGroups/rgmsi2788/providers/Microsoft.Compute/virtualMachines/javavm\",\r\n  \"name\": \"javavm\"\r\n}",
      "ResponseHeaders": {
        "Content-Type": [
          "application/json; charset=utf-8"
        ],
        "Expires": [
          "-1"
        ],
        "Cache-Control": [
          "no-cache"
        ],
        "Date": [
          "Wed, 27 Jun 2018 23:21:32 GMT"
        ],
        "Pragma": [
          "no-cache"
        ],
        "Transfer-Encoding": [
          "chunked"
        ],
        "Server": [
          "Microsoft-HTTPAPI/2.0",
          "Microsoft-HTTPAPI/2.0"
        ],
        "Vary": [
          "Accept-Encoding"
        ],
        "x-ms-ratelimit-remaining-resource": [
          "Microsoft.Compute/LowCostGet3Min;4190,Microsoft.Compute/LowCostGet30Min;33577"
        ],
        "Strict-Transport-Security": [
          "max-age=31536000; includeSubDomains"
        ],
        "x-ms-served-by": [
          "d0e8ea9a-296d-4a42-b0c4-00ed1becd3d2_131739680856629074"
        ],
        "x-ms-request-id": [
          "2703e3bb-af00-4c4b-b0d7-f89061904cd7"
        ],
        "x-ms-ratelimit-remaining-subscription-reads": [
          "14982"
        ],
        "x-ms-correlation-request-id": [
          "a0fcf453-bde5-454c-8ed0-356e63dc214c"
        ],
        "x-ms-routing-request-id": [
          "WESTUS2:20180627T232132Z:a0fcf453-bde5-454c-8ed0-356e63dc214c"
        ],
        "X-Content-Type-Options": [
          "nosniff"
        ]
      },
      "StatusCode": 200
    },
    {
      "RequestUri": "/subscriptions/0b1f6471-1bf0-4dda-aec3-cb9272f09590/resourceGroups/rgmsi2788/providers/Microsoft.Compute/virtualMachines/javavm?api-version=2017-12-01",
      "EncodedRequestUri": "L3N1YnNjcmlwdGlvbnMvMGIxZjY0NzEtMWJmMC00ZGRhLWFlYzMtY2I5MjcyZjA5NTkwL3Jlc291cmNlR3JvdXBzL3JnbXNpMjc4OC9wcm92aWRlcnMvTWljcm9zb2Z0LkNvbXB1dGUvdmlydHVhbE1hY2hpbmVzL2phdmF2bT9hcGktdmVyc2lvbj0yMDE3LTEyLTAx",
      "RequestMethod": "GET",
      "RequestBody": "",
      "RequestHeaders": {
        "x-ms-client-request-id": [
          "946eb0d4-60c4-4027-838d-13bc0d4989a9"
        ],
        "accept-language": [
          "en-US"
        ],
        "User-Agent": [
          "FxVersion/4.6.25211.01",
          "Microsoft.Azure.Management.Compute.Fluent.ComputeManagementClient/1.11.0.0",
          "MacAddressHash/cc0dc995bd7689190d87305dca6418746f27065181fa649f43731fb8fc5f1b10"
        ]
      },
      "ResponseBody": "{\r\n  \"properties\": {\r\n    \"vmId\": \"5a68287b-7294-4a67-bf79-f4ba9db17f5e\",\r\n    \"hardwareProfile\": {\r\n      \"vmSize\": \"Basic_A0\"\r\n    },\r\n    \"storageProfile\": {\r\n      \"imageReference\": {\r\n        \"publisher\": \"Canonical\",\r\n        \"offer\": \"UbuntuServer\",\r\n        \"sku\": \"16.04.0-LTS\",\r\n        \"version\": \"latest\"\r\n      },\r\n      \"osDisk\": {\r\n        \"osType\": \"Linux\",\r\n        \"name\": \"javavm_OsDisk_1_0eb8007c624c48bfadbc2fa5f21971f2\",\r\n        \"createOption\": \"FromImage\",\r\n        \"caching\": \"ReadWrite\",\r\n        \"managedDisk\": {\r\n          \"storageAccountType\": \"Standard_LRS\",\r\n          \"id\": \"/subscriptions/0b1f6471-1bf0-4dda-aec3-cb9272f09590/resourceGroups/rgmsi2788/providers/Microsoft.Compute/disks/javavm_OsDisk_1_0eb8007c624c48bfadbc2fa5f21971f2\"\r\n        },\r\n        \"diskSizeGB\": 30\r\n      },\r\n      \"dataDisks\": []\r\n    },\r\n    \"osProfile\": {\r\n      \"computerName\": \"javavm\",\r\n      \"adminUsername\": \"Foo12\",\r\n      \"linuxConfiguration\": {\r\n        \"disablePasswordAuthentication\": false\r\n      },\r\n      \"secrets\": []\r\n    },\r\n    \"networkProfile\": {\r\n      \"networkInterfaces\": [\r\n        {\r\n          \"id\": \"/subscriptions/0b1f6471-1bf0-4dda-aec3-cb9272f09590/resourceGroups/rgmsi2788/providers/Microsoft.Network/networkInterfaces/nicjavavm82f648946\",\r\n          \"properties\": {\r\n            \"primary\": true\r\n          }\r\n        }\r\n      ]\r\n    },\r\n    \"provisioningState\": \"Succeeded\"\r\n  },\r\n  \"resources\": [\r\n    {\r\n      \"properties\": {\r\n        \"autoUpgradeMinorVersion\": true,\r\n        \"settings\": {\r\n          \"port\": 50342\r\n        },\r\n        \"provisioningState\": \"Succeeded\",\r\n        \"publisher\": \"Microsoft.ManagedIdentity\",\r\n        \"type\": \"ManagedIdentityExtensionForLinux\",\r\n        \"typeHandlerVersion\": \"1.0\"\r\n      },\r\n      \"type\": \"Microsoft.Compute/virtualMachines/extensions\",\r\n      \"location\": \"southcentralus\",\r\n      \"id\": \"/subscriptions/0b1f6471-1bf0-4dda-aec3-cb9272f09590/resourceGroups/rgmsi2788/providers/Microsoft.Compute/virtualMachines/javavm/extensions/ManagedIdentityExtensionForLinux\",\r\n      \"name\": \"ManagedIdentityExtensionForLinux\"\r\n    }\r\n  ],\r\n  \"type\": \"Microsoft.Compute/virtualMachines\",\r\n  \"location\": \"southcentralus\",\r\n  \"tags\": {},\r\n  \"identity\": {\r\n    \"type\": \"UserAssigned\",\r\n    \"identityIds\": [\r\n      \"/subscriptions/0b1f6471-1bf0-4dda-aec3-cb9272f09590/resourcegroups/rgmsi2788/providers/Microsoft.ManagedIdentity/userAssignedIdentities/msi-id5867\"\r\n    ]\r\n  },\r\n  \"id\": \"/subscriptions/0b1f6471-1bf0-4dda-aec3-cb9272f09590/resourceGroups/rgmsi2788/providers/Microsoft.Compute/virtualMachines/javavm\",\r\n  \"name\": \"javavm\"\r\n}",
      "ResponseHeaders": {
        "Content-Type": [
          "application/json; charset=utf-8"
        ],
        "Expires": [
          "-1"
        ],
        "Cache-Control": [
          "no-cache"
        ],
        "Date": [
          "Wed, 27 Jun 2018 23:22:03 GMT"
        ],
        "Pragma": [
          "no-cache"
        ],
        "Transfer-Encoding": [
          "chunked"
        ],
        "Server": [
          "Microsoft-HTTPAPI/2.0",
          "Microsoft-HTTPAPI/2.0"
        ],
        "Vary": [
          "Accept-Encoding"
        ],
        "x-ms-ratelimit-remaining-resource": [
          "Microsoft.Compute/LowCostGet3Min;4188,Microsoft.Compute/LowCostGet30Min;33575"
        ],
        "Strict-Transport-Security": [
          "max-age=31536000; includeSubDomains"
        ],
        "x-ms-served-by": [
          "d0e8ea9a-296d-4a42-b0c4-00ed1becd3d2_131739680856629074"
        ],
        "x-ms-request-id": [
          "c6db40ed-e70f-4e46-ad4a-2d79b9ad45e5"
        ],
        "x-ms-ratelimit-remaining-subscription-reads": [
          "14979"
        ],
        "x-ms-correlation-request-id": [
          "fa328c9e-093a-4927-ab73-a2548a613228"
        ],
        "x-ms-routing-request-id": [
          "WESTUS2:20180627T232204Z:fa328c9e-093a-4927-ab73-a2548a613228"
        ],
        "X-Content-Type-Options": [
          "nosniff"
        ]
      },
      "StatusCode": 200
    },
    {
      "RequestUri": "/subscriptions/0b1f6471-1bf0-4dda-aec3-cb9272f09590/resourceGroups/rgmsi2788/providers/Microsoft.Compute/virtualMachines/javavm?api-version=2017-12-01",
      "EncodedRequestUri": "L3N1YnNjcmlwdGlvbnMvMGIxZjY0NzEtMWJmMC00ZGRhLWFlYzMtY2I5MjcyZjA5NTkwL3Jlc291cmNlR3JvdXBzL3JnbXNpMjc4OC9wcm92aWRlcnMvTWljcm9zb2Z0LkNvbXB1dGUvdmlydHVhbE1hY2hpbmVzL2phdmF2bT9hcGktdmVyc2lvbj0yMDE3LTEyLTAx",
      "RequestMethod": "GET",
      "RequestBody": "",
      "RequestHeaders": {
        "User-Agent": [
          "FxVersion/4.6.25211.01",
          "Microsoft.Azure.Management.Compute.Fluent.ComputeManagementClient/1.11.0.0",
          "MacAddressHash/cc0dc995bd7689190d87305dca6418746f27065181fa649f43731fb8fc5f1b10"
        ]
      },
      "ResponseBody": "{\r\n  \"properties\": {\r\n    \"vmId\": \"5a68287b-7294-4a67-bf79-f4ba9db17f5e\",\r\n    \"hardwareProfile\": {\r\n      \"vmSize\": \"Basic_A0\"\r\n    },\r\n    \"storageProfile\": {\r\n      \"imageReference\": {\r\n        \"publisher\": \"Canonical\",\r\n        \"offer\": \"UbuntuServer\",\r\n        \"sku\": \"16.04.0-LTS\",\r\n        \"version\": \"latest\"\r\n      },\r\n      \"osDisk\": {\r\n        \"osType\": \"Linux\",\r\n        \"name\": \"javavm_OsDisk_1_0eb8007c624c48bfadbc2fa5f21971f2\",\r\n        \"createOption\": \"FromImage\",\r\n        \"caching\": \"ReadWrite\",\r\n        \"managedDisk\": {\r\n          \"storageAccountType\": \"Standard_LRS\",\r\n          \"id\": \"/subscriptions/0b1f6471-1bf0-4dda-aec3-cb9272f09590/resourceGroups/rgmsi2788/providers/Microsoft.Compute/disks/javavm_OsDisk_1_0eb8007c624c48bfadbc2fa5f21971f2\"\r\n        },\r\n        \"diskSizeGB\": 30\r\n      },\r\n      \"dataDisks\": []\r\n    },\r\n    \"osProfile\": {\r\n      \"computerName\": \"javavm\",\r\n      \"adminUsername\": \"Foo12\",\r\n      \"linuxConfiguration\": {\r\n        \"disablePasswordAuthentication\": false\r\n      },\r\n      \"secrets\": []\r\n    },\r\n    \"networkProfile\": {\r\n      \"networkInterfaces\": [\r\n        {\r\n          \"id\": \"/subscriptions/0b1f6471-1bf0-4dda-aec3-cb9272f09590/resourceGroups/rgmsi2788/providers/Microsoft.Network/networkInterfaces/nicjavavm82f648946\",\r\n          \"properties\": {\r\n            \"primary\": true\r\n          }\r\n        }\r\n      ]\r\n    },\r\n    \"provisioningState\": \"Succeeded\"\r\n  },\r\n  \"resources\": [\r\n    {\r\n      \"properties\": {\r\n        \"autoUpgradeMinorVersion\": true,\r\n        \"settings\": {\r\n          \"port\": 50342\r\n        },\r\n        \"provisioningState\": \"Succeeded\",\r\n        \"publisher\": \"Microsoft.ManagedIdentity\",\r\n        \"type\": \"ManagedIdentityExtensionForLinux\",\r\n        \"typeHandlerVersion\": \"1.0\"\r\n      },\r\n      \"type\": \"Microsoft.Compute/virtualMachines/extensions\",\r\n      \"location\": \"southcentralus\",\r\n      \"id\": \"/subscriptions/0b1f6471-1bf0-4dda-aec3-cb9272f09590/resourceGroups/rgmsi2788/providers/Microsoft.Compute/virtualMachines/javavm/extensions/ManagedIdentityExtensionForLinux\",\r\n      \"name\": \"ManagedIdentityExtensionForLinux\"\r\n    }\r\n  ],\r\n  \"type\": \"Microsoft.Compute/virtualMachines\",\r\n  \"location\": \"southcentralus\",\r\n  \"tags\": {},\r\n  \"identity\": {\r\n    \"type\": \"UserAssigned\",\r\n    \"identityIds\": [\r\n      \"/subscriptions/0b1f6471-1bf0-4dda-aec3-cb9272f09590/resourcegroups/rgmsi2788/providers/Microsoft.ManagedIdentity/userAssignedIdentities/msi-id4144\"\r\n    ]\r\n  },\r\n  \"id\": \"/subscriptions/0b1f6471-1bf0-4dda-aec3-cb9272f09590/resourceGroups/rgmsi2788/providers/Microsoft.Compute/virtualMachines/javavm\",\r\n  \"name\": \"javavm\"\r\n}",
      "ResponseHeaders": {
        "Content-Type": [
          "application/json; charset=utf-8"
        ],
        "Expires": [
          "-1"
        ],
        "Cache-Control": [
          "no-cache"
        ],
        "Date": [
          "Wed, 27 Jun 2018 23:23:13 GMT"
        ],
        "Pragma": [
          "no-cache"
        ],
        "Transfer-Encoding": [
          "chunked"
        ],
        "Server": [
          "Microsoft-HTTPAPI/2.0",
          "Microsoft-HTTPAPI/2.0"
        ],
        "Vary": [
          "Accept-Encoding"
        ],
        "x-ms-ratelimit-remaining-resource": [
          "Microsoft.Compute/LowCostGet3Min;4181,Microsoft.Compute/LowCostGet30Min;33567"
        ],
        "Strict-Transport-Security": [
          "max-age=31536000; includeSubDomains"
        ],
        "x-ms-served-by": [
          "d0e8ea9a-296d-4a42-b0c4-00ed1becd3d2_131739680856629074"
        ],
        "x-ms-request-id": [
          "e76cfc27-aebd-4b09-8b07-cbada59ff670"
        ],
        "x-ms-ratelimit-remaining-subscription-reads": [
          "14975"
        ],
        "x-ms-correlation-request-id": [
          "df9f2925-6edf-4c79-969d-7904a1c931da"
        ],
        "x-ms-routing-request-id": [
          "WESTUS2:20180627T232313Z:df9f2925-6edf-4c79-969d-7904a1c931da"
        ],
        "X-Content-Type-Options": [
          "nosniff"
        ]
      },
      "StatusCode": 200
    },
    {
      "RequestUri": "/subscriptions/0b1f6471-1bf0-4dda-aec3-cb9272f09590/resourceGroups/rgmsi2788/providers/Microsoft.Compute/virtualMachines/javavm?api-version=2017-12-01",
      "EncodedRequestUri": "L3N1YnNjcmlwdGlvbnMvMGIxZjY0NzEtMWJmMC00ZGRhLWFlYzMtY2I5MjcyZjA5NTkwL3Jlc291cmNlR3JvdXBzL3JnbXNpMjc4OC9wcm92aWRlcnMvTWljcm9zb2Z0LkNvbXB1dGUvdmlydHVhbE1hY2hpbmVzL2phdmF2bT9hcGktdmVyc2lvbj0yMDE3LTEyLTAx",
      "RequestMethod": "GET",
      "RequestBody": "",
      "RequestHeaders": {
        "User-Agent": [
          "FxVersion/4.6.25211.01",
          "Microsoft.Azure.Management.Compute.Fluent.ComputeManagementClient/1.11.0.0",
          "MacAddressHash/cc0dc995bd7689190d87305dca6418746f27065181fa649f43731fb8fc5f1b10"
        ]
      },
      "ResponseBody": "{\r\n  \"properties\": {\r\n    \"vmId\": \"5a68287b-7294-4a67-bf79-f4ba9db17f5e\",\r\n    \"hardwareProfile\": {\r\n      \"vmSize\": \"Basic_A0\"\r\n    },\r\n    \"storageProfile\": {\r\n      \"imageReference\": {\r\n        \"publisher\": \"Canonical\",\r\n        \"offer\": \"UbuntuServer\",\r\n        \"sku\": \"16.04.0-LTS\",\r\n        \"version\": \"latest\"\r\n      },\r\n      \"osDisk\": {\r\n        \"osType\": \"Linux\",\r\n        \"name\": \"javavm_OsDisk_1_0eb8007c624c48bfadbc2fa5f21971f2\",\r\n        \"createOption\": \"FromImage\",\r\n        \"caching\": \"ReadWrite\",\r\n        \"managedDisk\": {\r\n          \"storageAccountType\": \"Standard_LRS\",\r\n          \"id\": \"/subscriptions/0b1f6471-1bf0-4dda-aec3-cb9272f09590/resourceGroups/rgmsi2788/providers/Microsoft.Compute/disks/javavm_OsDisk_1_0eb8007c624c48bfadbc2fa5f21971f2\"\r\n        },\r\n        \"diskSizeGB\": 30\r\n      },\r\n      \"dataDisks\": []\r\n    },\r\n    \"osProfile\": {\r\n      \"computerName\": \"javavm\",\r\n      \"adminUsername\": \"Foo12\",\r\n      \"linuxConfiguration\": {\r\n        \"disablePasswordAuthentication\": false\r\n      },\r\n      \"secrets\": []\r\n    },\r\n    \"networkProfile\": {\r\n      \"networkInterfaces\": [\r\n        {\r\n          \"id\": \"/subscriptions/0b1f6471-1bf0-4dda-aec3-cb9272f09590/resourceGroups/rgmsi2788/providers/Microsoft.Network/networkInterfaces/nicjavavm82f648946\",\r\n          \"properties\": {\r\n            \"primary\": true\r\n          }\r\n        }\r\n      ]\r\n    },\r\n    \"provisioningState\": \"Succeeded\"\r\n  },\r\n  \"resources\": [\r\n    {\r\n      \"properties\": {\r\n        \"autoUpgradeMinorVersion\": true,\r\n        \"settings\": {\r\n          \"port\": 50342\r\n        },\r\n        \"provisioningState\": \"Succeeded\",\r\n        \"publisher\": \"Microsoft.ManagedIdentity\",\r\n        \"type\": \"ManagedIdentityExtensionForLinux\",\r\n        \"typeHandlerVersion\": \"1.0\"\r\n      },\r\n      \"type\": \"Microsoft.Compute/virtualMachines/extensions\",\r\n      \"location\": \"southcentralus\",\r\n      \"id\": \"/subscriptions/0b1f6471-1bf0-4dda-aec3-cb9272f09590/resourceGroups/rgmsi2788/providers/Microsoft.Compute/virtualMachines/javavm/extensions/ManagedIdentityExtensionForLinux\",\r\n      \"name\": \"ManagedIdentityExtensionForLinux\"\r\n    }\r\n  ],\r\n  \"type\": \"Microsoft.Compute/virtualMachines\",\r\n  \"location\": \"southcentralus\",\r\n  \"tags\": {},\r\n  \"identity\": {\r\n    \"type\": \"SystemAssigned, UserAssigned\",\r\n    \"principalId\": \"dadd07f9-442d-4262-a2b2-3d3d2b925db4\",\r\n    \"tenantId\": \"54826b22-38d6-4fb2-bad9-b7b93a3e9c5a\",\r\n    \"identityIds\": [\r\n      \"/subscriptions/0b1f6471-1bf0-4dda-aec3-cb9272f09590/resourcegroups/rgmsi2788/providers/Microsoft.ManagedIdentity/userAssignedIdentities/msi-id4144\"\r\n    ]\r\n  },\r\n  \"id\": \"/subscriptions/0b1f6471-1bf0-4dda-aec3-cb9272f09590/resourceGroups/rgmsi2788/providers/Microsoft.Compute/virtualMachines/javavm\",\r\n  \"name\": \"javavm\"\r\n}",
      "ResponseHeaders": {
        "Content-Type": [
          "application/json; charset=utf-8"
        ],
        "Expires": [
          "-1"
        ],
        "Cache-Control": [
          "no-cache"
        ],
        "Date": [
          "Wed, 27 Jun 2018 23:23:46 GMT"
        ],
        "Pragma": [
          "no-cache"
        ],
        "Transfer-Encoding": [
          "chunked"
        ],
        "Server": [
          "Microsoft-HTTPAPI/2.0",
          "Microsoft-HTTPAPI/2.0"
        ],
        "Vary": [
          "Accept-Encoding"
        ],
        "x-ms-ratelimit-remaining-resource": [
          "Microsoft.Compute/LowCostGet3Min;4180,Microsoft.Compute/LowCostGet30Min;33562"
        ],
        "Strict-Transport-Security": [
          "max-age=31536000; includeSubDomains"
        ],
        "x-ms-served-by": [
          "d0e8ea9a-296d-4a42-b0c4-00ed1becd3d2_131739680856629074"
        ],
        "x-ms-request-id": [
          "e38260ac-7fc1-4afc-811d-3ed8e3104bb8"
        ],
        "x-ms-ratelimit-remaining-subscription-reads": [
          "14972"
        ],
        "x-ms-correlation-request-id": [
          "02ac880d-b14d-4efa-a55c-a4dd4e0f6481"
        ],
        "x-ms-routing-request-id": [
          "WESTUS2:20180627T232347Z:02ac880d-b14d-4efa-a55c-a4dd4e0f6481"
        ],
        "X-Content-Type-Options": [
          "nosniff"
        ]
      },
      "StatusCode": 200
    },
    {
      "RequestUri": "/subscriptions/0b1f6471-1bf0-4dda-aec3-cb9272f09590/resourceGroups/rgmsi2788/providers/Microsoft.ManagedIdentity/userAssignedIdentities/msi-id5867?api-version=2015-08-31-preview",
      "EncodedRequestUri": "L3N1YnNjcmlwdGlvbnMvMGIxZjY0NzEtMWJmMC00ZGRhLWFlYzMtY2I5MjcyZjA5NTkwL3Jlc291cmNlR3JvdXBzL3JnbXNpMjc4OC9wcm92aWRlcnMvTWljcm9zb2Z0Lk1hbmFnZWRJZGVudGl0eS91c2VyQXNzaWduZWRJZGVudGl0aWVzL21zaS1pZDU4Njc/YXBpLXZlcnNpb249MjAxNS0wOC0zMS1wcmV2aWV3",
      "RequestMethod": "PUT",
      "RequestBody": "{\r\n  \"location\": \"southcentralus\",\r\n  \"tags\": {}\r\n}",
      "RequestHeaders": {
        "Content-Type": [
          "application/json; charset=utf-8"
        ],
        "Content-Length": [
          "51"
        ],
        "x-ms-client-request-id": [
          "6918e365-059f-4a52-8204-2ed2cf910ef3"
        ],
        "accept-language": [
          "en-US"
        ],
        "User-Agent": [
          "FxVersion/4.6.25211.01",
          "Microsoft.Azure.Management.Msi.Fluent.ManagedServiceIdentityClient/1.11.0.0",
          "MacAddressHash/cc0dc995bd7689190d87305dca6418746f27065181fa649f43731fb8fc5f1b10"
        ]
      },
      "ResponseBody": "{\r\n  \"id\": \"/subscriptions/0b1f6471-1bf0-4dda-aec3-cb9272f09590/resourcegroups/rgmsi2788/providers/Microsoft.ManagedIdentity/userAssignedIdentities/msi-id5867\",\r\n  \"name\": \"msi-id5867\",\r\n  \"type\": \"Microsoft.ManagedIdentity/userAssignedIdentities\",\r\n  \"location\": \"southcentralus\",\r\n  \"tags\": {},\r\n  \"properties\": {\r\n    \"tenantId\": \"54826b22-38d6-4fb2-bad9-b7b93a3e9c5a\",\r\n    \"principalId\": \"8cb6dd1b-105f-4363-a3cb-692c430acc7e\",\r\n    \"clientId\": \"c43bbaa8-f997-4dbc-bbdb-6b6a98bf9fb8\",\r\n    \"clientSecretUrl\": \"https://control-southcentralus.identity.azure.net/subscriptions/0b1f6471-1bf0-4dda-aec3-cb9272f09590/resourcegroups/rgmsi2788/providers/Microsoft.ManagedIdentity/userAssignedIdentities/msi-id5867/credentials?tid=54826b22-38d6-4fb2-bad9-b7b93a3e9c5a&oid=8cb6dd1b-105f-4363-a3cb-692c430acc7e&aid=c43bbaa8-f997-4dbc-bbdb-6b6a98bf9fb8\"\r\n  }\r\n}",
      "ResponseHeaders": {
        "Content-Length": [
          "790"
        ],
        "Content-Type": [
          "application/json; charset=utf-8"
        ],
        "Expires": [
          "-1"
        ],
        "Cache-Control": [
          "no-cache"
        ],
        "Date": [
          "Wed, 27 Jun 2018 23:20:25 GMT"
        ],
        "Pragma": [
          "no-cache"
        ],
        "Location": [
          "/subscriptions/0b1f6471-1bf0-4dda-aec3-cb9272f09590/resourcegroups/rgmsi2788/providers/Microsoft.ManagedIdentity/userAssignedIdentities/msi-id5867"
        ],
        "Server": [
          "Microsoft-HTTPAPI/2.0"
        ],
        "Strict-Transport-Security": [
          "max-age=31536000; includeSubDomains"
        ],
        "x-ms-ratelimit-remaining-subscription-writes": [
          "1195"
        ],
        "x-ms-request-id": [
          "e6ad10f0-1fa7-493e-8da5-78fa28648c63"
        ],
        "x-ms-correlation-request-id": [
          "e6ad10f0-1fa7-493e-8da5-78fa28648c63"
        ],
        "x-ms-routing-request-id": [
          "WESTUS2:20180627T232025Z:e6ad10f0-1fa7-493e-8da5-78fa28648c63"
        ],
        "X-Content-Type-Options": [
          "nosniff"
        ]
      },
      "StatusCode": 201
    },
    {
      "RequestUri": "//subscriptions/0b1f6471-1bf0-4dda-aec3-cb9272f09590/resourceGroups/rgmsi2788/providers/Microsoft.Authorization/roleDefinitions?$filter=roleName%20eq%20'Contributor'&api-version=2018-01-01-preview",
      "EncodedRequestUri": "Ly9zdWJzY3JpcHRpb25zLzBiMWY2NDcxLTFiZjAtNGRkYS1hZWMzLWNiOTI3MmYwOTU5MC9yZXNvdXJjZUdyb3Vwcy9yZ21zaTI3ODgvcHJvdmlkZXJzL01pY3Jvc29mdC5BdXRob3JpemF0aW9uL3JvbGVEZWZpbml0aW9ucz8kZmlsdGVyPXJvbGVOYW1lJTIwZXElMjAnQ29udHJpYnV0b3InJmFwaS12ZXJzaW9uPTIwMTgtMDEtMDEtcHJldmlldw==",
      "RequestMethod": "GET",
      "RequestBody": "",
      "RequestHeaders": {
        "x-ms-client-request-id": [
          "7269efaa-e52f-40ec-952c-f7ef8602d196"
        ],
        "accept-language": [
          "en-US"
        ],
        "User-Agent": [
          "FxVersion/4.6.25211.01",
          "Microsoft.Azure.Management.Graph.RBAC.Fluent.AuthorizationManagementClient/1.11.0.0",
          "MacAddressHash/cc0dc995bd7689190d87305dca6418746f27065181fa649f43731fb8fc5f1b10"
        ]
      },
      "ResponseBody": "{\r\n  \"value\": [\r\n    {\r\n      \"properties\": {\r\n        \"roleName\": \"Contributor\",\r\n        \"type\": \"BuiltInRole\",\r\n        \"description\": \"Lets you manage everything except access to resources.\",\r\n        \"assignableScopes\": [\r\n          \"/\"\r\n        ],\r\n        \"permissions\": [\r\n          {\r\n            \"actions\": [\r\n              \"*\"\r\n            ],\r\n            \"notActions\": [\r\n              \"Microsoft.Authorization/*/Delete\",\r\n              \"Microsoft.Authorization/*/Write\",\r\n              \"Microsoft.Authorization/elevateAccess/Action\",\r\n              \"Microsoft.Blueprint/blueprintAssignments/write\",\r\n              \"Microsoft.Blueprint/blueprintAssignments/delete\"\r\n            ],\r\n            \"dataActions\": [],\r\n            \"notDataActions\": []\r\n          }\r\n        ],\r\n        \"createdOn\": \"0001-01-01T08:00:00Z\",\r\n        \"updatedOn\": \"2018-05-30T19:22:32.4538167Z\",\r\n        \"createdBy\": null,\r\n        \"updatedBy\": null\r\n      },\r\n      \"id\": \"/subscriptions/0b1f6471-1bf0-4dda-aec3-cb9272f09590/providers/Microsoft.Authorization/roleDefinitions/b24988ac-6180-42a0-ab88-20f7382dd24c\",\r\n      \"type\": \"Microsoft.Authorization/roleDefinitions\",\r\n      \"name\": \"b24988ac-6180-42a0-ab88-20f7382dd24c\"\r\n    }\r\n  ]\r\n}",
      "ResponseHeaders": {
        "Content-Type": [
          "application/json; charset=utf-8"
        ],
        "Expires": [
          "-1"
        ],
        "Cache-Control": [
          "no-cache"
        ],
        "Date": [
          "Wed, 27 Jun 2018 23:20:55 GMT"
        ],
        "Pragma": [
          "no-cache"
        ],
        "Transfer-Encoding": [
          "chunked"
        ],
        "Server": [
          "Microsoft-IIS/10.0"
        ],
        "Set-Cookie": [
          "x-ms-gateway-slice=productionb; path=/; secure; HttpOnly"
        ],
        "Vary": [
          "Accept-Encoding"
        ],
        "x-ms-request-charge": [
          "1"
        ],
        "x-ms-request-id": [
          "5d64d97b-1ccf-4444-bc6a-45b8d0153972"
        ],
        "X-Content-Type-Options": [
          "nosniff"
        ],
        "Strict-Transport-Security": [
          "max-age=31536000; includeSubDomains"
        ],
        "X-Powered-By": [
          "ASP.NET"
        ],
        "x-ms-ratelimit-remaining-subscription-reads": [
          "14984"
        ],
        "x-ms-correlation-request-id": [
          "53cb98c0-e1aa-4aee-91f7-438a237c583b"
        ],
        "x-ms-routing-request-id": [
          "WESTUS2:20180627T232056Z:53cb98c0-e1aa-4aee-91f7-438a237c583b"
        ]
      },
      "StatusCode": 200
    },
    {
      "RequestUri": "//subscriptions/0b1f6471-1bf0-4dda-aec3-cb9272f09590/resourceGroups/rgmsi2788/providers/Microsoft.Authorization/roleDefinitions?$filter=roleName%20eq%20'Contributor'&api-version=2018-01-01-preview",
      "EncodedRequestUri": "Ly9zdWJzY3JpcHRpb25zLzBiMWY2NDcxLTFiZjAtNGRkYS1hZWMzLWNiOTI3MmYwOTU5MC9yZXNvdXJjZUdyb3Vwcy9yZ21zaTI3ODgvcHJvdmlkZXJzL01pY3Jvc29mdC5BdXRob3JpemF0aW9uL3JvbGVEZWZpbml0aW9ucz8kZmlsdGVyPXJvbGVOYW1lJTIwZXElMjAnQ29udHJpYnV0b3InJmFwaS12ZXJzaW9uPTIwMTgtMDEtMDEtcHJldmlldw==",
      "RequestMethod": "GET",
      "RequestBody": "",
      "RequestHeaders": {
        "x-ms-client-request-id": [
          "6954c356-c9ce-4412-97f0-b4df85087151"
        ],
        "accept-language": [
          "en-US"
        ],
        "User-Agent": [
          "FxVersion/4.6.25211.01",
          "Microsoft.Azure.Management.Graph.RBAC.Fluent.AuthorizationManagementClient/1.11.0.0",
          "MacAddressHash/cc0dc995bd7689190d87305dca6418746f27065181fa649f43731fb8fc5f1b10"
        ]
      },
      "ResponseBody": "{\r\n  \"value\": [\r\n    {\r\n      \"properties\": {\r\n        \"roleName\": \"Contributor\",\r\n        \"type\": \"BuiltInRole\",\r\n        \"description\": \"Lets you manage everything except access to resources.\",\r\n        \"assignableScopes\": [\r\n          \"/\"\r\n        ],\r\n        \"permissions\": [\r\n          {\r\n            \"actions\": [\r\n              \"*\"\r\n            ],\r\n            \"notActions\": [\r\n              \"Microsoft.Authorization/*/Delete\",\r\n              \"Microsoft.Authorization/*/Write\",\r\n              \"Microsoft.Authorization/elevateAccess/Action\",\r\n              \"Microsoft.Blueprint/blueprintAssignments/write\",\r\n              \"Microsoft.Blueprint/blueprintAssignments/delete\"\r\n            ],\r\n            \"dataActions\": [],\r\n            \"notDataActions\": []\r\n          }\r\n        ],\r\n        \"createdOn\": \"0001-01-01T08:00:00Z\",\r\n        \"updatedOn\": \"2018-05-30T19:22:32.4538167Z\",\r\n        \"createdBy\": null,\r\n        \"updatedBy\": null\r\n      },\r\n      \"id\": \"/subscriptions/0b1f6471-1bf0-4dda-aec3-cb9272f09590/providers/Microsoft.Authorization/roleDefinitions/b24988ac-6180-42a0-ab88-20f7382dd24c\",\r\n      \"type\": \"Microsoft.Authorization/roleDefinitions\",\r\n      \"name\": \"b24988ac-6180-42a0-ab88-20f7382dd24c\"\r\n    }\r\n  ]\r\n}",
      "ResponseHeaders": {
        "Content-Type": [
          "application/json; charset=utf-8"
        ],
        "Expires": [
          "-1"
        ],
        "Cache-Control": [
          "no-cache"
        ],
        "Date": [
          "Wed, 27 Jun 2018 23:22:37 GMT"
        ],
        "Pragma": [
          "no-cache"
        ],
        "Transfer-Encoding": [
          "chunked"
        ],
        "Server": [
          "Microsoft-IIS/10.0"
        ],
        "Set-Cookie": [
          "x-ms-gateway-slice=productionb; path=/; secure; HttpOnly"
        ],
        "Vary": [
          "Accept-Encoding"
        ],
        "x-ms-request-charge": [
          "1"
        ],
        "x-ms-request-id": [
          "44239664-d003-49fb-9386-014d662a26d5"
        ],
        "X-Content-Type-Options": [
          "nosniff"
        ],
        "Strict-Transport-Security": [
          "max-age=31536000; includeSubDomains"
        ],
        "X-Powered-By": [
          "ASP.NET"
        ],
        "x-ms-ratelimit-remaining-subscription-reads": [
          "14977"
        ],
        "x-ms-correlation-request-id": [
          "2bfbedc5-4dbb-401d-9e2e-3c4f5ebdff0d"
        ],
        "x-ms-routing-request-id": [
          "WESTUS2:20180627T232238Z:2bfbedc5-4dbb-401d-9e2e-3c4f5ebdff0d"
        ]
      },
      "StatusCode": 200
    },
    {
      "RequestUri": "//subscriptions/0b1f6471-1bf0-4dda-aec3-cb9272f09590/resourceGroups/rgmsi2788/providers/Microsoft.Authorization/roleAssignments/6cdcaabe-e360-40d9-95e0-5d8f60232162?api-version=2018-01-01-preview",
      "EncodedRequestUri": "Ly9zdWJzY3JpcHRpb25zLzBiMWY2NDcxLTFiZjAtNGRkYS1hZWMzLWNiOTI3MmYwOTU5MC9yZXNvdXJjZUdyb3Vwcy9yZ21zaTI3ODgvcHJvdmlkZXJzL01pY3Jvc29mdC5BdXRob3JpemF0aW9uL3JvbGVBc3NpZ25tZW50cy82Y2RjYWFiZS1lMzYwLTQwZDktOTVlMC01ZDhmNjAyMzIxNjI/YXBpLXZlcnNpb249MjAxOC0wMS0wMS1wcmV2aWV3",
      "RequestMethod": "PUT",
      "RequestBody": "{\r\n  \"properties\": {\r\n    \"roleDefinitionId\": \"/subscriptions/0b1f6471-1bf0-4dda-aec3-cb9272f09590/providers/Microsoft.Authorization/roleDefinitions/b24988ac-6180-42a0-ab88-20f7382dd24c\",\r\n    \"principalId\": \"8cb6dd1b-105f-4363-a3cb-692c430acc7e\"\r\n  }\r\n}",
      "RequestHeaders": {
        "Content-Type": [
          "application/json; charset=utf-8"
        ],
        "Content-Length": [
          "254"
        ],
        "x-ms-client-request-id": [
          "bc299498-7754-460f-bb4a-1c3ec2d3e1aa"
        ],
        "accept-language": [
          "en-US"
        ],
        "User-Agent": [
          "FxVersion/4.6.25211.01",
          "Microsoft.Azure.Management.Graph.RBAC.Fluent.AuthorizationManagementClient/1.11.0.0",
          "MacAddressHash/cc0dc995bd7689190d87305dca6418746f27065181fa649f43731fb8fc5f1b10"
        ]
      },
      "ResponseBody": "{\r\n  \"properties\": {\r\n    \"roleDefinitionId\": \"/subscriptions/0b1f6471-1bf0-4dda-aec3-cb9272f09590/providers/Microsoft.Authorization/roleDefinitions/b24988ac-6180-42a0-ab88-20f7382dd24c\",\r\n    \"principalId\": \"8cb6dd1b-105f-4363-a3cb-692c430acc7e\",\r\n    \"principalType\": \"ServicePrincipal\",\r\n    \"scope\": \"/subscriptions/0b1f6471-1bf0-4dda-aec3-cb9272f09590/resourceGroups/rgmsi2788\",\r\n    \"createdOn\": \"2018-06-27T23:20:57.0113665Z\",\r\n    \"updatedOn\": \"2018-06-27T23:20:57.0113665Z\",\r\n    \"createdBy\": null,\r\n    \"updatedBy\": \"1c93a1ad-59cf-42fc-b6ce-0f5ffd464a70\"\r\n  },\r\n  \"id\": \"/subscriptions/0b1f6471-1bf0-4dda-aec3-cb9272f09590/resourceGroups/rgmsi2788/providers/Microsoft.Authorization/roleAssignments/6cdcaabe-e360-40d9-95e0-5d8f60232162\",\r\n  \"type\": \"Microsoft.Authorization/roleAssignments\",\r\n  \"name\": \"6cdcaabe-e360-40d9-95e0-5d8f60232162\"\r\n}",
      "ResponseHeaders": {
        "Content-Length": [
          "771"
        ],
        "Content-Type": [
          "application/json; charset=utf-8"
        ],
        "Expires": [
          "-1"
        ],
        "Cache-Control": [
          "no-cache"
        ],
        "Date": [
          "Wed, 27 Jun 2018 23:21:00 GMT"
        ],
        "Pragma": [
          "no-cache"
        ],
        "Server": [
          "Microsoft-IIS/10.0"
        ],
        "Set-Cookie": [
          "x-ms-gateway-slice=productionb; path=/; secure; HttpOnly"
        ],
        "x-ms-request-charge": [
          "4"
        ],
        "x-ms-request-id": [
          "b5205839-c8ec-4d99-9fab-7cf56be373d4"
        ],
        "X-Content-Type-Options": [
          "nosniff"
        ],
        "Strict-Transport-Security": [
          "max-age=31536000; includeSubDomains"
        ],
        "X-Powered-By": [
          "ASP.NET"
        ],
        "x-ms-ratelimit-remaining-subscription-writes": [
          "1194"
        ],
        "x-ms-correlation-request-id": [
          "8d146833-275a-4913-adb6-a51a8117941a"
        ],
        "x-ms-routing-request-id": [
          "WESTUS2:20180627T232100Z:8d146833-275a-4913-adb6-a51a8117941a"
        ]
      },
      "StatusCode": 201
    },
    {
      "RequestUri": "/subscriptions/0b1f6471-1bf0-4dda-aec3-cb9272f09590/providers/Microsoft.Compute/locations/southcentralus/operations/ce176f50-ef6c-4539-83e8-358c80f8a87e?api-version=2017-12-01",
      "EncodedRequestUri": "L3N1YnNjcmlwdGlvbnMvMGIxZjY0NzEtMWJmMC00ZGRhLWFlYzMtY2I5MjcyZjA5NTkwL3Byb3ZpZGVycy9NaWNyb3NvZnQuQ29tcHV0ZS9sb2NhdGlvbnMvc291dGhjZW50cmFsdXMvb3BlcmF0aW9ucy9jZTE3NmY1MC1lZjZjLTQ1MzktODNlOC0zNThjODBmOGE4N2U/YXBpLXZlcnNpb249MjAxNy0xMi0wMQ==",
      "RequestMethod": "GET",
      "RequestBody": "",
      "RequestHeaders": {
        "User-Agent": [
          "FxVersion/4.6.25211.01",
          "Microsoft.Azure.Management.Compute.Fluent.ComputeManagementClient/1.11.0.0",
          "MacAddressHash/cc0dc995bd7689190d87305dca6418746f27065181fa649f43731fb8fc5f1b10"
        ]
      },
      "ResponseBody": "{\r\n  \"startTime\": \"2018-06-27T16:21:01.7396619-07:00\",\r\n  \"endTime\": \"2018-06-27T16:21:13.3028678-07:00\",\r\n  \"status\": \"Succeeded\",\r\n  \"name\": \"ce176f50-ef6c-4539-83e8-358c80f8a87e\"\r\n}",
      "ResponseHeaders": {
        "Content-Type": [
          "application/json; charset=utf-8"
        ],
        "Expires": [
          "-1"
        ],
        "Cache-Control": [
          "no-cache"
        ],
        "Date": [
          "Wed, 27 Jun 2018 23:21:32 GMT"
        ],
        "Pragma": [
          "no-cache"
        ],
        "Transfer-Encoding": [
          "chunked"
        ],
        "Server": [
          "Microsoft-HTTPAPI/2.0",
          "Microsoft-HTTPAPI/2.0"
        ],
        "Vary": [
          "Accept-Encoding"
        ],
        "x-ms-ratelimit-remaining-resource": [
          "Microsoft.Compute/GetOperation3Min;14985,Microsoft.Compute/GetOperation30Min;29956"
        ],
        "Strict-Transport-Security": [
          "max-age=31536000; includeSubDomains"
        ],
        "x-ms-served-by": [
          "d0e8ea9a-296d-4a42-b0c4-00ed1becd3d2_131739680856629074"
        ],
        "x-ms-request-id": [
          "7ce8fe5f-3bae-446f-b33d-55028c4646a5"
        ],
        "x-ms-ratelimit-remaining-subscription-reads": [
          "14983"
        ],
        "x-ms-correlation-request-id": [
          "d3e1894e-dfee-4eaa-a164-939e9b8f9d5e"
        ],
        "x-ms-routing-request-id": [
          "WESTUS2:20180627T232132Z:d3e1894e-dfee-4eaa-a164-939e9b8f9d5e"
        ],
        "X-Content-Type-Options": [
          "nosniff"
        ]
      },
      "StatusCode": 200
    },
    {
      "RequestUri": "/subscriptions/0b1f6471-1bf0-4dda-aec3-cb9272f09590/resourceGroups/rgmsi2788/providers/Microsoft.Compute/virtualMachines/javavm/extensions/ManagedIdentityExtensionForLinux?api-version=2017-12-01",
      "EncodedRequestUri": "L3N1YnNjcmlwdGlvbnMvMGIxZjY0NzEtMWJmMC00ZGRhLWFlYzMtY2I5MjcyZjA5NTkwL3Jlc291cmNlR3JvdXBzL3JnbXNpMjc4OC9wcm92aWRlcnMvTWljcm9zb2Z0LkNvbXB1dGUvdmlydHVhbE1hY2hpbmVzL2phdmF2bS9leHRlbnNpb25zL01hbmFnZWRJZGVudGl0eUV4dGVuc2lvbkZvckxpbnV4P2FwaS12ZXJzaW9uPTIwMTctMTItMDE=",
      "RequestMethod": "PUT",
      "RequestBody": "{\r\n  \"properties\": {\r\n    \"publisher\": \"Microsoft.ManagedIdentity\",\r\n    \"type\": \"ManagedIdentityExtensionForLinux\",\r\n    \"typeHandlerVersion\": \"1.0\",\r\n    \"autoUpgradeMinorVersion\": true,\r\n    \"settings\": {\r\n      \"port\": 50342\r\n    }\r\n  },\r\n  \"location\": \"southcentralus\"\r\n}",
      "RequestHeaders": {
        "Content-Type": [
          "application/json; charset=utf-8"
        ],
        "Content-Length": [
          "276"
        ],
        "x-ms-client-request-id": [
          "a0ff7edc-8f88-4c39-b275-d654aad30fe1"
        ],
        "accept-language": [
          "en-US"
        ],
        "User-Agent": [
          "FxVersion/4.6.25211.01",
          "Microsoft.Azure.Management.Compute.Fluent.ComputeManagementClient/1.11.0.0",
          "MacAddressHash/cc0dc995bd7689190d87305dca6418746f27065181fa649f43731fb8fc5f1b10"
        ]
      },
      "ResponseBody": "{\r\n  \"properties\": {\r\n    \"autoUpgradeMinorVersion\": true,\r\n    \"settings\": {\r\n      \"port\": 50342\r\n    },\r\n    \"provisioningState\": \"Creating\",\r\n    \"publisher\": \"Microsoft.ManagedIdentity\",\r\n    \"type\": \"ManagedIdentityExtensionForLinux\",\r\n    \"typeHandlerVersion\": \"1.0\"\r\n  },\r\n  \"type\": \"Microsoft.Compute/virtualMachines/extensions\",\r\n  \"location\": \"southcentralus\",\r\n  \"id\": \"/subscriptions/0b1f6471-1bf0-4dda-aec3-cb9272f09590/resourceGroups/rgmsi2788/providers/Microsoft.Compute/virtualMachines/javavm/extensions/ManagedIdentityExtensionForLinux\",\r\n  \"name\": \"ManagedIdentityExtensionForLinux\"\r\n}",
      "ResponseHeaders": {
        "Content-Length": [
          "589"
        ],
        "Content-Type": [
          "application/json; charset=utf-8"
        ],
        "Expires": [
          "-1"
        ],
        "Cache-Control": [
          "no-cache"
        ],
        "Date": [
          "Wed, 27 Jun 2018 23:21:34 GMT"
        ],
        "Pragma": [
          "no-cache"
        ],
        "Server": [
          "Microsoft-HTTPAPI/2.0",
          "Microsoft-HTTPAPI/2.0"
        ],
        "Azure-AsyncOperation": [
          "https://management.azure.com/subscriptions/0b1f6471-1bf0-4dda-aec3-cb9272f09590/providers/Microsoft.Compute/locations/southcentralus/operations/9a76942d-3d56-4db8-a141-fc50862bb8d7?api-version=2017-12-01"
        ],
        "x-ms-ratelimit-remaining-resource": [
          "Microsoft.Compute/UpdateVM3Min;239,Microsoft.Compute/UpdateVM30Min;1198"
        ],
        "Strict-Transport-Security": [
          "max-age=31536000; includeSubDomains"
        ],
        "x-ms-served-by": [
          "d0e8ea9a-296d-4a42-b0c4-00ed1becd3d2_131739680856629074"
        ],
        "x-ms-request-id": [
          "9a76942d-3d56-4db8-a141-fc50862bb8d7"
        ],
        "x-ms-ratelimit-remaining-subscription-writes": [
          "1192"
        ],
        "x-ms-correlation-request-id": [
          "70631810-a466-4afd-b2e6-ced01f343ced"
        ],
        "x-ms-routing-request-id": [
          "WESTUS2:20180627T232134Z:70631810-a466-4afd-b2e6-ced01f343ced"
        ],
        "X-Content-Type-Options": [
          "nosniff"
        ]
      },
      "StatusCode": 201
    },
    {
      "RequestUri": "/subscriptions/0b1f6471-1bf0-4dda-aec3-cb9272f09590/providers/Microsoft.Compute/locations/southcentralus/operations/9a76942d-3d56-4db8-a141-fc50862bb8d7?api-version=2017-12-01",
      "EncodedRequestUri": "L3N1YnNjcmlwdGlvbnMvMGIxZjY0NzEtMWJmMC00ZGRhLWFlYzMtY2I5MjcyZjA5NTkwL3Byb3ZpZGVycy9NaWNyb3NvZnQuQ29tcHV0ZS9sb2NhdGlvbnMvc291dGhjZW50cmFsdXMvb3BlcmF0aW9ucy85YTc2OTQyZC0zZDU2LTRkYjgtYTE0MS1mYzUwODYyYmI4ZDc/YXBpLXZlcnNpb249MjAxNy0xMi0wMQ==",
      "RequestMethod": "GET",
      "RequestBody": "",
      "RequestHeaders": {
        "User-Agent": [
          "FxVersion/4.6.25211.01",
          "Microsoft.Azure.Management.Compute.Fluent.ComputeManagementClient/1.11.0.0",
          "MacAddressHash/cc0dc995bd7689190d87305dca6418746f27065181fa649f43731fb8fc5f1b10"
        ]
      },
      "ResponseBody": "{\r\n  \"startTime\": \"2018-06-27T16:21:33.7871788-07:00\",\r\n  \"endTime\": \"2018-06-27T16:21:54.5239391-07:00\",\r\n  \"status\": \"Succeeded\",\r\n  \"name\": \"9a76942d-3d56-4db8-a141-fc50862bb8d7\"\r\n}",
      "ResponseHeaders": {
        "Content-Type": [
          "application/json; charset=utf-8"
        ],
        "Expires": [
          "-1"
        ],
        "Cache-Control": [
          "no-cache"
        ],
        "Date": [
          "Wed, 27 Jun 2018 23:22:03 GMT"
        ],
        "Pragma": [
          "no-cache"
        ],
        "Transfer-Encoding": [
          "chunked"
        ],
        "Server": [
          "Microsoft-HTTPAPI/2.0",
          "Microsoft-HTTPAPI/2.0"
        ],
        "Vary": [
          "Accept-Encoding"
        ],
        "x-ms-ratelimit-remaining-resource": [
          "Microsoft.Compute/GetOperation3Min;14987,Microsoft.Compute/GetOperation30Min;29954"
        ],
        "Strict-Transport-Security": [
          "max-age=31536000; includeSubDomains"
        ],
        "x-ms-served-by": [
          "d0e8ea9a-296d-4a42-b0c4-00ed1becd3d2_131739680856629074"
        ],
        "x-ms-request-id": [
          "30179046-b065-4f98-b132-58631fa97994"
        ],
        "x-ms-ratelimit-remaining-subscription-reads": [
          "14981"
        ],
        "x-ms-correlation-request-id": [
          "1b497d5c-d906-47d6-8961-4080ccd5f4c9"
        ],
        "x-ms-routing-request-id": [
          "WESTUS2:20180627T232204Z:1b497d5c-d906-47d6-8961-4080ccd5f4c9"
        ],
        "X-Content-Type-Options": [
          "nosniff"
        ]
      },
      "StatusCode": 200
    },
    {
      "RequestUri": "/subscriptions/0b1f6471-1bf0-4dda-aec3-cb9272f09590/resourceGroups/rgmsi2788/providers/Microsoft.Compute/virtualMachines/javavm/extensions/ManagedIdentityExtensionForLinux?api-version=2017-12-01",
      "EncodedRequestUri": "L3N1YnNjcmlwdGlvbnMvMGIxZjY0NzEtMWJmMC00ZGRhLWFlYzMtY2I5MjcyZjA5NTkwL3Jlc291cmNlR3JvdXBzL3JnbXNpMjc4OC9wcm92aWRlcnMvTWljcm9zb2Z0LkNvbXB1dGUvdmlydHVhbE1hY2hpbmVzL2phdmF2bS9leHRlbnNpb25zL01hbmFnZWRJZGVudGl0eUV4dGVuc2lvbkZvckxpbnV4P2FwaS12ZXJzaW9uPTIwMTctMTItMDE=",
      "RequestMethod": "GET",
      "RequestBody": "",
      "RequestHeaders": {
        "User-Agent": [
          "FxVersion/4.6.25211.01",
          "Microsoft.Azure.Management.Compute.Fluent.ComputeManagementClient/1.11.0.0",
          "MacAddressHash/cc0dc995bd7689190d87305dca6418746f27065181fa649f43731fb8fc5f1b10"
        ]
      },
      "ResponseBody": "{\r\n  \"properties\": {\r\n    \"autoUpgradeMinorVersion\": true,\r\n    \"settings\": {\r\n      \"port\": 50342\r\n    },\r\n    \"provisioningState\": \"Succeeded\",\r\n    \"publisher\": \"Microsoft.ManagedIdentity\",\r\n    \"type\": \"ManagedIdentityExtensionForLinux\",\r\n    \"typeHandlerVersion\": \"1.0\"\r\n  },\r\n  \"type\": \"Microsoft.Compute/virtualMachines/extensions\",\r\n  \"location\": \"southcentralus\",\r\n  \"id\": \"/subscriptions/0b1f6471-1bf0-4dda-aec3-cb9272f09590/resourceGroups/rgmsi2788/providers/Microsoft.Compute/virtualMachines/javavm/extensions/ManagedIdentityExtensionForLinux\",\r\n  \"name\": \"ManagedIdentityExtensionForLinux\"\r\n}",
      "ResponseHeaders": {
        "Content-Type": [
          "application/json; charset=utf-8"
        ],
        "Expires": [
          "-1"
        ],
        "Cache-Control": [
          "no-cache"
        ],
        "Date": [
          "Wed, 27 Jun 2018 23:22:03 GMT"
        ],
        "Pragma": [
          "no-cache"
        ],
        "Transfer-Encoding": [
          "chunked"
        ],
        "Server": [
          "Microsoft-HTTPAPI/2.0",
          "Microsoft-HTTPAPI/2.0"
        ],
        "Vary": [
          "Accept-Encoding"
        ],
        "x-ms-ratelimit-remaining-resource": [
          "Microsoft.Compute/LowCostGet3Min;4189,Microsoft.Compute/LowCostGet30Min;33576"
        ],
        "Strict-Transport-Security": [
          "max-age=31536000; includeSubDomains"
        ],
        "x-ms-served-by": [
          "d0e8ea9a-296d-4a42-b0c4-00ed1becd3d2_131739680856629074"
        ],
        "x-ms-request-id": [
          "0eb1fa41-99dd-4a92-8084-9c07c34789cc"
        ],
        "x-ms-ratelimit-remaining-subscription-reads": [
          "14980"
        ],
        "x-ms-correlation-request-id": [
          "4d4dc4e9-3fbd-4619-8494-ad36212f6bc5"
        ],
        "x-ms-routing-request-id": [
          "WESTUS2:20180627T232204Z:4d4dc4e9-3fbd-4619-8494-ad36212f6bc5"
        ],
        "X-Content-Type-Options": [
          "nosniff"
        ]
      },
      "StatusCode": 200
    },
    {
      "RequestUri": "/subscriptions/0b1f6471-1bf0-4dda-aec3-cb9272f09590/resourceGroups/rgmsi2788/providers/Microsoft.ManagedIdentity/userAssignedIdentities/msi-id5867?api-version=2015-08-31-preview",
      "EncodedRequestUri": "L3N1YnNjcmlwdGlvbnMvMGIxZjY0NzEtMWJmMC00ZGRhLWFlYzMtY2I5MjcyZjA5NTkwL3Jlc291cmNlR3JvdXBzL3JnbXNpMjc4OC9wcm92aWRlcnMvTWljcm9zb2Z0Lk1hbmFnZWRJZGVudGl0eS91c2VyQXNzaWduZWRJZGVudGl0aWVzL21zaS1pZDU4Njc/YXBpLXZlcnNpb249MjAxNS0wOC0zMS1wcmV2aWV3",
      "RequestMethod": "GET",
      "RequestBody": "",
      "RequestHeaders": {
        "x-ms-client-request-id": [
          "8b5fedd9-1d39-4585-9804-fa1f98472468"
        ],
        "accept-language": [
          "en-US"
        ],
        "User-Agent": [
          "FxVersion/4.6.25211.01",
          "Microsoft.Azure.Management.Msi.Fluent.ManagedServiceIdentityClient/1.11.0.0",
          "MacAddressHash/cc0dc995bd7689190d87305dca6418746f27065181fa649f43731fb8fc5f1b10"
        ]
      },
      "ResponseBody": "{\r\n  \"id\": \"/subscriptions/0b1f6471-1bf0-4dda-aec3-cb9272f09590/resourcegroups/rgmsi2788/providers/Microsoft.ManagedIdentity/userAssignedIdentities/msi-id5867\",\r\n  \"name\": \"msi-id5867\",\r\n  \"type\": \"Microsoft.ManagedIdentity/userAssignedIdentities\",\r\n  \"location\": \"southcentralus\",\r\n  \"tags\": {},\r\n  \"properties\": {\r\n    \"tenantId\": \"54826b22-38d6-4fb2-bad9-b7b93a3e9c5a\",\r\n    \"principalId\": \"8cb6dd1b-105f-4363-a3cb-692c430acc7e\",\r\n    \"clientId\": \"c43bbaa8-f997-4dbc-bbdb-6b6a98bf9fb8\",\r\n    \"clientSecretUrl\": \"https://control-southcentralus.identity.azure.net/subscriptions/0b1f6471-1bf0-4dda-aec3-cb9272f09590/resourcegroups/rgmsi2788/providers/Microsoft.ManagedIdentity/userAssignedIdentities/msi-id5867/credentials?tid=54826b22-38d6-4fb2-bad9-b7b93a3e9c5a&oid=8cb6dd1b-105f-4363-a3cb-692c430acc7e&aid=c43bbaa8-f997-4dbc-bbdb-6b6a98bf9fb8\"\r\n  }\r\n}",
      "ResponseHeaders": {
        "Content-Type": [
          "application/json; charset=utf-8"
        ],
        "Expires": [
          "-1"
        ],
        "Cache-Control": [
          "no-cache"
        ],
        "Date": [
          "Wed, 27 Jun 2018 23:22:04 GMT"
        ],
        "Pragma": [
          "no-cache"
        ],
        "Transfer-Encoding": [
          "chunked"
        ],
        "Server": [
          "Microsoft-HTTPAPI/2.0"
        ],
        "Vary": [
          "Accept-Encoding"
        ],
        "Strict-Transport-Security": [
          "max-age=31536000; includeSubDomains"
        ],
        "x-ms-ratelimit-remaining-subscription-reads": [
          "14978"
        ],
        "x-ms-request-id": [
          "697de501-e591-4ecb-ab82-2d4b0e09b3d5"
        ],
        "x-ms-correlation-request-id": [
          "697de501-e591-4ecb-ab82-2d4b0e09b3d5"
        ],
        "x-ms-routing-request-id": [
          "WESTUS2:20180627T232204Z:697de501-e591-4ecb-ab82-2d4b0e09b3d5"
        ],
        "X-Content-Type-Options": [
          "nosniff"
        ]
      },
      "StatusCode": 200
    },
    {
      "RequestUri": "/subscriptions/0b1f6471-1bf0-4dda-aec3-cb9272f09590/resourceGroups/rgmsi2788/providers/Microsoft.ManagedIdentity/userAssignedIdentities/msi-id4144?api-version=2015-08-31-preview",
      "EncodedRequestUri": "L3N1YnNjcmlwdGlvbnMvMGIxZjY0NzEtMWJmMC00ZGRhLWFlYzMtY2I5MjcyZjA5NTkwL3Jlc291cmNlR3JvdXBzL3JnbXNpMjc4OC9wcm92aWRlcnMvTWljcm9zb2Z0Lk1hbmFnZWRJZGVudGl0eS91c2VyQXNzaWduZWRJZGVudGl0aWVzL21zaS1pZDQxNDQ/YXBpLXZlcnNpb249MjAxNS0wOC0zMS1wcmV2aWV3",
      "RequestMethod": "PUT",
      "RequestBody": "{\r\n  \"location\": \"southcentralus\",\r\n  \"tags\": {}\r\n}",
      "RequestHeaders": {
        "Content-Type": [
          "application/json; charset=utf-8"
        ],
        "Content-Length": [
          "51"
        ],
        "x-ms-client-request-id": [
          "7749d132-c2e0-42eb-a8c1-65aaebbcf199"
        ],
        "accept-language": [
          "en-US"
        ],
        "User-Agent": [
          "FxVersion/4.6.25211.01",
          "Microsoft.Azure.Management.Msi.Fluent.ManagedServiceIdentityClient/1.11.0.0",
          "MacAddressHash/cc0dc995bd7689190d87305dca6418746f27065181fa649f43731fb8fc5f1b10"
        ]
      },
      "ResponseBody": "{\r\n  \"id\": \"/subscriptions/0b1f6471-1bf0-4dda-aec3-cb9272f09590/resourcegroups/rgmsi2788/providers/Microsoft.ManagedIdentity/userAssignedIdentities/msi-id4144\",\r\n  \"name\": \"msi-id4144\",\r\n  \"type\": \"Microsoft.ManagedIdentity/userAssignedIdentities\",\r\n  \"location\": \"southcentralus\",\r\n  \"tags\": {},\r\n  \"properties\": {\r\n    \"tenantId\": \"54826b22-38d6-4fb2-bad9-b7b93a3e9c5a\",\r\n    \"principalId\": \"ba5e1e32-a045-4efd-ba9a-95e1423ba18a\",\r\n    \"clientId\": \"f491f9d9-3dcf-48d5-bec7-c9535165af56\",\r\n    \"clientSecretUrl\": \"https://control-southcentralus.identity.azure.net/subscriptions/0b1f6471-1bf0-4dda-aec3-cb9272f09590/resourcegroups/rgmsi2788/providers/Microsoft.ManagedIdentity/userAssignedIdentities/msi-id4144/credentials?tid=54826b22-38d6-4fb2-bad9-b7b93a3e9c5a&oid=ba5e1e32-a045-4efd-ba9a-95e1423ba18a&aid=f491f9d9-3dcf-48d5-bec7-c9535165af56\"\r\n  }\r\n}",
      "ResponseHeaders": {
        "Content-Length": [
          "790"
        ],
        "Content-Type": [
          "application/json; charset=utf-8"
        ],
        "Expires": [
          "-1"
        ],
        "Cache-Control": [
          "no-cache"
        ],
        "Date": [
          "Wed, 27 Jun 2018 23:22:07 GMT"
        ],
        "Pragma": [
          "no-cache"
        ],
        "Location": [
          "/subscriptions/0b1f6471-1bf0-4dda-aec3-cb9272f09590/resourcegroups/rgmsi2788/providers/Microsoft.ManagedIdentity/userAssignedIdentities/msi-id4144"
        ],
        "Server": [
          "Microsoft-HTTPAPI/2.0"
        ],
        "Strict-Transport-Security": [
          "max-age=31536000; includeSubDomains"
        ],
        "x-ms-ratelimit-remaining-subscription-writes": [
          "1191"
        ],
        "x-ms-request-id": [
          "985eab8c-0082-4b61-8f96-6ac5719154ea"
        ],
        "x-ms-correlation-request-id": [
          "985eab8c-0082-4b61-8f96-6ac5719154ea"
        ],
        "x-ms-routing-request-id": [
          "WESTUS2:20180627T232208Z:985eab8c-0082-4b61-8f96-6ac5719154ea"
        ],
        "X-Content-Type-Options": [
          "nosniff"
        ]
      },
      "StatusCode": 201
    },
    {
      "RequestUri": "//subscriptions/0b1f6471-1bf0-4dda-aec3-cb9272f09590/resourceGroups/rgmsi2788/providers/Microsoft.Authorization/roleAssignments/9d7a2f6e-d635-4beb-ba4f-0dc4fe8466a4?api-version=2018-01-01-preview",
      "EncodedRequestUri": "Ly9zdWJzY3JpcHRpb25zLzBiMWY2NDcxLTFiZjAtNGRkYS1hZWMzLWNiOTI3MmYwOTU5MC9yZXNvdXJjZUdyb3Vwcy9yZ21zaTI3ODgvcHJvdmlkZXJzL01pY3Jvc29mdC5BdXRob3JpemF0aW9uL3JvbGVBc3NpZ25tZW50cy85ZDdhMmY2ZS1kNjM1LTRiZWItYmE0Zi0wZGM0ZmU4NDY2YTQ/YXBpLXZlcnNpb249MjAxOC0wMS0wMS1wcmV2aWV3",
      "RequestMethod": "PUT",
      "RequestBody": "{\r\n  \"properties\": {\r\n    \"roleDefinitionId\": \"/subscriptions/0b1f6471-1bf0-4dda-aec3-cb9272f09590/providers/Microsoft.Authorization/roleDefinitions/b24988ac-6180-42a0-ab88-20f7382dd24c\",\r\n    \"principalId\": \"ba5e1e32-a045-4efd-ba9a-95e1423ba18a\"\r\n  }\r\n}",
      "RequestHeaders": {
        "Content-Type": [
          "application/json; charset=utf-8"
        ],
        "Content-Length": [
          "254"
        ],
        "x-ms-client-request-id": [
          "cf4ce501-cf7b-4cab-ae2e-f2f4451a0fd7"
        ],
        "accept-language": [
          "en-US"
        ],
        "User-Agent": [
          "FxVersion/4.6.25211.01",
          "Microsoft.Azure.Management.Graph.RBAC.Fluent.AuthorizationManagementClient/1.11.0.0",
          "MacAddressHash/cc0dc995bd7689190d87305dca6418746f27065181fa649f43731fb8fc5f1b10"
        ]
      },
      "ResponseBody": "{\r\n  \"properties\": {\r\n    \"roleDefinitionId\": \"/subscriptions/0b1f6471-1bf0-4dda-aec3-cb9272f09590/providers/Microsoft.Authorization/roleDefinitions/b24988ac-6180-42a0-ab88-20f7382dd24c\",\r\n    \"principalId\": \"ba5e1e32-a045-4efd-ba9a-95e1423ba18a\",\r\n    \"principalType\": \"ServicePrincipal\",\r\n    \"scope\": \"/subscriptions/0b1f6471-1bf0-4dda-aec3-cb9272f09590/resourceGroups/rgmsi2788\",\r\n    \"createdOn\": \"2018-06-27T23:22:39.5687611Z\",\r\n    \"updatedOn\": \"2018-06-27T23:22:39.5687611Z\",\r\n    \"createdBy\": null,\r\n    \"updatedBy\": \"1c93a1ad-59cf-42fc-b6ce-0f5ffd464a70\"\r\n  },\r\n  \"id\": \"/subscriptions/0b1f6471-1bf0-4dda-aec3-cb9272f09590/resourceGroups/rgmsi2788/providers/Microsoft.Authorization/roleAssignments/9d7a2f6e-d635-4beb-ba4f-0dc4fe8466a4\",\r\n  \"type\": \"Microsoft.Authorization/roleAssignments\",\r\n  \"name\": \"9d7a2f6e-d635-4beb-ba4f-0dc4fe8466a4\"\r\n}",
      "ResponseHeaders": {
        "Content-Length": [
          "771"
        ],
        "Content-Type": [
          "application/json; charset=utf-8"
        ],
        "Expires": [
          "-1"
        ],
        "Cache-Control": [
          "no-cache"
        ],
        "Date": [
          "Wed, 27 Jun 2018 23:22:41 GMT"
        ],
        "Pragma": [
          "no-cache"
        ],
        "Server": [
          "Microsoft-IIS/10.0"
        ],
        "Set-Cookie": [
          "x-ms-gateway-slice=productionb; path=/; secure; HttpOnly"
        ],
        "x-ms-request-charge": [
          "3"
        ],
        "x-ms-request-id": [
          "b88b61e8-0248-424e-b20e-a9f1f1af8505"
        ],
        "X-Content-Type-Options": [
          "nosniff"
        ],
        "Strict-Transport-Security": [
          "max-age=31536000; includeSubDomains"
        ],
        "X-Powered-By": [
          "ASP.NET"
        ],
        "x-ms-ratelimit-remaining-subscription-writes": [
          "1190"
        ],
        "x-ms-correlation-request-id": [
          "d554ba84-8773-46f4-950c-1a8925ac3f6b"
        ],
        "x-ms-routing-request-id": [
          "WESTUS2:20180627T232242Z:d554ba84-8773-46f4-950c-1a8925ac3f6b"
        ]
      },
      "StatusCode": 201
    },
    {
      "RequestUri": "/subscriptions/0b1f6471-1bf0-4dda-aec3-cb9272f09590/providers/Microsoft.Compute/locations/southcentralus/operations/9a309cff-ce77-4c34-ac7e-05ca7a4aabfe?api-version=2017-12-01",
      "EncodedRequestUri": "L3N1YnNjcmlwdGlvbnMvMGIxZjY0NzEtMWJmMC00ZGRhLWFlYzMtY2I5MjcyZjA5NTkwL3Byb3ZpZGVycy9NaWNyb3NvZnQuQ29tcHV0ZS9sb2NhdGlvbnMvc291dGhjZW50cmFsdXMvb3BlcmF0aW9ucy85YTMwOWNmZi1jZTc3LTRjMzQtYWM3ZS0wNWNhN2E0YWFiZmU/YXBpLXZlcnNpb249MjAxNy0xMi0wMQ==",
      "RequestMethod": "GET",
      "RequestBody": "",
      "RequestHeaders": {
        "User-Agent": [
          "FxVersion/4.6.25211.01",
          "Microsoft.Azure.Management.Compute.Fluent.ComputeManagementClient/1.11.0.0",
          "MacAddressHash/cc0dc995bd7689190d87305dca6418746f27065181fa649f43731fb8fc5f1b10"
        ]
      },
      "ResponseBody": "{\r\n  \"startTime\": \"2018-06-27T16:22:43.1981545-07:00\",\r\n  \"endTime\": \"2018-06-27T16:22:54.1982818-07:00\",\r\n  \"status\": \"Succeeded\",\r\n  \"name\": \"9a309cff-ce77-4c34-ac7e-05ca7a4aabfe\"\r\n}",
      "ResponseHeaders": {
        "Content-Type": [
          "application/json; charset=utf-8"
        ],
        "Expires": [
          "-1"
        ],
        "Cache-Control": [
          "no-cache"
        ],
        "Date": [
          "Wed, 27 Jun 2018 23:23:13 GMT"
        ],
        "Pragma": [
          "no-cache"
        ],
        "Transfer-Encoding": [
          "chunked"
        ],
        "Server": [
          "Microsoft-HTTPAPI/2.0",
          "Microsoft-HTTPAPI/2.0"
        ],
        "Vary": [
          "Accept-Encoding"
        ],
        "x-ms-ratelimit-remaining-resource": [
          "Microsoft.Compute/GetOperation3Min;14990,Microsoft.Compute/GetOperation30Min;29949"
        ],
        "Strict-Transport-Security": [
          "max-age=31536000; includeSubDomains"
        ],
        "x-ms-served-by": [
          "d0e8ea9a-296d-4a42-b0c4-00ed1becd3d2_131739680856629074"
        ],
        "x-ms-request-id": [
          "4756ec1b-eb7a-4a66-a1aa-bd4bc0624d0f"
        ],
        "x-ms-ratelimit-remaining-subscription-reads": [
          "14976"
        ],
        "x-ms-correlation-request-id": [
          "23f1f8f4-8fe2-47d5-a723-e9ae23b60b95"
        ],
        "x-ms-routing-request-id": [
          "WESTUS2:20180627T232313Z:23f1f8f4-8fe2-47d5-a723-e9ae23b60b95"
        ],
        "X-Content-Type-Options": [
          "nosniff"
        ]
      },
      "StatusCode": 200
    },
    {
      "RequestUri": "/subscriptions/0b1f6471-1bf0-4dda-aec3-cb9272f09590/resourceGroups/rgmsi2788/providers/Microsoft.ManagedIdentity/userAssignedIdentities/msi-id4144?api-version=2015-08-31-preview",
      "EncodedRequestUri": "L3N1YnNjcmlwdGlvbnMvMGIxZjY0NzEtMWJmMC00ZGRhLWFlYzMtY2I5MjcyZjA5NTkwL3Jlc291cmNlR3JvdXBzL3JnbXNpMjc4OC9wcm92aWRlcnMvTWljcm9zb2Z0Lk1hbmFnZWRJZGVudGl0eS91c2VyQXNzaWduZWRJZGVudGl0aWVzL21zaS1pZDQxNDQ/YXBpLXZlcnNpb249MjAxNS0wOC0zMS1wcmV2aWV3",
      "RequestMethod": "GET",
      "RequestBody": "",
      "RequestHeaders": {
        "x-ms-client-request-id": [
          "460a3c9c-0b2e-4721-8c5a-4a8a7e99495d"
        ],
        "accept-language": [
          "en-US"
        ],
        "User-Agent": [
          "FxVersion/4.6.25211.01",
          "Microsoft.Azure.Management.Msi.Fluent.ManagedServiceIdentityClient/1.11.0.0",
          "MacAddressHash/cc0dc995bd7689190d87305dca6418746f27065181fa649f43731fb8fc5f1b10"
        ]
      },
      "ResponseBody": "{\r\n  \"id\": \"/subscriptions/0b1f6471-1bf0-4dda-aec3-cb9272f09590/resourcegroups/rgmsi2788/providers/Microsoft.ManagedIdentity/userAssignedIdentities/msi-id4144\",\r\n  \"name\": \"msi-id4144\",\r\n  \"type\": \"Microsoft.ManagedIdentity/userAssignedIdentities\",\r\n  \"location\": \"southcentralus\",\r\n  \"tags\": {},\r\n  \"properties\": {\r\n    \"tenantId\": \"54826b22-38d6-4fb2-bad9-b7b93a3e9c5a\",\r\n    \"principalId\": \"ba5e1e32-a045-4efd-ba9a-95e1423ba18a\",\r\n    \"clientId\": \"f491f9d9-3dcf-48d5-bec7-c9535165af56\",\r\n    \"clientSecretUrl\": \"https://control-southcentralus.identity.azure.net/subscriptions/0b1f6471-1bf0-4dda-aec3-cb9272f09590/resourcegroups/rgmsi2788/providers/Microsoft.ManagedIdentity/userAssignedIdentities/msi-id4144/credentials?tid=54826b22-38d6-4fb2-bad9-b7b93a3e9c5a&oid=ba5e1e32-a045-4efd-ba9a-95e1423ba18a&aid=f491f9d9-3dcf-48d5-bec7-c9535165af56\"\r\n  }\r\n}",
      "ResponseHeaders": {
        "Content-Type": [
          "application/json; charset=utf-8"
        ],
        "Expires": [
          "-1"
        ],
        "Cache-Control": [
          "no-cache"
        ],
        "Date": [
          "Wed, 27 Jun 2018 23:23:13 GMT"
        ],
        "Pragma": [
          "no-cache"
        ],
        "Transfer-Encoding": [
          "chunked"
        ],
        "Server": [
          "Microsoft-HTTPAPI/2.0"
        ],
        "Vary": [
          "Accept-Encoding"
        ],
        "Strict-Transport-Security": [
          "max-age=31536000; includeSubDomains"
        ],
        "x-ms-ratelimit-remaining-subscription-reads": [
          "14974"
        ],
        "x-ms-request-id": [
          "4805d587-4b36-4d06-8ed5-05340cc4c9de"
        ],
        "x-ms-correlation-request-id": [
          "4805d587-4b36-4d06-8ed5-05340cc4c9de"
        ],
        "x-ms-routing-request-id": [
          "WESTUS2:20180627T232314Z:4805d587-4b36-4d06-8ed5-05340cc4c9de"
        ],
        "X-Content-Type-Options": [
          "nosniff"
        ]
      },
      "StatusCode": 200
    },
    {
      "RequestUri": "/subscriptions/0b1f6471-1bf0-4dda-aec3-cb9272f09590/providers/Microsoft.Compute/locations/southcentralus/operations/d7844bb6-e607-4e8e-91ea-b9e46fb408d3?api-version=2017-12-01",
      "EncodedRequestUri": "L3N1YnNjcmlwdGlvbnMvMGIxZjY0NzEtMWJmMC00ZGRhLWFlYzMtY2I5MjcyZjA5NTkwL3Byb3ZpZGVycy9NaWNyb3NvZnQuQ29tcHV0ZS9sb2NhdGlvbnMvc291dGhjZW50cmFsdXMvb3BlcmF0aW9ucy9kNzg0NGJiNi1lNjA3LTRlOGUtOTFlYS1iOWU0NmZiNDA4ZDM/YXBpLXZlcnNpb249MjAxNy0xMi0wMQ==",
      "RequestMethod": "GET",
      "RequestBody": "",
      "RequestHeaders": {
        "User-Agent": [
          "FxVersion/4.6.25211.01",
          "Microsoft.Azure.Management.Compute.Fluent.ComputeManagementClient/1.11.0.0",
          "MacAddressHash/cc0dc995bd7689190d87305dca6418746f27065181fa649f43731fb8fc5f1b10"
        ]
      },
      "ResponseBody": "{\r\n  \"startTime\": \"2018-06-27T16:23:16.699717-07:00\",\r\n  \"endTime\": \"2018-06-27T16:23:28.1839469-07:00\",\r\n  \"status\": \"Succeeded\",\r\n  \"name\": \"d7844bb6-e607-4e8e-91ea-b9e46fb408d3\"\r\n}",
      "ResponseHeaders": {
        "Content-Type": [
          "application/json; charset=utf-8"
        ],
        "Expires": [
          "-1"
        ],
        "Cache-Control": [
          "no-cache"
        ],
        "Date": [
          "Wed, 27 Jun 2018 23:23:46 GMT"
        ],
        "Pragma": [
          "no-cache"
        ],
        "Transfer-Encoding": [
          "chunked"
        ],
        "Server": [
          "Microsoft-HTTPAPI/2.0",
          "Microsoft-HTTPAPI/2.0"
        ],
        "Vary": [
          "Accept-Encoding"
        ],
        "x-ms-ratelimit-remaining-resource": [
          "Microsoft.Compute/GetOperation3Min;14989,Microsoft.Compute/GetOperation30Min;29947"
        ],
        "Strict-Transport-Security": [
          "max-age=31536000; includeSubDomains"
        ],
        "x-ms-served-by": [
          "d0e8ea9a-296d-4a42-b0c4-00ed1becd3d2_131739680856629074"
        ],
        "x-ms-request-id": [
          "eb20fee9-ebe5-495f-8b19-5a48c19defc7"
        ],
        "x-ms-ratelimit-remaining-subscription-reads": [
          "14973"
        ],
        "x-ms-correlation-request-id": [
          "851ba5db-e9fc-4d55-a5b0-6fe11ca8acd0"
        ],
        "x-ms-routing-request-id": [
          "WESTUS2:20180627T232347Z:851ba5db-e9fc-4d55-a5b0-6fe11ca8acd0"
        ],
        "X-Content-Type-Options": [
          "nosniff"
        ]
      },
      "StatusCode": 200
    },
    {
      "RequestUri": "/subscriptions/0b1f6471-1bf0-4dda-aec3-cb9272f09590/resourcegroups/rgmsi2788?api-version=2017-05-10",
      "EncodedRequestUri": "L3N1YnNjcmlwdGlvbnMvMGIxZjY0NzEtMWJmMC00ZGRhLWFlYzMtY2I5MjcyZjA5NTkwL3Jlc291cmNlZ3JvdXBzL3JnbXNpMjc4OD9hcGktdmVyc2lvbj0yMDE3LTA1LTEw",
      "RequestMethod": "DELETE",
      "RequestBody": "",
      "RequestHeaders": {
        "x-ms-client-request-id": [
          "4e333bc7-c26d-4d21-b32e-47a2e0da3afc"
        ],
        "accept-language": [
          "en-US"
        ],
        "User-Agent": [
          "FxVersion/4.6.25211.01",
          "Microsoft.Azure.Management.ResourceManager.Fluent.ResourceManagementClient/1.11.0.0",
          "MacAddressHash/cc0dc995bd7689190d87305dca6418746f27065181fa649f43731fb8fc5f1b10"
        ]
      },
      "ResponseBody": "",
      "ResponseHeaders": {
        "Content-Length": [
          "0"
        ],
        "Expires": [
          "-1"
        ],
        "Cache-Control": [
          "no-cache"
        ],
        "Date": [
          "Wed, 27 Jun 2018 23:23:48 GMT"
        ],
        "Pragma": [
          "no-cache"
        ],
        "Location": [
          "https://management.azure.com/subscriptions/0b1f6471-1bf0-4dda-aec3-cb9272f09590/operationresults/eyJqb2JJZCI6IlJFU09VUkNFR1JPVVBERUxFVElPTkpPQi1SR01TSTI3ODgtU09VVEhDRU5UUkFMVVMiLCJqb2JMb2NhdGlvbiI6InNvdXRoY2VudHJhbHVzIn0?api-version=2017-05-10"
        ],
        "Retry-After": [
          "15"
        ],
        "x-ms-ratelimit-remaining-subscription-deletes": [
          "14999"
        ],
        "x-ms-request-id": [
          "08bc5edd-abbd-48b2-8b74-3eb83496a6cf"
        ],
        "x-ms-correlation-request-id": [
          "08bc5edd-abbd-48b2-8b74-3eb83496a6cf"
        ],
        "x-ms-routing-request-id": [
          "WESTUS2:20180627T232348Z:08bc5edd-abbd-48b2-8b74-3eb83496a6cf"
        ],
        "Strict-Transport-Security": [
          "max-age=31536000; includeSubDomains"
        ],
        "X-Content-Type-Options": [
          "nosniff"
        ]
      },
      "StatusCode": 202
    }
  ],
  "Names": {
    "CanUpdateEMSIAndLMSI": [
      "rgmsi2788",
      "msi-id5867",
      "msi-id4144",
      "nicjavavm82f648946",
      "vnet18b484419d42",
      "6cdcaabe-e360-40d9-95e0-5d8f60232162",
      "9d7a2f6e-d635-4beb-ba4f-0dc4fe8466a4"
    ]
  },
  "Variables": {
    "ServicePrincipal": "39e3d217-cb72-4b90-8532-394a7e784d93",
    "AADTenant": "54826b22-38d6-4fb2-bad9-b7b93a3e9c5a",
    "SubscriptionId": "0b1f6471-1bf0-4dda-aec3-cb9272f09590"
  }
}