{
  "Entries": [
    {
      "RequestUri": "/subscriptions/1c638cf4-608f-4ee6-b680-c329e824c3a8/resourcegroups/rgsb03_af683558baa2?api-version=2021-01-01",
      "EncodedRequestUri": "L3N1YnNjcmlwdGlvbnMvMWM2MzhjZjQtNjA4Zi00ZWU2LWI2ODAtYzMyOWU4MjRjM2E4L3Jlc291cmNlZ3JvdXBzL3Jnc2IwM19hZjY4MzU1OGJhYTI/YXBpLXZlcnNpb249MjAyMS0wMS0wMQ==",
      "RequestMethod": "PUT",
      "RequestBody": "{\r\n  \"location\": \"westus\"\r\n}",
      "RequestHeaders": {
        "x-ms-client-request-id": [
          "04687e17-19ca-49e8-a344-e840049edcfb"
        ],
        "Accept-Language": [
          "en-US"
        ],
        "User-Agent": [
          "FxVersion/4.6.28008.01",
          "OSName/Windows",
          "OSVersion/Microsoft.Windows.10.0.18363.",
          "Microsoft.Azure.Management.ResourceManager.Fluent.ResourceManagementClient/1.0.0.61",
          "MacAddressHash/f198b50d7e3ef6510679efb9e4c9a1474fd2bf18cf1d6a2182c79b00464dbadd"
        ],
        "Content-Type": [
          "application/json; charset=utf-8"
        ],
        "Content-Length": [
          "28"
        ]
      },
      "ResponseHeaders": {
        "Cache-Control": [
          "no-cache"
        ],
        "Pragma": [
          "no-cache"
        ],
        "x-ms-ratelimit-remaining-subscription-writes": [
          "1191"
        ],
        "x-ms-request-id": [
          "afb73244-a7b4-4a42-9a14-15d2c442dc72"
        ],
        "x-ms-correlation-request-id": [
          "afb73244-a7b4-4a42-9a14-15d2c442dc72"
        ],
        "x-ms-routing-request-id": [
          "SOUTHEASTASIA:20191022T160437Z:afb73244-a7b4-4a42-9a14-15d2c442dc72"
        ],
        "Strict-Transport-Security": [
          "max-age=31536000; includeSubDomains"
        ],
        "X-Content-Type-Options": [
          "nosniff"
        ],
        "Date": [
          "Tue, 22 Oct 2019 16:04:36 GMT"
        ],
        "Content-Length": [
          "235"
        ],
        "Content-Type": [
          "application/json; charset=utf-8"
        ],
        "Expires": [
          "-1"
        ]
      },
      "ResponseBody": "{\r\n  \"id\": \"/subscriptions/1c638cf4-608f-4ee6-b680-c329e824c3a8/resourceGroups/rgsb03_af683558baa2\",\r\n  \"name\": \"rgsb03_af683558baa2\",\r\n  \"type\": \"Microsoft.Resources/resourceGroups\",\r\n  \"location\": \"westus\",\r\n  \"properties\": {\r\n    \"provisioningState\": \"Succeeded\"\r\n  }\r\n}",
      "StatusCode": 201
    },
    {
      "RequestUri": "/subscriptions/1c638cf4-608f-4ee6-b680-c329e824c3a8/resourceGroups/rgsb03_af683558baa2/providers/Microsoft.ServiceBus/namespaces/namespace26074709a?api-version=2015-08-01",
      "EncodedRequestUri": "L3N1YnNjcmlwdGlvbnMvMWM2MzhjZjQtNjA4Zi00ZWU2LWI2ODAtYzMyOWU4MjRjM2E4L3Jlc291cmNlR3JvdXBzL3Jnc2IwM19hZjY4MzU1OGJhYTIvcHJvdmlkZXJzL01pY3Jvc29mdC5TZXJ2aWNlQnVzL25hbWVzcGFjZXMvbmFtZXNwYWNlMjYwNzQ3MDlhP2FwaS12ZXJzaW9uPTIwMTUtMDgtMDE=",
      "RequestMethod": "PUT",
      "RequestBody": "{\r\n  \"sku\": {\r\n    \"name\": \"Standard\",\r\n    \"tier\": \"Standard\",\r\n    \"capacity\": 0\r\n  },\r\n  \"location\": \"westus\",\r\n  \"tags\": {}\r\n}",
      "RequestHeaders": {
        "x-ms-client-request-id": [
          "1b52add5-3f3a-49fa-b376-1fd759b2ac08"
        ],
        "Accept-Language": [
          "en-US"
        ],
        "User-Agent": [
          "FxVersion/4.6.28008.01",
          "OSName/Windows",
          "OSVersion/Microsoft.Windows.10.0.18363.",
          "Microsoft.Azure.Management.ServiceBus.Fluent.ServiceBusManagementClient/1.0.0.61",
          "MacAddressHash/f198b50d7e3ef6510679efb9e4c9a1474fd2bf18cf1d6a2182c79b00464dbadd"
        ],
        "Content-Type": [
          "application/json; charset=utf-8"
        ],
        "Content-Length": [
          "130"
        ]
      },
      "ResponseHeaders": {
        "Cache-Control": [
          "no-cache"
        ],
        "Pragma": [
          "no-cache"
        ],
        "x-ms-request-id": [
          "4993c414-8f74-4d7d-be74-6f393ac80653_M0CH3_M0CH3"
        ],
        "Server-SB": [
          "Service-Bus-Resource-Provider/CH3"
        ],
        "x-ms-ratelimit-remaining-subscription-writes": [
          "1190"
        ],
        "Server": [
          "Service-Bus-Resource-Provider/CH3",
          "Microsoft-HTTPAPI/2.0"
        ],
        "x-ms-correlation-request-id": [
          "73b14c4a-dd5c-4841-b123-69d8b24de714"
        ],
        "x-ms-routing-request-id": [
          "SOUTHEASTASIA:20191022T160440Z:73b14c4a-dd5c-4841-b123-69d8b24de714"
        ],
        "Strict-Transport-Security": [
          "max-age=31536000; includeSubDomains"
        ],
        "X-Content-Type-Options": [
          "nosniff"
        ],
        "Date": [
          "Tue, 22 Oct 2019 16:04:40 GMT"
        ],
        "Content-Length": [
          "494"
        ],
        "Content-Type": [
          "application/json; charset=utf-8"
        ],
        "Expires": [
          "-1"
        ]
      },
      "ResponseBody": "{\r\n  \"id\": \"/subscriptions/1c638cf4-608f-4ee6-b680-c329e824c3a8/resourceGroups/rgsb03_af683558baa2/providers/Microsoft.ServiceBus/namespaces/namespace26074709a\",\r\n  \"name\": \"namespace26074709a\",\r\n  \"type\": \"Microsoft.ServiceBus/namespaces\",\r\n  \"location\": \"West US\",\r\n  \"kind\": \"Messaging\",\r\n  \"sku\": {\r\n    \"name\": \"Standard\",\r\n    \"tier\": \"Standard\"\r\n  },\r\n  \"tags\": {},\r\n  \"properties\": {\r\n    \"provisioningState\": \"Unknown\",\r\n    \"metricId\": \"1c638cf4-608f-4ee6-b680-c329e824c3a8:namespace26074709a\",\r\n    \"enabled\": false,\r\n    \"namespaceType\": \"Messaging\",\r\n    \"messagingSku\": 2\r\n  }\r\n}",
      "StatusCode": 200
    },
    {
      "RequestUri": "/subscriptions/1c638cf4-608f-4ee6-b680-c329e824c3a8/resourceGroups/rgsb03_af683558baa2/providers/Microsoft.ServiceBus/namespaces/namespace26074709a?api-version=2015-08-01",
      "EncodedRequestUri": "L3N1YnNjcmlwdGlvbnMvMWM2MzhjZjQtNjA4Zi00ZWU2LWI2ODAtYzMyOWU4MjRjM2E4L3Jlc291cmNlR3JvdXBzL3Jnc2IwM19hZjY4MzU1OGJhYTIvcHJvdmlkZXJzL01pY3Jvc29mdC5TZXJ2aWNlQnVzL25hbWVzcGFjZXMvbmFtZXNwYWNlMjYwNzQ3MDlhP2FwaS12ZXJzaW9uPTIwMTUtMDgtMDE=",
      "RequestMethod": "GET",
      "RequestBody": "",
      "RequestHeaders": {
        "User-Agent": [
          "FxVersion/4.6.28008.01",
          "OSName/Windows",
          "OSVersion/Microsoft.Windows.10.0.18363.",
          "Microsoft.Azure.Management.ServiceBus.Fluent.ServiceBusManagementClient/1.0.0.61",
          "MacAddressHash/f198b50d7e3ef6510679efb9e4c9a1474fd2bf18cf1d6a2182c79b00464dbadd"
        ]
      },
      "ResponseHeaders": {
        "Cache-Control": [
          "no-cache"
        ],
        "Pragma": [
          "no-cache"
        ],
        "x-ms-request-id": [
          "e6bfe734-00af-4192-8bc1-d1ec995c43d7_M4CH3_M4CH3"
        ],
        "Server-SB": [
          "Service-Bus-Resource-Provider/CH3"
        ],
        "Server": [
          "Service-Bus-Resource-Provider/CH3",
          "Microsoft-HTTPAPI/2.0"
        ],
        "x-ms-ratelimit-remaining-subscription-reads": [
          "11999"
        ],
        "x-ms-correlation-request-id": [
          "48172d95-e6c7-41fa-bcf6-6105eb1ba2fc"
        ],
        "x-ms-routing-request-id": [
          "SOUTHEASTASIA:20191022T160510Z:48172d95-e6c7-41fa-bcf6-6105eb1ba2fc"
        ],
        "Strict-Transport-Security": [
          "max-age=31536000; includeSubDomains"
        ],
        "X-Content-Type-Options": [
          "nosniff"
        ],
        "Date": [
          "Tue, 22 Oct 2019 16:05:10 GMT"
        ],
        "Content-Length": [
          "698"
        ],
        "Content-Type": [
          "application/json; charset=utf-8"
        ],
        "Expires": [
          "-1"
        ]
      },
      "ResponseBody": "{\r\n  \"id\": \"/subscriptions/1c638cf4-608f-4ee6-b680-c329e824c3a8/resourceGroups/rgsb03_af683558baa2/providers/Microsoft.ServiceBus/namespaces/namespace26074709a\",\r\n  \"name\": \"namespace26074709a\",\r\n  \"type\": \"Microsoft.ServiceBus/namespaces\",\r\n  \"location\": \"West US\",\r\n  \"kind\": \"Messaging\",\r\n  \"sku\": {\r\n    \"name\": \"Standard\",\r\n    \"tier\": \"Standard\",\r\n    \"capacity\": 1\r\n  },\r\n  \"tags\": {},\r\n  \"properties\": {\r\n    \"provisioningState\": \"Created\",\r\n    \"metricId\": \"1c638cf4-608f-4ee6-b680-c329e824c3a8:namespace26074709a\",\r\n    \"status\": \"Created\",\r\n    \"createdAt\": \"2019-10-22T16:04:39.447Z\",\r\n    \"serviceBusEndpoint\": \"https://namespace26074709a.servicebus.windows.net:443/\",\r\n    \"enabled\": true,\r\n    \"critical\": false,\r\n    \"updatedAt\": \"2019-10-22T16:04:39.447Z\",\r\n    \"namespaceType\": \"Messaging\",\r\n    \"messagingSku\": 2\r\n  }\r\n}",
      "StatusCode": 200
    },
    {
      "RequestUri": "/subscriptions/1c638cf4-608f-4ee6-b680-c329e824c3a8/resourceGroups/rgsb03_af683558baa2/providers/Microsoft.ServiceBus/namespaces/namespace26074709a?api-version=2015-08-01",
      "EncodedRequestUri": "L3N1YnNjcmlwdGlvbnMvMWM2MzhjZjQtNjA4Zi00ZWU2LWI2ODAtYzMyOWU4MjRjM2E4L3Jlc291cmNlR3JvdXBzL3Jnc2IwM19hZjY4MzU1OGJhYTIvcHJvdmlkZXJzL01pY3Jvc29mdC5TZXJ2aWNlQnVzL25hbWVzcGFjZXMvbmFtZXNwYWNlMjYwNzQ3MDlhP2FwaS12ZXJzaW9uPTIwMTUtMDgtMDE=",
      "RequestMethod": "GET",
      "RequestBody": "",
      "RequestHeaders": {
        "User-Agent": [
          "FxVersion/4.6.28008.01",
          "OSName/Windows",
          "OSVersion/Microsoft.Windows.10.0.18363.",
          "Microsoft.Azure.Management.ServiceBus.Fluent.ServiceBusManagementClient/1.0.0.61",
          "MacAddressHash/f198b50d7e3ef6510679efb9e4c9a1474fd2bf18cf1d6a2182c79b00464dbadd"
        ]
      },
      "ResponseHeaders": {
        "Cache-Control": [
          "no-cache"
        ],
        "Pragma": [
          "no-cache"
        ],
        "x-ms-request-id": [
          "dda24501-233e-4cd2-b16f-736986550166_M6CH3_M6CH3"
        ],
        "Server-SB": [
          "Service-Bus-Resource-Provider/CH3"
        ],
        "Server": [
          "Service-Bus-Resource-Provider/CH3",
          "Microsoft-HTTPAPI/2.0"
        ],
        "x-ms-ratelimit-remaining-subscription-reads": [
          "11998"
        ],
        "x-ms-correlation-request-id": [
          "e3645658-a305-4ef3-b81a-87356506240c"
        ],
        "x-ms-routing-request-id": [
          "SOUTHEASTASIA:20191022T160541Z:e3645658-a305-4ef3-b81a-87356506240c"
        ],
        "Strict-Transport-Security": [
          "max-age=31536000; includeSubDomains"
        ],
        "X-Content-Type-Options": [
          "nosniff"
        ],
        "Date": [
          "Tue, 22 Oct 2019 16:05:40 GMT"
        ],
        "Content-Length": [
          "699"
        ],
        "Content-Type": [
          "application/json; charset=utf-8"
        ],
        "Expires": [
          "-1"
        ]
      },
      "ResponseBody": "{\r\n  \"id\": \"/subscriptions/1c638cf4-608f-4ee6-b680-c329e824c3a8/resourceGroups/rgsb03_af683558baa2/providers/Microsoft.ServiceBus/namespaces/namespace26074709a\",\r\n  \"name\": \"namespace26074709a\",\r\n  \"type\": \"Microsoft.ServiceBus/namespaces\",\r\n  \"location\": \"West US\",\r\n  \"kind\": \"Messaging\",\r\n  \"sku\": {\r\n    \"name\": \"Standard\",\r\n    \"tier\": \"Standard\",\r\n    \"capacity\": 1\r\n  },\r\n  \"tags\": {},\r\n  \"properties\": {\r\n    \"provisioningState\": \"Succeeded\",\r\n    \"metricId\": \"1c638cf4-608f-4ee6-b680-c329e824c3a8:namespace26074709a\",\r\n    \"status\": \"Active\",\r\n    \"createdAt\": \"2019-10-22T16:04:39.447Z\",\r\n    \"serviceBusEndpoint\": \"https://namespace26074709a.servicebus.windows.net:443/\",\r\n    \"enabled\": true,\r\n    \"critical\": false,\r\n    \"updatedAt\": \"2019-10-22T16:05:22.947Z\",\r\n    \"namespaceType\": \"Messaging\",\r\n    \"messagingSku\": 2\r\n  }\r\n}",
      "StatusCode": 200
    },
    {
      "RequestUri": "/subscriptions/1c638cf4-608f-4ee6-b680-c329e824c3a8/resourceGroups/rgsb03_af683558baa2/providers/Microsoft.ServiceBus/namespaces/namespace26074709a/queues/queue1_0a805801848d?api-version=2015-08-01",
      "EncodedRequestUri": "L3N1YnNjcmlwdGlvbnMvMWM2MzhjZjQtNjA4Zi00ZWU2LWI2ODAtYzMyOWU4MjRjM2E4L3Jlc291cmNlR3JvdXBzL3Jnc2IwM19hZjY4MzU1OGJhYTIvcHJvdmlkZXJzL01pY3Jvc29mdC5TZXJ2aWNlQnVzL25hbWVzcGFjZXMvbmFtZXNwYWNlMjYwNzQ3MDlhL3F1ZXVlcy9xdWV1ZTFfMGE4MDU4MDE4NDhkP2FwaS12ZXJzaW9uPTIwMTUtMDgtMDE=",
      "RequestMethod": "PUT",
      "RequestBody": "{\r\n  \"properties\": {\r\n    \"maxSizeInMegabytes\": 1024\r\n  },\r\n  \"location\": \"westus\",\r\n  \"tags\": {}\r\n}",
      "RequestHeaders": {
        "x-ms-client-request-id": [
          "90c2ee84-6113-481c-95e2-62f600c0eb6a"
        ],
        "Accept-Language": [
          "en-US"
        ],
        "User-Agent": [
          "FxVersion/4.6.28008.01",
          "OSName/Windows",
          "OSVersion/Microsoft.Windows.10.0.18363.",
          "Microsoft.Azure.Management.ServiceBus.Fluent.ServiceBusManagementClient/1.0.0.61",
          "MacAddressHash/f198b50d7e3ef6510679efb9e4c9a1474fd2bf18cf1d6a2182c79b00464dbadd"
        ],
        "Content-Type": [
          "application/json; charset=utf-8"
        ],
        "Content-Length": [
          "100"
        ]
      },
      "ResponseHeaders": {
        "Cache-Control": [
          "no-cache"
        ],
        "Pragma": [
          "no-cache"
        ],
        "x-ms-request-id": [
          "4100062f-cc1b-450e-9d31-79e8b9224e8a_M6CH3_M6CH3"
        ],
        "Server-SB": [
          "Service-Bus-Resource-Provider/CH3"
        ],
        "Server": [
          "Service-Bus-Resource-Provider/CH3",
          "Microsoft-HTTPAPI/2.0"
        ],
        "x-ms-ratelimit-remaining-subscription-writes": [
          "1197"
        ],
        "x-ms-correlation-request-id": [
          "666188de-f246-479e-b56e-20174e21cbe7"
        ],
        "x-ms-routing-request-id": [
          "SOUTHEASTASIA:20191022T160543Z:666188de-f246-479e-b56e-20174e21cbe7"
        ],
        "Strict-Transport-Security": [
          "max-age=31536000; includeSubDomains"
        ],
        "X-Content-Type-Options": [
          "nosniff"
        ],
        "Date": [
          "Tue, 22 Oct 2019 16:05:42 GMT"
        ],
        "Content-Length": [
          "952"
        ],
        "Content-Type": [
          "application/json; charset=utf-8"
        ],
        "Expires": [
          "-1"
        ]
      },
      "ResponseBody": "{\r\n  \"id\": \"/subscriptions/1c638cf4-608f-4ee6-b680-c329e824c3a8/resourceGroups/rgsb03_af683558baa2/providers/Microsoft.ServiceBus/namespaces/namespace26074709a/queues/queue1_0a805801848d\",\r\n  \"name\": \"queue1_0a805801848d\",\r\n  \"type\": \"Microsoft.ServiceBus/Queues\",\r\n  \"location\": \"West US\",\r\n  \"tags\": null,\r\n  \"properties\": {\r\n    \"path\": \"queue1_0a805801848d\",\r\n    \"lockDuration\": \"00:01:00\",\r\n    \"maxSizeInMegabytes\": 1024,\r\n    \"requiresDuplicateDetection\": false,\r\n    \"requiresSession\": false,\r\n    \"defaultMessageTimeToLive\": \"10675199.02:48:05.4775807\",\r\n    \"deadLetteringOnMessageExpiration\": false,\r\n    \"duplicateDetectionHistoryTimeWindow\": \"00:10:00\",\r\n    \"maxDeliveryCount\": 10,\r\n    \"enableBatchedOperations\": true,\r\n    \"sizeInBytes\": 0,\r\n    \"messageCount\": 0,\r\n    \"isAnonymousAccessible\": false,\r\n    \"status\": \"Active\",\r\n    \"createdAt\": \"2019-10-22T16:05:42.867Z\",\r\n    \"updatedAt\": \"2019-10-22T16:05:42.927Z\",\r\n    \"supportOrdering\": true,\r\n    \"autoDeleteOnIdle\": \"10675199.02:48:05.4775807\",\r\n    \"enablePartitioning\": false,\r\n    \"entityAvailabilityStatus\": \"Available\",\r\n    \"enableExpress\": false\r\n  }\r\n}",
      "StatusCode": 200
    },
    {
      "RequestUri": "/subscriptions/1c638cf4-608f-4ee6-b680-c329e824c3a8/resourceGroups/rgsb03_af683558baa2/providers/Microsoft.ServiceBus/namespaces/namespace26074709a/topics/topic_f2c972729ba0d?api-version=2015-08-01",
      "EncodedRequestUri": "L3N1YnNjcmlwdGlvbnMvMWM2MzhjZjQtNjA4Zi00ZWU2LWI2ODAtYzMyOWU4MjRjM2E4L3Jlc291cmNlR3JvdXBzL3Jnc2IwM19hZjY4MzU1OGJhYTIvcHJvdmlkZXJzL01pY3Jvc29mdC5TZXJ2aWNlQnVzL25hbWVzcGFjZXMvbmFtZXNwYWNlMjYwNzQ3MDlhL3RvcGljcy90b3BpY19mMmM5NzI3MjliYTBkP2FwaS12ZXJzaW9uPTIwMTUtMDgtMDE=",
      "RequestMethod": "PUT",
      "RequestBody": "{\r\n  \"properties\": {\r\n    \"maxSizeInMegabytes\": 1024\r\n  },\r\n  \"location\": \"westus\",\r\n  \"tags\": {}\r\n}",
      "RequestHeaders": {
        "x-ms-client-request-id": [
          "ab68e014-1ab3-4f61-9c2f-e6eab8be1929"
        ],
        "Accept-Language": [
          "en-US"
        ],
        "User-Agent": [
          "FxVersion/4.6.28008.01",
          "OSName/Windows",
          "OSVersion/Microsoft.Windows.10.0.18363.",
          "Microsoft.Azure.Management.ServiceBus.Fluent.ServiceBusManagementClient/1.0.0.61",
          "MacAddressHash/f198b50d7e3ef6510679efb9e4c9a1474fd2bf18cf1d6a2182c79b00464dbadd"
        ],
        "Content-Type": [
          "application/json; charset=utf-8"
        ],
        "Content-Length": [
          "100"
        ]
      },
      "ResponseHeaders": {
        "Cache-Control": [
          "no-cache"
        ],
        "Pragma": [
          "no-cache"
        ],
        "x-ms-request-id": [
          "5384ca62-b6c4-4662-9151-23cf50cad4c1_M6CH3_M6CH3"
        ],
        "Server-SB": [
          "Service-Bus-Resource-Provider/CH3"
        ],
        "Server": [
          "Service-Bus-Resource-Provider/CH3",
          "Microsoft-HTTPAPI/2.0"
        ],
        "x-ms-ratelimit-remaining-subscription-writes": [
          "1196"
        ],
        "x-ms-correlation-request-id": [
          "af099f4c-e54e-4486-bdf3-ad62110ce4ce"
        ],
        "x-ms-routing-request-id": [
          "SOUTHEASTASIA:20191022T160545Z:af099f4c-e54e-4486-bdf3-ad62110ce4ce"
        ],
        "Strict-Transport-Security": [
          "max-age=31536000; includeSubDomains"
        ],
        "X-Content-Type-Options": [
          "nosniff"
        ],
        "Date": [
          "Tue, 22 Oct 2019 16:05:45 GMT"
        ],
        "Content-Length": [
          "919"
        ],
        "Content-Type": [
          "application/json; charset=utf-8"
        ],
        "Expires": [
          "-1"
        ]
      },
      "ResponseBody": "{\r\n  \"id\": \"/subscriptions/1c638cf4-608f-4ee6-b680-c329e824c3a8/resourceGroups/rgsb03_af683558baa2/providers/Microsoft.ServiceBus/namespaces/namespace26074709a/topics/topic_f2c972729ba0d\",\r\n  \"name\": \"topic_f2c972729ba0d\",\r\n  \"type\": \"Microsoft.ServiceBus/Topic\",\r\n  \"location\": \"West US\",\r\n  \"tags\": null,\r\n  \"properties\": {\r\n    \"path\": \"topic_f2c972729ba0d\",\r\n    \"defaultMessageTimeToLive\": \"10675199.02:48:05.4775807\",\r\n    \"maxSizeInMegabytes\": 1024,\r\n    \"requiresDuplicateDetection\": false,\r\n    \"duplicateDetectionHistoryTimeWindow\": \"00:10:00\",\r\n    \"enableBatchedOperations\": true,\r\n    \"sizeInBytes\": 0,\r\n    \"filteringMessagesBeforePublishing\": false,\r\n    \"isAnonymousAccessible\": false,\r\n    \"status\": \"Active\",\r\n    \"createdAt\": \"2019-10-22T16:05:45.21Z\",\r\n    \"updatedAt\": \"2019-10-22T16:05:45.243Z\",\r\n    \"supportOrdering\": true,\r\n    \"autoDeleteOnIdle\": \"10675199.02:48:05.4775807\",\r\n    \"enablePartitioning\": false,\r\n    \"isExpress\": false,\r\n    \"entityAvailabilityStatus\": \"Available\",\r\n    \"enableSubscriptionPartitioning\": false,\r\n    \"enableExpress\": false\r\n  }\r\n}",
      "StatusCode": 200
    },
    {
      "RequestUri": "/subscriptions/1c638cf4-608f-4ee6-b680-c329e824c3a8/resourceGroups/rgsb03_af683558baa2/providers/Microsoft.ServiceBus/namespaces/namespace26074709a/topics/topic_f2c972729ba0d?api-version=2015-08-01",
      "EncodedRequestUri": "L3N1YnNjcmlwdGlvbnMvMWM2MzhjZjQtNjA4Zi00ZWU2LWI2ODAtYzMyOWU4MjRjM2E4L3Jlc291cmNlR3JvdXBzL3Jnc2IwM19hZjY4MzU1OGJhYTIvcHJvdmlkZXJzL01pY3Jvc29mdC5TZXJ2aWNlQnVzL25hbWVzcGFjZXMvbmFtZXNwYWNlMjYwNzQ3MDlhL3RvcGljcy90b3BpY19mMmM5NzI3MjliYTBkP2FwaS12ZXJzaW9uPTIwMTUtMDgtMDE=",
      "RequestMethod": "PUT",
      "RequestBody": "{\r\n  \"properties\": {\r\n    \"autoDeleteOnIdle\": \"10675199.02:48:05.4775807\",\r\n    \"defaultMessageTimeToLive\": \"10675199.02:48:05.4775807\",\r\n    \"duplicateDetectionHistoryTimeWindow\": \"00:10:00\",\r\n    \"enableBatchedOperations\": true,\r\n    \"enableExpress\": false,\r\n    \"enablePartitioning\": false,\r\n    \"maxSizeInMegabytes\": 1024,\r\n    \"requiresDuplicateDetection\": false,\r\n    \"supportOrdering\": true\r\n  },\r\n  \"location\": \"West US\",\r\n  \"tags\": {}\r\n}",
      "RequestHeaders": {
        "x-ms-client-request-id": [
          "03f2c00b-27b2-4a6d-815b-50ad3a2feb8e"
        ],
        "Accept-Language": [
          "en-US"
        ],
        "User-Agent": [
          "FxVersion/4.6.28008.01",
          "OSName/Windows",
          "OSVersion/Microsoft.Windows.10.0.18363.",
          "Microsoft.Azure.Management.ServiceBus.Fluent.ServiceBusManagementClient/1.0.0.61",
          "MacAddressHash/f198b50d7e3ef6510679efb9e4c9a1474fd2bf18cf1d6a2182c79b00464dbadd"
        ],
        "Content-Type": [
          "application/json; charset=utf-8"
        ],
        "Content-Length": [
          "446"
        ]
      },
      "ResponseHeaders": {
        "Cache-Control": [
          "no-cache"
        ],
        "Pragma": [
          "no-cache"
        ],
        "x-ms-request-id": [
          "39bac86b-209c-4246-a7d7-a6be6202bf9e_M6CH3_M6CH3"
        ],
        "Server-SB": [
          "Service-Bus-Resource-Provider/CH3"
        ],
        "Server": [
          "Service-Bus-Resource-Provider/CH3",
          "Microsoft-HTTPAPI/2.0"
        ],
        "x-ms-ratelimit-remaining-subscription-writes": [
          "1195"
        ],
        "x-ms-correlation-request-id": [
          "f2253216-dd4f-4a22-b2e8-ce4a11169977"
        ],
        "x-ms-routing-request-id": [
          "SOUTHEASTASIA:20191022T160547Z:f2253216-dd4f-4a22-b2e8-ce4a11169977"
        ],
        "Strict-Transport-Security": [
          "max-age=31536000; includeSubDomains"
        ],
        "X-Content-Type-Options": [
          "nosniff"
        ],
        "Date": [
          "Tue, 22 Oct 2019 16:05:46 GMT"
        ],
        "Content-Length": [
          "640"
        ],
        "Content-Type": [
          "application/json; charset=utf-8"
        ],
        "Expires": [
          "-1"
        ]
      },
      "ResponseBody": "{\r\n  \"id\": \"/subscriptions/1c638cf4-608f-4ee6-b680-c329e824c3a8/resourceGroups/rgsb03_af683558baa2/providers/Microsoft.ServiceBus/namespaces/namespace26074709a/topics/topic_f2c972729ba0d\",\r\n  \"name\": \"topic_f2c972729ba0d\",\r\n  \"type\": \"Microsoft.ServiceBus/Topic\",\r\n  \"location\": \"West US\",\r\n  \"tags\": null,\r\n  \"properties\": {\r\n    \"path\": \"topic_f2c972729ba0d\",\r\n    \"defaultMessageTimeToLive\": \"10675199.02:48:05.4775807\",\r\n    \"maxSizeInMegabytes\": 1024,\r\n    \"requiresDuplicateDetection\": false,\r\n    \"duplicateDetectionHistoryTimeWindow\": \"00:10:00\",\r\n    \"enableBatchedOperations\": true,\r\n    \"supportOrdering\": true,\r\n    \"autoDeleteOnIdle\": \"10675199.02:48:05.4775807\",\r\n    \"enablePartitioning\": false,\r\n    \"enableExpress\": false\r\n  }\r\n}",
      "StatusCode": 200
    },
    {
      "RequestUri": "/subscriptions/1c638cf4-608f-4ee6-b680-c329e824c3a8/resourceGroups/rgsb03_af683558baa2/providers/Microsoft.ServiceBus/namespaces/namespace26074709a/queues/queue1_0a805801848d?api-version=2015-08-01",
      "EncodedRequestUri": "L3N1YnNjcmlwdGlvbnMvMWM2MzhjZjQtNjA4Zi00ZWU2LWI2ODAtYzMyOWU4MjRjM2E4L3Jlc291cmNlR3JvdXBzL3Jnc2IwM19hZjY4MzU1OGJhYTIvcHJvdmlkZXJzL01pY3Jvc29mdC5TZXJ2aWNlQnVzL25hbWVzcGFjZXMvbmFtZXNwYWNlMjYwNzQ3MDlhL3F1ZXVlcy9xdWV1ZTFfMGE4MDU4MDE4NDhkP2FwaS12ZXJzaW9uPTIwMTUtMDgtMDE=",
      "RequestMethod": "GET",
      "RequestBody": "",
      "RequestHeaders": {
        "x-ms-client-request-id": [
          "509707b4-781c-40f0-bac0-f31b038068fb"
        ],
        "Accept-Language": [
          "en-US"
        ],
        "User-Agent": [
          "FxVersion/4.6.28008.01",
          "OSName/Windows",
          "OSVersion/Microsoft.Windows.10.0.18363.",
          "Microsoft.Azure.Management.ServiceBus.Fluent.ServiceBusManagementClient/1.0.0.61",
          "MacAddressHash/f198b50d7e3ef6510679efb9e4c9a1474fd2bf18cf1d6a2182c79b00464dbadd"
        ]
      },
      "ResponseHeaders": {
        "Cache-Control": [
          "no-cache"
        ],
        "Pragma": [
          "no-cache"
        ],
        "x-ms-request-id": [
          "d74d3d21-3c7c-4e13-9009-6da8944003f4_M6CH3_M6CH3"
        ],
        "Server-SB": [
          "Service-Bus-Resource-Provider/CH3"
        ],
        "Server": [
          "Service-Bus-Resource-Provider/CH3",
          "Microsoft-HTTPAPI/2.0"
        ],
        "x-ms-ratelimit-remaining-subscription-reads": [
          "11997"
        ],
        "x-ms-correlation-request-id": [
          "5fa6f658-ecea-4b55-a864-4c54b3869567"
        ],
        "x-ms-routing-request-id": [
          "SOUTHEASTASIA:20191022T160546Z:5fa6f658-ecea-4b55-a864-4c54b3869567"
        ],
        "Strict-Transport-Security": [
          "max-age=31536000; includeSubDomains"
        ],
        "X-Content-Type-Options": [
          "nosniff"
        ],
        "Date": [
          "Tue, 22 Oct 2019 16:05:45 GMT"
        ],
        "Content-Length": [
          "1141"
        ],
        "Content-Type": [
          "application/json; charset=utf-8"
        ],
        "Expires": [
          "-1"
        ]
      },
      "ResponseBody": "{\r\n  \"id\": \"/subscriptions/1c638cf4-608f-4ee6-b680-c329e824c3a8/resourceGroups/rgsb03_af683558baa2/providers/Microsoft.ServiceBus/namespaces/namespace26074709a/queues/queue1_0a805801848d\",\r\n  \"name\": \"queue1_0a805801848d\",\r\n  \"type\": \"Microsoft.ServiceBus/Queues\",\r\n  \"location\": \"West US\",\r\n  \"tags\": null,\r\n  \"properties\": {\r\n    \"path\": \"queue1_0a805801848d\",\r\n    \"lockDuration\": \"00:01:00\",\r\n    \"maxSizeInMegabytes\": 1024,\r\n    \"requiresDuplicateDetection\": false,\r\n    \"requiresSession\": false,\r\n    \"defaultMessageTimeToLive\": \"10675199.02:48:05.4775807\",\r\n    \"deadLetteringOnMessageExpiration\": false,\r\n    \"duplicateDetectionHistoryTimeWindow\": \"00:10:00\",\r\n    \"maxDeliveryCount\": 10,\r\n    \"enableBatchedOperations\": true,\r\n    \"sizeInBytes\": 0,\r\n    \"messageCount\": 0,\r\n    \"isAnonymousAccessible\": false,\r\n    \"status\": \"Active\",\r\n    \"createdAt\": \"2019-10-22T16:05:42.867Z\",\r\n    \"updatedAt\": \"2019-10-22T16:05:42.927Z\",\r\n    \"accessedAt\": \"0001-01-01T00:00:00Z\",\r\n    \"supportOrdering\": true,\r\n    \"countDetails\": {\r\n      \"activeMessageCount\": 0,\r\n      \"deadLetterMessageCount\": 0,\r\n      \"scheduledMessageCount\": 0,\r\n      \"transferMessageCount\": 0,\r\n      \"transferDeadLetterMessageCount\": 0\r\n    },\r\n    \"autoDeleteOnIdle\": \"10675199.02:48:05.4775807\",\r\n    \"enablePartitioning\": false,\r\n    \"entityAvailabilityStatus\": \"Available\",\r\n    \"enableExpress\": false\r\n  }\r\n}",
      "StatusCode": 200
    },
    {
      "RequestUri": "/subscriptions/1c638cf4-608f-4ee6-b680-c329e824c3a8/resourceGroups/rgsb03_af683558baa2/providers/Microsoft.ServiceBus/namespaces/namespace26074709a/topics/topic_f2c972729ba0d?api-version=2015-08-01",
      "EncodedRequestUri": "L3N1YnNjcmlwdGlvbnMvMWM2MzhjZjQtNjA4Zi00ZWU2LWI2ODAtYzMyOWU4MjRjM2E4L3Jlc291cmNlR3JvdXBzL3Jnc2IwM19hZjY4MzU1OGJhYTIvcHJvdmlkZXJzL01pY3Jvc29mdC5TZXJ2aWNlQnVzL25hbWVzcGFjZXMvbmFtZXNwYWNlMjYwNzQ3MDlhL3RvcGljcy90b3BpY19mMmM5NzI3MjliYTBkP2FwaS12ZXJzaW9uPTIwMTUtMDgtMDE=",
      "RequestMethod": "GET",
      "RequestBody": "",
      "RequestHeaders": {
        "x-ms-client-request-id": [
          "abbd7396-b83e-46f5-9c52-a157cbd7adee"
        ],
        "Accept-Language": [
          "en-US"
        ],
        "User-Agent": [
          "FxVersion/4.6.28008.01",
          "OSName/Windows",
          "OSVersion/Microsoft.Windows.10.0.18363.",
          "Microsoft.Azure.Management.ServiceBus.Fluent.ServiceBusManagementClient/1.0.0.61",
          "MacAddressHash/f198b50d7e3ef6510679efb9e4c9a1474fd2bf18cf1d6a2182c79b00464dbadd"
        ]
      },
      "ResponseHeaders": {
        "Cache-Control": [
          "no-cache"
        ],
        "Pragma": [
          "no-cache"
        ],
        "x-ms-request-id": [
          "897bea40-7572-4430-8208-f5cc0a5d0ddf_M6CH3_M6CH3"
        ],
        "Server-SB": [
          "Service-Bus-Resource-Provider/CH3"
        ],
        "Server": [
          "Service-Bus-Resource-Provider/CH3",
          "Microsoft-HTTPAPI/2.0"
        ],
        "x-ms-ratelimit-remaining-subscription-reads": [
          "11996"
        ],
        "x-ms-correlation-request-id": [
          "eca7d58f-56cf-4a21-a829-8c47885a0f2a"
        ],
        "x-ms-routing-request-id": [
          "SOUTHEASTASIA:20191022T160546Z:eca7d58f-56cf-4a21-a829-8c47885a0f2a"
        ],
        "Strict-Transport-Security": [
          "max-age=31536000; includeSubDomains"
        ],
        "X-Content-Type-Options": [
          "nosniff"
        ],
        "Date": [
          "Tue, 22 Oct 2019 16:05:45 GMT"
        ],
        "Content-Length": [
          "1130"
        ],
        "Content-Type": [
          "application/json; charset=utf-8"
        ],
        "Expires": [
          "-1"
        ]
      },
      "ResponseBody": "{\r\n  \"id\": \"/subscriptions/1c638cf4-608f-4ee6-b680-c329e824c3a8/resourceGroups/rgsb03_af683558baa2/providers/Microsoft.ServiceBus/namespaces/namespace26074709a/topics/topic_f2c972729ba0d\",\r\n  \"name\": \"topic_f2c972729ba0d\",\r\n  \"type\": \"Microsoft.ServiceBus/Topic\",\r\n  \"location\": \"West US\",\r\n  \"tags\": null,\r\n  \"properties\": {\r\n    \"path\": \"topic_f2c972729ba0d\",\r\n    \"defaultMessageTimeToLive\": \"10675199.02:48:05.4775807\",\r\n    \"maxSizeInMegabytes\": 1024,\r\n    \"requiresDuplicateDetection\": false,\r\n    \"duplicateDetectionHistoryTimeWindow\": \"00:10:00\",\r\n    \"enableBatchedOperations\": true,\r\n    \"sizeInBytes\": 0,\r\n    \"filteringMessagesBeforePublishing\": false,\r\n    \"isAnonymousAccessible\": false,\r\n    \"status\": \"Active\",\r\n    \"createdAt\": \"2019-10-22T16:05:45.21Z\",\r\n    \"updatedAt\": \"2019-10-22T16:05:45.243Z\",\r\n    \"accessedAt\": \"0001-01-01T00:00:00Z\",\r\n    \"supportOrdering\": true,\r\n    \"countDetails\": {\r\n      \"activeMessageCount\": 0,\r\n      \"deadLetterMessageCount\": 0,\r\n      \"scheduledMessageCount\": 0,\r\n      \"transferMessageCount\": 0,\r\n      \"transferDeadLetterMessageCount\": 0\r\n    },\r\n    \"subscriptionCount\": 0,\r\n    \"autoDeleteOnIdle\": \"10675199.02:48:05.4775807\",\r\n    \"enablePartitioning\": false,\r\n    \"isExpress\": false,\r\n    \"entityAvailabilityStatus\": \"Available\",\r\n    \"enableSubscriptionPartitioning\": false,\r\n    \"enableExpress\": false\r\n  }\r\n}",
      "StatusCode": 200
    },
    {
      "RequestUri": "/subscriptions/1c638cf4-608f-4ee6-b680-c329e824c3a8/resourceGroups/rgsb03_af683558baa2/providers/Microsoft.ServiceBus/namespaces/namespace26074709a/topics/topic_f2c972729ba0d/subscriptions/sub1_dbb61910b27ac?api-version=2015-08-01",
      "EncodedRequestUri": "L3N1YnNjcmlwdGlvbnMvMWM2MzhjZjQtNjA4Zi00ZWU2LWI2ODAtYzMyOWU4MjRjM2E4L3Jlc291cmNlR3JvdXBzL3Jnc2IwM19hZjY4MzU1OGJhYTIvcHJvdmlkZXJzL01pY3Jvc29mdC5TZXJ2aWNlQnVzL25hbWVzcGFjZXMvbmFtZXNwYWNlMjYwNzQ3MDlhL3RvcGljcy90b3BpY19mMmM5NzI3MjliYTBkL3N1YnNjcmlwdGlvbnMvc3ViMV9kYmI2MTkxMGIyN2FjP2FwaS12ZXJzaW9uPTIwMTUtMDgtMDE=",
      "RequestMethod": "PUT",
      "RequestBody": "{\r\n  \"location\": \"westus\",\r\n  \"tags\": {}\r\n}",
      "RequestHeaders": {
        "x-ms-client-request-id": [
          "066f722c-f351-411d-82d2-479b0ac96c53"
        ],
        "Accept-Language": [
          "en-US"
        ],
        "User-Agent": [
          "FxVersion/4.6.28008.01",
          "OSName/Windows",
          "OSVersion/Microsoft.Windows.10.0.18363.",
          "Microsoft.Azure.Management.ServiceBus.Fluent.ServiceBusManagementClient/1.0.0.61",
          "MacAddressHash/f198b50d7e3ef6510679efb9e4c9a1474fd2bf18cf1d6a2182c79b00464dbadd"
        ],
        "Content-Type": [
          "application/json; charset=utf-8"
        ],
        "Content-Length": [
          "43"
        ]
      },
      "ResponseHeaders": {
        "Cache-Control": [
          "no-cache"
        ],
        "Pragma": [
          "no-cache"
        ],
        "x-ms-request-id": [
          "f9200fa5-e570-46d8-84e4-5f62e8a004ee_M6CH3_M6CH3"
        ],
        "Server-SB": [
          "Service-Bus-Resource-Provider/CH3"
        ],
        "Server": [
          "Service-Bus-Resource-Provider/CH3",
          "Microsoft-HTTPAPI/2.0"
        ],
        "x-ms-ratelimit-remaining-subscription-writes": [
          "1194"
        ],
        "x-ms-correlation-request-id": [
          "716c4845-c66d-48b3-a2ad-70a3a0f78d42"
        ],
        "x-ms-routing-request-id": [
          "SOUTHEASTASIA:20191022T160549Z:716c4845-c66d-48b3-a2ad-70a3a0f78d42"
        ],
        "Strict-Transport-Security": [
          "max-age=31536000; includeSubDomains"
        ],
        "X-Content-Type-Options": [
          "nosniff"
        ],
        "Date": [
          "Tue, 22 Oct 2019 16:05:48 GMT"
        ],
        "Content-Length": [
          "905"
        ],
        "Content-Type": [
          "application/json; charset=utf-8"
        ],
        "Expires": [
          "-1"
        ]
      },
      "ResponseBody": "{\r\n  \"id\": \"/subscriptions/1c638cf4-608f-4ee6-b680-c329e824c3a8/resourceGroups/rgsb03_af683558baa2/providers/Microsoft.ServiceBus/namespaces/namespace26074709a/topics/topic_f2c972729ba0d/subscriptions/sub1_dbb61910b27ac\",\r\n  \"name\": \"sub1_dbb61910b27ac\",\r\n  \"type\": \"Microsoft.ServiceBus/TopicSubscriptions\",\r\n  \"location\": \"West US\",\r\n  \"tags\": null,\r\n  \"properties\": {\r\n    \"topicPath\": \"topic_f2c972729ba0d\",\r\n    \"subscriptionName\": \"sub1_dbb61910b27ac\",\r\n    \"lockDuration\": \"00:01:00\",\r\n    \"requiresSession\": false,\r\n    \"defaultMessageTimeToLive\": \"10675199.02:48:05.4775807\",\r\n    \"deadLetteringOnMessageExpiration\": false,\r\n    \"deadLetteringOnFilterEvaluationExceptions\": true,\r\n    \"messageCount\": 0,\r\n    \"maxDeliveryCount\": 10,\r\n    \"enableBatchedOperations\": true,\r\n    \"status\": \"Active\",\r\n    \"createdAt\": \"2019-10-22T16:05:48.9821609Z\",\r\n    \"updatedAt\": \"2019-10-22T16:05:48.9821609Z\",\r\n    \"accessedAt\": \"0001-01-01T00:00:00\",\r\n    \"autoDeleteOnIdle\": \"10675199.02:48:05.4775807\",\r\n    \"entityAvailabilityStatus\": \"Available\"\r\n  }\r\n}",
      "StatusCode": 200
    },
    {
      "RequestUri": "/subscriptions/1c638cf4-608f-4ee6-b680-c329e824c3a8/resourceGroups/rgsb03_af683558baa2/providers/Microsoft.ServiceBus/namespaces/namespace26074709a/topics/topic_f2c972729ba0d/subscriptions/sub1_dbb61910b27ac?api-version=2015-08-01",
      "EncodedRequestUri": "L3N1YnNjcmlwdGlvbnMvMWM2MzhjZjQtNjA4Zi00ZWU2LWI2ODAtYzMyOWU4MjRjM2E4L3Jlc291cmNlR3JvdXBzL3Jnc2IwM19hZjY4MzU1OGJhYTIvcHJvdmlkZXJzL01pY3Jvc29mdC5TZXJ2aWNlQnVzL25hbWVzcGFjZXMvbmFtZXNwYWNlMjYwNzQ3MDlhL3RvcGljcy90b3BpY19mMmM5NzI3MjliYTBkL3N1YnNjcmlwdGlvbnMvc3ViMV9kYmI2MTkxMGIyN2FjP2FwaS12ZXJzaW9uPTIwMTUtMDgtMDE=",
      "RequestMethod": "GET",
      "RequestBody": "",
      "RequestHeaders": {
        "x-ms-client-request-id": [
          "4f478429-5fea-4d27-8f79-9daa67168635"
        ],
        "Accept-Language": [
          "en-US"
        ],
        "User-Agent": [
          "FxVersion/4.6.28008.01",
          "OSName/Windows",
          "OSVersion/Microsoft.Windows.10.0.18363.",
          "Microsoft.Azure.Management.ServiceBus.Fluent.ServiceBusManagementClient/1.0.0.61",
          "MacAddressHash/f198b50d7e3ef6510679efb9e4c9a1474fd2bf18cf1d6a2182c79b00464dbadd"
        ]
      },
      "ResponseHeaders": {
        "Cache-Control": [
          "no-cache"
        ],
        "Pragma": [
          "no-cache"
        ],
        "x-ms-request-id": [
          "01484aab-e70f-4f6a-ae27-70d3d4fba5f0_M6CH3_M6CH3"
        ],
        "Server-SB": [
          "Service-Bus-Resource-Provider/CH3"
        ],
        "Server": [
          "Service-Bus-Resource-Provider/CH3",
          "Microsoft-HTTPAPI/2.0"
        ],
        "x-ms-ratelimit-remaining-subscription-reads": [
          "11995"
        ],
        "x-ms-correlation-request-id": [
          "4bac4d2b-09bd-475b-8650-017133cb5e82"
        ],
        "x-ms-routing-request-id": [
          "SOUTHEASTASIA:20191022T160549Z:4bac4d2b-09bd-475b-8650-017133cb5e82"
        ],
        "Strict-Transport-Security": [
          "max-age=31536000; includeSubDomains"
        ],
        "X-Content-Type-Options": [
          "nosniff"
        ],
        "Date": [
          "Tue, 22 Oct 2019 16:05:48 GMT"
        ],
        "Content-Length": [
          "1067"
        ],
        "Content-Type": [
          "application/json; charset=utf-8"
        ],
        "Expires": [
          "-1"
        ]
      },
      "ResponseBody": "{\r\n  \"id\": \"/subscriptions/1c638cf4-608f-4ee6-b680-c329e824c3a8/resourceGroups/rgsb03_af683558baa2/providers/Microsoft.ServiceBus/namespaces/namespace26074709a/topics/topic_f2c972729ba0d/subscriptions/sub1_dbb61910b27ac\",\r\n  \"name\": \"sub1_dbb61910b27ac\",\r\n  \"type\": \"Microsoft.ServiceBus/TopicSubscriptions\",\r\n  \"location\": \"West US\",\r\n  \"tags\": null,\r\n  \"properties\": {\r\n    \"topicPath\": \"topic_f2c972729ba0d\",\r\n    \"subscriptionName\": \"sub1_dbb61910b27ac\",\r\n    \"lockDuration\": \"00:01:00\",\r\n    \"requiresSession\": false,\r\n    \"defaultMessageTimeToLive\": \"10675199.02:48:05.4775807\",\r\n    \"deadLetteringOnMessageExpiration\": false,\r\n    \"deadLetteringOnFilterEvaluationExceptions\": true,\r\n    \"messageCount\": 0,\r\n    \"maxDeliveryCount\": 10,\r\n    \"enableBatchedOperations\": true,\r\n    \"status\": \"Active\",\r\n    \"createdAt\": \"2019-10-22T16:05:48.9831879Z\",\r\n    \"updatedAt\": \"2019-10-22T16:05:48.9831879Z\",\r\n    \"accessedAt\": \"2019-10-22T16:05:48.9831879Z\",\r\n    \"countDetails\": {\r\n      \"activeMessageCount\": 0,\r\n      \"deadLetterMessageCount\": 0,\r\n      \"scheduledMessageCount\": 0,\r\n      \"transferMessageCount\": 0,\r\n      \"transferDeadLetterMessageCount\": 0\r\n    },\r\n    \"autoDeleteOnIdle\": \"10675199.02:48:05.4775807\",\r\n    \"entityAvailabilityStatus\": \"Available\"\r\n  }\r\n}",
      "StatusCode": 200
    },
    {
      "RequestUri": "/subscriptions/1c638cf4-608f-4ee6-b680-c329e824c3a8/resourceGroups/rgsb03_af683558baa2/providers/Microsoft.ServiceBus/namespaces/namespace26074709a/topics/topic_f2c972729ba0d/subscriptions/sub2_2fd89587a0e87?api-version=2015-08-01",
      "EncodedRequestUri": "L3N1YnNjcmlwdGlvbnMvMWM2MzhjZjQtNjA4Zi00ZWU2LWI2ODAtYzMyOWU4MjRjM2E4L3Jlc291cmNlR3JvdXBzL3Jnc2IwM19hZjY4MzU1OGJhYTIvcHJvdmlkZXJzL01pY3Jvc29mdC5TZXJ2aWNlQnVzL25hbWVzcGFjZXMvbmFtZXNwYWNlMjYwNzQ3MDlhL3RvcGljcy90b3BpY19mMmM5NzI3MjliYTBkL3N1YnNjcmlwdGlvbnMvc3ViMl8yZmQ4OTU4N2EwZTg3P2FwaS12ZXJzaW9uPTIwMTUtMDgtMDE=",
      "RequestMethod": "PUT",
      "RequestBody": "{\r\n  \"location\": \"westus\",\r\n  \"tags\": {}\r\n}",
      "RequestHeaders": {
        "x-ms-client-request-id": [
          "d18453c8-3345-4c81-9c43-297afec0e88d"
        ],
        "Accept-Language": [
          "en-US"
        ],
        "User-Agent": [
          "FxVersion/4.6.28008.01",
          "OSName/Windows",
          "OSVersion/Microsoft.Windows.10.0.18363.",
          "Microsoft.Azure.Management.ServiceBus.Fluent.ServiceBusManagementClient/1.0.0.61",
          "MacAddressHash/f198b50d7e3ef6510679efb9e4c9a1474fd2bf18cf1d6a2182c79b00464dbadd"
        ],
        "Content-Type": [
          "application/json; charset=utf-8"
        ],
        "Content-Length": [
          "43"
        ]
      },
      "ResponseHeaders": {
        "Cache-Control": [
          "no-cache"
        ],
        "Pragma": [
          "no-cache"
        ],
        "x-ms-request-id": [
          "c8e22eda-1c5c-4b75-a1fd-afead2774a1e_M6CH3_M6CH3"
        ],
        "Server-SB": [
          "Service-Bus-Resource-Provider/CH3"
        ],
        "Server": [
          "Service-Bus-Resource-Provider/CH3",
          "Microsoft-HTTPAPI/2.0"
        ],
        "x-ms-ratelimit-remaining-subscription-writes": [
          "1193"
        ],
        "x-ms-correlation-request-id": [
          "4f1c696d-4eff-4608-bc07-dccca981b34f"
        ],
        "x-ms-routing-request-id": [
          "SOUTHEASTASIA:20191022T160551Z:4f1c696d-4eff-4608-bc07-dccca981b34f"
        ],
        "Strict-Transport-Security": [
          "max-age=31536000; includeSubDomains"
        ],
        "X-Content-Type-Options": [
          "nosniff"
        ],
        "Date": [
          "Tue, 22 Oct 2019 16:05:50 GMT"
        ],
        "Content-Length": [
          "905"
        ],
        "Content-Type": [
          "application/json; charset=utf-8"
        ],
        "Expires": [
          "-1"
        ]
      },
      "ResponseBody": "{\r\n  \"id\": \"/subscriptions/1c638cf4-608f-4ee6-b680-c329e824c3a8/resourceGroups/rgsb03_af683558baa2/providers/Microsoft.ServiceBus/namespaces/namespace26074709a/topics/topic_f2c972729ba0d/subscriptions/sub2_2fd89587a0e87\",\r\n  \"name\": \"sub2_2fd89587a0e87\",\r\n  \"type\": \"Microsoft.ServiceBus/TopicSubscriptions\",\r\n  \"location\": \"West US\",\r\n  \"tags\": null,\r\n  \"properties\": {\r\n    \"topicPath\": \"topic_f2c972729ba0d\",\r\n    \"subscriptionName\": \"sub2_2fd89587a0e87\",\r\n    \"lockDuration\": \"00:01:00\",\r\n    \"requiresSession\": false,\r\n    \"defaultMessageTimeToLive\": \"10675199.02:48:05.4775807\",\r\n    \"deadLetteringOnMessageExpiration\": false,\r\n    \"deadLetteringOnFilterEvaluationExceptions\": true,\r\n    \"messageCount\": 0,\r\n    \"maxDeliveryCount\": 10,\r\n    \"enableBatchedOperations\": true,\r\n    \"status\": \"Active\",\r\n    \"createdAt\": \"2019-10-22T16:05:50.9978811Z\",\r\n    \"updatedAt\": \"2019-10-22T16:05:50.9978811Z\",\r\n    \"accessedAt\": \"0001-01-01T00:00:00\",\r\n    \"autoDeleteOnIdle\": \"10675199.02:48:05.4775807\",\r\n    \"entityAvailabilityStatus\": \"Available\"\r\n  }\r\n}",
      "StatusCode": 200
    },
    {
      "RequestUri": "/subscriptions/1c638cf4-608f-4ee6-b680-c329e824c3a8/resourceGroups/rgsb03_af683558baa2/providers/Microsoft.ServiceBus/namespaces/namespace26074709a/AuthorizationRules/SendRule?api-version=2015-08-01",
      "EncodedRequestUri": "L3N1YnNjcmlwdGlvbnMvMWM2MzhjZjQtNjA4Zi00ZWU2LWI2ODAtYzMyOWU4MjRjM2E4L3Jlc291cmNlR3JvdXBzL3Jnc2IwM19hZjY4MzU1OGJhYTIvcHJvdmlkZXJzL01pY3Jvc29mdC5TZXJ2aWNlQnVzL25hbWVzcGFjZXMvbmFtZXNwYWNlMjYwNzQ3MDlhL0F1dGhvcml6YXRpb25SdWxlcy9TZW5kUnVsZT9hcGktdmVyc2lvbj0yMDE1LTA4LTAx",
      "RequestMethod": "PUT",
      "RequestBody": "{\r\n  \"properties\": {\r\n    \"rights\": [\r\n      \"Send\"\r\n    ]\r\n  }\r\n}",
      "RequestHeaders": {
        "x-ms-client-request-id": [
          "c76006ca-9290-4955-9877-e32c192292ae"
        ],
        "Accept-Language": [
          "en-US"
        ],
        "User-Agent": [
          "FxVersion/4.6.28008.01",
          "OSName/Windows",
          "OSVersion/Microsoft.Windows.10.0.18363.",
          "Microsoft.Azure.Management.ServiceBus.Fluent.ServiceBusManagementClient/1.0.0.61",
          "MacAddressHash/f198b50d7e3ef6510679efb9e4c9a1474fd2bf18cf1d6a2182c79b00464dbadd"
        ],
        "Content-Type": [
          "application/json; charset=utf-8"
        ],
        "Content-Length": [
          "66"
        ]
      },
      "ResponseHeaders": {
        "Cache-Control": [
          "no-cache"
        ],
        "Pragma": [
          "no-cache"
        ],
        "x-ms-request-id": [
          "9139afad-b292-45b0-aacf-28c7a7dd6c96_M6CH3_M6CH3"
        ],
        "Server-SB": [
          "Service-Bus-Resource-Provider/CH3"
        ],
        "Server": [
          "Service-Bus-Resource-Provider/CH3",
          "Microsoft-HTTPAPI/2.0"
        ],
        "x-ms-ratelimit-remaining-subscription-writes": [
          "1192"
        ],
        "x-ms-correlation-request-id": [
          "830f5ac5-c997-45b3-a97f-17843ab4b1be"
        ],
        "x-ms-routing-request-id": [
          "SOUTHEASTASIA:20191022T160612Z:830f5ac5-c997-45b3-a97f-17843ab4b1be"
        ],
        "Strict-Transport-Security": [
          "max-age=31536000; includeSubDomains"
        ],
        "X-Content-Type-Options": [
          "nosniff"
        ],
        "Date": [
          "Tue, 22 Oct 2019 16:06:11 GMT"
        ],
        "Content-Length": [
          "323"
        ],
        "Content-Type": [
          "application/json; charset=utf-8"
        ],
        "Expires": [
          "-1"
        ]
      },
      "ResponseBody": "{\r\n  \"id\": \"/subscriptions/1c638cf4-608f-4ee6-b680-c329e824c3a8/resourceGroups/rgsb03_af683558baa2/providers/Microsoft.ServiceBus/namespaces/namespace26074709a/AuthorizationRules/SendRule\",\r\n  \"name\": \"SendRule\",\r\n  \"type\": \"Microsoft.ServiceBus/Namespaces/AuthorizationRules\",\r\n  \"location\": null,\r\n  \"tags\": null,\r\n  \"properties\": {\r\n    \"rights\": [\r\n      \"Send\"\r\n    ]\r\n  }\r\n}",
      "StatusCode": 200
    },
    {
      "RequestUri": "/subscriptions/1c638cf4-608f-4ee6-b680-c329e824c3a8/resourceGroups/rgsb03_af683558baa2/providers/Microsoft.ServiceBus/namespaces/namespace26074709a/AuthorizationRules/SendRule/listKeys?api-version=2015-08-01",
      "EncodedRequestUri": "L3N1YnNjcmlwdGlvbnMvMWM2MzhjZjQtNjA4Zi00ZWU2LWI2ODAtYzMyOWU4MjRjM2E4L3Jlc291cmNlR3JvdXBzL3Jnc2IwM19hZjY4MzU1OGJhYTIvcHJvdmlkZXJzL01pY3Jvc29mdC5TZXJ2aWNlQnVzL25hbWVzcGFjZXMvbmFtZXNwYWNlMjYwNzQ3MDlhL0F1dGhvcml6YXRpb25SdWxlcy9TZW5kUnVsZS9saXN0S2V5cz9hcGktdmVyc2lvbj0yMDE1LTA4LTAx",
      "RequestMethod": "POST",
      "RequestBody": "",
      "RequestHeaders": {
        "x-ms-client-request-id": [
          "49082f82-173b-4504-b3be-e527d7e831a7"
        ],
        "Accept-Language": [
          "en-US"
        ],
        "User-Agent": [
          "FxVersion/4.6.28008.01",
          "OSName/Windows",
          "OSVersion/Microsoft.Windows.10.0.18363.",
          "Microsoft.Azure.Management.ServiceBus.Fluent.ServiceBusManagementClient/1.0.0.61",
          "MacAddressHash/f198b50d7e3ef6510679efb9e4c9a1474fd2bf18cf1d6a2182c79b00464dbadd"
        ]
      },
      "ResponseHeaders": {
        "Cache-Control": [
          "no-cache"
        ],
        "Pragma": [
          "no-cache"
        ],
        "x-ms-request-id": [
          "3f743fde-a6d0-4db4-843d-63739b7e9fe1_M6CH3_M6CH3"
        ],
        "Server-SB": [
          "Service-Bus-Resource-Provider/CH3"
        ],
        "x-ms-ratelimit-remaining-subscription-writes": [
          "1199"
        ],
        "Server": [
          "Service-Bus-Resource-Provider/CH3",
          "Microsoft-HTTPAPI/2.0"
        ],
        "x-ms-correlation-request-id": [
          "823d90f5-c247-4631-a30e-4d39e64d6a76"
        ],
        "x-ms-routing-request-id": [
          "SOUTHEASTASIA:20191022T160613Z:823d90f5-c247-4631-a30e-4d39e64d6a76"
        ],
        "Strict-Transport-Security": [
          "max-age=31536000; includeSubDomains"
        ],
        "X-Content-Type-Options": [
          "nosniff"
        ],
        "Date": [
          "Tue, 22 Oct 2019 16:06:12 GMT"
        ],
        "Content-Length": [
          "496"
        ],
        "Content-Type": [
          "application/json; charset=utf-8"
        ],
        "Expires": [
          "-1"
        ]
      },
      "ResponseBody": "{\r\n  \"primaryConnectionString\": \"Endpoint=sb://namespace26074709a.servicebus.windows.net/;SharedAccessKeyName=SendRule;SharedAccessKey=MGMT_PLACEHOLDER\",\r\n  \"secondaryConnectionString\": \"Endpoint=sb://namespace26074709a.servicebus.windows.net/;SharedAccessKeyName=SendRule;SharedAccessKey=MGMT_PLACEHOLDER\",\r\n  \"primaryKey\": \"MGMT_PLACEHOLDER\",\r\n  \"secondaryKey\": \"MGMT_PLACEHOLDER\",\r\n  \"keyName\": \"SendRule\"\r\n}",
      "StatusCode": 200
    },
    {
      "RequestUri": "/subscriptions/1c638cf4-608f-4ee6-b680-c329e824c3a8/resourceGroups/rgsb03_af683558baa2/providers/Microsoft.ServiceBus/namespaces/namespace26074709a?api-version=2015-08-01",
      "EncodedRequestUri": "L3N1YnNjcmlwdGlvbnMvMWM2MzhjZjQtNjA4Zi00ZWU2LWI2ODAtYzMyOWU4MjRjM2E4L3Jlc291cmNlR3JvdXBzL3Jnc2IwM19hZjY4MzU1OGJhYTIvcHJvdmlkZXJzL01pY3Jvc29mdC5TZXJ2aWNlQnVzL25hbWVzcGFjZXMvbmFtZXNwYWNlMjYwNzQ3MDlhP2FwaS12ZXJzaW9uPTIwMTUtMDgtMDE=",
      "RequestMethod": "DELETE",
      "RequestBody": "",
      "RequestHeaders": {
        "x-ms-client-request-id": [
          "712c342e-5cfe-4292-ba19-33674d152ab1"
        ],
        "Accept-Language": [
          "en-US"
        ],
        "User-Agent": [
          "FxVersion/4.6.28008.01",
          "OSName/Windows",
          "OSVersion/Microsoft.Windows.10.0.18363.",
          "Microsoft.Azure.Management.ServiceBus.Fluent.ServiceBusManagementClient/1.0.0.61",
          "MacAddressHash/f198b50d7e3ef6510679efb9e4c9a1474fd2bf18cf1d6a2182c79b00464dbadd"
        ]
      },
      "ResponseHeaders": {
        "Cache-Control": [
          "no-cache"
        ],
        "Pragma": [
          "no-cache"
        ],
        "Location": [
          "https://management.azure.com/subscriptions/1c638cf4-608f-4ee6-b680-c329e824c3a8/resourceGroups/rgsb03_af683558baa2/providers/Microsoft.ServiceBus/namespaces/namespace26074709a/operationresults/namespace26074709a?api-version=2015-08-01"
        ],
        "x-ms-request-id": [
          "3dbf16d0-38ab-4770-b395-6e4d4efffd1e_M6CH3_M6CH3"
        ],
        "Server-SB": [
          "Service-Bus-Resource-Provider/CH3"
        ],
        "x-ms-ratelimit-remaining-subscription-deletes": [
          "14999"
        ],
        "Server": [
          "Service-Bus-Resource-Provider/CH3",
          "Microsoft-HTTPAPI/2.0"
        ],
        "x-ms-correlation-request-id": [
          "220498c8-ec98-441a-bf03-44b0dc6e9cf3"
        ],
        "x-ms-routing-request-id": [
          "SOUTHEASTASIA:20191022T160620Z:220498c8-ec98-441a-bf03-44b0dc6e9cf3"
        ],
        "Strict-Transport-Security": [
          "max-age=31536000; includeSubDomains"
        ],
        "X-Content-Type-Options": [
          "nosniff"
        ],
        "Date": [
          "Tue, 22 Oct 2019 16:06:20 GMT"
        ],
        "Expires": [
          "-1"
        ],
        "Content-Length": [
          "0"
        ]
      },
      "ResponseBody": "",
      "StatusCode": 202
    },
    {
      "RequestUri": "/subscriptions/1c638cf4-608f-4ee6-b680-c329e824c3a8/resourceGroups/rgsb03_af683558baa2/providers/Microsoft.ServiceBus/namespaces/namespace26074709a/operationresults/namespace26074709a?api-version=2015-08-01",
      "EncodedRequestUri": "L3N1YnNjcmlwdGlvbnMvMWM2MzhjZjQtNjA4Zi00ZWU2LWI2ODAtYzMyOWU4MjRjM2E4L3Jlc291cmNlR3JvdXBzL3Jnc2IwM19hZjY4MzU1OGJhYTIvcHJvdmlkZXJzL01pY3Jvc29mdC5TZXJ2aWNlQnVzL25hbWVzcGFjZXMvbmFtZXNwYWNlMjYwNzQ3MDlhL29wZXJhdGlvbnJlc3VsdHMvbmFtZXNwYWNlMjYwNzQ3MDlhP2FwaS12ZXJzaW9uPTIwMTUtMDgtMDE=",
      "RequestMethod": "GET",
      "RequestBody": "",
      "RequestHeaders": {
        "User-Agent": [
          "FxVersion/4.6.28008.01",
          "OSName/Windows",
          "OSVersion/Microsoft.Windows.10.0.18363.",
          "Microsoft.Azure.Management.ServiceBus.Fluent.ServiceBusManagementClient/1.0.0.61",
          "MacAddressHash/f198b50d7e3ef6510679efb9e4c9a1474fd2bf18cf1d6a2182c79b00464dbadd"
        ]
      },
      "ResponseHeaders": {
        "Cache-Control": [
          "no-cache"
        ],
        "Pragma": [
          "no-cache"
        ],
        "x-ms-request-id": [
          "8abbccd3-800c-4908-aa43-e279bbbfaeff_M14CH3_M14CH3"
        ],
        "Server-SB": [
          "Service-Bus-Resource-Provider/CH3"
        ],
        "Server": [
          "Service-Bus-Resource-Provider/CH3",
          "Microsoft-HTTPAPI/2.0"
        ],
        "x-ms-ratelimit-remaining-subscription-reads": [
          "11994"
        ],
        "x-ms-correlation-request-id": [
          "6a54bb01-7246-40c9-86be-dd353d03f0a1"
        ],
        "x-ms-routing-request-id": [
          "SOUTHEASTASIA:20191022T160650Z:6a54bb01-7246-40c9-86be-dd353d03f0a1"
        ],
        "Strict-Transport-Security": [
          "max-age=31536000; includeSubDomains"
        ],
        "X-Content-Type-Options": [
          "nosniff"
        ],
        "Date": [
          "Tue, 22 Oct 2019 16:06:50 GMT"
        ],
        "Expires": [
          "-1"
        ],
        "Content-Length": [
          "0"
        ]
      },
      "ResponseBody": "",
      "StatusCode": 200
    },
    {
      "RequestUri": "/subscriptions/1c638cf4-608f-4ee6-b680-c329e824c3a8/resourceGroups/rgsb03_af683558baa2/providers/Microsoft.ServiceBus/namespaces/namespace26074709a/operationresults/namespace26074709a?api-version=2015-08-01",
      "EncodedRequestUri": "L3N1YnNjcmlwdGlvbnMvMWM2MzhjZjQtNjA4Zi00ZWU2LWI2ODAtYzMyOWU4MjRjM2E4L3Jlc291cmNlR3JvdXBzL3Jnc2IwM19hZjY4MzU1OGJhYTIvcHJvdmlkZXJzL01pY3Jvc29mdC5TZXJ2aWNlQnVzL25hbWVzcGFjZXMvbmFtZXNwYWNlMjYwNzQ3MDlhL29wZXJhdGlvbnJlc3VsdHMvbmFtZXNwYWNlMjYwNzQ3MDlhP2FwaS12ZXJzaW9uPTIwMTUtMDgtMDE=",
      "RequestMethod": "GET",
      "RequestBody": "",
      "RequestHeaders": {
        "User-Agent": [
          "FxVersion/4.6.28008.01",
          "OSName/Windows",
          "OSVersion/Microsoft.Windows.10.0.18363.",
          "Microsoft.Azure.Management.ServiceBus.Fluent.ServiceBusManagementClient/1.0.0.61",
          "MacAddressHash/f198b50d7e3ef6510679efb9e4c9a1474fd2bf18cf1d6a2182c79b00464dbadd"
        ]
      },
      "ResponseHeaders": {
        "Cache-Control": [
          "no-cache"
        ],
        "Pragma": [
          "no-cache"
        ],
        "x-ms-request-id": [
          "705f1806-7b2a-4071-932e-bdfdebb70976_M14CH3_M14CH3"
        ],
        "Server-SB": [
          "Service-Bus-Resource-Provider/CH3"
        ],
        "Server": [
          "Service-Bus-Resource-Provider/CH3",
          "Microsoft-HTTPAPI/2.0"
        ],
        "x-ms-ratelimit-remaining-subscription-reads": [
          "11993"
        ],
        "x-ms-correlation-request-id": [
          "c2b33d6a-e913-4bb9-993b-c179c63f4359"
        ],
        "x-ms-routing-request-id": [
          "SOUTHEASTASIA:20191022T160650Z:c2b33d6a-e913-4bb9-993b-c179c63f4359"
        ],
        "Strict-Transport-Security": [
          "max-age=31536000; includeSubDomains"
        ],
        "X-Content-Type-Options": [
          "nosniff"
        ],
        "Date": [
          "Tue, 22 Oct 2019 16:06:50 GMT"
        ],
        "Expires": [
          "-1"
        ],
        "Content-Length": [
          "0"
        ]
      },
      "ResponseBody": "",
      "StatusCode": 200
    },
    {
      "RequestUri": "/subscriptions/1c638cf4-608f-4ee6-b680-c329e824c3a8/resourcegroups/rgsb03_af683558baa2?api-version=2021-01-01",
      "EncodedRequestUri": "L3N1YnNjcmlwdGlvbnMvMWM2MzhjZjQtNjA4Zi00ZWU2LWI2ODAtYzMyOWU4MjRjM2E4L3Jlc291cmNlZ3JvdXBzL3Jnc2IwM19hZjY4MzU1OGJhYTI/YXBpLXZlcnNpb249MjAyMS0wMS0wMQ==",
      "RequestMethod": "DELETE",
      "RequestBody": "",
      "RequestHeaders": {
        "x-ms-client-request-id": [
          "9a9c1395-cace-40fe-9aef-13ce2675498c"
        ],
        "Accept-Language": [
          "en-US"
        ],
        "User-Agent": [
          "FxVersion/4.6.28008.01",
          "OSName/Windows",
          "OSVersion/Microsoft.Windows.10.0.18363.",
          "Microsoft.Azure.Management.ResourceManager.Fluent.ResourceManagementClient/1.0.0.61",
          "MacAddressHash/f198b50d7e3ef6510679efb9e4c9a1474fd2bf18cf1d6a2182c79b00464dbadd"
        ]
      },
      "ResponseHeaders": {
        "Cache-Control": [
          "no-cache"
        ],
        "Pragma": [
          "no-cache"
        ],
        "Location": [
          "https://management.azure.com/subscriptions/1c638cf4-608f-4ee6-b680-c329e824c3a8/operationresults/eyJqb2JJZCI6IlJFU09VUkNFR1JPVVBERUxFVElPTkpPQi1SR1NCMDM6NUZBRjY4MzU1OEJBQTItV0VTVFVTIiwiam9iTG9jYXRpb24iOiJ3ZXN0dXMifQ?api-version=2019-08-01"
        ],
        "Retry-After": [
          "15"
        ],
        "x-ms-ratelimit-remaining-subscription-deletes": [
          "14998"
        ],
        "x-ms-request-id": [
          "e6abd39a-e5c4-4115-a84a-882f40f59566"
        ],
        "x-ms-correlation-request-id": [
          "e6abd39a-e5c4-4115-a84a-882f40f59566"
        ],
        "x-ms-routing-request-id": [
          "SOUTHEASTASIA:20191022T160655Z:e6abd39a-e5c4-4115-a84a-882f40f59566"
        ],
        "Strict-Transport-Security": [
          "max-age=31536000; includeSubDomains"
        ],
        "X-Content-Type-Options": [
          "nosniff"
        ],
        "Date": [
          "Tue, 22 Oct 2019 16:06:55 GMT"
        ],
        "Expires": [
          "-1"
        ],
        "Content-Length": [
          "0"
        ]
      },
      "ResponseBody": "",
      "StatusCode": 202
    }
  ],
  "Names": {
    "WithClaimBasedAuthorizationTest": [
      "rgsb03_af683558baa2",
      "namespace26074709a",
      "queue1_0a805801848d",
      "topic_f2c972729ba0d",
      "sub1_dbb61910b27ac",
      "sub2_2fd89587a0e87"
    ]
  },
  "Variables": {
    "ServicePrincipal": "af519bfa-99e8-4193-b65b-e6cd2f8bde7f",
    "AADTenant": "72f988bf-86f1-41af-91ab-2d7cd011db47",
    "SubscriptionId": "1c638cf4-608f-4ee6-b680-c329e824c3a8"
  }
}