{
  "Entries": [
    {
      "RequestUri": "/subscriptions/1c638cf4-608f-4ee6-b680-c329e824c3a8/resourcegroups/rgdnschash110?api-version=2021-01-01",
      "EncodedRequestUri": "L3N1YnNjcmlwdGlvbnMvMWM2MzhjZjQtNjA4Zi00ZWU2LWI2ODAtYzMyOWU4MjRjM2E4L3Jlc291cmNlZ3JvdXBzL3JnZG5zY2hhc2gxMTA/YXBpLXZlcnNpb249MjAyMS0wMS0wMQ==",
      "RequestMethod": "PUT",
      "RequestBody": "{\r\n  \"location\": \"eastus\"\r\n}",
      "RequestHeaders": {
        "x-ms-client-request-id": [
          "39136895-e29c-41ca-8e29-7866795a7a91"
        ],
        "Accept-Language": [
          "en-US"
        ],
        "User-Agent": [
          "FxVersion/4.6.28008.01",
          "OSName/Windows",
          "OSVersion/Microsoft.Windows.10.0.18363.",
          "Microsoft.Azure.Management.ResourceManager.Fluent.ResourceManagementClient/1.0.0.61",
          "MacAddressHash/f198b50d7e3ef6510679efb9e4c9a1474fd2bf18cf1d6a2182c79b00464dbadd"
        ],
        "Content-Type": [
          "application/json; charset=utf-8"
        ],
        "Content-Length": [
          "28"
        ]
      },
      "ResponseHeaders": {
        "Cache-Control": [
          "no-cache"
        ],
        "Pragma": [
          "no-cache"
        ],
        "x-ms-ratelimit-remaining-subscription-writes": [
          "1199"
        ],
        "x-ms-request-id": [
          "a96c790b-b846-461b-9d60-2ee915495330"
        ],
        "x-ms-correlation-request-id": [
          "a96c790b-b846-461b-9d60-2ee915495330"
        ],
        "x-ms-routing-request-id": [
          "SOUTHEASTASIA:20191023T221327Z:a96c790b-b846-461b-9d60-2ee915495330"
        ],
        "Strict-Transport-Security": [
          "max-age=31536000; includeSubDomains"
        ],
        "X-Content-Type-Options": [
          "nosniff"
        ],
        "Date": [
          "Wed, 23 Oct 2019 22:13:26 GMT"
        ],
        "Content-Length": [
          "223"
        ],
        "Content-Type": [
          "application/json; charset=utf-8"
        ],
        "Expires": [
          "-1"
        ]
      },
      "ResponseBody": "{\r\n  \"id\": \"/subscriptions/1c638cf4-608f-4ee6-b680-c329e824c3a8/resourceGroups/rgdnschash110\",\r\n  \"name\": \"rgdnschash110\",\r\n  \"type\": \"Microsoft.Resources/resourceGroups\",\r\n  \"location\": \"eastus\",\r\n  \"properties\": {\r\n    \"provisioningState\": \"Succeeded\"\r\n  }\r\n}",
      "StatusCode": 201
    },
    {
      "RequestUri": "/subscriptions/1c638cf4-608f-4ee6-b680-c329e824c3a8/resourceGroups/rgdnschash110/providers/Microsoft.Network/dnsZones/www.contoso-157.com?api-version=2018-03-01-preview",
      "EncodedRequestUri": "L3N1YnNjcmlwdGlvbnMvMWM2MzhjZjQtNjA4Zi00ZWU2LWI2ODAtYzMyOWU4MjRjM2E4L3Jlc291cmNlR3JvdXBzL3JnZG5zY2hhc2gxMTAvcHJvdmlkZXJzL01pY3Jvc29mdC5OZXR3b3JrL2Ruc1pvbmVzL3d3dy5jb250b3NvLTE1Ny5jb20/YXBpLXZlcnNpb249MjAxOC0wMy0wMS1wcmV2aWV3",
      "RequestMethod": "PUT",
      "RequestBody": "{\r\n  \"properties\": {\r\n    \"zoneType\": \"Public\"\r\n  },\r\n  \"location\": \"global\",\r\n  \"tags\": {\r\n    \"a\": \"aa\",\r\n    \"b\": \"bb\"\r\n  }\r\n}",
      "RequestHeaders": {
        "x-ms-client-request-id": [
          "8f82558e-34e5-4c9d-ac5f-f410b8d226a0"
        ],
        "Accept-Language": [
          "en-US"
        ],
        "User-Agent": [
          "FxVersion/4.6.28008.01",
          "OSName/Windows",
          "OSVersion/Microsoft.Windows.10.0.18363.",
          "Microsoft.Azure.Management.Dns.Fluent.DnsManagementClient/1.0.0.61",
          "MacAddressHash/f198b50d7e3ef6510679efb9e4c9a1474fd2bf18cf1d6a2182c79b00464dbadd"
        ],
        "Content-Type": [
          "application/json; charset=utf-8"
        ],
        "Content-Length": [
          "129"
        ]
      },
      "ResponseHeaders": {
        "Cache-Control": [
          "private"
        ],
        "ETag": [
          "00000002-0000-0000-181f-521aef89d501"
        ],
        "X-Content-Type-Options": [
          "nosniff"
        ],
        "Strict-Transport-Security": [
          "max-age=31536000; includeSubDomains"
        ],
        "x-ms-request-id": [
          "8f82558e-34e5-4c9d-ac5f-f410b8d226a0"
        ],
        "Server": [
          "Microsoft-IIS/10.0"
        ],
        "X-Powered-By": [
          "ASP.NET"
        ],
        "x-ms-ratelimit-remaining-subscription-resource-requests": [
          "11999"
        ],
        "x-ms-correlation-request-id": [
          "0eb58a22-4445-4ae3-9b26-3b64e961dce2"
        ],
        "x-ms-routing-request-id": [
          "SOUTHEASTASIA:20191023T221332Z:0eb58a22-4445-4ae3-9b26-3b64e961dce2"
        ],
        "Date": [
          "Wed, 23 Oct 2019 22:13:31 GMT"
        ],
        "Content-Length": [
          "552"
        ],
        "Content-Type": [
          "application/json; charset=utf-8"
        ]
      },
      "ResponseBody": "{\r\n  \"id\": \"/subscriptions/1c638cf4-608f-4ee6-b680-c329e824c3a8/resourceGroups/rgdnschash110/providers/Microsoft.Network/dnszones/www.contoso-157.com\",\r\n  \"name\": \"www.contoso-157.com\",\r\n  \"type\": \"Microsoft.Network/dnszones\",\r\n  \"etag\": \"00000002-0000-0000-181f-521aef89d501\",\r\n  \"location\": \"global\",\r\n  \"tags\": {\r\n    \"a\": \"aa\",\r\n    \"b\": \"bb\"\r\n  },\r\n  \"properties\": {\r\n    \"maxNumberOfRecordSets\": 10000,\r\n    \"maxNumberOfRecordsPerRecordSet\": null,\r\n    \"nameServers\": [\r\n      \"ns1-06.azure-dns.com.\",\r\n      \"ns2-06.azure-dns.net.\",\r\n      \"ns3-06.azure-dns.org.\",\r\n      \"ns4-06.azure-dns.info.\"\r\n    ],\r\n    \"numberOfRecordSets\": 2,\r\n    \"zoneType\": \"Public\"\r\n  }\r\n}",
      "StatusCode": 201
    },
    {
      "RequestUri": "/subscriptions/1c638cf4-608f-4ee6-b680-c329e824c3a8/resourceGroups/rgdnschash110/providers/Microsoft.Network/dnsZones/www.contoso-157.com?api-version=2018-03-01-preview",
      "EncodedRequestUri": "L3N1YnNjcmlwdGlvbnMvMWM2MzhjZjQtNjA4Zi00ZWU2LWI2ODAtYzMyOWU4MjRjM2E4L3Jlc291cmNlR3JvdXBzL3JnZG5zY2hhc2gxMTAvcHJvdmlkZXJzL01pY3Jvc29mdC5OZXR3b3JrL2Ruc1pvbmVzL3d3dy5jb250b3NvLTE1Ny5jb20/YXBpLXZlcnNpb249MjAxOC0wMy0wMS1wcmV2aWV3",
      "RequestMethod": "PUT",
      "RequestBody": "{\r\n  \"etag\": \"00000002-0000-0000-181f-521aef89d501\",\r\n  \"properties\": {\r\n    \"zoneType\": \"Public\"\r\n  },\r\n  \"location\": \"global\",\r\n  \"tags\": {\r\n    \"a\": \"aa\",\r\n    \"b\": \"bb\"\r\n  }\r\n}",
      "RequestHeaders": {
        "x-ms-client-request-id": [
          "0cb2386d-b133-4842-8d29-4ec770609ca4"
        ],
        "Accept-Language": [
          "en-US"
        ],
        "User-Agent": [
          "FxVersion/4.6.28008.01",
          "OSName/Windows",
          "OSVersion/Microsoft.Windows.10.0.18363.",
          "Microsoft.Azure.Management.Dns.Fluent.DnsManagementClient/1.0.0.61",
          "MacAddressHash/f198b50d7e3ef6510679efb9e4c9a1474fd2bf18cf1d6a2182c79b00464dbadd"
        ],
        "Content-Type": [
          "application/json; charset=utf-8"
        ],
        "Content-Length": [
          "180"
        ]
      },
      "ResponseHeaders": {
        "Cache-Control": [
          "private"
        ],
        "ETag": [
          "00000003-0000-0000-181f-521aef89d501"
        ],
        "X-Content-Type-Options": [
          "nosniff"
        ],
        "Strict-Transport-Security": [
          "max-age=31536000; includeSubDomains"
        ],
        "x-ms-request-id": [
          "0cb2386d-b133-4842-8d29-4ec770609ca4"
        ],
        "Server": [
          "Microsoft-IIS/10.0"
        ],
        "X-Powered-By": [
          "ASP.NET"
        ],
        "x-ms-ratelimit-remaining-subscription-resource-requests": [
          "11999"
        ],
        "x-ms-correlation-request-id": [
          "f43516b7-5071-4f11-8d7d-70eef8ebc4e3"
        ],
        "x-ms-routing-request-id": [
          "SOUTHEASTASIA:20191023T221342Z:f43516b7-5071-4f11-8d7d-70eef8ebc4e3"
        ],
        "Date": [
          "Wed, 23 Oct 2019 22:13:42 GMT"
        ],
        "Content-Length": [
          "553"
        ],
        "Content-Type": [
          "application/json; charset=utf-8"
        ]
      },
      "ResponseBody": "{\r\n  \"id\": \"/subscriptions/1c638cf4-608f-4ee6-b680-c329e824c3a8/resourceGroups/rgdnschash110/providers/Microsoft.Network/dnszones/www.contoso-157.com\",\r\n  \"name\": \"www.contoso-157.com\",\r\n  \"type\": \"Microsoft.Network/dnszones\",\r\n  \"etag\": \"00000003-0000-0000-181f-521aef89d501\",\r\n  \"location\": \"global\",\r\n  \"tags\": {\r\n    \"a\": \"aa\",\r\n    \"b\": \"bb\"\r\n  },\r\n  \"properties\": {\r\n    \"maxNumberOfRecordSets\": 10000,\r\n    \"maxNumberOfRecordsPerRecordSet\": null,\r\n    \"nameServers\": [\r\n      \"ns1-06.azure-dns.com.\",\r\n      \"ns2-06.azure-dns.net.\",\r\n      \"ns3-06.azure-dns.org.\",\r\n      \"ns4-06.azure-dns.info.\"\r\n    ],\r\n    \"numberOfRecordSets\": 13,\r\n    \"zoneType\": \"Public\"\r\n  }\r\n}",
      "StatusCode": 200
    },
    {
      "RequestUri": "/subscriptions/1c638cf4-608f-4ee6-b680-c329e824c3a8/resourceGroups/rgdnschash110/providers/Microsoft.Network/dnsZones/www.contoso-157.com?api-version=2018-03-01-preview",
      "EncodedRequestUri": "L3N1YnNjcmlwdGlvbnMvMWM2MzhjZjQtNjA4Zi00ZWU2LWI2ODAtYzMyOWU4MjRjM2E4L3Jlc291cmNlR3JvdXBzL3JnZG5zY2hhc2gxMTAvcHJvdmlkZXJzL01pY3Jvc29mdC5OZXR3b3JrL2Ruc1pvbmVzL3d3dy5jb250b3NvLTE1Ny5jb20/YXBpLXZlcnNpb249MjAxOC0wMy0wMS1wcmV2aWV3",
      "RequestMethod": "PUT",
      "RequestBody": "{\r\n  \"etag\": \"00000003-0000-0000-181f-521aef89d501\",\r\n  \"properties\": {\r\n    \"zoneType\": \"Public\"\r\n  },\r\n  \"location\": \"global\",\r\n  \"tags\": {\r\n    \"a\": \"aa\",\r\n    \"b\": \"bb\",\r\n    \"d\": \"dd\"\r\n  }\r\n}",
      "RequestHeaders": {
        "x-ms-client-request-id": [
          "7997d235-9dee-467e-9f6a-557c0a389b65"
        ],
        "Accept-Language": [
          "en-US"
        ],
        "User-Agent": [
          "FxVersion/4.6.28008.01",
          "OSName/Windows",
          "OSVersion/Microsoft.Windows.10.0.18363.",
          "Microsoft.Azure.Management.Dns.Fluent.DnsManagementClient/1.0.0.61",
          "MacAddressHash/f198b50d7e3ef6510679efb9e4c9a1474fd2bf18cf1d6a2182c79b00464dbadd"
        ],
        "Content-Type": [
          "application/json; charset=utf-8"
        ],
        "Content-Length": [
          "196"
        ]
      },
      "ResponseHeaders": {
        "Cache-Control": [
          "private"
        ],
        "ETag": [
          "00000004-0000-0000-181f-521aef89d501"
        ],
        "X-Content-Type-Options": [
          "nosniff"
        ],
        "Strict-Transport-Security": [
          "max-age=31536000; includeSubDomains"
        ],
        "x-ms-request-id": [
          "7997d235-9dee-467e-9f6a-557c0a389b65"
        ],
        "Server": [
          "Microsoft-IIS/10.0"
        ],
        "X-Powered-By": [
          "ASP.NET"
        ],
        "x-ms-ratelimit-remaining-subscription-resource-requests": [
          "11999"
        ],
        "x-ms-correlation-request-id": [
          "4a8d9c99-dadd-4a8b-a498-e8e149363209"
        ],
        "x-ms-routing-request-id": [
          "SOUTHEASTASIA:20191023T221351Z:4a8d9c99-dadd-4a8b-a498-e8e149363209"
        ],
        "Date": [
          "Wed, 23 Oct 2019 22:13:51 GMT"
        ],
        "Content-Length": [
          "562"
        ],
        "Content-Type": [
          "application/json; charset=utf-8"
        ]
      },
      "ResponseBody": "{\r\n  \"id\": \"/subscriptions/1c638cf4-608f-4ee6-b680-c329e824c3a8/resourceGroups/rgdnschash110/providers/Microsoft.Network/dnszones/www.contoso-157.com\",\r\n  \"name\": \"www.contoso-157.com\",\r\n  \"type\": \"Microsoft.Network/dnszones\",\r\n  \"etag\": \"00000004-0000-0000-181f-521aef89d501\",\r\n  \"location\": \"global\",\r\n  \"tags\": {\r\n    \"a\": \"aa\",\r\n    \"b\": \"bb\",\r\n    \"d\": \"dd\"\r\n  },\r\n  \"properties\": {\r\n    \"maxNumberOfRecordSets\": 10000,\r\n    \"maxNumberOfRecordsPerRecordSet\": null,\r\n    \"nameServers\": [\r\n      \"ns1-06.azure-dns.com.\",\r\n      \"ns2-06.azure-dns.net.\",\r\n      \"ns3-06.azure-dns.org.\",\r\n      \"ns4-06.azure-dns.info.\"\r\n    ],\r\n    \"numberOfRecordSets\": 13,\r\n    \"zoneType\": \"Public\"\r\n  }\r\n}",
      "StatusCode": 200
    },
    {
      "RequestUri": "/subscriptions/1c638cf4-608f-4ee6-b680-c329e824c3a8/resourceGroups/rgdnschash110/providers/Microsoft.Network/dnsZones/www.contoso-157.com/AAAA/www?api-version=2018-03-01-preview",
      "EncodedRequestUri": "L3N1YnNjcmlwdGlvbnMvMWM2MzhjZjQtNjA4Zi00ZWU2LWI2ODAtYzMyOWU4MjRjM2E4L3Jlc291cmNlR3JvdXBzL3JnZG5zY2hhc2gxMTAvcHJvdmlkZXJzL01pY3Jvc29mdC5OZXR3b3JrL2Ruc1pvbmVzL3d3dy5jb250b3NvLTE1Ny5jb20vQUFBQS93d3c/YXBpLXZlcnNpb249MjAxOC0wMy0wMS1wcmV2aWV3",
      "RequestMethod": "PUT",
      "RequestBody": "{\r\n  \"properties\": {\r\n    \"TTL\": 3600,\r\n    \"AAAARecords\": [\r\n      {\r\n        \"ipv6Address\": \"2001:0db8:85a3:0000:0000:8a2e:0370:7334\"\r\n      },\r\n      {\r\n        \"ipv6Address\": \"2002:0db9:85a4:0000:0000:8a2e:0371:7335\"\r\n      }\r\n    ]\r\n  }\r\n}",
      "RequestHeaders": {
        "x-ms-client-request-id": [
          "1d6b1f21-feed-4466-bc78-fa8fad5b77d4"
        ],
        "Accept-Language": [
          "en-US"
        ],
        "User-Agent": [
          "FxVersion/4.6.28008.01",
          "OSName/Windows",
          "OSVersion/Microsoft.Windows.10.0.18363.",
          "Microsoft.Azure.Management.Dns.Fluent.DnsManagementClient/1.0.0.61",
          "MacAddressHash/f198b50d7e3ef6510679efb9e4c9a1474fd2bf18cf1d6a2182c79b00464dbadd"
        ],
        "Content-Type": [
          "application/json; charset=utf-8"
        ],
        "Content-Length": [
          "244"
        ]
      },
      "ResponseHeaders": {
        "Cache-Control": [
          "private"
        ],
        "ETag": [
          "d4bd0dfc-6358-4afd-ba1d-3cfa122d9ccf"
        ],
        "X-Content-Type-Options": [
          "nosniff"
        ],
        "Strict-Transport-Security": [
          "max-age=31536000; includeSubDomains"
        ],
        "x-ms-request-id": [
          "1d6b1f21-feed-4466-bc78-fa8fad5b77d4"
        ],
        "Server": [
          "Microsoft-IIS/10.0"
        ],
        "X-Powered-By": [
          "ASP.NET"
        ],
        "x-ms-ratelimit-remaining-subscription-resource-requests": [
          "11999"
        ],
        "x-ms-correlation-request-id": [
          "e9adfed8-1e36-48b4-b513-bbfb0d02ec80"
        ],
        "x-ms-routing-request-id": [
          "SOUTHEASTASIA:20191023T221333Z:e9adfed8-1e36-48b4-b513-bbfb0d02ec80"
        ],
        "Date": [
          "Wed, 23 Oct 2019 22:13:33 GMT"
        ],
        "Content-Length": [
          "459"
        ],
        "Content-Type": [
          "application/json; charset=utf-8"
        ]
      },
      "ResponseBody": "{\r\n  \"id\": \"/subscriptions/1c638cf4-608f-4ee6-b680-c329e824c3a8/resourceGroups/rgdnschash110/providers/Microsoft.Network/dnszones/www.contoso-157.com/AAAA/www\",\r\n  \"name\": \"www\",\r\n  \"type\": \"Microsoft.Network/dnszones/AAAA\",\r\n  \"etag\": \"d4bd0dfc-6358-4afd-ba1d-3cfa122d9ccf\",\r\n  \"properties\": {\r\n    \"fqdn\": \"www.www.contoso-157.com.\",\r\n    \"TTL\": 3600,\r\n    \"AAAARecords\": [\r\n      {\r\n        \"ipv6Address\": \"2001:0db8:85a3:0000:0000:8a2e:0370:7334\"\r\n      },\r\n      {\r\n        \"ipv6Address\": \"2002:0db9:85a4:0000:0000:8a2e:0371:7335\"\r\n      }\r\n    ]\r\n  }\r\n}",
      "StatusCode": 201
    },
    {
      "RequestUri": "/subscriptions/1c638cf4-608f-4ee6-b680-c329e824c3a8/resourceGroups/rgdnschash110/providers/Microsoft.Network/dnsZones/www.contoso-157.com/CNAME/documents?api-version=2018-03-01-preview",
      "EncodedRequestUri": "L3N1YnNjcmlwdGlvbnMvMWM2MzhjZjQtNjA4Zi00ZWU2LWI2ODAtYzMyOWU4MjRjM2E4L3Jlc291cmNlR3JvdXBzL3JnZG5zY2hhc2gxMTAvcHJvdmlkZXJzL01pY3Jvc29mdC5OZXR3b3JrL2Ruc1pvbmVzL3d3dy5jb250b3NvLTE1Ny5jb20vQ05BTUUvZG9jdW1lbnRzP2FwaS12ZXJzaW9uPTIwMTgtMDMtMDEtcHJldmlldw==",
      "RequestMethod": "PUT",
      "RequestBody": "{\r\n  \"properties\": {\r\n    \"TTL\": 3600,\r\n    \"CNAMERecord\": {\r\n      \"cname\": \"doc.contoso.com\"\r\n    }\r\n  }\r\n}",
      "RequestHeaders": {
        "x-ms-client-request-id": [
          "cecaa8a5-d505-4956-8185-ae5d0327c7b5"
        ],
        "Accept-Language": [
          "en-US"
        ],
        "User-Agent": [
          "FxVersion/4.6.28008.01",
          "OSName/Windows",
          "OSVersion/Microsoft.Windows.10.0.18363.",
          "Microsoft.Azure.Management.Dns.Fluent.DnsManagementClient/1.0.0.61",
          "MacAddressHash/f198b50d7e3ef6510679efb9e4c9a1474fd2bf18cf1d6a2182c79b00464dbadd"
        ],
        "Content-Type": [
          "application/json; charset=utf-8"
        ],
        "Content-Length": [
          "109"
        ]
      },
      "ResponseHeaders": {
        "Cache-Control": [
          "private"
        ],
        "ETag": [
          "74cae2b4-26bf-455e-a981-bef37434616b"
        ],
        "X-Content-Type-Options": [
          "nosniff"
        ],
        "Strict-Transport-Security": [
          "max-age=31536000; includeSubDomains"
        ],
        "x-ms-request-id": [
          "cecaa8a5-d505-4956-8185-ae5d0327c7b5"
        ],
        "Server": [
          "Microsoft-IIS/10.0"
        ],
        "X-Powered-By": [
          "ASP.NET"
        ],
        "x-ms-ratelimit-remaining-subscription-resource-requests": [
          "11999"
        ],
        "x-ms-correlation-request-id": [
          "6285e8c1-2708-4e37-b354-cacdf6d6db2c"
        ],
        "x-ms-routing-request-id": [
          "SOUTHEASTASIA:20191023T221333Z:6285e8c1-2708-4e37-b354-cacdf6d6db2c"
        ],
        "Date": [
          "Wed, 23 Oct 2019 22:13:33 GMT"
        ],
        "Content-Length": [
          "389"
        ],
        "Content-Type": [
          "application/json; charset=utf-8"
        ]
      },
      "ResponseBody": "{\r\n  \"id\": \"/subscriptions/1c638cf4-608f-4ee6-b680-c329e824c3a8/resourceGroups/rgdnschash110/providers/Microsoft.Network/dnszones/www.contoso-157.com/CNAME/documents\",\r\n  \"name\": \"documents\",\r\n  \"type\": \"Microsoft.Network/dnszones/CNAME\",\r\n  \"etag\": \"74cae2b4-26bf-455e-a981-bef37434616b\",\r\n  \"properties\": {\r\n    \"fqdn\": \"documents.www.contoso-157.com.\",\r\n    \"TTL\": 3600,\r\n    \"CNAMERecord\": {\r\n      \"cname\": \"doc.contoso.com\"\r\n    }\r\n  }\r\n}",
      "StatusCode": 201
    },
    {
      "RequestUri": "/subscriptions/1c638cf4-608f-4ee6-b680-c329e824c3a8/resourceGroups/rgdnschash110/providers/Microsoft.Network/dnsZones/www.contoso-157.com/TXT/@?api-version=2018-03-01-preview",
      "EncodedRequestUri": "L3N1YnNjcmlwdGlvbnMvMWM2MzhjZjQtNjA4Zi00ZWU2LWI2ODAtYzMyOWU4MjRjM2E4L3Jlc291cmNlR3JvdXBzL3JnZG5zY2hhc2gxMTAvcHJvdmlkZXJzL01pY3Jvc29mdC5OZXR3b3JrL2Ruc1pvbmVzL3d3dy5jb250b3NvLTE1Ny5jb20vVFhUL0A/YXBpLXZlcnNpb249MjAxOC0wMy0wMS1wcmV2aWV3",
      "RequestMethod": "PUT",
      "RequestBody": "{\r\n  \"properties\": {\r\n    \"TTL\": 3600,\r\n    \"TXTRecords\": [\r\n      {\r\n        \"value\": [\r\n          \"windows-apps-verification=2ZzjfideIJFLFje83\"\r\n        ]\r\n      }\r\n    ]\r\n  }\r\n}",
      "RequestHeaders": {
        "x-ms-client-request-id": [
          "d1ec5c8d-7b8c-4a3d-839b-b790dc6f3638"
        ],
        "Accept-Language": [
          "en-US"
        ],
        "User-Agent": [
          "FxVersion/4.6.28008.01",
          "OSName/Windows",
          "OSVersion/Microsoft.Windows.10.0.18363.",
          "Microsoft.Azure.Management.Dns.Fluent.DnsManagementClient/1.0.0.61",
          "MacAddressHash/f198b50d7e3ef6510679efb9e4c9a1474fd2bf18cf1d6a2182c79b00464dbadd"
        ],
        "Content-Type": [
          "application/json; charset=utf-8"
        ],
        "Content-Length": [
          "180"
        ]
      },
      "ResponseHeaders": {
        "Cache-Control": [
          "private"
        ],
        "ETag": [
          "fa99db23-607f-4d28-979e-7608edef18aa"
        ],
        "X-Content-Type-Options": [
          "nosniff"
        ],
        "Strict-Transport-Security": [
          "max-age=31536000; includeSubDomains"
        ],
        "x-ms-request-id": [
          "d1ec5c8d-7b8c-4a3d-839b-b790dc6f3638"
        ],
        "Server": [
          "Microsoft-IIS/10.0"
        ],
        "X-Powered-By": [
          "ASP.NET"
        ],
        "x-ms-ratelimit-remaining-subscription-resource-requests": [
          "11999"
        ],
        "x-ms-correlation-request-id": [
          "7da05f5a-5158-42ab-a1ba-a9970c2cd160"
        ],
        "x-ms-routing-request-id": [
          "SOUTHEASTASIA:20191023T221333Z:7da05f5a-5158-42ab-a1ba-a9970c2cd160"
        ],
        "Date": [
          "Wed, 23 Oct 2019 22:13:33 GMT"
        ],
        "Content-Length": [
          "390"
        ],
        "Content-Type": [
          "application/json; charset=utf-8"
        ]
      },
      "ResponseBody": "{\r\n  \"id\": \"/subscriptions/1c638cf4-608f-4ee6-b680-c329e824c3a8/resourceGroups/rgdnschash110/providers/Microsoft.Network/dnszones/www.contoso-157.com/TXT/@\",\r\n  \"name\": \"@\",\r\n  \"type\": \"Microsoft.Network/dnszones/TXT\",\r\n  \"etag\": \"fa99db23-607f-4d28-979e-7608edef18aa\",\r\n  \"properties\": {\r\n    \"fqdn\": \"www.contoso-157.com.\",\r\n    \"TTL\": 3600,\r\n    \"TXTRecords\": [\r\n      {\r\n        \"value\": [\r\n          \"windows-apps-verification=2ZzjfideIJFLFje83\"\r\n        ]\r\n      }\r\n    ]\r\n  }\r\n}",
      "StatusCode": 201
    },
    {
      "RequestUri": "/subscriptions/1c638cf4-608f-4ee6-b680-c329e824c3a8/resourceGroups/rgdnschash110/providers/Microsoft.Network/dnsZones/www.contoso-157.com/CNAME/userguide?api-version=2018-03-01-preview",
      "EncodedRequestUri": "L3N1YnNjcmlwdGlvbnMvMWM2MzhjZjQtNjA4Zi00ZWU2LWI2ODAtYzMyOWU4MjRjM2E4L3Jlc291cmNlR3JvdXBzL3JnZG5zY2hhc2gxMTAvcHJvdmlkZXJzL01pY3Jvc29mdC5OZXR3b3JrL2Ruc1pvbmVzL3d3dy5jb250b3NvLTE1Ny5jb20vQ05BTUUvdXNlcmd1aWRlP2FwaS12ZXJzaW9uPTIwMTgtMDMtMDEtcHJldmlldw==",
      "RequestMethod": "PUT",
      "RequestBody": "{\r\n  \"properties\": {\r\n    \"TTL\": 3600,\r\n    \"CNAMERecord\": {\r\n      \"cname\": \"doc.contoso.com\"\r\n    }\r\n  }\r\n}",
      "RequestHeaders": {
        "x-ms-client-request-id": [
          "4aa8f02c-9f9b-404c-9553-0cd47ef1802e"
        ],
        "Accept-Language": [
          "en-US"
        ],
        "User-Agent": [
          "FxVersion/4.6.28008.01",
          "OSName/Windows",
          "OSVersion/Microsoft.Windows.10.0.18363.",
          "Microsoft.Azure.Management.Dns.Fluent.DnsManagementClient/1.0.0.61",
          "MacAddressHash/f198b50d7e3ef6510679efb9e4c9a1474fd2bf18cf1d6a2182c79b00464dbadd"
        ],
        "Content-Type": [
          "application/json; charset=utf-8"
        ],
        "Content-Length": [
          "109"
        ]
      },
      "ResponseHeaders": {
        "Cache-Control": [
          "private"
        ],
        "ETag": [
          "787040fb-df25-4853-a380-20804506b5b1"
        ],
        "X-Content-Type-Options": [
          "nosniff"
        ],
        "Strict-Transport-Security": [
          "max-age=31536000; includeSubDomains"
        ],
        "x-ms-request-id": [
          "4aa8f02c-9f9b-404c-9553-0cd47ef1802e"
        ],
        "Server": [
          "Microsoft-IIS/10.0"
        ],
        "X-Powered-By": [
          "ASP.NET"
        ],
        "x-ms-ratelimit-remaining-subscription-resource-requests": [
          "11999"
        ],
        "x-ms-correlation-request-id": [
          "11d56b04-d0dc-4880-ab37-48297f38a4d1"
        ],
        "x-ms-routing-request-id": [
          "SOUTHEASTASIA:20191023T221333Z:11d56b04-d0dc-4880-ab37-48297f38a4d1"
        ],
        "Date": [
          "Wed, 23 Oct 2019 22:13:33 GMT"
        ],
        "Content-Length": [
          "389"
        ],
        "Content-Type": [
          "application/json; charset=utf-8"
        ]
      },
      "ResponseBody": "{\r\n  \"id\": \"/subscriptions/1c638cf4-608f-4ee6-b680-c329e824c3a8/resourceGroups/rgdnschash110/providers/Microsoft.Network/dnszones/www.contoso-157.com/CNAME/userguide\",\r\n  \"name\": \"userguide\",\r\n  \"type\": \"Microsoft.Network/dnszones/CNAME\",\r\n  \"etag\": \"787040fb-df25-4853-a380-20804506b5b1\",\r\n  \"properties\": {\r\n    \"fqdn\": \"userguide.www.contoso-157.com.\",\r\n    \"TTL\": 3600,\r\n    \"CNAMERecord\": {\r\n      \"cname\": \"doc.contoso.com\"\r\n    }\r\n  }\r\n}",
      "StatusCode": 201
    },
    {
      "RequestUri": "/subscriptions/1c638cf4-608f-4ee6-b680-c329e824c3a8/resourceGroups/rgdnschash110/providers/Microsoft.Network/dnsZones/www.contoso-157.com/MX/email?api-version=2018-03-01-preview",
      "EncodedRequestUri": "L3N1YnNjcmlwdGlvbnMvMWM2MzhjZjQtNjA4Zi00ZWU2LWI2ODAtYzMyOWU4MjRjM2E4L3Jlc291cmNlR3JvdXBzL3JnZG5zY2hhc2gxMTAvcHJvdmlkZXJzL01pY3Jvc29mdC5OZXR3b3JrL2Ruc1pvbmVzL3d3dy5jb250b3NvLTE1Ny5jb20vTVgvZW1haWw/YXBpLXZlcnNpb249MjAxOC0wMy0wMS1wcmV2aWV3",
      "RequestMethod": "PUT",
      "RequestBody": "{\r\n  \"properties\": {\r\n    \"metadata\": {\r\n      \"mxa\": \"mxaa\",\r\n      \"mxb\": \"mxbb\"\r\n    },\r\n    \"TTL\": 3600,\r\n    \"MXRecords\": [\r\n      {\r\n        \"preference\": 1,\r\n        \"exchange\": \"mail.contoso-mail-exchange1.com\"\r\n      },\r\n      {\r\n        \"preference\": 2,\r\n        \"exchange\": \"mail.contoso-mail-exchange2.com\"\r\n      }\r\n    ]\r\n  }\r\n}",
      "RequestHeaders": {
        "x-ms-client-request-id": [
          "e0d316b3-250a-4767-ba7b-0697d06d55fc"
        ],
        "Accept-Language": [
          "en-US"
        ],
        "User-Agent": [
          "FxVersion/4.6.28008.01",
          "OSName/Windows",
          "OSVersion/Microsoft.Windows.10.0.18363.",
          "Microsoft.Azure.Management.Dns.Fluent.DnsManagementClient/1.0.0.61",
          "MacAddressHash/f198b50d7e3ef6510679efb9e4c9a1474fd2bf18cf1d6a2182c79b00464dbadd"
        ],
        "Content-Type": [
          "application/json; charset=utf-8"
        ],
        "Content-Length": [
          "342"
        ]
      },
      "ResponseHeaders": {
        "Cache-Control": [
          "private"
        ],
        "ETag": [
          "fc9a5990-8755-4b1f-9063-a2bc9fe1585a"
        ],
        "X-Content-Type-Options": [
          "nosniff"
        ],
        "Strict-Transport-Security": [
          "max-age=31536000; includeSubDomains"
        ],
        "x-ms-request-id": [
          "e0d316b3-250a-4767-ba7b-0697d06d55fc"
        ],
        "Server": [
          "Microsoft-IIS/10.0"
        ],
        "X-Powered-By": [
          "ASP.NET"
        ],
        "x-ms-ratelimit-remaining-subscription-resource-requests": [
          "11999"
        ],
        "x-ms-correlation-request-id": [
          "a65dd97d-38e6-41b6-9924-e026dc6d8078"
        ],
        "x-ms-routing-request-id": [
          "SOUTHEASTASIA:20191023T221333Z:a65dd97d-38e6-41b6-9924-e026dc6d8078"
        ],
        "Date": [
          "Wed, 23 Oct 2019 22:13:33 GMT"
        ],
        "Content-Length": [
          "506"
        ],
        "Content-Type": [
          "application/json; charset=utf-8"
        ]
      },
      "ResponseBody": "{\r\n  \"id\": \"/subscriptions/1c638cf4-608f-4ee6-b680-c329e824c3a8/resourceGroups/rgdnschash110/providers/Microsoft.Network/dnszones/www.contoso-157.com/MX/email\",\r\n  \"name\": \"email\",\r\n  \"type\": \"Microsoft.Network/dnszones/MX\",\r\n  \"etag\": \"fc9a5990-8755-4b1f-9063-a2bc9fe1585a\",\r\n  \"properties\": {\r\n    \"metadata\": {\r\n      \"mxa\": \"mxaa\",\r\n      \"mxb\": \"mxbb\"\r\n    },\r\n    \"fqdn\": \"email.www.contoso-157.com.\",\r\n    \"TTL\": 3600,\r\n    \"MXRecords\": [\r\n      {\r\n        \"exchange\": \"mail.contoso-mail-exchange1.com\",\r\n        \"preference\": 1\r\n      },\r\n      {\r\n        \"exchange\": \"mail.contoso-mail-exchange2.com\",\r\n        \"preference\": 2\r\n      }\r\n    ]\r\n  }\r\n}",
      "StatusCode": 201
    },
    {
      "RequestUri": "/subscriptions/1c638cf4-608f-4ee6-b680-c329e824c3a8/resourceGroups/rgdnschash110/providers/Microsoft.Network/dnsZones/www.contoso-157.com/MX/email?api-version=2018-03-01-preview",
      "EncodedRequestUri": "L3N1YnNjcmlwdGlvbnMvMWM2MzhjZjQtNjA4Zi00ZWU2LWI2ODAtYzMyOWU4MjRjM2E4L3Jlc291cmNlR3JvdXBzL3JnZG5zY2hhc2gxMTAvcHJvdmlkZXJzL01pY3Jvc29mdC5OZXR3b3JrL2Ruc1pvbmVzL3d3dy5jb250b3NvLTE1Ny5jb20vTVgvZW1haWw/YXBpLXZlcnNpb249MjAxOC0wMy0wMS1wcmV2aWV3",
      "RequestMethod": "PUT",
      "RequestBody": "{\r\n  \"etag\": \"fc9a5990-8755-4b1f-9063-a2bc9fe1585a\",\r\n  \"properties\": {\r\n    \"metadata\": {\r\n      \"mxc\": \"mxcc\",\r\n      \"mxb\": \"mxbb\",\r\n      \"mxd\": \"mxdd\"\r\n    },\r\n    \"TTL\": 3600,\r\n    \"MXRecords\": [\r\n      {\r\n        \"preference\": 1,\r\n        \"exchange\": \"mail.contoso-mail-exchange1.com\"\r\n      }\r\n    ]\r\n  }\r\n}",
      "RequestHeaders": {
        "x-ms-client-request-id": [
          "14c92b81-110d-4c9c-acd9-638630e3a40a"
        ],
        "Accept-Language": [
          "en-US"
        ],
        "User-Agent": [
          "FxVersion/4.6.28008.01",
          "OSName/Windows",
          "OSVersion/Microsoft.Windows.10.0.18363.",
          "Microsoft.Azure.Management.Dns.Fluent.DnsManagementClient/1.0.0.61",
          "MacAddressHash/f198b50d7e3ef6510679efb9e4c9a1474fd2bf18cf1d6a2182c79b00464dbadd"
        ],
        "Content-Type": [
          "application/json; charset=utf-8"
        ],
        "Content-Length": [
          "315"
        ]
      },
      "ResponseHeaders": {
        "Cache-Control": [
          "private"
        ],
        "ETag": [
          "01e29f17-a50e-4139-8840-33e095179dc8"
        ],
        "X-Content-Type-Options": [
          "nosniff"
        ],
        "Strict-Transport-Security": [
          "max-age=31536000; includeSubDomains"
        ],
        "x-ms-request-id": [
          "14c92b81-110d-4c9c-acd9-638630e3a40a"
        ],
        "Server": [
          "Microsoft-IIS/10.0"
        ],
        "X-Powered-By": [
          "ASP.NET"
        ],
        "x-ms-ratelimit-remaining-subscription-resource-requests": [
          "11998"
        ],
        "x-ms-correlation-request-id": [
          "0a63f341-61f2-41dc-9811-7ae94157aadc"
        ],
        "x-ms-routing-request-id": [
          "SOUTHEASTASIA:20191023T221352Z:0a63f341-61f2-41dc-9811-7ae94157aadc"
        ],
        "Date": [
          "Wed, 23 Oct 2019 22:13:52 GMT"
        ],
        "Content-Length": [
          "457"
        ],
        "Content-Type": [
          "application/json; charset=utf-8"
        ]
      },
      "ResponseBody": "{\r\n  \"id\": \"/subscriptions/1c638cf4-608f-4ee6-b680-c329e824c3a8/resourceGroups/rgdnschash110/providers/Microsoft.Network/dnszones/www.contoso-157.com/MX/email\",\r\n  \"name\": \"email\",\r\n  \"type\": \"Microsoft.Network/dnszones/MX\",\r\n  \"etag\": \"01e29f17-a50e-4139-8840-33e095179dc8\",\r\n  \"properties\": {\r\n    \"metadata\": {\r\n      \"mxc\": \"mxcc\",\r\n      \"mxb\": \"mxbb\",\r\n      \"mxd\": \"mxdd\"\r\n    },\r\n    \"fqdn\": \"email.www.contoso-157.com.\",\r\n    \"TTL\": 3600,\r\n    \"MXRecords\": [\r\n      {\r\n        \"exchange\": \"mail.contoso-mail-exchange1.com\",\r\n        \"preference\": 1\r\n      }\r\n    ]\r\n  }\r\n}",
      "StatusCode": 200
    },
    {
      "RequestUri": "/subscriptions/1c638cf4-608f-4ee6-b680-c329e824c3a8/resourceGroups/rgdnschash110/providers/Microsoft.Network/dnsZones/www.contoso-157.com/PTR/40?api-version=2018-03-01-preview",
      "EncodedRequestUri": "L3N1YnNjcmlwdGlvbnMvMWM2MzhjZjQtNjA4Zi00ZWU2LWI2ODAtYzMyOWU4MjRjM2E4L3Jlc291cmNlR3JvdXBzL3JnZG5zY2hhc2gxMTAvcHJvdmlkZXJzL01pY3Jvc29mdC5OZXR3b3JrL2Ruc1pvbmVzL3d3dy5jb250b3NvLTE1Ny5jb20vUFRSLzQwP2FwaS12ZXJzaW9uPTIwMTgtMDMtMDEtcHJldmlldw==",
      "RequestMethod": "PUT",
      "RequestBody": "{\r\n  \"properties\": {\r\n    \"TTL\": 3600,\r\n    \"PTRRecords\": [\r\n      {\r\n        \"ptrdname\": \"www.contoso.com\"\r\n      },\r\n      {\r\n        \"ptrdname\": \"mail.contoso.com\"\r\n      }\r\n    ]\r\n  }\r\n}",
      "RequestHeaders": {
        "x-ms-client-request-id": [
          "b1b48eb7-65cf-426e-84cf-d8411846db34"
        ],
        "Accept-Language": [
          "en-US"
        ],
        "User-Agent": [
          "FxVersion/4.6.28008.01",
          "OSName/Windows",
          "OSVersion/Microsoft.Windows.10.0.18363.",
          "Microsoft.Azure.Management.Dns.Fluent.DnsManagementClient/1.0.0.61",
          "MacAddressHash/f198b50d7e3ef6510679efb9e4c9a1474fd2bf18cf1d6a2182c79b00464dbadd"
        ],
        "Content-Type": [
          "application/json; charset=utf-8"
        ],
        "Content-Length": [
          "190"
        ]
      },
      "ResponseHeaders": {
        "Cache-Control": [
          "private"
        ],
        "ETag": [
          "99547282-091e-4da2-8d8c-f0e184c09fc7"
        ],
        "X-Content-Type-Options": [
          "nosniff"
        ],
        "Strict-Transport-Security": [
          "max-age=31536000; includeSubDomains"
        ],
        "x-ms-request-id": [
          "b1b48eb7-65cf-426e-84cf-d8411846db34"
        ],
        "Server": [
          "Microsoft-IIS/10.0"
        ],
        "X-Powered-By": [
          "ASP.NET"
        ],
        "x-ms-ratelimit-remaining-subscription-resource-requests": [
          "11999"
        ],
        "x-ms-correlation-request-id": [
          "d00623f7-089d-4284-9fec-0f095588ab50"
        ],
        "x-ms-routing-request-id": [
          "SOUTHEASTASIA:20191023T221333Z:d00623f7-089d-4284-9fec-0f095588ab50"
        ],
        "Date": [
          "Wed, 23 Oct 2019 22:13:33 GMT"
        ],
        "Content-Length": [
          "400"
        ],
        "Content-Type": [
          "application/json; charset=utf-8"
        ]
      },
      "ResponseBody": "{\r\n  \"id\": \"/subscriptions/1c638cf4-608f-4ee6-b680-c329e824c3a8/resourceGroups/rgdnschash110/providers/Microsoft.Network/dnszones/www.contoso-157.com/PTR/40\",\r\n  \"name\": \"40\",\r\n  \"type\": \"Microsoft.Network/dnszones/PTR\",\r\n  \"etag\": \"99547282-091e-4da2-8d8c-f0e184c09fc7\",\r\n  \"properties\": {\r\n    \"fqdn\": \"40.www.contoso-157.com.\",\r\n    \"TTL\": 3600,\r\n    \"PTRRecords\": [\r\n      {\r\n        \"ptrdname\": \"www.contoso.com\"\r\n      },\r\n      {\r\n        \"ptrdname\": \"mail.contoso.com\"\r\n      }\r\n    ]\r\n  }\r\n}",
      "StatusCode": 201
    },
    {
      "RequestUri": "/subscriptions/1c638cf4-608f-4ee6-b680-c329e824c3a8/resourceGroups/rgdnschash110/providers/Microsoft.Network/dnsZones/www.contoso-157.com/SRV/_sip._tcp?api-version=2018-03-01-preview",
      "EncodedRequestUri": "L3N1YnNjcmlwdGlvbnMvMWM2MzhjZjQtNjA4Zi00ZWU2LWI2ODAtYzMyOWU4MjRjM2E4L3Jlc291cmNlR3JvdXBzL3JnZG5zY2hhc2gxMTAvcHJvdmlkZXJzL01pY3Jvc29mdC5OZXR3b3JrL2Ruc1pvbmVzL3d3dy5jb250b3NvLTE1Ny5jb20vU1JWL19zaXAuX3RjcD9hcGktdmVyc2lvbj0yMDE4LTAzLTAxLXByZXZpZXc=",
      "RequestMethod": "PUT",
      "RequestBody": "{\r\n  \"properties\": {\r\n    \"TTL\": 3600,\r\n    \"SRVRecords\": [\r\n      {\r\n        \"priority\": 10,\r\n        \"weight\": 60,\r\n        \"port\": 5060,\r\n        \"target\": \"bigbox.contoso-service.com\"\r\n      },\r\n      {\r\n        \"priority\": 10,\r\n        \"weight\": 20,\r\n        \"port\": 5060,\r\n        \"target\": \"smallbox1.contoso-service.com\"\r\n      },\r\n      {\r\n        \"priority\": 10,\r\n        \"weight\": 20,\r\n        \"port\": 5060,\r\n        \"target\": \"smallbox2.contoso-service.com\"\r\n      },\r\n      {\r\n        \"priority\": 10,\r\n        \"weight\": 0,\r\n        \"port\": 5060,\r\n        \"target\": \"backupbox.contoso-service.com\"\r\n      }\r\n    ]\r\n  }\r\n}",
      "RequestHeaders": {
        "x-ms-client-request-id": [
          "ad57f87c-8862-4b5b-bea1-d628552b41e3"
        ],
        "Accept-Language": [
          "en-US"
        ],
        "User-Agent": [
          "FxVersion/4.6.28008.01",
          "OSName/Windows",
          "OSVersion/Microsoft.Windows.10.0.18363.",
          "Microsoft.Azure.Management.Dns.Fluent.DnsManagementClient/1.0.0.61",
          "MacAddressHash/f198b50d7e3ef6510679efb9e4c9a1474fd2bf18cf1d6a2182c79b00464dbadd"
        ],
        "Content-Type": [
          "application/json; charset=utf-8"
        ],
        "Content-Length": [
          "633"
        ]
      },
      "ResponseHeaders": {
        "Cache-Control": [
          "private"
        ],
        "ETag": [
          "8603e0fe-94cb-4330-b2c8-b9243e995bc2"
        ],
        "X-Content-Type-Options": [
          "nosniff"
        ],
        "Strict-Transport-Security": [
          "max-age=31536000; includeSubDomains"
        ],
        "x-ms-request-id": [
          "ad57f87c-8862-4b5b-bea1-d628552b41e3"
        ],
        "Server": [
          "Microsoft-IIS/10.0"
        ],
        "X-Powered-By": [
          "ASP.NET"
        ],
        "x-ms-ratelimit-remaining-subscription-resource-requests": [
          "11999"
        ],
        "x-ms-correlation-request-id": [
          "de21e78c-7c17-4522-8139-ee66b25e7922"
        ],
        "x-ms-routing-request-id": [
          "SOUTHEASTASIA:20191023T221333Z:de21e78c-7c17-4522-8139-ee66b25e7922"
        ],
        "Date": [
          "Wed, 23 Oct 2019 22:13:33 GMT"
        ],
        "Content-Length": [
          "678"
        ],
        "Content-Type": [
          "application/json; charset=utf-8"
        ]
      },
      "ResponseBody": "{\r\n  \"id\": \"/subscriptions/1c638cf4-608f-4ee6-b680-c329e824c3a8/resourceGroups/rgdnschash110/providers/Microsoft.Network/dnszones/www.contoso-157.com/SRV/_sip._tcp\",\r\n  \"name\": \"_sip._tcp\",\r\n  \"type\": \"Microsoft.Network/dnszones/SRV\",\r\n  \"etag\": \"8603e0fe-94cb-4330-b2c8-b9243e995bc2\",\r\n  \"properties\": {\r\n    \"fqdn\": \"_sip._tcp.www.contoso-157.com.\",\r\n    \"TTL\": 3600,\r\n    \"SRVRecords\": [\r\n      {\r\n        \"port\": 5060,\r\n        \"priority\": 10,\r\n        \"target\": \"bigbox.contoso-service.com\",\r\n        \"weight\": 60\r\n      },\r\n      {\r\n        \"port\": 5060,\r\n        \"priority\": 10,\r\n        \"target\": \"smallbox1.contoso-service.com\",\r\n        \"weight\": 20\r\n      },\r\n      {\r\n        \"port\": 5060,\r\n        \"priority\": 10,\r\n        \"target\": \"smallbox2.contoso-service.com\",\r\n        \"weight\": 20\r\n      },\r\n      {\r\n        \"port\": 5060,\r\n        \"priority\": 10,\r\n        \"target\": \"backupbox.contoso-service.com\",\r\n        \"weight\": 0\r\n      }\r\n    ]\r\n  }\r\n}",
      "StatusCode": 201
    },
    {
      "RequestUri": "/subscriptions/1c638cf4-608f-4ee6-b680-c329e824c3a8/resourceGroups/rgdnschash110/providers/Microsoft.Network/dnsZones/www.contoso-157.com/SRV/_sip._tcp?api-version=2018-03-01-preview",
      "EncodedRequestUri": "L3N1YnNjcmlwdGlvbnMvMWM2MzhjZjQtNjA4Zi00ZWU2LWI2ODAtYzMyOWU4MjRjM2E4L3Jlc291cmNlR3JvdXBzL3JnZG5zY2hhc2gxMTAvcHJvdmlkZXJzL01pY3Jvc29mdC5OZXR3b3JrL2Ruc1pvbmVzL3d3dy5jb250b3NvLTE1Ny5jb20vU1JWL19zaXAuX3RjcD9hcGktdmVyc2lvbj0yMDE4LTAzLTAxLXByZXZpZXc=",
      "RequestMethod": "PUT",
      "RequestBody": "{\r\n  \"etag\": \"8603e0fe-94cb-4330-b2c8-b9243e995bc2\",\r\n  \"properties\": {\r\n    \"TTL\": 3600,\r\n    \"SRVRecords\": [\r\n      {\r\n        \"priority\": 10,\r\n        \"weight\": 20,\r\n        \"port\": 5060,\r\n        \"target\": \"smallbox1.contoso-service.com\"\r\n      },\r\n      {\r\n        \"priority\": 10,\r\n        \"weight\": 20,\r\n        \"port\": 5060,\r\n        \"target\": \"smallbox2.contoso-service.com\"\r\n      },\r\n      {\r\n        \"priority\": 10,\r\n        \"weight\": 0,\r\n        \"port\": 5060,\r\n        \"target\": \"backupbox.contoso-service.com\"\r\n      },\r\n      {\r\n        \"priority\": 10,\r\n        \"weight\": 60,\r\n        \"port\": 5060,\r\n        \"target\": \"mainbox.contoso-service.com\"\r\n      }\r\n    ]\r\n  }\r\n}",
      "RequestHeaders": {
        "x-ms-client-request-id": [
          "b62f8ac8-16aa-4879-aec3-8cd114aa5bed"
        ],
        "Accept-Language": [
          "en-US"
        ],
        "User-Agent": [
          "FxVersion/4.6.28008.01",
          "OSName/Windows",
          "OSVersion/Microsoft.Windows.10.0.18363.",
          "Microsoft.Azure.Management.Dns.Fluent.DnsManagementClient/1.0.0.61",
          "MacAddressHash/f198b50d7e3ef6510679efb9e4c9a1474fd2bf18cf1d6a2182c79b00464dbadd"
        ],
        "Content-Type": [
          "application/json; charset=utf-8"
        ],
        "Content-Length": [
          "685"
        ]
      },
      "ResponseHeaders": {
        "Cache-Control": [
          "private"
        ],
        "ETag": [
          "92e665db-a7c9-4763-bd7a-954779e8ce01"
        ],
        "X-Content-Type-Options": [
          "nosniff"
        ],
        "Strict-Transport-Security": [
          "max-age=31536000; includeSubDomains"
        ],
        "x-ms-request-id": [
          "b62f8ac8-16aa-4879-aec3-8cd114aa5bed"
        ],
        "Server": [
          "Microsoft-IIS/10.0"
        ],
        "X-Powered-By": [
          "ASP.NET"
        ],
        "x-ms-ratelimit-remaining-subscription-resource-requests": [
          "11999"
        ],
        "x-ms-correlation-request-id": [
          "ebc4a182-1448-454c-8827-2bdc80918bec"
        ],
        "x-ms-routing-request-id": [
          "SOUTHEASTASIA:20191023T221343Z:ebc4a182-1448-454c-8827-2bdc80918bec"
        ],
        "Date": [
          "Wed, 23 Oct 2019 22:13:43 GMT"
        ],
        "Content-Length": [
          "679"
        ],
        "Content-Type": [
          "application/json; charset=utf-8"
        ]
      },
      "ResponseBody": "{\r\n  \"id\": \"/subscriptions/1c638cf4-608f-4ee6-b680-c329e824c3a8/resourceGroups/rgdnschash110/providers/Microsoft.Network/dnszones/www.contoso-157.com/SRV/_sip._tcp\",\r\n  \"name\": \"_sip._tcp\",\r\n  \"type\": \"Microsoft.Network/dnszones/SRV\",\r\n  \"etag\": \"92e665db-a7c9-4763-bd7a-954779e8ce01\",\r\n  \"properties\": {\r\n    \"fqdn\": \"_sip._tcp.www.contoso-157.com.\",\r\n    \"TTL\": 3600,\r\n    \"SRVRecords\": [\r\n      {\r\n        \"port\": 5060,\r\n        \"priority\": 10,\r\n        \"target\": \"smallbox1.contoso-service.com\",\r\n        \"weight\": 20\r\n      },\r\n      {\r\n        \"port\": 5060,\r\n        \"priority\": 10,\r\n        \"target\": \"smallbox2.contoso-service.com\",\r\n        \"weight\": 20\r\n      },\r\n      {\r\n        \"port\": 5060,\r\n        \"priority\": 10,\r\n        \"target\": \"backupbox.contoso-service.com\",\r\n        \"weight\": 0\r\n      },\r\n      {\r\n        \"port\": 5060,\r\n        \"priority\": 10,\r\n        \"target\": \"mainbox.contoso-service.com\",\r\n        \"weight\": 60\r\n      }\r\n    ]\r\n  }\r\n}",
      "StatusCode": 200
    },
    {
      "RequestUri": "/subscriptions/1c638cf4-608f-4ee6-b680-c329e824c3a8/resourceGroups/rgdnschash110/providers/Microsoft.Network/dnsZones/www.contoso-157.com/NS/partners?api-version=2018-03-01-preview",
      "EncodedRequestUri": "L3N1YnNjcmlwdGlvbnMvMWM2MzhjZjQtNjA4Zi00ZWU2LWI2ODAtYzMyOWU4MjRjM2E4L3Jlc291cmNlR3JvdXBzL3JnZG5zY2hhc2gxMTAvcHJvdmlkZXJzL01pY3Jvc29mdC5OZXR3b3JrL2Ruc1pvbmVzL3d3dy5jb250b3NvLTE1Ny5jb20vTlMvcGFydG5lcnM/YXBpLXZlcnNpb249MjAxOC0wMy0wMS1wcmV2aWV3",
      "RequestMethod": "PUT",
      "RequestBody": "{\r\n  \"properties\": {\r\n    \"TTL\": 3600,\r\n    \"NSRecords\": [\r\n      {\r\n        \"nsdname\": \"ns1-05.azure-dns.com\"\r\n      },\r\n      {\r\n        \"nsdname\": \"ns2-05.azure-dns.net\"\r\n      },\r\n      {\r\n        \"nsdname\": \"ns3-05.azure-dns.org\"\r\n      },\r\n      {\r\n        \"nsdname\": \"ns4-05.azure-dns.info\"\r\n      }\r\n    ]\r\n  }\r\n}",
      "RequestHeaders": {
        "x-ms-client-request-id": [
          "9631a868-7e80-4b1c-b976-cd7549efb91e"
        ],
        "Accept-Language": [
          "en-US"
        ],
        "User-Agent": [
          "FxVersion/4.6.28008.01",
          "OSName/Windows",
          "OSVersion/Microsoft.Windows.10.0.18363.",
          "Microsoft.Azure.Management.Dns.Fluent.DnsManagementClient/1.0.0.61",
          "MacAddressHash/f198b50d7e3ef6510679efb9e4c9a1474fd2bf18cf1d6a2182c79b00464dbadd"
        ],
        "Content-Type": [
          "application/json; charset=utf-8"
        ],
        "Content-Length": [
          "321"
        ]
      },
      "ResponseHeaders": {
        "Cache-Control": [
          "private"
        ],
        "ETag": [
          "fd85d1c7-fd76-4e32-bad5-f6fe8c400d03"
        ],
        "X-Content-Type-Options": [
          "nosniff"
        ],
        "Strict-Transport-Security": [
          "max-age=31536000; includeSubDomains"
        ],
        "x-ms-request-id": [
          "9631a868-7e80-4b1c-b976-cd7549efb91e"
        ],
        "Server": [
          "Microsoft-IIS/10.0"
        ],
        "X-Powered-By": [
          "ASP.NET"
        ],
        "x-ms-ratelimit-remaining-subscription-resource-requests": [
          "11999"
        ],
        "x-ms-correlation-request-id": [
          "79cf6a75-264f-4c01-aed6-6068e2dc3ccd"
        ],
        "x-ms-routing-request-id": [
          "SOUTHEASTASIA:20191023T221333Z:79cf6a75-264f-4c01-aed6-6068e2dc3ccd"
        ],
        "Date": [
          "Wed, 23 Oct 2019 22:13:33 GMT"
        ],
        "Content-Length": [
          "493"
        ],
        "Content-Type": [
          "application/json; charset=utf-8"
        ]
      },
      "ResponseBody": "{\r\n  \"id\": \"/subscriptions/1c638cf4-608f-4ee6-b680-c329e824c3a8/resourceGroups/rgdnschash110/providers/Microsoft.Network/dnszones/www.contoso-157.com/NS/partners\",\r\n  \"name\": \"partners\",\r\n  \"type\": \"Microsoft.Network/dnszones/NS\",\r\n  \"etag\": \"fd85d1c7-fd76-4e32-bad5-f6fe8c400d03\",\r\n  \"properties\": {\r\n    \"fqdn\": \"partners.www.contoso-157.com.\",\r\n    \"TTL\": 3600,\r\n    \"NSRecords\": [\r\n      {\r\n        \"nsdname\": \"ns1-05.azure-dns.com\"\r\n      },\r\n      {\r\n        \"nsdname\": \"ns2-05.azure-dns.net\"\r\n      },\r\n      {\r\n        \"nsdname\": \"ns3-05.azure-dns.org\"\r\n      },\r\n      {\r\n        \"nsdname\": \"ns4-05.azure-dns.info\"\r\n      }\r\n    ]\r\n  }\r\n}",
      "StatusCode": 201
    },
    {
      "RequestUri": "/subscriptions/1c638cf4-608f-4ee6-b680-c329e824c3a8/resourceGroups/rgdnschash110/providers/Microsoft.Network/dnsZones/www.contoso-157.com/NS/partners?api-version=2018-03-01-preview",
      "EncodedRequestUri": "L3N1YnNjcmlwdGlvbnMvMWM2MzhjZjQtNjA4Zi00ZWU2LWI2ODAtYzMyOWU4MjRjM2E4L3Jlc291cmNlR3JvdXBzL3JnZG5zY2hhc2gxMTAvcHJvdmlkZXJzL01pY3Jvc29mdC5OZXR3b3JrL2Ruc1pvbmVzL3d3dy5jb250b3NvLTE1Ny5jb20vTlMvcGFydG5lcnM/YXBpLXZlcnNpb249MjAxOC0wMy0wMS1wcmV2aWV3",
      "RequestMethod": "PUT",
      "RequestBody": "{\r\n  \"etag\": \"fd85d1c7-fd76-4e32-bad5-f6fe8c400d03\",\r\n  \"properties\": {\r\n    \"TTL\": 3600,\r\n    \"NSRecords\": [\r\n      {\r\n        \"nsdname\": \"ns1-05.azure-dns.com\"\r\n      },\r\n      {\r\n        \"nsdname\": \"ns2-05.azure-dns.net\"\r\n      },\r\n      {\r\n        \"nsdname\": \"ns3-05.azure-dns.org\"\r\n      },\r\n      {\r\n        \"nsdname\": \"ns4-06.azure-dns.info\"\r\n      }\r\n    ]\r\n  }\r\n}",
      "RequestHeaders": {
        "x-ms-client-request-id": [
          "98525bcc-8883-4493-b737-22f5d2367dab"
        ],
        "Accept-Language": [
          "en-US"
        ],
        "User-Agent": [
          "FxVersion/4.6.28008.01",
          "OSName/Windows",
          "OSVersion/Microsoft.Windows.10.0.18363.",
          "Microsoft.Azure.Management.Dns.Fluent.DnsManagementClient/1.0.0.61",
          "MacAddressHash/f198b50d7e3ef6510679efb9e4c9a1474fd2bf18cf1d6a2182c79b00464dbadd"
        ],
        "Content-Type": [
          "application/json; charset=utf-8"
        ],
        "Content-Length": [
          "372"
        ]
      },
      "ResponseHeaders": {
        "Cache-Control": [
          "private"
        ],
        "ETag": [
          "ee2dccfc-9aae-479e-8f03-bcd55a0fbf06"
        ],
        "X-Content-Type-Options": [
          "nosniff"
        ],
        "Strict-Transport-Security": [
          "max-age=31536000; includeSubDomains"
        ],
        "x-ms-request-id": [
          "98525bcc-8883-4493-b737-22f5d2367dab"
        ],
        "Server": [
          "Microsoft-IIS/10.0"
        ],
        "X-Powered-By": [
          "ASP.NET"
        ],
        "x-ms-ratelimit-remaining-subscription-resource-requests": [
          "11999"
        ],
        "x-ms-correlation-request-id": [
          "165b3412-bdca-4cba-9667-461bfdbe5d1b"
        ],
        "x-ms-routing-request-id": [
          "SOUTHEASTASIA:20191023T221343Z:165b3412-bdca-4cba-9667-461bfdbe5d1b"
        ],
        "Date": [
          "Wed, 23 Oct 2019 22:13:43 GMT"
        ],
        "Content-Length": [
          "493"
        ],
        "Content-Type": [
          "application/json; charset=utf-8"
        ]
      },
      "ResponseBody": "{\r\n  \"id\": \"/subscriptions/1c638cf4-608f-4ee6-b680-c329e824c3a8/resourceGroups/rgdnschash110/providers/Microsoft.Network/dnszones/www.contoso-157.com/NS/partners\",\r\n  \"name\": \"partners\",\r\n  \"type\": \"Microsoft.Network/dnszones/NS\",\r\n  \"etag\": \"ee2dccfc-9aae-479e-8f03-bcd55a0fbf06\",\r\n  \"properties\": {\r\n    \"fqdn\": \"partners.www.contoso-157.com.\",\r\n    \"TTL\": 3600,\r\n    \"NSRecords\": [\r\n      {\r\n        \"nsdname\": \"ns1-05.azure-dns.com\"\r\n      },\r\n      {\r\n        \"nsdname\": \"ns2-05.azure-dns.net\"\r\n      },\r\n      {\r\n        \"nsdname\": \"ns3-05.azure-dns.org\"\r\n      },\r\n      {\r\n        \"nsdname\": \"ns4-06.azure-dns.info\"\r\n      }\r\n    ]\r\n  }\r\n}",
      "StatusCode": 200
    },
    {
      "RequestUri": "/subscriptions/1c638cf4-608f-4ee6-b680-c329e824c3a8/resourceGroups/rgdnschash110/providers/Microsoft.Network/dnsZones/www.contoso-157.com/A/www?api-version=2018-03-01-preview",
      "EncodedRequestUri": "L3N1YnNjcmlwdGlvbnMvMWM2MzhjZjQtNjA4Zi00ZWU2LWI2ODAtYzMyOWU4MjRjM2E4L3Jlc291cmNlR3JvdXBzL3JnZG5zY2hhc2gxMTAvcHJvdmlkZXJzL01pY3Jvc29mdC5OZXR3b3JrL2Ruc1pvbmVzL3d3dy5jb250b3NvLTE1Ny5jb20vQS93d3c/YXBpLXZlcnNpb249MjAxOC0wMy0wMS1wcmV2aWV3",
      "RequestMethod": "PUT",
      "RequestBody": "{\r\n  \"properties\": {\r\n    \"TTL\": 7200,\r\n    \"ARecords\": [\r\n      {\r\n        \"ipv4Address\": \"23.96.104.40\"\r\n      },\r\n      {\r\n        \"ipv4Address\": \"24.97.105.41\"\r\n      }\r\n    ]\r\n  }\r\n}",
      "RequestHeaders": {
        "x-ms-client-request-id": [
          "79d2ac41-4180-4d52-b8cf-0d7448c8596d"
        ],
        "Accept-Language": [
          "en-US"
        ],
        "User-Agent": [
          "FxVersion/4.6.28008.01",
          "OSName/Windows",
          "OSVersion/Microsoft.Windows.10.0.18363.",
          "Microsoft.Azure.Management.Dns.Fluent.DnsManagementClient/1.0.0.61",
          "MacAddressHash/f198b50d7e3ef6510679efb9e4c9a1474fd2bf18cf1d6a2182c79b00464dbadd"
        ],
        "Content-Type": [
          "application/json; charset=utf-8"
        ],
        "Content-Length": [
          "187"
        ]
      },
      "ResponseHeaders": {
        "Cache-Control": [
          "private"
        ],
        "ETag": [
          "9a6f6327-3636-4d5b-a110-76961b85b513"
        ],
        "X-Content-Type-Options": [
          "nosniff"
        ],
        "Strict-Transport-Security": [
          "max-age=31536000; includeSubDomains"
        ],
        "x-ms-request-id": [
          "79d2ac41-4180-4d52-b8cf-0d7448c8596d"
        ],
        "Server": [
          "Microsoft-IIS/10.0"
        ],
        "X-Powered-By": [
          "ASP.NET"
        ],
        "x-ms-ratelimit-remaining-subscription-resource-requests": [
          "11999"
        ],
        "x-ms-correlation-request-id": [
          "b3156585-a4e3-478b-8f63-b15f65a355d9"
        ],
        "x-ms-routing-request-id": [
          "SOUTHEASTASIA:20191023T221334Z:b3156585-a4e3-478b-8f63-b15f65a355d9"
        ],
        "Date": [
          "Wed, 23 Oct 2019 22:13:33 GMT"
        ],
        "Content-Length": [
          "396"
        ],
        "Content-Type": [
          "application/json; charset=utf-8"
        ]
      },
      "ResponseBody": "{\r\n  \"id\": \"/subscriptions/1c638cf4-608f-4ee6-b680-c329e824c3a8/resourceGroups/rgdnschash110/providers/Microsoft.Network/dnszones/www.contoso-157.com/A/www\",\r\n  \"name\": \"www\",\r\n  \"type\": \"Microsoft.Network/dnszones/A\",\r\n  \"etag\": \"9a6f6327-3636-4d5b-a110-76961b85b513\",\r\n  \"properties\": {\r\n    \"fqdn\": \"www.www.contoso-157.com.\",\r\n    \"TTL\": 7200,\r\n    \"ARecords\": [\r\n      {\r\n        \"ipv4Address\": \"23.96.104.40\"\r\n      },\r\n      {\r\n        \"ipv4Address\": \"24.97.105.41\"\r\n      }\r\n    ]\r\n  }\r\n}",
      "StatusCode": 201
    },
    {
      "RequestUri": "/subscriptions/1c638cf4-608f-4ee6-b680-c329e824c3a8/resourceGroups/rgdnschash110/providers/Microsoft.Network/dnsZones/www.contoso-157.com/A/www?api-version=2018-03-01-preview",
      "EncodedRequestUri": "L3N1YnNjcmlwdGlvbnMvMWM2MzhjZjQtNjA4Zi00ZWU2LWI2ODAtYzMyOWU4MjRjM2E4L3Jlc291cmNlR3JvdXBzL3JnZG5zY2hhc2gxMTAvcHJvdmlkZXJzL01pY3Jvc29mdC5OZXR3b3JrL2Ruc1pvbmVzL3d3dy5jb250b3NvLTE1Ny5jb20vQS93d3c/YXBpLXZlcnNpb249MjAxOC0wMy0wMS1wcmV2aWV3",
      "RequestMethod": "PUT",
      "RequestBody": "{\r\n  \"etag\": \"9a6f6327-3636-4d5b-a110-76961b85b513\",\r\n  \"properties\": {\r\n    \"TTL\": 7200,\r\n    \"ARecords\": [\r\n      {\r\n        \"ipv4Address\": \"24.97.105.41\"\r\n      },\r\n      {\r\n        \"ipv4Address\": \"23.96.104.42\"\r\n      }\r\n    ]\r\n  }\r\n}",
      "RequestHeaders": {
        "x-ms-client-request-id": [
          "530c226b-7c49-4d1b-811f-bcd76e1575d9"
        ],
        "Accept-Language": [
          "en-US"
        ],
        "User-Agent": [
          "FxVersion/4.6.28008.01",
          "OSName/Windows",
          "OSVersion/Microsoft.Windows.10.0.18363.",
          "Microsoft.Azure.Management.Dns.Fluent.DnsManagementClient/1.0.0.61",
          "MacAddressHash/f198b50d7e3ef6510679efb9e4c9a1474fd2bf18cf1d6a2182c79b00464dbadd"
        ],
        "Content-Type": [
          "application/json; charset=utf-8"
        ],
        "Content-Length": [
          "238"
        ]
      },
      "ResponseHeaders": {
        "Cache-Control": [
          "private"
        ],
        "ETag": [
          "abaa50ba-f639-4da2-ab2f-5bd33bdab862"
        ],
        "X-Content-Type-Options": [
          "nosniff"
        ],
        "Strict-Transport-Security": [
          "max-age=31536000; includeSubDomains"
        ],
        "x-ms-request-id": [
          "530c226b-7c49-4d1b-811f-bcd76e1575d9"
        ],
        "Server": [
          "Microsoft-IIS/10.0"
        ],
        "X-Powered-By": [
          "ASP.NET"
        ],
        "x-ms-ratelimit-remaining-subscription-resource-requests": [
          "11999"
        ],
        "x-ms-correlation-request-id": [
          "510abb22-2daa-42fd-b150-b45bf47a5ca4"
        ],
        "x-ms-routing-request-id": [
          "SOUTHEASTASIA:20191023T221343Z:510abb22-2daa-42fd-b150-b45bf47a5ca4"
        ],
        "Date": [
          "Wed, 23 Oct 2019 22:13:42 GMT"
        ],
        "Content-Length": [
          "396"
        ],
        "Content-Type": [
          "application/json; charset=utf-8"
        ]
      },
      "ResponseBody": "{\r\n  \"id\": \"/subscriptions/1c638cf4-608f-4ee6-b680-c329e824c3a8/resourceGroups/rgdnschash110/providers/Microsoft.Network/dnszones/www.contoso-157.com/A/www\",\r\n  \"name\": \"www\",\r\n  \"type\": \"Microsoft.Network/dnszones/A\",\r\n  \"etag\": \"abaa50ba-f639-4da2-ab2f-5bd33bdab862\",\r\n  \"properties\": {\r\n    \"fqdn\": \"www.www.contoso-157.com.\",\r\n    \"TTL\": 7200,\r\n    \"ARecords\": [\r\n      {\r\n        \"ipv4Address\": \"24.97.105.41\"\r\n      },\r\n      {\r\n        \"ipv4Address\": \"23.96.104.42\"\r\n      }\r\n    ]\r\n  }\r\n}",
      "StatusCode": 200
    },
    {
      "RequestUri": "/subscriptions/1c638cf4-608f-4ee6-b680-c329e824c3a8/resourceGroups/rgdnschash110/providers/Microsoft.Network/dnsZones/www.contoso-157.com/PTR/41?api-version=2018-03-01-preview",
      "EncodedRequestUri": "L3N1YnNjcmlwdGlvbnMvMWM2MzhjZjQtNjA4Zi00ZWU2LWI2ODAtYzMyOWU4MjRjM2E4L3Jlc291cmNlR3JvdXBzL3JnZG5zY2hhc2gxMTAvcHJvdmlkZXJzL01pY3Jvc29mdC5OZXR3b3JrL2Ruc1pvbmVzL3d3dy5jb250b3NvLTE1Ny5jb20vUFRSLzQxP2FwaS12ZXJzaW9uPTIwMTgtMDMtMDEtcHJldmlldw==",
      "RequestMethod": "PUT",
      "RequestBody": "{\r\n  \"properties\": {\r\n    \"TTL\": 3600,\r\n    \"PTRRecords\": [\r\n      {\r\n        \"ptrdname\": \"www.contoso.com\"\r\n      },\r\n      {\r\n        \"ptrdname\": \"mail.contoso.com\"\r\n      }\r\n    ]\r\n  }\r\n}",
      "RequestHeaders": {
        "x-ms-client-request-id": [
          "72757e8d-e564-4117-9479-bbbdcca760ea"
        ],
        "Accept-Language": [
          "en-US"
        ],
        "User-Agent": [
          "FxVersion/4.6.28008.01",
          "OSName/Windows",
          "OSVersion/Microsoft.Windows.10.0.18363.",
          "Microsoft.Azure.Management.Dns.Fluent.DnsManagementClient/1.0.0.61",
          "MacAddressHash/f198b50d7e3ef6510679efb9e4c9a1474fd2bf18cf1d6a2182c79b00464dbadd"
        ],
        "Content-Type": [
          "application/json; charset=utf-8"
        ],
        "Content-Length": [
          "190"
        ]
      },
      "ResponseHeaders": {
        "Cache-Control": [
          "private"
        ],
        "ETag": [
          "0e86f8a2-95c5-4103-8e78-d80371b227b5"
        ],
        "X-Content-Type-Options": [
          "nosniff"
        ],
        "Strict-Transport-Security": [
          "max-age=31536000; includeSubDomains"
        ],
        "x-ms-request-id": [
          "72757e8d-e564-4117-9479-bbbdcca760ea"
        ],
        "Server": [
          "Microsoft-IIS/10.0"
        ],
        "X-Powered-By": [
          "ASP.NET"
        ],
        "x-ms-ratelimit-remaining-subscription-resource-requests": [
          "11999"
        ],
        "x-ms-correlation-request-id": [
          "f8e81fa0-6785-4fe1-a717-4fbe10841b09"
        ],
        "x-ms-routing-request-id": [
          "SOUTHEASTASIA:20191023T221334Z:f8e81fa0-6785-4fe1-a717-4fbe10841b09"
        ],
        "Date": [
          "Wed, 23 Oct 2019 22:13:34 GMT"
        ],
        "Content-Length": [
          "400"
        ],
        "Content-Type": [
          "application/json; charset=utf-8"
        ]
      },
      "ResponseBody": "{\r\n  \"id\": \"/subscriptions/1c638cf4-608f-4ee6-b680-c329e824c3a8/resourceGroups/rgdnschash110/providers/Microsoft.Network/dnszones/www.contoso-157.com/PTR/41\",\r\n  \"name\": \"41\",\r\n  \"type\": \"Microsoft.Network/dnszones/PTR\",\r\n  \"etag\": \"0e86f8a2-95c5-4103-8e78-d80371b227b5\",\r\n  \"properties\": {\r\n    \"fqdn\": \"41.www.contoso-157.com.\",\r\n    \"TTL\": 3600,\r\n    \"PTRRecords\": [\r\n      {\r\n        \"ptrdname\": \"www.contoso.com\"\r\n      },\r\n      {\r\n        \"ptrdname\": \"mail.contoso.com\"\r\n      }\r\n    ]\r\n  }\r\n}",
      "StatusCode": 201
    },
    {
      "RequestUri": "/subscriptions/1c638cf4-608f-4ee6-b680-c329e824c3a8/resourceGroups/rgdnschash110/providers/Microsoft.Network/dnsZones/www.contoso-157.com/TXT/www?api-version=2018-03-01-preview",
      "EncodedRequestUri": "L3N1YnNjcmlwdGlvbnMvMWM2MzhjZjQtNjA4Zi00ZWU2LWI2ODAtYzMyOWU4MjRjM2E4L3Jlc291cmNlR3JvdXBzL3JnZG5zY2hhc2gxMTAvcHJvdmlkZXJzL01pY3Jvc29mdC5OZXR3b3JrL2Ruc1pvbmVzL3d3dy5jb250b3NvLTE1Ny5jb20vVFhUL3d3dz9hcGktdmVyc2lvbj0yMDE4LTAzLTAxLXByZXZpZXc=",
      "RequestMethod": "PUT",
      "RequestBody": "{\r\n  \"properties\": {\r\n    \"TTL\": 3600,\r\n    \"TXTRecords\": [\r\n      {\r\n        \"value\": [\r\n          \"some info about www.contoso.com\"\r\n        ]\r\n      }\r\n    ]\r\n  }\r\n}",
      "RequestHeaders": {
        "x-ms-client-request-id": [
          "c92c4b79-6bf8-4bbb-8ba0-adc55369df88"
        ],
        "Accept-Language": [
          "en-US"
        ],
        "User-Agent": [
          "FxVersion/4.6.28008.01",
          "OSName/Windows",
          "OSVersion/Microsoft.Windows.10.0.18363.",
          "Microsoft.Azure.Management.Dns.Fluent.DnsManagementClient/1.0.0.61",
          "MacAddressHash/f198b50d7e3ef6510679efb9e4c9a1474fd2bf18cf1d6a2182c79b00464dbadd"
        ],
        "Content-Type": [
          "application/json; charset=utf-8"
        ],
        "Content-Length": [
          "168"
        ]
      },
      "ResponseHeaders": {
        "Cache-Control": [
          "private"
        ],
        "ETag": [
          "6b771ecc-867d-49d1-a89d-bccfed3a6333"
        ],
        "X-Content-Type-Options": [
          "nosniff"
        ],
        "Strict-Transport-Security": [
          "max-age=31536000; includeSubDomains"
        ],
        "x-ms-request-id": [
          "c92c4b79-6bf8-4bbb-8ba0-adc55369df88"
        ],
        "Server": [
          "Microsoft-IIS/10.0"
        ],
        "X-Powered-By": [
          "ASP.NET"
        ],
        "x-ms-ratelimit-remaining-subscription-resource-requests": [
          "11999"
        ],
        "x-ms-correlation-request-id": [
          "048a7aa6-42b9-43ff-867e-b753a85b556f"
        ],
        "x-ms-routing-request-id": [
          "SOUTHEASTASIA:20191023T221335Z:048a7aa6-42b9-43ff-867e-b753a85b556f"
        ],
        "Date": [
          "Wed, 23 Oct 2019 22:13:34 GMT"
        ],
        "Content-Length": [
          "386"
        ],
        "Content-Type": [
          "application/json; charset=utf-8"
        ]
      },
      "ResponseBody": "{\r\n  \"id\": \"/subscriptions/1c638cf4-608f-4ee6-b680-c329e824c3a8/resourceGroups/rgdnschash110/providers/Microsoft.Network/dnszones/www.contoso-157.com/TXT/www\",\r\n  \"name\": \"www\",\r\n  \"type\": \"Microsoft.Network/dnszones/TXT\",\r\n  \"etag\": \"6b771ecc-867d-49d1-a89d-bccfed3a6333\",\r\n  \"properties\": {\r\n    \"fqdn\": \"www.www.contoso-157.com.\",\r\n    \"TTL\": 3600,\r\n    \"TXTRecords\": [\r\n      {\r\n        \"value\": [\r\n          \"some info about www.contoso.com\"\r\n        ]\r\n      }\r\n    ]\r\n  }\r\n}",
      "StatusCode": 201
    },
    {
      "RequestUri": "/subscriptions/1c638cf4-608f-4ee6-b680-c329e824c3a8/resourceGroups/rgdnschash110/providers/Microsoft.Network/dnsZones/www.contoso-157.com/SOA/@?api-version=2018-03-01-preview",
      "EncodedRequestUri": "L3N1YnNjcmlwdGlvbnMvMWM2MzhjZjQtNjA4Zi00ZWU2LWI2ODAtYzMyOWU4MjRjM2E4L3Jlc291cmNlR3JvdXBzL3JnZG5zY2hhc2gxMTAvcHJvdmlkZXJzL01pY3Jvc29mdC5OZXR3b3JrL2Ruc1pvbmVzL3d3dy5jb250b3NvLTE1Ny5jb20vU09BL0A/YXBpLXZlcnNpb249MjAxOC0wMy0wMS1wcmV2aWV3",
      "RequestMethod": "GET",
      "RequestBody": "",
      "RequestHeaders": {
        "x-ms-client-request-id": [
          "8323e776-a5b7-4410-9531-948fa37e2a78"
        ],
        "Accept-Language": [
          "en-US"
        ],
        "User-Agent": [
          "FxVersion/4.6.28008.01",
          "OSName/Windows",
          "OSVersion/Microsoft.Windows.10.0.18363.",
          "Microsoft.Azure.Management.Dns.Fluent.DnsManagementClient/1.0.0.61",
          "MacAddressHash/f198b50d7e3ef6510679efb9e4c9a1474fd2bf18cf1d6a2182c79b00464dbadd"
        ]
      },
      "ResponseHeaders": {
        "Cache-Control": [
          "private"
        ],
        "ETag": [
          "18f35449-c959-4104-88f1-e4ff9dcf4fc5"
        ],
        "X-Content-Type-Options": [
          "nosniff"
        ],
        "Strict-Transport-Security": [
          "max-age=31536000; includeSubDomains"
        ],
        "x-ms-request-id": [
          "8323e776-a5b7-4410-9531-948fa37e2a78"
        ],
        "Server": [
          "Microsoft-IIS/10.0"
        ],
        "X-Powered-By": [
          "ASP.NET"
        ],
        "x-ms-ratelimit-remaining-subscription-resource-requests": [
          "499"
        ],
        "x-ms-correlation-request-id": [
          "d3b33e15-2a14-4e10-8569-c3aed02aee33"
        ],
        "x-ms-routing-request-id": [
          "SOUTHEASTASIA:20191023T221335Z:d3b33e15-2a14-4e10-8569-c3aed02aee33"
        ],
        "Date": [
          "Wed, 23 Oct 2019 22:13:34 GMT"
        ],
        "Content-Length": [
          "496"
        ],
        "Content-Type": [
          "application/json; charset=utf-8"
        ]
      },
      "ResponseBody": "{\r\n  \"id\": \"/subscriptions/1c638cf4-608f-4ee6-b680-c329e824c3a8/resourceGroups/rgdnschash110/providers/Microsoft.Network/dnszones/www.contoso-157.com/SOA/@\",\r\n  \"name\": \"@\",\r\n  \"type\": \"Microsoft.Network/dnszones/SOA\",\r\n  \"etag\": \"18f35449-c959-4104-88f1-e4ff9dcf4fc5\",\r\n  \"properties\": {\r\n    \"fqdn\": \"www.contoso-157.com.\",\r\n    \"TTL\": 3600,\r\n    \"SOARecord\": {\r\n      \"email\": \"azuredns-hostmaster.microsoft.com\",\r\n      \"expireTime\": 2419200,\r\n      \"host\": \"ns1-06.azure-dns.com.\",\r\n      \"minimumTTL\": 300,\r\n      \"refreshTime\": 3600,\r\n      \"retryTime\": 300,\r\n      \"serialNumber\": 1\r\n    }\r\n  }\r\n}",
      "StatusCode": 200
    },
    {
      "RequestUri": "/subscriptions/1c638cf4-608f-4ee6-b680-c329e824c3a8/resourceGroups/rgdnschash110/providers/Microsoft.Network/dnsZones/www.contoso-157.com/SOA/@?api-version=2018-03-01-preview",
      "EncodedRequestUri": "L3N1YnNjcmlwdGlvbnMvMWM2MzhjZjQtNjA4Zi00ZWU2LWI2ODAtYzMyOWU4MjRjM2E4L3Jlc291cmNlR3JvdXBzL3JnZG5zY2hhc2gxMTAvcHJvdmlkZXJzL01pY3Jvc29mdC5OZXR3b3JrL2Ruc1pvbmVzL3d3dy5jb250b3NvLTE1Ny5jb20vU09BL0A/YXBpLXZlcnNpb249MjAxOC0wMy0wMS1wcmV2aWV3",
      "RequestMethod": "GET",
      "RequestBody": "",
      "RequestHeaders": {
        "x-ms-client-request-id": [
          "e0151dbb-2bea-4c31-9027-e25ee40cdc37"
        ],
        "Accept-Language": [
          "en-US"
        ],
        "User-Agent": [
          "FxVersion/4.6.28008.01",
          "OSName/Windows",
          "OSVersion/Microsoft.Windows.10.0.18363.",
          "Microsoft.Azure.Management.Dns.Fluent.DnsManagementClient/1.0.0.61",
          "MacAddressHash/f198b50d7e3ef6510679efb9e4c9a1474fd2bf18cf1d6a2182c79b00464dbadd"
        ]
      },
      "ResponseHeaders": {
        "Cache-Control": [
          "private"
        ],
        "ETag": [
          "18f35449-c959-4104-88f1-e4ff9dcf4fc5"
        ],
        "X-Content-Type-Options": [
          "nosniff"
        ],
        "Strict-Transport-Security": [
          "max-age=31536000; includeSubDomains"
        ],
        "x-ms-request-id": [
          "e0151dbb-2bea-4c31-9027-e25ee40cdc37"
        ],
        "Server": [
          "Microsoft-IIS/10.0"
        ],
        "X-Powered-By": [
          "ASP.NET"
        ],
        "x-ms-ratelimit-remaining-subscription-resource-requests": [
          "499"
        ],
        "x-ms-correlation-request-id": [
          "88689240-ce5d-4459-8658-28544ebefedf"
        ],
        "x-ms-routing-request-id": [
          "SOUTHEASTASIA:20191023T221342Z:88689240-ce5d-4459-8658-28544ebefedf"
        ],
        "Date": [
          "Wed, 23 Oct 2019 22:13:41 GMT"
        ],
        "Content-Length": [
          "496"
        ],
        "Content-Type": [
          "application/json; charset=utf-8"
        ]
      },
      "ResponseBody": "{\r\n  \"id\": \"/subscriptions/1c638cf4-608f-4ee6-b680-c329e824c3a8/resourceGroups/rgdnschash110/providers/Microsoft.Network/dnszones/www.contoso-157.com/SOA/@\",\r\n  \"name\": \"@\",\r\n  \"type\": \"Microsoft.Network/dnszones/SOA\",\r\n  \"etag\": \"18f35449-c959-4104-88f1-e4ff9dcf4fc5\",\r\n  \"properties\": {\r\n    \"fqdn\": \"www.contoso-157.com.\",\r\n    \"TTL\": 3600,\r\n    \"SOARecord\": {\r\n      \"email\": \"azuredns-hostmaster.microsoft.com\",\r\n      \"expireTime\": 2419200,\r\n      \"host\": \"ns1-06.azure-dns.com.\",\r\n      \"minimumTTL\": 300,\r\n      \"refreshTime\": 3600,\r\n      \"retryTime\": 300,\r\n      \"serialNumber\": 1\r\n    }\r\n  }\r\n}",
      "StatusCode": 200
    },
    {
      "RequestUri": "/subscriptions/1c638cf4-608f-4ee6-b680-c329e824c3a8/resourceGroups/rgdnschash110/providers/Microsoft.Network/dnsZones/www.contoso-157.com/SOA/@?api-version=2018-03-01-preview",
      "EncodedRequestUri": "L3N1YnNjcmlwdGlvbnMvMWM2MzhjZjQtNjA4Zi00ZWU2LWI2ODAtYzMyOWU4MjRjM2E4L3Jlc291cmNlR3JvdXBzL3JnZG5zY2hhc2gxMTAvcHJvdmlkZXJzL01pY3Jvc29mdC5OZXR3b3JrL2Ruc1pvbmVzL3d3dy5jb250b3NvLTE1Ny5jb20vU09BL0A/YXBpLXZlcnNpb249MjAxOC0wMy0wMS1wcmV2aWV3",
      "RequestMethod": "GET",
      "RequestBody": "",
      "RequestHeaders": {
        "x-ms-client-request-id": [
          "6de229b3-4ffa-4fba-9ba9-cbbf25fb8a60"
        ],
        "Accept-Language": [
          "en-US"
        ],
        "User-Agent": [
          "FxVersion/4.6.28008.01",
          "OSName/Windows",
          "OSVersion/Microsoft.Windows.10.0.18363.",
          "Microsoft.Azure.Management.Dns.Fluent.DnsManagementClient/1.0.0.61",
          "MacAddressHash/f198b50d7e3ef6510679efb9e4c9a1474fd2bf18cf1d6a2182c79b00464dbadd"
        ]
      },
      "ResponseHeaders": {
        "Cache-Control": [
          "private"
        ],
        "ETag": [
          "f64ac237-a02e-4c73-902d-205794511d8b"
        ],
        "X-Content-Type-Options": [
          "nosniff"
        ],
        "Strict-Transport-Security": [
          "max-age=31536000; includeSubDomains"
        ],
        "x-ms-request-id": [
          "6de229b3-4ffa-4fba-9ba9-cbbf25fb8a60"
        ],
        "Server": [
          "Microsoft-IIS/10.0"
        ],
        "X-Powered-By": [
          "ASP.NET"
        ],
        "x-ms-ratelimit-remaining-subscription-resource-requests": [
          "498"
        ],
        "x-ms-correlation-request-id": [
          "eadc07ac-9c96-4fe1-bb2c-2adeb34c5a03"
        ],
        "x-ms-routing-request-id": [
          "SOUTHEASTASIA:20191023T221346Z:eadc07ac-9c96-4fe1-bb2c-2adeb34c5a03"
        ],
        "Date": [
          "Wed, 23 Oct 2019 22:13:46 GMT"
        ],
        "Content-Length": [
          "496"
        ],
        "Content-Type": [
          "application/json; charset=utf-8"
        ]
      },
      "ResponseBody": "{\r\n  \"id\": \"/subscriptions/1c638cf4-608f-4ee6-b680-c329e824c3a8/resourceGroups/rgdnschash110/providers/Microsoft.Network/dnszones/www.contoso-157.com/SOA/@\",\r\n  \"name\": \"@\",\r\n  \"type\": \"Microsoft.Network/dnszones/SOA\",\r\n  \"etag\": \"f64ac237-a02e-4c73-902d-205794511d8b\",\r\n  \"properties\": {\r\n    \"fqdn\": \"www.contoso-157.com.\",\r\n    \"TTL\": 7200,\r\n    \"SOARecord\": {\r\n      \"email\": \"azuredns-hostmaster.microsoft.com\",\r\n      \"expireTime\": 2419200,\r\n      \"host\": \"ns1-06.azure-dns.com.\",\r\n      \"minimumTTL\": 600,\r\n      \"refreshTime\": 3600,\r\n      \"retryTime\": 300,\r\n      \"serialNumber\": 1\r\n    }\r\n  }\r\n}",
      "StatusCode": 200
    },
    {
      "RequestUri": "/subscriptions/1c638cf4-608f-4ee6-b680-c329e824c3a8/resourceGroups/rgdnschash110/providers/Microsoft.Network/dnsZones/www.contoso-157.com/A?api-version=2018-03-01-preview",
      "EncodedRequestUri": "L3N1YnNjcmlwdGlvbnMvMWM2MzhjZjQtNjA4Zi00ZWU2LWI2ODAtYzMyOWU4MjRjM2E4L3Jlc291cmNlR3JvdXBzL3JnZG5zY2hhc2gxMTAvcHJvdmlkZXJzL01pY3Jvc29mdC5OZXR3b3JrL2Ruc1pvbmVzL3d3dy5jb250b3NvLTE1Ny5jb20vQT9hcGktdmVyc2lvbj0yMDE4LTAzLTAxLXByZXZpZXc=",
      "RequestMethod": "GET",
      "RequestBody": "",
      "RequestHeaders": {
        "x-ms-client-request-id": [
          "1fc92940-3efe-4fbc-977e-3b935122fdd9"
        ],
        "Accept-Language": [
          "en-US"
        ],
        "User-Agent": [
          "FxVersion/4.6.28008.01",
          "OSName/Windows",
          "OSVersion/Microsoft.Windows.10.0.18363.",
          "Microsoft.Azure.Management.Dns.Fluent.DnsManagementClient/1.0.0.61",
          "MacAddressHash/f198b50d7e3ef6510679efb9e4c9a1474fd2bf18cf1d6a2182c79b00464dbadd"
        ]
      },
      "ResponseHeaders": {
        "Cache-Control": [
          "private"
        ],
        "X-Content-Type-Options": [
          "nosniff"
        ],
        "Strict-Transport-Security": [
          "max-age=31536000; includeSubDomains"
        ],
        "x-ms-request-id": [
          "1fc92940-3efe-4fbc-977e-3b935122fdd9"
        ],
        "Server": [
          "Microsoft-IIS/10.0"
        ],
        "X-Powered-By": [
          "ASP.NET"
        ],
        "x-ms-ratelimit-remaining-subscription-resource-requests": [
          "499"
        ],
        "x-ms-ratelimit-remaining-subscription-resource-entities-read": [
          "59999"
        ],
        "x-ms-correlation-request-id": [
          "8a52093c-5eea-4ce4-ae03-633b05db93da"
        ],
        "x-ms-routing-request-id": [
          "SOUTHEASTASIA:20191023T221336Z:8a52093c-5eea-4ce4-ae03-633b05db93da"
        ],
        "Date": [
          "Wed, 23 Oct 2019 22:13:36 GMT"
        ],
        "Content-Length": [
          "408"
        ],
        "Content-Type": [
          "application/json; charset=utf-8"
        ]
      },
      "ResponseBody": "{\r\n  \"value\": [\r\n    {\r\n      \"id\": \"/subscriptions/1c638cf4-608f-4ee6-b680-c329e824c3a8/resourceGroups/rgdnschash110/providers/Microsoft.Network/dnszones/www.contoso-157.com/A/www\",\r\n      \"name\": \"www\",\r\n      \"type\": \"Microsoft.Network/dnszones/A\",\r\n      \"etag\": \"9a6f6327-3636-4d5b-a110-76961b85b513\",\r\n      \"properties\": {\r\n        \"fqdn\": \"www.www.contoso-157.com.\",\r\n        \"TTL\": 7200,\r\n        \"ARecords\": [\r\n          {\r\n            \"ipv4Address\": \"23.96.104.40\"\r\n          },\r\n          {\r\n            \"ipv4Address\": \"24.97.105.41\"\r\n          }\r\n        ]\r\n      }\r\n    }\r\n  ]\r\n}",
      "StatusCode": 200
    },
    {
      "RequestUri": "/subscriptions/1c638cf4-608f-4ee6-b680-c329e824c3a8/resourceGroups/rgdnschash110/providers/Microsoft.Network/dnsZones/www.contoso-157.com/A?api-version=2018-03-01-preview",
      "EncodedRequestUri": "L3N1YnNjcmlwdGlvbnMvMWM2MzhjZjQtNjA4Zi00ZWU2LWI2ODAtYzMyOWU4MjRjM2E4L3Jlc291cmNlR3JvdXBzL3JnZG5zY2hhc2gxMTAvcHJvdmlkZXJzL01pY3Jvc29mdC5OZXR3b3JrL2Ruc1pvbmVzL3d3dy5jb250b3NvLTE1Ny5jb20vQT9hcGktdmVyc2lvbj0yMDE4LTAzLTAxLXByZXZpZXc=",
      "RequestMethod": "GET",
      "RequestBody": "",
      "RequestHeaders": {
        "x-ms-client-request-id": [
          "aa636633-3875-4985-86cc-afcf1602a5d2"
        ],
        "Accept-Language": [
          "en-US"
        ],
        "User-Agent": [
          "FxVersion/4.6.28008.01",
          "OSName/Windows",
          "OSVersion/Microsoft.Windows.10.0.18363.",
          "Microsoft.Azure.Management.Dns.Fluent.DnsManagementClient/1.0.0.61",
          "MacAddressHash/f198b50d7e3ef6510679efb9e4c9a1474fd2bf18cf1d6a2182c79b00464dbadd"
        ]
      },
      "ResponseHeaders": {
        "Cache-Control": [
          "private"
        ],
        "X-Content-Type-Options": [
          "nosniff"
        ],
        "Strict-Transport-Security": [
          "max-age=31536000; includeSubDomains"
        ],
        "x-ms-request-id": [
          "aa636633-3875-4985-86cc-afcf1602a5d2"
        ],
        "Server": [
          "Microsoft-IIS/10.0"
        ],
        "X-Powered-By": [
          "ASP.NET"
        ],
        "x-ms-ratelimit-remaining-subscription-resource-requests": [
          "499"
        ],
        "x-ms-ratelimit-remaining-subscription-resource-entities-read": [
          "59999"
        ],
        "x-ms-correlation-request-id": [
          "40ce3dac-cf33-44a6-97ba-aeb8ee67f367"
        ],
        "x-ms-routing-request-id": [
          "SOUTHEASTASIA:20191023T221345Z:40ce3dac-cf33-44a6-97ba-aeb8ee67f367"
        ],
        "Date": [
          "Wed, 23 Oct 2019 22:13:45 GMT"
        ],
        "Content-Length": [
          "408"
        ],
        "Content-Type": [
          "application/json; charset=utf-8"
        ]
      },
      "ResponseBody": "{\r\n  \"value\": [\r\n    {\r\n      \"id\": \"/subscriptions/1c638cf4-608f-4ee6-b680-c329e824c3a8/resourceGroups/rgdnschash110/providers/Microsoft.Network/dnszones/www.contoso-157.com/A/www\",\r\n      \"name\": \"www\",\r\n      \"type\": \"Microsoft.Network/dnszones/A\",\r\n      \"etag\": \"abaa50ba-f639-4da2-ab2f-5bd33bdab862\",\r\n      \"properties\": {\r\n        \"fqdn\": \"www.www.contoso-157.com.\",\r\n        \"TTL\": 7200,\r\n        \"ARecords\": [\r\n          {\r\n            \"ipv4Address\": \"24.97.105.41\"\r\n          },\r\n          {\r\n            \"ipv4Address\": \"23.96.104.42\"\r\n          }\r\n        ]\r\n      }\r\n    }\r\n  ]\r\n}",
      "StatusCode": 200
    },
    {
      "RequestUri": "/subscriptions/1c638cf4-608f-4ee6-b680-c329e824c3a8/resourceGroups/rgdnschash110/providers/Microsoft.Network/dnsZones/www.contoso-157.com/AAAA?api-version=2018-03-01-preview",
      "EncodedRequestUri": "L3N1YnNjcmlwdGlvbnMvMWM2MzhjZjQtNjA4Zi00ZWU2LWI2ODAtYzMyOWU4MjRjM2E4L3Jlc291cmNlR3JvdXBzL3JnZG5zY2hhc2gxMTAvcHJvdmlkZXJzL01pY3Jvc29mdC5OZXR3b3JrL2Ruc1pvbmVzL3d3dy5jb250b3NvLTE1Ny5jb20vQUFBQT9hcGktdmVyc2lvbj0yMDE4LTAzLTAxLXByZXZpZXc=",
      "RequestMethod": "GET",
      "RequestBody": "",
      "RequestHeaders": {
        "x-ms-client-request-id": [
          "7c02fa08-d636-4f96-bbe2-3f1d98c34d69"
        ],
        "Accept-Language": [
          "en-US"
        ],
        "User-Agent": [
          "FxVersion/4.6.28008.01",
          "OSName/Windows",
          "OSVersion/Microsoft.Windows.10.0.18363.",
          "Microsoft.Azure.Management.Dns.Fluent.DnsManagementClient/1.0.0.61",
          "MacAddressHash/f198b50d7e3ef6510679efb9e4c9a1474fd2bf18cf1d6a2182c79b00464dbadd"
        ]
      },
      "ResponseHeaders": {
        "Cache-Control": [
          "private"
        ],
        "X-Content-Type-Options": [
          "nosniff"
        ],
        "Strict-Transport-Security": [
          "max-age=31536000; includeSubDomains"
        ],
        "x-ms-request-id": [
          "7c02fa08-d636-4f96-bbe2-3f1d98c34d69"
        ],
        "Server": [
          "Microsoft-IIS/10.0"
        ],
        "X-Powered-By": [
          "ASP.NET"
        ],
        "x-ms-ratelimit-remaining-subscription-resource-requests": [
          "499"
        ],
        "x-ms-ratelimit-remaining-subscription-resource-entities-read": [
          "59999"
        ],
        "x-ms-correlation-request-id": [
          "367be76b-c1ae-426e-9b33-2543555e2ab6"
        ],
        "x-ms-routing-request-id": [
          "SOUTHEASTASIA:20191023T221336Z:367be76b-c1ae-426e-9b33-2543555e2ab6"
        ],
        "Date": [
          "Wed, 23 Oct 2019 22:13:36 GMT"
        ],
        "Content-Length": [
          "449"
        ],
        "Content-Type": [
          "application/json; charset=utf-8"
        ]
      },
      "ResponseBody": "{\r\n  \"value\": [\r\n    {\r\n      \"id\": \"/subscriptions/1c638cf4-608f-4ee6-b680-c329e824c3a8/resourceGroups/rgdnschash110/providers/Microsoft.Network/dnszones/www.contoso-157.com/AAAA/www\",\r\n      \"name\": \"www\",\r\n      \"type\": \"Microsoft.Network/dnszones/AAAA\",\r\n      \"etag\": \"d4bd0dfc-6358-4afd-ba1d-3cfa122d9ccf\",\r\n      \"properties\": {\r\n        \"fqdn\": \"www.www.contoso-157.com.\",\r\n        \"TTL\": 3600,\r\n        \"AAAARecords\": [\r\n          {\r\n            \"ipv6Address\": \"2001:db8:85a3::8a2e:370:7334\"\r\n          },\r\n          {\r\n            \"ipv6Address\": \"2002:db9:85a4::8a2e:371:7335\"\r\n          }\r\n        ]\r\n      }\r\n    }\r\n  ]\r\n}",
      "StatusCode": 200
    },
    {
      "RequestUri": "/subscriptions/1c638cf4-608f-4ee6-b680-c329e824c3a8/resourceGroups/rgdnschash110/providers/Microsoft.Network/dnsZones/www.contoso-157.com/MX?api-version=2018-03-01-preview",
      "EncodedRequestUri": "L3N1YnNjcmlwdGlvbnMvMWM2MzhjZjQtNjA4Zi00ZWU2LWI2ODAtYzMyOWU4MjRjM2E4L3Jlc291cmNlR3JvdXBzL3JnZG5zY2hhc2gxMTAvcHJvdmlkZXJzL01pY3Jvc29mdC5OZXR3b3JrL2Ruc1pvbmVzL3d3dy5jb250b3NvLTE1Ny5jb20vTVg/YXBpLXZlcnNpb249MjAxOC0wMy0wMS1wcmV2aWV3",
      "RequestMethod": "GET",
      "RequestBody": "",
      "RequestHeaders": {
        "x-ms-client-request-id": [
          "66dc7203-e75e-4b5c-bcc4-bc87b3a9cd09"
        ],
        "Accept-Language": [
          "en-US"
        ],
        "User-Agent": [
          "FxVersion/4.6.28008.01",
          "OSName/Windows",
          "OSVersion/Microsoft.Windows.10.0.18363.",
          "Microsoft.Azure.Management.Dns.Fluent.DnsManagementClient/1.0.0.61",
          "MacAddressHash/f198b50d7e3ef6510679efb9e4c9a1474fd2bf18cf1d6a2182c79b00464dbadd"
        ]
      },
      "ResponseHeaders": {
        "Cache-Control": [
          "private"
        ],
        "X-Content-Type-Options": [
          "nosniff"
        ],
        "Strict-Transport-Security": [
          "max-age=31536000; includeSubDomains"
        ],
        "x-ms-request-id": [
          "66dc7203-e75e-4b5c-bcc4-bc87b3a9cd09"
        ],
        "Server": [
          "Microsoft-IIS/10.0"
        ],
        "X-Powered-By": [
          "ASP.NET"
        ],
        "x-ms-ratelimit-remaining-subscription-resource-requests": [
          "499"
        ],
        "x-ms-ratelimit-remaining-subscription-resource-entities-read": [
          "59999"
        ],
        "x-ms-correlation-request-id": [
          "f32f975b-73a7-4efd-b37c-89f4d8bf878e"
        ],
        "x-ms-routing-request-id": [
          "SOUTHEASTASIA:20191023T221337Z:f32f975b-73a7-4efd-b37c-89f4d8bf878e"
        ],
        "Date": [
          "Wed, 23 Oct 2019 22:13:37 GMT"
        ],
        "Content-Length": [
          "518"
        ],
        "Content-Type": [
          "application/json; charset=utf-8"
        ]
      },
      "ResponseBody": "{\r\n  \"value\": [\r\n    {\r\n      \"id\": \"/subscriptions/1c638cf4-608f-4ee6-b680-c329e824c3a8/resourceGroups/rgdnschash110/providers/Microsoft.Network/dnszones/www.contoso-157.com/MX/email\",\r\n      \"name\": \"email\",\r\n      \"type\": \"Microsoft.Network/dnszones/MX\",\r\n      \"etag\": \"fc9a5990-8755-4b1f-9063-a2bc9fe1585a\",\r\n      \"properties\": {\r\n        \"metadata\": {\r\n          \"mxa\": \"mxaa\",\r\n          \"mxb\": \"mxbb\"\r\n        },\r\n        \"fqdn\": \"email.www.contoso-157.com.\",\r\n        \"TTL\": 3600,\r\n        \"MXRecords\": [\r\n          {\r\n            \"exchange\": \"mail.contoso-mail-exchange1.com\",\r\n            \"preference\": 1\r\n          },\r\n          {\r\n            \"exchange\": \"mail.contoso-mail-exchange2.com\",\r\n            \"preference\": 2\r\n          }\r\n        ]\r\n      }\r\n    }\r\n  ]\r\n}",
      "StatusCode": 200
    },
    {
      "RequestUri": "/subscriptions/1c638cf4-608f-4ee6-b680-c329e824c3a8/resourceGroups/rgdnschash110/providers/Microsoft.Network/dnsZones/www.contoso-157.com/MX?api-version=2018-03-01-preview",
      "EncodedRequestUri": "L3N1YnNjcmlwdGlvbnMvMWM2MzhjZjQtNjA4Zi00ZWU2LWI2ODAtYzMyOWU4MjRjM2E4L3Jlc291cmNlR3JvdXBzL3JnZG5zY2hhc2gxMTAvcHJvdmlkZXJzL01pY3Jvc29mdC5OZXR3b3JrL2Ruc1pvbmVzL3d3dy5jb250b3NvLTE1Ny5jb20vTVg/YXBpLXZlcnNpb249MjAxOC0wMy0wMS1wcmV2aWV3",
      "RequestMethod": "GET",
      "RequestBody": "",
      "RequestHeaders": {
        "x-ms-client-request-id": [
          "55004468-3de3-4027-9a90-1c2421fc36a3"
        ],
        "Accept-Language": [
          "en-US"
        ],
        "User-Agent": [
          "FxVersion/4.6.28008.01",
          "OSName/Windows",
          "OSVersion/Microsoft.Windows.10.0.18363.",
          "Microsoft.Azure.Management.Dns.Fluent.DnsManagementClient/1.0.0.61",
          "MacAddressHash/f198b50d7e3ef6510679efb9e4c9a1474fd2bf18cf1d6a2182c79b00464dbadd"
        ]
      },
      "ResponseHeaders": {
        "Cache-Control": [
          "private"
        ],
        "X-Content-Type-Options": [
          "nosniff"
        ],
        "Strict-Transport-Security": [
          "max-age=31536000; includeSubDomains"
        ],
        "x-ms-request-id": [
          "55004468-3de3-4027-9a90-1c2421fc36a3"
        ],
        "Server": [
          "Microsoft-IIS/10.0"
        ],
        "X-Powered-By": [
          "ASP.NET"
        ],
        "x-ms-ratelimit-remaining-subscription-resource-requests": [
          "499"
        ],
        "x-ms-ratelimit-remaining-subscription-resource-entities-read": [
          "59998"
        ],
        "x-ms-correlation-request-id": [
          "d930f6d0-d762-489c-a17a-5de0068afc0d"
        ],
        "x-ms-routing-request-id": [
          "SOUTHEASTASIA:20191023T221347Z:d930f6d0-d762-489c-a17a-5de0068afc0d"
        ],
        "Date": [
          "Wed, 23 Oct 2019 22:13:47 GMT"
        ],
        "Content-Length": [
          "1013"
        ],
        "Content-Type": [
          "application/json; charset=utf-8"
        ]
      },
      "ResponseBody": "{\r\n  \"value\": [\r\n    {\r\n      \"id\": \"/subscriptions/1c638cf4-608f-4ee6-b680-c329e824c3a8/resourceGroups/rgdnschash110/providers/Microsoft.Network/dnszones/www.contoso-157.com/MX/email\",\r\n      \"name\": \"email\",\r\n      \"type\": \"Microsoft.Network/dnszones/MX\",\r\n      \"etag\": \"fc9a5990-8755-4b1f-9063-a2bc9fe1585a\",\r\n      \"properties\": {\r\n        \"metadata\": {\r\n          \"mxa\": \"mxaa\",\r\n          \"mxb\": \"mxbb\"\r\n        },\r\n        \"fqdn\": \"email.www.contoso-157.com.\",\r\n        \"TTL\": 3600,\r\n        \"MXRecords\": [\r\n          {\r\n            \"exchange\": \"mail.contoso-mail-exchange1.com\",\r\n            \"preference\": 1\r\n          },\r\n          {\r\n            \"exchange\": \"mail.contoso-mail-exchange2.com\",\r\n            \"preference\": 2\r\n          }\r\n        ]\r\n      }\r\n    },\r\n    {\r\n      \"id\": \"/subscriptions/1c638cf4-608f-4ee6-b680-c329e824c3a8/resourceGroups/rgdnschash110/providers/Microsoft.Network/dnszones/www.contoso-157.com/MX/email-internal\",\r\n      \"name\": \"email-internal\",\r\n      \"type\": \"Microsoft.Network/dnszones/MX\",\r\n      \"etag\": \"3cb552de-2941-4abe-b3a3-eb87bac5f237\",\r\n      \"properties\": {\r\n        \"fqdn\": \"email-internal.www.contoso-157.com.\",\r\n        \"TTL\": 3600,\r\n        \"MXRecords\": [\r\n          {\r\n            \"exchange\": \"mail.contoso-mail-exchange1.com\",\r\n            \"preference\": 1\r\n          },\r\n          {\r\n            \"exchange\": \"mail.contoso-mail-exchange2.com\",\r\n            \"preference\": 2\r\n          }\r\n        ]\r\n      }\r\n    }\r\n  ]\r\n}",
      "StatusCode": 200
    },
    {
      "RequestUri": "/subscriptions/1c638cf4-608f-4ee6-b680-c329e824c3a8/resourceGroups/rgdnschash110/providers/Microsoft.Network/dnsZones/www.contoso-157.com/NS?api-version=2018-03-01-preview",
      "EncodedRequestUri": "L3N1YnNjcmlwdGlvbnMvMWM2MzhjZjQtNjA4Zi00ZWU2LWI2ODAtYzMyOWU4MjRjM2E4L3Jlc291cmNlR3JvdXBzL3JnZG5zY2hhc2gxMTAvcHJvdmlkZXJzL01pY3Jvc29mdC5OZXR3b3JrL2Ruc1pvbmVzL3d3dy5jb250b3NvLTE1Ny5jb20vTlM/YXBpLXZlcnNpb249MjAxOC0wMy0wMS1wcmV2aWV3",
      "RequestMethod": "GET",
      "RequestBody": "",
      "RequestHeaders": {
        "x-ms-client-request-id": [
          "764af4ae-2512-4760-bdbe-99c395f08b2d"
        ],
        "Accept-Language": [
          "en-US"
        ],
        "User-Agent": [
          "FxVersion/4.6.28008.01",
          "OSName/Windows",
          "OSVersion/Microsoft.Windows.10.0.18363.",
          "Microsoft.Azure.Management.Dns.Fluent.DnsManagementClient/1.0.0.61",
          "MacAddressHash/f198b50d7e3ef6510679efb9e4c9a1474fd2bf18cf1d6a2182c79b00464dbadd"
        ]
      },
      "ResponseHeaders": {
        "Cache-Control": [
          "private"
        ],
        "X-Content-Type-Options": [
          "nosniff"
        ],
        "Strict-Transport-Security": [
          "max-age=31536000; includeSubDomains"
        ],
        "x-ms-request-id": [
          "764af4ae-2512-4760-bdbe-99c395f08b2d"
        ],
        "Server": [
          "Microsoft-IIS/10.0"
        ],
        "X-Powered-By": [
          "ASP.NET"
        ],
        "x-ms-ratelimit-remaining-subscription-resource-requests": [
          "499"
        ],
        "x-ms-ratelimit-remaining-subscription-resource-entities-read": [
          "59998"
        ],
        "x-ms-correlation-request-id": [
          "9f6c08c6-5659-42dd-9cee-f4db47c31064"
        ],
        "x-ms-routing-request-id": [
          "SOUTHEASTASIA:20191023T221337Z:9f6c08c6-5659-42dd-9cee-f4db47c31064"
        ],
        "Date": [
          "Wed, 23 Oct 2019 22:13:37 GMT"
        ],
        "Content-Length": [
          "982"
        ],
        "Content-Type": [
          "application/json; charset=utf-8"
        ]
      },
      "ResponseBody": "{\r\n  \"value\": [\r\n    {\r\n      \"id\": \"/subscriptions/1c638cf4-608f-4ee6-b680-c329e824c3a8/resourceGroups/rgdnschash110/providers/Microsoft.Network/dnszones/www.contoso-157.com/NS/@\",\r\n      \"name\": \"@\",\r\n      \"type\": \"Microsoft.Network/dnszones/NS\",\r\n      \"etag\": \"ff855de0-34d1-49a5-bfa0-f5ca8f100a67\",\r\n      \"properties\": {\r\n        \"fqdn\": \"www.contoso-157.com.\",\r\n        \"TTL\": 172800,\r\n        \"NSRecords\": [\r\n          {\r\n            \"nsdname\": \"ns1-06.azure-dns.com.\"\r\n          },\r\n          {\r\n            \"nsdname\": \"ns2-06.azure-dns.net.\"\r\n          },\r\n          {\r\n            \"nsdname\": \"ns3-06.azure-dns.org.\"\r\n          },\r\n          {\r\n            \"nsdname\": \"ns4-06.azure-dns.info.\"\r\n          }\r\n        ]\r\n      }\r\n    },\r\n    {\r\n      \"id\": \"/subscriptions/1c638cf4-608f-4ee6-b680-c329e824c3a8/resourceGroups/rgdnschash110/providers/Microsoft.Network/dnszones/www.contoso-157.com/NS/partners\",\r\n      \"name\": \"partners\",\r\n      \"type\": \"Microsoft.Network/dnszones/NS\",\r\n      \"etag\": \"fd85d1c7-fd76-4e32-bad5-f6fe8c400d03\",\r\n      \"properties\": {\r\n        \"fqdn\": \"partners.www.contoso-157.com.\",\r\n        \"TTL\": 3600,\r\n        \"NSRecords\": [\r\n          {\r\n            \"nsdname\": \"ns1-05.azure-dns.com\"\r\n          },\r\n          {\r\n            \"nsdname\": \"ns2-05.azure-dns.net\"\r\n          },\r\n          {\r\n            \"nsdname\": \"ns3-05.azure-dns.org\"\r\n          },\r\n          {\r\n            \"nsdname\": \"ns4-05.azure-dns.info\"\r\n          }\r\n        ]\r\n      }\r\n    }\r\n  ]\r\n}",
      "StatusCode": 200
    },
    {
      "RequestUri": "/subscriptions/1c638cf4-608f-4ee6-b680-c329e824c3a8/resourceGroups/rgdnschash110/providers/Microsoft.Network/dnsZones/www.contoso-157.com/NS?api-version=2018-03-01-preview",
      "EncodedRequestUri": "L3N1YnNjcmlwdGlvbnMvMWM2MzhjZjQtNjA4Zi00ZWU2LWI2ODAtYzMyOWU4MjRjM2E4L3Jlc291cmNlR3JvdXBzL3JnZG5zY2hhc2gxMTAvcHJvdmlkZXJzL01pY3Jvc29mdC5OZXR3b3JrL2Ruc1pvbmVzL3d3dy5jb250b3NvLTE1Ny5jb20vTlM/YXBpLXZlcnNpb249MjAxOC0wMy0wMS1wcmV2aWV3",
      "RequestMethod": "GET",
      "RequestBody": "",
      "RequestHeaders": {
        "x-ms-client-request-id": [
          "81a9f53e-df49-4040-bc22-49b21fc79e50"
        ],
        "Accept-Language": [
          "en-US"
        ],
        "User-Agent": [
          "FxVersion/4.6.28008.01",
          "OSName/Windows",
          "OSVersion/Microsoft.Windows.10.0.18363.",
          "Microsoft.Azure.Management.Dns.Fluent.DnsManagementClient/1.0.0.61",
          "MacAddressHash/f198b50d7e3ef6510679efb9e4c9a1474fd2bf18cf1d6a2182c79b00464dbadd"
        ]
      },
      "ResponseHeaders": {
        "Cache-Control": [
          "private"
        ],
        "X-Content-Type-Options": [
          "nosniff"
        ],
        "Strict-Transport-Security": [
          "max-age=31536000; includeSubDomains"
        ],
        "x-ms-request-id": [
          "81a9f53e-df49-4040-bc22-49b21fc79e50"
        ],
        "Server": [
          "Microsoft-IIS/10.0"
        ],
        "X-Powered-By": [
          "ASP.NET"
        ],
        "x-ms-ratelimit-remaining-subscription-resource-requests": [
          "499"
        ],
        "x-ms-ratelimit-remaining-subscription-resource-entities-read": [
          "59998"
        ],
        "x-ms-correlation-request-id": [
          "3b8c56b6-b09d-4523-93d5-bee4469503d4"
        ],
        "x-ms-routing-request-id": [
          "SOUTHEASTASIA:20191023T221345Z:3b8c56b6-b09d-4523-93d5-bee4469503d4"
        ],
        "Date": [
          "Wed, 23 Oct 2019 22:13:45 GMT"
        ],
        "Content-Length": [
          "982"
        ],
        "Content-Type": [
          "application/json; charset=utf-8"
        ]
      },
      "ResponseBody": "{\r\n  \"value\": [\r\n    {\r\n      \"id\": \"/subscriptions/1c638cf4-608f-4ee6-b680-c329e824c3a8/resourceGroups/rgdnschash110/providers/Microsoft.Network/dnszones/www.contoso-157.com/NS/@\",\r\n      \"name\": \"@\",\r\n      \"type\": \"Microsoft.Network/dnszones/NS\",\r\n      \"etag\": \"ff855de0-34d1-49a5-bfa0-f5ca8f100a67\",\r\n      \"properties\": {\r\n        \"fqdn\": \"www.contoso-157.com.\",\r\n        \"TTL\": 172800,\r\n        \"NSRecords\": [\r\n          {\r\n            \"nsdname\": \"ns1-06.azure-dns.com.\"\r\n          },\r\n          {\r\n            \"nsdname\": \"ns2-06.azure-dns.net.\"\r\n          },\r\n          {\r\n            \"nsdname\": \"ns3-06.azure-dns.org.\"\r\n          },\r\n          {\r\n            \"nsdname\": \"ns4-06.azure-dns.info.\"\r\n          }\r\n        ]\r\n      }\r\n    },\r\n    {\r\n      \"id\": \"/subscriptions/1c638cf4-608f-4ee6-b680-c329e824c3a8/resourceGroups/rgdnschash110/providers/Microsoft.Network/dnszones/www.contoso-157.com/NS/partners\",\r\n      \"name\": \"partners\",\r\n      \"type\": \"Microsoft.Network/dnszones/NS\",\r\n      \"etag\": \"ee2dccfc-9aae-479e-8f03-bcd55a0fbf06\",\r\n      \"properties\": {\r\n        \"fqdn\": \"partners.www.contoso-157.com.\",\r\n        \"TTL\": 3600,\r\n        \"NSRecords\": [\r\n          {\r\n            \"nsdname\": \"ns1-05.azure-dns.com\"\r\n          },\r\n          {\r\n            \"nsdname\": \"ns2-05.azure-dns.net\"\r\n          },\r\n          {\r\n            \"nsdname\": \"ns3-05.azure-dns.org\"\r\n          },\r\n          {\r\n            \"nsdname\": \"ns4-06.azure-dns.info\"\r\n          }\r\n        ]\r\n      }\r\n    }\r\n  ]\r\n}",
      "StatusCode": 200
    },
    {
      "RequestUri": "/subscriptions/1c638cf4-608f-4ee6-b680-c329e824c3a8/resourceGroups/rgdnschash110/providers/Microsoft.Network/dnsZones/www.contoso-157.com/TXT?api-version=2018-03-01-preview",
      "EncodedRequestUri": "L3N1YnNjcmlwdGlvbnMvMWM2MzhjZjQtNjA4Zi00ZWU2LWI2ODAtYzMyOWU4MjRjM2E4L3Jlc291cmNlR3JvdXBzL3JnZG5zY2hhc2gxMTAvcHJvdmlkZXJzL01pY3Jvc29mdC5OZXR3b3JrL2Ruc1pvbmVzL3d3dy5jb250b3NvLTE1Ny5jb20vVFhUP2FwaS12ZXJzaW9uPTIwMTgtMDMtMDEtcHJldmlldw==",
      "RequestMethod": "GET",
      "RequestBody": "",
      "RequestHeaders": {
        "x-ms-client-request-id": [
          "99024027-a3c5-4965-9b0a-c7f288a463ff"
        ],
        "Accept-Language": [
          "en-US"
        ],
        "User-Agent": [
          "FxVersion/4.6.28008.01",
          "OSName/Windows",
          "OSVersion/Microsoft.Windows.10.0.18363.",
          "Microsoft.Azure.Management.Dns.Fluent.DnsManagementClient/1.0.0.61",
          "MacAddressHash/f198b50d7e3ef6510679efb9e4c9a1474fd2bf18cf1d6a2182c79b00464dbadd"
        ]
      },
      "ResponseHeaders": {
        "Cache-Control": [
          "private"
        ],
        "X-Content-Type-Options": [
          "nosniff"
        ],
        "Strict-Transport-Security": [
          "max-age=31536000; includeSubDomains"
        ],
        "x-ms-request-id": [
          "99024027-a3c5-4965-9b0a-c7f288a463ff"
        ],
        "Server": [
          "Microsoft-IIS/10.0"
        ],
        "X-Powered-By": [
          "ASP.NET"
        ],
        "x-ms-ratelimit-remaining-subscription-resource-requests": [
          "499"
        ],
        "x-ms-ratelimit-remaining-subscription-resource-entities-read": [
          "59998"
        ],
        "x-ms-correlation-request-id": [
          "65ce399d-37c8-4a2b-bb58-e1d89da2a482"
        ],
        "x-ms-routing-request-id": [
          "SOUTHEASTASIA:20191023T221338Z:65ce399d-37c8-4a2b-bb58-e1d89da2a482"
        ],
        "Date": [
          "Wed, 23 Oct 2019 22:13:38 GMT"
        ],
        "Content-Length": [
          "789"
        ],
        "Content-Type": [
          "application/json; charset=utf-8"
        ]
      },
      "ResponseBody": "{\r\n  \"value\": [\r\n    {\r\n      \"id\": \"/subscriptions/1c638cf4-608f-4ee6-b680-c329e824c3a8/resourceGroups/rgdnschash110/providers/Microsoft.Network/dnszones/www.contoso-157.com/TXT/@\",\r\n      \"name\": \"@\",\r\n      \"type\": \"Microsoft.Network/dnszones/TXT\",\r\n      \"etag\": \"fa99db23-607f-4d28-979e-7608edef18aa\",\r\n      \"properties\": {\r\n        \"fqdn\": \"www.contoso-157.com.\",\r\n        \"TTL\": 3600,\r\n        \"TXTRecords\": [\r\n          {\r\n            \"value\": [\r\n              \"windows-apps-verification=2ZzjfideIJFLFje83\"\r\n            ]\r\n          }\r\n        ]\r\n      }\r\n    },\r\n    {\r\n      \"id\": \"/subscriptions/1c638cf4-608f-4ee6-b680-c329e824c3a8/resourceGroups/rgdnschash110/providers/Microsoft.Network/dnszones/www.contoso-157.com/TXT/www\",\r\n      \"name\": \"www\",\r\n      \"type\": \"Microsoft.Network/dnszones/TXT\",\r\n      \"etag\": \"6b771ecc-867d-49d1-a89d-bccfed3a6333\",\r\n      \"properties\": {\r\n        \"fqdn\": \"www.www.contoso-157.com.\",\r\n        \"TTL\": 3600,\r\n        \"TXTRecords\": [\r\n          {\r\n            \"value\": [\r\n              \"some info about www.contoso.com\"\r\n            ]\r\n          }\r\n        ]\r\n      }\r\n    }\r\n  ]\r\n}",
      "StatusCode": 200
    },
    {
      "RequestUri": "/subscriptions/1c638cf4-608f-4ee6-b680-c329e824c3a8/resourceGroups/rgdnschash110/providers/Microsoft.Network/dnsZones/www.contoso-157.com/TXT?api-version=2018-03-01-preview",
      "EncodedRequestUri": "L3N1YnNjcmlwdGlvbnMvMWM2MzhjZjQtNjA4Zi00ZWU2LWI2ODAtYzMyOWU4MjRjM2E4L3Jlc291cmNlR3JvdXBzL3JnZG5zY2hhc2gxMTAvcHJvdmlkZXJzL01pY3Jvc29mdC5OZXR3b3JrL2Ruc1pvbmVzL3d3dy5jb250b3NvLTE1Ny5jb20vVFhUP2FwaS12ZXJzaW9uPTIwMTgtMDMtMDEtcHJldmlldw==",
      "RequestMethod": "GET",
      "RequestBody": "",
      "RequestHeaders": {
        "x-ms-client-request-id": [
          "2055aa65-3816-400c-ab84-8e32eb752597"
        ],
        "Accept-Language": [
          "en-US"
        ],
        "User-Agent": [
          "FxVersion/4.6.28008.01",
          "OSName/Windows",
          "OSVersion/Microsoft.Windows.10.0.18363.",
          "Microsoft.Azure.Management.Dns.Fluent.DnsManagementClient/1.0.0.61",
          "MacAddressHash/f198b50d7e3ef6510679efb9e4c9a1474fd2bf18cf1d6a2182c79b00464dbadd"
        ]
      },
      "ResponseHeaders": {
        "Cache-Control": [
          "private"
        ],
        "X-Content-Type-Options": [
          "nosniff"
        ],
        "Strict-Transport-Security": [
          "max-age=31536000; includeSubDomains"
        ],
        "x-ms-request-id": [
          "2055aa65-3816-400c-ab84-8e32eb752597"
        ],
        "Server": [
          "Microsoft-IIS/10.0"
        ],
        "X-Powered-By": [
          "ASP.NET"
        ],
        "x-ms-ratelimit-remaining-subscription-resource-requests": [
          "499"
        ],
        "x-ms-ratelimit-remaining-subscription-resource-entities-read": [
          "59999"
        ],
        "x-ms-correlation-request-id": [
          "c2039032-1cd6-49f1-8f61-1de5275d8dde"
        ],
        "x-ms-routing-request-id": [
          "SOUTHEASTASIA:20191023T221344Z:c2039032-1cd6-49f1-8f61-1de5275d8dde"
        ],
        "Date": [
          "Wed, 23 Oct 2019 22:13:44 GMT"
        ],
        "Content-Length": [
          "402"
        ],
        "Content-Type": [
          "application/json; charset=utf-8"
        ]
      },
      "ResponseBody": "{\r\n  \"value\": [\r\n    {\r\n      \"id\": \"/subscriptions/1c638cf4-608f-4ee6-b680-c329e824c3a8/resourceGroups/rgdnschash110/providers/Microsoft.Network/dnszones/www.contoso-157.com/TXT/@\",\r\n      \"name\": \"@\",\r\n      \"type\": \"Microsoft.Network/dnszones/TXT\",\r\n      \"etag\": \"fa99db23-607f-4d28-979e-7608edef18aa\",\r\n      \"properties\": {\r\n        \"fqdn\": \"www.contoso-157.com.\",\r\n        \"TTL\": 3600,\r\n        \"TXTRecords\": [\r\n          {\r\n            \"value\": [\r\n              \"windows-apps-verification=2ZzjfideIJFLFje83\"\r\n            ]\r\n          }\r\n        ]\r\n      }\r\n    }\r\n  ]\r\n}",
      "StatusCode": 200
    },
    {
      "RequestUri": "/subscriptions/1c638cf4-608f-4ee6-b680-c329e824c3a8/resourceGroups/rgdnschash110/providers/Microsoft.Network/dnsZones/www.contoso-157.com/SRV?api-version=2018-03-01-preview",
      "EncodedRequestUri": "L3N1YnNjcmlwdGlvbnMvMWM2MzhjZjQtNjA4Zi00ZWU2LWI2ODAtYzMyOWU4MjRjM2E4L3Jlc291cmNlR3JvdXBzL3JnZG5zY2hhc2gxMTAvcHJvdmlkZXJzL01pY3Jvc29mdC5OZXR3b3JrL2Ruc1pvbmVzL3d3dy5jb250b3NvLTE1Ny5jb20vU1JWP2FwaS12ZXJzaW9uPTIwMTgtMDMtMDEtcHJldmlldw==",
      "RequestMethod": "GET",
      "RequestBody": "",
      "RequestHeaders": {
        "x-ms-client-request-id": [
          "a6739448-402f-4a23-bc0c-afbd0adee00b"
        ],
        "Accept-Language": [
          "en-US"
        ],
        "User-Agent": [
          "FxVersion/4.6.28008.01",
          "OSName/Windows",
          "OSVersion/Microsoft.Windows.10.0.18363.",
          "Microsoft.Azure.Management.Dns.Fluent.DnsManagementClient/1.0.0.61",
          "MacAddressHash/f198b50d7e3ef6510679efb9e4c9a1474fd2bf18cf1d6a2182c79b00464dbadd"
        ]
      },
      "ResponseHeaders": {
        "Cache-Control": [
          "private"
        ],
        "X-Content-Type-Options": [
          "nosniff"
        ],
        "Strict-Transport-Security": [
          "max-age=31536000; includeSubDomains"
        ],
        "x-ms-request-id": [
          "a6739448-402f-4a23-bc0c-afbd0adee00b"
        ],
        "Server": [
          "Microsoft-IIS/10.0"
        ],
        "X-Powered-By": [
          "ASP.NET"
        ],
        "x-ms-ratelimit-remaining-subscription-resource-requests": [
          "499"
        ],
        "x-ms-ratelimit-remaining-subscription-resource-entities-read": [
          "59999"
        ],
        "x-ms-correlation-request-id": [
          "e47ff529-4165-4035-8725-8ce06eb4eb8b"
        ],
        "x-ms-routing-request-id": [
          "SOUTHEASTASIA:20191023T221338Z:e47ff529-4165-4035-8725-8ce06eb4eb8b"
        ],
        "Date": [
          "Wed, 23 Oct 2019 22:13:38 GMT"
        ],
        "Content-Length": [
          "690"
        ],
        "Content-Type": [
          "application/json; charset=utf-8"
        ]
      },
      "ResponseBody": "{\r\n  \"value\": [\r\n    {\r\n      \"id\": \"/subscriptions/1c638cf4-608f-4ee6-b680-c329e824c3a8/resourceGroups/rgdnschash110/providers/Microsoft.Network/dnszones/www.contoso-157.com/SRV/_sip._tcp\",\r\n      \"name\": \"_sip._tcp\",\r\n      \"type\": \"Microsoft.Network/dnszones/SRV\",\r\n      \"etag\": \"8603e0fe-94cb-4330-b2c8-b9243e995bc2\",\r\n      \"properties\": {\r\n        \"fqdn\": \"_sip._tcp.www.contoso-157.com.\",\r\n        \"TTL\": 3600,\r\n        \"SRVRecords\": [\r\n          {\r\n            \"port\": 5060,\r\n            \"priority\": 10,\r\n            \"target\": \"bigbox.contoso-service.com\",\r\n            \"weight\": 60\r\n          },\r\n          {\r\n            \"port\": 5060,\r\n            \"priority\": 10,\r\n            \"target\": \"smallbox1.contoso-service.com\",\r\n            \"weight\": 20\r\n          },\r\n          {\r\n            \"port\": 5060,\r\n            \"priority\": 10,\r\n            \"target\": \"smallbox2.contoso-service.com\",\r\n            \"weight\": 20\r\n          },\r\n          {\r\n            \"port\": 5060,\r\n            \"priority\": 10,\r\n            \"target\": \"backupbox.contoso-service.com\",\r\n            \"weight\": 0\r\n          }\r\n        ]\r\n      }\r\n    }\r\n  ]\r\n}",
      "StatusCode": 200
    },
    {
      "RequestUri": "/subscriptions/1c638cf4-608f-4ee6-b680-c329e824c3a8/resourceGroups/rgdnschash110/providers/Microsoft.Network/dnsZones/www.contoso-157.com/SRV?api-version=2018-03-01-preview",
      "EncodedRequestUri": "L3N1YnNjcmlwdGlvbnMvMWM2MzhjZjQtNjA4Zi00ZWU2LWI2ODAtYzMyOWU4MjRjM2E4L3Jlc291cmNlR3JvdXBzL3JnZG5zY2hhc2gxMTAvcHJvdmlkZXJzL01pY3Jvc29mdC5OZXR3b3JrL2Ruc1pvbmVzL3d3dy5jb250b3NvLTE1Ny5jb20vU1JWP2FwaS12ZXJzaW9uPTIwMTgtMDMtMDEtcHJldmlldw==",
      "RequestMethod": "GET",
      "RequestBody": "",
      "RequestHeaders": {
        "x-ms-client-request-id": [
          "ffddff14-3658-4e53-a6e2-cd254239a50d"
        ],
        "Accept-Language": [
          "en-US"
        ],
        "User-Agent": [
          "FxVersion/4.6.28008.01",
          "OSName/Windows",
          "OSVersion/Microsoft.Windows.10.0.18363.",
          "Microsoft.Azure.Management.Dns.Fluent.DnsManagementClient/1.0.0.61",
          "MacAddressHash/f198b50d7e3ef6510679efb9e4c9a1474fd2bf18cf1d6a2182c79b00464dbadd"
        ]
      },
      "ResponseHeaders": {
        "Cache-Control": [
          "private"
        ],
        "X-Content-Type-Options": [
          "nosniff"
        ],
        "Strict-Transport-Security": [
          "max-age=31536000; includeSubDomains"
        ],
        "x-ms-request-id": [
          "ffddff14-3658-4e53-a6e2-cd254239a50d"
        ],
        "Server": [
          "Microsoft-IIS/10.0"
        ],
        "X-Powered-By": [
          "ASP.NET"
        ],
        "x-ms-ratelimit-remaining-subscription-resource-requests": [
          "498"
        ],
        "x-ms-ratelimit-remaining-subscription-resource-entities-read": [
          "59999"
        ],
        "x-ms-correlation-request-id": [
          "9866d8b2-637a-4a63-ae77-f355015942f1"
        ],
        "x-ms-routing-request-id": [
          "SOUTHEASTASIA:20191023T221346Z:9866d8b2-637a-4a63-ae77-f355015942f1"
        ],
        "Date": [
          "Wed, 23 Oct 2019 22:13:46 GMT"
        ],
        "Content-Length": [
          "691"
        ],
        "Content-Type": [
          "application/json; charset=utf-8"
        ]
      },
      "ResponseBody": "{\r\n  \"value\": [\r\n    {\r\n      \"id\": \"/subscriptions/1c638cf4-608f-4ee6-b680-c329e824c3a8/resourceGroups/rgdnschash110/providers/Microsoft.Network/dnszones/www.contoso-157.com/SRV/_sip._tcp\",\r\n      \"name\": \"_sip._tcp\",\r\n      \"type\": \"Microsoft.Network/dnszones/SRV\",\r\n      \"etag\": \"92e665db-a7c9-4763-bd7a-954779e8ce01\",\r\n      \"properties\": {\r\n        \"fqdn\": \"_sip._tcp.www.contoso-157.com.\",\r\n        \"TTL\": 3600,\r\n        \"SRVRecords\": [\r\n          {\r\n            \"port\": 5060,\r\n            \"priority\": 10,\r\n            \"target\": \"smallbox1.contoso-service.com\",\r\n            \"weight\": 20\r\n          },\r\n          {\r\n            \"port\": 5060,\r\n            \"priority\": 10,\r\n            \"target\": \"smallbox2.contoso-service.com\",\r\n            \"weight\": 20\r\n          },\r\n          {\r\n            \"port\": 5060,\r\n            \"priority\": 10,\r\n            \"target\": \"backupbox.contoso-service.com\",\r\n            \"weight\": 0\r\n          },\r\n          {\r\n            \"port\": 5060,\r\n            \"priority\": 10,\r\n            \"target\": \"mainbox.contoso-service.com\",\r\n            \"weight\": 60\r\n          }\r\n        ]\r\n      }\r\n    }\r\n  ]\r\n}",
      "StatusCode": 200
    },
    {
      "RequestUri": "/subscriptions/1c638cf4-608f-4ee6-b680-c329e824c3a8/resourceGroups/rgdnschash110/providers/Microsoft.Network/dnsZones/www.contoso-157.com/PTR?api-version=2018-03-01-preview",
      "EncodedRequestUri": "L3N1YnNjcmlwdGlvbnMvMWM2MzhjZjQtNjA4Zi00ZWU2LWI2ODAtYzMyOWU4MjRjM2E4L3Jlc291cmNlR3JvdXBzL3JnZG5zY2hhc2gxMTAvcHJvdmlkZXJzL01pY3Jvc29mdC5OZXR3b3JrL2Ruc1pvbmVzL3d3dy5jb250b3NvLTE1Ny5jb20vUFRSP2FwaS12ZXJzaW9uPTIwMTgtMDMtMDEtcHJldmlldw==",
      "RequestMethod": "GET",
      "RequestBody": "",
      "RequestHeaders": {
        "x-ms-client-request-id": [
          "62459961-8bfe-43e0-bb5c-fdc4cf5d613d"
        ],
        "Accept-Language": [
          "en-US"
        ],
        "User-Agent": [
          "FxVersion/4.6.28008.01",
          "OSName/Windows",
          "OSVersion/Microsoft.Windows.10.0.18363.",
          "Microsoft.Azure.Management.Dns.Fluent.DnsManagementClient/1.0.0.61",
          "MacAddressHash/f198b50d7e3ef6510679efb9e4c9a1474fd2bf18cf1d6a2182c79b00464dbadd"
        ]
      },
      "ResponseHeaders": {
        "Cache-Control": [
          "private"
        ],
        "X-Content-Type-Options": [
          "nosniff"
        ],
        "Strict-Transport-Security": [
          "max-age=31536000; includeSubDomains"
        ],
        "x-ms-request-id": [
          "62459961-8bfe-43e0-bb5c-fdc4cf5d613d"
        ],
        "Server": [
          "Microsoft-IIS/10.0"
        ],
        "X-Powered-By": [
          "ASP.NET"
        ],
        "x-ms-ratelimit-remaining-subscription-resource-requests": [
          "499"
        ],
        "x-ms-ratelimit-remaining-subscription-resource-entities-read": [
          "59998"
        ],
        "x-ms-correlation-request-id": [
          "64a952a1-ffaf-491d-976f-f0b42758f666"
        ],
        "x-ms-routing-request-id": [
          "SOUTHEASTASIA:20191023T221339Z:64a952a1-ffaf-491d-976f-f0b42758f666"
        ],
        "Date": [
          "Wed, 23 Oct 2019 22:13:39 GMT"
        ],
        "Content-Length": [
          "813"
        ],
        "Content-Type": [
          "application/json; charset=utf-8"
        ]
      },
      "ResponseBody": "{\r\n  \"value\": [\r\n    {\r\n      \"id\": \"/subscriptions/1c638cf4-608f-4ee6-b680-c329e824c3a8/resourceGroups/rgdnschash110/providers/Microsoft.Network/dnszones/www.contoso-157.com/PTR/40\",\r\n      \"name\": \"40\",\r\n      \"type\": \"Microsoft.Network/dnszones/PTR\",\r\n      \"etag\": \"99547282-091e-4da2-8d8c-f0e184c09fc7\",\r\n      \"properties\": {\r\n        \"fqdn\": \"40.www.contoso-157.com.\",\r\n        \"TTL\": 3600,\r\n        \"PTRRecords\": [\r\n          {\r\n            \"ptrdname\": \"www.contoso.com\"\r\n          },\r\n          {\r\n            \"ptrdname\": \"mail.contoso.com\"\r\n          }\r\n        ]\r\n      }\r\n    },\r\n    {\r\n      \"id\": \"/subscriptions/1c638cf4-608f-4ee6-b680-c329e824c3a8/resourceGroups/rgdnschash110/providers/Microsoft.Network/dnszones/www.contoso-157.com/PTR/41\",\r\n      \"name\": \"41\",\r\n      \"type\": \"Microsoft.Network/dnszones/PTR\",\r\n      \"etag\": \"0e86f8a2-95c5-4103-8e78-d80371b227b5\",\r\n      \"properties\": {\r\n        \"fqdn\": \"41.www.contoso-157.com.\",\r\n        \"TTL\": 3600,\r\n        \"PTRRecords\": [\r\n          {\r\n            \"ptrdname\": \"www.contoso.com\"\r\n          },\r\n          {\r\n            \"ptrdname\": \"mail.contoso.com\"\r\n          }\r\n        ]\r\n      }\r\n    }\r\n  ]\r\n}",
      "StatusCode": 200
    },
    {
      "RequestUri": "/subscriptions/1c638cf4-608f-4ee6-b680-c329e824c3a8/resourceGroups/rgdnschash110/providers/Microsoft.Network/dnsZones/www.contoso-157.com/CNAME?api-version=2018-03-01-preview",
      "EncodedRequestUri": "L3N1YnNjcmlwdGlvbnMvMWM2MzhjZjQtNjA4Zi00ZWU2LWI2ODAtYzMyOWU4MjRjM2E4L3Jlc291cmNlR3JvdXBzL3JnZG5zY2hhc2gxMTAvcHJvdmlkZXJzL01pY3Jvc29mdC5OZXR3b3JrL2Ruc1pvbmVzL3d3dy5jb250b3NvLTE1Ny5jb20vQ05BTUU/YXBpLXZlcnNpb249MjAxOC0wMy0wMS1wcmV2aWV3",
      "RequestMethod": "GET",
      "RequestBody": "",
      "RequestHeaders": {
        "x-ms-client-request-id": [
          "9268b0ce-2519-460b-8862-9123825c34a3"
        ],
        "Accept-Language": [
          "en-US"
        ],
        "User-Agent": [
          "FxVersion/4.6.28008.01",
          "OSName/Windows",
          "OSVersion/Microsoft.Windows.10.0.18363.",
          "Microsoft.Azure.Management.Dns.Fluent.DnsManagementClient/1.0.0.61",
          "MacAddressHash/f198b50d7e3ef6510679efb9e4c9a1474fd2bf18cf1d6a2182c79b00464dbadd"
        ]
      },
      "ResponseHeaders": {
        "Cache-Control": [
          "private"
        ],
        "X-Content-Type-Options": [
          "nosniff"
        ],
        "Strict-Transport-Security": [
          "max-age=31536000; includeSubDomains"
        ],
        "x-ms-request-id": [
          "9268b0ce-2519-460b-8862-9123825c34a3"
        ],
        "Server": [
          "Microsoft-IIS/10.0"
        ],
        "X-Powered-By": [
          "ASP.NET"
        ],
        "x-ms-ratelimit-remaining-subscription-resource-requests": [
          "499"
        ],
        "x-ms-ratelimit-remaining-subscription-resource-entities-read": [
          "59998"
        ],
        "x-ms-correlation-request-id": [
          "4d7c9fd5-3aaa-48d4-957c-7655fbd2e565"
        ],
        "x-ms-routing-request-id": [
          "SOUTHEASTASIA:20191023T221339Z:4d7c9fd5-3aaa-48d4-957c-7655fbd2e565"
        ],
        "Date": [
          "Wed, 23 Oct 2019 22:13:39 GMT"
        ],
        "Content-Length": [
          "791"
        ],
        "Content-Type": [
          "application/json; charset=utf-8"
        ]
      },
      "ResponseBody": "{\r\n  \"value\": [\r\n    {\r\n      \"id\": \"/subscriptions/1c638cf4-608f-4ee6-b680-c329e824c3a8/resourceGroups/rgdnschash110/providers/Microsoft.Network/dnszones/www.contoso-157.com/CNAME/documents\",\r\n      \"name\": \"documents\",\r\n      \"type\": \"Microsoft.Network/dnszones/CNAME\",\r\n      \"etag\": \"74cae2b4-26bf-455e-a981-bef37434616b\",\r\n      \"properties\": {\r\n        \"fqdn\": \"documents.www.contoso-157.com.\",\r\n        \"TTL\": 3600,\r\n        \"CNAMERecord\": {\r\n          \"cname\": \"doc.contoso.com\"\r\n        }\r\n      }\r\n    },\r\n    {\r\n      \"id\": \"/subscriptions/1c638cf4-608f-4ee6-b680-c329e824c3a8/resourceGroups/rgdnschash110/providers/Microsoft.Network/dnszones/www.contoso-157.com/CNAME/userguide\",\r\n      \"name\": \"userguide\",\r\n      \"type\": \"Microsoft.Network/dnszones/CNAME\",\r\n      \"etag\": \"787040fb-df25-4853-a380-20804506b5b1\",\r\n      \"properties\": {\r\n        \"fqdn\": \"userguide.www.contoso-157.com.\",\r\n        \"TTL\": 3600,\r\n        \"CNAMERecord\": {\r\n          \"cname\": \"doc.contoso.com\"\r\n        }\r\n      }\r\n    }\r\n  ]\r\n}",
      "StatusCode": 200
    },
    {
      "RequestUri": "/subscriptions/1c638cf4-608f-4ee6-b680-c329e824c3a8/resourceGroups/rgdnschash110/providers/Microsoft.Network/dnsZones/www.contoso-157.com/CNAME?api-version=2018-03-01-preview",
      "EncodedRequestUri": "L3N1YnNjcmlwdGlvbnMvMWM2MzhjZjQtNjA4Zi00ZWU2LWI2ODAtYzMyOWU4MjRjM2E4L3Jlc291cmNlR3JvdXBzL3JnZG5zY2hhc2gxMTAvcHJvdmlkZXJzL01pY3Jvc29mdC5OZXR3b3JrL2Ruc1pvbmVzL3d3dy5jb250b3NvLTE1Ny5jb20vQ05BTUU/YXBpLXZlcnNpb249MjAxOC0wMy0wMS1wcmV2aWV3",
      "RequestMethod": "GET",
      "RequestBody": "",
      "RequestHeaders": {
        "x-ms-client-request-id": [
          "4c091b8d-d1cc-445c-9b02-823cbbf91e19"
        ],
        "Accept-Language": [
          "en-US"
        ],
        "User-Agent": [
          "FxVersion/4.6.28008.01",
          "OSName/Windows",
          "OSVersion/Microsoft.Windows.10.0.18363.",
          "Microsoft.Azure.Management.Dns.Fluent.DnsManagementClient/1.0.0.61",
          "MacAddressHash/f198b50d7e3ef6510679efb9e4c9a1474fd2bf18cf1d6a2182c79b00464dbadd"
        ]
      },
      "ResponseHeaders": {
        "Cache-Control": [
          "private"
        ],
        "X-Content-Type-Options": [
          "nosniff"
        ],
        "Strict-Transport-Security": [
          "max-age=31536000; includeSubDomains"
        ],
        "x-ms-request-id": [
          "4c091b8d-d1cc-445c-9b02-823cbbf91e19"
        ],
        "Server": [
          "Microsoft-IIS/10.0"
        ],
        "X-Powered-By": [
          "ASP.NET"
        ],
        "x-ms-ratelimit-remaining-subscription-resource-requests": [
          "499"
        ],
        "x-ms-ratelimit-remaining-subscription-resource-entities-read": [
          "59998"
        ],
        "x-ms-correlation-request-id": [
          "24e9fd51-8315-4b08-b945-3abba24f68de"
        ],
        "x-ms-routing-request-id": [
          "SOUTHEASTASIA:20191023T221344Z:24e9fd51-8315-4b08-b945-3abba24f68de"
        ],
        "Date": [
          "Wed, 23 Oct 2019 22:13:44 GMT"
        ],
        "Content-Length": [
          "776"
        ],
        "Content-Type": [
          "application/json; charset=utf-8"
        ]
      },
      "ResponseBody": "{\r\n  \"value\": [\r\n    {\r\n      \"id\": \"/subscriptions/1c638cf4-608f-4ee6-b680-c329e824c3a8/resourceGroups/rgdnschash110/providers/Microsoft.Network/dnszones/www.contoso-157.com/CNAME/documents\",\r\n      \"name\": \"documents\",\r\n      \"type\": \"Microsoft.Network/dnszones/CNAME\",\r\n      \"etag\": \"74cae2b4-26bf-455e-a981-bef37434616b\",\r\n      \"properties\": {\r\n        \"fqdn\": \"documents.www.contoso-157.com.\",\r\n        \"TTL\": 3600,\r\n        \"CNAMERecord\": {\r\n          \"cname\": \"doc.contoso.com\"\r\n        }\r\n      }\r\n    },\r\n    {\r\n      \"id\": \"/subscriptions/1c638cf4-608f-4ee6-b680-c329e824c3a8/resourceGroups/rgdnschash110/providers/Microsoft.Network/dnszones/www.contoso-157.com/CNAME/help\",\r\n      \"name\": \"help\",\r\n      \"type\": \"Microsoft.Network/dnszones/CNAME\",\r\n      \"etag\": \"7bb47928-53be-4ffd-8c13-450d9760b1d6\",\r\n      \"properties\": {\r\n        \"fqdn\": \"help.www.contoso-157.com.\",\r\n        \"TTL\": 3600,\r\n        \"CNAMERecord\": {\r\n          \"cname\": \"doc.contoso.com\"\r\n        }\r\n      }\r\n    }\r\n  ]\r\n}",
      "StatusCode": 200
    },
    {
      "RequestUri": "/subscriptions/1c638cf4-608f-4ee6-b680-c329e824c3a8/resourceGroups/rgdnschash110/providers/Microsoft.Network/dnsZones/www.contoso-157.com/recordsets?api-version=2018-03-01-preview",
      "EncodedRequestUri": "L3N1YnNjcmlwdGlvbnMvMWM2MzhjZjQtNjA4Zi00ZWU2LWI2ODAtYzMyOWU4MjRjM2E4L3Jlc291cmNlR3JvdXBzL3JnZG5zY2hhc2gxMTAvcHJvdmlkZXJzL01pY3Jvc29mdC5OZXR3b3JrL2Ruc1pvbmVzL3d3dy5jb250b3NvLTE1Ny5jb20vcmVjb3Jkc2V0cz9hcGktdmVyc2lvbj0yMDE4LTAzLTAxLXByZXZpZXc=",
      "RequestMethod": "GET",
      "RequestBody": "",
      "RequestHeaders": {
        "x-ms-client-request-id": [
          "3c1e4b12-3d59-459b-82a9-9b1ba5ad25ca"
        ],
        "Accept-Language": [
          "en-US"
        ],
        "User-Agent": [
          "FxVersion/4.6.28008.01",
          "OSName/Windows",
          "OSVersion/Microsoft.Windows.10.0.18363.",
          "Microsoft.Azure.Management.Dns.Fluent.DnsManagementClient/1.0.0.61",
          "MacAddressHash/f198b50d7e3ef6510679efb9e4c9a1474fd2bf18cf1d6a2182c79b00464dbadd"
        ]
      },
      "ResponseHeaders": {
        "Cache-Control": [
          "private"
        ],
        "X-Content-Type-Options": [
          "nosniff"
        ],
        "Strict-Transport-Security": [
          "max-age=31536000; includeSubDomains"
        ],
        "x-ms-request-id": [
          "3c1e4b12-3d59-459b-82a9-9b1ba5ad25ca"
        ],
        "Server": [
          "Microsoft-IIS/10.0"
        ],
        "X-Powered-By": [
          "ASP.NET"
        ],
        "x-ms-ratelimit-remaining-subscription-resource-requests": [
          "499"
        ],
        "x-ms-ratelimit-remaining-subscription-resource-entities-read": [
          "59987"
        ],
        "x-ms-correlation-request-id": [
          "8cba29b3-7712-4708-842d-ec9b20837301"
        ],
        "x-ms-routing-request-id": [
          "SOUTHEASTASIA:20191023T221340Z:8cba29b3-7712-4708-842d-ec9b20837301"
        ],
        "Date": [
          "Wed, 23 Oct 2019 22:13:40 GMT"
        ],
        "Content-Length": [
          "5860"
        ],
        "Content-Type": [
          "application/json; charset=utf-8"
        ]
      },
      "ResponseBody": "{\r\n  \"value\": [\r\n    {\r\n      \"id\": \"/subscriptions/1c638cf4-608f-4ee6-b680-c329e824c3a8/resourceGroups/rgdnschash110/providers/Microsoft.Network/dnszones/www.contoso-157.com/NS/@\",\r\n      \"name\": \"@\",\r\n      \"type\": \"Microsoft.Network/dnszones/NS\",\r\n      \"etag\": \"ff855de0-34d1-49a5-bfa0-f5ca8f100a67\",\r\n      \"properties\": {\r\n        \"fqdn\": \"www.contoso-157.com.\",\r\n        \"TTL\": 172800,\r\n        \"NSRecords\": [\r\n          {\r\n            \"nsdname\": \"ns1-06.azure-dns.com.\"\r\n          },\r\n          {\r\n            \"nsdname\": \"ns2-06.azure-dns.net.\"\r\n          },\r\n          {\r\n            \"nsdname\": \"ns3-06.azure-dns.org.\"\r\n          },\r\n          {\r\n            \"nsdname\": \"ns4-06.azure-dns.info.\"\r\n          }\r\n        ]\r\n      }\r\n    },\r\n    {\r\n      \"id\": \"/subscriptions/1c638cf4-608f-4ee6-b680-c329e824c3a8/resourceGroups/rgdnschash110/providers/Microsoft.Network/dnszones/www.contoso-157.com/SOA/@\",\r\n      \"name\": \"@\",\r\n      \"type\": \"Microsoft.Network/dnszones/SOA\",\r\n      \"etag\": \"18f35449-c959-4104-88f1-e4ff9dcf4fc5\",\r\n      \"properties\": {\r\n        \"fqdn\": \"www.contoso-157.com.\",\r\n        \"TTL\": 3600,\r\n        \"SOARecord\": {\r\n          \"email\": \"azuredns-hostmaster.microsoft.com\",\r\n          \"expireTime\": 2419200,\r\n          \"host\": \"ns1-06.azure-dns.com.\",\r\n          \"minimumTTL\": 300,\r\n          \"refreshTime\": 3600,\r\n          \"retryTime\": 300,\r\n          \"serialNumber\": 1\r\n        }\r\n      }\r\n    },\r\n    {\r\n      \"id\": \"/subscriptions/1c638cf4-608f-4ee6-b680-c329e824c3a8/resourceGroups/rgdnschash110/providers/Microsoft.Network/dnszones/www.contoso-157.com/TXT/@\",\r\n      \"name\": \"@\",\r\n      \"type\": \"Microsoft.Network/dnszones/TXT\",\r\n      \"etag\": \"fa99db23-607f-4d28-979e-7608edef18aa\",\r\n      \"properties\": {\r\n        \"fqdn\": \"www.contoso-157.com.\",\r\n        \"TTL\": 3600,\r\n        \"TXTRecords\": [\r\n          {\r\n            \"value\": [\r\n              \"windows-apps-verification=2ZzjfideIJFLFje83\"\r\n            ]\r\n          }\r\n        ]\r\n      }\r\n    },\r\n    {\r\n      \"id\": \"/subscriptions/1c638cf4-608f-4ee6-b680-c329e824c3a8/resourceGroups/rgdnschash110/providers/Microsoft.Network/dnszones/www.contoso-157.com/PTR/40\",\r\n      \"name\": \"40\",\r\n      \"type\": \"Microsoft.Network/dnszones/PTR\",\r\n      \"etag\": \"99547282-091e-4da2-8d8c-f0e184c09fc7\",\r\n      \"properties\": {\r\n        \"fqdn\": \"40.www.contoso-157.com.\",\r\n        \"TTL\": 3600,\r\n        \"PTRRecords\": [\r\n          {\r\n            \"ptrdname\": \"www.contoso.com\"\r\n          },\r\n          {\r\n            \"ptrdname\": \"mail.contoso.com\"\r\n          }\r\n        ]\r\n      }\r\n    },\r\n    {\r\n      \"id\": \"/subscriptions/1c638cf4-608f-4ee6-b680-c329e824c3a8/resourceGroups/rgdnschash110/providers/Microsoft.Network/dnszones/www.contoso-157.com/PTR/41\",\r\n      \"name\": \"41\",\r\n      \"type\": \"Microsoft.Network/dnszones/PTR\",\r\n      \"etag\": \"0e86f8a2-95c5-4103-8e78-d80371b227b5\",\r\n      \"properties\": {\r\n        \"fqdn\": \"41.www.contoso-157.com.\",\r\n        \"TTL\": 3600,\r\n        \"PTRRecords\": [\r\n          {\r\n            \"ptrdname\": \"www.contoso.com\"\r\n          },\r\n          {\r\n            \"ptrdname\": \"mail.contoso.com\"\r\n          }\r\n        ]\r\n      }\r\n    },\r\n    {\r\n      \"id\": \"/subscriptions/1c638cf4-608f-4ee6-b680-c329e824c3a8/resourceGroups/rgdnschash110/providers/Microsoft.Network/dnszones/www.contoso-157.com/SRV/_sip._tcp\",\r\n      \"name\": \"_sip._tcp\",\r\n      \"type\": \"Microsoft.Network/dnszones/SRV\",\r\n      \"etag\": \"8603e0fe-94cb-4330-b2c8-b9243e995bc2\",\r\n      \"properties\": {\r\n        \"fqdn\": \"_sip._tcp.www.contoso-157.com.\",\r\n        \"TTL\": 3600,\r\n        \"SRVRecords\": [\r\n          {\r\n            \"port\": 5060,\r\n            \"priority\": 10,\r\n            \"target\": \"bigbox.contoso-service.com\",\r\n            \"weight\": 60\r\n          },\r\n          {\r\n            \"port\": 5060,\r\n            \"priority\": 10,\r\n            \"target\": \"smallbox1.contoso-service.com\",\r\n            \"weight\": 20\r\n          },\r\n          {\r\n            \"port\": 5060,\r\n            \"priority\": 10,\r\n            \"target\": \"smallbox2.contoso-service.com\",\r\n            \"weight\": 20\r\n          },\r\n          {\r\n            \"port\": 5060,\r\n            \"priority\": 10,\r\n            \"target\": \"backupbox.contoso-service.com\",\r\n            \"weight\": 0\r\n          }\r\n        ]\r\n      }\r\n    },\r\n    {\r\n      \"id\": \"/subscriptions/1c638cf4-608f-4ee6-b680-c329e824c3a8/resourceGroups/rgdnschash110/providers/Microsoft.Network/dnszones/www.contoso-157.com/CNAME/documents\",\r\n      \"name\": \"documents\",\r\n      \"type\": \"Microsoft.Network/dnszones/CNAME\",\r\n      \"etag\": \"74cae2b4-26bf-455e-a981-bef37434616b\",\r\n      \"properties\": {\r\n        \"fqdn\": \"documents.www.contoso-157.com.\",\r\n        \"TTL\": 3600,\r\n        \"CNAMERecord\": {\r\n          \"cname\": \"doc.contoso.com\"\r\n        }\r\n      }\r\n    },\r\n    {\r\n      \"id\": \"/subscriptions/1c638cf4-608f-4ee6-b680-c329e824c3a8/resourceGroups/rgdnschash110/providers/Microsoft.Network/dnszones/www.contoso-157.com/MX/email\",\r\n      \"name\": \"email\",\r\n      \"type\": \"Microsoft.Network/dnszones/MX\",\r\n      \"etag\": \"fc9a5990-8755-4b1f-9063-a2bc9fe1585a\",\r\n      \"properties\": {\r\n        \"metadata\": {\r\n          \"mxa\": \"mxaa\",\r\n          \"mxb\": \"mxbb\"\r\n        },\r\n        \"fqdn\": \"email.www.contoso-157.com.\",\r\n        \"TTL\": 3600,\r\n        \"MXRecords\": [\r\n          {\r\n            \"exchange\": \"mail.contoso-mail-exchange1.com\",\r\n            \"preference\": 1\r\n          },\r\n          {\r\n            \"exchange\": \"mail.contoso-mail-exchange2.com\",\r\n            \"preference\": 2\r\n          }\r\n        ]\r\n      }\r\n    },\r\n    {\r\n      \"id\": \"/subscriptions/1c638cf4-608f-4ee6-b680-c329e824c3a8/resourceGroups/rgdnschash110/providers/Microsoft.Network/dnszones/www.contoso-157.com/NS/partners\",\r\n      \"name\": \"partners\",\r\n      \"type\": \"Microsoft.Network/dnszones/NS\",\r\n      \"etag\": \"fd85d1c7-fd76-4e32-bad5-f6fe8c400d03\",\r\n      \"properties\": {\r\n        \"fqdn\": \"partners.www.contoso-157.com.\",\r\n        \"TTL\": 3600,\r\n        \"NSRecords\": [\r\n          {\r\n            \"nsdname\": \"ns1-05.azure-dns.com\"\r\n          },\r\n          {\r\n            \"nsdname\": \"ns2-05.azure-dns.net\"\r\n          },\r\n          {\r\n            \"nsdname\": \"ns3-05.azure-dns.org\"\r\n          },\r\n          {\r\n            \"nsdname\": \"ns4-05.azure-dns.info\"\r\n          }\r\n        ]\r\n      }\r\n    },\r\n    {\r\n      \"id\": \"/subscriptions/1c638cf4-608f-4ee6-b680-c329e824c3a8/resourceGroups/rgdnschash110/providers/Microsoft.Network/dnszones/www.contoso-157.com/CNAME/userguide\",\r\n      \"name\": \"userguide\",\r\n      \"type\": \"Microsoft.Network/dnszones/CNAME\",\r\n      \"etag\": \"787040fb-df25-4853-a380-20804506b5b1\",\r\n      \"properties\": {\r\n        \"fqdn\": \"userguide.www.contoso-157.com.\",\r\n        \"TTL\": 3600,\r\n        \"CNAMERecord\": {\r\n          \"cname\": \"doc.contoso.com\"\r\n        }\r\n      }\r\n    },\r\n    {\r\n      \"id\": \"/subscriptions/1c638cf4-608f-4ee6-b680-c329e824c3a8/resourceGroups/rgdnschash110/providers/Microsoft.Network/dnszones/www.contoso-157.com/A/www\",\r\n      \"name\": \"www\",\r\n      \"type\": \"Microsoft.Network/dnszones/A\",\r\n      \"etag\": \"9a6f6327-3636-4d5b-a110-76961b85b513\",\r\n      \"properties\": {\r\n        \"fqdn\": \"www.www.contoso-157.com.\",\r\n        \"TTL\": 7200,\r\n        \"ARecords\": [\r\n          {\r\n            \"ipv4Address\": \"23.96.104.40\"\r\n          },\r\n          {\r\n            \"ipv4Address\": \"24.97.105.41\"\r\n          }\r\n        ]\r\n      }\r\n    },\r\n    {\r\n      \"id\": \"/subscriptions/1c638cf4-608f-4ee6-b680-c329e824c3a8/resourceGroups/rgdnschash110/providers/Microsoft.Network/dnszones/www.contoso-157.com/TXT/www\",\r\n      \"name\": \"www\",\r\n      \"type\": \"Microsoft.Network/dnszones/TXT\",\r\n      \"etag\": \"6b771ecc-867d-49d1-a89d-bccfed3a6333\",\r\n      \"properties\": {\r\n        \"fqdn\": \"www.www.contoso-157.com.\",\r\n        \"TTL\": 3600,\r\n        \"TXTRecords\": [\r\n          {\r\n            \"value\": [\r\n              \"some info about www.contoso.com\"\r\n            ]\r\n          }\r\n        ]\r\n      }\r\n    },\r\n    {\r\n      \"id\": \"/subscriptions/1c638cf4-608f-4ee6-b680-c329e824c3a8/resourceGroups/rgdnschash110/providers/Microsoft.Network/dnszones/www.contoso-157.com/AAAA/www\",\r\n      \"name\": \"www\",\r\n      \"type\": \"Microsoft.Network/dnszones/AAAA\",\r\n      \"etag\": \"d4bd0dfc-6358-4afd-ba1d-3cfa122d9ccf\",\r\n      \"properties\": {\r\n        \"fqdn\": \"www.www.contoso-157.com.\",\r\n        \"TTL\": 3600,\r\n        \"AAAARecords\": [\r\n          {\r\n            \"ipv6Address\": \"2001:db8:85a3::8a2e:370:7334\"\r\n          },\r\n          {\r\n            \"ipv6Address\": \"2002:db9:85a4::8a2e:371:7335\"\r\n          }\r\n        ]\r\n      }\r\n    }\r\n  ]\r\n}",
      "StatusCode": 200
    },
    {
      "RequestUri": "/subscriptions/1c638cf4-608f-4ee6-b680-c329e824c3a8/resourceGroups/rgdnschash110/providers/Microsoft.Network/dnsZones/www.contoso-157.com/A/www?api-version=2018-03-01-preview",
      "EncodedRequestUri": "L3N1YnNjcmlwdGlvbnMvMWM2MzhjZjQtNjA4Zi00ZWU2LWI2ODAtYzMyOWU4MjRjM2E4L3Jlc291cmNlR3JvdXBzL3JnZG5zY2hhc2gxMTAvcHJvdmlkZXJzL01pY3Jvc29mdC5OZXR3b3JrL2Ruc1pvbmVzL3d3dy5jb250b3NvLTE1Ny5jb20vQS93d3c/YXBpLXZlcnNpb249MjAxOC0wMy0wMS1wcmV2aWV3",
      "RequestMethod": "GET",
      "RequestBody": "",
      "RequestHeaders": {
        "x-ms-client-request-id": [
          "35539449-ae96-40e3-bef0-c9d206803fe8"
        ],
        "Accept-Language": [
          "en-US"
        ],
        "User-Agent": [
          "FxVersion/4.6.28008.01",
          "OSName/Windows",
          "OSVersion/Microsoft.Windows.10.0.18363.",
          "Microsoft.Azure.Management.Dns.Fluent.DnsManagementClient/1.0.0.61",
          "MacAddressHash/f198b50d7e3ef6510679efb9e4c9a1474fd2bf18cf1d6a2182c79b00464dbadd"
        ]
      },
      "ResponseHeaders": {
        "Cache-Control": [
          "private"
        ],
        "ETag": [
          "9a6f6327-3636-4d5b-a110-76961b85b513"
        ],
        "X-Content-Type-Options": [
          "nosniff"
        ],
        "Strict-Transport-Security": [
          "max-age=31536000; includeSubDomains"
        ],
        "x-ms-request-id": [
          "35539449-ae96-40e3-bef0-c9d206803fe8"
        ],
        "Server": [
          "Microsoft-IIS/10.0"
        ],
        "X-Powered-By": [
          "ASP.NET"
        ],
        "x-ms-ratelimit-remaining-subscription-resource-requests": [
          "499"
        ],
        "x-ms-correlation-request-id": [
          "68b0177b-179e-4077-aac8-5a4e0c120779"
        ],
        "x-ms-routing-request-id": [
          "SOUTHEASTASIA:20191023T221342Z:68b0177b-179e-4077-aac8-5a4e0c120779"
        ],
        "Date": [
          "Wed, 23 Oct 2019 22:13:41 GMT"
        ],
        "Content-Length": [
          "396"
        ],
        "Content-Type": [
          "application/json; charset=utf-8"
        ]
      },
      "ResponseBody": "{\r\n  \"id\": \"/subscriptions/1c638cf4-608f-4ee6-b680-c329e824c3a8/resourceGroups/rgdnschash110/providers/Microsoft.Network/dnszones/www.contoso-157.com/A/www\",\r\n  \"name\": \"www\",\r\n  \"type\": \"Microsoft.Network/dnszones/A\",\r\n  \"etag\": \"9a6f6327-3636-4d5b-a110-76961b85b513\",\r\n  \"properties\": {\r\n    \"fqdn\": \"www.www.contoso-157.com.\",\r\n    \"TTL\": 7200,\r\n    \"ARecords\": [\r\n      {\r\n        \"ipv4Address\": \"23.96.104.40\"\r\n      },\r\n      {\r\n        \"ipv4Address\": \"24.97.105.41\"\r\n      }\r\n    ]\r\n  }\r\n}",
      "StatusCode": 200
    },
    {
      "RequestUri": "/subscriptions/1c638cf4-608f-4ee6-b680-c329e824c3a8/resourceGroups/rgdnschash110/providers/Microsoft.Network/dnsZones/www.contoso-157.com/NS/partners?api-version=2018-03-01-preview",
      "EncodedRequestUri": "L3N1YnNjcmlwdGlvbnMvMWM2MzhjZjQtNjA4Zi00ZWU2LWI2ODAtYzMyOWU4MjRjM2E4L3Jlc291cmNlR3JvdXBzL3JnZG5zY2hhc2gxMTAvcHJvdmlkZXJzL01pY3Jvc29mdC5OZXR3b3JrL2Ruc1pvbmVzL3d3dy5jb250b3NvLTE1Ny5jb20vTlMvcGFydG5lcnM/YXBpLXZlcnNpb249MjAxOC0wMy0wMS1wcmV2aWV3",
      "RequestMethod": "GET",
      "RequestBody": "",
      "RequestHeaders": {
        "x-ms-client-request-id": [
          "e30951cf-3a0f-41c6-b96e-fe70503ff118"
        ],
        "Accept-Language": [
          "en-US"
        ],
        "User-Agent": [
          "FxVersion/4.6.28008.01",
          "OSName/Windows",
          "OSVersion/Microsoft.Windows.10.0.18363.",
          "Microsoft.Azure.Management.Dns.Fluent.DnsManagementClient/1.0.0.61",
          "MacAddressHash/f198b50d7e3ef6510679efb9e4c9a1474fd2bf18cf1d6a2182c79b00464dbadd"
        ]
      },
      "ResponseHeaders": {
        "Cache-Control": [
          "private"
        ],
        "ETag": [
          "fd85d1c7-fd76-4e32-bad5-f6fe8c400d03"
        ],
        "X-Content-Type-Options": [
          "nosniff"
        ],
        "Strict-Transport-Security": [
          "max-age=31536000; includeSubDomains"
        ],
        "x-ms-request-id": [
          "e30951cf-3a0f-41c6-b96e-fe70503ff118"
        ],
        "Server": [
          "Microsoft-IIS/10.0"
        ],
        "X-Powered-By": [
          "ASP.NET"
        ],
        "x-ms-ratelimit-remaining-subscription-resource-requests": [
          "499"
        ],
        "x-ms-correlation-request-id": [
          "6448703c-c6d2-4ab5-8dd8-3ecafdd1d09c"
        ],
        "x-ms-routing-request-id": [
          "SOUTHEASTASIA:20191023T221342Z:6448703c-c6d2-4ab5-8dd8-3ecafdd1d09c"
        ],
        "Date": [
          "Wed, 23 Oct 2019 22:13:42 GMT"
        ],
        "Content-Length": [
          "493"
        ],
        "Content-Type": [
          "application/json; charset=utf-8"
        ]
      },
      "ResponseBody": "{\r\n  \"id\": \"/subscriptions/1c638cf4-608f-4ee6-b680-c329e824c3a8/resourceGroups/rgdnschash110/providers/Microsoft.Network/dnszones/www.contoso-157.com/NS/partners\",\r\n  \"name\": \"partners\",\r\n  \"type\": \"Microsoft.Network/dnszones/NS\",\r\n  \"etag\": \"fd85d1c7-fd76-4e32-bad5-f6fe8c400d03\",\r\n  \"properties\": {\r\n    \"fqdn\": \"partners.www.contoso-157.com.\",\r\n    \"TTL\": 3600,\r\n    \"NSRecords\": [\r\n      {\r\n        \"nsdname\": \"ns1-05.azure-dns.com\"\r\n      },\r\n      {\r\n        \"nsdname\": \"ns2-05.azure-dns.net\"\r\n      },\r\n      {\r\n        \"nsdname\": \"ns3-05.azure-dns.org\"\r\n      },\r\n      {\r\n        \"nsdname\": \"ns4-05.azure-dns.info\"\r\n      }\r\n    ]\r\n  }\r\n}",
      "StatusCode": 200
    },
    {
      "RequestUri": "/subscriptions/1c638cf4-608f-4ee6-b680-c329e824c3a8/resourceGroups/rgdnschash110/providers/Microsoft.Network/dnsZones/www.contoso-157.com/SRV/_sip._tcp?api-version=2018-03-01-preview",
      "EncodedRequestUri": "L3N1YnNjcmlwdGlvbnMvMWM2MzhjZjQtNjA4Zi00ZWU2LWI2ODAtYzMyOWU4MjRjM2E4L3Jlc291cmNlR3JvdXBzL3JnZG5zY2hhc2gxMTAvcHJvdmlkZXJzL01pY3Jvc29mdC5OZXR3b3JrL2Ruc1pvbmVzL3d3dy5jb250b3NvLTE1Ny5jb20vU1JWL19zaXAuX3RjcD9hcGktdmVyc2lvbj0yMDE4LTAzLTAxLXByZXZpZXc=",
      "RequestMethod": "GET",
      "RequestBody": "",
      "RequestHeaders": {
        "x-ms-client-request-id": [
          "a6923dc1-69c0-483d-9f58-a65a710c9dc4"
        ],
        "Accept-Language": [
          "en-US"
        ],
        "User-Agent": [
          "FxVersion/4.6.28008.01",
          "OSName/Windows",
          "OSVersion/Microsoft.Windows.10.0.18363.",
          "Microsoft.Azure.Management.Dns.Fluent.DnsManagementClient/1.0.0.61",
          "MacAddressHash/f198b50d7e3ef6510679efb9e4c9a1474fd2bf18cf1d6a2182c79b00464dbadd"
        ]
      },
      "ResponseHeaders": {
        "Cache-Control": [
          "private"
        ],
        "ETag": [
          "8603e0fe-94cb-4330-b2c8-b9243e995bc2"
        ],
        "X-Content-Type-Options": [
          "nosniff"
        ],
        "Strict-Transport-Security": [
          "max-age=31536000; includeSubDomains"
        ],
        "x-ms-request-id": [
          "a6923dc1-69c0-483d-9f58-a65a710c9dc4"
        ],
        "Server": [
          "Microsoft-IIS/10.0"
        ],
        "X-Powered-By": [
          "ASP.NET"
        ],
        "x-ms-ratelimit-remaining-subscription-resource-requests": [
          "499"
        ],
        "x-ms-correlation-request-id": [
          "bea0cb81-e9a2-4923-acaa-5624c13a5c82"
        ],
        "x-ms-routing-request-id": [
          "SOUTHEASTASIA:20191023T221342Z:bea0cb81-e9a2-4923-acaa-5624c13a5c82"
        ],
        "Date": [
          "Wed, 23 Oct 2019 22:13:41 GMT"
        ],
        "Content-Length": [
          "678"
        ],
        "Content-Type": [
          "application/json; charset=utf-8"
        ]
      },
      "ResponseBody": "{\r\n  \"id\": \"/subscriptions/1c638cf4-608f-4ee6-b680-c329e824c3a8/resourceGroups/rgdnschash110/providers/Microsoft.Network/dnszones/www.contoso-157.com/SRV/_sip._tcp\",\r\n  \"name\": \"_sip._tcp\",\r\n  \"type\": \"Microsoft.Network/dnszones/SRV\",\r\n  \"etag\": \"8603e0fe-94cb-4330-b2c8-b9243e995bc2\",\r\n  \"properties\": {\r\n    \"fqdn\": \"_sip._tcp.www.contoso-157.com.\",\r\n    \"TTL\": 3600,\r\n    \"SRVRecords\": [\r\n      {\r\n        \"port\": 5060,\r\n        \"priority\": 10,\r\n        \"target\": \"bigbox.contoso-service.com\",\r\n        \"weight\": 60\r\n      },\r\n      {\r\n        \"port\": 5060,\r\n        \"priority\": 10,\r\n        \"target\": \"smallbox1.contoso-service.com\",\r\n        \"weight\": 20\r\n      },\r\n      {\r\n        \"port\": 5060,\r\n        \"priority\": 10,\r\n        \"target\": \"smallbox2.contoso-service.com\",\r\n        \"weight\": 20\r\n      },\r\n      {\r\n        \"port\": 5060,\r\n        \"priority\": 10,\r\n        \"target\": \"backupbox.contoso-service.com\",\r\n        \"weight\": 0\r\n      }\r\n    ]\r\n  }\r\n}",
      "StatusCode": 200
    },
    {
      "RequestUri": "/subscriptions/1c638cf4-608f-4ee6-b680-c329e824c3a8/resourceGroups/rgdnschash110/providers/Microsoft.Network/dnsZones/www.contoso-157.com/CNAME/userguide?api-version=2018-03-01-preview",
      "EncodedRequestUri": "L3N1YnNjcmlwdGlvbnMvMWM2MzhjZjQtNjA4Zi00ZWU2LWI2ODAtYzMyOWU4MjRjM2E4L3Jlc291cmNlR3JvdXBzL3JnZG5zY2hhc2gxMTAvcHJvdmlkZXJzL01pY3Jvc29mdC5OZXR3b3JrL2Ruc1pvbmVzL3d3dy5jb250b3NvLTE1Ny5jb20vQ05BTUUvdXNlcmd1aWRlP2FwaS12ZXJzaW9uPTIwMTgtMDMtMDEtcHJldmlldw==",
      "RequestMethod": "DELETE",
      "RequestBody": "",
      "RequestHeaders": {
        "x-ms-client-request-id": [
          "1247f263-a1a3-4ac9-9c2d-f3733506e870"
        ],
        "Accept-Language": [
          "en-US"
        ],
        "User-Agent": [
          "FxVersion/4.6.28008.01",
          "OSName/Windows",
          "OSVersion/Microsoft.Windows.10.0.18363.",
          "Microsoft.Azure.Management.Dns.Fluent.DnsManagementClient/1.0.0.61",
          "MacAddressHash/f198b50d7e3ef6510679efb9e4c9a1474fd2bf18cf1d6a2182c79b00464dbadd"
        ]
      },
      "ResponseHeaders": {
        "Cache-Control": [
          "private"
        ],
        "X-Content-Type-Options": [
          "nosniff"
        ],
        "Strict-Transport-Security": [
          "max-age=31536000; includeSubDomains"
        ],
        "x-ms-request-id": [
          "1247f263-a1a3-4ac9-9c2d-f3733506e870"
        ],
        "Server": [
          "Microsoft-IIS/10.0"
        ],
        "X-Powered-By": [
          "ASP.NET"
        ],
        "x-ms-ratelimit-remaining-subscription-resource-requests": [
          "11999"
        ],
        "x-ms-correlation-request-id": [
          "ba322e2e-d077-4a29-bad2-e732dde2e3d9"
        ],
        "x-ms-routing-request-id": [
          "SOUTHEASTASIA:20191023T221343Z:ba322e2e-d077-4a29-bad2-e732dde2e3d9"
        ],
        "Date": [
          "Wed, 23 Oct 2019 22:13:42 GMT"
        ],
        "Content-Length": [
          "0"
        ]
      },
      "ResponseBody": "",
      "StatusCode": 200
    },
    {
      "RequestUri": "/subscriptions/1c638cf4-608f-4ee6-b680-c329e824c3a8/resourceGroups/rgdnschash110/providers/Microsoft.Network/dnsZones/www.contoso-157.com/TXT/www?api-version=2018-03-01-preview",
      "EncodedRequestUri": "L3N1YnNjcmlwdGlvbnMvMWM2MzhjZjQtNjA4Zi00ZWU2LWI2ODAtYzMyOWU4MjRjM2E4L3Jlc291cmNlR3JvdXBzL3JnZG5zY2hhc2gxMTAvcHJvdmlkZXJzL01pY3Jvc29mdC5OZXR3b3JrL2Ruc1pvbmVzL3d3dy5jb250b3NvLTE1Ny5jb20vVFhUL3d3dz9hcGktdmVyc2lvbj0yMDE4LTAzLTAxLXByZXZpZXc=",
      "RequestMethod": "DELETE",
      "RequestBody": "",
      "RequestHeaders": {
        "x-ms-client-request-id": [
          "0b105864-1e33-4e9b-a6d7-f9a6094b6580"
        ],
        "Accept-Language": [
          "en-US"
        ],
        "User-Agent": [
          "FxVersion/4.6.28008.01",
          "OSName/Windows",
          "OSVersion/Microsoft.Windows.10.0.18363.",
          "Microsoft.Azure.Management.Dns.Fluent.DnsManagementClient/1.0.0.61",
          "MacAddressHash/f198b50d7e3ef6510679efb9e4c9a1474fd2bf18cf1d6a2182c79b00464dbadd"
        ]
      },
      "ResponseHeaders": {
        "Cache-Control": [
          "private"
        ],
        "X-Content-Type-Options": [
          "nosniff"
        ],
        "Strict-Transport-Security": [
          "max-age=31536000; includeSubDomains"
        ],
        "x-ms-request-id": [
          "0b105864-1e33-4e9b-a6d7-f9a6094b6580"
        ],
        "Server": [
          "Microsoft-IIS/10.0"
        ],
        "X-Powered-By": [
          "ASP.NET"
        ],
        "x-ms-ratelimit-remaining-subscription-resource-requests": [
          "11999"
        ],
        "x-ms-correlation-request-id": [
          "55e22c4c-eed4-48af-a46e-159fedb76090"
        ],
        "x-ms-routing-request-id": [
          "SOUTHEASTASIA:20191023T221343Z:55e22c4c-eed4-48af-a46e-159fedb76090"
        ],
        "Date": [
          "Wed, 23 Oct 2019 22:13:42 GMT"
        ],
        "Content-Length": [
          "0"
        ]
      },
      "ResponseBody": "",
      "StatusCode": 200
    },
    {
      "RequestUri": "/subscriptions/1c638cf4-608f-4ee6-b680-c329e824c3a8/resourceGroups/rgdnschash110/providers/Microsoft.Network/dnsZones/www.contoso-157.com/CNAME/help?api-version=2018-03-01-preview",
      "EncodedRequestUri": "L3N1YnNjcmlwdGlvbnMvMWM2MzhjZjQtNjA4Zi00ZWU2LWI2ODAtYzMyOWU4MjRjM2E4L3Jlc291cmNlR3JvdXBzL3JnZG5zY2hhc2gxMTAvcHJvdmlkZXJzL01pY3Jvc29mdC5OZXR3b3JrL2Ruc1pvbmVzL3d3dy5jb250b3NvLTE1Ny5jb20vQ05BTUUvaGVscD9hcGktdmVyc2lvbj0yMDE4LTAzLTAxLXByZXZpZXc=",
      "RequestMethod": "PUT",
      "RequestBody": "{\r\n  \"properties\": {\r\n    \"TTL\": 3600,\r\n    \"CNAMERecord\": {\r\n      \"cname\": \"doc.contoso.com\"\r\n    }\r\n  }\r\n}",
      "RequestHeaders": {
        "x-ms-client-request-id": [
          "03511e7e-14c9-4570-8fcb-571dd5ff3056"
        ],
        "Accept-Language": [
          "en-US"
        ],
        "User-Agent": [
          "FxVersion/4.6.28008.01",
          "OSName/Windows",
          "OSVersion/Microsoft.Windows.10.0.18363.",
          "Microsoft.Azure.Management.Dns.Fluent.DnsManagementClient/1.0.0.61",
          "MacAddressHash/f198b50d7e3ef6510679efb9e4c9a1474fd2bf18cf1d6a2182c79b00464dbadd"
        ],
        "Content-Type": [
          "application/json; charset=utf-8"
        ],
        "Content-Length": [
          "109"
        ]
      },
      "ResponseHeaders": {
        "Cache-Control": [
          "private"
        ],
        "ETag": [
          "7bb47928-53be-4ffd-8c13-450d9760b1d6"
        ],
        "X-Content-Type-Options": [
          "nosniff"
        ],
        "Strict-Transport-Security": [
          "max-age=31536000; includeSubDomains"
        ],
        "x-ms-request-id": [
          "03511e7e-14c9-4570-8fcb-571dd5ff3056"
        ],
        "Server": [
          "Microsoft-IIS/10.0"
        ],
        "X-Powered-By": [
          "ASP.NET"
        ],
        "x-ms-ratelimit-remaining-subscription-resource-requests": [
          "11999"
        ],
        "x-ms-correlation-request-id": [
          "1808282d-c03e-4eb5-8ee3-66741979ab3c"
        ],
        "x-ms-routing-request-id": [
          "SOUTHEASTASIA:20191023T221343Z:1808282d-c03e-4eb5-8ee3-66741979ab3c"
        ],
        "Date": [
          "Wed, 23 Oct 2019 22:13:42 GMT"
        ],
        "Content-Length": [
          "374"
        ],
        "Content-Type": [
          "application/json; charset=utf-8"
        ]
      },
      "ResponseBody": "{\r\n  \"id\": \"/subscriptions/1c638cf4-608f-4ee6-b680-c329e824c3a8/resourceGroups/rgdnschash110/providers/Microsoft.Network/dnszones/www.contoso-157.com/CNAME/help\",\r\n  \"name\": \"help\",\r\n  \"type\": \"Microsoft.Network/dnszones/CNAME\",\r\n  \"etag\": \"7bb47928-53be-4ffd-8c13-450d9760b1d6\",\r\n  \"properties\": {\r\n    \"fqdn\": \"help.www.contoso-157.com.\",\r\n    \"TTL\": 3600,\r\n    \"CNAMERecord\": {\r\n      \"cname\": \"doc.contoso.com\"\r\n    }\r\n  }\r\n}",
      "StatusCode": 201
    },
    {
      "RequestUri": "/subscriptions/1c638cf4-608f-4ee6-b680-c329e824c3a8/resourceGroups/rgdnschash110/providers/Microsoft.Network/dnsZones/www.contoso-157.com/MX/email-internal?api-version=2018-03-01-preview",
      "EncodedRequestUri": "L3N1YnNjcmlwdGlvbnMvMWM2MzhjZjQtNjA4Zi00ZWU2LWI2ODAtYzMyOWU4MjRjM2E4L3Jlc291cmNlR3JvdXBzL3JnZG5zY2hhc2gxMTAvcHJvdmlkZXJzL01pY3Jvc29mdC5OZXR3b3JrL2Ruc1pvbmVzL3d3dy5jb250b3NvLTE1Ny5jb20vTVgvZW1haWwtaW50ZXJuYWw/YXBpLXZlcnNpb249MjAxOC0wMy0wMS1wcmV2aWV3",
      "RequestMethod": "PUT",
      "RequestBody": "{\r\n  \"properties\": {\r\n    \"TTL\": 3600,\r\n    \"MXRecords\": [\r\n      {\r\n        \"preference\": 1,\r\n        \"exchange\": \"mail.contoso-mail-exchange1.com\"\r\n      },\r\n      {\r\n        \"preference\": 2,\r\n        \"exchange\": \"mail.contoso-mail-exchange2.com\"\r\n      }\r\n    ]\r\n  }\r\n}",
      "RequestHeaders": {
        "x-ms-client-request-id": [
          "f05ad6cb-6d83-485c-a585-c2baf6401339"
        ],
        "Accept-Language": [
          "en-US"
        ],
        "User-Agent": [
          "FxVersion/4.6.28008.01",
          "OSName/Windows",
          "OSVersion/Microsoft.Windows.10.0.18363.",
          "Microsoft.Azure.Management.Dns.Fluent.DnsManagementClient/1.0.0.61",
          "MacAddressHash/f198b50d7e3ef6510679efb9e4c9a1474fd2bf18cf1d6a2182c79b00464dbadd"
        ],
        "Content-Type": [
          "application/json; charset=utf-8"
        ],
        "Content-Length": [
          "272"
        ]
      },
      "ResponseHeaders": {
        "Cache-Control": [
          "private"
        ],
        "ETag": [
          "3cb552de-2941-4abe-b3a3-eb87bac5f237"
        ],
        "X-Content-Type-Options": [
          "nosniff"
        ],
        "Strict-Transport-Security": [
          "max-age=31536000; includeSubDomains"
        ],
        "x-ms-request-id": [
          "f05ad6cb-6d83-485c-a585-c2baf6401339"
        ],
        "Server": [
          "Microsoft-IIS/10.0"
        ],
        "X-Powered-By": [
          "ASP.NET"
        ],
        "x-ms-ratelimit-remaining-subscription-resource-requests": [
          "11999"
        ],
        "x-ms-correlation-request-id": [
          "14ad94e0-e421-4d15-bf9b-44b7a1b7833e"
        ],
        "x-ms-routing-request-id": [
          "SOUTHEASTASIA:20191023T221343Z:14ad94e0-e421-4d15-bf9b-44b7a1b7833e"
        ],
        "Date": [
          "Wed, 23 Oct 2019 22:13:42 GMT"
        ],
        "Content-Length": [
          "494"
        ],
        "Content-Type": [
          "application/json; charset=utf-8"
        ]
      },
      "ResponseBody": "{\r\n  \"id\": \"/subscriptions/1c638cf4-608f-4ee6-b680-c329e824c3a8/resourceGroups/rgdnschash110/providers/Microsoft.Network/dnszones/www.contoso-157.com/MX/email-internal\",\r\n  \"name\": \"email-internal\",\r\n  \"type\": \"Microsoft.Network/dnszones/MX\",\r\n  \"etag\": \"3cb552de-2941-4abe-b3a3-eb87bac5f237\",\r\n  \"properties\": {\r\n    \"fqdn\": \"email-internal.www.contoso-157.com.\",\r\n    \"TTL\": 3600,\r\n    \"MXRecords\": [\r\n      {\r\n        \"exchange\": \"mail.contoso-mail-exchange1.com\",\r\n        \"preference\": 1\r\n      },\r\n      {\r\n        \"exchange\": \"mail.contoso-mail-exchange2.com\",\r\n        \"preference\": 2\r\n      }\r\n    ]\r\n  }\r\n}",
      "StatusCode": 201
    },
    {
      "RequestUri": "/subscriptions/1c638cf4-608f-4ee6-b680-c329e824c3a8/resourceGroups/rgdnschash110/providers/Microsoft.Network/dnsZones/www.contoso-157.com/SOA/@?api-version=2018-03-01-preview",
      "EncodedRequestUri": "L3N1YnNjcmlwdGlvbnMvMWM2MzhjZjQtNjA4Zi00ZWU2LWI2ODAtYzMyOWU4MjRjM2E4L3Jlc291cmNlR3JvdXBzL3JnZG5zY2hhc2gxMTAvcHJvdmlkZXJzL01pY3Jvc29mdC5OZXR3b3JrL2Ruc1pvbmVzL3d3dy5jb250b3NvLTE1Ny5jb20vU09BL0A/YXBpLXZlcnNpb249MjAxOC0wMy0wMS1wcmV2aWV3",
      "RequestMethod": "PUT",
      "RequestBody": "{\r\n  \"etag\": \"18f35449-c959-4104-88f1-e4ff9dcf4fc5\",\r\n  \"properties\": {\r\n    \"TTL\": 7200,\r\n    \"SOARecord\": {\r\n      \"host\": \"ns1-06.azure-dns.com.\",\r\n      \"email\": \"azuredns-hostmaster.microsoft.com\",\r\n      \"serialNumber\": 1,\r\n      \"refreshTime\": 3600,\r\n      \"retryTime\": 300,\r\n      \"expireTime\": 2419200,\r\n      \"minimumTTL\": 600\r\n    }\r\n  }\r\n}",
      "RequestHeaders": {
        "x-ms-client-request-id": [
          "59becdb3-fb4c-4083-b335-f6904e75432f"
        ],
        "Accept-Language": [
          "en-US"
        ],
        "User-Agent": [
          "FxVersion/4.6.28008.01",
          "OSName/Windows",
          "OSVersion/Microsoft.Windows.10.0.18363.",
          "Microsoft.Azure.Management.Dns.Fluent.DnsManagementClient/1.0.0.61",
          "MacAddressHash/f198b50d7e3ef6510679efb9e4c9a1474fd2bf18cf1d6a2182c79b00464dbadd"
        ],
        "Content-Type": [
          "application/json; charset=utf-8"
        ],
        "Content-Length": [
          "351"
        ]
      },
      "ResponseHeaders": {
        "Cache-Control": [
          "private"
        ],
        "ETag": [
          "f64ac237-a02e-4c73-902d-205794511d8b"
        ],
        "X-Content-Type-Options": [
          "nosniff"
        ],
        "Strict-Transport-Security": [
          "max-age=31536000; includeSubDomains"
        ],
        "x-ms-request-id": [
          "59becdb3-fb4c-4083-b335-f6904e75432f"
        ],
        "Server": [
          "Microsoft-IIS/10.0"
        ],
        "X-Powered-By": [
          "ASP.NET"
        ],
        "x-ms-ratelimit-remaining-subscription-resource-requests": [
          "11999"
        ],
        "x-ms-correlation-request-id": [
          "2efe8a9e-bb5c-48fd-aac9-a54e8b0ee733"
        ],
        "x-ms-routing-request-id": [
          "SOUTHEASTASIA:20191023T221343Z:2efe8a9e-bb5c-48fd-aac9-a54e8b0ee733"
        ],
        "Date": [
          "Wed, 23 Oct 2019 22:13:43 GMT"
        ],
        "Content-Length": [
          "496"
        ],
        "Content-Type": [
          "application/json; charset=utf-8"
        ]
      },
      "ResponseBody": "{\r\n  \"id\": \"/subscriptions/1c638cf4-608f-4ee6-b680-c329e824c3a8/resourceGroups/rgdnschash110/providers/Microsoft.Network/dnszones/www.contoso-157.com/SOA/@\",\r\n  \"name\": \"@\",\r\n  \"type\": \"Microsoft.Network/dnszones/SOA\",\r\n  \"etag\": \"f64ac237-a02e-4c73-902d-205794511d8b\",\r\n  \"properties\": {\r\n    \"fqdn\": \"www.contoso-157.com.\",\r\n    \"TTL\": 7200,\r\n    \"SOARecord\": {\r\n      \"email\": \"azuredns-hostmaster.microsoft.com\",\r\n      \"expireTime\": 2419200,\r\n      \"host\": \"ns1-06.azure-dns.com.\",\r\n      \"minimumTTL\": 600,\r\n      \"refreshTime\": 3600,\r\n      \"retryTime\": 300,\r\n      \"serialNumber\": 1\r\n    }\r\n  }\r\n}",
      "StatusCode": 200
    },
    {
      "RequestUri": "/subscriptions/1c638cf4-608f-4ee6-b680-c329e824c3a8/resourceGroups/rgdnschash110/providers/Microsoft.Network/dnsZones/www.contoso-157.com/MX/email?api-version=2018-03-01-preview",
      "EncodedRequestUri": "L3N1YnNjcmlwdGlvbnMvMWM2MzhjZjQtNjA4Zi00ZWU2LWI2ODAtYzMyOWU4MjRjM2E4L3Jlc291cmNlR3JvdXBzL3JnZG5zY2hhc2gxMTAvcHJvdmlkZXJzL01pY3Jvc29mdC5OZXR3b3JrL2Ruc1pvbmVzL3d3dy5jb250b3NvLTE1Ny5jb20vTVgvZW1haWw/YXBpLXZlcnNpb249MjAxOC0wMy0wMS1wcmV2aWV3",
      "RequestMethod": "GET",
      "RequestBody": "",
      "RequestHeaders": {
        "x-ms-client-request-id": [
          "a3cb9894-6ea1-4f14-8913-c6f2f981259b"
        ],
        "Accept-Language": [
          "en-US"
        ],
        "User-Agent": [
          "FxVersion/4.6.28008.01",
          "OSName/Windows",
          "OSVersion/Microsoft.Windows.10.0.18363.",
          "Microsoft.Azure.Management.Dns.Fluent.DnsManagementClient/1.0.0.61",
          "MacAddressHash/f198b50d7e3ef6510679efb9e4c9a1474fd2bf18cf1d6a2182c79b00464dbadd"
        ]
      },
      "ResponseHeaders": {
        "Cache-Control": [
          "private"
        ],
        "ETag": [
          "fc9a5990-8755-4b1f-9063-a2bc9fe1585a"
        ],
        "X-Content-Type-Options": [
          "nosniff"
        ],
        "Strict-Transport-Security": [
          "max-age=31536000; includeSubDomains"
        ],
        "x-ms-request-id": [
          "a3cb9894-6ea1-4f14-8913-c6f2f981259b"
        ],
        "Server": [
          "Microsoft-IIS/10.0"
        ],
        "X-Powered-By": [
          "ASP.NET"
        ],
        "x-ms-ratelimit-remaining-subscription-resource-requests": [
          "498"
        ],
        "x-ms-correlation-request-id": [
          "db7482a5-62d0-4573-bc54-84a9d1147b52"
        ],
        "x-ms-routing-request-id": [
          "SOUTHEASTASIA:20191023T221352Z:db7482a5-62d0-4573-bc54-84a9d1147b52"
        ],
        "Date": [
          "Wed, 23 Oct 2019 22:13:51 GMT"
        ],
        "Content-Length": [
          "506"
        ],
        "Content-Type": [
          "application/json; charset=utf-8"
        ]
      },
      "ResponseBody": "{\r\n  \"id\": \"/subscriptions/1c638cf4-608f-4ee6-b680-c329e824c3a8/resourceGroups/rgdnschash110/providers/Microsoft.Network/dnszones/www.contoso-157.com/MX/email\",\r\n  \"name\": \"email\",\r\n  \"type\": \"Microsoft.Network/dnszones/MX\",\r\n  \"etag\": \"fc9a5990-8755-4b1f-9063-a2bc9fe1585a\",\r\n  \"properties\": {\r\n    \"metadata\": {\r\n      \"mxa\": \"mxaa\",\r\n      \"mxb\": \"mxbb\"\r\n    },\r\n    \"fqdn\": \"email.www.contoso-157.com.\",\r\n    \"TTL\": 3600,\r\n    \"MXRecords\": [\r\n      {\r\n        \"exchange\": \"mail.contoso-mail-exchange1.com\",\r\n        \"preference\": 1\r\n      },\r\n      {\r\n        \"exchange\": \"mail.contoso-mail-exchange2.com\",\r\n        \"preference\": 2\r\n      }\r\n    ]\r\n  }\r\n}",
      "StatusCode": 200
    },
    {
      "RequestUri": "/subscriptions/1c638cf4-608f-4ee6-b680-c329e824c3a8/resourceGroups/rgdnschash110/providers/Microsoft.Network/dnsZones/www.contoso-157.com/MX/email?api-version=2018-03-01-preview",
      "EncodedRequestUri": "L3N1YnNjcmlwdGlvbnMvMWM2MzhjZjQtNjA4Zi00ZWU2LWI2ODAtYzMyOWU4MjRjM2E4L3Jlc291cmNlR3JvdXBzL3JnZG5zY2hhc2gxMTAvcHJvdmlkZXJzL01pY3Jvc29mdC5OZXR3b3JrL2Ruc1pvbmVzL3d3dy5jb250b3NvLTE1Ny5jb20vTVgvZW1haWw/YXBpLXZlcnNpb249MjAxOC0wMy0wMS1wcmV2aWV3",
      "RequestMethod": "GET",
      "RequestBody": "",
      "RequestHeaders": {
        "x-ms-client-request-id": [
          "d3f55155-6d58-40f8-b88e-094150af150f"
        ],
        "Accept-Language": [
          "en-US"
        ],
        "User-Agent": [
          "FxVersion/4.6.28008.01",
          "OSName/Windows",
          "OSVersion/Microsoft.Windows.10.0.18363.",
          "Microsoft.Azure.Management.Dns.Fluent.DnsManagementClient/1.0.0.61",
          "MacAddressHash/f198b50d7e3ef6510679efb9e4c9a1474fd2bf18cf1d6a2182c79b00464dbadd"
        ]
      },
      "ResponseHeaders": {
        "Cache-Control": [
          "private"
        ],
        "ETag": [
          "01e29f17-a50e-4139-8840-33e095179dc8"
        ],
        "X-Content-Type-Options": [
          "nosniff"
        ],
        "Strict-Transport-Security": [
          "max-age=31536000; includeSubDomains"
        ],
        "x-ms-request-id": [
          "d3f55155-6d58-40f8-b88e-094150af150f"
        ],
        "Server": [
          "Microsoft-IIS/10.0"
        ],
        "X-Powered-By": [
          "ASP.NET"
        ],
        "x-ms-ratelimit-remaining-subscription-resource-requests": [
          "497"
        ],
        "x-ms-correlation-request-id": [
          "132bfffe-9a93-43e1-af1e-ed1c42287fab"
        ],
        "x-ms-routing-request-id": [
          "SOUTHEASTASIA:20191023T221353Z:132bfffe-9a93-43e1-af1e-ed1c42287fab"
        ],
        "Date": [
          "Wed, 23 Oct 2019 22:13:53 GMT"
        ],
        "Content-Length": [
          "457"
        ],
        "Content-Type": [
          "application/json; charset=utf-8"
        ]
      },
      "ResponseBody": "{\r\n  \"id\": \"/subscriptions/1c638cf4-608f-4ee6-b680-c329e824c3a8/resourceGroups/rgdnschash110/providers/Microsoft.Network/dnszones/www.contoso-157.com/MX/email\",\r\n  \"name\": \"email\",\r\n  \"type\": \"Microsoft.Network/dnszones/MX\",\r\n  \"etag\": \"01e29f17-a50e-4139-8840-33e095179dc8\",\r\n  \"properties\": {\r\n    \"metadata\": {\r\n      \"mxc\": \"mxcc\",\r\n      \"mxb\": \"mxbb\",\r\n      \"mxd\": \"mxdd\"\r\n    },\r\n    \"fqdn\": \"email.www.contoso-157.com.\",\r\n    \"TTL\": 3600,\r\n    \"MXRecords\": [\r\n      {\r\n        \"exchange\": \"mail.contoso-mail-exchange1.com\",\r\n        \"preference\": 1\r\n      }\r\n    ]\r\n  }\r\n}",
      "StatusCode": 200
    },
    {
      "RequestUri": "/subscriptions/1c638cf4-608f-4ee6-b680-c329e824c3a8/resourceGroups/rgdnschash110/providers/Microsoft.Network/dnsZones/www.contoso-157.com?api-version=2018-03-01-preview",
      "EncodedRequestUri": "L3N1YnNjcmlwdGlvbnMvMWM2MzhjZjQtNjA4Zi00ZWU2LWI2ODAtYzMyOWU4MjRjM2E4L3Jlc291cmNlR3JvdXBzL3JnZG5zY2hhc2gxMTAvcHJvdmlkZXJzL01pY3Jvc29mdC5OZXR3b3JrL2Ruc1pvbmVzL3d3dy5jb250b3NvLTE1Ny5jb20/YXBpLXZlcnNpb249MjAxOC0wMy0wMS1wcmV2aWV3",
      "RequestMethod": "DELETE",
      "RequestBody": "",
      "RequestHeaders": {
        "x-ms-client-request-id": [
          "96799d0d-9abd-437b-8dce-5917d9b84afa"
        ],
        "Accept-Language": [
          "en-US"
        ],
        "User-Agent": [
          "FxVersion/4.6.28008.01",
          "OSName/Windows",
          "OSVersion/Microsoft.Windows.10.0.18363.",
          "Microsoft.Azure.Management.Dns.Fluent.DnsManagementClient/1.0.0.61",
          "MacAddressHash/f198b50d7e3ef6510679efb9e4c9a1474fd2bf18cf1d6a2182c79b00464dbadd"
        ]
      },
      "ResponseHeaders": {
        "Cache-Control": [
          "private"
        ],
        "Location": [
          "https://management.azure.com/subscriptions/1c638cf4-608f-4ee6-b680-c329e824c3a8/resourceGroups/rgdnschash110/providers/Microsoft.Network/dnsOperationResults/delzone637074656354676949e7ef0225?api-version=2018-03-01-preview"
        ],
        "Retry-After": [
          "3"
        ],
        "X-Content-Type-Options": [
          "nosniff"
        ],
        "Strict-Transport-Security": [
          "max-age=31536000; includeSubDomains"
        ],
        "Azure-AsyncOperation": [
          "https://management.azure.com:443/subscriptions/1c638cf4-608f-4ee6-b680-c329e824c3a8/resourceGroups/rgdnschash110/providers/Microsoft.Network/dnsOperationStatuses/delzone637074656354676949e7ef0225?api-version=2018-03-01-preview"
        ],
        "x-ms-request-id": [
          "96799d0d-9abd-437b-8dce-5917d9b84afa"
        ],
        "Server": [
          "Microsoft-IIS/10.0"
        ],
        "X-Powered-By": [
          "ASP.NET"
        ],
        "x-ms-ratelimit-remaining-subscription-resource-requests": [
          "11999"
        ],
        "x-ms-correlation-request-id": [
          "8846b93c-240b-4e0b-aea5-51d710dda096"
        ],
        "x-ms-routing-request-id": [
          "SOUTHEASTASIA:20191023T221356Z:8846b93c-240b-4e0b-aea5-51d710dda096"
        ],
        "Date": [
          "Wed, 23 Oct 2019 22:13:55 GMT"
        ],
        "Content-Length": [
          "0"
        ]
      },
      "ResponseBody": "",
      "StatusCode": 202
    },
    {
      "RequestUri": "/subscriptions/1c638cf4-608f-4ee6-b680-c329e824c3a8/resourceGroups/rgdnschash110/providers/Microsoft.Network/dnsOperationStatuses/delzone637074656354676949e7ef0225?api-version=2018-03-01-preview",
      "EncodedRequestUri": "L3N1YnNjcmlwdGlvbnMvMWM2MzhjZjQtNjA4Zi00ZWU2LWI2ODAtYzMyOWU4MjRjM2E4L3Jlc291cmNlR3JvdXBzL3JnZG5zY2hhc2gxMTAvcHJvdmlkZXJzL01pY3Jvc29mdC5OZXR3b3JrL2Ruc09wZXJhdGlvblN0YXR1c2VzL2RlbHpvbmU2MzcwNzQ2NTYzNTQ2NzY5NDllN2VmMDIyNT9hcGktdmVyc2lvbj0yMDE4LTAzLTAxLXByZXZpZXc=",
      "RequestMethod": "GET",
      "RequestBody": "",
      "RequestHeaders": {
        "User-Agent": [
          "FxVersion/4.6.28008.01",
          "OSName/Windows",
          "OSVersion/Microsoft.Windows.10.0.18363.",
          "Microsoft.Azure.Management.Dns.Fluent.DnsManagementClient/1.0.0.61",
          "MacAddressHash/f198b50d7e3ef6510679efb9e4c9a1474fd2bf18cf1d6a2182c79b00464dbadd"
        ]
      },
      "ResponseHeaders": {
        "Cache-Control": [
          "private"
        ],
        "X-Content-Type-Options": [
          "nosniff"
        ],
        "Strict-Transport-Security": [
          "max-age=31536000; includeSubDomains"
        ],
        "x-ms-request-id": [
          "39fbc333-0db6-4dc5-9c24-e785f7cf5611"
        ],
        "Server": [
          "Microsoft-IIS/10.0"
        ],
        "X-Powered-By": [
          "ASP.NET"
        ],
        "x-ms-ratelimit-remaining-subscription-resource-requests": [
          "499"
        ],
        "x-ms-correlation-request-id": [
          "51fda62e-0a58-43dd-ac37-e9c457583972"
        ],
        "x-ms-routing-request-id": [
          "SOUTHEASTASIA:20191023T221359Z:51fda62e-0a58-43dd-ac37-e9c457583972"
        ],
        "Date": [
          "Wed, 23 Oct 2019 22:13:59 GMT"
        ],
        "Content-Length": [
          "22"
        ],
        "Content-Type": [
          "application/json; charset=utf-8"
        ]
      },
      "ResponseBody": "{\r\n  \"status\": \"Succeeded\"\r\n}",
      "StatusCode": 200
    },
    {
      "RequestUri": "/subscriptions/1c638cf4-608f-4ee6-b680-c329e824c3a8/resourceGroups/rgdnschash110/providers/Microsoft.Network/dnsOperationResults/delzone637074656354676949e7ef0225?api-version=2018-03-01-preview",
      "EncodedRequestUri": "L3N1YnNjcmlwdGlvbnMvMWM2MzhjZjQtNjA4Zi00ZWU2LWI2ODAtYzMyOWU4MjRjM2E4L3Jlc291cmNlR3JvdXBzL3JnZG5zY2hhc2gxMTAvcHJvdmlkZXJzL01pY3Jvc29mdC5OZXR3b3JrL2Ruc09wZXJhdGlvblJlc3VsdHMvZGVsem9uZTYzNzA3NDY1NjM1NDY3Njk0OWU3ZWYwMjI1P2FwaS12ZXJzaW9uPTIwMTgtMDMtMDEtcHJldmlldw==",
      "RequestMethod": "GET",
      "RequestBody": "",
      "RequestHeaders": {
        "User-Agent": [
          "FxVersion/4.6.28008.01",
          "OSName/Windows",
          "OSVersion/Microsoft.Windows.10.0.18363.",
          "Microsoft.Azure.Management.Dns.Fluent.DnsManagementClient/1.0.0.61",
          "MacAddressHash/f198b50d7e3ef6510679efb9e4c9a1474fd2bf18cf1d6a2182c79b00464dbadd"
        ]
      },
      "ResponseHeaders": {
        "Cache-Control": [
          "private"
        ],
        "X-Content-Type-Options": [
          "nosniff"
        ],
        "Strict-Transport-Security": [
          "max-age=31536000; includeSubDomains"
        ],
        "x-ms-request-id": [
          "39f0728e-4c36-4090-9966-f8bca30d7acc"
        ],
        "Server": [
          "Microsoft-IIS/10.0"
        ],
        "X-Powered-By": [
          "ASP.NET"
        ],
        "x-ms-ratelimit-remaining-subscription-resource-requests": [
          "499"
        ],
        "x-ms-correlation-request-id": [
          "3f379c2c-6cfa-4850-bae8-59dc647948fa"
        ],
        "x-ms-routing-request-id": [
          "SOUTHEASTASIA:20191023T221359Z:3f379c2c-6cfa-4850-bae8-59dc647948fa"
        ],
        "Date": [
          "Wed, 23 Oct 2019 22:13:59 GMT"
        ],
        "Content-Length": [
          "4"
        ],
        "Content-Type": [
          "application/json; charset=utf-8"
        ]
      },
      "ResponseBody": "true",
      "StatusCode": 200
    },
    {
      "RequestUri": "/subscriptions/1c638cf4-608f-4ee6-b680-c329e824c3a8/resourcegroups/rgdnschash110?api-version=2021-01-01",
      "EncodedRequestUri": "L3N1YnNjcmlwdGlvbnMvMWM2MzhjZjQtNjA4Zi00ZWU2LWI2ODAtYzMyOWU4MjRjM2E4L3Jlc291cmNlZ3JvdXBzL3JnZG5zY2hhc2gxMTA/YXBpLXZlcnNpb249MjAyMS0wMS0wMQ==",
      "RequestMethod": "DELETE",
      "RequestBody": "",
      "RequestHeaders": {
        "x-ms-client-request-id": [
          "817a489b-1719-4154-93e9-574e693ef546"
        ],
        "Accept-Language": [
          "en-US"
        ],
        "User-Agent": [
          "FxVersion/4.6.28008.01",
          "OSName/Windows",
          "OSVersion/Microsoft.Windows.10.0.18363.",
          "Microsoft.Azure.Management.ResourceManager.Fluent.ResourceManagementClient/1.0.0.61",
          "MacAddressHash/f198b50d7e3ef6510679efb9e4c9a1474fd2bf18cf1d6a2182c79b00464dbadd"
        ]
      },
      "ResponseHeaders": {
        "Cache-Control": [
          "no-cache"
        ],
        "Pragma": [
          "no-cache"
        ],
        "Location": [
          "https://management.azure.com/subscriptions/1c638cf4-608f-4ee6-b680-c329e824c3a8/operationresults/eyJqb2JJZCI6IlJFU09VUkNFR1JPVVBERUxFVElPTkpPQi1SR0ROU0NIQVNIMTEwLUVBU1RVUyIsImpvYkxvY2F0aW9uIjoiZWFzdHVzIn0?api-version=2019-08-01"
        ],
        "Retry-After": [
          "15"
        ],
        "x-ms-ratelimit-remaining-subscription-deletes": [
          "14999"
        ],
        "x-ms-request-id": [
          "e22a89cc-aca2-49bb-96d3-d333b02d4c40"
        ],
        "x-ms-correlation-request-id": [
          "e22a89cc-aca2-49bb-96d3-d333b02d4c40"
        ],
        "x-ms-routing-request-id": [
          "SOUTHEASTASIA:20191023T221404Z:e22a89cc-aca2-49bb-96d3-d333b02d4c40"
        ],
        "Strict-Transport-Security": [
          "max-age=31536000; includeSubDomains"
        ],
        "X-Content-Type-Options": [
          "nosniff"
        ],
        "Date": [
          "Wed, 23 Oct 2019 22:14:04 GMT"
        ],
        "Expires": [
          "-1"
        ],
        "Content-Length": [
          "0"
        ]
      },
      "ResponseBody": "",
      "StatusCode": 202
    }
  ],
  "Names": {
    "CanCreateUpdate": [
      "rgdnschash110",
      "www.contoso-157"
    ]
  },
  "Variables": {
    "ServicePrincipal": "af519bfa-99e8-4193-b65b-e6cd2f8bde7f",
    "AADTenant": "72f988bf-86f1-41af-91ab-2d7cd011db47",
    "SubscriptionId": "1c638cf4-608f-4ee6-b680-c329e824c3a8"
  }
}