{
  "Entries": [
    {
      "RequestUri": "/subscriptions/0b1f6471-1bf0-4dda-aec3-cb9272f09590/resourcegroups/javacsmrg1511?api-version=2017-05-10",
      "EncodedRequestUri": "L3N1YnNjcmlwdGlvbnMvMGIxZjY0NzEtMWJmMC00ZGRhLWFlYzMtY2I5MjcyZjA5NTkwL3Jlc291cmNlZ3JvdXBzL2phdmFjc21yZzE1MTE/YXBpLXZlcnNpb249MjAxNy0wNS0xMA==",
      "RequestMethod": "PUT",
      "RequestBody": "{\r\n  \"location\": \"westus\"\r\n}",
      "RequestHeaders": {
        "x-ms-client-request-id": [
          "5be1a6f1-bccc-4ac8-a63f-26f7358d3fe5"
        ],
        "Accept-Language": [
          "en-US"
        ],
        "User-Agent": [
          "FxVersion/4.6.26725.06",
          "OSName/Windows",
          "OSVersion/Microsoft.Windows.10.0.17763.",
          "Microsoft.Azure.Management.ResourceManager.Fluent.ResourceManagementClient/1.21.0.0",
          "MacAddressHash/1706214d8731cf2405675fdf5fb8b4bf75f06e7a9bb34e8d93f8f4a5d61acc28"
        ],
        "Content-Type": [
          "application/json; charset=utf-8"
        ],
        "Content-Length": [
          "28"
        ]
      },
      "ResponseHeaders": {
        "Cache-Control": [
          "no-cache"
        ],
        "Pragma": [
          "no-cache"
        ],
        "x-ms-ratelimit-remaining-subscription-writes": [
          "1199"
        ],
        "x-ms-request-id": [
          "56e9b472-c2f1-4b6b-80b9-c5ee2967b933"
        ],
        "x-ms-correlation-request-id": [
          "56e9b472-c2f1-4b6b-80b9-c5ee2967b933"
        ],
        "x-ms-routing-request-id": [
          "WESTUS:20190413T025200Z:56e9b472-c2f1-4b6b-80b9-c5ee2967b933"
        ],
        "Strict-Transport-Security": [
          "max-age=31536000; includeSubDomains"
        ],
        "X-Content-Type-Options": [
          "nosniff"
        ],
        "Date": [
          "Sat, 13 Apr 2019 02:52:00 GMT"
        ],
        "Content-Length": [
          "179"
        ],
        "Content-Type": [
          "application/json; charset=utf-8"
        ],
        "Expires": [
          "-1"
        ]
      },
      "ResponseBody": "{\r\n  \"id\": \"/subscriptions/0b1f6471-1bf0-4dda-aec3-cb9272f09590/resourceGroups/javacsmrg1511\",\r\n  \"name\": \"javacsmrg1511\",\r\n  \"location\": \"westus\",\r\n  \"properties\": {\r\n    \"provisioningState\": \"Succeeded\"\r\n  }\r\n}",
      "StatusCode": 201
    },
    {
      "RequestUri": "/subscriptions/0b1f6471-1bf0-4dda-aec3-cb9272f09590/resourceGroups/javacsmrg1511/providers/Microsoft.Storage/storageAccounts/javast5569?api-version=2017-10-01",
      "EncodedRequestUri": "L3N1YnNjcmlwdGlvbnMvMGIxZjY0NzEtMWJmMC00ZGRhLWFlYzMtY2I5MjcyZjA5NTkwL3Jlc291cmNlR3JvdXBzL2phdmFjc21yZzE1MTEvcHJvdmlkZXJzL01pY3Jvc29mdC5TdG9yYWdlL3N0b3JhZ2VBY2NvdW50cy9qYXZhc3Q1NTY5P2FwaS12ZXJzaW9uPTIwMTctMTAtMDE=",
      "RequestMethod": "PUT",
      "RequestBody": "{\r\n  \"sku\": {\r\n    \"name\": \"Standard_GRS\"\r\n  },\r\n  \"kind\": \"Storage\",\r\n  \"location\": \"westus\",\r\n  \"tags\": {}\r\n}",
      "RequestHeaders": {
        "x-ms-client-request-id": [
          "0233f6b3-c352-4f04-866e-797f02286fe1"
        ],
        "Accept-Language": [
          "en-US"
        ],
        "User-Agent": [
          "FxVersion/4.6.26725.06",
          "OSName/Windows",
          "OSVersion/Microsoft.Windows.10.0.17763.",
          "Microsoft.Azure.Management.Storage.Fluent.StorageManagementClient/1.21.0.0",
          "MacAddressHash/1706214d8731cf2405675fdf5fb8b4bf75f06e7a9bb34e8d93f8f4a5d61acc28"
        ],
        "Content-Type": [
          "application/json; charset=utf-8"
        ],
        "Content-Length": [
          "111"
        ]
      },
      "ResponseHeaders": {
        "Cache-Control": [
          "no-cache"
        ],
        "Pragma": [
          "no-cache"
        ],
        "Location": [
          "https://management.azure.com/subscriptions/0b1f6471-1bf0-4dda-aec3-cb9272f09590/providers/Microsoft.Storage/locations/westus/asyncoperations/4bb84aeb-2cea-4bd7-8fad-678315430549?monitor=true&api-version=2017-10-01"
        ],
        "Retry-After": [
          "17"
        ],
        "x-ms-request-id": [
          "4bb84aeb-2cea-4bd7-8fad-678315430549"
        ],
        "Strict-Transport-Security": [
          "max-age=31536000; includeSubDomains"
        ],
        "Server": [
          "Microsoft-Azure-Storage-Resource-Provider/1.0,Microsoft-HTTPAPI/2.0 Microsoft-HTTPAPI/2.0"
        ],
        "x-ms-ratelimit-remaining-subscription-writes": [
          "1198"
        ],
        "x-ms-correlation-request-id": [
          "b2ea4e69-5453-4c12-a83d-483e34a6728b"
        ],
        "x-ms-routing-request-id": [
          "WESTUS:20190413T025201Z:b2ea4e69-5453-4c12-a83d-483e34a6728b"
        ],
        "X-Content-Type-Options": [
          "nosniff"
        ],
        "Date": [
          "Sat, 13 Apr 2019 02:52:01 GMT"
        ],
        "Content-Type": [
          "text/plain; charset=utf-8"
        ],
        "Expires": [
          "-1"
        ],
        "Content-Length": [
          "0"
        ]
      },
      "ResponseBody": "",
      "StatusCode": 202
    },
    {
      "RequestUri": "/subscriptions/0b1f6471-1bf0-4dda-aec3-cb9272f09590/resourceGroups/javacsmrg1511/providers/Microsoft.Web/serverfarms/iamafuncitonnamethatislonger5460plan02532?api-version=2018-02-01",
      "EncodedRequestUri": "L3N1YnNjcmlwdGlvbnMvMGIxZjY0NzEtMWJmMC00ZGRhLWFlYzMtY2I5MjcyZjA5NTkwL3Jlc291cmNlR3JvdXBzL2phdmFjc21yZzE1MTEvcHJvdmlkZXJzL01pY3Jvc29mdC5XZWIvc2VydmVyZmFybXMvaWFtYWZ1bmNpdG9ubmFtZXRoYXRpc2xvbmdlcjU0NjBwbGFuMDI1MzI/YXBpLXZlcnNpb249MjAxOC0wMi0wMQ==",
      "RequestMethod": "PUT",
      "RequestBody": "{\r\n  \"sku\": {\r\n    \"name\": \"P1\",\r\n    \"tier\": \"Premium\",\r\n    \"size\": \"P1\"\r\n  },\r\n  \"kind\": \"app\",\r\n  \"location\": \"westus\",\r\n  \"tags\": {}\r\n}",
      "RequestHeaders": {
        "x-ms-client-request-id": [
          "91d7609a-7257-4e7a-9cf2-f346be979654"
        ],
        "Accept-Language": [
          "en-US"
        ],
        "User-Agent": [
          "FxVersion/4.6.26725.06",
          "OSName/Windows",
          "OSVersion/Microsoft.Windows.10.0.17763.",
          "Microsoft.Azure.Management.AppService.Fluent.WebSiteManagementClient/1.21.0.0",
          "MacAddressHash/1706214d8731cf2405675fdf5fb8b4bf75f06e7a9bb34e8d93f8f4a5d61acc28"
        ],
        "Content-Type": [
          "application/json; charset=utf-8"
        ],
        "Content-Length": [
          "140"
        ]
      },
      "ResponseHeaders": {
        "Cache-Control": [
          "no-cache"
        ],
        "Pragma": [
          "no-cache"
        ],
        "Strict-Transport-Security": [
          "max-age=31536000; includeSubDomains"
        ],
        "x-ms-request-id": [
          "d6fc7737-ee57-4c7d-99e2-e995241e9944"
        ],
        "Server": [
          "Microsoft-IIS/10.0"
        ],
        "X-AspNet-Version": [
          "4.0.30319"
        ],
        "X-Powered-By": [
          "ASP.NET"
        ],
        "x-ms-ratelimit-remaining-subscription-writes": [
          "1199"
        ],
        "x-ms-correlation-request-id": [
          "37a7522e-2e53-40c6-8ccd-76144003d893"
        ],
        "x-ms-routing-request-id": [
          "WESTUS:20190413T025205Z:37a7522e-2e53-40c6-8ccd-76144003d893"
        ],
        "X-Content-Type-Options": [
          "nosniff"
        ],
        "Date": [
          "Sat, 13 Apr 2019 02:52:05 GMT"
        ],
        "Content-Length": [
          "1367"
        ],
        "Content-Type": [
          "application/json"
        ],
        "Expires": [
          "-1"
        ]
      },
      "ResponseBody": "{\r\n  \"id\": \"/subscriptions/0b1f6471-1bf0-4dda-aec3-cb9272f09590/resourceGroups/javacsmrg1511/providers/Microsoft.Web/serverfarms/iamafuncitonnamethatislonger5460plan02532\",\r\n  \"name\": \"iamafuncitonnamethatislonger5460plan02532\",\r\n  \"type\": \"Microsoft.Web/serverfarms\",\r\n  \"kind\": \"app\",\r\n  \"location\": \"West US\",\r\n  \"tags\": {},\r\n  \"properties\": {\r\n    \"serverFarmId\": 406,\r\n    \"name\": \"iamafuncitonnamethatislonger5460plan02532\",\r\n    \"workerSize\": \"Default\",\r\n    \"workerSizeId\": 0,\r\n    \"workerTierName\": null,\r\n    \"numberOfWorkers\": 1,\r\n    \"currentWorkerSize\": \"Default\",\r\n    \"currentWorkerSizeId\": 0,\r\n    \"currentNumberOfWorkers\": 1,\r\n    \"status\": \"Ready\",\r\n    \"webSpace\": \"javacsmrg1511-WestUSwebspace\",\r\n    \"subscription\": \"0b1f6471-1bf0-4dda-aec3-cb9272f09590\",\r\n    \"adminSiteName\": null,\r\n    \"hostingEnvironment\": null,\r\n    \"hostingEnvironmentProfile\": null,\r\n    \"maximumNumberOfWorkers\": 20,\r\n    \"planName\": \"VirtualDedicatedPlan\",\r\n    \"adminRuntimeSiteName\": null,\r\n    \"computeMode\": \"Dedicated\",\r\n    \"siteMode\": null,\r\n    \"geoRegion\": \"West US\",\r\n    \"perSiteScaling\": false,\r\n    \"maximumElasticWorkerCount\": 1,\r\n    \"numberOfSites\": 0,\r\n    \"hostingEnvironmentId\": null,\r\n    \"isSpot\": false,\r\n    \"spotExpirationTime\": null,\r\n    \"freeOfferExpirationTime\": null,\r\n    \"tags\": {},\r\n    \"kind\": \"app\",\r\n    \"resourceGroup\": \"javacsmrg1511\",\r\n    \"reserved\": false,\r\n    \"isXenon\": false,\r\n    \"hyperV\": false,\r\n    \"mdmId\": \"waws-prod-bay-123_406\",\r\n    \"targetWorkerCount\": 0,\r\n    \"targetWorkerSizeId\": 0,\r\n    \"provisioningState\": \"Succeeded\",\r\n    \"webSiteId\": null\r\n  },\r\n  \"sku\": {\r\n    \"name\": \"P1\",\r\n    \"tier\": \"Premium\",\r\n    \"size\": \"P1\",\r\n    \"family\": \"P\",\r\n    \"capacity\": 1\r\n  }\r\n}",
      "StatusCode": 200
    },
    {
      "RequestUri": "/subscriptions/0b1f6471-1bf0-4dda-aec3-cb9272f09590/providers/Microsoft.Storage/locations/westus/asyncoperations/4bb84aeb-2cea-4bd7-8fad-678315430549?monitor=true&api-version=2017-10-01",
      "EncodedRequestUri": "L3N1YnNjcmlwdGlvbnMvMGIxZjY0NzEtMWJmMC00ZGRhLWFlYzMtY2I5MjcyZjA5NTkwL3Byb3ZpZGVycy9NaWNyb3NvZnQuU3RvcmFnZS9sb2NhdGlvbnMvd2VzdHVzL2FzeW5jb3BlcmF0aW9ucy80YmI4NGFlYi0yY2VhLTRiZDctOGZhZC02NzgzMTU0MzA1NDk/bW9uaXRvcj10cnVlJmFwaS12ZXJzaW9uPTIwMTctMTAtMDE=",
      "RequestMethod": "GET",
      "RequestBody": "",
      "RequestHeaders": {
        "User-Agent": [
          "FxVersion/4.6.26725.06",
          "OSName/Windows",
          "OSVersion/Microsoft.Windows.10.0.17763.",
          "Microsoft.Azure.Management.Storage.Fluent.StorageManagementClient/1.21.0.0",
          "MacAddressHash/1706214d8731cf2405675fdf5fb8b4bf75f06e7a9bb34e8d93f8f4a5d61acc28"
        ]
      },
      "ResponseHeaders": {
        "Cache-Control": [
          "no-cache"
        ],
        "Pragma": [
          "no-cache"
        ],
        "x-ms-request-id": [
          "df47e1f7-27d9-4f31-a25b-2a8c3eca99b2"
        ],
        "Strict-Transport-Security": [
          "max-age=31536000; includeSubDomains"
        ],
        "Server": [
          "Microsoft-Azure-Storage-Resource-Provider/1.0,Microsoft-HTTPAPI/2.0 Microsoft-HTTPAPI/2.0"
        ],
        "x-ms-ratelimit-remaining-subscription-reads": [
          "11999"
        ],
        "x-ms-correlation-request-id": [
          "26965a50-c4fc-4f52-bbbc-a8bed64ee117"
        ],
        "x-ms-routing-request-id": [
          "WESTUS:20190413T025218Z:26965a50-c4fc-4f52-bbbc-a8bed64ee117"
        ],
        "X-Content-Type-Options": [
          "nosniff"
        ],
        "Date": [
          "Sat, 13 Apr 2019 02:52:18 GMT"
        ],
        "Content-Length": [
          "1084"
        ],
        "Content-Type": [
          "application/json"
        ],
        "Expires": [
          "-1"
        ]
      },
      "ResponseBody": "{\r\n  \"sku\": {\r\n    \"name\": \"Standard_GRS\",\r\n    \"tier\": \"Standard\"\r\n  },\r\n  \"kind\": \"Storage\",\r\n  \"id\": \"/subscriptions/0b1f6471-1bf0-4dda-aec3-cb9272f09590/resourceGroups/javacsmrg1511/providers/Microsoft.Storage/storageAccounts/javast5569\",\r\n  \"name\": \"javast5569\",\r\n  \"type\": \"Microsoft.Storage/storageAccounts\",\r\n  \"location\": \"westus\",\r\n  \"tags\": {},\r\n  \"properties\": {\r\n    \"networkAcls\": {\r\n      \"bypass\": \"AzureServices\",\r\n      \"virtualNetworkRules\": [],\r\n      \"ipRules\": [],\r\n      \"defaultAction\": \"Allow\"\r\n    },\r\n    \"supportsHttpsTrafficOnly\": false,\r\n    \"encryption\": {\r\n      \"services\": {\r\n        \"file\": {\r\n          \"enabled\": true,\r\n          \"lastEnabledTime\": \"2019-04-13T02:52:00.6520306Z\"\r\n        },\r\n        \"blob\": {\r\n          \"enabled\": true,\r\n          \"lastEnabledTime\": \"2019-04-13T02:52:00.6520306Z\"\r\n        }\r\n      },\r\n      \"keySource\": \"Microsoft.Storage\"\r\n    },\r\n    \"provisioningState\": \"Succeeded\",\r\n    \"creationTime\": \"2019-04-13T02:52:00.5269898Z\",\r\n    \"primaryEndpoints\": {\r\n      \"blob\": \"https://javast5569.blob.core.windows.net/\",\r\n      \"queue\": \"https://javast5569.queue.core.windows.net/\",\r\n      \"table\": \"https://javast5569.table.core.windows.net/\",\r\n      \"file\": \"https://javast5569.file.core.windows.net/\"\r\n    },\r\n    \"primaryLocation\": \"westus\",\r\n    \"statusOfPrimary\": \"available\",\r\n    \"secondaryLocation\": \"eastus\",\r\n    \"statusOfSecondary\": \"available\"\r\n  }\r\n}",
      "StatusCode": 200
    },
    {
      "RequestUri": "/subscriptions/0b1f6471-1bf0-4dda-aec3-cb9272f09590/resourceGroups/javacsmrg1511/providers/Microsoft.Storage/storageAccounts/javast5569?api-version=2017-10-01",
      "EncodedRequestUri": "L3N1YnNjcmlwdGlvbnMvMGIxZjY0NzEtMWJmMC00ZGRhLWFlYzMtY2I5MjcyZjA5NTkwL3Jlc291cmNlR3JvdXBzL2phdmFjc21yZzE1MTEvcHJvdmlkZXJzL01pY3Jvc29mdC5TdG9yYWdlL3N0b3JhZ2VBY2NvdW50cy9qYXZhc3Q1NTY5P2FwaS12ZXJzaW9uPTIwMTctMTAtMDE=",
      "RequestMethod": "GET",
      "RequestBody": "",
      "RequestHeaders": {
        "x-ms-client-request-id": [
          "27259542-01bd-44f5-915b-fe1e2c4be896"
        ],
        "Accept-Language": [
          "en-US"
        ],
        "User-Agent": [
          "FxVersion/4.6.26725.06",
          "OSName/Windows",
          "OSVersion/Microsoft.Windows.10.0.17763.",
          "Microsoft.Azure.Management.Storage.Fluent.StorageManagementClient/1.21.0.0",
          "MacAddressHash/1706214d8731cf2405675fdf5fb8b4bf75f06e7a9bb34e8d93f8f4a5d61acc28"
        ]
      },
      "ResponseHeaders": {
        "Cache-Control": [
          "no-cache"
        ],
        "Pragma": [
          "no-cache"
        ],
        "x-ms-request-id": [
          "9ced85b3-082d-48bf-9d49-f5f5df99fac8"
        ],
        "Strict-Transport-Security": [
          "max-age=31536000; includeSubDomains"
        ],
        "Server": [
          "Microsoft-Azure-Storage-Resource-Provider/1.0,Microsoft-HTTPAPI/2.0 Microsoft-HTTPAPI/2.0"
        ],
        "x-ms-ratelimit-remaining-subscription-reads": [
          "11998"
        ],
        "x-ms-correlation-request-id": [
          "ce3ed8f9-654d-49c7-a29e-71f3311dab0c"
        ],
        "x-ms-routing-request-id": [
          "WESTUS:20190413T025218Z:ce3ed8f9-654d-49c7-a29e-71f3311dab0c"
        ],
        "X-Content-Type-Options": [
          "nosniff"
        ],
        "Date": [
          "Sat, 13 Apr 2019 02:52:18 GMT"
        ],
        "Content-Length": [
          "1084"
        ],
        "Content-Type": [
          "application/json"
        ],
        "Expires": [
          "-1"
        ]
      },
      "ResponseBody": "{\r\n  \"sku\": {\r\n    \"name\": \"Standard_GRS\",\r\n    \"tier\": \"Standard\"\r\n  },\r\n  \"kind\": \"Storage\",\r\n  \"id\": \"/subscriptions/0b1f6471-1bf0-4dda-aec3-cb9272f09590/resourceGroups/javacsmrg1511/providers/Microsoft.Storage/storageAccounts/javast5569\",\r\n  \"name\": \"javast5569\",\r\n  \"type\": \"Microsoft.Storage/storageAccounts\",\r\n  \"location\": \"westus\",\r\n  \"tags\": {},\r\n  \"properties\": {\r\n    \"networkAcls\": {\r\n      \"bypass\": \"AzureServices\",\r\n      \"virtualNetworkRules\": [],\r\n      \"ipRules\": [],\r\n      \"defaultAction\": \"Allow\"\r\n    },\r\n    \"supportsHttpsTrafficOnly\": false,\r\n    \"encryption\": {\r\n      \"services\": {\r\n        \"file\": {\r\n          \"enabled\": true,\r\n          \"lastEnabledTime\": \"2019-04-13T02:52:00.6520306Z\"\r\n        },\r\n        \"blob\": {\r\n          \"enabled\": true,\r\n          \"lastEnabledTime\": \"2019-04-13T02:52:00.6520306Z\"\r\n        }\r\n      },\r\n      \"keySource\": \"Microsoft.Storage\"\r\n    },\r\n    \"provisioningState\": \"Succeeded\",\r\n    \"creationTime\": \"2019-04-13T02:52:00.5269898Z\",\r\n    \"primaryEndpoints\": {\r\n      \"blob\": \"https://javast5569.blob.core.windows.net/\",\r\n      \"queue\": \"https://javast5569.queue.core.windows.net/\",\r\n      \"table\": \"https://javast5569.table.core.windows.net/\",\r\n      \"file\": \"https://javast5569.file.core.windows.net/\"\r\n    },\r\n    \"primaryLocation\": \"westus\",\r\n    \"statusOfPrimary\": \"available\",\r\n    \"secondaryLocation\": \"eastus\",\r\n    \"statusOfSecondary\": \"available\"\r\n  }\r\n}",
      "StatusCode": 200
    },
    {
      "RequestUri": "/subscriptions/0b1f6471-1bf0-4dda-aec3-cb9272f09590/resourceGroups/javacsmrg1511/providers/Microsoft.Web/sites/IAmAFuncitonNameThatIsLonger5460?api-version=2018-02-01",
      "EncodedRequestUri": "L3N1YnNjcmlwdGlvbnMvMGIxZjY0NzEtMWJmMC00ZGRhLWFlYzMtY2I5MjcyZjA5NTkwL3Jlc291cmNlR3JvdXBzL2phdmFjc21yZzE1MTEvcHJvdmlkZXJzL01pY3Jvc29mdC5XZWIvc2l0ZXMvSUFtQUZ1bmNpdG9uTmFtZVRoYXRJc0xvbmdlcjU0NjA/YXBpLXZlcnNpb249MjAxOC0wMi0wMQ==",
      "RequestMethod": "PUT",
      "RequestBody": "{\r\n  \"properties\": {\r\n    \"serverFarmId\": \"/subscriptions/0b1f6471-1bf0-4dda-aec3-cb9272f09590/resourcegroups/javacsmrg1511/providers/Microsoft.Web/serverFarms/iamafuncitonnamethatislonger5460plan02532\",\r\n    \"siteConfig\": {}\r\n  },\r\n  \"kind\": \"functionapp\",\r\n  \"location\": \"westus\",\r\n  \"tags\": {}\r\n}",
      "RequestHeaders": {
        "x-ms-client-request-id": [
          "beb35b85-a249-45ea-a42b-f5898fbdbc10"
        ],
        "Accept-Language": [
          "en-US"
        ],
        "User-Agent": [
          "FxVersion/4.6.26725.06",
          "OSName/Windows",
          "OSVersion/Microsoft.Windows.10.0.17763.",
          "Microsoft.Azure.Management.AppService.Fluent.WebSiteManagementClient/1.21.0.0",
          "MacAddressHash/1706214d8731cf2405675fdf5fb8b4bf75f06e7a9bb34e8d93f8f4a5d61acc28"
        ],
        "Content-Type": [
          "application/json; charset=utf-8"
        ],
        "Content-Length": [
          "299"
        ]
      },
      "ResponseHeaders": {
        "Cache-Control": [
          "no-cache"
        ],
        "Pragma": [
          "no-cache"
        ],
        "ETag": [
          "\"1D4F1A3E9BFA040\""
        ],
        "Strict-Transport-Security": [
          "max-age=31536000; includeSubDomains"
        ],
        "x-ms-request-id": [
          "3582264f-9dda-4548-b7af-3ed5b078d3d1"
        ],
        "Server": [
          "Microsoft-IIS/10.0"
        ],
        "X-AspNet-Version": [
          "4.0.30319"
        ],
        "X-Powered-By": [
          "ASP.NET"
        ],
        "x-ms-ratelimit-remaining-subscription-resource-requests": [
          "499"
        ],
        "x-ms-correlation-request-id": [
          "59352b82-8999-4029-9159-cdab053fbc7f"
        ],
        "x-ms-routing-request-id": [
          "WESTUS:20190413T025237Z:59352b82-8999-4029-9159-cdab053fbc7f"
        ],
        "X-Content-Type-Options": [
          "nosniff"
        ],
        "Date": [
          "Sat, 13 Apr 2019 02:52:36 GMT"
        ],
        "Content-Length": [
          "3169"
        ],
        "Content-Type": [
          "application/json"
        ],
        "Expires": [
          "-1"
        ]
      },
      "ResponseBody": "{\r\n  \"id\": \"/subscriptions/0b1f6471-1bf0-4dda-aec3-cb9272f09590/resourceGroups/javacsmrg1511/providers/Microsoft.Web/sites/IAmAFuncitonNameThatIsLonger5460\",\r\n  \"name\": \"IAmAFuncitonNameThatIsLonger5460\",\r\n  \"type\": \"Microsoft.Web/sites\",\r\n  \"kind\": \"functionapp\",\r\n  \"location\": \"westus\",\r\n  \"tags\": {},\r\n  \"properties\": {\r\n    \"name\": \"IAmAFuncitonNameThatIsLonger5460\",\r\n    \"state\": \"Running\",\r\n    \"hostNames\": [\r\n      \"iamafuncitonnamethatislonger5460.azurewebsites.net\"\r\n    ],\r\n    \"webSpace\": \"javacsmrg1511-WestUSwebspace\",\r\n    \"selfLink\": \"https://waws-prod-bay-123.api.azurewebsites.windows.net:454/subscriptions/0b1f6471-1bf0-4dda-aec3-cb9272f09590/webspaces/javacsmrg1511-WestUSwebspace/sites/IAmAFuncitonNameThatIsLonger5460\",\r\n    \"repositorySiteName\": \"IAmAFuncitonNameThatIsLonger5460\",\r\n    \"owner\": null,\r\n    \"usageState\": \"Normal\",\r\n    \"enabled\": true,\r\n    \"adminEnabled\": true,\r\n    \"enabledHostNames\": [\r\n      \"iamafuncitonnamethatislonger5460.azurewebsites.net\",\r\n      \"iamafuncitonnamethatislonger5460.scm.azurewebsites.net\"\r\n    ],\r\n    \"siteProperties\": {\r\n      \"metadata\": null,\r\n      \"properties\": [\r\n        {\r\n          \"name\": \"LinuxFxVersion\",\r\n          \"value\": \"\"\r\n        },\r\n        {\r\n          \"name\": \"WindowsFxVersion\",\r\n          \"value\": null\r\n        }\r\n      ],\r\n      \"appSettings\": null\r\n    },\r\n    \"availabilityState\": \"Normal\",\r\n    \"sslCertificates\": null,\r\n    \"csrs\": [],\r\n    \"cers\": null,\r\n    \"siteMode\": null,\r\n    \"hostNameSslStates\": [\r\n      {\r\n        \"name\": \"iamafuncitonnamethatislonger5460.azurewebsites.net\",\r\n        \"sslState\": \"Disabled\",\r\n        \"ipBasedSslResult\": null,\r\n        \"virtualIP\": null,\r\n        \"thumbprint\": null,\r\n        \"toUpdate\": null,\r\n        \"toUpdateIpBasedSsl\": null,\r\n        \"ipBasedSslState\": \"NotConfigured\",\r\n        \"hostType\": \"Standard\"\r\n      },\r\n      {\r\n        \"name\": \"iamafuncitonnamethatislonger5460.scm.azurewebsites.net\",\r\n        \"sslState\": \"Disabled\",\r\n        \"ipBasedSslResult\": null,\r\n        \"virtualIP\": null,\r\n        \"thumbprint\": null,\r\n        \"toUpdate\": null,\r\n        \"toUpdateIpBasedSsl\": null,\r\n        \"ipBasedSslState\": \"NotConfigured\",\r\n        \"hostType\": \"Repository\"\r\n      }\r\n    ],\r\n    \"computeMode\": null,\r\n    \"serverFarm\": null,\r\n    \"serverFarmId\": \"/subscriptions/0b1f6471-1bf0-4dda-aec3-cb9272f09590/resourceGroups/javacsmrg1511/providers/Microsoft.Web/serverfarms/iamafuncitonnamethatislonger5460plan02532\",\r\n    \"reserved\": false,\r\n    \"isXenon\": false,\r\n    \"hyperV\": false,\r\n    \"lastModifiedTimeUtc\": \"2019-04-13T02:52:20.1233333\",\r\n    \"storageRecoveryDefaultState\": \"Running\",\r\n    \"contentAvailabilityState\": \"Normal\",\r\n    \"runtimeAvailabilityState\": \"Normal\",\r\n    \"siteConfig\": null,\r\n    \"deploymentId\": \"IAmAFuncitonNameThatIsLonger5460\",\r\n    \"trafficManagerHostNames\": null,\r\n    \"sku\": \"Premium\",\r\n    \"scmSiteAlsoStopped\": false,\r\n    \"targetSwapSlot\": null,\r\n    \"hostingEnvironment\": null,\r\n    \"hostingEnvironmentProfile\": null,\r\n    \"clientAffinityEnabled\": false,\r\n    \"clientCertEnabled\": false,\r\n    \"clientCertExclusionPaths\": null,\r\n    \"hostNamesDisabled\": false,\r\n    \"domainVerificationIdentifiers\": null,\r\n    \"kind\": \"functionapp\",\r\n    \"outboundIpAddresses\": \"40.112.243.0,13.91.46.203,40.112.255.35,13.91.41.7,13.91.40.30\",\r\n    \"possibleOutboundIpAddresses\": \"40.112.243.0,13.91.46.203,40.112.255.35,13.91.41.7,13.91.40.30,40.112.164.63,40.83.181.150,40.112.248.128\",\r\n    \"containerSize\": 1536,\r\n    \"dailyMemoryTimeQuota\": 0,\r\n    \"suspendedTill\": null,\r\n    \"siteDisabledReason\": 0,\r\n    \"functionExecutionUnitsCache\": null,\r\n    \"maxNumberOfWorkers\": null,\r\n    \"homeStamp\": \"waws-prod-bay-123\",\r\n    \"cloningInfo\": null,\r\n    \"hostingEnvironmentId\": null,\r\n    \"tags\": {},\r\n    \"resourceGroup\": \"javacsmrg1511\",\r\n    \"defaultHostName\": \"iamafuncitonnamethatislonger5460.azurewebsites.net\",\r\n    \"slotSwapStatus\": null,\r\n    \"httpsOnly\": false,\r\n    \"redundancyMode\": \"None\",\r\n    \"inProgressOperationId\": null,\r\n    \"geoDistributions\": null\r\n  }\r\n}",
      "StatusCode": 200
    },
    {
      "RequestUri": "/subscriptions/0b1f6471-1bf0-4dda-aec3-cb9272f09590/resourceGroups/javacsmrg1511/providers/Microsoft.Web/sites/IAmAFuncitonNameThatIsLonger5460?api-version=2018-02-01",
      "EncodedRequestUri": "L3N1YnNjcmlwdGlvbnMvMGIxZjY0NzEtMWJmMC00ZGRhLWFlYzMtY2I5MjcyZjA5NTkwL3Jlc291cmNlR3JvdXBzL2phdmFjc21yZzE1MTEvcHJvdmlkZXJzL01pY3Jvc29mdC5XZWIvc2l0ZXMvSUFtQUZ1bmNpdG9uTmFtZVRoYXRJc0xvbmdlcjU0NjA/YXBpLXZlcnNpb249MjAxOC0wMi0wMQ==",
      "RequestMethod": "GET",
      "RequestBody": "",
      "RequestHeaders": {
        "x-ms-client-request-id": [
          "4276d7dd-14ad-4e3f-b42b-d8ae1cc325b8"
        ],
        "Accept-Language": [
          "en-US"
        ],
        "User-Agent": [
          "FxVersion/4.6.26725.06",
          "OSName/Windows",
          "OSVersion/Microsoft.Windows.10.0.17763.",
          "Microsoft.Azure.Management.AppService.Fluent.WebSiteManagementClient/1.21.0.0",
          "MacAddressHash/1706214d8731cf2405675fdf5fb8b4bf75f06e7a9bb34e8d93f8f4a5d61acc28"
        ]
      },
      "ResponseHeaders": {
        "Cache-Control": [
          "no-cache"
        ],
        "Pragma": [
          "no-cache"
        ],
        "ETag": [
          "\"1D4F1A3E9BFA040\""
        ],
        "Strict-Transport-Security": [
          "max-age=31536000; includeSubDomains"
        ],
        "x-ms-request-id": [
          "6c474971-17fe-482c-851a-172612c63cd2"
        ],
        "Server": [
          "Microsoft-IIS/10.0"
        ],
        "X-AspNet-Version": [
          "4.0.30319"
        ],
        "X-Powered-By": [
          "ASP.NET"
        ],
        "x-ms-ratelimit-remaining-subscription-reads": [
          "11997"
        ],
        "x-ms-correlation-request-id": [
          "0695bc30-a4bb-453f-a524-c805c55d41dd"
        ],
        "x-ms-routing-request-id": [
          "WESTUS:20190413T025237Z:0695bc30-a4bb-453f-a524-c805c55d41dd"
        ],
        "X-Content-Type-Options": [
          "nosniff"
        ],
        "Date": [
          "Sat, 13 Apr 2019 02:52:36 GMT"
        ],
        "Content-Length": [
          "3165"
        ],
        "Content-Type": [
          "application/json"
        ],
        "Expires": [
          "-1"
        ]
      },
      "ResponseBody": "{\r\n  \"id\": \"/subscriptions/0b1f6471-1bf0-4dda-aec3-cb9272f09590/resourceGroups/javacsmrg1511/providers/Microsoft.Web/sites/IAmAFuncitonNameThatIsLonger5460\",\r\n  \"name\": \"IAmAFuncitonNameThatIsLonger5460\",\r\n  \"type\": \"Microsoft.Web/sites\",\r\n  \"kind\": \"functionapp\",\r\n  \"location\": \"West US\",\r\n  \"tags\": {},\r\n  \"properties\": {\r\n    \"name\": \"IAmAFuncitonNameThatIsLonger5460\",\r\n    \"state\": \"Running\",\r\n    \"hostNames\": [\r\n      \"iamafuncitonnamethatislonger5460.azurewebsites.net\"\r\n    ],\r\n    \"webSpace\": \"javacsmrg1511-WestUSwebspace\",\r\n    \"selfLink\": \"https://waws-prod-bay-123.api.azurewebsites.windows.net:454/subscriptions/0b1f6471-1bf0-4dda-aec3-cb9272f09590/webspaces/javacsmrg1511-WestUSwebspace/sites/IAmAFuncitonNameThatIsLonger5460\",\r\n    \"repositorySiteName\": \"IAmAFuncitonNameThatIsLonger5460\",\r\n    \"owner\": null,\r\n    \"usageState\": \"Normal\",\r\n    \"enabled\": true,\r\n    \"adminEnabled\": true,\r\n    \"enabledHostNames\": [\r\n      \"iamafuncitonnamethatislonger5460.azurewebsites.net\",\r\n      \"iamafuncitonnamethatislonger5460.scm.azurewebsites.net\"\r\n    ],\r\n    \"siteProperties\": {\r\n      \"metadata\": null,\r\n      \"properties\": [\r\n        {\r\n          \"name\": \"LinuxFxVersion\",\r\n          \"value\": \"\"\r\n        },\r\n        {\r\n          \"name\": \"WindowsFxVersion\",\r\n          \"value\": null\r\n        }\r\n      ],\r\n      \"appSettings\": null\r\n    },\r\n    \"availabilityState\": \"Normal\",\r\n    \"sslCertificates\": null,\r\n    \"csrs\": [],\r\n    \"cers\": null,\r\n    \"siteMode\": null,\r\n    \"hostNameSslStates\": [\r\n      {\r\n        \"name\": \"iamafuncitonnamethatislonger5460.azurewebsites.net\",\r\n        \"sslState\": \"Disabled\",\r\n        \"ipBasedSslResult\": null,\r\n        \"virtualIP\": null,\r\n        \"thumbprint\": null,\r\n        \"toUpdate\": null,\r\n        \"toUpdateIpBasedSsl\": null,\r\n        \"ipBasedSslState\": \"NotConfigured\",\r\n        \"hostType\": \"Standard\"\r\n      },\r\n      {\r\n        \"name\": \"iamafuncitonnamethatislonger5460.scm.azurewebsites.net\",\r\n        \"sslState\": \"Disabled\",\r\n        \"ipBasedSslResult\": null,\r\n        \"virtualIP\": null,\r\n        \"thumbprint\": null,\r\n        \"toUpdate\": null,\r\n        \"toUpdateIpBasedSsl\": null,\r\n        \"ipBasedSslState\": \"NotConfigured\",\r\n        \"hostType\": \"Repository\"\r\n      }\r\n    ],\r\n    \"computeMode\": null,\r\n    \"serverFarm\": null,\r\n    \"serverFarmId\": \"/subscriptions/0b1f6471-1bf0-4dda-aec3-cb9272f09590/resourceGroups/javacsmrg1511/providers/Microsoft.Web/serverfarms/iamafuncitonnamethatislonger5460plan02532\",\r\n    \"reserved\": false,\r\n    \"isXenon\": false,\r\n    \"hyperV\": false,\r\n    \"lastModifiedTimeUtc\": \"2019-04-13T02:52:20.42\",\r\n    \"storageRecoveryDefaultState\": \"Running\",\r\n    \"contentAvailabilityState\": \"Normal\",\r\n    \"runtimeAvailabilityState\": \"Normal\",\r\n    \"siteConfig\": null,\r\n    \"deploymentId\": \"IAmAFuncitonNameThatIsLonger5460\",\r\n    \"trafficManagerHostNames\": null,\r\n    \"sku\": \"Premium\",\r\n    \"scmSiteAlsoStopped\": false,\r\n    \"targetSwapSlot\": null,\r\n    \"hostingEnvironment\": null,\r\n    \"hostingEnvironmentProfile\": null,\r\n    \"clientAffinityEnabled\": false,\r\n    \"clientCertEnabled\": false,\r\n    \"clientCertExclusionPaths\": null,\r\n    \"hostNamesDisabled\": false,\r\n    \"domainVerificationIdentifiers\": null,\r\n    \"kind\": \"functionapp\",\r\n    \"outboundIpAddresses\": \"40.112.243.0,13.91.46.203,40.112.255.35,13.91.41.7,13.91.40.30\",\r\n    \"possibleOutboundIpAddresses\": \"40.112.243.0,13.91.46.203,40.112.255.35,13.91.41.7,13.91.40.30,40.112.164.63,40.83.181.150,40.112.248.128\",\r\n    \"containerSize\": 1536,\r\n    \"dailyMemoryTimeQuota\": 0,\r\n    \"suspendedTill\": null,\r\n    \"siteDisabledReason\": 0,\r\n    \"functionExecutionUnitsCache\": null,\r\n    \"maxNumberOfWorkers\": null,\r\n    \"homeStamp\": \"waws-prod-bay-123\",\r\n    \"cloningInfo\": null,\r\n    \"hostingEnvironmentId\": null,\r\n    \"tags\": {},\r\n    \"resourceGroup\": \"javacsmrg1511\",\r\n    \"defaultHostName\": \"iamafuncitonnamethatislonger5460.azurewebsites.net\",\r\n    \"slotSwapStatus\": null,\r\n    \"httpsOnly\": false,\r\n    \"redundancyMode\": \"None\",\r\n    \"inProgressOperationId\": null,\r\n    \"geoDistributions\": null\r\n  }\r\n}",
      "StatusCode": 200
    },
    {
      "RequestUri": "/subscriptions/0b1f6471-1bf0-4dda-aec3-cb9272f09590/resourceGroups/javacsmrg1511/providers/Microsoft.Web/sites/IAmAFuncitonNameThatIsLonger5460?api-version=2018-02-01",
      "EncodedRequestUri": "L3N1YnNjcmlwdGlvbnMvMGIxZjY0NzEtMWJmMC00ZGRhLWFlYzMtY2I5MjcyZjA5NTkwL3Jlc291cmNlR3JvdXBzL2phdmFjc21yZzE1MTEvcHJvdmlkZXJzL01pY3Jvc29mdC5XZWIvc2l0ZXMvSUFtQUZ1bmNpdG9uTmFtZVRoYXRJc0xvbmdlcjU0NjA/YXBpLXZlcnNpb249MjAxOC0wMi0wMQ==",
      "RequestMethod": "GET",
      "RequestBody": "",
      "RequestHeaders": {
        "x-ms-client-request-id": [
          "3e31a1cd-3cea-484f-b134-0347760fd6c7"
        ],
        "Accept-Language": [
          "en-US"
        ],
        "User-Agent": [
          "FxVersion/4.6.26725.06",
          "OSName/Windows",
          "OSVersion/Microsoft.Windows.10.0.17763.",
          "Microsoft.Azure.Management.AppService.Fluent.WebSiteManagementClient/1.21.0.0",
          "MacAddressHash/1706214d8731cf2405675fdf5fb8b4bf75f06e7a9bb34e8d93f8f4a5d61acc28"
        ]
      },
      "ResponseHeaders": {
        "Cache-Control": [
          "no-cache"
        ],
        "Pragma": [
          "no-cache"
        ],
        "ETag": [
          "\"1D4F1A3F6322B75\""
        ],
        "Strict-Transport-Security": [
          "max-age=31536000; includeSubDomains"
        ],
        "x-ms-request-id": [
          "e778267d-3138-4de4-bac3-4f2c6514e594"
        ],
        "Server": [
          "Microsoft-IIS/10.0"
        ],
        "X-AspNet-Version": [
          "4.0.30319"
        ],
        "X-Powered-By": [
          "ASP.NET"
        ],
        "x-ms-ratelimit-remaining-subscription-reads": [
          "11996"
        ],
        "x-ms-correlation-request-id": [
          "1888d1fd-0d15-4575-ab80-6a44046718e2"
        ],
        "x-ms-routing-request-id": [
          "WESTUS:20190413T025242Z:1888d1fd-0d15-4575-ab80-6a44046718e2"
        ],
        "X-Content-Type-Options": [
          "nosniff"
        ],
        "Date": [
          "Sat, 13 Apr 2019 02:52:41 GMT"
        ],
        "Content-Length": [
          "3170"
        ],
        "Content-Type": [
          "application/json"
        ],
        "Expires": [
          "-1"
        ]
      },
      "ResponseBody": "{\r\n  \"id\": \"/subscriptions/0b1f6471-1bf0-4dda-aec3-cb9272f09590/resourceGroups/javacsmrg1511/providers/Microsoft.Web/sites/IAmAFuncitonNameThatIsLonger5460\",\r\n  \"name\": \"IAmAFuncitonNameThatIsLonger5460\",\r\n  \"type\": \"Microsoft.Web/sites\",\r\n  \"kind\": \"functionapp\",\r\n  \"location\": \"West US\",\r\n  \"tags\": {},\r\n  \"properties\": {\r\n    \"name\": \"IAmAFuncitonNameThatIsLonger5460\",\r\n    \"state\": \"Running\",\r\n    \"hostNames\": [\r\n      \"iamafuncitonnamethatislonger5460.azurewebsites.net\"\r\n    ],\r\n    \"webSpace\": \"javacsmrg1511-WestUSwebspace\",\r\n    \"selfLink\": \"https://waws-prod-bay-123.api.azurewebsites.windows.net:454/subscriptions/0b1f6471-1bf0-4dda-aec3-cb9272f09590/webspaces/javacsmrg1511-WestUSwebspace/sites/IAmAFuncitonNameThatIsLonger5460\",\r\n    \"repositorySiteName\": \"IAmAFuncitonNameThatIsLonger5460\",\r\n    \"owner\": null,\r\n    \"usageState\": \"Normal\",\r\n    \"enabled\": true,\r\n    \"adminEnabled\": true,\r\n    \"enabledHostNames\": [\r\n      \"iamafuncitonnamethatislonger5460.azurewebsites.net\",\r\n      \"iamafuncitonnamethatislonger5460.scm.azurewebsites.net\"\r\n    ],\r\n    \"siteProperties\": {\r\n      \"metadata\": null,\r\n      \"properties\": [\r\n        {\r\n          \"name\": \"LinuxFxVersion\",\r\n          \"value\": \"\"\r\n        },\r\n        {\r\n          \"name\": \"WindowsFxVersion\",\r\n          \"value\": null\r\n        }\r\n      ],\r\n      \"appSettings\": null\r\n    },\r\n    \"availabilityState\": \"Normal\",\r\n    \"sslCertificates\": null,\r\n    \"csrs\": [],\r\n    \"cers\": null,\r\n    \"siteMode\": null,\r\n    \"hostNameSslStates\": [\r\n      {\r\n        \"name\": \"iamafuncitonnamethatislonger5460.azurewebsites.net\",\r\n        \"sslState\": \"Disabled\",\r\n        \"ipBasedSslResult\": null,\r\n        \"virtualIP\": null,\r\n        \"thumbprint\": null,\r\n        \"toUpdate\": null,\r\n        \"toUpdateIpBasedSsl\": null,\r\n        \"ipBasedSslState\": \"NotConfigured\",\r\n        \"hostType\": \"Standard\"\r\n      },\r\n      {\r\n        \"name\": \"iamafuncitonnamethatislonger5460.scm.azurewebsites.net\",\r\n        \"sslState\": \"Disabled\",\r\n        \"ipBasedSslResult\": null,\r\n        \"virtualIP\": null,\r\n        \"thumbprint\": null,\r\n        \"toUpdate\": null,\r\n        \"toUpdateIpBasedSsl\": null,\r\n        \"ipBasedSslState\": \"NotConfigured\",\r\n        \"hostType\": \"Repository\"\r\n      }\r\n    ],\r\n    \"computeMode\": null,\r\n    \"serverFarm\": null,\r\n    \"serverFarmId\": \"/subscriptions/0b1f6471-1bf0-4dda-aec3-cb9272f09590/resourceGroups/javacsmrg1511/providers/Microsoft.Web/serverfarms/iamafuncitonnamethatislonger5460plan02532\",\r\n    \"reserved\": false,\r\n    \"isXenon\": false,\r\n    \"hyperV\": false,\r\n    \"lastModifiedTimeUtc\": \"2019-04-13T02:52:41.3033333\",\r\n    \"storageRecoveryDefaultState\": \"Running\",\r\n    \"contentAvailabilityState\": \"Normal\",\r\n    \"runtimeAvailabilityState\": \"Normal\",\r\n    \"siteConfig\": null,\r\n    \"deploymentId\": \"IAmAFuncitonNameThatIsLonger5460\",\r\n    \"trafficManagerHostNames\": null,\r\n    \"sku\": \"Premium\",\r\n    \"scmSiteAlsoStopped\": false,\r\n    \"targetSwapSlot\": null,\r\n    \"hostingEnvironment\": null,\r\n    \"hostingEnvironmentProfile\": null,\r\n    \"clientAffinityEnabled\": false,\r\n    \"clientCertEnabled\": false,\r\n    \"clientCertExclusionPaths\": null,\r\n    \"hostNamesDisabled\": false,\r\n    \"domainVerificationIdentifiers\": null,\r\n    \"kind\": \"functionapp\",\r\n    \"outboundIpAddresses\": \"40.112.243.0,13.91.46.203,40.112.255.35,13.91.41.7,13.91.40.30\",\r\n    \"possibleOutboundIpAddresses\": \"40.112.243.0,13.91.46.203,40.112.255.35,13.91.41.7,13.91.40.30,40.112.164.63,40.83.181.150,40.112.248.128\",\r\n    \"containerSize\": 1536,\r\n    \"dailyMemoryTimeQuota\": 0,\r\n    \"suspendedTill\": null,\r\n    \"siteDisabledReason\": 0,\r\n    \"functionExecutionUnitsCache\": null,\r\n    \"maxNumberOfWorkers\": null,\r\n    \"homeStamp\": \"waws-prod-bay-123\",\r\n    \"cloningInfo\": null,\r\n    \"hostingEnvironmentId\": null,\r\n    \"tags\": {},\r\n    \"resourceGroup\": \"javacsmrg1511\",\r\n    \"defaultHostName\": \"iamafuncitonnamethatislonger5460.azurewebsites.net\",\r\n    \"slotSwapStatus\": null,\r\n    \"httpsOnly\": false,\r\n    \"redundancyMode\": \"None\",\r\n    \"inProgressOperationId\": null,\r\n    \"geoDistributions\": null\r\n  }\r\n}",
      "StatusCode": 200
    },
    {
      "RequestUri": "/subscriptions/0b1f6471-1bf0-4dda-aec3-cb9272f09590/resourceGroups/javacsmrg1511/providers/Microsoft.Web/sites/IAmAFuncitonNameThatIsLonger5460?api-version=2018-02-01",
      "EncodedRequestUri": "L3N1YnNjcmlwdGlvbnMvMGIxZjY0NzEtMWJmMC00ZGRhLWFlYzMtY2I5MjcyZjA5NTkwL3Jlc291cmNlR3JvdXBzL2phdmFjc21yZzE1MTEvcHJvdmlkZXJzL01pY3Jvc29mdC5XZWIvc2l0ZXMvSUFtQUZ1bmNpdG9uTmFtZVRoYXRJc0xvbmdlcjU0NjA/YXBpLXZlcnNpb249MjAxOC0wMi0wMQ==",
      "RequestMethod": "GET",
      "RequestBody": "",
      "RequestHeaders": {
        "x-ms-client-request-id": [
          "19258a92-9ce1-4b5c-9554-94bd34fbf0c9"
        ],
        "Accept-Language": [
          "en-US"
        ],
        "User-Agent": [
          "FxVersion/4.6.26725.06",
          "OSName/Windows",
          "OSVersion/Microsoft.Windows.10.0.17763.",
          "Microsoft.Azure.Management.AppService.Fluent.WebSiteManagementClient/1.21.0.0",
          "MacAddressHash/1706214d8731cf2405675fdf5fb8b4bf75f06e7a9bb34e8d93f8f4a5d61acc28"
        ]
      },
      "ResponseHeaders": {
        "Cache-Control": [
          "no-cache"
        ],
        "Pragma": [
          "no-cache"
        ],
        "ETag": [
          "\"1D4F1A3F740C24B\""
        ],
        "Strict-Transport-Security": [
          "max-age=31536000; includeSubDomains"
        ],
        "x-ms-request-id": [
          "51aab565-d075-4123-8c6a-d1e0bae9b5a7"
        ],
        "Server": [
          "Microsoft-IIS/10.0"
        ],
        "X-AspNet-Version": [
          "4.0.30319"
        ],
        "X-Powered-By": [
          "ASP.NET"
        ],
        "x-ms-ratelimit-remaining-subscription-reads": [
          "11995"
        ],
        "x-ms-correlation-request-id": [
          "8f814458-cda5-4ac2-95c0-144e5f2d99e5"
        ],
        "x-ms-routing-request-id": [
          "WESTUS:20190413T025244Z:8f814458-cda5-4ac2-95c0-144e5f2d99e5"
        ],
        "X-Content-Type-Options": [
          "nosniff"
        ],
        "Date": [
          "Sat, 13 Apr 2019 02:52:43 GMT"
        ],
        "Content-Length": [
          "3234"
        ],
        "Content-Type": [
          "application/json"
        ],
        "Expires": [
          "-1"
        ]
      },
      "ResponseBody": "{\r\n  \"id\": \"/subscriptions/0b1f6471-1bf0-4dda-aec3-cb9272f09590/resourceGroups/javacsmrg1511/providers/Microsoft.Web/sites/IAmAFuncitonNameThatIsLonger5460\",\r\n  \"name\": \"IAmAFuncitonNameThatIsLonger5460\",\r\n  \"type\": \"Microsoft.Web/sites\",\r\n  \"kind\": \"functionapp\",\r\n  \"location\": \"West US\",\r\n  \"tags\": {\r\n    \"PackageUpdateDate\": \"07/17/2018\"\r\n  },\r\n  \"properties\": {\r\n    \"name\": \"IAmAFuncitonNameThatIsLonger5460\",\r\n    \"state\": \"Running\",\r\n    \"hostNames\": [\r\n      \"iamafuncitonnamethatislonger5460.azurewebsites.net\"\r\n    ],\r\n    \"webSpace\": \"javacsmrg1511-WestUSwebspace\",\r\n    \"selfLink\": \"https://waws-prod-bay-123.api.azurewebsites.windows.net:454/subscriptions/0b1f6471-1bf0-4dda-aec3-cb9272f09590/webspaces/javacsmrg1511-WestUSwebspace/sites/IAmAFuncitonNameThatIsLonger5460\",\r\n    \"repositorySiteName\": \"IAmAFuncitonNameThatIsLonger5460\",\r\n    \"owner\": null,\r\n    \"usageState\": \"Normal\",\r\n    \"enabled\": true,\r\n    \"adminEnabled\": true,\r\n    \"enabledHostNames\": [\r\n      \"iamafuncitonnamethatislonger5460.azurewebsites.net\",\r\n      \"iamafuncitonnamethatislonger5460.scm.azurewebsites.net\"\r\n    ],\r\n    \"siteProperties\": {\r\n      \"metadata\": null,\r\n      \"properties\": [\r\n        {\r\n          \"name\": \"LinuxFxVersion\",\r\n          \"value\": \"\"\r\n        },\r\n        {\r\n          \"name\": \"WindowsFxVersion\",\r\n          \"value\": null\r\n        }\r\n      ],\r\n      \"appSettings\": null\r\n    },\r\n    \"availabilityState\": \"Normal\",\r\n    \"sslCertificates\": null,\r\n    \"csrs\": [],\r\n    \"cers\": null,\r\n    \"siteMode\": null,\r\n    \"hostNameSslStates\": [\r\n      {\r\n        \"name\": \"iamafuncitonnamethatislonger5460.azurewebsites.net\",\r\n        \"sslState\": \"Disabled\",\r\n        \"ipBasedSslResult\": null,\r\n        \"virtualIP\": null,\r\n        \"thumbprint\": null,\r\n        \"toUpdate\": null,\r\n        \"toUpdateIpBasedSsl\": null,\r\n        \"ipBasedSslState\": \"NotConfigured\",\r\n        \"hostType\": \"Standard\"\r\n      },\r\n      {\r\n        \"name\": \"iamafuncitonnamethatislonger5460.scm.azurewebsites.net\",\r\n        \"sslState\": \"Disabled\",\r\n        \"ipBasedSslResult\": null,\r\n        \"virtualIP\": null,\r\n        \"thumbprint\": null,\r\n        \"toUpdate\": null,\r\n        \"toUpdateIpBasedSsl\": null,\r\n        \"ipBasedSslState\": \"NotConfigured\",\r\n        \"hostType\": \"Repository\"\r\n      }\r\n    ],\r\n    \"computeMode\": null,\r\n    \"serverFarm\": null,\r\n    \"serverFarmId\": \"/subscriptions/0b1f6471-1bf0-4dda-aec3-cb9272f09590/resourceGroups/javacsmrg1511/providers/Microsoft.Web/serverfarms/iamafuncitonnamethatislonger5460plan02532\",\r\n    \"reserved\": false,\r\n    \"isXenon\": false,\r\n    \"hyperV\": false,\r\n    \"lastModifiedTimeUtc\": \"2019-04-13T02:52:43.0766667\",\r\n    \"storageRecoveryDefaultState\": \"Running\",\r\n    \"contentAvailabilityState\": \"Normal\",\r\n    \"runtimeAvailabilityState\": \"Normal\",\r\n    \"siteConfig\": null,\r\n    \"deploymentId\": \"IAmAFuncitonNameThatIsLonger5460\",\r\n    \"trafficManagerHostNames\": null,\r\n    \"sku\": \"Premium\",\r\n    \"scmSiteAlsoStopped\": false,\r\n    \"targetSwapSlot\": null,\r\n    \"hostingEnvironment\": null,\r\n    \"hostingEnvironmentProfile\": null,\r\n    \"clientAffinityEnabled\": false,\r\n    \"clientCertEnabled\": false,\r\n    \"clientCertExclusionPaths\": null,\r\n    \"hostNamesDisabled\": false,\r\n    \"domainVerificationIdentifiers\": null,\r\n    \"kind\": \"functionapp\",\r\n    \"outboundIpAddresses\": \"40.112.243.0,13.91.46.203,40.112.255.35,13.91.41.7,13.91.40.30\",\r\n    \"possibleOutboundIpAddresses\": \"40.112.243.0,13.91.46.203,40.112.255.35,13.91.41.7,13.91.40.30,40.112.164.63,40.83.181.150,40.112.248.128\",\r\n    \"containerSize\": 1536,\r\n    \"dailyMemoryTimeQuota\": 0,\r\n    \"suspendedTill\": null,\r\n    \"siteDisabledReason\": 0,\r\n    \"functionExecutionUnitsCache\": null,\r\n    \"maxNumberOfWorkers\": null,\r\n    \"homeStamp\": \"waws-prod-bay-123\",\r\n    \"cloningInfo\": null,\r\n    \"hostingEnvironmentId\": null,\r\n    \"tags\": {\r\n      \"PackageUpdateDate\": \"07/17/2018\"\r\n    },\r\n    \"resourceGroup\": \"javacsmrg1511\",\r\n    \"defaultHostName\": \"iamafuncitonnamethatislonger5460.azurewebsites.net\",\r\n    \"slotSwapStatus\": null,\r\n    \"httpsOnly\": false,\r\n    \"redundancyMode\": \"None\",\r\n    \"inProgressOperationId\": null,\r\n    \"geoDistributions\": null\r\n  }\r\n}",
      "StatusCode": 200
    },
    {
      "RequestUri": "/subscriptions/0b1f6471-1bf0-4dda-aec3-cb9272f09590/resourceGroups/javacsmrg1511/providers/Microsoft.Web/sites/IAmAFuncitonNameThatIsLonger5460?api-version=2018-02-01",
      "EncodedRequestUri": "L3N1YnNjcmlwdGlvbnMvMGIxZjY0NzEtMWJmMC00ZGRhLWFlYzMtY2I5MjcyZjA5NTkwL3Jlc291cmNlR3JvdXBzL2phdmFjc21yZzE1MTEvcHJvdmlkZXJzL01pY3Jvc29mdC5XZWIvc2l0ZXMvSUFtQUZ1bmNpdG9uTmFtZVRoYXRJc0xvbmdlcjU0NjA/YXBpLXZlcnNpb249MjAxOC0wMi0wMQ==",
      "RequestMethod": "GET",
      "RequestBody": "",
      "RequestHeaders": {
        "x-ms-client-request-id": [
          "1f6fc350-008c-4502-893f-90c3fdb97c1f"
        ],
        "Accept-Language": [
          "en-US"
        ],
        "User-Agent": [
          "FxVersion/4.6.26725.06",
          "OSName/Windows",
          "OSVersion/Microsoft.Windows.10.0.17763.",
          "Microsoft.Azure.Management.AppService.Fluent.WebSiteManagementClient/1.21.0.0",
          "MacAddressHash/1706214d8731cf2405675fdf5fb8b4bf75f06e7a9bb34e8d93f8f4a5d61acc28"
        ]
      },
      "ResponseHeaders": {
        "Cache-Control": [
          "no-cache"
        ],
        "Pragma": [
          "no-cache"
        ],
        "ETag": [
          "\"1D4F1A3F874FC8B\""
        ],
        "Strict-Transport-Security": [
          "max-age=31536000; includeSubDomains"
        ],
        "x-ms-request-id": [
          "aea1d71e-d7b1-4130-bc2e-42fc56aa72e9"
        ],
        "x-ms-ratelimit-remaining-subscription-reads": [
          "11994"
        ],
        "Server": [
          "Microsoft-IIS/10.0"
        ],
        "X-AspNet-Version": [
          "4.0.30319"
        ],
        "X-Powered-By": [
          "ASP.NET"
        ],
        "x-ms-correlation-request-id": [
          "66f44bd4-f699-43fc-91c3-c7233cb7f56e"
        ],
        "x-ms-routing-request-id": [
          "WESTUS:20190413T025245Z:66f44bd4-f699-43fc-91c3-c7233cb7f56e"
        ],
        "X-Content-Type-Options": [
          "nosniff"
        ],
        "Date": [
          "Sat, 13 Apr 2019 02:52:44 GMT"
        ],
        "Content-Length": [
          "3234"
        ],
        "Content-Type": [
          "application/json"
        ],
        "Expires": [
          "-1"
        ]
      },
      "ResponseBody": "{\r\n  \"id\": \"/subscriptions/0b1f6471-1bf0-4dda-aec3-cb9272f09590/resourceGroups/javacsmrg1511/providers/Microsoft.Web/sites/IAmAFuncitonNameThatIsLonger5460\",\r\n  \"name\": \"IAmAFuncitonNameThatIsLonger5460\",\r\n  \"type\": \"Microsoft.Web/sites\",\r\n  \"kind\": \"functionapp\",\r\n  \"location\": \"West US\",\r\n  \"tags\": {\r\n    \"PackageUpdateDate\": \"07/17/2018\"\r\n  },\r\n  \"properties\": {\r\n    \"name\": \"IAmAFuncitonNameThatIsLonger5460\",\r\n    \"state\": \"Running\",\r\n    \"hostNames\": [\r\n      \"iamafuncitonnamethatislonger5460.azurewebsites.net\"\r\n    ],\r\n    \"webSpace\": \"javacsmrg1511-WestUSwebspace\",\r\n    \"selfLink\": \"https://waws-prod-bay-123.api.azurewebsites.windows.net:454/subscriptions/0b1f6471-1bf0-4dda-aec3-cb9272f09590/webspaces/javacsmrg1511-WestUSwebspace/sites/IAmAFuncitonNameThatIsLonger5460\",\r\n    \"repositorySiteName\": \"IAmAFuncitonNameThatIsLonger5460\",\r\n    \"owner\": null,\r\n    \"usageState\": \"Normal\",\r\n    \"enabled\": true,\r\n    \"adminEnabled\": true,\r\n    \"enabledHostNames\": [\r\n      \"iamafuncitonnamethatislonger5460.azurewebsites.net\",\r\n      \"iamafuncitonnamethatislonger5460.scm.azurewebsites.net\"\r\n    ],\r\n    \"siteProperties\": {\r\n      \"metadata\": null,\r\n      \"properties\": [\r\n        {\r\n          \"name\": \"LinuxFxVersion\",\r\n          \"value\": \"\"\r\n        },\r\n        {\r\n          \"name\": \"WindowsFxVersion\",\r\n          \"value\": null\r\n        }\r\n      ],\r\n      \"appSettings\": null\r\n    },\r\n    \"availabilityState\": \"Normal\",\r\n    \"sslCertificates\": null,\r\n    \"csrs\": [],\r\n    \"cers\": null,\r\n    \"siteMode\": null,\r\n    \"hostNameSslStates\": [\r\n      {\r\n        \"name\": \"iamafuncitonnamethatislonger5460.azurewebsites.net\",\r\n        \"sslState\": \"Disabled\",\r\n        \"ipBasedSslResult\": null,\r\n        \"virtualIP\": null,\r\n        \"thumbprint\": null,\r\n        \"toUpdate\": null,\r\n        \"toUpdateIpBasedSsl\": null,\r\n        \"ipBasedSslState\": \"NotConfigured\",\r\n        \"hostType\": \"Standard\"\r\n      },\r\n      {\r\n        \"name\": \"iamafuncitonnamethatislonger5460.scm.azurewebsites.net\",\r\n        \"sslState\": \"Disabled\",\r\n        \"ipBasedSslResult\": null,\r\n        \"virtualIP\": null,\r\n        \"thumbprint\": null,\r\n        \"toUpdate\": null,\r\n        \"toUpdateIpBasedSsl\": null,\r\n        \"ipBasedSslState\": \"NotConfigured\",\r\n        \"hostType\": \"Repository\"\r\n      }\r\n    ],\r\n    \"computeMode\": null,\r\n    \"serverFarm\": null,\r\n    \"serverFarmId\": \"/subscriptions/0b1f6471-1bf0-4dda-aec3-cb9272f09590/resourceGroups/javacsmrg1511/providers/Microsoft.Web/serverfarms/iamafuncitonnamethatislonger5460plan02532\",\r\n    \"reserved\": false,\r\n    \"isXenon\": false,\r\n    \"hyperV\": false,\r\n    \"lastModifiedTimeUtc\": \"2019-04-13T02:52:45.0966667\",\r\n    \"storageRecoveryDefaultState\": \"Running\",\r\n    \"contentAvailabilityState\": \"Normal\",\r\n    \"runtimeAvailabilityState\": \"Normal\",\r\n    \"siteConfig\": null,\r\n    \"deploymentId\": \"IAmAFuncitonNameThatIsLonger5460\",\r\n    \"trafficManagerHostNames\": null,\r\n    \"sku\": \"Premium\",\r\n    \"scmSiteAlsoStopped\": false,\r\n    \"targetSwapSlot\": null,\r\n    \"hostingEnvironment\": null,\r\n    \"hostingEnvironmentProfile\": null,\r\n    \"clientAffinityEnabled\": false,\r\n    \"clientCertEnabled\": false,\r\n    \"clientCertExclusionPaths\": null,\r\n    \"hostNamesDisabled\": false,\r\n    \"domainVerificationIdentifiers\": null,\r\n    \"kind\": \"functionapp\",\r\n    \"outboundIpAddresses\": \"40.112.243.0,13.91.46.203,40.112.255.35,13.91.41.7,13.91.40.30\",\r\n    \"possibleOutboundIpAddresses\": \"40.112.243.0,13.91.46.203,40.112.255.35,13.91.41.7,13.91.40.30,40.112.164.63,40.83.181.150,40.112.248.128\",\r\n    \"containerSize\": 1536,\r\n    \"dailyMemoryTimeQuota\": 0,\r\n    \"suspendedTill\": null,\r\n    \"siteDisabledReason\": 0,\r\n    \"functionExecutionUnitsCache\": null,\r\n    \"maxNumberOfWorkers\": null,\r\n    \"homeStamp\": \"waws-prod-bay-123\",\r\n    \"cloningInfo\": null,\r\n    \"hostingEnvironmentId\": null,\r\n    \"tags\": {\r\n      \"PackageUpdateDate\": \"07/17/2018\"\r\n    },\r\n    \"resourceGroup\": \"javacsmrg1511\",\r\n    \"defaultHostName\": \"iamafuncitonnamethatislonger5460.azurewebsites.net\",\r\n    \"slotSwapStatus\": null,\r\n    \"httpsOnly\": false,\r\n    \"redundancyMode\": \"None\",\r\n    \"inProgressOperationId\": null,\r\n    \"geoDistributions\": null\r\n  }\r\n}",
      "StatusCode": 200
    },
    {
      "RequestUri": "/subscriptions/0b1f6471-1bf0-4dda-aec3-cb9272f09590/resourceGroups/javacsmrg1511/providers/Microsoft.Web/sites/IAmAFuncitonNameThatIsLonger5460?api-version=2018-02-01",
      "EncodedRequestUri": "L3N1YnNjcmlwdGlvbnMvMGIxZjY0NzEtMWJmMC00ZGRhLWFlYzMtY2I5MjcyZjA5NTkwL3Jlc291cmNlR3JvdXBzL2phdmFjc21yZzE1MTEvcHJvdmlkZXJzL01pY3Jvc29mdC5XZWIvc2l0ZXMvSUFtQUZ1bmNpdG9uTmFtZVRoYXRJc0xvbmdlcjU0NjA/YXBpLXZlcnNpb249MjAxOC0wMi0wMQ==",
      "RequestMethod": "GET",
      "RequestBody": "",
      "RequestHeaders": {
        "x-ms-client-request-id": [
          "6f934ed7-6f71-44e7-ba4d-440f740bcd28"
        ],
        "Accept-Language": [
          "en-US"
        ],
        "User-Agent": [
          "FxVersion/4.6.26725.06",
          "OSName/Windows",
          "OSVersion/Microsoft.Windows.10.0.17763.",
          "Microsoft.Azure.Management.AppService.Fluent.WebSiteManagementClient/1.21.0.0",
          "MacAddressHash/1706214d8731cf2405675fdf5fb8b4bf75f06e7a9bb34e8d93f8f4a5d61acc28"
        ]
      },
      "ResponseHeaders": {
        "Cache-Control": [
          "no-cache"
        ],
        "Pragma": [
          "no-cache"
        ],
        "ETag": [
          "\"1D4F1A3F874FC8B\""
        ],
        "Strict-Transport-Security": [
          "max-age=31536000; includeSubDomains"
        ],
        "x-ms-request-id": [
          "e221c388-ed59-4201-bec2-e23b8c216e9c"
        ],
        "Server": [
          "Microsoft-IIS/10.0"
        ],
        "X-AspNet-Version": [
          "4.0.30319"
        ],
        "X-Powered-By": [
          "ASP.NET"
        ],
        "x-ms-ratelimit-remaining-subscription-reads": [
          "11993"
        ],
        "x-ms-correlation-request-id": [
          "c7ec6d37-5799-4404-8639-fa1af6099591"
        ],
        "x-ms-routing-request-id": [
          "WESTUS:20190413T025245Z:c7ec6d37-5799-4404-8639-fa1af6099591"
        ],
        "X-Content-Type-Options": [
          "nosniff"
        ],
        "Date": [
          "Sat, 13 Apr 2019 02:52:45 GMT"
        ],
        "Content-Length": [
          "3234"
        ],
        "Content-Type": [
          "application/json"
        ],
        "Expires": [
          "-1"
        ]
      },
      "ResponseBody": "{\r\n  \"id\": \"/subscriptions/0b1f6471-1bf0-4dda-aec3-cb9272f09590/resourceGroups/javacsmrg1511/providers/Microsoft.Web/sites/IAmAFuncitonNameThatIsLonger5460\",\r\n  \"name\": \"IAmAFuncitonNameThatIsLonger5460\",\r\n  \"type\": \"Microsoft.Web/sites\",\r\n  \"kind\": \"functionapp\",\r\n  \"location\": \"West US\",\r\n  \"tags\": {\r\n    \"PackageUpdateDate\": \"07/17/2018\"\r\n  },\r\n  \"properties\": {\r\n    \"name\": \"IAmAFuncitonNameThatIsLonger5460\",\r\n    \"state\": \"Running\",\r\n    \"hostNames\": [\r\n      \"iamafuncitonnamethatislonger5460.azurewebsites.net\"\r\n    ],\r\n    \"webSpace\": \"javacsmrg1511-WestUSwebspace\",\r\n    \"selfLink\": \"https://waws-prod-bay-123.api.azurewebsites.windows.net:454/subscriptions/0b1f6471-1bf0-4dda-aec3-cb9272f09590/webspaces/javacsmrg1511-WestUSwebspace/sites/IAmAFuncitonNameThatIsLonger5460\",\r\n    \"repositorySiteName\": \"IAmAFuncitonNameThatIsLonger5460\",\r\n    \"owner\": null,\r\n    \"usageState\": \"Normal\",\r\n    \"enabled\": true,\r\n    \"adminEnabled\": true,\r\n    \"enabledHostNames\": [\r\n      \"iamafuncitonnamethatislonger5460.azurewebsites.net\",\r\n      \"iamafuncitonnamethatislonger5460.scm.azurewebsites.net\"\r\n    ],\r\n    \"siteProperties\": {\r\n      \"metadata\": null,\r\n      \"properties\": [\r\n        {\r\n          \"name\": \"LinuxFxVersion\",\r\n          \"value\": \"\"\r\n        },\r\n        {\r\n          \"name\": \"WindowsFxVersion\",\r\n          \"value\": null\r\n        }\r\n      ],\r\n      \"appSettings\": null\r\n    },\r\n    \"availabilityState\": \"Normal\",\r\n    \"sslCertificates\": null,\r\n    \"csrs\": [],\r\n    \"cers\": null,\r\n    \"siteMode\": null,\r\n    \"hostNameSslStates\": [\r\n      {\r\n        \"name\": \"iamafuncitonnamethatislonger5460.azurewebsites.net\",\r\n        \"sslState\": \"Disabled\",\r\n        \"ipBasedSslResult\": null,\r\n        \"virtualIP\": null,\r\n        \"thumbprint\": null,\r\n        \"toUpdate\": null,\r\n        \"toUpdateIpBasedSsl\": null,\r\n        \"ipBasedSslState\": \"NotConfigured\",\r\n        \"hostType\": \"Standard\"\r\n      },\r\n      {\r\n        \"name\": \"iamafuncitonnamethatislonger5460.scm.azurewebsites.net\",\r\n        \"sslState\": \"Disabled\",\r\n        \"ipBasedSslResult\": null,\r\n        \"virtualIP\": null,\r\n        \"thumbprint\": null,\r\n        \"toUpdate\": null,\r\n        \"toUpdateIpBasedSsl\": null,\r\n        \"ipBasedSslState\": \"NotConfigured\",\r\n        \"hostType\": \"Repository\"\r\n      }\r\n    ],\r\n    \"computeMode\": null,\r\n    \"serverFarm\": null,\r\n    \"serverFarmId\": \"/subscriptions/0b1f6471-1bf0-4dda-aec3-cb9272f09590/resourceGroups/javacsmrg1511/providers/Microsoft.Web/serverfarms/iamafuncitonnamethatislonger5460plan02532\",\r\n    \"reserved\": false,\r\n    \"isXenon\": false,\r\n    \"hyperV\": false,\r\n    \"lastModifiedTimeUtc\": \"2019-04-13T02:52:45.0966667\",\r\n    \"storageRecoveryDefaultState\": \"Running\",\r\n    \"contentAvailabilityState\": \"Normal\",\r\n    \"runtimeAvailabilityState\": \"Normal\",\r\n    \"siteConfig\": null,\r\n    \"deploymentId\": \"IAmAFuncitonNameThatIsLonger5460\",\r\n    \"trafficManagerHostNames\": null,\r\n    \"sku\": \"Premium\",\r\n    \"scmSiteAlsoStopped\": false,\r\n    \"targetSwapSlot\": null,\r\n    \"hostingEnvironment\": null,\r\n    \"hostingEnvironmentProfile\": null,\r\n    \"clientAffinityEnabled\": false,\r\n    \"clientCertEnabled\": false,\r\n    \"clientCertExclusionPaths\": null,\r\n    \"hostNamesDisabled\": false,\r\n    \"domainVerificationIdentifiers\": null,\r\n    \"kind\": \"functionapp\",\r\n    \"outboundIpAddresses\": \"40.112.243.0,13.91.46.203,40.112.255.35,13.91.41.7,13.91.40.30\",\r\n    \"possibleOutboundIpAddresses\": \"40.112.243.0,13.91.46.203,40.112.255.35,13.91.41.7,13.91.40.30,40.112.164.63,40.83.181.150,40.112.248.128\",\r\n    \"containerSize\": 1536,\r\n    \"dailyMemoryTimeQuota\": 0,\r\n    \"suspendedTill\": null,\r\n    \"siteDisabledReason\": 0,\r\n    \"functionExecutionUnitsCache\": null,\r\n    \"maxNumberOfWorkers\": null,\r\n    \"homeStamp\": \"waws-prod-bay-123\",\r\n    \"cloningInfo\": null,\r\n    \"hostingEnvironmentId\": null,\r\n    \"tags\": {\r\n      \"PackageUpdateDate\": \"07/17/2018\"\r\n    },\r\n    \"resourceGroup\": \"javacsmrg1511\",\r\n    \"defaultHostName\": \"iamafuncitonnamethatislonger5460.azurewebsites.net\",\r\n    \"slotSwapStatus\": null,\r\n    \"httpsOnly\": false,\r\n    \"redundancyMode\": \"None\",\r\n    \"inProgressOperationId\": null,\r\n    \"geoDistributions\": null\r\n  }\r\n}",
      "StatusCode": 200
    },
    {
      "RequestUri": "/subscriptions/0b1f6471-1bf0-4dda-aec3-cb9272f09590/resourceGroups/javacsmrg1511/providers/Microsoft.Web/sites/IAmAFuncitonNameThatIsLonger5460/config/web?api-version=2018-02-01",
      "EncodedRequestUri": "L3N1YnNjcmlwdGlvbnMvMGIxZjY0NzEtMWJmMC00ZGRhLWFlYzMtY2I5MjcyZjA5NTkwL3Jlc291cmNlR3JvdXBzL2phdmFjc21yZzE1MTEvcHJvdmlkZXJzL01pY3Jvc29mdC5XZWIvc2l0ZXMvSUFtQUZ1bmNpdG9uTmFtZVRoYXRJc0xvbmdlcjU0NjAvY29uZmlnL3dlYj9hcGktdmVyc2lvbj0yMDE4LTAyLTAx",
      "RequestMethod": "PUT",
      "RequestBody": "{\r\n  \"properties\": {\r\n    \"alwaysOn\": true\r\n  }\r\n}",
      "RequestHeaders": {
        "x-ms-client-request-id": [
          "e8d3a9c6-3e51-4532-8b83-5954be957f86"
        ],
        "Accept-Language": [
          "en-US"
        ],
        "User-Agent": [
          "FxVersion/4.6.26725.06",
          "OSName/Windows",
          "OSVersion/Microsoft.Windows.10.0.17763.",
          "Microsoft.Azure.Management.AppService.Fluent.WebSiteManagementClient/1.21.0.0",
          "MacAddressHash/1706214d8731cf2405675fdf5fb8b4bf75f06e7a9bb34e8d93f8f4a5d61acc28"
        ],
        "Content-Type": [
          "application/json; charset=utf-8"
        ],
        "Content-Length": [
          "50"
        ]
      },
      "ResponseHeaders": {
        "Cache-Control": [
          "no-cache"
        ],
        "Pragma": [
          "no-cache"
        ],
        "ETag": [
          "\"1D4F1A3E9BFA040\""
        ],
        "Strict-Transport-Security": [
          "max-age=31536000; includeSubDomains"
        ],
        "x-ms-request-id": [
          "dc85eba3-d8ad-4a39-bcb4-6a26e34215ec"
        ],
        "Server": [
          "Microsoft-IIS/10.0"
        ],
        "X-AspNet-Version": [
          "4.0.30319"
        ],
        "X-Powered-By": [
          "ASP.NET"
        ],
        "x-ms-ratelimit-remaining-subscription-writes": [
          "1198"
        ],
        "x-ms-correlation-request-id": [
          "4c30d14b-dfd9-4c75-a74d-60cdb46b8c61"
        ],
        "x-ms-routing-request-id": [
          "WESTUS:20190413T025239Z:4c30d14b-dfd9-4c75-a74d-60cdb46b8c61"
        ],
        "X-Content-Type-Options": [
          "nosniff"
        ],
        "Date": [
          "Sat, 13 Apr 2019 02:52:38 GMT"
        ],
        "Content-Length": [
          "2839"
        ],
        "Content-Type": [
          "application/json"
        ],
        "Expires": [
          "-1"
        ]
      },
      "ResponseBody": "{\r\n  \"id\": \"/subscriptions/0b1f6471-1bf0-4dda-aec3-cb9272f09590/resourceGroups/javacsmrg1511/providers/Microsoft.Web/sites/IAmAFuncitonNameThatIsLonger5460\",\r\n  \"name\": \"IAmAFuncitonNameThatIsLonger5460\",\r\n  \"type\": \"Microsoft.Web/sites\",\r\n  \"location\": \"West US\",\r\n  \"tags\": {},\r\n  \"properties\": {\r\n    \"numberOfWorkers\": 1,\r\n    \"defaultDocuments\": [\r\n      \"Default.htm\",\r\n      \"Default.html\",\r\n      \"Default.asp\",\r\n      \"index.htm\",\r\n      \"index.html\",\r\n      \"iisstart.htm\",\r\n      \"default.aspx\",\r\n      \"index.php\"\r\n    ],\r\n    \"netFrameworkVersion\": \"v4.0\",\r\n    \"phpVersion\": \"5.6\",\r\n    \"pythonVersion\": \"\",\r\n    \"nodeVersion\": \"\",\r\n    \"linuxFxVersion\": \"\",\r\n    \"windowsFxVersion\": null,\r\n    \"requestTracingEnabled\": false,\r\n    \"remoteDebuggingEnabled\": false,\r\n    \"remoteDebuggingVersion\": null,\r\n    \"httpLoggingEnabled\": false,\r\n    \"logsDirectorySizeLimit\": 35,\r\n    \"detailedErrorLoggingEnabled\": false,\r\n    \"publishingUsername\": \"$IAmAFuncitonNameThatIsLonger5460\",\r\n    \"publishingPassword\": null,\r\n    \"appSettings\": null,\r\n    \"metadata\": null,\r\n    \"connectionStrings\": null,\r\n    \"machineKey\": null,\r\n    \"handlerMappings\": null,\r\n    \"documentRoot\": null,\r\n    \"scmType\": \"None\",\r\n    \"use32BitWorkerProcess\": true,\r\n    \"webSocketsEnabled\": false,\r\n    \"alwaysOn\": true,\r\n    \"javaVersion\": null,\r\n    \"javaContainer\": null,\r\n    \"javaContainerVersion\": null,\r\n    \"appCommandLine\": \"\",\r\n    \"managedPipelineMode\": \"Integrated\",\r\n    \"virtualApplications\": [\r\n      {\r\n        \"virtualPath\": \"/\",\r\n        \"physicalPath\": \"site\\\\wwwroot\",\r\n        \"preloadEnabled\": true,\r\n        \"virtualDirectories\": null\r\n      }\r\n    ],\r\n    \"winAuthAdminState\": 0,\r\n    \"winAuthTenantState\": 0,\r\n    \"customAppPoolIdentityAdminState\": false,\r\n    \"customAppPoolIdentityTenantState\": false,\r\n    \"runtimeADUser\": null,\r\n    \"runtimeADUserPassword\": null,\r\n    \"loadBalancing\": \"LeastRequests\",\r\n    \"routingRules\": [],\r\n    \"experiments\": {\r\n      \"rampUpRules\": []\r\n    },\r\n    \"limits\": null,\r\n    \"autoHealEnabled\": false,\r\n    \"autoHealRules\": null,\r\n    \"tracingOptions\": null,\r\n    \"vnetName\": \"\",\r\n    \"siteAuthEnabled\": false,\r\n    \"siteAuthSettings\": {\r\n      \"enabled\": null,\r\n      \"unauthenticatedClientAction\": null,\r\n      \"tokenStoreEnabled\": null,\r\n      \"allowedExternalRedirectUrls\": null,\r\n      \"defaultProvider\": null,\r\n      \"clientId\": null,\r\n      \"clientSecret\": null,\r\n      \"clientSecretCertificateThumbprint\": null,\r\n      \"issuer\": null,\r\n      \"allowedAudiences\": null,\r\n      \"additionalLoginParams\": null,\r\n      \"isAadAutoProvisioned\": false,\r\n      \"googleClientId\": null,\r\n      \"googleClientSecret\": null,\r\n      \"googleOAuthScopes\": null,\r\n      \"facebookAppId\": null,\r\n      \"facebookAppSecret\": null,\r\n      \"facebookOAuthScopes\": null,\r\n      \"twitterConsumerKey\": null,\r\n      \"twitterConsumerSecret\": null,\r\n      \"microsoftAccountClientId\": null,\r\n      \"microsoftAccountClientSecret\": null,\r\n      \"microsoftAccountOAuthScopes\": null\r\n    },\r\n    \"cors\": {\r\n      \"allowedOrigins\": [\r\n        \"https://functions.azure.com\",\r\n        \"https://functions-staging.azure.com\",\r\n        \"https://functions-next.azure.com\"\r\n      ],\r\n      \"supportCredentials\": false\r\n    },\r\n    \"push\": null,\r\n    \"apiDefinition\": null,\r\n    \"apiManagementConfig\": null,\r\n    \"autoSwapSlotName\": null,\r\n    \"localMySqlEnabled\": false,\r\n    \"managedServiceIdentityId\": null,\r\n    \"xManagedServiceIdentityId\": null,\r\n    \"ipSecurityRestrictions\": null,\r\n    \"scmIpSecurityRestrictions\": null,\r\n    \"scmIpSecurityRestrictionsUseMain\": false,\r\n    \"http20Enabled\": false,\r\n    \"minTlsVersion\": \"1.2\",\r\n    \"ftpsState\": \"AllAllowed\",\r\n    \"reservedInstanceCount\": 0,\r\n    \"preWarmedInstanceCount\": null\r\n  }\r\n}",
      "StatusCode": 200
    },
    {
      "RequestUri": "/subscriptions/0b1f6471-1bf0-4dda-aec3-cb9272f09590/resourceGroups/javacsmrg1511/providers/Microsoft.Web/sites/IAmAFuncitonNameThatIsLonger5460/config/web?api-version=2018-02-01",
      "EncodedRequestUri": "L3N1YnNjcmlwdGlvbnMvMGIxZjY0NzEtMWJmMC00ZGRhLWFlYzMtY2I5MjcyZjA5NTkwL3Jlc291cmNlR3JvdXBzL2phdmFjc21yZzE1MTEvcHJvdmlkZXJzL01pY3Jvc29mdC5XZWIvc2l0ZXMvSUFtQUZ1bmNpdG9uTmFtZVRoYXRJc0xvbmdlcjU0NjAvY29uZmlnL3dlYj9hcGktdmVyc2lvbj0yMDE4LTAyLTAx",
      "RequestMethod": "PUT",
      "RequestBody": "{\r\n  \"properties\": {\r\n    \"numberOfWorkers\": 1,\r\n    \"defaultDocuments\": [\r\n      \"Default.htm\",\r\n      \"Default.html\",\r\n      \"Default.asp\",\r\n      \"index.htm\",\r\n      \"index.html\",\r\n      \"iisstart.htm\",\r\n      \"default.aspx\",\r\n      \"index.php\"\r\n    ],\r\n    \"netFrameworkVersion\": \"v4.0\",\r\n    \"phpVersion\": \"5.6\",\r\n    \"pythonVersion\": \"\",\r\n    \"nodeVersion\": \"\",\r\n    \"linuxFxVersion\": \"\",\r\n    \"requestTracingEnabled\": false,\r\n    \"remoteDebuggingEnabled\": false,\r\n    \"httpLoggingEnabled\": false,\r\n    \"logsDirectorySizeLimit\": 35,\r\n    \"detailedErrorLoggingEnabled\": false,\r\n    \"publishingUsername\": \"$IAmAFuncitonNameThatIsLonger5460\",\r\n    \"scmType\": \"None\",\r\n    \"use32BitWorkerProcess\": true,\r\n    \"webSocketsEnabled\": false,\r\n    \"alwaysOn\": true,\r\n    \"appCommandLine\": \"\",\r\n    \"managedPipelineMode\": \"Integrated\",\r\n    \"virtualApplications\": [\r\n      {\r\n        \"virtualPath\": \"/\",\r\n        \"physicalPath\": \"site\\\\wwwroot\",\r\n        \"preloadEnabled\": true\r\n      }\r\n    ],\r\n    \"loadBalancing\": \"LeastRequests\",\r\n    \"experiments\": {\r\n      \"rampUpRules\": []\r\n    },\r\n    \"autoHealEnabled\": false,\r\n    \"vnetName\": \"\",\r\n    \"cors\": {\r\n      \"allowedOrigins\": [\r\n        \"https://functions.azure.com\",\r\n        \"https://functions-staging.azure.com\",\r\n        \"https://functions-next.azure.com\"\r\n      ],\r\n      \"supportCredentials\": false\r\n    },\r\n    \"localMySqlEnabled\": false,\r\n    \"scmIpSecurityRestrictionsUseMain\": false,\r\n    \"http20Enabled\": false,\r\n    \"minTlsVersion\": \"1.2\",\r\n    \"ftpsState\": \"AllAllowed\",\r\n    \"reservedInstanceCount\": 0\r\n  },\r\n  \"location\": \"West US\",\r\n  \"tags\": {}\r\n}",
      "RequestHeaders": {
        "x-ms-client-request-id": [
          "6fff0980-b3c2-41ea-b136-10170bd661d9"
        ],
        "Accept-Language": [
          "en-US"
        ],
        "User-Agent": [
          "FxVersion/4.6.26725.06",
          "OSName/Windows",
          "OSVersion/Microsoft.Windows.10.0.17763.",
          "Microsoft.Azure.Management.AppService.Fluent.WebSiteManagementClient/1.21.0.0",
          "MacAddressHash/1706214d8731cf2405675fdf5fb8b4bf75f06e7a9bb34e8d93f8f4a5d61acc28"
        ],
        "Content-Type": [
          "application/json; charset=utf-8"
        ],
        "Content-Length": [
          "1614"
        ]
      },
      "ResponseHeaders": {
        "Cache-Control": [
          "no-cache"
        ],
        "Pragma": [
          "no-cache"
        ],
        "ETag": [
          "\"1D4F1A3F740C24B\""
        ],
        "Strict-Transport-Security": [
          "max-age=31536000; includeSubDomains"
        ],
        "x-ms-request-id": [
          "cbafd088-9a99-43c7-86d9-4f658a339b7a"
        ],
        "Server": [
          "Microsoft-IIS/10.0"
        ],
        "X-AspNet-Version": [
          "4.0.30319"
        ],
        "X-Powered-By": [
          "ASP.NET"
        ],
        "x-ms-ratelimit-remaining-subscription-writes": [
          "1196"
        ],
        "x-ms-correlation-request-id": [
          "e46e7228-6185-4c09-90b1-d8351f46f731"
        ],
        "x-ms-routing-request-id": [
          "WESTUS:20190413T025245Z:e46e7228-6185-4c09-90b1-d8351f46f731"
        ],
        "X-Content-Type-Options": [
          "nosniff"
        ],
        "Date": [
          "Sat, 13 Apr 2019 02:52:44 GMT"
        ],
        "Content-Length": [
          "2875"
        ],
        "Content-Type": [
          "application/json"
        ],
        "Expires": [
          "-1"
        ]
      },
      "ResponseBody": "{\r\n  \"id\": \"/subscriptions/0b1f6471-1bf0-4dda-aec3-cb9272f09590/resourceGroups/javacsmrg1511/providers/Microsoft.Web/sites/IAmAFuncitonNameThatIsLonger5460\",\r\n  \"name\": \"IAmAFuncitonNameThatIsLonger5460\",\r\n  \"type\": \"Microsoft.Web/sites\",\r\n  \"location\": \"West US\",\r\n  \"tags\": {\r\n    \"PackageUpdateDate\": \"07/17/2018\"\r\n  },\r\n  \"properties\": {\r\n    \"numberOfWorkers\": 1,\r\n    \"defaultDocuments\": [\r\n      \"Default.htm\",\r\n      \"Default.html\",\r\n      \"Default.asp\",\r\n      \"index.htm\",\r\n      \"index.html\",\r\n      \"iisstart.htm\",\r\n      \"default.aspx\",\r\n      \"index.php\"\r\n    ],\r\n    \"netFrameworkVersion\": \"v4.0\",\r\n    \"phpVersion\": \"5.6\",\r\n    \"pythonVersion\": \"\",\r\n    \"nodeVersion\": \"\",\r\n    \"linuxFxVersion\": \"\",\r\n    \"windowsFxVersion\": null,\r\n    \"requestTracingEnabled\": false,\r\n    \"remoteDebuggingEnabled\": false,\r\n    \"remoteDebuggingVersion\": \"VS2017\",\r\n    \"httpLoggingEnabled\": false,\r\n    \"logsDirectorySizeLimit\": 35,\r\n    \"detailedErrorLoggingEnabled\": false,\r\n    \"publishingUsername\": \"$IAmAFuncitonNameThatIsLonger5460\",\r\n    \"publishingPassword\": null,\r\n    \"appSettings\": null,\r\n    \"metadata\": null,\r\n    \"connectionStrings\": null,\r\n    \"machineKey\": null,\r\n    \"handlerMappings\": null,\r\n    \"documentRoot\": null,\r\n    \"scmType\": \"None\",\r\n    \"use32BitWorkerProcess\": true,\r\n    \"webSocketsEnabled\": false,\r\n    \"alwaysOn\": true,\r\n    \"javaVersion\": null,\r\n    \"javaContainer\": null,\r\n    \"javaContainerVersion\": null,\r\n    \"appCommandLine\": \"\",\r\n    \"managedPipelineMode\": \"Integrated\",\r\n    \"virtualApplications\": [\r\n      {\r\n        \"virtualPath\": \"/\",\r\n        \"physicalPath\": \"site\\\\wwwroot\",\r\n        \"preloadEnabled\": true,\r\n        \"virtualDirectories\": null\r\n      }\r\n    ],\r\n    \"winAuthAdminState\": 0,\r\n    \"winAuthTenantState\": 0,\r\n    \"customAppPoolIdentityAdminState\": false,\r\n    \"customAppPoolIdentityTenantState\": false,\r\n    \"runtimeADUser\": null,\r\n    \"runtimeADUserPassword\": null,\r\n    \"loadBalancing\": \"LeastRequests\",\r\n    \"routingRules\": [],\r\n    \"experiments\": {\r\n      \"rampUpRules\": []\r\n    },\r\n    \"limits\": null,\r\n    \"autoHealEnabled\": false,\r\n    \"autoHealRules\": null,\r\n    \"tracingOptions\": null,\r\n    \"vnetName\": \"\",\r\n    \"siteAuthEnabled\": false,\r\n    \"siteAuthSettings\": {\r\n      \"enabled\": null,\r\n      \"unauthenticatedClientAction\": null,\r\n      \"tokenStoreEnabled\": null,\r\n      \"allowedExternalRedirectUrls\": null,\r\n      \"defaultProvider\": null,\r\n      \"clientId\": null,\r\n      \"clientSecret\": null,\r\n      \"clientSecretCertificateThumbprint\": null,\r\n      \"issuer\": null,\r\n      \"allowedAudiences\": null,\r\n      \"additionalLoginParams\": null,\r\n      \"isAadAutoProvisioned\": false,\r\n      \"googleClientId\": null,\r\n      \"googleClientSecret\": null,\r\n      \"googleOAuthScopes\": null,\r\n      \"facebookAppId\": null,\r\n      \"facebookAppSecret\": null,\r\n      \"facebookOAuthScopes\": null,\r\n      \"twitterConsumerKey\": null,\r\n      \"twitterConsumerSecret\": null,\r\n      \"microsoftAccountClientId\": null,\r\n      \"microsoftAccountClientSecret\": null,\r\n      \"microsoftAccountOAuthScopes\": null\r\n    },\r\n    \"cors\": {\r\n      \"allowedOrigins\": [\r\n        \"https://functions.azure.com\",\r\n        \"https://functions-staging.azure.com\",\r\n        \"https://functions-next.azure.com\"\r\n      ],\r\n      \"supportCredentials\": false\r\n    },\r\n    \"push\": null,\r\n    \"apiDefinition\": null,\r\n    \"apiManagementConfig\": null,\r\n    \"autoSwapSlotName\": null,\r\n    \"localMySqlEnabled\": false,\r\n    \"managedServiceIdentityId\": null,\r\n    \"xManagedServiceIdentityId\": null,\r\n    \"ipSecurityRestrictions\": null,\r\n    \"scmIpSecurityRestrictions\": null,\r\n    \"scmIpSecurityRestrictionsUseMain\": false,\r\n    \"http20Enabled\": false,\r\n    \"minTlsVersion\": \"1.2\",\r\n    \"ftpsState\": \"AllAllowed\",\r\n    \"reservedInstanceCount\": 0,\r\n    \"preWarmedInstanceCount\": null\r\n  }\r\n}",
      "StatusCode": 200
    },
    {
      "RequestUri": "/subscriptions/0b1f6471-1bf0-4dda-aec3-cb9272f09590/resourceGroups/javacsmrg1511/providers/Microsoft.Storage/storageAccounts/javast5569/listKeys?api-version=2017-10-01",
      "EncodedRequestUri": "L3N1YnNjcmlwdGlvbnMvMGIxZjY0NzEtMWJmMC00ZGRhLWFlYzMtY2I5MjcyZjA5NTkwL3Jlc291cmNlR3JvdXBzL2phdmFjc21yZzE1MTEvcHJvdmlkZXJzL01pY3Jvc29mdC5TdG9yYWdlL3N0b3JhZ2VBY2NvdW50cy9qYXZhc3Q1NTY5L2xpc3RLZXlzP2FwaS12ZXJzaW9uPTIwMTctMTAtMDE=",
      "RequestMethod": "POST",
      "RequestBody": "",
      "RequestHeaders": {
        "x-ms-client-request-id": [
          "716236aa-cc37-4250-b2b1-092d386d1c8c"
        ],
        "Accept-Language": [
          "en-US"
        ],
        "User-Agent": [
          "FxVersion/4.6.26725.06",
          "OSName/Windows",
          "OSVersion/Microsoft.Windows.10.0.17763.",
          "Microsoft.Azure.Management.Storage.Fluent.StorageManagementClient/1.21.0.0",
          "MacAddressHash/1706214d8731cf2405675fdf5fb8b4bf75f06e7a9bb34e8d93f8f4a5d61acc28"
        ]
      },
      "ResponseHeaders": {
        "Cache-Control": [
          "no-cache"
        ],
        "Pragma": [
          "no-cache"
        ],
        "x-ms-request-id": [
          "bafa7942-ec8f-47e9-8f99-451d8fbdc134"
        ],
        "Strict-Transport-Security": [
          "max-age=31536000; includeSubDomains"
        ],
        "Server": [
          "Microsoft-Azure-Storage-Resource-Provider/1.0,Microsoft-HTTPAPI/2.0 Microsoft-HTTPAPI/2.0"
        ],
        "x-ms-ratelimit-remaining-subscription-writes": [
          "1199"
        ],
        "x-ms-correlation-request-id": [
          "2a90fe28-3949-40be-8bc9-7e3c045d2c63"
        ],
        "x-ms-routing-request-id": [
          "WESTUS:20190413T025239Z:2a90fe28-3949-40be-8bc9-7e3c045d2c63"
        ],
        "X-Content-Type-Options": [
          "nosniff"
        ],
        "Date": [
          "Sat, 13 Apr 2019 02:52:38 GMT"
        ],
        "Content-Length": [
          "288"
        ],
        "Content-Type": [
          "application/json"
        ],
        "Expires": [
          "-1"
        ]
      },
      "ResponseBody": "{\r\n  \"keys\": [\r\n    {\r\n      \"keyName\": \"key1\",\r\n      \"value\": \"g/gG/UBBwcTeJhsoySdlg5vXByKzlfa7scm+i+Je7tkA66FOgAqvn+hfr34rWZATaF8exWEUD2dLfuKjIs84dQ==\",\r\n      \"permissions\": \"FULL\"\r\n    },\r\n    {\r\n      \"keyName\": \"key2\",\r\n      \"value\": \"bRiSIhiNsC5ogsNSLRWfROns49QWeCwVIoMQbJc0tssvwX7RVe7XsCyXiigymkP5zfHteuxEouLCCqsFIjVHTg==\",\r\n      \"permissions\": \"FULL\"\r\n    }\r\n  ]\r\n}",
      "StatusCode": 200
    },
    {
      "RequestUri": "/subscriptions/0b1f6471-1bf0-4dda-aec3-cb9272f09590/resourceGroups/javacsmrg1511/providers/Microsoft.Web/sites/IAmAFuncitonNameThatIsLonger5460/config/appsettings/list?api-version=2018-02-01",
      "EncodedRequestUri": "L3N1YnNjcmlwdGlvbnMvMGIxZjY0NzEtMWJmMC00ZGRhLWFlYzMtY2I5MjcyZjA5NTkwL3Jlc291cmNlR3JvdXBzL2phdmFjc21yZzE1MTEvcHJvdmlkZXJzL01pY3Jvc29mdC5XZWIvc2l0ZXMvSUFtQUZ1bmNpdG9uTmFtZVRoYXRJc0xvbmdlcjU0NjAvY29uZmlnL2FwcHNldHRpbmdzL2xpc3Q/YXBpLXZlcnNpb249MjAxOC0wMi0wMQ==",
      "RequestMethod": "POST",
      "RequestBody": "",
      "RequestHeaders": {
        "x-ms-client-request-id": [
          "4624726e-36c9-4f5d-b151-a520a03e7b9c"
        ],
        "Accept-Language": [
          "en-US"
        ],
        "User-Agent": [
          "FxVersion/4.6.26725.06",
          "OSName/Windows",
          "OSVersion/Microsoft.Windows.10.0.17763.",
          "Microsoft.Azure.Management.AppService.Fluent.WebSiteManagementClient/1.21.0.0",
          "MacAddressHash/1706214d8731cf2405675fdf5fb8b4bf75f06e7a9bb34e8d93f8f4a5d61acc28"
        ]
      },
      "ResponseHeaders": {
        "Cache-Control": [
          "no-cache"
        ],
        "Pragma": [
          "no-cache"
        ],
        "Strict-Transport-Security": [
          "max-age=31536000; includeSubDomains"
        ],
        "x-ms-request-id": [
          "a93925cf-c768-452e-ab30-9f97b71fc7af"
        ],
        "Server": [
          "Microsoft-IIS/10.0"
        ],
        "X-AspNet-Version": [
          "4.0.30319"
        ],
        "X-Powered-By": [
          "ASP.NET"
        ],
        "x-ms-ratelimit-remaining-subscription-resource-requests": [
          "11999"
        ],
        "x-ms-correlation-request-id": [
          "92e8aef7-b045-4e73-928b-93879fcd1744"
        ],
        "x-ms-routing-request-id": [
          "WESTUS:20190413T025239Z:92e8aef7-b045-4e73-928b-93879fcd1744"
        ],
        "X-Content-Type-Options": [
          "nosniff"
        ],
        "Date": [
          "Sat, 13 Apr 2019 02:52:38 GMT"
        ],
        "Content-Length": [
          "309"
        ],
        "Content-Type": [
          "application/json"
        ],
        "Expires": [
          "-1"
        ]
      },
      "ResponseBody": "{\r\n  \"id\": \"/subscriptions/0b1f6471-1bf0-4dda-aec3-cb9272f09590/resourceGroups/javacsmrg1511/providers/Microsoft.Web/sites/IAmAFuncitonNameThatIsLonger5460/config/appsettings\",\r\n  \"name\": \"appsettings\",\r\n  \"type\": \"Microsoft.Web/sites/config\",\r\n  \"location\": \"West US\",\r\n  \"tags\": {},\r\n  \"properties\": {\r\n    \"FUNCTIONS_EXTENSION_VERSION\": \"~1\"\r\n  }\r\n}",
      "StatusCode": 200
    },
    {
      "RequestUri": "/subscriptions/0b1f6471-1bf0-4dda-aec3-cb9272f09590/resourceGroups/javacsmrg1511/providers/Microsoft.Web/sites/IAmAFuncitonNameThatIsLonger5460/config/appsettings?api-version=2018-02-01",
      "EncodedRequestUri": "L3N1YnNjcmlwdGlvbnMvMGIxZjY0NzEtMWJmMC00ZGRhLWFlYzMtY2I5MjcyZjA5NTkwL3Jlc291cmNlR3JvdXBzL2phdmFjc21yZzE1MTEvcHJvdmlkZXJzL01pY3Jvc29mdC5XZWIvc2l0ZXMvSUFtQUZ1bmNpdG9uTmFtZVRoYXRJc0xvbmdlcjU0NjAvY29uZmlnL2FwcHNldHRpbmdzP2FwaS12ZXJzaW9uPTIwMTgtMDItMDE=",
      "RequestMethod": "PUT",
      "RequestBody": "{\r\n  \"properties\": {\r\n    \"FUNCTIONS_EXTENSION_VERSION\": \"~1\",\r\n    \"AzureWebJobsStorage\": \"DefaultEndpointsProtocol=https;AccountName=javast5569;AccountKey=g/gG/UBBwcTeJhsoySdlg5vXByKzlfa7scm+i+Je7tkA66FOgAqvn+hfr34rWZATaF8exWEUD2dLfuKjIs84dQ==\",\r\n    \"AzureWebJobsDashboard\": \"DefaultEndpointsProtocol=https;AccountName=javast5569;AccountKey=g/gG/UBBwcTeJhsoySdlg5vXByKzlfa7scm+i+Je7tkA66FOgAqvn+hfr34rWZATaF8exWEUD2dLfuKjIs84dQ==\",\r\n    \"WEBSITE_CONTENTAZUREFILECONNECTIONSTRING\": \"DefaultEndpointsProtocol=https;AccountName=javast5569;AccountKey=g/gG/UBBwcTeJhsoySdlg5vXByKzlfa7scm+i+Je7tkA66FOgAqvn+hfr34rWZATaF8exWEUD2dLfuKjIs84dQ==\",\r\n    \"WEBSITE_CONTENTSHARE\": \"iamafuncitonnamethatislonger546085733\"\r\n  },\r\n  \"location\": \"West US\",\r\n  \"tags\": {}\r\n}",
      "RequestHeaders": {
        "x-ms-client-request-id": [
          "b39a3091-80bc-42e7-93a1-b42557fcf2b6"
        ],
        "Accept-Language": [
          "en-US"
        ],
        "User-Agent": [
          "FxVersion/4.6.26725.06",
          "OSName/Windows",
          "OSVersion/Microsoft.Windows.10.0.17763.",
          "Microsoft.Azure.Management.AppService.Fluent.WebSiteManagementClient/1.21.0.0",
          "MacAddressHash/1706214d8731cf2405675fdf5fb8b4bf75f06e7a9bb34e8d93f8f4a5d61acc28"
        ],
        "Content-Type": [
          "application/json; charset=utf-8"
        ],
        "Content-Length": [
          "758"
        ]
      },
      "ResponseHeaders": {
        "Cache-Control": [
          "no-cache"
        ],
        "Pragma": [
          "no-cache"
        ],
        "ETag": [
          "\"1D4F1A3F6322B75\""
        ],
        "Strict-Transport-Security": [
          "max-age=31536000; includeSubDomains"
        ],
        "x-ms-request-id": [
          "c81959b7-9905-41e1-a5a2-f67e1b876917"
        ],
        "Server": [
          "Microsoft-IIS/10.0"
        ],
        "X-AspNet-Version": [
          "4.0.30319"
        ],
        "X-Powered-By": [
          "ASP.NET"
        ],
        "x-ms-ratelimit-remaining-subscription-writes": [
          "1197"
        ],
        "x-ms-correlation-request-id": [
          "31ff722f-99d6-4726-b587-b12de36698e6"
        ],
        "x-ms-routing-request-id": [
          "WESTUS:20190413T025242Z:31ff722f-99d6-4726-b587-b12de36698e6"
        ],
        "X-Content-Type-Options": [
          "nosniff"
        ],
        "Date": [
          "Sat, 13 Apr 2019 02:52:41 GMT"
        ],
        "Content-Length": [
          "929"
        ],
        "Content-Type": [
          "application/json"
        ],
        "Expires": [
          "-1"
        ]
      },
      "ResponseBody": "{\r\n  \"id\": \"/subscriptions/0b1f6471-1bf0-4dda-aec3-cb9272f09590/resourceGroups/javacsmrg1511/providers/Microsoft.Web/sites/IAmAFuncitonNameThatIsLonger5460/config/appsettings\",\r\n  \"name\": \"appsettings\",\r\n  \"type\": \"Microsoft.Web/sites/config\",\r\n  \"location\": \"West US\",\r\n  \"tags\": {},\r\n  \"properties\": {\r\n    \"FUNCTIONS_EXTENSION_VERSION\": \"~1\",\r\n    \"AzureWebJobsStorage\": \"DefaultEndpointsProtocol=https;AccountName=javast5569;AccountKey=g/gG/UBBwcTeJhsoySdlg5vXByKzlfa7scm+i+Je7tkA66FOgAqvn+hfr34rWZATaF8exWEUD2dLfuKjIs84dQ==\",\r\n    \"AzureWebJobsDashboard\": \"DefaultEndpointsProtocol=https;AccountName=javast5569;AccountKey=g/gG/UBBwcTeJhsoySdlg5vXByKzlfa7scm+i+Je7tkA66FOgAqvn+hfr34rWZATaF8exWEUD2dLfuKjIs84dQ==\",\r\n    \"WEBSITE_CONTENTAZUREFILECONNECTIONSTRING\": \"DefaultEndpointsProtocol=https;AccountName=javast5569;AccountKey=g/gG/UBBwcTeJhsoySdlg5vXByKzlfa7scm+i+Je7tkA66FOgAqvn+hfr34rWZATaF8exWEUD2dLfuKjIs84dQ==\",\r\n    \"WEBSITE_CONTENTSHARE\": \"iamafuncitonnamethatislonger546085733\"\r\n  }\r\n}",
      "StatusCode": 200
    },
    {
      "RequestUri": "/subscriptions/0b1f6471-1bf0-4dda-aec3-cb9272f09590/resourceGroups/javacsmrg1511/providers/Microsoft.Web/sites/IAmAFuncitonNameThatIsLonger5460?api-version=2018-02-01",
      "EncodedRequestUri": "L3N1YnNjcmlwdGlvbnMvMGIxZjY0NzEtMWJmMC00ZGRhLWFlYzMtY2I5MjcyZjA5NTkwL3Jlc291cmNlR3JvdXBzL2phdmFjc21yZzE1MTEvcHJvdmlkZXJzL01pY3Jvc29mdC5XZWIvc2l0ZXMvSUFtQUZ1bmNpdG9uTmFtZVRoYXRJc0xvbmdlcjU0NjA/YXBpLXZlcnNpb249MjAxOC0wMi0wMQ==",
      "RequestMethod": "PATCH",
      "RequestBody": "{\r\n  \"properties\": {\r\n    \"enabled\": true,\r\n    \"hostNameSslStates\": [\r\n      {\r\n        \"name\": \"iamafuncitonnamethatislonger5460.azurewebsites.net\",\r\n        \"sslState\": \"Disabled\",\r\n        \"hostType\": \"Standard\"\r\n      },\r\n      {\r\n        \"name\": \"iamafuncitonnamethatislonger5460.scm.azurewebsites.net\",\r\n        \"sslState\": \"Disabled\",\r\n        \"hostType\": \"Repository\"\r\n      }\r\n    ],\r\n    \"serverFarmId\": \"/subscriptions/0b1f6471-1bf0-4dda-aec3-cb9272f09590/resourceGroups/javacsmrg1511/providers/Microsoft.Web/serverfarms/iamafuncitonnamethatislonger5460plan02532\",\r\n    \"reserved\": false,\r\n    \"isXenon\": false,\r\n    \"hyperV\": false,\r\n    \"siteConfig\": {},\r\n    \"scmSiteAlsoStopped\": false,\r\n    \"clientAffinityEnabled\": false,\r\n    \"clientCertEnabled\": false,\r\n    \"hostNamesDisabled\": false,\r\n    \"containerSize\": 1536,\r\n    \"dailyMemoryTimeQuota\": 0,\r\n    \"httpsOnly\": false,\r\n    \"redundancyMode\": \"None\"\r\n  },\r\n  \"kind\": \"functionapp\",\r\n  \"tags\": {\r\n    \"PackageUpdateDate\": \"07/17/2018\"\r\n  }\r\n}",
      "RequestHeaders": {
        "x-ms-client-request-id": [
          "86e9ae11-da93-463b-8ded-41bc3b97ff08"
        ],
        "Accept-Language": [
          "en-US"
        ],
        "User-Agent": [
          "FxVersion/4.6.26725.06",
          "OSName/Windows",
          "OSVersion/Microsoft.Windows.10.0.17763.",
          "Microsoft.Azure.Management.AppService.Fluent.WebSiteManagementClient/1.21.0.0",
          "MacAddressHash/1706214d8731cf2405675fdf5fb8b4bf75f06e7a9bb34e8d93f8f4a5d61acc28"
        ],
        "Content-Type": [
          "application/json; charset=utf-8"
        ],
        "Content-Length": [
          "1012"
        ]
      },
      "ResponseHeaders": {
        "Cache-Control": [
          "no-cache"
        ],
        "Pragma": [
          "no-cache"
        ],
        "ETag": [
          "\"1D4F1A3F6322B75\""
        ],
        "Strict-Transport-Security": [
          "max-age=31536000; includeSubDomains"
        ],
        "x-ms-request-id": [
          "b68fe1d8-66af-4e48-b387-3fc9c9fa4394"
        ],
        "Server": [
          "Microsoft-IIS/10.0"
        ],
        "X-AspNet-Version": [
          "4.0.30319"
        ],
        "X-Powered-By": [
          "ASP.NET"
        ],
        "x-ms-ratelimit-remaining-subscription-resource-requests": [
          "498"
        ],
        "x-ms-correlation-request-id": [
          "f4ce06d6-4501-44ea-b5d0-9c75974d6b21"
        ],
        "x-ms-routing-request-id": [
          "WESTUS:20190413T025243Z:f4ce06d6-4501-44ea-b5d0-9c75974d6b21"
        ],
        "X-Content-Type-Options": [
          "nosniff"
        ],
        "Date": [
          "Sat, 13 Apr 2019 02:52:43 GMT"
        ],
        "Content-Length": [
          "3234"
        ],
        "Content-Type": [
          "application/json"
        ],
        "Expires": [
          "-1"
        ]
      },
      "ResponseBody": "{\r\n  \"id\": \"/subscriptions/0b1f6471-1bf0-4dda-aec3-cb9272f09590/resourceGroups/javacsmrg1511/providers/Microsoft.Web/sites/IAmAFuncitonNameThatIsLonger5460\",\r\n  \"name\": \"IAmAFuncitonNameThatIsLonger5460\",\r\n  \"type\": \"Microsoft.Web/sites\",\r\n  \"kind\": \"functionapp\",\r\n  \"location\": \"West US\",\r\n  \"tags\": {\r\n    \"PackageUpdateDate\": \"07/17/2018\"\r\n  },\r\n  \"properties\": {\r\n    \"name\": \"IAmAFuncitonNameThatIsLonger5460\",\r\n    \"state\": \"Running\",\r\n    \"hostNames\": [\r\n      \"iamafuncitonnamethatislonger5460.azurewebsites.net\"\r\n    ],\r\n    \"webSpace\": \"javacsmrg1511-WestUSwebspace\",\r\n    \"selfLink\": \"https://waws-prod-bay-123.api.azurewebsites.windows.net:454/subscriptions/0b1f6471-1bf0-4dda-aec3-cb9272f09590/webspaces/javacsmrg1511-WestUSwebspace/sites/IAmAFuncitonNameThatIsLonger5460\",\r\n    \"repositorySiteName\": \"IAmAFuncitonNameThatIsLonger5460\",\r\n    \"owner\": null,\r\n    \"usageState\": \"Normal\",\r\n    \"enabled\": true,\r\n    \"adminEnabled\": true,\r\n    \"enabledHostNames\": [\r\n      \"iamafuncitonnamethatislonger5460.azurewebsites.net\",\r\n      \"iamafuncitonnamethatislonger5460.scm.azurewebsites.net\"\r\n    ],\r\n    \"siteProperties\": {\r\n      \"metadata\": null,\r\n      \"properties\": [\r\n        {\r\n          \"name\": \"LinuxFxVersion\",\r\n          \"value\": \"\"\r\n        },\r\n        {\r\n          \"name\": \"WindowsFxVersion\",\r\n          \"value\": null\r\n        }\r\n      ],\r\n      \"appSettings\": null\r\n    },\r\n    \"availabilityState\": \"Normal\",\r\n    \"sslCertificates\": null,\r\n    \"csrs\": [],\r\n    \"cers\": null,\r\n    \"siteMode\": null,\r\n    \"hostNameSslStates\": [\r\n      {\r\n        \"name\": \"iamafuncitonnamethatislonger5460.azurewebsites.net\",\r\n        \"sslState\": \"Disabled\",\r\n        \"ipBasedSslResult\": null,\r\n        \"virtualIP\": null,\r\n        \"thumbprint\": null,\r\n        \"toUpdate\": null,\r\n        \"toUpdateIpBasedSsl\": null,\r\n        \"ipBasedSslState\": \"NotConfigured\",\r\n        \"hostType\": \"Standard\"\r\n      },\r\n      {\r\n        \"name\": \"iamafuncitonnamethatislonger5460.scm.azurewebsites.net\",\r\n        \"sslState\": \"Disabled\",\r\n        \"ipBasedSslResult\": null,\r\n        \"virtualIP\": null,\r\n        \"thumbprint\": null,\r\n        \"toUpdate\": null,\r\n        \"toUpdateIpBasedSsl\": null,\r\n        \"ipBasedSslState\": \"NotConfigured\",\r\n        \"hostType\": \"Repository\"\r\n      }\r\n    ],\r\n    \"computeMode\": null,\r\n    \"serverFarm\": null,\r\n    \"serverFarmId\": \"/subscriptions/0b1f6471-1bf0-4dda-aec3-cb9272f09590/resourceGroups/javacsmrg1511/providers/Microsoft.Web/serverfarms/iamafuncitonnamethatislonger5460plan02532\",\r\n    \"reserved\": false,\r\n    \"isXenon\": false,\r\n    \"hyperV\": false,\r\n    \"lastModifiedTimeUtc\": \"2019-04-13T02:52:43.0766667\",\r\n    \"storageRecoveryDefaultState\": \"Running\",\r\n    \"contentAvailabilityState\": \"Normal\",\r\n    \"runtimeAvailabilityState\": \"Normal\",\r\n    \"siteConfig\": null,\r\n    \"deploymentId\": \"IAmAFuncitonNameThatIsLonger5460\",\r\n    \"trafficManagerHostNames\": null,\r\n    \"sku\": \"Premium\",\r\n    \"scmSiteAlsoStopped\": false,\r\n    \"targetSwapSlot\": null,\r\n    \"hostingEnvironment\": null,\r\n    \"hostingEnvironmentProfile\": null,\r\n    \"clientAffinityEnabled\": false,\r\n    \"clientCertEnabled\": false,\r\n    \"clientCertExclusionPaths\": null,\r\n    \"hostNamesDisabled\": false,\r\n    \"domainVerificationIdentifiers\": null,\r\n    \"kind\": \"functionapp\",\r\n    \"outboundIpAddresses\": \"40.112.243.0,13.91.46.203,40.112.255.35,13.91.41.7,13.91.40.30\",\r\n    \"possibleOutboundIpAddresses\": \"40.112.243.0,13.91.46.203,40.112.255.35,13.91.41.7,13.91.40.30,40.112.164.63,40.83.181.150,40.112.248.128\",\r\n    \"containerSize\": 1536,\r\n    \"dailyMemoryTimeQuota\": 0,\r\n    \"suspendedTill\": null,\r\n    \"siteDisabledReason\": 0,\r\n    \"functionExecutionUnitsCache\": null,\r\n    \"maxNumberOfWorkers\": null,\r\n    \"homeStamp\": \"waws-prod-bay-123\",\r\n    \"cloningInfo\": null,\r\n    \"hostingEnvironmentId\": null,\r\n    \"tags\": {\r\n      \"PackageUpdateDate\": \"07/17/2018\"\r\n    },\r\n    \"resourceGroup\": \"javacsmrg1511\",\r\n    \"defaultHostName\": \"iamafuncitonnamethatislonger5460.azurewebsites.net\",\r\n    \"slotSwapStatus\": null,\r\n    \"httpsOnly\": false,\r\n    \"redundancyMode\": \"None\",\r\n    \"inProgressOperationId\": null,\r\n    \"geoDistributions\": null\r\n  }\r\n}",
      "StatusCode": 200
    },
    {
      "RequestUri": "/subscriptions/0b1f6471-1bf0-4dda-aec3-cb9272f09590/resourceGroups/javacsmrg1511/providers/Microsoft.Web/sites/IAmAFuncitonNameThatIsLonger5460/config/web?api-version=2018-02-01",
      "EncodedRequestUri": "L3N1YnNjcmlwdGlvbnMvMGIxZjY0NzEtMWJmMC00ZGRhLWFlYzMtY2I5MjcyZjA5NTkwL3Jlc291cmNlR3JvdXBzL2phdmFjc21yZzE1MTEvcHJvdmlkZXJzL01pY3Jvc29mdC5XZWIvc2l0ZXMvSUFtQUZ1bmNpdG9uTmFtZVRoYXRJc0xvbmdlcjU0NjAvY29uZmlnL3dlYj9hcGktdmVyc2lvbj0yMDE4LTAyLTAx",
      "RequestMethod": "GET",
      "RequestBody": "",
      "RequestHeaders": {
        "x-ms-client-request-id": [
          "fe1fc4dc-8506-4643-8323-addcd01d6788"
        ],
        "Accept-Language": [
          "en-US"
        ],
        "User-Agent": [
          "FxVersion/4.6.26725.06",
          "OSName/Windows",
          "OSVersion/Microsoft.Windows.10.0.17763.",
          "Microsoft.Azure.Management.AppService.Fluent.WebSiteManagementClient/1.21.0.0",
          "MacAddressHash/1706214d8731cf2405675fdf5fb8b4bf75f06e7a9bb34e8d93f8f4a5d61acc28"
        ]
      },
      "ResponseHeaders": {
        "Cache-Control": [
          "no-cache"
        ],
        "Pragma": [
          "no-cache"
        ],
        "Strict-Transport-Security": [
          "max-age=31536000; includeSubDomains"
        ],
        "x-ms-request-id": [
          "1a0bb3dc-f6ee-484b-9624-ee800eb42423"
        ],
        "Server": [
          "Microsoft-IIS/10.0"
        ],
        "X-AspNet-Version": [
          "4.0.30319"
        ],
        "X-Powered-By": [
          "ASP.NET"
        ],
        "x-ms-ratelimit-remaining-subscription-reads": [
          "11992"
        ],
        "x-ms-correlation-request-id": [
          "e69f3fd4-e767-4474-9283-80c8311ab0f3"
        ],
        "x-ms-routing-request-id": [
          "WESTUS:20190413T025245Z:e69f3fd4-e767-4474-9283-80c8311ab0f3"
        ],
        "X-Content-Type-Options": [
          "nosniff"
        ],
        "Date": [
          "Sat, 13 Apr 2019 02:52:45 GMT"
        ],
        "Content-Length": [
          "2893"
        ],
        "Content-Type": [
          "application/json"
        ],
        "Expires": [
          "-1"
        ]
      },
      "ResponseBody": "{\r\n  \"id\": \"/subscriptions/0b1f6471-1bf0-4dda-aec3-cb9272f09590/resourceGroups/javacsmrg1511/providers/Microsoft.Web/sites/IAmAFuncitonNameThatIsLonger5460/config/web\",\r\n  \"name\": \"IAmAFuncitonNameThatIsLonger5460\",\r\n  \"type\": \"Microsoft.Web/sites/config\",\r\n  \"location\": \"West US\",\r\n  \"tags\": {\r\n    \"PackageUpdateDate\": \"07/17/2018\"\r\n  },\r\n  \"properties\": {\r\n    \"numberOfWorkers\": 1,\r\n    \"defaultDocuments\": [\r\n      \"Default.htm\",\r\n      \"Default.html\",\r\n      \"Default.asp\",\r\n      \"index.htm\",\r\n      \"index.html\",\r\n      \"iisstart.htm\",\r\n      \"default.aspx\",\r\n      \"index.php\"\r\n    ],\r\n    \"netFrameworkVersion\": \"v4.0\",\r\n    \"phpVersion\": \"5.6\",\r\n    \"pythonVersion\": \"\",\r\n    \"nodeVersion\": \"\",\r\n    \"linuxFxVersion\": \"\",\r\n    \"windowsFxVersion\": null,\r\n    \"requestTracingEnabled\": false,\r\n    \"remoteDebuggingEnabled\": false,\r\n    \"remoteDebuggingVersion\": \"VS2017\",\r\n    \"httpLoggingEnabled\": false,\r\n    \"logsDirectorySizeLimit\": 35,\r\n    \"detailedErrorLoggingEnabled\": false,\r\n    \"publishingUsername\": \"$IAmAFuncitonNameThatIsLonger5460\",\r\n    \"publishingPassword\": null,\r\n    \"appSettings\": null,\r\n    \"metadata\": null,\r\n    \"connectionStrings\": null,\r\n    \"machineKey\": null,\r\n    \"handlerMappings\": null,\r\n    \"documentRoot\": null,\r\n    \"scmType\": \"None\",\r\n    \"use32BitWorkerProcess\": true,\r\n    \"webSocketsEnabled\": false,\r\n    \"alwaysOn\": true,\r\n    \"javaVersion\": null,\r\n    \"javaContainer\": null,\r\n    \"javaContainerVersion\": null,\r\n    \"appCommandLine\": \"\",\r\n    \"managedPipelineMode\": \"Integrated\",\r\n    \"virtualApplications\": [\r\n      {\r\n        \"virtualPath\": \"/\",\r\n        \"physicalPath\": \"site\\\\wwwroot\",\r\n        \"preloadEnabled\": true,\r\n        \"virtualDirectories\": null\r\n      }\r\n    ],\r\n    \"winAuthAdminState\": 0,\r\n    \"winAuthTenantState\": 0,\r\n    \"customAppPoolIdentityAdminState\": false,\r\n    \"customAppPoolIdentityTenantState\": false,\r\n    \"runtimeADUser\": null,\r\n    \"runtimeADUserPassword\": null,\r\n    \"loadBalancing\": \"LeastRequests\",\r\n    \"routingRules\": [],\r\n    \"experiments\": {\r\n      \"rampUpRules\": []\r\n    },\r\n    \"limits\": null,\r\n    \"autoHealEnabled\": false,\r\n    \"autoHealRules\": null,\r\n    \"tracingOptions\": null,\r\n    \"vnetName\": \"\",\r\n    \"siteAuthEnabled\": false,\r\n    \"siteAuthSettings\": {\r\n      \"enabled\": null,\r\n      \"unauthenticatedClientAction\": null,\r\n      \"tokenStoreEnabled\": null,\r\n      \"allowedExternalRedirectUrls\": null,\r\n      \"defaultProvider\": null,\r\n      \"clientId\": null,\r\n      \"clientSecret\": null,\r\n      \"clientSecretCertificateThumbprint\": null,\r\n      \"issuer\": null,\r\n      \"allowedAudiences\": null,\r\n      \"additionalLoginParams\": null,\r\n      \"isAadAutoProvisioned\": false,\r\n      \"googleClientId\": null,\r\n      \"googleClientSecret\": null,\r\n      \"googleOAuthScopes\": null,\r\n      \"facebookAppId\": null,\r\n      \"facebookAppSecret\": null,\r\n      \"facebookOAuthScopes\": null,\r\n      \"twitterConsumerKey\": null,\r\n      \"twitterConsumerSecret\": null,\r\n      \"microsoftAccountClientId\": null,\r\n      \"microsoftAccountClientSecret\": null,\r\n      \"microsoftAccountOAuthScopes\": null\r\n    },\r\n    \"cors\": {\r\n      \"allowedOrigins\": [\r\n        \"https://functions.azure.com\",\r\n        \"https://functions-staging.azure.com\",\r\n        \"https://functions-next.azure.com\"\r\n      ],\r\n      \"supportCredentials\": false\r\n    },\r\n    \"push\": null,\r\n    \"apiDefinition\": null,\r\n    \"apiManagementConfig\": null,\r\n    \"autoSwapSlotName\": null,\r\n    \"localMySqlEnabled\": false,\r\n    \"managedServiceIdentityId\": null,\r\n    \"xManagedServiceIdentityId\": null,\r\n    \"ipSecurityRestrictions\": null,\r\n    \"scmIpSecurityRestrictions\": null,\r\n    \"scmIpSecurityRestrictionsUseMain\": false,\r\n    \"http20Enabled\": false,\r\n    \"minTlsVersion\": \"1.2\",\r\n    \"ftpsState\": \"AllAllowed\",\r\n    \"reservedInstanceCount\": 0,\r\n    \"preWarmedInstanceCount\": null\r\n  }\r\n}",
      "StatusCode": 200
    },
    {
      "RequestUri": "/subscriptions/0b1f6471-1bf0-4dda-aec3-cb9272f09590/resourceGroups/javacsmrg1511/providers/Microsoft.Web/sites/IAmAFuncitonNameThatIsLonger5460/config/logs?api-version=2018-02-01",
      "EncodedRequestUri": "L3N1YnNjcmlwdGlvbnMvMGIxZjY0NzEtMWJmMC00ZGRhLWFlYzMtY2I5MjcyZjA5NTkwL3Jlc291cmNlR3JvdXBzL2phdmFjc21yZzE1MTEvcHJvdmlkZXJzL01pY3Jvc29mdC5XZWIvc2l0ZXMvSUFtQUZ1bmNpdG9uTmFtZVRoYXRJc0xvbmdlcjU0NjAvY29uZmlnL2xvZ3M/YXBpLXZlcnNpb249MjAxOC0wMi0wMQ==",
      "RequestMethod": "GET",
      "RequestBody": "",
      "RequestHeaders": {
        "x-ms-client-request-id": [
          "a3514d11-e34f-4995-9b86-6249ff8cbaa2"
        ],
        "Accept-Language": [
          "en-US"
        ],
        "User-Agent": [
          "FxVersion/4.6.26725.06",
          "OSName/Windows",
          "OSVersion/Microsoft.Windows.10.0.17763.",
          "Microsoft.Azure.Management.AppService.Fluent.WebSiteManagementClient/1.21.0.0",
          "MacAddressHash/1706214d8731cf2405675fdf5fb8b4bf75f06e7a9bb34e8d93f8f4a5d61acc28"
        ]
      },
      "ResponseHeaders": {
        "Cache-Control": [
          "no-cache"
        ],
        "Pragma": [
          "no-cache"
        ],
        "Strict-Transport-Security": [
          "max-age=31536000; includeSubDomains"
        ],
        "x-ms-request-id": [
          "4ae7e0ea-bf34-4e71-ba4e-7b0af4cc418b"
        ],
        "Server": [
          "Microsoft-IIS/10.0"
        ],
        "X-AspNet-Version": [
          "4.0.30319"
        ],
        "X-Powered-By": [
          "ASP.NET"
        ],
        "x-ms-ratelimit-remaining-subscription-reads": [
          "11991"
        ],
        "x-ms-correlation-request-id": [
          "d52f48cd-8efd-4a73-a944-42552030a1a4"
        ],
        "x-ms-routing-request-id": [
          "WESTUS:20190413T025246Z:d52f48cd-8efd-4a73-a944-42552030a1a4"
        ],
        "X-Content-Type-Options": [
          "nosniff"
        ],
        "Date": [
          "Sat, 13 Apr 2019 02:52:45 GMT"
        ],
        "Content-Length": [
          "707"
        ],
        "Content-Type": [
          "application/json"
        ],
        "Expires": [
          "-1"
        ]
      },
      "ResponseBody": "{\r\n  \"id\": \"/subscriptions/0b1f6471-1bf0-4dda-aec3-cb9272f09590/resourceGroups/javacsmrg1511/providers/Microsoft.Web/sites/IAmAFuncitonNameThatIsLonger5460/config/logs\",\r\n  \"name\": \"logs\",\r\n  \"type\": \"Microsoft.Web/sites/config\",\r\n  \"location\": \"West US\",\r\n  \"tags\": {\r\n    \"PackageUpdateDate\": \"07/17/2018\"\r\n  },\r\n  \"properties\": {\r\n    \"applicationLogs\": {\r\n      \"fileSystem\": {\r\n        \"level\": \"Off\"\r\n      },\r\n      \"azureTableStorage\": {\r\n        \"level\": \"Off\",\r\n        \"sasUrl\": null\r\n      },\r\n      \"azureBlobStorage\": {\r\n        \"level\": \"Off\",\r\n        \"sasUrl\": null,\r\n        \"retentionInDays\": null\r\n      }\r\n    },\r\n    \"httpLogs\": {\r\n      \"fileSystem\": {\r\n        \"retentionInMb\": 35,\r\n        \"retentionInDays\": null,\r\n        \"enabled\": false\r\n      },\r\n      \"azureBlobStorage\": {\r\n        \"sasUrl\": null,\r\n        \"retentionInDays\": null,\r\n        \"enabled\": false\r\n      }\r\n    },\r\n    \"failedRequestsTracing\": {\r\n      \"enabled\": false\r\n    },\r\n    \"detailedErrorMessages\": {\r\n      \"enabled\": false\r\n    }\r\n  }\r\n}",
      "StatusCode": 200
    },
    {
      "RequestUri": "/subscriptions/0b1f6471-1bf0-4dda-aec3-cb9272f09590/resourcegroups/javacsmrg1511?api-version=2017-05-10",
      "EncodedRequestUri": "L3N1YnNjcmlwdGlvbnMvMGIxZjY0NzEtMWJmMC00ZGRhLWFlYzMtY2I5MjcyZjA5NTkwL3Jlc291cmNlZ3JvdXBzL2phdmFjc21yZzE1MTE/YXBpLXZlcnNpb249MjAxNy0wNS0xMA==",
      "RequestMethod": "DELETE",
      "RequestBody": "",
      "RequestHeaders": {
        "x-ms-client-request-id": [
          "6418fe86-e3ba-4582-992e-1c2aa92ff499"
        ],
        "Accept-Language": [
          "en-US"
        ],
        "User-Agent": [
          "FxVersion/4.6.26725.06",
          "OSName/Windows",
          "OSVersion/Microsoft.Windows.10.0.17763.",
          "Microsoft.Azure.Management.ResourceManager.Fluent.ResourceManagementClient/1.21.0.0",
          "MacAddressHash/1706214d8731cf2405675fdf5fb8b4bf75f06e7a9bb34e8d93f8f4a5d61acc28"
        ]
      },
      "ResponseHeaders": {
        "Cache-Control": [
          "no-cache"
        ],
        "Pragma": [
          "no-cache"
        ],
        "Location": [
          "https://management.azure.com/subscriptions/0b1f6471-1bf0-4dda-aec3-cb9272f09590/operationresults/eyJqb2JJZCI6IlJFU09VUkNFR1JPVVBERUxFVElPTkpPQi1KQVZBQ1NNUkcxNTExLVdFU1RVUyIsImpvYkxvY2F0aW9uIjoid2VzdHVzIn0?api-version=2017-05-10"
        ],
        "Retry-After": [
          "15"
        ],
        "x-ms-ratelimit-remaining-subscription-deletes": [
          "14999"
        ],
        "x-ms-request-id": [
          "b547193a-c1d3-40a9-b8e3-53b03e64f7a0"
        ],
        "x-ms-correlation-request-id": [
          "b547193a-c1d3-40a9-b8e3-53b03e64f7a0"
        ],
        "x-ms-routing-request-id": [
          "WESTUS:20190413T025246Z:b547193a-c1d3-40a9-b8e3-53b03e64f7a0"
        ],
        "Strict-Transport-Security": [
          "max-age=31536000; includeSubDomains"
        ],
        "X-Content-Type-Options": [
          "nosniff"
        ],
        "Date": [
          "Sat, 13 Apr 2019 02:52:46 GMT"
        ],
        "Expires": [
          "-1"
        ],
        "Content-Length": [
          "0"
        ]
      },
      "ResponseBody": "",
      "StatusCode": 202
    },
    {
      "RequestUri": "/subscriptions/0b1f6471-1bf0-4dda-aec3-cb9272f09590/operationresults/eyJqb2JJZCI6IlJFU09VUkNFR1JPVVBERUxFVElPTkpPQi1KQVZBQ1NNUkcxNTExLVdFU1RVUyIsImpvYkxvY2F0aW9uIjoid2VzdHVzIn0?api-version=2017-05-10",
      "EncodedRequestUri": "L3N1YnNjcmlwdGlvbnMvMGIxZjY0NzEtMWJmMC00ZGRhLWFlYzMtY2I5MjcyZjA5NTkwL29wZXJhdGlvbnJlc3VsdHMvZXlKcWIySkpaQ0k2SWxKRlUwOVZVa05GUjFKUFZWQkVSVXhGVkVsUFRrcFBRaTFLUVZaQlExTk5Va2N4TlRFeExWZEZVMVJWVXlJc0ltcHZZa3h2WTJGMGFXOXVJam9pZDJWemRIVnpJbjA/YXBpLXZlcnNpb249MjAxNy0wNS0xMA==",
      "RequestMethod": "GET",
      "RequestBody": "",
      "RequestHeaders": {
        "User-Agent": [
          "FxVersion/4.6.26725.06",
          "OSName/Windows",
          "OSVersion/Microsoft.Windows.10.0.17763.",
          "Microsoft.Azure.Management.ResourceManager.Fluent.ResourceManagementClient/1.21.0.0",
          "MacAddressHash/1706214d8731cf2405675fdf5fb8b4bf75f06e7a9bb34e8d93f8f4a5d61acc28"
        ]
      },
      "ResponseHeaders": {
        "Cache-Control": [
          "no-cache"
        ],
        "Pragma": [
          "no-cache"
        ],
        "Location": [
          "https://management.azure.com/subscriptions/0b1f6471-1bf0-4dda-aec3-cb9272f09590/operationresults/eyJqb2JJZCI6IlJFU09VUkNFR1JPVVBERUxFVElPTkpPQi1KQVZBQ1NNUkcxNTExLVdFU1RVUyIsImpvYkxvY2F0aW9uIjoid2VzdHVzIn0?api-version=2017-05-10"
        ],
        "Retry-After": [
          "15"
        ],
        "x-ms-ratelimit-remaining-subscription-reads": [
          "11999"
        ],
        "x-ms-request-id": [
          "6d6b9b4f-e958-4dd1-a1ad-079f102301d5"
        ],
        "x-ms-correlation-request-id": [
          "6d6b9b4f-e958-4dd1-a1ad-079f102301d5"
        ],
        "x-ms-routing-request-id": [
          "WESTUS:20190413T025301Z:6d6b9b4f-e958-4dd1-a1ad-079f102301d5"
        ],
        "Strict-Transport-Security": [
          "max-age=31536000; includeSubDomains"
        ],
        "X-Content-Type-Options": [
          "nosniff"
        ],
        "Date": [
          "Sat, 13 Apr 2019 02:53:01 GMT"
        ],
        "Expires": [
          "-1"
        ],
        "Content-Length": [
          "0"
        ]
      },
      "ResponseBody": "",
      "StatusCode": 202
    },
    {
      "RequestUri": "/subscriptions/0b1f6471-1bf0-4dda-aec3-cb9272f09590/operationresults/eyJqb2JJZCI6IlJFU09VUkNFR1JPVVBERUxFVElPTkpPQi1KQVZBQ1NNUkcxNTExLVdFU1RVUyIsImpvYkxvY2F0aW9uIjoid2VzdHVzIn0?api-version=2017-05-10",
      "EncodedRequestUri": "L3N1YnNjcmlwdGlvbnMvMGIxZjY0NzEtMWJmMC00ZGRhLWFlYzMtY2I5MjcyZjA5NTkwL29wZXJhdGlvbnJlc3VsdHMvZXlKcWIySkpaQ0k2SWxKRlUwOVZVa05GUjFKUFZWQkVSVXhGVkVsUFRrcFBRaTFLUVZaQlExTk5Va2N4TlRFeExWZEZVMVJWVXlJc0ltcHZZa3h2WTJGMGFXOXVJam9pZDJWemRIVnpJbjA/YXBpLXZlcnNpb249MjAxNy0wNS0xMA==",
      "RequestMethod": "GET",
      "RequestBody": "",
      "RequestHeaders": {
        "User-Agent": [
          "FxVersion/4.6.26725.06",
          "OSName/Windows",
          "OSVersion/Microsoft.Windows.10.0.17763.",
          "Microsoft.Azure.Management.ResourceManager.Fluent.ResourceManagementClient/1.21.0.0",
          "MacAddressHash/1706214d8731cf2405675fdf5fb8b4bf75f06e7a9bb34e8d93f8f4a5d61acc28"
        ]
      },
      "ResponseHeaders": {
        "Cache-Control": [
          "no-cache"
        ],
        "Pragma": [
          "no-cache"
        ],
        "Location": [
          "https://management.azure.com/subscriptions/0b1f6471-1bf0-4dda-aec3-cb9272f09590/operationresults/eyJqb2JJZCI6IlJFU09VUkNFR1JPVVBERUxFVElPTkpPQi1KQVZBQ1NNUkcxNTExLVdFU1RVUyIsImpvYkxvY2F0aW9uIjoid2VzdHVzIn0?api-version=2017-05-10"
        ],
        "Retry-After": [
          "15"
        ],
        "x-ms-ratelimit-remaining-subscription-reads": [
          "11998"
        ],
        "x-ms-request-id": [
          "e3432859-17f3-41b7-9c17-e956d60abdca"
        ],
        "x-ms-correlation-request-id": [
          "e3432859-17f3-41b7-9c17-e956d60abdca"
        ],
        "x-ms-routing-request-id": [
          "WESTUS:20190413T025316Z:e3432859-17f3-41b7-9c17-e956d60abdca"
        ],
        "Strict-Transport-Security": [
          "max-age=31536000; includeSubDomains"
        ],
        "X-Content-Type-Options": [
          "nosniff"
        ],
        "Date": [
          "Sat, 13 Apr 2019 02:53:16 GMT"
        ],
        "Expires": [
          "-1"
        ],
        "Content-Length": [
          "0"
        ]
      },
      "ResponseBody": "",
      "StatusCode": 202
    },
    {
      "RequestUri": "/subscriptions/0b1f6471-1bf0-4dda-aec3-cb9272f09590/operationresults/eyJqb2JJZCI6IlJFU09VUkNFR1JPVVBERUxFVElPTkpPQi1KQVZBQ1NNUkcxNTExLVdFU1RVUyIsImpvYkxvY2F0aW9uIjoid2VzdHVzIn0?api-version=2017-05-10",
      "EncodedRequestUri": "L3N1YnNjcmlwdGlvbnMvMGIxZjY0NzEtMWJmMC00ZGRhLWFlYzMtY2I5MjcyZjA5NTkwL29wZXJhdGlvbnJlc3VsdHMvZXlKcWIySkpaQ0k2SWxKRlUwOVZVa05GUjFKUFZWQkVSVXhGVkVsUFRrcFBRaTFLUVZaQlExTk5Va2N4TlRFeExWZEZVMVJWVXlJc0ltcHZZa3h2WTJGMGFXOXVJam9pZDJWemRIVnpJbjA/YXBpLXZlcnNpb249MjAxNy0wNS0xMA==",
      "RequestMethod": "GET",
      "RequestBody": "",
      "RequestHeaders": {
        "User-Agent": [
          "FxVersion/4.6.26725.06",
          "OSName/Windows",
          "OSVersion/Microsoft.Windows.10.0.17763.",
          "Microsoft.Azure.Management.ResourceManager.Fluent.ResourceManagementClient/1.21.0.0",
          "MacAddressHash/1706214d8731cf2405675fdf5fb8b4bf75f06e7a9bb34e8d93f8f4a5d61acc28"
        ]
      },
      "ResponseHeaders": {
        "Cache-Control": [
          "no-cache"
        ],
        "Pragma": [
          "no-cache"
        ],
        "Location": [
          "https://management.azure.com/subscriptions/0b1f6471-1bf0-4dda-aec3-cb9272f09590/operationresults/eyJqb2JJZCI6IlJFU09VUkNFR1JPVVBERUxFVElPTkpPQi1KQVZBQ1NNUkcxNTExLVdFU1RVUyIsImpvYkxvY2F0aW9uIjoid2VzdHVzIn0?api-version=2017-05-10"
        ],
        "Retry-After": [
          "15"
        ],
        "x-ms-ratelimit-remaining-subscription-reads": [
          "11997"
        ],
        "x-ms-request-id": [
          "a4ee80c5-1273-4359-9a68-2c0b52f41785"
        ],
        "x-ms-correlation-request-id": [
          "a4ee80c5-1273-4359-9a68-2c0b52f41785"
        ],
        "x-ms-routing-request-id": [
          "WESTUS:20190413T025331Z:a4ee80c5-1273-4359-9a68-2c0b52f41785"
        ],
        "Strict-Transport-Security": [
          "max-age=31536000; includeSubDomains"
        ],
        "X-Content-Type-Options": [
          "nosniff"
        ],
        "Date": [
          "Sat, 13 Apr 2019 02:53:31 GMT"
        ],
        "Expires": [
          "-1"
        ],
        "Content-Length": [
          "0"
        ]
      },
      "ResponseBody": "",
      "StatusCode": 202
    },
    {
      "RequestUri": "/subscriptions/0b1f6471-1bf0-4dda-aec3-cb9272f09590/operationresults/eyJqb2JJZCI6IlJFU09VUkNFR1JPVVBERUxFVElPTkpPQi1KQVZBQ1NNUkcxNTExLVdFU1RVUyIsImpvYkxvY2F0aW9uIjoid2VzdHVzIn0?api-version=2017-05-10",
      "EncodedRequestUri": "L3N1YnNjcmlwdGlvbnMvMGIxZjY0NzEtMWJmMC00ZGRhLWFlYzMtY2I5MjcyZjA5NTkwL29wZXJhdGlvbnJlc3VsdHMvZXlKcWIySkpaQ0k2SWxKRlUwOVZVa05GUjFKUFZWQkVSVXhGVkVsUFRrcFBRaTFLUVZaQlExTk5Va2N4TlRFeExWZEZVMVJWVXlJc0ltcHZZa3h2WTJGMGFXOXVJam9pZDJWemRIVnpJbjA/YXBpLXZlcnNpb249MjAxNy0wNS0xMA==",
      "RequestMethod": "GET",
      "RequestBody": "",
      "RequestHeaders": {
        "User-Agent": [
          "FxVersion/4.6.26725.06",
          "OSName/Windows",
          "OSVersion/Microsoft.Windows.10.0.17763.",
          "Microsoft.Azure.Management.ResourceManager.Fluent.ResourceManagementClient/1.21.0.0",
          "MacAddressHash/1706214d8731cf2405675fdf5fb8b4bf75f06e7a9bb34e8d93f8f4a5d61acc28"
        ]
      },
      "ResponseHeaders": {
        "Cache-Control": [
          "no-cache"
        ],
        "Pragma": [
          "no-cache"
        ],
        "Location": [
          "https://management.azure.com/subscriptions/0b1f6471-1bf0-4dda-aec3-cb9272f09590/operationresults/eyJqb2JJZCI6IlJFU09VUkNFR1JPVVBERUxFVElPTkpPQi1KQVZBQ1NNUkcxNTExLVdFU1RVUyIsImpvYkxvY2F0aW9uIjoid2VzdHVzIn0?api-version=2017-05-10"
        ],
        "Retry-After": [
          "15"
        ],
        "x-ms-ratelimit-remaining-subscription-reads": [
          "11996"
        ],
        "x-ms-request-id": [
          "854600dc-c96c-410c-a3b8-ecaa126129b5"
        ],
        "x-ms-correlation-request-id": [
          "854600dc-c96c-410c-a3b8-ecaa126129b5"
        ],
        "x-ms-routing-request-id": [
          "WESTUS:20190413T025346Z:854600dc-c96c-410c-a3b8-ecaa126129b5"
        ],
        "Strict-Transport-Security": [
          "max-age=31536000; includeSubDomains"
        ],
        "X-Content-Type-Options": [
          "nosniff"
        ],
        "Date": [
          "Sat, 13 Apr 2019 02:53:46 GMT"
        ],
        "Expires": [
          "-1"
        ],
        "Content-Length": [
          "0"
        ]
      },
      "ResponseBody": "",
      "StatusCode": 202
    },
    {
      "RequestUri": "/subscriptions/0b1f6471-1bf0-4dda-aec3-cb9272f09590/operationresults/eyJqb2JJZCI6IlJFU09VUkNFR1JPVVBERUxFVElPTkpPQi1KQVZBQ1NNUkcxNTExLVdFU1RVUyIsImpvYkxvY2F0aW9uIjoid2VzdHVzIn0?api-version=2017-05-10",
      "EncodedRequestUri": "L3N1YnNjcmlwdGlvbnMvMGIxZjY0NzEtMWJmMC00ZGRhLWFlYzMtY2I5MjcyZjA5NTkwL29wZXJhdGlvbnJlc3VsdHMvZXlKcWIySkpaQ0k2SWxKRlUwOVZVa05GUjFKUFZWQkVSVXhGVkVsUFRrcFBRaTFLUVZaQlExTk5Va2N4TlRFeExWZEZVMVJWVXlJc0ltcHZZa3h2WTJGMGFXOXVJam9pZDJWemRIVnpJbjA/YXBpLXZlcnNpb249MjAxNy0wNS0xMA==",
      "RequestMethod": "GET",
      "RequestBody": "",
      "RequestHeaders": {
        "User-Agent": [
          "FxVersion/4.6.26725.06",
          "OSName/Windows",
          "OSVersion/Microsoft.Windows.10.0.17763.",
          "Microsoft.Azure.Management.ResourceManager.Fluent.ResourceManagementClient/1.21.0.0",
          "MacAddressHash/1706214d8731cf2405675fdf5fb8b4bf75f06e7a9bb34e8d93f8f4a5d61acc28"
        ]
      },
      "ResponseHeaders": {
        "Cache-Control": [
          "no-cache"
        ],
        "Pragma": [
          "no-cache"
        ],
        "Location": [
          "https://management.azure.com/subscriptions/0b1f6471-1bf0-4dda-aec3-cb9272f09590/operationresults/eyJqb2JJZCI6IlJFU09VUkNFR1JPVVBERUxFVElPTkpPQi1KQVZBQ1NNUkcxNTExLVdFU1RVUyIsImpvYkxvY2F0aW9uIjoid2VzdHVzIn0?api-version=2017-05-10"
        ],
        "Retry-After": [
          "15"
        ],
        "x-ms-ratelimit-remaining-subscription-reads": [
          "11995"
        ],
        "x-ms-request-id": [
          "2d0a946f-983d-424d-b2ab-97a5e0340db4"
        ],
        "x-ms-correlation-request-id": [
          "2d0a946f-983d-424d-b2ab-97a5e0340db4"
        ],
        "x-ms-routing-request-id": [
          "WESTUS:20190413T025401Z:2d0a946f-983d-424d-b2ab-97a5e0340db4"
        ],
        "Strict-Transport-Security": [
          "max-age=31536000; includeSubDomains"
        ],
        "X-Content-Type-Options": [
          "nosniff"
        ],
        "Date": [
          "Sat, 13 Apr 2019 02:54:01 GMT"
        ],
        "Expires": [
          "-1"
        ],
        "Content-Length": [
          "0"
        ]
      },
      "ResponseBody": "",
      "StatusCode": 202
    },
    {
      "RequestUri": "/subscriptions/0b1f6471-1bf0-4dda-aec3-cb9272f09590/operationresults/eyJqb2JJZCI6IlJFU09VUkNFR1JPVVBERUxFVElPTkpPQi1KQVZBQ1NNUkcxNTExLVdFU1RVUyIsImpvYkxvY2F0aW9uIjoid2VzdHVzIn0?api-version=2017-05-10",
      "EncodedRequestUri": "L3N1YnNjcmlwdGlvbnMvMGIxZjY0NzEtMWJmMC00ZGRhLWFlYzMtY2I5MjcyZjA5NTkwL29wZXJhdGlvbnJlc3VsdHMvZXlKcWIySkpaQ0k2SWxKRlUwOVZVa05GUjFKUFZWQkVSVXhGVkVsUFRrcFBRaTFLUVZaQlExTk5Va2N4TlRFeExWZEZVMVJWVXlJc0ltcHZZa3h2WTJGMGFXOXVJam9pZDJWemRIVnpJbjA/YXBpLXZlcnNpb249MjAxNy0wNS0xMA==",
      "RequestMethod": "GET",
      "RequestBody": "",
      "RequestHeaders": {
        "User-Agent": [
          "FxVersion/4.6.26725.06",
          "OSName/Windows",
          "OSVersion/Microsoft.Windows.10.0.17763.",
          "Microsoft.Azure.Management.ResourceManager.Fluent.ResourceManagementClient/1.21.0.0",
          "MacAddressHash/1706214d8731cf2405675fdf5fb8b4bf75f06e7a9bb34e8d93f8f4a5d61acc28"
        ]
      },
      "ResponseHeaders": {
        "Cache-Control": [
          "no-cache"
        ],
        "Pragma": [
          "no-cache"
        ],
        "Location": [
          "https://management.azure.com/subscriptions/0b1f6471-1bf0-4dda-aec3-cb9272f09590/operationresults/eyJqb2JJZCI6IlJFU09VUkNFR1JPVVBERUxFVElPTkpPQi1KQVZBQ1NNUkcxNTExLVdFU1RVUyIsImpvYkxvY2F0aW9uIjoid2VzdHVzIn0?api-version=2017-05-10"
        ],
        "Retry-After": [
          "15"
        ],
        "x-ms-ratelimit-remaining-subscription-reads": [
          "11994"
        ],
        "x-ms-request-id": [
          "4453d7cd-4d93-49b8-8c7a-04ed7868ba60"
        ],
        "x-ms-correlation-request-id": [
          "4453d7cd-4d93-49b8-8c7a-04ed7868ba60"
        ],
        "x-ms-routing-request-id": [
          "WESTUS:20190413T025416Z:4453d7cd-4d93-49b8-8c7a-04ed7868ba60"
        ],
        "Strict-Transport-Security": [
          "max-age=31536000; includeSubDomains"
        ],
        "X-Content-Type-Options": [
          "nosniff"
        ],
        "Date": [
          "Sat, 13 Apr 2019 02:54:16 GMT"
        ],
        "Expires": [
          "-1"
        ],
        "Content-Length": [
          "0"
        ]
      },
      "ResponseBody": "",
      "StatusCode": 202
    },
    {
      "RequestUri": "/subscriptions/0b1f6471-1bf0-4dda-aec3-cb9272f09590/operationresults/eyJqb2JJZCI6IlJFU09VUkNFR1JPVVBERUxFVElPTkpPQi1KQVZBQ1NNUkcxNTExLVdFU1RVUyIsImpvYkxvY2F0aW9uIjoid2VzdHVzIn0?api-version=2017-05-10",
      "EncodedRequestUri": "L3N1YnNjcmlwdGlvbnMvMGIxZjY0NzEtMWJmMC00ZGRhLWFlYzMtY2I5MjcyZjA5NTkwL29wZXJhdGlvbnJlc3VsdHMvZXlKcWIySkpaQ0k2SWxKRlUwOVZVa05GUjFKUFZWQkVSVXhGVkVsUFRrcFBRaTFLUVZaQlExTk5Va2N4TlRFeExWZEZVMVJWVXlJc0ltcHZZa3h2WTJGMGFXOXVJam9pZDJWemRIVnpJbjA/YXBpLXZlcnNpb249MjAxNy0wNS0xMA==",
      "RequestMethod": "GET",
      "RequestBody": "",
      "RequestHeaders": {
        "User-Agent": [
          "FxVersion/4.6.26725.06",
          "OSName/Windows",
          "OSVersion/Microsoft.Windows.10.0.17763.",
          "Microsoft.Azure.Management.ResourceManager.Fluent.ResourceManagementClient/1.21.0.0",
          "MacAddressHash/1706214d8731cf2405675fdf5fb8b4bf75f06e7a9bb34e8d93f8f4a5d61acc28"
        ]
      },
      "ResponseHeaders": {
        "Cache-Control": [
          "no-cache"
        ],
        "Pragma": [
          "no-cache"
        ],
        "x-ms-ratelimit-remaining-subscription-reads": [
          "11993"
        ],
        "x-ms-request-id": [
          "97277644-c726-43de-b406-10a938c94f69"
        ],
        "x-ms-correlation-request-id": [
          "97277644-c726-43de-b406-10a938c94f69"
        ],
        "x-ms-routing-request-id": [
          "WESTUS:20190413T025432Z:97277644-c726-43de-b406-10a938c94f69"
        ],
        "Strict-Transport-Security": [
          "max-age=31536000; includeSubDomains"
        ],
        "X-Content-Type-Options": [
          "nosniff"
        ],
        "Date": [
          "Sat, 13 Apr 2019 02:54:32 GMT"
        ],
        "Expires": [
          "-1"
        ],
        "Content-Length": [
          "0"
        ]
      },
      "ResponseBody": "",
      "StatusCode": 200
    },
    {
      "RequestUri": "/subscriptions/0b1f6471-1bf0-4dda-aec3-cb9272f09590/operationresults/eyJqb2JJZCI6IlJFU09VUkNFR1JPVVBERUxFVElPTkpPQi1KQVZBQ1NNUkcxNTExLVdFU1RVUyIsImpvYkxvY2F0aW9uIjoid2VzdHVzIn0?api-version=2017-05-10",
      "EncodedRequestUri": "L3N1YnNjcmlwdGlvbnMvMGIxZjY0NzEtMWJmMC00ZGRhLWFlYzMtY2I5MjcyZjA5NTkwL29wZXJhdGlvbnJlc3VsdHMvZXlKcWIySkpaQ0k2SWxKRlUwOVZVa05GUjFKUFZWQkVSVXhGVkVsUFRrcFBRaTFLUVZaQlExTk5Va2N4TlRFeExWZEZVMVJWVXlJc0ltcHZZa3h2WTJGMGFXOXVJam9pZDJWemRIVnpJbjA/YXBpLXZlcnNpb249MjAxNy0wNS0xMA==",
      "RequestMethod": "GET",
      "RequestBody": "",
      "RequestHeaders": {
        "User-Agent": [
          "FxVersion/4.6.26725.06",
          "OSName/Windows",
          "OSVersion/Microsoft.Windows.10.0.17763.",
          "Microsoft.Azure.Management.ResourceManager.Fluent.ResourceManagementClient/1.21.0.0",
          "MacAddressHash/1706214d8731cf2405675fdf5fb8b4bf75f06e7a9bb34e8d93f8f4a5d61acc28"
        ]
      },
      "ResponseHeaders": {
        "Cache-Control": [
          "no-cache"
        ],
        "Pragma": [
          "no-cache"
        ],
        "x-ms-ratelimit-remaining-subscription-reads": [
          "11992"
        ],
        "x-ms-request-id": [
          "6bd1d26a-0de1-4985-8e74-4f1158f06451"
        ],
        "x-ms-correlation-request-id": [
          "6bd1d26a-0de1-4985-8e74-4f1158f06451"
        ],
        "x-ms-routing-request-id": [
          "WESTUS:20190413T025432Z:6bd1d26a-0de1-4985-8e74-4f1158f06451"
        ],
        "Strict-Transport-Security": [
          "max-age=31536000; includeSubDomains"
        ],
        "X-Content-Type-Options": [
          "nosniff"
        ],
        "Date": [
          "Sat, 13 Apr 2019 02:54:32 GMT"
        ],
        "Expires": [
          "-1"
        ],
        "Content-Length": [
          "0"
        ]
      },
      "ResponseBody": "",
      "StatusCode": 200
    }
  ],
  "Names": {
    "FunctionAppLongNameBug": [
      "javacsmrg1511",
      "IAmAFuncitonNameThatIsLonger5460",
      "javast5569",
      "iamafuncitonnamethatislonger5460plan02532",
      "iamafuncitonnamethatislonger546085733"
    ]
  },
  "Variables": {
    "ServicePrincipal": "39e3d217-cb72-4b90-8532-394a7e784d93",
    "AADTenant": "54826b22-38d6-4fb2-bad9-b7b93a3e9c5a",
    "SubscriptionId": "0b1f6471-1bf0-4dda-aec3-cb9272f09590"
  }
}