{
  "Entries": [
    {
      "RequestUri": "/subscriptions/0b1f6471-1bf0-4dda-aec3-cb9272f09590/resourcegroups/vmbdtest42?api-version=2016-02-01",
      "EncodedRequestUri": "L3N1YnNjcmlwdGlvbnMvMGIxZjY0NzEtMWJmMC00ZGRhLWFlYzMtY2I5MjcyZjA5NTkwL3Jlc291cmNlZ3JvdXBzL3ZtYmR0ZXN0NDI/YXBpLXZlcnNpb249MjAxNi0wMi0wMQ==",
      "RequestMethod": "PUT",
      "RequestBody": "{\r\n  \"location\": \"eastus\"\r\n}",
      "RequestHeaders": {
        "Content-Type": [
          "application/json; charset=utf-8"
        ],
        "Content-Length": [
          "28"
        ],
        "x-ms-client-request-id": [
          "53523aa8-4b54-4f9a-bc2a-f82b727a7c3c"
        ],
        "accept-language": [
          "en-US"
        ],
        "User-Agent": [
          "FxVersion/4.6.25211.01",
          "Microsoft.Azure.Management.ResourceManager.Fluent.ResourceManagementClient/1.4.1.0",
          "MacAddressHash/9254a221412e5d3ef68e592d30236823a9c8f75cbf51c09c906f797cd005474a"
        ]
      },
      "ResponseBody": "{\r\n  \"id\": \"/subscriptions/0b1f6471-1bf0-4dda-aec3-cb9272f09590/resourceGroups/vmbdtest42\",\r\n  \"name\": \"vmbdtest42\",\r\n  \"location\": \"eastus\",\r\n  \"properties\": {\r\n    \"provisioningState\": \"Succeeded\"\r\n  }\r\n}",
      "ResponseHeaders": {
        "Content-Length": [
          "173"
        ],
        "Content-Type": [
          "application/json; charset=utf-8"
        ],
        "Expires": [
          "-1"
        ],
        "Cache-Control": [
          "no-cache"
        ],
        "Date": [
          "Sun, 24 Dec 2017 02:43:07 GMT"
        ],
        "Pragma": [
          "no-cache"
        ],
        "x-ms-ratelimit-remaining-subscription-writes": [
          "1199"
        ],
        "x-ms-request-id": [
          "8c7c9e4a-0870-403f-9e9e-f58cec1f00ca"
        ],
        "x-ms-correlation-request-id": [
          "8c7c9e4a-0870-403f-9e9e-f58cec1f00ca"
        ],
        "x-ms-routing-request-id": [
          "WESTUS2:20171224T024308Z:8c7c9e4a-0870-403f-9e9e-f58cec1f00ca"
        ],
        "Strict-Transport-Security": [
          "max-age=31536000; includeSubDomains"
        ]
      },
      "StatusCode": 201
    },
    {
      "RequestUri": "/subscriptions/0b1f6471-1bf0-4dda-aec3-cb9272f09590/resourcegroups/vmbdtest42?api-version=2016-02-01",
      "EncodedRequestUri": "L3N1YnNjcmlwdGlvbnMvMGIxZjY0NzEtMWJmMC00ZGRhLWFlYzMtY2I5MjcyZjA5NTkwL3Jlc291cmNlZ3JvdXBzL3ZtYmR0ZXN0NDI/YXBpLXZlcnNpb249MjAxNi0wMi0wMQ==",
      "RequestMethod": "PUT",
      "RequestBody": "{\r\n  \"location\": \"eastus\"\r\n}",
      "RequestHeaders": {
        "Content-Type": [
          "application/json; charset=utf-8"
        ],
        "Content-Length": [
          "28"
        ],
        "x-ms-client-request-id": [
          "72660a5f-9458-4017-bb91-6d6957bb7303"
        ],
        "accept-language": [
          "en-US"
        ],
        "User-Agent": [
          "FxVersion/4.6.25211.01",
          "Microsoft.Azure.Management.ResourceManager.Fluent.ResourceManagementClient/1.4.1.0",
          "MacAddressHash/9254a221412e5d3ef68e592d30236823a9c8f75cbf51c09c906f797cd005474a"
        ]
      },
      "ResponseBody": "{\r\n  \"id\": \"/subscriptions/0b1f6471-1bf0-4dda-aec3-cb9272f09590/resourceGroups/vmbdtest42\",\r\n  \"name\": \"vmbdtest42\",\r\n  \"location\": \"eastus\",\r\n  \"properties\": {\r\n    \"provisioningState\": \"Succeeded\"\r\n  }\r\n}",
      "ResponseHeaders": {
        "Content-Length": [
          "173"
        ],
        "Content-Type": [
          "application/json; charset=utf-8"
        ],
        "Expires": [
          "-1"
        ],
        "Cache-Control": [
          "no-cache"
        ],
        "Date": [
          "Sun, 24 Dec 2017 02:43:08 GMT"
        ],
        "Pragma": [
          "no-cache"
        ],
        "x-ms-ratelimit-remaining-subscription-writes": [
          "1199"
        ],
        "x-ms-request-id": [
          "b859102a-3f5f-4f67-88ab-e4ec0b4bb0a0"
        ],
        "x-ms-correlation-request-id": [
          "b859102a-3f5f-4f67-88ab-e4ec0b4bb0a0"
        ],
        "x-ms-routing-request-id": [
          "WESTUS2:20171224T024308Z:b859102a-3f5f-4f67-88ab-e4ec0b4bb0a0"
        ],
        "Strict-Transport-Security": [
          "max-age=31536000; includeSubDomains"
        ]
      },
      "StatusCode": 201
    },
    {
      "RequestUri": "/subscriptions/0b1f6471-1bf0-4dda-aec3-cb9272f09590/resourceGroups/vmbdtest42/providers/Microsoft.Storage/storageAccounts/stgbnc8234?api-version=2016-01-01",
      "EncodedRequestUri": "L3N1YnNjcmlwdGlvbnMvMGIxZjY0NzEtMWJmMC00ZGRhLWFlYzMtY2I5MjcyZjA5NTkwL3Jlc291cmNlR3JvdXBzL3ZtYmR0ZXN0NDIvcHJvdmlkZXJzL01pY3Jvc29mdC5TdG9yYWdlL3N0b3JhZ2VBY2NvdW50cy9zdGdibmM4MjM0P2FwaS12ZXJzaW9uPTIwMTYtMDEtMDE=",
      "RequestMethod": "PUT",
      "RequestBody": "{\r\n  \"sku\": {\r\n    \"name\": \"Standard_GRS\"\r\n  },\r\n  \"kind\": \"Storage\",\r\n  \"location\": \"eastus\",\r\n  \"tags\": {}\r\n}",
      "RequestHeaders": {
        "Content-Type": [
          "application/json; charset=utf-8"
        ],
        "Content-Length": [
          "111"
        ],
        "x-ms-client-request-id": [
          "f0e7bf58-7ca7-4c34-b241-55c2af6c0e87"
        ],
        "accept-language": [
          "en-US"
        ],
        "User-Agent": [
          "FxVersion/4.6.25211.01",
          "Microsoft.Azure.Management.Storage.Fluent.StorageManagementClient/1.4.1.0",
          "MacAddressHash/9254a221412e5d3ef68e592d30236823a9c8f75cbf51c09c906f797cd005474a"
        ]
      },
      "ResponseBody": "",
      "ResponseHeaders": {
        "Content-Length": [
          "0"
        ],
        "Expires": [
          "-1"
        ],
        "Cache-Control": [
          "no-cache"
        ],
        "Date": [
          "Sun, 24 Dec 2017 02:43:09 GMT"
        ],
        "Pragma": [
          "no-cache"
        ],
        "Location": [
          "https://management.azure.com/subscriptions/0b1f6471-1bf0-4dda-aec3-cb9272f09590/providers/Microsoft.Storage/locations/eastus/asyncoperations/bffccc85-9025-4d92-af08-4e22397f8b6d?monitor=true&api-version=2016-01-01"
        ],
        "Retry-After": [
          "17"
        ],
        "Server": [
          "Microsoft-Azure-Storage-Resource-Provider/1.0",
          "Microsoft-HTTPAPI/2.0"
        ],
        "x-ms-ratelimit-remaining-subscription-writes": [
          "1198"
        ],
        "x-ms-request-id": [
          "723e5f22-dd82-4e0c-91bf-677652a84c86"
        ],
        "x-ms-correlation-request-id": [
          "723e5f22-dd82-4e0c-91bf-677652a84c86"
        ],
        "x-ms-routing-request-id": [
          "WESTUS2:20171224T024309Z:723e5f22-dd82-4e0c-91bf-677652a84c86"
        ],
        "Strict-Transport-Security": [
          "max-age=31536000; includeSubDomains"
        ]
      },
      "StatusCode": 202
    },
    {
      "RequestUri": "/subscriptions/0b1f6471-1bf0-4dda-aec3-cb9272f09590/resourceGroups/vmbdtest42/providers/Microsoft.Network/virtualNetworks/vnet52f81208039a?api-version=2017-08-01",
      "EncodedRequestUri": "L3N1YnNjcmlwdGlvbnMvMGIxZjY0NzEtMWJmMC00ZGRhLWFlYzMtY2I5MjcyZjA5NTkwL3Jlc291cmNlR3JvdXBzL3ZtYmR0ZXN0NDIvcHJvdmlkZXJzL01pY3Jvc29mdC5OZXR3b3JrL3ZpcnR1YWxOZXR3b3Jrcy92bmV0NTJmODEyMDgwMzlhP2FwaS12ZXJzaW9uPTIwMTctMDgtMDE=",
      "RequestMethod": "PUT",
      "RequestBody": "{\r\n  \"properties\": {\r\n    \"addressSpace\": {\r\n      \"addressPrefixes\": [\r\n        \"10.0.0.0/28\"\r\n      ]\r\n    },\r\n    \"dhcpOptions\": {\r\n      \"dnsServers\": []\r\n    },\r\n    \"subnets\": [\r\n      {\r\n        \"properties\": {\r\n          \"addressPrefix\": \"10.0.0.0/28\"\r\n        },\r\n        \"name\": \"subnet1\"\r\n      }\r\n    ]\r\n  },\r\n  \"location\": \"eastus\",\r\n  \"tags\": {}\r\n}",
      "RequestHeaders": {
        "Content-Type": [
          "application/json; charset=utf-8"
        ],
        "Content-Length": [
          "362"
        ],
        "x-ms-client-request-id": [
          "1a5d487e-49c0-4ff8-a83c-311a9d874105"
        ],
        "accept-language": [
          "en-US"
        ],
        "User-Agent": [
          "FxVersion/4.6.25211.01",
          "Microsoft.Azure.Management.Network.Fluent.NetworkManagementClient/1.4.1.0",
          "MacAddressHash/9254a221412e5d3ef68e592d30236823a9c8f75cbf51c09c906f797cd005474a"
        ]
      },
      "ResponseBody": "{\r\n  \"name\": \"vnet52f81208039a\",\r\n  \"id\": \"/subscriptions/0b1f6471-1bf0-4dda-aec3-cb9272f09590/resourceGroups/vmbdtest42/providers/Microsoft.Network/virtualNetworks/vnet52f81208039a\",\r\n  \"etag\": \"W/\\\"ff706c3b-30b1-420f-bcfc-898b0a992e2f\\\"\",\r\n  \"type\": \"Microsoft.Network/virtualNetworks\",\r\n  \"location\": \"eastus\",\r\n  \"tags\": {},\r\n  \"properties\": {\r\n    \"provisioningState\": \"Updating\",\r\n    \"resourceGuid\": \"f8807cf7-43b5-44ca-9591-47a4124368a4\",\r\n    \"addressSpace\": {\r\n      \"addressPrefixes\": [\r\n        \"10.0.0.0/28\"\r\n      ]\r\n    },\r\n    \"dhcpOptions\": {\r\n      \"dnsServers\": []\r\n    },\r\n    \"subnets\": [\r\n      {\r\n        \"name\": \"subnet1\",\r\n        \"id\": \"/subscriptions/0b1f6471-1bf0-4dda-aec3-cb9272f09590/resourceGroups/vmbdtest42/providers/Microsoft.Network/virtualNetworks/vnet52f81208039a/subnets/subnet1\",\r\n        \"etag\": \"W/\\\"ff706c3b-30b1-420f-bcfc-898b0a992e2f\\\"\",\r\n        \"properties\": {\r\n          \"provisioningState\": \"Updating\",\r\n          \"addressPrefix\": \"10.0.0.0/28\"\r\n        }\r\n      }\r\n    ],\r\n    \"virtualNetworkPeerings\": [],\r\n    \"enableDdosProtection\": false,\r\n    \"enableVmProtection\": false\r\n  }\r\n}",
      "ResponseHeaders": {
        "Content-Length": [
          "1133"
        ],
        "Content-Type": [
          "application/json; charset=utf-8"
        ],
        "Expires": [
          "-1"
        ],
        "Cache-Control": [
          "no-cache"
        ],
        "Date": [
          "Sun, 24 Dec 2017 02:43:09 GMT"
        ],
        "Pragma": [
          "no-cache"
        ],
        "Retry-After": [
          "3"
        ],
        "Server": [
          "Microsoft-HTTPAPI/2.0",
          "Microsoft-HTTPAPI/2.0"
        ],
        "x-ms-request-id": [
          "22cd8d06-9220-4bc3-bcfc-595d5fc9d3bf"
        ],
        "Azure-AsyncOperation": [
          "https://management.azure.com/subscriptions/0b1f6471-1bf0-4dda-aec3-cb9272f09590/providers/Microsoft.Network/locations/eastus/operations/22cd8d06-9220-4bc3-bcfc-595d5fc9d3bf?api-version=2017-08-01"
        ],
        "Strict-Transport-Security": [
          "max-age=31536000; includeSubDomains"
        ],
        "x-ms-ratelimit-remaining-subscription-writes": [
          "1198"
        ],
        "x-ms-correlation-request-id": [
          "aa1913ea-e063-45a0-a7c4-8df5bdc4efcd"
        ],
        "x-ms-routing-request-id": [
          "WESTUS2:20171224T024310Z:aa1913ea-e063-45a0-a7c4-8df5bdc4efcd"
        ]
      },
      "StatusCode": 201
    },
    {
      "RequestUri": "/subscriptions/0b1f6471-1bf0-4dda-aec3-cb9272f09590/providers/Microsoft.Network/locations/eastus/operations/22cd8d06-9220-4bc3-bcfc-595d5fc9d3bf?api-version=2017-08-01",
      "EncodedRequestUri": "L3N1YnNjcmlwdGlvbnMvMGIxZjY0NzEtMWJmMC00ZGRhLWFlYzMtY2I5MjcyZjA5NTkwL3Byb3ZpZGVycy9NaWNyb3NvZnQuTmV0d29yay9sb2NhdGlvbnMvZWFzdHVzL29wZXJhdGlvbnMvMjJjZDhkMDYtOTIyMC00YmMzLWJjZmMtNTk1ZDVmYzlkM2JmP2FwaS12ZXJzaW9uPTIwMTctMDgtMDE=",
      "RequestMethod": "GET",
      "RequestBody": "",
      "RequestHeaders": {
        "User-Agent": [
          "FxVersion/4.6.25211.01",
          "Microsoft.Azure.Management.Network.Fluent.NetworkManagementClient/1.4.1.0",
          "MacAddressHash/9254a221412e5d3ef68e592d30236823a9c8f75cbf51c09c906f797cd005474a"
        ]
      },
      "ResponseBody": "{\r\n  \"status\": \"Succeeded\"\r\n}",
      "ResponseHeaders": {
        "Content-Type": [
          "application/json; charset=utf-8"
        ],
        "Expires": [
          "-1"
        ],
        "Cache-Control": [
          "no-cache"
        ],
        "Date": [
          "Sun, 24 Dec 2017 02:43:20 GMT"
        ],
        "Pragma": [
          "no-cache"
        ],
        "Transfer-Encoding": [
          "chunked"
        ],
        "Server": [
          "Microsoft-HTTPAPI/2.0",
          "Microsoft-HTTPAPI/2.0"
        ],
        "Vary": [
          "Accept-Encoding"
        ],
        "x-ms-request-id": [
          "95b11cd8-306b-4c80-8060-a3335f5e6793"
        ],
        "Strict-Transport-Security": [
          "max-age=31536000; includeSubDomains"
        ],
        "x-ms-ratelimit-remaining-subscription-reads": [
          "14996"
        ],
        "x-ms-correlation-request-id": [
          "d0d518b2-ada7-4bb6-8053-3a8be3f7150f"
        ],
        "x-ms-routing-request-id": [
          "WESTUS2:20171224T024320Z:d0d518b2-ada7-4bb6-8053-3a8be3f7150f"
        ]
      },
      "StatusCode": 200
    },
    {
      "RequestUri": "/subscriptions/0b1f6471-1bf0-4dda-aec3-cb9272f09590/resourceGroups/vmbdtest42/providers/Microsoft.Network/virtualNetworks/vnet52f81208039a?api-version=2017-08-01",
      "EncodedRequestUri": "L3N1YnNjcmlwdGlvbnMvMGIxZjY0NzEtMWJmMC00ZGRhLWFlYzMtY2I5MjcyZjA5NTkwL3Jlc291cmNlR3JvdXBzL3ZtYmR0ZXN0NDIvcHJvdmlkZXJzL01pY3Jvc29mdC5OZXR3b3JrL3ZpcnR1YWxOZXR3b3Jrcy92bmV0NTJmODEyMDgwMzlhP2FwaS12ZXJzaW9uPTIwMTctMDgtMDE=",
      "RequestMethod": "GET",
      "RequestBody": "",
      "RequestHeaders": {
        "User-Agent": [
          "FxVersion/4.6.25211.01",
          "Microsoft.Azure.Management.Network.Fluent.NetworkManagementClient/1.4.1.0",
          "MacAddressHash/9254a221412e5d3ef68e592d30236823a9c8f75cbf51c09c906f797cd005474a"
        ]
      },
      "ResponseBody": "{\r\n  \"name\": \"vnet52f81208039a\",\r\n  \"id\": \"/subscriptions/0b1f6471-1bf0-4dda-aec3-cb9272f09590/resourceGroups/vmbdtest42/providers/Microsoft.Network/virtualNetworks/vnet52f81208039a\",\r\n  \"etag\": \"W/\\\"6c6b4c36-a6a0-4180-adbd-83fbc62fc2db\\\"\",\r\n  \"type\": \"Microsoft.Network/virtualNetworks\",\r\n  \"location\": \"eastus\",\r\n  \"tags\": {},\r\n  \"properties\": {\r\n    \"provisioningState\": \"Succeeded\",\r\n    \"resourceGuid\": \"f8807cf7-43b5-44ca-9591-47a4124368a4\",\r\n    \"addressSpace\": {\r\n      \"addressPrefixes\": [\r\n        \"10.0.0.0/28\"\r\n      ]\r\n    },\r\n    \"dhcpOptions\": {\r\n      \"dnsServers\": []\r\n    },\r\n    \"subnets\": [\r\n      {\r\n        \"name\": \"subnet1\",\r\n        \"id\": \"/subscriptions/0b1f6471-1bf0-4dda-aec3-cb9272f09590/resourceGroups/vmbdtest42/providers/Microsoft.Network/virtualNetworks/vnet52f81208039a/subnets/subnet1\",\r\n        \"etag\": \"W/\\\"6c6b4c36-a6a0-4180-adbd-83fbc62fc2db\\\"\",\r\n        \"properties\": {\r\n          \"provisioningState\": \"Succeeded\",\r\n          \"addressPrefix\": \"10.0.0.0/28\"\r\n        }\r\n      }\r\n    ],\r\n    \"virtualNetworkPeerings\": [],\r\n    \"enableDdosProtection\": false,\r\n    \"enableVmProtection\": false\r\n  }\r\n}",
      "ResponseHeaders": {
        "Content-Type": [
          "application/json; charset=utf-8"
        ],
        "Expires": [
          "-1"
        ],
        "Cache-Control": [
          "no-cache"
        ],
        "Date": [
          "Sun, 24 Dec 2017 02:43:20 GMT"
        ],
        "Pragma": [
          "no-cache"
        ],
        "Transfer-Encoding": [
          "chunked"
        ],
        "ETag": [
          "W/\"6c6b4c36-a6a0-4180-adbd-83fbc62fc2db\""
        ],
        "Server": [
          "Microsoft-HTTPAPI/2.0",
          "Microsoft-HTTPAPI/2.0"
        ],
        "Vary": [
          "Accept-Encoding"
        ],
        "x-ms-request-id": [
          "251709b6-32f4-4688-a45f-7d59e799aa72"
        ],
        "Strict-Transport-Security": [
          "max-age=31536000; includeSubDomains"
        ],
        "x-ms-ratelimit-remaining-subscription-reads": [
          "14995"
        ],
        "x-ms-correlation-request-id": [
          "4cb5eaa3-600e-47d2-8a68-a28e8363e28e"
        ],
        "x-ms-routing-request-id": [
          "WESTUS2:20171224T024321Z:4cb5eaa3-600e-47d2-8a68-a28e8363e28e"
        ]
      },
      "StatusCode": 200
    },
    {
      "RequestUri": "/subscriptions/0b1f6471-1bf0-4dda-aec3-cb9272f09590/resourceGroups/vmbdtest42/providers/Microsoft.Network/networkInterfaces/nicjavavm352337701?api-version=2017-08-01",
      "EncodedRequestUri": "L3N1YnNjcmlwdGlvbnMvMGIxZjY0NzEtMWJmMC00ZGRhLWFlYzMtY2I5MjcyZjA5NTkwL3Jlc291cmNlR3JvdXBzL3ZtYmR0ZXN0NDIvcHJvdmlkZXJzL01pY3Jvc29mdC5OZXR3b3JrL25ldHdvcmtJbnRlcmZhY2VzL25pY2phdmF2bTM1MjMzNzcwMT9hcGktdmVyc2lvbj0yMDE3LTA4LTAx",
      "RequestMethod": "PUT",
      "RequestBody": "{\r\n  \"properties\": {\r\n    \"ipConfigurations\": [\r\n      {\r\n        \"properties\": {\r\n          \"privateIPAllocationMethod\": \"Dynamic\",\r\n          \"subnet\": {\r\n            \"id\": \"/subscriptions/0b1f6471-1bf0-4dda-aec3-cb9272f09590/resourceGroups/vmbdtest42/providers/Microsoft.Network/virtualNetworks/vnet52f81208039a/subnets/subnet1\"\r\n          },\r\n          \"primary\": true\r\n        },\r\n        \"name\": \"primary\"\r\n      }\r\n    ],\r\n    \"dnsSettings\": {}\r\n  },\r\n  \"location\": \"eastus\",\r\n  \"tags\": {}\r\n}",
      "RequestHeaders": {
        "Content-Type": [
          "application/json; charset=utf-8"
        ],
        "Content-Length": [
          "499"
        ],
        "x-ms-client-request-id": [
          "8b62ae43-d23a-41fc-8e06-d29d120e56c8"
        ],
        "accept-language": [
          "en-US"
        ],
        "User-Agent": [
          "FxVersion/4.6.25211.01",
          "Microsoft.Azure.Management.Network.Fluent.NetworkManagementClient/1.4.1.0",
          "MacAddressHash/9254a221412e5d3ef68e592d30236823a9c8f75cbf51c09c906f797cd005474a"
        ]
      },
      "ResponseBody": "{\r\n  \"name\": \"nicjavavm352337701\",\r\n  \"id\": \"/subscriptions/0b1f6471-1bf0-4dda-aec3-cb9272f09590/resourceGroups/vmbdtest42/providers/Microsoft.Network/networkInterfaces/nicjavavm352337701\",\r\n  \"etag\": \"W/\\\"338bd8c4-7da2-46cb-bf12-8e221ba9e295\\\"\",\r\n  \"location\": \"eastus\",\r\n  \"tags\": {},\r\n  \"properties\": {\r\n    \"provisioningState\": \"Succeeded\",\r\n    \"resourceGuid\": \"0ed92dd5-7dc7-46ff-ad08-582ee2338550\",\r\n    \"ipConfigurations\": [\r\n      {\r\n        \"name\": \"primary\",\r\n        \"id\": \"/subscriptions/0b1f6471-1bf0-4dda-aec3-cb9272f09590/resourceGroups/vmbdtest42/providers/Microsoft.Network/networkInterfaces/nicjavavm352337701/ipConfigurations/primary\",\r\n        \"etag\": \"W/\\\"338bd8c4-7da2-46cb-bf12-8e221ba9e295\\\"\",\r\n        \"properties\": {\r\n          \"provisioningState\": \"Succeeded\",\r\n          \"privateIPAddress\": \"10.0.0.4\",\r\n          \"privateIPAllocationMethod\": \"Dynamic\",\r\n          \"subnet\": {\r\n            \"id\": \"/subscriptions/0b1f6471-1bf0-4dda-aec3-cb9272f09590/resourceGroups/vmbdtest42/providers/Microsoft.Network/virtualNetworks/vnet52f81208039a/subnets/subnet1\"\r\n          },\r\n          \"primary\": true,\r\n          \"privateIPAddressVersion\": \"IPv4\"\r\n        }\r\n      }\r\n    ],\r\n    \"dnsSettings\": {\r\n      \"dnsServers\": [],\r\n      \"appliedDnsServers\": [],\r\n      \"internalDomainNameSuffix\": \"434ib4fvipfejfmri4sbeq1iue.bx.internal.cloudapp.net\"\r\n    },\r\n    \"enableAcceleratedNetworking\": false,\r\n    \"enableIPForwarding\": false\r\n  },\r\n  \"type\": \"Microsoft.Network/networkInterfaces\"\r\n}",
      "ResponseHeaders": {
        "Content-Length": [
          "1506"
        ],
        "Content-Type": [
          "application/json; charset=utf-8"
        ],
        "Expires": [
          "-1"
        ],
        "Cache-Control": [
          "no-cache"
        ],
        "Date": [
          "Sun, 24 Dec 2017 02:43:21 GMT"
        ],
        "Pragma": [
          "no-cache"
        ],
        "Server": [
          "Microsoft-HTTPAPI/2.0",
          "Microsoft-HTTPAPI/2.0"
        ],
        "x-ms-request-id": [
          "d7579dfa-475c-4710-a76e-63f2e9818797"
        ],
        "Azure-AsyncOperation": [
          "https://management.azure.com/subscriptions/0b1f6471-1bf0-4dda-aec3-cb9272f09590/providers/Microsoft.Network/locations/eastus/operations/d7579dfa-475c-4710-a76e-63f2e9818797?api-version=2017-08-01"
        ],
        "Strict-Transport-Security": [
          "max-age=31536000; includeSubDomains"
        ],
        "x-ms-ratelimit-remaining-subscription-writes": [
          "1197"
        ],
        "x-ms-correlation-request-id": [
          "b86df2fc-c887-437c-829e-e4df5f1ea447"
        ],
        "x-ms-routing-request-id": [
          "WESTUS2:20171224T024322Z:b86df2fc-c887-437c-829e-e4df5f1ea447"
        ]
      },
      "StatusCode": 201
    },
    {
      "RequestUri": "/subscriptions/0b1f6471-1bf0-4dda-aec3-cb9272f09590/resourceGroups/vmbdtest42/providers/Microsoft.Network/networkInterfaces/nicjavavm352337701?api-version=2017-08-01",
      "EncodedRequestUri": "L3N1YnNjcmlwdGlvbnMvMGIxZjY0NzEtMWJmMC00ZGRhLWFlYzMtY2I5MjcyZjA5NTkwL3Jlc291cmNlR3JvdXBzL3ZtYmR0ZXN0NDIvcHJvdmlkZXJzL01pY3Jvc29mdC5OZXR3b3JrL25ldHdvcmtJbnRlcmZhY2VzL25pY2phdmF2bTM1MjMzNzcwMT9hcGktdmVyc2lvbj0yMDE3LTA4LTAx",
      "RequestMethod": "GET",
      "RequestBody": "",
      "RequestHeaders": {
        "User-Agent": [
          "FxVersion/4.6.25211.01",
          "Microsoft.Azure.Management.Network.Fluent.NetworkManagementClient/1.4.1.0",
          "MacAddressHash/9254a221412e5d3ef68e592d30236823a9c8f75cbf51c09c906f797cd005474a"
        ]
      },
      "ResponseBody": "{\r\n  \"name\": \"nicjavavm352337701\",\r\n  \"id\": \"/subscriptions/0b1f6471-1bf0-4dda-aec3-cb9272f09590/resourceGroups/vmbdtest42/providers/Microsoft.Network/networkInterfaces/nicjavavm352337701\",\r\n  \"etag\": \"W/\\\"338bd8c4-7da2-46cb-bf12-8e221ba9e295\\\"\",\r\n  \"location\": \"eastus\",\r\n  \"tags\": {},\r\n  \"properties\": {\r\n    \"provisioningState\": \"Succeeded\",\r\n    \"resourceGuid\": \"0ed92dd5-7dc7-46ff-ad08-582ee2338550\",\r\n    \"ipConfigurations\": [\r\n      {\r\n        \"name\": \"primary\",\r\n        \"id\": \"/subscriptions/0b1f6471-1bf0-4dda-aec3-cb9272f09590/resourceGroups/vmbdtest42/providers/Microsoft.Network/networkInterfaces/nicjavavm352337701/ipConfigurations/primary\",\r\n        \"etag\": \"W/\\\"338bd8c4-7da2-46cb-bf12-8e221ba9e295\\\"\",\r\n        \"properties\": {\r\n          \"provisioningState\": \"Succeeded\",\r\n          \"privateIPAddress\": \"10.0.0.4\",\r\n          \"privateIPAllocationMethod\": \"Dynamic\",\r\n          \"subnet\": {\r\n            \"id\": \"/subscriptions/0b1f6471-1bf0-4dda-aec3-cb9272f09590/resourceGroups/vmbdtest42/providers/Microsoft.Network/virtualNetworks/vnet52f81208039a/subnets/subnet1\"\r\n          },\r\n          \"primary\": true,\r\n          \"privateIPAddressVersion\": \"IPv4\"\r\n        }\r\n      }\r\n    ],\r\n    \"dnsSettings\": {\r\n      \"dnsServers\": [],\r\n      \"appliedDnsServers\": [],\r\n      \"internalDomainNameSuffix\": \"434ib4fvipfejfmri4sbeq1iue.bx.internal.cloudapp.net\"\r\n    },\r\n    \"enableAcceleratedNetworking\": false,\r\n    \"enableIPForwarding\": false\r\n  },\r\n  \"type\": \"Microsoft.Network/networkInterfaces\"\r\n}",
      "ResponseHeaders": {
        "Content-Type": [
          "application/json; charset=utf-8"
        ],
        "Expires": [
          "-1"
        ],
        "Cache-Control": [
          "no-cache"
        ],
        "Date": [
          "Sun, 24 Dec 2017 02:43:22 GMT"
        ],
        "Pragma": [
          "no-cache"
        ],
        "Transfer-Encoding": [
          "chunked"
        ],
        "ETag": [
          "W/\"338bd8c4-7da2-46cb-bf12-8e221ba9e295\""
        ],
        "Server": [
          "Microsoft-HTTPAPI/2.0",
          "Microsoft-HTTPAPI/2.0"
        ],
        "Vary": [
          "Accept-Encoding"
        ],
        "x-ms-request-id": [
          "95281c6c-cb81-4bf7-85b4-bbde83e7a5e1"
        ],
        "Strict-Transport-Security": [
          "max-age=31536000; includeSubDomains"
        ],
        "x-ms-ratelimit-remaining-subscription-reads": [
          "14994"
        ],
        "x-ms-correlation-request-id": [
          "28c481cf-19c6-4aef-bbe0-536ab70a6120"
        ],
        "x-ms-routing-request-id": [
          "WESTUS2:20171224T024323Z:28c481cf-19c6-4aef-bbe0-536ab70a6120"
        ]
      },
      "StatusCode": 200
    },
    {
      "RequestUri": "/subscriptions/0b1f6471-1bf0-4dda-aec3-cb9272f09590/providers/Microsoft.Storage/locations/eastus/asyncoperations/bffccc85-9025-4d92-af08-4e22397f8b6d?monitor=true&api-version=2016-01-01",
      "EncodedRequestUri": "L3N1YnNjcmlwdGlvbnMvMGIxZjY0NzEtMWJmMC00ZGRhLWFlYzMtY2I5MjcyZjA5NTkwL3Byb3ZpZGVycy9NaWNyb3NvZnQuU3RvcmFnZS9sb2NhdGlvbnMvZWFzdHVzL2FzeW5jb3BlcmF0aW9ucy9iZmZjY2M4NS05MDI1LTRkOTItYWYwOC00ZTIyMzk3ZjhiNmQ/bW9uaXRvcj10cnVlJmFwaS12ZXJzaW9uPTIwMTYtMDEtMDE=",
      "RequestMethod": "GET",
      "RequestBody": "",
      "RequestHeaders": {
        "User-Agent": [
          "FxVersion/4.6.25211.01",
          "Microsoft.Azure.Management.Storage.Fluent.StorageManagementClient/1.4.1.0",
          "MacAddressHash/9254a221412e5d3ef68e592d30236823a9c8f75cbf51c09c906f797cd005474a"
        ]
      },
      "ResponseBody": "{\r\n  \"id\": \"/subscriptions/0b1f6471-1bf0-4dda-aec3-cb9272f09590/resourceGroups/vmbdtest42/providers/Microsoft.Storage/storageAccounts/stgbnc8234\",\r\n  \"kind\": \"Storage\",\r\n  \"location\": \"eastus\",\r\n  \"name\": \"stgbnc8234\",\r\n  \"properties\": {\r\n    \"creationTime\": \"2017-12-24T02:43:10.0080666Z\",\r\n    \"encryption\": {\r\n      \"keySource\": \"Microsoft.Storage\",\r\n      \"services\": {\r\n        \"blob\": {\r\n          \"enabled\": true,\r\n          \"lastEnabledTime\": \"2017-12-24T02:43:10.0110676Z\"\r\n        }\r\n      }\r\n    },\r\n    \"primaryEndpoints\": {\r\n      \"blob\": \"https://stgbnc8234.blob.core.windows.net/\",\r\n      \"file\": \"https://stgbnc8234.file.core.windows.net/\",\r\n      \"queue\": \"https://stgbnc8234.queue.core.windows.net/\",\r\n      \"table\": \"https://stgbnc8234.table.core.windows.net/\"\r\n    },\r\n    \"primaryLocation\": \"eastus\",\r\n    \"provisioningState\": \"Succeeded\",\r\n    \"secondaryLocation\": \"westus\",\r\n    \"statusOfPrimary\": \"available\",\r\n    \"statusOfSecondary\": \"available\"\r\n  },\r\n  \"sku\": {\r\n    \"name\": \"Standard_GRS\",\r\n    \"tier\": \"Standard\"\r\n  },\r\n  \"tags\": {},\r\n  \"type\": \"Microsoft.Storage/storageAccounts\"\r\n}",
      "ResponseHeaders": {
        "Content-Type": [
          "application/json"
        ],
        "Expires": [
          "-1"
        ],
        "Cache-Control": [
          "no-cache"
        ],
        "Date": [
          "Sun, 24 Dec 2017 02:43:27 GMT"
        ],
        "Pragma": [
          "no-cache"
        ],
        "Transfer-Encoding": [
          "chunked"
        ],
        "Server": [
          "Microsoft-Azure-Storage-Resource-Provider/1.0",
          "Microsoft-HTTPAPI/2.0"
        ],
        "Vary": [
          "Accept-Encoding"
        ],
        "x-ms-request-id": [
          "05b24d88-df44-4e27-9f64-7e170d0f0c8c"
        ],
        "x-ms-ratelimit-remaining-subscription-reads": [
          "14995"
        ],
        "x-ms-correlation-request-id": [
          "05b24d88-df44-4e27-9f64-7e170d0f0c8c"
        ],
        "x-ms-routing-request-id": [
          "WESTUS2:20171224T024327Z:05b24d88-df44-4e27-9f64-7e170d0f0c8c"
        ],
        "Strict-Transport-Security": [
          "max-age=31536000; includeSubDomains"
        ]
      },
      "StatusCode": 200
    },
    {
      "RequestUri": "/subscriptions/0b1f6471-1bf0-4dda-aec3-cb9272f09590/resourceGroups/vmbdtest42/providers/Microsoft.Storage/storageAccounts/stgbnc8234?api-version=2016-01-01",
      "EncodedRequestUri": "L3N1YnNjcmlwdGlvbnMvMGIxZjY0NzEtMWJmMC00ZGRhLWFlYzMtY2I5MjcyZjA5NTkwL3Jlc291cmNlR3JvdXBzL3ZtYmR0ZXN0NDIvcHJvdmlkZXJzL01pY3Jvc29mdC5TdG9yYWdlL3N0b3JhZ2VBY2NvdW50cy9zdGdibmM4MjM0P2FwaS12ZXJzaW9uPTIwMTYtMDEtMDE=",
      "RequestMethod": "GET",
      "RequestBody": "",
      "RequestHeaders": {
        "x-ms-client-request-id": [
          "8120a106-ff45-4af1-b4c5-d8d14eb8e2e6"
        ],
        "accept-language": [
          "en-US"
        ],
        "User-Agent": [
          "FxVersion/4.6.25211.01",
          "Microsoft.Azure.Management.Storage.Fluent.StorageManagementClient/1.4.1.0",
          "MacAddressHash/9254a221412e5d3ef68e592d30236823a9c8f75cbf51c09c906f797cd005474a"
        ]
      },
      "ResponseBody": "{\r\n  \"id\": \"/subscriptions/0b1f6471-1bf0-4dda-aec3-cb9272f09590/resourceGroups/vmbdtest42/providers/Microsoft.Storage/storageAccounts/stgbnc8234\",\r\n  \"kind\": \"Storage\",\r\n  \"location\": \"eastus\",\r\n  \"name\": \"stgbnc8234\",\r\n  \"properties\": {\r\n    \"creationTime\": \"2017-12-24T02:43:10.0080666Z\",\r\n    \"encryption\": {\r\n      \"keySource\": \"Microsoft.Storage\",\r\n      \"services\": {\r\n        \"blob\": {\r\n          \"enabled\": true,\r\n          \"lastEnabledTime\": \"2017-12-24T02:43:10.0110676Z\"\r\n        }\r\n      }\r\n    },\r\n    \"primaryEndpoints\": {\r\n      \"blob\": \"https://stgbnc8234.blob.core.windows.net/\",\r\n      \"file\": \"https://stgbnc8234.file.core.windows.net/\",\r\n      \"queue\": \"https://stgbnc8234.queue.core.windows.net/\",\r\n      \"table\": \"https://stgbnc8234.table.core.windows.net/\"\r\n    },\r\n    \"primaryLocation\": \"eastus\",\r\n    \"provisioningState\": \"Succeeded\",\r\n    \"secondaryLocation\": \"westus\",\r\n    \"statusOfPrimary\": \"available\",\r\n    \"statusOfSecondary\": \"available\"\r\n  },\r\n  \"sku\": {\r\n    \"name\": \"Standard_GRS\",\r\n    \"tier\": \"Standard\"\r\n  },\r\n  \"tags\": {},\r\n  \"type\": \"Microsoft.Storage/storageAccounts\"\r\n}",
      "ResponseHeaders": {
        "Content-Type": [
          "application/json"
        ],
        "Expires": [
          "-1"
        ],
        "Cache-Control": [
          "no-cache"
        ],
        "Date": [
          "Sun, 24 Dec 2017 02:43:26 GMT"
        ],
        "Pragma": [
          "no-cache"
        ],
        "Transfer-Encoding": [
          "chunked"
        ],
        "Server": [
          "Microsoft-Azure-Storage-Resource-Provider/1.0",
          "Microsoft-HTTPAPI/2.0"
        ],
        "Vary": [
          "Accept-Encoding"
        ],
        "x-ms-request-id": [
          "5da7dade-00dd-47fe-b45f-1ce7bbf005af"
        ],
        "x-ms-ratelimit-remaining-subscription-reads": [
          "14993"
        ],
        "x-ms-correlation-request-id": [
          "5da7dade-00dd-47fe-b45f-1ce7bbf005af"
        ],
        "x-ms-routing-request-id": [
          "WESTUS2:20171224T024327Z:5da7dade-00dd-47fe-b45f-1ce7bbf005af"
        ],
        "Strict-Transport-Security": [
          "max-age=31536000; includeSubDomains"
        ]
      },
      "StatusCode": 200
    },
    {
      "RequestUri": "/subscriptions/0b1f6471-1bf0-4dda-aec3-cb9272f09590/resourceGroups/vmbdtest42/providers/Microsoft.Compute/virtualMachines/javavm?api-version=2017-12-01",
      "EncodedRequestUri": "L3N1YnNjcmlwdGlvbnMvMGIxZjY0NzEtMWJmMC00ZGRhLWFlYzMtY2I5MjcyZjA5NTkwL3Jlc291cmNlR3JvdXBzL3ZtYmR0ZXN0NDIvcHJvdmlkZXJzL01pY3Jvc29mdC5Db21wdXRlL3ZpcnR1YWxNYWNoaW5lcy9qYXZhdm0/YXBpLXZlcnNpb249MjAxNy0xMi0wMQ==",
      "RequestMethod": "PUT",
      "RequestBody": "{\r\n  \"properties\": {\r\n    \"hardwareProfile\": {\r\n      \"vmSize\": \"Basic_A0\"\r\n    },\r\n    \"storageProfile\": {\r\n      \"imageReference\": {\r\n        \"publisher\": \"Canonical\",\r\n        \"offer\": \"UbuntuServer\",\r\n        \"sku\": \"16.04.0-LTS\",\r\n        \"version\": \"latest\"\r\n      },\r\n      \"osDisk\": {\r\n        \"caching\": \"ReadWrite\",\r\n        \"createOption\": \"FromImage\",\r\n        \"managedDisk\": {\r\n          \"storageAccountType\": \"Standard_LRS\"\r\n        }\r\n      }\r\n    },\r\n    \"osProfile\": {\r\n      \"computerName\": \"javavm\",\r\n      \"adminUsername\": \"Foo12\",\r\n      \"adminPassword\": \"abc!@#F0orL\",\r\n      \"linuxConfiguration\": {\r\n        \"disablePasswordAuthentication\": false\r\n      }\r\n    },\r\n    \"networkProfile\": {\r\n      \"networkInterfaces\": [\r\n        {\r\n          \"properties\": {\r\n            \"primary\": true\r\n          },\r\n          \"id\": \"/subscriptions/0b1f6471-1bf0-4dda-aec3-cb9272f09590/resourceGroups/vmbdtest42/providers/Microsoft.Network/networkInterfaces/nicjavavm352337701\"\r\n        }\r\n      ]\r\n    },\r\n    \"diagnosticsProfile\": {\r\n      \"bootDiagnostics\": {\r\n        \"enabled\": true,\r\n        \"storageUri\": \"https://stgbnc8234.blob.core.windows.net/\"\r\n      }\r\n    }\r\n  },\r\n  \"location\": \"eastus\",\r\n  \"tags\": {}\r\n}",
      "RequestHeaders": {
        "Content-Type": [
          "application/json; charset=utf-8"
        ],
        "Content-Length": [
          "1226"
        ],
        "x-ms-client-request-id": [
          "0bcac3f4-174d-4869-ae41-5d32c7c58202"
        ],
        "accept-language": [
          "en-US"
        ],
        "User-Agent": [
          "FxVersion/4.6.25211.01",
          "Microsoft.Azure.Management.Compute.Fluent.ComputeManagementClient/1.4.1.0",
          "MacAddressHash/9254a221412e5d3ef68e592d30236823a9c8f75cbf51c09c906f797cd005474a"
        ]
      },
      "ResponseBody": "{\r\n  \"properties\": {\r\n    \"vmId\": \"1b9553e5-a2ac-4fd2-a697-06d1134d904d\",\r\n    \"hardwareProfile\": {\r\n      \"vmSize\": \"Basic_A0\"\r\n    },\r\n    \"storageProfile\": {\r\n      \"imageReference\": {\r\n        \"publisher\": \"Canonical\",\r\n        \"offer\": \"UbuntuServer\",\r\n        \"sku\": \"16.04.0-LTS\",\r\n        \"version\": \"latest\"\r\n      },\r\n      \"osDisk\": {\r\n        \"osType\": \"Linux\",\r\n        \"createOption\": \"FromImage\",\r\n        \"caching\": \"ReadWrite\",\r\n        \"managedDisk\": {\r\n          \"storageAccountType\": \"Standard_LRS\"\r\n        }\r\n      },\r\n      \"dataDisks\": []\r\n    },\r\n    \"osProfile\": {\r\n      \"computerName\": \"javavm\",\r\n      \"adminUsername\": \"Foo12\",\r\n      \"linuxConfiguration\": {\r\n        \"disablePasswordAuthentication\": false\r\n      },\r\n      \"secrets\": []\r\n    },\r\n    \"networkProfile\": {\r\n      \"networkInterfaces\": [\r\n        {\r\n          \"id\": \"/subscriptions/0b1f6471-1bf0-4dda-aec3-cb9272f09590/resourceGroups/vmbdtest42/providers/Microsoft.Network/networkInterfaces/nicjavavm352337701\",\r\n          \"properties\": {\r\n            \"primary\": true\r\n          }\r\n        }\r\n      ]\r\n    },\r\n    \"diagnosticsProfile\": {\r\n      \"bootDiagnostics\": {\r\n        \"enabled\": true,\r\n        \"storageUri\": \"https://stgbnc8234.blob.core.windows.net/\"\r\n      }\r\n    },\r\n    \"provisioningState\": \"Creating\"\r\n  },\r\n  \"type\": \"Microsoft.Compute/virtualMachines\",\r\n  \"location\": \"eastus\",\r\n  \"tags\": {},\r\n  \"id\": \"/subscriptions/0b1f6471-1bf0-4dda-aec3-cb9272f09590/resourceGroups/vmbdtest42/providers/Microsoft.Compute/virtualMachines/javavm\",\r\n  \"name\": \"javavm\"\r\n}",
      "ResponseHeaders": {
        "Content-Length": [
          "1466"
        ],
        "Content-Type": [
          "application/json; charset=utf-8"
        ],
        "Expires": [
          "-1"
        ],
        "Cache-Control": [
          "no-cache"
        ],
        "Date": [
          "Sun, 24 Dec 2017 02:43:29 GMT"
        ],
        "Pragma": [
          "no-cache"
        ],
        "Server": [
          "Microsoft-HTTPAPI/2.0",
          "Microsoft-HTTPAPI/2.0"
        ],
        "Azure-AsyncOperation": [
          "https://management.azure.com/subscriptions/0b1f6471-1bf0-4dda-aec3-cb9272f09590/providers/Microsoft.Compute/locations/eastus/operations/a6cd7f0d-1a89-4932-80f0-adbfe936e203?api-version=2017-12-01"
        ],
        "x-ms-ratelimit-remaining-resource": [
          "Microsoft.Compute/PutVM3Min;239,Microsoft.Compute/PutVM30Min;1191"
        ],
        "Strict-Transport-Security": [
          "max-age=31536000; includeSubDomains"
        ],
        "x-ms-served-by": [
          "54253b73-cb53-496f-ab42-5e5ee19426f8_131584210031672236"
        ],
        "x-ms-request-id": [
          "a6cd7f0d-1a89-4932-80f0-adbfe936e203"
        ],
        "x-ms-ratelimit-remaining-subscription-writes": [
          "1196"
        ],
        "x-ms-correlation-request-id": [
          "d5dd349c-9511-4822-b897-f60de47f90a7"
        ],
        "x-ms-routing-request-id": [
          "WESTUS2:20171224T024329Z:d5dd349c-9511-4822-b897-f60de47f90a7"
        ]
      },
      "StatusCode": 201
    },
    {
      "RequestUri": "/subscriptions/0b1f6471-1bf0-4dda-aec3-cb9272f09590/providers/Microsoft.Compute/locations/eastus/operations/a6cd7f0d-1a89-4932-80f0-adbfe936e203?api-version=2017-12-01",
      "EncodedRequestUri": "L3N1YnNjcmlwdGlvbnMvMGIxZjY0NzEtMWJmMC00ZGRhLWFlYzMtY2I5MjcyZjA5NTkwL3Byb3ZpZGVycy9NaWNyb3NvZnQuQ29tcHV0ZS9sb2NhdGlvbnMvZWFzdHVzL29wZXJhdGlvbnMvYTZjZDdmMGQtMWE4OS00OTMyLTgwZjAtYWRiZmU5MzZlMjAzP2FwaS12ZXJzaW9uPTIwMTctMTItMDE=",
      "RequestMethod": "GET",
      "RequestBody": "",
      "RequestHeaders": {
        "User-Agent": [
          "FxVersion/4.6.25211.01",
          "Microsoft.Azure.Management.Compute.Fluent.ComputeManagementClient/1.4.1.0",
          "MacAddressHash/9254a221412e5d3ef68e592d30236823a9c8f75cbf51c09c906f797cd005474a"
        ]
      },
      "ResponseBody": "{\r\n  \"startTime\": \"2017-12-23T18:43:28.9093903-08:00\",\r\n  \"status\": \"InProgress\",\r\n  \"name\": \"a6cd7f0d-1a89-4932-80f0-adbfe936e203\"\r\n}",
      "ResponseHeaders": {
        "Content-Type": [
          "application/json; charset=utf-8"
        ],
        "Expires": [
          "-1"
        ],
        "Cache-Control": [
          "no-cache"
        ],
        "Date": [
          "Sun, 24 Dec 2017 02:43:58 GMT"
        ],
        "Pragma": [
          "no-cache"
        ],
        "Transfer-Encoding": [
          "chunked"
        ],
        "Server": [
          "Microsoft-HTTPAPI/2.0",
          "Microsoft-HTTPAPI/2.0"
        ],
        "Vary": [
          "Accept-Encoding"
        ],
        "x-ms-ratelimit-remaining-resource": [
          "Microsoft.Compute/GetOperation3Min;11987,Microsoft.Compute/GetOperation30Min;23912"
        ],
        "Strict-Transport-Security": [
          "max-age=31536000; includeSubDomains"
        ],
        "x-ms-served-by": [
          "54253b73-cb53-496f-ab42-5e5ee19426f8_131584210031672236"
        ],
        "x-ms-request-id": [
          "3919c8a3-4558-4591-8698-4466ba16aea9"
        ],
        "x-ms-ratelimit-remaining-subscription-reads": [
          "14992"
        ],
        "x-ms-correlation-request-id": [
          "d896deb9-5449-4334-a96a-7a224aafa4ed"
        ],
        "x-ms-routing-request-id": [
          "WESTUS2:20171224T024359Z:d896deb9-5449-4334-a96a-7a224aafa4ed"
        ]
      },
      "StatusCode": 200
    },
    {
      "RequestUri": "/subscriptions/0b1f6471-1bf0-4dda-aec3-cb9272f09590/providers/Microsoft.Compute/locations/eastus/operations/a6cd7f0d-1a89-4932-80f0-adbfe936e203?api-version=2017-12-01",
      "EncodedRequestUri": "L3N1YnNjcmlwdGlvbnMvMGIxZjY0NzEtMWJmMC00ZGRhLWFlYzMtY2I5MjcyZjA5NTkwL3Byb3ZpZGVycy9NaWNyb3NvZnQuQ29tcHV0ZS9sb2NhdGlvbnMvZWFzdHVzL29wZXJhdGlvbnMvYTZjZDdmMGQtMWE4OS00OTMyLTgwZjAtYWRiZmU5MzZlMjAzP2FwaS12ZXJzaW9uPTIwMTctMTItMDE=",
      "RequestMethod": "GET",
      "RequestBody": "",
      "RequestHeaders": {
        "User-Agent": [
          "FxVersion/4.6.25211.01",
          "Microsoft.Azure.Management.Compute.Fluent.ComputeManagementClient/1.4.1.0",
          "MacAddressHash/9254a221412e5d3ef68e592d30236823a9c8f75cbf51c09c906f797cd005474a"
        ]
      },
      "ResponseBody": "{\r\n  \"startTime\": \"2017-12-23T18:43:28.9093903-08:00\",\r\n  \"status\": \"InProgress\",\r\n  \"name\": \"a6cd7f0d-1a89-4932-80f0-adbfe936e203\"\r\n}",
      "ResponseHeaders": {
        "Content-Type": [
          "application/json; charset=utf-8"
        ],
        "Expires": [
          "-1"
        ],
        "Cache-Control": [
          "no-cache"
        ],
        "Date": [
          "Sun, 24 Dec 2017 02:44:29 GMT"
        ],
        "Pragma": [
          "no-cache"
        ],
        "Transfer-Encoding": [
          "chunked"
        ],
        "Server": [
          "Microsoft-HTTPAPI/2.0",
          "Microsoft-HTTPAPI/2.0"
        ],
        "Vary": [
          "Accept-Encoding"
        ],
        "x-ms-ratelimit-remaining-resource": [
          "Microsoft.Compute/GetOperation3Min;11986,Microsoft.Compute/GetOperation30Min;23909"
        ],
        "Strict-Transport-Security": [
          "max-age=31536000; includeSubDomains"
        ],
        "x-ms-served-by": [
          "54253b73-cb53-496f-ab42-5e5ee19426f8_131584210031672236"
        ],
        "x-ms-request-id": [
          "00d7169e-ff17-4015-89c0-75f28e985268"
        ],
        "x-ms-ratelimit-remaining-subscription-reads": [
          "14991"
        ],
        "x-ms-correlation-request-id": [
          "740ebfe5-3c36-4f21-91ec-6aab771957cb"
        ],
        "x-ms-routing-request-id": [
          "WESTUS2:20171224T024430Z:740ebfe5-3c36-4f21-91ec-6aab771957cb"
        ]
      },
      "StatusCode": 200
    },
    {
      "RequestUri": "/subscriptions/0b1f6471-1bf0-4dda-aec3-cb9272f09590/providers/Microsoft.Compute/locations/eastus/operations/a6cd7f0d-1a89-4932-80f0-adbfe936e203?api-version=2017-12-01",
      "EncodedRequestUri": "L3N1YnNjcmlwdGlvbnMvMGIxZjY0NzEtMWJmMC00ZGRhLWFlYzMtY2I5MjcyZjA5NTkwL3Byb3ZpZGVycy9NaWNyb3NvZnQuQ29tcHV0ZS9sb2NhdGlvbnMvZWFzdHVzL29wZXJhdGlvbnMvYTZjZDdmMGQtMWE4OS00OTMyLTgwZjAtYWRiZmU5MzZlMjAzP2FwaS12ZXJzaW9uPTIwMTctMTItMDE=",
      "RequestMethod": "GET",
      "RequestBody": "",
      "RequestHeaders": {
        "User-Agent": [
          "FxVersion/4.6.25211.01",
          "Microsoft.Azure.Management.Compute.Fluent.ComputeManagementClient/1.4.1.0",
          "MacAddressHash/9254a221412e5d3ef68e592d30236823a9c8f75cbf51c09c906f797cd005474a"
        ]
      },
      "ResponseBody": "{\r\n  \"startTime\": \"2017-12-23T18:43:28.9093903-08:00\",\r\n  \"status\": \"InProgress\",\r\n  \"name\": \"a6cd7f0d-1a89-4932-80f0-adbfe936e203\"\r\n}",
      "ResponseHeaders": {
        "Content-Type": [
          "application/json; charset=utf-8"
        ],
        "Expires": [
          "-1"
        ],
        "Cache-Control": [
          "no-cache"
        ],
        "Date": [
          "Sun, 24 Dec 2017 02:45:03 GMT"
        ],
        "Pragma": [
          "no-cache"
        ],
        "Transfer-Encoding": [
          "chunked"
        ],
        "Server": [
          "Microsoft-HTTPAPI/2.0",
          "Microsoft-HTTPAPI/2.0"
        ],
        "Vary": [
          "Accept-Encoding"
        ],
        "x-ms-ratelimit-remaining-resource": [
          "Microsoft.Compute/GetOperation3Min;11989,Microsoft.Compute/GetOperation30Min;23906"
        ],
        "Strict-Transport-Security": [
          "max-age=31536000; includeSubDomains"
        ],
        "x-ms-served-by": [
          "54253b73-cb53-496f-ab42-5e5ee19426f8_131584210031672236"
        ],
        "x-ms-request-id": [
          "37066566-bf9b-4051-8166-67e493ac3ef4"
        ],
        "x-ms-ratelimit-remaining-subscription-reads": [
          "14992"
        ],
        "x-ms-correlation-request-id": [
          "98d04da4-21b6-49da-9fc2-828008f3d363"
        ],
        "x-ms-routing-request-id": [
          "WESTUS2:20171224T024504Z:98d04da4-21b6-49da-9fc2-828008f3d363"
        ]
      },
      "StatusCode": 200
    },
    {
      "RequestUri": "/subscriptions/0b1f6471-1bf0-4dda-aec3-cb9272f09590/providers/Microsoft.Compute/locations/eastus/operations/a6cd7f0d-1a89-4932-80f0-adbfe936e203?api-version=2017-12-01",
      "EncodedRequestUri": "L3N1YnNjcmlwdGlvbnMvMGIxZjY0NzEtMWJmMC00ZGRhLWFlYzMtY2I5MjcyZjA5NTkwL3Byb3ZpZGVycy9NaWNyb3NvZnQuQ29tcHV0ZS9sb2NhdGlvbnMvZWFzdHVzL29wZXJhdGlvbnMvYTZjZDdmMGQtMWE4OS00OTMyLTgwZjAtYWRiZmU5MzZlMjAzP2FwaS12ZXJzaW9uPTIwMTctMTItMDE=",
      "RequestMethod": "GET",
      "RequestBody": "",
      "RequestHeaders": {
        "User-Agent": [
          "FxVersion/4.6.25211.01",
          "Microsoft.Azure.Management.Compute.Fluent.ComputeManagementClient/1.4.1.0",
          "MacAddressHash/9254a221412e5d3ef68e592d30236823a9c8f75cbf51c09c906f797cd005474a"
        ]
      },
      "ResponseBody": "{\r\n  \"startTime\": \"2017-12-23T18:43:28.9093903-08:00\",\r\n  \"status\": \"InProgress\",\r\n  \"name\": \"a6cd7f0d-1a89-4932-80f0-adbfe936e203\"\r\n}",
      "ResponseHeaders": {
        "Content-Type": [
          "application/json; charset=utf-8"
        ],
        "Expires": [
          "-1"
        ],
        "Cache-Control": [
          "no-cache"
        ],
        "Date": [
          "Sun, 24 Dec 2017 02:45:34 GMT"
        ],
        "Pragma": [
          "no-cache"
        ],
        "Transfer-Encoding": [
          "chunked"
        ],
        "Server": [
          "Microsoft-HTTPAPI/2.0",
          "Microsoft-HTTPAPI/2.0"
        ],
        "Vary": [
          "Accept-Encoding"
        ],
        "x-ms-ratelimit-remaining-resource": [
          "Microsoft.Compute/GetOperation3Min;11989,Microsoft.Compute/GetOperation30Min;23903"
        ],
        "Strict-Transport-Security": [
          "max-age=31536000; includeSubDomains"
        ],
        "x-ms-served-by": [
          "54253b73-cb53-496f-ab42-5e5ee19426f8_131584210031672236"
        ],
        "x-ms-request-id": [
          "58216cb1-2d6f-47bf-bfcc-b65cff7b4f78"
        ],
        "x-ms-ratelimit-remaining-subscription-reads": [
          "14991"
        ],
        "x-ms-correlation-request-id": [
          "7e1bb4eb-aea8-4182-afa2-66083a3df111"
        ],
        "x-ms-routing-request-id": [
          "WESTUS2:20171224T024534Z:7e1bb4eb-aea8-4182-afa2-66083a3df111"
        ]
      },
      "StatusCode": 200
    },
    {
      "RequestUri": "/subscriptions/0b1f6471-1bf0-4dda-aec3-cb9272f09590/providers/Microsoft.Compute/locations/eastus/operations/a6cd7f0d-1a89-4932-80f0-adbfe936e203?api-version=2017-12-01",
      "EncodedRequestUri": "L3N1YnNjcmlwdGlvbnMvMGIxZjY0NzEtMWJmMC00ZGRhLWFlYzMtY2I5MjcyZjA5NTkwL3Byb3ZpZGVycy9NaWNyb3NvZnQuQ29tcHV0ZS9sb2NhdGlvbnMvZWFzdHVzL29wZXJhdGlvbnMvYTZjZDdmMGQtMWE4OS00OTMyLTgwZjAtYWRiZmU5MzZlMjAzP2FwaS12ZXJzaW9uPTIwMTctMTItMDE=",
      "RequestMethod": "GET",
      "RequestBody": "",
      "RequestHeaders": {
        "User-Agent": [
          "FxVersion/4.6.25211.01",
          "Microsoft.Azure.Management.Compute.Fluent.ComputeManagementClient/1.4.1.0",
          "MacAddressHash/9254a221412e5d3ef68e592d30236823a9c8f75cbf51c09c906f797cd005474a"
        ]
      },
      "ResponseBody": "{\r\n  \"startTime\": \"2017-12-23T18:43:28.9093903-08:00\",\r\n  \"endTime\": \"2017-12-23T18:46:03.0051119-08:00\",\r\n  \"status\": \"Succeeded\",\r\n  \"name\": \"a6cd7f0d-1a89-4932-80f0-adbfe936e203\"\r\n}",
      "ResponseHeaders": {
        "Content-Type": [
          "application/json; charset=utf-8"
        ],
        "Expires": [
          "-1"
        ],
        "Cache-Control": [
          "no-cache"
        ],
        "Date": [
          "Sun, 24 Dec 2017 02:46:06 GMT"
        ],
        "Pragma": [
          "no-cache"
        ],
        "Transfer-Encoding": [
          "chunked"
        ],
        "Server": [
          "Microsoft-HTTPAPI/2.0",
          "Microsoft-HTTPAPI/2.0"
        ],
        "Vary": [
          "Accept-Encoding"
        ],
        "x-ms-ratelimit-remaining-resource": [
          "Microsoft.Compute/GetOperation3Min;11986,Microsoft.Compute/GetOperation30Min;23900"
        ],
        "Strict-Transport-Security": [
          "max-age=31536000; includeSubDomains"
        ],
        "x-ms-served-by": [
          "54253b73-cb53-496f-ab42-5e5ee19426f8_131584210031672236"
        ],
        "x-ms-request-id": [
          "d3f33a17-9b79-4df6-8b50-494c090ecd3f"
        ],
        "x-ms-ratelimit-remaining-subscription-reads": [
          "14990"
        ],
        "x-ms-correlation-request-id": [
          "3e829e77-7dd8-4431-96b8-c6648eb9f06e"
        ],
        "x-ms-routing-request-id": [
          "WESTUS2:20171224T024607Z:3e829e77-7dd8-4431-96b8-c6648eb9f06e"
        ]
      },
      "StatusCode": 200
    },
    {
      "RequestUri": "/subscriptions/0b1f6471-1bf0-4dda-aec3-cb9272f09590/resourceGroups/vmbdtest42/providers/Microsoft.Compute/virtualMachines/javavm?api-version=2017-12-01",
      "EncodedRequestUri": "L3N1YnNjcmlwdGlvbnMvMGIxZjY0NzEtMWJmMC00ZGRhLWFlYzMtY2I5MjcyZjA5NTkwL3Jlc291cmNlR3JvdXBzL3ZtYmR0ZXN0NDIvcHJvdmlkZXJzL01pY3Jvc29mdC5Db21wdXRlL3ZpcnR1YWxNYWNoaW5lcy9qYXZhdm0/YXBpLXZlcnNpb249MjAxNy0xMi0wMQ==",
      "RequestMethod": "GET",
      "RequestBody": "",
      "RequestHeaders": {
        "User-Agent": [
          "FxVersion/4.6.25211.01",
          "Microsoft.Azure.Management.Compute.Fluent.ComputeManagementClient/1.4.1.0",
          "MacAddressHash/9254a221412e5d3ef68e592d30236823a9c8f75cbf51c09c906f797cd005474a"
        ]
      },
      "ResponseBody": "{\r\n  \"properties\": {\r\n    \"vmId\": \"1b9553e5-a2ac-4fd2-a697-06d1134d904d\",\r\n    \"hardwareProfile\": {\r\n      \"vmSize\": \"Basic_A0\"\r\n    },\r\n    \"storageProfile\": {\r\n      \"imageReference\": {\r\n        \"publisher\": \"Canonical\",\r\n        \"offer\": \"UbuntuServer\",\r\n        \"sku\": \"16.04.0-LTS\",\r\n        \"version\": \"latest\"\r\n      },\r\n      \"osDisk\": {\r\n        \"osType\": \"Linux\",\r\n        \"name\": \"javavm_OsDisk_1_c3e1424395384148aeb932ee9ed72c2a\",\r\n        \"createOption\": \"FromImage\",\r\n        \"caching\": \"ReadWrite\",\r\n        \"managedDisk\": {\r\n          \"storageAccountType\": \"Standard_LRS\",\r\n          \"id\": \"/subscriptions/0b1f6471-1bf0-4dda-aec3-cb9272f09590/resourceGroups/vmbdtest42/providers/Microsoft.Compute/disks/javavm_OsDisk_1_c3e1424395384148aeb932ee9ed72c2a\"\r\n        },\r\n        \"diskSizeGB\": 30\r\n      },\r\n      \"dataDisks\": []\r\n    },\r\n    \"osProfile\": {\r\n      \"computerName\": \"javavm\",\r\n      \"adminUsername\": \"Foo12\",\r\n      \"linuxConfiguration\": {\r\n        \"disablePasswordAuthentication\": false\r\n      },\r\n      \"secrets\": []\r\n    },\r\n    \"networkProfile\": {\r\n      \"networkInterfaces\": [\r\n        {\r\n          \"id\": \"/subscriptions/0b1f6471-1bf0-4dda-aec3-cb9272f09590/resourceGroups/vmbdtest42/providers/Microsoft.Network/networkInterfaces/nicjavavm352337701\",\r\n          \"properties\": {\r\n            \"primary\": true\r\n          }\r\n        }\r\n      ]\r\n    },\r\n    \"diagnosticsProfile\": {\r\n      \"bootDiagnostics\": {\r\n        \"enabled\": true,\r\n        \"storageUri\": \"https://stgbnc8234.blob.core.windows.net/\"\r\n      }\r\n    },\r\n    \"provisioningState\": \"Succeeded\"\r\n  },\r\n  \"type\": \"Microsoft.Compute/virtualMachines\",\r\n  \"location\": \"eastus\",\r\n  \"tags\": {},\r\n  \"id\": \"/subscriptions/0b1f6471-1bf0-4dda-aec3-cb9272f09590/resourceGroups/vmbdtest42/providers/Microsoft.Compute/virtualMachines/javavm\",\r\n  \"name\": \"javavm\"\r\n}",
      "ResponseHeaders": {
        "Content-Type": [
          "application/json; charset=utf-8"
        ],
        "Expires": [
          "-1"
        ],
        "Cache-Control": [
          "no-cache"
        ],
        "Date": [
          "Sun, 24 Dec 2017 02:46:06 GMT"
        ],
        "Pragma": [
          "no-cache"
        ],
        "Transfer-Encoding": [
          "chunked"
        ],
        "Server": [
          "Microsoft-HTTPAPI/2.0",
          "Microsoft-HTTPAPI/2.0"
        ],
        "Vary": [
          "Accept-Encoding"
        ],
        "x-ms-ratelimit-remaining-resource": [
          "Microsoft.Compute/LowCostGet3Min;4792,Microsoft.Compute/LowCostGet30Min;38326"
        ],
        "Strict-Transport-Security": [
          "max-age=31536000; includeSubDomains"
        ],
        "x-ms-served-by": [
          "54253b73-cb53-496f-ab42-5e5ee19426f8_131584210031672236"
        ],
        "x-ms-request-id": [
          "27613d36-ffb4-498a-86e4-111996e0fdbf"
        ],
        "x-ms-ratelimit-remaining-subscription-reads": [
          "14989"
        ],
        "x-ms-correlation-request-id": [
          "12b0f898-fdbf-4e29-a2c3-cc00f529078f"
        ],
        "x-ms-routing-request-id": [
          "WESTUS2:20171224T024607Z:12b0f898-fdbf-4e29-a2c3-cc00f529078f"
        ]
      },
      "StatusCode": 200
    }
  ],
  "Names": {
    "CanEnableWithCreatableStorageOnManagedVMCreation": [
      "vmbdtest42",
      "stgbnc8234",
      "nicjavavm352337701",
      "vnet52f81208039a"
    ]
  },
  "Variables": {
    "ServicePrincipal": "a971e5df-eeb7-4481-9bf7-e72e66a2ba12",
    "AADTenant": "54826b22-38d6-4fb2-bad9-b7b93a3e9c5a",
    "SubscriptionId": "0b1f6471-1bf0-4dda-aec3-cb9272f09590"
  }
}