{
  "Entries": [
    {
      "RequestUri": "/subscriptions/1c638cf4-608f-4ee6-b680-c329e824c3a8/resourcegroups/rg50451?api-version=2016-02-01",
      "EncodedRequestUri": "L3N1YnNjcmlwdGlvbnMvMWM2MzhjZjQtNjA4Zi00ZWU2LWI2ODAtYzMyOWU4MjRjM2E4L3Jlc291cmNlZ3JvdXBzL3JnNTA0NTE/YXBpLXZlcnNpb249MjAxNi0wMi0wMQ==",
      "RequestMethod": "PUT",
      "RequestBody": "{\r\n  \"location\": \"northcentralus\"\r\n}",
      "RequestHeaders": {
        "Content-Type": [
          "application/json; charset=utf-8"
        ],
        "Content-Length": [
          "36"
        ],
        "x-ms-client-request-id": [
          "09bea0a7-0b28-4a89-b1f7-ebd9e075bd18"
        ],
        "accept-language": [
          "en-US"
        ],
        "User-Agent": [
          "FxVersion/4.6.25211.01",
          "Microsoft.Azure.Management.ResourceManager.Fluent.ResourceManagementClient/1.6.0.0",
          "MacAddressHash/1a7db1f3023c8cc9a72984005b4db786d257d09f868c7e111d4bf514b71b7890"
        ]
      },
      "ResponseBody": "{\r\n  \"id\": \"/subscriptions/1c638cf4-608f-4ee6-b680-c329e824c3a8/resourceGroups/rg50451\",\r\n  \"name\": \"rg50451\",\r\n  \"location\": \"northcentralus\",\r\n  \"properties\": {\r\n    \"provisioningState\": \"Succeeded\"\r\n  }\r\n}",
      "ResponseHeaders": {
        "Content-Length": [
          "175"
        ],
        "Content-Type": [
          "application/json; charset=utf-8"
        ],
        "Expires": [
          "-1"
        ],
        "Cache-Control": [
          "no-cache"
        ],
        "Date": [
          "Fri, 02 Feb 2018 01:01:41 GMT"
        ],
        "Pragma": [
          "no-cache"
        ],
        "x-ms-ratelimit-remaining-subscription-writes": [
          "1199"
        ],
        "x-ms-request-id": [
          "2ee0893e-764c-4fc9-8e38-8354e2ccc70f"
        ],
        "x-ms-correlation-request-id": [
          "2ee0893e-764c-4fc9-8e38-8354e2ccc70f"
        ],
        "x-ms-routing-request-id": [
          "WESTUS2:20180202T010141Z:2ee0893e-764c-4fc9-8e38-8354e2ccc70f"
        ],
        "Strict-Transport-Security": [
          "max-age=31536000; includeSubDomains"
        ]
      },
      "StatusCode": 201
    },
    {
      "RequestUri": "/subscriptions/1c638cf4-608f-4ee6-b680-c329e824c3a8/resourceGroups/rg50451/providers/Microsoft.Network/expressRouteCircuits/erc599398?api-version=2017-08-01",
      "EncodedRequestUri": "L3N1YnNjcmlwdGlvbnMvMWM2MzhjZjQtNjA4Zi00ZWU2LWI2ODAtYzMyOWU4MjRjM2E4L3Jlc291cmNlR3JvdXBzL3JnNTA0NTEvcHJvdmlkZXJzL01pY3Jvc29mdC5OZXR3b3JrL2V4cHJlc3NSb3V0ZUNpcmN1aXRzL2VyYzU5OTM5OD9hcGktdmVyc2lvbj0yMDE3LTA4LTAx",
      "RequestMethod": "PUT",
      "RequestBody": "{\r\n  \"sku\": {\r\n    \"name\": \"Premium_MeteredData\",\r\n    \"tier\": \"Premium\",\r\n    \"family\": \"MeteredData\"\r\n  },\r\n  \"properties\": {\r\n    \"serviceProviderProperties\": {\r\n      \"serviceProviderName\": \"Microsoft ER Test\",\r\n      \"peeringLocation\": \"Area51\",\r\n      \"bandwidthInMbps\": 50\r\n    }\r\n  },\r\n  \"location\": \"northcentralus\",\r\n  \"tags\": {\r\n    \"tag1\": \"value1\"\r\n  }\r\n}",
      "RequestHeaders": {
        "Content-Type": [
          "application/json; charset=utf-8"
        ],
        "Content-Length": [
          "368"
        ],
        "x-ms-client-request-id": [
          "ea0e674f-2f59-48b2-bd8c-c860d2f88433"
        ],
        "accept-language": [
          "en-US"
        ],
        "User-Agent": [
          "FxVersion/4.6.25211.01",
          "Microsoft.Azure.Management.Network.Fluent.NetworkManagementClient/1.6.0.0",
          "MacAddressHash/1a7db1f3023c8cc9a72984005b4db786d257d09f868c7e111d4bf514b71b7890"
        ]
      },
      "ResponseBody": "{\r\n  \"name\": \"erc599398\",\r\n  \"id\": \"/subscriptions/1c638cf4-608f-4ee6-b680-c329e824c3a8/resourceGroups/rg50451/providers/Microsoft.Network/expressRouteCircuits/erc599398\",\r\n  \"etag\": \"W/\\\"90be87d1-b9dd-4be5-a467-f8f785cb3ef2\\\"\",\r\n  \"type\": \"Microsoft.Network/expressRouteCircuits\",\r\n  \"location\": \"northcentralus\",\r\n  \"tags\": {\r\n    \"tag1\": \"value1\"\r\n  },\r\n  \"properties\": {\r\n    \"provisioningState\": \"Updating\",\r\n    \"resourceGuid\": \"85cd2493-7d37-4f0a-b8cd-92aec2117617\",\r\n    \"peerings\": [],\r\n    \"authorizations\": [],\r\n    \"serviceProviderProperties\": {\r\n      \"serviceProviderName\": \"Microsoft ER Test\",\r\n      \"peeringLocation\": \"Area51\",\r\n      \"bandwidthInMbps\": 50\r\n    },\r\n    \"circuitProvisioningState\": \"Disabled\",\r\n    \"allowClassicOperations\": false,\r\n    \"serviceKey\": \"00000000-0000-0000-0000-000000000000\",\r\n    \"serviceProviderProvisioningState\": \"NotProvisioned\"\r\n  },\r\n  \"sku\": {\r\n    \"name\": \"Premium_MeteredData\",\r\n    \"tier\": \"Premium\",\r\n    \"family\": \"MeteredData\"\r\n  }\r\n}",
      "ResponseHeaders": {
        "Content-Length": [
          "996"
        ],
        "Content-Type": [
          "application/json; charset=utf-8"
        ],
        "Expires": [
          "-1"
        ],
        "Cache-Control": [
          "no-cache"
        ],
        "Date": [
          "Fri, 02 Feb 2018 01:01:43 GMT"
        ],
        "Pragma": [
          "no-cache"
        ],
        "Retry-After": [
          "10"
        ],
        "Server": [
          "Microsoft-HTTPAPI/2.0",
          "Microsoft-HTTPAPI/2.0"
        ],
        "x-ms-request-id": [
          "3ac2123c-e5a5-4251-a648-d73a3f86ad9d"
        ],
        "Azure-AsyncOperation": [
          "https://management.azure.com/subscriptions/1c638cf4-608f-4ee6-b680-c329e824c3a8/providers/Microsoft.Network/locations/northcentralus/operations/3ac2123c-e5a5-4251-a648-d73a3f86ad9d?api-version=2017-08-01"
        ],
        "Strict-Transport-Security": [
          "max-age=31536000; includeSubDomains"
        ],
        "x-ms-ratelimit-remaining-subscription-writes": [
          "1198"
        ],
        "x-ms-correlation-request-id": [
          "ea5a4db9-8da1-4459-b8a5-0a21e34cd6a5"
        ],
        "x-ms-routing-request-id": [
          "WESTUS2:20180202T010143Z:ea5a4db9-8da1-4459-b8a5-0a21e34cd6a5"
        ]
      },
      "StatusCode": 201
    },
    {
      "RequestUri": "/subscriptions/1c638cf4-608f-4ee6-b680-c329e824c3a8/providers/Microsoft.Network/locations/northcentralus/operations/3ac2123c-e5a5-4251-a648-d73a3f86ad9d?api-version=2017-08-01",
      "EncodedRequestUri": "L3N1YnNjcmlwdGlvbnMvMWM2MzhjZjQtNjA4Zi00ZWU2LWI2ODAtYzMyOWU4MjRjM2E4L3Byb3ZpZGVycy9NaWNyb3NvZnQuTmV0d29yay9sb2NhdGlvbnMvbm9ydGhjZW50cmFsdXMvb3BlcmF0aW9ucy8zYWMyMTIzYy1lNWE1LTQyNTEtYTY0OC1kNzNhM2Y4NmFkOWQ/YXBpLXZlcnNpb249MjAxNy0wOC0wMQ==",
      "RequestMethod": "GET",
      "RequestBody": "",
      "RequestHeaders": {
        "User-Agent": [
          "FxVersion/4.6.25211.01",
          "Microsoft.Azure.Management.Network.Fluent.NetworkManagementClient/1.6.0.0",
          "MacAddressHash/1a7db1f3023c8cc9a72984005b4db786d257d09f868c7e111d4bf514b71b7890"
        ]
      },
      "ResponseBody": "{\r\n  \"status\": \"InProgress\"\r\n}",
      "ResponseHeaders": {
        "Content-Type": [
          "application/json; charset=utf-8"
        ],
        "Expires": [
          "-1"
        ],
        "Cache-Control": [
          "no-cache"
        ],
        "Date": [
          "Fri, 02 Feb 2018 01:01:53 GMT"
        ],
        "Pragma": [
          "no-cache"
        ],
        "Transfer-Encoding": [
          "chunked"
        ],
        "Retry-After": [
          "10"
        ],
        "Server": [
          "Microsoft-HTTPAPI/2.0",
          "Microsoft-HTTPAPI/2.0"
        ],
        "Vary": [
          "Accept-Encoding"
        ],
        "x-ms-request-id": [
          "56233541-1bd3-4402-be13-0bb933bd975b"
        ],
        "Strict-Transport-Security": [
          "max-age=31536000; includeSubDomains"
        ],
        "x-ms-ratelimit-remaining-subscription-reads": [
          "14999"
        ],
        "x-ms-correlation-request-id": [
          "fc2a8fb2-ebd1-4934-9fc2-e40f90647c67"
        ],
        "x-ms-routing-request-id": [
          "WESTUS2:20180202T010154Z:fc2a8fb2-ebd1-4934-9fc2-e40f90647c67"
        ]
      },
      "StatusCode": 200
    },
    {
      "RequestUri": "/subscriptions/1c638cf4-608f-4ee6-b680-c329e824c3a8/providers/Microsoft.Network/locations/northcentralus/operations/3ac2123c-e5a5-4251-a648-d73a3f86ad9d?api-version=2017-08-01",
      "EncodedRequestUri": "L3N1YnNjcmlwdGlvbnMvMWM2MzhjZjQtNjA4Zi00ZWU2LWI2ODAtYzMyOWU4MjRjM2E4L3Byb3ZpZGVycy9NaWNyb3NvZnQuTmV0d29yay9sb2NhdGlvbnMvbm9ydGhjZW50cmFsdXMvb3BlcmF0aW9ucy8zYWMyMTIzYy1lNWE1LTQyNTEtYTY0OC1kNzNhM2Y4NmFkOWQ/YXBpLXZlcnNpb249MjAxNy0wOC0wMQ==",
      "RequestMethod": "GET",
      "RequestBody": "",
      "RequestHeaders": {
        "User-Agent": [
          "FxVersion/4.6.25211.01",
          "Microsoft.Azure.Management.Network.Fluent.NetworkManagementClient/1.6.0.0",
          "MacAddressHash/1a7db1f3023c8cc9a72984005b4db786d257d09f868c7e111d4bf514b71b7890"
        ]
      },
      "ResponseBody": "{\r\n  \"status\": \"InProgress\"\r\n}",
      "ResponseHeaders": {
        "Content-Type": [
          "application/json; charset=utf-8"
        ],
        "Expires": [
          "-1"
        ],
        "Cache-Control": [
          "no-cache"
        ],
        "Date": [
          "Fri, 02 Feb 2018 01:02:03 GMT"
        ],
        "Pragma": [
          "no-cache"
        ],
        "Transfer-Encoding": [
          "chunked"
        ],
        "Retry-After": [
          "10"
        ],
        "Server": [
          "Microsoft-HTTPAPI/2.0",
          "Microsoft-HTTPAPI/2.0"
        ],
        "Vary": [
          "Accept-Encoding"
        ],
        "x-ms-request-id": [
          "a9709a03-5d8a-40a2-9b22-3bfd8bee1ab6"
        ],
        "Strict-Transport-Security": [
          "max-age=31536000; includeSubDomains"
        ],
        "x-ms-ratelimit-remaining-subscription-reads": [
          "14998"
        ],
        "x-ms-correlation-request-id": [
          "2fff12aa-59c6-4bee-abc3-3391cbc76d99"
        ],
        "x-ms-routing-request-id": [
          "WESTUS2:20180202T010204Z:2fff12aa-59c6-4bee-abc3-3391cbc76d99"
        ]
      },
      "StatusCode": 200
    },
    {
      "RequestUri": "/subscriptions/1c638cf4-608f-4ee6-b680-c329e824c3a8/providers/Microsoft.Network/locations/northcentralus/operations/3ac2123c-e5a5-4251-a648-d73a3f86ad9d?api-version=2017-08-01",
      "EncodedRequestUri": "L3N1YnNjcmlwdGlvbnMvMWM2MzhjZjQtNjA4Zi00ZWU2LWI2ODAtYzMyOWU4MjRjM2E4L3Byb3ZpZGVycy9NaWNyb3NvZnQuTmV0d29yay9sb2NhdGlvbnMvbm9ydGhjZW50cmFsdXMvb3BlcmF0aW9ucy8zYWMyMTIzYy1lNWE1LTQyNTEtYTY0OC1kNzNhM2Y4NmFkOWQ/YXBpLXZlcnNpb249MjAxNy0wOC0wMQ==",
      "RequestMethod": "GET",
      "RequestBody": "",
      "RequestHeaders": {
        "User-Agent": [
          "FxVersion/4.6.25211.01",
          "Microsoft.Azure.Management.Network.Fluent.NetworkManagementClient/1.6.0.0",
          "MacAddressHash/1a7db1f3023c8cc9a72984005b4db786d257d09f868c7e111d4bf514b71b7890"
        ]
      },
      "ResponseBody": "{\r\n  \"status\": \"InProgress\"\r\n}",
      "ResponseHeaders": {
        "Content-Type": [
          "application/json; charset=utf-8"
        ],
        "Expires": [
          "-1"
        ],
        "Cache-Control": [
          "no-cache"
        ],
        "Date": [
          "Fri, 02 Feb 2018 01:02:14 GMT"
        ],
        "Pragma": [
          "no-cache"
        ],
        "Transfer-Encoding": [
          "chunked"
        ],
        "Retry-After": [
          "10"
        ],
        "Server": [
          "Microsoft-HTTPAPI/2.0",
          "Microsoft-HTTPAPI/2.0"
        ],
        "Vary": [
          "Accept-Encoding"
        ],
        "x-ms-request-id": [
          "0a1f5e63-cb0a-434d-853b-a4a49c356261"
        ],
        "Strict-Transport-Security": [
          "max-age=31536000; includeSubDomains"
        ],
        "x-ms-ratelimit-remaining-subscription-reads": [
          "14997"
        ],
        "x-ms-correlation-request-id": [
          "74c05a64-989d-4ef4-a1f6-76719eb11990"
        ],
        "x-ms-routing-request-id": [
          "WESTUS2:20180202T010214Z:74c05a64-989d-4ef4-a1f6-76719eb11990"
        ]
      },
      "StatusCode": 200
    },
    {
      "RequestUri": "/subscriptions/1c638cf4-608f-4ee6-b680-c329e824c3a8/providers/Microsoft.Network/locations/northcentralus/operations/3ac2123c-e5a5-4251-a648-d73a3f86ad9d?api-version=2017-08-01",
      "EncodedRequestUri": "L3N1YnNjcmlwdGlvbnMvMWM2MzhjZjQtNjA4Zi00ZWU2LWI2ODAtYzMyOWU4MjRjM2E4L3Byb3ZpZGVycy9NaWNyb3NvZnQuTmV0d29yay9sb2NhdGlvbnMvbm9ydGhjZW50cmFsdXMvb3BlcmF0aW9ucy8zYWMyMTIzYy1lNWE1LTQyNTEtYTY0OC1kNzNhM2Y4NmFkOWQ/YXBpLXZlcnNpb249MjAxNy0wOC0wMQ==",
      "RequestMethod": "GET",
      "RequestBody": "",
      "RequestHeaders": {
        "User-Agent": [
          "FxVersion/4.6.25211.01",
          "Microsoft.Azure.Management.Network.Fluent.NetworkManagementClient/1.6.0.0",
          "MacAddressHash/1a7db1f3023c8cc9a72984005b4db786d257d09f868c7e111d4bf514b71b7890"
        ]
      },
      "ResponseBody": "{\r\n  \"status\": \"Succeeded\"\r\n}",
      "ResponseHeaders": {
        "Content-Type": [
          "application/json; charset=utf-8"
        ],
        "Expires": [
          "-1"
        ],
        "Cache-Control": [
          "no-cache"
        ],
        "Date": [
          "Fri, 02 Feb 2018 01:02:24 GMT"
        ],
        "Pragma": [
          "no-cache"
        ],
        "Transfer-Encoding": [
          "chunked"
        ],
        "Server": [
          "Microsoft-HTTPAPI/2.0",
          "Microsoft-HTTPAPI/2.0"
        ],
        "Vary": [
          "Accept-Encoding"
        ],
        "x-ms-request-id": [
          "f88305fa-adfa-4414-932d-9f79061b634d"
        ],
        "Strict-Transport-Security": [
          "max-age=31536000; includeSubDomains"
        ],
        "x-ms-ratelimit-remaining-subscription-reads": [
          "14996"
        ],
        "x-ms-correlation-request-id": [
          "d1ca2cba-c0e0-444e-9764-55186f649f69"
        ],
        "x-ms-routing-request-id": [
          "WESTUS2:20180202T010225Z:d1ca2cba-c0e0-444e-9764-55186f649f69"
        ]
      },
      "StatusCode": 200
    },
    {
      "RequestUri": "/subscriptions/1c638cf4-608f-4ee6-b680-c329e824c3a8/resourceGroups/rg50451/providers/Microsoft.Network/expressRouteCircuits/erc599398?api-version=2017-08-01",
      "EncodedRequestUri": "L3N1YnNjcmlwdGlvbnMvMWM2MzhjZjQtNjA4Zi00ZWU2LWI2ODAtYzMyOWU4MjRjM2E4L3Jlc291cmNlR3JvdXBzL3JnNTA0NTEvcHJvdmlkZXJzL01pY3Jvc29mdC5OZXR3b3JrL2V4cHJlc3NSb3V0ZUNpcmN1aXRzL2VyYzU5OTM5OD9hcGktdmVyc2lvbj0yMDE3LTA4LTAx",
      "RequestMethod": "GET",
      "RequestBody": "",
      "RequestHeaders": {
        "User-Agent": [
          "FxVersion/4.6.25211.01",
          "Microsoft.Azure.Management.Network.Fluent.NetworkManagementClient/1.6.0.0",
          "MacAddressHash/1a7db1f3023c8cc9a72984005b4db786d257d09f868c7e111d4bf514b71b7890"
        ]
      },
      "ResponseBody": "{\r\n  \"name\": \"erc599398\",\r\n  \"id\": \"/subscriptions/1c638cf4-608f-4ee6-b680-c329e824c3a8/resourceGroups/rg50451/providers/Microsoft.Network/expressRouteCircuits/erc599398\",\r\n  \"etag\": \"W/\\\"23acde9d-19b1-4786-b16b-529bb967170a\\\"\",\r\n  \"type\": \"Microsoft.Network/expressRouteCircuits\",\r\n  \"location\": \"northcentralus\",\r\n  \"tags\": {\r\n    \"tag1\": \"value1\"\r\n  },\r\n  \"properties\": {\r\n    \"provisioningState\": \"Succeeded\",\r\n    \"resourceGuid\": \"85cd2493-7d37-4f0a-b8cd-92aec2117617\",\r\n    \"peerings\": [],\r\n    \"authorizations\": [],\r\n    \"serviceProviderProperties\": {\r\n      \"serviceProviderName\": \"Microsoft ER Test\",\r\n      \"peeringLocation\": \"Area51\",\r\n      \"bandwidthInMbps\": 50\r\n    },\r\n    \"circuitProvisioningState\": \"Enabled\",\r\n    \"allowClassicOperations\": false,\r\n    \"gatewayManagerEtag\": \"\",\r\n    \"serviceKey\": \"7ae798b3-7956-40b6-9a4a-6dd39ddfb732\",\r\n    \"serviceProviderProvisioningState\": \"NotProvisioned\"\r\n  },\r\n  \"sku\": {\r\n    \"name\": \"Premium_MeteredData\",\r\n    \"tier\": \"Premium\",\r\n    \"family\": \"MeteredData\"\r\n  }\r\n}",
      "ResponseHeaders": {
        "Content-Type": [
          "application/json; charset=utf-8"
        ],
        "Expires": [
          "-1"
        ],
        "Cache-Control": [
          "no-cache"
        ],
        "Date": [
          "Fri, 02 Feb 2018 01:02:25 GMT"
        ],
        "Pragma": [
          "no-cache"
        ],
        "Transfer-Encoding": [
          "chunked"
        ],
        "Server": [
          "Microsoft-HTTPAPI/2.0",
          "Microsoft-HTTPAPI/2.0"
        ],
        "Vary": [
          "Accept-Encoding"
        ],
        "x-ms-request-id": [
          "330a4fde-66a9-48fe-be01-1e473a301230"
        ],
        "Strict-Transport-Security": [
          "max-age=31536000; includeSubDomains"
        ],
        "x-ms-ratelimit-remaining-subscription-reads": [
          "14995"
        ],
        "x-ms-correlation-request-id": [
          "225eb777-b0b6-4e65-8d2a-76afcd616769"
        ],
        "x-ms-routing-request-id": [
          "WESTUS2:20180202T010225Z:225eb777-b0b6-4e65-8d2a-76afcd616769"
        ]
      },
      "StatusCode": 200
    },
    {
      "RequestUri": "/subscriptions/1c638cf4-608f-4ee6-b680-c329e824c3a8/resourceGroups/rg50451/providers/Microsoft.Network/expressRouteCircuits/erc599398?api-version=2017-08-01",
      "EncodedRequestUri": "L3N1YnNjcmlwdGlvbnMvMWM2MzhjZjQtNjA4Zi00ZWU2LWI2ODAtYzMyOWU4MjRjM2E4L3Jlc291cmNlR3JvdXBzL3JnNTA0NTEvcHJvdmlkZXJzL01pY3Jvc29mdC5OZXR3b3JrL2V4cHJlc3NSb3V0ZUNpcmN1aXRzL2VyYzU5OTM5OD9hcGktdmVyc2lvbj0yMDE3LTA4LTAx",
      "RequestMethod": "GET",
      "RequestBody": "",
      "RequestHeaders": {
        "x-ms-client-request-id": [
          "1571134f-978d-4804-befb-eef7b686db7d"
        ],
        "accept-language": [
          "en-US"
        ],
        "User-Agent": [
          "FxVersion/4.6.25211.01",
          "Microsoft.Azure.Management.Network.Fluent.NetworkManagementClient/1.6.0.0",
          "MacAddressHash/1a7db1f3023c8cc9a72984005b4db786d257d09f868c7e111d4bf514b71b7890"
        ]
      },
      "ResponseBody": "{\r\n  \"name\": \"erc599398\",\r\n  \"id\": \"/subscriptions/1c638cf4-608f-4ee6-b680-c329e824c3a8/resourceGroups/rg50451/providers/Microsoft.Network/expressRouteCircuits/erc599398\",\r\n  \"etag\": \"W/\\\"1202db13-8423-4cd8-b64d-4ee0a7438909\\\"\",\r\n  \"type\": \"Microsoft.Network/expressRouteCircuits\",\r\n  \"location\": \"northcentralus\",\r\n  \"tags\": {\r\n    \"tag1\": \"value1\"\r\n  },\r\n  \"properties\": {\r\n    \"provisioningState\": \"Succeeded\",\r\n    \"resourceGuid\": \"85cd2493-7d37-4f0a-b8cd-92aec2117617\",\r\n    \"peerings\": [\r\n      {\r\n        \"name\": \"MicrosoftPeering\",\r\n        \"id\": \"/subscriptions/1c638cf4-608f-4ee6-b680-c329e824c3a8/resourceGroups/rg50451/providers/Microsoft.Network/expressRouteCircuits/erc599398/peerings/MicrosoftPeering\",\r\n        \"etag\": \"W/\\\"1202db13-8423-4cd8-b64d-4ee0a7438909\\\"\",\r\n        \"properties\": {\r\n          \"provisioningState\": \"Succeeded\",\r\n          \"peeringType\": \"MicrosoftPeering\",\r\n          \"azureASN\": 12076,\r\n          \"peerASN\": 100,\r\n          \"primaryPeerAddressPrefix\": \"123.0.0.0/30\",\r\n          \"secondaryPeerAddressPrefix\": \"123.0.0.4/30\",\r\n          \"primaryAzurePort\": \"\",\r\n          \"secondaryAzurePort\": \"\",\r\n          \"state\": \"Enabled\",\r\n          \"vlanId\": 200,\r\n          \"gatewayManagerEtag\": \"\",\r\n          \"lastModifiedBy\": \"Customer\",\r\n          \"microsoftPeeringConfig\": {\r\n            \"advertisedPublicPrefixes\": [\r\n              \"123.1.0.0/24\"\r\n            ],\r\n            \"advertisedPublicPrefixesState\": \"ValidationNeeded\",\r\n            \"customerASN\": 0,\r\n            \"legacyMode\": 0,\r\n            \"routingRegistryName\": \"NONE\"\r\n          }\r\n        }\r\n      }\r\n    ],\r\n    \"authorizations\": [],\r\n    \"serviceProviderProperties\": {\r\n      \"serviceProviderName\": \"Microsoft ER Test\",\r\n      \"peeringLocation\": \"Area51\",\r\n      \"bandwidthInMbps\": 50\r\n    },\r\n    \"circuitProvisioningState\": \"Enabled\",\r\n    \"allowClassicOperations\": false,\r\n    \"gatewayManagerEtag\": \"\",\r\n    \"serviceKey\": \"7ae798b3-7956-40b6-9a4a-6dd39ddfb732\",\r\n    \"serviceProviderProvisioningState\": \"NotProvisioned\"\r\n  },\r\n  \"sku\": {\r\n    \"name\": \"Premium_MeteredData\",\r\n    \"tier\": \"Premium\",\r\n    \"family\": \"MeteredData\"\r\n  }\r\n}",
      "ResponseHeaders": {
        "Content-Type": [
          "application/json; charset=utf-8"
        ],
        "Expires": [
          "-1"
        ],
        "Cache-Control": [
          "no-cache"
        ],
        "Date": [
          "Fri, 02 Feb 2018 01:03:08 GMT"
        ],
        "Pragma": [
          "no-cache"
        ],
        "Transfer-Encoding": [
          "chunked"
        ],
        "Server": [
          "Microsoft-HTTPAPI/2.0",
          "Microsoft-HTTPAPI/2.0"
        ],
        "Vary": [
          "Accept-Encoding"
        ],
        "x-ms-request-id": [
          "02e42edc-a683-404c-a924-61bd61a588f7"
        ],
        "Strict-Transport-Security": [
          "max-age=31536000; includeSubDomains"
        ],
        "x-ms-ratelimit-remaining-subscription-reads": [
          "14989"
        ],
        "x-ms-correlation-request-id": [
          "65d441f0-b0ae-410a-847d-75a2103661c0"
        ],
        "x-ms-routing-request-id": [
          "WESTUS2:20180202T010308Z:65d441f0-b0ae-410a-847d-75a2103661c0"
        ]
      },
      "StatusCode": 200
    },
    {
      "RequestUri": "/subscriptions/1c638cf4-608f-4ee6-b680-c329e824c3a8/resourceGroups/rg50451/providers/Microsoft.Network/expressRouteCircuits/erc599398?api-version=2017-08-01",
      "EncodedRequestUri": "L3N1YnNjcmlwdGlvbnMvMWM2MzhjZjQtNjA4Zi00ZWU2LWI2ODAtYzMyOWU4MjRjM2E4L3Jlc291cmNlR3JvdXBzL3JnNTA0NTEvcHJvdmlkZXJzL01pY3Jvc29mdC5OZXR3b3JrL2V4cHJlc3NSb3V0ZUNpcmN1aXRzL2VyYzU5OTM5OD9hcGktdmVyc2lvbj0yMDE3LTA4LTAx",
      "RequestMethod": "GET",
      "RequestBody": "",
      "RequestHeaders": {
        "x-ms-client-request-id": [
          "c906caee-20db-410c-9353-b078f2307414"
        ],
        "accept-language": [
          "en-US"
        ],
        "User-Agent": [
          "FxVersion/4.6.25211.01",
          "Microsoft.Azure.Management.Network.Fluent.NetworkManagementClient/1.6.0.0",
          "MacAddressHash/1a7db1f3023c8cc9a72984005b4db786d257d09f868c7e111d4bf514b71b7890"
        ]
      },
      "ResponseBody": "{\r\n  \"name\": \"erc599398\",\r\n  \"id\": \"/subscriptions/1c638cf4-608f-4ee6-b680-c329e824c3a8/resourceGroups/rg50451/providers/Microsoft.Network/expressRouteCircuits/erc599398\",\r\n  \"etag\": \"W/\\\"f54b5f76-e214-4263-9569-3e307ad29ed4\\\"\",\r\n  \"type\": \"Microsoft.Network/expressRouteCircuits\",\r\n  \"location\": \"northcentralus\",\r\n  \"tags\": {\r\n    \"tag1\": \"value1\"\r\n  },\r\n  \"properties\": {\r\n    \"provisioningState\": \"Succeeded\",\r\n    \"resourceGuid\": \"85cd2493-7d37-4f0a-b8cd-92aec2117617\",\r\n    \"peerings\": [\r\n      {\r\n        \"name\": \"MicrosoftPeering\",\r\n        \"id\": \"/subscriptions/1c638cf4-608f-4ee6-b680-c329e824c3a8/resourceGroups/rg50451/providers/Microsoft.Network/expressRouteCircuits/erc599398/peerings/MicrosoftPeering\",\r\n        \"etag\": \"W/\\\"f54b5f76-e214-4263-9569-3e307ad29ed4\\\"\",\r\n        \"properties\": {\r\n          \"provisioningState\": \"Succeeded\",\r\n          \"peeringType\": \"MicrosoftPeering\",\r\n          \"azureASN\": 12076,\r\n          \"peerASN\": 101,\r\n          \"primaryPeerAddressPrefix\": \"123.0.0.0/30\",\r\n          \"secondaryPeerAddressPrefix\": \"123.0.0.8/30\",\r\n          \"primaryAzurePort\": \"\",\r\n          \"secondaryAzurePort\": \"\",\r\n          \"state\": \"Enabled\",\r\n          \"vlanId\": 300,\r\n          \"gatewayManagerEtag\": \"\",\r\n          \"lastModifiedBy\": \"Customer\",\r\n          \"microsoftPeeringConfig\": {\r\n            \"advertisedPublicPrefixes\": [\r\n              \"123.1.0.0/24\"\r\n            ],\r\n            \"advertisedPublicPrefixesState\": \"ValidationNeeded\",\r\n            \"customerASN\": 0,\r\n            \"legacyMode\": 0,\r\n            \"routingRegistryName\": \"NONE\"\r\n          }\r\n        }\r\n      }\r\n    ],\r\n    \"authorizations\": [],\r\n    \"serviceProviderProperties\": {\r\n      \"serviceProviderName\": \"Microsoft ER Test\",\r\n      \"peeringLocation\": \"Area51\",\r\n      \"bandwidthInMbps\": 50\r\n    },\r\n    \"circuitProvisioningState\": \"Enabled\",\r\n    \"allowClassicOperations\": false,\r\n    \"gatewayManagerEtag\": \"\",\r\n    \"serviceKey\": \"7ae798b3-7956-40b6-9a4a-6dd39ddfb732\",\r\n    \"serviceProviderProvisioningState\": \"NotProvisioned\"\r\n  },\r\n  \"sku\": {\r\n    \"name\": \"Premium_MeteredData\",\r\n    \"tier\": \"Premium\",\r\n    \"family\": \"MeteredData\"\r\n  }\r\n}",
      "ResponseHeaders": {
        "Content-Type": [
          "application/json; charset=utf-8"
        ],
        "Expires": [
          "-1"
        ],
        "Cache-Control": [
          "no-cache"
        ],
        "Date": [
          "Fri, 02 Feb 2018 01:03:50 GMT"
        ],
        "Pragma": [
          "no-cache"
        ],
        "Transfer-Encoding": [
          "chunked"
        ],
        "Server": [
          "Microsoft-HTTPAPI/2.0",
          "Microsoft-HTTPAPI/2.0"
        ],
        "Vary": [
          "Accept-Encoding"
        ],
        "x-ms-request-id": [
          "b0637765-6ee7-42b5-b67f-a6258051a371"
        ],
        "Strict-Transport-Security": [
          "max-age=31536000; includeSubDomains"
        ],
        "x-ms-ratelimit-remaining-subscription-reads": [
          "14983"
        ],
        "x-ms-correlation-request-id": [
          "f491dcde-7f2d-4d60-9943-99151a7f6b82"
        ],
        "x-ms-routing-request-id": [
          "WESTUS2:20180202T010350Z:f491dcde-7f2d-4d60-9943-99151a7f6b82"
        ]
      },
      "StatusCode": 200
    },
    {
      "RequestUri": "/subscriptions/1c638cf4-608f-4ee6-b680-c329e824c3a8/resourceGroups/rg50451/providers/Microsoft.Network/expressRouteCircuits/erc599398/peerings/MicrosoftPeering?api-version=2017-08-01",
      "EncodedRequestUri": "L3N1YnNjcmlwdGlvbnMvMWM2MzhjZjQtNjA4Zi00ZWU2LWI2ODAtYzMyOWU4MjRjM2E4L3Jlc291cmNlR3JvdXBzL3JnNTA0NTEvcHJvdmlkZXJzL01pY3Jvc29mdC5OZXR3b3JrL2V4cHJlc3NSb3V0ZUNpcmN1aXRzL2VyYzU5OTM5OC9wZWVyaW5ncy9NaWNyb3NvZnRQZWVyaW5nP2FwaS12ZXJzaW9uPTIwMTctMDgtMDE=",
      "RequestMethod": "PUT",
      "RequestBody": "{\r\n  \"properties\": {\r\n    \"peeringType\": \"MicrosoftPeering\",\r\n    \"peerASN\": 100,\r\n    \"primaryPeerAddressPrefix\": \"123.0.0.0/30\",\r\n    \"secondaryPeerAddressPrefix\": \"123.0.0.4/30\",\r\n    \"vlanId\": 200,\r\n    \"microsoftPeeringConfig\": {\r\n      \"advertisedPublicPrefixes\": [\r\n        \"123.1.0.0/24\"\r\n      ]\r\n    }\r\n  }\r\n}",
      "RequestHeaders": {
        "Content-Type": [
          "application/json; charset=utf-8"
        ],
        "Content-Length": [
          "319"
        ],
        "x-ms-client-request-id": [
          "9935683c-4ce5-4e01-b2ce-94b8c6b73c1e"
        ],
        "accept-language": [
          "en-US"
        ],
        "User-Agent": [
          "FxVersion/4.6.25211.01",
          "Microsoft.Azure.Management.Network.Fluent.NetworkManagementClient/1.6.0.0",
          "MacAddressHash/1a7db1f3023c8cc9a72984005b4db786d257d09f868c7e111d4bf514b71b7890"
        ]
      },
      "ResponseBody": "{\r\n  \"name\": \"MicrosoftPeering\",\r\n  \"id\": \"/subscriptions/1c638cf4-608f-4ee6-b680-c329e824c3a8/resourceGroups/rg50451/providers/Microsoft.Network/expressRouteCircuits/erc599398/peerings/MicrosoftPeering\",\r\n  \"etag\": \"W/\\\"30ea6324-e99e-4c70-8eb0-4df120543b0c\\\"\",\r\n  \"properties\": {\r\n    \"provisioningState\": \"Updating\",\r\n    \"peeringType\": \"MicrosoftPeering\",\r\n    \"azureASN\": 0,\r\n    \"peerASN\": 100,\r\n    \"primaryPeerAddressPrefix\": \"123.0.0.0/30\",\r\n    \"secondaryPeerAddressPrefix\": \"123.0.0.4/30\",\r\n    \"state\": \"Disabled\",\r\n    \"vlanId\": 200,\r\n    \"lastModifiedBy\": \"\",\r\n    \"microsoftPeeringConfig\": {\r\n      \"advertisedPublicPrefixes\": [\r\n        \"123.1.0.0/24\"\r\n      ],\r\n      \"advertisedPublicPrefixesState\": \"NotConfigured\",\r\n      \"customerASN\": 0,\r\n      \"legacyMode\": 0,\r\n      \"routingRegistryName\": \"NONE\"\r\n    }\r\n  }\r\n}",
      "ResponseHeaders": {
        "Content-Length": [
          "834"
        ],
        "Content-Type": [
          "application/json; charset=utf-8"
        ],
        "Expires": [
          "-1"
        ],
        "Cache-Control": [
          "no-cache"
        ],
        "Date": [
          "Fri, 02 Feb 2018 01:02:25 GMT"
        ],
        "Pragma": [
          "no-cache"
        ],
        "Retry-After": [
          "10"
        ],
        "Server": [
          "Microsoft-HTTPAPI/2.0",
          "Microsoft-HTTPAPI/2.0"
        ],
        "x-ms-request-id": [
          "e0014107-bb99-42e8-a046-aef8fb182297"
        ],
        "Azure-AsyncOperation": [
          "https://management.azure.com/subscriptions/1c638cf4-608f-4ee6-b680-c329e824c3a8/providers/Microsoft.Network/locations/northcentralus/operations/e0014107-bb99-42e8-a046-aef8fb182297?api-version=2017-08-01"
        ],
        "Strict-Transport-Security": [
          "max-age=31536000; includeSubDomains"
        ],
        "x-ms-ratelimit-remaining-subscription-writes": [
          "1197"
        ],
        "x-ms-correlation-request-id": [
          "66d79aff-a8a6-4ea1-898b-e863fc5be232"
        ],
        "x-ms-routing-request-id": [
          "WESTUS2:20180202T010226Z:66d79aff-a8a6-4ea1-898b-e863fc5be232"
        ]
      },
      "StatusCode": 201
    },
    {
      "RequestUri": "/subscriptions/1c638cf4-608f-4ee6-b680-c329e824c3a8/resourceGroups/rg50451/providers/Microsoft.Network/expressRouteCircuits/erc599398/peerings/MicrosoftPeering?api-version=2017-08-01",
      "EncodedRequestUri": "L3N1YnNjcmlwdGlvbnMvMWM2MzhjZjQtNjA4Zi00ZWU2LWI2ODAtYzMyOWU4MjRjM2E4L3Jlc291cmNlR3JvdXBzL3JnNTA0NTEvcHJvdmlkZXJzL01pY3Jvc29mdC5OZXR3b3JrL2V4cHJlc3NSb3V0ZUNpcmN1aXRzL2VyYzU5OTM5OC9wZWVyaW5ncy9NaWNyb3NvZnRQZWVyaW5nP2FwaS12ZXJzaW9uPTIwMTctMDgtMDE=",
      "RequestMethod": "PUT",
      "RequestBody": "{\r\n  \"properties\": {\r\n    \"peeringType\": \"MicrosoftPeering\",\r\n    \"state\": \"Enabled\",\r\n    \"azureASN\": 12076,\r\n    \"peerASN\": 101,\r\n    \"primaryPeerAddressPrefix\": \"123.0.0.0/30\",\r\n    \"secondaryPeerAddressPrefix\": \"123.0.0.8/30\",\r\n    \"primaryAzurePort\": \"\",\r\n    \"secondaryAzurePort\": \"\",\r\n    \"vlanId\": 300,\r\n    \"microsoftPeeringConfig\": {\r\n      \"advertisedPublicPrefixes\": [\r\n        \"123.1.0.0/24\"\r\n      ],\r\n      \"advertisedPublicPrefixesState\": \"ValidationNeeded\",\r\n      \"legacyMode\": 0,\r\n      \"customerASN\": 0,\r\n      \"routingRegistryName\": \"NONE\"\r\n    },\r\n    \"provisioningState\": \"Succeeded\",\r\n    \"gatewayManagerEtag\": \"\",\r\n    \"lastModifiedBy\": \"Customer\"\r\n  },\r\n  \"name\": \"MicrosoftPeering\",\r\n  \"id\": \"/subscriptions/1c638cf4-608f-4ee6-b680-c329e824c3a8/resourceGroups/rg50451/providers/Microsoft.Network/expressRouteCircuits/erc599398/peerings/MicrosoftPeering\"\r\n}",
      "RequestHeaders": {
        "Content-Type": [
          "application/json; charset=utf-8"
        ],
        "Content-Length": [
          "883"
        ],
        "x-ms-client-request-id": [
          "6561b2b5-054b-41d0-925b-7b187ac99b6e"
        ],
        "accept-language": [
          "en-US"
        ],
        "User-Agent": [
          "FxVersion/4.6.25211.01",
          "Microsoft.Azure.Management.Network.Fluent.NetworkManagementClient/1.6.0.0",
          "MacAddressHash/1a7db1f3023c8cc9a72984005b4db786d257d09f868c7e111d4bf514b71b7890"
        ]
      },
      "ResponseBody": "{\r\n  \"name\": \"MicrosoftPeering\",\r\n  \"id\": \"/subscriptions/1c638cf4-608f-4ee6-b680-c329e824c3a8/resourceGroups/rg50451/providers/Microsoft.Network/expressRouteCircuits/erc599398/peerings/MicrosoftPeering\",\r\n  \"etag\": \"W/\\\"409ae251-74a2-4b8e-9bd1-a33ee4e370cc\\\"\",\r\n  \"properties\": {\r\n    \"provisioningState\": \"Updating\",\r\n    \"peeringType\": \"MicrosoftPeering\",\r\n    \"azureASN\": 12076,\r\n    \"peerASN\": 101,\r\n    \"primaryPeerAddressPrefix\": \"123.0.0.0/30\",\r\n    \"secondaryPeerAddressPrefix\": \"123.0.0.8/30\",\r\n    \"primaryAzurePort\": \"A51-TEST-06GMR-CIS-1-PRI-A\",\r\n    \"secondaryAzurePort\": \"A51-TEST-06GMR-CIS-2-SEC-A\",\r\n    \"state\": \"Enabled\",\r\n    \"vlanId\": 300,\r\n    \"gatewayManagerEtag\": \"\",\r\n    \"lastModifiedBy\": \"Customer\",\r\n    \"microsoftPeeringConfig\": {\r\n      \"advertisedPublicPrefixes\": [\r\n        \"123.1.0.0/24\"\r\n      ],\r\n      \"advertisedPublicPrefixesState\": \"ValidationNeeded\",\r\n      \"customerASN\": 0,\r\n      \"legacyMode\": 0,\r\n      \"routingRegistryName\": \"NONE\"\r\n    }\r\n  }\r\n}",
      "ResponseHeaders": {
        "Content-Type": [
          "application/json; charset=utf-8"
        ],
        "Expires": [
          "-1"
        ],
        "Cache-Control": [
          "no-cache"
        ],
        "Date": [
          "Fri, 02 Feb 2018 01:03:08 GMT"
        ],
        "Pragma": [
          "no-cache"
        ],
        "Transfer-Encoding": [
          "chunked"
        ],
        "Retry-After": [
          "10"
        ],
        "Server": [
          "Microsoft-HTTPAPI/2.0",
          "Microsoft-HTTPAPI/2.0"
        ],
        "Vary": [
          "Accept-Encoding"
        ],
        "x-ms-request-id": [
          "88db45a7-249c-4fa6-b66e-b0b7954b71e0"
        ],
        "Azure-AsyncOperation": [
          "https://management.azure.com/subscriptions/1c638cf4-608f-4ee6-b680-c329e824c3a8/providers/Microsoft.Network/locations/northcentralus/operations/88db45a7-249c-4fa6-b66e-b0b7954b71e0?api-version=2017-08-01"
        ],
        "Strict-Transport-Security": [
          "max-age=31536000; includeSubDomains"
        ],
        "x-ms-ratelimit-remaining-subscription-writes": [
          "1196"
        ],
        "x-ms-correlation-request-id": [
          "4df18a11-2065-4e66-bb10-c99ed28b2cf9"
        ],
        "x-ms-routing-request-id": [
          "WESTUS2:20180202T010308Z:4df18a11-2065-4e66-bb10-c99ed28b2cf9"
        ]
      },
      "StatusCode": 200
    },
    {
      "RequestUri": "/subscriptions/1c638cf4-608f-4ee6-b680-c329e824c3a8/providers/Microsoft.Network/locations/northcentralus/operations/e0014107-bb99-42e8-a046-aef8fb182297?api-version=2017-08-01",
      "EncodedRequestUri": "L3N1YnNjcmlwdGlvbnMvMWM2MzhjZjQtNjA4Zi00ZWU2LWI2ODAtYzMyOWU4MjRjM2E4L3Byb3ZpZGVycy9NaWNyb3NvZnQuTmV0d29yay9sb2NhdGlvbnMvbm9ydGhjZW50cmFsdXMvb3BlcmF0aW9ucy9lMDAxNDEwNy1iYjk5LTQyZTgtYTA0Ni1hZWY4ZmIxODIyOTc/YXBpLXZlcnNpb249MjAxNy0wOC0wMQ==",
      "RequestMethod": "GET",
      "RequestBody": "",
      "RequestHeaders": {
        "User-Agent": [
          "FxVersion/4.6.25211.01",
          "Microsoft.Azure.Management.Network.Fluent.NetworkManagementClient/1.6.0.0",
          "MacAddressHash/1a7db1f3023c8cc9a72984005b4db786d257d09f868c7e111d4bf514b71b7890"
        ]
      },
      "ResponseBody": "{\r\n  \"status\": \"InProgress\"\r\n}",
      "ResponseHeaders": {
        "Content-Type": [
          "application/json; charset=utf-8"
        ],
        "Expires": [
          "-1"
        ],
        "Cache-Control": [
          "no-cache"
        ],
        "Date": [
          "Fri, 02 Feb 2018 01:02:35 GMT"
        ],
        "Pragma": [
          "no-cache"
        ],
        "Transfer-Encoding": [
          "chunked"
        ],
        "Retry-After": [
          "10"
        ],
        "Server": [
          "Microsoft-HTTPAPI/2.0",
          "Microsoft-HTTPAPI/2.0"
        ],
        "Vary": [
          "Accept-Encoding"
        ],
        "x-ms-request-id": [
          "6fe21d04-872d-42f8-9c55-171f6e0a15f7"
        ],
        "Strict-Transport-Security": [
          "max-age=31536000; includeSubDomains"
        ],
        "x-ms-ratelimit-remaining-subscription-reads": [
          "14994"
        ],
        "x-ms-correlation-request-id": [
          "b406ea8b-8020-44e3-b47d-b44f00fdbcd6"
        ],
        "x-ms-routing-request-id": [
          "WESTUS2:20180202T010236Z:b406ea8b-8020-44e3-b47d-b44f00fdbcd6"
        ]
      },
      "StatusCode": 200
    },
    {
      "RequestUri": "/subscriptions/1c638cf4-608f-4ee6-b680-c329e824c3a8/providers/Microsoft.Network/locations/northcentralus/operations/e0014107-bb99-42e8-a046-aef8fb182297?api-version=2017-08-01",
      "EncodedRequestUri": "L3N1YnNjcmlwdGlvbnMvMWM2MzhjZjQtNjA4Zi00ZWU2LWI2ODAtYzMyOWU4MjRjM2E4L3Byb3ZpZGVycy9NaWNyb3NvZnQuTmV0d29yay9sb2NhdGlvbnMvbm9ydGhjZW50cmFsdXMvb3BlcmF0aW9ucy9lMDAxNDEwNy1iYjk5LTQyZTgtYTA0Ni1hZWY4ZmIxODIyOTc/YXBpLXZlcnNpb249MjAxNy0wOC0wMQ==",
      "RequestMethod": "GET",
      "RequestBody": "",
      "RequestHeaders": {
        "User-Agent": [
          "FxVersion/4.6.25211.01",
          "Microsoft.Azure.Management.Network.Fluent.NetworkManagementClient/1.6.0.0",
          "MacAddressHash/1a7db1f3023c8cc9a72984005b4db786d257d09f868c7e111d4bf514b71b7890"
        ]
      },
      "ResponseBody": "{\r\n  \"status\": \"InProgress\"\r\n}",
      "ResponseHeaders": {
        "Content-Type": [
          "application/json; charset=utf-8"
        ],
        "Expires": [
          "-1"
        ],
        "Cache-Control": [
          "no-cache"
        ],
        "Date": [
          "Fri, 02 Feb 2018 01:02:45 GMT"
        ],
        "Pragma": [
          "no-cache"
        ],
        "Transfer-Encoding": [
          "chunked"
        ],
        "Retry-After": [
          "10"
        ],
        "Server": [
          "Microsoft-HTTPAPI/2.0",
          "Microsoft-HTTPAPI/2.0"
        ],
        "Vary": [
          "Accept-Encoding"
        ],
        "x-ms-request-id": [
          "56b88baf-7aa7-440e-a1da-87e7ef83dffd"
        ],
        "Strict-Transport-Security": [
          "max-age=31536000; includeSubDomains"
        ],
        "x-ms-ratelimit-remaining-subscription-reads": [
          "14993"
        ],
        "x-ms-correlation-request-id": [
          "11dde86b-d973-4802-95da-d1385a0ec439"
        ],
        "x-ms-routing-request-id": [
          "WESTUS2:20180202T010246Z:11dde86b-d973-4802-95da-d1385a0ec439"
        ]
      },
      "StatusCode": 200
    },
    {
      "RequestUri": "/subscriptions/1c638cf4-608f-4ee6-b680-c329e824c3a8/providers/Microsoft.Network/locations/northcentralus/operations/e0014107-bb99-42e8-a046-aef8fb182297?api-version=2017-08-01",
      "EncodedRequestUri": "L3N1YnNjcmlwdGlvbnMvMWM2MzhjZjQtNjA4Zi00ZWU2LWI2ODAtYzMyOWU4MjRjM2E4L3Byb3ZpZGVycy9NaWNyb3NvZnQuTmV0d29yay9sb2NhdGlvbnMvbm9ydGhjZW50cmFsdXMvb3BlcmF0aW9ucy9lMDAxNDEwNy1iYjk5LTQyZTgtYTA0Ni1hZWY4ZmIxODIyOTc/YXBpLXZlcnNpb249MjAxNy0wOC0wMQ==",
      "RequestMethod": "GET",
      "RequestBody": "",
      "RequestHeaders": {
        "User-Agent": [
          "FxVersion/4.6.25211.01",
          "Microsoft.Azure.Management.Network.Fluent.NetworkManagementClient/1.6.0.0",
          "MacAddressHash/1a7db1f3023c8cc9a72984005b4db786d257d09f868c7e111d4bf514b71b7890"
        ]
      },
      "ResponseBody": "{\r\n  \"status\": \"InProgress\"\r\n}",
      "ResponseHeaders": {
        "Content-Type": [
          "application/json; charset=utf-8"
        ],
        "Expires": [
          "-1"
        ],
        "Cache-Control": [
          "no-cache"
        ],
        "Date": [
          "Fri, 02 Feb 2018 01:02:56 GMT"
        ],
        "Pragma": [
          "no-cache"
        ],
        "Transfer-Encoding": [
          "chunked"
        ],
        "Retry-After": [
          "10"
        ],
        "Server": [
          "Microsoft-HTTPAPI/2.0",
          "Microsoft-HTTPAPI/2.0"
        ],
        "Vary": [
          "Accept-Encoding"
        ],
        "x-ms-request-id": [
          "23b7a602-b699-438c-afc5-70849bc005d7"
        ],
        "Strict-Transport-Security": [
          "max-age=31536000; includeSubDomains"
        ],
        "x-ms-ratelimit-remaining-subscription-reads": [
          "14992"
        ],
        "x-ms-correlation-request-id": [
          "70ae33fd-162e-4599-affe-82a8f29ccd0f"
        ],
        "x-ms-routing-request-id": [
          "WESTUS2:20180202T010257Z:70ae33fd-162e-4599-affe-82a8f29ccd0f"
        ]
      },
      "StatusCode": 200
    },
    {
      "RequestUri": "/subscriptions/1c638cf4-608f-4ee6-b680-c329e824c3a8/providers/Microsoft.Network/locations/northcentralus/operations/e0014107-bb99-42e8-a046-aef8fb182297?api-version=2017-08-01",
      "EncodedRequestUri": "L3N1YnNjcmlwdGlvbnMvMWM2MzhjZjQtNjA4Zi00ZWU2LWI2ODAtYzMyOWU4MjRjM2E4L3Byb3ZpZGVycy9NaWNyb3NvZnQuTmV0d29yay9sb2NhdGlvbnMvbm9ydGhjZW50cmFsdXMvb3BlcmF0aW9ucy9lMDAxNDEwNy1iYjk5LTQyZTgtYTA0Ni1hZWY4ZmIxODIyOTc/YXBpLXZlcnNpb249MjAxNy0wOC0wMQ==",
      "RequestMethod": "GET",
      "RequestBody": "",
      "RequestHeaders": {
        "User-Agent": [
          "FxVersion/4.6.25211.01",
          "Microsoft.Azure.Management.Network.Fluent.NetworkManagementClient/1.6.0.0",
          "MacAddressHash/1a7db1f3023c8cc9a72984005b4db786d257d09f868c7e111d4bf514b71b7890"
        ]
      },
      "ResponseBody": "{\r\n  \"status\": \"Succeeded\"\r\n}",
      "ResponseHeaders": {
        "Content-Type": [
          "application/json; charset=utf-8"
        ],
        "Expires": [
          "-1"
        ],
        "Cache-Control": [
          "no-cache"
        ],
        "Date": [
          "Fri, 02 Feb 2018 01:03:07 GMT"
        ],
        "Pragma": [
          "no-cache"
        ],
        "Transfer-Encoding": [
          "chunked"
        ],
        "Server": [
          "Microsoft-HTTPAPI/2.0",
          "Microsoft-HTTPAPI/2.0"
        ],
        "Vary": [
          "Accept-Encoding"
        ],
        "x-ms-request-id": [
          "7bc6dfcb-43e1-4e08-9f02-91d79758b16a"
        ],
        "Strict-Transport-Security": [
          "max-age=31536000; includeSubDomains"
        ],
        "x-ms-ratelimit-remaining-subscription-reads": [
          "14991"
        ],
        "x-ms-correlation-request-id": [
          "2a50019e-5911-489a-a728-cf7e1d73529a"
        ],
        "x-ms-routing-request-id": [
          "WESTUS2:20180202T010307Z:2a50019e-5911-489a-a728-cf7e1d73529a"
        ]
      },
      "StatusCode": 200
    },
    {
      "RequestUri": "/subscriptions/1c638cf4-608f-4ee6-b680-c329e824c3a8/resourceGroups/rg50451/providers/Microsoft.Network/expressRouteCircuits/erc599398/peerings/MicrosoftPeering?api-version=2017-08-01",
      "EncodedRequestUri": "L3N1YnNjcmlwdGlvbnMvMWM2MzhjZjQtNjA4Zi00ZWU2LWI2ODAtYzMyOWU4MjRjM2E4L3Jlc291cmNlR3JvdXBzL3JnNTA0NTEvcHJvdmlkZXJzL01pY3Jvc29mdC5OZXR3b3JrL2V4cHJlc3NSb3V0ZUNpcmN1aXRzL2VyYzU5OTM5OC9wZWVyaW5ncy9NaWNyb3NvZnRQZWVyaW5nP2FwaS12ZXJzaW9uPTIwMTctMDgtMDE=",
      "RequestMethod": "GET",
      "RequestBody": "",
      "RequestHeaders": {
        "User-Agent": [
          "FxVersion/4.6.25211.01",
          "Microsoft.Azure.Management.Network.Fluent.NetworkManagementClient/1.6.0.0",
          "MacAddressHash/1a7db1f3023c8cc9a72984005b4db786d257d09f868c7e111d4bf514b71b7890"
        ]
      },
      "ResponseBody": "{\r\n  \"name\": \"MicrosoftPeering\",\r\n  \"id\": \"/subscriptions/1c638cf4-608f-4ee6-b680-c329e824c3a8/resourceGroups/rg50451/providers/Microsoft.Network/expressRouteCircuits/erc599398/peerings/MicrosoftPeering\",\r\n  \"etag\": \"W/\\\"1202db13-8423-4cd8-b64d-4ee0a7438909\\\"\",\r\n  \"properties\": {\r\n    \"provisioningState\": \"Succeeded\",\r\n    \"peeringType\": \"MicrosoftPeering\",\r\n    \"azureASN\": 12076,\r\n    \"peerASN\": 100,\r\n    \"primaryPeerAddressPrefix\": \"123.0.0.0/30\",\r\n    \"secondaryPeerAddressPrefix\": \"123.0.0.4/30\",\r\n    \"primaryAzurePort\": \"A51-TEST-06GMR-CIS-1-PRI-A\",\r\n    \"secondaryAzurePort\": \"A51-TEST-06GMR-CIS-2-SEC-A\",\r\n    \"state\": \"Enabled\",\r\n    \"vlanId\": 200,\r\n    \"gatewayManagerEtag\": \"\",\r\n    \"lastModifiedBy\": \"Customer\",\r\n    \"microsoftPeeringConfig\": {\r\n      \"advertisedPublicPrefixes\": [\r\n        \"123.1.0.0/24\"\r\n      ],\r\n      \"advertisedPublicPrefixesState\": \"ValidationNeeded\",\r\n      \"customerASN\": 0,\r\n      \"legacyMode\": 0,\r\n      \"routingRegistryName\": \"NONE\"\r\n    }\r\n  }\r\n}",
      "ResponseHeaders": {
        "Content-Type": [
          "application/json; charset=utf-8"
        ],
        "Expires": [
          "-1"
        ],
        "Cache-Control": [
          "no-cache"
        ],
        "Date": [
          "Fri, 02 Feb 2018 01:03:07 GMT"
        ],
        "Pragma": [
          "no-cache"
        ],
        "Transfer-Encoding": [
          "chunked"
        ],
        "Server": [
          "Microsoft-HTTPAPI/2.0",
          "Microsoft-HTTPAPI/2.0"
        ],
        "Vary": [
          "Accept-Encoding"
        ],
        "x-ms-request-id": [
          "3a507748-6026-48b3-aa63-b57a931add65"
        ],
        "Strict-Transport-Security": [
          "max-age=31536000; includeSubDomains"
        ],
        "x-ms-ratelimit-remaining-subscription-reads": [
          "14990"
        ],
        "x-ms-correlation-request-id": [
          "0f0385f4-59fb-42ea-8690-5a4f8e0b2a75"
        ],
        "x-ms-routing-request-id": [
          "WESTUS2:20180202T010308Z:0f0385f4-59fb-42ea-8690-5a4f8e0b2a75"
        ]
      },
      "StatusCode": 200
    },
    {
      "RequestUri": "/subscriptions/1c638cf4-608f-4ee6-b680-c329e824c3a8/resourceGroups/rg50451/providers/Microsoft.Network/expressRouteCircuits/erc599398/peerings/MicrosoftPeering?api-version=2017-08-01",
      "EncodedRequestUri": "L3N1YnNjcmlwdGlvbnMvMWM2MzhjZjQtNjA4Zi00ZWU2LWI2ODAtYzMyOWU4MjRjM2E4L3Jlc291cmNlR3JvdXBzL3JnNTA0NTEvcHJvdmlkZXJzL01pY3Jvc29mdC5OZXR3b3JrL2V4cHJlc3NSb3V0ZUNpcmN1aXRzL2VyYzU5OTM5OC9wZWVyaW5ncy9NaWNyb3NvZnRQZWVyaW5nP2FwaS12ZXJzaW9uPTIwMTctMDgtMDE=",
      "RequestMethod": "GET",
      "RequestBody": "",
      "RequestHeaders": {
        "User-Agent": [
          "FxVersion/4.6.25211.01",
          "Microsoft.Azure.Management.Network.Fluent.NetworkManagementClient/1.6.0.0",
          "MacAddressHash/1a7db1f3023c8cc9a72984005b4db786d257d09f868c7e111d4bf514b71b7890"
        ]
      },
      "ResponseBody": "{\r\n  \"name\": \"MicrosoftPeering\",\r\n  \"id\": \"/subscriptions/1c638cf4-608f-4ee6-b680-c329e824c3a8/resourceGroups/rg50451/providers/Microsoft.Network/expressRouteCircuits/erc599398/peerings/MicrosoftPeering\",\r\n  \"etag\": \"W/\\\"f54b5f76-e214-4263-9569-3e307ad29ed4\\\"\",\r\n  \"properties\": {\r\n    \"provisioningState\": \"Succeeded\",\r\n    \"peeringType\": \"MicrosoftPeering\",\r\n    \"azureASN\": 12076,\r\n    \"peerASN\": 101,\r\n    \"primaryPeerAddressPrefix\": \"123.0.0.0/30\",\r\n    \"secondaryPeerAddressPrefix\": \"123.0.0.8/30\",\r\n    \"primaryAzurePort\": \"A51-TEST-06GMR-CIS-1-PRI-A\",\r\n    \"secondaryAzurePort\": \"A51-TEST-06GMR-CIS-2-SEC-A\",\r\n    \"state\": \"Enabled\",\r\n    \"vlanId\": 300,\r\n    \"gatewayManagerEtag\": \"\",\r\n    \"lastModifiedBy\": \"Customer\",\r\n    \"microsoftPeeringConfig\": {\r\n      \"advertisedPublicPrefixes\": [\r\n        \"123.1.0.0/24\"\r\n      ],\r\n      \"advertisedPublicPrefixesState\": \"ValidationNeeded\",\r\n      \"customerASN\": 0,\r\n      \"legacyMode\": 0,\r\n      \"routingRegistryName\": \"NONE\"\r\n    }\r\n  }\r\n}",
      "ResponseHeaders": {
        "Content-Type": [
          "application/json; charset=utf-8"
        ],
        "Expires": [
          "-1"
        ],
        "Cache-Control": [
          "no-cache"
        ],
        "Date": [
          "Fri, 02 Feb 2018 01:03:50 GMT"
        ],
        "Pragma": [
          "no-cache"
        ],
        "Transfer-Encoding": [
          "chunked"
        ],
        "Server": [
          "Microsoft-HTTPAPI/2.0",
          "Microsoft-HTTPAPI/2.0"
        ],
        "Vary": [
          "Accept-Encoding"
        ],
        "x-ms-request-id": [
          "2776562c-c72c-4154-adca-003ee5e91e03"
        ],
        "Strict-Transport-Security": [
          "max-age=31536000; includeSubDomains"
        ],
        "x-ms-ratelimit-remaining-subscription-reads": [
          "14984"
        ],
        "x-ms-correlation-request-id": [
          "01cd15af-5caa-481e-9a6c-fd2cef0c5765"
        ],
        "x-ms-routing-request-id": [
          "WESTUS2:20180202T010350Z:01cd15af-5caa-481e-9a6c-fd2cef0c5765"
        ]
      },
      "StatusCode": 200
    },
    {
      "RequestUri": "/subscriptions/1c638cf4-608f-4ee6-b680-c329e824c3a8/providers/Microsoft.Network/locations/northcentralus/operations/88db45a7-249c-4fa6-b66e-b0b7954b71e0?api-version=2017-08-01",
      "EncodedRequestUri": "L3N1YnNjcmlwdGlvbnMvMWM2MzhjZjQtNjA4Zi00ZWU2LWI2ODAtYzMyOWU4MjRjM2E4L3Byb3ZpZGVycy9NaWNyb3NvZnQuTmV0d29yay9sb2NhdGlvbnMvbm9ydGhjZW50cmFsdXMvb3BlcmF0aW9ucy84OGRiNDVhNy0yNDljLTRmYTYtYjY2ZS1iMGI3OTU0YjcxZTA/YXBpLXZlcnNpb249MjAxNy0wOC0wMQ==",
      "RequestMethod": "GET",
      "RequestBody": "",
      "RequestHeaders": {
        "User-Agent": [
          "FxVersion/4.6.25211.01",
          "Microsoft.Azure.Management.Network.Fluent.NetworkManagementClient/1.6.0.0",
          "MacAddressHash/1a7db1f3023c8cc9a72984005b4db786d257d09f868c7e111d4bf514b71b7890"
        ]
      },
      "ResponseBody": "{\r\n  \"status\": \"InProgress\"\r\n}",
      "ResponseHeaders": {
        "Content-Type": [
          "application/json; charset=utf-8"
        ],
        "Expires": [
          "-1"
        ],
        "Cache-Control": [
          "no-cache"
        ],
        "Date": [
          "Fri, 02 Feb 2018 01:03:18 GMT"
        ],
        "Pragma": [
          "no-cache"
        ],
        "Transfer-Encoding": [
          "chunked"
        ],
        "Retry-After": [
          "10"
        ],
        "Server": [
          "Microsoft-HTTPAPI/2.0",
          "Microsoft-HTTPAPI/2.0"
        ],
        "Vary": [
          "Accept-Encoding"
        ],
        "x-ms-request-id": [
          "09b091af-77e0-4e91-b395-1166ae4a85e9"
        ],
        "Strict-Transport-Security": [
          "max-age=31536000; includeSubDomains"
        ],
        "x-ms-ratelimit-remaining-subscription-reads": [
          "14988"
        ],
        "x-ms-correlation-request-id": [
          "7996b998-f4b1-4110-ae21-0cab10be018d"
        ],
        "x-ms-routing-request-id": [
          "WESTUS2:20180202T010319Z:7996b998-f4b1-4110-ae21-0cab10be018d"
        ]
      },
      "StatusCode": 200
    },
    {
      "RequestUri": "/subscriptions/1c638cf4-608f-4ee6-b680-c329e824c3a8/providers/Microsoft.Network/locations/northcentralus/operations/88db45a7-249c-4fa6-b66e-b0b7954b71e0?api-version=2017-08-01",
      "EncodedRequestUri": "L3N1YnNjcmlwdGlvbnMvMWM2MzhjZjQtNjA4Zi00ZWU2LWI2ODAtYzMyOWU4MjRjM2E4L3Byb3ZpZGVycy9NaWNyb3NvZnQuTmV0d29yay9sb2NhdGlvbnMvbm9ydGhjZW50cmFsdXMvb3BlcmF0aW9ucy84OGRiNDVhNy0yNDljLTRmYTYtYjY2ZS1iMGI3OTU0YjcxZTA/YXBpLXZlcnNpb249MjAxNy0wOC0wMQ==",
      "RequestMethod": "GET",
      "RequestBody": "",
      "RequestHeaders": {
        "User-Agent": [
          "FxVersion/4.6.25211.01",
          "Microsoft.Azure.Management.Network.Fluent.NetworkManagementClient/1.6.0.0",
          "MacAddressHash/1a7db1f3023c8cc9a72984005b4db786d257d09f868c7e111d4bf514b71b7890"
        ]
      },
      "ResponseBody": "{\r\n  \"status\": \"InProgress\"\r\n}",
      "ResponseHeaders": {
        "Content-Type": [
          "application/json; charset=utf-8"
        ],
        "Expires": [
          "-1"
        ],
        "Cache-Control": [
          "no-cache"
        ],
        "Date": [
          "Fri, 02 Feb 2018 01:03:28 GMT"
        ],
        "Pragma": [
          "no-cache"
        ],
        "Transfer-Encoding": [
          "chunked"
        ],
        "Retry-After": [
          "10"
        ],
        "Server": [
          "Microsoft-HTTPAPI/2.0",
          "Microsoft-HTTPAPI/2.0"
        ],
        "Vary": [
          "Accept-Encoding"
        ],
        "x-ms-request-id": [
          "1670261d-e2ad-48bb-97e9-c6de6091639a"
        ],
        "Strict-Transport-Security": [
          "max-age=31536000; includeSubDomains"
        ],
        "x-ms-ratelimit-remaining-subscription-reads": [
          "14987"
        ],
        "x-ms-correlation-request-id": [
          "fb2a6a98-4f26-4b72-aa59-95855b2e92bd"
        ],
        "x-ms-routing-request-id": [
          "WESTUS2:20180202T010329Z:fb2a6a98-4f26-4b72-aa59-95855b2e92bd"
        ]
      },
      "StatusCode": 200
    },
    {
      "RequestUri": "/subscriptions/1c638cf4-608f-4ee6-b680-c329e824c3a8/providers/Microsoft.Network/locations/northcentralus/operations/88db45a7-249c-4fa6-b66e-b0b7954b71e0?api-version=2017-08-01",
      "EncodedRequestUri": "L3N1YnNjcmlwdGlvbnMvMWM2MzhjZjQtNjA4Zi00ZWU2LWI2ODAtYzMyOWU4MjRjM2E4L3Byb3ZpZGVycy9NaWNyb3NvZnQuTmV0d29yay9sb2NhdGlvbnMvbm9ydGhjZW50cmFsdXMvb3BlcmF0aW9ucy84OGRiNDVhNy0yNDljLTRmYTYtYjY2ZS1iMGI3OTU0YjcxZTA/YXBpLXZlcnNpb249MjAxNy0wOC0wMQ==",
      "RequestMethod": "GET",
      "RequestBody": "",
      "RequestHeaders": {
        "User-Agent": [
          "FxVersion/4.6.25211.01",
          "Microsoft.Azure.Management.Network.Fluent.NetworkManagementClient/1.6.0.0",
          "MacAddressHash/1a7db1f3023c8cc9a72984005b4db786d257d09f868c7e111d4bf514b71b7890"
        ]
      },
      "ResponseBody": "{\r\n  \"status\": \"InProgress\"\r\n}",
      "ResponseHeaders": {
        "Content-Type": [
          "application/json; charset=utf-8"
        ],
        "Expires": [
          "-1"
        ],
        "Cache-Control": [
          "no-cache"
        ],
        "Date": [
          "Fri, 02 Feb 2018 01:03:39 GMT"
        ],
        "Pragma": [
          "no-cache"
        ],
        "Transfer-Encoding": [
          "chunked"
        ],
        "Retry-After": [
          "10"
        ],
        "Server": [
          "Microsoft-HTTPAPI/2.0",
          "Microsoft-HTTPAPI/2.0"
        ],
        "Vary": [
          "Accept-Encoding"
        ],
        "x-ms-request-id": [
          "a1893b3f-7ff5-46cd-b3bf-8bc0fc877a2f"
        ],
        "Strict-Transport-Security": [
          "max-age=31536000; includeSubDomains"
        ],
        "x-ms-ratelimit-remaining-subscription-reads": [
          "14986"
        ],
        "x-ms-correlation-request-id": [
          "33e97fc2-0f55-4301-94d2-b9f85aa653a8"
        ],
        "x-ms-routing-request-id": [
          "WESTUS2:20180202T010339Z:33e97fc2-0f55-4301-94d2-b9f85aa653a8"
        ]
      },
      "StatusCode": 200
    },
    {
      "RequestUri": "/subscriptions/1c638cf4-608f-4ee6-b680-c329e824c3a8/providers/Microsoft.Network/locations/northcentralus/operations/88db45a7-249c-4fa6-b66e-b0b7954b71e0?api-version=2017-08-01",
      "EncodedRequestUri": "L3N1YnNjcmlwdGlvbnMvMWM2MzhjZjQtNjA4Zi00ZWU2LWI2ODAtYzMyOWU4MjRjM2E4L3Byb3ZpZGVycy9NaWNyb3NvZnQuTmV0d29yay9sb2NhdGlvbnMvbm9ydGhjZW50cmFsdXMvb3BlcmF0aW9ucy84OGRiNDVhNy0yNDljLTRmYTYtYjY2ZS1iMGI3OTU0YjcxZTA/YXBpLXZlcnNpb249MjAxNy0wOC0wMQ==",
      "RequestMethod": "GET",
      "RequestBody": "",
      "RequestHeaders": {
        "User-Agent": [
          "FxVersion/4.6.25211.01",
          "Microsoft.Azure.Management.Network.Fluent.NetworkManagementClient/1.6.0.0",
          "MacAddressHash/1a7db1f3023c8cc9a72984005b4db786d257d09f868c7e111d4bf514b71b7890"
        ]
      },
      "ResponseBody": "{\r\n  \"status\": \"Succeeded\"\r\n}",
      "ResponseHeaders": {
        "Content-Type": [
          "application/json; charset=utf-8"
        ],
        "Expires": [
          "-1"
        ],
        "Cache-Control": [
          "no-cache"
        ],
        "Date": [
          "Fri, 02 Feb 2018 01:03:49 GMT"
        ],
        "Pragma": [
          "no-cache"
        ],
        "Transfer-Encoding": [
          "chunked"
        ],
        "Server": [
          "Microsoft-HTTPAPI/2.0",
          "Microsoft-HTTPAPI/2.0"
        ],
        "Vary": [
          "Accept-Encoding"
        ],
        "x-ms-request-id": [
          "600c1443-0133-429f-ad56-a71e569f74f9"
        ],
        "Strict-Transport-Security": [
          "max-age=31536000; includeSubDomains"
        ],
        "x-ms-ratelimit-remaining-subscription-reads": [
          "14985"
        ],
        "x-ms-correlation-request-id": [
          "927b011f-c249-4782-a01c-3820239b048e"
        ],
        "x-ms-routing-request-id": [
          "WESTUS2:20180202T010349Z:927b011f-c249-4782-a01c-3820239b048e"
        ]
      },
      "StatusCode": 200
    },
    {
      "RequestUri": "/subscriptions/1c638cf4-608f-4ee6-b680-c329e824c3a8/resourcegroups/rg50451?api-version=2016-02-01",
      "EncodedRequestUri": "L3N1YnNjcmlwdGlvbnMvMWM2MzhjZjQtNjA4Zi00ZWU2LWI2ODAtYzMyOWU4MjRjM2E4L3Jlc291cmNlZ3JvdXBzL3JnNTA0NTE/YXBpLXZlcnNpb249MjAxNi0wMi0wMQ==",
      "RequestMethod": "DELETE",
      "RequestBody": "",
      "RequestHeaders": {
        "x-ms-client-request-id": [
          "1001fc88-6c50-4680-b8b9-9ce7f5b182ae"
        ],
        "accept-language": [
          "en-US"
        ],
        "User-Agent": [
          "FxVersion/4.6.25211.01",
          "Microsoft.Azure.Management.ResourceManager.Fluent.ResourceManagementClient/1.6.0.0",
          "MacAddressHash/1a7db1f3023c8cc9a72984005b4db786d257d09f868c7e111d4bf514b71b7890"
        ]
      },
      "ResponseBody": "",
      "ResponseHeaders": {
        "Content-Length": [
          "0"
        ],
        "Expires": [
          "-1"
        ],
        "Cache-Control": [
          "no-cache"
        ],
        "Date": [
          "Fri, 02 Feb 2018 01:03:51 GMT"
        ],
        "Pragma": [
          "no-cache"
        ],
        "Location": [
          "https://management.azure.com/subscriptions/1c638cf4-608f-4ee6-b680-c329e824c3a8/operationresults/eyJqb2JJZCI6IlJFU09VUkNFR1JPVVBERUxFVElPTkpPQi1SRzUwNDUxLU5PUlRIQ0VOVFJBTFVTIiwiam9iTG9jYXRpb24iOiJub3J0aGNlbnRyYWx1cyJ9?api-version=2016-02-01"
        ],
        "Retry-After": [
          "15"
        ],
        "x-ms-ratelimit-remaining-subscription-writes": [
          "1195"
        ],
        "x-ms-request-id": [
          "f02f8f8d-b8f4-49f0-b718-d543488de1f1"
        ],
        "x-ms-correlation-request-id": [
          "f02f8f8d-b8f4-49f0-b718-d543488de1f1"
        ],
        "x-ms-routing-request-id": [
          "WESTUS2:20180202T010352Z:f02f8f8d-b8f4-49f0-b718-d543488de1f1"
        ],
        "Strict-Transport-Security": [
          "max-age=31536000; includeSubDomains"
        ]
      },
      "StatusCode": 202
    }
  ],
  "Names": {
    "CanCreatePeering": [
      "erc599398",
      "rg50451"
    ]
  },
  "Variables": {
    "ServicePrincipal": "d7af57ba-8f57-495c-8167-cd84edc7de65",
    "AADTenant": "72f988bf-86f1-41af-91ab-2d7cd011db47",
    "SubscriptionId": "1c638cf4-608f-4ee6-b680-c329e824c3a8"
  }
}