{
  "Entries": [
    {
      "RequestUri": "/subscriptions/1c638cf4-608f-4ee6-b680-c329e824c3a8/resourcegroups/rgzoned4702?api-version=2017-05-10",
      "EncodedRequestUri": "L3N1YnNjcmlwdGlvbnMvMWM2MzhjZjQtNjA4Zi00ZWU2LWI2ODAtYzMyOWU4MjRjM2E4L3Jlc291cmNlZ3JvdXBzL3Jnem9uZWQ0NzAyP2FwaS12ZXJzaW9uPTIwMTctMDUtMTA=",
      "RequestMethod": "PUT",
      "RequestBody": "{\r\n  \"location\": \"eastus2\"\r\n}",
      "RequestHeaders": {
        "Content-Type": [
          "application/json; charset=utf-8"
        ],
        "Content-Length": [
          "29"
        ],
        "x-ms-client-request-id": [
          "d711a307-b584-4fca-8f52-d7c610d2ba6f"
        ],
        "accept-language": [
          "en-US"
        ],
        "User-Agent": [
          "FxVersion/4.6.25211.01",
          "Microsoft.Azure.Management.ResourceManager.Fluent.ResourceManagementClient/1.11.0.0",
          "MacAddressHash/cc0dc995bd7689190d87305dca6418746f27065181fa649f43731fb8fc5f1b10"
        ]
      },
      "ResponseBody": "{\r\n  \"id\": \"/subscriptions/1c638cf4-608f-4ee6-b680-c329e824c3a8/resourceGroups/rgzoned4702\",\r\n  \"name\": \"rgzoned4702\",\r\n  \"location\": \"eastus2\",\r\n  \"properties\": {\r\n    \"provisioningState\": \"Succeeded\"\r\n  }\r\n}",
      "ResponseHeaders": {
        "Content-Length": [
          "176"
        ],
        "Content-Type": [
          "application/json; charset=utf-8"
        ],
        "Expires": [
          "-1"
        ],
        "Cache-Control": [
          "no-cache"
        ],
        "Date": [
          "Wed, 20 Jun 2018 21:11:33 GMT"
        ],
        "Pragma": [
          "no-cache"
        ],
        "x-ms-ratelimit-remaining-subscription-writes": [
          "1197"
        ],
        "x-ms-request-id": [
          "3e15f067-b02d-4cde-91fb-cbf564682536"
        ],
        "x-ms-correlation-request-id": [
          "3e15f067-b02d-4cde-91fb-cbf564682536"
        ],
        "x-ms-routing-request-id": [
          "WESTUS2:20180620T211134Z:3e15f067-b02d-4cde-91fb-cbf564682536"
        ],
        "Strict-Transport-Security": [
          "max-age=31536000; includeSubDomains"
        ],
        "X-Content-Type-Options": [
          "nosniff"
        ]
      },
      "StatusCode": 201
    },
    {
      "RequestUri": "/subscriptions/1c638cf4-608f-4ee6-b680-c329e824c3a8/resourcegroups/rgzoned4702?api-version=2017-05-10",
      "EncodedRequestUri": "L3N1YnNjcmlwdGlvbnMvMWM2MzhjZjQtNjA4Zi00ZWU2LWI2ODAtYzMyOWU4MjRjM2E4L3Jlc291cmNlZ3JvdXBzL3Jnem9uZWQ0NzAyP2FwaS12ZXJzaW9uPTIwMTctMDUtMTA=",
      "RequestMethod": "PUT",
      "RequestBody": "{\r\n  \"location\": \"eastus2\"\r\n}",
      "RequestHeaders": {
        "Content-Type": [
          "application/json; charset=utf-8"
        ],
        "Content-Length": [
          "29"
        ],
        "x-ms-client-request-id": [
          "075c0fbb-f65a-442e-ae2a-ea065bad77bf"
        ],
        "accept-language": [
          "en-US"
        ],
        "User-Agent": [
          "FxVersion/4.6.25211.01",
          "Microsoft.Azure.Management.ResourceManager.Fluent.ResourceManagementClient/1.11.0.0",
          "MacAddressHash/cc0dc995bd7689190d87305dca6418746f27065181fa649f43731fb8fc5f1b10"
        ]
      },
      "ResponseBody": "{\r\n  \"id\": \"/subscriptions/1c638cf4-608f-4ee6-b680-c329e824c3a8/resourceGroups/rgzoned4702\",\r\n  \"name\": \"rgzoned4702\",\r\n  \"location\": \"eastus2\",\r\n  \"properties\": {\r\n    \"provisioningState\": \"Succeeded\"\r\n  }\r\n}",
      "ResponseHeaders": {
        "Content-Type": [
          "application/json; charset=utf-8"
        ],
        "Expires": [
          "-1"
        ],
        "Cache-Control": [
          "no-cache"
        ],
        "Date": [
          "Wed, 20 Jun 2018 21:11:45 GMT"
        ],
        "Pragma": [
          "no-cache"
        ],
        "Transfer-Encoding": [
          "chunked"
        ],
        "Vary": [
          "Accept-Encoding"
        ],
        "x-ms-ratelimit-remaining-subscription-writes": [
          "1195"
        ],
        "x-ms-request-id": [
          "a8de6bae-35e3-4d04-9c03-3bf5d9dfdd78"
        ],
        "x-ms-correlation-request-id": [
          "a8de6bae-35e3-4d04-9c03-3bf5d9dfdd78"
        ],
        "x-ms-routing-request-id": [
          "WESTUS2:20180620T211146Z:a8de6bae-35e3-4d04-9c03-3bf5d9dfdd78"
        ],
        "Strict-Transport-Security": [
          "max-age=31536000; includeSubDomains"
        ],
        "X-Content-Type-Options": [
          "nosniff"
        ]
      },
      "StatusCode": 200
    },
    {
      "RequestUri": "/subscriptions/1c638cf4-608f-4ee6-b680-c329e824c3a8/resourceGroups/rgzoned4702/providers/Microsoft.Network/publicIPAddresses/pip6988?api-version=2018-04-01",
      "EncodedRequestUri": "L3N1YnNjcmlwdGlvbnMvMWM2MzhjZjQtNjA4Zi00ZWU2LWI2ODAtYzMyOWU4MjRjM2E4L3Jlc291cmNlR3JvdXBzL3Jnem9uZWQ0NzAyL3Byb3ZpZGVycy9NaWNyb3NvZnQuTmV0d29yay9wdWJsaWNJUEFkZHJlc3Nlcy9waXA2OTg4P2FwaS12ZXJzaW9uPTIwMTgtMDQtMDE=",
      "RequestMethod": "PUT",
      "RequestBody": "{\r\n  \"sku\": {\r\n    \"name\": \"Standard\"\r\n  },\r\n  \"properties\": {\r\n    \"publicIPAllocationMethod\": \"Static\"\r\n  },\r\n  \"location\": \"eastus2\",\r\n  \"tags\": {}\r\n}",
      "RequestHeaders": {
        "Content-Type": [
          "application/json; charset=utf-8"
        ],
        "Content-Length": [
          "153"
        ],
        "x-ms-client-request-id": [
          "6a58112e-fa6d-4979-8200-f63bb86f9160"
        ],
        "accept-language": [
          "en-US"
        ],
        "User-Agent": [
          "FxVersion/4.6.25211.01",
          "Microsoft.Azure.Management.Network.Fluent.NetworkManagementClient/1.11.0.0",
          "MacAddressHash/cc0dc995bd7689190d87305dca6418746f27065181fa649f43731fb8fc5f1b10"
        ]
      },
      "ResponseBody": "{\r\n  \"name\": \"pip6988\",\r\n  \"id\": \"/subscriptions/1c638cf4-608f-4ee6-b680-c329e824c3a8/resourceGroups/rgzoned4702/providers/Microsoft.Network/publicIPAddresses/pip6988\",\r\n  \"etag\": \"W/\\\"5b29ae67-e2d7-4f06-8dbb-892e0ba71817\\\"\",\r\n  \"location\": \"eastus2\",\r\n  \"tags\": {},\r\n  \"properties\": {\r\n    \"provisioningState\": \"Updating\",\r\n    \"resourceGuid\": \"bb52add0-c902-42df-8b6b-b7c298645699\",\r\n    \"publicIPAddressVersion\": \"IPv4\",\r\n    \"publicIPAllocationMethod\": \"Static\",\r\n    \"idleTimeoutInMinutes\": 4,\r\n    \"ipTags\": []\r\n  },\r\n  \"type\": \"Microsoft.Network/publicIPAddresses\",\r\n  \"sku\": {\r\n    \"name\": \"Standard\",\r\n    \"tier\": \"Regional\"\r\n  }\r\n}",
      "ResponseHeaders": {
        "Content-Length": [
          "641"
        ],
        "Content-Type": [
          "application/json; charset=utf-8"
        ],
        "Expires": [
          "-1"
        ],
        "Cache-Control": [
          "no-cache"
        ],
        "Date": [
          "Wed, 20 Jun 2018 21:11:35 GMT"
        ],
        "Pragma": [
          "no-cache"
        ],
        "Retry-After": [
          "3"
        ],
        "Server": [
          "Microsoft-HTTPAPI/2.0",
          "Microsoft-HTTPAPI/2.0"
        ],
        "x-ms-request-id": [
          "c60d3002-8806-4478-b68d-ca7390380c0c"
        ],
        "Azure-AsyncOperation": [
          "https://management.azure.com/subscriptions/1c638cf4-608f-4ee6-b680-c329e824c3a8/providers/Microsoft.Network/locations/eastus2/operations/c60d3002-8806-4478-b68d-ca7390380c0c?api-version=2018-04-01"
        ],
        "x-ms-correlation-request-id": [
          "e6f433ef-3209-488c-8a51-f535aef0c02f"
        ],
        "Strict-Transport-Security": [
          "max-age=31536000; includeSubDomains"
        ],
        "x-ms-ratelimit-remaining-subscription-writes": [
          "1196"
        ],
        "x-ms-routing-request-id": [
          "WESTUS2:20180620T211135Z:e6f433ef-3209-488c-8a51-f535aef0c02f"
        ],
        "X-Content-Type-Options": [
          "nosniff"
        ]
      },
      "StatusCode": 201
    },
    {
      "RequestUri": "/subscriptions/1c638cf4-608f-4ee6-b680-c329e824c3a8/providers/Microsoft.Network/locations/eastus2/operations/c60d3002-8806-4478-b68d-ca7390380c0c?api-version=2018-04-01",
      "EncodedRequestUri": "L3N1YnNjcmlwdGlvbnMvMWM2MzhjZjQtNjA4Zi00ZWU2LWI2ODAtYzMyOWU4MjRjM2E4L3Byb3ZpZGVycy9NaWNyb3NvZnQuTmV0d29yay9sb2NhdGlvbnMvZWFzdHVzMi9vcGVyYXRpb25zL2M2MGQzMDAyLTg4MDYtNDQ3OC1iNjhkLWNhNzM5MDM4MGMwYz9hcGktdmVyc2lvbj0yMDE4LTA0LTAx",
      "RequestMethod": "GET",
      "RequestBody": "",
      "RequestHeaders": {
        "User-Agent": [
          "FxVersion/4.6.25211.01",
          "Microsoft.Azure.Management.Network.Fluent.NetworkManagementClient/1.11.0.0",
          "MacAddressHash/cc0dc995bd7689190d87305dca6418746f27065181fa649f43731fb8fc5f1b10"
        ]
      },
      "ResponseBody": "{\r\n  \"status\": \"Succeeded\"\r\n}",
      "ResponseHeaders": {
        "Content-Type": [
          "application/json; charset=utf-8"
        ],
        "Expires": [
          "-1"
        ],
        "Cache-Control": [
          "no-cache"
        ],
        "Date": [
          "Wed, 20 Jun 2018 21:11:45 GMT"
        ],
        "Pragma": [
          "no-cache"
        ],
        "Transfer-Encoding": [
          "chunked"
        ],
        "Server": [
          "Microsoft-HTTPAPI/2.0",
          "Microsoft-HTTPAPI/2.0"
        ],
        "Vary": [
          "Accept-Encoding"
        ],
        "x-ms-request-id": [
          "96a3aa6d-98d4-4b3a-9874-c420e6a43a64"
        ],
        "x-ms-correlation-request-id": [
          "288ffd83-a213-42db-8a89-dde44d96f806"
        ],
        "Strict-Transport-Security": [
          "max-age=31536000; includeSubDomains"
        ],
        "x-ms-ratelimit-remaining-subscription-reads": [
          "14992"
        ],
        "x-ms-routing-request-id": [
          "WESTUS2:20180620T211146Z:288ffd83-a213-42db-8a89-dde44d96f806"
        ],
        "X-Content-Type-Options": [
          "nosniff"
        ]
      },
      "StatusCode": 200
    },
    {
      "RequestUri": "/subscriptions/1c638cf4-608f-4ee6-b680-c329e824c3a8/resourceGroups/rgzoned4702/providers/Microsoft.Network/publicIPAddresses/pip6988?api-version=2018-04-01",
      "EncodedRequestUri": "L3N1YnNjcmlwdGlvbnMvMWM2MzhjZjQtNjA4Zi00ZWU2LWI2ODAtYzMyOWU4MjRjM2E4L3Jlc291cmNlR3JvdXBzL3Jnem9uZWQ0NzAyL3Byb3ZpZGVycy9NaWNyb3NvZnQuTmV0d29yay9wdWJsaWNJUEFkZHJlc3Nlcy9waXA2OTg4P2FwaS12ZXJzaW9uPTIwMTgtMDQtMDE=",
      "RequestMethod": "GET",
      "RequestBody": "",
      "RequestHeaders": {
        "User-Agent": [
          "FxVersion/4.6.25211.01",
          "Microsoft.Azure.Management.Network.Fluent.NetworkManagementClient/1.11.0.0",
          "MacAddressHash/cc0dc995bd7689190d87305dca6418746f27065181fa649f43731fb8fc5f1b10"
        ]
      },
      "ResponseBody": "{\r\n  \"name\": \"pip6988\",\r\n  \"id\": \"/subscriptions/1c638cf4-608f-4ee6-b680-c329e824c3a8/resourceGroups/rgzoned4702/providers/Microsoft.Network/publicIPAddresses/pip6988\",\r\n  \"etag\": \"W/\\\"42176a37-d57b-41e0-94ae-2441a5d80dfe\\\"\",\r\n  \"location\": \"eastus2\",\r\n  \"tags\": {},\r\n  \"properties\": {\r\n    \"provisioningState\": \"Succeeded\",\r\n    \"resourceGuid\": \"bb52add0-c902-42df-8b6b-b7c298645699\",\r\n    \"ipAddress\": \"20.36.248.253\",\r\n    \"publicIPAddressVersion\": \"IPv4\",\r\n    \"publicIPAllocationMethod\": \"Static\",\r\n    \"idleTimeoutInMinutes\": 4,\r\n    \"ipTags\": []\r\n  },\r\n  \"type\": \"Microsoft.Network/publicIPAddresses\",\r\n  \"sku\": {\r\n    \"name\": \"Standard\",\r\n    \"tier\": \"Regional\"\r\n  }\r\n}",
      "ResponseHeaders": {
        "Content-Type": [
          "application/json; charset=utf-8"
        ],
        "Expires": [
          "-1"
        ],
        "Cache-Control": [
          "no-cache"
        ],
        "Date": [
          "Wed, 20 Jun 2018 21:11:45 GMT"
        ],
        "Pragma": [
          "no-cache"
        ],
        "Transfer-Encoding": [
          "chunked"
        ],
        "ETag": [
          "W/\"42176a37-d57b-41e0-94ae-2441a5d80dfe\""
        ],
        "Server": [
          "Microsoft-HTTPAPI/2.0",
          "Microsoft-HTTPAPI/2.0"
        ],
        "Vary": [
          "Accept-Encoding"
        ],
        "x-ms-request-id": [
          "de0d1d30-67b5-40d5-8395-a8726a9e5889"
        ],
        "x-ms-correlation-request-id": [
          "a30e8124-1910-4a10-a7d0-d96a32b241f1"
        ],
        "Strict-Transport-Security": [
          "max-age=31536000; includeSubDomains"
        ],
        "x-ms-ratelimit-remaining-subscription-reads": [
          "14991"
        ],
        "x-ms-routing-request-id": [
          "WESTUS2:20180620T211146Z:a30e8124-1910-4a10-a7d0-d96a32b241f1"
        ],
        "X-Content-Type-Options": [
          "nosniff"
        ]
      },
      "StatusCode": 200
    },
    {
      "RequestUri": "/subscriptions/1c638cf4-608f-4ee6-b680-c329e824c3a8/resourceGroups/rgzoned4702/providers/Microsoft.Network/publicIPAddresses/pip6988?api-version=2018-04-01",
      "EncodedRequestUri": "L3N1YnNjcmlwdGlvbnMvMWM2MzhjZjQtNjA4Zi00ZWU2LWI2ODAtYzMyOWU4MjRjM2E4L3Jlc291cmNlR3JvdXBzL3Jnem9uZWQ0NzAyL3Byb3ZpZGVycy9NaWNyb3NvZnQuTmV0d29yay9wdWJsaWNJUEFkZHJlc3Nlcy9waXA2OTg4P2FwaS12ZXJzaW9uPTIwMTgtMDQtMDE=",
      "RequestMethod": "GET",
      "RequestBody": "",
      "RequestHeaders": {
        "x-ms-client-request-id": [
          "e62cfa6a-9edf-4fc1-afea-3f4e8b48ed62"
        ],
        "accept-language": [
          "en-US"
        ],
        "User-Agent": [
          "FxVersion/4.6.25211.01",
          "Microsoft.Azure.Management.Network.Fluent.NetworkManagementClient/1.11.0.0",
          "MacAddressHash/cc0dc995bd7689190d87305dca6418746f27065181fa649f43731fb8fc5f1b10"
        ]
      },
      "ResponseBody": "{\r\n  \"name\": \"pip6988\",\r\n  \"id\": \"/subscriptions/1c638cf4-608f-4ee6-b680-c329e824c3a8/resourceGroups/rgzoned4702/providers/Microsoft.Network/publicIPAddresses/pip6988\",\r\n  \"etag\": \"W/\\\"b75b0d2e-2903-47b6-8bef-82c5a049ee66\\\"\",\r\n  \"location\": \"eastus2\",\r\n  \"tags\": {},\r\n  \"properties\": {\r\n    \"provisioningState\": \"Succeeded\",\r\n    \"resourceGuid\": \"bb52add0-c902-42df-8b6b-b7c298645699\",\r\n    \"ipAddress\": \"20.36.248.253\",\r\n    \"publicIPAddressVersion\": \"IPv4\",\r\n    \"publicIPAllocationMethod\": \"Static\",\r\n    \"idleTimeoutInMinutes\": 4,\r\n    \"ipTags\": [],\r\n    \"ipConfiguration\": {\r\n      \"id\": \"/subscriptions/1c638cf4-608f-4ee6-b680-c329e824c3a8/resourceGroups/rgzoned4702/providers/Microsoft.Network/networkInterfaces/nicjavavm46f877154/ipConfigurations/primary\"\r\n    }\r\n  },\r\n  \"type\": \"Microsoft.Network/publicIPAddresses\",\r\n  \"sku\": {\r\n    \"name\": \"Standard\",\r\n    \"tier\": \"Regional\"\r\n  }\r\n}",
      "ResponseHeaders": {
        "Content-Type": [
          "application/json; charset=utf-8"
        ],
        "Expires": [
          "-1"
        ],
        "Cache-Control": [
          "no-cache"
        ],
        "Date": [
          "Wed, 20 Jun 2018 21:13:26 GMT"
        ],
        "Pragma": [
          "no-cache"
        ],
        "Transfer-Encoding": [
          "chunked"
        ],
        "ETag": [
          "W/\"b75b0d2e-2903-47b6-8bef-82c5a049ee66\""
        ],
        "Server": [
          "Microsoft-HTTPAPI/2.0",
          "Microsoft-HTTPAPI/2.0"
        ],
        "Vary": [
          "Accept-Encoding"
        ],
        "x-ms-request-id": [
          "9e04e2ef-5545-4e4d-8934-38468b1b2f8b"
        ],
        "x-ms-correlation-request-id": [
          "180c8daa-9c2f-4711-89b1-059c3e471eed"
        ],
        "Strict-Transport-Security": [
          "max-age=31536000; includeSubDomains"
        ],
        "x-ms-ratelimit-remaining-subscription-reads": [
          "14981"
        ],
        "x-ms-routing-request-id": [
          "WESTUS2:20180620T211326Z:180c8daa-9c2f-4711-89b1-059c3e471eed"
        ],
        "X-Content-Type-Options": [
          "nosniff"
        ]
      },
      "StatusCode": 200
    },
    {
      "RequestUri": "/subscriptions/1c638cf4-608f-4ee6-b680-c329e824c3a8/resourceGroups/rgzoned4702/providers/Microsoft.Network/virtualNetworks/vnet06695561105f?api-version=2018-04-01",
      "EncodedRequestUri": "L3N1YnNjcmlwdGlvbnMvMWM2MzhjZjQtNjA4Zi00ZWU2LWI2ODAtYzMyOWU4MjRjM2E4L3Jlc291cmNlR3JvdXBzL3Jnem9uZWQ0NzAyL3Byb3ZpZGVycy9NaWNyb3NvZnQuTmV0d29yay92aXJ0dWFsTmV0d29ya3Mvdm5ldDA2Njk1NTYxMTA1Zj9hcGktdmVyc2lvbj0yMDE4LTA0LTAx",
      "RequestMethod": "PUT",
      "RequestBody": "{\r\n  \"properties\": {\r\n    \"addressSpace\": {\r\n      \"addressPrefixes\": [\r\n        \"10.0.0.0/28\"\r\n      ]\r\n    },\r\n    \"dhcpOptions\": {\r\n      \"dnsServers\": []\r\n    },\r\n    \"subnets\": [\r\n      {\r\n        \"properties\": {\r\n          \"addressPrefix\": \"10.0.0.0/28\"\r\n        },\r\n        \"name\": \"subnet1\"\r\n      }\r\n    ]\r\n  },\r\n  \"location\": \"eastus2\",\r\n  \"tags\": {}\r\n}",
      "RequestHeaders": {
        "Content-Type": [
          "application/json; charset=utf-8"
        ],
        "Content-Length": [
          "363"
        ],
        "x-ms-client-request-id": [
          "139d4b21-218b-4246-8209-9c4e10e729ee"
        ],
        "accept-language": [
          "en-US"
        ],
        "User-Agent": [
          "FxVersion/4.6.25211.01",
          "Microsoft.Azure.Management.Network.Fluent.NetworkManagementClient/1.11.0.0",
          "MacAddressHash/cc0dc995bd7689190d87305dca6418746f27065181fa649f43731fb8fc5f1b10"
        ]
      },
      "ResponseBody": "{\r\n  \"name\": \"vnet06695561105f\",\r\n  \"id\": \"/subscriptions/1c638cf4-608f-4ee6-b680-c329e824c3a8/resourceGroups/rgzoned4702/providers/Microsoft.Network/virtualNetworks/vnet06695561105f\",\r\n  \"etag\": \"W/\\\"3b81179c-f45d-40bc-8556-3235145a3439\\\"\",\r\n  \"type\": \"Microsoft.Network/virtualNetworks\",\r\n  \"location\": \"eastus2\",\r\n  \"tags\": {},\r\n  \"properties\": {\r\n    \"provisioningState\": \"Updating\",\r\n    \"resourceGuid\": \"7631044b-603f-43c2-ac2d-703b21e1ae83\",\r\n    \"addressSpace\": {\r\n      \"addressPrefixes\": [\r\n        \"10.0.0.0/28\"\r\n      ]\r\n    },\r\n    \"dhcpOptions\": {\r\n      \"dnsServers\": []\r\n    },\r\n    \"subnets\": [\r\n      {\r\n        \"name\": \"subnet1\",\r\n        \"id\": \"/subscriptions/1c638cf4-608f-4ee6-b680-c329e824c3a8/resourceGroups/rgzoned4702/providers/Microsoft.Network/virtualNetworks/vnet06695561105f/subnets/subnet1\",\r\n        \"etag\": \"W/\\\"3b81179c-f45d-40bc-8556-3235145a3439\\\"\",\r\n        \"properties\": {\r\n          \"provisioningState\": \"Updating\",\r\n          \"addressPrefix\": \"10.0.0.0/28\",\r\n          \"delegations\": []\r\n        }\r\n      }\r\n    ],\r\n    \"virtualNetworkPeerings\": [],\r\n    \"enableDdosProtection\": false,\r\n    \"enableVmProtection\": false\r\n  }\r\n}",
      "ResponseHeaders": {
        "Content-Length": [
          "1166"
        ],
        "Content-Type": [
          "application/json; charset=utf-8"
        ],
        "Expires": [
          "-1"
        ],
        "Cache-Control": [
          "no-cache"
        ],
        "Date": [
          "Wed, 20 Jun 2018 21:11:46 GMT"
        ],
        "Pragma": [
          "no-cache"
        ],
        "Retry-After": [
          "3"
        ],
        "Server": [
          "Microsoft-HTTPAPI/2.0",
          "Microsoft-HTTPAPI/2.0"
        ],
        "x-ms-request-id": [
          "0fdc32b9-19f1-4aa7-b942-c3b610129414"
        ],
        "Azure-AsyncOperation": [
          "https://management.azure.com/subscriptions/1c638cf4-608f-4ee6-b680-c329e824c3a8/providers/Microsoft.Network/locations/eastus2/operations/0fdc32b9-19f1-4aa7-b942-c3b610129414?api-version=2018-04-01"
        ],
        "x-ms-correlation-request-id": [
          "f77661df-9492-42a8-ae8f-59f52a23cf26"
        ],
        "Strict-Transport-Security": [
          "max-age=31536000; includeSubDomains"
        ],
        "x-ms-ratelimit-remaining-subscription-writes": [
          "1194"
        ],
        "x-ms-routing-request-id": [
          "WESTUS2:20180620T211147Z:f77661df-9492-42a8-ae8f-59f52a23cf26"
        ],
        "X-Content-Type-Options": [
          "nosniff"
        ]
      },
      "StatusCode": 201
    },
    {
      "RequestUri": "/subscriptions/1c638cf4-608f-4ee6-b680-c329e824c3a8/providers/Microsoft.Network/locations/eastus2/operations/0fdc32b9-19f1-4aa7-b942-c3b610129414?api-version=2018-04-01",
      "EncodedRequestUri": "L3N1YnNjcmlwdGlvbnMvMWM2MzhjZjQtNjA4Zi00ZWU2LWI2ODAtYzMyOWU4MjRjM2E4L3Byb3ZpZGVycy9NaWNyb3NvZnQuTmV0d29yay9sb2NhdGlvbnMvZWFzdHVzMi9vcGVyYXRpb25zLzBmZGMzMmI5LTE5ZjEtNGFhNy1iOTQyLWMzYjYxMDEyOTQxND9hcGktdmVyc2lvbj0yMDE4LTA0LTAx",
      "RequestMethod": "GET",
      "RequestBody": "",
      "RequestHeaders": {
        "User-Agent": [
          "FxVersion/4.6.25211.01",
          "Microsoft.Azure.Management.Network.Fluent.NetworkManagementClient/1.11.0.0",
          "MacAddressHash/cc0dc995bd7689190d87305dca6418746f27065181fa649f43731fb8fc5f1b10"
        ]
      },
      "ResponseBody": "{\r\n  \"status\": \"InProgress\"\r\n}",
      "ResponseHeaders": {
        "Content-Type": [
          "application/json; charset=utf-8"
        ],
        "Expires": [
          "-1"
        ],
        "Cache-Control": [
          "no-cache"
        ],
        "Date": [
          "Wed, 20 Jun 2018 21:11:57 GMT"
        ],
        "Pragma": [
          "no-cache"
        ],
        "Transfer-Encoding": [
          "chunked"
        ],
        "Retry-After": [
          "10"
        ],
        "Server": [
          "Microsoft-HTTPAPI/2.0",
          "Microsoft-HTTPAPI/2.0"
        ],
        "Vary": [
          "Accept-Encoding"
        ],
        "x-ms-request-id": [
          "6450a906-59f7-4461-9fc7-929f66fc3497"
        ],
        "x-ms-correlation-request-id": [
          "5c2b2cd5-cd01-4f1e-aefe-4504ef8d7ae9"
        ],
        "Strict-Transport-Security": [
          "max-age=31536000; includeSubDomains"
        ],
        "x-ms-ratelimit-remaining-subscription-reads": [
          "14990"
        ],
        "x-ms-routing-request-id": [
          "WESTUS2:20180620T211157Z:5c2b2cd5-cd01-4f1e-aefe-4504ef8d7ae9"
        ],
        "X-Content-Type-Options": [
          "nosniff"
        ]
      },
      "StatusCode": 200
    },
    {
      "RequestUri": "/subscriptions/1c638cf4-608f-4ee6-b680-c329e824c3a8/providers/Microsoft.Network/locations/eastus2/operations/0fdc32b9-19f1-4aa7-b942-c3b610129414?api-version=2018-04-01",
      "EncodedRequestUri": "L3N1YnNjcmlwdGlvbnMvMWM2MzhjZjQtNjA4Zi00ZWU2LWI2ODAtYzMyOWU4MjRjM2E4L3Byb3ZpZGVycy9NaWNyb3NvZnQuTmV0d29yay9sb2NhdGlvbnMvZWFzdHVzMi9vcGVyYXRpb25zLzBmZGMzMmI5LTE5ZjEtNGFhNy1iOTQyLWMzYjYxMDEyOTQxND9hcGktdmVyc2lvbj0yMDE4LTA0LTAx",
      "RequestMethod": "GET",
      "RequestBody": "",
      "RequestHeaders": {
        "User-Agent": [
          "FxVersion/4.6.25211.01",
          "Microsoft.Azure.Management.Network.Fluent.NetworkManagementClient/1.11.0.0",
          "MacAddressHash/cc0dc995bd7689190d87305dca6418746f27065181fa649f43731fb8fc5f1b10"
        ]
      },
      "ResponseBody": "{\r\n  \"status\": \"Succeeded\"\r\n}",
      "ResponseHeaders": {
        "Content-Type": [
          "application/json; charset=utf-8"
        ],
        "Expires": [
          "-1"
        ],
        "Cache-Control": [
          "no-cache"
        ],
        "Date": [
          "Wed, 20 Jun 2018 21:12:07 GMT"
        ],
        "Pragma": [
          "no-cache"
        ],
        "Transfer-Encoding": [
          "chunked"
        ],
        "Server": [
          "Microsoft-HTTPAPI/2.0",
          "Microsoft-HTTPAPI/2.0"
        ],
        "Vary": [
          "Accept-Encoding"
        ],
        "x-ms-request-id": [
          "526ba1b5-29e2-4c7b-b8dc-06d0c0350f33"
        ],
        "x-ms-correlation-request-id": [
          "48c5f0eb-2cb9-4990-88a7-60aaed20ec5d"
        ],
        "Strict-Transport-Security": [
          "max-age=31536000; includeSubDomains"
        ],
        "x-ms-ratelimit-remaining-subscription-reads": [
          "14989"
        ],
        "x-ms-routing-request-id": [
          "WESTUS2:20180620T211208Z:48c5f0eb-2cb9-4990-88a7-60aaed20ec5d"
        ],
        "X-Content-Type-Options": [
          "nosniff"
        ]
      },
      "StatusCode": 200
    },
    {
      "RequestUri": "/subscriptions/1c638cf4-608f-4ee6-b680-c329e824c3a8/resourceGroups/rgzoned4702/providers/Microsoft.Network/virtualNetworks/vnet06695561105f?api-version=2018-04-01",
      "EncodedRequestUri": "L3N1YnNjcmlwdGlvbnMvMWM2MzhjZjQtNjA4Zi00ZWU2LWI2ODAtYzMyOWU4MjRjM2E4L3Jlc291cmNlR3JvdXBzL3Jnem9uZWQ0NzAyL3Byb3ZpZGVycy9NaWNyb3NvZnQuTmV0d29yay92aXJ0dWFsTmV0d29ya3Mvdm5ldDA2Njk1NTYxMTA1Zj9hcGktdmVyc2lvbj0yMDE4LTA0LTAx",
      "RequestMethod": "GET",
      "RequestBody": "",
      "RequestHeaders": {
        "User-Agent": [
          "FxVersion/4.6.25211.01",
          "Microsoft.Azure.Management.Network.Fluent.NetworkManagementClient/1.11.0.0",
          "MacAddressHash/cc0dc995bd7689190d87305dca6418746f27065181fa649f43731fb8fc5f1b10"
        ]
      },
      "ResponseBody": "{\r\n  \"name\": \"vnet06695561105f\",\r\n  \"id\": \"/subscriptions/1c638cf4-608f-4ee6-b680-c329e824c3a8/resourceGroups/rgzoned4702/providers/Microsoft.Network/virtualNetworks/vnet06695561105f\",\r\n  \"etag\": \"W/\\\"83ad0f37-bf48-49bf-8f7c-8fd5fdcb2017\\\"\",\r\n  \"type\": \"Microsoft.Network/virtualNetworks\",\r\n  \"location\": \"eastus2\",\r\n  \"tags\": {},\r\n  \"properties\": {\r\n    \"provisioningState\": \"Succeeded\",\r\n    \"resourceGuid\": \"7631044b-603f-43c2-ac2d-703b21e1ae83\",\r\n    \"addressSpace\": {\r\n      \"addressPrefixes\": [\r\n        \"10.0.0.0/28\"\r\n      ]\r\n    },\r\n    \"dhcpOptions\": {\r\n      \"dnsServers\": []\r\n    },\r\n    \"subnets\": [\r\n      {\r\n        \"name\": \"subnet1\",\r\n        \"id\": \"/subscriptions/1c638cf4-608f-4ee6-b680-c329e824c3a8/resourceGroups/rgzoned4702/providers/Microsoft.Network/virtualNetworks/vnet06695561105f/subnets/subnet1\",\r\n        \"etag\": \"W/\\\"83ad0f37-bf48-49bf-8f7c-8fd5fdcb2017\\\"\",\r\n        \"properties\": {\r\n          \"provisioningState\": \"Succeeded\",\r\n          \"addressPrefix\": \"10.0.0.0/28\",\r\n          \"delegations\": []\r\n        }\r\n      }\r\n    ],\r\n    \"virtualNetworkPeerings\": [],\r\n    \"enableDdosProtection\": false,\r\n    \"enableVmProtection\": false\r\n  }\r\n}",
      "ResponseHeaders": {
        "Content-Type": [
          "application/json; charset=utf-8"
        ],
        "Expires": [
          "-1"
        ],
        "Cache-Control": [
          "no-cache"
        ],
        "Date": [
          "Wed, 20 Jun 2018 21:12:08 GMT"
        ],
        "Pragma": [
          "no-cache"
        ],
        "Transfer-Encoding": [
          "chunked"
        ],
        "ETag": [
          "W/\"83ad0f37-bf48-49bf-8f7c-8fd5fdcb2017\""
        ],
        "Server": [
          "Microsoft-HTTPAPI/2.0",
          "Microsoft-HTTPAPI/2.0"
        ],
        "Vary": [
          "Accept-Encoding"
        ],
        "x-ms-request-id": [
          "0dee57da-fe5d-4ff1-9ec0-e8ff6c48c98c"
        ],
        "x-ms-correlation-request-id": [
          "1987e9c9-037c-4a14-8aff-a950b2c63b82"
        ],
        "Strict-Transport-Security": [
          "max-age=31536000; includeSubDomains"
        ],
        "x-ms-ratelimit-remaining-subscription-reads": [
          "14988"
        ],
        "x-ms-routing-request-id": [
          "WESTUS2:20180620T211208Z:1987e9c9-037c-4a14-8aff-a950b2c63b82"
        ],
        "X-Content-Type-Options": [
          "nosniff"
        ]
      },
      "StatusCode": 200
    },
    {
      "RequestUri": "/subscriptions/1c638cf4-608f-4ee6-b680-c329e824c3a8/resourceGroups/rgzoned4702/providers/Microsoft.Network/networkInterfaces/nicjavavm46f877154?api-version=2018-04-01",
      "EncodedRequestUri": "L3N1YnNjcmlwdGlvbnMvMWM2MzhjZjQtNjA4Zi00ZWU2LWI2ODAtYzMyOWU4MjRjM2E4L3Jlc291cmNlR3JvdXBzL3Jnem9uZWQ0NzAyL3Byb3ZpZGVycy9NaWNyb3NvZnQuTmV0d29yay9uZXR3b3JrSW50ZXJmYWNlcy9uaWNqYXZhdm00NmY4NzcxNTQ/YXBpLXZlcnNpb249MjAxOC0wNC0wMQ==",
      "RequestMethod": "PUT",
      "RequestBody": "{\r\n  \"properties\": {\r\n    \"ipConfigurations\": [\r\n      {\r\n        \"properties\": {\r\n          \"privateIPAllocationMethod\": \"Dynamic\",\r\n          \"subnet\": {\r\n            \"id\": \"/subscriptions/1c638cf4-608f-4ee6-b680-c329e824c3a8/resourceGroups/rgzoned4702/providers/Microsoft.Network/virtualNetworks/vnet06695561105f/subnets/subnet1\"\r\n          },\r\n          \"primary\": true,\r\n          \"publicIPAddress\": {\r\n            \"id\": \"/subscriptions/1c638cf4-608f-4ee6-b680-c329e824c3a8/resourceGroups/rgzoned4702/providers/Microsoft.Network/publicIPAddresses/pip6988\"\r\n          }\r\n        },\r\n        \"name\": \"primary\"\r\n      }\r\n    ],\r\n    \"dnsSettings\": {}\r\n  },\r\n  \"location\": \"eastus2\",\r\n  \"tags\": {}\r\n}",
      "RequestHeaders": {
        "Content-Type": [
          "application/json; charset=utf-8"
        ],
        "Content-Length": [
          "701"
        ],
        "x-ms-client-request-id": [
          "0c1f5fe2-2acc-443b-84c8-a02655fc40d9"
        ],
        "accept-language": [
          "en-US"
        ],
        "User-Agent": [
          "FxVersion/4.6.25211.01",
          "Microsoft.Azure.Management.Network.Fluent.NetworkManagementClient/1.11.0.0",
          "MacAddressHash/cc0dc995bd7689190d87305dca6418746f27065181fa649f43731fb8fc5f1b10"
        ]
      },
      "ResponseBody": "{\r\n  \"name\": \"nicjavavm46f877154\",\r\n  \"id\": \"/subscriptions/1c638cf4-608f-4ee6-b680-c329e824c3a8/resourceGroups/rgzoned4702/providers/Microsoft.Network/networkInterfaces/nicjavavm46f877154\",\r\n  \"etag\": \"W/\\\"abedc5de-2b11-4134-b575-96f7737ae15e\\\"\",\r\n  \"location\": \"eastus2\",\r\n  \"tags\": {},\r\n  \"properties\": {\r\n    \"provisioningState\": \"Succeeded\",\r\n    \"resourceGuid\": \"be8c458e-8ed9-43dc-892d-8db63927c0c4\",\r\n    \"ipConfigurations\": [\r\n      {\r\n        \"name\": \"primary\",\r\n        \"id\": \"/subscriptions/1c638cf4-608f-4ee6-b680-c329e824c3a8/resourceGroups/rgzoned4702/providers/Microsoft.Network/networkInterfaces/nicjavavm46f877154/ipConfigurations/primary\",\r\n        \"etag\": \"W/\\\"abedc5de-2b11-4134-b575-96f7737ae15e\\\"\",\r\n        \"properties\": {\r\n          \"provisioningState\": \"Succeeded\",\r\n          \"privateIPAddress\": \"10.0.0.4\",\r\n          \"privateIPAllocationMethod\": \"Dynamic\",\r\n          \"publicIPAddress\": {\r\n            \"id\": \"/subscriptions/1c638cf4-608f-4ee6-b680-c329e824c3a8/resourceGroups/rgzoned4702/providers/Microsoft.Network/publicIPAddresses/pip6988\"\r\n          },\r\n          \"subnet\": {\r\n            \"id\": \"/subscriptions/1c638cf4-608f-4ee6-b680-c329e824c3a8/resourceGroups/rgzoned4702/providers/Microsoft.Network/virtualNetworks/vnet06695561105f/subnets/subnet1\"\r\n          },\r\n          \"primary\": true,\r\n          \"privateIPAddressVersion\": \"IPv4\",\r\n          \"isInUseWithService\": false\r\n        }\r\n      }\r\n    ],\r\n    \"dnsSettings\": {\r\n      \"dnsServers\": [],\r\n      \"appliedDnsServers\": [],\r\n      \"internalDomainNameSuffix\": \"jmcdc3r5mdbehlbnoa3sdynoqd.cx.internal.cloudapp.net\"\r\n    },\r\n    \"enableAcceleratedNetworking\": false,\r\n    \"enableIPForwarding\": false,\r\n    \"services\": null,\r\n    \"virtualNetworkTapProvisioningState\": \"NotProvisioned\"\r\n  },\r\n  \"type\": \"Microsoft.Network/networkInterfaces\"\r\n}",
      "ResponseHeaders": {
        "Content-Length": [
          "1834"
        ],
        "Content-Type": [
          "application/json; charset=utf-8"
        ],
        "Expires": [
          "-1"
        ],
        "Cache-Control": [
          "no-cache"
        ],
        "Date": [
          "Wed, 20 Jun 2018 21:12:09 GMT"
        ],
        "Pragma": [
          "no-cache"
        ],
        "Server": [
          "Microsoft-HTTPAPI/2.0",
          "Microsoft-HTTPAPI/2.0"
        ],
        "x-ms-request-id": [
          "b7e60ca0-94a1-4186-b1b5-2f5786d8bf5d"
        ],
        "Azure-AsyncOperation": [
          "https://management.azure.com/subscriptions/1c638cf4-608f-4ee6-b680-c329e824c3a8/providers/Microsoft.Network/locations/eastus2/operations/b7e60ca0-94a1-4186-b1b5-2f5786d8bf5d?api-version=2018-04-01"
        ],
        "x-ms-correlation-request-id": [
          "ee8b9a0e-8fa4-46ae-917a-627d579300f9"
        ],
        "Strict-Transport-Security": [
          "max-age=31536000; includeSubDomains"
        ],
        "x-ms-ratelimit-remaining-subscription-writes": [
          "1193"
        ],
        "x-ms-routing-request-id": [
          "WESTUS2:20180620T211209Z:ee8b9a0e-8fa4-46ae-917a-627d579300f9"
        ],
        "X-Content-Type-Options": [
          "nosniff"
        ]
      },
      "StatusCode": 201
    },
    {
      "RequestUri": "/subscriptions/1c638cf4-608f-4ee6-b680-c329e824c3a8/resourceGroups/rgzoned4702/providers/Microsoft.Network/networkInterfaces/nicjavavm46f877154?api-version=2018-04-01",
      "EncodedRequestUri": "L3N1YnNjcmlwdGlvbnMvMWM2MzhjZjQtNjA4Zi00ZWU2LWI2ODAtYzMyOWU4MjRjM2E4L3Jlc291cmNlR3JvdXBzL3Jnem9uZWQ0NzAyL3Byb3ZpZGVycy9NaWNyb3NvZnQuTmV0d29yay9uZXR3b3JrSW50ZXJmYWNlcy9uaWNqYXZhdm00NmY4NzcxNTQ/YXBpLXZlcnNpb249MjAxOC0wNC0wMQ==",
      "RequestMethod": "GET",
      "RequestBody": "",
      "RequestHeaders": {
        "User-Agent": [
          "FxVersion/4.6.25211.01",
          "Microsoft.Azure.Management.Network.Fluent.NetworkManagementClient/1.11.0.0",
          "MacAddressHash/cc0dc995bd7689190d87305dca6418746f27065181fa649f43731fb8fc5f1b10"
        ]
      },
      "ResponseBody": "{\r\n  \"name\": \"nicjavavm46f877154\",\r\n  \"id\": \"/subscriptions/1c638cf4-608f-4ee6-b680-c329e824c3a8/resourceGroups/rgzoned4702/providers/Microsoft.Network/networkInterfaces/nicjavavm46f877154\",\r\n  \"etag\": \"W/\\\"abedc5de-2b11-4134-b575-96f7737ae15e\\\"\",\r\n  \"location\": \"eastus2\",\r\n  \"tags\": {},\r\n  \"properties\": {\r\n    \"provisioningState\": \"Succeeded\",\r\n    \"resourceGuid\": \"be8c458e-8ed9-43dc-892d-8db63927c0c4\",\r\n    \"ipConfigurations\": [\r\n      {\r\n        \"name\": \"primary\",\r\n        \"id\": \"/subscriptions/1c638cf4-608f-4ee6-b680-c329e824c3a8/resourceGroups/rgzoned4702/providers/Microsoft.Network/networkInterfaces/nicjavavm46f877154/ipConfigurations/primary\",\r\n        \"etag\": \"W/\\\"abedc5de-2b11-4134-b575-96f7737ae15e\\\"\",\r\n        \"properties\": {\r\n          \"provisioningState\": \"Succeeded\",\r\n          \"privateIPAddress\": \"10.0.0.4\",\r\n          \"privateIPAllocationMethod\": \"Dynamic\",\r\n          \"publicIPAddress\": {\r\n            \"id\": \"/subscriptions/1c638cf4-608f-4ee6-b680-c329e824c3a8/resourceGroups/rgzoned4702/providers/Microsoft.Network/publicIPAddresses/pip6988\"\r\n          },\r\n          \"subnet\": {\r\n            \"id\": \"/subscriptions/1c638cf4-608f-4ee6-b680-c329e824c3a8/resourceGroups/rgzoned4702/providers/Microsoft.Network/virtualNetworks/vnet06695561105f/subnets/subnet1\"\r\n          },\r\n          \"primary\": true,\r\n          \"privateIPAddressVersion\": \"IPv4\",\r\n          \"isInUseWithService\": false\r\n        }\r\n      }\r\n    ],\r\n    \"dnsSettings\": {\r\n      \"dnsServers\": [],\r\n      \"appliedDnsServers\": [],\r\n      \"internalDomainNameSuffix\": \"jmcdc3r5mdbehlbnoa3sdynoqd.cx.internal.cloudapp.net\"\r\n    },\r\n    \"enableAcceleratedNetworking\": false,\r\n    \"enableIPForwarding\": false,\r\n    \"services\": null,\r\n    \"virtualNetworkTapProvisioningState\": \"NotProvisioned\"\r\n  },\r\n  \"type\": \"Microsoft.Network/networkInterfaces\"\r\n}",
      "ResponseHeaders": {
        "Content-Type": [
          "application/json; charset=utf-8"
        ],
        "Expires": [
          "-1"
        ],
        "Cache-Control": [
          "no-cache"
        ],
        "Date": [
          "Wed, 20 Jun 2018 21:12:09 GMT"
        ],
        "Pragma": [
          "no-cache"
        ],
        "Transfer-Encoding": [
          "chunked"
        ],
        "ETag": [
          "W/\"abedc5de-2b11-4134-b575-96f7737ae15e\""
        ],
        "Server": [
          "Microsoft-HTTPAPI/2.0",
          "Microsoft-HTTPAPI/2.0"
        ],
        "Vary": [
          "Accept-Encoding"
        ],
        "x-ms-request-id": [
          "0d3cc7af-fc5d-43e2-9524-7d83a4544c08"
        ],
        "x-ms-correlation-request-id": [
          "4c86ea46-472b-4e71-9228-626fc7968f93"
        ],
        "Strict-Transport-Security": [
          "max-age=31536000; includeSubDomains"
        ],
        "x-ms-ratelimit-remaining-subscription-reads": [
          "14987"
        ],
        "x-ms-routing-request-id": [
          "WESTUS2:20180620T211209Z:4c86ea46-472b-4e71-9228-626fc7968f93"
        ],
        "X-Content-Type-Options": [
          "nosniff"
        ]
      },
      "StatusCode": 200
    },
    {
      "RequestUri": "/subscriptions/1c638cf4-608f-4ee6-b680-c329e824c3a8/resourceGroups/rgzoned4702/providers/Microsoft.Network/networkInterfaces/nicjavavm46f877154?api-version=2018-04-01",
      "EncodedRequestUri": "L3N1YnNjcmlwdGlvbnMvMWM2MzhjZjQtNjA4Zi00ZWU2LWI2ODAtYzMyOWU4MjRjM2E4L3Jlc291cmNlR3JvdXBzL3Jnem9uZWQ0NzAyL3Byb3ZpZGVycy9NaWNyb3NvZnQuTmV0d29yay9uZXR3b3JrSW50ZXJmYWNlcy9uaWNqYXZhdm00NmY4NzcxNTQ/YXBpLXZlcnNpb249MjAxOC0wNC0wMQ==",
      "RequestMethod": "GET",
      "RequestBody": "",
      "RequestHeaders": {
        "x-ms-client-request-id": [
          "dcb977da-9954-4a22-80c2-91a0becd82a6"
        ],
        "accept-language": [
          "en-US"
        ],
        "User-Agent": [
          "FxVersion/4.6.25211.01",
          "Microsoft.Azure.Management.Network.Fluent.NetworkManagementClient/1.11.0.0",
          "MacAddressHash/cc0dc995bd7689190d87305dca6418746f27065181fa649f43731fb8fc5f1b10"
        ]
      },
      "ResponseBody": "{\r\n  \"name\": \"nicjavavm46f877154\",\r\n  \"id\": \"/subscriptions/1c638cf4-608f-4ee6-b680-c329e824c3a8/resourceGroups/rgzoned4702/providers/Microsoft.Network/networkInterfaces/nicjavavm46f877154\",\r\n  \"etag\": \"W/\\\"c2220659-18e8-43ab-9f72-6139647a3a2d\\\"\",\r\n  \"location\": \"eastus2\",\r\n  \"tags\": {},\r\n  \"properties\": {\r\n    \"provisioningState\": \"Succeeded\",\r\n    \"resourceGuid\": \"be8c458e-8ed9-43dc-892d-8db63927c0c4\",\r\n    \"ipConfigurations\": [\r\n      {\r\n        \"name\": \"primary\",\r\n        \"id\": \"/subscriptions/1c638cf4-608f-4ee6-b680-c329e824c3a8/resourceGroups/rgzoned4702/providers/Microsoft.Network/networkInterfaces/nicjavavm46f877154/ipConfigurations/primary\",\r\n        \"etag\": \"W/\\\"c2220659-18e8-43ab-9f72-6139647a3a2d\\\"\",\r\n        \"properties\": {\r\n          \"provisioningState\": \"Succeeded\",\r\n          \"privateIPAddress\": \"10.0.0.4\",\r\n          \"privateIPAllocationMethod\": \"Dynamic\",\r\n          \"publicIPAddress\": {\r\n            \"id\": \"/subscriptions/1c638cf4-608f-4ee6-b680-c329e824c3a8/resourceGroups/rgzoned4702/providers/Microsoft.Network/publicIPAddresses/pip6988\"\r\n          },\r\n          \"subnet\": {\r\n            \"id\": \"/subscriptions/1c638cf4-608f-4ee6-b680-c329e824c3a8/resourceGroups/rgzoned4702/providers/Microsoft.Network/virtualNetworks/vnet06695561105f/subnets/subnet1\"\r\n          },\r\n          \"primary\": true,\r\n          \"privateIPAddressVersion\": \"IPv4\",\r\n          \"isInUseWithService\": false\r\n        }\r\n      }\r\n    ],\r\n    \"dnsSettings\": {\r\n      \"dnsServers\": [],\r\n      \"appliedDnsServers\": [],\r\n      \"internalDomainNameSuffix\": \"jmcdc3r5mdbehlbnoa3sdynoqd.cx.internal.cloudapp.net\"\r\n    },\r\n    \"macAddress\": \"00-0D-3A-04-11-8E\",\r\n    \"enableAcceleratedNetworking\": false,\r\n    \"enableIPForwarding\": false,\r\n    \"services\": null,\r\n    \"primary\": true,\r\n    \"virtualMachine\": {\r\n      \"id\": \"/subscriptions/1c638cf4-608f-4ee6-b680-c329e824c3a8/resourceGroups/rgzoned4702/providers/Microsoft.Compute/virtualMachines/javavm\"\r\n    },\r\n    \"virtualNetworkTapProvisioningState\": \"NotProvisioned\"\r\n  },\r\n  \"type\": \"Microsoft.Network/networkInterfaces\"\r\n}",
      "ResponseHeaders": {
        "Content-Type": [
          "application/json; charset=utf-8"
        ],
        "Expires": [
          "-1"
        ],
        "Cache-Control": [
          "no-cache"
        ],
        "Date": [
          "Wed, 20 Jun 2018 21:13:26 GMT"
        ],
        "Pragma": [
          "no-cache"
        ],
        "Transfer-Encoding": [
          "chunked"
        ],
        "ETag": [
          "W/\"c2220659-18e8-43ab-9f72-6139647a3a2d\""
        ],
        "Server": [
          "Microsoft-HTTPAPI/2.0",
          "Microsoft-HTTPAPI/2.0"
        ],
        "Vary": [
          "Accept-Encoding"
        ],
        "x-ms-request-id": [
          "89d4676f-04e0-4d37-8422-7a4d3b8d1e98"
        ],
        "x-ms-correlation-request-id": [
          "34371da2-e0d1-4536-b9c5-994c24071edf"
        ],
        "Strict-Transport-Security": [
          "max-age=31536000; includeSubDomains"
        ],
        "x-ms-ratelimit-remaining-subscription-reads": [
          "14982"
        ],
        "x-ms-routing-request-id": [
          "WESTUS2:20180620T211326Z:34371da2-e0d1-4536-b9c5-994c24071edf"
        ],
        "X-Content-Type-Options": [
          "nosniff"
        ]
      },
      "StatusCode": 200
    },
    {
      "RequestUri": "/subscriptions/1c638cf4-608f-4ee6-b680-c329e824c3a8/resourceGroups/rgzoned4702/providers/Microsoft.Compute/virtualMachines/javavm?api-version=2017-12-01",
      "EncodedRequestUri": "L3N1YnNjcmlwdGlvbnMvMWM2MzhjZjQtNjA4Zi00ZWU2LWI2ODAtYzMyOWU4MjRjM2E4L3Jlc291cmNlR3JvdXBzL3Jnem9uZWQ0NzAyL3Byb3ZpZGVycy9NaWNyb3NvZnQuQ29tcHV0ZS92aXJ0dWFsTWFjaGluZXMvamF2YXZtP2FwaS12ZXJzaW9uPTIwMTctMTItMDE=",
      "RequestMethod": "PUT",
      "RequestBody": "{\r\n  \"properties\": {\r\n    \"hardwareProfile\": {\r\n      \"vmSize\": \"Standard_D3_v2\"\r\n    },\r\n    \"storageProfile\": {\r\n      \"imageReference\": {\r\n        \"publisher\": \"Canonical\",\r\n        \"offer\": \"UbuntuServer\",\r\n        \"sku\": \"16.04.0-LTS\",\r\n        \"version\": \"latest\"\r\n      },\r\n      \"osDisk\": {\r\n        \"caching\": \"ReadWrite\",\r\n        \"createOption\": \"FromImage\",\r\n        \"managedDisk\": {\r\n          \"storageAccountType\": \"Standard_LRS\"\r\n        }\r\n      }\r\n    },\r\n    \"osProfile\": {\r\n      \"computerName\": \"javavm\",\r\n      \"adminUsername\": \"Foo12\",\r\n      \"adminPassword\": \"abc!@#F0orL\",\r\n      \"linuxConfiguration\": {\r\n        \"disablePasswordAuthentication\": false\r\n      }\r\n    },\r\n    \"networkProfile\": {\r\n      \"networkInterfaces\": [\r\n        {\r\n          \"properties\": {\r\n            \"primary\": true\r\n          },\r\n          \"id\": \"/subscriptions/1c638cf4-608f-4ee6-b680-c329e824c3a8/resourceGroups/rgzoned4702/providers/Microsoft.Network/networkInterfaces/nicjavavm46f877154\"\r\n        }\r\n      ]\r\n    }\r\n  },\r\n  \"zones\": [\r\n    \"1\"\r\n  ],\r\n  \"location\": \"eastus2\",\r\n  \"tags\": {}\r\n}",
      "RequestHeaders": {
        "Content-Type": [
          "application/json; charset=utf-8"
        ],
        "Content-Length": [
          "1096"
        ],
        "x-ms-client-request-id": [
          "a68f4f44-a9aa-4b33-82b3-029de42748d3"
        ],
        "accept-language": [
          "en-US"
        ],
        "User-Agent": [
          "FxVersion/4.6.25211.01",
          "Microsoft.Azure.Management.Compute.Fluent.ComputeManagementClient/1.11.0.0",
          "MacAddressHash/cc0dc995bd7689190d87305dca6418746f27065181fa649f43731fb8fc5f1b10"
        ]
      },
      "ResponseBody": "{\r\n  \"properties\": {\r\n    \"vmId\": \"0a0ed4ae-e950-456e-82c9-39b2d69158f3\",\r\n    \"hardwareProfile\": {\r\n      \"vmSize\": \"Standard_D3_v2\"\r\n    },\r\n    \"storageProfile\": {\r\n      \"imageReference\": {\r\n        \"publisher\": \"Canonical\",\r\n        \"offer\": \"UbuntuServer\",\r\n        \"sku\": \"16.04.0-LTS\",\r\n        \"version\": \"latest\"\r\n      },\r\n      \"osDisk\": {\r\n        \"osType\": \"Linux\",\r\n        \"createOption\": \"FromImage\",\r\n        \"caching\": \"ReadWrite\",\r\n        \"managedDisk\": {\r\n          \"storageAccountType\": \"Standard_LRS\"\r\n        }\r\n      },\r\n      \"dataDisks\": []\r\n    },\r\n    \"osProfile\": {\r\n      \"computerName\": \"javavm\",\r\n      \"adminUsername\": \"Foo12\",\r\n      \"linuxConfiguration\": {\r\n        \"disablePasswordAuthentication\": false\r\n      },\r\n      \"secrets\": []\r\n    },\r\n    \"networkProfile\": {\r\n      \"networkInterfaces\": [\r\n        {\r\n          \"id\": \"/subscriptions/1c638cf4-608f-4ee6-b680-c329e824c3a8/resourceGroups/rgzoned4702/providers/Microsoft.Network/networkInterfaces/nicjavavm46f877154\",\r\n          \"properties\": {\r\n            \"primary\": true\r\n          }\r\n        }\r\n      ]\r\n    },\r\n    \"provisioningState\": \"Creating\"\r\n  },\r\n  \"zones\": [\r\n    \"1\"\r\n  ],\r\n  \"type\": \"Microsoft.Compute/virtualMachines\",\r\n  \"location\": \"eastus2\",\r\n  \"tags\": {},\r\n  \"id\": \"/subscriptions/1c638cf4-608f-4ee6-b680-c329e824c3a8/resourceGroups/rgzoned4702/providers/Microsoft.Compute/virtualMachines/javavm\",\r\n  \"name\": \"javavm\"\r\n}",
      "ResponseHeaders": {
        "Content-Length": [
          "1337"
        ],
        "Content-Type": [
          "application/json; charset=utf-8"
        ],
        "Expires": [
          "-1"
        ],
        "Cache-Control": [
          "no-cache"
        ],
        "Date": [
          "Wed, 20 Jun 2018 21:12:15 GMT"
        ],
        "Pragma": [
          "no-cache"
        ],
        "Retry-After": [
          "10"
        ],
        "Server": [
          "Microsoft-HTTPAPI/2.0",
          "Microsoft-HTTPAPI/2.0"
        ],
        "Azure-AsyncOperation": [
          "https://management.azure.com/subscriptions/1c638cf4-608f-4ee6-b680-c329e824c3a8/providers/Microsoft.Compute/locations/eastus2/operations/307c3a79-c37b-48bf-aee6-0d0af44e3fcb?api-version=2017-12-01"
        ],
        "x-ms-ratelimit-remaining-resource": [
          "Microsoft.Compute/PutVM3Min;239,Microsoft.Compute/PutVM30Min;1198"
        ],
        "Strict-Transport-Security": [
          "max-age=31536000; includeSubDomains"
        ],
        "x-ms-served-by": [
          "05beea65-18e7-44f1-b150-f705ab227e54_131723361290373464"
        ],
        "x-ms-request-id": [
          "307c3a79-c37b-48bf-aee6-0d0af44e3fcb"
        ],
        "x-ms-ratelimit-remaining-subscription-writes": [
          "1192"
        ],
        "x-ms-correlation-request-id": [
          "0f98343a-2cfa-49f8-97b6-8ca145d0992c"
        ],
        "x-ms-routing-request-id": [
          "WESTUS2:20180620T211215Z:0f98343a-2cfa-49f8-97b6-8ca145d0992c"
        ],
        "X-Content-Type-Options": [
          "nosniff"
        ]
      },
      "StatusCode": 201
    },
    {
      "RequestUri": "/subscriptions/1c638cf4-608f-4ee6-b680-c329e824c3a8/providers/Microsoft.Compute/locations/eastus2/operations/307c3a79-c37b-48bf-aee6-0d0af44e3fcb?api-version=2017-12-01",
      "EncodedRequestUri": "L3N1YnNjcmlwdGlvbnMvMWM2MzhjZjQtNjA4Zi00ZWU2LWI2ODAtYzMyOWU4MjRjM2E4L3Byb3ZpZGVycy9NaWNyb3NvZnQuQ29tcHV0ZS9sb2NhdGlvbnMvZWFzdHVzMi9vcGVyYXRpb25zLzMwN2MzYTc5LWMzN2ItNDhiZi1hZWU2LTBkMGFmNDRlM2ZjYj9hcGktdmVyc2lvbj0yMDE3LTEyLTAx",
      "RequestMethod": "GET",
      "RequestBody": "",
      "RequestHeaders": {
        "User-Agent": [
          "FxVersion/4.6.25211.01",
          "Microsoft.Azure.Management.Compute.Fluent.ComputeManagementClient/1.11.0.0",
          "MacAddressHash/cc0dc995bd7689190d87305dca6418746f27065181fa649f43731fb8fc5f1b10"
        ]
      },
      "ResponseBody": "{\r\n  \"startTime\": \"2018-06-20T14:12:15.3451148-07:00\",\r\n  \"status\": \"InProgress\",\r\n  \"name\": \"307c3a79-c37b-48bf-aee6-0d0af44e3fcb\"\r\n}",
      "ResponseHeaders": {
        "Content-Type": [
          "application/json; charset=utf-8"
        ],
        "Expires": [
          "-1"
        ],
        "Cache-Control": [
          "no-cache"
        ],
        "Date": [
          "Wed, 20 Jun 2018 21:12:25 GMT"
        ],
        "Pragma": [
          "no-cache"
        ],
        "Transfer-Encoding": [
          "chunked"
        ],
        "Retry-After": [
          "30"
        ],
        "Server": [
          "Microsoft-HTTPAPI/2.0",
          "Microsoft-HTTPAPI/2.0"
        ],
        "Vary": [
          "Accept-Encoding"
        ],
        "x-ms-ratelimit-remaining-resource": [
          "Microsoft.Compute/GetOperation3Min;14999,Microsoft.Compute/GetOperation30Min;29986"
        ],
        "Strict-Transport-Security": [
          "max-age=31536000; includeSubDomains"
        ],
        "x-ms-served-by": [
          "05beea65-18e7-44f1-b150-f705ab227e54_131723361290373464"
        ],
        "x-ms-request-id": [
          "a723e395-4c98-4696-832a-a09f2b7536ac"
        ],
        "x-ms-ratelimit-remaining-subscription-reads": [
          "14986"
        ],
        "x-ms-correlation-request-id": [
          "da6dffa0-7347-45e9-8cba-079cd2853f12"
        ],
        "x-ms-routing-request-id": [
          "WESTUS2:20180620T211225Z:da6dffa0-7347-45e9-8cba-079cd2853f12"
        ],
        "X-Content-Type-Options": [
          "nosniff"
        ]
      },
      "StatusCode": 200
    },
    {
      "RequestUri": "/subscriptions/1c638cf4-608f-4ee6-b680-c329e824c3a8/providers/Microsoft.Compute/locations/eastus2/operations/307c3a79-c37b-48bf-aee6-0d0af44e3fcb?api-version=2017-12-01",
      "EncodedRequestUri": "L3N1YnNjcmlwdGlvbnMvMWM2MzhjZjQtNjA4Zi00ZWU2LWI2ODAtYzMyOWU4MjRjM2E4L3Byb3ZpZGVycy9NaWNyb3NvZnQuQ29tcHV0ZS9sb2NhdGlvbnMvZWFzdHVzMi9vcGVyYXRpb25zLzMwN2MzYTc5LWMzN2ItNDhiZi1hZWU2LTBkMGFmNDRlM2ZjYj9hcGktdmVyc2lvbj0yMDE3LTEyLTAx",
      "RequestMethod": "GET",
      "RequestBody": "",
      "RequestHeaders": {
        "User-Agent": [
          "FxVersion/4.6.25211.01",
          "Microsoft.Azure.Management.Compute.Fluent.ComputeManagementClient/1.11.0.0",
          "MacAddressHash/cc0dc995bd7689190d87305dca6418746f27065181fa649f43731fb8fc5f1b10"
        ]
      },
      "ResponseBody": "{\r\n  \"startTime\": \"2018-06-20T14:12:15.3451148-07:00\",\r\n  \"status\": \"InProgress\",\r\n  \"name\": \"307c3a79-c37b-48bf-aee6-0d0af44e3fcb\"\r\n}",
      "ResponseHeaders": {
        "Content-Type": [
          "application/json; charset=utf-8"
        ],
        "Expires": [
          "-1"
        ],
        "Cache-Control": [
          "no-cache"
        ],
        "Date": [
          "Wed, 20 Jun 2018 21:12:55 GMT"
        ],
        "Pragma": [
          "no-cache"
        ],
        "Transfer-Encoding": [
          "chunked"
        ],
        "Server": [
          "Microsoft-HTTPAPI/2.0",
          "Microsoft-HTTPAPI/2.0"
        ],
        "Vary": [
          "Accept-Encoding"
        ],
        "x-ms-ratelimit-remaining-resource": [
          "Microsoft.Compute/GetOperation3Min;14996,Microsoft.Compute/GetOperation30Min;29983"
        ],
        "Strict-Transport-Security": [
          "max-age=31536000; includeSubDomains"
        ],
        "x-ms-served-by": [
          "05beea65-18e7-44f1-b150-f705ab227e54_131723361290373464"
        ],
        "x-ms-request-id": [
          "bf2a09b1-f1b3-4a25-94a6-88abd46d186b"
        ],
        "x-ms-ratelimit-remaining-subscription-reads": [
          "14985"
        ],
        "x-ms-correlation-request-id": [
          "48fba0d3-47af-4b1e-911c-bda0d8fd60a7"
        ],
        "x-ms-routing-request-id": [
          "WESTUS2:20180620T211256Z:48fba0d3-47af-4b1e-911c-bda0d8fd60a7"
        ],
        "X-Content-Type-Options": [
          "nosniff"
        ]
      },
      "StatusCode": 200
    },
    {
      "RequestUri": "/subscriptions/1c638cf4-608f-4ee6-b680-c329e824c3a8/providers/Microsoft.Compute/locations/eastus2/operations/307c3a79-c37b-48bf-aee6-0d0af44e3fcb?api-version=2017-12-01",
      "EncodedRequestUri": "L3N1YnNjcmlwdGlvbnMvMWM2MzhjZjQtNjA4Zi00ZWU2LWI2ODAtYzMyOWU4MjRjM2E4L3Byb3ZpZGVycy9NaWNyb3NvZnQuQ29tcHV0ZS9sb2NhdGlvbnMvZWFzdHVzMi9vcGVyYXRpb25zLzMwN2MzYTc5LWMzN2ItNDhiZi1hZWU2LTBkMGFmNDRlM2ZjYj9hcGktdmVyc2lvbj0yMDE3LTEyLTAx",
      "RequestMethod": "GET",
      "RequestBody": "",
      "RequestHeaders": {
        "User-Agent": [
          "FxVersion/4.6.25211.01",
          "Microsoft.Azure.Management.Compute.Fluent.ComputeManagementClient/1.11.0.0",
          "MacAddressHash/cc0dc995bd7689190d87305dca6418746f27065181fa649f43731fb8fc5f1b10"
        ]
      },
      "ResponseBody": "{\r\n  \"startTime\": \"2018-06-20T14:12:15.3451148-07:00\",\r\n  \"endTime\": \"2018-06-20T14:13:13.1671949-07:00\",\r\n  \"status\": \"Succeeded\",\r\n  \"name\": \"307c3a79-c37b-48bf-aee6-0d0af44e3fcb\"\r\n}",
      "ResponseHeaders": {
        "Content-Type": [
          "application/json; charset=utf-8"
        ],
        "Expires": [
          "-1"
        ],
        "Cache-Control": [
          "no-cache"
        ],
        "Date": [
          "Wed, 20 Jun 2018 21:13:25 GMT"
        ],
        "Pragma": [
          "no-cache"
        ],
        "Transfer-Encoding": [
          "chunked"
        ],
        "Server": [
          "Microsoft-HTTPAPI/2.0",
          "Microsoft-HTTPAPI/2.0"
        ],
        "Vary": [
          "Accept-Encoding"
        ],
        "x-ms-ratelimit-remaining-resource": [
          "Microsoft.Compute/GetOperation3Min;14993,Microsoft.Compute/GetOperation30Min;29980"
        ],
        "Strict-Transport-Security": [
          "max-age=31536000; includeSubDomains"
        ],
        "x-ms-served-by": [
          "05beea65-18e7-44f1-b150-f705ab227e54_131723361290373464"
        ],
        "x-ms-request-id": [
          "2891147c-eaa8-4786-beb5-d6db7b74d6d9"
        ],
        "x-ms-ratelimit-remaining-subscription-reads": [
          "14984"
        ],
        "x-ms-correlation-request-id": [
          "9ac3a668-707d-49fb-886d-029531997a50"
        ],
        "x-ms-routing-request-id": [
          "WESTUS2:20180620T211326Z:9ac3a668-707d-49fb-886d-029531997a50"
        ],
        "X-Content-Type-Options": [
          "nosniff"
        ]
      },
      "StatusCode": 200
    },
    {
      "RequestUri": "/subscriptions/1c638cf4-608f-4ee6-b680-c329e824c3a8/resourceGroups/rgzoned4702/providers/Microsoft.Compute/virtualMachines/javavm?api-version=2017-12-01",
      "EncodedRequestUri": "L3N1YnNjcmlwdGlvbnMvMWM2MzhjZjQtNjA4Zi00ZWU2LWI2ODAtYzMyOWU4MjRjM2E4L3Jlc291cmNlR3JvdXBzL3Jnem9uZWQ0NzAyL3Byb3ZpZGVycy9NaWNyb3NvZnQuQ29tcHV0ZS92aXJ0dWFsTWFjaGluZXMvamF2YXZtP2FwaS12ZXJzaW9uPTIwMTctMTItMDE=",
      "RequestMethod": "GET",
      "RequestBody": "",
      "RequestHeaders": {
        "User-Agent": [
          "FxVersion/4.6.25211.01",
          "Microsoft.Azure.Management.Compute.Fluent.ComputeManagementClient/1.11.0.0",
          "MacAddressHash/cc0dc995bd7689190d87305dca6418746f27065181fa649f43731fb8fc5f1b10"
        ]
      },
      "ResponseBody": "{\r\n  \"properties\": {\r\n    \"vmId\": \"0a0ed4ae-e950-456e-82c9-39b2d69158f3\",\r\n    \"hardwareProfile\": {\r\n      \"vmSize\": \"Standard_D3_v2\"\r\n    },\r\n    \"storageProfile\": {\r\n      \"imageReference\": {\r\n        \"publisher\": \"Canonical\",\r\n        \"offer\": \"UbuntuServer\",\r\n        \"sku\": \"16.04.0-LTS\",\r\n        \"version\": \"latest\"\r\n      },\r\n      \"osDisk\": {\r\n        \"osType\": \"Linux\",\r\n        \"name\": \"javavm_OsDisk_1_7e1737c0d05846df88c9b41e29e45a0f\",\r\n        \"createOption\": \"FromImage\",\r\n        \"caching\": \"ReadWrite\",\r\n        \"managedDisk\": {\r\n          \"storageAccountType\": \"Standard_LRS\",\r\n          \"id\": \"/subscriptions/1c638cf4-608f-4ee6-b680-c329e824c3a8/resourceGroups/rgzoned4702/providers/Microsoft.Compute/disks/javavm_OsDisk_1_7e1737c0d05846df88c9b41e29e45a0f\"\r\n        },\r\n        \"diskSizeGB\": 30\r\n      },\r\n      \"dataDisks\": []\r\n    },\r\n    \"osProfile\": {\r\n      \"computerName\": \"javavm\",\r\n      \"adminUsername\": \"Foo12\",\r\n      \"linuxConfiguration\": {\r\n        \"disablePasswordAuthentication\": false\r\n      },\r\n      \"secrets\": []\r\n    },\r\n    \"networkProfile\": {\r\n      \"networkInterfaces\": [\r\n        {\r\n          \"id\": \"/subscriptions/1c638cf4-608f-4ee6-b680-c329e824c3a8/resourceGroups/rgzoned4702/providers/Microsoft.Network/networkInterfaces/nicjavavm46f877154\",\r\n          \"properties\": {\r\n            \"primary\": true\r\n          }\r\n        }\r\n      ]\r\n    },\r\n    \"provisioningState\": \"Succeeded\"\r\n  },\r\n  \"zones\": [\r\n    \"1\"\r\n  ],\r\n  \"type\": \"Microsoft.Compute/virtualMachines\",\r\n  \"location\": \"eastus2\",\r\n  \"tags\": {},\r\n  \"id\": \"/subscriptions/1c638cf4-608f-4ee6-b680-c329e824c3a8/resourceGroups/rgzoned4702/providers/Microsoft.Compute/virtualMachines/javavm\",\r\n  \"name\": \"javavm\"\r\n}",
      "ResponseHeaders": {
        "Content-Type": [
          "application/json; charset=utf-8"
        ],
        "Expires": [
          "-1"
        ],
        "Cache-Control": [
          "no-cache"
        ],
        "Date": [
          "Wed, 20 Jun 2018 21:13:26 GMT"
        ],
        "Pragma": [
          "no-cache"
        ],
        "Transfer-Encoding": [
          "chunked"
        ],
        "Server": [
          "Microsoft-HTTPAPI/2.0",
          "Microsoft-HTTPAPI/2.0"
        ],
        "Vary": [
          "Accept-Encoding"
        ],
        "x-ms-ratelimit-remaining-resource": [
          "Microsoft.Compute/LowCostGet3Min;4196,Microsoft.Compute/LowCostGet30Min;33591"
        ],
        "Strict-Transport-Security": [
          "max-age=31536000; includeSubDomains"
        ],
        "x-ms-served-by": [
          "05beea65-18e7-44f1-b150-f705ab227e54_131723361290373464"
        ],
        "x-ms-request-id": [
          "82b3913d-3f83-464e-89ce-680557e6f8f6"
        ],
        "x-ms-ratelimit-remaining-subscription-reads": [
          "14983"
        ],
        "x-ms-correlation-request-id": [
          "feb63b4f-826a-4470-8691-6fe8b054a88a"
        ],
        "x-ms-routing-request-id": [
          "WESTUS2:20180620T211326Z:feb63b4f-826a-4470-8691-6fe8b054a88a"
        ],
        "X-Content-Type-Options": [
          "nosniff"
        ]
      },
      "StatusCode": 200
    },
    {
      "RequestUri": "/subscriptions/1c638cf4-608f-4ee6-b680-c329e824c3a8/resourcegroups/rgzoned4702?api-version=2017-05-10",
      "EncodedRequestUri": "L3N1YnNjcmlwdGlvbnMvMWM2MzhjZjQtNjA4Zi00ZWU2LWI2ODAtYzMyOWU4MjRjM2E4L3Jlc291cmNlZ3JvdXBzL3Jnem9uZWQ0NzAyP2FwaS12ZXJzaW9uPTIwMTctMDUtMTA=",
      "RequestMethod": "DELETE",
      "RequestBody": "",
      "RequestHeaders": {
        "x-ms-client-request-id": [
          "d92551dc-6eed-437f-a359-c0632c2b615b"
        ],
        "accept-language": [
          "en-US"
        ],
        "User-Agent": [
          "FxVersion/4.6.25211.01",
          "Microsoft.Azure.Management.ResourceManager.Fluent.ResourceManagementClient/1.11.0.0",
          "MacAddressHash/cc0dc995bd7689190d87305dca6418746f27065181fa649f43731fb8fc5f1b10"
        ]
      },
      "ResponseBody": "",
      "ResponseHeaders": {
        "Content-Length": [
          "0"
        ],
        "Expires": [
          "-1"
        ],
        "Cache-Control": [
          "no-cache"
        ],
        "Date": [
          "Wed, 20 Jun 2018 21:13:28 GMT"
        ],
        "Pragma": [
          "no-cache"
        ],
        "Location": [
          "https://management.azure.com/subscriptions/1c638cf4-608f-4ee6-b680-c329e824c3a8/operationresults/eyJqb2JJZCI6IlJFU09VUkNFR1JPVVBERUxFVElPTkpPQi1SR1pPTkVENDcwMi1FQVNUVVMyIiwiam9iTG9jYXRpb24iOiJlYXN0dXMyIn0?api-version=2017-05-10"
        ],
        "Retry-After": [
          "15"
        ],
        "x-ms-ratelimit-remaining-subscription-deletes": [
          "14999"
        ],
        "x-ms-request-id": [
          "b4101dd9-6f10-4338-bd01-de35e2eafb9f"
        ],
        "x-ms-correlation-request-id": [
          "b4101dd9-6f10-4338-bd01-de35e2eafb9f"
        ],
        "x-ms-routing-request-id": [
          "WESTUS2:20180620T211328Z:b4101dd9-6f10-4338-bd01-de35e2eafb9f"
        ],
        "Strict-Transport-Security": [
          "max-age=31536000; includeSubDomains"
        ],
        "X-Content-Type-Options": [
          "nosniff"
        ]
      },
      "StatusCode": 202
    },
    {
      "RequestUri": "/subscriptions/1c638cf4-608f-4ee6-b680-c329e824c3a8/operationresults/eyJqb2JJZCI6IlJFU09VUkNFR1JPVVBERUxFVElPTkpPQi1SR1pPTkVENDcwMi1FQVNUVVMyIiwiam9iTG9jYXRpb24iOiJlYXN0dXMyIn0?api-version=2017-05-10",
      "EncodedRequestUri": "L3N1YnNjcmlwdGlvbnMvMWM2MzhjZjQtNjA4Zi00ZWU2LWI2ODAtYzMyOWU4MjRjM2E4L29wZXJhdGlvbnJlc3VsdHMvZXlKcWIySkpaQ0k2SWxKRlUwOVZVa05GUjFKUFZWQkVSVXhGVkVsUFRrcFBRaTFTUjFwUFRrVkVORGN3TWkxRlFWTlVWVk15SWl3aWFtOWlURzlqWVhScGIyNGlPaUpsWVhOMGRYTXlJbjA/YXBpLXZlcnNpb249MjAxNy0wNS0xMA==",
      "RequestMethod": "GET",
      "RequestBody": "",
      "RequestHeaders": {
        "User-Agent": [
          "FxVersion/4.6.25211.01",
          "Microsoft.Azure.Management.ResourceManager.Fluent.ResourceManagementClient/1.11.0.0",
          "MacAddressHash/cc0dc995bd7689190d87305dca6418746f27065181fa649f43731fb8fc5f1b10"
        ]
      },
      "ResponseBody": "",
      "ResponseHeaders": {
        "Content-Length": [
          "0"
        ],
        "Expires": [
          "-1"
        ],
        "Cache-Control": [
          "no-cache"
        ],
        "Date": [
          "Wed, 20 Jun 2018 21:13:43 GMT"
        ],
        "Pragma": [
          "no-cache"
        ],
        "Location": [
          "https://management.azure.com/subscriptions/1c638cf4-608f-4ee6-b680-c329e824c3a8/operationresults/eyJqb2JJZCI6IlJFU09VUkNFR1JPVVBERUxFVElPTkpPQi1SR1pPTkVENDcwMi1FQVNUVVMyIiwiam9iTG9jYXRpb24iOiJlYXN0dXMyIn0?api-version=2017-05-10"
        ],
        "Retry-After": [
          "15"
        ],
        "x-ms-ratelimit-remaining-subscription-reads": [
          "14999"
        ],
        "x-ms-request-id": [
          "1df25de2-033d-4e06-b167-ce40f5df8add"
        ],
        "x-ms-correlation-request-id": [
          "1df25de2-033d-4e06-b167-ce40f5df8add"
        ],
        "x-ms-routing-request-id": [
          "WESTUS2:20180620T211343Z:1df25de2-033d-4e06-b167-ce40f5df8add"
        ],
        "Strict-Transport-Security": [
          "max-age=31536000; includeSubDomains"
        ],
        "X-Content-Type-Options": [
          "nosniff"
        ]
      },
      "StatusCode": 202
    },
    {
      "RequestUri": "/subscriptions/1c638cf4-608f-4ee6-b680-c329e824c3a8/operationresults/eyJqb2JJZCI6IlJFU09VUkNFR1JPVVBERUxFVElPTkpPQi1SR1pPTkVENDcwMi1FQVNUVVMyIiwiam9iTG9jYXRpb24iOiJlYXN0dXMyIn0?api-version=2017-05-10",
      "EncodedRequestUri": "L3N1YnNjcmlwdGlvbnMvMWM2MzhjZjQtNjA4Zi00ZWU2LWI2ODAtYzMyOWU4MjRjM2E4L29wZXJhdGlvbnJlc3VsdHMvZXlKcWIySkpaQ0k2SWxKRlUwOVZVa05GUjFKUFZWQkVSVXhGVkVsUFRrcFBRaTFTUjFwUFRrVkVORGN3TWkxRlFWTlVWVk15SWl3aWFtOWlURzlqWVhScGIyNGlPaUpsWVhOMGRYTXlJbjA/YXBpLXZlcnNpb249MjAxNy0wNS0xMA==",
      "RequestMethod": "GET",
      "RequestBody": "",
      "RequestHeaders": {
        "User-Agent": [
          "FxVersion/4.6.25211.01",
          "Microsoft.Azure.Management.ResourceManager.Fluent.ResourceManagementClient/1.11.0.0",
          "MacAddressHash/cc0dc995bd7689190d87305dca6418746f27065181fa649f43731fb8fc5f1b10"
        ]
      },
      "ResponseBody": "",
      "ResponseHeaders": {
        "Content-Length": [
          "0"
        ],
        "Expires": [
          "-1"
        ],
        "Cache-Control": [
          "no-cache"
        ],
        "Date": [
          "Wed, 20 Jun 2018 21:13:58 GMT"
        ],
        "Pragma": [
          "no-cache"
        ],
        "Location": [
          "https://management.azure.com/subscriptions/1c638cf4-608f-4ee6-b680-c329e824c3a8/operationresults/eyJqb2JJZCI6IlJFU09VUkNFR1JPVVBERUxFVElPTkpPQi1SR1pPTkVENDcwMi1FQVNUVVMyIiwiam9iTG9jYXRpb24iOiJlYXN0dXMyIn0?api-version=2017-05-10"
        ],
        "Retry-After": [
          "15"
        ],
        "x-ms-ratelimit-remaining-subscription-reads": [
          "14998"
        ],
        "x-ms-request-id": [
          "691a1458-d7c1-4e95-b2a1-41139c317401"
        ],
        "x-ms-correlation-request-id": [
          "691a1458-d7c1-4e95-b2a1-41139c317401"
        ],
        "x-ms-routing-request-id": [
          "WESTUS2:20180620T211358Z:691a1458-d7c1-4e95-b2a1-41139c317401"
        ],
        "Strict-Transport-Security": [
          "max-age=31536000; includeSubDomains"
        ],
        "X-Content-Type-Options": [
          "nosniff"
        ]
      },
      "StatusCode": 202
    },
    {
      "RequestUri": "/subscriptions/1c638cf4-608f-4ee6-b680-c329e824c3a8/operationresults/eyJqb2JJZCI6IlJFU09VUkNFR1JPVVBERUxFVElPTkpPQi1SR1pPTkVENDcwMi1FQVNUVVMyIiwiam9iTG9jYXRpb24iOiJlYXN0dXMyIn0?api-version=2017-05-10",
      "EncodedRequestUri": "L3N1YnNjcmlwdGlvbnMvMWM2MzhjZjQtNjA4Zi00ZWU2LWI2ODAtYzMyOWU4MjRjM2E4L29wZXJhdGlvbnJlc3VsdHMvZXlKcWIySkpaQ0k2SWxKRlUwOVZVa05GUjFKUFZWQkVSVXhGVkVsUFRrcFBRaTFTUjFwUFRrVkVORGN3TWkxRlFWTlVWVk15SWl3aWFtOWlURzlqWVhScGIyNGlPaUpsWVhOMGRYTXlJbjA/YXBpLXZlcnNpb249MjAxNy0wNS0xMA==",
      "RequestMethod": "GET",
      "RequestBody": "",
      "RequestHeaders": {
        "User-Agent": [
          "FxVersion/4.6.25211.01",
          "Microsoft.Azure.Management.ResourceManager.Fluent.ResourceManagementClient/1.11.0.0",
          "MacAddressHash/cc0dc995bd7689190d87305dca6418746f27065181fa649f43731fb8fc5f1b10"
        ]
      },
      "ResponseBody": "",
      "ResponseHeaders": {
        "Content-Length": [
          "0"
        ],
        "Expires": [
          "-1"
        ],
        "Cache-Control": [
          "no-cache"
        ],
        "Date": [
          "Wed, 20 Jun 2018 21:14:12 GMT"
        ],
        "Pragma": [
          "no-cache"
        ],
        "Location": [
          "https://management.azure.com/subscriptions/1c638cf4-608f-4ee6-b680-c329e824c3a8/operationresults/eyJqb2JJZCI6IlJFU09VUkNFR1JPVVBERUxFVElPTkpPQi1SR1pPTkVENDcwMi1FQVNUVVMyIiwiam9iTG9jYXRpb24iOiJlYXN0dXMyIn0?api-version=2017-05-10"
        ],
        "Retry-After": [
          "15"
        ],
        "x-ms-ratelimit-remaining-subscription-reads": [
          "14997"
        ],
        "x-ms-request-id": [
          "55b19ce4-baaa-44c2-9494-7535bcc54bba"
        ],
        "x-ms-correlation-request-id": [
          "55b19ce4-baaa-44c2-9494-7535bcc54bba"
        ],
        "x-ms-routing-request-id": [
          "WESTUS2:20180620T211413Z:55b19ce4-baaa-44c2-9494-7535bcc54bba"
        ],
        "Strict-Transport-Security": [
          "max-age=31536000; includeSubDomains"
        ],
        "X-Content-Type-Options": [
          "nosniff"
        ]
      },
      "StatusCode": 202
    },
    {
      "RequestUri": "/subscriptions/1c638cf4-608f-4ee6-b680-c329e824c3a8/operationresults/eyJqb2JJZCI6IlJFU09VUkNFR1JPVVBERUxFVElPTkpPQi1SR1pPTkVENDcwMi1FQVNUVVMyIiwiam9iTG9jYXRpb24iOiJlYXN0dXMyIn0?api-version=2017-05-10",
      "EncodedRequestUri": "L3N1YnNjcmlwdGlvbnMvMWM2MzhjZjQtNjA4Zi00ZWU2LWI2ODAtYzMyOWU4MjRjM2E4L29wZXJhdGlvbnJlc3VsdHMvZXlKcWIySkpaQ0k2SWxKRlUwOVZVa05GUjFKUFZWQkVSVXhGVkVsUFRrcFBRaTFTUjFwUFRrVkVORGN3TWkxRlFWTlVWVk15SWl3aWFtOWlURzlqWVhScGIyNGlPaUpsWVhOMGRYTXlJbjA/YXBpLXZlcnNpb249MjAxNy0wNS0xMA==",
      "RequestMethod": "GET",
      "RequestBody": "",
      "RequestHeaders": {
        "User-Agent": [
          "FxVersion/4.6.25211.01",
          "Microsoft.Azure.Management.ResourceManager.Fluent.ResourceManagementClient/1.11.0.0",
          "MacAddressHash/cc0dc995bd7689190d87305dca6418746f27065181fa649f43731fb8fc5f1b10"
        ]
      },
      "ResponseBody": "",
      "ResponseHeaders": {
        "Content-Length": [
          "0"
        ],
        "Expires": [
          "-1"
        ],
        "Cache-Control": [
          "no-cache"
        ],
        "Date": [
          "Wed, 20 Jun 2018 21:14:28 GMT"
        ],
        "Pragma": [
          "no-cache"
        ],
        "Location": [
          "https://management.azure.com/subscriptions/1c638cf4-608f-4ee6-b680-c329e824c3a8/operationresults/eyJqb2JJZCI6IlJFU09VUkNFR1JPVVBERUxFVElPTkpPQi1SR1pPTkVENDcwMi1FQVNUVVMyIiwiam9iTG9jYXRpb24iOiJlYXN0dXMyIn0?api-version=2017-05-10"
        ],
        "Retry-After": [
          "15"
        ],
        "x-ms-ratelimit-remaining-subscription-reads": [
          "14996"
        ],
        "x-ms-request-id": [
          "81e60394-7535-4653-99ff-a833e6b9706d"
        ],
        "x-ms-correlation-request-id": [
          "81e60394-7535-4653-99ff-a833e6b9706d"
        ],
        "x-ms-routing-request-id": [
          "WESTUS2:20180620T211428Z:81e60394-7535-4653-99ff-a833e6b9706d"
        ],
        "Strict-Transport-Security": [
          "max-age=31536000; includeSubDomains"
        ],
        "X-Content-Type-Options": [
          "nosniff"
        ]
      },
      "StatusCode": 202
    },
    {
      "RequestUri": "/subscriptions/1c638cf4-608f-4ee6-b680-c329e824c3a8/operationresults/eyJqb2JJZCI6IlJFU09VUkNFR1JPVVBERUxFVElPTkpPQi1SR1pPTkVENDcwMi1FQVNUVVMyIiwiam9iTG9jYXRpb24iOiJlYXN0dXMyIn0?api-version=2017-05-10",
      "EncodedRequestUri": "L3N1YnNjcmlwdGlvbnMvMWM2MzhjZjQtNjA4Zi00ZWU2LWI2ODAtYzMyOWU4MjRjM2E4L29wZXJhdGlvbnJlc3VsdHMvZXlKcWIySkpaQ0k2SWxKRlUwOVZVa05GUjFKUFZWQkVSVXhGVkVsUFRrcFBRaTFTUjFwUFRrVkVORGN3TWkxRlFWTlVWVk15SWl3aWFtOWlURzlqWVhScGIyNGlPaUpsWVhOMGRYTXlJbjA/YXBpLXZlcnNpb249MjAxNy0wNS0xMA==",
      "RequestMethod": "GET",
      "RequestBody": "",
      "RequestHeaders": {
        "User-Agent": [
          "FxVersion/4.6.25211.01",
          "Microsoft.Azure.Management.ResourceManager.Fluent.ResourceManagementClient/1.11.0.0",
          "MacAddressHash/cc0dc995bd7689190d87305dca6418746f27065181fa649f43731fb8fc5f1b10"
        ]
      },
      "ResponseBody": "",
      "ResponseHeaders": {
        "Content-Length": [
          "0"
        ],
        "Expires": [
          "-1"
        ],
        "Cache-Control": [
          "no-cache"
        ],
        "Date": [
          "Wed, 20 Jun 2018 21:14:43 GMT"
        ],
        "Pragma": [
          "no-cache"
        ],
        "Location": [
          "https://management.azure.com/subscriptions/1c638cf4-608f-4ee6-b680-c329e824c3a8/operationresults/eyJqb2JJZCI6IlJFU09VUkNFR1JPVVBERUxFVElPTkpPQi1SR1pPTkVENDcwMi1FQVNUVVMyIiwiam9iTG9jYXRpb24iOiJlYXN0dXMyIn0?api-version=2017-05-10"
        ],
        "Retry-After": [
          "15"
        ],
        "x-ms-ratelimit-remaining-subscription-reads": [
          "14995"
        ],
        "x-ms-request-id": [
          "43558153-c9b2-4576-98e2-1e938f5ec281"
        ],
        "x-ms-correlation-request-id": [
          "43558153-c9b2-4576-98e2-1e938f5ec281"
        ],
        "x-ms-routing-request-id": [
          "WESTUS2:20180620T211444Z:43558153-c9b2-4576-98e2-1e938f5ec281"
        ],
        "Strict-Transport-Security": [
          "max-age=31536000; includeSubDomains"
        ],
        "X-Content-Type-Options": [
          "nosniff"
        ]
      },
      "StatusCode": 202
    },
    {
      "RequestUri": "/subscriptions/1c638cf4-608f-4ee6-b680-c329e824c3a8/operationresults/eyJqb2JJZCI6IlJFU09VUkNFR1JPVVBERUxFVElPTkpPQi1SR1pPTkVENDcwMi1FQVNUVVMyIiwiam9iTG9jYXRpb24iOiJlYXN0dXMyIn0?api-version=2017-05-10",
      "EncodedRequestUri": "L3N1YnNjcmlwdGlvbnMvMWM2MzhjZjQtNjA4Zi00ZWU2LWI2ODAtYzMyOWU4MjRjM2E4L29wZXJhdGlvbnJlc3VsdHMvZXlKcWIySkpaQ0k2SWxKRlUwOVZVa05GUjFKUFZWQkVSVXhGVkVsUFRrcFBRaTFTUjFwUFRrVkVORGN3TWkxRlFWTlVWVk15SWl3aWFtOWlURzlqWVhScGIyNGlPaUpsWVhOMGRYTXlJbjA/YXBpLXZlcnNpb249MjAxNy0wNS0xMA==",
      "RequestMethod": "GET",
      "RequestBody": "",
      "RequestHeaders": {
        "User-Agent": [
          "FxVersion/4.6.25211.01",
          "Microsoft.Azure.Management.ResourceManager.Fluent.ResourceManagementClient/1.11.0.0",
          "MacAddressHash/cc0dc995bd7689190d87305dca6418746f27065181fa649f43731fb8fc5f1b10"
        ]
      },
      "ResponseBody": "",
      "ResponseHeaders": {
        "Content-Length": [
          "0"
        ],
        "Expires": [
          "-1"
        ],
        "Cache-Control": [
          "no-cache"
        ],
        "Date": [
          "Wed, 20 Jun 2018 21:14:58 GMT"
        ],
        "Pragma": [
          "no-cache"
        ],
        "Location": [
          "https://management.azure.com/subscriptions/1c638cf4-608f-4ee6-b680-c329e824c3a8/operationresults/eyJqb2JJZCI6IlJFU09VUkNFR1JPVVBERUxFVElPTkpPQi1SR1pPTkVENDcwMi1FQVNUVVMyIiwiam9iTG9jYXRpb24iOiJlYXN0dXMyIn0?api-version=2017-05-10"
        ],
        "Retry-After": [
          "15"
        ],
        "x-ms-ratelimit-remaining-subscription-reads": [
          "14994"
        ],
        "x-ms-request-id": [
          "b36039e5-b7f5-4df4-ab91-aba5efb52474"
        ],
        "x-ms-correlation-request-id": [
          "b36039e5-b7f5-4df4-ab91-aba5efb52474"
        ],
        "x-ms-routing-request-id": [
          "WESTUS2:20180620T211459Z:b36039e5-b7f5-4df4-ab91-aba5efb52474"
        ],
        "Strict-Transport-Security": [
          "max-age=31536000; includeSubDomains"
        ],
        "X-Content-Type-Options": [
          "nosniff"
        ]
      },
      "StatusCode": 202
    },
    {
      "RequestUri": "/subscriptions/1c638cf4-608f-4ee6-b680-c329e824c3a8/operationresults/eyJqb2JJZCI6IlJFU09VUkNFR1JPVVBERUxFVElPTkpPQi1SR1pPTkVENDcwMi1FQVNUVVMyIiwiam9iTG9jYXRpb24iOiJlYXN0dXMyIn0?api-version=2017-05-10",
      "EncodedRequestUri": "L3N1YnNjcmlwdGlvbnMvMWM2MzhjZjQtNjA4Zi00ZWU2LWI2ODAtYzMyOWU4MjRjM2E4L29wZXJhdGlvbnJlc3VsdHMvZXlKcWIySkpaQ0k2SWxKRlUwOVZVa05GUjFKUFZWQkVSVXhGVkVsUFRrcFBRaTFTUjFwUFRrVkVORGN3TWkxRlFWTlVWVk15SWl3aWFtOWlURzlqWVhScGIyNGlPaUpsWVhOMGRYTXlJbjA/YXBpLXZlcnNpb249MjAxNy0wNS0xMA==",
      "RequestMethod": "GET",
      "RequestBody": "",
      "RequestHeaders": {
        "User-Agent": [
          "FxVersion/4.6.25211.01",
          "Microsoft.Azure.Management.ResourceManager.Fluent.ResourceManagementClient/1.11.0.0",
          "MacAddressHash/cc0dc995bd7689190d87305dca6418746f27065181fa649f43731fb8fc5f1b10"
        ]
      },
      "ResponseBody": "",
      "ResponseHeaders": {
        "Content-Length": [
          "0"
        ],
        "Expires": [
          "-1"
        ],
        "Cache-Control": [
          "no-cache"
        ],
        "Date": [
          "Wed, 20 Jun 2018 21:15:13 GMT"
        ],
        "Pragma": [
          "no-cache"
        ],
        "Location": [
          "https://management.azure.com/subscriptions/1c638cf4-608f-4ee6-b680-c329e824c3a8/operationresults/eyJqb2JJZCI6IlJFU09VUkNFR1JPVVBERUxFVElPTkpPQi1SR1pPTkVENDcwMi1FQVNUVVMyIiwiam9iTG9jYXRpb24iOiJlYXN0dXMyIn0?api-version=2017-05-10"
        ],
        "Retry-After": [
          "15"
        ],
        "x-ms-ratelimit-remaining-subscription-reads": [
          "14993"
        ],
        "x-ms-request-id": [
          "84c56ffe-94d2-4f1e-8856-92b3d7599dfe"
        ],
        "x-ms-correlation-request-id": [
          "84c56ffe-94d2-4f1e-8856-92b3d7599dfe"
        ],
        "x-ms-routing-request-id": [
          "WESTUS2:20180620T211514Z:84c56ffe-94d2-4f1e-8856-92b3d7599dfe"
        ],
        "Strict-Transport-Security": [
          "max-age=31536000; includeSubDomains"
        ],
        "X-Content-Type-Options": [
          "nosniff"
        ]
      },
      "StatusCode": 202
    },
    {
      "RequestUri": "/subscriptions/1c638cf4-608f-4ee6-b680-c329e824c3a8/operationresults/eyJqb2JJZCI6IlJFU09VUkNFR1JPVVBERUxFVElPTkpPQi1SR1pPTkVENDcwMi1FQVNUVVMyIiwiam9iTG9jYXRpb24iOiJlYXN0dXMyIn0?api-version=2017-05-10",
      "EncodedRequestUri": "L3N1YnNjcmlwdGlvbnMvMWM2MzhjZjQtNjA4Zi00ZWU2LWI2ODAtYzMyOWU4MjRjM2E4L29wZXJhdGlvbnJlc3VsdHMvZXlKcWIySkpaQ0k2SWxKRlUwOVZVa05GUjFKUFZWQkVSVXhGVkVsUFRrcFBRaTFTUjFwUFRrVkVORGN3TWkxRlFWTlVWVk15SWl3aWFtOWlURzlqWVhScGIyNGlPaUpsWVhOMGRYTXlJbjA/YXBpLXZlcnNpb249MjAxNy0wNS0xMA==",
      "RequestMethod": "GET",
      "RequestBody": "",
      "RequestHeaders": {
        "User-Agent": [
          "FxVersion/4.6.25211.01",
          "Microsoft.Azure.Management.ResourceManager.Fluent.ResourceManagementClient/1.11.0.0",
          "MacAddressHash/cc0dc995bd7689190d87305dca6418746f27065181fa649f43731fb8fc5f1b10"
        ]
      },
      "ResponseBody": "",
      "ResponseHeaders": {
        "Content-Length": [
          "0"
        ],
        "Expires": [
          "-1"
        ],
        "Cache-Control": [
          "no-cache"
        ],
        "Date": [
          "Wed, 20 Jun 2018 21:15:29 GMT"
        ],
        "Pragma": [
          "no-cache"
        ],
        "Location": [
          "https://management.azure.com/subscriptions/1c638cf4-608f-4ee6-b680-c329e824c3a8/operationresults/eyJqb2JJZCI6IlJFU09VUkNFR1JPVVBERUxFVElPTkpPQi1SR1pPTkVENDcwMi1FQVNUVVMyIiwiam9iTG9jYXRpb24iOiJlYXN0dXMyIn0?api-version=2017-05-10"
        ],
        "Retry-After": [
          "15"
        ],
        "x-ms-ratelimit-remaining-subscription-reads": [
          "14992"
        ],
        "x-ms-request-id": [
          "8c590939-60db-4fa1-afd9-8ba625730812"
        ],
        "x-ms-correlation-request-id": [
          "8c590939-60db-4fa1-afd9-8ba625730812"
        ],
        "x-ms-routing-request-id": [
          "WESTUS2:20180620T211529Z:8c590939-60db-4fa1-afd9-8ba625730812"
        ],
        "Strict-Transport-Security": [
          "max-age=31536000; includeSubDomains"
        ],
        "X-Content-Type-Options": [
          "nosniff"
        ]
      },
      "StatusCode": 202
    },
    {
      "RequestUri": "/subscriptions/1c638cf4-608f-4ee6-b680-c329e824c3a8/operationresults/eyJqb2JJZCI6IlJFU09VUkNFR1JPVVBERUxFVElPTkpPQi1SR1pPTkVENDcwMi1FQVNUVVMyIiwiam9iTG9jYXRpb24iOiJlYXN0dXMyIn0?api-version=2017-05-10",
      "EncodedRequestUri": "L3N1YnNjcmlwdGlvbnMvMWM2MzhjZjQtNjA4Zi00ZWU2LWI2ODAtYzMyOWU4MjRjM2E4L29wZXJhdGlvbnJlc3VsdHMvZXlKcWIySkpaQ0k2SWxKRlUwOVZVa05GUjFKUFZWQkVSVXhGVkVsUFRrcFBRaTFTUjFwUFRrVkVORGN3TWkxRlFWTlVWVk15SWl3aWFtOWlURzlqWVhScGIyNGlPaUpsWVhOMGRYTXlJbjA/YXBpLXZlcnNpb249MjAxNy0wNS0xMA==",
      "RequestMethod": "GET",
      "RequestBody": "",
      "RequestHeaders": {
        "User-Agent": [
          "FxVersion/4.6.25211.01",
          "Microsoft.Azure.Management.ResourceManager.Fluent.ResourceManagementClient/1.11.0.0",
          "MacAddressHash/cc0dc995bd7689190d87305dca6418746f27065181fa649f43731fb8fc5f1b10"
        ]
      },
      "ResponseBody": "",
      "ResponseHeaders": {
        "Content-Length": [
          "0"
        ],
        "Expires": [
          "-1"
        ],
        "Cache-Control": [
          "no-cache"
        ],
        "Date": [
          "Wed, 20 Jun 2018 21:15:44 GMT"
        ],
        "Pragma": [
          "no-cache"
        ],
        "Location": [
          "https://management.azure.com/subscriptions/1c638cf4-608f-4ee6-b680-c329e824c3a8/operationresults/eyJqb2JJZCI6IlJFU09VUkNFR1JPVVBERUxFVElPTkpPQi1SR1pPTkVENDcwMi1FQVNUVVMyIiwiam9iTG9jYXRpb24iOiJlYXN0dXMyIn0?api-version=2017-05-10"
        ],
        "Retry-After": [
          "15"
        ],
        "x-ms-ratelimit-remaining-subscription-reads": [
          "14991"
        ],
        "x-ms-request-id": [
          "5585e87c-6467-4b0a-9aef-68fac7fbdb64"
        ],
        "x-ms-correlation-request-id": [
          "5585e87c-6467-4b0a-9aef-68fac7fbdb64"
        ],
        "x-ms-routing-request-id": [
          "WESTUS2:20180620T211544Z:5585e87c-6467-4b0a-9aef-68fac7fbdb64"
        ],
        "Strict-Transport-Security": [
          "max-age=31536000; includeSubDomains"
        ],
        "X-Content-Type-Options": [
          "nosniff"
        ]
      },
      "StatusCode": 202
    },
    {
      "RequestUri": "/subscriptions/1c638cf4-608f-4ee6-b680-c329e824c3a8/operationresults/eyJqb2JJZCI6IlJFU09VUkNFR1JPVVBERUxFVElPTkpPQi1SR1pPTkVENDcwMi1FQVNUVVMyIiwiam9iTG9jYXRpb24iOiJlYXN0dXMyIn0?api-version=2017-05-10",
      "EncodedRequestUri": "L3N1YnNjcmlwdGlvbnMvMWM2MzhjZjQtNjA4Zi00ZWU2LWI2ODAtYzMyOWU4MjRjM2E4L29wZXJhdGlvbnJlc3VsdHMvZXlKcWIySkpaQ0k2SWxKRlUwOVZVa05GUjFKUFZWQkVSVXhGVkVsUFRrcFBRaTFTUjFwUFRrVkVORGN3TWkxRlFWTlVWVk15SWl3aWFtOWlURzlqWVhScGIyNGlPaUpsWVhOMGRYTXlJbjA/YXBpLXZlcnNpb249MjAxNy0wNS0xMA==",
      "RequestMethod": "GET",
      "RequestBody": "",
      "RequestHeaders": {
        "User-Agent": [
          "FxVersion/4.6.25211.01",
          "Microsoft.Azure.Management.ResourceManager.Fluent.ResourceManagementClient/1.11.0.0",
          "MacAddressHash/cc0dc995bd7689190d87305dca6418746f27065181fa649f43731fb8fc5f1b10"
        ]
      },
      "ResponseBody": "",
      "ResponseHeaders": {
        "Content-Length": [
          "0"
        ],
        "Expires": [
          "-1"
        ],
        "Cache-Control": [
          "no-cache"
        ],
        "Date": [
          "Wed, 20 Jun 2018 21:15:59 GMT"
        ],
        "Pragma": [
          "no-cache"
        ],
        "Location": [
          "https://management.azure.com/subscriptions/1c638cf4-608f-4ee6-b680-c329e824c3a8/operationresults/eyJqb2JJZCI6IlJFU09VUkNFR1JPVVBERUxFVElPTkpPQi1SR1pPTkVENDcwMi1FQVNUVVMyIiwiam9iTG9jYXRpb24iOiJlYXN0dXMyIn0?api-version=2017-05-10"
        ],
        "Retry-After": [
          "15"
        ],
        "x-ms-ratelimit-remaining-subscription-reads": [
          "14990"
        ],
        "x-ms-request-id": [
          "b63d6e90-52a2-40c8-84c9-951122de9d75"
        ],
        "x-ms-correlation-request-id": [
          "b63d6e90-52a2-40c8-84c9-951122de9d75"
        ],
        "x-ms-routing-request-id": [
          "WESTUS2:20180620T211559Z:b63d6e90-52a2-40c8-84c9-951122de9d75"
        ],
        "Strict-Transport-Security": [
          "max-age=31536000; includeSubDomains"
        ],
        "X-Content-Type-Options": [
          "nosniff"
        ]
      },
      "StatusCode": 202
    },
    {
      "RequestUri": "/subscriptions/1c638cf4-608f-4ee6-b680-c329e824c3a8/operationresults/eyJqb2JJZCI6IlJFU09VUkNFR1JPVVBERUxFVElPTkpPQi1SR1pPTkVENDcwMi1FQVNUVVMyIiwiam9iTG9jYXRpb24iOiJlYXN0dXMyIn0?api-version=2017-05-10",
      "EncodedRequestUri": "L3N1YnNjcmlwdGlvbnMvMWM2MzhjZjQtNjA4Zi00ZWU2LWI2ODAtYzMyOWU4MjRjM2E4L29wZXJhdGlvbnJlc3VsdHMvZXlKcWIySkpaQ0k2SWxKRlUwOVZVa05GUjFKUFZWQkVSVXhGVkVsUFRrcFBRaTFTUjFwUFRrVkVORGN3TWkxRlFWTlVWVk15SWl3aWFtOWlURzlqWVhScGIyNGlPaUpsWVhOMGRYTXlJbjA/YXBpLXZlcnNpb249MjAxNy0wNS0xMA==",
      "RequestMethod": "GET",
      "RequestBody": "",
      "RequestHeaders": {
        "User-Agent": [
          "FxVersion/4.6.25211.01",
          "Microsoft.Azure.Management.ResourceManager.Fluent.ResourceManagementClient/1.11.0.0",
          "MacAddressHash/cc0dc995bd7689190d87305dca6418746f27065181fa649f43731fb8fc5f1b10"
        ]
      },
      "ResponseBody": "",
      "ResponseHeaders": {
        "Content-Length": [
          "0"
        ],
        "Expires": [
          "-1"
        ],
        "Cache-Control": [
          "no-cache"
        ],
        "Date": [
          "Wed, 20 Jun 2018 21:16:15 GMT"
        ],
        "Pragma": [
          "no-cache"
        ],
        "Location": [
          "https://management.azure.com/subscriptions/1c638cf4-608f-4ee6-b680-c329e824c3a8/operationresults/eyJqb2JJZCI6IlJFU09VUkNFR1JPVVBERUxFVElPTkpPQi1SR1pPTkVENDcwMi1FQVNUVVMyIiwiam9iTG9jYXRpb24iOiJlYXN0dXMyIn0?api-version=2017-05-10"
        ],
        "Retry-After": [
          "15"
        ],
        "x-ms-ratelimit-remaining-subscription-reads": [
          "14989"
        ],
        "x-ms-request-id": [
          "4a047aa4-5fd7-4472-bb6d-b25451241d68"
        ],
        "x-ms-correlation-request-id": [
          "4a047aa4-5fd7-4472-bb6d-b25451241d68"
        ],
        "x-ms-routing-request-id": [
          "WESTUS2:20180620T211615Z:4a047aa4-5fd7-4472-bb6d-b25451241d68"
        ],
        "Strict-Transport-Security": [
          "max-age=31536000; includeSubDomains"
        ],
        "X-Content-Type-Options": [
          "nosniff"
        ]
      },
      "StatusCode": 202
    },
    {
      "RequestUri": "/subscriptions/1c638cf4-608f-4ee6-b680-c329e824c3a8/operationresults/eyJqb2JJZCI6IlJFU09VUkNFR1JPVVBERUxFVElPTkpPQi1SR1pPTkVENDcwMi1FQVNUVVMyIiwiam9iTG9jYXRpb24iOiJlYXN0dXMyIn0?api-version=2017-05-10",
      "EncodedRequestUri": "L3N1YnNjcmlwdGlvbnMvMWM2MzhjZjQtNjA4Zi00ZWU2LWI2ODAtYzMyOWU4MjRjM2E4L29wZXJhdGlvbnJlc3VsdHMvZXlKcWIySkpaQ0k2SWxKRlUwOVZVa05GUjFKUFZWQkVSVXhGVkVsUFRrcFBRaTFTUjFwUFRrVkVORGN3TWkxRlFWTlVWVk15SWl3aWFtOWlURzlqWVhScGIyNGlPaUpsWVhOMGRYTXlJbjA/YXBpLXZlcnNpb249MjAxNy0wNS0xMA==",
      "RequestMethod": "GET",
      "RequestBody": "",
      "RequestHeaders": {
        "User-Agent": [
          "FxVersion/4.6.25211.01",
          "Microsoft.Azure.Management.ResourceManager.Fluent.ResourceManagementClient/1.11.0.0",
          "MacAddressHash/cc0dc995bd7689190d87305dca6418746f27065181fa649f43731fb8fc5f1b10"
        ]
      },
      "ResponseBody": "",
      "ResponseHeaders": {
        "Content-Length": [
          "0"
        ],
        "Expires": [
          "-1"
        ],
        "Cache-Control": [
          "no-cache"
        ],
        "Date": [
          "Wed, 20 Jun 2018 21:16:30 GMT"
        ],
        "Pragma": [
          "no-cache"
        ],
        "Location": [
          "https://management.azure.com/subscriptions/1c638cf4-608f-4ee6-b680-c329e824c3a8/operationresults/eyJqb2JJZCI6IlJFU09VUkNFR1JPVVBERUxFVElPTkpPQi1SR1pPTkVENDcwMi1FQVNUVVMyIiwiam9iTG9jYXRpb24iOiJlYXN0dXMyIn0?api-version=2017-05-10"
        ],
        "Retry-After": [
          "15"
        ],
        "x-ms-ratelimit-remaining-subscription-reads": [
          "14988"
        ],
        "x-ms-request-id": [
          "71473351-576e-4dfa-b9d0-6087d6e61a42"
        ],
        "x-ms-correlation-request-id": [
          "71473351-576e-4dfa-b9d0-6087d6e61a42"
        ],
        "x-ms-routing-request-id": [
          "WESTUS2:20180620T211630Z:71473351-576e-4dfa-b9d0-6087d6e61a42"
        ],
        "Strict-Transport-Security": [
          "max-age=31536000; includeSubDomains"
        ],
        "X-Content-Type-Options": [
          "nosniff"
        ]
      },
      "StatusCode": 202
    },
    {
      "RequestUri": "/subscriptions/1c638cf4-608f-4ee6-b680-c329e824c3a8/operationresults/eyJqb2JJZCI6IlJFU09VUkNFR1JPVVBERUxFVElPTkpPQi1SR1pPTkVENDcwMi1FQVNUVVMyIiwiam9iTG9jYXRpb24iOiJlYXN0dXMyIn0?api-version=2017-05-10",
      "EncodedRequestUri": "L3N1YnNjcmlwdGlvbnMvMWM2MzhjZjQtNjA4Zi00ZWU2LWI2ODAtYzMyOWU4MjRjM2E4L29wZXJhdGlvbnJlc3VsdHMvZXlKcWIySkpaQ0k2SWxKRlUwOVZVa05GUjFKUFZWQkVSVXhGVkVsUFRrcFBRaTFTUjFwUFRrVkVORGN3TWkxRlFWTlVWVk15SWl3aWFtOWlURzlqWVhScGIyNGlPaUpsWVhOMGRYTXlJbjA/YXBpLXZlcnNpb249MjAxNy0wNS0xMA==",
      "RequestMethod": "GET",
      "RequestBody": "",
      "RequestHeaders": {
        "User-Agent": [
          "FxVersion/4.6.25211.01",
          "Microsoft.Azure.Management.ResourceManager.Fluent.ResourceManagementClient/1.11.0.0",
          "MacAddressHash/cc0dc995bd7689190d87305dca6418746f27065181fa649f43731fb8fc5f1b10"
        ]
      },
      "ResponseBody": "",
      "ResponseHeaders": {
        "Content-Length": [
          "0"
        ],
        "Expires": [
          "-1"
        ],
        "Cache-Control": [
          "no-cache"
        ],
        "Date": [
          "Wed, 20 Jun 2018 21:16:44 GMT"
        ],
        "Pragma": [
          "no-cache"
        ],
        "Location": [
          "https://management.azure.com/subscriptions/1c638cf4-608f-4ee6-b680-c329e824c3a8/operationresults/eyJqb2JJZCI6IlJFU09VUkNFR1JPVVBERUxFVElPTkpPQi1SR1pPTkVENDcwMi1FQVNUVVMyIiwiam9iTG9jYXRpb24iOiJlYXN0dXMyIn0?api-version=2017-05-10"
        ],
        "Retry-After": [
          "15"
        ],
        "x-ms-ratelimit-remaining-subscription-reads": [
          "14987"
        ],
        "x-ms-request-id": [
          "aea3335e-2b57-4226-921b-28f29d3a8dab"
        ],
        "x-ms-correlation-request-id": [
          "aea3335e-2b57-4226-921b-28f29d3a8dab"
        ],
        "x-ms-routing-request-id": [
          "WESTUS2:20180620T211645Z:aea3335e-2b57-4226-921b-28f29d3a8dab"
        ],
        "Strict-Transport-Security": [
          "max-age=31536000; includeSubDomains"
        ],
        "X-Content-Type-Options": [
          "nosniff"
        ]
      },
      "StatusCode": 202
    },
    {
      "RequestUri": "/subscriptions/1c638cf4-608f-4ee6-b680-c329e824c3a8/operationresults/eyJqb2JJZCI6IlJFU09VUkNFR1JPVVBERUxFVElPTkpPQi1SR1pPTkVENDcwMi1FQVNUVVMyIiwiam9iTG9jYXRpb24iOiJlYXN0dXMyIn0?api-version=2017-05-10",
      "EncodedRequestUri": "L3N1YnNjcmlwdGlvbnMvMWM2MzhjZjQtNjA4Zi00ZWU2LWI2ODAtYzMyOWU4MjRjM2E4L29wZXJhdGlvbnJlc3VsdHMvZXlKcWIySkpaQ0k2SWxKRlUwOVZVa05GUjFKUFZWQkVSVXhGVkVsUFRrcFBRaTFTUjFwUFRrVkVORGN3TWkxRlFWTlVWVk15SWl3aWFtOWlURzlqWVhScGIyNGlPaUpsWVhOMGRYTXlJbjA/YXBpLXZlcnNpb249MjAxNy0wNS0xMA==",
      "RequestMethod": "GET",
      "RequestBody": "",
      "RequestHeaders": {
        "User-Agent": [
          "FxVersion/4.6.25211.01",
          "Microsoft.Azure.Management.ResourceManager.Fluent.ResourceManagementClient/1.11.0.0",
          "MacAddressHash/cc0dc995bd7689190d87305dca6418746f27065181fa649f43731fb8fc5f1b10"
        ]
      },
      "ResponseBody": "",
      "ResponseHeaders": {
        "Content-Length": [
          "0"
        ],
        "Expires": [
          "-1"
        ],
        "Cache-Control": [
          "no-cache"
        ],
        "Date": [
          "Wed, 20 Jun 2018 21:17:00 GMT"
        ],
        "Pragma": [
          "no-cache"
        ],
        "Location": [
          "https://management.azure.com/subscriptions/1c638cf4-608f-4ee6-b680-c329e824c3a8/operationresults/eyJqb2JJZCI6IlJFU09VUkNFR1JPVVBERUxFVElPTkpPQi1SR1pPTkVENDcwMi1FQVNUVVMyIiwiam9iTG9jYXRpb24iOiJlYXN0dXMyIn0?api-version=2017-05-10"
        ],
        "Retry-After": [
          "15"
        ],
        "x-ms-ratelimit-remaining-subscription-reads": [
          "14986"
        ],
        "x-ms-request-id": [
          "03312f11-95b0-4d18-a78a-22bb768a064e"
        ],
        "x-ms-correlation-request-id": [
          "03312f11-95b0-4d18-a78a-22bb768a064e"
        ],
        "x-ms-routing-request-id": [
          "WESTUS2:20180620T211700Z:03312f11-95b0-4d18-a78a-22bb768a064e"
        ],
        "Strict-Transport-Security": [
          "max-age=31536000; includeSubDomains"
        ],
        "X-Content-Type-Options": [
          "nosniff"
        ]
      },
      "StatusCode": 202
    },
    {
      "RequestUri": "/subscriptions/1c638cf4-608f-4ee6-b680-c329e824c3a8/operationresults/eyJqb2JJZCI6IlJFU09VUkNFR1JPVVBERUxFVElPTkpPQi1SR1pPTkVENDcwMi1FQVNUVVMyIiwiam9iTG9jYXRpb24iOiJlYXN0dXMyIn0?api-version=2017-05-10",
      "EncodedRequestUri": "L3N1YnNjcmlwdGlvbnMvMWM2MzhjZjQtNjA4Zi00ZWU2LWI2ODAtYzMyOWU4MjRjM2E4L29wZXJhdGlvbnJlc3VsdHMvZXlKcWIySkpaQ0k2SWxKRlUwOVZVa05GUjFKUFZWQkVSVXhGVkVsUFRrcFBRaTFTUjFwUFRrVkVORGN3TWkxRlFWTlVWVk15SWl3aWFtOWlURzlqWVhScGIyNGlPaUpsWVhOMGRYTXlJbjA/YXBpLXZlcnNpb249MjAxNy0wNS0xMA==",
      "RequestMethod": "GET",
      "RequestBody": "",
      "RequestHeaders": {
        "User-Agent": [
          "FxVersion/4.6.25211.01",
          "Microsoft.Azure.Management.ResourceManager.Fluent.ResourceManagementClient/1.11.0.0",
          "MacAddressHash/cc0dc995bd7689190d87305dca6418746f27065181fa649f43731fb8fc5f1b10"
        ]
      },
      "ResponseBody": "",
      "ResponseHeaders": {
        "Content-Length": [
          "0"
        ],
        "Expires": [
          "-1"
        ],
        "Cache-Control": [
          "no-cache"
        ],
        "Date": [
          "Wed, 20 Jun 2018 21:17:15 GMT"
        ],
        "Pragma": [
          "no-cache"
        ],
        "Location": [
          "https://management.azure.com/subscriptions/1c638cf4-608f-4ee6-b680-c329e824c3a8/operationresults/eyJqb2JJZCI6IlJFU09VUkNFR1JPVVBERUxFVElPTkpPQi1SR1pPTkVENDcwMi1FQVNUVVMyIiwiam9iTG9jYXRpb24iOiJlYXN0dXMyIn0?api-version=2017-05-10"
        ],
        "Retry-After": [
          "15"
        ],
        "x-ms-ratelimit-remaining-subscription-reads": [
          "14985"
        ],
        "x-ms-request-id": [
          "81eccef1-81b1-4f51-9097-715ceea993c3"
        ],
        "x-ms-correlation-request-id": [
          "81eccef1-81b1-4f51-9097-715ceea993c3"
        ],
        "x-ms-routing-request-id": [
          "WESTUS2:20180620T211715Z:81eccef1-81b1-4f51-9097-715ceea993c3"
        ],
        "Strict-Transport-Security": [
          "max-age=31536000; includeSubDomains"
        ],
        "X-Content-Type-Options": [
          "nosniff"
        ]
      },
      "StatusCode": 202
    },
    {
      "RequestUri": "/subscriptions/1c638cf4-608f-4ee6-b680-c329e824c3a8/operationresults/eyJqb2JJZCI6IlJFU09VUkNFR1JPVVBERUxFVElPTkpPQi1SR1pPTkVENDcwMi1FQVNUVVMyIiwiam9iTG9jYXRpb24iOiJlYXN0dXMyIn0?api-version=2017-05-10",
      "EncodedRequestUri": "L3N1YnNjcmlwdGlvbnMvMWM2MzhjZjQtNjA4Zi00ZWU2LWI2ODAtYzMyOWU4MjRjM2E4L29wZXJhdGlvbnJlc3VsdHMvZXlKcWIySkpaQ0k2SWxKRlUwOVZVa05GUjFKUFZWQkVSVXhGVkVsUFRrcFBRaTFTUjFwUFRrVkVORGN3TWkxRlFWTlVWVk15SWl3aWFtOWlURzlqWVhScGIyNGlPaUpsWVhOMGRYTXlJbjA/YXBpLXZlcnNpb249MjAxNy0wNS0xMA==",
      "RequestMethod": "GET",
      "RequestBody": "",
      "RequestHeaders": {
        "User-Agent": [
          "FxVersion/4.6.25211.01",
          "Microsoft.Azure.Management.ResourceManager.Fluent.ResourceManagementClient/1.11.0.0",
          "MacAddressHash/cc0dc995bd7689190d87305dca6418746f27065181fa649f43731fb8fc5f1b10"
        ]
      },
      "ResponseBody": "",
      "ResponseHeaders": {
        "Content-Length": [
          "0"
        ],
        "Expires": [
          "-1"
        ],
        "Cache-Control": [
          "no-cache"
        ],
        "Date": [
          "Wed, 20 Jun 2018 21:17:30 GMT"
        ],
        "Pragma": [
          "no-cache"
        ],
        "Location": [
          "https://management.azure.com/subscriptions/1c638cf4-608f-4ee6-b680-c329e824c3a8/operationresults/eyJqb2JJZCI6IlJFU09VUkNFR1JPVVBERUxFVElPTkpPQi1SR1pPTkVENDcwMi1FQVNUVVMyIiwiam9iTG9jYXRpb24iOiJlYXN0dXMyIn0?api-version=2017-05-10"
        ],
        "Retry-After": [
          "15"
        ],
        "x-ms-ratelimit-remaining-subscription-reads": [
          "14984"
        ],
        "x-ms-request-id": [
          "c46a02b9-88ef-4920-9805-a7f3aac773ba"
        ],
        "x-ms-correlation-request-id": [
          "c46a02b9-88ef-4920-9805-a7f3aac773ba"
        ],
        "x-ms-routing-request-id": [
          "WESTUS2:20180620T211731Z:c46a02b9-88ef-4920-9805-a7f3aac773ba"
        ],
        "Strict-Transport-Security": [
          "max-age=31536000; includeSubDomains"
        ],
        "X-Content-Type-Options": [
          "nosniff"
        ]
      },
      "StatusCode": 202
    },
    {
      "RequestUri": "/subscriptions/1c638cf4-608f-4ee6-b680-c329e824c3a8/operationresults/eyJqb2JJZCI6IlJFU09VUkNFR1JPVVBERUxFVElPTkpPQi1SR1pPTkVENDcwMi1FQVNUVVMyIiwiam9iTG9jYXRpb24iOiJlYXN0dXMyIn0?api-version=2017-05-10",
      "EncodedRequestUri": "L3N1YnNjcmlwdGlvbnMvMWM2MzhjZjQtNjA4Zi00ZWU2LWI2ODAtYzMyOWU4MjRjM2E4L29wZXJhdGlvbnJlc3VsdHMvZXlKcWIySkpaQ0k2SWxKRlUwOVZVa05GUjFKUFZWQkVSVXhGVkVsUFRrcFBRaTFTUjFwUFRrVkVORGN3TWkxRlFWTlVWVk15SWl3aWFtOWlURzlqWVhScGIyNGlPaUpsWVhOMGRYTXlJbjA/YXBpLXZlcnNpb249MjAxNy0wNS0xMA==",
      "RequestMethod": "GET",
      "RequestBody": "",
      "RequestHeaders": {
        "User-Agent": [
          "FxVersion/4.6.25211.01",
          "Microsoft.Azure.Management.ResourceManager.Fluent.ResourceManagementClient/1.11.0.0",
          "MacAddressHash/cc0dc995bd7689190d87305dca6418746f27065181fa649f43731fb8fc5f1b10"
        ]
      },
      "ResponseBody": "",
      "ResponseHeaders": {
        "Content-Length": [
          "0"
        ],
        "Expires": [
          "-1"
        ],
        "Cache-Control": [
          "no-cache"
        ],
        "Date": [
          "Wed, 20 Jun 2018 21:17:46 GMT"
        ],
        "Pragma": [
          "no-cache"
        ],
        "Location": [
          "https://management.azure.com/subscriptions/1c638cf4-608f-4ee6-b680-c329e824c3a8/operationresults/eyJqb2JJZCI6IlJFU09VUkNFR1JPVVBERUxFVElPTkpPQi1SR1pPTkVENDcwMi1FQVNUVVMyIiwiam9iTG9jYXRpb24iOiJlYXN0dXMyIn0?api-version=2017-05-10"
        ],
        "Retry-After": [
          "15"
        ],
        "x-ms-ratelimit-remaining-subscription-reads": [
          "14983"
        ],
        "x-ms-request-id": [
          "10ac656b-aa99-437b-96c4-a9c302b5181e"
        ],
        "x-ms-correlation-request-id": [
          "10ac656b-aa99-437b-96c4-a9c302b5181e"
        ],
        "x-ms-routing-request-id": [
          "WESTUS2:20180620T211746Z:10ac656b-aa99-437b-96c4-a9c302b5181e"
        ],
        "Strict-Transport-Security": [
          "max-age=31536000; includeSubDomains"
        ],
        "X-Content-Type-Options": [
          "nosniff"
        ]
      },
      "StatusCode": 202
    },
    {
      "RequestUri": "/subscriptions/1c638cf4-608f-4ee6-b680-c329e824c3a8/operationresults/eyJqb2JJZCI6IlJFU09VUkNFR1JPVVBERUxFVElPTkpPQi1SR1pPTkVENDcwMi1FQVNUVVMyIiwiam9iTG9jYXRpb24iOiJlYXN0dXMyIn0?api-version=2017-05-10",
      "EncodedRequestUri": "L3N1YnNjcmlwdGlvbnMvMWM2MzhjZjQtNjA4Zi00ZWU2LWI2ODAtYzMyOWU4MjRjM2E4L29wZXJhdGlvbnJlc3VsdHMvZXlKcWIySkpaQ0k2SWxKRlUwOVZVa05GUjFKUFZWQkVSVXhGVkVsUFRrcFBRaTFTUjFwUFRrVkVORGN3TWkxRlFWTlVWVk15SWl3aWFtOWlURzlqWVhScGIyNGlPaUpsWVhOMGRYTXlJbjA/YXBpLXZlcnNpb249MjAxNy0wNS0xMA==",
      "RequestMethod": "GET",
      "RequestBody": "",
      "RequestHeaders": {
        "User-Agent": [
          "FxVersion/4.6.25211.01",
          "Microsoft.Azure.Management.ResourceManager.Fluent.ResourceManagementClient/1.11.0.0",
          "MacAddressHash/cc0dc995bd7689190d87305dca6418746f27065181fa649f43731fb8fc5f1b10"
        ]
      },
      "ResponseBody": "",
      "ResponseHeaders": {
        "Content-Length": [
          "0"
        ],
        "Expires": [
          "-1"
        ],
        "Cache-Control": [
          "no-cache"
        ],
        "Date": [
          "Wed, 20 Jun 2018 21:18:01 GMT"
        ],
        "Pragma": [
          "no-cache"
        ],
        "x-ms-ratelimit-remaining-subscription-reads": [
          "14982"
        ],
        "x-ms-request-id": [
          "5dbe5e21-09a7-40b3-a36d-2d5efc5cd082"
        ],
        "x-ms-correlation-request-id": [
          "5dbe5e21-09a7-40b3-a36d-2d5efc5cd082"
        ],
        "x-ms-routing-request-id": [
          "WESTUS2:20180620T211801Z:5dbe5e21-09a7-40b3-a36d-2d5efc5cd082"
        ],
        "Strict-Transport-Security": [
          "max-age=31536000; includeSubDomains"
        ],
        "X-Content-Type-Options": [
          "nosniff"
        ]
      },
      "StatusCode": 200
    }
  ],
  "Names": {
    "CanCreateZonedVMWithZoneResilientPublicIP": [
      "rgzoned4702",
      "pip6988",
      "nicjavavm46f877154",
      "vnet06695561105f"
    ]
  },
  "Variables": {
    "ServicePrincipal": "6ffb9e60-5c90-4acb-9701-16d6147f83e7",
    "AADTenant": "72f988bf-86f1-41af-91ab-2d7cd011db47",
    "SubscriptionId": "1c638cf4-608f-4ee6-b680-c329e824c3a8"
  }
}