{
  "Entries": [
    {
      "RequestUri": "/subscriptions/0b1f6471-1bf0-4dda-aec3-cb9272f09590/resourcegroups/javacsmrg8746?api-version=2016-02-01",
      "EncodedRequestUri": "L3N1YnNjcmlwdGlvbnMvMGIxZjY0NzEtMWJmMC00ZGRhLWFlYzMtY2I5MjcyZjA5NTkwL3Jlc291cmNlZ3JvdXBzL2phdmFjc21yZzg3NDY/YXBpLXZlcnNpb249MjAxNi0wMi0wMQ==",
      "RequestMethod": "PUT",
      "RequestBody": "{\r\n  \"location\": \"westus\"\r\n}",
      "RequestHeaders": {
        "Content-Type": [
          "application/json; charset=utf-8"
        ],
        "Content-Length": [
          "28"
        ],
        "x-ms-client-request-id": [
          "1b1f0897-4d77-4dd7-a3f8-364ea241b6df"
        ],
        "accept-language": [
          "en-US"
        ],
        "User-Agent": [
          "FxVersion/4.6.25211.01",
          "Microsoft.Azure.Management.ResourceManager.Fluent.ResourceManagementClient/1.4.1.0",
          "MacAddressHash/8aacf6245de346f347b0601b2da7a93ac9072c00fb7b723a469bc615c87f34d2"
        ]
      },
      "ResponseBody": "{\r\n  \"id\": \"/subscriptions/0b1f6471-1bf0-4dda-aec3-cb9272f09590/resourceGroups/javacsmrg8746\",\r\n  \"name\": \"javacsmrg8746\",\r\n  \"location\": \"westus\",\r\n  \"properties\": {\r\n    \"provisioningState\": \"Succeeded\"\r\n  }\r\n}",
      "ResponseHeaders": {
        "Content-Length": [
          "179"
        ],
        "Content-Type": [
          "application/json; charset=utf-8"
        ],
        "Expires": [
          "-1"
        ],
        "Cache-Control": [
          "no-cache"
        ],
        "Date": [
          "Wed, 10 Jan 2018 00:52:38 GMT"
        ],
        "Pragma": [
          "no-cache"
        ],
        "x-ms-ratelimit-remaining-subscription-writes": [
          "1193"
        ],
        "x-ms-request-id": [
          "1c1ec7f9-fbde-41e1-9cd6-0e3c78146c44"
        ],
        "x-ms-correlation-request-id": [
          "1c1ec7f9-fbde-41e1-9cd6-0e3c78146c44"
        ],
        "x-ms-routing-request-id": [
          "WESTUS2:20180110T005238Z:1c1ec7f9-fbde-41e1-9cd6-0e3c78146c44"
        ],
        "Strict-Transport-Security": [
          "max-age=31536000; includeSubDomains"
        ]
      },
      "StatusCode": 201
    },
    {
      "RequestUri": "/subscriptions/0b1f6471-1bf0-4dda-aec3-cb9272f09590/resourceGroups/javacsmrg8746/providers/Microsoft.Web/serverfarms/java-webapp-2308plane9b4807117?api-version=2016-09-01",
      "EncodedRequestUri": "L3N1YnNjcmlwdGlvbnMvMGIxZjY0NzEtMWJmMC00ZGRhLWFlYzMtY2I5MjcyZjA5NTkwL3Jlc291cmNlR3JvdXBzL2phdmFjc21yZzg3NDYvcHJvdmlkZXJzL01pY3Jvc29mdC5XZWIvc2VydmVyZmFybXMvamF2YS13ZWJhcHAtMjMwOHBsYW5lOWI0ODA3MTE3P2FwaS12ZXJzaW9uPTIwMTYtMDktMDE=",
      "RequestMethod": "PUT",
      "RequestBody": "{\r\n  \"kind\": \"linux\",\r\n  \"properties\": {\r\n    \"reserved\": true\r\n  },\r\n  \"sku\": {\r\n    \"name\": \"B1\",\r\n    \"tier\": \"Basic\",\r\n    \"size\": \"B1\"\r\n  },\r\n  \"location\": \"westus\",\r\n  \"tags\": {}\r\n}",
      "RequestHeaders": {
        "Content-Type": [
          "application/json; charset=utf-8"
        ],
        "Content-Length": [
          "187"
        ],
        "x-ms-client-request-id": [
          "8fec64f7-238b-483f-832c-3fac849be1c3"
        ],
        "accept-language": [
          "en-US"
        ],
        "User-Agent": [
          "FxVersion/4.6.25211.01",
          "Microsoft.Azure.Management.AppService.Fluent.WebSiteManagementClient/1.4.1.0",
          "MacAddressHash/8aacf6245de346f347b0601b2da7a93ac9072c00fb7b723a469bc615c87f34d2"
        ]
      },
      "ResponseBody": "{\r\n  \"id\": \"/subscriptions/0b1f6471-1bf0-4dda-aec3-cb9272f09590/resourceGroups/javacsmrg8746/providers/Microsoft.Web/serverfarms/java-webapp-2308plane9b4807117\",\r\n  \"name\": \"java-webapp-2308plane9b4807117\",\r\n  \"type\": \"Microsoft.Web/serverfarms\",\r\n  \"kind\": \"linux\",\r\n  \"location\": \"West US\",\r\n  \"tags\": {},\r\n  \"properties\": {\r\n    \"serverFarmId\": 0,\r\n    \"name\": \"java-webapp-2308plane9b4807117\",\r\n    \"workerSize\": \"Default\",\r\n    \"workerSizeId\": 0,\r\n    \"workerTierName\": null,\r\n    \"numberOfWorkers\": 1,\r\n    \"currentWorkerSize\": \"Default\",\r\n    \"currentWorkerSizeId\": 0,\r\n    \"currentNumberOfWorkers\": 1,\r\n    \"status\": \"Ready\",\r\n    \"webSpace\": \"javacsmrg8746-WestUSwebspace\",\r\n    \"subscription\": \"0b1f6471-1bf0-4dda-aec3-cb9272f09590\",\r\n    \"adminSiteName\": null,\r\n    \"hostingEnvironment\": null,\r\n    \"hostingEnvironmentProfile\": null,\r\n    \"maximumNumberOfWorkers\": 3,\r\n    \"planName\": \"VirtualDedicatedPlan\",\r\n    \"adminRuntimeSiteName\": null,\r\n    \"computeMode\": \"Shared\",\r\n    \"siteMode\": null,\r\n    \"geoRegion\": \"West US\",\r\n    \"perSiteScaling\": false,\r\n    \"numberOfSites\": 0,\r\n    \"hostingEnvironmentId\": null,\r\n    \"isSpot\": false,\r\n    \"spotExpirationTime\": null,\r\n    \"tags\": {},\r\n    \"kind\": \"linux\",\r\n    \"resourceGroup\": \"javacsmrg8746\",\r\n    \"reserved\": true,\r\n    \"mdmId\": \"waws-prod-bay-063_12625\",\r\n    \"targetWorkerCount\": 0,\r\n    \"targetWorkerSizeId\": 0,\r\n    \"provisioningState\": \"Succeeded\"\r\n  },\r\n  \"sku\": {\r\n    \"name\": \"B1\",\r\n    \"tier\": \"Basic\",\r\n    \"size\": \"B1\",\r\n    \"family\": \"B\",\r\n    \"capacity\": 1\r\n  }\r\n}",
      "ResponseHeaders": {
        "Content-Type": [
          "application/json"
        ],
        "Expires": [
          "-1"
        ],
        "Cache-Control": [
          "no-cache"
        ],
        "Date": [
          "Wed, 10 Jan 2018 00:52:53 GMT"
        ],
        "Pragma": [
          "no-cache"
        ],
        "Transfer-Encoding": [
          "chunked"
        ],
        "Server": [
          "Microsoft-IIS/10.0"
        ],
        "Vary": [
          "Accept-Encoding"
        ],
        "Strict-Transport-Security": [
          "max-age=31536000; includeSubDomains"
        ],
        "x-ms-request-id": [
          "d086438a-323a-4a4b-8342-c844ff17627e"
        ],
        "X-AspNet-Version": [
          "4.0.30319"
        ],
        "X-Powered-By": [
          "ASP.NET"
        ],
        "x-ms-ratelimit-remaining-subscription-writes": [
          "1192"
        ],
        "x-ms-correlation-request-id": [
          "0e0ffdda-4658-4f4b-816c-cd844c88aa03"
        ],
        "x-ms-routing-request-id": [
          "WESTUS2:20180110T005254Z:0e0ffdda-4658-4f4b-816c-cd844c88aa03"
        ]
      },
      "StatusCode": 200
    },
    {
      "RequestUri": "/subscriptions/0b1f6471-1bf0-4dda-aec3-cb9272f09590/resourceGroups/javacsmrg8746/providers/Microsoft.Web/sites/java-webapp-2308?api-version=2016-08-01",
      "EncodedRequestUri": "L3N1YnNjcmlwdGlvbnMvMGIxZjY0NzEtMWJmMC00ZGRhLWFlYzMtY2I5MjcyZjA5NTkwL3Jlc291cmNlR3JvdXBzL2phdmFjc21yZzg3NDYvcHJvdmlkZXJzL01pY3Jvc29mdC5XZWIvc2l0ZXMvamF2YS13ZWJhcHAtMjMwOD9hcGktdmVyc2lvbj0yMDE2LTA4LTAx",
      "RequestMethod": "PUT",
      "RequestBody": "{\r\n  \"kind\": \"app,linux\",\r\n  \"properties\": {\r\n    \"serverFarmId\": \"/subscriptions/0b1f6471-1bf0-4dda-aec3-cb9272f09590/resourcegroups/javacsmrg8746/providers/Microsoft.Web/serverFarms/java-webapp-2308plane9b4807117\",\r\n    \"reserved\": true,\r\n    \"siteConfig\": {}\r\n  },\r\n  \"location\": \"westus\",\r\n  \"tags\": {}\r\n}",
      "RequestHeaders": {
        "Content-Type": [
          "application/json; charset=utf-8"
        ],
        "Content-Length": [
          "309"
        ],
        "x-ms-client-request-id": [
          "83f436d6-d8fd-42b2-9e76-b3054c4370a8"
        ],
        "accept-language": [
          "en-US"
        ],
        "User-Agent": [
          "FxVersion/4.6.25211.01",
          "Microsoft.Azure.Management.AppService.Fluent.WebSiteManagementClient/1.4.1.0",
          "MacAddressHash/8aacf6245de346f347b0601b2da7a93ac9072c00fb7b723a469bc615c87f34d2"
        ]
      },
      "ResponseBody": "{\r\n  \"id\": \"/subscriptions/0b1f6471-1bf0-4dda-aec3-cb9272f09590/resourceGroups/javacsmrg8746/providers/Microsoft.Web/sites/java-webapp-2308\",\r\n  \"name\": \"java-webapp-2308\",\r\n  \"type\": \"Microsoft.Web/sites\",\r\n  \"kind\": \"app,linux\",\r\n  \"location\": \"westus\",\r\n  \"tags\": {},\r\n  \"properties\": {\r\n    \"name\": \"java-webapp-2308\",\r\n    \"state\": \"Running\",\r\n    \"hostNames\": [\r\n      \"java-webapp-2308.azurewebsites.net\"\r\n    ],\r\n    \"webSpace\": \"javacsmrg8746-WestUSwebspace\",\r\n    \"selfLink\": \"https://waws-prod-bay-063.api.azurewebsites.windows.net:454/subscriptions/0b1f6471-1bf0-4dda-aec3-cb9272f09590/webspaces/javacsmrg8746-WestUSwebspace/sites/java-webapp-2308\",\r\n    \"repositorySiteName\": \"java-webapp-2308\",\r\n    \"owner\": null,\r\n    \"usageState\": \"Normal\",\r\n    \"enabled\": true,\r\n    \"adminEnabled\": true,\r\n    \"enabledHostNames\": [\r\n      \"java-webapp-2308.azurewebsites.net\",\r\n      \"java-webapp-2308.scm.azurewebsites.net\"\r\n    ],\r\n    \"siteProperties\": {\r\n      \"metadata\": null,\r\n      \"properties\": [],\r\n      \"appSettings\": null\r\n    },\r\n    \"availabilityState\": \"Normal\",\r\n    \"sslCertificates\": null,\r\n    \"csrs\": [],\r\n    \"cers\": null,\r\n    \"siteMode\": null,\r\n    \"hostNameSslStates\": [\r\n      {\r\n        \"name\": \"java-webapp-2308.azurewebsites.net\",\r\n        \"sslState\": \"Disabled\",\r\n        \"ipBasedSslResult\": null,\r\n        \"virtualIP\": null,\r\n        \"thumbprint\": null,\r\n        \"toUpdate\": null,\r\n        \"toUpdateIpBasedSsl\": null,\r\n        \"ipBasedSslState\": \"NotConfigured\",\r\n        \"hostType\": \"Standard\"\r\n      },\r\n      {\r\n        \"name\": \"java-webapp-2308.scm.azurewebsites.net\",\r\n        \"sslState\": \"Disabled\",\r\n        \"ipBasedSslResult\": null,\r\n        \"virtualIP\": null,\r\n        \"thumbprint\": null,\r\n        \"toUpdate\": null,\r\n        \"toUpdateIpBasedSsl\": null,\r\n        \"ipBasedSslState\": \"NotConfigured\",\r\n        \"hostType\": \"Repository\"\r\n      }\r\n    ],\r\n    \"computeMode\": null,\r\n    \"serverFarm\": null,\r\n    \"serverFarmId\": \"/subscriptions/0b1f6471-1bf0-4dda-aec3-cb9272f09590/resourceGroups/javacsmrg8746/providers/Microsoft.Web/serverfarms/java-webapp-2308plane9b4807117\",\r\n    \"reserved\": true,\r\n    \"lastModifiedTimeUtc\": \"2018-01-10T00:52:54.52\",\r\n    \"storageRecoveryDefaultState\": \"Running\",\r\n    \"contentAvailabilityState\": \"Normal\",\r\n    \"runtimeAvailabilityState\": \"Normal\",\r\n    \"siteConfig\": null,\r\n    \"deploymentId\": \"java-webapp-2308\",\r\n    \"trafficManagerHostNames\": null,\r\n    \"sku\": \"Basic\",\r\n    \"scmSiteAlsoStopped\": false,\r\n    \"targetSwapSlot\": null,\r\n    \"hostingEnvironment\": null,\r\n    \"hostingEnvironmentProfile\": null,\r\n    \"clientAffinityEnabled\": true,\r\n    \"clientCertEnabled\": false,\r\n    \"hostNamesDisabled\": false,\r\n    \"domainVerificationIdentifiers\": null,\r\n    \"kind\": \"app,linux\",\r\n    \"outboundIpAddresses\": \"13.93.220.109,13.93.205.56,52.160.105.227,104.209.45.67,13.91.108.234\",\r\n    \"possibleOutboundIpAddresses\": \"13.93.220.109,13.93.205.56,52.160.105.227,104.209.45.67,13.91.108.234\",\r\n    \"containerSize\": 0,\r\n    \"dailyMemoryTimeQuota\": 0,\r\n    \"suspendedTill\": null,\r\n    \"siteDisabledReason\": 0,\r\n    \"functionExecutionUnitsCache\": null,\r\n    \"maxNumberOfWorkers\": null,\r\n    \"homeStamp\": \"waws-prod-bay-063\",\r\n    \"cloningInfo\": null,\r\n    \"snapshotInfo\": null,\r\n    \"hostingEnvironmentId\": null,\r\n    \"tags\": {},\r\n    \"resourceGroup\": \"javacsmrg8746\",\r\n    \"defaultHostName\": \"java-webapp-2308.azurewebsites.net\",\r\n    \"slotSwapStatus\": null,\r\n    \"httpsOnly\": false\r\n  }\r\n}",
      "ResponseHeaders": {
        "Content-Type": [
          "application/json"
        ],
        "Expires": [
          "-1"
        ],
        "Cache-Control": [
          "no-cache"
        ],
        "Date": [
          "Wed, 10 Jan 2018 00:52:59 GMT"
        ],
        "Pragma": [
          "no-cache"
        ],
        "Transfer-Encoding": [
          "chunked"
        ],
        "ETag": [
          "\"1D389AD59B08D8B\""
        ],
        "Server": [
          "Microsoft-IIS/10.0"
        ],
        "Vary": [
          "Accept-Encoding"
        ],
        "Strict-Transport-Security": [
          "max-age=31536000; includeSubDomains"
        ],
        "x-ms-request-id": [
          "d8be04f5-5018-4b6f-981e-08a35bbb68d7"
        ],
        "X-AspNet-Version": [
          "4.0.30319"
        ],
        "X-Powered-By": [
          "ASP.NET"
        ],
        "x-ms-ratelimit-remaining-subscription-writes": [
          "1191"
        ],
        "x-ms-correlation-request-id": [
          "288c8705-170a-48d8-bd17-f7069f3ec3ae"
        ],
        "x-ms-routing-request-id": [
          "WESTUS2:20180110T005259Z:288c8705-170a-48d8-bd17-f7069f3ec3ae"
        ]
      },
      "StatusCode": 200
    },
    {
      "RequestUri": "/subscriptions/0b1f6471-1bf0-4dda-aec3-cb9272f09590/resourceGroups/javacsmrg8746/providers/Microsoft.Web/sites/java-webapp-2308?api-version=2016-08-01",
      "EncodedRequestUri": "L3N1YnNjcmlwdGlvbnMvMGIxZjY0NzEtMWJmMC00ZGRhLWFlYzMtY2I5MjcyZjA5NTkwL3Jlc291cmNlR3JvdXBzL2phdmFjc21yZzg3NDYvcHJvdmlkZXJzL01pY3Jvc29mdC5XZWIvc2l0ZXMvamF2YS13ZWJhcHAtMjMwOD9hcGktdmVyc2lvbj0yMDE2LTA4LTAx",
      "RequestMethod": "PUT",
      "RequestBody": "{\r\n  \"kind\": \"app,linux,linux\",\r\n  \"properties\": {\r\n    \"enabled\": true,\r\n    \"hostNameSslStates\": [],\r\n    \"serverFarmId\": \"/subscriptions/0b1f6471-1bf0-4dda-aec3-cb9272f09590/resourcegroups/javacsmrg8746/providers/Microsoft.Web/serverFarms/java-webapp-2308plan73573566d9\",\r\n    \"reserved\": true,\r\n    \"siteConfig\": {},\r\n    \"scmSiteAlsoStopped\": false,\r\n    \"clientAffinityEnabled\": true,\r\n    \"clientCertEnabled\": false,\r\n    \"hostNamesDisabled\": false,\r\n    \"containerSize\": 0,\r\n    \"dailyMemoryTimeQuota\": 0\r\n  },\r\n  \"location\": \"West US\",\r\n  \"tags\": {}\r\n}",
      "RequestHeaders": {
        "Content-Type": [
          "application/json; charset=utf-8"
        ],
        "Content-Length": [
          "561"
        ],
        "x-ms-client-request-id": [
          "936a1172-8673-43ec-b063-a41aad91ad90"
        ],
        "accept-language": [
          "en-US"
        ],
        "User-Agent": [
          "FxVersion/4.6.25211.01",
          "Microsoft.Azure.Management.AppService.Fluent.WebSiteManagementClient/1.4.1.0",
          "MacAddressHash/8aacf6245de346f347b0601b2da7a93ac9072c00fb7b723a469bc615c87f34d2"
        ]
      },
      "ResponseBody": "{\r\n  \"id\": \"/subscriptions/0b1f6471-1bf0-4dda-aec3-cb9272f09590/resourceGroups/javacsmrg8746/providers/Microsoft.Web/sites/java-webapp-2308\",\r\n  \"name\": \"java-webapp-2308\",\r\n  \"type\": \"Microsoft.Web/sites\",\r\n  \"kind\": \"app,linux\",\r\n  \"location\": \"West US\",\r\n  \"tags\": {},\r\n  \"properties\": {\r\n    \"name\": \"java-webapp-2308\",\r\n    \"state\": \"Running\",\r\n    \"hostNames\": [\r\n      \"java-webapp-2308.azurewebsites.net\"\r\n    ],\r\n    \"webSpace\": \"javacsmrg8746-WestUSwebspace\",\r\n    \"selfLink\": \"https://waws-prod-bay-063.api.azurewebsites.windows.net:454/subscriptions/0b1f6471-1bf0-4dda-aec3-cb9272f09590/webspaces/javacsmrg8746-WestUSwebspace/sites/java-webapp-2308\",\r\n    \"repositorySiteName\": \"java-webapp-2308\",\r\n    \"owner\": null,\r\n    \"usageState\": \"Normal\",\r\n    \"enabled\": true,\r\n    \"adminEnabled\": true,\r\n    \"enabledHostNames\": [\r\n      \"java-webapp-2308.azurewebsites.net\",\r\n      \"java-webapp-2308.scm.azurewebsites.net\"\r\n    ],\r\n    \"siteProperties\": {\r\n      \"metadata\": null,\r\n      \"properties\": [],\r\n      \"appSettings\": null\r\n    },\r\n    \"availabilityState\": \"Normal\",\r\n    \"sslCertificates\": null,\r\n    \"csrs\": [],\r\n    \"cers\": null,\r\n    \"siteMode\": null,\r\n    \"hostNameSslStates\": [\r\n      {\r\n        \"name\": \"java-webapp-2308.azurewebsites.net\",\r\n        \"sslState\": \"Disabled\",\r\n        \"ipBasedSslResult\": null,\r\n        \"virtualIP\": null,\r\n        \"thumbprint\": null,\r\n        \"toUpdate\": null,\r\n        \"toUpdateIpBasedSsl\": null,\r\n        \"ipBasedSslState\": \"NotConfigured\",\r\n        \"hostType\": \"Standard\"\r\n      },\r\n      {\r\n        \"name\": \"java-webapp-2308.scm.azurewebsites.net\",\r\n        \"sslState\": \"Disabled\",\r\n        \"ipBasedSslResult\": null,\r\n        \"virtualIP\": null,\r\n        \"thumbprint\": null,\r\n        \"toUpdate\": null,\r\n        \"toUpdateIpBasedSsl\": null,\r\n        \"ipBasedSslState\": \"NotConfigured\",\r\n        \"hostType\": \"Repository\"\r\n      }\r\n    ],\r\n    \"computeMode\": null,\r\n    \"serverFarm\": null,\r\n    \"serverFarmId\": \"/subscriptions/0b1f6471-1bf0-4dda-aec3-cb9272f09590/resourceGroups/javacsmrg8746/providers/Microsoft.Web/serverfarms/java-webapp-2308plan73573566d9\",\r\n    \"reserved\": true,\r\n    \"lastModifiedTimeUtc\": \"2018-01-10T00:53:21.8633333\",\r\n    \"storageRecoveryDefaultState\": \"Running\",\r\n    \"contentAvailabilityState\": \"Normal\",\r\n    \"runtimeAvailabilityState\": \"Normal\",\r\n    \"siteConfig\": null,\r\n    \"deploymentId\": \"java-webapp-2308\",\r\n    \"trafficManagerHostNames\": null,\r\n    \"sku\": \"Standard\",\r\n    \"scmSiteAlsoStopped\": false,\r\n    \"targetSwapSlot\": null,\r\n    \"hostingEnvironment\": null,\r\n    \"hostingEnvironmentProfile\": null,\r\n    \"clientAffinityEnabled\": true,\r\n    \"clientCertEnabled\": false,\r\n    \"hostNamesDisabled\": false,\r\n    \"domainVerificationIdentifiers\": null,\r\n    \"kind\": \"app,linux\",\r\n    \"outboundIpAddresses\": \"13.93.220.109,13.93.205.56,52.160.105.227,104.209.45.67,13.91.108.234\",\r\n    \"possibleOutboundIpAddresses\": \"13.93.220.109,13.93.205.56,52.160.105.227,104.209.45.67,13.91.108.234\",\r\n    \"containerSize\": 0,\r\n    \"dailyMemoryTimeQuota\": 0,\r\n    \"suspendedTill\": null,\r\n    \"siteDisabledReason\": 0,\r\n    \"functionExecutionUnitsCache\": null,\r\n    \"maxNumberOfWorkers\": null,\r\n    \"homeStamp\": \"waws-prod-bay-063\",\r\n    \"cloningInfo\": null,\r\n    \"snapshotInfo\": null,\r\n    \"hostingEnvironmentId\": null,\r\n    \"tags\": {},\r\n    \"resourceGroup\": \"javacsmrg8746\",\r\n    \"defaultHostName\": \"java-webapp-2308.azurewebsites.net\",\r\n    \"slotSwapStatus\": null,\r\n    \"httpsOnly\": false\r\n  }\r\n}",
      "ResponseHeaders": {
        "Content-Type": [
          "application/json"
        ],
        "Expires": [
          "-1"
        ],
        "Cache-Control": [
          "no-cache"
        ],
        "Date": [
          "Wed, 10 Jan 2018 00:53:23 GMT"
        ],
        "Pragma": [
          "no-cache"
        ],
        "Transfer-Encoding": [
          "chunked"
        ],
        "ETag": [
          "\"1D389AD69A4D275\""
        ],
        "Server": [
          "Microsoft-IIS/10.0"
        ],
        "Vary": [
          "Accept-Encoding"
        ],
        "Strict-Transport-Security": [
          "max-age=31536000; includeSubDomains"
        ],
        "x-ms-request-id": [
          "55c6f080-66be-4ab8-adbc-35555701877e"
        ],
        "X-AspNet-Version": [
          "4.0.30319"
        ],
        "X-Powered-By": [
          "ASP.NET"
        ],
        "x-ms-ratelimit-remaining-subscription-writes": [
          "1185"
        ],
        "x-ms-correlation-request-id": [
          "0bbd1b34-5f42-4e95-b8ee-3abbf7bcc2a5"
        ],
        "x-ms-routing-request-id": [
          "WESTUS2:20180110T005323Z:0bbd1b34-5f42-4e95-b8ee-3abbf7bcc2a5"
        ]
      },
      "StatusCode": 200
    },
    {
      "RequestUri": "/subscriptions/0b1f6471-1bf0-4dda-aec3-cb9272f09590/resourceGroups/javacsmrg8746/providers/Microsoft.Web/sites/java-webapp-2308?api-version=2016-08-01",
      "EncodedRequestUri": "L3N1YnNjcmlwdGlvbnMvMGIxZjY0NzEtMWJmMC00ZGRhLWFlYzMtY2I5MjcyZjA5NTkwL3Jlc291cmNlR3JvdXBzL2phdmFjc21yZzg3NDYvcHJvdmlkZXJzL01pY3Jvc29mdC5XZWIvc2l0ZXMvamF2YS13ZWJhcHAtMjMwOD9hcGktdmVyc2lvbj0yMDE2LTA4LTAx",
      "RequestMethod": "PUT",
      "RequestBody": "{\r\n  \"kind\": \"app,linux\",\r\n  \"properties\": {\r\n    \"enabled\": true,\r\n    \"hostNameSslStates\": [],\r\n    \"serverFarmId\": \"/subscriptions/0b1f6471-1bf0-4dda-aec3-cb9272f09590/resourceGroups/javacsmrg8746/providers/Microsoft.Web/serverfarms/java-webapp-2308plan73573566d9\",\r\n    \"reserved\": true,\r\n    \"siteConfig\": {},\r\n    \"scmSiteAlsoStopped\": false,\r\n    \"clientAffinityEnabled\": true,\r\n    \"clientCertEnabled\": false,\r\n    \"hostNamesDisabled\": false,\r\n    \"containerSize\": 0,\r\n    \"dailyMemoryTimeQuota\": 0\r\n  },\r\n  \"location\": \"West US\",\r\n  \"tags\": {}\r\n}",
      "RequestHeaders": {
        "Content-Type": [
          "application/json; charset=utf-8"
        ],
        "Content-Length": [
          "555"
        ],
        "x-ms-client-request-id": [
          "83b8b790-83d9-4e56-8dd7-f5f36ab8f14a"
        ],
        "accept-language": [
          "en-US"
        ],
        "User-Agent": [
          "FxVersion/4.6.25211.01",
          "Microsoft.Azure.Management.AppService.Fluent.WebSiteManagementClient/1.4.1.0",
          "MacAddressHash/8aacf6245de346f347b0601b2da7a93ac9072c00fb7b723a469bc615c87f34d2"
        ]
      },
      "ResponseBody": "{\r\n  \"id\": \"/subscriptions/0b1f6471-1bf0-4dda-aec3-cb9272f09590/resourceGroups/javacsmrg8746/providers/Microsoft.Web/sites/java-webapp-2308\",\r\n  \"name\": \"java-webapp-2308\",\r\n  \"type\": \"Microsoft.Web/sites\",\r\n  \"kind\": \"app,linux\",\r\n  \"location\": \"West US\",\r\n  \"tags\": {},\r\n  \"properties\": {\r\n    \"name\": \"java-webapp-2308\",\r\n    \"state\": \"Running\",\r\n    \"hostNames\": [\r\n      \"java-webapp-2308.azurewebsites.net\"\r\n    ],\r\n    \"webSpace\": \"javacsmrg8746-WestUSwebspace\",\r\n    \"selfLink\": \"https://waws-prod-bay-063.api.azurewebsites.windows.net:454/subscriptions/0b1f6471-1bf0-4dda-aec3-cb9272f09590/webspaces/javacsmrg8746-WestUSwebspace/sites/java-webapp-2308\",\r\n    \"repositorySiteName\": \"java-webapp-2308\",\r\n    \"owner\": null,\r\n    \"usageState\": \"Normal\",\r\n    \"enabled\": true,\r\n    \"adminEnabled\": true,\r\n    \"enabledHostNames\": [\r\n      \"java-webapp-2308.azurewebsites.net\",\r\n      \"java-webapp-2308.scm.azurewebsites.net\"\r\n    ],\r\n    \"siteProperties\": {\r\n      \"metadata\": null,\r\n      \"properties\": [],\r\n      \"appSettings\": null\r\n    },\r\n    \"availabilityState\": \"Normal\",\r\n    \"sslCertificates\": null,\r\n    \"csrs\": [],\r\n    \"cers\": null,\r\n    \"siteMode\": null,\r\n    \"hostNameSslStates\": [\r\n      {\r\n        \"name\": \"java-webapp-2308.azurewebsites.net\",\r\n        \"sslState\": \"Disabled\",\r\n        \"ipBasedSslResult\": null,\r\n        \"virtualIP\": null,\r\n        \"thumbprint\": null,\r\n        \"toUpdate\": null,\r\n        \"toUpdateIpBasedSsl\": null,\r\n        \"ipBasedSslState\": \"NotConfigured\",\r\n        \"hostType\": \"Standard\"\r\n      },\r\n      {\r\n        \"name\": \"java-webapp-2308.scm.azurewebsites.net\",\r\n        \"sslState\": \"Disabled\",\r\n        \"ipBasedSslResult\": null,\r\n        \"virtualIP\": null,\r\n        \"thumbprint\": null,\r\n        \"toUpdate\": null,\r\n        \"toUpdateIpBasedSsl\": null,\r\n        \"ipBasedSslState\": \"NotConfigured\",\r\n        \"hostType\": \"Repository\"\r\n      }\r\n    ],\r\n    \"computeMode\": null,\r\n    \"serverFarm\": null,\r\n    \"serverFarmId\": \"/subscriptions/0b1f6471-1bf0-4dda-aec3-cb9272f09590/resourceGroups/javacsmrg8746/providers/Microsoft.Web/serverfarms/java-webapp-2308plan73573566d9\",\r\n    \"reserved\": true,\r\n    \"lastModifiedTimeUtc\": \"2018-01-10T00:53:25.3633333\",\r\n    \"storageRecoveryDefaultState\": \"Running\",\r\n    \"contentAvailabilityState\": \"Normal\",\r\n    \"runtimeAvailabilityState\": \"Normal\",\r\n    \"siteConfig\": null,\r\n    \"deploymentId\": \"java-webapp-2308\",\r\n    \"trafficManagerHostNames\": null,\r\n    \"sku\": \"Standard\",\r\n    \"scmSiteAlsoStopped\": false,\r\n    \"targetSwapSlot\": null,\r\n    \"hostingEnvironment\": null,\r\n    \"hostingEnvironmentProfile\": null,\r\n    \"clientAffinityEnabled\": true,\r\n    \"clientCertEnabled\": false,\r\n    \"hostNamesDisabled\": false,\r\n    \"domainVerificationIdentifiers\": null,\r\n    \"kind\": \"app,linux\",\r\n    \"outboundIpAddresses\": \"13.93.220.109,13.93.205.56,52.160.105.227,104.209.45.67,13.91.108.234\",\r\n    \"possibleOutboundIpAddresses\": \"13.93.220.109,13.93.205.56,52.160.105.227,104.209.45.67,13.91.108.234\",\r\n    \"containerSize\": 0,\r\n    \"dailyMemoryTimeQuota\": 0,\r\n    \"suspendedTill\": null,\r\n    \"siteDisabledReason\": 0,\r\n    \"functionExecutionUnitsCache\": null,\r\n    \"maxNumberOfWorkers\": null,\r\n    \"homeStamp\": \"waws-prod-bay-063\",\r\n    \"cloningInfo\": null,\r\n    \"snapshotInfo\": null,\r\n    \"hostingEnvironmentId\": null,\r\n    \"tags\": {},\r\n    \"resourceGroup\": \"javacsmrg8746\",\r\n    \"defaultHostName\": \"java-webapp-2308.azurewebsites.net\",\r\n    \"slotSwapStatus\": null,\r\n    \"httpsOnly\": false\r\n  }\r\n}",
      "ResponseHeaders": {
        "Content-Type": [
          "application/json"
        ],
        "Expires": [
          "-1"
        ],
        "Cache-Control": [
          "no-cache"
        ],
        "Date": [
          "Wed, 10 Jan 2018 00:53:26 GMT"
        ],
        "Pragma": [
          "no-cache"
        ],
        "Transfer-Encoding": [
          "chunked"
        ],
        "ETag": [
          "\"1D389AD6BBAE135\""
        ],
        "Server": [
          "Microsoft-IIS/10.0"
        ],
        "Vary": [
          "Accept-Encoding"
        ],
        "Strict-Transport-Security": [
          "max-age=31536000; includeSubDomains"
        ],
        "x-ms-request-id": [
          "881c3d3d-afd3-4f49-8598-dccfe28b66ae"
        ],
        "X-AspNet-Version": [
          "4.0.30319"
        ],
        "X-Powered-By": [
          "ASP.NET"
        ],
        "x-ms-ratelimit-remaining-subscription-writes": [
          "1183"
        ],
        "x-ms-correlation-request-id": [
          "955302d8-548a-4af0-bbad-573cc42f5cd0"
        ],
        "x-ms-routing-request-id": [
          "WESTUS2:20180110T005327Z:955302d8-548a-4af0-bbad-573cc42f5cd0"
        ]
      },
      "StatusCode": 200
    },
    {
      "RequestUri": "/subscriptions/0b1f6471-1bf0-4dda-aec3-cb9272f09590/resourceGroups/javacsmrg8746/providers/Microsoft.Web/sites/java-webapp-2308?api-version=2016-08-01",
      "EncodedRequestUri": "L3N1YnNjcmlwdGlvbnMvMGIxZjY0NzEtMWJmMC00ZGRhLWFlYzMtY2I5MjcyZjA5NTkwL3Jlc291cmNlR3JvdXBzL2phdmFjc21yZzg3NDYvcHJvdmlkZXJzL01pY3Jvc29mdC5XZWIvc2l0ZXMvamF2YS13ZWJhcHAtMjMwOD9hcGktdmVyc2lvbj0yMDE2LTA4LTAx",
      "RequestMethod": "GET",
      "RequestBody": "",
      "RequestHeaders": {
        "x-ms-client-request-id": [
          "b13ad56e-9e84-4b33-845c-b640e4e2f5c9"
        ],
        "accept-language": [
          "en-US"
        ],
        "User-Agent": [
          "FxVersion/4.6.25211.01",
          "Microsoft.Azure.Management.AppService.Fluent.WebSiteManagementClient/1.4.1.0",
          "MacAddressHash/8aacf6245de346f347b0601b2da7a93ac9072c00fb7b723a469bc615c87f34d2"
        ]
      },
      "ResponseBody": "{\r\n  \"id\": \"/subscriptions/0b1f6471-1bf0-4dda-aec3-cb9272f09590/resourceGroups/javacsmrg8746/providers/Microsoft.Web/sites/java-webapp-2308\",\r\n  \"name\": \"java-webapp-2308\",\r\n  \"type\": \"Microsoft.Web/sites\",\r\n  \"kind\": \"app,linux\",\r\n  \"location\": \"West US\",\r\n  \"tags\": {},\r\n  \"properties\": {\r\n    \"name\": \"java-webapp-2308\",\r\n    \"state\": \"Running\",\r\n    \"hostNames\": [\r\n      \"java-webapp-2308.azurewebsites.net\"\r\n    ],\r\n    \"webSpace\": \"javacsmrg8746-WestUSwebspace\",\r\n    \"selfLink\": \"https://waws-prod-bay-063.api.azurewebsites.windows.net:454/subscriptions/0b1f6471-1bf0-4dda-aec3-cb9272f09590/webspaces/javacsmrg8746-WestUSwebspace/sites/java-webapp-2308\",\r\n    \"repositorySiteName\": \"java-webapp-2308\",\r\n    \"owner\": null,\r\n    \"usageState\": \"Normal\",\r\n    \"enabled\": true,\r\n    \"adminEnabled\": true,\r\n    \"enabledHostNames\": [\r\n      \"java-webapp-2308.azurewebsites.net\",\r\n      \"java-webapp-2308.scm.azurewebsites.net\"\r\n    ],\r\n    \"siteProperties\": {\r\n      \"metadata\": null,\r\n      \"properties\": [],\r\n      \"appSettings\": null\r\n    },\r\n    \"availabilityState\": \"Normal\",\r\n    \"sslCertificates\": null,\r\n    \"csrs\": [],\r\n    \"cers\": null,\r\n    \"siteMode\": null,\r\n    \"hostNameSslStates\": [\r\n      {\r\n        \"name\": \"java-webapp-2308.azurewebsites.net\",\r\n        \"sslState\": \"Disabled\",\r\n        \"ipBasedSslResult\": null,\r\n        \"virtualIP\": null,\r\n        \"thumbprint\": null,\r\n        \"toUpdate\": null,\r\n        \"toUpdateIpBasedSsl\": null,\r\n        \"ipBasedSslState\": \"NotConfigured\",\r\n        \"hostType\": \"Standard\"\r\n      },\r\n      {\r\n        \"name\": \"java-webapp-2308.scm.azurewebsites.net\",\r\n        \"sslState\": \"Disabled\",\r\n        \"ipBasedSslResult\": null,\r\n        \"virtualIP\": null,\r\n        \"thumbprint\": null,\r\n        \"toUpdate\": null,\r\n        \"toUpdateIpBasedSsl\": null,\r\n        \"ipBasedSslState\": \"NotConfigured\",\r\n        \"hostType\": \"Repository\"\r\n      }\r\n    ],\r\n    \"computeMode\": null,\r\n    \"serverFarm\": null,\r\n    \"serverFarmId\": \"/subscriptions/0b1f6471-1bf0-4dda-aec3-cb9272f09590/resourceGroups/javacsmrg8746/providers/Microsoft.Web/serverfarms/java-webapp-2308plane9b4807117\",\r\n    \"reserved\": true,\r\n    \"lastModifiedTimeUtc\": \"2018-01-10T00:52:55.0966667\",\r\n    \"storageRecoveryDefaultState\": \"Running\",\r\n    \"contentAvailabilityState\": \"Normal\",\r\n    \"runtimeAvailabilityState\": \"Normal\",\r\n    \"siteConfig\": null,\r\n    \"deploymentId\": \"java-webapp-2308\",\r\n    \"trafficManagerHostNames\": null,\r\n    \"sku\": \"Basic\",\r\n    \"scmSiteAlsoStopped\": false,\r\n    \"targetSwapSlot\": null,\r\n    \"hostingEnvironment\": null,\r\n    \"hostingEnvironmentProfile\": null,\r\n    \"clientAffinityEnabled\": true,\r\n    \"clientCertEnabled\": false,\r\n    \"hostNamesDisabled\": false,\r\n    \"domainVerificationIdentifiers\": null,\r\n    \"kind\": \"app,linux\",\r\n    \"outboundIpAddresses\": \"13.93.220.109,13.93.205.56,52.160.105.227,104.209.45.67,13.91.108.234\",\r\n    \"possibleOutboundIpAddresses\": \"13.93.220.109,13.93.205.56,52.160.105.227,104.209.45.67,13.91.108.234\",\r\n    \"containerSize\": 0,\r\n    \"dailyMemoryTimeQuota\": 0,\r\n    \"suspendedTill\": null,\r\n    \"siteDisabledReason\": 0,\r\n    \"functionExecutionUnitsCache\": null,\r\n    \"maxNumberOfWorkers\": null,\r\n    \"homeStamp\": \"waws-prod-bay-063\",\r\n    \"cloningInfo\": null,\r\n    \"snapshotInfo\": null,\r\n    \"hostingEnvironmentId\": null,\r\n    \"tags\": {},\r\n    \"resourceGroup\": \"javacsmrg8746\",\r\n    \"defaultHostName\": \"java-webapp-2308.azurewebsites.net\",\r\n    \"slotSwapStatus\": null,\r\n    \"httpsOnly\": false\r\n  }\r\n}",
      "ResponseHeaders": {
        "Content-Type": [
          "application/json"
        ],
        "Expires": [
          "-1"
        ],
        "Cache-Control": [
          "no-cache"
        ],
        "Date": [
          "Wed, 10 Jan 2018 00:52:59 GMT"
        ],
        "Pragma": [
          "no-cache"
        ],
        "Transfer-Encoding": [
          "chunked"
        ],
        "ETag": [
          "\"1D389AD59B08D8B\""
        ],
        "Server": [
          "Microsoft-IIS/10.0"
        ],
        "Vary": [
          "Accept-Encoding"
        ],
        "Strict-Transport-Security": [
          "max-age=31536000; includeSubDomains"
        ],
        "x-ms-request-id": [
          "bdbfe0b2-0c5e-43b4-8400-ee545515d60c"
        ],
        "X-AspNet-Version": [
          "4.0.30319"
        ],
        "X-Powered-By": [
          "ASP.NET"
        ],
        "x-ms-ratelimit-remaining-subscription-reads": [
          "14990"
        ],
        "x-ms-correlation-request-id": [
          "c0941f5b-4c93-470a-9916-4851c31309c7"
        ],
        "x-ms-routing-request-id": [
          "WESTUS2:20180110T005259Z:c0941f5b-4c93-470a-9916-4851c31309c7"
        ]
      },
      "StatusCode": 200
    },
    {
      "RequestUri": "/subscriptions/0b1f6471-1bf0-4dda-aec3-cb9272f09590/resourceGroups/javacsmrg8746/providers/Microsoft.Web/sites/java-webapp-2308?api-version=2016-08-01",
      "EncodedRequestUri": "L3N1YnNjcmlwdGlvbnMvMGIxZjY0NzEtMWJmMC00ZGRhLWFlYzMtY2I5MjcyZjA5NTkwL3Jlc291cmNlR3JvdXBzL2phdmFjc21yZzg3NDYvcHJvdmlkZXJzL01pY3Jvc29mdC5XZWIvc2l0ZXMvamF2YS13ZWJhcHAtMjMwOD9hcGktdmVyc2lvbj0yMDE2LTA4LTAx",
      "RequestMethod": "GET",
      "RequestBody": "",
      "RequestHeaders": {
        "x-ms-client-request-id": [
          "3dbcc6a9-4d80-41b9-8188-a58868588628"
        ],
        "accept-language": [
          "en-US"
        ],
        "User-Agent": [
          "FxVersion/4.6.25211.01",
          "Microsoft.Azure.Management.AppService.Fluent.WebSiteManagementClient/1.4.1.0",
          "MacAddressHash/8aacf6245de346f347b0601b2da7a93ac9072c00fb7b723a469bc615c87f34d2"
        ]
      },
      "ResponseBody": "{\r\n  \"id\": \"/subscriptions/0b1f6471-1bf0-4dda-aec3-cb9272f09590/resourceGroups/javacsmrg8746/providers/Microsoft.Web/sites/java-webapp-2308\",\r\n  \"name\": \"java-webapp-2308\",\r\n  \"type\": \"Microsoft.Web/sites\",\r\n  \"kind\": \"app,linux\",\r\n  \"location\": \"West US\",\r\n  \"tags\": {},\r\n  \"properties\": {\r\n    \"name\": \"java-webapp-2308\",\r\n    \"state\": \"Running\",\r\n    \"hostNames\": [\r\n      \"java-webapp-2308.azurewebsites.net\"\r\n    ],\r\n    \"webSpace\": \"javacsmrg8746-WestUSwebspace\",\r\n    \"selfLink\": \"https://waws-prod-bay-063.api.azurewebsites.windows.net:454/subscriptions/0b1f6471-1bf0-4dda-aec3-cb9272f09590/webspaces/javacsmrg8746-WestUSwebspace/sites/java-webapp-2308\",\r\n    \"repositorySiteName\": \"java-webapp-2308\",\r\n    \"owner\": null,\r\n    \"usageState\": \"Normal\",\r\n    \"enabled\": true,\r\n    \"adminEnabled\": true,\r\n    \"enabledHostNames\": [\r\n      \"java-webapp-2308.azurewebsites.net\",\r\n      \"java-webapp-2308.scm.azurewebsites.net\"\r\n    ],\r\n    \"siteProperties\": {\r\n      \"metadata\": null,\r\n      \"properties\": [],\r\n      \"appSettings\": null\r\n    },\r\n    \"availabilityState\": \"Normal\",\r\n    \"sslCertificates\": null,\r\n    \"csrs\": [],\r\n    \"cers\": null,\r\n    \"siteMode\": null,\r\n    \"hostNameSslStates\": [\r\n      {\r\n        \"name\": \"java-webapp-2308.azurewebsites.net\",\r\n        \"sslState\": \"Disabled\",\r\n        \"ipBasedSslResult\": null,\r\n        \"virtualIP\": null,\r\n        \"thumbprint\": null,\r\n        \"toUpdate\": null,\r\n        \"toUpdateIpBasedSsl\": null,\r\n        \"ipBasedSslState\": \"NotConfigured\",\r\n        \"hostType\": \"Standard\"\r\n      },\r\n      {\r\n        \"name\": \"java-webapp-2308.scm.azurewebsites.net\",\r\n        \"sslState\": \"Disabled\",\r\n        \"ipBasedSslResult\": null,\r\n        \"virtualIP\": null,\r\n        \"thumbprint\": null,\r\n        \"toUpdate\": null,\r\n        \"toUpdateIpBasedSsl\": null,\r\n        \"ipBasedSslState\": \"NotConfigured\",\r\n        \"hostType\": \"Repository\"\r\n      }\r\n    ],\r\n    \"computeMode\": null,\r\n    \"serverFarm\": null,\r\n    \"serverFarmId\": \"/subscriptions/0b1f6471-1bf0-4dda-aec3-cb9272f09590/resourceGroups/javacsmrg8746/providers/Microsoft.Web/serverfarms/java-webapp-2308plane9b4807117\",\r\n    \"reserved\": true,\r\n    \"lastModifiedTimeUtc\": \"2018-01-10T00:52:59.88\",\r\n    \"storageRecoveryDefaultState\": \"Running\",\r\n    \"contentAvailabilityState\": \"Normal\",\r\n    \"runtimeAvailabilityState\": \"Normal\",\r\n    \"siteConfig\": null,\r\n    \"deploymentId\": \"java-webapp-2308\",\r\n    \"trafficManagerHostNames\": null,\r\n    \"sku\": \"Basic\",\r\n    \"scmSiteAlsoStopped\": false,\r\n    \"targetSwapSlot\": null,\r\n    \"hostingEnvironment\": null,\r\n    \"hostingEnvironmentProfile\": null,\r\n    \"clientAffinityEnabled\": true,\r\n    \"clientCertEnabled\": false,\r\n    \"hostNamesDisabled\": false,\r\n    \"domainVerificationIdentifiers\": null,\r\n    \"kind\": \"app,linux\",\r\n    \"outboundIpAddresses\": \"13.93.220.109,13.93.205.56,52.160.105.227,104.209.45.67,13.91.108.234\",\r\n    \"possibleOutboundIpAddresses\": \"13.93.220.109,13.93.205.56,52.160.105.227,104.209.45.67,13.91.108.234\",\r\n    \"containerSize\": 0,\r\n    \"dailyMemoryTimeQuota\": 0,\r\n    \"suspendedTill\": null,\r\n    \"siteDisabledReason\": 0,\r\n    \"functionExecutionUnitsCache\": null,\r\n    \"maxNumberOfWorkers\": null,\r\n    \"homeStamp\": \"waws-prod-bay-063\",\r\n    \"cloningInfo\": null,\r\n    \"snapshotInfo\": null,\r\n    \"hostingEnvironmentId\": null,\r\n    \"tags\": {},\r\n    \"resourceGroup\": \"javacsmrg8746\",\r\n    \"defaultHostName\": \"java-webapp-2308.azurewebsites.net\",\r\n    \"slotSwapStatus\": null,\r\n    \"httpsOnly\": false\r\n  }\r\n}",
      "ResponseHeaders": {
        "Content-Type": [
          "application/json"
        ],
        "Expires": [
          "-1"
        ],
        "Cache-Control": [
          "no-cache"
        ],
        "Date": [
          "Wed, 10 Jan 2018 00:53:14 GMT"
        ],
        "Pragma": [
          "no-cache"
        ],
        "Transfer-Encoding": [
          "chunked"
        ],
        "ETag": [
          "\"1D389AD5C8A6E80\""
        ],
        "Server": [
          "Microsoft-IIS/10.0"
        ],
        "Vary": [
          "Accept-Encoding"
        ],
        "Strict-Transport-Security": [
          "max-age=31536000; includeSubDomains"
        ],
        "x-ms-request-id": [
          "a2991fb2-266f-413a-aad7-42202241cf7a"
        ],
        "X-AspNet-Version": [
          "4.0.30319"
        ],
        "X-Powered-By": [
          "ASP.NET"
        ],
        "x-ms-ratelimit-remaining-subscription-reads": [
          "14987"
        ],
        "x-ms-correlation-request-id": [
          "a40b96ee-29b7-4a82-b463-fad60dc7631e"
        ],
        "x-ms-routing-request-id": [
          "WESTUS2:20180110T005314Z:a40b96ee-29b7-4a82-b463-fad60dc7631e"
        ]
      },
      "StatusCode": 200
    },
    {
      "RequestUri": "/subscriptions/0b1f6471-1bf0-4dda-aec3-cb9272f09590/resourceGroups/javacsmrg8746/providers/Microsoft.Web/sites/java-webapp-2308?api-version=2016-08-01",
      "EncodedRequestUri": "L3N1YnNjcmlwdGlvbnMvMGIxZjY0NzEtMWJmMC00ZGRhLWFlYzMtY2I5MjcyZjA5NTkwL3Jlc291cmNlR3JvdXBzL2phdmFjc21yZzg3NDYvcHJvdmlkZXJzL01pY3Jvc29mdC5XZWIvc2l0ZXMvamF2YS13ZWJhcHAtMjMwOD9hcGktdmVyc2lvbj0yMDE2LTA4LTAx",
      "RequestMethod": "GET",
      "RequestBody": "",
      "RequestHeaders": {
        "x-ms-client-request-id": [
          "0feb5b99-c285-408e-8074-409b8c1e856e"
        ],
        "accept-language": [
          "en-US"
        ],
        "User-Agent": [
          "FxVersion/4.6.25211.01",
          "Microsoft.Azure.Management.AppService.Fluent.WebSiteManagementClient/1.4.1.0",
          "MacAddressHash/8aacf6245de346f347b0601b2da7a93ac9072c00fb7b723a469bc615c87f34d2"
        ]
      },
      "ResponseBody": "{\r\n  \"id\": \"/subscriptions/0b1f6471-1bf0-4dda-aec3-cb9272f09590/resourceGroups/javacsmrg8746/providers/Microsoft.Web/sites/java-webapp-2308\",\r\n  \"name\": \"java-webapp-2308\",\r\n  \"type\": \"Microsoft.Web/sites\",\r\n  \"kind\": \"app,linux\",\r\n  \"location\": \"West US\",\r\n  \"tags\": {},\r\n  \"properties\": {\r\n    \"name\": \"java-webapp-2308\",\r\n    \"state\": \"Running\",\r\n    \"hostNames\": [\r\n      \"java-webapp-2308.azurewebsites.net\"\r\n    ],\r\n    \"webSpace\": \"javacsmrg8746-WestUSwebspace\",\r\n    \"selfLink\": \"https://waws-prod-bay-063.api.azurewebsites.windows.net:454/subscriptions/0b1f6471-1bf0-4dda-aec3-cb9272f09590/webspaces/javacsmrg8746-WestUSwebspace/sites/java-webapp-2308\",\r\n    \"repositorySiteName\": \"java-webapp-2308\",\r\n    \"owner\": null,\r\n    \"usageState\": \"Normal\",\r\n    \"enabled\": true,\r\n    \"adminEnabled\": true,\r\n    \"enabledHostNames\": [\r\n      \"java-webapp-2308.azurewebsites.net\",\r\n      \"java-webapp-2308.scm.azurewebsites.net\"\r\n    ],\r\n    \"siteProperties\": {\r\n      \"metadata\": null,\r\n      \"properties\": [],\r\n      \"appSettings\": null\r\n    },\r\n    \"availabilityState\": \"Normal\",\r\n    \"sslCertificates\": null,\r\n    \"csrs\": [],\r\n    \"cers\": null,\r\n    \"siteMode\": null,\r\n    \"hostNameSslStates\": [\r\n      {\r\n        \"name\": \"java-webapp-2308.azurewebsites.net\",\r\n        \"sslState\": \"Disabled\",\r\n        \"ipBasedSslResult\": null,\r\n        \"virtualIP\": null,\r\n        \"thumbprint\": null,\r\n        \"toUpdate\": null,\r\n        \"toUpdateIpBasedSsl\": null,\r\n        \"ipBasedSslState\": \"NotConfigured\",\r\n        \"hostType\": \"Standard\"\r\n      },\r\n      {\r\n        \"name\": \"java-webapp-2308.scm.azurewebsites.net\",\r\n        \"sslState\": \"Disabled\",\r\n        \"ipBasedSslResult\": null,\r\n        \"virtualIP\": null,\r\n        \"thumbprint\": null,\r\n        \"toUpdate\": null,\r\n        \"toUpdateIpBasedSsl\": null,\r\n        \"ipBasedSslState\": \"NotConfigured\",\r\n        \"hostType\": \"Repository\"\r\n      }\r\n    ],\r\n    \"computeMode\": null,\r\n    \"serverFarm\": null,\r\n    \"serverFarmId\": \"/subscriptions/0b1f6471-1bf0-4dda-aec3-cb9272f09590/resourceGroups/javacsmrg8746/providers/Microsoft.Web/serverfarms/java-webapp-2308plan73573566d9\",\r\n    \"reserved\": true,\r\n    \"lastModifiedTimeUtc\": \"2018-01-10T00:53:21.8633333\",\r\n    \"storageRecoveryDefaultState\": \"Running\",\r\n    \"contentAvailabilityState\": \"Normal\",\r\n    \"runtimeAvailabilityState\": \"Normal\",\r\n    \"siteConfig\": null,\r\n    \"deploymentId\": \"java-webapp-2308\",\r\n    \"trafficManagerHostNames\": null,\r\n    \"sku\": \"Standard\",\r\n    \"scmSiteAlsoStopped\": false,\r\n    \"targetSwapSlot\": null,\r\n    \"hostingEnvironment\": null,\r\n    \"hostingEnvironmentProfile\": null,\r\n    \"clientAffinityEnabled\": true,\r\n    \"clientCertEnabled\": false,\r\n    \"hostNamesDisabled\": false,\r\n    \"domainVerificationIdentifiers\": null,\r\n    \"kind\": \"app,linux\",\r\n    \"outboundIpAddresses\": \"13.93.220.109,13.93.205.56,52.160.105.227,104.209.45.67,13.91.108.234\",\r\n    \"possibleOutboundIpAddresses\": \"13.93.220.109,13.93.205.56,52.160.105.227,104.209.45.67,13.91.108.234\",\r\n    \"containerSize\": 0,\r\n    \"dailyMemoryTimeQuota\": 0,\r\n    \"suspendedTill\": null,\r\n    \"siteDisabledReason\": 0,\r\n    \"functionExecutionUnitsCache\": null,\r\n    \"maxNumberOfWorkers\": null,\r\n    \"homeStamp\": \"waws-prod-bay-063\",\r\n    \"cloningInfo\": null,\r\n    \"snapshotInfo\": null,\r\n    \"hostingEnvironmentId\": null,\r\n    \"tags\": {},\r\n    \"resourceGroup\": \"javacsmrg8746\",\r\n    \"defaultHostName\": \"java-webapp-2308.azurewebsites.net\",\r\n    \"slotSwapStatus\": null,\r\n    \"httpsOnly\": false\r\n  }\r\n}",
      "ResponseHeaders": {
        "Content-Type": [
          "application/json"
        ],
        "Expires": [
          "-1"
        ],
        "Cache-Control": [
          "no-cache"
        ],
        "Date": [
          "Wed, 10 Jan 2018 00:53:23 GMT"
        ],
        "Pragma": [
          "no-cache"
        ],
        "Transfer-Encoding": [
          "chunked"
        ],
        "ETag": [
          "\"1D389AD69A4D275\""
        ],
        "Server": [
          "Microsoft-IIS/10.0"
        ],
        "Vary": [
          "Accept-Encoding"
        ],
        "Strict-Transport-Security": [
          "max-age=31536000; includeSubDomains"
        ],
        "x-ms-request-id": [
          "1310536f-cfcc-4940-bc75-7a287b105a50"
        ],
        "X-AspNet-Version": [
          "4.0.30319"
        ],
        "X-Powered-By": [
          "ASP.NET"
        ],
        "x-ms-ratelimit-remaining-subscription-reads": [
          "14979"
        ],
        "x-ms-correlation-request-id": [
          "45fb38ac-3de2-43fc-b0f3-82c180d7dce4"
        ],
        "x-ms-routing-request-id": [
          "WESTUS2:20180110T005324Z:45fb38ac-3de2-43fc-b0f3-82c180d7dce4"
        ]
      },
      "StatusCode": 200
    },
    {
      "RequestUri": "/subscriptions/0b1f6471-1bf0-4dda-aec3-cb9272f09590/resourceGroups/javacsmrg8746/providers/Microsoft.Web/sites/java-webapp-2308?api-version=2016-08-01",
      "EncodedRequestUri": "L3N1YnNjcmlwdGlvbnMvMGIxZjY0NzEtMWJmMC00ZGRhLWFlYzMtY2I5MjcyZjA5NTkwL3Jlc291cmNlR3JvdXBzL2phdmFjc21yZzg3NDYvcHJvdmlkZXJzL01pY3Jvc29mdC5XZWIvc2l0ZXMvamF2YS13ZWJhcHAtMjMwOD9hcGktdmVyc2lvbj0yMDE2LTA4LTAx",
      "RequestMethod": "GET",
      "RequestBody": "",
      "RequestHeaders": {
        "x-ms-client-request-id": [
          "224b18e4-101d-470b-8074-6557b39a2b02"
        ],
        "accept-language": [
          "en-US"
        ],
        "User-Agent": [
          "FxVersion/4.6.25211.01",
          "Microsoft.Azure.Management.AppService.Fluent.WebSiteManagementClient/1.4.1.0",
          "MacAddressHash/8aacf6245de346f347b0601b2da7a93ac9072c00fb7b723a469bc615c87f34d2"
        ]
      },
      "ResponseBody": "{\r\n  \"id\": \"/subscriptions/0b1f6471-1bf0-4dda-aec3-cb9272f09590/resourceGroups/javacsmrg8746/providers/Microsoft.Web/sites/java-webapp-2308\",\r\n  \"name\": \"java-webapp-2308\",\r\n  \"type\": \"Microsoft.Web/sites\",\r\n  \"kind\": \"app,linux\",\r\n  \"location\": \"West US\",\r\n  \"tags\": {},\r\n  \"properties\": {\r\n    \"name\": \"java-webapp-2308\",\r\n    \"state\": \"Running\",\r\n    \"hostNames\": [\r\n      \"java-webapp-2308.azurewebsites.net\"\r\n    ],\r\n    \"webSpace\": \"javacsmrg8746-WestUSwebspace\",\r\n    \"selfLink\": \"https://waws-prod-bay-063.api.azurewebsites.windows.net:454/subscriptions/0b1f6471-1bf0-4dda-aec3-cb9272f09590/webspaces/javacsmrg8746-WestUSwebspace/sites/java-webapp-2308\",\r\n    \"repositorySiteName\": \"java-webapp-2308\",\r\n    \"owner\": null,\r\n    \"usageState\": \"Normal\",\r\n    \"enabled\": true,\r\n    \"adminEnabled\": true,\r\n    \"enabledHostNames\": [\r\n      \"java-webapp-2308.azurewebsites.net\",\r\n      \"java-webapp-2308.scm.azurewebsites.net\"\r\n    ],\r\n    \"siteProperties\": {\r\n      \"metadata\": null,\r\n      \"properties\": [],\r\n      \"appSettings\": null\r\n    },\r\n    \"availabilityState\": \"Normal\",\r\n    \"sslCertificates\": null,\r\n    \"csrs\": [],\r\n    \"cers\": null,\r\n    \"siteMode\": null,\r\n    \"hostNameSslStates\": [\r\n      {\r\n        \"name\": \"java-webapp-2308.azurewebsites.net\",\r\n        \"sslState\": \"Disabled\",\r\n        \"ipBasedSslResult\": null,\r\n        \"virtualIP\": null,\r\n        \"thumbprint\": null,\r\n        \"toUpdate\": null,\r\n        \"toUpdateIpBasedSsl\": null,\r\n        \"ipBasedSslState\": \"NotConfigured\",\r\n        \"hostType\": \"Standard\"\r\n      },\r\n      {\r\n        \"name\": \"java-webapp-2308.scm.azurewebsites.net\",\r\n        \"sslState\": \"Disabled\",\r\n        \"ipBasedSslResult\": null,\r\n        \"virtualIP\": null,\r\n        \"thumbprint\": null,\r\n        \"toUpdate\": null,\r\n        \"toUpdateIpBasedSsl\": null,\r\n        \"ipBasedSslState\": \"NotConfigured\",\r\n        \"hostType\": \"Repository\"\r\n      }\r\n    ],\r\n    \"computeMode\": null,\r\n    \"serverFarm\": null,\r\n    \"serverFarmId\": \"/subscriptions/0b1f6471-1bf0-4dda-aec3-cb9272f09590/resourceGroups/javacsmrg8746/providers/Microsoft.Web/serverfarms/java-webapp-2308plan73573566d9\",\r\n    \"reserved\": true,\r\n    \"lastModifiedTimeUtc\": \"2018-01-10T00:53:25.3633333\",\r\n    \"storageRecoveryDefaultState\": \"Running\",\r\n    \"contentAvailabilityState\": \"Normal\",\r\n    \"runtimeAvailabilityState\": \"Normal\",\r\n    \"siteConfig\": null,\r\n    \"deploymentId\": \"java-webapp-2308\",\r\n    \"trafficManagerHostNames\": null,\r\n    \"sku\": \"Standard\",\r\n    \"scmSiteAlsoStopped\": false,\r\n    \"targetSwapSlot\": null,\r\n    \"hostingEnvironment\": null,\r\n    \"hostingEnvironmentProfile\": null,\r\n    \"clientAffinityEnabled\": true,\r\n    \"clientCertEnabled\": false,\r\n    \"hostNamesDisabled\": false,\r\n    \"domainVerificationIdentifiers\": null,\r\n    \"kind\": \"app,linux\",\r\n    \"outboundIpAddresses\": \"13.93.220.109,13.93.205.56,52.160.105.227,104.209.45.67,13.91.108.234\",\r\n    \"possibleOutboundIpAddresses\": \"13.93.220.109,13.93.205.56,52.160.105.227,104.209.45.67,13.91.108.234\",\r\n    \"containerSize\": 0,\r\n    \"dailyMemoryTimeQuota\": 0,\r\n    \"suspendedTill\": null,\r\n    \"siteDisabledReason\": 0,\r\n    \"functionExecutionUnitsCache\": null,\r\n    \"maxNumberOfWorkers\": null,\r\n    \"homeStamp\": \"waws-prod-bay-063\",\r\n    \"cloningInfo\": null,\r\n    \"snapshotInfo\": null,\r\n    \"hostingEnvironmentId\": null,\r\n    \"tags\": {},\r\n    \"resourceGroup\": \"javacsmrg8746\",\r\n    \"defaultHostName\": \"java-webapp-2308.azurewebsites.net\",\r\n    \"slotSwapStatus\": null,\r\n    \"httpsOnly\": false\r\n  }\r\n}",
      "ResponseHeaders": {
        "Content-Type": [
          "application/json"
        ],
        "Expires": [
          "-1"
        ],
        "Cache-Control": [
          "no-cache"
        ],
        "Date": [
          "Wed, 10 Jan 2018 00:53:26 GMT"
        ],
        "Pragma": [
          "no-cache"
        ],
        "Transfer-Encoding": [
          "chunked"
        ],
        "ETag": [
          "\"1D389AD6BBAE135\""
        ],
        "Server": [
          "Microsoft-IIS/10.0"
        ],
        "Vary": [
          "Accept-Encoding"
        ],
        "Strict-Transport-Security": [
          "max-age=31536000; includeSubDomains"
        ],
        "x-ms-request-id": [
          "e723c5bd-8185-41f7-aab6-984458631ce4"
        ],
        "X-AspNet-Version": [
          "4.0.30319"
        ],
        "X-Powered-By": [
          "ASP.NET"
        ],
        "x-ms-ratelimit-remaining-subscription-reads": [
          "14977"
        ],
        "x-ms-correlation-request-id": [
          "463e569e-cd06-457a-8359-d574877a0483"
        ],
        "x-ms-routing-request-id": [
          "WESTUS2:20180110T005327Z:463e569e-cd06-457a-8359-d574877a0483"
        ]
      },
      "StatusCode": 200
    },
    {
      "RequestUri": "/subscriptions/0b1f6471-1bf0-4dda-aec3-cb9272f09590/resourceGroups/javacsmrg8746/providers/Microsoft.Web/sites/java-webapp-2308/config/web?api-version=2016-08-01",
      "EncodedRequestUri": "L3N1YnNjcmlwdGlvbnMvMGIxZjY0NzEtMWJmMC00ZGRhLWFlYzMtY2I5MjcyZjA5NTkwL3Jlc291cmNlR3JvdXBzL2phdmFjc21yZzg3NDYvcHJvdmlkZXJzL01pY3Jvc29mdC5XZWIvc2l0ZXMvamF2YS13ZWJhcHAtMjMwOC9jb25maWcvd2ViP2FwaS12ZXJzaW9uPTIwMTYtMDgtMDE=",
      "RequestMethod": "PUT",
      "RequestBody": "{\r\n  \"properties\": {\r\n    \"linuxFxVersion\": \"DOCKER|wordpress\"\r\n  }\r\n}",
      "RequestHeaders": {
        "Content-Type": [
          "application/json; charset=utf-8"
        ],
        "Content-Length": [
          "70"
        ],
        "x-ms-client-request-id": [
          "03633f3e-6a3a-4c59-a59b-bacd93f41613"
        ],
        "accept-language": [
          "en-US"
        ],
        "User-Agent": [
          "FxVersion/4.6.25211.01",
          "Microsoft.Azure.Management.AppService.Fluent.WebSiteManagementClient/1.4.1.0",
          "MacAddressHash/8aacf6245de346f347b0601b2da7a93ac9072c00fb7b723a469bc615c87f34d2"
        ]
      },
      "ResponseBody": "{\r\n  \"id\": \"/subscriptions/0b1f6471-1bf0-4dda-aec3-cb9272f09590/resourceGroups/javacsmrg8746/providers/Microsoft.Web/sites/java-webapp-2308\",\r\n  \"name\": \"java-webapp-2308\",\r\n  \"type\": \"Microsoft.Web/sites\",\r\n  \"location\": \"West US\",\r\n  \"tags\": {},\r\n  \"properties\": {\r\n    \"numberOfWorkers\": 1,\r\n    \"defaultDocuments\": [\r\n      \"Default.htm\",\r\n      \"Default.html\",\r\n      \"Default.asp\",\r\n      \"index.htm\",\r\n      \"index.html\",\r\n      \"iisstart.htm\",\r\n      \"default.aspx\",\r\n      \"index.php\",\r\n      \"hostingstart.html\"\r\n    ],\r\n    \"netFrameworkVersion\": \"v4.0\",\r\n    \"phpVersion\": \"\",\r\n    \"pythonVersion\": \"\",\r\n    \"nodeVersion\": \"\",\r\n    \"linuxFxVersion\": \"DOCKER|wordpress\",\r\n    \"requestTracingEnabled\": false,\r\n    \"remoteDebuggingEnabled\": false,\r\n    \"remoteDebuggingVersion\": null,\r\n    \"httpLoggingEnabled\": false,\r\n    \"logsDirectorySizeLimit\": 35,\r\n    \"detailedErrorLoggingEnabled\": false,\r\n    \"publishingUsername\": \"$java-webapp-2308\",\r\n    \"publishingPassword\": null,\r\n    \"appSettings\": null,\r\n    \"metadata\": null,\r\n    \"connectionStrings\": null,\r\n    \"machineKey\": null,\r\n    \"handlerMappings\": null,\r\n    \"documentRoot\": null,\r\n    \"scmType\": \"None\",\r\n    \"use32BitWorkerProcess\": true,\r\n    \"webSocketsEnabled\": false,\r\n    \"alwaysOn\": false,\r\n    \"javaVersion\": null,\r\n    \"javaContainer\": null,\r\n    \"javaContainerVersion\": null,\r\n    \"appCommandLine\": \"\",\r\n    \"managedPipelineMode\": \"Integrated\",\r\n    \"virtualApplications\": [\r\n      {\r\n        \"virtualPath\": \"/\",\r\n        \"physicalPath\": \"site\\\\wwwroot\",\r\n        \"preloadEnabled\": false,\r\n        \"virtualDirectories\": null\r\n      }\r\n    ],\r\n    \"winAuthAdminState\": 0,\r\n    \"winAuthTenantState\": 0,\r\n    \"customAppPoolIdentityAdminState\": false,\r\n    \"customAppPoolIdentityTenantState\": false,\r\n    \"runtimeADUser\": null,\r\n    \"runtimeADUserPassword\": null,\r\n    \"loadBalancing\": \"LeastRequests\",\r\n    \"routingRules\": [],\r\n    \"experiments\": {\r\n      \"rampUpRules\": []\r\n    },\r\n    \"limits\": null,\r\n    \"autoHealEnabled\": false,\r\n    \"autoHealRules\": null,\r\n    \"tracingOptions\": null,\r\n    \"vnetName\": \"\",\r\n    \"siteAuthEnabled\": false,\r\n    \"siteAuthSettings\": {\r\n      \"enabled\": null,\r\n      \"unauthenticatedClientAction\": null,\r\n      \"tokenStoreEnabled\": null,\r\n      \"allowedExternalRedirectUrls\": null,\r\n      \"defaultProvider\": null,\r\n      \"clientId\": null,\r\n      \"clientSecret\": null,\r\n      \"issuer\": null,\r\n      \"allowedAudiences\": null,\r\n      \"additionalLoginParams\": null,\r\n      \"isAadAutoProvisioned\": false,\r\n      \"googleClientId\": null,\r\n      \"googleClientSecret\": null,\r\n      \"googleOAuthScopes\": null,\r\n      \"facebookAppId\": null,\r\n      \"facebookAppSecret\": null,\r\n      \"facebookOAuthScopes\": null,\r\n      \"twitterConsumerKey\": null,\r\n      \"twitterConsumerSecret\": null,\r\n      \"microsoftAccountClientId\": null,\r\n      \"microsoftAccountClientSecret\": null,\r\n      \"microsoftAccountOAuthScopes\": null\r\n    },\r\n    \"cors\": null,\r\n    \"push\": null,\r\n    \"apiDefinition\": null,\r\n    \"autoSwapSlotName\": null,\r\n    \"localMySqlEnabled\": false,\r\n    \"managedServiceIdentityId\": null,\r\n    \"ipSecurityRestrictions\": null\r\n  }\r\n}",
      "ResponseHeaders": {
        "Content-Type": [
          "application/json"
        ],
        "Expires": [
          "-1"
        ],
        "Cache-Control": [
          "no-cache"
        ],
        "Date": [
          "Wed, 10 Jan 2018 00:53:00 GMT"
        ],
        "Pragma": [
          "no-cache"
        ],
        "Transfer-Encoding": [
          "chunked"
        ],
        "ETag": [
          "\"1D389AD5BF3E0D5\""
        ],
        "Server": [
          "Microsoft-IIS/10.0"
        ],
        "Vary": [
          "Accept-Encoding"
        ],
        "Strict-Transport-Security": [
          "max-age=31536000; includeSubDomains"
        ],
        "x-ms-request-id": [
          "f8d077c2-873f-4bb8-a5d8-faec63f0733a"
        ],
        "X-AspNet-Version": [
          "4.0.30319"
        ],
        "X-Powered-By": [
          "ASP.NET"
        ],
        "x-ms-ratelimit-remaining-subscription-writes": [
          "1190"
        ],
        "x-ms-correlation-request-id": [
          "ffdfdd0c-dcea-4099-aef1-cb01fddc2beb"
        ],
        "x-ms-routing-request-id": [
          "WESTUS2:20180110T005300Z:ffdfdd0c-dcea-4099-aef1-cb01fddc2beb"
        ]
      },
      "StatusCode": 200
    },
    {
      "RequestUri": "/subscriptions/0b1f6471-1bf0-4dda-aec3-cb9272f09590/resourceGroups/javacsmrg8746/providers/Microsoft.Web/sites/java-webapp-2308/config/web?api-version=2016-08-01",
      "EncodedRequestUri": "L3N1YnNjcmlwdGlvbnMvMGIxZjY0NzEtMWJmMC00ZGRhLWFlYzMtY2I5MjcyZjA5NTkwL3Jlc291cmNlR3JvdXBzL2phdmFjc21yZzg3NDYvcHJvdmlkZXJzL01pY3Jvc29mdC5XZWIvc2l0ZXMvamF2YS13ZWJhcHAtMjMwOC9jb25maWcvd2ViP2FwaS12ZXJzaW9uPTIwMTYtMDgtMDE=",
      "RequestMethod": "PUT",
      "RequestBody": "{\r\n  \"properties\": {\r\n    \"numberOfWorkers\": 1,\r\n    \"defaultDocuments\": [\r\n      \"Default.htm\",\r\n      \"Default.html\",\r\n      \"Default.asp\",\r\n      \"index.htm\",\r\n      \"index.html\",\r\n      \"iisstart.htm\",\r\n      \"default.aspx\",\r\n      \"index.php\",\r\n      \"hostingstart.html\"\r\n    ],\r\n    \"netFrameworkVersion\": \"v4.0\",\r\n    \"phpVersion\": \"\",\r\n    \"pythonVersion\": \"\",\r\n    \"nodeVersion\": \"\",\r\n    \"linuxFxVersion\": \"DOCKER|wordpress\",\r\n    \"requestTracingEnabled\": false,\r\n    \"remoteDebuggingEnabled\": false,\r\n    \"httpLoggingEnabled\": false,\r\n    \"logsDirectorySizeLimit\": 35,\r\n    \"detailedErrorLoggingEnabled\": false,\r\n    \"publishingUsername\": \"$java-webapp-2308\",\r\n    \"scmType\": \"None\",\r\n    \"use32BitWorkerProcess\": true,\r\n    \"webSocketsEnabled\": false,\r\n    \"alwaysOn\": false,\r\n    \"appCommandLine\": \"\",\r\n    \"managedPipelineMode\": \"Integrated\",\r\n    \"virtualApplications\": [\r\n      {\r\n        \"virtualPath\": \"/\",\r\n        \"physicalPath\": \"site\\\\wwwroot\",\r\n        \"preloadEnabled\": false\r\n      }\r\n    ],\r\n    \"loadBalancing\": \"LeastRequests\",\r\n    \"experiments\": {\r\n      \"rampUpRules\": []\r\n    },\r\n    \"autoHealEnabled\": false,\r\n    \"vnetName\": \"\",\r\n    \"localMySqlEnabled\": false\r\n  }\r\n}",
      "RequestHeaders": {
        "Content-Type": [
          "application/json; charset=utf-8"
        ],
        "Content-Length": [
          "1202"
        ],
        "x-ms-client-request-id": [
          "9965f532-54bb-4fc9-954d-dcfd787cd562"
        ],
        "accept-language": [
          "en-US"
        ],
        "User-Agent": [
          "FxVersion/4.6.25211.01",
          "Microsoft.Azure.Management.AppService.Fluent.WebSiteManagementClient/1.4.1.0",
          "MacAddressHash/8aacf6245de346f347b0601b2da7a93ac9072c00fb7b723a469bc615c87f34d2"
        ]
      },
      "ResponseBody": "{\r\n  \"id\": \"/subscriptions/0b1f6471-1bf0-4dda-aec3-cb9272f09590/resourceGroups/javacsmrg8746/providers/Microsoft.Web/sites/java-webapp-2308\",\r\n  \"name\": \"java-webapp-2308\",\r\n  \"type\": \"Microsoft.Web/sites\",\r\n  \"location\": \"West US\",\r\n  \"tags\": {},\r\n  \"properties\": {\r\n    \"numberOfWorkers\": 1,\r\n    \"defaultDocuments\": [\r\n      \"Default.htm\",\r\n      \"Default.html\",\r\n      \"Default.asp\",\r\n      \"index.htm\",\r\n      \"index.html\",\r\n      \"iisstart.htm\",\r\n      \"default.aspx\",\r\n      \"index.php\",\r\n      \"hostingstart.html\"\r\n    ],\r\n    \"netFrameworkVersion\": \"v4.0\",\r\n    \"phpVersion\": \"\",\r\n    \"pythonVersion\": \"\",\r\n    \"nodeVersion\": \"\",\r\n    \"linuxFxVersion\": \"DOCKER|wordpress\",\r\n    \"requestTracingEnabled\": false,\r\n    \"remoteDebuggingEnabled\": false,\r\n    \"remoteDebuggingVersion\": \"VS2012\",\r\n    \"httpLoggingEnabled\": false,\r\n    \"logsDirectorySizeLimit\": 35,\r\n    \"detailedErrorLoggingEnabled\": false,\r\n    \"publishingUsername\": \"$java-webapp-2308\",\r\n    \"publishingPassword\": null,\r\n    \"appSettings\": null,\r\n    \"metadata\": null,\r\n    \"connectionStrings\": null,\r\n    \"machineKey\": null,\r\n    \"handlerMappings\": null,\r\n    \"documentRoot\": null,\r\n    \"scmType\": \"None\",\r\n    \"use32BitWorkerProcess\": true,\r\n    \"webSocketsEnabled\": false,\r\n    \"alwaysOn\": false,\r\n    \"javaVersion\": null,\r\n    \"javaContainer\": null,\r\n    \"javaContainerVersion\": null,\r\n    \"appCommandLine\": \"\",\r\n    \"managedPipelineMode\": \"Integrated\",\r\n    \"virtualApplications\": [\r\n      {\r\n        \"virtualPath\": \"/\",\r\n        \"physicalPath\": \"site\\\\wwwroot\",\r\n        \"preloadEnabled\": false,\r\n        \"virtualDirectories\": null\r\n      }\r\n    ],\r\n    \"winAuthAdminState\": 0,\r\n    \"winAuthTenantState\": 0,\r\n    \"customAppPoolIdentityAdminState\": false,\r\n    \"customAppPoolIdentityTenantState\": false,\r\n    \"runtimeADUser\": null,\r\n    \"runtimeADUserPassword\": null,\r\n    \"loadBalancing\": \"LeastRequests\",\r\n    \"routingRules\": [],\r\n    \"experiments\": {\r\n      \"rampUpRules\": []\r\n    },\r\n    \"limits\": null,\r\n    \"autoHealEnabled\": false,\r\n    \"autoHealRules\": null,\r\n    \"tracingOptions\": null,\r\n    \"vnetName\": \"\",\r\n    \"siteAuthEnabled\": false,\r\n    \"siteAuthSettings\": {\r\n      \"enabled\": null,\r\n      \"unauthenticatedClientAction\": null,\r\n      \"tokenStoreEnabled\": null,\r\n      \"allowedExternalRedirectUrls\": null,\r\n      \"defaultProvider\": null,\r\n      \"clientId\": null,\r\n      \"clientSecret\": null,\r\n      \"issuer\": null,\r\n      \"allowedAudiences\": null,\r\n      \"additionalLoginParams\": null,\r\n      \"isAadAutoProvisioned\": false,\r\n      \"googleClientId\": null,\r\n      \"googleClientSecret\": null,\r\n      \"googleOAuthScopes\": null,\r\n      \"facebookAppId\": null,\r\n      \"facebookAppSecret\": null,\r\n      \"facebookOAuthScopes\": null,\r\n      \"twitterConsumerKey\": null,\r\n      \"twitterConsumerSecret\": null,\r\n      \"microsoftAccountClientId\": null,\r\n      \"microsoftAccountClientSecret\": null,\r\n      \"microsoftAccountOAuthScopes\": null\r\n    },\r\n    \"cors\": null,\r\n    \"push\": null,\r\n    \"apiDefinition\": null,\r\n    \"autoSwapSlotName\": null,\r\n    \"localMySqlEnabled\": false,\r\n    \"managedServiceIdentityId\": null,\r\n    \"ipSecurityRestrictions\": null\r\n  }\r\n}",
      "ResponseHeaders": {
        "Content-Type": [
          "application/json"
        ],
        "Expires": [
          "-1"
        ],
        "Cache-Control": [
          "no-cache"
        ],
        "Date": [
          "Wed, 10 Jan 2018 00:53:24 GMT"
        ],
        "Pragma": [
          "no-cache"
        ],
        "Transfer-Encoding": [
          "chunked"
        ],
        "ETag": [
          "\"1D389AD6AADD100\""
        ],
        "Server": [
          "Microsoft-IIS/10.0"
        ],
        "Vary": [
          "Accept-Encoding"
        ],
        "Strict-Transport-Security": [
          "max-age=31536000; includeSubDomains"
        ],
        "x-ms-request-id": [
          "4723f32a-ae63-4e6d-ac3a-7ef94874b2f9"
        ],
        "X-AspNet-Version": [
          "4.0.30319"
        ],
        "X-Powered-By": [
          "ASP.NET"
        ],
        "x-ms-ratelimit-remaining-subscription-writes": [
          "1184"
        ],
        "x-ms-correlation-request-id": [
          "b83e6b4c-75eb-486e-bc99-b855e58fd230"
        ],
        "x-ms-routing-request-id": [
          "WESTUS2:20180110T005324Z:b83e6b4c-75eb-486e-bc99-b855e58fd230"
        ]
      },
      "StatusCode": 200
    },
    {
      "RequestUri": "/subscriptions/0b1f6471-1bf0-4dda-aec3-cb9272f09590/resourceGroups/javacsmrg8746/providers/Microsoft.Web/sites/java-webapp-2308/config/web?api-version=2016-08-01",
      "EncodedRequestUri": "L3N1YnNjcmlwdGlvbnMvMGIxZjY0NzEtMWJmMC00ZGRhLWFlYzMtY2I5MjcyZjA5NTkwL3Jlc291cmNlR3JvdXBzL2phdmFjc21yZzg3NDYvcHJvdmlkZXJzL01pY3Jvc29mdC5XZWIvc2l0ZXMvamF2YS13ZWJhcHAtMjMwOC9jb25maWcvd2ViP2FwaS12ZXJzaW9uPTIwMTYtMDgtMDE=",
      "RequestMethod": "PUT",
      "RequestBody": "{\r\n  \"properties\": {\r\n    \"numberOfWorkers\": 1,\r\n    \"defaultDocuments\": [\r\n      \"Default.htm\",\r\n      \"Default.html\",\r\n      \"Default.asp\",\r\n      \"index.htm\",\r\n      \"index.html\",\r\n      \"iisstart.htm\",\r\n      \"default.aspx\",\r\n      \"index.php\",\r\n      \"hostingstart.html\"\r\n    ],\r\n    \"netFrameworkVersion\": \"v4.0\",\r\n    \"pythonVersion\": \"\",\r\n    \"nodeVersion\": \"6.6\",\r\n    \"linuxFxVersion\": \"NODE|6.6\",\r\n    \"requestTracingEnabled\": false,\r\n    \"remoteDebuggingEnabled\": false,\r\n    \"remoteDebuggingVersion\": \"VS2012\",\r\n    \"httpLoggingEnabled\": false,\r\n    \"logsDirectorySizeLimit\": 35,\r\n    \"detailedErrorLoggingEnabled\": false,\r\n    \"publishingUsername\": \"$java-webapp-2308\",\r\n    \"scmType\": \"None\",\r\n    \"use32BitWorkerProcess\": true,\r\n    \"webSocketsEnabled\": false,\r\n    \"alwaysOn\": false,\r\n    \"appCommandLine\": \"\",\r\n    \"managedPipelineMode\": \"Integrated\",\r\n    \"virtualApplications\": [\r\n      {\r\n        \"virtualPath\": \"/\",\r\n        \"physicalPath\": \"site\\\\wwwroot\",\r\n        \"preloadEnabled\": false\r\n      }\r\n    ],\r\n    \"loadBalancing\": \"LeastRequests\",\r\n    \"experiments\": {\r\n      \"rampUpRules\": []\r\n    },\r\n    \"autoHealEnabled\": false,\r\n    \"vnetName\": \"\",\r\n    \"localMySqlEnabled\": false\r\n  }\r\n}",
      "RequestHeaders": {
        "Content-Type": [
          "application/json; charset=utf-8"
        ],
        "Content-Length": [
          "1215"
        ],
        "x-ms-client-request-id": [
          "82fc12ef-a27d-4068-9ffe-329aac6fecb8"
        ],
        "accept-language": [
          "en-US"
        ],
        "User-Agent": [
          "FxVersion/4.6.25211.01",
          "Microsoft.Azure.Management.AppService.Fluent.WebSiteManagementClient/1.4.1.0",
          "MacAddressHash/8aacf6245de346f347b0601b2da7a93ac9072c00fb7b723a469bc615c87f34d2"
        ]
      },
      "ResponseBody": "{\r\n  \"id\": \"/subscriptions/0b1f6471-1bf0-4dda-aec3-cb9272f09590/resourceGroups/javacsmrg8746/providers/Microsoft.Web/sites/java-webapp-2308\",\r\n  \"name\": \"java-webapp-2308\",\r\n  \"type\": \"Microsoft.Web/sites\",\r\n  \"location\": \"West US\",\r\n  \"tags\": {},\r\n  \"properties\": {\r\n    \"numberOfWorkers\": 1,\r\n    \"defaultDocuments\": [\r\n      \"Default.htm\",\r\n      \"Default.html\",\r\n      \"Default.asp\",\r\n      \"index.htm\",\r\n      \"index.html\",\r\n      \"iisstart.htm\",\r\n      \"default.aspx\",\r\n      \"index.php\",\r\n      \"hostingstart.html\"\r\n    ],\r\n    \"netFrameworkVersion\": \"v4.0\",\r\n    \"phpVersion\": \"\",\r\n    \"pythonVersion\": \"\",\r\n    \"nodeVersion\": \"6.6\",\r\n    \"linuxFxVersion\": \"NODE|6.6\",\r\n    \"requestTracingEnabled\": false,\r\n    \"remoteDebuggingEnabled\": false,\r\n    \"remoteDebuggingVersion\": \"VS2012\",\r\n    \"httpLoggingEnabled\": false,\r\n    \"logsDirectorySizeLimit\": 35,\r\n    \"detailedErrorLoggingEnabled\": false,\r\n    \"publishingUsername\": \"$java-webapp-2308\",\r\n    \"publishingPassword\": null,\r\n    \"appSettings\": null,\r\n    \"metadata\": null,\r\n    \"connectionStrings\": null,\r\n    \"machineKey\": null,\r\n    \"handlerMappings\": null,\r\n    \"documentRoot\": null,\r\n    \"scmType\": \"None\",\r\n    \"use32BitWorkerProcess\": true,\r\n    \"webSocketsEnabled\": false,\r\n    \"alwaysOn\": false,\r\n    \"javaVersion\": null,\r\n    \"javaContainer\": null,\r\n    \"javaContainerVersion\": null,\r\n    \"appCommandLine\": \"\",\r\n    \"managedPipelineMode\": \"Integrated\",\r\n    \"virtualApplications\": [\r\n      {\r\n        \"virtualPath\": \"/\",\r\n        \"physicalPath\": \"site\\\\wwwroot\",\r\n        \"preloadEnabled\": false,\r\n        \"virtualDirectories\": null\r\n      }\r\n    ],\r\n    \"winAuthAdminState\": 0,\r\n    \"winAuthTenantState\": 0,\r\n    \"customAppPoolIdentityAdminState\": false,\r\n    \"customAppPoolIdentityTenantState\": false,\r\n    \"runtimeADUser\": null,\r\n    \"runtimeADUserPassword\": null,\r\n    \"loadBalancing\": \"LeastRequests\",\r\n    \"routingRules\": [],\r\n    \"experiments\": {\r\n      \"rampUpRules\": []\r\n    },\r\n    \"limits\": null,\r\n    \"autoHealEnabled\": false,\r\n    \"autoHealRules\": null,\r\n    \"tracingOptions\": null,\r\n    \"vnetName\": \"\",\r\n    \"siteAuthEnabled\": false,\r\n    \"siteAuthSettings\": {\r\n      \"enabled\": null,\r\n      \"unauthenticatedClientAction\": null,\r\n      \"tokenStoreEnabled\": null,\r\n      \"allowedExternalRedirectUrls\": null,\r\n      \"defaultProvider\": null,\r\n      \"clientId\": null,\r\n      \"clientSecret\": null,\r\n      \"issuer\": null,\r\n      \"allowedAudiences\": null,\r\n      \"additionalLoginParams\": null,\r\n      \"isAadAutoProvisioned\": false,\r\n      \"googleClientId\": null,\r\n      \"googleClientSecret\": null,\r\n      \"googleOAuthScopes\": null,\r\n      \"facebookAppId\": null,\r\n      \"facebookAppSecret\": null,\r\n      \"facebookOAuthScopes\": null,\r\n      \"twitterConsumerKey\": null,\r\n      \"twitterConsumerSecret\": null,\r\n      \"microsoftAccountClientId\": null,\r\n      \"microsoftAccountClientSecret\": null,\r\n      \"microsoftAccountOAuthScopes\": null\r\n    },\r\n    \"cors\": null,\r\n    \"push\": null,\r\n    \"apiDefinition\": null,\r\n    \"autoSwapSlotName\": null,\r\n    \"localMySqlEnabled\": false,\r\n    \"managedServiceIdentityId\": null,\r\n    \"ipSecurityRestrictions\": null\r\n  }\r\n}",
      "ResponseHeaders": {
        "Content-Type": [
          "application/json"
        ],
        "Expires": [
          "-1"
        ],
        "Cache-Control": [
          "no-cache"
        ],
        "Date": [
          "Wed, 10 Jan 2018 00:53:27 GMT"
        ],
        "Pragma": [
          "no-cache"
        ],
        "Transfer-Encoding": [
          "chunked"
        ],
        "ETag": [
          "\"1D389AD6C94102B\""
        ],
        "Server": [
          "Microsoft-IIS/10.0"
        ],
        "Vary": [
          "Accept-Encoding"
        ],
        "Strict-Transport-Security": [
          "max-age=31536000; includeSubDomains"
        ],
        "x-ms-request-id": [
          "191ee5eb-9699-4dbb-99a6-a7412700b4fe"
        ],
        "X-AspNet-Version": [
          "4.0.30319"
        ],
        "X-Powered-By": [
          "ASP.NET"
        ],
        "x-ms-ratelimit-remaining-subscription-writes": [
          "1182"
        ],
        "x-ms-correlation-request-id": [
          "37ceae8d-f8bd-485a-bdfe-d0f8a49ce657"
        ],
        "x-ms-routing-request-id": [
          "WESTUS2:20180110T005328Z:37ceae8d-f8bd-485a-bdfe-d0f8a49ce657"
        ]
      },
      "StatusCode": 200
    },
    {
      "RequestUri": "/subscriptions/0b1f6471-1bf0-4dda-aec3-cb9272f09590/resourceGroups/javacsmrg8746/providers/Microsoft.Web/sites/java-webapp-2308/config/appsettings/list?api-version=2016-08-01",
      "EncodedRequestUri": "L3N1YnNjcmlwdGlvbnMvMGIxZjY0NzEtMWJmMC00ZGRhLWFlYzMtY2I5MjcyZjA5NTkwL3Jlc291cmNlR3JvdXBzL2phdmFjc21yZzg3NDYvcHJvdmlkZXJzL01pY3Jvc29mdC5XZWIvc2l0ZXMvamF2YS13ZWJhcHAtMjMwOC9jb25maWcvYXBwc2V0dGluZ3MvbGlzdD9hcGktdmVyc2lvbj0yMDE2LTA4LTAx",
      "RequestMethod": "POST",
      "RequestBody": "",
      "RequestHeaders": {
        "x-ms-client-request-id": [
          "9ac7ad8c-5e99-401b-8cf4-ec1ec650158e"
        ],
        "accept-language": [
          "en-US"
        ],
        "User-Agent": [
          "FxVersion/4.6.25211.01",
          "Microsoft.Azure.Management.AppService.Fluent.WebSiteManagementClient/1.4.1.0",
          "MacAddressHash/8aacf6245de346f347b0601b2da7a93ac9072c00fb7b723a469bc615c87f34d2"
        ]
      },
      "ResponseBody": "{\r\n  \"id\": \"/subscriptions/0b1f6471-1bf0-4dda-aec3-cb9272f09590/resourceGroups/javacsmrg8746/providers/Microsoft.Web/sites/java-webapp-2308/config/appsettings\",\r\n  \"name\": \"appsettings\",\r\n  \"type\": \"Microsoft.Web/sites/config\",\r\n  \"location\": \"West US\",\r\n  \"tags\": {},\r\n  \"properties\": {}\r\n}",
      "ResponseHeaders": {
        "Content-Type": [
          "application/json"
        ],
        "Expires": [
          "-1"
        ],
        "Cache-Control": [
          "no-cache"
        ],
        "Date": [
          "Wed, 10 Jan 2018 00:53:00 GMT"
        ],
        "Pragma": [
          "no-cache"
        ],
        "Transfer-Encoding": [
          "chunked"
        ],
        "Server": [
          "Microsoft-IIS/10.0"
        ],
        "Vary": [
          "Accept-Encoding"
        ],
        "Strict-Transport-Security": [
          "max-age=31536000; includeSubDomains"
        ],
        "x-ms-request-id": [
          "eb6a9277-8256-4ea3-97ae-8a1fe367208f"
        ],
        "X-AspNet-Version": [
          "4.0.30319"
        ],
        "X-Powered-By": [
          "ASP.NET"
        ],
        "x-ms-ratelimit-remaining-subscription-resource-requests": [
          "11999"
        ],
        "x-ms-correlation-request-id": [
          "ba775395-6a75-4049-b1d2-1bbe3b5e7c4a"
        ],
        "x-ms-routing-request-id": [
          "WESTUS2:20180110T005300Z:ba775395-6a75-4049-b1d2-1bbe3b5e7c4a"
        ]
      },
      "StatusCode": 200
    },
    {
      "RequestUri": "/subscriptions/0b1f6471-1bf0-4dda-aec3-cb9272f09590/resourceGroups/javacsmrg8746/providers/Microsoft.Web/sites/java-webapp-2308/config/appsettings/list?api-version=2016-08-01",
      "EncodedRequestUri": "L3N1YnNjcmlwdGlvbnMvMGIxZjY0NzEtMWJmMC00ZGRhLWFlYzMtY2I5MjcyZjA5NTkwL3Jlc291cmNlR3JvdXBzL2phdmFjc21yZzg3NDYvcHJvdmlkZXJzL01pY3Jvc29mdC5XZWIvc2l0ZXMvamF2YS13ZWJhcHAtMjMwOC9jb25maWcvYXBwc2V0dGluZ3MvbGlzdD9hcGktdmVyc2lvbj0yMDE2LTA4LTAx",
      "RequestMethod": "POST",
      "RequestBody": "",
      "RequestHeaders": {
        "x-ms-client-request-id": [
          "27c4e224-aac2-4769-b0d6-8e3098fe5995"
        ],
        "accept-language": [
          "en-US"
        ],
        "User-Agent": [
          "FxVersion/4.6.25211.01",
          "Microsoft.Azure.Management.AppService.Fluent.WebSiteManagementClient/1.4.1.0",
          "MacAddressHash/8aacf6245de346f347b0601b2da7a93ac9072c00fb7b723a469bc615c87f34d2"
        ]
      },
      "ResponseBody": "{\r\n  \"id\": \"/subscriptions/0b1f6471-1bf0-4dda-aec3-cb9272f09590/resourceGroups/javacsmrg8746/providers/Microsoft.Web/sites/java-webapp-2308/config/appsettings\",\r\n  \"name\": \"appsettings\",\r\n  \"type\": \"Microsoft.Web/sites/config\",\r\n  \"location\": \"West US\",\r\n  \"tags\": {},\r\n  \"properties\": {\r\n    \"DOCKER_CUSTOM_IMAGE_NAME\": \"wordpress\"\r\n  }\r\n}",
      "ResponseHeaders": {
        "Content-Type": [
          "application/json"
        ],
        "Expires": [
          "-1"
        ],
        "Cache-Control": [
          "no-cache"
        ],
        "Date": [
          "Wed, 10 Jan 2018 00:53:27 GMT"
        ],
        "Pragma": [
          "no-cache"
        ],
        "Transfer-Encoding": [
          "chunked"
        ],
        "Server": [
          "Microsoft-IIS/10.0"
        ],
        "Vary": [
          "Accept-Encoding"
        ],
        "Strict-Transport-Security": [
          "max-age=31536000; includeSubDomains"
        ],
        "x-ms-request-id": [
          "fbab8288-341c-4af3-a408-0cda93c5f83a"
        ],
        "X-AspNet-Version": [
          "4.0.30319"
        ],
        "X-Powered-By": [
          "ASP.NET"
        ],
        "x-ms-ratelimit-remaining-subscription-resource-requests": [
          "11998"
        ],
        "x-ms-correlation-request-id": [
          "fcf5b566-3a08-4b21-9d67-583f273a039e"
        ],
        "x-ms-routing-request-id": [
          "WESTUS2:20180110T005328Z:fcf5b566-3a08-4b21-9d67-583f273a039e"
        ]
      },
      "StatusCode": 200
    },
    {
      "RequestUri": "/subscriptions/0b1f6471-1bf0-4dda-aec3-cb9272f09590/resourceGroups/javacsmrg8746/providers/Microsoft.Web/sites/java-webapp-2308/config/appsettings?api-version=2016-08-01",
      "EncodedRequestUri": "L3N1YnNjcmlwdGlvbnMvMGIxZjY0NzEtMWJmMC00ZGRhLWFlYzMtY2I5MjcyZjA5NTkwL3Jlc291cmNlR3JvdXBzL2phdmFjc21yZzg3NDYvcHJvdmlkZXJzL01pY3Jvc29mdC5XZWIvc2l0ZXMvamF2YS13ZWJhcHAtMjMwOC9jb25maWcvYXBwc2V0dGluZ3M/YXBpLXZlcnNpb249MjAxNi0wOC0wMQ==",
      "RequestMethod": "PUT",
      "RequestBody": "{\r\n  \"properties\": {\r\n    \"DOCKER_CUSTOM_IMAGE_NAME\": \"wordpress\"\r\n  }\r\n}",
      "RequestHeaders": {
        "Content-Type": [
          "application/json; charset=utf-8"
        ],
        "Content-Length": [
          "73"
        ],
        "x-ms-client-request-id": [
          "6dd520c6-fd38-4902-88a0-542cd3646b71"
        ],
        "accept-language": [
          "en-US"
        ],
        "User-Agent": [
          "FxVersion/4.6.25211.01",
          "Microsoft.Azure.Management.AppService.Fluent.WebSiteManagementClient/1.4.1.0",
          "MacAddressHash/8aacf6245de346f347b0601b2da7a93ac9072c00fb7b723a469bc615c87f34d2"
        ]
      },
      "ResponseBody": "{\r\n  \"id\": \"/subscriptions/0b1f6471-1bf0-4dda-aec3-cb9272f09590/resourceGroups/javacsmrg8746/providers/Microsoft.Web/sites/java-webapp-2308/config/appsettings\",\r\n  \"name\": \"appsettings\",\r\n  \"type\": \"Microsoft.Web/sites/config\",\r\n  \"location\": \"West US\",\r\n  \"tags\": {},\r\n  \"properties\": {\r\n    \"DOCKER_CUSTOM_IMAGE_NAME\": \"wordpress\"\r\n  }\r\n}",
      "ResponseHeaders": {
        "Content-Type": [
          "application/json"
        ],
        "Expires": [
          "-1"
        ],
        "Cache-Control": [
          "no-cache"
        ],
        "Date": [
          "Wed, 10 Jan 2018 00:53:01 GMT"
        ],
        "Pragma": [
          "no-cache"
        ],
        "Transfer-Encoding": [
          "chunked"
        ],
        "ETag": [
          "\"1D389AD5C8A6E80\""
        ],
        "Server": [
          "Microsoft-IIS/10.0"
        ],
        "Vary": [
          "Accept-Encoding"
        ],
        "Strict-Transport-Security": [
          "max-age=31536000; includeSubDomains"
        ],
        "x-ms-request-id": [
          "bc1e918c-7ccf-4169-b6e1-1141e09f9d90"
        ],
        "X-AspNet-Version": [
          "4.0.30319"
        ],
        "X-Powered-By": [
          "ASP.NET"
        ],
        "x-ms-ratelimit-remaining-subscription-writes": [
          "1189"
        ],
        "x-ms-correlation-request-id": [
          "ce741139-ecdb-408a-95ff-0055ba0036f3"
        ],
        "x-ms-routing-request-id": [
          "WESTUS2:20180110T005301Z:ce741139-ecdb-408a-95ff-0055ba0036f3"
        ]
      },
      "StatusCode": 200
    },
    {
      "RequestUri": "/subscriptions/0b1f6471-1bf0-4dda-aec3-cb9272f09590/resourceGroups/javacsmrg8746/providers/Microsoft.Web/sites/java-webapp-2308/config/appsettings?api-version=2016-08-01",
      "EncodedRequestUri": "L3N1YnNjcmlwdGlvbnMvMGIxZjY0NzEtMWJmMC00ZGRhLWFlYzMtY2I5MjcyZjA5NTkwL3Jlc291cmNlR3JvdXBzL2phdmFjc21yZzg3NDYvcHJvdmlkZXJzL01pY3Jvc29mdC5XZWIvc2l0ZXMvamF2YS13ZWJhcHAtMjMwOC9jb25maWcvYXBwc2V0dGluZ3M/YXBpLXZlcnNpb249MjAxNi0wOC0wMQ==",
      "RequestMethod": "PUT",
      "RequestBody": "{\r\n  \"properties\": {}\r\n}",
      "RequestHeaders": {
        "Content-Type": [
          "application/json; charset=utf-8"
        ],
        "Content-Length": [
          "24"
        ],
        "x-ms-client-request-id": [
          "f88b6605-8dd1-42e5-b663-595388baa4fe"
        ],
        "accept-language": [
          "en-US"
        ],
        "User-Agent": [
          "FxVersion/4.6.25211.01",
          "Microsoft.Azure.Management.AppService.Fluent.WebSiteManagementClient/1.4.1.0",
          "MacAddressHash/8aacf6245de346f347b0601b2da7a93ac9072c00fb7b723a469bc615c87f34d2"
        ]
      },
      "ResponseBody": "{\r\n  \"id\": \"/subscriptions/0b1f6471-1bf0-4dda-aec3-cb9272f09590/resourceGroups/javacsmrg8746/providers/Microsoft.Web/sites/java-webapp-2308/config/appsettings\",\r\n  \"name\": \"appsettings\",\r\n  \"type\": \"Microsoft.Web/sites/config\",\r\n  \"location\": \"West US\",\r\n  \"tags\": {},\r\n  \"properties\": {}\r\n}",
      "ResponseHeaders": {
        "Content-Type": [
          "application/json"
        ],
        "Expires": [
          "-1"
        ],
        "Cache-Control": [
          "no-cache"
        ],
        "Date": [
          "Wed, 10 Jan 2018 00:53:28 GMT"
        ],
        "Pragma": [
          "no-cache"
        ],
        "Transfer-Encoding": [
          "chunked"
        ],
        "ETag": [
          "\"1D389AD6CF1244B\""
        ],
        "Server": [
          "Microsoft-IIS/10.0"
        ],
        "Vary": [
          "Accept-Encoding"
        ],
        "Strict-Transport-Security": [
          "max-age=31536000; includeSubDomains"
        ],
        "x-ms-request-id": [
          "ddc86fdb-31a9-4c3c-a4c1-d45ce1b7034d"
        ],
        "X-AspNet-Version": [
          "4.0.30319"
        ],
        "X-Powered-By": [
          "ASP.NET"
        ],
        "x-ms-ratelimit-remaining-subscription-writes": [
          "1181"
        ],
        "x-ms-correlation-request-id": [
          "25d87fb8-a843-45de-ab9a-b2abef935ef0"
        ],
        "x-ms-routing-request-id": [
          "WESTUS2:20180110T005328Z:25d87fb8-a843-45de-ab9a-b2abef935ef0"
        ]
      },
      "StatusCode": 200
    },
    {
      "RequestUri": "/subscriptions/0b1f6471-1bf0-4dda-aec3-cb9272f09590/resourceGroups/javacsmrg8746/providers/Microsoft.Web/serverfarms/java-webapp-2308plane9b4807117?api-version=2016-09-01",
      "EncodedRequestUri": "L3N1YnNjcmlwdGlvbnMvMGIxZjY0NzEtMWJmMC00ZGRhLWFlYzMtY2I5MjcyZjA5NTkwL3Jlc291cmNlR3JvdXBzL2phdmFjc21yZzg3NDYvcHJvdmlkZXJzL01pY3Jvc29mdC5XZWIvc2VydmVyZmFybXMvamF2YS13ZWJhcHAtMjMwOHBsYW5lOWI0ODA3MTE3P2FwaS12ZXJzaW9uPTIwMTYtMDktMDE=",
      "RequestMethod": "GET",
      "RequestBody": "",
      "RequestHeaders": {
        "x-ms-client-request-id": [
          "f63668a7-fbea-4577-96c7-69836f708366"
        ],
        "accept-language": [
          "en-US"
        ],
        "User-Agent": [
          "FxVersion/4.6.25211.01",
          "Microsoft.Azure.Management.AppService.Fluent.WebSiteManagementClient/1.4.1.0",
          "MacAddressHash/8aacf6245de346f347b0601b2da7a93ac9072c00fb7b723a469bc615c87f34d2"
        ]
      },
      "ResponseBody": "{\r\n  \"id\": \"/subscriptions/0b1f6471-1bf0-4dda-aec3-cb9272f09590/resourceGroups/javacsmrg8746/providers/Microsoft.Web/serverfarms/java-webapp-2308plane9b4807117\",\r\n  \"name\": \"java-webapp-2308plane9b4807117\",\r\n  \"type\": \"Microsoft.Web/serverfarms\",\r\n  \"kind\": \"linux\",\r\n  \"location\": \"West US\",\r\n  \"tags\": {},\r\n  \"properties\": {\r\n    \"serverFarmId\": 0,\r\n    \"name\": \"java-webapp-2308plane9b4807117\",\r\n    \"workerSize\": \"Default\",\r\n    \"workerSizeId\": 0,\r\n    \"workerTierName\": null,\r\n    \"numberOfWorkers\": 1,\r\n    \"currentWorkerSize\": \"Default\",\r\n    \"currentWorkerSizeId\": 0,\r\n    \"currentNumberOfWorkers\": 1,\r\n    \"status\": \"Ready\",\r\n    \"webSpace\": \"javacsmrg8746-WestUSwebspace\",\r\n    \"subscription\": \"0b1f6471-1bf0-4dda-aec3-cb9272f09590\",\r\n    \"adminSiteName\": null,\r\n    \"hostingEnvironment\": null,\r\n    \"hostingEnvironmentProfile\": null,\r\n    \"maximumNumberOfWorkers\": 3,\r\n    \"planName\": \"VirtualDedicatedPlan\",\r\n    \"adminRuntimeSiteName\": null,\r\n    \"computeMode\": \"Shared\",\r\n    \"siteMode\": null,\r\n    \"geoRegion\": \"West US\",\r\n    \"perSiteScaling\": false,\r\n    \"numberOfSites\": 1,\r\n    \"hostingEnvironmentId\": null,\r\n    \"isSpot\": false,\r\n    \"spotExpirationTime\": null,\r\n    \"tags\": {},\r\n    \"kind\": \"linux\",\r\n    \"resourceGroup\": \"javacsmrg8746\",\r\n    \"reserved\": true,\r\n    \"mdmId\": \"waws-prod-bay-063_12625\",\r\n    \"targetWorkerCount\": 0,\r\n    \"targetWorkerSizeId\": 0,\r\n    \"provisioningState\": \"Succeeded\"\r\n  },\r\n  \"sku\": {\r\n    \"name\": \"B1\",\r\n    \"tier\": \"Basic\",\r\n    \"size\": \"B1\",\r\n    \"family\": \"B\",\r\n    \"capacity\": 1\r\n  }\r\n}",
      "ResponseHeaders": {
        "Content-Type": [
          "application/json"
        ],
        "Expires": [
          "-1"
        ],
        "Cache-Control": [
          "no-cache"
        ],
        "Date": [
          "Wed, 10 Jan 2018 00:53:01 GMT"
        ],
        "Pragma": [
          "no-cache"
        ],
        "Transfer-Encoding": [
          "chunked"
        ],
        "Server": [
          "Microsoft-IIS/10.0"
        ],
        "Vary": [
          "Accept-Encoding"
        ],
        "Strict-Transport-Security": [
          "max-age=31536000; includeSubDomains"
        ],
        "x-ms-request-id": [
          "1b9d0a93-7d36-46bb-9ea3-a8b3468adcd7"
        ],
        "X-AspNet-Version": [
          "4.0.30319"
        ],
        "X-Powered-By": [
          "ASP.NET"
        ],
        "x-ms-ratelimit-remaining-subscription-reads": [
          "14989"
        ],
        "x-ms-correlation-request-id": [
          "01900c03-2074-45ad-9987-48227afe446d"
        ],
        "x-ms-routing-request-id": [
          "WESTUS2:20180110T005301Z:01900c03-2074-45ad-9987-48227afe446d"
        ]
      },
      "StatusCode": 200
    },
    {
      "RequestUri": "/subscriptions/0b1f6471-1bf0-4dda-aec3-cb9272f09590/resourcegroups/javacsmrg5750?api-version=2016-02-01",
      "EncodedRequestUri": "L3N1YnNjcmlwdGlvbnMvMGIxZjY0NzEtMWJmMC00ZGRhLWFlYzMtY2I5MjcyZjA5NTkwL3Jlc291cmNlZ3JvdXBzL2phdmFjc21yZzU3NTA/YXBpLXZlcnNpb249MjAxNi0wMi0wMQ==",
      "RequestMethod": "PUT",
      "RequestBody": "{\r\n  \"location\": \"West US\"\r\n}",
      "RequestHeaders": {
        "Content-Type": [
          "application/json; charset=utf-8"
        ],
        "Content-Length": [
          "29"
        ],
        "x-ms-client-request-id": [
          "fc39ba86-dc32-4780-94b2-26b973bb4079"
        ],
        "accept-language": [
          "en-US"
        ],
        "User-Agent": [
          "FxVersion/4.6.25211.01",
          "Microsoft.Azure.Management.ResourceManager.Fluent.ResourceManagementClient/1.4.1.0",
          "MacAddressHash/8aacf6245de346f347b0601b2da7a93ac9072c00fb7b723a469bc615c87f34d2"
        ]
      },
      "ResponseBody": "{\r\n  \"id\": \"/subscriptions/0b1f6471-1bf0-4dda-aec3-cb9272f09590/resourceGroups/javacsmrg5750\",\r\n  \"name\": \"javacsmrg5750\",\r\n  \"location\": \"westus\",\r\n  \"properties\": {\r\n    \"provisioningState\": \"Succeeded\"\r\n  }\r\n}",
      "ResponseHeaders": {
        "Content-Length": [
          "179"
        ],
        "Content-Type": [
          "application/json; charset=utf-8"
        ],
        "Expires": [
          "-1"
        ],
        "Cache-Control": [
          "no-cache"
        ],
        "Date": [
          "Wed, 10 Jan 2018 00:53:01 GMT"
        ],
        "Pragma": [
          "no-cache"
        ],
        "x-ms-ratelimit-remaining-subscription-writes": [
          "1188"
        ],
        "x-ms-request-id": [
          "8726a843-f1c8-46d8-9b6a-fba438ff595a"
        ],
        "x-ms-correlation-request-id": [
          "8726a843-f1c8-46d8-9b6a-fba438ff595a"
        ],
        "x-ms-routing-request-id": [
          "WESTUS2:20180110T005302Z:8726a843-f1c8-46d8-9b6a-fba438ff595a"
        ],
        "Strict-Transport-Security": [
          "max-age=31536000; includeSubDomains"
        ]
      },
      "StatusCode": 201
    },
    {
      "RequestUri": "/subscriptions/0b1f6471-1bf0-4dda-aec3-cb9272f09590/resourceGroups/javacsmrg5750/providers/Microsoft.Web/sites/java-webapp-751?api-version=2016-08-01",
      "EncodedRequestUri": "L3N1YnNjcmlwdGlvbnMvMGIxZjY0NzEtMWJmMC00ZGRhLWFlYzMtY2I5MjcyZjA5NTkwL3Jlc291cmNlR3JvdXBzL2phdmFjc21yZzU3NTAvcHJvdmlkZXJzL01pY3Jvc29mdC5XZWIvc2l0ZXMvamF2YS13ZWJhcHAtNzUxP2FwaS12ZXJzaW9uPTIwMTYtMDgtMDE=",
      "RequestMethod": "PUT",
      "RequestBody": "{\r\n  \"kind\": \"app,linux\",\r\n  \"properties\": {\r\n    \"serverFarmId\": \"/subscriptions/0b1f6471-1bf0-4dda-aec3-cb9272f09590/resourceGroups/javacsmrg8746/providers/Microsoft.Web/serverfarms/java-webapp-2308plane9b4807117\",\r\n    \"reserved\": true,\r\n    \"siteConfig\": {}\r\n  },\r\n  \"location\": \"West US\",\r\n  \"tags\": {}\r\n}",
      "RequestHeaders": {
        "Content-Type": [
          "application/json; charset=utf-8"
        ],
        "Content-Length": [
          "310"
        ],
        "x-ms-client-request-id": [
          "949cddf3-5ffa-411c-bd65-a5542d4eb1eb"
        ],
        "accept-language": [
          "en-US"
        ],
        "User-Agent": [
          "FxVersion/4.6.25211.01",
          "Microsoft.Azure.Management.AppService.Fluent.WebSiteManagementClient/1.4.1.0",
          "MacAddressHash/8aacf6245de346f347b0601b2da7a93ac9072c00fb7b723a469bc615c87f34d2"
        ]
      },
      "ResponseBody": "{\r\n  \"id\": \"/subscriptions/0b1f6471-1bf0-4dda-aec3-cb9272f09590/resourceGroups/javacsmrg5750/providers/Microsoft.Web/sites/java-webapp-751\",\r\n  \"name\": \"java-webapp-751\",\r\n  \"type\": \"Microsoft.Web/sites\",\r\n  \"kind\": \"app,linux\",\r\n  \"location\": \"West US\",\r\n  \"tags\": {},\r\n  \"properties\": {\r\n    \"name\": \"java-webapp-751\",\r\n    \"state\": \"Running\",\r\n    \"hostNames\": [\r\n      \"java-webapp-751.azurewebsites.net\"\r\n    ],\r\n    \"webSpace\": \"javacsmrg8746-WestUSwebspace\",\r\n    \"selfLink\": \"https://waws-prod-bay-063.api.azurewebsites.windows.net:454/subscriptions/0b1f6471-1bf0-4dda-aec3-cb9272f09590/webspaces/javacsmrg8746-WestUSwebspace/sites/java-webapp-751\",\r\n    \"repositorySiteName\": \"java-webapp-751\",\r\n    \"owner\": null,\r\n    \"usageState\": \"Normal\",\r\n    \"enabled\": true,\r\n    \"adminEnabled\": true,\r\n    \"enabledHostNames\": [\r\n      \"java-webapp-751.azurewebsites.net\",\r\n      \"java-webapp-751.scm.azurewebsites.net\"\r\n    ],\r\n    \"siteProperties\": {\r\n      \"metadata\": null,\r\n      \"properties\": [],\r\n      \"appSettings\": null\r\n    },\r\n    \"availabilityState\": \"Normal\",\r\n    \"sslCertificates\": null,\r\n    \"csrs\": [],\r\n    \"cers\": null,\r\n    \"siteMode\": null,\r\n    \"hostNameSslStates\": [\r\n      {\r\n        \"name\": \"java-webapp-751.azurewebsites.net\",\r\n        \"sslState\": \"Disabled\",\r\n        \"ipBasedSslResult\": null,\r\n        \"virtualIP\": null,\r\n        \"thumbprint\": null,\r\n        \"toUpdate\": null,\r\n        \"toUpdateIpBasedSsl\": null,\r\n        \"ipBasedSslState\": \"NotConfigured\",\r\n        \"hostType\": \"Standard\"\r\n      },\r\n      {\r\n        \"name\": \"java-webapp-751.scm.azurewebsites.net\",\r\n        \"sslState\": \"Disabled\",\r\n        \"ipBasedSslResult\": null,\r\n        \"virtualIP\": null,\r\n        \"thumbprint\": null,\r\n        \"toUpdate\": null,\r\n        \"toUpdateIpBasedSsl\": null,\r\n        \"ipBasedSslState\": \"NotConfigured\",\r\n        \"hostType\": \"Repository\"\r\n      }\r\n    ],\r\n    \"computeMode\": null,\r\n    \"serverFarm\": null,\r\n    \"serverFarmId\": \"/subscriptions/0b1f6471-1bf0-4dda-aec3-cb9272f09590/resourceGroups/javacsmrg8746/providers/Microsoft.Web/serverfarms/java-webapp-2308plane9b4807117\",\r\n    \"reserved\": true,\r\n    \"lastModifiedTimeUtc\": \"2018-01-10T00:53:02.9733333\",\r\n    \"storageRecoveryDefaultState\": \"Running\",\r\n    \"contentAvailabilityState\": \"Normal\",\r\n    \"runtimeAvailabilityState\": \"Normal\",\r\n    \"siteConfig\": null,\r\n    \"deploymentId\": \"java-webapp-751\",\r\n    \"trafficManagerHostNames\": null,\r\n    \"sku\": \"Basic\",\r\n    \"scmSiteAlsoStopped\": false,\r\n    \"targetSwapSlot\": null,\r\n    \"hostingEnvironment\": null,\r\n    \"hostingEnvironmentProfile\": null,\r\n    \"clientAffinityEnabled\": true,\r\n    \"clientCertEnabled\": false,\r\n    \"hostNamesDisabled\": false,\r\n    \"domainVerificationIdentifiers\": null,\r\n    \"kind\": \"app,linux\",\r\n    \"outboundIpAddresses\": \"13.93.220.109,13.93.205.56,52.160.105.227,104.209.45.67,13.91.108.234\",\r\n    \"possibleOutboundIpAddresses\": \"13.93.220.109,13.93.205.56,52.160.105.227,104.209.45.67,13.91.108.234\",\r\n    \"containerSize\": 0,\r\n    \"dailyMemoryTimeQuota\": 0,\r\n    \"suspendedTill\": null,\r\n    \"siteDisabledReason\": 0,\r\n    \"functionExecutionUnitsCache\": null,\r\n    \"maxNumberOfWorkers\": null,\r\n    \"homeStamp\": \"waws-prod-bay-063\",\r\n    \"cloningInfo\": null,\r\n    \"snapshotInfo\": null,\r\n    \"hostingEnvironmentId\": null,\r\n    \"tags\": {},\r\n    \"resourceGroup\": \"javacsmrg5750\",\r\n    \"defaultHostName\": \"java-webapp-751.azurewebsites.net\",\r\n    \"slotSwapStatus\": null,\r\n    \"httpsOnly\": false\r\n  }\r\n}",
      "ResponseHeaders": {
        "Content-Type": [
          "application/json"
        ],
        "Expires": [
          "-1"
        ],
        "Cache-Control": [
          "no-cache"
        ],
        "Date": [
          "Wed, 10 Jan 2018 00:53:13 GMT"
        ],
        "Pragma": [
          "no-cache"
        ],
        "Transfer-Encoding": [
          "chunked"
        ],
        "ETag": [
          "\"1D389AD5EC18CCB\""
        ],
        "Server": [
          "Microsoft-IIS/10.0"
        ],
        "Vary": [
          "Accept-Encoding"
        ],
        "Strict-Transport-Security": [
          "max-age=31536000; includeSubDomains"
        ],
        "x-ms-request-id": [
          "5bf9c311-4a34-4e68-8ed8-0347db9e63a9"
        ],
        "X-AspNet-Version": [
          "4.0.30319"
        ],
        "X-Powered-By": [
          "ASP.NET"
        ],
        "x-ms-ratelimit-remaining-subscription-writes": [
          "1187"
        ],
        "x-ms-correlation-request-id": [
          "6d715287-063c-4933-a378-335de7be1af7"
        ],
        "x-ms-routing-request-id": [
          "WESTUS2:20180110T005313Z:6d715287-063c-4933-a378-335de7be1af7"
        ]
      },
      "StatusCode": 200
    },
    {
      "RequestUri": "/subscriptions/0b1f6471-1bf0-4dda-aec3-cb9272f09590/resourceGroups/javacsmrg5750/providers/Microsoft.Web/sites/java-webapp-751?api-version=2016-08-01",
      "EncodedRequestUri": "L3N1YnNjcmlwdGlvbnMvMGIxZjY0NzEtMWJmMC00ZGRhLWFlYzMtY2I5MjcyZjA5NTkwL3Jlc291cmNlR3JvdXBzL2phdmFjc21yZzU3NTAvcHJvdmlkZXJzL01pY3Jvc29mdC5XZWIvc2l0ZXMvamF2YS13ZWJhcHAtNzUxP2FwaS12ZXJzaW9uPTIwMTYtMDgtMDE=",
      "RequestMethod": "GET",
      "RequestBody": "",
      "RequestHeaders": {
        "x-ms-client-request-id": [
          "fcaa290d-f8f2-44ca-ad01-e1f5a15d2307"
        ],
        "accept-language": [
          "en-US"
        ],
        "User-Agent": [
          "FxVersion/4.6.25211.01",
          "Microsoft.Azure.Management.AppService.Fluent.WebSiteManagementClient/1.4.1.0",
          "MacAddressHash/8aacf6245de346f347b0601b2da7a93ac9072c00fb7b723a469bc615c87f34d2"
        ]
      },
      "ResponseBody": "{\r\n  \"id\": \"/subscriptions/0b1f6471-1bf0-4dda-aec3-cb9272f09590/resourceGroups/javacsmrg5750/providers/Microsoft.Web/sites/java-webapp-751\",\r\n  \"name\": \"java-webapp-751\",\r\n  \"type\": \"Microsoft.Web/sites\",\r\n  \"kind\": \"app,linux\",\r\n  \"location\": \"West US\",\r\n  \"tags\": {},\r\n  \"properties\": {\r\n    \"name\": \"java-webapp-751\",\r\n    \"state\": \"Running\",\r\n    \"hostNames\": [\r\n      \"java-webapp-751.azurewebsites.net\"\r\n    ],\r\n    \"webSpace\": \"javacsmrg8746-WestUSwebspace\",\r\n    \"selfLink\": \"https://waws-prod-bay-063.api.azurewebsites.windows.net:454/subscriptions/0b1f6471-1bf0-4dda-aec3-cb9272f09590/webspaces/javacsmrg8746-WestUSwebspace/sites/java-webapp-751\",\r\n    \"repositorySiteName\": \"java-webapp-751\",\r\n    \"owner\": null,\r\n    \"usageState\": \"Normal\",\r\n    \"enabled\": true,\r\n    \"adminEnabled\": true,\r\n    \"enabledHostNames\": [\r\n      \"java-webapp-751.azurewebsites.net\",\r\n      \"java-webapp-751.scm.azurewebsites.net\"\r\n    ],\r\n    \"siteProperties\": {\r\n      \"metadata\": null,\r\n      \"properties\": [],\r\n      \"appSettings\": null\r\n    },\r\n    \"availabilityState\": \"Normal\",\r\n    \"sslCertificates\": null,\r\n    \"csrs\": [],\r\n    \"cers\": null,\r\n    \"siteMode\": null,\r\n    \"hostNameSslStates\": [\r\n      {\r\n        \"name\": \"java-webapp-751.azurewebsites.net\",\r\n        \"sslState\": \"Disabled\",\r\n        \"ipBasedSslResult\": null,\r\n        \"virtualIP\": null,\r\n        \"thumbprint\": null,\r\n        \"toUpdate\": null,\r\n        \"toUpdateIpBasedSsl\": null,\r\n        \"ipBasedSslState\": \"NotConfigured\",\r\n        \"hostType\": \"Standard\"\r\n      },\r\n      {\r\n        \"name\": \"java-webapp-751.scm.azurewebsites.net\",\r\n        \"sslState\": \"Disabled\",\r\n        \"ipBasedSslResult\": null,\r\n        \"virtualIP\": null,\r\n        \"thumbprint\": null,\r\n        \"toUpdate\": null,\r\n        \"toUpdateIpBasedSsl\": null,\r\n        \"ipBasedSslState\": \"NotConfigured\",\r\n        \"hostType\": \"Repository\"\r\n      }\r\n    ],\r\n    \"computeMode\": null,\r\n    \"serverFarm\": null,\r\n    \"serverFarmId\": \"/subscriptions/0b1f6471-1bf0-4dda-aec3-cb9272f09590/resourceGroups/javacsmrg8746/providers/Microsoft.Web/serverfarms/java-webapp-2308plane9b4807117\",\r\n    \"reserved\": true,\r\n    \"lastModifiedTimeUtc\": \"2018-01-10T00:53:03.5966667\",\r\n    \"storageRecoveryDefaultState\": \"Running\",\r\n    \"contentAvailabilityState\": \"Normal\",\r\n    \"runtimeAvailabilityState\": \"Normal\",\r\n    \"siteConfig\": null,\r\n    \"deploymentId\": \"java-webapp-751\",\r\n    \"trafficManagerHostNames\": null,\r\n    \"sku\": \"Basic\",\r\n    \"scmSiteAlsoStopped\": false,\r\n    \"targetSwapSlot\": null,\r\n    \"hostingEnvironment\": null,\r\n    \"hostingEnvironmentProfile\": null,\r\n    \"clientAffinityEnabled\": true,\r\n    \"clientCertEnabled\": false,\r\n    \"hostNamesDisabled\": false,\r\n    \"domainVerificationIdentifiers\": null,\r\n    \"kind\": \"app,linux\",\r\n    \"outboundIpAddresses\": \"13.93.220.109,13.93.205.56,52.160.105.227,104.209.45.67,13.91.108.234\",\r\n    \"possibleOutboundIpAddresses\": \"13.93.220.109,13.93.205.56,52.160.105.227,104.209.45.67,13.91.108.234\",\r\n    \"containerSize\": 0,\r\n    \"dailyMemoryTimeQuota\": 0,\r\n    \"suspendedTill\": null,\r\n    \"siteDisabledReason\": 0,\r\n    \"functionExecutionUnitsCache\": null,\r\n    \"maxNumberOfWorkers\": null,\r\n    \"homeStamp\": \"waws-prod-bay-063\",\r\n    \"cloningInfo\": null,\r\n    \"snapshotInfo\": null,\r\n    \"hostingEnvironmentId\": null,\r\n    \"tags\": {},\r\n    \"resourceGroup\": \"javacsmrg5750\",\r\n    \"defaultHostName\": \"java-webapp-751.azurewebsites.net\",\r\n    \"slotSwapStatus\": null,\r\n    \"httpsOnly\": false\r\n  }\r\n}",
      "ResponseHeaders": {
        "Content-Type": [
          "application/json"
        ],
        "Expires": [
          "-1"
        ],
        "Cache-Control": [
          "no-cache"
        ],
        "Date": [
          "Wed, 10 Jan 2018 00:53:13 GMT"
        ],
        "Pragma": [
          "no-cache"
        ],
        "Transfer-Encoding": [
          "chunked"
        ],
        "ETag": [
          "\"1D389AD5EC18CCB\""
        ],
        "Server": [
          "Microsoft-IIS/10.0"
        ],
        "Vary": [
          "Accept-Encoding"
        ],
        "Strict-Transport-Security": [
          "max-age=31536000; includeSubDomains"
        ],
        "x-ms-request-id": [
          "d2164193-2c3e-4179-9c2a-fbee95567cb5"
        ],
        "X-AspNet-Version": [
          "4.0.30319"
        ],
        "X-Powered-By": [
          "ASP.NET"
        ],
        "x-ms-ratelimit-remaining-subscription-reads": [
          "14988"
        ],
        "x-ms-correlation-request-id": [
          "3f155a85-e17f-4d27-b239-53c3780f0aad"
        ],
        "x-ms-routing-request-id": [
          "WESTUS2:20180110T005314Z:3f155a85-e17f-4d27-b239-53c3780f0aad"
        ]
      },
      "StatusCode": 200
    },
    {
      "RequestUri": "/subscriptions/0b1f6471-1bf0-4dda-aec3-cb9272f09590/resourceGroups/javacsmrg5750/providers/Microsoft.Web/sites/java-webapp-751?api-version=2016-08-01",
      "EncodedRequestUri": "L3N1YnNjcmlwdGlvbnMvMGIxZjY0NzEtMWJmMC00ZGRhLWFlYzMtY2I5MjcyZjA5NTkwL3Jlc291cmNlR3JvdXBzL2phdmFjc21yZzU3NTAvcHJvdmlkZXJzL01pY3Jvc29mdC5XZWIvc2l0ZXMvamF2YS13ZWJhcHAtNzUxP2FwaS12ZXJzaW9uPTIwMTYtMDgtMDE=",
      "RequestMethod": "GET",
      "RequestBody": "",
      "RequestHeaders": {
        "x-ms-client-request-id": [
          "58d7844c-1ca8-4509-b193-27e7c1fb1a37"
        ],
        "accept-language": [
          "en-US"
        ],
        "User-Agent": [
          "FxVersion/4.6.25211.01",
          "Microsoft.Azure.Management.AppService.Fluent.WebSiteManagementClient/1.4.1.0",
          "MacAddressHash/8aacf6245de346f347b0601b2da7a93ac9072c00fb7b723a469bc615c87f34d2"
        ]
      },
      "ResponseBody": "{\r\n  \"id\": \"/subscriptions/0b1f6471-1bf0-4dda-aec3-cb9272f09590/resourceGroups/javacsmrg5750/providers/Microsoft.Web/sites/java-webapp-751\",\r\n  \"name\": \"java-webapp-751\",\r\n  \"type\": \"Microsoft.Web/sites\",\r\n  \"kind\": \"app,linux\",\r\n  \"location\": \"West US\",\r\n  \"tags\": {},\r\n  \"properties\": {\r\n    \"name\": \"java-webapp-751\",\r\n    \"state\": \"Running\",\r\n    \"hostNames\": [\r\n      \"java-webapp-751.azurewebsites.net\"\r\n    ],\r\n    \"webSpace\": \"javacsmrg8746-WestUSwebspace\",\r\n    \"selfLink\": \"https://waws-prod-bay-063.api.azurewebsites.windows.net:454/subscriptions/0b1f6471-1bf0-4dda-aec3-cb9272f09590/webspaces/javacsmrg8746-WestUSwebspace/sites/java-webapp-751\",\r\n    \"repositorySiteName\": \"java-webapp-751\",\r\n    \"owner\": null,\r\n    \"usageState\": \"Normal\",\r\n    \"enabled\": true,\r\n    \"adminEnabled\": true,\r\n    \"enabledHostNames\": [\r\n      \"java-webapp-751.azurewebsites.net\",\r\n      \"java-webapp-751.scm.azurewebsites.net\"\r\n    ],\r\n    \"siteProperties\": {\r\n      \"metadata\": null,\r\n      \"properties\": [],\r\n      \"appSettings\": null\r\n    },\r\n    \"availabilityState\": \"Normal\",\r\n    \"sslCertificates\": null,\r\n    \"csrs\": [],\r\n    \"cers\": null,\r\n    \"siteMode\": null,\r\n    \"hostNameSslStates\": [\r\n      {\r\n        \"name\": \"java-webapp-751.azurewebsites.net\",\r\n        \"sslState\": \"Disabled\",\r\n        \"ipBasedSslResult\": null,\r\n        \"virtualIP\": null,\r\n        \"thumbprint\": null,\r\n        \"toUpdate\": null,\r\n        \"toUpdateIpBasedSsl\": null,\r\n        \"ipBasedSslState\": \"NotConfigured\",\r\n        \"hostType\": \"Standard\"\r\n      },\r\n      {\r\n        \"name\": \"java-webapp-751.scm.azurewebsites.net\",\r\n        \"sslState\": \"Disabled\",\r\n        \"ipBasedSslResult\": null,\r\n        \"virtualIP\": null,\r\n        \"thumbprint\": null,\r\n        \"toUpdate\": null,\r\n        \"toUpdateIpBasedSsl\": null,\r\n        \"ipBasedSslState\": \"NotConfigured\",\r\n        \"hostType\": \"Repository\"\r\n      }\r\n    ],\r\n    \"computeMode\": null,\r\n    \"serverFarm\": null,\r\n    \"serverFarmId\": \"/subscriptions/0b1f6471-1bf0-4dda-aec3-cb9272f09590/resourceGroups/javacsmrg8746/providers/Microsoft.Web/serverfarms/java-webapp-2308plane9b4807117\",\r\n    \"reserved\": true,\r\n    \"lastModifiedTimeUtc\": \"2018-01-10T00:53:03.5966667\",\r\n    \"storageRecoveryDefaultState\": \"Running\",\r\n    \"contentAvailabilityState\": \"Normal\",\r\n    \"runtimeAvailabilityState\": \"Normal\",\r\n    \"siteConfig\": null,\r\n    \"deploymentId\": \"java-webapp-751\",\r\n    \"trafficManagerHostNames\": null,\r\n    \"sku\": \"Basic\",\r\n    \"scmSiteAlsoStopped\": false,\r\n    \"targetSwapSlot\": null,\r\n    \"hostingEnvironment\": null,\r\n    \"hostingEnvironmentProfile\": null,\r\n    \"clientAffinityEnabled\": true,\r\n    \"clientCertEnabled\": false,\r\n    \"hostNamesDisabled\": false,\r\n    \"domainVerificationIdentifiers\": null,\r\n    \"kind\": \"app,linux\",\r\n    \"outboundIpAddresses\": \"13.93.220.109,13.93.205.56,52.160.105.227,104.209.45.67,13.91.108.234\",\r\n    \"possibleOutboundIpAddresses\": \"13.93.220.109,13.93.205.56,52.160.105.227,104.209.45.67,13.91.108.234\",\r\n    \"containerSize\": 0,\r\n    \"dailyMemoryTimeQuota\": 0,\r\n    \"suspendedTill\": null,\r\n    \"siteDisabledReason\": 0,\r\n    \"functionExecutionUnitsCache\": null,\r\n    \"maxNumberOfWorkers\": null,\r\n    \"homeStamp\": \"waws-prod-bay-063\",\r\n    \"cloningInfo\": null,\r\n    \"snapshotInfo\": null,\r\n    \"hostingEnvironmentId\": null,\r\n    \"tags\": {},\r\n    \"resourceGroup\": \"javacsmrg5750\",\r\n    \"defaultHostName\": \"java-webapp-751.azurewebsites.net\",\r\n    \"slotSwapStatus\": null,\r\n    \"httpsOnly\": false\r\n  }\r\n}",
      "ResponseHeaders": {
        "Content-Type": [
          "application/json"
        ],
        "Expires": [
          "-1"
        ],
        "Cache-Control": [
          "no-cache"
        ],
        "Date": [
          "Wed, 10 Jan 2018 00:53:14 GMT"
        ],
        "Pragma": [
          "no-cache"
        ],
        "Transfer-Encoding": [
          "chunked"
        ],
        "ETag": [
          "\"1D389AD5EC18CCB\""
        ],
        "Server": [
          "Microsoft-IIS/10.0"
        ],
        "Vary": [
          "Accept-Encoding"
        ],
        "Strict-Transport-Security": [
          "max-age=31536000; includeSubDomains"
        ],
        "x-ms-request-id": [
          "8d9559e0-d313-470c-83d4-363f190a780a"
        ],
        "X-AspNet-Version": [
          "4.0.30319"
        ],
        "X-Powered-By": [
          "ASP.NET"
        ],
        "x-ms-ratelimit-remaining-subscription-reads": [
          "14985"
        ],
        "x-ms-correlation-request-id": [
          "059b2440-045f-47d9-9655-92b1daa3e38e"
        ],
        "x-ms-routing-request-id": [
          "WESTUS2:20180110T005314Z:059b2440-045f-47d9-9655-92b1daa3e38e"
        ]
      },
      "StatusCode": 200
    },
    {
      "RequestUri": "/subscriptions/0b1f6471-1bf0-4dda-aec3-cb9272f09590/resourceGroups/javacsmrg8746/providers/Microsoft.Web/sites/java-webapp-2308/config/web?api-version=2016-08-01",
      "EncodedRequestUri": "L3N1YnNjcmlwdGlvbnMvMGIxZjY0NzEtMWJmMC00ZGRhLWFlYzMtY2I5MjcyZjA5NTkwL3Jlc291cmNlR3JvdXBzL2phdmFjc21yZzg3NDYvcHJvdmlkZXJzL01pY3Jvc29mdC5XZWIvc2l0ZXMvamF2YS13ZWJhcHAtMjMwOC9jb25maWcvd2ViP2FwaS12ZXJzaW9uPTIwMTYtMDgtMDE=",
      "RequestMethod": "GET",
      "RequestBody": "",
      "RequestHeaders": {
        "x-ms-client-request-id": [
          "ec1ebe35-4342-4928-b0b0-405beb9b4c51"
        ],
        "accept-language": [
          "en-US"
        ],
        "User-Agent": [
          "FxVersion/4.6.25211.01",
          "Microsoft.Azure.Management.AppService.Fluent.WebSiteManagementClient/1.4.1.0",
          "MacAddressHash/8aacf6245de346f347b0601b2da7a93ac9072c00fb7b723a469bc615c87f34d2"
        ]
      },
      "ResponseBody": "{\r\n  \"id\": \"/subscriptions/0b1f6471-1bf0-4dda-aec3-cb9272f09590/resourceGroups/javacsmrg8746/providers/Microsoft.Web/sites/java-webapp-2308/config/web\",\r\n  \"name\": \"java-webapp-2308\",\r\n  \"type\": \"Microsoft.Web/sites/config\",\r\n  \"location\": \"West US\",\r\n  \"tags\": {},\r\n  \"properties\": {\r\n    \"numberOfWorkers\": 1,\r\n    \"defaultDocuments\": [\r\n      \"Default.htm\",\r\n      \"Default.html\",\r\n      \"Default.asp\",\r\n      \"index.htm\",\r\n      \"index.html\",\r\n      \"iisstart.htm\",\r\n      \"default.aspx\",\r\n      \"index.php\",\r\n      \"hostingstart.html\"\r\n    ],\r\n    \"netFrameworkVersion\": \"v4.0\",\r\n    \"phpVersion\": \"\",\r\n    \"pythonVersion\": \"\",\r\n    \"nodeVersion\": \"\",\r\n    \"linuxFxVersion\": \"DOCKER|wordpress\",\r\n    \"requestTracingEnabled\": false,\r\n    \"remoteDebuggingEnabled\": false,\r\n    \"remoteDebuggingVersion\": null,\r\n    \"httpLoggingEnabled\": false,\r\n    \"logsDirectorySizeLimit\": 35,\r\n    \"detailedErrorLoggingEnabled\": false,\r\n    \"publishingUsername\": \"$java-webapp-2308\",\r\n    \"publishingPassword\": null,\r\n    \"appSettings\": null,\r\n    \"metadata\": null,\r\n    \"connectionStrings\": null,\r\n    \"machineKey\": null,\r\n    \"handlerMappings\": null,\r\n    \"documentRoot\": null,\r\n    \"scmType\": \"None\",\r\n    \"use32BitWorkerProcess\": true,\r\n    \"webSocketsEnabled\": false,\r\n    \"alwaysOn\": false,\r\n    \"javaVersion\": null,\r\n    \"javaContainer\": null,\r\n    \"javaContainerVersion\": null,\r\n    \"appCommandLine\": \"\",\r\n    \"managedPipelineMode\": \"Integrated\",\r\n    \"virtualApplications\": [\r\n      {\r\n        \"virtualPath\": \"/\",\r\n        \"physicalPath\": \"site\\\\wwwroot\",\r\n        \"preloadEnabled\": false,\r\n        \"virtualDirectories\": null\r\n      }\r\n    ],\r\n    \"winAuthAdminState\": 0,\r\n    \"winAuthTenantState\": 0,\r\n    \"customAppPoolIdentityAdminState\": false,\r\n    \"customAppPoolIdentityTenantState\": false,\r\n    \"runtimeADUser\": null,\r\n    \"runtimeADUserPassword\": null,\r\n    \"loadBalancing\": \"LeastRequests\",\r\n    \"routingRules\": [],\r\n    \"experiments\": {\r\n      \"rampUpRules\": []\r\n    },\r\n    \"limits\": null,\r\n    \"autoHealEnabled\": false,\r\n    \"autoHealRules\": null,\r\n    \"tracingOptions\": null,\r\n    \"vnetName\": \"\",\r\n    \"siteAuthEnabled\": false,\r\n    \"siteAuthSettings\": {\r\n      \"enabled\": null,\r\n      \"unauthenticatedClientAction\": null,\r\n      \"tokenStoreEnabled\": null,\r\n      \"allowedExternalRedirectUrls\": null,\r\n      \"defaultProvider\": null,\r\n      \"clientId\": null,\r\n      \"clientSecret\": null,\r\n      \"issuer\": null,\r\n      \"allowedAudiences\": null,\r\n      \"additionalLoginParams\": null,\r\n      \"isAadAutoProvisioned\": false,\r\n      \"googleClientId\": null,\r\n      \"googleClientSecret\": null,\r\n      \"googleOAuthScopes\": null,\r\n      \"facebookAppId\": null,\r\n      \"facebookAppSecret\": null,\r\n      \"facebookOAuthScopes\": null,\r\n      \"twitterConsumerKey\": null,\r\n      \"twitterConsumerSecret\": null,\r\n      \"microsoftAccountClientId\": null,\r\n      \"microsoftAccountClientSecret\": null,\r\n      \"microsoftAccountOAuthScopes\": null\r\n    },\r\n    \"cors\": null,\r\n    \"push\": null,\r\n    \"apiDefinition\": null,\r\n    \"autoSwapSlotName\": null,\r\n    \"localMySqlEnabled\": false,\r\n    \"managedServiceIdentityId\": null,\r\n    \"ipSecurityRestrictions\": null\r\n  }\r\n}",
      "ResponseHeaders": {
        "Content-Type": [
          "application/json"
        ],
        "Expires": [
          "-1"
        ],
        "Cache-Control": [
          "no-cache"
        ],
        "Date": [
          "Wed, 10 Jan 2018 00:53:14 GMT"
        ],
        "Pragma": [
          "no-cache"
        ],
        "Transfer-Encoding": [
          "chunked"
        ],
        "Server": [
          "Microsoft-IIS/10.0"
        ],
        "Vary": [
          "Accept-Encoding"
        ],
        "Strict-Transport-Security": [
          "max-age=31536000; includeSubDomains"
        ],
        "x-ms-request-id": [
          "afd4a359-280a-4ce4-8e0b-1b0903f88448"
        ],
        "X-AspNet-Version": [
          "4.0.30319"
        ],
        "X-Powered-By": [
          "ASP.NET"
        ],
        "x-ms-ratelimit-remaining-subscription-reads": [
          "14986"
        ],
        "x-ms-correlation-request-id": [
          "f9f56d7d-4ae2-405f-ba69-b555da93c908"
        ],
        "x-ms-routing-request-id": [
          "WESTUS2:20180110T005314Z:f9f56d7d-4ae2-405f-ba69-b555da93c908"
        ]
      },
      "StatusCode": 200
    },
    {
      "RequestUri": "/subscriptions/0b1f6471-1bf0-4dda-aec3-cb9272f09590/resourceGroups/javacsmrg8746/providers/Microsoft.Web/sites/java-webapp-2308/config/web?api-version=2016-08-01",
      "EncodedRequestUri": "L3N1YnNjcmlwdGlvbnMvMGIxZjY0NzEtMWJmMC00ZGRhLWFlYzMtY2I5MjcyZjA5NTkwL3Jlc291cmNlR3JvdXBzL2phdmFjc21yZzg3NDYvcHJvdmlkZXJzL01pY3Jvc29mdC5XZWIvc2l0ZXMvamF2YS13ZWJhcHAtMjMwOC9jb25maWcvd2ViP2FwaS12ZXJzaW9uPTIwMTYtMDgtMDE=",
      "RequestMethod": "GET",
      "RequestBody": "",
      "RequestHeaders": {
        "x-ms-client-request-id": [
          "0b1c8623-5599-4bd3-9653-fa05feb1ca2d"
        ],
        "accept-language": [
          "en-US"
        ],
        "User-Agent": [
          "FxVersion/4.6.25211.01",
          "Microsoft.Azure.Management.AppService.Fluent.WebSiteManagementClient/1.4.1.0",
          "MacAddressHash/8aacf6245de346f347b0601b2da7a93ac9072c00fb7b723a469bc615c87f34d2"
        ]
      },
      "ResponseBody": "{\r\n  \"id\": \"/subscriptions/0b1f6471-1bf0-4dda-aec3-cb9272f09590/resourceGroups/javacsmrg8746/providers/Microsoft.Web/sites/java-webapp-2308/config/web\",\r\n  \"name\": \"java-webapp-2308\",\r\n  \"type\": \"Microsoft.Web/sites/config\",\r\n  \"location\": \"West US\",\r\n  \"tags\": {},\r\n  \"properties\": {\r\n    \"numberOfWorkers\": 1,\r\n    \"defaultDocuments\": [\r\n      \"Default.htm\",\r\n      \"Default.html\",\r\n      \"Default.asp\",\r\n      \"index.htm\",\r\n      \"index.html\",\r\n      \"iisstart.htm\",\r\n      \"default.aspx\",\r\n      \"index.php\",\r\n      \"hostingstart.html\"\r\n    ],\r\n    \"netFrameworkVersion\": \"v4.0\",\r\n    \"phpVersion\": \"\",\r\n    \"pythonVersion\": \"\",\r\n    \"nodeVersion\": \"\",\r\n    \"linuxFxVersion\": \"DOCKER|wordpress\",\r\n    \"requestTracingEnabled\": false,\r\n    \"remoteDebuggingEnabled\": false,\r\n    \"remoteDebuggingVersion\": null,\r\n    \"httpLoggingEnabled\": false,\r\n    \"logsDirectorySizeLimit\": 35,\r\n    \"detailedErrorLoggingEnabled\": false,\r\n    \"publishingUsername\": \"$java-webapp-2308\",\r\n    \"publishingPassword\": null,\r\n    \"appSettings\": null,\r\n    \"metadata\": null,\r\n    \"connectionStrings\": null,\r\n    \"machineKey\": null,\r\n    \"handlerMappings\": null,\r\n    \"documentRoot\": null,\r\n    \"scmType\": \"None\",\r\n    \"use32BitWorkerProcess\": true,\r\n    \"webSocketsEnabled\": false,\r\n    \"alwaysOn\": false,\r\n    \"javaVersion\": null,\r\n    \"javaContainer\": null,\r\n    \"javaContainerVersion\": null,\r\n    \"appCommandLine\": \"\",\r\n    \"managedPipelineMode\": \"Integrated\",\r\n    \"virtualApplications\": [\r\n      {\r\n        \"virtualPath\": \"/\",\r\n        \"physicalPath\": \"site\\\\wwwroot\",\r\n        \"preloadEnabled\": false,\r\n        \"virtualDirectories\": null\r\n      }\r\n    ],\r\n    \"winAuthAdminState\": 0,\r\n    \"winAuthTenantState\": 0,\r\n    \"customAppPoolIdentityAdminState\": false,\r\n    \"customAppPoolIdentityTenantState\": false,\r\n    \"runtimeADUser\": null,\r\n    \"runtimeADUserPassword\": null,\r\n    \"loadBalancing\": \"LeastRequests\",\r\n    \"routingRules\": [],\r\n    \"experiments\": {\r\n      \"rampUpRules\": []\r\n    },\r\n    \"limits\": null,\r\n    \"autoHealEnabled\": false,\r\n    \"autoHealRules\": null,\r\n    \"tracingOptions\": null,\r\n    \"vnetName\": \"\",\r\n    \"siteAuthEnabled\": false,\r\n    \"siteAuthSettings\": {\r\n      \"enabled\": null,\r\n      \"unauthenticatedClientAction\": null,\r\n      \"tokenStoreEnabled\": null,\r\n      \"allowedExternalRedirectUrls\": null,\r\n      \"defaultProvider\": null,\r\n      \"clientId\": null,\r\n      \"clientSecret\": null,\r\n      \"issuer\": null,\r\n      \"allowedAudiences\": null,\r\n      \"additionalLoginParams\": null,\r\n      \"isAadAutoProvisioned\": false,\r\n      \"googleClientId\": null,\r\n      \"googleClientSecret\": null,\r\n      \"googleOAuthScopes\": null,\r\n      \"facebookAppId\": null,\r\n      \"facebookAppSecret\": null,\r\n      \"facebookOAuthScopes\": null,\r\n      \"twitterConsumerKey\": null,\r\n      \"twitterConsumerSecret\": null,\r\n      \"microsoftAccountClientId\": null,\r\n      \"microsoftAccountClientSecret\": null,\r\n      \"microsoftAccountOAuthScopes\": null\r\n    },\r\n    \"cors\": null,\r\n    \"push\": null,\r\n    \"apiDefinition\": null,\r\n    \"autoSwapSlotName\": null,\r\n    \"localMySqlEnabled\": false,\r\n    \"managedServiceIdentityId\": null,\r\n    \"ipSecurityRestrictions\": null\r\n  }\r\n}",
      "ResponseHeaders": {
        "Content-Type": [
          "application/json"
        ],
        "Expires": [
          "-1"
        ],
        "Cache-Control": [
          "no-cache"
        ],
        "Date": [
          "Wed, 10 Jan 2018 00:53:15 GMT"
        ],
        "Pragma": [
          "no-cache"
        ],
        "Transfer-Encoding": [
          "chunked"
        ],
        "Server": [
          "Microsoft-IIS/10.0"
        ],
        "Vary": [
          "Accept-Encoding"
        ],
        "Strict-Transport-Security": [
          "max-age=31536000; includeSubDomains"
        ],
        "x-ms-request-id": [
          "052d841e-7657-458e-bb6c-fcfb3a6a1760"
        ],
        "X-AspNet-Version": [
          "4.0.30319"
        ],
        "X-Powered-By": [
          "ASP.NET"
        ],
        "x-ms-ratelimit-remaining-subscription-reads": [
          "14982"
        ],
        "x-ms-correlation-request-id": [
          "79aa38cb-d028-414d-8ada-54fe4bb2ce24"
        ],
        "x-ms-routing-request-id": [
          "WESTUS2:20180110T005315Z:79aa38cb-d028-414d-8ada-54fe4bb2ce24"
        ]
      },
      "StatusCode": 200
    },
    {
      "RequestUri": "/subscriptions/0b1f6471-1bf0-4dda-aec3-cb9272f09590/resourceGroups/javacsmrg5750/providers/Microsoft.Web/sites/java-webapp-751/config/web?api-version=2016-08-01",
      "EncodedRequestUri": "L3N1YnNjcmlwdGlvbnMvMGIxZjY0NzEtMWJmMC00ZGRhLWFlYzMtY2I5MjcyZjA5NTkwL3Jlc291cmNlR3JvdXBzL2phdmFjc21yZzU3NTAvcHJvdmlkZXJzL01pY3Jvc29mdC5XZWIvc2l0ZXMvamF2YS13ZWJhcHAtNzUxL2NvbmZpZy93ZWI/YXBpLXZlcnNpb249MjAxNi0wOC0wMQ==",
      "RequestMethod": "GET",
      "RequestBody": "",
      "RequestHeaders": {
        "x-ms-client-request-id": [
          "ef609d57-492f-4eec-a1a5-d4b87b3c0550"
        ],
        "accept-language": [
          "en-US"
        ],
        "User-Agent": [
          "FxVersion/4.6.25211.01",
          "Microsoft.Azure.Management.AppService.Fluent.WebSiteManagementClient/1.4.1.0",
          "MacAddressHash/8aacf6245de346f347b0601b2da7a93ac9072c00fb7b723a469bc615c87f34d2"
        ]
      },
      "ResponseBody": "{\r\n  \"id\": \"/subscriptions/0b1f6471-1bf0-4dda-aec3-cb9272f09590/resourceGroups/javacsmrg5750/providers/Microsoft.Web/sites/java-webapp-751/config/web\",\r\n  \"name\": \"java-webapp-751\",\r\n  \"type\": \"Microsoft.Web/sites/config\",\r\n  \"location\": \"West US\",\r\n  \"tags\": {},\r\n  \"properties\": {\r\n    \"numberOfWorkers\": 1,\r\n    \"defaultDocuments\": [\r\n      \"Default.htm\",\r\n      \"Default.html\",\r\n      \"Default.asp\",\r\n      \"index.htm\",\r\n      \"index.html\",\r\n      \"iisstart.htm\",\r\n      \"default.aspx\",\r\n      \"index.php\",\r\n      \"hostingstart.html\"\r\n    ],\r\n    \"netFrameworkVersion\": \"v4.0\",\r\n    \"phpVersion\": \"\",\r\n    \"pythonVersion\": \"\",\r\n    \"nodeVersion\": \"\",\r\n    \"linuxFxVersion\": \"\",\r\n    \"requestTracingEnabled\": false,\r\n    \"remoteDebuggingEnabled\": false,\r\n    \"remoteDebuggingVersion\": null,\r\n    \"httpLoggingEnabled\": false,\r\n    \"logsDirectorySizeLimit\": 35,\r\n    \"detailedErrorLoggingEnabled\": false,\r\n    \"publishingUsername\": \"$java-webapp-751\",\r\n    \"publishingPassword\": null,\r\n    \"appSettings\": null,\r\n    \"metadata\": null,\r\n    \"connectionStrings\": null,\r\n    \"machineKey\": null,\r\n    \"handlerMappings\": null,\r\n    \"documentRoot\": null,\r\n    \"scmType\": \"None\",\r\n    \"use32BitWorkerProcess\": true,\r\n    \"webSocketsEnabled\": false,\r\n    \"alwaysOn\": false,\r\n    \"javaVersion\": null,\r\n    \"javaContainer\": null,\r\n    \"javaContainerVersion\": null,\r\n    \"appCommandLine\": \"\",\r\n    \"managedPipelineMode\": \"Integrated\",\r\n    \"virtualApplications\": [\r\n      {\r\n        \"virtualPath\": \"/\",\r\n        \"physicalPath\": \"site\\\\wwwroot\",\r\n        \"preloadEnabled\": false,\r\n        \"virtualDirectories\": null\r\n      }\r\n    ],\r\n    \"winAuthAdminState\": 0,\r\n    \"winAuthTenantState\": 0,\r\n    \"customAppPoolIdentityAdminState\": false,\r\n    \"customAppPoolIdentityTenantState\": false,\r\n    \"runtimeADUser\": null,\r\n    \"runtimeADUserPassword\": null,\r\n    \"loadBalancing\": \"LeastRequests\",\r\n    \"routingRules\": [],\r\n    \"experiments\": {\r\n      \"rampUpRules\": []\r\n    },\r\n    \"limits\": null,\r\n    \"autoHealEnabled\": false,\r\n    \"autoHealRules\": null,\r\n    \"tracingOptions\": null,\r\n    \"vnetName\": \"\",\r\n    \"siteAuthEnabled\": false,\r\n    \"siteAuthSettings\": {\r\n      \"enabled\": null,\r\n      \"unauthenticatedClientAction\": null,\r\n      \"tokenStoreEnabled\": null,\r\n      \"allowedExternalRedirectUrls\": null,\r\n      \"defaultProvider\": null,\r\n      \"clientId\": null,\r\n      \"clientSecret\": null,\r\n      \"issuer\": null,\r\n      \"allowedAudiences\": null,\r\n      \"additionalLoginParams\": null,\r\n      \"isAadAutoProvisioned\": false,\r\n      \"googleClientId\": null,\r\n      \"googleClientSecret\": null,\r\n      \"googleOAuthScopes\": null,\r\n      \"facebookAppId\": null,\r\n      \"facebookAppSecret\": null,\r\n      \"facebookOAuthScopes\": null,\r\n      \"twitterConsumerKey\": null,\r\n      \"twitterConsumerSecret\": null,\r\n      \"microsoftAccountClientId\": null,\r\n      \"microsoftAccountClientSecret\": null,\r\n      \"microsoftAccountOAuthScopes\": null\r\n    },\r\n    \"cors\": null,\r\n    \"push\": null,\r\n    \"apiDefinition\": null,\r\n    \"autoSwapSlotName\": null,\r\n    \"localMySqlEnabled\": false,\r\n    \"managedServiceIdentityId\": null,\r\n    \"ipSecurityRestrictions\": null\r\n  }\r\n}",
      "ResponseHeaders": {
        "Content-Type": [
          "application/json"
        ],
        "Expires": [
          "-1"
        ],
        "Cache-Control": [
          "no-cache"
        ],
        "Date": [
          "Wed, 10 Jan 2018 00:53:14 GMT"
        ],
        "Pragma": [
          "no-cache"
        ],
        "Transfer-Encoding": [
          "chunked"
        ],
        "Server": [
          "Microsoft-IIS/10.0"
        ],
        "Vary": [
          "Accept-Encoding"
        ],
        "Strict-Transport-Security": [
          "max-age=31536000; includeSubDomains"
        ],
        "x-ms-request-id": [
          "5354d555-1e3a-4517-b517-585b307ec18d"
        ],
        "X-AspNet-Version": [
          "4.0.30319"
        ],
        "X-Powered-By": [
          "ASP.NET"
        ],
        "x-ms-ratelimit-remaining-subscription-reads": [
          "14984"
        ],
        "x-ms-correlation-request-id": [
          "507d14e3-6959-4388-8f84-167369cde089"
        ],
        "x-ms-routing-request-id": [
          "WESTUS2:20180110T005315Z:507d14e3-6959-4388-8f84-167369cde089"
        ]
      },
      "StatusCode": 200
    },
    {
      "RequestUri": "/subscriptions/0b1f6471-1bf0-4dda-aec3-cb9272f09590/resourceGroups/javacsmrg5750/providers/Microsoft.Web/sites/java-webapp-751/config/web?api-version=2016-08-01",
      "EncodedRequestUri": "L3N1YnNjcmlwdGlvbnMvMGIxZjY0NzEtMWJmMC00ZGRhLWFlYzMtY2I5MjcyZjA5NTkwL3Jlc291cmNlR3JvdXBzL2phdmFjc21yZzU3NTAvcHJvdmlkZXJzL01pY3Jvc29mdC5XZWIvc2l0ZXMvamF2YS13ZWJhcHAtNzUxL2NvbmZpZy93ZWI/YXBpLXZlcnNpb249MjAxNi0wOC0wMQ==",
      "RequestMethod": "GET",
      "RequestBody": "",
      "RequestHeaders": {
        "x-ms-client-request-id": [
          "da650b14-4d40-4059-91c9-ee993b40e440"
        ],
        "accept-language": [
          "en-US"
        ],
        "User-Agent": [
          "FxVersion/4.6.25211.01",
          "Microsoft.Azure.Management.AppService.Fluent.WebSiteManagementClient/1.4.1.0",
          "MacAddressHash/8aacf6245de346f347b0601b2da7a93ac9072c00fb7b723a469bc615c87f34d2"
        ]
      },
      "ResponseBody": "{\r\n  \"id\": \"/subscriptions/0b1f6471-1bf0-4dda-aec3-cb9272f09590/resourceGroups/javacsmrg5750/providers/Microsoft.Web/sites/java-webapp-751/config/web\",\r\n  \"name\": \"java-webapp-751\",\r\n  \"type\": \"Microsoft.Web/sites/config\",\r\n  \"location\": \"West US\",\r\n  \"tags\": {},\r\n  \"properties\": {\r\n    \"numberOfWorkers\": 1,\r\n    \"defaultDocuments\": [\r\n      \"Default.htm\",\r\n      \"Default.html\",\r\n      \"Default.asp\",\r\n      \"index.htm\",\r\n      \"index.html\",\r\n      \"iisstart.htm\",\r\n      \"default.aspx\",\r\n      \"index.php\",\r\n      \"hostingstart.html\"\r\n    ],\r\n    \"netFrameworkVersion\": \"v4.0\",\r\n    \"phpVersion\": \"\",\r\n    \"pythonVersion\": \"\",\r\n    \"nodeVersion\": \"\",\r\n    \"linuxFxVersion\": \"\",\r\n    \"requestTracingEnabled\": false,\r\n    \"remoteDebuggingEnabled\": false,\r\n    \"remoteDebuggingVersion\": null,\r\n    \"httpLoggingEnabled\": false,\r\n    \"logsDirectorySizeLimit\": 35,\r\n    \"detailedErrorLoggingEnabled\": false,\r\n    \"publishingUsername\": \"$java-webapp-751\",\r\n    \"publishingPassword\": null,\r\n    \"appSettings\": null,\r\n    \"metadata\": null,\r\n    \"connectionStrings\": null,\r\n    \"machineKey\": null,\r\n    \"handlerMappings\": null,\r\n    \"documentRoot\": null,\r\n    \"scmType\": \"None\",\r\n    \"use32BitWorkerProcess\": true,\r\n    \"webSocketsEnabled\": false,\r\n    \"alwaysOn\": false,\r\n    \"javaVersion\": null,\r\n    \"javaContainer\": null,\r\n    \"javaContainerVersion\": null,\r\n    \"appCommandLine\": \"\",\r\n    \"managedPipelineMode\": \"Integrated\",\r\n    \"virtualApplications\": [\r\n      {\r\n        \"virtualPath\": \"/\",\r\n        \"physicalPath\": \"site\\\\wwwroot\",\r\n        \"preloadEnabled\": false,\r\n        \"virtualDirectories\": null\r\n      }\r\n    ],\r\n    \"winAuthAdminState\": 0,\r\n    \"winAuthTenantState\": 0,\r\n    \"customAppPoolIdentityAdminState\": false,\r\n    \"customAppPoolIdentityTenantState\": false,\r\n    \"runtimeADUser\": null,\r\n    \"runtimeADUserPassword\": null,\r\n    \"loadBalancing\": \"LeastRequests\",\r\n    \"routingRules\": [],\r\n    \"experiments\": {\r\n      \"rampUpRules\": []\r\n    },\r\n    \"limits\": null,\r\n    \"autoHealEnabled\": false,\r\n    \"autoHealRules\": null,\r\n    \"tracingOptions\": null,\r\n    \"vnetName\": \"\",\r\n    \"siteAuthEnabled\": false,\r\n    \"siteAuthSettings\": {\r\n      \"enabled\": null,\r\n      \"unauthenticatedClientAction\": null,\r\n      \"tokenStoreEnabled\": null,\r\n      \"allowedExternalRedirectUrls\": null,\r\n      \"defaultProvider\": null,\r\n      \"clientId\": null,\r\n      \"clientSecret\": null,\r\n      \"issuer\": null,\r\n      \"allowedAudiences\": null,\r\n      \"additionalLoginParams\": null,\r\n      \"isAadAutoProvisioned\": false,\r\n      \"googleClientId\": null,\r\n      \"googleClientSecret\": null,\r\n      \"googleOAuthScopes\": null,\r\n      \"facebookAppId\": null,\r\n      \"facebookAppSecret\": null,\r\n      \"facebookOAuthScopes\": null,\r\n      \"twitterConsumerKey\": null,\r\n      \"twitterConsumerSecret\": null,\r\n      \"microsoftAccountClientId\": null,\r\n      \"microsoftAccountClientSecret\": null,\r\n      \"microsoftAccountOAuthScopes\": null\r\n    },\r\n    \"cors\": null,\r\n    \"push\": null,\r\n    \"apiDefinition\": null,\r\n    \"autoSwapSlotName\": null,\r\n    \"localMySqlEnabled\": false,\r\n    \"managedServiceIdentityId\": null,\r\n    \"ipSecurityRestrictions\": null\r\n  }\r\n}",
      "ResponseHeaders": {
        "Content-Type": [
          "application/json"
        ],
        "Expires": [
          "-1"
        ],
        "Cache-Control": [
          "no-cache"
        ],
        "Date": [
          "Wed, 10 Jan 2018 00:53:16 GMT"
        ],
        "Pragma": [
          "no-cache"
        ],
        "Transfer-Encoding": [
          "chunked"
        ],
        "Server": [
          "Microsoft-IIS/10.0"
        ],
        "Vary": [
          "Accept-Encoding"
        ],
        "Strict-Transport-Security": [
          "max-age=31536000; includeSubDomains"
        ],
        "x-ms-request-id": [
          "ccfc0ca1-c400-4320-b2d6-66e54385b46a"
        ],
        "X-AspNet-Version": [
          "4.0.30319"
        ],
        "X-Powered-By": [
          "ASP.NET"
        ],
        "x-ms-ratelimit-remaining-subscription-reads": [
          "14980"
        ],
        "x-ms-correlation-request-id": [
          "238ca6c7-3387-48d0-b4fc-6fb198ae709c"
        ],
        "x-ms-routing-request-id": [
          "WESTUS2:20180110T005316Z:238ca6c7-3387-48d0-b4fc-6fb198ae709c"
        ]
      },
      "StatusCode": 200
    },
    {
      "RequestUri": "/subscriptions/0b1f6471-1bf0-4dda-aec3-cb9272f09590/resourceGroups/javacsmrg8746/providers/Microsoft.Web/sites?api-version=2016-08-01",
      "EncodedRequestUri": "L3N1YnNjcmlwdGlvbnMvMGIxZjY0NzEtMWJmMC00ZGRhLWFlYzMtY2I5MjcyZjA5NTkwL3Jlc291cmNlR3JvdXBzL2phdmFjc21yZzg3NDYvcHJvdmlkZXJzL01pY3Jvc29mdC5XZWIvc2l0ZXM/YXBpLXZlcnNpb249MjAxNi0wOC0wMQ==",
      "RequestMethod": "GET",
      "RequestBody": "",
      "RequestHeaders": {
        "x-ms-client-request-id": [
          "474c8939-a955-49fd-9c6d-f4cff4a1af55"
        ],
        "accept-language": [
          "en-US"
        ],
        "User-Agent": [
          "FxVersion/4.6.25211.01",
          "Microsoft.Azure.Management.AppService.Fluent.WebSiteManagementClient/1.4.1.0",
          "MacAddressHash/8aacf6245de346f347b0601b2da7a93ac9072c00fb7b723a469bc615c87f34d2"
        ]
      },
      "ResponseBody": "{\r\n  \"value\": [\r\n    {\r\n      \"id\": \"/subscriptions/0b1f6471-1bf0-4dda-aec3-cb9272f09590/resourceGroups/javacsmrg8746/providers/Microsoft.Web/sites/java-webapp-2308\",\r\n      \"name\": \"java-webapp-2308\",\r\n      \"type\": \"Microsoft.Web/sites\",\r\n      \"kind\": \"app,linux\",\r\n      \"location\": \"West US\",\r\n      \"tags\": {},\r\n      \"properties\": {\r\n        \"name\": \"java-webapp-2308\",\r\n        \"state\": \"Running\",\r\n        \"hostNames\": [\r\n          \"java-webapp-2308.azurewebsites.net\"\r\n        ],\r\n        \"webSpace\": \"javacsmrg8746-WestUSwebspace\",\r\n        \"selfLink\": \"https://waws-prod-bay-063.api.azurewebsites.windows.net:454/subscriptions/0b1f6471-1bf0-4dda-aec3-cb9272f09590/webspaces/javacsmrg8746-WestUSwebspace/sites/java-webapp-2308\",\r\n        \"repositorySiteName\": \"java-webapp-2308\",\r\n        \"owner\": null,\r\n        \"usageState\": \"Normal\",\r\n        \"enabled\": true,\r\n        \"adminEnabled\": true,\r\n        \"enabledHostNames\": [\r\n          \"java-webapp-2308.azurewebsites.net\",\r\n          \"java-webapp-2308.scm.azurewebsites.net\"\r\n        ],\r\n        \"siteProperties\": {\r\n          \"metadata\": null,\r\n          \"properties\": [],\r\n          \"appSettings\": null\r\n        },\r\n        \"availabilityState\": \"Normal\",\r\n        \"sslCertificates\": null,\r\n        \"csrs\": [],\r\n        \"cers\": null,\r\n        \"siteMode\": null,\r\n        \"hostNameSslStates\": [\r\n          {\r\n            \"name\": \"java-webapp-2308.azurewebsites.net\",\r\n            \"sslState\": \"Disabled\",\r\n            \"ipBasedSslResult\": null,\r\n            \"virtualIP\": null,\r\n            \"thumbprint\": null,\r\n            \"toUpdate\": null,\r\n            \"toUpdateIpBasedSsl\": null,\r\n            \"ipBasedSslState\": \"NotConfigured\",\r\n            \"hostType\": \"Standard\"\r\n          },\r\n          {\r\n            \"name\": \"java-webapp-2308.scm.azurewebsites.net\",\r\n            \"sslState\": \"Disabled\",\r\n            \"ipBasedSslResult\": null,\r\n            \"virtualIP\": null,\r\n            \"thumbprint\": null,\r\n            \"toUpdate\": null,\r\n            \"toUpdateIpBasedSsl\": null,\r\n            \"ipBasedSslState\": \"NotConfigured\",\r\n            \"hostType\": \"Repository\"\r\n          }\r\n        ],\r\n        \"computeMode\": null,\r\n        \"serverFarm\": null,\r\n        \"serverFarmId\": \"/subscriptions/0b1f6471-1bf0-4dda-aec3-cb9272f09590/resourceGroups/javacsmrg8746/providers/Microsoft.Web/serverfarms/java-webapp-2308plane9b4807117\",\r\n        \"reserved\": true,\r\n        \"lastModifiedTimeUtc\": \"2018-01-10T00:52:59.88\",\r\n        \"storageRecoveryDefaultState\": \"Running\",\r\n        \"contentAvailabilityState\": \"Normal\",\r\n        \"runtimeAvailabilityState\": \"Normal\",\r\n        \"siteConfig\": null,\r\n        \"deploymentId\": \"java-webapp-2308\",\r\n        \"trafficManagerHostNames\": null,\r\n        \"sku\": \"Basic\",\r\n        \"scmSiteAlsoStopped\": false,\r\n        \"targetSwapSlot\": null,\r\n        \"hostingEnvironment\": null,\r\n        \"hostingEnvironmentProfile\": null,\r\n        \"clientAffinityEnabled\": true,\r\n        \"clientCertEnabled\": false,\r\n        \"hostNamesDisabled\": false,\r\n        \"domainVerificationIdentifiers\": null,\r\n        \"kind\": \"app,linux\",\r\n        \"outboundIpAddresses\": \"13.93.220.109,13.93.205.56,52.160.105.227,104.209.45.67,13.91.108.234\",\r\n        \"possibleOutboundIpAddresses\": \"13.93.220.109,13.93.205.56,52.160.105.227,104.209.45.67,13.91.108.234\",\r\n        \"containerSize\": 0,\r\n        \"dailyMemoryTimeQuota\": 0,\r\n        \"suspendedTill\": null,\r\n        \"siteDisabledReason\": 0,\r\n        \"functionExecutionUnitsCache\": null,\r\n        \"maxNumberOfWorkers\": null,\r\n        \"homeStamp\": \"waws-prod-bay-063\",\r\n        \"cloningInfo\": null,\r\n        \"snapshotInfo\": null,\r\n        \"hostingEnvironmentId\": null,\r\n        \"tags\": {},\r\n        \"resourceGroup\": \"javacsmrg8746\",\r\n        \"defaultHostName\": \"java-webapp-2308.azurewebsites.net\",\r\n        \"slotSwapStatus\": null,\r\n        \"httpsOnly\": false\r\n      }\r\n    }\r\n  ],\r\n  \"nextLink\": null,\r\n  \"id\": null\r\n}",
      "ResponseHeaders": {
        "Content-Type": [
          "application/json"
        ],
        "Expires": [
          "-1"
        ],
        "Cache-Control": [
          "no-cache"
        ],
        "Date": [
          "Wed, 10 Jan 2018 00:53:15 GMT"
        ],
        "Pragma": [
          "no-cache"
        ],
        "Transfer-Encoding": [
          "chunked"
        ],
        "Server": [
          "Microsoft-IIS/10.0"
        ],
        "Vary": [
          "Accept-Encoding"
        ],
        "Strict-Transport-Security": [
          "max-age=31536000; includeSubDomains"
        ],
        "x-ms-request-id": [
          "73837dc5-c6dc-4b11-9615-8c8ced7cf771"
        ],
        "X-AspNet-Version": [
          "4.0.30319"
        ],
        "X-Powered-By": [
          "ASP.NET"
        ],
        "x-ms-ratelimit-remaining-subscription-reads": [
          "14983"
        ],
        "x-ms-correlation-request-id": [
          "e35bf82e-440a-467e-ac7b-2870aba9fa77"
        ],
        "x-ms-routing-request-id": [
          "WESTUS2:20180110T005315Z:e35bf82e-440a-467e-ac7b-2870aba9fa77"
        ]
      },
      "StatusCode": 200
    },
    {
      "RequestUri": "/subscriptions/0b1f6471-1bf0-4dda-aec3-cb9272f09590/resourceGroups/javacsmrg5750/providers/Microsoft.Web/sites?api-version=2016-08-01",
      "EncodedRequestUri": "L3N1YnNjcmlwdGlvbnMvMGIxZjY0NzEtMWJmMC00ZGRhLWFlYzMtY2I5MjcyZjA5NTkwL3Jlc291cmNlR3JvdXBzL2phdmFjc21yZzU3NTAvcHJvdmlkZXJzL01pY3Jvc29mdC5XZWIvc2l0ZXM/YXBpLXZlcnNpb249MjAxNi0wOC0wMQ==",
      "RequestMethod": "GET",
      "RequestBody": "",
      "RequestHeaders": {
        "x-ms-client-request-id": [
          "5a82d4d1-be5a-40c3-a81d-6ba7b8a7d39c"
        ],
        "accept-language": [
          "en-US"
        ],
        "User-Agent": [
          "FxVersion/4.6.25211.01",
          "Microsoft.Azure.Management.AppService.Fluent.WebSiteManagementClient/1.4.1.0",
          "MacAddressHash/8aacf6245de346f347b0601b2da7a93ac9072c00fb7b723a469bc615c87f34d2"
        ]
      },
      "ResponseBody": "{\r\n  \"value\": [\r\n    {\r\n      \"id\": \"/subscriptions/0b1f6471-1bf0-4dda-aec3-cb9272f09590/resourceGroups/javacsmrg5750/providers/Microsoft.Web/sites/java-webapp-751\",\r\n      \"name\": \"java-webapp-751\",\r\n      \"type\": \"Microsoft.Web/sites\",\r\n      \"kind\": \"app,linux\",\r\n      \"location\": \"West US\",\r\n      \"tags\": {},\r\n      \"properties\": {\r\n        \"name\": \"java-webapp-751\",\r\n        \"state\": \"Running\",\r\n        \"hostNames\": [\r\n          \"java-webapp-751.azurewebsites.net\"\r\n        ],\r\n        \"webSpace\": \"javacsmrg8746-WestUSwebspace\",\r\n        \"selfLink\": \"https://waws-prod-bay-063.api.azurewebsites.windows.net:454/subscriptions/0b1f6471-1bf0-4dda-aec3-cb9272f09590/webspaces/javacsmrg8746-WestUSwebspace/sites/java-webapp-751\",\r\n        \"repositorySiteName\": \"java-webapp-751\",\r\n        \"owner\": null,\r\n        \"usageState\": \"Normal\",\r\n        \"enabled\": true,\r\n        \"adminEnabled\": true,\r\n        \"enabledHostNames\": [\r\n          \"java-webapp-751.azurewebsites.net\",\r\n          \"java-webapp-751.scm.azurewebsites.net\"\r\n        ],\r\n        \"siteProperties\": {\r\n          \"metadata\": null,\r\n          \"properties\": [],\r\n          \"appSettings\": null\r\n        },\r\n        \"availabilityState\": \"Normal\",\r\n        \"sslCertificates\": null,\r\n        \"csrs\": [],\r\n        \"cers\": null,\r\n        \"siteMode\": null,\r\n        \"hostNameSslStates\": [\r\n          {\r\n            \"name\": \"java-webapp-751.azurewebsites.net\",\r\n            \"sslState\": \"Disabled\",\r\n            \"ipBasedSslResult\": null,\r\n            \"virtualIP\": null,\r\n            \"thumbprint\": null,\r\n            \"toUpdate\": null,\r\n            \"toUpdateIpBasedSsl\": null,\r\n            \"ipBasedSslState\": \"NotConfigured\",\r\n            \"hostType\": \"Standard\"\r\n          },\r\n          {\r\n            \"name\": \"java-webapp-751.scm.azurewebsites.net\",\r\n            \"sslState\": \"Disabled\",\r\n            \"ipBasedSslResult\": null,\r\n            \"virtualIP\": null,\r\n            \"thumbprint\": null,\r\n            \"toUpdate\": null,\r\n            \"toUpdateIpBasedSsl\": null,\r\n            \"ipBasedSslState\": \"NotConfigured\",\r\n            \"hostType\": \"Repository\"\r\n          }\r\n        ],\r\n        \"computeMode\": null,\r\n        \"serverFarm\": null,\r\n        \"serverFarmId\": \"/subscriptions/0b1f6471-1bf0-4dda-aec3-cb9272f09590/resourceGroups/javacsmrg8746/providers/Microsoft.Web/serverfarms/java-webapp-2308plane9b4807117\",\r\n        \"reserved\": true,\r\n        \"lastModifiedTimeUtc\": \"2018-01-10T00:53:03.5966667\",\r\n        \"storageRecoveryDefaultState\": \"Running\",\r\n        \"contentAvailabilityState\": \"Normal\",\r\n        \"runtimeAvailabilityState\": \"Normal\",\r\n        \"siteConfig\": null,\r\n        \"deploymentId\": \"java-webapp-751\",\r\n        \"trafficManagerHostNames\": null,\r\n        \"sku\": \"Basic\",\r\n        \"scmSiteAlsoStopped\": false,\r\n        \"targetSwapSlot\": null,\r\n        \"hostingEnvironment\": null,\r\n        \"hostingEnvironmentProfile\": null,\r\n        \"clientAffinityEnabled\": true,\r\n        \"clientCertEnabled\": false,\r\n        \"hostNamesDisabled\": false,\r\n        \"domainVerificationIdentifiers\": null,\r\n        \"kind\": \"app,linux\",\r\n        \"outboundIpAddresses\": \"13.93.220.109,13.93.205.56,52.160.105.227,104.209.45.67,13.91.108.234\",\r\n        \"possibleOutboundIpAddresses\": \"13.93.220.109,13.93.205.56,52.160.105.227,104.209.45.67,13.91.108.234\",\r\n        \"containerSize\": 0,\r\n        \"dailyMemoryTimeQuota\": 0,\r\n        \"suspendedTill\": null,\r\n        \"siteDisabledReason\": 0,\r\n        \"functionExecutionUnitsCache\": null,\r\n        \"maxNumberOfWorkers\": null,\r\n        \"homeStamp\": \"waws-prod-bay-063\",\r\n        \"cloningInfo\": null,\r\n        \"snapshotInfo\": null,\r\n        \"hostingEnvironmentId\": null,\r\n        \"tags\": {},\r\n        \"resourceGroup\": \"javacsmrg5750\",\r\n        \"defaultHostName\": \"java-webapp-751.azurewebsites.net\",\r\n        \"slotSwapStatus\": null,\r\n        \"httpsOnly\": false\r\n      }\r\n    }\r\n  ],\r\n  \"nextLink\": null,\r\n  \"id\": null\r\n}",
      "ResponseHeaders": {
        "Content-Type": [
          "application/json"
        ],
        "Expires": [
          "-1"
        ],
        "Cache-Control": [
          "no-cache"
        ],
        "Date": [
          "Wed, 10 Jan 2018 00:53:15 GMT"
        ],
        "Pragma": [
          "no-cache"
        ],
        "Transfer-Encoding": [
          "chunked"
        ],
        "Server": [
          "Microsoft-IIS/10.0"
        ],
        "Vary": [
          "Accept-Encoding"
        ],
        "Strict-Transport-Security": [
          "max-age=31536000; includeSubDomains"
        ],
        "x-ms-request-id": [
          "f7f095dd-74f3-42f2-82c1-d4a32b7b2b0f"
        ],
        "X-AspNet-Version": [
          "4.0.30319"
        ],
        "X-Powered-By": [
          "ASP.NET"
        ],
        "x-ms-ratelimit-remaining-subscription-reads": [
          "14981"
        ],
        "x-ms-correlation-request-id": [
          "14d3af1f-fcd6-44c2-958e-c11a24a3d7e0"
        ],
        "x-ms-routing-request-id": [
          "WESTUS2:20180110T005315Z:14d3af1f-fcd6-44c2-958e-c11a24a3d7e0"
        ]
      },
      "StatusCode": 200
    },
    {
      "RequestUri": "/subscriptions/0b1f6471-1bf0-4dda-aec3-cb9272f09590/resourceGroups/javacsmrg8746/providers/Microsoft.Web/serverfarms/java-webapp-2308plan73573566d9?api-version=2016-09-01",
      "EncodedRequestUri": "L3N1YnNjcmlwdGlvbnMvMGIxZjY0NzEtMWJmMC00ZGRhLWFlYzMtY2I5MjcyZjA5NTkwL3Jlc291cmNlR3JvdXBzL2phdmFjc21yZzg3NDYvcHJvdmlkZXJzL01pY3Jvc29mdC5XZWIvc2VydmVyZmFybXMvamF2YS13ZWJhcHAtMjMwOHBsYW43MzU3MzU2NmQ5P2FwaS12ZXJzaW9uPTIwMTYtMDktMDE=",
      "RequestMethod": "PUT",
      "RequestBody": "{\r\n  \"kind\": \"linux\",\r\n  \"properties\": {\r\n    \"reserved\": true\r\n  },\r\n  \"sku\": {\r\n    \"name\": \"S2\",\r\n    \"tier\": \"Standard\",\r\n    \"size\": \"S2\"\r\n  },\r\n  \"location\": \"West US\",\r\n  \"tags\": {}\r\n}",
      "RequestHeaders": {
        "Content-Type": [
          "application/json; charset=utf-8"
        ],
        "Content-Length": [
          "191"
        ],
        "x-ms-client-request-id": [
          "41e4765d-38bb-4c94-8d33-7ac523d55a1a"
        ],
        "accept-language": [
          "en-US"
        ],
        "User-Agent": [
          "FxVersion/4.6.25211.01",
          "Microsoft.Azure.Management.AppService.Fluent.WebSiteManagementClient/1.4.1.0",
          "MacAddressHash/8aacf6245de346f347b0601b2da7a93ac9072c00fb7b723a469bc615c87f34d2"
        ]
      },
      "ResponseBody": "{\r\n  \"id\": \"/subscriptions/0b1f6471-1bf0-4dda-aec3-cb9272f09590/resourceGroups/javacsmrg8746/providers/Microsoft.Web/serverfarms/java-webapp-2308plan73573566d9\",\r\n  \"name\": \"java-webapp-2308plan73573566d9\",\r\n  \"type\": \"Microsoft.Web/serverfarms\",\r\n  \"kind\": \"linux\",\r\n  \"location\": \"West US\",\r\n  \"tags\": {},\r\n  \"properties\": {\r\n    \"serverFarmId\": 0,\r\n    \"name\": \"java-webapp-2308plan73573566d9\",\r\n    \"workerSize\": \"Medium\",\r\n    \"workerSizeId\": 1,\r\n    \"workerTierName\": null,\r\n    \"numberOfWorkers\": 1,\r\n    \"currentWorkerSize\": \"Medium\",\r\n    \"currentWorkerSizeId\": 1,\r\n    \"currentNumberOfWorkers\": 1,\r\n    \"status\": \"Ready\",\r\n    \"webSpace\": \"javacsmrg8746-WestUSwebspace\",\r\n    \"subscription\": \"0b1f6471-1bf0-4dda-aec3-cb9272f09590\",\r\n    \"adminSiteName\": null,\r\n    \"hostingEnvironment\": null,\r\n    \"hostingEnvironmentProfile\": null,\r\n    \"maximumNumberOfWorkers\": 10,\r\n    \"planName\": \"VirtualDedicatedPlan\",\r\n    \"adminRuntimeSiteName\": null,\r\n    \"computeMode\": \"Shared\",\r\n    \"siteMode\": null,\r\n    \"geoRegion\": \"West US\",\r\n    \"perSiteScaling\": false,\r\n    \"numberOfSites\": 0,\r\n    \"hostingEnvironmentId\": null,\r\n    \"isSpot\": false,\r\n    \"spotExpirationTime\": null,\r\n    \"tags\": {},\r\n    \"kind\": \"linux\",\r\n    \"resourceGroup\": \"javacsmrg8746\",\r\n    \"reserved\": true,\r\n    \"mdmId\": \"waws-prod-bay-063_12626\",\r\n    \"targetWorkerCount\": 0,\r\n    \"targetWorkerSizeId\": 0,\r\n    \"provisioningState\": \"Succeeded\"\r\n  },\r\n  \"sku\": {\r\n    \"name\": \"S2\",\r\n    \"tier\": \"Standard\",\r\n    \"size\": \"S2\",\r\n    \"family\": \"S\",\r\n    \"capacity\": 1\r\n  }\r\n}",
      "ResponseHeaders": {
        "Content-Type": [
          "application/json"
        ],
        "Expires": [
          "-1"
        ],
        "Cache-Control": [
          "no-cache"
        ],
        "Date": [
          "Wed, 10 Jan 2018 00:53:21 GMT"
        ],
        "Pragma": [
          "no-cache"
        ],
        "Transfer-Encoding": [
          "chunked"
        ],
        "Server": [
          "Microsoft-IIS/10.0"
        ],
        "Vary": [
          "Accept-Encoding"
        ],
        "Strict-Transport-Security": [
          "max-age=31536000; includeSubDomains"
        ],
        "x-ms-request-id": [
          "d6e365b7-37c3-4388-9a7a-7f091c9bd8da"
        ],
        "X-AspNet-Version": [
          "4.0.30319"
        ],
        "X-Powered-By": [
          "ASP.NET"
        ],
        "x-ms-ratelimit-remaining-subscription-writes": [
          "1186"
        ],
        "x-ms-correlation-request-id": [
          "abbd2769-4921-4602-a3d8-5253e77c8127"
        ],
        "x-ms-routing-request-id": [
          "WESTUS2:20180110T005321Z:abbd2769-4921-4602-a3d8-5253e77c8127"
        ]
      },
      "StatusCode": 200
    },
    {
      "RequestUri": "/subscriptions/0b1f6471-1bf0-4dda-aec3-cb9272f09590/resourceGroups/javacsmrg8746/providers/Microsoft.Web/serverfarms/java-webapp-2308plan73573566d9?api-version=2016-09-01",
      "EncodedRequestUri": "L3N1YnNjcmlwdGlvbnMvMGIxZjY0NzEtMWJmMC00ZGRhLWFlYzMtY2I5MjcyZjA5NTkwL3Jlc291cmNlR3JvdXBzL2phdmFjc21yZzg3NDYvcHJvdmlkZXJzL01pY3Jvc29mdC5XZWIvc2VydmVyZmFybXMvamF2YS13ZWJhcHAtMjMwOHBsYW43MzU3MzU2NmQ5P2FwaS12ZXJzaW9uPTIwMTYtMDktMDE=",
      "RequestMethod": "GET",
      "RequestBody": "",
      "RequestHeaders": {
        "x-ms-client-request-id": [
          "ba122b21-0015-4a78-b7e7-1f882292e545"
        ],
        "accept-language": [
          "en-US"
        ],
        "User-Agent": [
          "FxVersion/4.6.25211.01",
          "Microsoft.Azure.Management.AppService.Fluent.WebSiteManagementClient/1.4.1.0",
          "MacAddressHash/8aacf6245de346f347b0601b2da7a93ac9072c00fb7b723a469bc615c87f34d2"
        ]
      },
      "ResponseBody": "{\r\n  \"id\": \"/subscriptions/0b1f6471-1bf0-4dda-aec3-cb9272f09590/resourceGroups/javacsmrg8746/providers/Microsoft.Web/serverfarms/java-webapp-2308plan73573566d9\",\r\n  \"name\": \"java-webapp-2308plan73573566d9\",\r\n  \"type\": \"Microsoft.Web/serverfarms\",\r\n  \"kind\": \"linux\",\r\n  \"location\": \"West US\",\r\n  \"tags\": {},\r\n  \"properties\": {\r\n    \"serverFarmId\": 0,\r\n    \"name\": \"java-webapp-2308plan73573566d9\",\r\n    \"workerSize\": \"Medium\",\r\n    \"workerSizeId\": 1,\r\n    \"workerTierName\": null,\r\n    \"numberOfWorkers\": 1,\r\n    \"currentWorkerSize\": \"Medium\",\r\n    \"currentWorkerSizeId\": 1,\r\n    \"currentNumberOfWorkers\": 1,\r\n    \"status\": \"Ready\",\r\n    \"webSpace\": \"javacsmrg8746-WestUSwebspace\",\r\n    \"subscription\": \"0b1f6471-1bf0-4dda-aec3-cb9272f09590\",\r\n    \"adminSiteName\": null,\r\n    \"hostingEnvironment\": null,\r\n    \"hostingEnvironmentProfile\": null,\r\n    \"maximumNumberOfWorkers\": 10,\r\n    \"planName\": \"VirtualDedicatedPlan\",\r\n    \"adminRuntimeSiteName\": null,\r\n    \"computeMode\": \"Shared\",\r\n    \"siteMode\": null,\r\n    \"geoRegion\": \"West US\",\r\n    \"perSiteScaling\": false,\r\n    \"numberOfSites\": 1,\r\n    \"hostingEnvironmentId\": null,\r\n    \"isSpot\": false,\r\n    \"spotExpirationTime\": null,\r\n    \"tags\": {},\r\n    \"kind\": \"linux\",\r\n    \"resourceGroup\": \"javacsmrg8746\",\r\n    \"reserved\": true,\r\n    \"mdmId\": \"waws-prod-bay-063_12626\",\r\n    \"targetWorkerCount\": 0,\r\n    \"targetWorkerSizeId\": 0,\r\n    \"provisioningState\": \"Succeeded\"\r\n  },\r\n  \"sku\": {\r\n    \"name\": \"S2\",\r\n    \"tier\": \"Standard\",\r\n    \"size\": \"S2\",\r\n    \"family\": \"S\",\r\n    \"capacity\": 1\r\n  }\r\n}",
      "ResponseHeaders": {
        "Content-Type": [
          "application/json"
        ],
        "Expires": [
          "-1"
        ],
        "Cache-Control": [
          "no-cache"
        ],
        "Date": [
          "Wed, 10 Jan 2018 00:53:24 GMT"
        ],
        "Pragma": [
          "no-cache"
        ],
        "Transfer-Encoding": [
          "chunked"
        ],
        "Server": [
          "Microsoft-IIS/10.0"
        ],
        "Vary": [
          "Accept-Encoding"
        ],
        "Strict-Transport-Security": [
          "max-age=31536000; includeSubDomains"
        ],
        "x-ms-request-id": [
          "f002ed09-415c-4097-aea4-cfc8c094c26e"
        ],
        "X-AspNet-Version": [
          "4.0.30319"
        ],
        "X-Powered-By": [
          "ASP.NET"
        ],
        "x-ms-ratelimit-remaining-subscription-reads": [
          "14978"
        ],
        "x-ms-correlation-request-id": [
          "bb343ebd-9726-4386-88f1-f907370d306d"
        ],
        "x-ms-routing-request-id": [
          "WESTUS2:20180110T005325Z:bb343ebd-9726-4386-88f1-f907370d306d"
        ]
      },
      "StatusCode": 200
    },
    {
      "RequestUri": "/subscriptions/0b1f6471-1bf0-4dda-aec3-cb9272f09590/resourceGroups/javacsmrg8746/providers/Microsoft.Web/sites/java-webapp-2308/sourcecontrols/web?api-version=2016-08-01",
      "EncodedRequestUri": "L3N1YnNjcmlwdGlvbnMvMGIxZjY0NzEtMWJmMC00ZGRhLWFlYzMtY2I5MjcyZjA5NTkwL3Jlc291cmNlR3JvdXBzL2phdmFjc21yZzg3NDYvcHJvdmlkZXJzL01pY3Jvc29mdC5XZWIvc2l0ZXMvamF2YS13ZWJhcHAtMjMwOC9zb3VyY2Vjb250cm9scy93ZWI/YXBpLXZlcnNpb249MjAxNi0wOC0wMQ==",
      "RequestMethod": "PUT",
      "RequestBody": "{\r\n  \"properties\": {\r\n    \"repoUrl\": \"https://github.com/jianghaolu/azure-site-test\",\r\n    \"branch\": \"master\",\r\n    \"isManualIntegration\": true,\r\n    \"isMercurial\": false\r\n  }\r\n}",
      "RequestHeaders": {
        "Content-Type": [
          "application/json; charset=utf-8"
        ],
        "Content-Length": [
          "178"
        ],
        "x-ms-client-request-id": [
          "1fcea16e-4688-4575-9391-a177ca84a017"
        ],
        "accept-language": [
          "en-US"
        ],
        "User-Agent": [
          "FxVersion/4.6.25211.01",
          "Microsoft.Azure.Management.AppService.Fluent.WebSiteManagementClient/1.4.1.0",
          "MacAddressHash/8aacf6245de346f347b0601b2da7a93ac9072c00fb7b723a469bc615c87f34d2"
        ]
      },
      "ResponseBody": "{\r\n  \"id\": \"/subscriptions/0b1f6471-1bf0-4dda-aec3-cb9272f09590/resourceGroups/javacsmrg8746/providers/Microsoft.Web/sites/java-webapp-2308/sourcecontrols/web\",\r\n  \"name\": \"java-webapp-2308\",\r\n  \"type\": \"Microsoft.Web/sites/sourcecontrols\",\r\n  \"location\": \"West US\",\r\n  \"tags\": {},\r\n  \"properties\": {\r\n    \"repoUrl\": \"https://github.com/jianghaolu/azure-site-test\",\r\n    \"branch\": \"master\",\r\n    \"isManualIntegration\": true,\r\n    \"deploymentRollbackEnabled\": false,\r\n    \"isMercurial\": false,\r\n    \"provisioningState\": \"InProgress\"\r\n  }\r\n}",
      "ResponseHeaders": {
        "Content-Length": [
          "461"
        ],
        "Content-Type": [
          "application/json"
        ],
        "Expires": [
          "-1"
        ],
        "Cache-Control": [
          "no-cache"
        ],
        "Date": [
          "Wed, 10 Jan 2018 00:54:30 GMT"
        ],
        "Pragma": [
          "no-cache"
        ],
        "ETag": [
          "\"1D389AD92390175\""
        ],
        "Server": [
          "Microsoft-IIS/10.0"
        ],
        "Strict-Transport-Security": [
          "max-age=31536000; includeSubDomains"
        ],
        "x-ms-request-id": [
          "36099227-e903-4de1-a6ea-30c2fe15df83"
        ],
        "X-AspNet-Version": [
          "4.0.30319"
        ],
        "X-Powered-By": [
          "ASP.NET"
        ],
        "x-ms-ratelimit-remaining-subscription-writes": [
          "1180"
        ],
        "x-ms-correlation-request-id": [
          "b552a2d3-453f-4f57-9626-e610f05b6573"
        ],
        "x-ms-routing-request-id": [
          "WESTUS2:20180110T005431Z:b552a2d3-453f-4f57-9626-e610f05b6573"
        ]
      },
      "StatusCode": 201
    },
    {
      "RequestUri": "/subscriptions/0b1f6471-1bf0-4dda-aec3-cb9272f09590/resourceGroups/javacsmrg8746/providers/Microsoft.Web/sites/java-webapp-2308/sourcecontrols/web?api-version=2016-08-01",
      "EncodedRequestUri": "L3N1YnNjcmlwdGlvbnMvMGIxZjY0NzEtMWJmMC00ZGRhLWFlYzMtY2I5MjcyZjA5NTkwL3Jlc291cmNlR3JvdXBzL2phdmFjc21yZzg3NDYvcHJvdmlkZXJzL01pY3Jvc29mdC5XZWIvc2l0ZXMvamF2YS13ZWJhcHAtMjMwOC9zb3VyY2Vjb250cm9scy93ZWI/YXBpLXZlcnNpb249MjAxNi0wOC0wMQ==",
      "RequestMethod": "GET",
      "RequestBody": "",
      "RequestHeaders": {
        "User-Agent": [
          "FxVersion/4.6.25211.01",
          "Microsoft.Azure.Management.AppService.Fluent.WebSiteManagementClient/1.4.1.0",
          "MacAddressHash/8aacf6245de346f347b0601b2da7a93ac9072c00fb7b723a469bc615c87f34d2"
        ]
      },
      "ResponseBody": "{\r\n  \"id\": \"/subscriptions/0b1f6471-1bf0-4dda-aec3-cb9272f09590/resourceGroups/javacsmrg8746/providers/Microsoft.Web/sites/java-webapp-2308/sourcecontrols/web\",\r\n  \"name\": \"java-webapp-2308\",\r\n  \"type\": \"Microsoft.Web/sites/sourcecontrols\",\r\n  \"location\": \"West US\",\r\n  \"tags\": {},\r\n  \"properties\": {\r\n    \"repoUrl\": \"https://github.com/jianghaolu/azure-site-test\",\r\n    \"branch\": \"master\",\r\n    \"isManualIntegration\": true,\r\n    \"deploymentRollbackEnabled\": false,\r\n    \"isMercurial\": false,\r\n    \"provisioningState\": \"InProgress\",\r\n    \"provisioningDetails\": \"2018-01-10T00:54:29.7100000 Ensuring ScmType\"\r\n  }\r\n}",
      "ResponseHeaders": {
        "Content-Length": [
          "530"
        ],
        "Content-Type": [
          "application/json"
        ],
        "Expires": [
          "-1"
        ],
        "Cache-Control": [
          "no-cache"
        ],
        "Date": [
          "Wed, 10 Jan 2018 00:55:01 GMT"
        ],
        "Pragma": [
          "no-cache"
        ],
        "ETag": [
          "\"1D389AD92390175\""
        ],
        "Server": [
          "Microsoft-IIS/10.0"
        ],
        "Strict-Transport-Security": [
          "max-age=31536000; includeSubDomains"
        ],
        "x-ms-request-id": [
          "4f715b90-d062-4e51-922a-27c505f6efc9"
        ],
        "X-AspNet-Version": [
          "4.0.30319"
        ],
        "X-Powered-By": [
          "ASP.NET"
        ],
        "x-ms-ratelimit-remaining-subscription-reads": [
          "14976"
        ],
        "x-ms-correlation-request-id": [
          "6437193b-cf9c-4873-8589-4e1467ab52db"
        ],
        "x-ms-routing-request-id": [
          "WESTUS2:20180110T005501Z:6437193b-cf9c-4873-8589-4e1467ab52db"
        ]
      },
      "StatusCode": 201
    },
    {
      "RequestUri": "/subscriptions/0b1f6471-1bf0-4dda-aec3-cb9272f09590/resourceGroups/javacsmrg8746/providers/Microsoft.Web/sites/java-webapp-2308/sourcecontrols/web?api-version=2016-08-01",
      "EncodedRequestUri": "L3N1YnNjcmlwdGlvbnMvMGIxZjY0NzEtMWJmMC00ZGRhLWFlYzMtY2I5MjcyZjA5NTkwL3Jlc291cmNlR3JvdXBzL2phdmFjc21yZzg3NDYvcHJvdmlkZXJzL01pY3Jvc29mdC5XZWIvc2l0ZXMvamF2YS13ZWJhcHAtMjMwOC9zb3VyY2Vjb250cm9scy93ZWI/YXBpLXZlcnNpb249MjAxNi0wOC0wMQ==",
      "RequestMethod": "GET",
      "RequestBody": "",
      "RequestHeaders": {
        "User-Agent": [
          "FxVersion/4.6.25211.01",
          "Microsoft.Azure.Management.AppService.Fluent.WebSiteManagementClient/1.4.1.0",
          "MacAddressHash/8aacf6245de346f347b0601b2da7a93ac9072c00fb7b723a469bc615c87f34d2"
        ]
      },
      "ResponseBody": "{\r\n  \"id\": \"/subscriptions/0b1f6471-1bf0-4dda-aec3-cb9272f09590/resourceGroups/javacsmrg8746/providers/Microsoft.Web/sites/java-webapp-2308/sourcecontrols/web\",\r\n  \"name\": \"java-webapp-2308\",\r\n  \"type\": \"Microsoft.Web/sites/sourcecontrols\",\r\n  \"location\": \"West US\",\r\n  \"tags\": {},\r\n  \"properties\": {\r\n    \"repoUrl\": \"https://github.com/jianghaolu/azure-site-test\",\r\n    \"branch\": \"master\",\r\n    \"isManualIntegration\": true,\r\n    \"deploymentRollbackEnabled\": false,\r\n    \"isMercurial\": false,\r\n    \"provisioningState\": \"InProgress\",\r\n    \"provisioningDetails\": \"2018-01-10T00:54:29.7100000 Ensuring ScmType\"\r\n  }\r\n}",
      "ResponseHeaders": {
        "Content-Length": [
          "530"
        ],
        "Content-Type": [
          "application/json"
        ],
        "Expires": [
          "-1"
        ],
        "Cache-Control": [
          "no-cache"
        ],
        "Date": [
          "Wed, 10 Jan 2018 00:55:31 GMT"
        ],
        "Pragma": [
          "no-cache"
        ],
        "ETag": [
          "\"1D389AD92390175\""
        ],
        "Server": [
          "Microsoft-IIS/10.0"
        ],
        "Strict-Transport-Security": [
          "max-age=31536000; includeSubDomains"
        ],
        "x-ms-request-id": [
          "2a8eb933-58c2-45d0-9fbe-cd2c671f0b16"
        ],
        "X-AspNet-Version": [
          "4.0.30319"
        ],
        "X-Powered-By": [
          "ASP.NET"
        ],
        "x-ms-ratelimit-remaining-subscription-reads": [
          "14975"
        ],
        "x-ms-correlation-request-id": [
          "d1f0313e-58e8-4c1b-85cf-7d611b11dafe"
        ],
        "x-ms-routing-request-id": [
          "WESTUS2:20180110T005532Z:d1f0313e-58e8-4c1b-85cf-7d611b11dafe"
        ]
      },
      "StatusCode": 201
    },
    {
      "RequestUri": "/subscriptions/0b1f6471-1bf0-4dda-aec3-cb9272f09590/resourceGroups/javacsmrg8746/providers/Microsoft.Web/sites/java-webapp-2308/sourcecontrols/web?api-version=2016-08-01",
      "EncodedRequestUri": "L3N1YnNjcmlwdGlvbnMvMGIxZjY0NzEtMWJmMC00ZGRhLWFlYzMtY2I5MjcyZjA5NTkwL3Jlc291cmNlR3JvdXBzL2phdmFjc21yZzg3NDYvcHJvdmlkZXJzL01pY3Jvc29mdC5XZWIvc2l0ZXMvamF2YS13ZWJhcHAtMjMwOC9zb3VyY2Vjb250cm9scy93ZWI/YXBpLXZlcnNpb249MjAxNi0wOC0wMQ==",
      "RequestMethod": "GET",
      "RequestBody": "",
      "RequestHeaders": {
        "User-Agent": [
          "FxVersion/4.6.25211.01",
          "Microsoft.Azure.Management.AppService.Fluent.WebSiteManagementClient/1.4.1.0",
          "MacAddressHash/8aacf6245de346f347b0601b2da7a93ac9072c00fb7b723a469bc615c87f34d2"
        ]
      },
      "ResponseBody": "{\r\n  \"id\": \"/subscriptions/0b1f6471-1bf0-4dda-aec3-cb9272f09590/resourceGroups/javacsmrg8746/providers/Microsoft.Web/sites/java-webapp-2308/sourcecontrols/web\",\r\n  \"name\": \"java-webapp-2308\",\r\n  \"type\": \"Microsoft.Web/sites/sourcecontrols\",\r\n  \"location\": \"West US\",\r\n  \"tags\": {},\r\n  \"properties\": {\r\n    \"repoUrl\": \"https://github.com/jianghaolu/azure-site-test\",\r\n    \"branch\": \"master\",\r\n    \"isManualIntegration\": true,\r\n    \"deploymentRollbackEnabled\": false,\r\n    \"isMercurial\": false,\r\n    \"provisioningState\": \"InProgress\",\r\n    \"provisioningDetails\": \"2018-01-10T00:56:00.5892654 http://java-webapp-2308.scm.azurewebsites.net:8181/api/deployments/latest?deployer=GitHub&time=2018-01-10_00-55-49Z\"\r\n  }\r\n}",
      "ResponseHeaders": {
        "Content-Length": [
          "629"
        ],
        "Content-Type": [
          "application/json"
        ],
        "Expires": [
          "-1"
        ],
        "Cache-Control": [
          "no-cache"
        ],
        "Date": [
          "Wed, 10 Jan 2018 00:56:01 GMT"
        ],
        "Pragma": [
          "no-cache"
        ],
        "ETag": [
          "\"1D389AD92390175\""
        ],
        "Server": [
          "Microsoft-IIS/10.0"
        ],
        "Strict-Transport-Security": [
          "max-age=31536000; includeSubDomains"
        ],
        "x-ms-request-id": [
          "efc810b7-9144-4252-a300-8fcf286101b0"
        ],
        "X-AspNet-Version": [
          "4.0.30319"
        ],
        "X-Powered-By": [
          "ASP.NET"
        ],
        "x-ms-ratelimit-remaining-subscription-reads": [
          "14974"
        ],
        "x-ms-correlation-request-id": [
          "083add56-8f59-48bc-97b3-d23e0561fa0a"
        ],
        "x-ms-routing-request-id": [
          "WESTUS2:20180110T005602Z:083add56-8f59-48bc-97b3-d23e0561fa0a"
        ]
      },
      "StatusCode": 201
    },
    {
      "RequestUri": "/subscriptions/0b1f6471-1bf0-4dda-aec3-cb9272f09590/resourceGroups/javacsmrg8746/providers/Microsoft.Web/sites/java-webapp-2308/sourcecontrols/web?api-version=2016-08-01",
      "EncodedRequestUri": "L3N1YnNjcmlwdGlvbnMvMGIxZjY0NzEtMWJmMC00ZGRhLWFlYzMtY2I5MjcyZjA5NTkwL3Jlc291cmNlR3JvdXBzL2phdmFjc21yZzg3NDYvcHJvdmlkZXJzL01pY3Jvc29mdC5XZWIvc2l0ZXMvamF2YS13ZWJhcHAtMjMwOC9zb3VyY2Vjb250cm9scy93ZWI/YXBpLXZlcnNpb249MjAxNi0wOC0wMQ==",
      "RequestMethod": "GET",
      "RequestBody": "",
      "RequestHeaders": {
        "User-Agent": [
          "FxVersion/4.6.25211.01",
          "Microsoft.Azure.Management.AppService.Fluent.WebSiteManagementClient/1.4.1.0",
          "MacAddressHash/8aacf6245de346f347b0601b2da7a93ac9072c00fb7b723a469bc615c87f34d2"
        ]
      },
      "ResponseBody": "{\r\n  \"id\": \"/subscriptions/0b1f6471-1bf0-4dda-aec3-cb9272f09590/resourceGroups/javacsmrg8746/providers/Microsoft.Web/sites/java-webapp-2308/sourcecontrols/web\",\r\n  \"name\": \"java-webapp-2308\",\r\n  \"type\": \"Microsoft.Web/sites/sourcecontrols\",\r\n  \"location\": \"West US\",\r\n  \"tags\": {},\r\n  \"properties\": {\r\n    \"repoUrl\": \"https://github.com/jianghaolu/azure-site-test\",\r\n    \"branch\": \"master\",\r\n    \"isManualIntegration\": true,\r\n    \"deploymentRollbackEnabled\": false,\r\n    \"isMercurial\": false,\r\n    \"provisioningState\": \"Succeeded\"\r\n  }\r\n}",
      "ResponseHeaders": {
        "Content-Type": [
          "application/json"
        ],
        "Expires": [
          "-1"
        ],
        "Cache-Control": [
          "no-cache"
        ],
        "Date": [
          "Wed, 10 Jan 2018 00:56:32 GMT"
        ],
        "Pragma": [
          "no-cache"
        ],
        "Transfer-Encoding": [
          "chunked"
        ],
        "ETag": [
          "\"1D389AD92390175\""
        ],
        "Server": [
          "Microsoft-IIS/10.0"
        ],
        "Vary": [
          "Accept-Encoding"
        ],
        "Strict-Transport-Security": [
          "max-age=31536000; includeSubDomains"
        ],
        "x-ms-request-id": [
          "9937ea75-3d97-4fed-abcb-822a1513d2d8"
        ],
        "X-AspNet-Version": [
          "4.0.30319"
        ],
        "X-Powered-By": [
          "ASP.NET"
        ],
        "x-ms-ratelimit-remaining-subscription-reads": [
          "14973"
        ],
        "x-ms-correlation-request-id": [
          "c3be8520-0de9-46e0-8fb0-798ec215e38b"
        ],
        "x-ms-routing-request-id": [
          "WESTUS2:20180110T005632Z:c3be8520-0de9-46e0-8fb0-798ec215e38b"
        ]
      },
      "StatusCode": 200
    }
  ],
  "Names": {
    "CanCRUDLinuxWebApp": [
      "javacsmrg8746",
      "javacsmrg5750",
      "java-webapp-2308",
      "java-webapp-751",
      "java-webapp-2308plane9b4807117",
      "java-webapp-2308plan73573566d9"
    ]
  },
  "Variables": {
    "ServicePrincipal": "a971e5df-eeb7-4481-9bf7-e72e66a2ba12",
    "AADTenant": "54826b22-38d6-4fb2-bad9-b7b93a3e9c5a",
    "SubscriptionId": "0b1f6471-1bf0-4dda-aec3-cb9272f09590"
  }
}