{
  "Entries": [
    {
      "RequestUri": "/subscriptions/0b1f6471-1bf0-4dda-aec3-cb9272f09590/resourcegroups/javacsmrg6304?api-version=2017-05-10",
      "EncodedRequestUri": "L3N1YnNjcmlwdGlvbnMvMGIxZjY0NzEtMWJmMC00ZGRhLWFlYzMtY2I5MjcyZjA5NTkwL3Jlc291cmNlZ3JvdXBzL2phdmFjc21yZzYzMDQ/YXBpLXZlcnNpb249MjAxNy0wNS0xMA==",
      "RequestMethod": "PUT",
      "RequestBody": "{\r\n  \"location\": \"eastus\"\r\n}",
      "RequestHeaders": {
        "x-ms-client-request-id": [
          "d5c98a8c-39a6-42dd-bc20-448ef2426008"
        ],
        "Accept-Language": [
          "en-US"
        ],
        "User-Agent": [
          "FxVersion/4.6.26725.06",
          "OSName/Windows",
          "OSVersion/Microsoft.Windows.10.0.17763.",
          "Microsoft.Azure.Management.ResourceManager.Fluent.ResourceManagementClient/1.19.0.0",
          "MacAddressHash/1706214d8731cf2405675fdf5fb8b4bf75f06e7a9bb34e8d93f8f4a5d61acc28"
        ],
        "Content-Type": [
          "application/json; charset=utf-8"
        ],
        "Content-Length": [
          "28"
        ]
      },
      "ResponseHeaders": {
        "Cache-Control": [
          "no-cache"
        ],
        "Pragma": [
          "no-cache"
        ],
        "x-ms-ratelimit-remaining-subscription-writes": [
          "1199"
        ],
        "x-ms-request-id": [
          "7b9f6dde-1ad4-4adc-a592-77b785a9388e"
        ],
        "x-ms-correlation-request-id": [
          "7b9f6dde-1ad4-4adc-a592-77b785a9388e"
        ],
        "x-ms-routing-request-id": [
          "WESTUS2:20190301T203816Z:7b9f6dde-1ad4-4adc-a592-77b785a9388e"
        ],
        "Strict-Transport-Security": [
          "max-age=31536000; includeSubDomains"
        ],
        "X-Content-Type-Options": [
          "nosniff"
        ],
        "Date": [
          "Fri, 01 Mar 2019 20:38:16 GMT"
        ],
        "Content-Length": [
          "179"
        ],
        "Content-Type": [
          "application/json; charset=utf-8"
        ],
        "Expires": [
          "-1"
        ]
      },
      "ResponseBody": "{\r\n  \"id\": \"/subscriptions/0b1f6471-1bf0-4dda-aec3-cb9272f09590/resourceGroups/javacsmrg6304\",\r\n  \"name\": \"javacsmrg6304\",\r\n  \"location\": \"eastus\",\r\n  \"properties\": {\r\n    \"provisioningState\": \"Succeeded\"\r\n  }\r\n}",
      "StatusCode": 201
    },
    {
      "RequestUri": "/subscriptions/0b1f6471-1bf0-4dda-aec3-cb9272f09590/resourceGroups/javacsmrg6304/providers/Microsoft.Network/virtualNetworks/vmssvnet6717?api-version=2018-04-01",
      "EncodedRequestUri": "L3N1YnNjcmlwdGlvbnMvMGIxZjY0NzEtMWJmMC00ZGRhLWFlYzMtY2I5MjcyZjA5NTkwL3Jlc291cmNlR3JvdXBzL2phdmFjc21yZzYzMDQvcHJvdmlkZXJzL01pY3Jvc29mdC5OZXR3b3JrL3ZpcnR1YWxOZXR3b3Jrcy92bXNzdm5ldDY3MTc/YXBpLXZlcnNpb249MjAxOC0wNC0wMQ==",
      "RequestMethod": "PUT",
      "RequestBody": "{\r\n  \"properties\": {\r\n    \"addressSpace\": {\r\n      \"addressPrefixes\": [\r\n        \"10.0.0.0/28\"\r\n      ]\r\n    },\r\n    \"dhcpOptions\": {\r\n      \"dnsServers\": []\r\n    },\r\n    \"subnets\": [\r\n      {\r\n        \"properties\": {\r\n          \"addressPrefix\": \"10.0.0.0/28\"\r\n        },\r\n        \"name\": \"subnet1\"\r\n      }\r\n    ]\r\n  },\r\n  \"location\": \"eastus\",\r\n  \"tags\": {}\r\n}",
      "RequestHeaders": {
        "x-ms-client-request-id": [
          "5eb9829f-9aab-48b8-85c5-83035a91f037"
        ],
        "Accept-Language": [
          "en-US"
        ],
        "User-Agent": [
          "FxVersion/4.6.26725.06",
          "OSName/Windows",
          "OSVersion/Microsoft.Windows.10.0.17763.",
          "Microsoft.Azure.Management.Network.Fluent.NetworkManagementClient/1.19.0.0",
          "MacAddressHash/1706214d8731cf2405675fdf5fb8b4bf75f06e7a9bb34e8d93f8f4a5d61acc28"
        ],
        "Content-Type": [
          "application/json; charset=utf-8"
        ],
        "Content-Length": [
          "362"
        ]
      },
      "ResponseHeaders": {
        "Cache-Control": [
          "no-cache"
        ],
        "Pragma": [
          "no-cache"
        ],
        "Retry-After": [
          "3"
        ],
        "x-ms-request-id": [
          "2cd10d5b-d293-43c6-8b53-220c5b9a6a7f"
        ],
        "Azure-AsyncOperation": [
          "https://management.azure.com/subscriptions/0b1f6471-1bf0-4dda-aec3-cb9272f09590/providers/Microsoft.Network/locations/eastus/operations/2cd10d5b-d293-43c6-8b53-220c5b9a6a7f?api-version=2018-04-01"
        ],
        "x-ms-correlation-request-id": [
          "09a698f7-d2bb-4e05-a7f9-090936432673"
        ],
        "Strict-Transport-Security": [
          "max-age=31536000; includeSubDomains"
        ],
        "Server": [
          "Microsoft-HTTPAPI/2.0",
          "Microsoft-HTTPAPI/2.0"
        ],
        "x-ms-ratelimit-remaining-subscription-writes": [
          "1198"
        ],
        "x-ms-routing-request-id": [
          "WESTUS2:20190301T203817Z:09a698f7-d2bb-4e05-a7f9-090936432673"
        ],
        "X-Content-Type-Options": [
          "nosniff"
        ],
        "Date": [
          "Fri, 01 Mar 2019 20:38:17 GMT"
        ],
        "Content-Length": [
          "1219"
        ],
        "Content-Type": [
          "application/json; charset=utf-8"
        ],
        "Expires": [
          "-1"
        ]
      },
      "ResponseBody": "{\r\n  \"name\": \"vmssvnet6717\",\r\n  \"id\": \"/subscriptions/0b1f6471-1bf0-4dda-aec3-cb9272f09590/resourceGroups/javacsmrg6304/providers/Microsoft.Network/virtualNetworks/vmssvnet6717\",\r\n  \"etag\": \"W/\\\"dbb7d11e-5ecb-4002-adcc-8aa00dbdd1f5\\\"\",\r\n  \"type\": \"Microsoft.Network/virtualNetworks\",\r\n  \"location\": \"eastus\",\r\n  \"tags\": {},\r\n  \"properties\": {\r\n    \"provisioningState\": \"Updating\",\r\n    \"resourceGuid\": \"c17c33a5-133d-45a2-9603-291e9b4c1441\",\r\n    \"addressSpace\": {\r\n      \"addressPrefixes\": [\r\n        \"10.0.0.0/28\"\r\n      ]\r\n    },\r\n    \"dhcpOptions\": {\r\n      \"dnsServers\": []\r\n    },\r\n    \"subnets\": [\r\n      {\r\n        \"name\": \"subnet1\",\r\n        \"id\": \"/subscriptions/0b1f6471-1bf0-4dda-aec3-cb9272f09590/resourceGroups/javacsmrg6304/providers/Microsoft.Network/virtualNetworks/vmssvnet6717/subnets/subnet1\",\r\n        \"etag\": \"W/\\\"dbb7d11e-5ecb-4002-adcc-8aa00dbdd1f5\\\"\",\r\n        \"properties\": {\r\n          \"provisioningState\": \"Updating\",\r\n          \"addressPrefix\": \"10.0.0.0/28\",\r\n          \"delegations\": []\r\n        },\r\n        \"type\": \"Microsoft.Network/virtualNetworks/subnets\"\r\n      }\r\n    ],\r\n    \"virtualNetworkPeerings\": [],\r\n    \"enableDdosProtection\": false,\r\n    \"enableVmProtection\": false\r\n  }\r\n}",
      "StatusCode": 201
    },
    {
      "RequestUri": "/subscriptions/0b1f6471-1bf0-4dda-aec3-cb9272f09590/providers/Microsoft.Network/locations/eastus/operations/2cd10d5b-d293-43c6-8b53-220c5b9a6a7f?api-version=2018-04-01",
      "EncodedRequestUri": "L3N1YnNjcmlwdGlvbnMvMGIxZjY0NzEtMWJmMC00ZGRhLWFlYzMtY2I5MjcyZjA5NTkwL3Byb3ZpZGVycy9NaWNyb3NvZnQuTmV0d29yay9sb2NhdGlvbnMvZWFzdHVzL29wZXJhdGlvbnMvMmNkMTBkNWItZDI5My00M2M2LThiNTMtMjIwYzViOWE2YTdmP2FwaS12ZXJzaW9uPTIwMTgtMDQtMDE=",
      "RequestMethod": "GET",
      "RequestBody": "",
      "RequestHeaders": {
        "User-Agent": [
          "FxVersion/4.6.26725.06",
          "OSName/Windows",
          "OSVersion/Microsoft.Windows.10.0.17763.",
          "Microsoft.Azure.Management.Network.Fluent.NetworkManagementClient/1.19.0.0",
          "MacAddressHash/1706214d8731cf2405675fdf5fb8b4bf75f06e7a9bb34e8d93f8f4a5d61acc28"
        ]
      },
      "ResponseHeaders": {
        "Cache-Control": [
          "no-cache"
        ],
        "Pragma": [
          "no-cache"
        ],
        "x-ms-request-id": [
          "6af73463-a840-4197-b34e-cd9bcc663543"
        ],
        "x-ms-correlation-request-id": [
          "e139625d-e8dd-4977-8637-23b15952cee6"
        ],
        "Strict-Transport-Security": [
          "max-age=31536000; includeSubDomains"
        ],
        "Server": [
          "Microsoft-HTTPAPI/2.0",
          "Microsoft-HTTPAPI/2.0"
        ],
        "x-ms-ratelimit-remaining-subscription-reads": [
          "11999"
        ],
        "x-ms-routing-request-id": [
          "WESTUS2:20190301T203821Z:e139625d-e8dd-4977-8637-23b15952cee6"
        ],
        "X-Content-Type-Options": [
          "nosniff"
        ],
        "Date": [
          "Fri, 01 Mar 2019 20:38:20 GMT"
        ],
        "Content-Length": [
          "29"
        ],
        "Content-Type": [
          "application/json; charset=utf-8"
        ],
        "Expires": [
          "-1"
        ]
      },
      "ResponseBody": "{\r\n  \"status\": \"Succeeded\"\r\n}",
      "StatusCode": 200
    },
    {
      "RequestUri": "/subscriptions/0b1f6471-1bf0-4dda-aec3-cb9272f09590/resourceGroups/javacsmrg6304/providers/Microsoft.Network/virtualNetworks/vmssvnet6717?api-version=2018-04-01",
      "EncodedRequestUri": "L3N1YnNjcmlwdGlvbnMvMGIxZjY0NzEtMWJmMC00ZGRhLWFlYzMtY2I5MjcyZjA5NTkwL3Jlc291cmNlR3JvdXBzL2phdmFjc21yZzYzMDQvcHJvdmlkZXJzL01pY3Jvc29mdC5OZXR3b3JrL3ZpcnR1YWxOZXR3b3Jrcy92bXNzdm5ldDY3MTc/YXBpLXZlcnNpb249MjAxOC0wNC0wMQ==",
      "RequestMethod": "GET",
      "RequestBody": "",
      "RequestHeaders": {
        "User-Agent": [
          "FxVersion/4.6.26725.06",
          "OSName/Windows",
          "OSVersion/Microsoft.Windows.10.0.17763.",
          "Microsoft.Azure.Management.Network.Fluent.NetworkManagementClient/1.19.0.0",
          "MacAddressHash/1706214d8731cf2405675fdf5fb8b4bf75f06e7a9bb34e8d93f8f4a5d61acc28"
        ]
      },
      "ResponseHeaders": {
        "Cache-Control": [
          "no-cache"
        ],
        "Pragma": [
          "no-cache"
        ],
        "ETag": [
          "W/\"22ffc2a7-f635-44de-8832-dcb09a3d29f6\""
        ],
        "x-ms-request-id": [
          "791e325a-c538-4689-9954-0226d4590837"
        ],
        "x-ms-correlation-request-id": [
          "b90cf479-1178-4540-b11d-372fd626b58f"
        ],
        "Strict-Transport-Security": [
          "max-age=31536000; includeSubDomains"
        ],
        "Server": [
          "Microsoft-HTTPAPI/2.0",
          "Microsoft-HTTPAPI/2.0"
        ],
        "x-ms-ratelimit-remaining-subscription-reads": [
          "11998"
        ],
        "x-ms-routing-request-id": [
          "WESTUS2:20190301T203821Z:b90cf479-1178-4540-b11d-372fd626b58f"
        ],
        "X-Content-Type-Options": [
          "nosniff"
        ],
        "Date": [
          "Fri, 01 Mar 2019 20:38:21 GMT"
        ],
        "Content-Length": [
          "1221"
        ],
        "Content-Type": [
          "application/json; charset=utf-8"
        ],
        "Expires": [
          "-1"
        ]
      },
      "ResponseBody": "{\r\n  \"name\": \"vmssvnet6717\",\r\n  \"id\": \"/subscriptions/0b1f6471-1bf0-4dda-aec3-cb9272f09590/resourceGroups/javacsmrg6304/providers/Microsoft.Network/virtualNetworks/vmssvnet6717\",\r\n  \"etag\": \"W/\\\"22ffc2a7-f635-44de-8832-dcb09a3d29f6\\\"\",\r\n  \"type\": \"Microsoft.Network/virtualNetworks\",\r\n  \"location\": \"eastus\",\r\n  \"tags\": {},\r\n  \"properties\": {\r\n    \"provisioningState\": \"Succeeded\",\r\n    \"resourceGuid\": \"c17c33a5-133d-45a2-9603-291e9b4c1441\",\r\n    \"addressSpace\": {\r\n      \"addressPrefixes\": [\r\n        \"10.0.0.0/28\"\r\n      ]\r\n    },\r\n    \"dhcpOptions\": {\r\n      \"dnsServers\": []\r\n    },\r\n    \"subnets\": [\r\n      {\r\n        \"name\": \"subnet1\",\r\n        \"id\": \"/subscriptions/0b1f6471-1bf0-4dda-aec3-cb9272f09590/resourceGroups/javacsmrg6304/providers/Microsoft.Network/virtualNetworks/vmssvnet6717/subnets/subnet1\",\r\n        \"etag\": \"W/\\\"22ffc2a7-f635-44de-8832-dcb09a3d29f6\\\"\",\r\n        \"properties\": {\r\n          \"provisioningState\": \"Succeeded\",\r\n          \"addressPrefix\": \"10.0.0.0/28\",\r\n          \"delegations\": []\r\n        },\r\n        \"type\": \"Microsoft.Network/virtualNetworks/subnets\"\r\n      }\r\n    ],\r\n    \"virtualNetworkPeerings\": [],\r\n    \"enableDdosProtection\": false,\r\n    \"enableVmProtection\": false\r\n  }\r\n}",
      "StatusCode": 200
    },
    {
      "RequestUri": "/subscriptions/0b1f6471-1bf0-4dda-aec3-cb9272f09590/resourceGroups/javacsmrg6304/providers/Microsoft.Network/publicIPAddresses/pip-extlb1-1556?api-version=2018-04-01",
      "EncodedRequestUri": "L3N1YnNjcmlwdGlvbnMvMGIxZjY0NzEtMWJmMC00ZGRhLWFlYzMtY2I5MjcyZjA5NTkwL3Jlc291cmNlR3JvdXBzL2phdmFjc21yZzYzMDQvcHJvdmlkZXJzL01pY3Jvc29mdC5OZXR3b3JrL3B1YmxpY0lQQWRkcmVzc2VzL3BpcC1leHRsYjEtMTU1Nj9hcGktdmVyc2lvbj0yMDE4LTA0LTAx",
      "RequestMethod": "PUT",
      "RequestBody": "{\r\n  \"properties\": {\r\n    \"dnsSettings\": {\r\n      \"domainNameLabel\": \"pip-extlb1-1556\"\r\n    }\r\n  },\r\n  \"location\": \"eastus\",\r\n  \"tags\": {}\r\n}",
      "RequestHeaders": {
        "x-ms-client-request-id": [
          "400fea29-1858-4077-9792-23227d8e2da7"
        ],
        "Accept-Language": [
          "en-US"
        ],
        "User-Agent": [
          "FxVersion/4.6.26725.06",
          "OSName/Windows",
          "OSVersion/Microsoft.Windows.10.0.17763.",
          "Microsoft.Azure.Management.Network.Fluent.NetworkManagementClient/1.19.0.0",
          "MacAddressHash/1706214d8731cf2405675fdf5fb8b4bf75f06e7a9bb34e8d93f8f4a5d61acc28"
        ],
        "Content-Type": [
          "application/json; charset=utf-8"
        ],
        "Content-Length": [
          "141"
        ]
      },
      "ResponseHeaders": {
        "Cache-Control": [
          "no-cache"
        ],
        "Pragma": [
          "no-cache"
        ],
        "Retry-After": [
          "1"
        ],
        "x-ms-request-id": [
          "870a5b7f-8b45-4633-acbb-a66f3f54ac1d"
        ],
        "Azure-AsyncOperation": [
          "https://management.azure.com/subscriptions/0b1f6471-1bf0-4dda-aec3-cb9272f09590/providers/Microsoft.Network/locations/eastus/operations/870a5b7f-8b45-4633-acbb-a66f3f54ac1d?api-version=2018-04-01"
        ],
        "x-ms-correlation-request-id": [
          "370d9977-5bb7-4290-a36f-21557d89d281"
        ],
        "Strict-Transport-Security": [
          "max-age=31536000; includeSubDomains"
        ],
        "Server": [
          "Microsoft-HTTPAPI/2.0",
          "Microsoft-HTTPAPI/2.0"
        ],
        "x-ms-ratelimit-remaining-subscription-writes": [
          "1197"
        ],
        "x-ms-routing-request-id": [
          "WESTUS2:20190301T203823Z:370d9977-5bb7-4290-a36f-21557d89d281"
        ],
        "X-Content-Type-Options": [
          "nosniff"
        ],
        "Date": [
          "Fri, 01 Mar 2019 20:38:22 GMT"
        ],
        "Content-Length": [
          "790"
        ],
        "Content-Type": [
          "application/json; charset=utf-8"
        ],
        "Expires": [
          "-1"
        ]
      },
      "ResponseBody": "{\r\n  \"name\": \"pip-extlb1-1556\",\r\n  \"id\": \"/subscriptions/0b1f6471-1bf0-4dda-aec3-cb9272f09590/resourceGroups/javacsmrg6304/providers/Microsoft.Network/publicIPAddresses/pip-extlb1-1556\",\r\n  \"etag\": \"W/\\\"635e1dca-f0fd-4f36-a084-6090341a447c\\\"\",\r\n  \"location\": \"eastus\",\r\n  \"tags\": {},\r\n  \"properties\": {\r\n    \"provisioningState\": \"Updating\",\r\n    \"resourceGuid\": \"883935b2-3f0d-446b-ab3d-c6fe4ecbd091\",\r\n    \"publicIPAddressVersion\": \"IPv4\",\r\n    \"publicIPAllocationMethod\": \"Dynamic\",\r\n    \"idleTimeoutInMinutes\": 4,\r\n    \"dnsSettings\": {\r\n      \"domainNameLabel\": \"pip-extlb1-1556\",\r\n      \"fqdn\": \"pip-extlb1-1556.eastus.cloudapp.azure.com\"\r\n    },\r\n    \"ipTags\": []\r\n  },\r\n  \"type\": \"Microsoft.Network/publicIPAddresses\",\r\n  \"sku\": {\r\n    \"name\": \"Basic\",\r\n    \"tier\": \"Regional\"\r\n  }\r\n}",
      "StatusCode": 201
    },
    {
      "RequestUri": "/subscriptions/0b1f6471-1bf0-4dda-aec3-cb9272f09590/providers/Microsoft.Network/locations/eastus/operations/870a5b7f-8b45-4633-acbb-a66f3f54ac1d?api-version=2018-04-01",
      "EncodedRequestUri": "L3N1YnNjcmlwdGlvbnMvMGIxZjY0NzEtMWJmMC00ZGRhLWFlYzMtY2I5MjcyZjA5NTkwL3Byb3ZpZGVycy9NaWNyb3NvZnQuTmV0d29yay9sb2NhdGlvbnMvZWFzdHVzL29wZXJhdGlvbnMvODcwYTViN2YtOGI0NS00NjMzLWFjYmItYTY2ZjNmNTRhYzFkP2FwaS12ZXJzaW9uPTIwMTgtMDQtMDE=",
      "RequestMethod": "GET",
      "RequestBody": "",
      "RequestHeaders": {
        "User-Agent": [
          "FxVersion/4.6.26725.06",
          "OSName/Windows",
          "OSVersion/Microsoft.Windows.10.0.17763.",
          "Microsoft.Azure.Management.Network.Fluent.NetworkManagementClient/1.19.0.0",
          "MacAddressHash/1706214d8731cf2405675fdf5fb8b4bf75f06e7a9bb34e8d93f8f4a5d61acc28"
        ]
      },
      "ResponseHeaders": {
        "Cache-Control": [
          "no-cache"
        ],
        "Pragma": [
          "no-cache"
        ],
        "x-ms-request-id": [
          "ef9dcdcf-7eca-4ee8-a247-4decb7f49379"
        ],
        "x-ms-correlation-request-id": [
          "fc27ee3d-821d-4503-87b3-fee5e5dcbc3b"
        ],
        "Strict-Transport-Security": [
          "max-age=31536000; includeSubDomains"
        ],
        "Server": [
          "Microsoft-HTTPAPI/2.0",
          "Microsoft-HTTPAPI/2.0"
        ],
        "x-ms-ratelimit-remaining-subscription-reads": [
          "11997"
        ],
        "x-ms-routing-request-id": [
          "WESTUS2:20190301T203824Z:fc27ee3d-821d-4503-87b3-fee5e5dcbc3b"
        ],
        "X-Content-Type-Options": [
          "nosniff"
        ],
        "Date": [
          "Fri, 01 Mar 2019 20:38:24 GMT"
        ],
        "Content-Length": [
          "29"
        ],
        "Content-Type": [
          "application/json; charset=utf-8"
        ],
        "Expires": [
          "-1"
        ]
      },
      "ResponseBody": "{\r\n  \"status\": \"Succeeded\"\r\n}",
      "StatusCode": 200
    },
    {
      "RequestUri": "/subscriptions/0b1f6471-1bf0-4dda-aec3-cb9272f09590/resourceGroups/javacsmrg6304/providers/Microsoft.Network/publicIPAddresses/pip-extlb1-1556?api-version=2018-04-01",
      "EncodedRequestUri": "L3N1YnNjcmlwdGlvbnMvMGIxZjY0NzEtMWJmMC00ZGRhLWFlYzMtY2I5MjcyZjA5NTkwL3Jlc291cmNlR3JvdXBzL2phdmFjc21yZzYzMDQvcHJvdmlkZXJzL01pY3Jvc29mdC5OZXR3b3JrL3B1YmxpY0lQQWRkcmVzc2VzL3BpcC1leHRsYjEtMTU1Nj9hcGktdmVyc2lvbj0yMDE4LTA0LTAx",
      "RequestMethod": "GET",
      "RequestBody": "",
      "RequestHeaders": {
        "User-Agent": [
          "FxVersion/4.6.26725.06",
          "OSName/Windows",
          "OSVersion/Microsoft.Windows.10.0.17763.",
          "Microsoft.Azure.Management.Network.Fluent.NetworkManagementClient/1.19.0.0",
          "MacAddressHash/1706214d8731cf2405675fdf5fb8b4bf75f06e7a9bb34e8d93f8f4a5d61acc28"
        ]
      },
      "ResponseHeaders": {
        "Cache-Control": [
          "no-cache"
        ],
        "Pragma": [
          "no-cache"
        ],
        "ETag": [
          "W/\"76bfe5ba-8265-4f8d-a114-482989a63b28\""
        ],
        "x-ms-request-id": [
          "23e7c023-527a-44c2-b55d-ff3c0b7c4f84"
        ],
        "x-ms-correlation-request-id": [
          "f19fc279-f9b5-4d4c-a5e8-310fa7e9fc50"
        ],
        "Strict-Transport-Security": [
          "max-age=31536000; includeSubDomains"
        ],
        "Server": [
          "Microsoft-HTTPAPI/2.0",
          "Microsoft-HTTPAPI/2.0"
        ],
        "x-ms-ratelimit-remaining-subscription-reads": [
          "11996"
        ],
        "x-ms-routing-request-id": [
          "WESTUS2:20190301T203824Z:f19fc279-f9b5-4d4c-a5e8-310fa7e9fc50"
        ],
        "X-Content-Type-Options": [
          "nosniff"
        ],
        "Date": [
          "Fri, 01 Mar 2019 20:38:24 GMT"
        ],
        "Content-Length": [
          "791"
        ],
        "Content-Type": [
          "application/json; charset=utf-8"
        ],
        "Expires": [
          "-1"
        ]
      },
      "ResponseBody": "{\r\n  \"name\": \"pip-extlb1-1556\",\r\n  \"id\": \"/subscriptions/0b1f6471-1bf0-4dda-aec3-cb9272f09590/resourceGroups/javacsmrg6304/providers/Microsoft.Network/publicIPAddresses/pip-extlb1-1556\",\r\n  \"etag\": \"W/\\\"76bfe5ba-8265-4f8d-a114-482989a63b28\\\"\",\r\n  \"location\": \"eastus\",\r\n  \"tags\": {},\r\n  \"properties\": {\r\n    \"provisioningState\": \"Succeeded\",\r\n    \"resourceGuid\": \"883935b2-3f0d-446b-ab3d-c6fe4ecbd091\",\r\n    \"publicIPAddressVersion\": \"IPv4\",\r\n    \"publicIPAllocationMethod\": \"Dynamic\",\r\n    \"idleTimeoutInMinutes\": 4,\r\n    \"dnsSettings\": {\r\n      \"domainNameLabel\": \"pip-extlb1-1556\",\r\n      \"fqdn\": \"pip-extlb1-1556.eastus.cloudapp.azure.com\"\r\n    },\r\n    \"ipTags\": []\r\n  },\r\n  \"type\": \"Microsoft.Network/publicIPAddresses\",\r\n  \"sku\": {\r\n    \"name\": \"Basic\",\r\n    \"tier\": \"Regional\"\r\n  }\r\n}",
      "StatusCode": 200
    },
    {
      "RequestUri": "/subscriptions/0b1f6471-1bf0-4dda-aec3-cb9272f09590/resourceGroups/javacsmrg6304/providers/Microsoft.Network/publicIPAddresses/pip-extlb1-1556?api-version=2018-04-01",
      "EncodedRequestUri": "L3N1YnNjcmlwdGlvbnMvMGIxZjY0NzEtMWJmMC00ZGRhLWFlYzMtY2I5MjcyZjA5NTkwL3Jlc291cmNlR3JvdXBzL2phdmFjc21yZzYzMDQvcHJvdmlkZXJzL01pY3Jvc29mdC5OZXR3b3JrL3B1YmxpY0lQQWRkcmVzc2VzL3BpcC1leHRsYjEtMTU1Nj9hcGktdmVyc2lvbj0yMDE4LTA0LTAx",
      "RequestMethod": "GET",
      "RequestBody": "",
      "RequestHeaders": {
        "x-ms-client-request-id": [
          "71067114-f174-4756-aeca-e51c7bf313bb"
        ],
        "Accept-Language": [
          "en-US"
        ],
        "User-Agent": [
          "FxVersion/4.6.26725.06",
          "OSName/Windows",
          "OSVersion/Microsoft.Windows.10.0.17763.",
          "Microsoft.Azure.Management.Network.Fluent.NetworkManagementClient/1.19.0.0",
          "MacAddressHash/1706214d8731cf2405675fdf5fb8b4bf75f06e7a9bb34e8d93f8f4a5d61acc28"
        ]
      },
      "ResponseHeaders": {
        "Cache-Control": [
          "no-cache"
        ],
        "Pragma": [
          "no-cache"
        ],
        "ETag": [
          "W/\"0301e64d-8504-4fa6-bbbe-4c1c678c3b1a\""
        ],
        "x-ms-request-id": [
          "d5f155ce-0d28-410b-8900-f02f299ae424"
        ],
        "x-ms-correlation-request-id": [
          "3ff6cf00-4898-4462-a76b-5c19414652f3"
        ],
        "Strict-Transport-Security": [
          "max-age=31536000; includeSubDomains"
        ],
        "Server": [
          "Microsoft-HTTPAPI/2.0",
          "Microsoft-HTTPAPI/2.0"
        ],
        "x-ms-ratelimit-remaining-subscription-reads": [
          "11988"
        ],
        "x-ms-routing-request-id": [
          "WESTUS2:20190301T204302Z:3ff6cf00-4898-4462-a76b-5c19414652f3"
        ],
        "X-Content-Type-Options": [
          "nosniff"
        ],
        "Date": [
          "Fri, 01 Mar 2019 20:43:01 GMT"
        ],
        "Content-Length": [
          "1052"
        ],
        "Content-Type": [
          "application/json; charset=utf-8"
        ],
        "Expires": [
          "-1"
        ]
      },
      "ResponseBody": "{\r\n  \"name\": \"pip-extlb1-1556\",\r\n  \"id\": \"/subscriptions/0b1f6471-1bf0-4dda-aec3-cb9272f09590/resourceGroups/javacsmrg6304/providers/Microsoft.Network/publicIPAddresses/pip-extlb1-1556\",\r\n  \"etag\": \"W/\\\"0301e64d-8504-4fa6-bbbe-4c1c678c3b1a\\\"\",\r\n  \"location\": \"eastus\",\r\n  \"tags\": {},\r\n  \"properties\": {\r\n    \"provisioningState\": \"Succeeded\",\r\n    \"resourceGuid\": \"883935b2-3f0d-446b-ab3d-c6fe4ecbd091\",\r\n    \"ipAddress\": \"52.168.177.246\",\r\n    \"publicIPAddressVersion\": \"IPv4\",\r\n    \"publicIPAllocationMethod\": \"Dynamic\",\r\n    \"idleTimeoutInMinutes\": 4,\r\n    \"dnsSettings\": {\r\n      \"domainNameLabel\": \"pip-extlb1-1556\",\r\n      \"fqdn\": \"pip-extlb1-1556.eastus.cloudapp.azure.com\"\r\n    },\r\n    \"ipTags\": [],\r\n    \"ipConfiguration\": {\r\n      \"id\": \"/subscriptions/0b1f6471-1bf0-4dda-aec3-cb9272f09590/resourceGroups/javacsmrg6304/providers/Microsoft.Network/loadBalancers/extlb1-1556/frontendIPConfigurations/extlb1-1556-FE1\"\r\n    }\r\n  },\r\n  \"type\": \"Microsoft.Network/publicIPAddresses\",\r\n  \"sku\": {\r\n    \"name\": \"Basic\",\r\n    \"tier\": \"Regional\"\r\n  }\r\n}",
      "StatusCode": 200
    },
    {
      "RequestUri": "/subscriptions/0b1f6471-1bf0-4dda-aec3-cb9272f09590/resourceGroups/javacsmrg6304/providers/Microsoft.Network/loadBalancers/extlb1-1556?api-version=2018-04-01",
      "EncodedRequestUri": "L3N1YnNjcmlwdGlvbnMvMGIxZjY0NzEtMWJmMC00ZGRhLWFlYzMtY2I5MjcyZjA5NTkwL3Jlc291cmNlR3JvdXBzL2phdmFjc21yZzYzMDQvcHJvdmlkZXJzL01pY3Jvc29mdC5OZXR3b3JrL2xvYWRCYWxhbmNlcnMvZXh0bGIxLTE1NTY/YXBpLXZlcnNpb249MjAxOC0wNC0wMQ==",
      "RequestMethod": "PUT",
      "RequestBody": "{\r\n  \"properties\": {\r\n    \"frontendIPConfigurations\": [\r\n      {\r\n        \"properties\": {\r\n          \"publicIPAddress\": {\r\n            \"id\": \"/subscriptions/0b1f6471-1bf0-4dda-aec3-cb9272f09590/resourceGroups/javacsmrg6304/providers/Microsoft.Network/publicIPAddresses/pip-extlb1-1556\"\r\n          }\r\n        },\r\n        \"name\": \"extlb1-1556-FE1\"\r\n      }\r\n    ],\r\n    \"backendAddressPools\": [\r\n      {\r\n        \"name\": \"extlb1-1556-BAP1\"\r\n      }\r\n    ],\r\n    \"loadBalancingRules\": [\r\n      {\r\n        \"properties\": {\r\n          \"frontendIPConfiguration\": {\r\n            \"id\": \"/subscriptions/0b1f6471-1bf0-4dda-aec3-cb9272f09590/resourceGroups/javacsmrg6304/providers/Microsoft.Network/loadBalancers/extlb1-1556/frontendIPConfigurations/extlb1-1556-FE1\"\r\n          },\r\n          \"backendAddressPool\": {\r\n            \"id\": \"/subscriptions/0b1f6471-1bf0-4dda-aec3-cb9272f09590/resourceGroups/javacsmrg6304/providers/Microsoft.Network/loadBalancers/extlb1-1556/backendAddressPools/extlb1-1556-BAP1\"\r\n          },\r\n          \"probe\": {\r\n            \"id\": \"/subscriptions/0b1f6471-1bf0-4dda-aec3-cb9272f09590/resourceGroups/javacsmrg6304/providers/Microsoft.Network/loadBalancers/extlb1-1556/probes/httpProbe\"\r\n          },\r\n          \"protocol\": \"Tcp\",\r\n          \"frontendPort\": 80,\r\n          \"backendPort\": 80\r\n        },\r\n        \"name\": \"httpRule\"\r\n      }\r\n    ],\r\n    \"probes\": [\r\n      {\r\n        \"properties\": {\r\n          \"protocol\": \"Http\",\r\n          \"port\": 80,\r\n          \"requestPath\": \"/\"\r\n        },\r\n        \"name\": \"httpProbe\"\r\n      }\r\n    ],\r\n    \"inboundNatRules\": [],\r\n    \"inboundNatPools\": [\r\n      {\r\n        \"properties\": {\r\n          \"frontendIPConfiguration\": {\r\n            \"id\": \"/subscriptions/0b1f6471-1bf0-4dda-aec3-cb9272f09590/resourceGroups/javacsmrg6304/providers/Microsoft.Network/loadBalancers/extlb1-1556/frontendIPConfigurations/extlb1-1556-FE1\"\r\n          },\r\n          \"protocol\": \"Tcp\",\r\n          \"frontendPortRangeStart\": 5000,\r\n          \"frontendPortRangeEnd\": 5099,\r\n          \"backendPort\": 22\r\n        },\r\n        \"name\": \"extlb1-1556-INP1\"\r\n      }\r\n    ]\r\n  },\r\n  \"location\": \"eastus\",\r\n  \"tags\": {}\r\n}",
      "RequestHeaders": {
        "x-ms-client-request-id": [
          "39b0e930-042d-42a6-87be-7593e0717013"
        ],
        "Accept-Language": [
          "en-US"
        ],
        "User-Agent": [
          "FxVersion/4.6.26725.06",
          "OSName/Windows",
          "OSVersion/Microsoft.Windows.10.0.17763.",
          "Microsoft.Azure.Management.Network.Fluent.NetworkManagementClient/1.19.0.0",
          "MacAddressHash/1706214d8731cf2405675fdf5fb8b4bf75f06e7a9bb34e8d93f8f4a5d61acc28"
        ],
        "Content-Type": [
          "application/json; charset=utf-8"
        ],
        "Content-Length": [
          "2153"
        ]
      },
      "ResponseHeaders": {
        "Cache-Control": [
          "no-cache"
        ],
        "Pragma": [
          "no-cache"
        ],
        "x-ms-request-id": [
          "74dc01b9-28ee-4d9d-a5e9-a6133092ec4a"
        ],
        "Azure-AsyncOperation": [
          "https://management.azure.com/subscriptions/0b1f6471-1bf0-4dda-aec3-cb9272f09590/providers/Microsoft.Network/locations/eastus/operations/74dc01b9-28ee-4d9d-a5e9-a6133092ec4a?api-version=2018-04-01"
        ],
        "x-ms-correlation-request-id": [
          "13ae1fad-b2a7-471b-873c-7c80cec4fd1e"
        ],
        "Strict-Transport-Security": [
          "max-age=31536000; includeSubDomains"
        ],
        "Server": [
          "Microsoft-HTTPAPI/2.0",
          "Microsoft-HTTPAPI/2.0"
        ],
        "x-ms-ratelimit-remaining-subscription-writes": [
          "1196"
        ],
        "x-ms-routing-request-id": [
          "WESTUS2:20190301T203825Z:13ae1fad-b2a7-471b-873c-7c80cec4fd1e"
        ],
        "X-Content-Type-Options": [
          "nosniff"
        ],
        "Date": [
          "Fri, 01 Mar 2019 20:38:25 GMT"
        ],
        "Content-Length": [
          "5920"
        ],
        "Content-Type": [
          "application/json; charset=utf-8"
        ],
        "Expires": [
          "-1"
        ]
      },
      "ResponseBody": "{\r\n  \"name\": \"extlb1-1556\",\r\n  \"id\": \"/subscriptions/0b1f6471-1bf0-4dda-aec3-cb9272f09590/resourceGroups/javacsmrg6304/providers/Microsoft.Network/loadBalancers/extlb1-1556\",\r\n  \"etag\": \"W/\\\"0bc96554-720d-434c-a2b0-4f0eed45a45a\\\"\",\r\n  \"type\": \"Microsoft.Network/loadBalancers\",\r\n  \"location\": \"eastus\",\r\n  \"tags\": {},\r\n  \"properties\": {\r\n    \"provisioningState\": \"Succeeded\",\r\n    \"resourceGuid\": \"07416b05-b0b0-4ad6-8eaa-a083f724a162\",\r\n    \"frontendIPConfigurations\": [\r\n      {\r\n        \"name\": \"extlb1-1556-FE1\",\r\n        \"id\": \"/subscriptions/0b1f6471-1bf0-4dda-aec3-cb9272f09590/resourceGroups/javacsmrg6304/providers/Microsoft.Network/loadBalancers/extlb1-1556/frontendIPConfigurations/extlb1-1556-FE1\",\r\n        \"etag\": \"W/\\\"0bc96554-720d-434c-a2b0-4f0eed45a45a\\\"\",\r\n        \"type\": \"Microsoft.Network/loadBalancers/frontendIPConfigurations\",\r\n        \"properties\": {\r\n          \"provisioningState\": \"Succeeded\",\r\n          \"privateIPAllocationMethod\": \"Dynamic\",\r\n          \"publicIPAddress\": {\r\n            \"id\": \"/subscriptions/0b1f6471-1bf0-4dda-aec3-cb9272f09590/resourceGroups/javacsmrg6304/providers/Microsoft.Network/publicIPAddresses/pip-extlb1-1556\"\r\n          },\r\n          \"loadBalancingRules\": [\r\n            {\r\n              \"id\": \"/subscriptions/0b1f6471-1bf0-4dda-aec3-cb9272f09590/resourceGroups/javacsmrg6304/providers/Microsoft.Network/loadBalancers/extlb1-1556/loadBalancingRules/httpRule\"\r\n            }\r\n          ],\r\n          \"inboundNatPools\": [\r\n            {\r\n              \"id\": \"/subscriptions/0b1f6471-1bf0-4dda-aec3-cb9272f09590/resourceGroups/javacsmrg6304/providers/Microsoft.Network/loadBalancers/extlb1-1556/inboundNatPools/extlb1-1556-INP1\"\r\n            }\r\n          ]\r\n        }\r\n      }\r\n    ],\r\n    \"backendAddressPools\": [\r\n      {\r\n        \"name\": \"extlb1-1556-BAP1\",\r\n        \"id\": \"/subscriptions/0b1f6471-1bf0-4dda-aec3-cb9272f09590/resourceGroups/javacsmrg6304/providers/Microsoft.Network/loadBalancers/extlb1-1556/backendAddressPools/extlb1-1556-BAP1\",\r\n        \"etag\": \"W/\\\"0bc96554-720d-434c-a2b0-4f0eed45a45a\\\"\",\r\n        \"properties\": {\r\n          \"provisioningState\": \"Succeeded\",\r\n          \"loadBalancingRules\": [\r\n            {\r\n              \"id\": \"/subscriptions/0b1f6471-1bf0-4dda-aec3-cb9272f09590/resourceGroups/javacsmrg6304/providers/Microsoft.Network/loadBalancers/extlb1-1556/loadBalancingRules/httpRule\"\r\n            }\r\n          ]\r\n        },\r\n        \"type\": \"Microsoft.Network/loadBalancers/backendAddressPools\"\r\n      }\r\n    ],\r\n    \"loadBalancingRules\": [\r\n      {\r\n        \"name\": \"httpRule\",\r\n        \"id\": \"/subscriptions/0b1f6471-1bf0-4dda-aec3-cb9272f09590/resourceGroups/javacsmrg6304/providers/Microsoft.Network/loadBalancers/extlb1-1556/loadBalancingRules/httpRule\",\r\n        \"etag\": \"W/\\\"0bc96554-720d-434c-a2b0-4f0eed45a45a\\\"\",\r\n        \"type\": \"Microsoft.Network/loadBalancers/loadBalancingRules\",\r\n        \"properties\": {\r\n          \"provisioningState\": \"Succeeded\",\r\n          \"frontendIPConfiguration\": {\r\n            \"id\": \"/subscriptions/0b1f6471-1bf0-4dda-aec3-cb9272f09590/resourceGroups/javacsmrg6304/providers/Microsoft.Network/loadBalancers/extlb1-1556/frontendIPConfigurations/extlb1-1556-FE1\"\r\n          },\r\n          \"frontendPort\": 80,\r\n          \"backendPort\": 80,\r\n          \"enableFloatingIP\": false,\r\n          \"idleTimeoutInMinutes\": 4,\r\n          \"protocol\": \"Tcp\",\r\n          \"enableDestinationServiceEndpoint\": false,\r\n          \"loadDistribution\": \"Default\",\r\n          \"backendAddressPool\": {\r\n            \"id\": \"/subscriptions/0b1f6471-1bf0-4dda-aec3-cb9272f09590/resourceGroups/javacsmrg6304/providers/Microsoft.Network/loadBalancers/extlb1-1556/backendAddressPools/extlb1-1556-BAP1\"\r\n          },\r\n          \"probe\": {\r\n            \"id\": \"/subscriptions/0b1f6471-1bf0-4dda-aec3-cb9272f09590/resourceGroups/javacsmrg6304/providers/Microsoft.Network/loadBalancers/extlb1-1556/probes/httpProbe\"\r\n          }\r\n        }\r\n      }\r\n    ],\r\n    \"probes\": [\r\n      {\r\n        \"name\": \"httpProbe\",\r\n        \"id\": \"/subscriptions/0b1f6471-1bf0-4dda-aec3-cb9272f09590/resourceGroups/javacsmrg6304/providers/Microsoft.Network/loadBalancers/extlb1-1556/probes/httpProbe\",\r\n        \"etag\": \"W/\\\"0bc96554-720d-434c-a2b0-4f0eed45a45a\\\"\",\r\n        \"properties\": {\r\n          \"provisioningState\": \"Succeeded\",\r\n          \"protocol\": \"Http\",\r\n          \"port\": 80,\r\n          \"requestPath\": \"/\",\r\n          \"intervalInSeconds\": 15,\r\n          \"numberOfProbes\": 2,\r\n          \"loadBalancingRules\": [\r\n            {\r\n              \"id\": \"/subscriptions/0b1f6471-1bf0-4dda-aec3-cb9272f09590/resourceGroups/javacsmrg6304/providers/Microsoft.Network/loadBalancers/extlb1-1556/loadBalancingRules/httpRule\"\r\n            }\r\n          ]\r\n        },\r\n        \"type\": \"Microsoft.Network/loadBalancers/probes\"\r\n      }\r\n    ],\r\n    \"inboundNatRules\": [],\r\n    \"inboundNatPools\": [\r\n      {\r\n        \"name\": \"extlb1-1556-INP1\",\r\n        \"id\": \"/subscriptions/0b1f6471-1bf0-4dda-aec3-cb9272f09590/resourceGroups/javacsmrg6304/providers/Microsoft.Network/loadBalancers/extlb1-1556/inboundNatPools/extlb1-1556-INP1\",\r\n        \"etag\": \"W/\\\"0bc96554-720d-434c-a2b0-4f0eed45a45a\\\"\",\r\n        \"properties\": {\r\n          \"provisioningState\": \"Succeeded\",\r\n          \"frontendPortRangeStart\": 5000,\r\n          \"frontendPortRangeEnd\": 5099,\r\n          \"backendPort\": 22,\r\n          \"protocol\": \"Tcp\",\r\n          \"idleTimeoutInMinutes\": 4,\r\n          \"enableFloatingIP\": false,\r\n          \"enableDestinationServiceEndpoint\": false,\r\n          \"frontendIPConfiguration\": {\r\n            \"id\": \"/subscriptions/0b1f6471-1bf0-4dda-aec3-cb9272f09590/resourceGroups/javacsmrg6304/providers/Microsoft.Network/loadBalancers/extlb1-1556/frontendIPConfigurations/extlb1-1556-FE1\"\r\n          }\r\n        },\r\n        \"type\": \"Microsoft.Network/loadBalancers/inboundNatPools\"\r\n      }\r\n    ]\r\n  },\r\n  \"sku\": {\r\n    \"name\": \"Basic\",\r\n    \"tier\": \"Regional\"\r\n  }\r\n}",
      "StatusCode": 201
    },
    {
      "RequestUri": "/subscriptions/0b1f6471-1bf0-4dda-aec3-cb9272f09590/resourceGroups/javacsmrg6304/providers/Microsoft.Network/loadBalancers/extlb1-1556?api-version=2018-04-01",
      "EncodedRequestUri": "L3N1YnNjcmlwdGlvbnMvMGIxZjY0NzEtMWJmMC00ZGRhLWFlYzMtY2I5MjcyZjA5NTkwL3Jlc291cmNlR3JvdXBzL2phdmFjc21yZzYzMDQvcHJvdmlkZXJzL01pY3Jvc29mdC5OZXR3b3JrL2xvYWRCYWxhbmNlcnMvZXh0bGIxLTE1NTY/YXBpLXZlcnNpb249MjAxOC0wNC0wMQ==",
      "RequestMethod": "GET",
      "RequestBody": "",
      "RequestHeaders": {
        "User-Agent": [
          "FxVersion/4.6.26725.06",
          "OSName/Windows",
          "OSVersion/Microsoft.Windows.10.0.17763.",
          "Microsoft.Azure.Management.Network.Fluent.NetworkManagementClient/1.19.0.0",
          "MacAddressHash/1706214d8731cf2405675fdf5fb8b4bf75f06e7a9bb34e8d93f8f4a5d61acc28"
        ]
      },
      "ResponseHeaders": {
        "Cache-Control": [
          "no-cache"
        ],
        "Pragma": [
          "no-cache"
        ],
        "ETag": [
          "W/\"0bc96554-720d-434c-a2b0-4f0eed45a45a\""
        ],
        "x-ms-request-id": [
          "d3ddfe55-bd04-4b83-a38e-8b61e41aacee"
        ],
        "x-ms-correlation-request-id": [
          "c31cfabb-f48f-4199-8c2d-edd32aea1dbe"
        ],
        "Strict-Transport-Security": [
          "max-age=31536000; includeSubDomains"
        ],
        "Server": [
          "Microsoft-HTTPAPI/2.0",
          "Microsoft-HTTPAPI/2.0"
        ],
        "x-ms-ratelimit-remaining-subscription-reads": [
          "11995"
        ],
        "x-ms-routing-request-id": [
          "WESTUS2:20190301T203825Z:c31cfabb-f48f-4199-8c2d-edd32aea1dbe"
        ],
        "X-Content-Type-Options": [
          "nosniff"
        ],
        "Date": [
          "Fri, 01 Mar 2019 20:38:25 GMT"
        ],
        "Content-Length": [
          "5920"
        ],
        "Content-Type": [
          "application/json; charset=utf-8"
        ],
        "Expires": [
          "-1"
        ]
      },
      "ResponseBody": "{\r\n  \"name\": \"extlb1-1556\",\r\n  \"id\": \"/subscriptions/0b1f6471-1bf0-4dda-aec3-cb9272f09590/resourceGroups/javacsmrg6304/providers/Microsoft.Network/loadBalancers/extlb1-1556\",\r\n  \"etag\": \"W/\\\"0bc96554-720d-434c-a2b0-4f0eed45a45a\\\"\",\r\n  \"type\": \"Microsoft.Network/loadBalancers\",\r\n  \"location\": \"eastus\",\r\n  \"tags\": {},\r\n  \"properties\": {\r\n    \"provisioningState\": \"Succeeded\",\r\n    \"resourceGuid\": \"07416b05-b0b0-4ad6-8eaa-a083f724a162\",\r\n    \"frontendIPConfigurations\": [\r\n      {\r\n        \"name\": \"extlb1-1556-FE1\",\r\n        \"id\": \"/subscriptions/0b1f6471-1bf0-4dda-aec3-cb9272f09590/resourceGroups/javacsmrg6304/providers/Microsoft.Network/loadBalancers/extlb1-1556/frontendIPConfigurations/extlb1-1556-FE1\",\r\n        \"etag\": \"W/\\\"0bc96554-720d-434c-a2b0-4f0eed45a45a\\\"\",\r\n        \"type\": \"Microsoft.Network/loadBalancers/frontendIPConfigurations\",\r\n        \"properties\": {\r\n          \"provisioningState\": \"Succeeded\",\r\n          \"privateIPAllocationMethod\": \"Dynamic\",\r\n          \"publicIPAddress\": {\r\n            \"id\": \"/subscriptions/0b1f6471-1bf0-4dda-aec3-cb9272f09590/resourceGroups/javacsmrg6304/providers/Microsoft.Network/publicIPAddresses/pip-extlb1-1556\"\r\n          },\r\n          \"loadBalancingRules\": [\r\n            {\r\n              \"id\": \"/subscriptions/0b1f6471-1bf0-4dda-aec3-cb9272f09590/resourceGroups/javacsmrg6304/providers/Microsoft.Network/loadBalancers/extlb1-1556/loadBalancingRules/httpRule\"\r\n            }\r\n          ],\r\n          \"inboundNatPools\": [\r\n            {\r\n              \"id\": \"/subscriptions/0b1f6471-1bf0-4dda-aec3-cb9272f09590/resourceGroups/javacsmrg6304/providers/Microsoft.Network/loadBalancers/extlb1-1556/inboundNatPools/extlb1-1556-INP1\"\r\n            }\r\n          ]\r\n        }\r\n      }\r\n    ],\r\n    \"backendAddressPools\": [\r\n      {\r\n        \"name\": \"extlb1-1556-BAP1\",\r\n        \"id\": \"/subscriptions/0b1f6471-1bf0-4dda-aec3-cb9272f09590/resourceGroups/javacsmrg6304/providers/Microsoft.Network/loadBalancers/extlb1-1556/backendAddressPools/extlb1-1556-BAP1\",\r\n        \"etag\": \"W/\\\"0bc96554-720d-434c-a2b0-4f0eed45a45a\\\"\",\r\n        \"properties\": {\r\n          \"provisioningState\": \"Succeeded\",\r\n          \"loadBalancingRules\": [\r\n            {\r\n              \"id\": \"/subscriptions/0b1f6471-1bf0-4dda-aec3-cb9272f09590/resourceGroups/javacsmrg6304/providers/Microsoft.Network/loadBalancers/extlb1-1556/loadBalancingRules/httpRule\"\r\n            }\r\n          ]\r\n        },\r\n        \"type\": \"Microsoft.Network/loadBalancers/backendAddressPools\"\r\n      }\r\n    ],\r\n    \"loadBalancingRules\": [\r\n      {\r\n        \"name\": \"httpRule\",\r\n        \"id\": \"/subscriptions/0b1f6471-1bf0-4dda-aec3-cb9272f09590/resourceGroups/javacsmrg6304/providers/Microsoft.Network/loadBalancers/extlb1-1556/loadBalancingRules/httpRule\",\r\n        \"etag\": \"W/\\\"0bc96554-720d-434c-a2b0-4f0eed45a45a\\\"\",\r\n        \"type\": \"Microsoft.Network/loadBalancers/loadBalancingRules\",\r\n        \"properties\": {\r\n          \"provisioningState\": \"Succeeded\",\r\n          \"frontendIPConfiguration\": {\r\n            \"id\": \"/subscriptions/0b1f6471-1bf0-4dda-aec3-cb9272f09590/resourceGroups/javacsmrg6304/providers/Microsoft.Network/loadBalancers/extlb1-1556/frontendIPConfigurations/extlb1-1556-FE1\"\r\n          },\r\n          \"frontendPort\": 80,\r\n          \"backendPort\": 80,\r\n          \"enableFloatingIP\": false,\r\n          \"idleTimeoutInMinutes\": 4,\r\n          \"protocol\": \"Tcp\",\r\n          \"enableDestinationServiceEndpoint\": false,\r\n          \"loadDistribution\": \"Default\",\r\n          \"backendAddressPool\": {\r\n            \"id\": \"/subscriptions/0b1f6471-1bf0-4dda-aec3-cb9272f09590/resourceGroups/javacsmrg6304/providers/Microsoft.Network/loadBalancers/extlb1-1556/backendAddressPools/extlb1-1556-BAP1\"\r\n          },\r\n          \"probe\": {\r\n            \"id\": \"/subscriptions/0b1f6471-1bf0-4dda-aec3-cb9272f09590/resourceGroups/javacsmrg6304/providers/Microsoft.Network/loadBalancers/extlb1-1556/probes/httpProbe\"\r\n          }\r\n        }\r\n      }\r\n    ],\r\n    \"probes\": [\r\n      {\r\n        \"name\": \"httpProbe\",\r\n        \"id\": \"/subscriptions/0b1f6471-1bf0-4dda-aec3-cb9272f09590/resourceGroups/javacsmrg6304/providers/Microsoft.Network/loadBalancers/extlb1-1556/probes/httpProbe\",\r\n        \"etag\": \"W/\\\"0bc96554-720d-434c-a2b0-4f0eed45a45a\\\"\",\r\n        \"properties\": {\r\n          \"provisioningState\": \"Succeeded\",\r\n          \"protocol\": \"Http\",\r\n          \"port\": 80,\r\n          \"requestPath\": \"/\",\r\n          \"intervalInSeconds\": 15,\r\n          \"numberOfProbes\": 2,\r\n          \"loadBalancingRules\": [\r\n            {\r\n              \"id\": \"/subscriptions/0b1f6471-1bf0-4dda-aec3-cb9272f09590/resourceGroups/javacsmrg6304/providers/Microsoft.Network/loadBalancers/extlb1-1556/loadBalancingRules/httpRule\"\r\n            }\r\n          ]\r\n        },\r\n        \"type\": \"Microsoft.Network/loadBalancers/probes\"\r\n      }\r\n    ],\r\n    \"inboundNatRules\": [],\r\n    \"inboundNatPools\": [\r\n      {\r\n        \"name\": \"extlb1-1556-INP1\",\r\n        \"id\": \"/subscriptions/0b1f6471-1bf0-4dda-aec3-cb9272f09590/resourceGroups/javacsmrg6304/providers/Microsoft.Network/loadBalancers/extlb1-1556/inboundNatPools/extlb1-1556-INP1\",\r\n        \"etag\": \"W/\\\"0bc96554-720d-434c-a2b0-4f0eed45a45a\\\"\",\r\n        \"properties\": {\r\n          \"provisioningState\": \"Succeeded\",\r\n          \"frontendPortRangeStart\": 5000,\r\n          \"frontendPortRangeEnd\": 5099,\r\n          \"backendPort\": 22,\r\n          \"protocol\": \"Tcp\",\r\n          \"idleTimeoutInMinutes\": 4,\r\n          \"enableFloatingIP\": false,\r\n          \"enableDestinationServiceEndpoint\": false,\r\n          \"frontendIPConfiguration\": {\r\n            \"id\": \"/subscriptions/0b1f6471-1bf0-4dda-aec3-cb9272f09590/resourceGroups/javacsmrg6304/providers/Microsoft.Network/loadBalancers/extlb1-1556/frontendIPConfigurations/extlb1-1556-FE1\"\r\n          }\r\n        },\r\n        \"type\": \"Microsoft.Network/loadBalancers/inboundNatPools\"\r\n      }\r\n    ]\r\n  },\r\n  \"sku\": {\r\n    \"name\": \"Basic\",\r\n    \"tier\": \"Regional\"\r\n  }\r\n}",
      "StatusCode": 200
    },
    {
      "RequestUri": "/subscriptions/0b1f6471-1bf0-4dda-aec3-cb9272f09590/resourceGroups/javacsmrg6304/providers/Microsoft.Network/loadBalancers/extlb1-1556?api-version=2018-04-01",
      "EncodedRequestUri": "L3N1YnNjcmlwdGlvbnMvMGIxZjY0NzEtMWJmMC00ZGRhLWFlYzMtY2I5MjcyZjA5NTkwL3Jlc291cmNlR3JvdXBzL2phdmFjc21yZzYzMDQvcHJvdmlkZXJzL01pY3Jvc29mdC5OZXR3b3JrL2xvYWRCYWxhbmNlcnMvZXh0bGIxLTE1NTY/YXBpLXZlcnNpb249MjAxOC0wNC0wMQ==",
      "RequestMethod": "GET",
      "RequestBody": "",
      "RequestHeaders": {
        "x-ms-client-request-id": [
          "1273fc6d-3499-4cc6-8c09-2d45c24c7e6a"
        ],
        "Accept-Language": [
          "en-US"
        ],
        "User-Agent": [
          "FxVersion/4.6.26725.06",
          "OSName/Windows",
          "OSVersion/Microsoft.Windows.10.0.17763.",
          "Microsoft.Azure.Management.Network.Fluent.NetworkManagementClient/1.19.0.0",
          "MacAddressHash/1706214d8731cf2405675fdf5fb8b4bf75f06e7a9bb34e8d93f8f4a5d61acc28"
        ]
      },
      "ResponseHeaders": {
        "Cache-Control": [
          "no-cache"
        ],
        "Pragma": [
          "no-cache"
        ],
        "ETag": [
          "W/\"0bc96554-720d-434c-a2b0-4f0eed45a45a\""
        ],
        "x-ms-request-id": [
          "25efde24-977d-4831-89cd-3ab53434d143"
        ],
        "x-ms-correlation-request-id": [
          "3e196b9e-0da8-45e5-bf98-fc053b4302a8"
        ],
        "Strict-Transport-Security": [
          "max-age=31536000; includeSubDomains"
        ],
        "Server": [
          "Microsoft-HTTPAPI/2.0",
          "Microsoft-HTTPAPI/2.0"
        ],
        "x-ms-ratelimit-remaining-subscription-reads": [
          "11994"
        ],
        "x-ms-routing-request-id": [
          "WESTUS2:20190301T203825Z:3e196b9e-0da8-45e5-bf98-fc053b4302a8"
        ],
        "X-Content-Type-Options": [
          "nosniff"
        ],
        "Date": [
          "Fri, 01 Mar 2019 20:38:25 GMT"
        ],
        "Content-Length": [
          "5920"
        ],
        "Content-Type": [
          "application/json; charset=utf-8"
        ],
        "Expires": [
          "-1"
        ]
      },
      "ResponseBody": "{\r\n  \"name\": \"extlb1-1556\",\r\n  \"id\": \"/subscriptions/0b1f6471-1bf0-4dda-aec3-cb9272f09590/resourceGroups/javacsmrg6304/providers/Microsoft.Network/loadBalancers/extlb1-1556\",\r\n  \"etag\": \"W/\\\"0bc96554-720d-434c-a2b0-4f0eed45a45a\\\"\",\r\n  \"type\": \"Microsoft.Network/loadBalancers\",\r\n  \"location\": \"eastus\",\r\n  \"tags\": {},\r\n  \"properties\": {\r\n    \"provisioningState\": \"Succeeded\",\r\n    \"resourceGuid\": \"07416b05-b0b0-4ad6-8eaa-a083f724a162\",\r\n    \"frontendIPConfigurations\": [\r\n      {\r\n        \"name\": \"extlb1-1556-FE1\",\r\n        \"id\": \"/subscriptions/0b1f6471-1bf0-4dda-aec3-cb9272f09590/resourceGroups/javacsmrg6304/providers/Microsoft.Network/loadBalancers/extlb1-1556/frontendIPConfigurations/extlb1-1556-FE1\",\r\n        \"etag\": \"W/\\\"0bc96554-720d-434c-a2b0-4f0eed45a45a\\\"\",\r\n        \"type\": \"Microsoft.Network/loadBalancers/frontendIPConfigurations\",\r\n        \"properties\": {\r\n          \"provisioningState\": \"Succeeded\",\r\n          \"privateIPAllocationMethod\": \"Dynamic\",\r\n          \"publicIPAddress\": {\r\n            \"id\": \"/subscriptions/0b1f6471-1bf0-4dda-aec3-cb9272f09590/resourceGroups/javacsmrg6304/providers/Microsoft.Network/publicIPAddresses/pip-extlb1-1556\"\r\n          },\r\n          \"loadBalancingRules\": [\r\n            {\r\n              \"id\": \"/subscriptions/0b1f6471-1bf0-4dda-aec3-cb9272f09590/resourceGroups/javacsmrg6304/providers/Microsoft.Network/loadBalancers/extlb1-1556/loadBalancingRules/httpRule\"\r\n            }\r\n          ],\r\n          \"inboundNatPools\": [\r\n            {\r\n              \"id\": \"/subscriptions/0b1f6471-1bf0-4dda-aec3-cb9272f09590/resourceGroups/javacsmrg6304/providers/Microsoft.Network/loadBalancers/extlb1-1556/inboundNatPools/extlb1-1556-INP1\"\r\n            }\r\n          ]\r\n        }\r\n      }\r\n    ],\r\n    \"backendAddressPools\": [\r\n      {\r\n        \"name\": \"extlb1-1556-BAP1\",\r\n        \"id\": \"/subscriptions/0b1f6471-1bf0-4dda-aec3-cb9272f09590/resourceGroups/javacsmrg6304/providers/Microsoft.Network/loadBalancers/extlb1-1556/backendAddressPools/extlb1-1556-BAP1\",\r\n        \"etag\": \"W/\\\"0bc96554-720d-434c-a2b0-4f0eed45a45a\\\"\",\r\n        \"properties\": {\r\n          \"provisioningState\": \"Succeeded\",\r\n          \"loadBalancingRules\": [\r\n            {\r\n              \"id\": \"/subscriptions/0b1f6471-1bf0-4dda-aec3-cb9272f09590/resourceGroups/javacsmrg6304/providers/Microsoft.Network/loadBalancers/extlb1-1556/loadBalancingRules/httpRule\"\r\n            }\r\n          ]\r\n        },\r\n        \"type\": \"Microsoft.Network/loadBalancers/backendAddressPools\"\r\n      }\r\n    ],\r\n    \"loadBalancingRules\": [\r\n      {\r\n        \"name\": \"httpRule\",\r\n        \"id\": \"/subscriptions/0b1f6471-1bf0-4dda-aec3-cb9272f09590/resourceGroups/javacsmrg6304/providers/Microsoft.Network/loadBalancers/extlb1-1556/loadBalancingRules/httpRule\",\r\n        \"etag\": \"W/\\\"0bc96554-720d-434c-a2b0-4f0eed45a45a\\\"\",\r\n        \"type\": \"Microsoft.Network/loadBalancers/loadBalancingRules\",\r\n        \"properties\": {\r\n          \"provisioningState\": \"Succeeded\",\r\n          \"frontendIPConfiguration\": {\r\n            \"id\": \"/subscriptions/0b1f6471-1bf0-4dda-aec3-cb9272f09590/resourceGroups/javacsmrg6304/providers/Microsoft.Network/loadBalancers/extlb1-1556/frontendIPConfigurations/extlb1-1556-FE1\"\r\n          },\r\n          \"frontendPort\": 80,\r\n          \"backendPort\": 80,\r\n          \"enableFloatingIP\": false,\r\n          \"idleTimeoutInMinutes\": 4,\r\n          \"protocol\": \"Tcp\",\r\n          \"enableDestinationServiceEndpoint\": false,\r\n          \"loadDistribution\": \"Default\",\r\n          \"backendAddressPool\": {\r\n            \"id\": \"/subscriptions/0b1f6471-1bf0-4dda-aec3-cb9272f09590/resourceGroups/javacsmrg6304/providers/Microsoft.Network/loadBalancers/extlb1-1556/backendAddressPools/extlb1-1556-BAP1\"\r\n          },\r\n          \"probe\": {\r\n            \"id\": \"/subscriptions/0b1f6471-1bf0-4dda-aec3-cb9272f09590/resourceGroups/javacsmrg6304/providers/Microsoft.Network/loadBalancers/extlb1-1556/probes/httpProbe\"\r\n          }\r\n        }\r\n      }\r\n    ],\r\n    \"probes\": [\r\n      {\r\n        \"name\": \"httpProbe\",\r\n        \"id\": \"/subscriptions/0b1f6471-1bf0-4dda-aec3-cb9272f09590/resourceGroups/javacsmrg6304/providers/Microsoft.Network/loadBalancers/extlb1-1556/probes/httpProbe\",\r\n        \"etag\": \"W/\\\"0bc96554-720d-434c-a2b0-4f0eed45a45a\\\"\",\r\n        \"properties\": {\r\n          \"provisioningState\": \"Succeeded\",\r\n          \"protocol\": \"Http\",\r\n          \"port\": 80,\r\n          \"requestPath\": \"/\",\r\n          \"intervalInSeconds\": 15,\r\n          \"numberOfProbes\": 2,\r\n          \"loadBalancingRules\": [\r\n            {\r\n              \"id\": \"/subscriptions/0b1f6471-1bf0-4dda-aec3-cb9272f09590/resourceGroups/javacsmrg6304/providers/Microsoft.Network/loadBalancers/extlb1-1556/loadBalancingRules/httpRule\"\r\n            }\r\n          ]\r\n        },\r\n        \"type\": \"Microsoft.Network/loadBalancers/probes\"\r\n      }\r\n    ],\r\n    \"inboundNatRules\": [],\r\n    \"inboundNatPools\": [\r\n      {\r\n        \"name\": \"extlb1-1556-INP1\",\r\n        \"id\": \"/subscriptions/0b1f6471-1bf0-4dda-aec3-cb9272f09590/resourceGroups/javacsmrg6304/providers/Microsoft.Network/loadBalancers/extlb1-1556/inboundNatPools/extlb1-1556-INP1\",\r\n        \"etag\": \"W/\\\"0bc96554-720d-434c-a2b0-4f0eed45a45a\\\"\",\r\n        \"properties\": {\r\n          \"provisioningState\": \"Succeeded\",\r\n          \"frontendPortRangeStart\": 5000,\r\n          \"frontendPortRangeEnd\": 5099,\r\n          \"backendPort\": 22,\r\n          \"protocol\": \"Tcp\",\r\n          \"idleTimeoutInMinutes\": 4,\r\n          \"enableFloatingIP\": false,\r\n          \"enableDestinationServiceEndpoint\": false,\r\n          \"frontendIPConfiguration\": {\r\n            \"id\": \"/subscriptions/0b1f6471-1bf0-4dda-aec3-cb9272f09590/resourceGroups/javacsmrg6304/providers/Microsoft.Network/loadBalancers/extlb1-1556/frontendIPConfigurations/extlb1-1556-FE1\"\r\n          }\r\n        },\r\n        \"type\": \"Microsoft.Network/loadBalancers/inboundNatPools\"\r\n      }\r\n    ]\r\n  },\r\n  \"sku\": {\r\n    \"name\": \"Basic\",\r\n    \"tier\": \"Regional\"\r\n  }\r\n}",
      "StatusCode": 200
    },
    {
      "RequestUri": "/subscriptions/0b1f6471-1bf0-4dda-aec3-cb9272f09590/resourceGroups/javacsmrg6304/providers/Microsoft.Network/loadBalancers/extlb1-1556?api-version=2018-04-01",
      "EncodedRequestUri": "L3N1YnNjcmlwdGlvbnMvMGIxZjY0NzEtMWJmMC00ZGRhLWFlYzMtY2I5MjcyZjA5NTkwL3Jlc291cmNlR3JvdXBzL2phdmFjc21yZzYzMDQvcHJvdmlkZXJzL01pY3Jvc29mdC5OZXR3b3JrL2xvYWRCYWxhbmNlcnMvZXh0bGIxLTE1NTY/YXBpLXZlcnNpb249MjAxOC0wNC0wMQ==",
      "RequestMethod": "GET",
      "RequestBody": "",
      "RequestHeaders": {
        "x-ms-client-request-id": [
          "86e07105-7c5f-4a9d-8d06-1883f77a1cf2"
        ],
        "Accept-Language": [
          "en-US"
        ],
        "User-Agent": [
          "FxVersion/4.6.26725.06",
          "OSName/Windows",
          "OSVersion/Microsoft.Windows.10.0.17763.",
          "Microsoft.Azure.Management.Network.Fluent.NetworkManagementClient/1.19.0.0",
          "MacAddressHash/1706214d8731cf2405675fdf5fb8b4bf75f06e7a9bb34e8d93f8f4a5d61acc28"
        ]
      },
      "ResponseHeaders": {
        "Cache-Control": [
          "no-cache"
        ],
        "Pragma": [
          "no-cache"
        ],
        "ETag": [
          "W/\"0bc96554-720d-434c-a2b0-4f0eed45a45a\""
        ],
        "x-ms-request-id": [
          "5ea893e2-80c2-4866-aab7-85697453b0e5"
        ],
        "x-ms-correlation-request-id": [
          "2c1a8c3c-927f-4396-b230-59dd0498ccf0"
        ],
        "Strict-Transport-Security": [
          "max-age=31536000; includeSubDomains"
        ],
        "Server": [
          "Microsoft-HTTPAPI/2.0",
          "Microsoft-HTTPAPI/2.0"
        ],
        "x-ms-ratelimit-remaining-subscription-reads": [
          "11993"
        ],
        "x-ms-routing-request-id": [
          "WESTUS2:20190301T203825Z:2c1a8c3c-927f-4396-b230-59dd0498ccf0"
        ],
        "X-Content-Type-Options": [
          "nosniff"
        ],
        "Date": [
          "Fri, 01 Mar 2019 20:38:25 GMT"
        ],
        "Content-Length": [
          "5920"
        ],
        "Content-Type": [
          "application/json; charset=utf-8"
        ],
        "Expires": [
          "-1"
        ]
      },
      "ResponseBody": "{\r\n  \"name\": \"extlb1-1556\",\r\n  \"id\": \"/subscriptions/0b1f6471-1bf0-4dda-aec3-cb9272f09590/resourceGroups/javacsmrg6304/providers/Microsoft.Network/loadBalancers/extlb1-1556\",\r\n  \"etag\": \"W/\\\"0bc96554-720d-434c-a2b0-4f0eed45a45a\\\"\",\r\n  \"type\": \"Microsoft.Network/loadBalancers\",\r\n  \"location\": \"eastus\",\r\n  \"tags\": {},\r\n  \"properties\": {\r\n    \"provisioningState\": \"Succeeded\",\r\n    \"resourceGuid\": \"07416b05-b0b0-4ad6-8eaa-a083f724a162\",\r\n    \"frontendIPConfigurations\": [\r\n      {\r\n        \"name\": \"extlb1-1556-FE1\",\r\n        \"id\": \"/subscriptions/0b1f6471-1bf0-4dda-aec3-cb9272f09590/resourceGroups/javacsmrg6304/providers/Microsoft.Network/loadBalancers/extlb1-1556/frontendIPConfigurations/extlb1-1556-FE1\",\r\n        \"etag\": \"W/\\\"0bc96554-720d-434c-a2b0-4f0eed45a45a\\\"\",\r\n        \"type\": \"Microsoft.Network/loadBalancers/frontendIPConfigurations\",\r\n        \"properties\": {\r\n          \"provisioningState\": \"Succeeded\",\r\n          \"privateIPAllocationMethod\": \"Dynamic\",\r\n          \"publicIPAddress\": {\r\n            \"id\": \"/subscriptions/0b1f6471-1bf0-4dda-aec3-cb9272f09590/resourceGroups/javacsmrg6304/providers/Microsoft.Network/publicIPAddresses/pip-extlb1-1556\"\r\n          },\r\n          \"loadBalancingRules\": [\r\n            {\r\n              \"id\": \"/subscriptions/0b1f6471-1bf0-4dda-aec3-cb9272f09590/resourceGroups/javacsmrg6304/providers/Microsoft.Network/loadBalancers/extlb1-1556/loadBalancingRules/httpRule\"\r\n            }\r\n          ],\r\n          \"inboundNatPools\": [\r\n            {\r\n              \"id\": \"/subscriptions/0b1f6471-1bf0-4dda-aec3-cb9272f09590/resourceGroups/javacsmrg6304/providers/Microsoft.Network/loadBalancers/extlb1-1556/inboundNatPools/extlb1-1556-INP1\"\r\n            }\r\n          ]\r\n        }\r\n      }\r\n    ],\r\n    \"backendAddressPools\": [\r\n      {\r\n        \"name\": \"extlb1-1556-BAP1\",\r\n        \"id\": \"/subscriptions/0b1f6471-1bf0-4dda-aec3-cb9272f09590/resourceGroups/javacsmrg6304/providers/Microsoft.Network/loadBalancers/extlb1-1556/backendAddressPools/extlb1-1556-BAP1\",\r\n        \"etag\": \"W/\\\"0bc96554-720d-434c-a2b0-4f0eed45a45a\\\"\",\r\n        \"properties\": {\r\n          \"provisioningState\": \"Succeeded\",\r\n          \"loadBalancingRules\": [\r\n            {\r\n              \"id\": \"/subscriptions/0b1f6471-1bf0-4dda-aec3-cb9272f09590/resourceGroups/javacsmrg6304/providers/Microsoft.Network/loadBalancers/extlb1-1556/loadBalancingRules/httpRule\"\r\n            }\r\n          ]\r\n        },\r\n        \"type\": \"Microsoft.Network/loadBalancers/backendAddressPools\"\r\n      }\r\n    ],\r\n    \"loadBalancingRules\": [\r\n      {\r\n        \"name\": \"httpRule\",\r\n        \"id\": \"/subscriptions/0b1f6471-1bf0-4dda-aec3-cb9272f09590/resourceGroups/javacsmrg6304/providers/Microsoft.Network/loadBalancers/extlb1-1556/loadBalancingRules/httpRule\",\r\n        \"etag\": \"W/\\\"0bc96554-720d-434c-a2b0-4f0eed45a45a\\\"\",\r\n        \"type\": \"Microsoft.Network/loadBalancers/loadBalancingRules\",\r\n        \"properties\": {\r\n          \"provisioningState\": \"Succeeded\",\r\n          \"frontendIPConfiguration\": {\r\n            \"id\": \"/subscriptions/0b1f6471-1bf0-4dda-aec3-cb9272f09590/resourceGroups/javacsmrg6304/providers/Microsoft.Network/loadBalancers/extlb1-1556/frontendIPConfigurations/extlb1-1556-FE1\"\r\n          },\r\n          \"frontendPort\": 80,\r\n          \"backendPort\": 80,\r\n          \"enableFloatingIP\": false,\r\n          \"idleTimeoutInMinutes\": 4,\r\n          \"protocol\": \"Tcp\",\r\n          \"enableDestinationServiceEndpoint\": false,\r\n          \"loadDistribution\": \"Default\",\r\n          \"backendAddressPool\": {\r\n            \"id\": \"/subscriptions/0b1f6471-1bf0-4dda-aec3-cb9272f09590/resourceGroups/javacsmrg6304/providers/Microsoft.Network/loadBalancers/extlb1-1556/backendAddressPools/extlb1-1556-BAP1\"\r\n          },\r\n          \"probe\": {\r\n            \"id\": \"/subscriptions/0b1f6471-1bf0-4dda-aec3-cb9272f09590/resourceGroups/javacsmrg6304/providers/Microsoft.Network/loadBalancers/extlb1-1556/probes/httpProbe\"\r\n          }\r\n        }\r\n      }\r\n    ],\r\n    \"probes\": [\r\n      {\r\n        \"name\": \"httpProbe\",\r\n        \"id\": \"/subscriptions/0b1f6471-1bf0-4dda-aec3-cb9272f09590/resourceGroups/javacsmrg6304/providers/Microsoft.Network/loadBalancers/extlb1-1556/probes/httpProbe\",\r\n        \"etag\": \"W/\\\"0bc96554-720d-434c-a2b0-4f0eed45a45a\\\"\",\r\n        \"properties\": {\r\n          \"provisioningState\": \"Succeeded\",\r\n          \"protocol\": \"Http\",\r\n          \"port\": 80,\r\n          \"requestPath\": \"/\",\r\n          \"intervalInSeconds\": 15,\r\n          \"numberOfProbes\": 2,\r\n          \"loadBalancingRules\": [\r\n            {\r\n              \"id\": \"/subscriptions/0b1f6471-1bf0-4dda-aec3-cb9272f09590/resourceGroups/javacsmrg6304/providers/Microsoft.Network/loadBalancers/extlb1-1556/loadBalancingRules/httpRule\"\r\n            }\r\n          ]\r\n        },\r\n        \"type\": \"Microsoft.Network/loadBalancers/probes\"\r\n      }\r\n    ],\r\n    \"inboundNatRules\": [],\r\n    \"inboundNatPools\": [\r\n      {\r\n        \"name\": \"extlb1-1556-INP1\",\r\n        \"id\": \"/subscriptions/0b1f6471-1bf0-4dda-aec3-cb9272f09590/resourceGroups/javacsmrg6304/providers/Microsoft.Network/loadBalancers/extlb1-1556/inboundNatPools/extlb1-1556-INP1\",\r\n        \"etag\": \"W/\\\"0bc96554-720d-434c-a2b0-4f0eed45a45a\\\"\",\r\n        \"properties\": {\r\n          \"provisioningState\": \"Succeeded\",\r\n          \"frontendPortRangeStart\": 5000,\r\n          \"frontendPortRangeEnd\": 5099,\r\n          \"backendPort\": 22,\r\n          \"protocol\": \"Tcp\",\r\n          \"idleTimeoutInMinutes\": 4,\r\n          \"enableFloatingIP\": false,\r\n          \"enableDestinationServiceEndpoint\": false,\r\n          \"frontendIPConfiguration\": {\r\n            \"id\": \"/subscriptions/0b1f6471-1bf0-4dda-aec3-cb9272f09590/resourceGroups/javacsmrg6304/providers/Microsoft.Network/loadBalancers/extlb1-1556/frontendIPConfigurations/extlb1-1556-FE1\"\r\n          }\r\n        },\r\n        \"type\": \"Microsoft.Network/loadBalancers/inboundNatPools\"\r\n      }\r\n    ]\r\n  },\r\n  \"sku\": {\r\n    \"name\": \"Basic\",\r\n    \"tier\": \"Regional\"\r\n  }\r\n}",
      "StatusCode": 200
    },
    {
      "RequestUri": "/subscriptions/0b1f6471-1bf0-4dda-aec3-cb9272f09590/resourceGroups/javacsmrg6304/providers/Microsoft.Network/loadBalancers/extlb1-1556?api-version=2018-04-01",
      "EncodedRequestUri": "L3N1YnNjcmlwdGlvbnMvMGIxZjY0NzEtMWJmMC00ZGRhLWFlYzMtY2I5MjcyZjA5NTkwL3Jlc291cmNlR3JvdXBzL2phdmFjc21yZzYzMDQvcHJvdmlkZXJzL01pY3Jvc29mdC5OZXR3b3JrL2xvYWRCYWxhbmNlcnMvZXh0bGIxLTE1NTY/YXBpLXZlcnNpb249MjAxOC0wNC0wMQ==",
      "RequestMethod": "GET",
      "RequestBody": "",
      "RequestHeaders": {
        "x-ms-client-request-id": [
          "f8c7cdc5-5cc9-4145-8cda-13017d2c7fa8"
        ],
        "Accept-Language": [
          "en-US"
        ],
        "User-Agent": [
          "FxVersion/4.6.26725.06",
          "OSName/Windows",
          "OSVersion/Microsoft.Windows.10.0.17763.",
          "Microsoft.Azure.Management.Network.Fluent.NetworkManagementClient/1.19.0.0",
          "MacAddressHash/1706214d8731cf2405675fdf5fb8b4bf75f06e7a9bb34e8d93f8f4a5d61acc28"
        ]
      },
      "ResponseHeaders": {
        "Cache-Control": [
          "no-cache"
        ],
        "Pragma": [
          "no-cache"
        ],
        "ETag": [
          "W/\"a400479d-6128-4ddf-adc5-b53a6732c392\""
        ],
        "x-ms-request-id": [
          "8c494a44-7cc6-4ce1-b343-a70efcf8592d"
        ],
        "x-ms-correlation-request-id": [
          "850a7d05-2573-4bb8-b8c3-5f6e1da4811d"
        ],
        "Strict-Transport-Security": [
          "max-age=31536000; includeSubDomains"
        ],
        "Server": [
          "Microsoft-HTTPAPI/2.0",
          "Microsoft-HTTPAPI/2.0"
        ],
        "x-ms-ratelimit-remaining-subscription-reads": [
          "11989"
        ],
        "x-ms-routing-request-id": [
          "WESTUS2:20190301T204301Z:850a7d05-2573-4bb8-b8c3-5f6e1da4811d"
        ],
        "X-Content-Type-Options": [
          "nosniff"
        ],
        "Date": [
          "Fri, 01 Mar 2019 20:43:00 GMT"
        ],
        "Content-Length": [
          "12995"
        ],
        "Content-Type": [
          "application/json; charset=utf-8"
        ],
        "Expires": [
          "-1"
        ]
      },
      "ResponseBody": "{\r\n  \"name\": \"extlb1-1556\",\r\n  \"id\": \"/subscriptions/0b1f6471-1bf0-4dda-aec3-cb9272f09590/resourceGroups/javacsmrg6304/providers/Microsoft.Network/loadBalancers/extlb1-1556\",\r\n  \"etag\": \"W/\\\"a400479d-6128-4ddf-adc5-b53a6732c392\\\"\",\r\n  \"type\": \"Microsoft.Network/loadBalancers\",\r\n  \"location\": \"eastus\",\r\n  \"tags\": {},\r\n  \"properties\": {\r\n    \"provisioningState\": \"Succeeded\",\r\n    \"resourceGuid\": \"07416b05-b0b0-4ad6-8eaa-a083f724a162\",\r\n    \"frontendIPConfigurations\": [\r\n      {\r\n        \"name\": \"extlb1-1556-FE1\",\r\n        \"id\": \"/subscriptions/0b1f6471-1bf0-4dda-aec3-cb9272f09590/resourceGroups/javacsmrg6304/providers/Microsoft.Network/loadBalancers/extlb1-1556/frontendIPConfigurations/extlb1-1556-FE1\",\r\n        \"etag\": \"W/\\\"a400479d-6128-4ddf-adc5-b53a6732c392\\\"\",\r\n        \"type\": \"Microsoft.Network/loadBalancers/frontendIPConfigurations\",\r\n        \"properties\": {\r\n          \"provisioningState\": \"Succeeded\",\r\n          \"privateIPAllocationMethod\": \"Dynamic\",\r\n          \"publicIPAddress\": {\r\n            \"id\": \"/subscriptions/0b1f6471-1bf0-4dda-aec3-cb9272f09590/resourceGroups/javacsmrg6304/providers/Microsoft.Network/publicIPAddresses/pip-extlb1-1556\"\r\n          },\r\n          \"loadBalancingRules\": [\r\n            {\r\n              \"id\": \"/subscriptions/0b1f6471-1bf0-4dda-aec3-cb9272f09590/resourceGroups/javacsmrg6304/providers/Microsoft.Network/loadBalancers/extlb1-1556/loadBalancingRules/httpRule\"\r\n            }\r\n          ],\r\n          \"inboundNatRules\": [\r\n            {\r\n              \"id\": \"/subscriptions/0b1f6471-1bf0-4dda-aec3-cb9272f09590/resourceGroups/javacsmrg6304/providers/Microsoft.Network/loadBalancers/extlb1-1556/inboundNatRules/extlb1-1556-INP1.0\"\r\n            },\r\n            {\r\n              \"id\": \"/subscriptions/0b1f6471-1bf0-4dda-aec3-cb9272f09590/resourceGroups/javacsmrg6304/providers/Microsoft.Network/loadBalancers/extlb1-1556/inboundNatRules/extlb1-1556-INP1.1\"\r\n            },\r\n            {\r\n              \"id\": \"/subscriptions/0b1f6471-1bf0-4dda-aec3-cb9272f09590/resourceGroups/javacsmrg6304/providers/Microsoft.Network/loadBalancers/extlb1-1556/inboundNatRules/extlb1-1556-INP1.2\"\r\n            },\r\n            {\r\n              \"id\": \"/subscriptions/0b1f6471-1bf0-4dda-aec3-cb9272f09590/resourceGroups/javacsmrg6304/providers/Microsoft.Network/loadBalancers/extlb1-1556/inboundNatRules/extlb1-1556-INP1.3\"\r\n            }\r\n          ],\r\n          \"inboundNatPools\": [\r\n            {\r\n              \"id\": \"/subscriptions/0b1f6471-1bf0-4dda-aec3-cb9272f09590/resourceGroups/javacsmrg6304/providers/Microsoft.Network/loadBalancers/extlb1-1556/inboundNatPools/extlb1-1556-INP1\"\r\n            }\r\n          ]\r\n        }\r\n      }\r\n    ],\r\n    \"backendAddressPools\": [\r\n      {\r\n        \"name\": \"extlb1-1556-BAP1\",\r\n        \"id\": \"/subscriptions/0b1f6471-1bf0-4dda-aec3-cb9272f09590/resourceGroups/javacsmrg6304/providers/Microsoft.Network/loadBalancers/extlb1-1556/backendAddressPools/extlb1-1556-BAP1\",\r\n        \"etag\": \"W/\\\"a400479d-6128-4ddf-adc5-b53a6732c392\\\"\",\r\n        \"properties\": {\r\n          \"provisioningState\": \"Succeeded\",\r\n          \"backendIPConfigurations\": [\r\n            {\r\n              \"id\": \"/subscriptions/0b1f6471-1bf0-4dda-aec3-cb9272f09590/resourceGroups/javacsmrg6304/providers/Microsoft.Compute/virtualMachineScaleSets/vmss6618/virtualMachines/0/networkInterfaces/primary-nic-cfg/ipConfigurations/primary-nic-ip-cfg\"\r\n            },\r\n            {\r\n              \"id\": \"/subscriptions/0b1f6471-1bf0-4dda-aec3-cb9272f09590/resourceGroups/javacsmrg6304/providers/Microsoft.Compute/virtualMachineScaleSets/vmss6618/virtualMachines/1/networkInterfaces/primary-nic-cfg/ipConfigurations/primary-nic-ip-cfg\"\r\n            },\r\n            {\r\n              \"id\": \"/subscriptions/0b1f6471-1bf0-4dda-aec3-cb9272f09590/resourceGroups/javacsmrg6304/providers/Microsoft.Compute/virtualMachineScaleSets/vmss6618/virtualMachines/2/networkInterfaces/primary-nic-cfg/ipConfigurations/primary-nic-ip-cfg\"\r\n            },\r\n            {\r\n              \"id\": \"/subscriptions/0b1f6471-1bf0-4dda-aec3-cb9272f09590/resourceGroups/javacsmrg6304/providers/Microsoft.Compute/virtualMachineScaleSets/vmss6618/virtualMachines/3/networkInterfaces/primary-nic-cfg/ipConfigurations/primary-nic-ip-cfg\"\r\n            }\r\n          ],\r\n          \"loadBalancingRules\": [\r\n            {\r\n              \"id\": \"/subscriptions/0b1f6471-1bf0-4dda-aec3-cb9272f09590/resourceGroups/javacsmrg6304/providers/Microsoft.Network/loadBalancers/extlb1-1556/loadBalancingRules/httpRule\"\r\n            }\r\n          ]\r\n        },\r\n        \"type\": \"Microsoft.Network/loadBalancers/backendAddressPools\"\r\n      }\r\n    ],\r\n    \"loadBalancingRules\": [\r\n      {\r\n        \"name\": \"httpRule\",\r\n        \"id\": \"/subscriptions/0b1f6471-1bf0-4dda-aec3-cb9272f09590/resourceGroups/javacsmrg6304/providers/Microsoft.Network/loadBalancers/extlb1-1556/loadBalancingRules/httpRule\",\r\n        \"etag\": \"W/\\\"a400479d-6128-4ddf-adc5-b53a6732c392\\\"\",\r\n        \"type\": \"Microsoft.Network/loadBalancers/loadBalancingRules\",\r\n        \"properties\": {\r\n          \"provisioningState\": \"Succeeded\",\r\n          \"frontendIPConfiguration\": {\r\n            \"id\": \"/subscriptions/0b1f6471-1bf0-4dda-aec3-cb9272f09590/resourceGroups/javacsmrg6304/providers/Microsoft.Network/loadBalancers/extlb1-1556/frontendIPConfigurations/extlb1-1556-FE1\"\r\n          },\r\n          \"frontendPort\": 80,\r\n          \"backendPort\": 80,\r\n          \"enableFloatingIP\": false,\r\n          \"idleTimeoutInMinutes\": 4,\r\n          \"protocol\": \"Tcp\",\r\n          \"enableDestinationServiceEndpoint\": false,\r\n          \"loadDistribution\": \"Default\",\r\n          \"backendAddressPool\": {\r\n            \"id\": \"/subscriptions/0b1f6471-1bf0-4dda-aec3-cb9272f09590/resourceGroups/javacsmrg6304/providers/Microsoft.Network/loadBalancers/extlb1-1556/backendAddressPools/extlb1-1556-BAP1\"\r\n          },\r\n          \"probe\": {\r\n            \"id\": \"/subscriptions/0b1f6471-1bf0-4dda-aec3-cb9272f09590/resourceGroups/javacsmrg6304/providers/Microsoft.Network/loadBalancers/extlb1-1556/probes/httpProbe\"\r\n          }\r\n        }\r\n      }\r\n    ],\r\n    \"probes\": [\r\n      {\r\n        \"name\": \"httpProbe\",\r\n        \"id\": \"/subscriptions/0b1f6471-1bf0-4dda-aec3-cb9272f09590/resourceGroups/javacsmrg6304/providers/Microsoft.Network/loadBalancers/extlb1-1556/probes/httpProbe\",\r\n        \"etag\": \"W/\\\"a400479d-6128-4ddf-adc5-b53a6732c392\\\"\",\r\n        \"properties\": {\r\n          \"provisioningState\": \"Succeeded\",\r\n          \"protocol\": \"Http\",\r\n          \"port\": 80,\r\n          \"requestPath\": \"/\",\r\n          \"intervalInSeconds\": 15,\r\n          \"numberOfProbes\": 2,\r\n          \"loadBalancingRules\": [\r\n            {\r\n              \"id\": \"/subscriptions/0b1f6471-1bf0-4dda-aec3-cb9272f09590/resourceGroups/javacsmrg6304/providers/Microsoft.Network/loadBalancers/extlb1-1556/loadBalancingRules/httpRule\"\r\n            }\r\n          ]\r\n        },\r\n        \"type\": \"Microsoft.Network/loadBalancers/probes\"\r\n      }\r\n    ],\r\n    \"inboundNatRules\": [\r\n      {\r\n        \"name\": \"extlb1-1556-INP1.0\",\r\n        \"id\": \"/subscriptions/0b1f6471-1bf0-4dda-aec3-cb9272f09590/resourceGroups/javacsmrg6304/providers/Microsoft.Network/loadBalancers/extlb1-1556/inboundNatRules/extlb1-1556-INP1.0\",\r\n        \"etag\": \"W/\\\"a400479d-6128-4ddf-adc5-b53a6732c392\\\"\",\r\n        \"type\": \"Microsoft.Network/loadBalancers/inboundNatRules\",\r\n        \"properties\": {\r\n          \"provisioningState\": \"Succeeded\",\r\n          \"frontendIPConfiguration\": {\r\n            \"id\": \"/subscriptions/0b1f6471-1bf0-4dda-aec3-cb9272f09590/resourceGroups/javacsmrg6304/providers/Microsoft.Network/loadBalancers/extlb1-1556/frontendIPConfigurations/extlb1-1556-FE1\"\r\n          },\r\n          \"frontendPort\": 5000,\r\n          \"backendPort\": 22,\r\n          \"enableFloatingIP\": false,\r\n          \"idleTimeoutInMinutes\": 4,\r\n          \"protocol\": \"Tcp\",\r\n          \"enableDestinationServiceEndpoint\": false,\r\n          \"backendIPConfiguration\": {\r\n            \"id\": \"/subscriptions/0b1f6471-1bf0-4dda-aec3-cb9272f09590/resourceGroups/javacsmrg6304/providers/Microsoft.Compute/virtualMachineScaleSets/vmss6618/virtualMachines/0/networkInterfaces/primary-nic-cfg/ipConfigurations/primary-nic-ip-cfg\"\r\n          }\r\n        }\r\n      },\r\n      {\r\n        \"name\": \"extlb1-1556-INP1.1\",\r\n        \"id\": \"/subscriptions/0b1f6471-1bf0-4dda-aec3-cb9272f09590/resourceGroups/javacsmrg6304/providers/Microsoft.Network/loadBalancers/extlb1-1556/inboundNatRules/extlb1-1556-INP1.1\",\r\n        \"etag\": \"W/\\\"a400479d-6128-4ddf-adc5-b53a6732c392\\\"\",\r\n        \"type\": \"Microsoft.Network/loadBalancers/inboundNatRules\",\r\n        \"properties\": {\r\n          \"provisioningState\": \"Succeeded\",\r\n          \"frontendIPConfiguration\": {\r\n            \"id\": \"/subscriptions/0b1f6471-1bf0-4dda-aec3-cb9272f09590/resourceGroups/javacsmrg6304/providers/Microsoft.Network/loadBalancers/extlb1-1556/frontendIPConfigurations/extlb1-1556-FE1\"\r\n          },\r\n          \"frontendPort\": 5001,\r\n          \"backendPort\": 22,\r\n          \"enableFloatingIP\": false,\r\n          \"idleTimeoutInMinutes\": 4,\r\n          \"protocol\": \"Tcp\",\r\n          \"enableDestinationServiceEndpoint\": false,\r\n          \"backendIPConfiguration\": {\r\n            \"id\": \"/subscriptions/0b1f6471-1bf0-4dda-aec3-cb9272f09590/resourceGroups/javacsmrg6304/providers/Microsoft.Compute/virtualMachineScaleSets/vmss6618/virtualMachines/1/networkInterfaces/primary-nic-cfg/ipConfigurations/primary-nic-ip-cfg\"\r\n          }\r\n        }\r\n      },\r\n      {\r\n        \"name\": \"extlb1-1556-INP1.2\",\r\n        \"id\": \"/subscriptions/0b1f6471-1bf0-4dda-aec3-cb9272f09590/resourceGroups/javacsmrg6304/providers/Microsoft.Network/loadBalancers/extlb1-1556/inboundNatRules/extlb1-1556-INP1.2\",\r\n        \"etag\": \"W/\\\"a400479d-6128-4ddf-adc5-b53a6732c392\\\"\",\r\n        \"type\": \"Microsoft.Network/loadBalancers/inboundNatRules\",\r\n        \"properties\": {\r\n          \"provisioningState\": \"Succeeded\",\r\n          \"frontendIPConfiguration\": {\r\n            \"id\": \"/subscriptions/0b1f6471-1bf0-4dda-aec3-cb9272f09590/resourceGroups/javacsmrg6304/providers/Microsoft.Network/loadBalancers/extlb1-1556/frontendIPConfigurations/extlb1-1556-FE1\"\r\n          },\r\n          \"frontendPort\": 5002,\r\n          \"backendPort\": 22,\r\n          \"enableFloatingIP\": false,\r\n          \"idleTimeoutInMinutes\": 4,\r\n          \"protocol\": \"Tcp\",\r\n          \"enableDestinationServiceEndpoint\": false,\r\n          \"backendIPConfiguration\": {\r\n            \"id\": \"/subscriptions/0b1f6471-1bf0-4dda-aec3-cb9272f09590/resourceGroups/javacsmrg6304/providers/Microsoft.Compute/virtualMachineScaleSets/vmss6618/virtualMachines/2/networkInterfaces/primary-nic-cfg/ipConfigurations/primary-nic-ip-cfg\"\r\n          }\r\n        }\r\n      },\r\n      {\r\n        \"name\": \"extlb1-1556-INP1.3\",\r\n        \"id\": \"/subscriptions/0b1f6471-1bf0-4dda-aec3-cb9272f09590/resourceGroups/javacsmrg6304/providers/Microsoft.Network/loadBalancers/extlb1-1556/inboundNatRules/extlb1-1556-INP1.3\",\r\n        \"etag\": \"W/\\\"a400479d-6128-4ddf-adc5-b53a6732c392\\\"\",\r\n        \"type\": \"Microsoft.Network/loadBalancers/inboundNatRules\",\r\n        \"properties\": {\r\n          \"provisioningState\": \"Succeeded\",\r\n          \"frontendIPConfiguration\": {\r\n            \"id\": \"/subscriptions/0b1f6471-1bf0-4dda-aec3-cb9272f09590/resourceGroups/javacsmrg6304/providers/Microsoft.Network/loadBalancers/extlb1-1556/frontendIPConfigurations/extlb1-1556-FE1\"\r\n          },\r\n          \"frontendPort\": 5003,\r\n          \"backendPort\": 22,\r\n          \"enableFloatingIP\": false,\r\n          \"idleTimeoutInMinutes\": 4,\r\n          \"protocol\": \"Tcp\",\r\n          \"enableDestinationServiceEndpoint\": false,\r\n          \"backendIPConfiguration\": {\r\n            \"id\": \"/subscriptions/0b1f6471-1bf0-4dda-aec3-cb9272f09590/resourceGroups/javacsmrg6304/providers/Microsoft.Compute/virtualMachineScaleSets/vmss6618/virtualMachines/3/networkInterfaces/primary-nic-cfg/ipConfigurations/primary-nic-ip-cfg\"\r\n          }\r\n        }\r\n      }\r\n    ],\r\n    \"inboundNatPools\": [\r\n      {\r\n        \"name\": \"extlb1-1556-INP1\",\r\n        \"id\": \"/subscriptions/0b1f6471-1bf0-4dda-aec3-cb9272f09590/resourceGroups/javacsmrg6304/providers/Microsoft.Network/loadBalancers/extlb1-1556/inboundNatPools/extlb1-1556-INP1\",\r\n        \"etag\": \"W/\\\"a400479d-6128-4ddf-adc5-b53a6732c392\\\"\",\r\n        \"properties\": {\r\n          \"provisioningState\": \"Succeeded\",\r\n          \"frontendPortRangeStart\": 5000,\r\n          \"frontendPortRangeEnd\": 5099,\r\n          \"backendPort\": 22,\r\n          \"protocol\": \"Tcp\",\r\n          \"idleTimeoutInMinutes\": 4,\r\n          \"enableFloatingIP\": false,\r\n          \"enableDestinationServiceEndpoint\": false,\r\n          \"frontendIPConfiguration\": {\r\n            \"id\": \"/subscriptions/0b1f6471-1bf0-4dda-aec3-cb9272f09590/resourceGroups/javacsmrg6304/providers/Microsoft.Network/loadBalancers/extlb1-1556/frontendIPConfigurations/extlb1-1556-FE1\"\r\n          }\r\n        },\r\n        \"type\": \"Microsoft.Network/loadBalancers/inboundNatPools\"\r\n      }\r\n    ]\r\n  },\r\n  \"sku\": {\r\n    \"name\": \"Basic\",\r\n    \"tier\": \"Regional\"\r\n  }\r\n}",
      "StatusCode": 200
    },
    {
      "RequestUri": "/subscriptions/0b1f6471-1bf0-4dda-aec3-cb9272f09590/resourceGroups/javacsmrg6304/providers/Microsoft.Storage/storageAccounts/stg9396?api-version=2017-10-01",
      "EncodedRequestUri": "L3N1YnNjcmlwdGlvbnMvMGIxZjY0NzEtMWJmMC00ZGRhLWFlYzMtY2I5MjcyZjA5NTkwL3Jlc291cmNlR3JvdXBzL2phdmFjc21yZzYzMDQvcHJvdmlkZXJzL01pY3Jvc29mdC5TdG9yYWdlL3N0b3JhZ2VBY2NvdW50cy9zdGc5Mzk2P2FwaS12ZXJzaW9uPTIwMTctMTAtMDE=",
      "RequestMethod": "PUT",
      "RequestBody": "{\r\n  \"sku\": {\r\n    \"name\": \"Standard_GRS\"\r\n  },\r\n  \"kind\": \"Storage\",\r\n  \"location\": \"eastus\",\r\n  \"tags\": {}\r\n}",
      "RequestHeaders": {
        "x-ms-client-request-id": [
          "e3a49335-cad1-4f87-84e1-f2458b96befb"
        ],
        "Accept-Language": [
          "en-US"
        ],
        "User-Agent": [
          "FxVersion/4.6.26725.06",
          "OSName/Windows",
          "OSVersion/Microsoft.Windows.10.0.17763.",
          "Microsoft.Azure.Management.Storage.Fluent.StorageManagementClient/1.19.0.0",
          "MacAddressHash/1706214d8731cf2405675fdf5fb8b4bf75f06e7a9bb34e8d93f8f4a5d61acc28"
        ],
        "Content-Type": [
          "application/json; charset=utf-8"
        ],
        "Content-Length": [
          "111"
        ]
      },
      "ResponseHeaders": {
        "Cache-Control": [
          "no-cache"
        ],
        "Pragma": [
          "no-cache"
        ],
        "Location": [
          "https://management.azure.com/subscriptions/0b1f6471-1bf0-4dda-aec3-cb9272f09590/providers/Microsoft.Storage/locations/eastus/asyncoperations/4eef5ee4-46a4-429b-a251-1b33bb6e8db9?monitor=true&api-version=2017-10-01"
        ],
        "Retry-After": [
          "17"
        ],
        "x-ms-request-id": [
          "4eef5ee4-46a4-429b-a251-1b33bb6e8db9"
        ],
        "Strict-Transport-Security": [
          "max-age=31536000; includeSubDomains"
        ],
        "Server": [
          "Microsoft-Azure-Storage-Resource-Provider/1.0,Microsoft-HTTPAPI/2.0 Microsoft-HTTPAPI/2.0"
        ],
        "x-ms-ratelimit-remaining-subscription-writes": [
          "1195"
        ],
        "x-ms-correlation-request-id": [
          "95163555-f736-41cb-ba58-2cfdfaa42b30"
        ],
        "x-ms-routing-request-id": [
          "WESTUS2:20190301T203827Z:95163555-f736-41cb-ba58-2cfdfaa42b30"
        ],
        "X-Content-Type-Options": [
          "nosniff"
        ],
        "Date": [
          "Fri, 01 Mar 2019 20:38:27 GMT"
        ],
        "Content-Type": [
          "text/plain; charset=utf-8"
        ],
        "Expires": [
          "-1"
        ],
        "Content-Length": [
          "0"
        ]
      },
      "ResponseBody": "",
      "StatusCode": 202
    },
    {
      "RequestUri": "/subscriptions/0b1f6471-1bf0-4dda-aec3-cb9272f09590/resourceGroups/javacsmrg6304/providers/Microsoft.Storage/storageAccounts/stg25403?api-version=2017-10-01",
      "EncodedRequestUri": "L3N1YnNjcmlwdGlvbnMvMGIxZjY0NzEtMWJmMC00ZGRhLWFlYzMtY2I5MjcyZjA5NTkwL3Jlc291cmNlR3JvdXBzL2phdmFjc21yZzYzMDQvcHJvdmlkZXJzL01pY3Jvc29mdC5TdG9yYWdlL3N0b3JhZ2VBY2NvdW50cy9zdGcyNTQwMz9hcGktdmVyc2lvbj0yMDE3LTEwLTAx",
      "RequestMethod": "PUT",
      "RequestBody": "{\r\n  \"sku\": {\r\n    \"name\": \"Standard_GRS\"\r\n  },\r\n  \"kind\": \"Storage\",\r\n  \"location\": \"eastus\",\r\n  \"tags\": {}\r\n}",
      "RequestHeaders": {
        "x-ms-client-request-id": [
          "7e8bb7bc-ecf1-44e1-a16a-a22a3a5c9a4a"
        ],
        "Accept-Language": [
          "en-US"
        ],
        "User-Agent": [
          "FxVersion/4.6.26725.06",
          "OSName/Windows",
          "OSVersion/Microsoft.Windows.10.0.17763.",
          "Microsoft.Azure.Management.Storage.Fluent.StorageManagementClient/1.19.0.0",
          "MacAddressHash/1706214d8731cf2405675fdf5fb8b4bf75f06e7a9bb34e8d93f8f4a5d61acc28"
        ],
        "Content-Type": [
          "application/json; charset=utf-8"
        ],
        "Content-Length": [
          "111"
        ]
      },
      "ResponseHeaders": {
        "Cache-Control": [
          "no-cache"
        ],
        "Pragma": [
          "no-cache"
        ],
        "Location": [
          "https://management.azure.com/subscriptions/0b1f6471-1bf0-4dda-aec3-cb9272f09590/providers/Microsoft.Storage/locations/eastus/asyncoperations/5db09d43-d9d5-4911-a771-3ef3d82aac3f?monitor=true&api-version=2017-10-01"
        ],
        "Retry-After": [
          "17"
        ],
        "x-ms-request-id": [
          "5db09d43-d9d5-4911-a771-3ef3d82aac3f"
        ],
        "Strict-Transport-Security": [
          "max-age=31536000; includeSubDomains"
        ],
        "Server": [
          "Microsoft-Azure-Storage-Resource-Provider/1.0,Microsoft-HTTPAPI/2.0 Microsoft-HTTPAPI/2.0"
        ],
        "x-ms-ratelimit-remaining-subscription-writes": [
          "1199"
        ],
        "x-ms-correlation-request-id": [
          "00f9134a-cb51-4987-b005-434ea3bb3042"
        ],
        "x-ms-routing-request-id": [
          "WESTUS2:20190301T203828Z:00f9134a-cb51-4987-b005-434ea3bb3042"
        ],
        "X-Content-Type-Options": [
          "nosniff"
        ],
        "Date": [
          "Fri, 01 Mar 2019 20:38:27 GMT"
        ],
        "Content-Type": [
          "text/plain; charset=utf-8"
        ],
        "Expires": [
          "-1"
        ],
        "Content-Length": [
          "0"
        ]
      },
      "ResponseBody": "",
      "StatusCode": 202
    },
    {
      "RequestUri": "/subscriptions/0b1f6471-1bf0-4dda-aec3-cb9272f09590/providers/Microsoft.Storage/locations/eastus/asyncoperations/4eef5ee4-46a4-429b-a251-1b33bb6e8db9?monitor=true&api-version=2017-10-01",
      "EncodedRequestUri": "L3N1YnNjcmlwdGlvbnMvMGIxZjY0NzEtMWJmMC00ZGRhLWFlYzMtY2I5MjcyZjA5NTkwL3Byb3ZpZGVycy9NaWNyb3NvZnQuU3RvcmFnZS9sb2NhdGlvbnMvZWFzdHVzL2FzeW5jb3BlcmF0aW9ucy80ZWVmNWVlNC00NmE0LTQyOWItYTI1MS0xYjMzYmI2ZThkYjk/bW9uaXRvcj10cnVlJmFwaS12ZXJzaW9uPTIwMTctMTAtMDE=",
      "RequestMethod": "GET",
      "RequestBody": "",
      "RequestHeaders": {
        "User-Agent": [
          "FxVersion/4.6.26725.06",
          "OSName/Windows",
          "OSVersion/Microsoft.Windows.10.0.17763.",
          "Microsoft.Azure.Management.Storage.Fluent.StorageManagementClient/1.19.0.0",
          "MacAddressHash/1706214d8731cf2405675fdf5fb8b4bf75f06e7a9bb34e8d93f8f4a5d61acc28"
        ]
      },
      "ResponseHeaders": {
        "Cache-Control": [
          "no-cache"
        ],
        "Pragma": [
          "no-cache"
        ],
        "x-ms-request-id": [
          "adc18260-7865-472a-b5ce-b9560f104f28"
        ],
        "Strict-Transport-Security": [
          "max-age=31536000; includeSubDomains"
        ],
        "Server": [
          "Microsoft-Azure-Storage-Resource-Provider/1.0,Microsoft-HTTPAPI/2.0 Microsoft-HTTPAPI/2.0"
        ],
        "x-ms-ratelimit-remaining-subscription-reads": [
          "11999"
        ],
        "x-ms-correlation-request-id": [
          "80ee2218-6209-4423-b0c7-6746139d8765"
        ],
        "x-ms-routing-request-id": [
          "WESTUS2:20190301T203844Z:80ee2218-6209-4423-b0c7-6746139d8765"
        ],
        "X-Content-Type-Options": [
          "nosniff"
        ],
        "Date": [
          "Fri, 01 Mar 2019 20:38:43 GMT"
        ],
        "Content-Length": [
          "1066"
        ],
        "Content-Type": [
          "application/json"
        ],
        "Expires": [
          "-1"
        ]
      },
      "ResponseBody": "{\r\n  \"sku\": {\r\n    \"name\": \"Standard_GRS\",\r\n    \"tier\": \"Standard\"\r\n  },\r\n  \"kind\": \"Storage\",\r\n  \"id\": \"/subscriptions/0b1f6471-1bf0-4dda-aec3-cb9272f09590/resourceGroups/javacsmrg6304/providers/Microsoft.Storage/storageAccounts/stg9396\",\r\n  \"name\": \"stg9396\",\r\n  \"type\": \"Microsoft.Storage/storageAccounts\",\r\n  \"location\": \"eastus\",\r\n  \"tags\": {},\r\n  \"properties\": {\r\n    \"networkAcls\": {\r\n      \"bypass\": \"AzureServices\",\r\n      \"virtualNetworkRules\": [],\r\n      \"ipRules\": [],\r\n      \"defaultAction\": \"Allow\"\r\n    },\r\n    \"supportsHttpsTrafficOnly\": false,\r\n    \"encryption\": {\r\n      \"services\": {\r\n        \"file\": {\r\n          \"enabled\": true,\r\n          \"lastEnabledTime\": \"2019-03-01T20:38:26.7380632Z\"\r\n        },\r\n        \"blob\": {\r\n          \"enabled\": true,\r\n          \"lastEnabledTime\": \"2019-03-01T20:38:26.7380632Z\"\r\n        }\r\n      },\r\n      \"keySource\": \"Microsoft.Storage\"\r\n    },\r\n    \"provisioningState\": \"Succeeded\",\r\n    \"creationTime\": \"2019-03-01T20:38:26.6443275Z\",\r\n    \"primaryEndpoints\": {\r\n      \"blob\": \"https://stg9396.blob.core.windows.net/\",\r\n      \"queue\": \"https://stg9396.queue.core.windows.net/\",\r\n      \"table\": \"https://stg9396.table.core.windows.net/\",\r\n      \"file\": \"https://stg9396.file.core.windows.net/\"\r\n    },\r\n    \"primaryLocation\": \"eastus\",\r\n    \"statusOfPrimary\": \"available\",\r\n    \"secondaryLocation\": \"westus\",\r\n    \"statusOfSecondary\": \"available\"\r\n  }\r\n}",
      "StatusCode": 200
    },
    {
      "RequestUri": "/subscriptions/0b1f6471-1bf0-4dda-aec3-cb9272f09590/resourceGroups/javacsmrg6304/providers/Microsoft.Storage/storageAccounts/stg9396?api-version=2017-10-01",
      "EncodedRequestUri": "L3N1YnNjcmlwdGlvbnMvMGIxZjY0NzEtMWJmMC00ZGRhLWFlYzMtY2I5MjcyZjA5NTkwL3Jlc291cmNlR3JvdXBzL2phdmFjc21yZzYzMDQvcHJvdmlkZXJzL01pY3Jvc29mdC5TdG9yYWdlL3N0b3JhZ2VBY2NvdW50cy9zdGc5Mzk2P2FwaS12ZXJzaW9uPTIwMTctMTAtMDE=",
      "RequestMethod": "GET",
      "RequestBody": "",
      "RequestHeaders": {
        "x-ms-client-request-id": [
          "55a89104-12d6-45ac-9927-db9b5e61fafb"
        ],
        "Accept-Language": [
          "en-US"
        ],
        "User-Agent": [
          "FxVersion/4.6.26725.06",
          "OSName/Windows",
          "OSVersion/Microsoft.Windows.10.0.17763.",
          "Microsoft.Azure.Management.Storage.Fluent.StorageManagementClient/1.19.0.0",
          "MacAddressHash/1706214d8731cf2405675fdf5fb8b4bf75f06e7a9bb34e8d93f8f4a5d61acc28"
        ]
      },
      "ResponseHeaders": {
        "Cache-Control": [
          "no-cache"
        ],
        "Pragma": [
          "no-cache"
        ],
        "x-ms-request-id": [
          "13413bb2-f9e9-47ab-a57f-2840d241c949"
        ],
        "Strict-Transport-Security": [
          "max-age=31536000; includeSubDomains"
        ],
        "Server": [
          "Microsoft-Azure-Storage-Resource-Provider/1.0,Microsoft-HTTPAPI/2.0 Microsoft-HTTPAPI/2.0"
        ],
        "x-ms-ratelimit-remaining-subscription-reads": [
          "11998"
        ],
        "x-ms-correlation-request-id": [
          "ec8f02dc-c452-40c5-9244-dbd2304ca548"
        ],
        "x-ms-routing-request-id": [
          "WESTUS2:20190301T203844Z:ec8f02dc-c452-40c5-9244-dbd2304ca548"
        ],
        "X-Content-Type-Options": [
          "nosniff"
        ],
        "Date": [
          "Fri, 01 Mar 2019 20:38:43 GMT"
        ],
        "Content-Length": [
          "1066"
        ],
        "Content-Type": [
          "application/json"
        ],
        "Expires": [
          "-1"
        ]
      },
      "ResponseBody": "{\r\n  \"sku\": {\r\n    \"name\": \"Standard_GRS\",\r\n    \"tier\": \"Standard\"\r\n  },\r\n  \"kind\": \"Storage\",\r\n  \"id\": \"/subscriptions/0b1f6471-1bf0-4dda-aec3-cb9272f09590/resourceGroups/javacsmrg6304/providers/Microsoft.Storage/storageAccounts/stg9396\",\r\n  \"name\": \"stg9396\",\r\n  \"type\": \"Microsoft.Storage/storageAccounts\",\r\n  \"location\": \"eastus\",\r\n  \"tags\": {},\r\n  \"properties\": {\r\n    \"networkAcls\": {\r\n      \"bypass\": \"AzureServices\",\r\n      \"virtualNetworkRules\": [],\r\n      \"ipRules\": [],\r\n      \"defaultAction\": \"Allow\"\r\n    },\r\n    \"supportsHttpsTrafficOnly\": false,\r\n    \"encryption\": {\r\n      \"services\": {\r\n        \"file\": {\r\n          \"enabled\": true,\r\n          \"lastEnabledTime\": \"2019-03-01T20:38:26.7380632Z\"\r\n        },\r\n        \"blob\": {\r\n          \"enabled\": true,\r\n          \"lastEnabledTime\": \"2019-03-01T20:38:26.7380632Z\"\r\n        }\r\n      },\r\n      \"keySource\": \"Microsoft.Storage\"\r\n    },\r\n    \"provisioningState\": \"Succeeded\",\r\n    \"creationTime\": \"2019-03-01T20:38:26.6443275Z\",\r\n    \"primaryEndpoints\": {\r\n      \"blob\": \"https://stg9396.blob.core.windows.net/\",\r\n      \"queue\": \"https://stg9396.queue.core.windows.net/\",\r\n      \"table\": \"https://stg9396.table.core.windows.net/\",\r\n      \"file\": \"https://stg9396.file.core.windows.net/\"\r\n    },\r\n    \"primaryLocation\": \"eastus\",\r\n    \"statusOfPrimary\": \"available\",\r\n    \"secondaryLocation\": \"westus\",\r\n    \"statusOfSecondary\": \"available\"\r\n  }\r\n}",
      "StatusCode": 200
    },
    {
      "RequestUri": "/subscriptions/0b1f6471-1bf0-4dda-aec3-cb9272f09590/providers/Microsoft.Storage/locations/eastus/asyncoperations/5db09d43-d9d5-4911-a771-3ef3d82aac3f?monitor=true&api-version=2017-10-01",
      "EncodedRequestUri": "L3N1YnNjcmlwdGlvbnMvMGIxZjY0NzEtMWJmMC00ZGRhLWFlYzMtY2I5MjcyZjA5NTkwL3Byb3ZpZGVycy9NaWNyb3NvZnQuU3RvcmFnZS9sb2NhdGlvbnMvZWFzdHVzL2FzeW5jb3BlcmF0aW9ucy81ZGIwOWQ0My1kOWQ1LTQ5MTEtYTc3MS0zZWYzZDgyYWFjM2Y/bW9uaXRvcj10cnVlJmFwaS12ZXJzaW9uPTIwMTctMTAtMDE=",
      "RequestMethod": "GET",
      "RequestBody": "",
      "RequestHeaders": {
        "User-Agent": [
          "FxVersion/4.6.26725.06",
          "OSName/Windows",
          "OSVersion/Microsoft.Windows.10.0.17763.",
          "Microsoft.Azure.Management.Storage.Fluent.StorageManagementClient/1.19.0.0",
          "MacAddressHash/1706214d8731cf2405675fdf5fb8b4bf75f06e7a9bb34e8d93f8f4a5d61acc28"
        ]
      },
      "ResponseHeaders": {
        "Cache-Control": [
          "no-cache"
        ],
        "Pragma": [
          "no-cache"
        ],
        "x-ms-request-id": [
          "3017fe09-9458-44bf-8bed-aa5ae1d5d6f0"
        ],
        "Strict-Transport-Security": [
          "max-age=31536000; includeSubDomains"
        ],
        "Server": [
          "Microsoft-Azure-Storage-Resource-Provider/1.0,Microsoft-HTTPAPI/2.0 Microsoft-HTTPAPI/2.0"
        ],
        "x-ms-ratelimit-remaining-subscription-reads": [
          "11997"
        ],
        "x-ms-correlation-request-id": [
          "f7eeaf86-e42e-4033-8917-68001ef61de5"
        ],
        "x-ms-routing-request-id": [
          "WESTUS2:20190301T203845Z:f7eeaf86-e42e-4033-8917-68001ef61de5"
        ],
        "X-Content-Type-Options": [
          "nosniff"
        ],
        "Date": [
          "Fri, 01 Mar 2019 20:38:44 GMT"
        ],
        "Content-Length": [
          "1072"
        ],
        "Content-Type": [
          "application/json"
        ],
        "Expires": [
          "-1"
        ]
      },
      "ResponseBody": "{\r\n  \"sku\": {\r\n    \"name\": \"Standard_GRS\",\r\n    \"tier\": \"Standard\"\r\n  },\r\n  \"kind\": \"Storage\",\r\n  \"id\": \"/subscriptions/0b1f6471-1bf0-4dda-aec3-cb9272f09590/resourceGroups/javacsmrg6304/providers/Microsoft.Storage/storageAccounts/stg25403\",\r\n  \"name\": \"stg25403\",\r\n  \"type\": \"Microsoft.Storage/storageAccounts\",\r\n  \"location\": \"eastus\",\r\n  \"tags\": {},\r\n  \"properties\": {\r\n    \"networkAcls\": {\r\n      \"bypass\": \"AzureServices\",\r\n      \"virtualNetworkRules\": [],\r\n      \"ipRules\": [],\r\n      \"defaultAction\": \"Allow\"\r\n    },\r\n    \"supportsHttpsTrafficOnly\": false,\r\n    \"encryption\": {\r\n      \"services\": {\r\n        \"file\": {\r\n          \"enabled\": true,\r\n          \"lastEnabledTime\": \"2019-03-01T20:38:27.6912093Z\"\r\n        },\r\n        \"blob\": {\r\n          \"enabled\": true,\r\n          \"lastEnabledTime\": \"2019-03-01T20:38:27.6912093Z\"\r\n        }\r\n      },\r\n      \"keySource\": \"Microsoft.Storage\"\r\n    },\r\n    \"provisioningState\": \"Succeeded\",\r\n    \"creationTime\": \"2019-03-01T20:38:27.5974324Z\",\r\n    \"primaryEndpoints\": {\r\n      \"blob\": \"https://stg25403.blob.core.windows.net/\",\r\n      \"queue\": \"https://stg25403.queue.core.windows.net/\",\r\n      \"table\": \"https://stg25403.table.core.windows.net/\",\r\n      \"file\": \"https://stg25403.file.core.windows.net/\"\r\n    },\r\n    \"primaryLocation\": \"eastus\",\r\n    \"statusOfPrimary\": \"available\",\r\n    \"secondaryLocation\": \"westus\",\r\n    \"statusOfSecondary\": \"available\"\r\n  }\r\n}",
      "StatusCode": 200
    },
    {
      "RequestUri": "/subscriptions/0b1f6471-1bf0-4dda-aec3-cb9272f09590/resourceGroups/javacsmrg6304/providers/Microsoft.Storage/storageAccounts/stg25403?api-version=2017-10-01",
      "EncodedRequestUri": "L3N1YnNjcmlwdGlvbnMvMGIxZjY0NzEtMWJmMC00ZGRhLWFlYzMtY2I5MjcyZjA5NTkwL3Jlc291cmNlR3JvdXBzL2phdmFjc21yZzYzMDQvcHJvdmlkZXJzL01pY3Jvc29mdC5TdG9yYWdlL3N0b3JhZ2VBY2NvdW50cy9zdGcyNTQwMz9hcGktdmVyc2lvbj0yMDE3LTEwLTAx",
      "RequestMethod": "GET",
      "RequestBody": "",
      "RequestHeaders": {
        "x-ms-client-request-id": [
          "097aebf6-b10f-4d22-a73b-381819e845ce"
        ],
        "Accept-Language": [
          "en-US"
        ],
        "User-Agent": [
          "FxVersion/4.6.26725.06",
          "OSName/Windows",
          "OSVersion/Microsoft.Windows.10.0.17763.",
          "Microsoft.Azure.Management.Storage.Fluent.StorageManagementClient/1.19.0.0",
          "MacAddressHash/1706214d8731cf2405675fdf5fb8b4bf75f06e7a9bb34e8d93f8f4a5d61acc28"
        ]
      },
      "ResponseHeaders": {
        "Cache-Control": [
          "no-cache"
        ],
        "Pragma": [
          "no-cache"
        ],
        "x-ms-request-id": [
          "a19b463c-ca1c-424b-80fa-c4f2007eae44"
        ],
        "Strict-Transport-Security": [
          "max-age=31536000; includeSubDomains"
        ],
        "Server": [
          "Microsoft-Azure-Storage-Resource-Provider/1.0,Microsoft-HTTPAPI/2.0 Microsoft-HTTPAPI/2.0"
        ],
        "x-ms-ratelimit-remaining-subscription-reads": [
          "11996"
        ],
        "x-ms-correlation-request-id": [
          "be28d62b-b156-4bae-9c0a-ab0ac4e5dfb2"
        ],
        "x-ms-routing-request-id": [
          "WESTUS2:20190301T203845Z:be28d62b-b156-4bae-9c0a-ab0ac4e5dfb2"
        ],
        "X-Content-Type-Options": [
          "nosniff"
        ],
        "Date": [
          "Fri, 01 Mar 2019 20:38:44 GMT"
        ],
        "Content-Length": [
          "1072"
        ],
        "Content-Type": [
          "application/json"
        ],
        "Expires": [
          "-1"
        ]
      },
      "ResponseBody": "{\r\n  \"sku\": {\r\n    \"name\": \"Standard_GRS\",\r\n    \"tier\": \"Standard\"\r\n  },\r\n  \"kind\": \"Storage\",\r\n  \"id\": \"/subscriptions/0b1f6471-1bf0-4dda-aec3-cb9272f09590/resourceGroups/javacsmrg6304/providers/Microsoft.Storage/storageAccounts/stg25403\",\r\n  \"name\": \"stg25403\",\r\n  \"type\": \"Microsoft.Storage/storageAccounts\",\r\n  \"location\": \"eastus\",\r\n  \"tags\": {},\r\n  \"properties\": {\r\n    \"networkAcls\": {\r\n      \"bypass\": \"AzureServices\",\r\n      \"virtualNetworkRules\": [],\r\n      \"ipRules\": [],\r\n      \"defaultAction\": \"Allow\"\r\n    },\r\n    \"supportsHttpsTrafficOnly\": false,\r\n    \"encryption\": {\r\n      \"services\": {\r\n        \"file\": {\r\n          \"enabled\": true,\r\n          \"lastEnabledTime\": \"2019-03-01T20:38:27.6912093Z\"\r\n        },\r\n        \"blob\": {\r\n          \"enabled\": true,\r\n          \"lastEnabledTime\": \"2019-03-01T20:38:27.6912093Z\"\r\n        }\r\n      },\r\n      \"keySource\": \"Microsoft.Storage\"\r\n    },\r\n    \"provisioningState\": \"Succeeded\",\r\n    \"creationTime\": \"2019-03-01T20:38:27.5974324Z\",\r\n    \"primaryEndpoints\": {\r\n      \"blob\": \"https://stg25403.blob.core.windows.net/\",\r\n      \"queue\": \"https://stg25403.queue.core.windows.net/\",\r\n      \"table\": \"https://stg25403.table.core.windows.net/\",\r\n      \"file\": \"https://stg25403.file.core.windows.net/\"\r\n    },\r\n    \"primaryLocation\": \"eastus\",\r\n    \"statusOfPrimary\": \"available\",\r\n    \"secondaryLocation\": \"westus\",\r\n    \"statusOfSecondary\": \"available\"\r\n  }\r\n}",
      "StatusCode": 200
    },
    {
      "RequestUri": "/subscriptions/0b1f6471-1bf0-4dda-aec3-cb9272f09590/resourceGroups/javacsmrg6304/providers/Microsoft.Compute/virtualMachineScaleSets/vmss6618?api-version=2018-10-01",
      "EncodedRequestUri": "L3N1YnNjcmlwdGlvbnMvMGIxZjY0NzEtMWJmMC00ZGRhLWFlYzMtY2I5MjcyZjA5NTkwL3Jlc291cmNlR3JvdXBzL2phdmFjc21yZzYzMDQvcHJvdmlkZXJzL01pY3Jvc29mdC5Db21wdXRlL3ZpcnR1YWxNYWNoaW5lU2NhbGVTZXRzL3Ztc3M2NjE4P2FwaS12ZXJzaW9uPTIwMTgtMTAtMDE=",
      "RequestMethod": "PUT",
      "RequestBody": "{\r\n  \"sku\": {\r\n    \"name\": \"Standard_A0\",\r\n    \"tier\": \"Standard\",\r\n    \"capacity\": 2\r\n  },\r\n  \"properties\": {\r\n    \"upgradePolicy\": {\r\n      \"mode\": \"Automatic\"\r\n    },\r\n    \"virtualMachineProfile\": {\r\n      \"osProfile\": {\r\n        \"computerNamePrefix\": \"vmss6618-vm\",\r\n        \"adminUsername\": \"jvuser\",\r\n        \"adminPassword\": \"123OData!@#123\",\r\n        \"linuxConfiguration\": {\r\n          \"disablePasswordAuthentication\": false\r\n        }\r\n      },\r\n      \"storageProfile\": {\r\n        \"imageReference\": {\r\n          \"publisher\": \"Canonical\",\r\n          \"offer\": \"UbuntuServer\",\r\n          \"sku\": \"16.04.0-LTS\",\r\n          \"version\": \"latest\"\r\n        },\r\n        \"osDisk\": {\r\n          \"name\": \"vmss6618-os-disk\",\r\n          \"caching\": \"ReadWrite\",\r\n          \"createOption\": \"FromImage\",\r\n          \"vhdContainers\": [\r\n            \"https://stg9396.blob.core.windows.net/vhds\",\r\n            \"https://stg25403.blob.core.windows.net/vhds\"\r\n          ]\r\n        }\r\n      },\r\n      \"networkProfile\": {\r\n        \"networkInterfaceConfigurations\": [\r\n          {\r\n            \"name\": \"primary-nic-cfg\",\r\n            \"properties\": {\r\n              \"primary\": true,\r\n              \"ipConfigurations\": [\r\n                {\r\n                  \"name\": \"primary-nic-ip-cfg\",\r\n                  \"properties\": {\r\n                    \"subnet\": {\r\n                      \"id\": \"/subscriptions/0b1f6471-1bf0-4dda-aec3-cb9272f09590/resourceGroups/javacsmrg6304/providers/Microsoft.Network/virtualNetworks/vmssvnet6717/subnets/subnet1\"\r\n                    },\r\n                    \"loadBalancerBackendAddressPools\": [\r\n                      {\r\n                        \"id\": \"/subscriptions/0b1f6471-1bf0-4dda-aec3-cb9272f09590/resourceGroups/javacsmrg6304/providers/Microsoft.Network/loadBalancers/extlb1-1556/backendAddressPools/extlb1-1556-BAP1\"\r\n                      }\r\n                    ],\r\n                    \"loadBalancerInboundNatPools\": [\r\n                      {\r\n                        \"id\": \"/subscriptions/0b1f6471-1bf0-4dda-aec3-cb9272f09590/resourceGroups/javacsmrg6304/providers/Microsoft.Network/loadBalancers/extlb1-1556/inboundNatPools/extlb1-1556-INP1\"\r\n                      }\r\n                    ]\r\n                  }\r\n                }\r\n              ]\r\n            }\r\n          }\r\n        ]\r\n      },\r\n      \"extensionProfile\": {\r\n        \"extensions\": [\r\n          {\r\n            \"name\": \"CustomScriptForLinux\",\r\n            \"properties\": {\r\n              \"publisher\": \"Microsoft.OSTCExtensions\",\r\n              \"type\": \"CustomScriptForLinux\",\r\n              \"typeHandlerVersion\": \"1.4\",\r\n              \"autoUpgradeMinorVersion\": true,\r\n              \"settings\": {\r\n                \"fileUris\": [\r\n                  \"https://raw.githubusercontent.com/Azure/azure-libraries-for-net/master/Tests/Fluent.Tests/Assets/install_apache.sh\"\r\n                ],\r\n                \"commandToExecute\": \"bash install_apache.sh\"\r\n              }\r\n            }\r\n          }\r\n        ]\r\n      }\r\n    }\r\n  },\r\n  \"location\": \"eastus\",\r\n  \"tags\": {}\r\n}",
      "RequestHeaders": {
        "x-ms-client-request-id": [
          "e3406936-705d-4c73-bdaa-d3fdebedb20b"
        ],
        "Accept-Language": [
          "en-US"
        ],
        "User-Agent": [
          "FxVersion/4.6.26725.06",
          "OSName/Windows",
          "OSVersion/Microsoft.Windows.10.0.17763.",
          "Microsoft.Azure.Management.Compute.Fluent.ComputeManagementClient/1.19.0.0",
          "MacAddressHash/1706214d8731cf2405675fdf5fb8b4bf75f06e7a9bb34e8d93f8f4a5d61acc28"
        ],
        "Content-Type": [
          "application/json; charset=utf-8"
        ],
        "Content-Length": [
          "3048"
        ]
      },
      "ResponseHeaders": {
        "Cache-Control": [
          "no-cache"
        ],
        "Pragma": [
          "no-cache"
        ],
        "Retry-After": [
          "10"
        ],
        "Azure-AsyncOperation": [
          "https://management.azure.com/subscriptions/0b1f6471-1bf0-4dda-aec3-cb9272f09590/providers/Microsoft.Compute/locations/eastus/operations/aca1858d-d9d3-4032-84ca-baf9cbe51484?api-version=2018-10-01"
        ],
        "Azure-AsyncNotification": [
          "Enabled"
        ],
        "x-ms-ratelimit-remaining-resource": [
          "Microsoft.Compute/CreateVMScaleSet3Min;122,Microsoft.Compute/CreateVMScaleSet30Min;614,Microsoft.Compute/VMScaleSetBatchedVMRequests5Min;3707,Microsoft.Compute/VmssQueuedVMOperations;4796"
        ],
        "x-ms-request-charge": [
          "4"
        ],
        "Strict-Transport-Security": [
          "max-age=31536000; includeSubDomains"
        ],
        "x-ms-request-id": [
          "aca1858d-d9d3-4032-84ca-baf9cbe51484"
        ],
        "Server": [
          "Microsoft-HTTPAPI/2.0",
          "Microsoft-HTTPAPI/2.0"
        ],
        "x-ms-ratelimit-remaining-subscription-writes": [
          "1198"
        ],
        "x-ms-correlation-request-id": [
          "008ad244-46bc-4f10-9d58-1ccada3f8f96"
        ],
        "x-ms-routing-request-id": [
          "WESTUS2:20190301T203846Z:008ad244-46bc-4f10-9d58-1ccada3f8f96"
        ],
        "X-Content-Type-Options": [
          "nosniff"
        ],
        "Date": [
          "Fri, 01 Mar 2019 20:38:46 GMT"
        ],
        "Content-Length": [
          "3026"
        ],
        "Content-Type": [
          "application/json; charset=utf-8"
        ],
        "Expires": [
          "-1"
        ]
      },
      "ResponseBody": "{\r\n  \"sku\": {\r\n    \"name\": \"Standard_A0\",\r\n    \"tier\": \"Standard\",\r\n    \"capacity\": 2\r\n  },\r\n  \"properties\": {\r\n    \"singlePlacementGroup\": true,\r\n    \"upgradePolicy\": {\r\n      \"mode\": \"Automatic\"\r\n    },\r\n    \"virtualMachineProfile\": {\r\n      \"osProfile\": {\r\n        \"computerNamePrefix\": \"vmss6618-vm\",\r\n        \"adminUsername\": \"jvuser\",\r\n        \"linuxConfiguration\": {\r\n          \"disablePasswordAuthentication\": false,\r\n          \"provisionVMAgent\": true\r\n        },\r\n        \"secrets\": [],\r\n        \"allowExtensionOperations\": true,\r\n        \"requireGuestProvisionSignal\": true\r\n      },\r\n      \"storageProfile\": {\r\n        \"osDisk\": {\r\n          \"vhdContainers\": [\r\n            \"https://stg9396.blob.core.windows.net/vhds\",\r\n            \"https://stg25403.blob.core.windows.net/vhds\"\r\n          ],\r\n          \"name\": \"vmss6618-os-disk\",\r\n          \"createOption\": \"FromImage\",\r\n          \"caching\": \"ReadWrite\"\r\n        },\r\n        \"imageReference\": {\r\n          \"publisher\": \"Canonical\",\r\n          \"offer\": \"UbuntuServer\",\r\n          \"sku\": \"16.04.0-LTS\",\r\n          \"version\": \"latest\"\r\n        }\r\n      },\r\n      \"networkProfile\": {\r\n        \"networkInterfaceConfigurations\": [\r\n          {\r\n            \"name\": \"primary-nic-cfg\",\r\n            \"properties\": {\r\n              \"primary\": true,\r\n              \"enableAcceleratedNetworking\": false,\r\n              \"dnsSettings\": {\r\n                \"dnsServers\": []\r\n              },\r\n              \"enableIPForwarding\": false,\r\n              \"ipConfigurations\": [\r\n                {\r\n                  \"name\": \"primary-nic-ip-cfg\",\r\n                  \"properties\": {\r\n                    \"subnet\": {\r\n                      \"id\": \"/subscriptions/0b1f6471-1bf0-4dda-aec3-cb9272f09590/resourceGroups/javacsmrg6304/providers/Microsoft.Network/virtualNetworks/vmssvnet6717/subnets/subnet1\"\r\n                    },\r\n                    \"privateIPAddressVersion\": \"IPv4\",\r\n                    \"loadBalancerBackendAddressPools\": [\r\n                      {\r\n                        \"id\": \"/subscriptions/0b1f6471-1bf0-4dda-aec3-cb9272f09590/resourceGroups/javacsmrg6304/providers/Microsoft.Network/loadBalancers/extlb1-1556/backendAddressPools/extlb1-1556-BAP1\"\r\n                      }\r\n                    ],\r\n                    \"loadBalancerInboundNatPools\": [\r\n                      {\r\n                        \"id\": \"/subscriptions/0b1f6471-1bf0-4dda-aec3-cb9272f09590/resourceGroups/javacsmrg6304/providers/Microsoft.Network/loadBalancers/extlb1-1556/inboundNatPools/extlb1-1556-INP1\"\r\n                      }\r\n                    ]\r\n                  }\r\n                }\r\n              ]\r\n            }\r\n          }\r\n        ]\r\n      },\r\n      \"extensionProfile\": {\r\n        \"extensions\": [\r\n          {\r\n            \"properties\": {\r\n              \"autoUpgradeMinorVersion\": true,\r\n              \"settings\": {\r\n                \"fileUris\": [\r\n                  \"https://raw.githubusercontent.com/Azure/azure-libraries-for-net/master/Tests/Fluent.Tests/Assets/install_apache.sh\"\r\n                ],\r\n                \"commandToExecute\": \"bash install_apache.sh\"\r\n              },\r\n              \"publisher\": \"Microsoft.OSTCExtensions\",\r\n              \"type\": \"CustomScriptForLinux\",\r\n              \"typeHandlerVersion\": \"1.4\"\r\n            },\r\n            \"name\": \"CustomScriptForLinux\"\r\n          }\r\n        ]\r\n      }\r\n    },\r\n    \"provisioningState\": \"Creating\",\r\n    \"overprovision\": true,\r\n    \"uniqueId\": \"057432a4-95c3-4a9b-9a00-950ccc7cff5e\"\r\n  },\r\n  \"type\": \"Microsoft.Compute/virtualMachineScaleSets\",\r\n  \"location\": \"eastus\",\r\n  \"tags\": {},\r\n  \"id\": \"/subscriptions/0b1f6471-1bf0-4dda-aec3-cb9272f09590/resourceGroups/javacsmrg6304/providers/Microsoft.Compute/virtualMachineScaleSets/vmss6618\",\r\n  \"name\": \"vmss6618\"\r\n}",
      "StatusCode": 201
    },
    {
      "RequestUri": "/subscriptions/0b1f6471-1bf0-4dda-aec3-cb9272f09590/providers/Microsoft.Compute/locations/eastus/operations/aca1858d-d9d3-4032-84ca-baf9cbe51484?api-version=2018-10-01",
      "EncodedRequestUri": "L3N1YnNjcmlwdGlvbnMvMGIxZjY0NzEtMWJmMC00ZGRhLWFlYzMtY2I5MjcyZjA5NTkwL3Byb3ZpZGVycy9NaWNyb3NvZnQuQ29tcHV0ZS9sb2NhdGlvbnMvZWFzdHVzL29wZXJhdGlvbnMvYWNhMTg1OGQtZDlkMy00MDMyLTg0Y2EtYmFmOWNiZTUxNDg0P2FwaS12ZXJzaW9uPTIwMTgtMTAtMDE=",
      "RequestMethod": "GET",
      "RequestBody": "",
      "RequestHeaders": {
        "User-Agent": [
          "FxVersion/4.6.26725.06",
          "OSName/Windows",
          "OSVersion/Microsoft.Windows.10.0.17763.",
          "Microsoft.Azure.Management.Compute.Fluent.ComputeManagementClient/1.19.0.0",
          "MacAddressHash/1706214d8731cf2405675fdf5fb8b4bf75f06e7a9bb34e8d93f8f4a5d61acc28"
        ]
      },
      "ResponseHeaders": {
        "Cache-Control": [
          "no-cache"
        ],
        "Pragma": [
          "no-cache"
        ],
        "Retry-After": [
          "61"
        ],
        "x-ms-ratelimit-remaining-resource": [
          "Microsoft.Compute/GetOperation3Min;14993,Microsoft.Compute/GetOperation30Min;29933"
        ],
        "Strict-Transport-Security": [
          "max-age=31536000; includeSubDomains"
        ],
        "x-ms-request-id": [
          "044854e0-c5e6-44f0-a6f7-821c3dc98dea"
        ],
        "Server": [
          "Microsoft-HTTPAPI/2.0",
          "Microsoft-HTTPAPI/2.0"
        ],
        "x-ms-ratelimit-remaining-subscription-reads": [
          "11995"
        ],
        "x-ms-correlation-request-id": [
          "29ae94e1-4645-4a5c-a482-3288b6778a30"
        ],
        "x-ms-routing-request-id": [
          "WESTUS2:20190301T203856Z:29ae94e1-4645-4a5c-a482-3288b6778a30"
        ],
        "X-Content-Type-Options": [
          "nosniff"
        ],
        "Date": [
          "Fri, 01 Mar 2019 20:38:56 GMT"
        ],
        "Content-Length": [
          "134"
        ],
        "Content-Type": [
          "application/json; charset=utf-8"
        ],
        "Expires": [
          "-1"
        ]
      },
      "ResponseBody": "{\r\n  \"startTime\": \"2019-03-01T12:38:46.0898368-08:00\",\r\n  \"status\": \"InProgress\",\r\n  \"name\": \"aca1858d-d9d3-4032-84ca-baf9cbe51484\"\r\n}",
      "StatusCode": 200
    },
    {
      "RequestUri": "/subscriptions/0b1f6471-1bf0-4dda-aec3-cb9272f09590/providers/Microsoft.Compute/locations/eastus/operations/aca1858d-d9d3-4032-84ca-baf9cbe51484?api-version=2018-10-01",
      "EncodedRequestUri": "L3N1YnNjcmlwdGlvbnMvMGIxZjY0NzEtMWJmMC00ZGRhLWFlYzMtY2I5MjcyZjA5NTkwL3Byb3ZpZGVycy9NaWNyb3NvZnQuQ29tcHV0ZS9sb2NhdGlvbnMvZWFzdHVzL29wZXJhdGlvbnMvYWNhMTg1OGQtZDlkMy00MDMyLTg0Y2EtYmFmOWNiZTUxNDg0P2FwaS12ZXJzaW9uPTIwMTgtMTAtMDE=",
      "RequestMethod": "GET",
      "RequestBody": "",
      "RequestHeaders": {
        "User-Agent": [
          "FxVersion/4.6.26725.06",
          "OSName/Windows",
          "OSVersion/Microsoft.Windows.10.0.17763.",
          "Microsoft.Azure.Management.Compute.Fluent.ComputeManagementClient/1.19.0.0",
          "MacAddressHash/1706214d8731cf2405675fdf5fb8b4bf75f06e7a9bb34e8d93f8f4a5d61acc28"
        ]
      },
      "ResponseHeaders": {
        "Cache-Control": [
          "no-cache"
        ],
        "Pragma": [
          "no-cache"
        ],
        "x-ms-ratelimit-remaining-resource": [
          "Microsoft.Compute/GetOperation3Min;14991,Microsoft.Compute/GetOperation30Min;29930"
        ],
        "Strict-Transport-Security": [
          "max-age=31536000; includeSubDomains"
        ],
        "x-ms-request-id": [
          "47eb448d-c5ef-4553-a9e1-ef6374f4d284"
        ],
        "Server": [
          "Microsoft-HTTPAPI/2.0",
          "Microsoft-HTTPAPI/2.0"
        ],
        "x-ms-ratelimit-remaining-subscription-reads": [
          "11994"
        ],
        "x-ms-correlation-request-id": [
          "b69cbb08-9406-40d7-88dd-89ab45e227a8"
        ],
        "x-ms-routing-request-id": [
          "WESTUS2:20190301T203958Z:b69cbb08-9406-40d7-88dd-89ab45e227a8"
        ],
        "X-Content-Type-Options": [
          "nosniff"
        ],
        "Date": [
          "Fri, 01 Mar 2019 20:39:57 GMT"
        ],
        "Content-Length": [
          "134"
        ],
        "Content-Type": [
          "application/json; charset=utf-8"
        ],
        "Expires": [
          "-1"
        ]
      },
      "ResponseBody": "{\r\n  \"startTime\": \"2019-03-01T12:38:46.0898368-08:00\",\r\n  \"status\": \"InProgress\",\r\n  \"name\": \"aca1858d-d9d3-4032-84ca-baf9cbe51484\"\r\n}",
      "StatusCode": 200
    },
    {
      "RequestUri": "/subscriptions/0b1f6471-1bf0-4dda-aec3-cb9272f09590/providers/Microsoft.Compute/locations/eastus/operations/aca1858d-d9d3-4032-84ca-baf9cbe51484?api-version=2018-10-01",
      "EncodedRequestUri": "L3N1YnNjcmlwdGlvbnMvMGIxZjY0NzEtMWJmMC00ZGRhLWFlYzMtY2I5MjcyZjA5NTkwL3Byb3ZpZGVycy9NaWNyb3NvZnQuQ29tcHV0ZS9sb2NhdGlvbnMvZWFzdHVzL29wZXJhdGlvbnMvYWNhMTg1OGQtZDlkMy00MDMyLTg0Y2EtYmFmOWNiZTUxNDg0P2FwaS12ZXJzaW9uPTIwMTgtMTAtMDE=",
      "RequestMethod": "GET",
      "RequestBody": "",
      "RequestHeaders": {
        "User-Agent": [
          "FxVersion/4.6.26725.06",
          "OSName/Windows",
          "OSVersion/Microsoft.Windows.10.0.17763.",
          "Microsoft.Azure.Management.Compute.Fluent.ComputeManagementClient/1.19.0.0",
          "MacAddressHash/1706214d8731cf2405675fdf5fb8b4bf75f06e7a9bb34e8d93f8f4a5d61acc28"
        ]
      },
      "ResponseHeaders": {
        "Cache-Control": [
          "no-cache"
        ],
        "Pragma": [
          "no-cache"
        ],
        "x-ms-ratelimit-remaining-resource": [
          "Microsoft.Compute/GetOperation3Min;14992,Microsoft.Compute/GetOperation30Min;29939"
        ],
        "Strict-Transport-Security": [
          "max-age=31536000; includeSubDomains"
        ],
        "x-ms-request-id": [
          "677d935a-e7c1-4743-8320-36e540dc81aa"
        ],
        "Server": [
          "Microsoft-HTTPAPI/2.0",
          "Microsoft-HTTPAPI/2.0"
        ],
        "x-ms-ratelimit-remaining-subscription-reads": [
          "11993"
        ],
        "x-ms-correlation-request-id": [
          "970494da-b126-424f-bbd2-2f10915e6a74"
        ],
        "x-ms-routing-request-id": [
          "WESTUS2:20190301T204059Z:970494da-b126-424f-bbd2-2f10915e6a74"
        ],
        "X-Content-Type-Options": [
          "nosniff"
        ],
        "Date": [
          "Fri, 01 Mar 2019 20:40:59 GMT"
        ],
        "Content-Length": [
          "134"
        ],
        "Content-Type": [
          "application/json; charset=utf-8"
        ],
        "Expires": [
          "-1"
        ]
      },
      "ResponseBody": "{\r\n  \"startTime\": \"2019-03-01T12:38:46.0898368-08:00\",\r\n  \"status\": \"InProgress\",\r\n  \"name\": \"aca1858d-d9d3-4032-84ca-baf9cbe51484\"\r\n}",
      "StatusCode": 200
    },
    {
      "RequestUri": "/subscriptions/0b1f6471-1bf0-4dda-aec3-cb9272f09590/providers/Microsoft.Compute/locations/eastus/operations/aca1858d-d9d3-4032-84ca-baf9cbe51484?api-version=2018-10-01",
      "EncodedRequestUri": "L3N1YnNjcmlwdGlvbnMvMGIxZjY0NzEtMWJmMC00ZGRhLWFlYzMtY2I5MjcyZjA5NTkwL3Byb3ZpZGVycy9NaWNyb3NvZnQuQ29tcHV0ZS9sb2NhdGlvbnMvZWFzdHVzL29wZXJhdGlvbnMvYWNhMTg1OGQtZDlkMy00MDMyLTg0Y2EtYmFmOWNiZTUxNDg0P2FwaS12ZXJzaW9uPTIwMTgtMTAtMDE=",
      "RequestMethod": "GET",
      "RequestBody": "",
      "RequestHeaders": {
        "User-Agent": [
          "FxVersion/4.6.26725.06",
          "OSName/Windows",
          "OSVersion/Microsoft.Windows.10.0.17763.",
          "Microsoft.Azure.Management.Compute.Fluent.ComputeManagementClient/1.19.0.0",
          "MacAddressHash/1706214d8731cf2405675fdf5fb8b4bf75f06e7a9bb34e8d93f8f4a5d61acc28"
        ]
      },
      "ResponseHeaders": {
        "Cache-Control": [
          "no-cache"
        ],
        "Pragma": [
          "no-cache"
        ],
        "x-ms-ratelimit-remaining-resource": [
          "Microsoft.Compute/GetOperation3Min;14990,Microsoft.Compute/GetOperation30Min;29933"
        ],
        "Strict-Transport-Security": [
          "max-age=31536000; includeSubDomains"
        ],
        "x-ms-request-id": [
          "661b2bf3-ac83-43e5-8a58-20a27fb0d3b4"
        ],
        "x-ms-ratelimit-remaining-subscription-reads": [
          "11992"
        ],
        "Server": [
          "Microsoft-HTTPAPI/2.0",
          "Microsoft-HTTPAPI/2.0"
        ],
        "x-ms-correlation-request-id": [
          "289da60d-8c8a-4277-b4a5-572aec3659e9"
        ],
        "x-ms-routing-request-id": [
          "WESTUS2:20190301T204200Z:289da60d-8c8a-4277-b4a5-572aec3659e9"
        ],
        "X-Content-Type-Options": [
          "nosniff"
        ],
        "Date": [
          "Fri, 01 Mar 2019 20:41:59 GMT"
        ],
        "Content-Length": [
          "134"
        ],
        "Content-Type": [
          "application/json; charset=utf-8"
        ],
        "Expires": [
          "-1"
        ]
      },
      "ResponseBody": "{\r\n  \"startTime\": \"2019-03-01T12:38:46.0898368-08:00\",\r\n  \"status\": \"InProgress\",\r\n  \"name\": \"aca1858d-d9d3-4032-84ca-baf9cbe51484\"\r\n}",
      "StatusCode": 200
    },
    {
      "RequestUri": "/subscriptions/0b1f6471-1bf0-4dda-aec3-cb9272f09590/providers/Microsoft.Compute/locations/eastus/operations/aca1858d-d9d3-4032-84ca-baf9cbe51484?api-version=2018-10-01",
      "EncodedRequestUri": "L3N1YnNjcmlwdGlvbnMvMGIxZjY0NzEtMWJmMC00ZGRhLWFlYzMtY2I5MjcyZjA5NTkwL3Byb3ZpZGVycy9NaWNyb3NvZnQuQ29tcHV0ZS9sb2NhdGlvbnMvZWFzdHVzL29wZXJhdGlvbnMvYWNhMTg1OGQtZDlkMy00MDMyLTg0Y2EtYmFmOWNiZTUxNDg0P2FwaS12ZXJzaW9uPTIwMTgtMTAtMDE=",
      "RequestMethod": "GET",
      "RequestBody": "",
      "RequestHeaders": {
        "User-Agent": [
          "FxVersion/4.6.26725.06",
          "OSName/Windows",
          "OSVersion/Microsoft.Windows.10.0.17763.",
          "Microsoft.Azure.Management.Compute.Fluent.ComputeManagementClient/1.19.0.0",
          "MacAddressHash/1706214d8731cf2405675fdf5fb8b4bf75f06e7a9bb34e8d93f8f4a5d61acc28"
        ]
      },
      "ResponseHeaders": {
        "Cache-Control": [
          "no-cache"
        ],
        "Pragma": [
          "no-cache"
        ],
        "x-ms-ratelimit-remaining-resource": [
          "Microsoft.Compute/GetOperation3Min;14987,Microsoft.Compute/GetOperation30Min;29929"
        ],
        "Strict-Transport-Security": [
          "max-age=31536000; includeSubDomains"
        ],
        "x-ms-request-id": [
          "2cd13a8c-d868-45d9-8f2c-879710d02711"
        ],
        "Server": [
          "Microsoft-HTTPAPI/2.0",
          "Microsoft-HTTPAPI/2.0"
        ],
        "x-ms-ratelimit-remaining-subscription-reads": [
          "11991"
        ],
        "x-ms-correlation-request-id": [
          "4909de5b-1f70-4797-ba71-d1ca6589fe33"
        ],
        "x-ms-routing-request-id": [
          "WESTUS2:20190301T204301Z:4909de5b-1f70-4797-ba71-d1ca6589fe33"
        ],
        "X-Content-Type-Options": [
          "nosniff"
        ],
        "Date": [
          "Fri, 01 Mar 2019 20:43:00 GMT"
        ],
        "Content-Length": [
          "183"
        ],
        "Content-Type": [
          "application/json; charset=utf-8"
        ],
        "Expires": [
          "-1"
        ]
      },
      "ResponseBody": "{\r\n  \"startTime\": \"2019-03-01T12:38:46.0898368-08:00\",\r\n  \"endTime\": \"2019-03-01T12:42:37.342612-08:00\",\r\n  \"status\": \"Succeeded\",\r\n  \"name\": \"aca1858d-d9d3-4032-84ca-baf9cbe51484\"\r\n}",
      "StatusCode": 200
    },
    {
      "RequestUri": "/subscriptions/0b1f6471-1bf0-4dda-aec3-cb9272f09590/resourceGroups/javacsmrg6304/providers/Microsoft.Compute/virtualMachineScaleSets/vmss6618?api-version=2018-10-01",
      "EncodedRequestUri": "L3N1YnNjcmlwdGlvbnMvMGIxZjY0NzEtMWJmMC00ZGRhLWFlYzMtY2I5MjcyZjA5NTkwL3Jlc291cmNlR3JvdXBzL2phdmFjc21yZzYzMDQvcHJvdmlkZXJzL01pY3Jvc29mdC5Db21wdXRlL3ZpcnR1YWxNYWNoaW5lU2NhbGVTZXRzL3Ztc3M2NjE4P2FwaS12ZXJzaW9uPTIwMTgtMTAtMDE=",
      "RequestMethod": "GET",
      "RequestBody": "",
      "RequestHeaders": {
        "User-Agent": [
          "FxVersion/4.6.26725.06",
          "OSName/Windows",
          "OSVersion/Microsoft.Windows.10.0.17763.",
          "Microsoft.Azure.Management.Compute.Fluent.ComputeManagementClient/1.19.0.0",
          "MacAddressHash/1706214d8731cf2405675fdf5fb8b4bf75f06e7a9bb34e8d93f8f4a5d61acc28"
        ]
      },
      "ResponseHeaders": {
        "Cache-Control": [
          "no-cache"
        ],
        "Pragma": [
          "no-cache"
        ],
        "x-ms-ratelimit-remaining-resource": [
          "Microsoft.Compute/GetVMScaleSet3Min;189,Microsoft.Compute/GetVMScaleSet30Min;1225"
        ],
        "Strict-Transport-Security": [
          "max-age=31536000; includeSubDomains"
        ],
        "x-ms-request-id": [
          "1c63ff33-b5d3-4bae-817b-16391a75a7c8"
        ],
        "Server": [
          "Microsoft-HTTPAPI/2.0",
          "Microsoft-HTTPAPI/2.0"
        ],
        "x-ms-ratelimit-remaining-subscription-reads": [
          "11990"
        ],
        "x-ms-correlation-request-id": [
          "93a2a11e-f4a3-4ded-acf3-a656a793491b"
        ],
        "x-ms-routing-request-id": [
          "WESTUS2:20190301T204301Z:93a2a11e-f4a3-4ded-acf3-a656a793491b"
        ],
        "X-Content-Type-Options": [
          "nosniff"
        ],
        "Date": [
          "Fri, 01 Mar 2019 20:43:00 GMT"
        ],
        "Content-Length": [
          "3027"
        ],
        "Content-Type": [
          "application/json; charset=utf-8"
        ],
        "Expires": [
          "-1"
        ]
      },
      "ResponseBody": "{\r\n  \"sku\": {\r\n    \"name\": \"Standard_A0\",\r\n    \"tier\": \"Standard\",\r\n    \"capacity\": 2\r\n  },\r\n  \"properties\": {\r\n    \"singlePlacementGroup\": true,\r\n    \"upgradePolicy\": {\r\n      \"mode\": \"Automatic\"\r\n    },\r\n    \"virtualMachineProfile\": {\r\n      \"osProfile\": {\r\n        \"computerNamePrefix\": \"vmss6618-vm\",\r\n        \"adminUsername\": \"jvuser\",\r\n        \"linuxConfiguration\": {\r\n          \"disablePasswordAuthentication\": false,\r\n          \"provisionVMAgent\": true\r\n        },\r\n        \"secrets\": [],\r\n        \"allowExtensionOperations\": true,\r\n        \"requireGuestProvisionSignal\": true\r\n      },\r\n      \"storageProfile\": {\r\n        \"osDisk\": {\r\n          \"vhdContainers\": [\r\n            \"https://stg9396.blob.core.windows.net/vhds\",\r\n            \"https://stg25403.blob.core.windows.net/vhds\"\r\n          ],\r\n          \"name\": \"vmss6618-os-disk\",\r\n          \"createOption\": \"FromImage\",\r\n          \"caching\": \"ReadWrite\"\r\n        },\r\n        \"imageReference\": {\r\n          \"publisher\": \"Canonical\",\r\n          \"offer\": \"UbuntuServer\",\r\n          \"sku\": \"16.04.0-LTS\",\r\n          \"version\": \"latest\"\r\n        }\r\n      },\r\n      \"networkProfile\": {\r\n        \"networkInterfaceConfigurations\": [\r\n          {\r\n            \"name\": \"primary-nic-cfg\",\r\n            \"properties\": {\r\n              \"primary\": true,\r\n              \"enableAcceleratedNetworking\": false,\r\n              \"dnsSettings\": {\r\n                \"dnsServers\": []\r\n              },\r\n              \"enableIPForwarding\": false,\r\n              \"ipConfigurations\": [\r\n                {\r\n                  \"name\": \"primary-nic-ip-cfg\",\r\n                  \"properties\": {\r\n                    \"subnet\": {\r\n                      \"id\": \"/subscriptions/0b1f6471-1bf0-4dda-aec3-cb9272f09590/resourceGroups/javacsmrg6304/providers/Microsoft.Network/virtualNetworks/vmssvnet6717/subnets/subnet1\"\r\n                    },\r\n                    \"privateIPAddressVersion\": \"IPv4\",\r\n                    \"loadBalancerBackendAddressPools\": [\r\n                      {\r\n                        \"id\": \"/subscriptions/0b1f6471-1bf0-4dda-aec3-cb9272f09590/resourceGroups/javacsmrg6304/providers/Microsoft.Network/loadBalancers/extlb1-1556/backendAddressPools/extlb1-1556-BAP1\"\r\n                      }\r\n                    ],\r\n                    \"loadBalancerInboundNatPools\": [\r\n                      {\r\n                        \"id\": \"/subscriptions/0b1f6471-1bf0-4dda-aec3-cb9272f09590/resourceGroups/javacsmrg6304/providers/Microsoft.Network/loadBalancers/extlb1-1556/inboundNatPools/extlb1-1556-INP1\"\r\n                      }\r\n                    ]\r\n                  }\r\n                }\r\n              ]\r\n            }\r\n          }\r\n        ]\r\n      },\r\n      \"extensionProfile\": {\r\n        \"extensions\": [\r\n          {\r\n            \"properties\": {\r\n              \"autoUpgradeMinorVersion\": true,\r\n              \"settings\": {\r\n                \"fileUris\": [\r\n                  \"https://raw.githubusercontent.com/Azure/azure-libraries-for-net/master/Tests/Fluent.Tests/Assets/install_apache.sh\"\r\n                ],\r\n                \"commandToExecute\": \"bash install_apache.sh\"\r\n              },\r\n              \"publisher\": \"Microsoft.OSTCExtensions\",\r\n              \"type\": \"CustomScriptForLinux\",\r\n              \"typeHandlerVersion\": \"1.4\"\r\n            },\r\n            \"name\": \"CustomScriptForLinux\"\r\n          }\r\n        ]\r\n      }\r\n    },\r\n    \"provisioningState\": \"Succeeded\",\r\n    \"overprovision\": true,\r\n    \"uniqueId\": \"057432a4-95c3-4a9b-9a00-950ccc7cff5e\"\r\n  },\r\n  \"type\": \"Microsoft.Compute/virtualMachineScaleSets\",\r\n  \"location\": \"eastus\",\r\n  \"tags\": {},\r\n  \"id\": \"/subscriptions/0b1f6471-1bf0-4dda-aec3-cb9272f09590/resourceGroups/javacsmrg6304/providers/Microsoft.Compute/virtualMachineScaleSets/vmss6618\",\r\n  \"name\": \"vmss6618\"\r\n}",
      "StatusCode": 200
    },
    {
      "RequestUri": "/subscriptions/0b1f6471-1bf0-4dda-aec3-cb9272f09590/resourcegroups/javacsmrg6304?api-version=2017-05-10",
      "EncodedRequestUri": "L3N1YnNjcmlwdGlvbnMvMGIxZjY0NzEtMWJmMC00ZGRhLWFlYzMtY2I5MjcyZjA5NTkwL3Jlc291cmNlZ3JvdXBzL2phdmFjc21yZzYzMDQ/YXBpLXZlcnNpb249MjAxNy0wNS0xMA==",
      "RequestMethod": "DELETE",
      "RequestBody": "",
      "RequestHeaders": {
        "x-ms-client-request-id": [
          "481b8742-6524-4428-aee7-438d93c99814"
        ],
        "Accept-Language": [
          "en-US"
        ],
        "User-Agent": [
          "FxVersion/4.6.26725.06",
          "OSName/Windows",
          "OSVersion/Microsoft.Windows.10.0.17763.",
          "Microsoft.Azure.Management.ResourceManager.Fluent.ResourceManagementClient/1.19.0.0",
          "MacAddressHash/1706214d8731cf2405675fdf5fb8b4bf75f06e7a9bb34e8d93f8f4a5d61acc28"
        ]
      },
      "ResponseHeaders": {
        "Cache-Control": [
          "no-cache"
        ],
        "Pragma": [
          "no-cache"
        ],
        "Location": [
          "https://management.azure.com/subscriptions/0b1f6471-1bf0-4dda-aec3-cb9272f09590/operationresults/eyJqb2JJZCI6IlJFU09VUkNFR1JPVVBERUxFVElPTkpPQi1KQVZBQ1NNUkc2MzA0LUVBU1RVUyIsImpvYkxvY2F0aW9uIjoiZWFzdHVzIn0?api-version=2017-05-10"
        ],
        "Retry-After": [
          "15"
        ],
        "x-ms-ratelimit-remaining-subscription-deletes": [
          "14999"
        ],
        "x-ms-request-id": [
          "d0a75067-595c-4543-8bf7-172050194135"
        ],
        "x-ms-correlation-request-id": [
          "d0a75067-595c-4543-8bf7-172050194135"
        ],
        "x-ms-routing-request-id": [
          "WESTUS2:20190301T204304Z:d0a75067-595c-4543-8bf7-172050194135"
        ],
        "Strict-Transport-Security": [
          "max-age=31536000; includeSubDomains"
        ],
        "X-Content-Type-Options": [
          "nosniff"
        ],
        "Date": [
          "Fri, 01 Mar 2019 20:43:03 GMT"
        ],
        "Expires": [
          "-1"
        ],
        "Content-Length": [
          "0"
        ]
      },
      "ResponseBody": "",
      "StatusCode": 202
    },
    {
      "RequestUri": "/subscriptions/0b1f6471-1bf0-4dda-aec3-cb9272f09590/operationresults/eyJqb2JJZCI6IlJFU09VUkNFR1JPVVBERUxFVElPTkpPQi1KQVZBQ1NNUkc2MzA0LUVBU1RVUyIsImpvYkxvY2F0aW9uIjoiZWFzdHVzIn0?api-version=2017-05-10",
      "EncodedRequestUri": "L3N1YnNjcmlwdGlvbnMvMGIxZjY0NzEtMWJmMC00ZGRhLWFlYzMtY2I5MjcyZjA5NTkwL29wZXJhdGlvbnJlc3VsdHMvZXlKcWIySkpaQ0k2SWxKRlUwOVZVa05GUjFKUFZWQkVSVXhGVkVsUFRrcFBRaTFLUVZaQlExTk5Va2MyTXpBMExVVkJVMVJWVXlJc0ltcHZZa3h2WTJGMGFXOXVJam9pWldGemRIVnpJbjA/YXBpLXZlcnNpb249MjAxNy0wNS0xMA==",
      "RequestMethod": "GET",
      "RequestBody": "",
      "RequestHeaders": {
        "User-Agent": [
          "FxVersion/4.6.26725.06",
          "OSName/Windows",
          "OSVersion/Microsoft.Windows.10.0.17763.",
          "Microsoft.Azure.Management.ResourceManager.Fluent.ResourceManagementClient/1.19.0.0",
          "MacAddressHash/1706214d8731cf2405675fdf5fb8b4bf75f06e7a9bb34e8d93f8f4a5d61acc28"
        ]
      },
      "ResponseHeaders": {
        "Cache-Control": [
          "no-cache"
        ],
        "Pragma": [
          "no-cache"
        ],
        "Location": [
          "https://management.azure.com/subscriptions/0b1f6471-1bf0-4dda-aec3-cb9272f09590/operationresults/eyJqb2JJZCI6IlJFU09VUkNFR1JPVVBERUxFVElPTkpPQi1KQVZBQ1NNUkc2MzA0LUVBU1RVUyIsImpvYkxvY2F0aW9uIjoiZWFzdHVzIn0?api-version=2017-05-10"
        ],
        "Retry-After": [
          "15"
        ],
        "x-ms-ratelimit-remaining-subscription-reads": [
          "11987"
        ],
        "x-ms-request-id": [
          "ffa20bf3-8255-4132-a302-c8f0415da745"
        ],
        "x-ms-correlation-request-id": [
          "ffa20bf3-8255-4132-a302-c8f0415da745"
        ],
        "x-ms-routing-request-id": [
          "WESTUS2:20190301T204319Z:ffa20bf3-8255-4132-a302-c8f0415da745"
        ],
        "Strict-Transport-Security": [
          "max-age=31536000; includeSubDomains"
        ],
        "X-Content-Type-Options": [
          "nosniff"
        ],
        "Date": [
          "Fri, 01 Mar 2019 20:43:19 GMT"
        ],
        "Expires": [
          "-1"
        ],
        "Content-Length": [
          "0"
        ]
      },
      "ResponseBody": "",
      "StatusCode": 202
    },
    {
      "RequestUri": "/subscriptions/0b1f6471-1bf0-4dda-aec3-cb9272f09590/operationresults/eyJqb2JJZCI6IlJFU09VUkNFR1JPVVBERUxFVElPTkpPQi1KQVZBQ1NNUkc2MzA0LUVBU1RVUyIsImpvYkxvY2F0aW9uIjoiZWFzdHVzIn0?api-version=2017-05-10",
      "EncodedRequestUri": "L3N1YnNjcmlwdGlvbnMvMGIxZjY0NzEtMWJmMC00ZGRhLWFlYzMtY2I5MjcyZjA5NTkwL29wZXJhdGlvbnJlc3VsdHMvZXlKcWIySkpaQ0k2SWxKRlUwOVZVa05GUjFKUFZWQkVSVXhGVkVsUFRrcFBRaTFLUVZaQlExTk5Va2MyTXpBMExVVkJVMVJWVXlJc0ltcHZZa3h2WTJGMGFXOXVJam9pWldGemRIVnpJbjA/YXBpLXZlcnNpb249MjAxNy0wNS0xMA==",
      "RequestMethod": "GET",
      "RequestBody": "",
      "RequestHeaders": {
        "User-Agent": [
          "FxVersion/4.6.26725.06",
          "OSName/Windows",
          "OSVersion/Microsoft.Windows.10.0.17763.",
          "Microsoft.Azure.Management.ResourceManager.Fluent.ResourceManagementClient/1.19.0.0",
          "MacAddressHash/1706214d8731cf2405675fdf5fb8b4bf75f06e7a9bb34e8d93f8f4a5d61acc28"
        ]
      },
      "ResponseHeaders": {
        "Cache-Control": [
          "no-cache"
        ],
        "Pragma": [
          "no-cache"
        ],
        "Location": [
          "https://management.azure.com/subscriptions/0b1f6471-1bf0-4dda-aec3-cb9272f09590/operationresults/eyJqb2JJZCI6IlJFU09VUkNFR1JPVVBERUxFVElPTkpPQi1KQVZBQ1NNUkc2MzA0LUVBU1RVUyIsImpvYkxvY2F0aW9uIjoiZWFzdHVzIn0?api-version=2017-05-10"
        ],
        "Retry-After": [
          "15"
        ],
        "x-ms-ratelimit-remaining-subscription-reads": [
          "11986"
        ],
        "x-ms-request-id": [
          "6812c62c-1f71-4309-9340-bd77306ba59d"
        ],
        "x-ms-correlation-request-id": [
          "6812c62c-1f71-4309-9340-bd77306ba59d"
        ],
        "x-ms-routing-request-id": [
          "WESTUS2:20190301T204334Z:6812c62c-1f71-4309-9340-bd77306ba59d"
        ],
        "Strict-Transport-Security": [
          "max-age=31536000; includeSubDomains"
        ],
        "X-Content-Type-Options": [
          "nosniff"
        ],
        "Date": [
          "Fri, 01 Mar 2019 20:43:34 GMT"
        ],
        "Expires": [
          "-1"
        ],
        "Content-Length": [
          "0"
        ]
      },
      "ResponseBody": "",
      "StatusCode": 202
    },
    {
      "RequestUri": "/subscriptions/0b1f6471-1bf0-4dda-aec3-cb9272f09590/operationresults/eyJqb2JJZCI6IlJFU09VUkNFR1JPVVBERUxFVElPTkpPQi1KQVZBQ1NNUkc2MzA0LUVBU1RVUyIsImpvYkxvY2F0aW9uIjoiZWFzdHVzIn0?api-version=2017-05-10",
      "EncodedRequestUri": "L3N1YnNjcmlwdGlvbnMvMGIxZjY0NzEtMWJmMC00ZGRhLWFlYzMtY2I5MjcyZjA5NTkwL29wZXJhdGlvbnJlc3VsdHMvZXlKcWIySkpaQ0k2SWxKRlUwOVZVa05GUjFKUFZWQkVSVXhGVkVsUFRrcFBRaTFLUVZaQlExTk5Va2MyTXpBMExVVkJVMVJWVXlJc0ltcHZZa3h2WTJGMGFXOXVJam9pWldGemRIVnpJbjA/YXBpLXZlcnNpb249MjAxNy0wNS0xMA==",
      "RequestMethod": "GET",
      "RequestBody": "",
      "RequestHeaders": {
        "User-Agent": [
          "FxVersion/4.6.26725.06",
          "OSName/Windows",
          "OSVersion/Microsoft.Windows.10.0.17763.",
          "Microsoft.Azure.Management.ResourceManager.Fluent.ResourceManagementClient/1.19.0.0",
          "MacAddressHash/1706214d8731cf2405675fdf5fb8b4bf75f06e7a9bb34e8d93f8f4a5d61acc28"
        ]
      },
      "ResponseHeaders": {
        "Cache-Control": [
          "no-cache"
        ],
        "Pragma": [
          "no-cache"
        ],
        "Location": [
          "https://management.azure.com/subscriptions/0b1f6471-1bf0-4dda-aec3-cb9272f09590/operationresults/eyJqb2JJZCI6IlJFU09VUkNFR1JPVVBERUxFVElPTkpPQi1KQVZBQ1NNUkc2MzA0LUVBU1RVUyIsImpvYkxvY2F0aW9uIjoiZWFzdHVzIn0?api-version=2017-05-10"
        ],
        "Retry-After": [
          "15"
        ],
        "x-ms-ratelimit-remaining-subscription-reads": [
          "11985"
        ],
        "x-ms-request-id": [
          "fe06f6d2-4fe9-4033-9dc7-2370b16e25d1"
        ],
        "x-ms-correlation-request-id": [
          "fe06f6d2-4fe9-4033-9dc7-2370b16e25d1"
        ],
        "x-ms-routing-request-id": [
          "WESTUS2:20190301T204349Z:fe06f6d2-4fe9-4033-9dc7-2370b16e25d1"
        ],
        "Strict-Transport-Security": [
          "max-age=31536000; includeSubDomains"
        ],
        "X-Content-Type-Options": [
          "nosniff"
        ],
        "Date": [
          "Fri, 01 Mar 2019 20:43:49 GMT"
        ],
        "Expires": [
          "-1"
        ],
        "Content-Length": [
          "0"
        ]
      },
      "ResponseBody": "",
      "StatusCode": 202
    },
    {
      "RequestUri": "/subscriptions/0b1f6471-1bf0-4dda-aec3-cb9272f09590/operationresults/eyJqb2JJZCI6IlJFU09VUkNFR1JPVVBERUxFVElPTkpPQi1KQVZBQ1NNUkc2MzA0LUVBU1RVUyIsImpvYkxvY2F0aW9uIjoiZWFzdHVzIn0?api-version=2017-05-10",
      "EncodedRequestUri": "L3N1YnNjcmlwdGlvbnMvMGIxZjY0NzEtMWJmMC00ZGRhLWFlYzMtY2I5MjcyZjA5NTkwL29wZXJhdGlvbnJlc3VsdHMvZXlKcWIySkpaQ0k2SWxKRlUwOVZVa05GUjFKUFZWQkVSVXhGVkVsUFRrcFBRaTFLUVZaQlExTk5Va2MyTXpBMExVVkJVMVJWVXlJc0ltcHZZa3h2WTJGMGFXOXVJam9pWldGemRIVnpJbjA/YXBpLXZlcnNpb249MjAxNy0wNS0xMA==",
      "RequestMethod": "GET",
      "RequestBody": "",
      "RequestHeaders": {
        "User-Agent": [
          "FxVersion/4.6.26725.06",
          "OSName/Windows",
          "OSVersion/Microsoft.Windows.10.0.17763.",
          "Microsoft.Azure.Management.ResourceManager.Fluent.ResourceManagementClient/1.19.0.0",
          "MacAddressHash/1706214d8731cf2405675fdf5fb8b4bf75f06e7a9bb34e8d93f8f4a5d61acc28"
        ]
      },
      "ResponseHeaders": {
        "Cache-Control": [
          "no-cache"
        ],
        "Pragma": [
          "no-cache"
        ],
        "Location": [
          "https://management.azure.com/subscriptions/0b1f6471-1bf0-4dda-aec3-cb9272f09590/operationresults/eyJqb2JJZCI6IlJFU09VUkNFR1JPVVBERUxFVElPTkpPQi1KQVZBQ1NNUkc2MzA0LUVBU1RVUyIsImpvYkxvY2F0aW9uIjoiZWFzdHVzIn0?api-version=2017-05-10"
        ],
        "Retry-After": [
          "15"
        ],
        "x-ms-ratelimit-remaining-subscription-reads": [
          "11984"
        ],
        "x-ms-request-id": [
          "52bf49ff-8f72-469c-9948-48e0612b8f2a"
        ],
        "x-ms-correlation-request-id": [
          "52bf49ff-8f72-469c-9948-48e0612b8f2a"
        ],
        "x-ms-routing-request-id": [
          "WESTUS2:20190301T204404Z:52bf49ff-8f72-469c-9948-48e0612b8f2a"
        ],
        "Strict-Transport-Security": [
          "max-age=31536000; includeSubDomains"
        ],
        "X-Content-Type-Options": [
          "nosniff"
        ],
        "Date": [
          "Fri, 01 Mar 2019 20:44:04 GMT"
        ],
        "Expires": [
          "-1"
        ],
        "Content-Length": [
          "0"
        ]
      },
      "ResponseBody": "",
      "StatusCode": 202
    },
    {
      "RequestUri": "/subscriptions/0b1f6471-1bf0-4dda-aec3-cb9272f09590/operationresults/eyJqb2JJZCI6IlJFU09VUkNFR1JPVVBERUxFVElPTkpPQi1KQVZBQ1NNUkc2MzA0LUVBU1RVUyIsImpvYkxvY2F0aW9uIjoiZWFzdHVzIn0?api-version=2017-05-10",
      "EncodedRequestUri": "L3N1YnNjcmlwdGlvbnMvMGIxZjY0NzEtMWJmMC00ZGRhLWFlYzMtY2I5MjcyZjA5NTkwL29wZXJhdGlvbnJlc3VsdHMvZXlKcWIySkpaQ0k2SWxKRlUwOVZVa05GUjFKUFZWQkVSVXhGVkVsUFRrcFBRaTFLUVZaQlExTk5Va2MyTXpBMExVVkJVMVJWVXlJc0ltcHZZa3h2WTJGMGFXOXVJam9pWldGemRIVnpJbjA/YXBpLXZlcnNpb249MjAxNy0wNS0xMA==",
      "RequestMethod": "GET",
      "RequestBody": "",
      "RequestHeaders": {
        "User-Agent": [
          "FxVersion/4.6.26725.06",
          "OSName/Windows",
          "OSVersion/Microsoft.Windows.10.0.17763.",
          "Microsoft.Azure.Management.ResourceManager.Fluent.ResourceManagementClient/1.19.0.0",
          "MacAddressHash/1706214d8731cf2405675fdf5fb8b4bf75f06e7a9bb34e8d93f8f4a5d61acc28"
        ]
      },
      "ResponseHeaders": {
        "Cache-Control": [
          "no-cache"
        ],
        "Pragma": [
          "no-cache"
        ],
        "Location": [
          "https://management.azure.com/subscriptions/0b1f6471-1bf0-4dda-aec3-cb9272f09590/operationresults/eyJqb2JJZCI6IlJFU09VUkNFR1JPVVBERUxFVElPTkpPQi1KQVZBQ1NNUkc2MzA0LUVBU1RVUyIsImpvYkxvY2F0aW9uIjoiZWFzdHVzIn0?api-version=2017-05-10"
        ],
        "Retry-After": [
          "15"
        ],
        "x-ms-ratelimit-remaining-subscription-reads": [
          "11983"
        ],
        "x-ms-request-id": [
          "e6fd554f-cf00-4dd5-9dbb-b4ee6727d1cb"
        ],
        "x-ms-correlation-request-id": [
          "e6fd554f-cf00-4dd5-9dbb-b4ee6727d1cb"
        ],
        "x-ms-routing-request-id": [
          "WESTUS2:20190301T204420Z:e6fd554f-cf00-4dd5-9dbb-b4ee6727d1cb"
        ],
        "Strict-Transport-Security": [
          "max-age=31536000; includeSubDomains"
        ],
        "X-Content-Type-Options": [
          "nosniff"
        ],
        "Date": [
          "Fri, 01 Mar 2019 20:44:19 GMT"
        ],
        "Expires": [
          "-1"
        ],
        "Content-Length": [
          "0"
        ]
      },
      "ResponseBody": "",
      "StatusCode": 202
    },
    {
      "RequestUri": "/subscriptions/0b1f6471-1bf0-4dda-aec3-cb9272f09590/operationresults/eyJqb2JJZCI6IlJFU09VUkNFR1JPVVBERUxFVElPTkpPQi1KQVZBQ1NNUkc2MzA0LUVBU1RVUyIsImpvYkxvY2F0aW9uIjoiZWFzdHVzIn0?api-version=2017-05-10",
      "EncodedRequestUri": "L3N1YnNjcmlwdGlvbnMvMGIxZjY0NzEtMWJmMC00ZGRhLWFlYzMtY2I5MjcyZjA5NTkwL29wZXJhdGlvbnJlc3VsdHMvZXlKcWIySkpaQ0k2SWxKRlUwOVZVa05GUjFKUFZWQkVSVXhGVkVsUFRrcFBRaTFLUVZaQlExTk5Va2MyTXpBMExVVkJVMVJWVXlJc0ltcHZZa3h2WTJGMGFXOXVJam9pWldGemRIVnpJbjA/YXBpLXZlcnNpb249MjAxNy0wNS0xMA==",
      "RequestMethod": "GET",
      "RequestBody": "",
      "RequestHeaders": {
        "User-Agent": [
          "FxVersion/4.6.26725.06",
          "OSName/Windows",
          "OSVersion/Microsoft.Windows.10.0.17763.",
          "Microsoft.Azure.Management.ResourceManager.Fluent.ResourceManagementClient/1.19.0.0",
          "MacAddressHash/1706214d8731cf2405675fdf5fb8b4bf75f06e7a9bb34e8d93f8f4a5d61acc28"
        ]
      },
      "ResponseHeaders": {
        "Cache-Control": [
          "no-cache"
        ],
        "Pragma": [
          "no-cache"
        ],
        "Location": [
          "https://management.azure.com/subscriptions/0b1f6471-1bf0-4dda-aec3-cb9272f09590/operationresults/eyJqb2JJZCI6IlJFU09VUkNFR1JPVVBERUxFVElPTkpPQi1KQVZBQ1NNUkc2MzA0LUVBU1RVUyIsImpvYkxvY2F0aW9uIjoiZWFzdHVzIn0?api-version=2017-05-10"
        ],
        "Retry-After": [
          "15"
        ],
        "x-ms-ratelimit-remaining-subscription-reads": [
          "11982"
        ],
        "x-ms-request-id": [
          "948e73fc-b722-4e82-a527-32729e3f9581"
        ],
        "x-ms-correlation-request-id": [
          "948e73fc-b722-4e82-a527-32729e3f9581"
        ],
        "x-ms-routing-request-id": [
          "WESTUS2:20190301T204435Z:948e73fc-b722-4e82-a527-32729e3f9581"
        ],
        "Strict-Transport-Security": [
          "max-age=31536000; includeSubDomains"
        ],
        "X-Content-Type-Options": [
          "nosniff"
        ],
        "Date": [
          "Fri, 01 Mar 2019 20:44:34 GMT"
        ],
        "Expires": [
          "-1"
        ],
        "Content-Length": [
          "0"
        ]
      },
      "ResponseBody": "",
      "StatusCode": 202
    },
    {
      "RequestUri": "/subscriptions/0b1f6471-1bf0-4dda-aec3-cb9272f09590/operationresults/eyJqb2JJZCI6IlJFU09VUkNFR1JPVVBERUxFVElPTkpPQi1KQVZBQ1NNUkc2MzA0LUVBU1RVUyIsImpvYkxvY2F0aW9uIjoiZWFzdHVzIn0?api-version=2017-05-10",
      "EncodedRequestUri": "L3N1YnNjcmlwdGlvbnMvMGIxZjY0NzEtMWJmMC00ZGRhLWFlYzMtY2I5MjcyZjA5NTkwL29wZXJhdGlvbnJlc3VsdHMvZXlKcWIySkpaQ0k2SWxKRlUwOVZVa05GUjFKUFZWQkVSVXhGVkVsUFRrcFBRaTFLUVZaQlExTk5Va2MyTXpBMExVVkJVMVJWVXlJc0ltcHZZa3h2WTJGMGFXOXVJam9pWldGemRIVnpJbjA/YXBpLXZlcnNpb249MjAxNy0wNS0xMA==",
      "RequestMethod": "GET",
      "RequestBody": "",
      "RequestHeaders": {
        "User-Agent": [
          "FxVersion/4.6.26725.06",
          "OSName/Windows",
          "OSVersion/Microsoft.Windows.10.0.17763.",
          "Microsoft.Azure.Management.ResourceManager.Fluent.ResourceManagementClient/1.19.0.0",
          "MacAddressHash/1706214d8731cf2405675fdf5fb8b4bf75f06e7a9bb34e8d93f8f4a5d61acc28"
        ]
      },
      "ResponseHeaders": {
        "Cache-Control": [
          "no-cache"
        ],
        "Pragma": [
          "no-cache"
        ],
        "Location": [
          "https://management.azure.com/subscriptions/0b1f6471-1bf0-4dda-aec3-cb9272f09590/operationresults/eyJqb2JJZCI6IlJFU09VUkNFR1JPVVBERUxFVElPTkpPQi1KQVZBQ1NNUkc2MzA0LUVBU1RVUyIsImpvYkxvY2F0aW9uIjoiZWFzdHVzIn0?api-version=2017-05-10"
        ],
        "Retry-After": [
          "15"
        ],
        "x-ms-ratelimit-remaining-subscription-reads": [
          "11981"
        ],
        "x-ms-request-id": [
          "282a0e77-9bf9-40c7-a05c-55995bb8d784"
        ],
        "x-ms-correlation-request-id": [
          "282a0e77-9bf9-40c7-a05c-55995bb8d784"
        ],
        "x-ms-routing-request-id": [
          "WESTUS2:20190301T204450Z:282a0e77-9bf9-40c7-a05c-55995bb8d784"
        ],
        "Strict-Transport-Security": [
          "max-age=31536000; includeSubDomains"
        ],
        "X-Content-Type-Options": [
          "nosniff"
        ],
        "Date": [
          "Fri, 01 Mar 2019 20:44:49 GMT"
        ],
        "Expires": [
          "-1"
        ],
        "Content-Length": [
          "0"
        ]
      },
      "ResponseBody": "",
      "StatusCode": 202
    },
    {
      "RequestUri": "/subscriptions/0b1f6471-1bf0-4dda-aec3-cb9272f09590/operationresults/eyJqb2JJZCI6IlJFU09VUkNFR1JPVVBERUxFVElPTkpPQi1KQVZBQ1NNUkc2MzA0LUVBU1RVUyIsImpvYkxvY2F0aW9uIjoiZWFzdHVzIn0?api-version=2017-05-10",
      "EncodedRequestUri": "L3N1YnNjcmlwdGlvbnMvMGIxZjY0NzEtMWJmMC00ZGRhLWFlYzMtY2I5MjcyZjA5NTkwL29wZXJhdGlvbnJlc3VsdHMvZXlKcWIySkpaQ0k2SWxKRlUwOVZVa05GUjFKUFZWQkVSVXhGVkVsUFRrcFBRaTFLUVZaQlExTk5Va2MyTXpBMExVVkJVMVJWVXlJc0ltcHZZa3h2WTJGMGFXOXVJam9pWldGemRIVnpJbjA/YXBpLXZlcnNpb249MjAxNy0wNS0xMA==",
      "RequestMethod": "GET",
      "RequestBody": "",
      "RequestHeaders": {
        "User-Agent": [
          "FxVersion/4.6.26725.06",
          "OSName/Windows",
          "OSVersion/Microsoft.Windows.10.0.17763.",
          "Microsoft.Azure.Management.ResourceManager.Fluent.ResourceManagementClient/1.19.0.0",
          "MacAddressHash/1706214d8731cf2405675fdf5fb8b4bf75f06e7a9bb34e8d93f8f4a5d61acc28"
        ]
      },
      "ResponseHeaders": {
        "Cache-Control": [
          "no-cache"
        ],
        "Pragma": [
          "no-cache"
        ],
        "Location": [
          "https://management.azure.com/subscriptions/0b1f6471-1bf0-4dda-aec3-cb9272f09590/operationresults/eyJqb2JJZCI6IlJFU09VUkNFR1JPVVBERUxFVElPTkpPQi1KQVZBQ1NNUkc2MzA0LUVBU1RVUyIsImpvYkxvY2F0aW9uIjoiZWFzdHVzIn0?api-version=2017-05-10"
        ],
        "Retry-After": [
          "15"
        ],
        "x-ms-ratelimit-remaining-subscription-reads": [
          "11980"
        ],
        "x-ms-request-id": [
          "b2146b68-fc27-4088-a5b4-a3a6ba949e48"
        ],
        "x-ms-correlation-request-id": [
          "b2146b68-fc27-4088-a5b4-a3a6ba949e48"
        ],
        "x-ms-routing-request-id": [
          "WESTUS2:20190301T204505Z:b2146b68-fc27-4088-a5b4-a3a6ba949e48"
        ],
        "Strict-Transport-Security": [
          "max-age=31536000; includeSubDomains"
        ],
        "X-Content-Type-Options": [
          "nosniff"
        ],
        "Date": [
          "Fri, 01 Mar 2019 20:45:05 GMT"
        ],
        "Expires": [
          "-1"
        ],
        "Content-Length": [
          "0"
        ]
      },
      "ResponseBody": "",
      "StatusCode": 202
    },
    {
      "RequestUri": "/subscriptions/0b1f6471-1bf0-4dda-aec3-cb9272f09590/operationresults/eyJqb2JJZCI6IlJFU09VUkNFR1JPVVBERUxFVElPTkpPQi1KQVZBQ1NNUkc2MzA0LUVBU1RVUyIsImpvYkxvY2F0aW9uIjoiZWFzdHVzIn0?api-version=2017-05-10",
      "EncodedRequestUri": "L3N1YnNjcmlwdGlvbnMvMGIxZjY0NzEtMWJmMC00ZGRhLWFlYzMtY2I5MjcyZjA5NTkwL29wZXJhdGlvbnJlc3VsdHMvZXlKcWIySkpaQ0k2SWxKRlUwOVZVa05GUjFKUFZWQkVSVXhGVkVsUFRrcFBRaTFLUVZaQlExTk5Va2MyTXpBMExVVkJVMVJWVXlJc0ltcHZZa3h2WTJGMGFXOXVJam9pWldGemRIVnpJbjA/YXBpLXZlcnNpb249MjAxNy0wNS0xMA==",
      "RequestMethod": "GET",
      "RequestBody": "",
      "RequestHeaders": {
        "User-Agent": [
          "FxVersion/4.6.26725.06",
          "OSName/Windows",
          "OSVersion/Microsoft.Windows.10.0.17763.",
          "Microsoft.Azure.Management.ResourceManager.Fluent.ResourceManagementClient/1.19.0.0",
          "MacAddressHash/1706214d8731cf2405675fdf5fb8b4bf75f06e7a9bb34e8d93f8f4a5d61acc28"
        ]
      },
      "ResponseHeaders": {
        "Cache-Control": [
          "no-cache"
        ],
        "Pragma": [
          "no-cache"
        ],
        "Location": [
          "https://management.azure.com/subscriptions/0b1f6471-1bf0-4dda-aec3-cb9272f09590/operationresults/eyJqb2JJZCI6IlJFU09VUkNFR1JPVVBERUxFVElPTkpPQi1KQVZBQ1NNUkc2MzA0LUVBU1RVUyIsImpvYkxvY2F0aW9uIjoiZWFzdHVzIn0?api-version=2017-05-10"
        ],
        "Retry-After": [
          "15"
        ],
        "x-ms-ratelimit-remaining-subscription-reads": [
          "11979"
        ],
        "x-ms-request-id": [
          "0d127323-e760-43ad-97ba-88b02c9517a3"
        ],
        "x-ms-correlation-request-id": [
          "0d127323-e760-43ad-97ba-88b02c9517a3"
        ],
        "x-ms-routing-request-id": [
          "WESTUS2:20190301T204520Z:0d127323-e760-43ad-97ba-88b02c9517a3"
        ],
        "Strict-Transport-Security": [
          "max-age=31536000; includeSubDomains"
        ],
        "X-Content-Type-Options": [
          "nosniff"
        ],
        "Date": [
          "Fri, 01 Mar 2019 20:45:20 GMT"
        ],
        "Expires": [
          "-1"
        ],
        "Content-Length": [
          "0"
        ]
      },
      "ResponseBody": "",
      "StatusCode": 202
    },
    {
      "RequestUri": "/subscriptions/0b1f6471-1bf0-4dda-aec3-cb9272f09590/operationresults/eyJqb2JJZCI6IlJFU09VUkNFR1JPVVBERUxFVElPTkpPQi1KQVZBQ1NNUkc2MzA0LUVBU1RVUyIsImpvYkxvY2F0aW9uIjoiZWFzdHVzIn0?api-version=2017-05-10",
      "EncodedRequestUri": "L3N1YnNjcmlwdGlvbnMvMGIxZjY0NzEtMWJmMC00ZGRhLWFlYzMtY2I5MjcyZjA5NTkwL29wZXJhdGlvbnJlc3VsdHMvZXlKcWIySkpaQ0k2SWxKRlUwOVZVa05GUjFKUFZWQkVSVXhGVkVsUFRrcFBRaTFLUVZaQlExTk5Va2MyTXpBMExVVkJVMVJWVXlJc0ltcHZZa3h2WTJGMGFXOXVJam9pWldGemRIVnpJbjA/YXBpLXZlcnNpb249MjAxNy0wNS0xMA==",
      "RequestMethod": "GET",
      "RequestBody": "",
      "RequestHeaders": {
        "User-Agent": [
          "FxVersion/4.6.26725.06",
          "OSName/Windows",
          "OSVersion/Microsoft.Windows.10.0.17763.",
          "Microsoft.Azure.Management.ResourceManager.Fluent.ResourceManagementClient/1.19.0.0",
          "MacAddressHash/1706214d8731cf2405675fdf5fb8b4bf75f06e7a9bb34e8d93f8f4a5d61acc28"
        ]
      },
      "ResponseHeaders": {
        "Cache-Control": [
          "no-cache"
        ],
        "Pragma": [
          "no-cache"
        ],
        "Location": [
          "https://management.azure.com/subscriptions/0b1f6471-1bf0-4dda-aec3-cb9272f09590/operationresults/eyJqb2JJZCI6IlJFU09VUkNFR1JPVVBERUxFVElPTkpPQi1KQVZBQ1NNUkc2MzA0LUVBU1RVUyIsImpvYkxvY2F0aW9uIjoiZWFzdHVzIn0?api-version=2017-05-10"
        ],
        "Retry-After": [
          "15"
        ],
        "x-ms-ratelimit-remaining-subscription-reads": [
          "11978"
        ],
        "x-ms-request-id": [
          "5042c92d-ab17-47fc-86fa-ed86bf6efba5"
        ],
        "x-ms-correlation-request-id": [
          "5042c92d-ab17-47fc-86fa-ed86bf6efba5"
        ],
        "x-ms-routing-request-id": [
          "WESTUS2:20190301T204535Z:5042c92d-ab17-47fc-86fa-ed86bf6efba5"
        ],
        "Strict-Transport-Security": [
          "max-age=31536000; includeSubDomains"
        ],
        "X-Content-Type-Options": [
          "nosniff"
        ],
        "Date": [
          "Fri, 01 Mar 2019 20:45:35 GMT"
        ],
        "Expires": [
          "-1"
        ],
        "Content-Length": [
          "0"
        ]
      },
      "ResponseBody": "",
      "StatusCode": 202
    },
    {
      "RequestUri": "/subscriptions/0b1f6471-1bf0-4dda-aec3-cb9272f09590/operationresults/eyJqb2JJZCI6IlJFU09VUkNFR1JPVVBERUxFVElPTkpPQi1KQVZBQ1NNUkc2MzA0LUVBU1RVUyIsImpvYkxvY2F0aW9uIjoiZWFzdHVzIn0?api-version=2017-05-10",
      "EncodedRequestUri": "L3N1YnNjcmlwdGlvbnMvMGIxZjY0NzEtMWJmMC00ZGRhLWFlYzMtY2I5MjcyZjA5NTkwL29wZXJhdGlvbnJlc3VsdHMvZXlKcWIySkpaQ0k2SWxKRlUwOVZVa05GUjFKUFZWQkVSVXhGVkVsUFRrcFBRaTFLUVZaQlExTk5Va2MyTXpBMExVVkJVMVJWVXlJc0ltcHZZa3h2WTJGMGFXOXVJam9pWldGemRIVnpJbjA/YXBpLXZlcnNpb249MjAxNy0wNS0xMA==",
      "RequestMethod": "GET",
      "RequestBody": "",
      "RequestHeaders": {
        "User-Agent": [
          "FxVersion/4.6.26725.06",
          "OSName/Windows",
          "OSVersion/Microsoft.Windows.10.0.17763.",
          "Microsoft.Azure.Management.ResourceManager.Fluent.ResourceManagementClient/1.19.0.0",
          "MacAddressHash/1706214d8731cf2405675fdf5fb8b4bf75f06e7a9bb34e8d93f8f4a5d61acc28"
        ]
      },
      "ResponseHeaders": {
        "Cache-Control": [
          "no-cache"
        ],
        "Pragma": [
          "no-cache"
        ],
        "Location": [
          "https://management.azure.com/subscriptions/0b1f6471-1bf0-4dda-aec3-cb9272f09590/operationresults/eyJqb2JJZCI6IlJFU09VUkNFR1JPVVBERUxFVElPTkpPQi1KQVZBQ1NNUkc2MzA0LUVBU1RVUyIsImpvYkxvY2F0aW9uIjoiZWFzdHVzIn0?api-version=2017-05-10"
        ],
        "Retry-After": [
          "15"
        ],
        "x-ms-ratelimit-remaining-subscription-reads": [
          "11977"
        ],
        "x-ms-request-id": [
          "373391d4-1e23-4456-8e9b-2e07c15bb525"
        ],
        "x-ms-correlation-request-id": [
          "373391d4-1e23-4456-8e9b-2e07c15bb525"
        ],
        "x-ms-routing-request-id": [
          "WESTUS2:20190301T204550Z:373391d4-1e23-4456-8e9b-2e07c15bb525"
        ],
        "Strict-Transport-Security": [
          "max-age=31536000; includeSubDomains"
        ],
        "X-Content-Type-Options": [
          "nosniff"
        ],
        "Date": [
          "Fri, 01 Mar 2019 20:45:50 GMT"
        ],
        "Expires": [
          "-1"
        ],
        "Content-Length": [
          "0"
        ]
      },
      "ResponseBody": "",
      "StatusCode": 202
    },
    {
      "RequestUri": "/subscriptions/0b1f6471-1bf0-4dda-aec3-cb9272f09590/operationresults/eyJqb2JJZCI6IlJFU09VUkNFR1JPVVBERUxFVElPTkpPQi1KQVZBQ1NNUkc2MzA0LUVBU1RVUyIsImpvYkxvY2F0aW9uIjoiZWFzdHVzIn0?api-version=2017-05-10",
      "EncodedRequestUri": "L3N1YnNjcmlwdGlvbnMvMGIxZjY0NzEtMWJmMC00ZGRhLWFlYzMtY2I5MjcyZjA5NTkwL29wZXJhdGlvbnJlc3VsdHMvZXlKcWIySkpaQ0k2SWxKRlUwOVZVa05GUjFKUFZWQkVSVXhGVkVsUFRrcFBRaTFLUVZaQlExTk5Va2MyTXpBMExVVkJVMVJWVXlJc0ltcHZZa3h2WTJGMGFXOXVJam9pWldGemRIVnpJbjA/YXBpLXZlcnNpb249MjAxNy0wNS0xMA==",
      "RequestMethod": "GET",
      "RequestBody": "",
      "RequestHeaders": {
        "User-Agent": [
          "FxVersion/4.6.26725.06",
          "OSName/Windows",
          "OSVersion/Microsoft.Windows.10.0.17763.",
          "Microsoft.Azure.Management.ResourceManager.Fluent.ResourceManagementClient/1.19.0.0",
          "MacAddressHash/1706214d8731cf2405675fdf5fb8b4bf75f06e7a9bb34e8d93f8f4a5d61acc28"
        ]
      },
      "ResponseHeaders": {
        "Cache-Control": [
          "no-cache"
        ],
        "Pragma": [
          "no-cache"
        ],
        "Location": [
          "https://management.azure.com/subscriptions/0b1f6471-1bf0-4dda-aec3-cb9272f09590/operationresults/eyJqb2JJZCI6IlJFU09VUkNFR1JPVVBERUxFVElPTkpPQi1KQVZBQ1NNUkc2MzA0LUVBU1RVUyIsImpvYkxvY2F0aW9uIjoiZWFzdHVzIn0?api-version=2017-05-10"
        ],
        "Retry-After": [
          "15"
        ],
        "x-ms-ratelimit-remaining-subscription-reads": [
          "11976"
        ],
        "x-ms-request-id": [
          "22e49ccf-d478-4b54-b4e5-5b1394ac01fa"
        ],
        "x-ms-correlation-request-id": [
          "22e49ccf-d478-4b54-b4e5-5b1394ac01fa"
        ],
        "x-ms-routing-request-id": [
          "WESTUS2:20190301T204606Z:22e49ccf-d478-4b54-b4e5-5b1394ac01fa"
        ],
        "Strict-Transport-Security": [
          "max-age=31536000; includeSubDomains"
        ],
        "X-Content-Type-Options": [
          "nosniff"
        ],
        "Date": [
          "Fri, 01 Mar 2019 20:46:06 GMT"
        ],
        "Expires": [
          "-1"
        ],
        "Content-Length": [
          "0"
        ]
      },
      "ResponseBody": "",
      "StatusCode": 202
    },
    {
      "RequestUri": "/subscriptions/0b1f6471-1bf0-4dda-aec3-cb9272f09590/operationresults/eyJqb2JJZCI6IlJFU09VUkNFR1JPVVBERUxFVElPTkpPQi1KQVZBQ1NNUkc2MzA0LUVBU1RVUyIsImpvYkxvY2F0aW9uIjoiZWFzdHVzIn0?api-version=2017-05-10",
      "EncodedRequestUri": "L3N1YnNjcmlwdGlvbnMvMGIxZjY0NzEtMWJmMC00ZGRhLWFlYzMtY2I5MjcyZjA5NTkwL29wZXJhdGlvbnJlc3VsdHMvZXlKcWIySkpaQ0k2SWxKRlUwOVZVa05GUjFKUFZWQkVSVXhGVkVsUFRrcFBRaTFLUVZaQlExTk5Va2MyTXpBMExVVkJVMVJWVXlJc0ltcHZZa3h2WTJGMGFXOXVJam9pWldGemRIVnpJbjA/YXBpLXZlcnNpb249MjAxNy0wNS0xMA==",
      "RequestMethod": "GET",
      "RequestBody": "",
      "RequestHeaders": {
        "User-Agent": [
          "FxVersion/4.6.26725.06",
          "OSName/Windows",
          "OSVersion/Microsoft.Windows.10.0.17763.",
          "Microsoft.Azure.Management.ResourceManager.Fluent.ResourceManagementClient/1.19.0.0",
          "MacAddressHash/1706214d8731cf2405675fdf5fb8b4bf75f06e7a9bb34e8d93f8f4a5d61acc28"
        ]
      },
      "ResponseHeaders": {
        "Cache-Control": [
          "no-cache"
        ],
        "Pragma": [
          "no-cache"
        ],
        "Location": [
          "https://management.azure.com/subscriptions/0b1f6471-1bf0-4dda-aec3-cb9272f09590/operationresults/eyJqb2JJZCI6IlJFU09VUkNFR1JPVVBERUxFVElPTkpPQi1KQVZBQ1NNUkc2MzA0LUVBU1RVUyIsImpvYkxvY2F0aW9uIjoiZWFzdHVzIn0?api-version=2017-05-10"
        ],
        "Retry-After": [
          "15"
        ],
        "x-ms-ratelimit-remaining-subscription-reads": [
          "11975"
        ],
        "x-ms-request-id": [
          "c8df042e-9995-4547-b0ee-22d995690912"
        ],
        "x-ms-correlation-request-id": [
          "c8df042e-9995-4547-b0ee-22d995690912"
        ],
        "x-ms-routing-request-id": [
          "WESTUS2:20190301T204621Z:c8df042e-9995-4547-b0ee-22d995690912"
        ],
        "Strict-Transport-Security": [
          "max-age=31536000; includeSubDomains"
        ],
        "X-Content-Type-Options": [
          "nosniff"
        ],
        "Date": [
          "Fri, 01 Mar 2019 20:46:20 GMT"
        ],
        "Expires": [
          "-1"
        ],
        "Content-Length": [
          "0"
        ]
      },
      "ResponseBody": "",
      "StatusCode": 202
    },
    {
      "RequestUri": "/subscriptions/0b1f6471-1bf0-4dda-aec3-cb9272f09590/operationresults/eyJqb2JJZCI6IlJFU09VUkNFR1JPVVBERUxFVElPTkpPQi1KQVZBQ1NNUkc2MzA0LUVBU1RVUyIsImpvYkxvY2F0aW9uIjoiZWFzdHVzIn0?api-version=2017-05-10",
      "EncodedRequestUri": "L3N1YnNjcmlwdGlvbnMvMGIxZjY0NzEtMWJmMC00ZGRhLWFlYzMtY2I5MjcyZjA5NTkwL29wZXJhdGlvbnJlc3VsdHMvZXlKcWIySkpaQ0k2SWxKRlUwOVZVa05GUjFKUFZWQkVSVXhGVkVsUFRrcFBRaTFLUVZaQlExTk5Va2MyTXpBMExVVkJVMVJWVXlJc0ltcHZZa3h2WTJGMGFXOXVJam9pWldGemRIVnpJbjA/YXBpLXZlcnNpb249MjAxNy0wNS0xMA==",
      "RequestMethod": "GET",
      "RequestBody": "",
      "RequestHeaders": {
        "User-Agent": [
          "FxVersion/4.6.26725.06",
          "OSName/Windows",
          "OSVersion/Microsoft.Windows.10.0.17763.",
          "Microsoft.Azure.Management.ResourceManager.Fluent.ResourceManagementClient/1.19.0.0",
          "MacAddressHash/1706214d8731cf2405675fdf5fb8b4bf75f06e7a9bb34e8d93f8f4a5d61acc28"
        ]
      },
      "ResponseHeaders": {
        "Cache-Control": [
          "no-cache"
        ],
        "Pragma": [
          "no-cache"
        ],
        "Location": [
          "https://management.azure.com/subscriptions/0b1f6471-1bf0-4dda-aec3-cb9272f09590/operationresults/eyJqb2JJZCI6IlJFU09VUkNFR1JPVVBERUxFVElPTkpPQi1KQVZBQ1NNUkc2MzA0LUVBU1RVUyIsImpvYkxvY2F0aW9uIjoiZWFzdHVzIn0?api-version=2017-05-10"
        ],
        "Retry-After": [
          "15"
        ],
        "x-ms-ratelimit-remaining-subscription-reads": [
          "11974"
        ],
        "x-ms-request-id": [
          "0a19d020-5ec9-4865-9a79-37ab8b73f7f8"
        ],
        "x-ms-correlation-request-id": [
          "0a19d020-5ec9-4865-9a79-37ab8b73f7f8"
        ],
        "x-ms-routing-request-id": [
          "WESTUS2:20190301T204636Z:0a19d020-5ec9-4865-9a79-37ab8b73f7f8"
        ],
        "Strict-Transport-Security": [
          "max-age=31536000; includeSubDomains"
        ],
        "X-Content-Type-Options": [
          "nosniff"
        ],
        "Date": [
          "Fri, 01 Mar 2019 20:46:35 GMT"
        ],
        "Expires": [
          "-1"
        ],
        "Content-Length": [
          "0"
        ]
      },
      "ResponseBody": "",
      "StatusCode": 202
    },
    {
      "RequestUri": "/subscriptions/0b1f6471-1bf0-4dda-aec3-cb9272f09590/operationresults/eyJqb2JJZCI6IlJFU09VUkNFR1JPVVBERUxFVElPTkpPQi1KQVZBQ1NNUkc2MzA0LUVBU1RVUyIsImpvYkxvY2F0aW9uIjoiZWFzdHVzIn0?api-version=2017-05-10",
      "EncodedRequestUri": "L3N1YnNjcmlwdGlvbnMvMGIxZjY0NzEtMWJmMC00ZGRhLWFlYzMtY2I5MjcyZjA5NTkwL29wZXJhdGlvbnJlc3VsdHMvZXlKcWIySkpaQ0k2SWxKRlUwOVZVa05GUjFKUFZWQkVSVXhGVkVsUFRrcFBRaTFLUVZaQlExTk5Va2MyTXpBMExVVkJVMVJWVXlJc0ltcHZZa3h2WTJGMGFXOXVJam9pWldGemRIVnpJbjA/YXBpLXZlcnNpb249MjAxNy0wNS0xMA==",
      "RequestMethod": "GET",
      "RequestBody": "",
      "RequestHeaders": {
        "User-Agent": [
          "FxVersion/4.6.26725.06",
          "OSName/Windows",
          "OSVersion/Microsoft.Windows.10.0.17763.",
          "Microsoft.Azure.Management.ResourceManager.Fluent.ResourceManagementClient/1.19.0.0",
          "MacAddressHash/1706214d8731cf2405675fdf5fb8b4bf75f06e7a9bb34e8d93f8f4a5d61acc28"
        ]
      },
      "ResponseHeaders": {
        "Cache-Control": [
          "no-cache"
        ],
        "Pragma": [
          "no-cache"
        ],
        "Location": [
          "https://management.azure.com/subscriptions/0b1f6471-1bf0-4dda-aec3-cb9272f09590/operationresults/eyJqb2JJZCI6IlJFU09VUkNFR1JPVVBERUxFVElPTkpPQi1KQVZBQ1NNUkc2MzA0LUVBU1RVUyIsImpvYkxvY2F0aW9uIjoiZWFzdHVzIn0?api-version=2017-05-10"
        ],
        "Retry-After": [
          "15"
        ],
        "x-ms-ratelimit-remaining-subscription-reads": [
          "11973"
        ],
        "x-ms-request-id": [
          "0d3c55e0-2dac-4f4f-a261-e18c21e67acb"
        ],
        "x-ms-correlation-request-id": [
          "0d3c55e0-2dac-4f4f-a261-e18c21e67acb"
        ],
        "x-ms-routing-request-id": [
          "WESTUS2:20190301T204651Z:0d3c55e0-2dac-4f4f-a261-e18c21e67acb"
        ],
        "Strict-Transport-Security": [
          "max-age=31536000; includeSubDomains"
        ],
        "X-Content-Type-Options": [
          "nosniff"
        ],
        "Date": [
          "Fri, 01 Mar 2019 20:46:50 GMT"
        ],
        "Expires": [
          "-1"
        ],
        "Content-Length": [
          "0"
        ]
      },
      "ResponseBody": "",
      "StatusCode": 202
    },
    {
      "RequestUri": "/subscriptions/0b1f6471-1bf0-4dda-aec3-cb9272f09590/operationresults/eyJqb2JJZCI6IlJFU09VUkNFR1JPVVBERUxFVElPTkpPQi1KQVZBQ1NNUkc2MzA0LUVBU1RVUyIsImpvYkxvY2F0aW9uIjoiZWFzdHVzIn0?api-version=2017-05-10",
      "EncodedRequestUri": "L3N1YnNjcmlwdGlvbnMvMGIxZjY0NzEtMWJmMC00ZGRhLWFlYzMtY2I5MjcyZjA5NTkwL29wZXJhdGlvbnJlc3VsdHMvZXlKcWIySkpaQ0k2SWxKRlUwOVZVa05GUjFKUFZWQkVSVXhGVkVsUFRrcFBRaTFLUVZaQlExTk5Va2MyTXpBMExVVkJVMVJWVXlJc0ltcHZZa3h2WTJGMGFXOXVJam9pWldGemRIVnpJbjA/YXBpLXZlcnNpb249MjAxNy0wNS0xMA==",
      "RequestMethod": "GET",
      "RequestBody": "",
      "RequestHeaders": {
        "User-Agent": [
          "FxVersion/4.6.26725.06",
          "OSName/Windows",
          "OSVersion/Microsoft.Windows.10.0.17763.",
          "Microsoft.Azure.Management.ResourceManager.Fluent.ResourceManagementClient/1.19.0.0",
          "MacAddressHash/1706214d8731cf2405675fdf5fb8b4bf75f06e7a9bb34e8d93f8f4a5d61acc28"
        ]
      },
      "ResponseHeaders": {
        "Cache-Control": [
          "no-cache"
        ],
        "Pragma": [
          "no-cache"
        ],
        "Location": [
          "https://management.azure.com/subscriptions/0b1f6471-1bf0-4dda-aec3-cb9272f09590/operationresults/eyJqb2JJZCI6IlJFU09VUkNFR1JPVVBERUxFVElPTkpPQi1KQVZBQ1NNUkc2MzA0LUVBU1RVUyIsImpvYkxvY2F0aW9uIjoiZWFzdHVzIn0?api-version=2017-05-10"
        ],
        "Retry-After": [
          "15"
        ],
        "x-ms-ratelimit-remaining-subscription-reads": [
          "11972"
        ],
        "x-ms-request-id": [
          "f03b21ba-253d-4599-8946-d6a86c004265"
        ],
        "x-ms-correlation-request-id": [
          "f03b21ba-253d-4599-8946-d6a86c004265"
        ],
        "x-ms-routing-request-id": [
          "WESTUS2:20190301T204706Z:f03b21ba-253d-4599-8946-d6a86c004265"
        ],
        "Strict-Transport-Security": [
          "max-age=31536000; includeSubDomains"
        ],
        "X-Content-Type-Options": [
          "nosniff"
        ],
        "Date": [
          "Fri, 01 Mar 2019 20:47:05 GMT"
        ],
        "Expires": [
          "-1"
        ],
        "Content-Length": [
          "0"
        ]
      },
      "ResponseBody": "",
      "StatusCode": 202
    },
    {
      "RequestUri": "/subscriptions/0b1f6471-1bf0-4dda-aec3-cb9272f09590/operationresults/eyJqb2JJZCI6IlJFU09VUkNFR1JPVVBERUxFVElPTkpPQi1KQVZBQ1NNUkc2MzA0LUVBU1RVUyIsImpvYkxvY2F0aW9uIjoiZWFzdHVzIn0?api-version=2017-05-10",
      "EncodedRequestUri": "L3N1YnNjcmlwdGlvbnMvMGIxZjY0NzEtMWJmMC00ZGRhLWFlYzMtY2I5MjcyZjA5NTkwL29wZXJhdGlvbnJlc3VsdHMvZXlKcWIySkpaQ0k2SWxKRlUwOVZVa05GUjFKUFZWQkVSVXhGVkVsUFRrcFBRaTFLUVZaQlExTk5Va2MyTXpBMExVVkJVMVJWVXlJc0ltcHZZa3h2WTJGMGFXOXVJam9pWldGemRIVnpJbjA/YXBpLXZlcnNpb249MjAxNy0wNS0xMA==",
      "RequestMethod": "GET",
      "RequestBody": "",
      "RequestHeaders": {
        "User-Agent": [
          "FxVersion/4.6.26725.06",
          "OSName/Windows",
          "OSVersion/Microsoft.Windows.10.0.17763.",
          "Microsoft.Azure.Management.ResourceManager.Fluent.ResourceManagementClient/1.19.0.0",
          "MacAddressHash/1706214d8731cf2405675fdf5fb8b4bf75f06e7a9bb34e8d93f8f4a5d61acc28"
        ]
      },
      "ResponseHeaders": {
        "Cache-Control": [
          "no-cache"
        ],
        "Pragma": [
          "no-cache"
        ],
        "Location": [
          "https://management.azure.com/subscriptions/0b1f6471-1bf0-4dda-aec3-cb9272f09590/operationresults/eyJqb2JJZCI6IlJFU09VUkNFR1JPVVBERUxFVElPTkpPQi1KQVZBQ1NNUkc2MzA0LUVBU1RVUyIsImpvYkxvY2F0aW9uIjoiZWFzdHVzIn0?api-version=2017-05-10"
        ],
        "Retry-After": [
          "15"
        ],
        "x-ms-ratelimit-remaining-subscription-reads": [
          "11971"
        ],
        "x-ms-request-id": [
          "ca6e7bf0-8514-443c-aea2-2a18afd00eb5"
        ],
        "x-ms-correlation-request-id": [
          "ca6e7bf0-8514-443c-aea2-2a18afd00eb5"
        ],
        "x-ms-routing-request-id": [
          "WESTUS2:20190301T204721Z:ca6e7bf0-8514-443c-aea2-2a18afd00eb5"
        ],
        "Strict-Transport-Security": [
          "max-age=31536000; includeSubDomains"
        ],
        "X-Content-Type-Options": [
          "nosniff"
        ],
        "Date": [
          "Fri, 01 Mar 2019 20:47:21 GMT"
        ],
        "Expires": [
          "-1"
        ],
        "Content-Length": [
          "0"
        ]
      },
      "ResponseBody": "",
      "StatusCode": 202
    },
    {
      "RequestUri": "/subscriptions/0b1f6471-1bf0-4dda-aec3-cb9272f09590/operationresults/eyJqb2JJZCI6IlJFU09VUkNFR1JPVVBERUxFVElPTkpPQi1KQVZBQ1NNUkc2MzA0LUVBU1RVUyIsImpvYkxvY2F0aW9uIjoiZWFzdHVzIn0?api-version=2017-05-10",
      "EncodedRequestUri": "L3N1YnNjcmlwdGlvbnMvMGIxZjY0NzEtMWJmMC00ZGRhLWFlYzMtY2I5MjcyZjA5NTkwL29wZXJhdGlvbnJlc3VsdHMvZXlKcWIySkpaQ0k2SWxKRlUwOVZVa05GUjFKUFZWQkVSVXhGVkVsUFRrcFBRaTFLUVZaQlExTk5Va2MyTXpBMExVVkJVMVJWVXlJc0ltcHZZa3h2WTJGMGFXOXVJam9pWldGemRIVnpJbjA/YXBpLXZlcnNpb249MjAxNy0wNS0xMA==",
      "RequestMethod": "GET",
      "RequestBody": "",
      "RequestHeaders": {
        "User-Agent": [
          "FxVersion/4.6.26725.06",
          "OSName/Windows",
          "OSVersion/Microsoft.Windows.10.0.17763.",
          "Microsoft.Azure.Management.ResourceManager.Fluent.ResourceManagementClient/1.19.0.0",
          "MacAddressHash/1706214d8731cf2405675fdf5fb8b4bf75f06e7a9bb34e8d93f8f4a5d61acc28"
        ]
      },
      "ResponseHeaders": {
        "Cache-Control": [
          "no-cache"
        ],
        "Pragma": [
          "no-cache"
        ],
        "x-ms-ratelimit-remaining-subscription-reads": [
          "11970"
        ],
        "x-ms-request-id": [
          "b1a25685-6ae6-46bf-b43e-43a20794f36a"
        ],
        "x-ms-correlation-request-id": [
          "b1a25685-6ae6-46bf-b43e-43a20794f36a"
        ],
        "x-ms-routing-request-id": [
          "WESTUS2:20190301T204737Z:b1a25685-6ae6-46bf-b43e-43a20794f36a"
        ],
        "Strict-Transport-Security": [
          "max-age=31536000; includeSubDomains"
        ],
        "X-Content-Type-Options": [
          "nosniff"
        ],
        "Date": [
          "Fri, 01 Mar 2019 20:47:36 GMT"
        ],
        "Expires": [
          "-1"
        ],
        "Content-Length": [
          "0"
        ]
      },
      "ResponseBody": "",
      "StatusCode": 200
    },
    {
      "RequestUri": "/subscriptions/0b1f6471-1bf0-4dda-aec3-cb9272f09590/operationresults/eyJqb2JJZCI6IlJFU09VUkNFR1JPVVBERUxFVElPTkpPQi1KQVZBQ1NNUkc2MzA0LUVBU1RVUyIsImpvYkxvY2F0aW9uIjoiZWFzdHVzIn0?api-version=2017-05-10",
      "EncodedRequestUri": "L3N1YnNjcmlwdGlvbnMvMGIxZjY0NzEtMWJmMC00ZGRhLWFlYzMtY2I5MjcyZjA5NTkwL29wZXJhdGlvbnJlc3VsdHMvZXlKcWIySkpaQ0k2SWxKRlUwOVZVa05GUjFKUFZWQkVSVXhGVkVsUFRrcFBRaTFLUVZaQlExTk5Va2MyTXpBMExVVkJVMVJWVXlJc0ltcHZZa3h2WTJGMGFXOXVJam9pWldGemRIVnpJbjA/YXBpLXZlcnNpb249MjAxNy0wNS0xMA==",
      "RequestMethod": "GET",
      "RequestBody": "",
      "RequestHeaders": {
        "User-Agent": [
          "FxVersion/4.6.26725.06",
          "OSName/Windows",
          "OSVersion/Microsoft.Windows.10.0.17763.",
          "Microsoft.Azure.Management.ResourceManager.Fluent.ResourceManagementClient/1.19.0.0",
          "MacAddressHash/1706214d8731cf2405675fdf5fb8b4bf75f06e7a9bb34e8d93f8f4a5d61acc28"
        ]
      },
      "ResponseHeaders": {
        "Cache-Control": [
          "no-cache"
        ],
        "Pragma": [
          "no-cache"
        ],
        "x-ms-ratelimit-remaining-subscription-reads": [
          "11969"
        ],
        "x-ms-request-id": [
          "3331816f-c5b4-45f7-83e1-7d82526c6635"
        ],
        "x-ms-correlation-request-id": [
          "3331816f-c5b4-45f7-83e1-7d82526c6635"
        ],
        "x-ms-routing-request-id": [
          "WESTUS2:20190301T204737Z:3331816f-c5b4-45f7-83e1-7d82526c6635"
        ],
        "Strict-Transport-Security": [
          "max-age=31536000; includeSubDomains"
        ],
        "X-Content-Type-Options": [
          "nosniff"
        ],
        "Date": [
          "Fri, 01 Mar 2019 20:47:36 GMT"
        ],
        "Expires": [
          "-1"
        ],
        "Content-Length": [
          "0"
        ]
      },
      "ResponseBody": "",
      "StatusCode": 200
    }
  ],
  "Names": {
    "CanCreateWithCustomScriptExtension": [
      "javacsmrg6304",
      "vmss6618",
      "vmssvnet6717",
      "extlb1-1556",
      "stg9396",
      "stg25403"
    ]
  },
  "Variables": {
    "ServicePrincipal": "39e3d217-cb72-4b90-8532-394a7e784d93",
    "AADTenant": "54826b22-38d6-4fb2-bad9-b7b93a3e9c5a",
    "SubscriptionId": "0b1f6471-1bf0-4dda-aec3-cb9272f09590"
  }
}