{
  "Entries": [
    {
      "RequestUri": "/subscriptions/0b1f6471-1bf0-4dda-aec3-cb9272f09590/resourcegroups/javacsmrg2147?api-version=2017-05-10",
      "EncodedRequestUri": "L3N1YnNjcmlwdGlvbnMvMGIxZjY0NzEtMWJmMC00ZGRhLWFlYzMtY2I5MjcyZjA5NTkwL3Jlc291cmNlZ3JvdXBzL2phdmFjc21yZzIxNDc/YXBpLXZlcnNpb249MjAxNy0wNS0xMA==",
      "RequestMethod": "PUT",
      "RequestBody": "{\r\n  \"location\": \"eastus2\"\r\n}",
      "RequestHeaders": {
        "Content-Type": [
          "application/json; charset=utf-8"
        ],
        "Content-Length": [
          "29"
        ],
        "x-ms-client-request-id": [
          "b6dbffcd-12d4-44ef-b3a3-3f64ff53f60a"
        ],
        "accept-language": [
          "en-US"
        ],
        "User-Agent": [
          "FxVersion/4.6.25211.01",
          "Microsoft.Azure.Management.ResourceManager.Fluent.ResourceManagementClient/1.8.0.0",
          "MacAddressHash/1a7db1f3023c8cc9a72984005b4db786d257d09f868c7e111d4bf514b71b7890"
        ]
      },
      "ResponseBody": "{\r\n  \"id\": \"/subscriptions/0b1f6471-1bf0-4dda-aec3-cb9272f09590/resourceGroups/javacsmrg2147\",\r\n  \"name\": \"javacsmrg2147\",\r\n  \"location\": \"eastus2\",\r\n  \"properties\": {\r\n    \"provisioningState\": \"Succeeded\"\r\n  }\r\n}",
      "ResponseHeaders": {
        "Content-Length": [
          "180"
        ],
        "Content-Type": [
          "application/json; charset=utf-8"
        ],
        "Expires": [
          "-1"
        ],
        "Cache-Control": [
          "no-cache"
        ],
        "Date": [
          "Sat, 14 Apr 2018 05:34:37 GMT"
        ],
        "Pragma": [
          "no-cache"
        ],
        "x-ms-ratelimit-remaining-subscription-writes": [
          "1196"
        ],
        "x-ms-request-id": [
          "1e1949fb-f772-47bf-8034-34509c3827aa"
        ],
        "x-ms-correlation-request-id": [
          "1e1949fb-f772-47bf-8034-34509c3827aa"
        ],
        "x-ms-routing-request-id": [
          "WESTUS2:20180414T053438Z:1e1949fb-f772-47bf-8034-34509c3827aa"
        ],
        "Strict-Transport-Security": [
          "max-age=31536000; includeSubDomains"
        ],
        "X-Content-Type-Options": [
          "nosniff"
        ]
      },
      "StatusCode": 201
    },
    {
      "RequestUri": "/subscriptions/0b1f6471-1bf0-4dda-aec3-cb9272f09590/resourceGroups/javacsmrg2147/providers/Microsoft.Network/virtualNetworks/vmssvnet?api-version=2018-02-01",
      "EncodedRequestUri": "L3N1YnNjcmlwdGlvbnMvMGIxZjY0NzEtMWJmMC00ZGRhLWFlYzMtY2I5MjcyZjA5NTkwL3Jlc291cmNlR3JvdXBzL2phdmFjc21yZzIxNDcvcHJvdmlkZXJzL01pY3Jvc29mdC5OZXR3b3JrL3ZpcnR1YWxOZXR3b3Jrcy92bXNzdm5ldD9hcGktdmVyc2lvbj0yMDE4LTAyLTAx",
      "RequestMethod": "PUT",
      "RequestBody": "{\r\n  \"properties\": {\r\n    \"addressSpace\": {\r\n      \"addressPrefixes\": [\r\n        \"10.0.0.0/28\"\r\n      ]\r\n    },\r\n    \"dhcpOptions\": {\r\n      \"dnsServers\": []\r\n    },\r\n    \"subnets\": [\r\n      {\r\n        \"properties\": {\r\n          \"addressPrefix\": \"10.0.0.0/28\"\r\n        },\r\n        \"name\": \"subnet1\"\r\n      }\r\n    ]\r\n  },\r\n  \"location\": \"eastus2\",\r\n  \"tags\": {}\r\n}",
      "RequestHeaders": {
        "Content-Type": [
          "application/json; charset=utf-8"
        ],
        "Content-Length": [
          "363"
        ],
        "x-ms-client-request-id": [
          "3acf4285-1d7f-4599-b0dc-b076cb9cb532"
        ],
        "accept-language": [
          "en-US"
        ],
        "User-Agent": [
          "FxVersion/4.6.25211.01",
          "Microsoft.Azure.Management.Network.Fluent.NetworkManagementClient/1.8.0.0",
          "MacAddressHash/1a7db1f3023c8cc9a72984005b4db786d257d09f868c7e111d4bf514b71b7890"
        ]
      },
      "ResponseBody": "{\r\n  \"name\": \"vmssvnet\",\r\n  \"id\": \"/subscriptions/0b1f6471-1bf0-4dda-aec3-cb9272f09590/resourceGroups/javacsmrg2147/providers/Microsoft.Network/virtualNetworks/vmssvnet\",\r\n  \"etag\": \"W/\\\"8346a284-884e-44c7-9054-99dd7f153a61\\\"\",\r\n  \"type\": \"Microsoft.Network/virtualNetworks\",\r\n  \"location\": \"eastus2\",\r\n  \"tags\": {},\r\n  \"properties\": {\r\n    \"provisioningState\": \"Updating\",\r\n    \"resourceGuid\": \"bd133f2e-3dc7-4fb8-84db-cc3303dcdb45\",\r\n    \"addressSpace\": {\r\n      \"addressPrefixes\": [\r\n        \"10.0.0.0/28\"\r\n      ]\r\n    },\r\n    \"dhcpOptions\": {\r\n      \"dnsServers\": []\r\n    },\r\n    \"subnets\": [\r\n      {\r\n        \"name\": \"subnet1\",\r\n        \"id\": \"/subscriptions/0b1f6471-1bf0-4dda-aec3-cb9272f09590/resourceGroups/javacsmrg2147/providers/Microsoft.Network/virtualNetworks/vmssvnet/subnets/subnet1\",\r\n        \"etag\": \"W/\\\"8346a284-884e-44c7-9054-99dd7f153a61\\\"\",\r\n        \"properties\": {\r\n          \"provisioningState\": \"Updating\",\r\n          \"addressPrefix\": \"10.0.0.0/28\"\r\n        }\r\n      }\r\n    ],\r\n    \"virtualNetworkPeerings\": [],\r\n    \"enableDdosProtection\": false,\r\n    \"enableVmProtection\": false\r\n  }\r\n}",
      "ResponseHeaders": {
        "Content-Length": [
          "1116"
        ],
        "Content-Type": [
          "application/json; charset=utf-8"
        ],
        "Expires": [
          "-1"
        ],
        "Cache-Control": [
          "no-cache"
        ],
        "Date": [
          "Sat, 14 Apr 2018 05:34:39 GMT"
        ],
        "Pragma": [
          "no-cache"
        ],
        "Retry-After": [
          "3"
        ],
        "Server": [
          "Microsoft-HTTPAPI/2.0",
          "Microsoft-HTTPAPI/2.0"
        ],
        "x-ms-request-id": [
          "bcd707dc-2116-49b3-a35d-69cd04fc1d48"
        ],
        "Azure-AsyncOperation": [
          "https://management.azure.com/subscriptions/0b1f6471-1bf0-4dda-aec3-cb9272f09590/providers/Microsoft.Network/locations/eastus2/operations/bcd707dc-2116-49b3-a35d-69cd04fc1d48?api-version=2018-02-01"
        ],
        "Strict-Transport-Security": [
          "max-age=31536000; includeSubDomains"
        ],
        "x-ms-ratelimit-remaining-subscription-writes": [
          "1195"
        ],
        "x-ms-correlation-request-id": [
          "750d9daa-0a59-4154-99ce-b15ad2da0ab2"
        ],
        "x-ms-routing-request-id": [
          "WESTUS2:20180414T053440Z:750d9daa-0a59-4154-99ce-b15ad2da0ab2"
        ],
        "X-Content-Type-Options": [
          "nosniff"
        ]
      },
      "StatusCode": 201
    },
    {
      "RequestUri": "/subscriptions/0b1f6471-1bf0-4dda-aec3-cb9272f09590/providers/Microsoft.Network/locations/eastus2/operations/bcd707dc-2116-49b3-a35d-69cd04fc1d48?api-version=2018-02-01",
      "EncodedRequestUri": "L3N1YnNjcmlwdGlvbnMvMGIxZjY0NzEtMWJmMC00ZGRhLWFlYzMtY2I5MjcyZjA5NTkwL3Byb3ZpZGVycy9NaWNyb3NvZnQuTmV0d29yay9sb2NhdGlvbnMvZWFzdHVzMi9vcGVyYXRpb25zL2JjZDcwN2RjLTIxMTYtNDliMy1hMzVkLTY5Y2QwNGZjMWQ0OD9hcGktdmVyc2lvbj0yMDE4LTAyLTAx",
      "RequestMethod": "GET",
      "RequestBody": "",
      "RequestHeaders": {
        "User-Agent": [
          "FxVersion/4.6.25211.01",
          "Microsoft.Azure.Management.Network.Fluent.NetworkManagementClient/1.8.0.0",
          "MacAddressHash/1a7db1f3023c8cc9a72984005b4db786d257d09f868c7e111d4bf514b71b7890"
        ]
      },
      "ResponseBody": "{\r\n  \"status\": \"Succeeded\"\r\n}",
      "ResponseHeaders": {
        "Content-Type": [
          "application/json; charset=utf-8"
        ],
        "Expires": [
          "-1"
        ],
        "Cache-Control": [
          "no-cache"
        ],
        "Date": [
          "Sat, 14 Apr 2018 05:34:50 GMT"
        ],
        "Pragma": [
          "no-cache"
        ],
        "Transfer-Encoding": [
          "chunked"
        ],
        "Server": [
          "Microsoft-HTTPAPI/2.0",
          "Microsoft-HTTPAPI/2.0"
        ],
        "Vary": [
          "Accept-Encoding"
        ],
        "x-ms-request-id": [
          "e614ef7b-161b-4594-8d93-5defd94e2d7c"
        ],
        "Strict-Transport-Security": [
          "max-age=31536000; includeSubDomains"
        ],
        "x-ms-ratelimit-remaining-subscription-reads": [
          "14991"
        ],
        "x-ms-correlation-request-id": [
          "45a74efe-6391-4d96-aa22-7e4b0d07a943"
        ],
        "x-ms-routing-request-id": [
          "WESTUS2:20180414T053450Z:45a74efe-6391-4d96-aa22-7e4b0d07a943"
        ],
        "X-Content-Type-Options": [
          "nosniff"
        ]
      },
      "StatusCode": 200
    },
    {
      "RequestUri": "/subscriptions/0b1f6471-1bf0-4dda-aec3-cb9272f09590/resourceGroups/javacsmrg2147/providers/Microsoft.Network/virtualNetworks/vmssvnet?api-version=2018-02-01",
      "EncodedRequestUri": "L3N1YnNjcmlwdGlvbnMvMGIxZjY0NzEtMWJmMC00ZGRhLWFlYzMtY2I5MjcyZjA5NTkwL3Jlc291cmNlR3JvdXBzL2phdmFjc21yZzIxNDcvcHJvdmlkZXJzL01pY3Jvc29mdC5OZXR3b3JrL3ZpcnR1YWxOZXR3b3Jrcy92bXNzdm5ldD9hcGktdmVyc2lvbj0yMDE4LTAyLTAx",
      "RequestMethod": "GET",
      "RequestBody": "",
      "RequestHeaders": {
        "User-Agent": [
          "FxVersion/4.6.25211.01",
          "Microsoft.Azure.Management.Network.Fluent.NetworkManagementClient/1.8.0.0",
          "MacAddressHash/1a7db1f3023c8cc9a72984005b4db786d257d09f868c7e111d4bf514b71b7890"
        ]
      },
      "ResponseBody": "{\r\n  \"name\": \"vmssvnet\",\r\n  \"id\": \"/subscriptions/0b1f6471-1bf0-4dda-aec3-cb9272f09590/resourceGroups/javacsmrg2147/providers/Microsoft.Network/virtualNetworks/vmssvnet\",\r\n  \"etag\": \"W/\\\"50379174-c954-498a-8cbe-5f1e02703769\\\"\",\r\n  \"type\": \"Microsoft.Network/virtualNetworks\",\r\n  \"location\": \"eastus2\",\r\n  \"tags\": {},\r\n  \"properties\": {\r\n    \"provisioningState\": \"Succeeded\",\r\n    \"resourceGuid\": \"bd133f2e-3dc7-4fb8-84db-cc3303dcdb45\",\r\n    \"addressSpace\": {\r\n      \"addressPrefixes\": [\r\n        \"10.0.0.0/28\"\r\n      ]\r\n    },\r\n    \"dhcpOptions\": {\r\n      \"dnsServers\": []\r\n    },\r\n    \"subnets\": [\r\n      {\r\n        \"name\": \"subnet1\",\r\n        \"id\": \"/subscriptions/0b1f6471-1bf0-4dda-aec3-cb9272f09590/resourceGroups/javacsmrg2147/providers/Microsoft.Network/virtualNetworks/vmssvnet/subnets/subnet1\",\r\n        \"etag\": \"W/\\\"50379174-c954-498a-8cbe-5f1e02703769\\\"\",\r\n        \"properties\": {\r\n          \"provisioningState\": \"Succeeded\",\r\n          \"addressPrefix\": \"10.0.0.0/28\"\r\n        }\r\n      }\r\n    ],\r\n    \"virtualNetworkPeerings\": [],\r\n    \"enableDdosProtection\": false,\r\n    \"enableVmProtection\": false\r\n  }\r\n}",
      "ResponseHeaders": {
        "Content-Type": [
          "application/json; charset=utf-8"
        ],
        "Expires": [
          "-1"
        ],
        "Cache-Control": [
          "no-cache"
        ],
        "Date": [
          "Sat, 14 Apr 2018 05:34:50 GMT"
        ],
        "Pragma": [
          "no-cache"
        ],
        "Transfer-Encoding": [
          "chunked"
        ],
        "ETag": [
          "W/\"50379174-c954-498a-8cbe-5f1e02703769\""
        ],
        "Server": [
          "Microsoft-HTTPAPI/2.0",
          "Microsoft-HTTPAPI/2.0"
        ],
        "Vary": [
          "Accept-Encoding"
        ],
        "x-ms-request-id": [
          "b179f0d5-4a6b-4767-9dc1-ba1f0dff5349"
        ],
        "Strict-Transport-Security": [
          "max-age=31536000; includeSubDomains"
        ],
        "x-ms-ratelimit-remaining-subscription-reads": [
          "14990"
        ],
        "x-ms-correlation-request-id": [
          "4b6304c7-0f22-4135-84c3-e4a8157a3917"
        ],
        "x-ms-routing-request-id": [
          "WESTUS2:20180414T053451Z:4b6304c7-0f22-4135-84c3-e4a8157a3917"
        ],
        "X-Content-Type-Options": [
          "nosniff"
        ]
      },
      "StatusCode": 200
    },
    {
      "RequestUri": "/subscriptions/0b1f6471-1bf0-4dda-aec3-cb9272f09590/resourceGroups/javacsmrg2147/providers/Microsoft.Network/virtualNetworks/vmssvnet?api-version=2018-02-01",
      "EncodedRequestUri": "L3N1YnNjcmlwdGlvbnMvMGIxZjY0NzEtMWJmMC00ZGRhLWFlYzMtY2I5MjcyZjA5NTkwL3Jlc291cmNlR3JvdXBzL2phdmFjc21yZzIxNDcvcHJvdmlkZXJzL01pY3Jvc29mdC5OZXR3b3JrL3ZpcnR1YWxOZXR3b3Jrcy92bXNzdm5ldD9hcGktdmVyc2lvbj0yMDE4LTAyLTAx",
      "RequestMethod": "GET",
      "RequestBody": "",
      "RequestHeaders": {
        "x-ms-client-request-id": [
          "bab7dba3-b8ff-4d29-910a-a71d9c115498"
        ],
        "accept-language": [
          "en-US"
        ],
        "User-Agent": [
          "FxVersion/4.6.25211.01",
          "Microsoft.Azure.Management.Network.Fluent.NetworkManagementClient/1.8.0.0",
          "MacAddressHash/1a7db1f3023c8cc9a72984005b4db786d257d09f868c7e111d4bf514b71b7890"
        ]
      },
      "ResponseBody": "{\r\n  \"name\": \"vmssvnet\",\r\n  \"id\": \"/subscriptions/0b1f6471-1bf0-4dda-aec3-cb9272f09590/resourceGroups/javacsmrg2147/providers/Microsoft.Network/virtualNetworks/vmssvnet\",\r\n  \"etag\": \"W/\\\"0a464cb4-e972-4974-9bc1-af25cca746fa\\\"\",\r\n  \"type\": \"Microsoft.Network/virtualNetworks\",\r\n  \"location\": \"eastus2\",\r\n  \"tags\": {},\r\n  \"properties\": {\r\n    \"provisioningState\": \"Succeeded\",\r\n    \"resourceGuid\": \"bd133f2e-3dc7-4fb8-84db-cc3303dcdb45\",\r\n    \"addressSpace\": {\r\n      \"addressPrefixes\": [\r\n        \"10.0.0.0/28\"\r\n      ]\r\n    },\r\n    \"dhcpOptions\": {\r\n      \"dnsServers\": []\r\n    },\r\n    \"subnets\": [\r\n      {\r\n        \"name\": \"subnet1\",\r\n        \"id\": \"/subscriptions/0b1f6471-1bf0-4dda-aec3-cb9272f09590/resourceGroups/javacsmrg2147/providers/Microsoft.Network/virtualNetworks/vmssvnet/subnets/subnet1\",\r\n        \"etag\": \"W/\\\"0a464cb4-e972-4974-9bc1-af25cca746fa\\\"\",\r\n        \"properties\": {\r\n          \"provisioningState\": \"Succeeded\",\r\n          \"addressPrefix\": \"10.0.0.0/28\",\r\n          \"ipConfigurations\": [\r\n            {\r\n              \"id\": \"/subscriptions/0b1f6471-1bf0-4dda-aec3-cb9272f09590/resourceGroups/javacsmrg2147/providers/Microsoft.Compute/virtualMachineScaleSets/vmss8871/virtualMachines/0/networkInterfaces/primary-nic-cfg/ipConfigurations/primary-nic-ip-cfg\"\r\n            },\r\n            {\r\n              \"id\": \"/subscriptions/0b1f6471-1bf0-4dda-aec3-cb9272f09590/resourceGroups/javacsmrg2147/providers/Microsoft.Compute/virtualMachineScaleSets/vmss8871/virtualMachines/1/networkInterfaces/primary-nic-cfg/ipConfigurations/primary-nic-ip-cfg\"\r\n            },\r\n            {\r\n              \"id\": \"/subscriptions/0b1f6471-1bf0-4dda-aec3-cb9272f09590/resourceGroups/javacsmrg2147/providers/Microsoft.Compute/virtualMachineScaleSets/vmss8871/virtualMachines/2/networkInterfaces/primary-nic-cfg/ipConfigurations/primary-nic-ip-cfg\"\r\n            },\r\n            {\r\n              \"id\": \"/subscriptions/0b1f6471-1bf0-4dda-aec3-cb9272f09590/resourceGroups/javacsmrg2147/providers/Microsoft.Compute/virtualMachineScaleSets/vmss8871/virtualMachines/3/networkInterfaces/primary-nic-cfg/ipConfigurations/primary-nic-ip-cfg\"\r\n            }\r\n          ]\r\n        }\r\n      }\r\n    ],\r\n    \"virtualNetworkPeerings\": [],\r\n    \"enableDdosProtection\": false,\r\n    \"enableVmProtection\": false\r\n  }\r\n}",
      "ResponseHeaders": {
        "Content-Type": [
          "application/json; charset=utf-8"
        ],
        "Expires": [
          "-1"
        ],
        "Cache-Control": [
          "no-cache"
        ],
        "Date": [
          "Sat, 14 Apr 2018 05:36:40 GMT"
        ],
        "Pragma": [
          "no-cache"
        ],
        "Transfer-Encoding": [
          "chunked"
        ],
        "ETag": [
          "W/\"0a464cb4-e972-4974-9bc1-af25cca746fa\""
        ],
        "Server": [
          "Microsoft-HTTPAPI/2.0",
          "Microsoft-HTTPAPI/2.0"
        ],
        "Vary": [
          "Accept-Encoding"
        ],
        "x-ms-request-id": [
          "9610b705-6a7b-4229-aebb-7b7732a85a44"
        ],
        "Strict-Transport-Security": [
          "max-age=31536000; includeSubDomains"
        ],
        "x-ms-ratelimit-remaining-subscription-reads": [
          "14977"
        ],
        "x-ms-correlation-request-id": [
          "a3dc5cce-a6cd-4024-9ad9-8cc9c3aa876b"
        ],
        "x-ms-routing-request-id": [
          "WESTUS2:20180414T053640Z:a3dc5cce-a6cd-4024-9ad9-8cc9c3aa876b"
        ],
        "X-Content-Type-Options": [
          "nosniff"
        ]
      },
      "StatusCode": 200
    },
    {
      "RequestUri": "/subscriptions/0b1f6471-1bf0-4dda-aec3-cb9272f09590/resourceGroups/javacsmrg2147/providers/Microsoft.Network/publicIPAddresses/pip-extlb1-7592?api-version=2018-02-01",
      "EncodedRequestUri": "L3N1YnNjcmlwdGlvbnMvMGIxZjY0NzEtMWJmMC00ZGRhLWFlYzMtY2I5MjcyZjA5NTkwL3Jlc291cmNlR3JvdXBzL2phdmFjc21yZzIxNDcvcHJvdmlkZXJzL01pY3Jvc29mdC5OZXR3b3JrL3B1YmxpY0lQQWRkcmVzc2VzL3BpcC1leHRsYjEtNzU5Mj9hcGktdmVyc2lvbj0yMDE4LTAyLTAx",
      "RequestMethod": "PUT",
      "RequestBody": "{\r\n  \"sku\": {\r\n    \"name\": \"Standard\"\r\n  },\r\n  \"properties\": {\r\n    \"publicIPAllocationMethod\": \"Static\",\r\n    \"dnsSettings\": {\r\n      \"domainNameLabel\": \"pip-extlb1-7592\"\r\n    }\r\n  },\r\n  \"location\": \"eastus2\",\r\n  \"tags\": {}\r\n}",
      "RequestHeaders": {
        "Content-Type": [
          "application/json; charset=utf-8"
        ],
        "Content-Length": [
          "227"
        ],
        "x-ms-client-request-id": [
          "b116b5fd-af7c-4e83-8bec-d50153041465"
        ],
        "accept-language": [
          "en-US"
        ],
        "User-Agent": [
          "FxVersion/4.6.25211.01",
          "Microsoft.Azure.Management.Network.Fluent.NetworkManagementClient/1.8.0.0",
          "MacAddressHash/1a7db1f3023c8cc9a72984005b4db786d257d09f868c7e111d4bf514b71b7890"
        ]
      },
      "ResponseBody": "{\r\n  \"name\": \"pip-extlb1-7592\",\r\n  \"id\": \"/subscriptions/0b1f6471-1bf0-4dda-aec3-cb9272f09590/resourceGroups/javacsmrg2147/providers/Microsoft.Network/publicIPAddresses/pip-extlb1-7592\",\r\n  \"etag\": \"W/\\\"4997ddbb-3df6-4f4a-8217-4f8cd5bfbc57\\\"\",\r\n  \"location\": \"eastus2\",\r\n  \"tags\": {},\r\n  \"properties\": {\r\n    \"provisioningState\": \"Updating\",\r\n    \"resourceGuid\": \"026aeea8-5803-4163-b579-8086527d96bd\",\r\n    \"publicIPAddressVersion\": \"IPv4\",\r\n    \"publicIPAllocationMethod\": \"Static\",\r\n    \"idleTimeoutInMinutes\": 4,\r\n    \"dnsSettings\": {\r\n      \"domainNameLabel\": \"pip-extlb1-7592\",\r\n      \"fqdn\": \"pip-extlb1-7592.eastus2.cloudapp.azure.com\"\r\n    },\r\n    \"ipTags\": []\r\n  },\r\n  \"type\": \"Microsoft.Network/publicIPAddresses\",\r\n  \"sku\": {\r\n    \"name\": \"Standard\",\r\n    \"tier\": \"Regional\"\r\n  }\r\n}",
      "ResponseHeaders": {
        "Content-Length": [
          "794"
        ],
        "Content-Type": [
          "application/json; charset=utf-8"
        ],
        "Expires": [
          "-1"
        ],
        "Cache-Control": [
          "no-cache"
        ],
        "Date": [
          "Sat, 14 Apr 2018 05:34:52 GMT"
        ],
        "Pragma": [
          "no-cache"
        ],
        "Retry-After": [
          "3"
        ],
        "Server": [
          "Microsoft-HTTPAPI/2.0",
          "Microsoft-HTTPAPI/2.0"
        ],
        "x-ms-request-id": [
          "ecd8f2d3-b0ca-4ecb-a2df-6bd6797794ec"
        ],
        "Azure-AsyncOperation": [
          "https://management.azure.com/subscriptions/0b1f6471-1bf0-4dda-aec3-cb9272f09590/providers/Microsoft.Network/locations/eastus2/operations/ecd8f2d3-b0ca-4ecb-a2df-6bd6797794ec?api-version=2018-02-01"
        ],
        "Strict-Transport-Security": [
          "max-age=31536000; includeSubDomains"
        ],
        "x-ms-ratelimit-remaining-subscription-writes": [
          "1194"
        ],
        "x-ms-correlation-request-id": [
          "34b81c8f-ddfd-46ea-be48-26669e24a55d"
        ],
        "x-ms-routing-request-id": [
          "WESTUS2:20180414T053453Z:34b81c8f-ddfd-46ea-be48-26669e24a55d"
        ],
        "X-Content-Type-Options": [
          "nosniff"
        ]
      },
      "StatusCode": 201
    },
    {
      "RequestUri": "/subscriptions/0b1f6471-1bf0-4dda-aec3-cb9272f09590/providers/Microsoft.Network/locations/eastus2/operations/ecd8f2d3-b0ca-4ecb-a2df-6bd6797794ec?api-version=2018-02-01",
      "EncodedRequestUri": "L3N1YnNjcmlwdGlvbnMvMGIxZjY0NzEtMWJmMC00ZGRhLWFlYzMtY2I5MjcyZjA5NTkwL3Byb3ZpZGVycy9NaWNyb3NvZnQuTmV0d29yay9sb2NhdGlvbnMvZWFzdHVzMi9vcGVyYXRpb25zL2VjZDhmMmQzLWIwY2EtNGVjYi1hMmRmLTZiZDY3OTc3OTRlYz9hcGktdmVyc2lvbj0yMDE4LTAyLTAx",
      "RequestMethod": "GET",
      "RequestBody": "",
      "RequestHeaders": {
        "User-Agent": [
          "FxVersion/4.6.25211.01",
          "Microsoft.Azure.Management.Network.Fluent.NetworkManagementClient/1.8.0.0",
          "MacAddressHash/1a7db1f3023c8cc9a72984005b4db786d257d09f868c7e111d4bf514b71b7890"
        ]
      },
      "ResponseBody": "{\r\n  \"status\": \"Succeeded\"\r\n}",
      "ResponseHeaders": {
        "Content-Type": [
          "application/json; charset=utf-8"
        ],
        "Expires": [
          "-1"
        ],
        "Cache-Control": [
          "no-cache"
        ],
        "Date": [
          "Sat, 14 Apr 2018 05:35:02 GMT"
        ],
        "Pragma": [
          "no-cache"
        ],
        "Transfer-Encoding": [
          "chunked"
        ],
        "Server": [
          "Microsoft-HTTPAPI/2.0",
          "Microsoft-HTTPAPI/2.0"
        ],
        "Vary": [
          "Accept-Encoding"
        ],
        "x-ms-request-id": [
          "7dd73047-f6a4-4047-b080-7332234b03aa"
        ],
        "Strict-Transport-Security": [
          "max-age=31536000; includeSubDomains"
        ],
        "x-ms-ratelimit-remaining-subscription-reads": [
          "14989"
        ],
        "x-ms-correlation-request-id": [
          "e8b0a09e-92b2-48d0-bdb2-9ce877cdbb13"
        ],
        "x-ms-routing-request-id": [
          "WESTUS2:20180414T053503Z:e8b0a09e-92b2-48d0-bdb2-9ce877cdbb13"
        ],
        "X-Content-Type-Options": [
          "nosniff"
        ]
      },
      "StatusCode": 200
    },
    {
      "RequestUri": "/subscriptions/0b1f6471-1bf0-4dda-aec3-cb9272f09590/resourceGroups/javacsmrg2147/providers/Microsoft.Network/publicIPAddresses/pip-extlb1-7592?api-version=2018-02-01",
      "EncodedRequestUri": "L3N1YnNjcmlwdGlvbnMvMGIxZjY0NzEtMWJmMC00ZGRhLWFlYzMtY2I5MjcyZjA5NTkwL3Jlc291cmNlR3JvdXBzL2phdmFjc21yZzIxNDcvcHJvdmlkZXJzL01pY3Jvc29mdC5OZXR3b3JrL3B1YmxpY0lQQWRkcmVzc2VzL3BpcC1leHRsYjEtNzU5Mj9hcGktdmVyc2lvbj0yMDE4LTAyLTAx",
      "RequestMethod": "GET",
      "RequestBody": "",
      "RequestHeaders": {
        "User-Agent": [
          "FxVersion/4.6.25211.01",
          "Microsoft.Azure.Management.Network.Fluent.NetworkManagementClient/1.8.0.0",
          "MacAddressHash/1a7db1f3023c8cc9a72984005b4db786d257d09f868c7e111d4bf514b71b7890"
        ]
      },
      "ResponseBody": "{\r\n  \"name\": \"pip-extlb1-7592\",\r\n  \"id\": \"/subscriptions/0b1f6471-1bf0-4dda-aec3-cb9272f09590/resourceGroups/javacsmrg2147/providers/Microsoft.Network/publicIPAddresses/pip-extlb1-7592\",\r\n  \"etag\": \"W/\\\"2d189165-e351-4967-883a-21eb25c40576\\\"\",\r\n  \"location\": \"eastus2\",\r\n  \"tags\": {},\r\n  \"properties\": {\r\n    \"provisioningState\": \"Succeeded\",\r\n    \"resourceGuid\": \"026aeea8-5803-4163-b579-8086527d96bd\",\r\n    \"ipAddress\": \"40.67.157.159\",\r\n    \"publicIPAddressVersion\": \"IPv4\",\r\n    \"publicIPAllocationMethod\": \"Static\",\r\n    \"idleTimeoutInMinutes\": 4,\r\n    \"dnsSettings\": {\r\n      \"domainNameLabel\": \"pip-extlb1-7592\",\r\n      \"fqdn\": \"pip-extlb1-7592.eastus2.cloudapp.azure.com\"\r\n    },\r\n    \"ipTags\": []\r\n  },\r\n  \"type\": \"Microsoft.Network/publicIPAddresses\",\r\n  \"sku\": {\r\n    \"name\": \"Standard\",\r\n    \"tier\": \"Regional\"\r\n  }\r\n}",
      "ResponseHeaders": {
        "Content-Type": [
          "application/json; charset=utf-8"
        ],
        "Expires": [
          "-1"
        ],
        "Cache-Control": [
          "no-cache"
        ],
        "Date": [
          "Sat, 14 Apr 2018 05:35:02 GMT"
        ],
        "Pragma": [
          "no-cache"
        ],
        "Transfer-Encoding": [
          "chunked"
        ],
        "ETag": [
          "W/\"2d189165-e351-4967-883a-21eb25c40576\""
        ],
        "Server": [
          "Microsoft-HTTPAPI/2.0",
          "Microsoft-HTTPAPI/2.0"
        ],
        "Vary": [
          "Accept-Encoding"
        ],
        "x-ms-request-id": [
          "b2b146d9-39a1-4b30-9705-9570012e2248"
        ],
        "Strict-Transport-Security": [
          "max-age=31536000; includeSubDomains"
        ],
        "x-ms-ratelimit-remaining-subscription-reads": [
          "14988"
        ],
        "x-ms-correlation-request-id": [
          "09412416-631a-42f2-a9c3-a9fc4e02d370"
        ],
        "x-ms-routing-request-id": [
          "WESTUS2:20180414T053503Z:09412416-631a-42f2-a9c3-a9fc4e02d370"
        ],
        "X-Content-Type-Options": [
          "nosniff"
        ]
      },
      "StatusCode": 200
    },
    {
      "RequestUri": "/subscriptions/0b1f6471-1bf0-4dda-aec3-cb9272f09590/resourceGroups/javacsmrg2147/providers/Microsoft.Network/loadBalancers/extlb1-7592?api-version=2018-02-01",
      "EncodedRequestUri": "L3N1YnNjcmlwdGlvbnMvMGIxZjY0NzEtMWJmMC00ZGRhLWFlYzMtY2I5MjcyZjA5NTkwL3Jlc291cmNlR3JvdXBzL2phdmFjc21yZzIxNDcvcHJvdmlkZXJzL01pY3Jvc29mdC5OZXR3b3JrL2xvYWRCYWxhbmNlcnMvZXh0bGIxLTc1OTI/YXBpLXZlcnNpb249MjAxOC0wMi0wMQ==",
      "RequestMethod": "PUT",
      "RequestBody": "{\r\n  \"sku\": {\r\n    \"name\": \"Standard\"\r\n  },\r\n  \"properties\": {\r\n    \"frontendIPConfigurations\": [\r\n      {\r\n        \"properties\": {\r\n          \"publicIPAddress\": {\r\n            \"id\": \"/subscriptions/0b1f6471-1bf0-4dda-aec3-cb9272f09590/resourceGroups/javacsmrg2147/providers/Microsoft.Network/publicIPAddresses/pip-extlb1-7592\"\r\n          }\r\n        },\r\n        \"name\": \"extlb1-7592-FE1\"\r\n      }\r\n    ],\r\n    \"backendAddressPools\": [\r\n      {\r\n        \"name\": \"extlb1-7592-BAP1\"\r\n      },\r\n      {\r\n        \"name\": \"extlb1-7592-BAP2\"\r\n      }\r\n    ],\r\n    \"loadBalancingRules\": [\r\n      {\r\n        \"properties\": {\r\n          \"frontendIPConfiguration\": {\r\n            \"id\": \"/subscriptions/0b1f6471-1bf0-4dda-aec3-cb9272f09590/resourceGroups/javacsmrg2147/providers/Microsoft.Network/loadBalancers/extlb1-7592/frontendIPConfigurations/extlb1-7592-FE1\"\r\n          },\r\n          \"backendAddressPool\": {\r\n            \"id\": \"/subscriptions/0b1f6471-1bf0-4dda-aec3-cb9272f09590/resourceGroups/javacsmrg2147/providers/Microsoft.Network/loadBalancers/extlb1-7592/backendAddressPools/extlb1-7592-BAP1\"\r\n          },\r\n          \"probe\": {\r\n            \"id\": \"/subscriptions/0b1f6471-1bf0-4dda-aec3-cb9272f09590/resourceGroups/javacsmrg2147/providers/Microsoft.Network/loadBalancers/extlb1-7592/probes/httpProbe\"\r\n          },\r\n          \"protocol\": \"Tcp\",\r\n          \"frontendPort\": 80,\r\n          \"backendPort\": 80\r\n        },\r\n        \"name\": \"httpRule\"\r\n      },\r\n      {\r\n        \"properties\": {\r\n          \"frontendIPConfiguration\": {\r\n            \"id\": \"/subscriptions/0b1f6471-1bf0-4dda-aec3-cb9272f09590/resourceGroups/javacsmrg2147/providers/Microsoft.Network/loadBalancers/extlb1-7592/frontendIPConfigurations/extlb1-7592-FE1\"\r\n          },\r\n          \"backendAddressPool\": {\r\n            \"id\": \"/subscriptions/0b1f6471-1bf0-4dda-aec3-cb9272f09590/resourceGroups/javacsmrg2147/providers/Microsoft.Network/loadBalancers/extlb1-7592/backendAddressPools/extlb1-7592-BAP2\"\r\n          },\r\n          \"probe\": {\r\n            \"id\": \"/subscriptions/0b1f6471-1bf0-4dda-aec3-cb9272f09590/resourceGroups/javacsmrg2147/providers/Microsoft.Network/loadBalancers/extlb1-7592/probes/httpsProbe\"\r\n          },\r\n          \"protocol\": \"Tcp\",\r\n          \"frontendPort\": 443,\r\n          \"backendPort\": 443\r\n        },\r\n        \"name\": \"httpsRule\"\r\n      }\r\n    ],\r\n    \"probes\": [\r\n      {\r\n        \"properties\": {\r\n          \"protocol\": \"Http\",\r\n          \"port\": 80,\r\n          \"requestPath\": \"/\"\r\n        },\r\n        \"name\": \"httpProbe\"\r\n      },\r\n      {\r\n        \"properties\": {\r\n          \"protocol\": \"Http\",\r\n          \"port\": 80,\r\n          \"requestPath\": \"/\"\r\n        },\r\n        \"name\": \"httpsProbe\"\r\n      }\r\n    ],\r\n    \"inboundNatRules\": [],\r\n    \"inboundNatPools\": [\r\n      {\r\n        \"properties\": {\r\n          \"frontendIPConfiguration\": {\r\n            \"id\": \"/subscriptions/0b1f6471-1bf0-4dda-aec3-cb9272f09590/resourceGroups/javacsmrg2147/providers/Microsoft.Network/loadBalancers/extlb1-7592/frontendIPConfigurations/extlb1-7592-FE1\"\r\n          },\r\n          \"protocol\": \"Tcp\",\r\n          \"frontendPortRangeStart\": 5000,\r\n          \"frontendPortRangeEnd\": 5099,\r\n          \"backendPort\": 22\r\n        },\r\n        \"name\": \"extlb1-7592-INP1\"\r\n      },\r\n      {\r\n        \"properties\": {\r\n          \"frontendIPConfiguration\": {\r\n            \"id\": \"/subscriptions/0b1f6471-1bf0-4dda-aec3-cb9272f09590/resourceGroups/javacsmrg2147/providers/Microsoft.Network/loadBalancers/extlb1-7592/frontendIPConfigurations/extlb1-7592-FE1\"\r\n          },\r\n          \"protocol\": \"Tcp\",\r\n          \"frontendPortRangeStart\": 6000,\r\n          \"frontendPortRangeEnd\": 6099,\r\n          \"backendPort\": 23\r\n        },\r\n        \"name\": \"extlb1-7592-INP2\"\r\n      }\r\n    ]\r\n  },\r\n  \"location\": \"eastus2\",\r\n  \"tags\": {}\r\n}",
      "RequestHeaders": {
        "Content-Type": [
          "application/json; charset=utf-8"
        ],
        "Content-Length": [
          "3787"
        ],
        "x-ms-client-request-id": [
          "c49246f0-0a55-4bb5-8dfc-f4ff31d97f10"
        ],
        "accept-language": [
          "en-US"
        ],
        "User-Agent": [
          "FxVersion/4.6.25211.01",
          "Microsoft.Azure.Management.Network.Fluent.NetworkManagementClient/1.8.0.0",
          "MacAddressHash/1a7db1f3023c8cc9a72984005b4db786d257d09f868c7e111d4bf514b71b7890"
        ]
      },
      "ResponseBody": "{\r\n  \"name\": \"extlb1-7592\",\r\n  \"id\": \"/subscriptions/0b1f6471-1bf0-4dda-aec3-cb9272f09590/resourceGroups/javacsmrg2147/providers/Microsoft.Network/loadBalancers/extlb1-7592\",\r\n  \"etag\": \"W/\\\"3f1d92f6-8b16-442b-8b3f-1994c3d311d4\\\"\",\r\n  \"type\": \"Microsoft.Network/loadBalancers\",\r\n  \"location\": \"eastus2\",\r\n  \"tags\": {},\r\n  \"properties\": {\r\n    \"provisioningState\": \"Succeeded\",\r\n    \"resourceGuid\": \"2f921a87-c890-44ee-91fa-eca84b4a58cd\",\r\n    \"frontendIPConfigurations\": [\r\n      {\r\n        \"name\": \"extlb1-7592-FE1\",\r\n        \"id\": \"/subscriptions/0b1f6471-1bf0-4dda-aec3-cb9272f09590/resourceGroups/javacsmrg2147/providers/Microsoft.Network/loadBalancers/extlb1-7592/frontendIPConfigurations/extlb1-7592-FE1\",\r\n        \"etag\": \"W/\\\"3f1d92f6-8b16-442b-8b3f-1994c3d311d4\\\"\",\r\n        \"properties\": {\r\n          \"provisioningState\": \"Succeeded\",\r\n          \"privateIPAllocationMethod\": \"Dynamic\",\r\n          \"publicIPAddress\": {\r\n            \"id\": \"/subscriptions/0b1f6471-1bf0-4dda-aec3-cb9272f09590/resourceGroups/javacsmrg2147/providers/Microsoft.Network/publicIPAddresses/pip-extlb1-7592\"\r\n          },\r\n          \"loadBalancingRules\": [\r\n            {\r\n              \"id\": \"/subscriptions/0b1f6471-1bf0-4dda-aec3-cb9272f09590/resourceGroups/javacsmrg2147/providers/Microsoft.Network/loadBalancers/extlb1-7592/loadBalancingRules/httpRule\"\r\n            },\r\n            {\r\n              \"id\": \"/subscriptions/0b1f6471-1bf0-4dda-aec3-cb9272f09590/resourceGroups/javacsmrg2147/providers/Microsoft.Network/loadBalancers/extlb1-7592/loadBalancingRules/httpsRule\"\r\n            }\r\n          ],\r\n          \"inboundNatPools\": [\r\n            {\r\n              \"id\": \"/subscriptions/0b1f6471-1bf0-4dda-aec3-cb9272f09590/resourceGroups/javacsmrg2147/providers/Microsoft.Network/loadBalancers/extlb1-7592/inboundNatPools/extlb1-7592-INP1\"\r\n            },\r\n            {\r\n              \"id\": \"/subscriptions/0b1f6471-1bf0-4dda-aec3-cb9272f09590/resourceGroups/javacsmrg2147/providers/Microsoft.Network/loadBalancers/extlb1-7592/inboundNatPools/extlb1-7592-INP2\"\r\n            }\r\n          ]\r\n        }\r\n      }\r\n    ],\r\n    \"backendAddressPools\": [\r\n      {\r\n        \"name\": \"extlb1-7592-BAP1\",\r\n        \"id\": \"/subscriptions/0b1f6471-1bf0-4dda-aec3-cb9272f09590/resourceGroups/javacsmrg2147/providers/Microsoft.Network/loadBalancers/extlb1-7592/backendAddressPools/extlb1-7592-BAP1\",\r\n        \"etag\": \"W/\\\"3f1d92f6-8b16-442b-8b3f-1994c3d311d4\\\"\",\r\n        \"properties\": {\r\n          \"provisioningState\": \"Succeeded\",\r\n          \"loadBalancingRules\": [\r\n            {\r\n              \"id\": \"/subscriptions/0b1f6471-1bf0-4dda-aec3-cb9272f09590/resourceGroups/javacsmrg2147/providers/Microsoft.Network/loadBalancers/extlb1-7592/loadBalancingRules/httpRule\"\r\n            }\r\n          ]\r\n        }\r\n      },\r\n      {\r\n        \"name\": \"extlb1-7592-BAP2\",\r\n        \"id\": \"/subscriptions/0b1f6471-1bf0-4dda-aec3-cb9272f09590/resourceGroups/javacsmrg2147/providers/Microsoft.Network/loadBalancers/extlb1-7592/backendAddressPools/extlb1-7592-BAP2\",\r\n        \"etag\": \"W/\\\"3f1d92f6-8b16-442b-8b3f-1994c3d311d4\\\"\",\r\n        \"properties\": {\r\n          \"provisioningState\": \"Succeeded\",\r\n          \"loadBalancingRules\": [\r\n            {\r\n              \"id\": \"/subscriptions/0b1f6471-1bf0-4dda-aec3-cb9272f09590/resourceGroups/javacsmrg2147/providers/Microsoft.Network/loadBalancers/extlb1-7592/loadBalancingRules/httpsRule\"\r\n            }\r\n          ]\r\n        }\r\n      }\r\n    ],\r\n    \"loadBalancingRules\": [\r\n      {\r\n        \"name\": \"httpRule\",\r\n        \"id\": \"/subscriptions/0b1f6471-1bf0-4dda-aec3-cb9272f09590/resourceGroups/javacsmrg2147/providers/Microsoft.Network/loadBalancers/extlb1-7592/loadBalancingRules/httpRule\",\r\n        \"etag\": \"W/\\\"3f1d92f6-8b16-442b-8b3f-1994c3d311d4\\\"\",\r\n        \"properties\": {\r\n          \"provisioningState\": \"Succeeded\",\r\n          \"frontendIPConfiguration\": {\r\n            \"id\": \"/subscriptions/0b1f6471-1bf0-4dda-aec3-cb9272f09590/resourceGroups/javacsmrg2147/providers/Microsoft.Network/loadBalancers/extlb1-7592/frontendIPConfigurations/extlb1-7592-FE1\"\r\n          },\r\n          \"frontendPort\": 80,\r\n          \"backendPort\": 80,\r\n          \"enableFloatingIP\": false,\r\n          \"idleTimeoutInMinutes\": 4,\r\n          \"protocol\": \"Tcp\",\r\n          \"enableDestinationServiceEndpoint\": false,\r\n          \"loadDistribution\": \"Default\",\r\n          \"disableOutboundSnat\": false,\r\n          \"backendAddressPool\": {\r\n            \"id\": \"/subscriptions/0b1f6471-1bf0-4dda-aec3-cb9272f09590/resourceGroups/javacsmrg2147/providers/Microsoft.Network/loadBalancers/extlb1-7592/backendAddressPools/extlb1-7592-BAP1\"\r\n          },\r\n          \"probe\": {\r\n            \"id\": \"/subscriptions/0b1f6471-1bf0-4dda-aec3-cb9272f09590/resourceGroups/javacsmrg2147/providers/Microsoft.Network/loadBalancers/extlb1-7592/probes/httpProbe\"\r\n          }\r\n        }\r\n      },\r\n      {\r\n        \"name\": \"httpsRule\",\r\n        \"id\": \"/subscriptions/0b1f6471-1bf0-4dda-aec3-cb9272f09590/resourceGroups/javacsmrg2147/providers/Microsoft.Network/loadBalancers/extlb1-7592/loadBalancingRules/httpsRule\",\r\n        \"etag\": \"W/\\\"3f1d92f6-8b16-442b-8b3f-1994c3d311d4\\\"\",\r\n        \"properties\": {\r\n          \"provisioningState\": \"Succeeded\",\r\n          \"frontendIPConfiguration\": {\r\n            \"id\": \"/subscriptions/0b1f6471-1bf0-4dda-aec3-cb9272f09590/resourceGroups/javacsmrg2147/providers/Microsoft.Network/loadBalancers/extlb1-7592/frontendIPConfigurations/extlb1-7592-FE1\"\r\n          },\r\n          \"frontendPort\": 443,\r\n          \"backendPort\": 443,\r\n          \"enableFloatingIP\": false,\r\n          \"idleTimeoutInMinutes\": 4,\r\n          \"protocol\": \"Tcp\",\r\n          \"enableDestinationServiceEndpoint\": false,\r\n          \"loadDistribution\": \"Default\",\r\n          \"disableOutboundSnat\": false,\r\n          \"backendAddressPool\": {\r\n            \"id\": \"/subscriptions/0b1f6471-1bf0-4dda-aec3-cb9272f09590/resourceGroups/javacsmrg2147/providers/Microsoft.Network/loadBalancers/extlb1-7592/backendAddressPools/extlb1-7592-BAP2\"\r\n          },\r\n          \"probe\": {\r\n            \"id\": \"/subscriptions/0b1f6471-1bf0-4dda-aec3-cb9272f09590/resourceGroups/javacsmrg2147/providers/Microsoft.Network/loadBalancers/extlb1-7592/probes/httpsProbe\"\r\n          }\r\n        }\r\n      }\r\n    ],\r\n    \"probes\": [\r\n      {\r\n        \"name\": \"httpProbe\",\r\n        \"id\": \"/subscriptions/0b1f6471-1bf0-4dda-aec3-cb9272f09590/resourceGroups/javacsmrg2147/providers/Microsoft.Network/loadBalancers/extlb1-7592/probes/httpProbe\",\r\n        \"etag\": \"W/\\\"3f1d92f6-8b16-442b-8b3f-1994c3d311d4\\\"\",\r\n        \"properties\": {\r\n          \"provisioningState\": \"Succeeded\",\r\n          \"protocol\": \"Http\",\r\n          \"port\": 80,\r\n          \"requestPath\": \"/\",\r\n          \"intervalInSeconds\": 15,\r\n          \"numberOfProbes\": 2,\r\n          \"loadBalancingRules\": [\r\n            {\r\n              \"id\": \"/subscriptions/0b1f6471-1bf0-4dda-aec3-cb9272f09590/resourceGroups/javacsmrg2147/providers/Microsoft.Network/loadBalancers/extlb1-7592/loadBalancingRules/httpRule\"\r\n            }\r\n          ]\r\n        }\r\n      },\r\n      {\r\n        \"name\": \"httpsProbe\",\r\n        \"id\": \"/subscriptions/0b1f6471-1bf0-4dda-aec3-cb9272f09590/resourceGroups/javacsmrg2147/providers/Microsoft.Network/loadBalancers/extlb1-7592/probes/httpsProbe\",\r\n        \"etag\": \"W/\\\"3f1d92f6-8b16-442b-8b3f-1994c3d311d4\\\"\",\r\n        \"properties\": {\r\n          \"provisioningState\": \"Succeeded\",\r\n          \"protocol\": \"Http\",\r\n          \"port\": 80,\r\n          \"requestPath\": \"/\",\r\n          \"intervalInSeconds\": 15,\r\n          \"numberOfProbes\": 2,\r\n          \"loadBalancingRules\": [\r\n            {\r\n              \"id\": \"/subscriptions/0b1f6471-1bf0-4dda-aec3-cb9272f09590/resourceGroups/javacsmrg2147/providers/Microsoft.Network/loadBalancers/extlb1-7592/loadBalancingRules/httpsRule\"\r\n            }\r\n          ]\r\n        }\r\n      }\r\n    ],\r\n    \"inboundNatRules\": [],\r\n    \"outboundNatRules\": [],\r\n    \"inboundNatPools\": [\r\n      {\r\n        \"name\": \"extlb1-7592-INP1\",\r\n        \"id\": \"/subscriptions/0b1f6471-1bf0-4dda-aec3-cb9272f09590/resourceGroups/javacsmrg2147/providers/Microsoft.Network/loadBalancers/extlb1-7592/inboundNatPools/extlb1-7592-INP1\",\r\n        \"etag\": \"W/\\\"3f1d92f6-8b16-442b-8b3f-1994c3d311d4\\\"\",\r\n        \"properties\": {\r\n          \"provisioningState\": \"Succeeded\",\r\n          \"frontendPortRangeStart\": 5000,\r\n          \"frontendPortRangeEnd\": 5099,\r\n          \"backendPort\": 22,\r\n          \"protocol\": \"Tcp\",\r\n          \"idleTimeoutInMinutes\": 4,\r\n          \"enableFloatingIP\": false,\r\n          \"enableDestinationServiceEndpoint\": false,\r\n          \"frontendIPConfiguration\": {\r\n            \"id\": \"/subscriptions/0b1f6471-1bf0-4dda-aec3-cb9272f09590/resourceGroups/javacsmrg2147/providers/Microsoft.Network/loadBalancers/extlb1-7592/frontendIPConfigurations/extlb1-7592-FE1\"\r\n          }\r\n        }\r\n      },\r\n      {\r\n        \"name\": \"extlb1-7592-INP2\",\r\n        \"id\": \"/subscriptions/0b1f6471-1bf0-4dda-aec3-cb9272f09590/resourceGroups/javacsmrg2147/providers/Microsoft.Network/loadBalancers/extlb1-7592/inboundNatPools/extlb1-7592-INP2\",\r\n        \"etag\": \"W/\\\"3f1d92f6-8b16-442b-8b3f-1994c3d311d4\\\"\",\r\n        \"properties\": {\r\n          \"provisioningState\": \"Succeeded\",\r\n          \"frontendPortRangeStart\": 6000,\r\n          \"frontendPortRangeEnd\": 6099,\r\n          \"backendPort\": 23,\r\n          \"protocol\": \"Tcp\",\r\n          \"idleTimeoutInMinutes\": 4,\r\n          \"enableFloatingIP\": false,\r\n          \"enableDestinationServiceEndpoint\": false,\r\n          \"frontendIPConfiguration\": {\r\n            \"id\": \"/subscriptions/0b1f6471-1bf0-4dda-aec3-cb9272f09590/resourceGroups/javacsmrg2147/providers/Microsoft.Network/loadBalancers/extlb1-7592/frontendIPConfigurations/extlb1-7592-FE1\"\r\n          }\r\n        }\r\n      }\r\n    ]\r\n  },\r\n  \"sku\": {\r\n    \"name\": \"Standard\",\r\n    \"tier\": \"Regional\"\r\n  }\r\n}",
      "ResponseHeaders": {
        "Content-Length": [
          "9818"
        ],
        "Content-Type": [
          "application/json; charset=utf-8"
        ],
        "Expires": [
          "-1"
        ],
        "Cache-Control": [
          "no-cache"
        ],
        "Date": [
          "Sat, 14 Apr 2018 05:35:04 GMT"
        ],
        "Pragma": [
          "no-cache"
        ],
        "Server": [
          "Microsoft-HTTPAPI/2.0",
          "Microsoft-HTTPAPI/2.0"
        ],
        "x-ms-request-id": [
          "fe364b62-3e0d-4d67-ab13-f1b75783a5b4"
        ],
        "Azure-AsyncOperation": [
          "https://management.azure.com/subscriptions/0b1f6471-1bf0-4dda-aec3-cb9272f09590/providers/Microsoft.Network/locations/eastus2/operations/fe364b62-3e0d-4d67-ab13-f1b75783a5b4?api-version=2018-02-01"
        ],
        "Strict-Transport-Security": [
          "max-age=31536000; includeSubDomains"
        ],
        "x-ms-ratelimit-remaining-subscription-writes": [
          "1193"
        ],
        "x-ms-correlation-request-id": [
          "1eb1b136-4320-4bb9-be5b-9ec012262875"
        ],
        "x-ms-routing-request-id": [
          "WESTUS2:20180414T053504Z:1eb1b136-4320-4bb9-be5b-9ec012262875"
        ],
        "X-Content-Type-Options": [
          "nosniff"
        ]
      },
      "StatusCode": 201
    },
    {
      "RequestUri": "/subscriptions/0b1f6471-1bf0-4dda-aec3-cb9272f09590/resourceGroups/javacsmrg2147/providers/Microsoft.Network/loadBalancers/extlb1-7592?api-version=2018-02-01",
      "EncodedRequestUri": "L3N1YnNjcmlwdGlvbnMvMGIxZjY0NzEtMWJmMC00ZGRhLWFlYzMtY2I5MjcyZjA5NTkwL3Jlc291cmNlR3JvdXBzL2phdmFjc21yZzIxNDcvcHJvdmlkZXJzL01pY3Jvc29mdC5OZXR3b3JrL2xvYWRCYWxhbmNlcnMvZXh0bGIxLTc1OTI/YXBpLXZlcnNpb249MjAxOC0wMi0wMQ==",
      "RequestMethod": "GET",
      "RequestBody": "",
      "RequestHeaders": {
        "User-Agent": [
          "FxVersion/4.6.25211.01",
          "Microsoft.Azure.Management.Network.Fluent.NetworkManagementClient/1.8.0.0",
          "MacAddressHash/1a7db1f3023c8cc9a72984005b4db786d257d09f868c7e111d4bf514b71b7890"
        ]
      },
      "ResponseBody": "{\r\n  \"name\": \"extlb1-7592\",\r\n  \"id\": \"/subscriptions/0b1f6471-1bf0-4dda-aec3-cb9272f09590/resourceGroups/javacsmrg2147/providers/Microsoft.Network/loadBalancers/extlb1-7592\",\r\n  \"etag\": \"W/\\\"3f1d92f6-8b16-442b-8b3f-1994c3d311d4\\\"\",\r\n  \"type\": \"Microsoft.Network/loadBalancers\",\r\n  \"location\": \"eastus2\",\r\n  \"tags\": {},\r\n  \"properties\": {\r\n    \"provisioningState\": \"Succeeded\",\r\n    \"resourceGuid\": \"2f921a87-c890-44ee-91fa-eca84b4a58cd\",\r\n    \"frontendIPConfigurations\": [\r\n      {\r\n        \"name\": \"extlb1-7592-FE1\",\r\n        \"id\": \"/subscriptions/0b1f6471-1bf0-4dda-aec3-cb9272f09590/resourceGroups/javacsmrg2147/providers/Microsoft.Network/loadBalancers/extlb1-7592/frontendIPConfigurations/extlb1-7592-FE1\",\r\n        \"etag\": \"W/\\\"3f1d92f6-8b16-442b-8b3f-1994c3d311d4\\\"\",\r\n        \"properties\": {\r\n          \"provisioningState\": \"Succeeded\",\r\n          \"privateIPAllocationMethod\": \"Dynamic\",\r\n          \"publicIPAddress\": {\r\n            \"id\": \"/subscriptions/0b1f6471-1bf0-4dda-aec3-cb9272f09590/resourceGroups/javacsmrg2147/providers/Microsoft.Network/publicIPAddresses/pip-extlb1-7592\"\r\n          },\r\n          \"loadBalancingRules\": [\r\n            {\r\n              \"id\": \"/subscriptions/0b1f6471-1bf0-4dda-aec3-cb9272f09590/resourceGroups/javacsmrg2147/providers/Microsoft.Network/loadBalancers/extlb1-7592/loadBalancingRules/httpRule\"\r\n            },\r\n            {\r\n              \"id\": \"/subscriptions/0b1f6471-1bf0-4dda-aec3-cb9272f09590/resourceGroups/javacsmrg2147/providers/Microsoft.Network/loadBalancers/extlb1-7592/loadBalancingRules/httpsRule\"\r\n            }\r\n          ],\r\n          \"inboundNatPools\": [\r\n            {\r\n              \"id\": \"/subscriptions/0b1f6471-1bf0-4dda-aec3-cb9272f09590/resourceGroups/javacsmrg2147/providers/Microsoft.Network/loadBalancers/extlb1-7592/inboundNatPools/extlb1-7592-INP1\"\r\n            },\r\n            {\r\n              \"id\": \"/subscriptions/0b1f6471-1bf0-4dda-aec3-cb9272f09590/resourceGroups/javacsmrg2147/providers/Microsoft.Network/loadBalancers/extlb1-7592/inboundNatPools/extlb1-7592-INP2\"\r\n            }\r\n          ]\r\n        }\r\n      }\r\n    ],\r\n    \"backendAddressPools\": [\r\n      {\r\n        \"name\": \"extlb1-7592-BAP1\",\r\n        \"id\": \"/subscriptions/0b1f6471-1bf0-4dda-aec3-cb9272f09590/resourceGroups/javacsmrg2147/providers/Microsoft.Network/loadBalancers/extlb1-7592/backendAddressPools/extlb1-7592-BAP1\",\r\n        \"etag\": \"W/\\\"3f1d92f6-8b16-442b-8b3f-1994c3d311d4\\\"\",\r\n        \"properties\": {\r\n          \"provisioningState\": \"Succeeded\",\r\n          \"loadBalancingRules\": [\r\n            {\r\n              \"id\": \"/subscriptions/0b1f6471-1bf0-4dda-aec3-cb9272f09590/resourceGroups/javacsmrg2147/providers/Microsoft.Network/loadBalancers/extlb1-7592/loadBalancingRules/httpRule\"\r\n            }\r\n          ]\r\n        }\r\n      },\r\n      {\r\n        \"name\": \"extlb1-7592-BAP2\",\r\n        \"id\": \"/subscriptions/0b1f6471-1bf0-4dda-aec3-cb9272f09590/resourceGroups/javacsmrg2147/providers/Microsoft.Network/loadBalancers/extlb1-7592/backendAddressPools/extlb1-7592-BAP2\",\r\n        \"etag\": \"W/\\\"3f1d92f6-8b16-442b-8b3f-1994c3d311d4\\\"\",\r\n        \"properties\": {\r\n          \"provisioningState\": \"Succeeded\",\r\n          \"loadBalancingRules\": [\r\n            {\r\n              \"id\": \"/subscriptions/0b1f6471-1bf0-4dda-aec3-cb9272f09590/resourceGroups/javacsmrg2147/providers/Microsoft.Network/loadBalancers/extlb1-7592/loadBalancingRules/httpsRule\"\r\n            }\r\n          ]\r\n        }\r\n      }\r\n    ],\r\n    \"loadBalancingRules\": [\r\n      {\r\n        \"name\": \"httpRule\",\r\n        \"id\": \"/subscriptions/0b1f6471-1bf0-4dda-aec3-cb9272f09590/resourceGroups/javacsmrg2147/providers/Microsoft.Network/loadBalancers/extlb1-7592/loadBalancingRules/httpRule\",\r\n        \"etag\": \"W/\\\"3f1d92f6-8b16-442b-8b3f-1994c3d311d4\\\"\",\r\n        \"properties\": {\r\n          \"provisioningState\": \"Succeeded\",\r\n          \"frontendIPConfiguration\": {\r\n            \"id\": \"/subscriptions/0b1f6471-1bf0-4dda-aec3-cb9272f09590/resourceGroups/javacsmrg2147/providers/Microsoft.Network/loadBalancers/extlb1-7592/frontendIPConfigurations/extlb1-7592-FE1\"\r\n          },\r\n          \"frontendPort\": 80,\r\n          \"backendPort\": 80,\r\n          \"enableFloatingIP\": false,\r\n          \"idleTimeoutInMinutes\": 4,\r\n          \"protocol\": \"Tcp\",\r\n          \"enableDestinationServiceEndpoint\": false,\r\n          \"loadDistribution\": \"Default\",\r\n          \"disableOutboundSnat\": false,\r\n          \"backendAddressPool\": {\r\n            \"id\": \"/subscriptions/0b1f6471-1bf0-4dda-aec3-cb9272f09590/resourceGroups/javacsmrg2147/providers/Microsoft.Network/loadBalancers/extlb1-7592/backendAddressPools/extlb1-7592-BAP1\"\r\n          },\r\n          \"probe\": {\r\n            \"id\": \"/subscriptions/0b1f6471-1bf0-4dda-aec3-cb9272f09590/resourceGroups/javacsmrg2147/providers/Microsoft.Network/loadBalancers/extlb1-7592/probes/httpProbe\"\r\n          }\r\n        }\r\n      },\r\n      {\r\n        \"name\": \"httpsRule\",\r\n        \"id\": \"/subscriptions/0b1f6471-1bf0-4dda-aec3-cb9272f09590/resourceGroups/javacsmrg2147/providers/Microsoft.Network/loadBalancers/extlb1-7592/loadBalancingRules/httpsRule\",\r\n        \"etag\": \"W/\\\"3f1d92f6-8b16-442b-8b3f-1994c3d311d4\\\"\",\r\n        \"properties\": {\r\n          \"provisioningState\": \"Succeeded\",\r\n          \"frontendIPConfiguration\": {\r\n            \"id\": \"/subscriptions/0b1f6471-1bf0-4dda-aec3-cb9272f09590/resourceGroups/javacsmrg2147/providers/Microsoft.Network/loadBalancers/extlb1-7592/frontendIPConfigurations/extlb1-7592-FE1\"\r\n          },\r\n          \"frontendPort\": 443,\r\n          \"backendPort\": 443,\r\n          \"enableFloatingIP\": false,\r\n          \"idleTimeoutInMinutes\": 4,\r\n          \"protocol\": \"Tcp\",\r\n          \"enableDestinationServiceEndpoint\": false,\r\n          \"loadDistribution\": \"Default\",\r\n          \"disableOutboundSnat\": false,\r\n          \"backendAddressPool\": {\r\n            \"id\": \"/subscriptions/0b1f6471-1bf0-4dda-aec3-cb9272f09590/resourceGroups/javacsmrg2147/providers/Microsoft.Network/loadBalancers/extlb1-7592/backendAddressPools/extlb1-7592-BAP2\"\r\n          },\r\n          \"probe\": {\r\n            \"id\": \"/subscriptions/0b1f6471-1bf0-4dda-aec3-cb9272f09590/resourceGroups/javacsmrg2147/providers/Microsoft.Network/loadBalancers/extlb1-7592/probes/httpsProbe\"\r\n          }\r\n        }\r\n      }\r\n    ],\r\n    \"probes\": [\r\n      {\r\n        \"name\": \"httpProbe\",\r\n        \"id\": \"/subscriptions/0b1f6471-1bf0-4dda-aec3-cb9272f09590/resourceGroups/javacsmrg2147/providers/Microsoft.Network/loadBalancers/extlb1-7592/probes/httpProbe\",\r\n        \"etag\": \"W/\\\"3f1d92f6-8b16-442b-8b3f-1994c3d311d4\\\"\",\r\n        \"properties\": {\r\n          \"provisioningState\": \"Succeeded\",\r\n          \"protocol\": \"Http\",\r\n          \"port\": 80,\r\n          \"requestPath\": \"/\",\r\n          \"intervalInSeconds\": 15,\r\n          \"numberOfProbes\": 2,\r\n          \"loadBalancingRules\": [\r\n            {\r\n              \"id\": \"/subscriptions/0b1f6471-1bf0-4dda-aec3-cb9272f09590/resourceGroups/javacsmrg2147/providers/Microsoft.Network/loadBalancers/extlb1-7592/loadBalancingRules/httpRule\"\r\n            }\r\n          ]\r\n        }\r\n      },\r\n      {\r\n        \"name\": \"httpsProbe\",\r\n        \"id\": \"/subscriptions/0b1f6471-1bf0-4dda-aec3-cb9272f09590/resourceGroups/javacsmrg2147/providers/Microsoft.Network/loadBalancers/extlb1-7592/probes/httpsProbe\",\r\n        \"etag\": \"W/\\\"3f1d92f6-8b16-442b-8b3f-1994c3d311d4\\\"\",\r\n        \"properties\": {\r\n          \"provisioningState\": \"Succeeded\",\r\n          \"protocol\": \"Http\",\r\n          \"port\": 80,\r\n          \"requestPath\": \"/\",\r\n          \"intervalInSeconds\": 15,\r\n          \"numberOfProbes\": 2,\r\n          \"loadBalancingRules\": [\r\n            {\r\n              \"id\": \"/subscriptions/0b1f6471-1bf0-4dda-aec3-cb9272f09590/resourceGroups/javacsmrg2147/providers/Microsoft.Network/loadBalancers/extlb1-7592/loadBalancingRules/httpsRule\"\r\n            }\r\n          ]\r\n        }\r\n      }\r\n    ],\r\n    \"inboundNatRules\": [],\r\n    \"outboundNatRules\": [],\r\n    \"inboundNatPools\": [\r\n      {\r\n        \"name\": \"extlb1-7592-INP1\",\r\n        \"id\": \"/subscriptions/0b1f6471-1bf0-4dda-aec3-cb9272f09590/resourceGroups/javacsmrg2147/providers/Microsoft.Network/loadBalancers/extlb1-7592/inboundNatPools/extlb1-7592-INP1\",\r\n        \"etag\": \"W/\\\"3f1d92f6-8b16-442b-8b3f-1994c3d311d4\\\"\",\r\n        \"properties\": {\r\n          \"provisioningState\": \"Succeeded\",\r\n          \"frontendPortRangeStart\": 5000,\r\n          \"frontendPortRangeEnd\": 5099,\r\n          \"backendPort\": 22,\r\n          \"protocol\": \"Tcp\",\r\n          \"idleTimeoutInMinutes\": 4,\r\n          \"enableFloatingIP\": false,\r\n          \"enableDestinationServiceEndpoint\": false,\r\n          \"frontendIPConfiguration\": {\r\n            \"id\": \"/subscriptions/0b1f6471-1bf0-4dda-aec3-cb9272f09590/resourceGroups/javacsmrg2147/providers/Microsoft.Network/loadBalancers/extlb1-7592/frontendIPConfigurations/extlb1-7592-FE1\"\r\n          }\r\n        }\r\n      },\r\n      {\r\n        \"name\": \"extlb1-7592-INP2\",\r\n        \"id\": \"/subscriptions/0b1f6471-1bf0-4dda-aec3-cb9272f09590/resourceGroups/javacsmrg2147/providers/Microsoft.Network/loadBalancers/extlb1-7592/inboundNatPools/extlb1-7592-INP2\",\r\n        \"etag\": \"W/\\\"3f1d92f6-8b16-442b-8b3f-1994c3d311d4\\\"\",\r\n        \"properties\": {\r\n          \"provisioningState\": \"Succeeded\",\r\n          \"frontendPortRangeStart\": 6000,\r\n          \"frontendPortRangeEnd\": 6099,\r\n          \"backendPort\": 23,\r\n          \"protocol\": \"Tcp\",\r\n          \"idleTimeoutInMinutes\": 4,\r\n          \"enableFloatingIP\": false,\r\n          \"enableDestinationServiceEndpoint\": false,\r\n          \"frontendIPConfiguration\": {\r\n            \"id\": \"/subscriptions/0b1f6471-1bf0-4dda-aec3-cb9272f09590/resourceGroups/javacsmrg2147/providers/Microsoft.Network/loadBalancers/extlb1-7592/frontendIPConfigurations/extlb1-7592-FE1\"\r\n          }\r\n        }\r\n      }\r\n    ]\r\n  },\r\n  \"sku\": {\r\n    \"name\": \"Standard\",\r\n    \"tier\": \"Regional\"\r\n  }\r\n}",
      "ResponseHeaders": {
        "Content-Type": [
          "application/json; charset=utf-8"
        ],
        "Expires": [
          "-1"
        ],
        "Cache-Control": [
          "no-cache"
        ],
        "Date": [
          "Sat, 14 Apr 2018 05:35:04 GMT"
        ],
        "Pragma": [
          "no-cache"
        ],
        "Transfer-Encoding": [
          "chunked"
        ],
        "ETag": [
          "W/\"3f1d92f6-8b16-442b-8b3f-1994c3d311d4\""
        ],
        "Server": [
          "Microsoft-HTTPAPI/2.0",
          "Microsoft-HTTPAPI/2.0"
        ],
        "Vary": [
          "Accept-Encoding"
        ],
        "x-ms-request-id": [
          "c44e4092-ba16-4f5f-a787-55ec1f3de671"
        ],
        "Strict-Transport-Security": [
          "max-age=31536000; includeSubDomains"
        ],
        "x-ms-ratelimit-remaining-subscription-reads": [
          "14987"
        ],
        "x-ms-correlation-request-id": [
          "39a37d60-97ec-4828-9ee6-eadbadc93423"
        ],
        "x-ms-routing-request-id": [
          "WESTUS2:20180414T053505Z:39a37d60-97ec-4828-9ee6-eadbadc93423"
        ],
        "X-Content-Type-Options": [
          "nosniff"
        ]
      },
      "StatusCode": 200
    },
    {
      "RequestUri": "/subscriptions/0b1f6471-1bf0-4dda-aec3-cb9272f09590/resourceGroups/javacsmrg2147/providers/Microsoft.Network/loadBalancers/extlb1-7592?api-version=2018-02-01",
      "EncodedRequestUri": "L3N1YnNjcmlwdGlvbnMvMGIxZjY0NzEtMWJmMC00ZGRhLWFlYzMtY2I5MjcyZjA5NTkwL3Jlc291cmNlR3JvdXBzL2phdmFjc21yZzIxNDcvcHJvdmlkZXJzL01pY3Jvc29mdC5OZXR3b3JrL2xvYWRCYWxhbmNlcnMvZXh0bGIxLTc1OTI/YXBpLXZlcnNpb249MjAxOC0wMi0wMQ==",
      "RequestMethod": "GET",
      "RequestBody": "",
      "RequestHeaders": {
        "x-ms-client-request-id": [
          "e32edb79-e7a2-4291-a5dc-3c59a1d88fd9"
        ],
        "accept-language": [
          "en-US"
        ],
        "User-Agent": [
          "FxVersion/4.6.25211.01",
          "Microsoft.Azure.Management.Network.Fluent.NetworkManagementClient/1.8.0.0",
          "MacAddressHash/1a7db1f3023c8cc9a72984005b4db786d257d09f868c7e111d4bf514b71b7890"
        ]
      },
      "ResponseBody": "{\r\n  \"name\": \"extlb1-7592\",\r\n  \"id\": \"/subscriptions/0b1f6471-1bf0-4dda-aec3-cb9272f09590/resourceGroups/javacsmrg2147/providers/Microsoft.Network/loadBalancers/extlb1-7592\",\r\n  \"etag\": \"W/\\\"3f1d92f6-8b16-442b-8b3f-1994c3d311d4\\\"\",\r\n  \"type\": \"Microsoft.Network/loadBalancers\",\r\n  \"location\": \"eastus2\",\r\n  \"tags\": {},\r\n  \"properties\": {\r\n    \"provisioningState\": \"Succeeded\",\r\n    \"resourceGuid\": \"2f921a87-c890-44ee-91fa-eca84b4a58cd\",\r\n    \"frontendIPConfigurations\": [\r\n      {\r\n        \"name\": \"extlb1-7592-FE1\",\r\n        \"id\": \"/subscriptions/0b1f6471-1bf0-4dda-aec3-cb9272f09590/resourceGroups/javacsmrg2147/providers/Microsoft.Network/loadBalancers/extlb1-7592/frontendIPConfigurations/extlb1-7592-FE1\",\r\n        \"etag\": \"W/\\\"3f1d92f6-8b16-442b-8b3f-1994c3d311d4\\\"\",\r\n        \"properties\": {\r\n          \"provisioningState\": \"Succeeded\",\r\n          \"privateIPAllocationMethod\": \"Dynamic\",\r\n          \"publicIPAddress\": {\r\n            \"id\": \"/subscriptions/0b1f6471-1bf0-4dda-aec3-cb9272f09590/resourceGroups/javacsmrg2147/providers/Microsoft.Network/publicIPAddresses/pip-extlb1-7592\"\r\n          },\r\n          \"loadBalancingRules\": [\r\n            {\r\n              \"id\": \"/subscriptions/0b1f6471-1bf0-4dda-aec3-cb9272f09590/resourceGroups/javacsmrg2147/providers/Microsoft.Network/loadBalancers/extlb1-7592/loadBalancingRules/httpRule\"\r\n            },\r\n            {\r\n              \"id\": \"/subscriptions/0b1f6471-1bf0-4dda-aec3-cb9272f09590/resourceGroups/javacsmrg2147/providers/Microsoft.Network/loadBalancers/extlb1-7592/loadBalancingRules/httpsRule\"\r\n            }\r\n          ],\r\n          \"inboundNatPools\": [\r\n            {\r\n              \"id\": \"/subscriptions/0b1f6471-1bf0-4dda-aec3-cb9272f09590/resourceGroups/javacsmrg2147/providers/Microsoft.Network/loadBalancers/extlb1-7592/inboundNatPools/extlb1-7592-INP1\"\r\n            },\r\n            {\r\n              \"id\": \"/subscriptions/0b1f6471-1bf0-4dda-aec3-cb9272f09590/resourceGroups/javacsmrg2147/providers/Microsoft.Network/loadBalancers/extlb1-7592/inboundNatPools/extlb1-7592-INP2\"\r\n            }\r\n          ]\r\n        }\r\n      }\r\n    ],\r\n    \"backendAddressPools\": [\r\n      {\r\n        \"name\": \"extlb1-7592-BAP1\",\r\n        \"id\": \"/subscriptions/0b1f6471-1bf0-4dda-aec3-cb9272f09590/resourceGroups/javacsmrg2147/providers/Microsoft.Network/loadBalancers/extlb1-7592/backendAddressPools/extlb1-7592-BAP1\",\r\n        \"etag\": \"W/\\\"3f1d92f6-8b16-442b-8b3f-1994c3d311d4\\\"\",\r\n        \"properties\": {\r\n          \"provisioningState\": \"Succeeded\",\r\n          \"loadBalancingRules\": [\r\n            {\r\n              \"id\": \"/subscriptions/0b1f6471-1bf0-4dda-aec3-cb9272f09590/resourceGroups/javacsmrg2147/providers/Microsoft.Network/loadBalancers/extlb1-7592/loadBalancingRules/httpRule\"\r\n            }\r\n          ]\r\n        }\r\n      },\r\n      {\r\n        \"name\": \"extlb1-7592-BAP2\",\r\n        \"id\": \"/subscriptions/0b1f6471-1bf0-4dda-aec3-cb9272f09590/resourceGroups/javacsmrg2147/providers/Microsoft.Network/loadBalancers/extlb1-7592/backendAddressPools/extlb1-7592-BAP2\",\r\n        \"etag\": \"W/\\\"3f1d92f6-8b16-442b-8b3f-1994c3d311d4\\\"\",\r\n        \"properties\": {\r\n          \"provisioningState\": \"Succeeded\",\r\n          \"loadBalancingRules\": [\r\n            {\r\n              \"id\": \"/subscriptions/0b1f6471-1bf0-4dda-aec3-cb9272f09590/resourceGroups/javacsmrg2147/providers/Microsoft.Network/loadBalancers/extlb1-7592/loadBalancingRules/httpsRule\"\r\n            }\r\n          ]\r\n        }\r\n      }\r\n    ],\r\n    \"loadBalancingRules\": [\r\n      {\r\n        \"name\": \"httpRule\",\r\n        \"id\": \"/subscriptions/0b1f6471-1bf0-4dda-aec3-cb9272f09590/resourceGroups/javacsmrg2147/providers/Microsoft.Network/loadBalancers/extlb1-7592/loadBalancingRules/httpRule\",\r\n        \"etag\": \"W/\\\"3f1d92f6-8b16-442b-8b3f-1994c3d311d4\\\"\",\r\n        \"properties\": {\r\n          \"provisioningState\": \"Succeeded\",\r\n          \"frontendIPConfiguration\": {\r\n            \"id\": \"/subscriptions/0b1f6471-1bf0-4dda-aec3-cb9272f09590/resourceGroups/javacsmrg2147/providers/Microsoft.Network/loadBalancers/extlb1-7592/frontendIPConfigurations/extlb1-7592-FE1\"\r\n          },\r\n          \"frontendPort\": 80,\r\n          \"backendPort\": 80,\r\n          \"enableFloatingIP\": false,\r\n          \"idleTimeoutInMinutes\": 4,\r\n          \"protocol\": \"Tcp\",\r\n          \"enableDestinationServiceEndpoint\": false,\r\n          \"loadDistribution\": \"Default\",\r\n          \"disableOutboundSnat\": false,\r\n          \"backendAddressPool\": {\r\n            \"id\": \"/subscriptions/0b1f6471-1bf0-4dda-aec3-cb9272f09590/resourceGroups/javacsmrg2147/providers/Microsoft.Network/loadBalancers/extlb1-7592/backendAddressPools/extlb1-7592-BAP1\"\r\n          },\r\n          \"probe\": {\r\n            \"id\": \"/subscriptions/0b1f6471-1bf0-4dda-aec3-cb9272f09590/resourceGroups/javacsmrg2147/providers/Microsoft.Network/loadBalancers/extlb1-7592/probes/httpProbe\"\r\n          }\r\n        }\r\n      },\r\n      {\r\n        \"name\": \"httpsRule\",\r\n        \"id\": \"/subscriptions/0b1f6471-1bf0-4dda-aec3-cb9272f09590/resourceGroups/javacsmrg2147/providers/Microsoft.Network/loadBalancers/extlb1-7592/loadBalancingRules/httpsRule\",\r\n        \"etag\": \"W/\\\"3f1d92f6-8b16-442b-8b3f-1994c3d311d4\\\"\",\r\n        \"properties\": {\r\n          \"provisioningState\": \"Succeeded\",\r\n          \"frontendIPConfiguration\": {\r\n            \"id\": \"/subscriptions/0b1f6471-1bf0-4dda-aec3-cb9272f09590/resourceGroups/javacsmrg2147/providers/Microsoft.Network/loadBalancers/extlb1-7592/frontendIPConfigurations/extlb1-7592-FE1\"\r\n          },\r\n          \"frontendPort\": 443,\r\n          \"backendPort\": 443,\r\n          \"enableFloatingIP\": false,\r\n          \"idleTimeoutInMinutes\": 4,\r\n          \"protocol\": \"Tcp\",\r\n          \"enableDestinationServiceEndpoint\": false,\r\n          \"loadDistribution\": \"Default\",\r\n          \"disableOutboundSnat\": false,\r\n          \"backendAddressPool\": {\r\n            \"id\": \"/subscriptions/0b1f6471-1bf0-4dda-aec3-cb9272f09590/resourceGroups/javacsmrg2147/providers/Microsoft.Network/loadBalancers/extlb1-7592/backendAddressPools/extlb1-7592-BAP2\"\r\n          },\r\n          \"probe\": {\r\n            \"id\": \"/subscriptions/0b1f6471-1bf0-4dda-aec3-cb9272f09590/resourceGroups/javacsmrg2147/providers/Microsoft.Network/loadBalancers/extlb1-7592/probes/httpsProbe\"\r\n          }\r\n        }\r\n      }\r\n    ],\r\n    \"probes\": [\r\n      {\r\n        \"name\": \"httpProbe\",\r\n        \"id\": \"/subscriptions/0b1f6471-1bf0-4dda-aec3-cb9272f09590/resourceGroups/javacsmrg2147/providers/Microsoft.Network/loadBalancers/extlb1-7592/probes/httpProbe\",\r\n        \"etag\": \"W/\\\"3f1d92f6-8b16-442b-8b3f-1994c3d311d4\\\"\",\r\n        \"properties\": {\r\n          \"provisioningState\": \"Succeeded\",\r\n          \"protocol\": \"Http\",\r\n          \"port\": 80,\r\n          \"requestPath\": \"/\",\r\n          \"intervalInSeconds\": 15,\r\n          \"numberOfProbes\": 2,\r\n          \"loadBalancingRules\": [\r\n            {\r\n              \"id\": \"/subscriptions/0b1f6471-1bf0-4dda-aec3-cb9272f09590/resourceGroups/javacsmrg2147/providers/Microsoft.Network/loadBalancers/extlb1-7592/loadBalancingRules/httpRule\"\r\n            }\r\n          ]\r\n        }\r\n      },\r\n      {\r\n        \"name\": \"httpsProbe\",\r\n        \"id\": \"/subscriptions/0b1f6471-1bf0-4dda-aec3-cb9272f09590/resourceGroups/javacsmrg2147/providers/Microsoft.Network/loadBalancers/extlb1-7592/probes/httpsProbe\",\r\n        \"etag\": \"W/\\\"3f1d92f6-8b16-442b-8b3f-1994c3d311d4\\\"\",\r\n        \"properties\": {\r\n          \"provisioningState\": \"Succeeded\",\r\n          \"protocol\": \"Http\",\r\n          \"port\": 80,\r\n          \"requestPath\": \"/\",\r\n          \"intervalInSeconds\": 15,\r\n          \"numberOfProbes\": 2,\r\n          \"loadBalancingRules\": [\r\n            {\r\n              \"id\": \"/subscriptions/0b1f6471-1bf0-4dda-aec3-cb9272f09590/resourceGroups/javacsmrg2147/providers/Microsoft.Network/loadBalancers/extlb1-7592/loadBalancingRules/httpsRule\"\r\n            }\r\n          ]\r\n        }\r\n      }\r\n    ],\r\n    \"inboundNatRules\": [],\r\n    \"outboundNatRules\": [],\r\n    \"inboundNatPools\": [\r\n      {\r\n        \"name\": \"extlb1-7592-INP1\",\r\n        \"id\": \"/subscriptions/0b1f6471-1bf0-4dda-aec3-cb9272f09590/resourceGroups/javacsmrg2147/providers/Microsoft.Network/loadBalancers/extlb1-7592/inboundNatPools/extlb1-7592-INP1\",\r\n        \"etag\": \"W/\\\"3f1d92f6-8b16-442b-8b3f-1994c3d311d4\\\"\",\r\n        \"properties\": {\r\n          \"provisioningState\": \"Succeeded\",\r\n          \"frontendPortRangeStart\": 5000,\r\n          \"frontendPortRangeEnd\": 5099,\r\n          \"backendPort\": 22,\r\n          \"protocol\": \"Tcp\",\r\n          \"idleTimeoutInMinutes\": 4,\r\n          \"enableFloatingIP\": false,\r\n          \"enableDestinationServiceEndpoint\": false,\r\n          \"frontendIPConfiguration\": {\r\n            \"id\": \"/subscriptions/0b1f6471-1bf0-4dda-aec3-cb9272f09590/resourceGroups/javacsmrg2147/providers/Microsoft.Network/loadBalancers/extlb1-7592/frontendIPConfigurations/extlb1-7592-FE1\"\r\n          }\r\n        }\r\n      },\r\n      {\r\n        \"name\": \"extlb1-7592-INP2\",\r\n        \"id\": \"/subscriptions/0b1f6471-1bf0-4dda-aec3-cb9272f09590/resourceGroups/javacsmrg2147/providers/Microsoft.Network/loadBalancers/extlb1-7592/inboundNatPools/extlb1-7592-INP2\",\r\n        \"etag\": \"W/\\\"3f1d92f6-8b16-442b-8b3f-1994c3d311d4\\\"\",\r\n        \"properties\": {\r\n          \"provisioningState\": \"Succeeded\",\r\n          \"frontendPortRangeStart\": 6000,\r\n          \"frontendPortRangeEnd\": 6099,\r\n          \"backendPort\": 23,\r\n          \"protocol\": \"Tcp\",\r\n          \"idleTimeoutInMinutes\": 4,\r\n          \"enableFloatingIP\": false,\r\n          \"enableDestinationServiceEndpoint\": false,\r\n          \"frontendIPConfiguration\": {\r\n            \"id\": \"/subscriptions/0b1f6471-1bf0-4dda-aec3-cb9272f09590/resourceGroups/javacsmrg2147/providers/Microsoft.Network/loadBalancers/extlb1-7592/frontendIPConfigurations/extlb1-7592-FE1\"\r\n          }\r\n        }\r\n      }\r\n    ]\r\n  },\r\n  \"sku\": {\r\n    \"name\": \"Standard\",\r\n    \"tier\": \"Regional\"\r\n  }\r\n}",
      "ResponseHeaders": {
        "Content-Type": [
          "application/json; charset=utf-8"
        ],
        "Expires": [
          "-1"
        ],
        "Cache-Control": [
          "no-cache"
        ],
        "Date": [
          "Sat, 14 Apr 2018 05:35:04 GMT"
        ],
        "Pragma": [
          "no-cache"
        ],
        "Transfer-Encoding": [
          "chunked"
        ],
        "ETag": [
          "W/\"3f1d92f6-8b16-442b-8b3f-1994c3d311d4\""
        ],
        "Server": [
          "Microsoft-HTTPAPI/2.0",
          "Microsoft-HTTPAPI/2.0"
        ],
        "Vary": [
          "Accept-Encoding"
        ],
        "x-ms-request-id": [
          "ef79b958-8242-4357-abb5-5be6cbb68a44"
        ],
        "Strict-Transport-Security": [
          "max-age=31536000; includeSubDomains"
        ],
        "x-ms-ratelimit-remaining-subscription-reads": [
          "14986"
        ],
        "x-ms-correlation-request-id": [
          "8c4dc585-3d37-480a-b1bd-b7a45ac6fe7f"
        ],
        "x-ms-routing-request-id": [
          "WESTUS2:20180414T053505Z:8c4dc585-3d37-480a-b1bd-b7a45ac6fe7f"
        ],
        "X-Content-Type-Options": [
          "nosniff"
        ]
      },
      "StatusCode": 200
    },
    {
      "RequestUri": "/subscriptions/0b1f6471-1bf0-4dda-aec3-cb9272f09590/resourceGroups/javacsmrg2147/providers/Microsoft.Network/loadBalancers/extlb1-7592?api-version=2018-02-01",
      "EncodedRequestUri": "L3N1YnNjcmlwdGlvbnMvMGIxZjY0NzEtMWJmMC00ZGRhLWFlYzMtY2I5MjcyZjA5NTkwL3Jlc291cmNlR3JvdXBzL2phdmFjc21yZzIxNDcvcHJvdmlkZXJzL01pY3Jvc29mdC5OZXR3b3JrL2xvYWRCYWxhbmNlcnMvZXh0bGIxLTc1OTI/YXBpLXZlcnNpb249MjAxOC0wMi0wMQ==",
      "RequestMethod": "GET",
      "RequestBody": "",
      "RequestHeaders": {
        "x-ms-client-request-id": [
          "97792fe4-f11f-4016-8a7f-8a6610c90109"
        ],
        "accept-language": [
          "en-US"
        ],
        "User-Agent": [
          "FxVersion/4.6.25211.01",
          "Microsoft.Azure.Management.Network.Fluent.NetworkManagementClient/1.8.0.0",
          "MacAddressHash/1a7db1f3023c8cc9a72984005b4db786d257d09f868c7e111d4bf514b71b7890"
        ]
      },
      "ResponseBody": "{\r\n  \"name\": \"extlb1-7592\",\r\n  \"id\": \"/subscriptions/0b1f6471-1bf0-4dda-aec3-cb9272f09590/resourceGroups/javacsmrg2147/providers/Microsoft.Network/loadBalancers/extlb1-7592\",\r\n  \"etag\": \"W/\\\"3f1d92f6-8b16-442b-8b3f-1994c3d311d4\\\"\",\r\n  \"type\": \"Microsoft.Network/loadBalancers\",\r\n  \"location\": \"eastus2\",\r\n  \"tags\": {},\r\n  \"properties\": {\r\n    \"provisioningState\": \"Succeeded\",\r\n    \"resourceGuid\": \"2f921a87-c890-44ee-91fa-eca84b4a58cd\",\r\n    \"frontendIPConfigurations\": [\r\n      {\r\n        \"name\": \"extlb1-7592-FE1\",\r\n        \"id\": \"/subscriptions/0b1f6471-1bf0-4dda-aec3-cb9272f09590/resourceGroups/javacsmrg2147/providers/Microsoft.Network/loadBalancers/extlb1-7592/frontendIPConfigurations/extlb1-7592-FE1\",\r\n        \"etag\": \"W/\\\"3f1d92f6-8b16-442b-8b3f-1994c3d311d4\\\"\",\r\n        \"properties\": {\r\n          \"provisioningState\": \"Succeeded\",\r\n          \"privateIPAllocationMethod\": \"Dynamic\",\r\n          \"publicIPAddress\": {\r\n            \"id\": \"/subscriptions/0b1f6471-1bf0-4dda-aec3-cb9272f09590/resourceGroups/javacsmrg2147/providers/Microsoft.Network/publicIPAddresses/pip-extlb1-7592\"\r\n          },\r\n          \"loadBalancingRules\": [\r\n            {\r\n              \"id\": \"/subscriptions/0b1f6471-1bf0-4dda-aec3-cb9272f09590/resourceGroups/javacsmrg2147/providers/Microsoft.Network/loadBalancers/extlb1-7592/loadBalancingRules/httpRule\"\r\n            },\r\n            {\r\n              \"id\": \"/subscriptions/0b1f6471-1bf0-4dda-aec3-cb9272f09590/resourceGroups/javacsmrg2147/providers/Microsoft.Network/loadBalancers/extlb1-7592/loadBalancingRules/httpsRule\"\r\n            }\r\n          ],\r\n          \"inboundNatPools\": [\r\n            {\r\n              \"id\": \"/subscriptions/0b1f6471-1bf0-4dda-aec3-cb9272f09590/resourceGroups/javacsmrg2147/providers/Microsoft.Network/loadBalancers/extlb1-7592/inboundNatPools/extlb1-7592-INP1\"\r\n            },\r\n            {\r\n              \"id\": \"/subscriptions/0b1f6471-1bf0-4dda-aec3-cb9272f09590/resourceGroups/javacsmrg2147/providers/Microsoft.Network/loadBalancers/extlb1-7592/inboundNatPools/extlb1-7592-INP2\"\r\n            }\r\n          ]\r\n        }\r\n      }\r\n    ],\r\n    \"backendAddressPools\": [\r\n      {\r\n        \"name\": \"extlb1-7592-BAP1\",\r\n        \"id\": \"/subscriptions/0b1f6471-1bf0-4dda-aec3-cb9272f09590/resourceGroups/javacsmrg2147/providers/Microsoft.Network/loadBalancers/extlb1-7592/backendAddressPools/extlb1-7592-BAP1\",\r\n        \"etag\": \"W/\\\"3f1d92f6-8b16-442b-8b3f-1994c3d311d4\\\"\",\r\n        \"properties\": {\r\n          \"provisioningState\": \"Succeeded\",\r\n          \"loadBalancingRules\": [\r\n            {\r\n              \"id\": \"/subscriptions/0b1f6471-1bf0-4dda-aec3-cb9272f09590/resourceGroups/javacsmrg2147/providers/Microsoft.Network/loadBalancers/extlb1-7592/loadBalancingRules/httpRule\"\r\n            }\r\n          ]\r\n        }\r\n      },\r\n      {\r\n        \"name\": \"extlb1-7592-BAP2\",\r\n        \"id\": \"/subscriptions/0b1f6471-1bf0-4dda-aec3-cb9272f09590/resourceGroups/javacsmrg2147/providers/Microsoft.Network/loadBalancers/extlb1-7592/backendAddressPools/extlb1-7592-BAP2\",\r\n        \"etag\": \"W/\\\"3f1d92f6-8b16-442b-8b3f-1994c3d311d4\\\"\",\r\n        \"properties\": {\r\n          \"provisioningState\": \"Succeeded\",\r\n          \"loadBalancingRules\": [\r\n            {\r\n              \"id\": \"/subscriptions/0b1f6471-1bf0-4dda-aec3-cb9272f09590/resourceGroups/javacsmrg2147/providers/Microsoft.Network/loadBalancers/extlb1-7592/loadBalancingRules/httpsRule\"\r\n            }\r\n          ]\r\n        }\r\n      }\r\n    ],\r\n    \"loadBalancingRules\": [\r\n      {\r\n        \"name\": \"httpRule\",\r\n        \"id\": \"/subscriptions/0b1f6471-1bf0-4dda-aec3-cb9272f09590/resourceGroups/javacsmrg2147/providers/Microsoft.Network/loadBalancers/extlb1-7592/loadBalancingRules/httpRule\",\r\n        \"etag\": \"W/\\\"3f1d92f6-8b16-442b-8b3f-1994c3d311d4\\\"\",\r\n        \"properties\": {\r\n          \"provisioningState\": \"Succeeded\",\r\n          \"frontendIPConfiguration\": {\r\n            \"id\": \"/subscriptions/0b1f6471-1bf0-4dda-aec3-cb9272f09590/resourceGroups/javacsmrg2147/providers/Microsoft.Network/loadBalancers/extlb1-7592/frontendIPConfigurations/extlb1-7592-FE1\"\r\n          },\r\n          \"frontendPort\": 80,\r\n          \"backendPort\": 80,\r\n          \"enableFloatingIP\": false,\r\n          \"idleTimeoutInMinutes\": 4,\r\n          \"protocol\": \"Tcp\",\r\n          \"enableDestinationServiceEndpoint\": false,\r\n          \"loadDistribution\": \"Default\",\r\n          \"disableOutboundSnat\": false,\r\n          \"backendAddressPool\": {\r\n            \"id\": \"/subscriptions/0b1f6471-1bf0-4dda-aec3-cb9272f09590/resourceGroups/javacsmrg2147/providers/Microsoft.Network/loadBalancers/extlb1-7592/backendAddressPools/extlb1-7592-BAP1\"\r\n          },\r\n          \"probe\": {\r\n            \"id\": \"/subscriptions/0b1f6471-1bf0-4dda-aec3-cb9272f09590/resourceGroups/javacsmrg2147/providers/Microsoft.Network/loadBalancers/extlb1-7592/probes/httpProbe\"\r\n          }\r\n        }\r\n      },\r\n      {\r\n        \"name\": \"httpsRule\",\r\n        \"id\": \"/subscriptions/0b1f6471-1bf0-4dda-aec3-cb9272f09590/resourceGroups/javacsmrg2147/providers/Microsoft.Network/loadBalancers/extlb1-7592/loadBalancingRules/httpsRule\",\r\n        \"etag\": \"W/\\\"3f1d92f6-8b16-442b-8b3f-1994c3d311d4\\\"\",\r\n        \"properties\": {\r\n          \"provisioningState\": \"Succeeded\",\r\n          \"frontendIPConfiguration\": {\r\n            \"id\": \"/subscriptions/0b1f6471-1bf0-4dda-aec3-cb9272f09590/resourceGroups/javacsmrg2147/providers/Microsoft.Network/loadBalancers/extlb1-7592/frontendIPConfigurations/extlb1-7592-FE1\"\r\n          },\r\n          \"frontendPort\": 443,\r\n          \"backendPort\": 443,\r\n          \"enableFloatingIP\": false,\r\n          \"idleTimeoutInMinutes\": 4,\r\n          \"protocol\": \"Tcp\",\r\n          \"enableDestinationServiceEndpoint\": false,\r\n          \"loadDistribution\": \"Default\",\r\n          \"disableOutboundSnat\": false,\r\n          \"backendAddressPool\": {\r\n            \"id\": \"/subscriptions/0b1f6471-1bf0-4dda-aec3-cb9272f09590/resourceGroups/javacsmrg2147/providers/Microsoft.Network/loadBalancers/extlb1-7592/backendAddressPools/extlb1-7592-BAP2\"\r\n          },\r\n          \"probe\": {\r\n            \"id\": \"/subscriptions/0b1f6471-1bf0-4dda-aec3-cb9272f09590/resourceGroups/javacsmrg2147/providers/Microsoft.Network/loadBalancers/extlb1-7592/probes/httpsProbe\"\r\n          }\r\n        }\r\n      }\r\n    ],\r\n    \"probes\": [\r\n      {\r\n        \"name\": \"httpProbe\",\r\n        \"id\": \"/subscriptions/0b1f6471-1bf0-4dda-aec3-cb9272f09590/resourceGroups/javacsmrg2147/providers/Microsoft.Network/loadBalancers/extlb1-7592/probes/httpProbe\",\r\n        \"etag\": \"W/\\\"3f1d92f6-8b16-442b-8b3f-1994c3d311d4\\\"\",\r\n        \"properties\": {\r\n          \"provisioningState\": \"Succeeded\",\r\n          \"protocol\": \"Http\",\r\n          \"port\": 80,\r\n          \"requestPath\": \"/\",\r\n          \"intervalInSeconds\": 15,\r\n          \"numberOfProbes\": 2,\r\n          \"loadBalancingRules\": [\r\n            {\r\n              \"id\": \"/subscriptions/0b1f6471-1bf0-4dda-aec3-cb9272f09590/resourceGroups/javacsmrg2147/providers/Microsoft.Network/loadBalancers/extlb1-7592/loadBalancingRules/httpRule\"\r\n            }\r\n          ]\r\n        }\r\n      },\r\n      {\r\n        \"name\": \"httpsProbe\",\r\n        \"id\": \"/subscriptions/0b1f6471-1bf0-4dda-aec3-cb9272f09590/resourceGroups/javacsmrg2147/providers/Microsoft.Network/loadBalancers/extlb1-7592/probes/httpsProbe\",\r\n        \"etag\": \"W/\\\"3f1d92f6-8b16-442b-8b3f-1994c3d311d4\\\"\",\r\n        \"properties\": {\r\n          \"provisioningState\": \"Succeeded\",\r\n          \"protocol\": \"Http\",\r\n          \"port\": 80,\r\n          \"requestPath\": \"/\",\r\n          \"intervalInSeconds\": 15,\r\n          \"numberOfProbes\": 2,\r\n          \"loadBalancingRules\": [\r\n            {\r\n              \"id\": \"/subscriptions/0b1f6471-1bf0-4dda-aec3-cb9272f09590/resourceGroups/javacsmrg2147/providers/Microsoft.Network/loadBalancers/extlb1-7592/loadBalancingRules/httpsRule\"\r\n            }\r\n          ]\r\n        }\r\n      }\r\n    ],\r\n    \"inboundNatRules\": [],\r\n    \"outboundNatRules\": [],\r\n    \"inboundNatPools\": [\r\n      {\r\n        \"name\": \"extlb1-7592-INP1\",\r\n        \"id\": \"/subscriptions/0b1f6471-1bf0-4dda-aec3-cb9272f09590/resourceGroups/javacsmrg2147/providers/Microsoft.Network/loadBalancers/extlb1-7592/inboundNatPools/extlb1-7592-INP1\",\r\n        \"etag\": \"W/\\\"3f1d92f6-8b16-442b-8b3f-1994c3d311d4\\\"\",\r\n        \"properties\": {\r\n          \"provisioningState\": \"Succeeded\",\r\n          \"frontendPortRangeStart\": 5000,\r\n          \"frontendPortRangeEnd\": 5099,\r\n          \"backendPort\": 22,\r\n          \"protocol\": \"Tcp\",\r\n          \"idleTimeoutInMinutes\": 4,\r\n          \"enableFloatingIP\": false,\r\n          \"enableDestinationServiceEndpoint\": false,\r\n          \"frontendIPConfiguration\": {\r\n            \"id\": \"/subscriptions/0b1f6471-1bf0-4dda-aec3-cb9272f09590/resourceGroups/javacsmrg2147/providers/Microsoft.Network/loadBalancers/extlb1-7592/frontendIPConfigurations/extlb1-7592-FE1\"\r\n          }\r\n        }\r\n      },\r\n      {\r\n        \"name\": \"extlb1-7592-INP2\",\r\n        \"id\": \"/subscriptions/0b1f6471-1bf0-4dda-aec3-cb9272f09590/resourceGroups/javacsmrg2147/providers/Microsoft.Network/loadBalancers/extlb1-7592/inboundNatPools/extlb1-7592-INP2\",\r\n        \"etag\": \"W/\\\"3f1d92f6-8b16-442b-8b3f-1994c3d311d4\\\"\",\r\n        \"properties\": {\r\n          \"provisioningState\": \"Succeeded\",\r\n          \"frontendPortRangeStart\": 6000,\r\n          \"frontendPortRangeEnd\": 6099,\r\n          \"backendPort\": 23,\r\n          \"protocol\": \"Tcp\",\r\n          \"idleTimeoutInMinutes\": 4,\r\n          \"enableFloatingIP\": false,\r\n          \"enableDestinationServiceEndpoint\": false,\r\n          \"frontendIPConfiguration\": {\r\n            \"id\": \"/subscriptions/0b1f6471-1bf0-4dda-aec3-cb9272f09590/resourceGroups/javacsmrg2147/providers/Microsoft.Network/loadBalancers/extlb1-7592/frontendIPConfigurations/extlb1-7592-FE1\"\r\n          }\r\n        }\r\n      }\r\n    ]\r\n  },\r\n  \"sku\": {\r\n    \"name\": \"Standard\",\r\n    \"tier\": \"Regional\"\r\n  }\r\n}",
      "ResponseHeaders": {
        "Content-Type": [
          "application/json; charset=utf-8"
        ],
        "Expires": [
          "-1"
        ],
        "Cache-Control": [
          "no-cache"
        ],
        "Date": [
          "Sat, 14 Apr 2018 05:35:04 GMT"
        ],
        "Pragma": [
          "no-cache"
        ],
        "Transfer-Encoding": [
          "chunked"
        ],
        "ETag": [
          "W/\"3f1d92f6-8b16-442b-8b3f-1994c3d311d4\""
        ],
        "Server": [
          "Microsoft-HTTPAPI/2.0",
          "Microsoft-HTTPAPI/2.0"
        ],
        "Vary": [
          "Accept-Encoding"
        ],
        "x-ms-request-id": [
          "c7800d93-3e37-4217-abf7-bb11d53cdfed"
        ],
        "Strict-Transport-Security": [
          "max-age=31536000; includeSubDomains"
        ],
        "x-ms-ratelimit-remaining-subscription-reads": [
          "14985"
        ],
        "x-ms-correlation-request-id": [
          "5ab10422-9456-409e-b20c-8f0641d2bcea"
        ],
        "x-ms-routing-request-id": [
          "WESTUS2:20180414T053505Z:5ab10422-9456-409e-b20c-8f0641d2bcea"
        ],
        "X-Content-Type-Options": [
          "nosniff"
        ]
      },
      "StatusCode": 200
    },
    {
      "RequestUri": "/subscriptions/0b1f6471-1bf0-4dda-aec3-cb9272f09590/resourceGroups/javacsmrg2147/providers/Microsoft.Network/loadBalancers/extlb1-7592?api-version=2018-02-01",
      "EncodedRequestUri": "L3N1YnNjcmlwdGlvbnMvMGIxZjY0NzEtMWJmMC00ZGRhLWFlYzMtY2I5MjcyZjA5NTkwL3Jlc291cmNlR3JvdXBzL2phdmFjc21yZzIxNDcvcHJvdmlkZXJzL01pY3Jvc29mdC5OZXR3b3JrL2xvYWRCYWxhbmNlcnMvZXh0bGIxLTc1OTI/YXBpLXZlcnNpb249MjAxOC0wMi0wMQ==",
      "RequestMethod": "GET",
      "RequestBody": "",
      "RequestHeaders": {
        "x-ms-client-request-id": [
          "aecb78c3-f448-4607-82c9-fe7c3b1c21ac"
        ],
        "accept-language": [
          "en-US"
        ],
        "User-Agent": [
          "FxVersion/4.6.25211.01",
          "Microsoft.Azure.Management.Network.Fluent.NetworkManagementClient/1.8.0.0",
          "MacAddressHash/1a7db1f3023c8cc9a72984005b4db786d257d09f868c7e111d4bf514b71b7890"
        ]
      },
      "ResponseBody": "{\r\n  \"name\": \"extlb1-7592\",\r\n  \"id\": \"/subscriptions/0b1f6471-1bf0-4dda-aec3-cb9272f09590/resourceGroups/javacsmrg2147/providers/Microsoft.Network/loadBalancers/extlb1-7592\",\r\n  \"etag\": \"W/\\\"27c98c14-a706-4431-813a-38bfe09ef397\\\"\",\r\n  \"type\": \"Microsoft.Network/loadBalancers\",\r\n  \"location\": \"eastus2\",\r\n  \"tags\": {},\r\n  \"properties\": {\r\n    \"provisioningState\": \"Succeeded\",\r\n    \"resourceGuid\": \"2f921a87-c890-44ee-91fa-eca84b4a58cd\",\r\n    \"frontendIPConfigurations\": [\r\n      {\r\n        \"name\": \"extlb1-7592-FE1\",\r\n        \"id\": \"/subscriptions/0b1f6471-1bf0-4dda-aec3-cb9272f09590/resourceGroups/javacsmrg2147/providers/Microsoft.Network/loadBalancers/extlb1-7592/frontendIPConfigurations/extlb1-7592-FE1\",\r\n        \"etag\": \"W/\\\"27c98c14-a706-4431-813a-38bfe09ef397\\\"\",\r\n        \"properties\": {\r\n          \"provisioningState\": \"Succeeded\",\r\n          \"privateIPAllocationMethod\": \"Dynamic\",\r\n          \"publicIPAddress\": {\r\n            \"id\": \"/subscriptions/0b1f6471-1bf0-4dda-aec3-cb9272f09590/resourceGroups/javacsmrg2147/providers/Microsoft.Network/publicIPAddresses/pip-extlb1-7592\"\r\n          },\r\n          \"loadBalancingRules\": [\r\n            {\r\n              \"id\": \"/subscriptions/0b1f6471-1bf0-4dda-aec3-cb9272f09590/resourceGroups/javacsmrg2147/providers/Microsoft.Network/loadBalancers/extlb1-7592/loadBalancingRules/httpRule\"\r\n            },\r\n            {\r\n              \"id\": \"/subscriptions/0b1f6471-1bf0-4dda-aec3-cb9272f09590/resourceGroups/javacsmrg2147/providers/Microsoft.Network/loadBalancers/extlb1-7592/loadBalancingRules/httpsRule\"\r\n            }\r\n          ],\r\n          \"inboundNatRules\": [\r\n            {\r\n              \"id\": \"/subscriptions/0b1f6471-1bf0-4dda-aec3-cb9272f09590/resourceGroups/javacsmrg2147/providers/Microsoft.Network/loadBalancers/extlb1-7592/inboundNatRules/extlb1-7592-INP1.0\"\r\n            },\r\n            {\r\n              \"id\": \"/subscriptions/0b1f6471-1bf0-4dda-aec3-cb9272f09590/resourceGroups/javacsmrg2147/providers/Microsoft.Network/loadBalancers/extlb1-7592/inboundNatRules/extlb1-7592-INP2.0\"\r\n            },\r\n            {\r\n              \"id\": \"/subscriptions/0b1f6471-1bf0-4dda-aec3-cb9272f09590/resourceGroups/javacsmrg2147/providers/Microsoft.Network/loadBalancers/extlb1-7592/inboundNatRules/extlb1-7592-INP1.1\"\r\n            },\r\n            {\r\n              \"id\": \"/subscriptions/0b1f6471-1bf0-4dda-aec3-cb9272f09590/resourceGroups/javacsmrg2147/providers/Microsoft.Network/loadBalancers/extlb1-7592/inboundNatRules/extlb1-7592-INP2.1\"\r\n            },\r\n            {\r\n              \"id\": \"/subscriptions/0b1f6471-1bf0-4dda-aec3-cb9272f09590/resourceGroups/javacsmrg2147/providers/Microsoft.Network/loadBalancers/extlb1-7592/inboundNatRules/extlb1-7592-INP1.2\"\r\n            },\r\n            {\r\n              \"id\": \"/subscriptions/0b1f6471-1bf0-4dda-aec3-cb9272f09590/resourceGroups/javacsmrg2147/providers/Microsoft.Network/loadBalancers/extlb1-7592/inboundNatRules/extlb1-7592-INP2.2\"\r\n            },\r\n            {\r\n              \"id\": \"/subscriptions/0b1f6471-1bf0-4dda-aec3-cb9272f09590/resourceGroups/javacsmrg2147/providers/Microsoft.Network/loadBalancers/extlb1-7592/inboundNatRules/extlb1-7592-INP1.3\"\r\n            },\r\n            {\r\n              \"id\": \"/subscriptions/0b1f6471-1bf0-4dda-aec3-cb9272f09590/resourceGroups/javacsmrg2147/providers/Microsoft.Network/loadBalancers/extlb1-7592/inboundNatRules/extlb1-7592-INP2.3\"\r\n            }\r\n          ],\r\n          \"inboundNatPools\": [\r\n            {\r\n              \"id\": \"/subscriptions/0b1f6471-1bf0-4dda-aec3-cb9272f09590/resourceGroups/javacsmrg2147/providers/Microsoft.Network/loadBalancers/extlb1-7592/inboundNatPools/extlb1-7592-INP1\"\r\n            },\r\n            {\r\n              \"id\": \"/subscriptions/0b1f6471-1bf0-4dda-aec3-cb9272f09590/resourceGroups/javacsmrg2147/providers/Microsoft.Network/loadBalancers/extlb1-7592/inboundNatPools/extlb1-7592-INP2\"\r\n            }\r\n          ]\r\n        }\r\n      }\r\n    ],\r\n    \"backendAddressPools\": [\r\n      {\r\n        \"name\": \"extlb1-7592-BAP1\",\r\n        \"id\": \"/subscriptions/0b1f6471-1bf0-4dda-aec3-cb9272f09590/resourceGroups/javacsmrg2147/providers/Microsoft.Network/loadBalancers/extlb1-7592/backendAddressPools/extlb1-7592-BAP1\",\r\n        \"etag\": \"W/\\\"27c98c14-a706-4431-813a-38bfe09ef397\\\"\",\r\n        \"properties\": {\r\n          \"provisioningState\": \"Succeeded\",\r\n          \"backendIPConfigurations\": [\r\n            {\r\n              \"id\": \"/subscriptions/0b1f6471-1bf0-4dda-aec3-cb9272f09590/resourceGroups/javacsmrg2147/providers/Microsoft.Compute/virtualMachineScaleSets/vmss8871/virtualMachines/0/networkInterfaces/primary-nic-cfg/ipConfigurations/primary-nic-ip-cfg\"\r\n            },\r\n            {\r\n              \"id\": \"/subscriptions/0b1f6471-1bf0-4dda-aec3-cb9272f09590/resourceGroups/javacsmrg2147/providers/Microsoft.Compute/virtualMachineScaleSets/vmss8871/virtualMachines/1/networkInterfaces/primary-nic-cfg/ipConfigurations/primary-nic-ip-cfg\"\r\n            },\r\n            {\r\n              \"id\": \"/subscriptions/0b1f6471-1bf0-4dda-aec3-cb9272f09590/resourceGroups/javacsmrg2147/providers/Microsoft.Compute/virtualMachineScaleSets/vmss8871/virtualMachines/2/networkInterfaces/primary-nic-cfg/ipConfigurations/primary-nic-ip-cfg\"\r\n            },\r\n            {\r\n              \"id\": \"/subscriptions/0b1f6471-1bf0-4dda-aec3-cb9272f09590/resourceGroups/javacsmrg2147/providers/Microsoft.Compute/virtualMachineScaleSets/vmss8871/virtualMachines/3/networkInterfaces/primary-nic-cfg/ipConfigurations/primary-nic-ip-cfg\"\r\n            }\r\n          ],\r\n          \"loadBalancingRules\": [\r\n            {\r\n              \"id\": \"/subscriptions/0b1f6471-1bf0-4dda-aec3-cb9272f09590/resourceGroups/javacsmrg2147/providers/Microsoft.Network/loadBalancers/extlb1-7592/loadBalancingRules/httpRule\"\r\n            }\r\n          ]\r\n        }\r\n      },\r\n      {\r\n        \"name\": \"extlb1-7592-BAP2\",\r\n        \"id\": \"/subscriptions/0b1f6471-1bf0-4dda-aec3-cb9272f09590/resourceGroups/javacsmrg2147/providers/Microsoft.Network/loadBalancers/extlb1-7592/backendAddressPools/extlb1-7592-BAP2\",\r\n        \"etag\": \"W/\\\"27c98c14-a706-4431-813a-38bfe09ef397\\\"\",\r\n        \"properties\": {\r\n          \"provisioningState\": \"Succeeded\",\r\n          \"backendIPConfigurations\": [\r\n            {\r\n              \"id\": \"/subscriptions/0b1f6471-1bf0-4dda-aec3-cb9272f09590/resourceGroups/javacsmrg2147/providers/Microsoft.Compute/virtualMachineScaleSets/vmss8871/virtualMachines/0/networkInterfaces/primary-nic-cfg/ipConfigurations/primary-nic-ip-cfg\"\r\n            },\r\n            {\r\n              \"id\": \"/subscriptions/0b1f6471-1bf0-4dda-aec3-cb9272f09590/resourceGroups/javacsmrg2147/providers/Microsoft.Compute/virtualMachineScaleSets/vmss8871/virtualMachines/1/networkInterfaces/primary-nic-cfg/ipConfigurations/primary-nic-ip-cfg\"\r\n            },\r\n            {\r\n              \"id\": \"/subscriptions/0b1f6471-1bf0-4dda-aec3-cb9272f09590/resourceGroups/javacsmrg2147/providers/Microsoft.Compute/virtualMachineScaleSets/vmss8871/virtualMachines/2/networkInterfaces/primary-nic-cfg/ipConfigurations/primary-nic-ip-cfg\"\r\n            },\r\n            {\r\n              \"id\": \"/subscriptions/0b1f6471-1bf0-4dda-aec3-cb9272f09590/resourceGroups/javacsmrg2147/providers/Microsoft.Compute/virtualMachineScaleSets/vmss8871/virtualMachines/3/networkInterfaces/primary-nic-cfg/ipConfigurations/primary-nic-ip-cfg\"\r\n            }\r\n          ],\r\n          \"loadBalancingRules\": [\r\n            {\r\n              \"id\": \"/subscriptions/0b1f6471-1bf0-4dda-aec3-cb9272f09590/resourceGroups/javacsmrg2147/providers/Microsoft.Network/loadBalancers/extlb1-7592/loadBalancingRules/httpsRule\"\r\n            }\r\n          ]\r\n        }\r\n      }\r\n    ],\r\n    \"loadBalancingRules\": [\r\n      {\r\n        \"name\": \"httpRule\",\r\n        \"id\": \"/subscriptions/0b1f6471-1bf0-4dda-aec3-cb9272f09590/resourceGroups/javacsmrg2147/providers/Microsoft.Network/loadBalancers/extlb1-7592/loadBalancingRules/httpRule\",\r\n        \"etag\": \"W/\\\"27c98c14-a706-4431-813a-38bfe09ef397\\\"\",\r\n        \"properties\": {\r\n          \"provisioningState\": \"Succeeded\",\r\n          \"frontendIPConfiguration\": {\r\n            \"id\": \"/subscriptions/0b1f6471-1bf0-4dda-aec3-cb9272f09590/resourceGroups/javacsmrg2147/providers/Microsoft.Network/loadBalancers/extlb1-7592/frontendIPConfigurations/extlb1-7592-FE1\"\r\n          },\r\n          \"frontendPort\": 80,\r\n          \"backendPort\": 80,\r\n          \"enableFloatingIP\": false,\r\n          \"idleTimeoutInMinutes\": 4,\r\n          \"protocol\": \"Tcp\",\r\n          \"enableDestinationServiceEndpoint\": false,\r\n          \"loadDistribution\": \"Default\",\r\n          \"disableOutboundSnat\": false,\r\n          \"backendAddressPool\": {\r\n            \"id\": \"/subscriptions/0b1f6471-1bf0-4dda-aec3-cb9272f09590/resourceGroups/javacsmrg2147/providers/Microsoft.Network/loadBalancers/extlb1-7592/backendAddressPools/extlb1-7592-BAP1\"\r\n          },\r\n          \"probe\": {\r\n            \"id\": \"/subscriptions/0b1f6471-1bf0-4dda-aec3-cb9272f09590/resourceGroups/javacsmrg2147/providers/Microsoft.Network/loadBalancers/extlb1-7592/probes/httpProbe\"\r\n          }\r\n        }\r\n      },\r\n      {\r\n        \"name\": \"httpsRule\",\r\n        \"id\": \"/subscriptions/0b1f6471-1bf0-4dda-aec3-cb9272f09590/resourceGroups/javacsmrg2147/providers/Microsoft.Network/loadBalancers/extlb1-7592/loadBalancingRules/httpsRule\",\r\n        \"etag\": \"W/\\\"27c98c14-a706-4431-813a-38bfe09ef397\\\"\",\r\n        \"properties\": {\r\n          \"provisioningState\": \"Succeeded\",\r\n          \"frontendIPConfiguration\": {\r\n            \"id\": \"/subscriptions/0b1f6471-1bf0-4dda-aec3-cb9272f09590/resourceGroups/javacsmrg2147/providers/Microsoft.Network/loadBalancers/extlb1-7592/frontendIPConfigurations/extlb1-7592-FE1\"\r\n          },\r\n          \"frontendPort\": 443,\r\n          \"backendPort\": 443,\r\n          \"enableFloatingIP\": false,\r\n          \"idleTimeoutInMinutes\": 4,\r\n          \"protocol\": \"Tcp\",\r\n          \"enableDestinationServiceEndpoint\": false,\r\n          \"loadDistribution\": \"Default\",\r\n          \"disableOutboundSnat\": false,\r\n          \"backendAddressPool\": {\r\n            \"id\": \"/subscriptions/0b1f6471-1bf0-4dda-aec3-cb9272f09590/resourceGroups/javacsmrg2147/providers/Microsoft.Network/loadBalancers/extlb1-7592/backendAddressPools/extlb1-7592-BAP2\"\r\n          },\r\n          \"probe\": {\r\n            \"id\": \"/subscriptions/0b1f6471-1bf0-4dda-aec3-cb9272f09590/resourceGroups/javacsmrg2147/providers/Microsoft.Network/loadBalancers/extlb1-7592/probes/httpsProbe\"\r\n          }\r\n        }\r\n      }\r\n    ],\r\n    \"probes\": [\r\n      {\r\n        \"name\": \"httpProbe\",\r\n        \"id\": \"/subscriptions/0b1f6471-1bf0-4dda-aec3-cb9272f09590/resourceGroups/javacsmrg2147/providers/Microsoft.Network/loadBalancers/extlb1-7592/probes/httpProbe\",\r\n        \"etag\": \"W/\\\"27c98c14-a706-4431-813a-38bfe09ef397\\\"\",\r\n        \"properties\": {\r\n          \"provisioningState\": \"Succeeded\",\r\n          \"protocol\": \"Http\",\r\n          \"port\": 80,\r\n          \"requestPath\": \"/\",\r\n          \"intervalInSeconds\": 15,\r\n          \"numberOfProbes\": 2,\r\n          \"loadBalancingRules\": [\r\n            {\r\n              \"id\": \"/subscriptions/0b1f6471-1bf0-4dda-aec3-cb9272f09590/resourceGroups/javacsmrg2147/providers/Microsoft.Network/loadBalancers/extlb1-7592/loadBalancingRules/httpRule\"\r\n            }\r\n          ]\r\n        }\r\n      },\r\n      {\r\n        \"name\": \"httpsProbe\",\r\n        \"id\": \"/subscriptions/0b1f6471-1bf0-4dda-aec3-cb9272f09590/resourceGroups/javacsmrg2147/providers/Microsoft.Network/loadBalancers/extlb1-7592/probes/httpsProbe\",\r\n        \"etag\": \"W/\\\"27c98c14-a706-4431-813a-38bfe09ef397\\\"\",\r\n        \"properties\": {\r\n          \"provisioningState\": \"Succeeded\",\r\n          \"protocol\": \"Http\",\r\n          \"port\": 80,\r\n          \"requestPath\": \"/\",\r\n          \"intervalInSeconds\": 15,\r\n          \"numberOfProbes\": 2,\r\n          \"loadBalancingRules\": [\r\n            {\r\n              \"id\": \"/subscriptions/0b1f6471-1bf0-4dda-aec3-cb9272f09590/resourceGroups/javacsmrg2147/providers/Microsoft.Network/loadBalancers/extlb1-7592/loadBalancingRules/httpsRule\"\r\n            }\r\n          ]\r\n        }\r\n      }\r\n    ],\r\n    \"inboundNatRules\": [\r\n      {\r\n        \"name\": \"extlb1-7592-INP1.0\",\r\n        \"id\": \"/subscriptions/0b1f6471-1bf0-4dda-aec3-cb9272f09590/resourceGroups/javacsmrg2147/providers/Microsoft.Network/loadBalancers/extlb1-7592/inboundNatRules/extlb1-7592-INP1.0\",\r\n        \"etag\": \"W/\\\"27c98c14-a706-4431-813a-38bfe09ef397\\\"\",\r\n        \"properties\": {\r\n          \"provisioningState\": \"Succeeded\",\r\n          \"frontendIPConfiguration\": {\r\n            \"id\": \"/subscriptions/0b1f6471-1bf0-4dda-aec3-cb9272f09590/resourceGroups/javacsmrg2147/providers/Microsoft.Network/loadBalancers/extlb1-7592/frontendIPConfigurations/extlb1-7592-FE1\"\r\n          },\r\n          \"frontendPort\": 5000,\r\n          \"backendPort\": 22,\r\n          \"enableFloatingIP\": false,\r\n          \"idleTimeoutInMinutes\": 4,\r\n          \"protocol\": \"Tcp\",\r\n          \"enableDestinationServiceEndpoint\": false,\r\n          \"backendIPConfiguration\": {\r\n            \"id\": \"/subscriptions/0b1f6471-1bf0-4dda-aec3-cb9272f09590/resourceGroups/javacsmrg2147/providers/Microsoft.Compute/virtualMachineScaleSets/vmss8871/virtualMachines/0/networkInterfaces/primary-nic-cfg/ipConfigurations/primary-nic-ip-cfg\"\r\n          }\r\n        }\r\n      },\r\n      {\r\n        \"name\": \"extlb1-7592-INP2.0\",\r\n        \"id\": \"/subscriptions/0b1f6471-1bf0-4dda-aec3-cb9272f09590/resourceGroups/javacsmrg2147/providers/Microsoft.Network/loadBalancers/extlb1-7592/inboundNatRules/extlb1-7592-INP2.0\",\r\n        \"etag\": \"W/\\\"27c98c14-a706-4431-813a-38bfe09ef397\\\"\",\r\n        \"properties\": {\r\n          \"provisioningState\": \"Succeeded\",\r\n          \"frontendIPConfiguration\": {\r\n            \"id\": \"/subscriptions/0b1f6471-1bf0-4dda-aec3-cb9272f09590/resourceGroups/javacsmrg2147/providers/Microsoft.Network/loadBalancers/extlb1-7592/frontendIPConfigurations/extlb1-7592-FE1\"\r\n          },\r\n          \"frontendPort\": 6000,\r\n          \"backendPort\": 23,\r\n          \"enableFloatingIP\": false,\r\n          \"idleTimeoutInMinutes\": 4,\r\n          \"protocol\": \"Tcp\",\r\n          \"enableDestinationServiceEndpoint\": false,\r\n          \"backendIPConfiguration\": {\r\n            \"id\": \"/subscriptions/0b1f6471-1bf0-4dda-aec3-cb9272f09590/resourceGroups/javacsmrg2147/providers/Microsoft.Compute/virtualMachineScaleSets/vmss8871/virtualMachines/0/networkInterfaces/primary-nic-cfg/ipConfigurations/primary-nic-ip-cfg\"\r\n          }\r\n        }\r\n      },\r\n      {\r\n        \"name\": \"extlb1-7592-INP1.1\",\r\n        \"id\": \"/subscriptions/0b1f6471-1bf0-4dda-aec3-cb9272f09590/resourceGroups/javacsmrg2147/providers/Microsoft.Network/loadBalancers/extlb1-7592/inboundNatRules/extlb1-7592-INP1.1\",\r\n        \"etag\": \"W/\\\"27c98c14-a706-4431-813a-38bfe09ef397\\\"\",\r\n        \"properties\": {\r\n          \"provisioningState\": \"Succeeded\",\r\n          \"frontendIPConfiguration\": {\r\n            \"id\": \"/subscriptions/0b1f6471-1bf0-4dda-aec3-cb9272f09590/resourceGroups/javacsmrg2147/providers/Microsoft.Network/loadBalancers/extlb1-7592/frontendIPConfigurations/extlb1-7592-FE1\"\r\n          },\r\n          \"frontendPort\": 5001,\r\n          \"backendPort\": 22,\r\n          \"enableFloatingIP\": false,\r\n          \"idleTimeoutInMinutes\": 4,\r\n          \"protocol\": \"Tcp\",\r\n          \"enableDestinationServiceEndpoint\": false,\r\n          \"backendIPConfiguration\": {\r\n            \"id\": \"/subscriptions/0b1f6471-1bf0-4dda-aec3-cb9272f09590/resourceGroups/javacsmrg2147/providers/Microsoft.Compute/virtualMachineScaleSets/vmss8871/virtualMachines/1/networkInterfaces/primary-nic-cfg/ipConfigurations/primary-nic-ip-cfg\"\r\n          }\r\n        }\r\n      },\r\n      {\r\n        \"name\": \"extlb1-7592-INP2.1\",\r\n        \"id\": \"/subscriptions/0b1f6471-1bf0-4dda-aec3-cb9272f09590/resourceGroups/javacsmrg2147/providers/Microsoft.Network/loadBalancers/extlb1-7592/inboundNatRules/extlb1-7592-INP2.1\",\r\n        \"etag\": \"W/\\\"27c98c14-a706-4431-813a-38bfe09ef397\\\"\",\r\n        \"properties\": {\r\n          \"provisioningState\": \"Succeeded\",\r\n          \"frontendIPConfiguration\": {\r\n            \"id\": \"/subscriptions/0b1f6471-1bf0-4dda-aec3-cb9272f09590/resourceGroups/javacsmrg2147/providers/Microsoft.Network/loadBalancers/extlb1-7592/frontendIPConfigurations/extlb1-7592-FE1\"\r\n          },\r\n          \"frontendPort\": 6001,\r\n          \"backendPort\": 23,\r\n          \"enableFloatingIP\": false,\r\n          \"idleTimeoutInMinutes\": 4,\r\n          \"protocol\": \"Tcp\",\r\n          \"enableDestinationServiceEndpoint\": false,\r\n          \"backendIPConfiguration\": {\r\n            \"id\": \"/subscriptions/0b1f6471-1bf0-4dda-aec3-cb9272f09590/resourceGroups/javacsmrg2147/providers/Microsoft.Compute/virtualMachineScaleSets/vmss8871/virtualMachines/1/networkInterfaces/primary-nic-cfg/ipConfigurations/primary-nic-ip-cfg\"\r\n          }\r\n        }\r\n      },\r\n      {\r\n        \"name\": \"extlb1-7592-INP1.2\",\r\n        \"id\": \"/subscriptions/0b1f6471-1bf0-4dda-aec3-cb9272f09590/resourceGroups/javacsmrg2147/providers/Microsoft.Network/loadBalancers/extlb1-7592/inboundNatRules/extlb1-7592-INP1.2\",\r\n        \"etag\": \"W/\\\"27c98c14-a706-4431-813a-38bfe09ef397\\\"\",\r\n        \"properties\": {\r\n          \"provisioningState\": \"Succeeded\",\r\n          \"frontendIPConfiguration\": {\r\n            \"id\": \"/subscriptions/0b1f6471-1bf0-4dda-aec3-cb9272f09590/resourceGroups/javacsmrg2147/providers/Microsoft.Network/loadBalancers/extlb1-7592/frontendIPConfigurations/extlb1-7592-FE1\"\r\n          },\r\n          \"frontendPort\": 5002,\r\n          \"backendPort\": 22,\r\n          \"enableFloatingIP\": false,\r\n          \"idleTimeoutInMinutes\": 4,\r\n          \"protocol\": \"Tcp\",\r\n          \"enableDestinationServiceEndpoint\": false,\r\n          \"backendIPConfiguration\": {\r\n            \"id\": \"/subscriptions/0b1f6471-1bf0-4dda-aec3-cb9272f09590/resourceGroups/javacsmrg2147/providers/Microsoft.Compute/virtualMachineScaleSets/vmss8871/virtualMachines/2/networkInterfaces/primary-nic-cfg/ipConfigurations/primary-nic-ip-cfg\"\r\n          }\r\n        }\r\n      },\r\n      {\r\n        \"name\": \"extlb1-7592-INP2.2\",\r\n        \"id\": \"/subscriptions/0b1f6471-1bf0-4dda-aec3-cb9272f09590/resourceGroups/javacsmrg2147/providers/Microsoft.Network/loadBalancers/extlb1-7592/inboundNatRules/extlb1-7592-INP2.2\",\r\n        \"etag\": \"W/\\\"27c98c14-a706-4431-813a-38bfe09ef397\\\"\",\r\n        \"properties\": {\r\n          \"provisioningState\": \"Succeeded\",\r\n          \"frontendIPConfiguration\": {\r\n            \"id\": \"/subscriptions/0b1f6471-1bf0-4dda-aec3-cb9272f09590/resourceGroups/javacsmrg2147/providers/Microsoft.Network/loadBalancers/extlb1-7592/frontendIPConfigurations/extlb1-7592-FE1\"\r\n          },\r\n          \"frontendPort\": 6002,\r\n          \"backendPort\": 23,\r\n          \"enableFloatingIP\": false,\r\n          \"idleTimeoutInMinutes\": 4,\r\n          \"protocol\": \"Tcp\",\r\n          \"enableDestinationServiceEndpoint\": false,\r\n          \"backendIPConfiguration\": {\r\n            \"id\": \"/subscriptions/0b1f6471-1bf0-4dda-aec3-cb9272f09590/resourceGroups/javacsmrg2147/providers/Microsoft.Compute/virtualMachineScaleSets/vmss8871/virtualMachines/2/networkInterfaces/primary-nic-cfg/ipConfigurations/primary-nic-ip-cfg\"\r\n          }\r\n        }\r\n      },\r\n      {\r\n        \"name\": \"extlb1-7592-INP1.3\",\r\n        \"id\": \"/subscriptions/0b1f6471-1bf0-4dda-aec3-cb9272f09590/resourceGroups/javacsmrg2147/providers/Microsoft.Network/loadBalancers/extlb1-7592/inboundNatRules/extlb1-7592-INP1.3\",\r\n        \"etag\": \"W/\\\"27c98c14-a706-4431-813a-38bfe09ef397\\\"\",\r\n        \"properties\": {\r\n          \"provisioningState\": \"Succeeded\",\r\n          \"frontendIPConfiguration\": {\r\n            \"id\": \"/subscriptions/0b1f6471-1bf0-4dda-aec3-cb9272f09590/resourceGroups/javacsmrg2147/providers/Microsoft.Network/loadBalancers/extlb1-7592/frontendIPConfigurations/extlb1-7592-FE1\"\r\n          },\r\n          \"frontendPort\": 5003,\r\n          \"backendPort\": 22,\r\n          \"enableFloatingIP\": false,\r\n          \"idleTimeoutInMinutes\": 4,\r\n          \"protocol\": \"Tcp\",\r\n          \"enableDestinationServiceEndpoint\": false,\r\n          \"backendIPConfiguration\": {\r\n            \"id\": \"/subscriptions/0b1f6471-1bf0-4dda-aec3-cb9272f09590/resourceGroups/javacsmrg2147/providers/Microsoft.Compute/virtualMachineScaleSets/vmss8871/virtualMachines/3/networkInterfaces/primary-nic-cfg/ipConfigurations/primary-nic-ip-cfg\"\r\n          }\r\n        }\r\n      },\r\n      {\r\n        \"name\": \"extlb1-7592-INP2.3\",\r\n        \"id\": \"/subscriptions/0b1f6471-1bf0-4dda-aec3-cb9272f09590/resourceGroups/javacsmrg2147/providers/Microsoft.Network/loadBalancers/extlb1-7592/inboundNatRules/extlb1-7592-INP2.3\",\r\n        \"etag\": \"W/\\\"27c98c14-a706-4431-813a-38bfe09ef397\\\"\",\r\n        \"properties\": {\r\n          \"provisioningState\": \"Succeeded\",\r\n          \"frontendIPConfiguration\": {\r\n            \"id\": \"/subscriptions/0b1f6471-1bf0-4dda-aec3-cb9272f09590/resourceGroups/javacsmrg2147/providers/Microsoft.Network/loadBalancers/extlb1-7592/frontendIPConfigurations/extlb1-7592-FE1\"\r\n          },\r\n          \"frontendPort\": 6003,\r\n          \"backendPort\": 23,\r\n          \"enableFloatingIP\": false,\r\n          \"idleTimeoutInMinutes\": 4,\r\n          \"protocol\": \"Tcp\",\r\n          \"enableDestinationServiceEndpoint\": false,\r\n          \"backendIPConfiguration\": {\r\n            \"id\": \"/subscriptions/0b1f6471-1bf0-4dda-aec3-cb9272f09590/resourceGroups/javacsmrg2147/providers/Microsoft.Compute/virtualMachineScaleSets/vmss8871/virtualMachines/3/networkInterfaces/primary-nic-cfg/ipConfigurations/primary-nic-ip-cfg\"\r\n          }\r\n        }\r\n      }\r\n    ],\r\n    \"outboundNatRules\": [],\r\n    \"inboundNatPools\": [\r\n      {\r\n        \"name\": \"extlb1-7592-INP1\",\r\n        \"id\": \"/subscriptions/0b1f6471-1bf0-4dda-aec3-cb9272f09590/resourceGroups/javacsmrg2147/providers/Microsoft.Network/loadBalancers/extlb1-7592/inboundNatPools/extlb1-7592-INP1\",\r\n        \"etag\": \"W/\\\"27c98c14-a706-4431-813a-38bfe09ef397\\\"\",\r\n        \"properties\": {\r\n          \"provisioningState\": \"Succeeded\",\r\n          \"frontendPortRangeStart\": 5000,\r\n          \"frontendPortRangeEnd\": 5099,\r\n          \"backendPort\": 22,\r\n          \"protocol\": \"Tcp\",\r\n          \"idleTimeoutInMinutes\": 4,\r\n          \"enableFloatingIP\": false,\r\n          \"enableDestinationServiceEndpoint\": false,\r\n          \"frontendIPConfiguration\": {\r\n            \"id\": \"/subscriptions/0b1f6471-1bf0-4dda-aec3-cb9272f09590/resourceGroups/javacsmrg2147/providers/Microsoft.Network/loadBalancers/extlb1-7592/frontendIPConfigurations/extlb1-7592-FE1\"\r\n          }\r\n        }\r\n      },\r\n      {\r\n        \"name\": \"extlb1-7592-INP2\",\r\n        \"id\": \"/subscriptions/0b1f6471-1bf0-4dda-aec3-cb9272f09590/resourceGroups/javacsmrg2147/providers/Microsoft.Network/loadBalancers/extlb1-7592/inboundNatPools/extlb1-7592-INP2\",\r\n        \"etag\": \"W/\\\"27c98c14-a706-4431-813a-38bfe09ef397\\\"\",\r\n        \"properties\": {\r\n          \"provisioningState\": \"Succeeded\",\r\n          \"frontendPortRangeStart\": 6000,\r\n          \"frontendPortRangeEnd\": 6099,\r\n          \"backendPort\": 23,\r\n          \"protocol\": \"Tcp\",\r\n          \"idleTimeoutInMinutes\": 4,\r\n          \"enableFloatingIP\": false,\r\n          \"enableDestinationServiceEndpoint\": false,\r\n          \"frontendIPConfiguration\": {\r\n            \"id\": \"/subscriptions/0b1f6471-1bf0-4dda-aec3-cb9272f09590/resourceGroups/javacsmrg2147/providers/Microsoft.Network/loadBalancers/extlb1-7592/frontendIPConfigurations/extlb1-7592-FE1\"\r\n          }\r\n        }\r\n      }\r\n    ]\r\n  },\r\n  \"sku\": {\r\n    \"name\": \"Standard\",\r\n    \"tier\": \"Regional\"\r\n  }\r\n}",
      "ResponseHeaders": {
        "Content-Type": [
          "application/json; charset=utf-8"
        ],
        "Expires": [
          "-1"
        ],
        "Cache-Control": [
          "no-cache"
        ],
        "Date": [
          "Sat, 14 Apr 2018 05:36:40 GMT"
        ],
        "Pragma": [
          "no-cache"
        ],
        "Transfer-Encoding": [
          "chunked"
        ],
        "ETag": [
          "W/\"27c98c14-a706-4431-813a-38bfe09ef397\""
        ],
        "Server": [
          "Microsoft-HTTPAPI/2.0",
          "Microsoft-HTTPAPI/2.0"
        ],
        "Vary": [
          "Accept-Encoding"
        ],
        "x-ms-request-id": [
          "c456a62d-a10f-4850-86f0-f3fb731bfd89"
        ],
        "Strict-Transport-Security": [
          "max-age=31536000; includeSubDomains"
        ],
        "x-ms-ratelimit-remaining-subscription-reads": [
          "14980"
        ],
        "x-ms-correlation-request-id": [
          "0eeb1a4e-31e4-42b7-b81a-c8663bfb3883"
        ],
        "x-ms-routing-request-id": [
          "WESTUS2:20180414T053640Z:0eeb1a4e-31e4-42b7-b81a-c8663bfb3883"
        ],
        "X-Content-Type-Options": [
          "nosniff"
        ]
      },
      "StatusCode": 200
    },
    {
      "RequestUri": "/subscriptions/0b1f6471-1bf0-4dda-aec3-cb9272f09590/resourceGroups/javacsmrg2147/providers/Microsoft.Network/loadBalancers/extlb1-7592?api-version=2018-02-01",
      "EncodedRequestUri": "L3N1YnNjcmlwdGlvbnMvMGIxZjY0NzEtMWJmMC00ZGRhLWFlYzMtY2I5MjcyZjA5NTkwL3Jlc291cmNlR3JvdXBzL2phdmFjc21yZzIxNDcvcHJvdmlkZXJzL01pY3Jvc29mdC5OZXR3b3JrL2xvYWRCYWxhbmNlcnMvZXh0bGIxLTc1OTI/YXBpLXZlcnNpb249MjAxOC0wMi0wMQ==",
      "RequestMethod": "GET",
      "RequestBody": "",
      "RequestHeaders": {
        "x-ms-client-request-id": [
          "c965b553-f7b6-42d9-97e8-429a261982bd"
        ],
        "accept-language": [
          "en-US"
        ],
        "User-Agent": [
          "FxVersion/4.6.25211.01",
          "Microsoft.Azure.Management.Network.Fluent.NetworkManagementClient/1.8.0.0",
          "MacAddressHash/1a7db1f3023c8cc9a72984005b4db786d257d09f868c7e111d4bf514b71b7890"
        ]
      },
      "ResponseBody": "{\r\n  \"name\": \"extlb1-7592\",\r\n  \"id\": \"/subscriptions/0b1f6471-1bf0-4dda-aec3-cb9272f09590/resourceGroups/javacsmrg2147/providers/Microsoft.Network/loadBalancers/extlb1-7592\",\r\n  \"etag\": \"W/\\\"27c98c14-a706-4431-813a-38bfe09ef397\\\"\",\r\n  \"type\": \"Microsoft.Network/loadBalancers\",\r\n  \"location\": \"eastus2\",\r\n  \"tags\": {},\r\n  \"properties\": {\r\n    \"provisioningState\": \"Succeeded\",\r\n    \"resourceGuid\": \"2f921a87-c890-44ee-91fa-eca84b4a58cd\",\r\n    \"frontendIPConfigurations\": [\r\n      {\r\n        \"name\": \"extlb1-7592-FE1\",\r\n        \"id\": \"/subscriptions/0b1f6471-1bf0-4dda-aec3-cb9272f09590/resourceGroups/javacsmrg2147/providers/Microsoft.Network/loadBalancers/extlb1-7592/frontendIPConfigurations/extlb1-7592-FE1\",\r\n        \"etag\": \"W/\\\"27c98c14-a706-4431-813a-38bfe09ef397\\\"\",\r\n        \"properties\": {\r\n          \"provisioningState\": \"Succeeded\",\r\n          \"privateIPAllocationMethod\": \"Dynamic\",\r\n          \"publicIPAddress\": {\r\n            \"id\": \"/subscriptions/0b1f6471-1bf0-4dda-aec3-cb9272f09590/resourceGroups/javacsmrg2147/providers/Microsoft.Network/publicIPAddresses/pip-extlb1-7592\"\r\n          },\r\n          \"loadBalancingRules\": [\r\n            {\r\n              \"id\": \"/subscriptions/0b1f6471-1bf0-4dda-aec3-cb9272f09590/resourceGroups/javacsmrg2147/providers/Microsoft.Network/loadBalancers/extlb1-7592/loadBalancingRules/httpRule\"\r\n            },\r\n            {\r\n              \"id\": \"/subscriptions/0b1f6471-1bf0-4dda-aec3-cb9272f09590/resourceGroups/javacsmrg2147/providers/Microsoft.Network/loadBalancers/extlb1-7592/loadBalancingRules/httpsRule\"\r\n            }\r\n          ],\r\n          \"inboundNatRules\": [\r\n            {\r\n              \"id\": \"/subscriptions/0b1f6471-1bf0-4dda-aec3-cb9272f09590/resourceGroups/javacsmrg2147/providers/Microsoft.Network/loadBalancers/extlb1-7592/inboundNatRules/extlb1-7592-INP1.0\"\r\n            },\r\n            {\r\n              \"id\": \"/subscriptions/0b1f6471-1bf0-4dda-aec3-cb9272f09590/resourceGroups/javacsmrg2147/providers/Microsoft.Network/loadBalancers/extlb1-7592/inboundNatRules/extlb1-7592-INP2.0\"\r\n            },\r\n            {\r\n              \"id\": \"/subscriptions/0b1f6471-1bf0-4dda-aec3-cb9272f09590/resourceGroups/javacsmrg2147/providers/Microsoft.Network/loadBalancers/extlb1-7592/inboundNatRules/extlb1-7592-INP1.1\"\r\n            },\r\n            {\r\n              \"id\": \"/subscriptions/0b1f6471-1bf0-4dda-aec3-cb9272f09590/resourceGroups/javacsmrg2147/providers/Microsoft.Network/loadBalancers/extlb1-7592/inboundNatRules/extlb1-7592-INP2.1\"\r\n            },\r\n            {\r\n              \"id\": \"/subscriptions/0b1f6471-1bf0-4dda-aec3-cb9272f09590/resourceGroups/javacsmrg2147/providers/Microsoft.Network/loadBalancers/extlb1-7592/inboundNatRules/extlb1-7592-INP1.2\"\r\n            },\r\n            {\r\n              \"id\": \"/subscriptions/0b1f6471-1bf0-4dda-aec3-cb9272f09590/resourceGroups/javacsmrg2147/providers/Microsoft.Network/loadBalancers/extlb1-7592/inboundNatRules/extlb1-7592-INP2.2\"\r\n            },\r\n            {\r\n              \"id\": \"/subscriptions/0b1f6471-1bf0-4dda-aec3-cb9272f09590/resourceGroups/javacsmrg2147/providers/Microsoft.Network/loadBalancers/extlb1-7592/inboundNatRules/extlb1-7592-INP1.3\"\r\n            },\r\n            {\r\n              \"id\": \"/subscriptions/0b1f6471-1bf0-4dda-aec3-cb9272f09590/resourceGroups/javacsmrg2147/providers/Microsoft.Network/loadBalancers/extlb1-7592/inboundNatRules/extlb1-7592-INP2.3\"\r\n            }\r\n          ],\r\n          \"inboundNatPools\": [\r\n            {\r\n              \"id\": \"/subscriptions/0b1f6471-1bf0-4dda-aec3-cb9272f09590/resourceGroups/javacsmrg2147/providers/Microsoft.Network/loadBalancers/extlb1-7592/inboundNatPools/extlb1-7592-INP1\"\r\n            },\r\n            {\r\n              \"id\": \"/subscriptions/0b1f6471-1bf0-4dda-aec3-cb9272f09590/resourceGroups/javacsmrg2147/providers/Microsoft.Network/loadBalancers/extlb1-7592/inboundNatPools/extlb1-7592-INP2\"\r\n            }\r\n          ]\r\n        }\r\n      }\r\n    ],\r\n    \"backendAddressPools\": [\r\n      {\r\n        \"name\": \"extlb1-7592-BAP1\",\r\n        \"id\": \"/subscriptions/0b1f6471-1bf0-4dda-aec3-cb9272f09590/resourceGroups/javacsmrg2147/providers/Microsoft.Network/loadBalancers/extlb1-7592/backendAddressPools/extlb1-7592-BAP1\",\r\n        \"etag\": \"W/\\\"27c98c14-a706-4431-813a-38bfe09ef397\\\"\",\r\n        \"properties\": {\r\n          \"provisioningState\": \"Succeeded\",\r\n          \"backendIPConfigurations\": [\r\n            {\r\n              \"id\": \"/subscriptions/0b1f6471-1bf0-4dda-aec3-cb9272f09590/resourceGroups/javacsmrg2147/providers/Microsoft.Compute/virtualMachineScaleSets/vmss8871/virtualMachines/0/networkInterfaces/primary-nic-cfg/ipConfigurations/primary-nic-ip-cfg\"\r\n            },\r\n            {\r\n              \"id\": \"/subscriptions/0b1f6471-1bf0-4dda-aec3-cb9272f09590/resourceGroups/javacsmrg2147/providers/Microsoft.Compute/virtualMachineScaleSets/vmss8871/virtualMachines/1/networkInterfaces/primary-nic-cfg/ipConfigurations/primary-nic-ip-cfg\"\r\n            },\r\n            {\r\n              \"id\": \"/subscriptions/0b1f6471-1bf0-4dda-aec3-cb9272f09590/resourceGroups/javacsmrg2147/providers/Microsoft.Compute/virtualMachineScaleSets/vmss8871/virtualMachines/2/networkInterfaces/primary-nic-cfg/ipConfigurations/primary-nic-ip-cfg\"\r\n            },\r\n            {\r\n              \"id\": \"/subscriptions/0b1f6471-1bf0-4dda-aec3-cb9272f09590/resourceGroups/javacsmrg2147/providers/Microsoft.Compute/virtualMachineScaleSets/vmss8871/virtualMachines/3/networkInterfaces/primary-nic-cfg/ipConfigurations/primary-nic-ip-cfg\"\r\n            }\r\n          ],\r\n          \"loadBalancingRules\": [\r\n            {\r\n              \"id\": \"/subscriptions/0b1f6471-1bf0-4dda-aec3-cb9272f09590/resourceGroups/javacsmrg2147/providers/Microsoft.Network/loadBalancers/extlb1-7592/loadBalancingRules/httpRule\"\r\n            }\r\n          ]\r\n        }\r\n      },\r\n      {\r\n        \"name\": \"extlb1-7592-BAP2\",\r\n        \"id\": \"/subscriptions/0b1f6471-1bf0-4dda-aec3-cb9272f09590/resourceGroups/javacsmrg2147/providers/Microsoft.Network/loadBalancers/extlb1-7592/backendAddressPools/extlb1-7592-BAP2\",\r\n        \"etag\": \"W/\\\"27c98c14-a706-4431-813a-38bfe09ef397\\\"\",\r\n        \"properties\": {\r\n          \"provisioningState\": \"Succeeded\",\r\n          \"backendIPConfigurations\": [\r\n            {\r\n              \"id\": \"/subscriptions/0b1f6471-1bf0-4dda-aec3-cb9272f09590/resourceGroups/javacsmrg2147/providers/Microsoft.Compute/virtualMachineScaleSets/vmss8871/virtualMachines/0/networkInterfaces/primary-nic-cfg/ipConfigurations/primary-nic-ip-cfg\"\r\n            },\r\n            {\r\n              \"id\": \"/subscriptions/0b1f6471-1bf0-4dda-aec3-cb9272f09590/resourceGroups/javacsmrg2147/providers/Microsoft.Compute/virtualMachineScaleSets/vmss8871/virtualMachines/1/networkInterfaces/primary-nic-cfg/ipConfigurations/primary-nic-ip-cfg\"\r\n            },\r\n            {\r\n              \"id\": \"/subscriptions/0b1f6471-1bf0-4dda-aec3-cb9272f09590/resourceGroups/javacsmrg2147/providers/Microsoft.Compute/virtualMachineScaleSets/vmss8871/virtualMachines/2/networkInterfaces/primary-nic-cfg/ipConfigurations/primary-nic-ip-cfg\"\r\n            },\r\n            {\r\n              \"id\": \"/subscriptions/0b1f6471-1bf0-4dda-aec3-cb9272f09590/resourceGroups/javacsmrg2147/providers/Microsoft.Compute/virtualMachineScaleSets/vmss8871/virtualMachines/3/networkInterfaces/primary-nic-cfg/ipConfigurations/primary-nic-ip-cfg\"\r\n            }\r\n          ],\r\n          \"loadBalancingRules\": [\r\n            {\r\n              \"id\": \"/subscriptions/0b1f6471-1bf0-4dda-aec3-cb9272f09590/resourceGroups/javacsmrg2147/providers/Microsoft.Network/loadBalancers/extlb1-7592/loadBalancingRules/httpsRule\"\r\n            }\r\n          ]\r\n        }\r\n      }\r\n    ],\r\n    \"loadBalancingRules\": [\r\n      {\r\n        \"name\": \"httpRule\",\r\n        \"id\": \"/subscriptions/0b1f6471-1bf0-4dda-aec3-cb9272f09590/resourceGroups/javacsmrg2147/providers/Microsoft.Network/loadBalancers/extlb1-7592/loadBalancingRules/httpRule\",\r\n        \"etag\": \"W/\\\"27c98c14-a706-4431-813a-38bfe09ef397\\\"\",\r\n        \"properties\": {\r\n          \"provisioningState\": \"Succeeded\",\r\n          \"frontendIPConfiguration\": {\r\n            \"id\": \"/subscriptions/0b1f6471-1bf0-4dda-aec3-cb9272f09590/resourceGroups/javacsmrg2147/providers/Microsoft.Network/loadBalancers/extlb1-7592/frontendIPConfigurations/extlb1-7592-FE1\"\r\n          },\r\n          \"frontendPort\": 80,\r\n          \"backendPort\": 80,\r\n          \"enableFloatingIP\": false,\r\n          \"idleTimeoutInMinutes\": 4,\r\n          \"protocol\": \"Tcp\",\r\n          \"enableDestinationServiceEndpoint\": false,\r\n          \"loadDistribution\": \"Default\",\r\n          \"disableOutboundSnat\": false,\r\n          \"backendAddressPool\": {\r\n            \"id\": \"/subscriptions/0b1f6471-1bf0-4dda-aec3-cb9272f09590/resourceGroups/javacsmrg2147/providers/Microsoft.Network/loadBalancers/extlb1-7592/backendAddressPools/extlb1-7592-BAP1\"\r\n          },\r\n          \"probe\": {\r\n            \"id\": \"/subscriptions/0b1f6471-1bf0-4dda-aec3-cb9272f09590/resourceGroups/javacsmrg2147/providers/Microsoft.Network/loadBalancers/extlb1-7592/probes/httpProbe\"\r\n          }\r\n        }\r\n      },\r\n      {\r\n        \"name\": \"httpsRule\",\r\n        \"id\": \"/subscriptions/0b1f6471-1bf0-4dda-aec3-cb9272f09590/resourceGroups/javacsmrg2147/providers/Microsoft.Network/loadBalancers/extlb1-7592/loadBalancingRules/httpsRule\",\r\n        \"etag\": \"W/\\\"27c98c14-a706-4431-813a-38bfe09ef397\\\"\",\r\n        \"properties\": {\r\n          \"provisioningState\": \"Succeeded\",\r\n          \"frontendIPConfiguration\": {\r\n            \"id\": \"/subscriptions/0b1f6471-1bf0-4dda-aec3-cb9272f09590/resourceGroups/javacsmrg2147/providers/Microsoft.Network/loadBalancers/extlb1-7592/frontendIPConfigurations/extlb1-7592-FE1\"\r\n          },\r\n          \"frontendPort\": 443,\r\n          \"backendPort\": 443,\r\n          \"enableFloatingIP\": false,\r\n          \"idleTimeoutInMinutes\": 4,\r\n          \"protocol\": \"Tcp\",\r\n          \"enableDestinationServiceEndpoint\": false,\r\n          \"loadDistribution\": \"Default\",\r\n          \"disableOutboundSnat\": false,\r\n          \"backendAddressPool\": {\r\n            \"id\": \"/subscriptions/0b1f6471-1bf0-4dda-aec3-cb9272f09590/resourceGroups/javacsmrg2147/providers/Microsoft.Network/loadBalancers/extlb1-7592/backendAddressPools/extlb1-7592-BAP2\"\r\n          },\r\n          \"probe\": {\r\n            \"id\": \"/subscriptions/0b1f6471-1bf0-4dda-aec3-cb9272f09590/resourceGroups/javacsmrg2147/providers/Microsoft.Network/loadBalancers/extlb1-7592/probes/httpsProbe\"\r\n          }\r\n        }\r\n      }\r\n    ],\r\n    \"probes\": [\r\n      {\r\n        \"name\": \"httpProbe\",\r\n        \"id\": \"/subscriptions/0b1f6471-1bf0-4dda-aec3-cb9272f09590/resourceGroups/javacsmrg2147/providers/Microsoft.Network/loadBalancers/extlb1-7592/probes/httpProbe\",\r\n        \"etag\": \"W/\\\"27c98c14-a706-4431-813a-38bfe09ef397\\\"\",\r\n        \"properties\": {\r\n          \"provisioningState\": \"Succeeded\",\r\n          \"protocol\": \"Http\",\r\n          \"port\": 80,\r\n          \"requestPath\": \"/\",\r\n          \"intervalInSeconds\": 15,\r\n          \"numberOfProbes\": 2,\r\n          \"loadBalancingRules\": [\r\n            {\r\n              \"id\": \"/subscriptions/0b1f6471-1bf0-4dda-aec3-cb9272f09590/resourceGroups/javacsmrg2147/providers/Microsoft.Network/loadBalancers/extlb1-7592/loadBalancingRules/httpRule\"\r\n            }\r\n          ]\r\n        }\r\n      },\r\n      {\r\n        \"name\": \"httpsProbe\",\r\n        \"id\": \"/subscriptions/0b1f6471-1bf0-4dda-aec3-cb9272f09590/resourceGroups/javacsmrg2147/providers/Microsoft.Network/loadBalancers/extlb1-7592/probes/httpsProbe\",\r\n        \"etag\": \"W/\\\"27c98c14-a706-4431-813a-38bfe09ef397\\\"\",\r\n        \"properties\": {\r\n          \"provisioningState\": \"Succeeded\",\r\n          \"protocol\": \"Http\",\r\n          \"port\": 80,\r\n          \"requestPath\": \"/\",\r\n          \"intervalInSeconds\": 15,\r\n          \"numberOfProbes\": 2,\r\n          \"loadBalancingRules\": [\r\n            {\r\n              \"id\": \"/subscriptions/0b1f6471-1bf0-4dda-aec3-cb9272f09590/resourceGroups/javacsmrg2147/providers/Microsoft.Network/loadBalancers/extlb1-7592/loadBalancingRules/httpsRule\"\r\n            }\r\n          ]\r\n        }\r\n      }\r\n    ],\r\n    \"inboundNatRules\": [\r\n      {\r\n        \"name\": \"extlb1-7592-INP1.0\",\r\n        \"id\": \"/subscriptions/0b1f6471-1bf0-4dda-aec3-cb9272f09590/resourceGroups/javacsmrg2147/providers/Microsoft.Network/loadBalancers/extlb1-7592/inboundNatRules/extlb1-7592-INP1.0\",\r\n        \"etag\": \"W/\\\"27c98c14-a706-4431-813a-38bfe09ef397\\\"\",\r\n        \"properties\": {\r\n          \"provisioningState\": \"Succeeded\",\r\n          \"frontendIPConfiguration\": {\r\n            \"id\": \"/subscriptions/0b1f6471-1bf0-4dda-aec3-cb9272f09590/resourceGroups/javacsmrg2147/providers/Microsoft.Network/loadBalancers/extlb1-7592/frontendIPConfigurations/extlb1-7592-FE1\"\r\n          },\r\n          \"frontendPort\": 5000,\r\n          \"backendPort\": 22,\r\n          \"enableFloatingIP\": false,\r\n          \"idleTimeoutInMinutes\": 4,\r\n          \"protocol\": \"Tcp\",\r\n          \"enableDestinationServiceEndpoint\": false,\r\n          \"backendIPConfiguration\": {\r\n            \"id\": \"/subscriptions/0b1f6471-1bf0-4dda-aec3-cb9272f09590/resourceGroups/javacsmrg2147/providers/Microsoft.Compute/virtualMachineScaleSets/vmss8871/virtualMachines/0/networkInterfaces/primary-nic-cfg/ipConfigurations/primary-nic-ip-cfg\"\r\n          }\r\n        }\r\n      },\r\n      {\r\n        \"name\": \"extlb1-7592-INP2.0\",\r\n        \"id\": \"/subscriptions/0b1f6471-1bf0-4dda-aec3-cb9272f09590/resourceGroups/javacsmrg2147/providers/Microsoft.Network/loadBalancers/extlb1-7592/inboundNatRules/extlb1-7592-INP2.0\",\r\n        \"etag\": \"W/\\\"27c98c14-a706-4431-813a-38bfe09ef397\\\"\",\r\n        \"properties\": {\r\n          \"provisioningState\": \"Succeeded\",\r\n          \"frontendIPConfiguration\": {\r\n            \"id\": \"/subscriptions/0b1f6471-1bf0-4dda-aec3-cb9272f09590/resourceGroups/javacsmrg2147/providers/Microsoft.Network/loadBalancers/extlb1-7592/frontendIPConfigurations/extlb1-7592-FE1\"\r\n          },\r\n          \"frontendPort\": 6000,\r\n          \"backendPort\": 23,\r\n          \"enableFloatingIP\": false,\r\n          \"idleTimeoutInMinutes\": 4,\r\n          \"protocol\": \"Tcp\",\r\n          \"enableDestinationServiceEndpoint\": false,\r\n          \"backendIPConfiguration\": {\r\n            \"id\": \"/subscriptions/0b1f6471-1bf0-4dda-aec3-cb9272f09590/resourceGroups/javacsmrg2147/providers/Microsoft.Compute/virtualMachineScaleSets/vmss8871/virtualMachines/0/networkInterfaces/primary-nic-cfg/ipConfigurations/primary-nic-ip-cfg\"\r\n          }\r\n        }\r\n      },\r\n      {\r\n        \"name\": \"extlb1-7592-INP1.1\",\r\n        \"id\": \"/subscriptions/0b1f6471-1bf0-4dda-aec3-cb9272f09590/resourceGroups/javacsmrg2147/providers/Microsoft.Network/loadBalancers/extlb1-7592/inboundNatRules/extlb1-7592-INP1.1\",\r\n        \"etag\": \"W/\\\"27c98c14-a706-4431-813a-38bfe09ef397\\\"\",\r\n        \"properties\": {\r\n          \"provisioningState\": \"Succeeded\",\r\n          \"frontendIPConfiguration\": {\r\n            \"id\": \"/subscriptions/0b1f6471-1bf0-4dda-aec3-cb9272f09590/resourceGroups/javacsmrg2147/providers/Microsoft.Network/loadBalancers/extlb1-7592/frontendIPConfigurations/extlb1-7592-FE1\"\r\n          },\r\n          \"frontendPort\": 5001,\r\n          \"backendPort\": 22,\r\n          \"enableFloatingIP\": false,\r\n          \"idleTimeoutInMinutes\": 4,\r\n          \"protocol\": \"Tcp\",\r\n          \"enableDestinationServiceEndpoint\": false,\r\n          \"backendIPConfiguration\": {\r\n            \"id\": \"/subscriptions/0b1f6471-1bf0-4dda-aec3-cb9272f09590/resourceGroups/javacsmrg2147/providers/Microsoft.Compute/virtualMachineScaleSets/vmss8871/virtualMachines/1/networkInterfaces/primary-nic-cfg/ipConfigurations/primary-nic-ip-cfg\"\r\n          }\r\n        }\r\n      },\r\n      {\r\n        \"name\": \"extlb1-7592-INP2.1\",\r\n        \"id\": \"/subscriptions/0b1f6471-1bf0-4dda-aec3-cb9272f09590/resourceGroups/javacsmrg2147/providers/Microsoft.Network/loadBalancers/extlb1-7592/inboundNatRules/extlb1-7592-INP2.1\",\r\n        \"etag\": \"W/\\\"27c98c14-a706-4431-813a-38bfe09ef397\\\"\",\r\n        \"properties\": {\r\n          \"provisioningState\": \"Succeeded\",\r\n          \"frontendIPConfiguration\": {\r\n            \"id\": \"/subscriptions/0b1f6471-1bf0-4dda-aec3-cb9272f09590/resourceGroups/javacsmrg2147/providers/Microsoft.Network/loadBalancers/extlb1-7592/frontendIPConfigurations/extlb1-7592-FE1\"\r\n          },\r\n          \"frontendPort\": 6001,\r\n          \"backendPort\": 23,\r\n          \"enableFloatingIP\": false,\r\n          \"idleTimeoutInMinutes\": 4,\r\n          \"protocol\": \"Tcp\",\r\n          \"enableDestinationServiceEndpoint\": false,\r\n          \"backendIPConfiguration\": {\r\n            \"id\": \"/subscriptions/0b1f6471-1bf0-4dda-aec3-cb9272f09590/resourceGroups/javacsmrg2147/providers/Microsoft.Compute/virtualMachineScaleSets/vmss8871/virtualMachines/1/networkInterfaces/primary-nic-cfg/ipConfigurations/primary-nic-ip-cfg\"\r\n          }\r\n        }\r\n      },\r\n      {\r\n        \"name\": \"extlb1-7592-INP1.2\",\r\n        \"id\": \"/subscriptions/0b1f6471-1bf0-4dda-aec3-cb9272f09590/resourceGroups/javacsmrg2147/providers/Microsoft.Network/loadBalancers/extlb1-7592/inboundNatRules/extlb1-7592-INP1.2\",\r\n        \"etag\": \"W/\\\"27c98c14-a706-4431-813a-38bfe09ef397\\\"\",\r\n        \"properties\": {\r\n          \"provisioningState\": \"Succeeded\",\r\n          \"frontendIPConfiguration\": {\r\n            \"id\": \"/subscriptions/0b1f6471-1bf0-4dda-aec3-cb9272f09590/resourceGroups/javacsmrg2147/providers/Microsoft.Network/loadBalancers/extlb1-7592/frontendIPConfigurations/extlb1-7592-FE1\"\r\n          },\r\n          \"frontendPort\": 5002,\r\n          \"backendPort\": 22,\r\n          \"enableFloatingIP\": false,\r\n          \"idleTimeoutInMinutes\": 4,\r\n          \"protocol\": \"Tcp\",\r\n          \"enableDestinationServiceEndpoint\": false,\r\n          \"backendIPConfiguration\": {\r\n            \"id\": \"/subscriptions/0b1f6471-1bf0-4dda-aec3-cb9272f09590/resourceGroups/javacsmrg2147/providers/Microsoft.Compute/virtualMachineScaleSets/vmss8871/virtualMachines/2/networkInterfaces/primary-nic-cfg/ipConfigurations/primary-nic-ip-cfg\"\r\n          }\r\n        }\r\n      },\r\n      {\r\n        \"name\": \"extlb1-7592-INP2.2\",\r\n        \"id\": \"/subscriptions/0b1f6471-1bf0-4dda-aec3-cb9272f09590/resourceGroups/javacsmrg2147/providers/Microsoft.Network/loadBalancers/extlb1-7592/inboundNatRules/extlb1-7592-INP2.2\",\r\n        \"etag\": \"W/\\\"27c98c14-a706-4431-813a-38bfe09ef397\\\"\",\r\n        \"properties\": {\r\n          \"provisioningState\": \"Succeeded\",\r\n          \"frontendIPConfiguration\": {\r\n            \"id\": \"/subscriptions/0b1f6471-1bf0-4dda-aec3-cb9272f09590/resourceGroups/javacsmrg2147/providers/Microsoft.Network/loadBalancers/extlb1-7592/frontendIPConfigurations/extlb1-7592-FE1\"\r\n          },\r\n          \"frontendPort\": 6002,\r\n          \"backendPort\": 23,\r\n          \"enableFloatingIP\": false,\r\n          \"idleTimeoutInMinutes\": 4,\r\n          \"protocol\": \"Tcp\",\r\n          \"enableDestinationServiceEndpoint\": false,\r\n          \"backendIPConfiguration\": {\r\n            \"id\": \"/subscriptions/0b1f6471-1bf0-4dda-aec3-cb9272f09590/resourceGroups/javacsmrg2147/providers/Microsoft.Compute/virtualMachineScaleSets/vmss8871/virtualMachines/2/networkInterfaces/primary-nic-cfg/ipConfigurations/primary-nic-ip-cfg\"\r\n          }\r\n        }\r\n      },\r\n      {\r\n        \"name\": \"extlb1-7592-INP1.3\",\r\n        \"id\": \"/subscriptions/0b1f6471-1bf0-4dda-aec3-cb9272f09590/resourceGroups/javacsmrg2147/providers/Microsoft.Network/loadBalancers/extlb1-7592/inboundNatRules/extlb1-7592-INP1.3\",\r\n        \"etag\": \"W/\\\"27c98c14-a706-4431-813a-38bfe09ef397\\\"\",\r\n        \"properties\": {\r\n          \"provisioningState\": \"Succeeded\",\r\n          \"frontendIPConfiguration\": {\r\n            \"id\": \"/subscriptions/0b1f6471-1bf0-4dda-aec3-cb9272f09590/resourceGroups/javacsmrg2147/providers/Microsoft.Network/loadBalancers/extlb1-7592/frontendIPConfigurations/extlb1-7592-FE1\"\r\n          },\r\n          \"frontendPort\": 5003,\r\n          \"backendPort\": 22,\r\n          \"enableFloatingIP\": false,\r\n          \"idleTimeoutInMinutes\": 4,\r\n          \"protocol\": \"Tcp\",\r\n          \"enableDestinationServiceEndpoint\": false,\r\n          \"backendIPConfiguration\": {\r\n            \"id\": \"/subscriptions/0b1f6471-1bf0-4dda-aec3-cb9272f09590/resourceGroups/javacsmrg2147/providers/Microsoft.Compute/virtualMachineScaleSets/vmss8871/virtualMachines/3/networkInterfaces/primary-nic-cfg/ipConfigurations/primary-nic-ip-cfg\"\r\n          }\r\n        }\r\n      },\r\n      {\r\n        \"name\": \"extlb1-7592-INP2.3\",\r\n        \"id\": \"/subscriptions/0b1f6471-1bf0-4dda-aec3-cb9272f09590/resourceGroups/javacsmrg2147/providers/Microsoft.Network/loadBalancers/extlb1-7592/inboundNatRules/extlb1-7592-INP2.3\",\r\n        \"etag\": \"W/\\\"27c98c14-a706-4431-813a-38bfe09ef397\\\"\",\r\n        \"properties\": {\r\n          \"provisioningState\": \"Succeeded\",\r\n          \"frontendIPConfiguration\": {\r\n            \"id\": \"/subscriptions/0b1f6471-1bf0-4dda-aec3-cb9272f09590/resourceGroups/javacsmrg2147/providers/Microsoft.Network/loadBalancers/extlb1-7592/frontendIPConfigurations/extlb1-7592-FE1\"\r\n          },\r\n          \"frontendPort\": 6003,\r\n          \"backendPort\": 23,\r\n          \"enableFloatingIP\": false,\r\n          \"idleTimeoutInMinutes\": 4,\r\n          \"protocol\": \"Tcp\",\r\n          \"enableDestinationServiceEndpoint\": false,\r\n          \"backendIPConfiguration\": {\r\n            \"id\": \"/subscriptions/0b1f6471-1bf0-4dda-aec3-cb9272f09590/resourceGroups/javacsmrg2147/providers/Microsoft.Compute/virtualMachineScaleSets/vmss8871/virtualMachines/3/networkInterfaces/primary-nic-cfg/ipConfigurations/primary-nic-ip-cfg\"\r\n          }\r\n        }\r\n      }\r\n    ],\r\n    \"outboundNatRules\": [],\r\n    \"inboundNatPools\": [\r\n      {\r\n        \"name\": \"extlb1-7592-INP1\",\r\n        \"id\": \"/subscriptions/0b1f6471-1bf0-4dda-aec3-cb9272f09590/resourceGroups/javacsmrg2147/providers/Microsoft.Network/loadBalancers/extlb1-7592/inboundNatPools/extlb1-7592-INP1\",\r\n        \"etag\": \"W/\\\"27c98c14-a706-4431-813a-38bfe09ef397\\\"\",\r\n        \"properties\": {\r\n          \"provisioningState\": \"Succeeded\",\r\n          \"frontendPortRangeStart\": 5000,\r\n          \"frontendPortRangeEnd\": 5099,\r\n          \"backendPort\": 22,\r\n          \"protocol\": \"Tcp\",\r\n          \"idleTimeoutInMinutes\": 4,\r\n          \"enableFloatingIP\": false,\r\n          \"enableDestinationServiceEndpoint\": false,\r\n          \"frontendIPConfiguration\": {\r\n            \"id\": \"/subscriptions/0b1f6471-1bf0-4dda-aec3-cb9272f09590/resourceGroups/javacsmrg2147/providers/Microsoft.Network/loadBalancers/extlb1-7592/frontendIPConfigurations/extlb1-7592-FE1\"\r\n          }\r\n        }\r\n      },\r\n      {\r\n        \"name\": \"extlb1-7592-INP2\",\r\n        \"id\": \"/subscriptions/0b1f6471-1bf0-4dda-aec3-cb9272f09590/resourceGroups/javacsmrg2147/providers/Microsoft.Network/loadBalancers/extlb1-7592/inboundNatPools/extlb1-7592-INP2\",\r\n        \"etag\": \"W/\\\"27c98c14-a706-4431-813a-38bfe09ef397\\\"\",\r\n        \"properties\": {\r\n          \"provisioningState\": \"Succeeded\",\r\n          \"frontendPortRangeStart\": 6000,\r\n          \"frontendPortRangeEnd\": 6099,\r\n          \"backendPort\": 23,\r\n          \"protocol\": \"Tcp\",\r\n          \"idleTimeoutInMinutes\": 4,\r\n          \"enableFloatingIP\": false,\r\n          \"enableDestinationServiceEndpoint\": false,\r\n          \"frontendIPConfiguration\": {\r\n            \"id\": \"/subscriptions/0b1f6471-1bf0-4dda-aec3-cb9272f09590/resourceGroups/javacsmrg2147/providers/Microsoft.Network/loadBalancers/extlb1-7592/frontendIPConfigurations/extlb1-7592-FE1\"\r\n          }\r\n        }\r\n      }\r\n    ]\r\n  },\r\n  \"sku\": {\r\n    \"name\": \"Standard\",\r\n    \"tier\": \"Regional\"\r\n  }\r\n}",
      "ResponseHeaders": {
        "Content-Type": [
          "application/json; charset=utf-8"
        ],
        "Expires": [
          "-1"
        ],
        "Cache-Control": [
          "no-cache"
        ],
        "Date": [
          "Sat, 14 Apr 2018 05:36:40 GMT"
        ],
        "Pragma": [
          "no-cache"
        ],
        "Transfer-Encoding": [
          "chunked"
        ],
        "ETag": [
          "W/\"27c98c14-a706-4431-813a-38bfe09ef397\""
        ],
        "Server": [
          "Microsoft-HTTPAPI/2.0",
          "Microsoft-HTTPAPI/2.0"
        ],
        "Vary": [
          "Accept-Encoding"
        ],
        "x-ms-request-id": [
          "f09ed5b5-2308-4542-9f87-58f4f89e616c"
        ],
        "Strict-Transport-Security": [
          "max-age=31536000; includeSubDomains"
        ],
        "x-ms-ratelimit-remaining-subscription-reads": [
          "14979"
        ],
        "x-ms-correlation-request-id": [
          "a17914dd-252a-4b17-94d2-25b395114825"
        ],
        "x-ms-routing-request-id": [
          "WESTUS2:20180414T053640Z:a17914dd-252a-4b17-94d2-25b395114825"
        ],
        "X-Content-Type-Options": [
          "nosniff"
        ]
      },
      "StatusCode": 200
    },
    {
      "RequestUri": "/subscriptions/0b1f6471-1bf0-4dda-aec3-cb9272f09590/resourceGroups/javacsmrg2147/providers/Microsoft.Network/loadBalancers/extlb1-7592?api-version=2018-02-01",
      "EncodedRequestUri": "L3N1YnNjcmlwdGlvbnMvMGIxZjY0NzEtMWJmMC00ZGRhLWFlYzMtY2I5MjcyZjA5NTkwL3Jlc291cmNlR3JvdXBzL2phdmFjc21yZzIxNDcvcHJvdmlkZXJzL01pY3Jvc29mdC5OZXR3b3JrL2xvYWRCYWxhbmNlcnMvZXh0bGIxLTc1OTI/YXBpLXZlcnNpb249MjAxOC0wMi0wMQ==",
      "RequestMethod": "GET",
      "RequestBody": "",
      "RequestHeaders": {
        "x-ms-client-request-id": [
          "8c2191f3-6826-4d7a-bbaf-37d3cce95388"
        ],
        "accept-language": [
          "en-US"
        ],
        "User-Agent": [
          "FxVersion/4.6.25211.01",
          "Microsoft.Azure.Management.Network.Fluent.NetworkManagementClient/1.8.0.0",
          "MacAddressHash/1a7db1f3023c8cc9a72984005b4db786d257d09f868c7e111d4bf514b71b7890"
        ]
      },
      "ResponseBody": "{\r\n  \"name\": \"extlb1-7592\",\r\n  \"id\": \"/subscriptions/0b1f6471-1bf0-4dda-aec3-cb9272f09590/resourceGroups/javacsmrg2147/providers/Microsoft.Network/loadBalancers/extlb1-7592\",\r\n  \"etag\": \"W/\\\"27c98c14-a706-4431-813a-38bfe09ef397\\\"\",\r\n  \"type\": \"Microsoft.Network/loadBalancers\",\r\n  \"location\": \"eastus2\",\r\n  \"tags\": {},\r\n  \"properties\": {\r\n    \"provisioningState\": \"Succeeded\",\r\n    \"resourceGuid\": \"2f921a87-c890-44ee-91fa-eca84b4a58cd\",\r\n    \"frontendIPConfigurations\": [\r\n      {\r\n        \"name\": \"extlb1-7592-FE1\",\r\n        \"id\": \"/subscriptions/0b1f6471-1bf0-4dda-aec3-cb9272f09590/resourceGroups/javacsmrg2147/providers/Microsoft.Network/loadBalancers/extlb1-7592/frontendIPConfigurations/extlb1-7592-FE1\",\r\n        \"etag\": \"W/\\\"27c98c14-a706-4431-813a-38bfe09ef397\\\"\",\r\n        \"properties\": {\r\n          \"provisioningState\": \"Succeeded\",\r\n          \"privateIPAllocationMethod\": \"Dynamic\",\r\n          \"publicIPAddress\": {\r\n            \"id\": \"/subscriptions/0b1f6471-1bf0-4dda-aec3-cb9272f09590/resourceGroups/javacsmrg2147/providers/Microsoft.Network/publicIPAddresses/pip-extlb1-7592\"\r\n          },\r\n          \"loadBalancingRules\": [\r\n            {\r\n              \"id\": \"/subscriptions/0b1f6471-1bf0-4dda-aec3-cb9272f09590/resourceGroups/javacsmrg2147/providers/Microsoft.Network/loadBalancers/extlb1-7592/loadBalancingRules/httpRule\"\r\n            },\r\n            {\r\n              \"id\": \"/subscriptions/0b1f6471-1bf0-4dda-aec3-cb9272f09590/resourceGroups/javacsmrg2147/providers/Microsoft.Network/loadBalancers/extlb1-7592/loadBalancingRules/httpsRule\"\r\n            }\r\n          ],\r\n          \"inboundNatRules\": [\r\n            {\r\n              \"id\": \"/subscriptions/0b1f6471-1bf0-4dda-aec3-cb9272f09590/resourceGroups/javacsmrg2147/providers/Microsoft.Network/loadBalancers/extlb1-7592/inboundNatRules/extlb1-7592-INP1.0\"\r\n            },\r\n            {\r\n              \"id\": \"/subscriptions/0b1f6471-1bf0-4dda-aec3-cb9272f09590/resourceGroups/javacsmrg2147/providers/Microsoft.Network/loadBalancers/extlb1-7592/inboundNatRules/extlb1-7592-INP2.0\"\r\n            },\r\n            {\r\n              \"id\": \"/subscriptions/0b1f6471-1bf0-4dda-aec3-cb9272f09590/resourceGroups/javacsmrg2147/providers/Microsoft.Network/loadBalancers/extlb1-7592/inboundNatRules/extlb1-7592-INP1.1\"\r\n            },\r\n            {\r\n              \"id\": \"/subscriptions/0b1f6471-1bf0-4dda-aec3-cb9272f09590/resourceGroups/javacsmrg2147/providers/Microsoft.Network/loadBalancers/extlb1-7592/inboundNatRules/extlb1-7592-INP2.1\"\r\n            },\r\n            {\r\n              \"id\": \"/subscriptions/0b1f6471-1bf0-4dda-aec3-cb9272f09590/resourceGroups/javacsmrg2147/providers/Microsoft.Network/loadBalancers/extlb1-7592/inboundNatRules/extlb1-7592-INP1.2\"\r\n            },\r\n            {\r\n              \"id\": \"/subscriptions/0b1f6471-1bf0-4dda-aec3-cb9272f09590/resourceGroups/javacsmrg2147/providers/Microsoft.Network/loadBalancers/extlb1-7592/inboundNatRules/extlb1-7592-INP2.2\"\r\n            },\r\n            {\r\n              \"id\": \"/subscriptions/0b1f6471-1bf0-4dda-aec3-cb9272f09590/resourceGroups/javacsmrg2147/providers/Microsoft.Network/loadBalancers/extlb1-7592/inboundNatRules/extlb1-7592-INP1.3\"\r\n            },\r\n            {\r\n              \"id\": \"/subscriptions/0b1f6471-1bf0-4dda-aec3-cb9272f09590/resourceGroups/javacsmrg2147/providers/Microsoft.Network/loadBalancers/extlb1-7592/inboundNatRules/extlb1-7592-INP2.3\"\r\n            }\r\n          ],\r\n          \"inboundNatPools\": [\r\n            {\r\n              \"id\": \"/subscriptions/0b1f6471-1bf0-4dda-aec3-cb9272f09590/resourceGroups/javacsmrg2147/providers/Microsoft.Network/loadBalancers/extlb1-7592/inboundNatPools/extlb1-7592-INP1\"\r\n            },\r\n            {\r\n              \"id\": \"/subscriptions/0b1f6471-1bf0-4dda-aec3-cb9272f09590/resourceGroups/javacsmrg2147/providers/Microsoft.Network/loadBalancers/extlb1-7592/inboundNatPools/extlb1-7592-INP2\"\r\n            }\r\n          ]\r\n        }\r\n      }\r\n    ],\r\n    \"backendAddressPools\": [\r\n      {\r\n        \"name\": \"extlb1-7592-BAP1\",\r\n        \"id\": \"/subscriptions/0b1f6471-1bf0-4dda-aec3-cb9272f09590/resourceGroups/javacsmrg2147/providers/Microsoft.Network/loadBalancers/extlb1-7592/backendAddressPools/extlb1-7592-BAP1\",\r\n        \"etag\": \"W/\\\"27c98c14-a706-4431-813a-38bfe09ef397\\\"\",\r\n        \"properties\": {\r\n          \"provisioningState\": \"Succeeded\",\r\n          \"backendIPConfigurations\": [\r\n            {\r\n              \"id\": \"/subscriptions/0b1f6471-1bf0-4dda-aec3-cb9272f09590/resourceGroups/javacsmrg2147/providers/Microsoft.Compute/virtualMachineScaleSets/vmss8871/virtualMachines/0/networkInterfaces/primary-nic-cfg/ipConfigurations/primary-nic-ip-cfg\"\r\n            },\r\n            {\r\n              \"id\": \"/subscriptions/0b1f6471-1bf0-4dda-aec3-cb9272f09590/resourceGroups/javacsmrg2147/providers/Microsoft.Compute/virtualMachineScaleSets/vmss8871/virtualMachines/1/networkInterfaces/primary-nic-cfg/ipConfigurations/primary-nic-ip-cfg\"\r\n            },\r\n            {\r\n              \"id\": \"/subscriptions/0b1f6471-1bf0-4dda-aec3-cb9272f09590/resourceGroups/javacsmrg2147/providers/Microsoft.Compute/virtualMachineScaleSets/vmss8871/virtualMachines/2/networkInterfaces/primary-nic-cfg/ipConfigurations/primary-nic-ip-cfg\"\r\n            },\r\n            {\r\n              \"id\": \"/subscriptions/0b1f6471-1bf0-4dda-aec3-cb9272f09590/resourceGroups/javacsmrg2147/providers/Microsoft.Compute/virtualMachineScaleSets/vmss8871/virtualMachines/3/networkInterfaces/primary-nic-cfg/ipConfigurations/primary-nic-ip-cfg\"\r\n            }\r\n          ],\r\n          \"loadBalancingRules\": [\r\n            {\r\n              \"id\": \"/subscriptions/0b1f6471-1bf0-4dda-aec3-cb9272f09590/resourceGroups/javacsmrg2147/providers/Microsoft.Network/loadBalancers/extlb1-7592/loadBalancingRules/httpRule\"\r\n            }\r\n          ]\r\n        }\r\n      },\r\n      {\r\n        \"name\": \"extlb1-7592-BAP2\",\r\n        \"id\": \"/subscriptions/0b1f6471-1bf0-4dda-aec3-cb9272f09590/resourceGroups/javacsmrg2147/providers/Microsoft.Network/loadBalancers/extlb1-7592/backendAddressPools/extlb1-7592-BAP2\",\r\n        \"etag\": \"W/\\\"27c98c14-a706-4431-813a-38bfe09ef397\\\"\",\r\n        \"properties\": {\r\n          \"provisioningState\": \"Succeeded\",\r\n          \"backendIPConfigurations\": [\r\n            {\r\n              \"id\": \"/subscriptions/0b1f6471-1bf0-4dda-aec3-cb9272f09590/resourceGroups/javacsmrg2147/providers/Microsoft.Compute/virtualMachineScaleSets/vmss8871/virtualMachines/0/networkInterfaces/primary-nic-cfg/ipConfigurations/primary-nic-ip-cfg\"\r\n            },\r\n            {\r\n              \"id\": \"/subscriptions/0b1f6471-1bf0-4dda-aec3-cb9272f09590/resourceGroups/javacsmrg2147/providers/Microsoft.Compute/virtualMachineScaleSets/vmss8871/virtualMachines/1/networkInterfaces/primary-nic-cfg/ipConfigurations/primary-nic-ip-cfg\"\r\n            },\r\n            {\r\n              \"id\": \"/subscriptions/0b1f6471-1bf0-4dda-aec3-cb9272f09590/resourceGroups/javacsmrg2147/providers/Microsoft.Compute/virtualMachineScaleSets/vmss8871/virtualMachines/2/networkInterfaces/primary-nic-cfg/ipConfigurations/primary-nic-ip-cfg\"\r\n            },\r\n            {\r\n              \"id\": \"/subscriptions/0b1f6471-1bf0-4dda-aec3-cb9272f09590/resourceGroups/javacsmrg2147/providers/Microsoft.Compute/virtualMachineScaleSets/vmss8871/virtualMachines/3/networkInterfaces/primary-nic-cfg/ipConfigurations/primary-nic-ip-cfg\"\r\n            }\r\n          ],\r\n          \"loadBalancingRules\": [\r\n            {\r\n              \"id\": \"/subscriptions/0b1f6471-1bf0-4dda-aec3-cb9272f09590/resourceGroups/javacsmrg2147/providers/Microsoft.Network/loadBalancers/extlb1-7592/loadBalancingRules/httpsRule\"\r\n            }\r\n          ]\r\n        }\r\n      }\r\n    ],\r\n    \"loadBalancingRules\": [\r\n      {\r\n        \"name\": \"httpRule\",\r\n        \"id\": \"/subscriptions/0b1f6471-1bf0-4dda-aec3-cb9272f09590/resourceGroups/javacsmrg2147/providers/Microsoft.Network/loadBalancers/extlb1-7592/loadBalancingRules/httpRule\",\r\n        \"etag\": \"W/\\\"27c98c14-a706-4431-813a-38bfe09ef397\\\"\",\r\n        \"properties\": {\r\n          \"provisioningState\": \"Succeeded\",\r\n          \"frontendIPConfiguration\": {\r\n            \"id\": \"/subscriptions/0b1f6471-1bf0-4dda-aec3-cb9272f09590/resourceGroups/javacsmrg2147/providers/Microsoft.Network/loadBalancers/extlb1-7592/frontendIPConfigurations/extlb1-7592-FE1\"\r\n          },\r\n          \"frontendPort\": 80,\r\n          \"backendPort\": 80,\r\n          \"enableFloatingIP\": false,\r\n          \"idleTimeoutInMinutes\": 4,\r\n          \"protocol\": \"Tcp\",\r\n          \"enableDestinationServiceEndpoint\": false,\r\n          \"loadDistribution\": \"Default\",\r\n          \"disableOutboundSnat\": false,\r\n          \"backendAddressPool\": {\r\n            \"id\": \"/subscriptions/0b1f6471-1bf0-4dda-aec3-cb9272f09590/resourceGroups/javacsmrg2147/providers/Microsoft.Network/loadBalancers/extlb1-7592/backendAddressPools/extlb1-7592-BAP1\"\r\n          },\r\n          \"probe\": {\r\n            \"id\": \"/subscriptions/0b1f6471-1bf0-4dda-aec3-cb9272f09590/resourceGroups/javacsmrg2147/providers/Microsoft.Network/loadBalancers/extlb1-7592/probes/httpProbe\"\r\n          }\r\n        }\r\n      },\r\n      {\r\n        \"name\": \"httpsRule\",\r\n        \"id\": \"/subscriptions/0b1f6471-1bf0-4dda-aec3-cb9272f09590/resourceGroups/javacsmrg2147/providers/Microsoft.Network/loadBalancers/extlb1-7592/loadBalancingRules/httpsRule\",\r\n        \"etag\": \"W/\\\"27c98c14-a706-4431-813a-38bfe09ef397\\\"\",\r\n        \"properties\": {\r\n          \"provisioningState\": \"Succeeded\",\r\n          \"frontendIPConfiguration\": {\r\n            \"id\": \"/subscriptions/0b1f6471-1bf0-4dda-aec3-cb9272f09590/resourceGroups/javacsmrg2147/providers/Microsoft.Network/loadBalancers/extlb1-7592/frontendIPConfigurations/extlb1-7592-FE1\"\r\n          },\r\n          \"frontendPort\": 443,\r\n          \"backendPort\": 443,\r\n          \"enableFloatingIP\": false,\r\n          \"idleTimeoutInMinutes\": 4,\r\n          \"protocol\": \"Tcp\",\r\n          \"enableDestinationServiceEndpoint\": false,\r\n          \"loadDistribution\": \"Default\",\r\n          \"disableOutboundSnat\": false,\r\n          \"backendAddressPool\": {\r\n            \"id\": \"/subscriptions/0b1f6471-1bf0-4dda-aec3-cb9272f09590/resourceGroups/javacsmrg2147/providers/Microsoft.Network/loadBalancers/extlb1-7592/backendAddressPools/extlb1-7592-BAP2\"\r\n          },\r\n          \"probe\": {\r\n            \"id\": \"/subscriptions/0b1f6471-1bf0-4dda-aec3-cb9272f09590/resourceGroups/javacsmrg2147/providers/Microsoft.Network/loadBalancers/extlb1-7592/probes/httpsProbe\"\r\n          }\r\n        }\r\n      }\r\n    ],\r\n    \"probes\": [\r\n      {\r\n        \"name\": \"httpProbe\",\r\n        \"id\": \"/subscriptions/0b1f6471-1bf0-4dda-aec3-cb9272f09590/resourceGroups/javacsmrg2147/providers/Microsoft.Network/loadBalancers/extlb1-7592/probes/httpProbe\",\r\n        \"etag\": \"W/\\\"27c98c14-a706-4431-813a-38bfe09ef397\\\"\",\r\n        \"properties\": {\r\n          \"provisioningState\": \"Succeeded\",\r\n          \"protocol\": \"Http\",\r\n          \"port\": 80,\r\n          \"requestPath\": \"/\",\r\n          \"intervalInSeconds\": 15,\r\n          \"numberOfProbes\": 2,\r\n          \"loadBalancingRules\": [\r\n            {\r\n              \"id\": \"/subscriptions/0b1f6471-1bf0-4dda-aec3-cb9272f09590/resourceGroups/javacsmrg2147/providers/Microsoft.Network/loadBalancers/extlb1-7592/loadBalancingRules/httpRule\"\r\n            }\r\n          ]\r\n        }\r\n      },\r\n      {\r\n        \"name\": \"httpsProbe\",\r\n        \"id\": \"/subscriptions/0b1f6471-1bf0-4dda-aec3-cb9272f09590/resourceGroups/javacsmrg2147/providers/Microsoft.Network/loadBalancers/extlb1-7592/probes/httpsProbe\",\r\n        \"etag\": \"W/\\\"27c98c14-a706-4431-813a-38bfe09ef397\\\"\",\r\n        \"properties\": {\r\n          \"provisioningState\": \"Succeeded\",\r\n          \"protocol\": \"Http\",\r\n          \"port\": 80,\r\n          \"requestPath\": \"/\",\r\n          \"intervalInSeconds\": 15,\r\n          \"numberOfProbes\": 2,\r\n          \"loadBalancingRules\": [\r\n            {\r\n              \"id\": \"/subscriptions/0b1f6471-1bf0-4dda-aec3-cb9272f09590/resourceGroups/javacsmrg2147/providers/Microsoft.Network/loadBalancers/extlb1-7592/loadBalancingRules/httpsRule\"\r\n            }\r\n          ]\r\n        }\r\n      }\r\n    ],\r\n    \"inboundNatRules\": [\r\n      {\r\n        \"name\": \"extlb1-7592-INP1.0\",\r\n        \"id\": \"/subscriptions/0b1f6471-1bf0-4dda-aec3-cb9272f09590/resourceGroups/javacsmrg2147/providers/Microsoft.Network/loadBalancers/extlb1-7592/inboundNatRules/extlb1-7592-INP1.0\",\r\n        \"etag\": \"W/\\\"27c98c14-a706-4431-813a-38bfe09ef397\\\"\",\r\n        \"properties\": {\r\n          \"provisioningState\": \"Succeeded\",\r\n          \"frontendIPConfiguration\": {\r\n            \"id\": \"/subscriptions/0b1f6471-1bf0-4dda-aec3-cb9272f09590/resourceGroups/javacsmrg2147/providers/Microsoft.Network/loadBalancers/extlb1-7592/frontendIPConfigurations/extlb1-7592-FE1\"\r\n          },\r\n          \"frontendPort\": 5000,\r\n          \"backendPort\": 22,\r\n          \"enableFloatingIP\": false,\r\n          \"idleTimeoutInMinutes\": 4,\r\n          \"protocol\": \"Tcp\",\r\n          \"enableDestinationServiceEndpoint\": false,\r\n          \"backendIPConfiguration\": {\r\n            \"id\": \"/subscriptions/0b1f6471-1bf0-4dda-aec3-cb9272f09590/resourceGroups/javacsmrg2147/providers/Microsoft.Compute/virtualMachineScaleSets/vmss8871/virtualMachines/0/networkInterfaces/primary-nic-cfg/ipConfigurations/primary-nic-ip-cfg\"\r\n          }\r\n        }\r\n      },\r\n      {\r\n        \"name\": \"extlb1-7592-INP2.0\",\r\n        \"id\": \"/subscriptions/0b1f6471-1bf0-4dda-aec3-cb9272f09590/resourceGroups/javacsmrg2147/providers/Microsoft.Network/loadBalancers/extlb1-7592/inboundNatRules/extlb1-7592-INP2.0\",\r\n        \"etag\": \"W/\\\"27c98c14-a706-4431-813a-38bfe09ef397\\\"\",\r\n        \"properties\": {\r\n          \"provisioningState\": \"Succeeded\",\r\n          \"frontendIPConfiguration\": {\r\n            \"id\": \"/subscriptions/0b1f6471-1bf0-4dda-aec3-cb9272f09590/resourceGroups/javacsmrg2147/providers/Microsoft.Network/loadBalancers/extlb1-7592/frontendIPConfigurations/extlb1-7592-FE1\"\r\n          },\r\n          \"frontendPort\": 6000,\r\n          \"backendPort\": 23,\r\n          \"enableFloatingIP\": false,\r\n          \"idleTimeoutInMinutes\": 4,\r\n          \"protocol\": \"Tcp\",\r\n          \"enableDestinationServiceEndpoint\": false,\r\n          \"backendIPConfiguration\": {\r\n            \"id\": \"/subscriptions/0b1f6471-1bf0-4dda-aec3-cb9272f09590/resourceGroups/javacsmrg2147/providers/Microsoft.Compute/virtualMachineScaleSets/vmss8871/virtualMachines/0/networkInterfaces/primary-nic-cfg/ipConfigurations/primary-nic-ip-cfg\"\r\n          }\r\n        }\r\n      },\r\n      {\r\n        \"name\": \"extlb1-7592-INP1.1\",\r\n        \"id\": \"/subscriptions/0b1f6471-1bf0-4dda-aec3-cb9272f09590/resourceGroups/javacsmrg2147/providers/Microsoft.Network/loadBalancers/extlb1-7592/inboundNatRules/extlb1-7592-INP1.1\",\r\n        \"etag\": \"W/\\\"27c98c14-a706-4431-813a-38bfe09ef397\\\"\",\r\n        \"properties\": {\r\n          \"provisioningState\": \"Succeeded\",\r\n          \"frontendIPConfiguration\": {\r\n            \"id\": \"/subscriptions/0b1f6471-1bf0-4dda-aec3-cb9272f09590/resourceGroups/javacsmrg2147/providers/Microsoft.Network/loadBalancers/extlb1-7592/frontendIPConfigurations/extlb1-7592-FE1\"\r\n          },\r\n          \"frontendPort\": 5001,\r\n          \"backendPort\": 22,\r\n          \"enableFloatingIP\": false,\r\n          \"idleTimeoutInMinutes\": 4,\r\n          \"protocol\": \"Tcp\",\r\n          \"enableDestinationServiceEndpoint\": false,\r\n          \"backendIPConfiguration\": {\r\n            \"id\": \"/subscriptions/0b1f6471-1bf0-4dda-aec3-cb9272f09590/resourceGroups/javacsmrg2147/providers/Microsoft.Compute/virtualMachineScaleSets/vmss8871/virtualMachines/1/networkInterfaces/primary-nic-cfg/ipConfigurations/primary-nic-ip-cfg\"\r\n          }\r\n        }\r\n      },\r\n      {\r\n        \"name\": \"extlb1-7592-INP2.1\",\r\n        \"id\": \"/subscriptions/0b1f6471-1bf0-4dda-aec3-cb9272f09590/resourceGroups/javacsmrg2147/providers/Microsoft.Network/loadBalancers/extlb1-7592/inboundNatRules/extlb1-7592-INP2.1\",\r\n        \"etag\": \"W/\\\"27c98c14-a706-4431-813a-38bfe09ef397\\\"\",\r\n        \"properties\": {\r\n          \"provisioningState\": \"Succeeded\",\r\n          \"frontendIPConfiguration\": {\r\n            \"id\": \"/subscriptions/0b1f6471-1bf0-4dda-aec3-cb9272f09590/resourceGroups/javacsmrg2147/providers/Microsoft.Network/loadBalancers/extlb1-7592/frontendIPConfigurations/extlb1-7592-FE1\"\r\n          },\r\n          \"frontendPort\": 6001,\r\n          \"backendPort\": 23,\r\n          \"enableFloatingIP\": false,\r\n          \"idleTimeoutInMinutes\": 4,\r\n          \"protocol\": \"Tcp\",\r\n          \"enableDestinationServiceEndpoint\": false,\r\n          \"backendIPConfiguration\": {\r\n            \"id\": \"/subscriptions/0b1f6471-1bf0-4dda-aec3-cb9272f09590/resourceGroups/javacsmrg2147/providers/Microsoft.Compute/virtualMachineScaleSets/vmss8871/virtualMachines/1/networkInterfaces/primary-nic-cfg/ipConfigurations/primary-nic-ip-cfg\"\r\n          }\r\n        }\r\n      },\r\n      {\r\n        \"name\": \"extlb1-7592-INP1.2\",\r\n        \"id\": \"/subscriptions/0b1f6471-1bf0-4dda-aec3-cb9272f09590/resourceGroups/javacsmrg2147/providers/Microsoft.Network/loadBalancers/extlb1-7592/inboundNatRules/extlb1-7592-INP1.2\",\r\n        \"etag\": \"W/\\\"27c98c14-a706-4431-813a-38bfe09ef397\\\"\",\r\n        \"properties\": {\r\n          \"provisioningState\": \"Succeeded\",\r\n          \"frontendIPConfiguration\": {\r\n            \"id\": \"/subscriptions/0b1f6471-1bf0-4dda-aec3-cb9272f09590/resourceGroups/javacsmrg2147/providers/Microsoft.Network/loadBalancers/extlb1-7592/frontendIPConfigurations/extlb1-7592-FE1\"\r\n          },\r\n          \"frontendPort\": 5002,\r\n          \"backendPort\": 22,\r\n          \"enableFloatingIP\": false,\r\n          \"idleTimeoutInMinutes\": 4,\r\n          \"protocol\": \"Tcp\",\r\n          \"enableDestinationServiceEndpoint\": false,\r\n          \"backendIPConfiguration\": {\r\n            \"id\": \"/subscriptions/0b1f6471-1bf0-4dda-aec3-cb9272f09590/resourceGroups/javacsmrg2147/providers/Microsoft.Compute/virtualMachineScaleSets/vmss8871/virtualMachines/2/networkInterfaces/primary-nic-cfg/ipConfigurations/primary-nic-ip-cfg\"\r\n          }\r\n        }\r\n      },\r\n      {\r\n        \"name\": \"extlb1-7592-INP2.2\",\r\n        \"id\": \"/subscriptions/0b1f6471-1bf0-4dda-aec3-cb9272f09590/resourceGroups/javacsmrg2147/providers/Microsoft.Network/loadBalancers/extlb1-7592/inboundNatRules/extlb1-7592-INP2.2\",\r\n        \"etag\": \"W/\\\"27c98c14-a706-4431-813a-38bfe09ef397\\\"\",\r\n        \"properties\": {\r\n          \"provisioningState\": \"Succeeded\",\r\n          \"frontendIPConfiguration\": {\r\n            \"id\": \"/subscriptions/0b1f6471-1bf0-4dda-aec3-cb9272f09590/resourceGroups/javacsmrg2147/providers/Microsoft.Network/loadBalancers/extlb1-7592/frontendIPConfigurations/extlb1-7592-FE1\"\r\n          },\r\n          \"frontendPort\": 6002,\r\n          \"backendPort\": 23,\r\n          \"enableFloatingIP\": false,\r\n          \"idleTimeoutInMinutes\": 4,\r\n          \"protocol\": \"Tcp\",\r\n          \"enableDestinationServiceEndpoint\": false,\r\n          \"backendIPConfiguration\": {\r\n            \"id\": \"/subscriptions/0b1f6471-1bf0-4dda-aec3-cb9272f09590/resourceGroups/javacsmrg2147/providers/Microsoft.Compute/virtualMachineScaleSets/vmss8871/virtualMachines/2/networkInterfaces/primary-nic-cfg/ipConfigurations/primary-nic-ip-cfg\"\r\n          }\r\n        }\r\n      },\r\n      {\r\n        \"name\": \"extlb1-7592-INP1.3\",\r\n        \"id\": \"/subscriptions/0b1f6471-1bf0-4dda-aec3-cb9272f09590/resourceGroups/javacsmrg2147/providers/Microsoft.Network/loadBalancers/extlb1-7592/inboundNatRules/extlb1-7592-INP1.3\",\r\n        \"etag\": \"W/\\\"27c98c14-a706-4431-813a-38bfe09ef397\\\"\",\r\n        \"properties\": {\r\n          \"provisioningState\": \"Succeeded\",\r\n          \"frontendIPConfiguration\": {\r\n            \"id\": \"/subscriptions/0b1f6471-1bf0-4dda-aec3-cb9272f09590/resourceGroups/javacsmrg2147/providers/Microsoft.Network/loadBalancers/extlb1-7592/frontendIPConfigurations/extlb1-7592-FE1\"\r\n          },\r\n          \"frontendPort\": 5003,\r\n          \"backendPort\": 22,\r\n          \"enableFloatingIP\": false,\r\n          \"idleTimeoutInMinutes\": 4,\r\n          \"protocol\": \"Tcp\",\r\n          \"enableDestinationServiceEndpoint\": false,\r\n          \"backendIPConfiguration\": {\r\n            \"id\": \"/subscriptions/0b1f6471-1bf0-4dda-aec3-cb9272f09590/resourceGroups/javacsmrg2147/providers/Microsoft.Compute/virtualMachineScaleSets/vmss8871/virtualMachines/3/networkInterfaces/primary-nic-cfg/ipConfigurations/primary-nic-ip-cfg\"\r\n          }\r\n        }\r\n      },\r\n      {\r\n        \"name\": \"extlb1-7592-INP2.3\",\r\n        \"id\": \"/subscriptions/0b1f6471-1bf0-4dda-aec3-cb9272f09590/resourceGroups/javacsmrg2147/providers/Microsoft.Network/loadBalancers/extlb1-7592/inboundNatRules/extlb1-7592-INP2.3\",\r\n        \"etag\": \"W/\\\"27c98c14-a706-4431-813a-38bfe09ef397\\\"\",\r\n        \"properties\": {\r\n          \"provisioningState\": \"Succeeded\",\r\n          \"frontendIPConfiguration\": {\r\n            \"id\": \"/subscriptions/0b1f6471-1bf0-4dda-aec3-cb9272f09590/resourceGroups/javacsmrg2147/providers/Microsoft.Network/loadBalancers/extlb1-7592/frontendIPConfigurations/extlb1-7592-FE1\"\r\n          },\r\n          \"frontendPort\": 6003,\r\n          \"backendPort\": 23,\r\n          \"enableFloatingIP\": false,\r\n          \"idleTimeoutInMinutes\": 4,\r\n          \"protocol\": \"Tcp\",\r\n          \"enableDestinationServiceEndpoint\": false,\r\n          \"backendIPConfiguration\": {\r\n            \"id\": \"/subscriptions/0b1f6471-1bf0-4dda-aec3-cb9272f09590/resourceGroups/javacsmrg2147/providers/Microsoft.Compute/virtualMachineScaleSets/vmss8871/virtualMachines/3/networkInterfaces/primary-nic-cfg/ipConfigurations/primary-nic-ip-cfg\"\r\n          }\r\n        }\r\n      }\r\n    ],\r\n    \"outboundNatRules\": [],\r\n    \"inboundNatPools\": [\r\n      {\r\n        \"name\": \"extlb1-7592-INP1\",\r\n        \"id\": \"/subscriptions/0b1f6471-1bf0-4dda-aec3-cb9272f09590/resourceGroups/javacsmrg2147/providers/Microsoft.Network/loadBalancers/extlb1-7592/inboundNatPools/extlb1-7592-INP1\",\r\n        \"etag\": \"W/\\\"27c98c14-a706-4431-813a-38bfe09ef397\\\"\",\r\n        \"properties\": {\r\n          \"provisioningState\": \"Succeeded\",\r\n          \"frontendPortRangeStart\": 5000,\r\n          \"frontendPortRangeEnd\": 5099,\r\n          \"backendPort\": 22,\r\n          \"protocol\": \"Tcp\",\r\n          \"idleTimeoutInMinutes\": 4,\r\n          \"enableFloatingIP\": false,\r\n          \"enableDestinationServiceEndpoint\": false,\r\n          \"frontendIPConfiguration\": {\r\n            \"id\": \"/subscriptions/0b1f6471-1bf0-4dda-aec3-cb9272f09590/resourceGroups/javacsmrg2147/providers/Microsoft.Network/loadBalancers/extlb1-7592/frontendIPConfigurations/extlb1-7592-FE1\"\r\n          }\r\n        }\r\n      },\r\n      {\r\n        \"name\": \"extlb1-7592-INP2\",\r\n        \"id\": \"/subscriptions/0b1f6471-1bf0-4dda-aec3-cb9272f09590/resourceGroups/javacsmrg2147/providers/Microsoft.Network/loadBalancers/extlb1-7592/inboundNatPools/extlb1-7592-INP2\",\r\n        \"etag\": \"W/\\\"27c98c14-a706-4431-813a-38bfe09ef397\\\"\",\r\n        \"properties\": {\r\n          \"provisioningState\": \"Succeeded\",\r\n          \"frontendPortRangeStart\": 6000,\r\n          \"frontendPortRangeEnd\": 6099,\r\n          \"backendPort\": 23,\r\n          \"protocol\": \"Tcp\",\r\n          \"idleTimeoutInMinutes\": 4,\r\n          \"enableFloatingIP\": false,\r\n          \"enableDestinationServiceEndpoint\": false,\r\n          \"frontendIPConfiguration\": {\r\n            \"id\": \"/subscriptions/0b1f6471-1bf0-4dda-aec3-cb9272f09590/resourceGroups/javacsmrg2147/providers/Microsoft.Network/loadBalancers/extlb1-7592/frontendIPConfigurations/extlb1-7592-FE1\"\r\n          }\r\n        }\r\n      }\r\n    ]\r\n  },\r\n  \"sku\": {\r\n    \"name\": \"Standard\",\r\n    \"tier\": \"Regional\"\r\n  }\r\n}",
      "ResponseHeaders": {
        "Content-Type": [
          "application/json; charset=utf-8"
        ],
        "Expires": [
          "-1"
        ],
        "Cache-Control": [
          "no-cache"
        ],
        "Date": [
          "Sat, 14 Apr 2018 05:36:40 GMT"
        ],
        "Pragma": [
          "no-cache"
        ],
        "Transfer-Encoding": [
          "chunked"
        ],
        "ETag": [
          "W/\"27c98c14-a706-4431-813a-38bfe09ef397\""
        ],
        "Server": [
          "Microsoft-HTTPAPI/2.0",
          "Microsoft-HTTPAPI/2.0"
        ],
        "Vary": [
          "Accept-Encoding"
        ],
        "x-ms-request-id": [
          "7036bf67-3016-4ff9-89ac-9ae2f8e206d4"
        ],
        "Strict-Transport-Security": [
          "max-age=31536000; includeSubDomains"
        ],
        "x-ms-ratelimit-remaining-subscription-reads": [
          "14978"
        ],
        "x-ms-correlation-request-id": [
          "77a1dc5b-20d5-4bb4-bae8-8b33ac020ebb"
        ],
        "x-ms-routing-request-id": [
          "WESTUS2:20180414T053640Z:77a1dc5b-20d5-4bb4-bae8-8b33ac020ebb"
        ],
        "X-Content-Type-Options": [
          "nosniff"
        ]
      },
      "StatusCode": 200
    },
    {
      "RequestUri": "/subscriptions/0b1f6471-1bf0-4dda-aec3-cb9272f09590/resourceGroups/javacsmrg2147/providers/Microsoft.Compute/virtualMachineScaleSets/vmss8871?api-version=2017-12-01",
      "EncodedRequestUri": "L3N1YnNjcmlwdGlvbnMvMGIxZjY0NzEtMWJmMC00ZGRhLWFlYzMtY2I5MjcyZjA5NTkwL3Jlc291cmNlR3JvdXBzL2phdmFjc21yZzIxNDcvcHJvdmlkZXJzL01pY3Jvc29mdC5Db21wdXRlL3ZpcnR1YWxNYWNoaW5lU2NhbGVTZXRzL3Ztc3M4ODcxP2FwaS12ZXJzaW9uPTIwMTctMTItMDE=",
      "RequestMethod": "PUT",
      "RequestBody": "{\r\n  \"sku\": {\r\n    \"name\": \"Standard_D3_v2\",\r\n    \"tier\": \"Standard\",\r\n    \"capacity\": 2\r\n  },\r\n  \"properties\": {\r\n    \"upgradePolicy\": {\r\n      \"mode\": \"Automatic\"\r\n    },\r\n    \"virtualMachineProfile\": {\r\n      \"osProfile\": {\r\n        \"computerNamePrefix\": \"vmss8871-vm\",\r\n        \"adminUsername\": \"jvuser\",\r\n        \"adminPassword\": \"123OData!@#123\",\r\n        \"linuxConfiguration\": {\r\n          \"disablePasswordAuthentication\": false\r\n        }\r\n      },\r\n      \"storageProfile\": {\r\n        \"imageReference\": {\r\n          \"publisher\": \"Canonical\",\r\n          \"offer\": \"UbuntuServer\",\r\n          \"sku\": \"16.04.0-LTS\",\r\n          \"version\": \"latest\"\r\n        },\r\n        \"osDisk\": {\r\n          \"caching\": \"ReadWrite\",\r\n          \"createOption\": \"FromImage\",\r\n          \"managedDisk\": {\r\n            \"storageAccountType\": \"Standard_LRS\"\r\n          }\r\n        }\r\n      },\r\n      \"networkProfile\": {\r\n        \"networkInterfaceConfigurations\": [\r\n          {\r\n            \"name\": \"primary-nic-cfg\",\r\n            \"properties\": {\r\n              \"primary\": true,\r\n              \"ipConfigurations\": [\r\n                {\r\n                  \"name\": \"primary-nic-ip-cfg\",\r\n                  \"properties\": {\r\n                    \"subnet\": {\r\n                      \"id\": \"/subscriptions/0b1f6471-1bf0-4dda-aec3-cb9272f09590/resourceGroups/javacsmrg2147/providers/Microsoft.Network/virtualNetworks/vmssvnet/subnets/subnet1\"\r\n                    },\r\n                    \"loadBalancerBackendAddressPools\": [\r\n                      {\r\n                        \"id\": \"/subscriptions/0b1f6471-1bf0-4dda-aec3-cb9272f09590/resourceGroups/javacsmrg2147/providers/Microsoft.Network/loadBalancers/extlb1-7592/backendAddressPools/extlb1-7592-BAP1\"\r\n                      },\r\n                      {\r\n                        \"id\": \"/subscriptions/0b1f6471-1bf0-4dda-aec3-cb9272f09590/resourceGroups/javacsmrg2147/providers/Microsoft.Network/loadBalancers/extlb1-7592/backendAddressPools/extlb1-7592-BAP2\"\r\n                      }\r\n                    ],\r\n                    \"loadBalancerInboundNatPools\": [\r\n                      {\r\n                        \"id\": \"/subscriptions/0b1f6471-1bf0-4dda-aec3-cb9272f09590/resourceGroups/javacsmrg2147/providers/Microsoft.Network/loadBalancers/extlb1-7592/inboundNatPools/extlb1-7592-INP1\"\r\n                      },\r\n                      {\r\n                        \"id\": \"/subscriptions/0b1f6471-1bf0-4dda-aec3-cb9272f09590/resourceGroups/javacsmrg2147/providers/Microsoft.Network/loadBalancers/extlb1-7592/inboundNatPools/extlb1-7592-INP2\"\r\n                      }\r\n                    ]\r\n                  }\r\n                }\r\n              ]\r\n            }\r\n          }\r\n        ]\r\n      }\r\n    }\r\n  },\r\n  \"zones\": [\r\n    \"1\",\r\n    \"2\"\r\n  ],\r\n  \"location\": \"eastus2\",\r\n  \"tags\": {}\r\n}",
      "RequestHeaders": {
        "Content-Type": [
          "application/json; charset=utf-8"
        ],
        "Content-Length": [
          "2806"
        ],
        "x-ms-client-request-id": [
          "9fac0c7f-1f87-4625-a611-00369b110d76"
        ],
        "accept-language": [
          "en-US"
        ],
        "User-Agent": [
          "FxVersion/4.6.25211.01",
          "Microsoft.Azure.Management.Compute.Fluent.ComputeManagementClient/1.8.0.0",
          "MacAddressHash/1a7db1f3023c8cc9a72984005b4db786d257d09f868c7e111d4bf514b71b7890"
        ]
      },
      "ResponseBody": "{\r\n  \"sku\": {\r\n    \"name\": \"Standard_D3_v2\",\r\n    \"tier\": \"Standard\",\r\n    \"capacity\": 2\r\n  },\r\n  \"properties\": {\r\n    \"singlePlacementGroup\": false,\r\n    \"upgradePolicy\": {\r\n      \"mode\": \"Automatic\",\r\n      \"automaticOSUpgrade\": false\r\n    },\r\n    \"virtualMachineProfile\": {\r\n      \"osProfile\": {\r\n        \"computerNamePrefix\": \"vmss8871-vm\",\r\n        \"adminUsername\": \"jvuser\",\r\n        \"linuxConfiguration\": {\r\n          \"disablePasswordAuthentication\": false\r\n        },\r\n        \"secrets\": []\r\n      },\r\n      \"storageProfile\": {\r\n        \"osDisk\": {\r\n          \"createOption\": \"FromImage\",\r\n          \"caching\": \"ReadWrite\",\r\n          \"managedDisk\": {\r\n            \"storageAccountType\": \"Standard_LRS\"\r\n          }\r\n        },\r\n        \"imageReference\": {\r\n          \"publisher\": \"Canonical\",\r\n          \"offer\": \"UbuntuServer\",\r\n          \"sku\": \"16.04.0-LTS\",\r\n          \"version\": \"latest\"\r\n        }\r\n      },\r\n      \"networkProfile\": {\r\n        \"networkInterfaceConfigurations\": [\r\n          {\r\n            \"name\": \"primary-nic-cfg\",\r\n            \"properties\": {\r\n              \"primary\": true,\r\n              \"enableAcceleratedNetworking\": false,\r\n              \"dnsSettings\": {\r\n                \"dnsServers\": []\r\n              },\r\n              \"enableIPForwarding\": false,\r\n              \"ipConfigurations\": [\r\n                {\r\n                  \"name\": \"primary-nic-ip-cfg\",\r\n                  \"properties\": {\r\n                    \"subnet\": {\r\n                      \"id\": \"/subscriptions/0b1f6471-1bf0-4dda-aec3-cb9272f09590/resourceGroups/javacsmrg2147/providers/Microsoft.Network/virtualNetworks/vmssvnet/subnets/subnet1\"\r\n                    },\r\n                    \"privateIPAddressVersion\": \"IPv4\",\r\n                    \"loadBalancerBackendAddressPools\": [\r\n                      {\r\n                        \"id\": \"/subscriptions/0b1f6471-1bf0-4dda-aec3-cb9272f09590/resourceGroups/javacsmrg2147/providers/Microsoft.Network/loadBalancers/extlb1-7592/backendAddressPools/extlb1-7592-BAP1\"\r\n                      },\r\n                      {\r\n                        \"id\": \"/subscriptions/0b1f6471-1bf0-4dda-aec3-cb9272f09590/resourceGroups/javacsmrg2147/providers/Microsoft.Network/loadBalancers/extlb1-7592/backendAddressPools/extlb1-7592-BAP2\"\r\n                      }\r\n                    ],\r\n                    \"loadBalancerInboundNatPools\": [\r\n                      {\r\n                        \"id\": \"/subscriptions/0b1f6471-1bf0-4dda-aec3-cb9272f09590/resourceGroups/javacsmrg2147/providers/Microsoft.Network/loadBalancers/extlb1-7592/inboundNatPools/extlb1-7592-INP1\"\r\n                      },\r\n                      {\r\n                        \"id\": \"/subscriptions/0b1f6471-1bf0-4dda-aec3-cb9272f09590/resourceGroups/javacsmrg2147/providers/Microsoft.Network/loadBalancers/extlb1-7592/inboundNatPools/extlb1-7592-INP2\"\r\n                      }\r\n                    ]\r\n                  }\r\n                }\r\n              ]\r\n            }\r\n          }\r\n        ]\r\n      }\r\n    },\r\n    \"provisioningState\": \"Creating\",\r\n    \"overprovision\": true,\r\n    \"uniqueId\": \"09d74058-1e92-497e-abc6-2608ad897ad0\",\r\n    \"zoneBalance\": false,\r\n    \"platformFaultDomainCount\": 1\r\n  },\r\n  \"zones\": [\r\n    \"1\",\r\n    \"2\"\r\n  ],\r\n  \"type\": \"Microsoft.Compute/virtualMachineScaleSets\",\r\n  \"location\": \"eastus2\",\r\n  \"tags\": {},\r\n  \"id\": \"/subscriptions/0b1f6471-1bf0-4dda-aec3-cb9272f09590/resourceGroups/javacsmrg2147/providers/Microsoft.Compute/virtualMachineScaleSets/vmss8871\",\r\n  \"name\": \"vmss8871\"\r\n}",
      "ResponseHeaders": {
        "Content-Length": [
          "2700"
        ],
        "Content-Type": [
          "application/json; charset=utf-8"
        ],
        "Expires": [
          "-1"
        ],
        "Cache-Control": [
          "no-cache"
        ],
        "Date": [
          "Sat, 14 Apr 2018 05:35:06 GMT"
        ],
        "Pragma": [
          "no-cache"
        ],
        "Server": [
          "Microsoft-HTTPAPI/2.0",
          "Microsoft-HTTPAPI/2.0"
        ],
        "Azure-AsyncOperation": [
          "https://management.azure.com/subscriptions/0b1f6471-1bf0-4dda-aec3-cb9272f09590/providers/Microsoft.Compute/locations/eastus2/operations/81d035c0-e2ba-4e50-ac5c-31ba11a57526?api-version=2017-12-01"
        ],
        "x-ms-ratelimit-remaining-resource": [
          "Microsoft.Compute/CreateVMScaleSet3Min;39,Microsoft.Compute/CreateVMScaleSet30Min;199,Microsoft.Compute/VMScaleSetBatchedVMRequests5Min;1196,Microsoft.Compute/VmssQueuedVMOperations;4796"
        ],
        "x-ms-request-charge": [
          "4"
        ],
        "Strict-Transport-Security": [
          "max-age=31536000; includeSubDomains"
        ],
        "x-ms-served-by": [
          "4da1aac7-dfbb-41ae-bded-ca0db7baa978_131680685897274607"
        ],
        "x-ms-request-id": [
          "81d035c0-e2ba-4e50-ac5c-31ba11a57526"
        ],
        "x-ms-ratelimit-remaining-subscription-writes": [
          "1192"
        ],
        "x-ms-correlation-request-id": [
          "7b624ce5-a7d0-463c-a1cb-aacb365ecf03"
        ],
        "x-ms-routing-request-id": [
          "WESTUS2:20180414T053507Z:7b624ce5-a7d0-463c-a1cb-aacb365ecf03"
        ],
        "X-Content-Type-Options": [
          "nosniff"
        ]
      },
      "StatusCode": 201
    },
    {
      "RequestUri": "/subscriptions/0b1f6471-1bf0-4dda-aec3-cb9272f09590/providers/Microsoft.Compute/locations/eastus2/operations/81d035c0-e2ba-4e50-ac5c-31ba11a57526?api-version=2017-12-01",
      "EncodedRequestUri": "L3N1YnNjcmlwdGlvbnMvMGIxZjY0NzEtMWJmMC00ZGRhLWFlYzMtY2I5MjcyZjA5NTkwL3Byb3ZpZGVycy9NaWNyb3NvZnQuQ29tcHV0ZS9sb2NhdGlvbnMvZWFzdHVzMi9vcGVyYXRpb25zLzgxZDAzNWMwLWUyYmEtNGU1MC1hYzVjLTMxYmExMWE1NzUyNj9hcGktdmVyc2lvbj0yMDE3LTEyLTAx",
      "RequestMethod": "GET",
      "RequestBody": "",
      "RequestHeaders": {
        "User-Agent": [
          "FxVersion/4.6.25211.01",
          "Microsoft.Azure.Management.Compute.Fluent.ComputeManagementClient/1.8.0.0",
          "MacAddressHash/1a7db1f3023c8cc9a72984005b4db786d257d09f868c7e111d4bf514b71b7890"
        ]
      },
      "ResponseBody": "{\r\n  \"startTime\": \"2018-04-13T22:35:06.1673629-07:00\",\r\n  \"status\": \"InProgress\",\r\n  \"name\": \"81d035c0-e2ba-4e50-ac5c-31ba11a57526\"\r\n}",
      "ResponseHeaders": {
        "Content-Type": [
          "application/json; charset=utf-8"
        ],
        "Expires": [
          "-1"
        ],
        "Cache-Control": [
          "no-cache"
        ],
        "Date": [
          "Sat, 14 Apr 2018 05:35:37 GMT"
        ],
        "Pragma": [
          "no-cache"
        ],
        "Transfer-Encoding": [
          "chunked"
        ],
        "Server": [
          "Microsoft-HTTPAPI/2.0",
          "Microsoft-HTTPAPI/2.0"
        ],
        "Vary": [
          "Accept-Encoding"
        ],
        "x-ms-ratelimit-remaining-resource": [
          "Microsoft.Compute/GetOperation3Min;14998,Microsoft.Compute/GetOperation30Min;29998"
        ],
        "Strict-Transport-Security": [
          "max-age=31536000; includeSubDomains"
        ],
        "x-ms-served-by": [
          "4da1aac7-dfbb-41ae-bded-ca0db7baa978_131680685897274607"
        ],
        "x-ms-request-id": [
          "9bf84ee3-388c-489a-ab40-a12579912555"
        ],
        "x-ms-ratelimit-remaining-subscription-reads": [
          "14984"
        ],
        "x-ms-correlation-request-id": [
          "4ae54efa-c443-4b26-979a-99618d878e09"
        ],
        "x-ms-routing-request-id": [
          "WESTUS2:20180414T053538Z:4ae54efa-c443-4b26-979a-99618d878e09"
        ],
        "X-Content-Type-Options": [
          "nosniff"
        ]
      },
      "StatusCode": 200
    },
    {
      "RequestUri": "/subscriptions/0b1f6471-1bf0-4dda-aec3-cb9272f09590/providers/Microsoft.Compute/locations/eastus2/operations/81d035c0-e2ba-4e50-ac5c-31ba11a57526?api-version=2017-12-01",
      "EncodedRequestUri": "L3N1YnNjcmlwdGlvbnMvMGIxZjY0NzEtMWJmMC00ZGRhLWFlYzMtY2I5MjcyZjA5NTkwL3Byb3ZpZGVycy9NaWNyb3NvZnQuQ29tcHV0ZS9sb2NhdGlvbnMvZWFzdHVzMi9vcGVyYXRpb25zLzgxZDAzNWMwLWUyYmEtNGU1MC1hYzVjLTMxYmExMWE1NzUyNj9hcGktdmVyc2lvbj0yMDE3LTEyLTAx",
      "RequestMethod": "GET",
      "RequestBody": "",
      "RequestHeaders": {
        "User-Agent": [
          "FxVersion/4.6.25211.01",
          "Microsoft.Azure.Management.Compute.Fluent.ComputeManagementClient/1.8.0.0",
          "MacAddressHash/1a7db1f3023c8cc9a72984005b4db786d257d09f868c7e111d4bf514b71b7890"
        ]
      },
      "ResponseBody": "{\r\n  \"startTime\": \"2018-04-13T22:35:06.1673629-07:00\",\r\n  \"status\": \"InProgress\",\r\n  \"name\": \"81d035c0-e2ba-4e50-ac5c-31ba11a57526\"\r\n}",
      "ResponseHeaders": {
        "Content-Type": [
          "application/json; charset=utf-8"
        ],
        "Expires": [
          "-1"
        ],
        "Cache-Control": [
          "no-cache"
        ],
        "Date": [
          "Sat, 14 Apr 2018 05:36:09 GMT"
        ],
        "Pragma": [
          "no-cache"
        ],
        "Transfer-Encoding": [
          "chunked"
        ],
        "Server": [
          "Microsoft-HTTPAPI/2.0",
          "Microsoft-HTTPAPI/2.0"
        ],
        "Vary": [
          "Accept-Encoding"
        ],
        "x-ms-ratelimit-remaining-resource": [
          "Microsoft.Compute/GetOperation3Min;14995,Microsoft.Compute/GetOperation30Min;29995"
        ],
        "Strict-Transport-Security": [
          "max-age=31536000; includeSubDomains"
        ],
        "x-ms-served-by": [
          "4da1aac7-dfbb-41ae-bded-ca0db7baa978_131680685897274607"
        ],
        "x-ms-request-id": [
          "4cba9f88-5116-4c6d-a523-1cf8cf47e0d1"
        ],
        "x-ms-ratelimit-remaining-subscription-reads": [
          "14983"
        ],
        "x-ms-correlation-request-id": [
          "8d878db2-5fa6-4e8a-89df-b5caea7b3dd2"
        ],
        "x-ms-routing-request-id": [
          "WESTUS2:20180414T053609Z:8d878db2-5fa6-4e8a-89df-b5caea7b3dd2"
        ],
        "X-Content-Type-Options": [
          "nosniff"
        ]
      },
      "StatusCode": 200
    },
    {
      "RequestUri": "/subscriptions/0b1f6471-1bf0-4dda-aec3-cb9272f09590/providers/Microsoft.Compute/locations/eastus2/operations/81d035c0-e2ba-4e50-ac5c-31ba11a57526?api-version=2017-12-01",
      "EncodedRequestUri": "L3N1YnNjcmlwdGlvbnMvMGIxZjY0NzEtMWJmMC00ZGRhLWFlYzMtY2I5MjcyZjA5NTkwL3Byb3ZpZGVycy9NaWNyb3NvZnQuQ29tcHV0ZS9sb2NhdGlvbnMvZWFzdHVzMi9vcGVyYXRpb25zLzgxZDAzNWMwLWUyYmEtNGU1MC1hYzVjLTMxYmExMWE1NzUyNj9hcGktdmVyc2lvbj0yMDE3LTEyLTAx",
      "RequestMethod": "GET",
      "RequestBody": "",
      "RequestHeaders": {
        "User-Agent": [
          "FxVersion/4.6.25211.01",
          "Microsoft.Azure.Management.Compute.Fluent.ComputeManagementClient/1.8.0.0",
          "MacAddressHash/1a7db1f3023c8cc9a72984005b4db786d257d09f868c7e111d4bf514b71b7890"
        ]
      },
      "ResponseBody": "{\r\n  \"startTime\": \"2018-04-13T22:35:06.1673629-07:00\",\r\n  \"endTime\": \"2018-04-13T22:36:26.2018508-07:00\",\r\n  \"status\": \"Succeeded\",\r\n  \"name\": \"81d035c0-e2ba-4e50-ac5c-31ba11a57526\"\r\n}",
      "ResponseHeaders": {
        "Content-Type": [
          "application/json; charset=utf-8"
        ],
        "Expires": [
          "-1"
        ],
        "Cache-Control": [
          "no-cache"
        ],
        "Date": [
          "Sat, 14 Apr 2018 05:36:39 GMT"
        ],
        "Pragma": [
          "no-cache"
        ],
        "Transfer-Encoding": [
          "chunked"
        ],
        "Server": [
          "Microsoft-HTTPAPI/2.0",
          "Microsoft-HTTPAPI/2.0"
        ],
        "Vary": [
          "Accept-Encoding"
        ],
        "x-ms-ratelimit-remaining-resource": [
          "Microsoft.Compute/GetOperation3Min;14992,Microsoft.Compute/GetOperation30Min;29992"
        ],
        "Strict-Transport-Security": [
          "max-age=31536000; includeSubDomains"
        ],
        "x-ms-served-by": [
          "4da1aac7-dfbb-41ae-bded-ca0db7baa978_131680685897274607"
        ],
        "x-ms-request-id": [
          "169631fd-87ef-4803-9f65-4b96a3c2d54a"
        ],
        "x-ms-ratelimit-remaining-subscription-reads": [
          "14982"
        ],
        "x-ms-correlation-request-id": [
          "1fc3314c-9643-4451-9ab9-f298eaec1c71"
        ],
        "x-ms-routing-request-id": [
          "WESTUS2:20180414T053639Z:1fc3314c-9643-4451-9ab9-f298eaec1c71"
        ],
        "X-Content-Type-Options": [
          "nosniff"
        ]
      },
      "StatusCode": 200
    },
    {
      "RequestUri": "/subscriptions/0b1f6471-1bf0-4dda-aec3-cb9272f09590/resourceGroups/javacsmrg2147/providers/Microsoft.Compute/virtualMachineScaleSets/vmss8871?api-version=2017-12-01",
      "EncodedRequestUri": "L3N1YnNjcmlwdGlvbnMvMGIxZjY0NzEtMWJmMC00ZGRhLWFlYzMtY2I5MjcyZjA5NTkwL3Jlc291cmNlR3JvdXBzL2phdmFjc21yZzIxNDcvcHJvdmlkZXJzL01pY3Jvc29mdC5Db21wdXRlL3ZpcnR1YWxNYWNoaW5lU2NhbGVTZXRzL3Ztc3M4ODcxP2FwaS12ZXJzaW9uPTIwMTctMTItMDE=",
      "RequestMethod": "GET",
      "RequestBody": "",
      "RequestHeaders": {
        "User-Agent": [
          "FxVersion/4.6.25211.01",
          "Microsoft.Azure.Management.Compute.Fluent.ComputeManagementClient/1.8.0.0",
          "MacAddressHash/1a7db1f3023c8cc9a72984005b4db786d257d09f868c7e111d4bf514b71b7890"
        ]
      },
      "ResponseBody": "{\r\n  \"sku\": {\r\n    \"name\": \"Standard_D3_v2\",\r\n    \"tier\": \"Standard\",\r\n    \"capacity\": 2\r\n  },\r\n  \"properties\": {\r\n    \"singlePlacementGroup\": false,\r\n    \"upgradePolicy\": {\r\n      \"mode\": \"Automatic\",\r\n      \"automaticOSUpgrade\": false\r\n    },\r\n    \"virtualMachineProfile\": {\r\n      \"osProfile\": {\r\n        \"computerNamePrefix\": \"vmss8871-vm\",\r\n        \"adminUsername\": \"jvuser\",\r\n        \"linuxConfiguration\": {\r\n          \"disablePasswordAuthentication\": false\r\n        },\r\n        \"secrets\": []\r\n      },\r\n      \"storageProfile\": {\r\n        \"osDisk\": {\r\n          \"createOption\": \"FromImage\",\r\n          \"caching\": \"ReadWrite\",\r\n          \"managedDisk\": {\r\n            \"storageAccountType\": \"Standard_LRS\"\r\n          }\r\n        },\r\n        \"imageReference\": {\r\n          \"publisher\": \"Canonical\",\r\n          \"offer\": \"UbuntuServer\",\r\n          \"sku\": \"16.04.0-LTS\",\r\n          \"version\": \"latest\"\r\n        }\r\n      },\r\n      \"networkProfile\": {\r\n        \"networkInterfaceConfigurations\": [\r\n          {\r\n            \"name\": \"primary-nic-cfg\",\r\n            \"properties\": {\r\n              \"primary\": true,\r\n              \"enableAcceleratedNetworking\": false,\r\n              \"dnsSettings\": {\r\n                \"dnsServers\": []\r\n              },\r\n              \"enableIPForwarding\": false,\r\n              \"ipConfigurations\": [\r\n                {\r\n                  \"name\": \"primary-nic-ip-cfg\",\r\n                  \"properties\": {\r\n                    \"subnet\": {\r\n                      \"id\": \"/subscriptions/0b1f6471-1bf0-4dda-aec3-cb9272f09590/resourceGroups/javacsmrg2147/providers/Microsoft.Network/virtualNetworks/vmssvnet/subnets/subnet1\"\r\n                    },\r\n                    \"privateIPAddressVersion\": \"IPv4\",\r\n                    \"loadBalancerBackendAddressPools\": [\r\n                      {\r\n                        \"id\": \"/subscriptions/0b1f6471-1bf0-4dda-aec3-cb9272f09590/resourceGroups/javacsmrg2147/providers/Microsoft.Network/loadBalancers/extlb1-7592/backendAddressPools/extlb1-7592-BAP1\"\r\n                      },\r\n                      {\r\n                        \"id\": \"/subscriptions/0b1f6471-1bf0-4dda-aec3-cb9272f09590/resourceGroups/javacsmrg2147/providers/Microsoft.Network/loadBalancers/extlb1-7592/backendAddressPools/extlb1-7592-BAP2\"\r\n                      }\r\n                    ],\r\n                    \"loadBalancerInboundNatPools\": [\r\n                      {\r\n                        \"id\": \"/subscriptions/0b1f6471-1bf0-4dda-aec3-cb9272f09590/resourceGroups/javacsmrg2147/providers/Microsoft.Network/loadBalancers/extlb1-7592/inboundNatPools/extlb1-7592-INP1\"\r\n                      },\r\n                      {\r\n                        \"id\": \"/subscriptions/0b1f6471-1bf0-4dda-aec3-cb9272f09590/resourceGroups/javacsmrg2147/providers/Microsoft.Network/loadBalancers/extlb1-7592/inboundNatPools/extlb1-7592-INP2\"\r\n                      }\r\n                    ]\r\n                  }\r\n                }\r\n              ]\r\n            }\r\n          }\r\n        ]\r\n      }\r\n    },\r\n    \"provisioningState\": \"Succeeded\",\r\n    \"overprovision\": true,\r\n    \"uniqueId\": \"09d74058-1e92-497e-abc6-2608ad897ad0\",\r\n    \"zoneBalance\": false,\r\n    \"platformFaultDomainCount\": 1\r\n  },\r\n  \"zones\": [\r\n    \"1\",\r\n    \"2\"\r\n  ],\r\n  \"type\": \"Microsoft.Compute/virtualMachineScaleSets\",\r\n  \"location\": \"eastus2\",\r\n  \"tags\": {},\r\n  \"id\": \"/subscriptions/0b1f6471-1bf0-4dda-aec3-cb9272f09590/resourceGroups/javacsmrg2147/providers/Microsoft.Compute/virtualMachineScaleSets/vmss8871\",\r\n  \"name\": \"vmss8871\"\r\n}",
      "ResponseHeaders": {
        "Content-Type": [
          "application/json; charset=utf-8"
        ],
        "Expires": [
          "-1"
        ],
        "Cache-Control": [
          "no-cache"
        ],
        "Date": [
          "Sat, 14 Apr 2018 05:36:39 GMT"
        ],
        "Pragma": [
          "no-cache"
        ],
        "Transfer-Encoding": [
          "chunked"
        ],
        "Server": [
          "Microsoft-HTTPAPI/2.0",
          "Microsoft-HTTPAPI/2.0"
        ],
        "Vary": [
          "Accept-Encoding"
        ],
        "x-ms-ratelimit-remaining-resource": [
          "Microsoft.Compute/GetVMScaleSet3Min;198,Microsoft.Compute/GetVMScaleSet30Min;1498"
        ],
        "Strict-Transport-Security": [
          "max-age=31536000; includeSubDomains"
        ],
        "x-ms-served-by": [
          "4da1aac7-dfbb-41ae-bded-ca0db7baa978_131680685897274607"
        ],
        "x-ms-request-id": [
          "4b2a95d4-86bf-4c30-93f6-4bd15f7fe4c8"
        ],
        "x-ms-ratelimit-remaining-subscription-reads": [
          "14981"
        ],
        "x-ms-correlation-request-id": [
          "82adf4ab-dda0-4da2-b720-30a7daaa2ead"
        ],
        "x-ms-routing-request-id": [
          "WESTUS2:20180414T053639Z:82adf4ab-dda0-4da2-b720-30a7daaa2ead"
        ],
        "X-Content-Type-Options": [
          "nosniff"
        ]
      },
      "StatusCode": 200
    },
    {
      "RequestUri": "/subscriptions/0b1f6471-1bf0-4dda-aec3-cb9272f09590/resourcegroups/javacsmrg2147?api-version=2017-05-10",
      "EncodedRequestUri": "L3N1YnNjcmlwdGlvbnMvMGIxZjY0NzEtMWJmMC00ZGRhLWFlYzMtY2I5MjcyZjA5NTkwL3Jlc291cmNlZ3JvdXBzL2phdmFjc21yZzIxNDc/YXBpLXZlcnNpb249MjAxNy0wNS0xMA==",
      "RequestMethod": "DELETE",
      "RequestBody": "",
      "RequestHeaders": {
        "x-ms-client-request-id": [
          "b8d8914f-e441-4c84-a081-7bee9d311374"
        ],
        "accept-language": [
          "en-US"
        ],
        "User-Agent": [
          "FxVersion/4.6.25211.01",
          "Microsoft.Azure.Management.ResourceManager.Fluent.ResourceManagementClient/1.8.0.0",
          "MacAddressHash/1a7db1f3023c8cc9a72984005b4db786d257d09f868c7e111d4bf514b71b7890"
        ]
      },
      "ResponseBody": "",
      "ResponseHeaders": {
        "Content-Length": [
          "0"
        ],
        "Expires": [
          "-1"
        ],
        "Cache-Control": [
          "no-cache"
        ],
        "Date": [
          "Sat, 14 Apr 2018 05:36:42 GMT"
        ],
        "Pragma": [
          "no-cache"
        ],
        "Location": [
          "https://management.azure.com/subscriptions/0b1f6471-1bf0-4dda-aec3-cb9272f09590/operationresults/eyJqb2JJZCI6IlJFU09VUkNFR1JPVVBERUxFVElPTkpPQi1KQVZBQ1NNUkcyMTQ3LUVBU1RVUzIiLCJqb2JMb2NhdGlvbiI6ImVhc3R1czIifQ?api-version=2017-05-10"
        ],
        "Retry-After": [
          "15"
        ],
        "x-ms-ratelimit-remaining-subscription-writes": [
          "1191"
        ],
        "x-ms-request-id": [
          "3c7722ed-7d95-4b15-b76b-d851ce001d7f"
        ],
        "x-ms-correlation-request-id": [
          "3c7722ed-7d95-4b15-b76b-d851ce001d7f"
        ],
        "x-ms-routing-request-id": [
          "WESTUS2:20180414T053642Z:3c7722ed-7d95-4b15-b76b-d851ce001d7f"
        ],
        "Strict-Transport-Security": [
          "max-age=31536000; includeSubDomains"
        ],
        "X-Content-Type-Options": [
          "nosniff"
        ]
      },
      "StatusCode": 202
    }
  ],
  "Names": {
    "CanCreateZoneRedundantVirtualMachineScaleSetWithZoneResilientLoadBalancer": [
      "javacsmrg2147",
      "ja3594",
      "extlb1-7592",
      "vmss8871"
    ]
  },
  "Variables": {
    "ServicePrincipal": "39e3d217-cb72-4b90-8532-394a7e784d93",
    "AADTenant": "54826b22-38d6-4fb2-bad9-b7b93a3e9c5a",
    "SubscriptionId": "0b1f6471-1bf0-4dda-aec3-cb9272f09590"
  }
}