{
  "Entries": [
    {
      "RequestUri": "/subscriptions/0b1f6471-1bf0-4dda-aec3-cb9272f09590/resourcegroups/javacsmrg9858?api-version=2017-05-10",
      "EncodedRequestUri": "L3N1YnNjcmlwdGlvbnMvMGIxZjY0NzEtMWJmMC00ZGRhLWFlYzMtY2I5MjcyZjA5NTkwL3Jlc291cmNlZ3JvdXBzL2phdmFjc21yZzk4NTg/YXBpLXZlcnNpb249MjAxNy0wNS0xMA==",
      "RequestMethod": "PUT",
      "RequestBody": "{\r\n  \"location\": \"eastus\"\r\n}",
      "RequestHeaders": {
        "Content-Type": [
          "application/json; charset=utf-8"
        ],
        "Content-Length": [
          "28"
        ],
        "x-ms-client-request-id": [
          "9041482a-8747-4460-aa08-681c8d61b569"
        ],
        "accept-language": [
          "en-US"
        ],
        "User-Agent": [
          "FxVersion/4.6.25211.01",
          "Microsoft.Azure.Management.ResourceManager.Fluent.ResourceManagementClient/1.11.0.0",
          "MacAddressHash/cc0dc995bd7689190d87305dca6418746f27065181fa649f43731fb8fc5f1b10"
        ]
      },
      "ResponseBody": "{\r\n  \"id\": \"/subscriptions/0b1f6471-1bf0-4dda-aec3-cb9272f09590/resourceGroups/javacsmrg9858\",\r\n  \"name\": \"javacsmrg9858\",\r\n  \"location\": \"eastus\",\r\n  \"properties\": {\r\n    \"provisioningState\": \"Succeeded\"\r\n  }\r\n}",
      "ResponseHeaders": {
        "Content-Length": [
          "179"
        ],
        "Content-Type": [
          "application/json; charset=utf-8"
        ],
        "Expires": [
          "-1"
        ],
        "Cache-Control": [
          "no-cache"
        ],
        "Date": [
          "Thu, 28 Jun 2018 05:10:30 GMT"
        ],
        "Pragma": [
          "no-cache"
        ],
        "x-ms-ratelimit-remaining-subscription-writes": [
          "1199"
        ],
        "x-ms-request-id": [
          "3ae0064b-859a-4b26-b78a-693241c13d81"
        ],
        "x-ms-correlation-request-id": [
          "3ae0064b-859a-4b26-b78a-693241c13d81"
        ],
        "x-ms-routing-request-id": [
          "WESTUS2:20180628T051031Z:3ae0064b-859a-4b26-b78a-693241c13d81"
        ],
        "Strict-Transport-Security": [
          "max-age=31536000; includeSubDomains"
        ],
        "X-Content-Type-Options": [
          "nosniff"
        ]
      },
      "StatusCode": 201
    },
    {
      "RequestUri": "/subscriptions/0b1f6471-1bf0-4dda-aec3-cb9272f09590/resourceGroups/javacsmrg9858/providers/Microsoft.Storage/storageAccounts/stg7842?api-version=2017-10-01",
      "EncodedRequestUri": "L3N1YnNjcmlwdGlvbnMvMGIxZjY0NzEtMWJmMC00ZGRhLWFlYzMtY2I5MjcyZjA5NTkwL3Jlc291cmNlR3JvdXBzL2phdmFjc21yZzk4NTgvcHJvdmlkZXJzL01pY3Jvc29mdC5TdG9yYWdlL3N0b3JhZ2VBY2NvdW50cy9zdGc3ODQyP2FwaS12ZXJzaW9uPTIwMTctMTAtMDE=",
      "RequestMethod": "PUT",
      "RequestBody": "{\r\n  \"sku\": {\r\n    \"name\": \"Standard_GRS\"\r\n  },\r\n  \"kind\": \"Storage\",\r\n  \"location\": \"eastus\",\r\n  \"tags\": {}\r\n}",
      "RequestHeaders": {
        "Content-Type": [
          "application/json; charset=utf-8"
        ],
        "Content-Length": [
          "111"
        ],
        "x-ms-client-request-id": [
          "01bbd95e-5ffd-47bd-b948-62df6309d621"
        ],
        "accept-language": [
          "en-US"
        ],
        "User-Agent": [
          "FxVersion/4.6.25211.01",
          "Microsoft.Azure.Management.Storage.Fluent.StorageManagementClient/1.11.0.0",
          "MacAddressHash/cc0dc995bd7689190d87305dca6418746f27065181fa649f43731fb8fc5f1b10"
        ]
      },
      "ResponseBody": "",
      "ResponseHeaders": {
        "Content-Length": [
          "0"
        ],
        "Content-Type": [
          "text/plain; charset=utf-8"
        ],
        "Expires": [
          "-1"
        ],
        "Cache-Control": [
          "no-cache"
        ],
        "Date": [
          "Thu, 28 Jun 2018 05:10:32 GMT"
        ],
        "Pragma": [
          "no-cache"
        ],
        "Location": [
          "https://management.azure.com/subscriptions/0b1f6471-1bf0-4dda-aec3-cb9272f09590/providers/Microsoft.Storage/locations/eastus/asyncoperations/58827b84-3e64-4d86-be48-716bd6431c28?monitor=true&api-version=2017-10-01"
        ],
        "Retry-After": [
          "17"
        ],
        "Server": [
          "Microsoft-Azure-Storage-Resource-Provider/1.0,Microsoft-HTTPAPI/2.0 Microsoft-HTTPAPI/2.0"
        ],
        "x-ms-request-id": [
          "58827b84-3e64-4d86-be48-716bd6431c28"
        ],
        "Strict-Transport-Security": [
          "max-age=31536000; includeSubDomains"
        ],
        "x-ms-ratelimit-remaining-subscription-writes": [
          "1198"
        ],
        "x-ms-correlation-request-id": [
          "d996d665-ccce-4701-a86f-ca053cdc7f89"
        ],
        "x-ms-routing-request-id": [
          "WESTUS2:20180628T051032Z:d996d665-ccce-4701-a86f-ca053cdc7f89"
        ],
        "X-Content-Type-Options": [
          "nosniff"
        ]
      },
      "StatusCode": 202
    },
    {
      "RequestUri": "/subscriptions/0b1f6471-1bf0-4dda-aec3-cb9272f09590/providers/Microsoft.Storage/locations/eastus/asyncoperations/58827b84-3e64-4d86-be48-716bd6431c28?monitor=true&api-version=2017-10-01",
      "EncodedRequestUri": "L3N1YnNjcmlwdGlvbnMvMGIxZjY0NzEtMWJmMC00ZGRhLWFlYzMtY2I5MjcyZjA5NTkwL3Byb3ZpZGVycy9NaWNyb3NvZnQuU3RvcmFnZS9sb2NhdGlvbnMvZWFzdHVzL2FzeW5jb3BlcmF0aW9ucy81ODgyN2I4NC0zZTY0LTRkODYtYmU0OC03MTZiZDY0MzFjMjg/bW9uaXRvcj10cnVlJmFwaS12ZXJzaW9uPTIwMTctMTAtMDE=",
      "RequestMethod": "GET",
      "RequestBody": "",
      "RequestHeaders": {
        "User-Agent": [
          "FxVersion/4.6.25211.01",
          "Microsoft.Azure.Management.Storage.Fluent.StorageManagementClient/1.11.0.0",
          "MacAddressHash/cc0dc995bd7689190d87305dca6418746f27065181fa649f43731fb8fc5f1b10"
        ]
      },
      "ResponseBody": "{\r\n  \"sku\": {\r\n    \"name\": \"Standard_GRS\",\r\n    \"tier\": \"Standard\"\r\n  },\r\n  \"kind\": \"Storage\",\r\n  \"id\": \"/subscriptions/0b1f6471-1bf0-4dda-aec3-cb9272f09590/resourceGroups/javacsmrg9858/providers/Microsoft.Storage/storageAccounts/stg7842\",\r\n  \"name\": \"stg7842\",\r\n  \"type\": \"Microsoft.Storage/storageAccounts\",\r\n  \"location\": \"eastus\",\r\n  \"tags\": {},\r\n  \"properties\": {\r\n    \"networkAcls\": {\r\n      \"bypass\": \"AzureServices\",\r\n      \"virtualNetworkRules\": [],\r\n      \"ipRules\": [],\r\n      \"defaultAction\": \"Allow\"\r\n    },\r\n    \"trustedDirectories\": [\r\n      \"54826b22-38d6-4fb2-bad9-b7b93a3e9c5a\"\r\n    ],\r\n    \"supportsHttpsTrafficOnly\": false,\r\n    \"encryption\": {\r\n      \"services\": {\r\n        \"file\": {\r\n          \"enabled\": true,\r\n          \"lastEnabledTime\": \"2018-06-28T05:10:32.7453886Z\"\r\n        },\r\n        \"blob\": {\r\n          \"enabled\": true,\r\n          \"lastEnabledTime\": \"2018-06-28T05:10:32.7453886Z\"\r\n        }\r\n      },\r\n      \"keySource\": \"Microsoft.Storage\"\r\n    },\r\n    \"provisioningState\": \"Succeeded\",\r\n    \"creationTime\": \"2018-06-28T05:10:32.5110262Z\",\r\n    \"primaryEndpoints\": {\r\n      \"blob\": \"https://stg7842.blob.core.windows.net/\",\r\n      \"queue\": \"https://stg7842.queue.core.windows.net/\",\r\n      \"table\": \"https://stg7842.table.core.windows.net/\",\r\n      \"file\": \"https://stg7842.file.core.windows.net/\"\r\n    },\r\n    \"primaryLocation\": \"eastus\",\r\n    \"statusOfPrimary\": \"available\",\r\n    \"secondaryLocation\": \"westus\",\r\n    \"statusOfSecondary\": \"available\"\r\n  }\r\n}",
      "ResponseHeaders": {
        "Content-Type": [
          "application/json"
        ],
        "Expires": [
          "-1"
        ],
        "Cache-Control": [
          "no-cache"
        ],
        "Date": [
          "Thu, 28 Jun 2018 05:10:49 GMT"
        ],
        "Pragma": [
          "no-cache"
        ],
        "Transfer-Encoding": [
          "chunked"
        ],
        "Server": [
          "Microsoft-Azure-Storage-Resource-Provider/1.0,Microsoft-HTTPAPI/2.0 Microsoft-HTTPAPI/2.0"
        ],
        "Vary": [
          "Accept-Encoding"
        ],
        "x-ms-request-id": [
          "bf8d6f50-ee5a-462f-86c1-dca413ef0850"
        ],
        "Strict-Transport-Security": [
          "max-age=31536000; includeSubDomains"
        ],
        "x-ms-ratelimit-remaining-subscription-reads": [
          "14999"
        ],
        "x-ms-correlation-request-id": [
          "08750c48-323b-4a7c-aff0-eabde7260716"
        ],
        "x-ms-routing-request-id": [
          "WESTUS2:20180628T051050Z:08750c48-323b-4a7c-aff0-eabde7260716"
        ],
        "X-Content-Type-Options": [
          "nosniff"
        ]
      },
      "StatusCode": 200
    },
    {
      "RequestUri": "/subscriptions/0b1f6471-1bf0-4dda-aec3-cb9272f09590/resourceGroups/javacsmrg9858/providers/Microsoft.Storage/storageAccounts/stg7842?api-version=2017-10-01",
      "EncodedRequestUri": "L3N1YnNjcmlwdGlvbnMvMGIxZjY0NzEtMWJmMC00ZGRhLWFlYzMtY2I5MjcyZjA5NTkwL3Jlc291cmNlR3JvdXBzL2phdmFjc21yZzk4NTgvcHJvdmlkZXJzL01pY3Jvc29mdC5TdG9yYWdlL3N0b3JhZ2VBY2NvdW50cy9zdGc3ODQyP2FwaS12ZXJzaW9uPTIwMTctMTAtMDE=",
      "RequestMethod": "GET",
      "RequestBody": "",
      "RequestHeaders": {
        "x-ms-client-request-id": [
          "279f198b-68c7-4741-a42c-4d2216d3c02e"
        ],
        "accept-language": [
          "en-US"
        ],
        "User-Agent": [
          "FxVersion/4.6.25211.01",
          "Microsoft.Azure.Management.Storage.Fluent.StorageManagementClient/1.11.0.0",
          "MacAddressHash/cc0dc995bd7689190d87305dca6418746f27065181fa649f43731fb8fc5f1b10"
        ]
      },
      "ResponseBody": "{\r\n  \"sku\": {\r\n    \"name\": \"Standard_GRS\",\r\n    \"tier\": \"Standard\"\r\n  },\r\n  \"kind\": \"Storage\",\r\n  \"id\": \"/subscriptions/0b1f6471-1bf0-4dda-aec3-cb9272f09590/resourceGroups/javacsmrg9858/providers/Microsoft.Storage/storageAccounts/stg7842\",\r\n  \"name\": \"stg7842\",\r\n  \"type\": \"Microsoft.Storage/storageAccounts\",\r\n  \"location\": \"eastus\",\r\n  \"tags\": {},\r\n  \"properties\": {\r\n    \"networkAcls\": {\r\n      \"bypass\": \"AzureServices\",\r\n      \"virtualNetworkRules\": [],\r\n      \"ipRules\": [],\r\n      \"defaultAction\": \"Allow\"\r\n    },\r\n    \"trustedDirectories\": [\r\n      \"54826b22-38d6-4fb2-bad9-b7b93a3e9c5a\"\r\n    ],\r\n    \"supportsHttpsTrafficOnly\": false,\r\n    \"encryption\": {\r\n      \"services\": {\r\n        \"file\": {\r\n          \"enabled\": true,\r\n          \"lastEnabledTime\": \"2018-06-28T05:10:32.7453886Z\"\r\n        },\r\n        \"blob\": {\r\n          \"enabled\": true,\r\n          \"lastEnabledTime\": \"2018-06-28T05:10:32.7453886Z\"\r\n        }\r\n      },\r\n      \"keySource\": \"Microsoft.Storage\"\r\n    },\r\n    \"provisioningState\": \"Succeeded\",\r\n    \"creationTime\": \"2018-06-28T05:10:32.5110262Z\",\r\n    \"primaryEndpoints\": {\r\n      \"blob\": \"https://stg7842.blob.core.windows.net/\",\r\n      \"queue\": \"https://stg7842.queue.core.windows.net/\",\r\n      \"table\": \"https://stg7842.table.core.windows.net/\",\r\n      \"file\": \"https://stg7842.file.core.windows.net/\"\r\n    },\r\n    \"primaryLocation\": \"eastus\",\r\n    \"statusOfPrimary\": \"available\",\r\n    \"secondaryLocation\": \"westus\",\r\n    \"statusOfSecondary\": \"available\"\r\n  }\r\n}",
      "ResponseHeaders": {
        "Content-Type": [
          "application/json"
        ],
        "Expires": [
          "-1"
        ],
        "Cache-Control": [
          "no-cache"
        ],
        "Date": [
          "Thu, 28 Jun 2018 05:10:49 GMT"
        ],
        "Pragma": [
          "no-cache"
        ],
        "Transfer-Encoding": [
          "chunked"
        ],
        "Server": [
          "Microsoft-Azure-Storage-Resource-Provider/1.0,Microsoft-HTTPAPI/2.0 Microsoft-HTTPAPI/2.0"
        ],
        "Vary": [
          "Accept-Encoding"
        ],
        "x-ms-request-id": [
          "6ac7fc7a-f2ab-49d6-8555-d655ab41c1ea"
        ],
        "Strict-Transport-Security": [
          "max-age=31536000; includeSubDomains"
        ],
        "x-ms-ratelimit-remaining-subscription-reads": [
          "14998"
        ],
        "x-ms-correlation-request-id": [
          "595174ad-22e9-4de9-86a5-d263c8e8291d"
        ],
        "x-ms-routing-request-id": [
          "WESTUS2:20180628T051050Z:595174ad-22e9-4de9-86a5-d263c8e8291d"
        ],
        "X-Content-Type-Options": [
          "nosniff"
        ]
      },
      "StatusCode": 200
    },
    {
      "RequestUri": "/subscriptions/0b1f6471-1bf0-4dda-aec3-cb9272f09590/resourceGroups/javacsmrg9858/providers/Microsoft.Storage/storageAccounts/stg7842/listKeys?api-version=2017-10-01",
      "EncodedRequestUri": "L3N1YnNjcmlwdGlvbnMvMGIxZjY0NzEtMWJmMC00ZGRhLWFlYzMtY2I5MjcyZjA5NTkwL3Jlc291cmNlR3JvdXBzL2phdmFjc21yZzk4NTgvcHJvdmlkZXJzL01pY3Jvc29mdC5TdG9yYWdlL3N0b3JhZ2VBY2NvdW50cy9zdGc3ODQyL2xpc3RLZXlzP2FwaS12ZXJzaW9uPTIwMTctMTAtMDE=",
      "RequestMethod": "POST",
      "RequestBody": "",
      "RequestHeaders": {
        "x-ms-client-request-id": [
          "85a0775c-97f2-44d9-a7dc-05289f872c98"
        ],
        "accept-language": [
          "en-US"
        ],
        "User-Agent": [
          "FxVersion/4.6.25211.01",
          "Microsoft.Azure.Management.Storage.Fluent.StorageManagementClient/1.11.0.0",
          "MacAddressHash/cc0dc995bd7689190d87305dca6418746f27065181fa649f43731fb8fc5f1b10"
        ]
      },
      "ResponseBody": "{\r\n  \"keys\": [\r\n    {\r\n      \"keyName\": \"key1\",\r\n      \"value\": \"10USdB6NwTwurkPQGP1eUG2VOPgYhcoJKtM/9//6Ws/TGNu4SD6QQZwEALTRgqN9N/6wHLeoOd08c2PmnlBi0g==\",\r\n      \"permissions\": \"FULL\"\r\n    },\r\n    {\r\n      \"keyName\": \"key2\",\r\n      \"value\": \"HLVDx0qPDt6N7Hc20izT5eTDv6bgju5lHuWvhOaF2i7aUU8osMe06fJ/L4OAI62DE1hSWZzOoTKdigcpGdmEuQ==\",\r\n      \"permissions\": \"FULL\"\r\n    }\r\n  ]\r\n}",
      "ResponseHeaders": {
        "Content-Type": [
          "application/json"
        ],
        "Expires": [
          "-1"
        ],
        "Cache-Control": [
          "no-cache"
        ],
        "Date": [
          "Thu, 28 Jun 2018 05:10:49 GMT"
        ],
        "Pragma": [
          "no-cache"
        ],
        "Transfer-Encoding": [
          "chunked"
        ],
        "Server": [
          "Microsoft-Azure-Storage-Resource-Provider/1.0,Microsoft-HTTPAPI/2.0 Microsoft-HTTPAPI/2.0"
        ],
        "Vary": [
          "Accept-Encoding"
        ],
        "x-ms-request-id": [
          "a50ae0bc-202c-455e-a729-45baad12269a"
        ],
        "Strict-Transport-Security": [
          "max-age=31536000; includeSubDomains"
        ],
        "x-ms-ratelimit-remaining-subscription-writes": [
          "1197"
        ],
        "x-ms-correlation-request-id": [
          "00bf21cf-3d3b-4f81-b8a3-3a858ffd2a49"
        ],
        "x-ms-routing-request-id": [
          "WESTUS2:20180628T051050Z:00bf21cf-3d3b-4f81-b8a3-3a858ffd2a49"
        ],
        "X-Content-Type-Options": [
          "nosniff"
        ]
      },
      "StatusCode": 200
    },
    {
      "RequestUri": "/subscriptions/0b1f6471-1bf0-4dda-aec3-cb9272f09590/resourceGroups/javacsmrg9858/providers/Microsoft.Storage/storageAccounts/stg7842/listKeys?api-version=2017-10-01",
      "EncodedRequestUri": "L3N1YnNjcmlwdGlvbnMvMGIxZjY0NzEtMWJmMC00ZGRhLWFlYzMtY2I5MjcyZjA5NTkwL3Jlc291cmNlR3JvdXBzL2phdmFjc21yZzk4NTgvcHJvdmlkZXJzL01pY3Jvc29mdC5TdG9yYWdlL3N0b3JhZ2VBY2NvdW50cy9zdGc3ODQyL2xpc3RLZXlzP2FwaS12ZXJzaW9uPTIwMTctMTAtMDE=",
      "RequestMethod": "POST",
      "RequestBody": "",
      "RequestHeaders": {
        "x-ms-client-request-id": [
          "4ac57e95-1362-4d72-a5cc-06564b92bb47"
        ],
        "accept-language": [
          "en-US"
        ],
        "User-Agent": [
          "FxVersion/4.6.25211.01",
          "Microsoft.Azure.Management.Storage.Fluent.StorageManagementClient/1.11.0.0",
          "MacAddressHash/cc0dc995bd7689190d87305dca6418746f27065181fa649f43731fb8fc5f1b10"
        ]
      },
      "ResponseBody": "{\r\n  \"keys\": [\r\n    {\r\n      \"keyName\": \"key1\",\r\n      \"value\": \"VC+g1dLEpsms7/rLFZGgchgKp5f/qL8bp/+3iJiAGY8jQgdkXPz+rOTQcfGe9g1eKMUrfaWhGYrJtKsgIVt2AA==\",\r\n      \"permissions\": \"FULL\"\r\n    },\r\n    {\r\n      \"keyName\": \"key2\",\r\n      \"value\": \"HLVDx0qPDt6N7Hc20izT5eTDv6bgju5lHuWvhOaF2i7aUU8osMe06fJ/L4OAI62DE1hSWZzOoTKdigcpGdmEuQ==\",\r\n      \"permissions\": \"FULL\"\r\n    }\r\n  ]\r\n}",
      "ResponseHeaders": {
        "Content-Type": [
          "application/json"
        ],
        "Expires": [
          "-1"
        ],
        "Cache-Control": [
          "no-cache"
        ],
        "Date": [
          "Thu, 28 Jun 2018 05:16:00 GMT"
        ],
        "Pragma": [
          "no-cache"
        ],
        "Transfer-Encoding": [
          "chunked"
        ],
        "Server": [
          "Microsoft-Azure-Storage-Resource-Provider/1.0,Microsoft-HTTPAPI/2.0 Microsoft-HTTPAPI/2.0"
        ],
        "Vary": [
          "Accept-Encoding"
        ],
        "x-ms-request-id": [
          "1842634c-2603-42d4-9b7a-c2401acaae78"
        ],
        "Strict-Transport-Security": [
          "max-age=31536000; includeSubDomains"
        ],
        "x-ms-ratelimit-remaining-subscription-writes": [
          "1198"
        ],
        "x-ms-correlation-request-id": [
          "c3561a23-4b5f-4379-a24b-c63d07e02f34"
        ],
        "x-ms-routing-request-id": [
          "WESTUS2:20180628T051600Z:c3561a23-4b5f-4379-a24b-c63d07e02f34"
        ],
        "X-Content-Type-Options": [
          "nosniff"
        ]
      },
      "StatusCode": 200
    },
    {
      "RequestUri": "/subscriptions/0b1f6471-1bf0-4dda-aec3-cb9272f09590/resourceGroups/javacsmrg9858/providers/Microsoft.Network/virtualNetworks/vmssvnet9478?api-version=2018-04-01",
      "EncodedRequestUri": "L3N1YnNjcmlwdGlvbnMvMGIxZjY0NzEtMWJmMC00ZGRhLWFlYzMtY2I5MjcyZjA5NTkwL3Jlc291cmNlR3JvdXBzL2phdmFjc21yZzk4NTgvcHJvdmlkZXJzL01pY3Jvc29mdC5OZXR3b3JrL3ZpcnR1YWxOZXR3b3Jrcy92bXNzdm5ldDk0Nzg/YXBpLXZlcnNpb249MjAxOC0wNC0wMQ==",
      "RequestMethod": "PUT",
      "RequestBody": "{\r\n  \"properties\": {\r\n    \"addressSpace\": {\r\n      \"addressPrefixes\": [\r\n        \"10.0.0.0/28\"\r\n      ]\r\n    },\r\n    \"dhcpOptions\": {\r\n      \"dnsServers\": []\r\n    },\r\n    \"subnets\": [\r\n      {\r\n        \"properties\": {\r\n          \"addressPrefix\": \"10.0.0.0/28\"\r\n        },\r\n        \"name\": \"subnet1\"\r\n      }\r\n    ]\r\n  },\r\n  \"location\": \"eastus\",\r\n  \"tags\": {}\r\n}",
      "RequestHeaders": {
        "Content-Type": [
          "application/json; charset=utf-8"
        ],
        "Content-Length": [
          "362"
        ],
        "x-ms-client-request-id": [
          "5a908a40-d709-4c61-9f2f-a8e4840a3b6c"
        ],
        "accept-language": [
          "en-US"
        ],
        "User-Agent": [
          "FxVersion/4.6.25211.01",
          "Microsoft.Azure.Management.Network.Fluent.NetworkManagementClient/1.11.0.0",
          "MacAddressHash/cc0dc995bd7689190d87305dca6418746f27065181fa649f43731fb8fc5f1b10"
        ]
      },
      "ResponseBody": "{\r\n  \"name\": \"vmssvnet9478\",\r\n  \"id\": \"/subscriptions/0b1f6471-1bf0-4dda-aec3-cb9272f09590/resourceGroups/javacsmrg9858/providers/Microsoft.Network/virtualNetworks/vmssvnet9478\",\r\n  \"etag\": \"W/\\\"5b5fde22-1555-4492-8f49-035d0d7298ed\\\"\",\r\n  \"type\": \"Microsoft.Network/virtualNetworks\",\r\n  \"location\": \"eastus\",\r\n  \"tags\": {},\r\n  \"properties\": {\r\n    \"provisioningState\": \"Updating\",\r\n    \"resourceGuid\": \"a7de9b8c-b0f0-4363-bbbd-c5d8b9c87cd8\",\r\n    \"addressSpace\": {\r\n      \"addressPrefixes\": [\r\n        \"10.0.0.0/28\"\r\n      ]\r\n    },\r\n    \"dhcpOptions\": {\r\n      \"dnsServers\": []\r\n    },\r\n    \"subnets\": [\r\n      {\r\n        \"name\": \"subnet1\",\r\n        \"id\": \"/subscriptions/0b1f6471-1bf0-4dda-aec3-cb9272f09590/resourceGroups/javacsmrg9858/providers/Microsoft.Network/virtualNetworks/vmssvnet9478/subnets/subnet1\",\r\n        \"etag\": \"W/\\\"5b5fde22-1555-4492-8f49-035d0d7298ed\\\"\",\r\n        \"properties\": {\r\n          \"provisioningState\": \"Updating\",\r\n          \"addressPrefix\": \"10.0.0.0/28\",\r\n          \"delegations\": []\r\n        }\r\n      }\r\n    ],\r\n    \"virtualNetworkPeerings\": [],\r\n    \"enableDdosProtection\": false,\r\n    \"enableVmProtection\": false\r\n  }\r\n}",
      "ResponseHeaders": {
        "Content-Length": [
          "1157"
        ],
        "Content-Type": [
          "application/json; charset=utf-8"
        ],
        "Expires": [
          "-1"
        ],
        "Cache-Control": [
          "no-cache"
        ],
        "Date": [
          "Thu, 28 Jun 2018 05:10:53 GMT"
        ],
        "Pragma": [
          "no-cache"
        ],
        "Retry-After": [
          "3"
        ],
        "Server": [
          "Microsoft-HTTPAPI/2.0",
          "Microsoft-HTTPAPI/2.0"
        ],
        "x-ms-request-id": [
          "760f1c53-7d48-408b-bb17-24ee60827e94"
        ],
        "Azure-AsyncOperation": [
          "https://management.azure.com/subscriptions/0b1f6471-1bf0-4dda-aec3-cb9272f09590/providers/Microsoft.Network/locations/eastus/operations/760f1c53-7d48-408b-bb17-24ee60827e94?api-version=2018-04-01"
        ],
        "x-ms-correlation-request-id": [
          "b685dc06-8109-4501-91a9-63927b9412e8"
        ],
        "Strict-Transport-Security": [
          "max-age=31536000; includeSubDomains"
        ],
        "x-ms-ratelimit-remaining-subscription-writes": [
          "1196"
        ],
        "x-ms-routing-request-id": [
          "WESTUS2:20180628T051054Z:b685dc06-8109-4501-91a9-63927b9412e8"
        ],
        "X-Content-Type-Options": [
          "nosniff"
        ]
      },
      "StatusCode": 201
    },
    {
      "RequestUri": "/subscriptions/0b1f6471-1bf0-4dda-aec3-cb9272f09590/providers/Microsoft.Network/locations/eastus/operations/760f1c53-7d48-408b-bb17-24ee60827e94?api-version=2018-04-01",
      "EncodedRequestUri": "L3N1YnNjcmlwdGlvbnMvMGIxZjY0NzEtMWJmMC00ZGRhLWFlYzMtY2I5MjcyZjA5NTkwL3Byb3ZpZGVycy9NaWNyb3NvZnQuTmV0d29yay9sb2NhdGlvbnMvZWFzdHVzL29wZXJhdGlvbnMvNzYwZjFjNTMtN2Q0OC00MDhiLWJiMTctMjRlZTYwODI3ZTk0P2FwaS12ZXJzaW9uPTIwMTgtMDQtMDE=",
      "RequestMethod": "GET",
      "RequestBody": "",
      "RequestHeaders": {
        "User-Agent": [
          "FxVersion/4.6.25211.01",
          "Microsoft.Azure.Management.Network.Fluent.NetworkManagementClient/1.11.0.0",
          "MacAddressHash/cc0dc995bd7689190d87305dca6418746f27065181fa649f43731fb8fc5f1b10"
        ]
      },
      "ResponseBody": "{\r\n  \"status\": \"Succeeded\"\r\n}",
      "ResponseHeaders": {
        "Content-Type": [
          "application/json; charset=utf-8"
        ],
        "Expires": [
          "-1"
        ],
        "Cache-Control": [
          "no-cache"
        ],
        "Date": [
          "Thu, 28 Jun 2018 05:11:04 GMT"
        ],
        "Pragma": [
          "no-cache"
        ],
        "Transfer-Encoding": [
          "chunked"
        ],
        "Server": [
          "Microsoft-HTTPAPI/2.0",
          "Microsoft-HTTPAPI/2.0"
        ],
        "Vary": [
          "Accept-Encoding"
        ],
        "x-ms-request-id": [
          "bcae7170-e76c-4794-8018-8341ac2349f1"
        ],
        "x-ms-correlation-request-id": [
          "1767733c-4016-4e2b-82f5-8f9b47aeed0f"
        ],
        "Strict-Transport-Security": [
          "max-age=31536000; includeSubDomains"
        ],
        "x-ms-ratelimit-remaining-subscription-reads": [
          "14997"
        ],
        "x-ms-routing-request-id": [
          "WESTUS2:20180628T051104Z:1767733c-4016-4e2b-82f5-8f9b47aeed0f"
        ],
        "X-Content-Type-Options": [
          "nosniff"
        ]
      },
      "StatusCode": 200
    },
    {
      "RequestUri": "/subscriptions/0b1f6471-1bf0-4dda-aec3-cb9272f09590/resourceGroups/javacsmrg9858/providers/Microsoft.Network/virtualNetworks/vmssvnet9478?api-version=2018-04-01",
      "EncodedRequestUri": "L3N1YnNjcmlwdGlvbnMvMGIxZjY0NzEtMWJmMC00ZGRhLWFlYzMtY2I5MjcyZjA5NTkwL3Jlc291cmNlR3JvdXBzL2phdmFjc21yZzk4NTgvcHJvdmlkZXJzL01pY3Jvc29mdC5OZXR3b3JrL3ZpcnR1YWxOZXR3b3Jrcy92bXNzdm5ldDk0Nzg/YXBpLXZlcnNpb249MjAxOC0wNC0wMQ==",
      "RequestMethod": "GET",
      "RequestBody": "",
      "RequestHeaders": {
        "User-Agent": [
          "FxVersion/4.6.25211.01",
          "Microsoft.Azure.Management.Network.Fluent.NetworkManagementClient/1.11.0.0",
          "MacAddressHash/cc0dc995bd7689190d87305dca6418746f27065181fa649f43731fb8fc5f1b10"
        ]
      },
      "ResponseBody": "{\r\n  \"name\": \"vmssvnet9478\",\r\n  \"id\": \"/subscriptions/0b1f6471-1bf0-4dda-aec3-cb9272f09590/resourceGroups/javacsmrg9858/providers/Microsoft.Network/virtualNetworks/vmssvnet9478\",\r\n  \"etag\": \"W/\\\"70c2f0fd-2ad1-4014-91f0-464fd66ab87b\\\"\",\r\n  \"type\": \"Microsoft.Network/virtualNetworks\",\r\n  \"location\": \"eastus\",\r\n  \"tags\": {},\r\n  \"properties\": {\r\n    \"provisioningState\": \"Succeeded\",\r\n    \"resourceGuid\": \"a7de9b8c-b0f0-4363-bbbd-c5d8b9c87cd8\",\r\n    \"addressSpace\": {\r\n      \"addressPrefixes\": [\r\n        \"10.0.0.0/28\"\r\n      ]\r\n    },\r\n    \"dhcpOptions\": {\r\n      \"dnsServers\": []\r\n    },\r\n    \"subnets\": [\r\n      {\r\n        \"name\": \"subnet1\",\r\n        \"id\": \"/subscriptions/0b1f6471-1bf0-4dda-aec3-cb9272f09590/resourceGroups/javacsmrg9858/providers/Microsoft.Network/virtualNetworks/vmssvnet9478/subnets/subnet1\",\r\n        \"etag\": \"W/\\\"70c2f0fd-2ad1-4014-91f0-464fd66ab87b\\\"\",\r\n        \"properties\": {\r\n          \"provisioningState\": \"Succeeded\",\r\n          \"addressPrefix\": \"10.0.0.0/28\",\r\n          \"delegations\": []\r\n        }\r\n      }\r\n    ],\r\n    \"virtualNetworkPeerings\": [],\r\n    \"enableDdosProtection\": false,\r\n    \"enableVmProtection\": false\r\n  }\r\n}",
      "ResponseHeaders": {
        "Content-Type": [
          "application/json; charset=utf-8"
        ],
        "Expires": [
          "-1"
        ],
        "Cache-Control": [
          "no-cache"
        ],
        "Date": [
          "Thu, 28 Jun 2018 05:11:04 GMT"
        ],
        "Pragma": [
          "no-cache"
        ],
        "Transfer-Encoding": [
          "chunked"
        ],
        "ETag": [
          "W/\"70c2f0fd-2ad1-4014-91f0-464fd66ab87b\""
        ],
        "Server": [
          "Microsoft-HTTPAPI/2.0",
          "Microsoft-HTTPAPI/2.0"
        ],
        "Vary": [
          "Accept-Encoding"
        ],
        "x-ms-request-id": [
          "2e4b55e8-3887-4a7b-8125-c07b823d85b0"
        ],
        "x-ms-correlation-request-id": [
          "481edcdc-9025-4b62-8818-48b3afa61fa6"
        ],
        "Strict-Transport-Security": [
          "max-age=31536000; includeSubDomains"
        ],
        "x-ms-ratelimit-remaining-subscription-reads": [
          "14996"
        ],
        "x-ms-routing-request-id": [
          "WESTUS2:20180628T051105Z:481edcdc-9025-4b62-8818-48b3afa61fa6"
        ],
        "X-Content-Type-Options": [
          "nosniff"
        ]
      },
      "StatusCode": 200
    },
    {
      "RequestUri": "/subscriptions/0b1f6471-1bf0-4dda-aec3-cb9272f09590/resourceGroups/javacsmrg9858/providers/Microsoft.Storage/storageAccounts/stg5837?api-version=2017-10-01",
      "EncodedRequestUri": "L3N1YnNjcmlwdGlvbnMvMGIxZjY0NzEtMWJmMC00ZGRhLWFlYzMtY2I5MjcyZjA5NTkwL3Jlc291cmNlR3JvdXBzL2phdmFjc21yZzk4NTgvcHJvdmlkZXJzL01pY3Jvc29mdC5TdG9yYWdlL3N0b3JhZ2VBY2NvdW50cy9zdGc1ODM3P2FwaS12ZXJzaW9uPTIwMTctMTAtMDE=",
      "RequestMethod": "PUT",
      "RequestBody": "{\r\n  \"sku\": {\r\n    \"name\": \"Standard_GRS\"\r\n  },\r\n  \"kind\": \"Storage\",\r\n  \"location\": \"eastus\",\r\n  \"tags\": {}\r\n}",
      "RequestHeaders": {
        "Content-Type": [
          "application/json; charset=utf-8"
        ],
        "Content-Length": [
          "111"
        ],
        "x-ms-client-request-id": [
          "f28d0473-5404-47ae-9cfa-f88256ceadae"
        ],
        "accept-language": [
          "en-US"
        ],
        "User-Agent": [
          "FxVersion/4.6.25211.01",
          "Microsoft.Azure.Management.Storage.Fluent.StorageManagementClient/1.11.0.0",
          "MacAddressHash/cc0dc995bd7689190d87305dca6418746f27065181fa649f43731fb8fc5f1b10"
        ]
      },
      "ResponseBody": "",
      "ResponseHeaders": {
        "Content-Length": [
          "0"
        ],
        "Content-Type": [
          "text/plain; charset=utf-8"
        ],
        "Expires": [
          "-1"
        ],
        "Cache-Control": [
          "no-cache"
        ],
        "Date": [
          "Thu, 28 Jun 2018 05:11:06 GMT"
        ],
        "Pragma": [
          "no-cache"
        ],
        "Location": [
          "https://management.azure.com/subscriptions/0b1f6471-1bf0-4dda-aec3-cb9272f09590/providers/Microsoft.Storage/locations/eastus/asyncoperations/8f9e4686-4699-462f-9b3d-dd9ec271e052?monitor=true&api-version=2017-10-01"
        ],
        "Retry-After": [
          "17"
        ],
        "Server": [
          "Microsoft-Azure-Storage-Resource-Provider/1.0,Microsoft-HTTPAPI/2.0 Microsoft-HTTPAPI/2.0"
        ],
        "x-ms-request-id": [
          "8f9e4686-4699-462f-9b3d-dd9ec271e052"
        ],
        "Strict-Transport-Security": [
          "max-age=31536000; includeSubDomains"
        ],
        "x-ms-ratelimit-remaining-subscription-writes": [
          "1195"
        ],
        "x-ms-correlation-request-id": [
          "ab5da266-7bd2-4d25-bfd0-19135bf11d00"
        ],
        "x-ms-routing-request-id": [
          "WESTUS2:20180628T051106Z:ab5da266-7bd2-4d25-bfd0-19135bf11d00"
        ],
        "X-Content-Type-Options": [
          "nosniff"
        ]
      },
      "StatusCode": 202
    },
    {
      "RequestUri": "/subscriptions/0b1f6471-1bf0-4dda-aec3-cb9272f09590/providers/Microsoft.Storage/locations/eastus/asyncoperations/8f9e4686-4699-462f-9b3d-dd9ec271e052?monitor=true&api-version=2017-10-01",
      "EncodedRequestUri": "L3N1YnNjcmlwdGlvbnMvMGIxZjY0NzEtMWJmMC00ZGRhLWFlYzMtY2I5MjcyZjA5NTkwL3Byb3ZpZGVycy9NaWNyb3NvZnQuU3RvcmFnZS9sb2NhdGlvbnMvZWFzdHVzL2FzeW5jb3BlcmF0aW9ucy84ZjllNDY4Ni00Njk5LTQ2MmYtOWIzZC1kZDllYzI3MWUwNTI/bW9uaXRvcj10cnVlJmFwaS12ZXJzaW9uPTIwMTctMTAtMDE=",
      "RequestMethod": "GET",
      "RequestBody": "",
      "RequestHeaders": {
        "User-Agent": [
          "FxVersion/4.6.25211.01",
          "Microsoft.Azure.Management.Storage.Fluent.StorageManagementClient/1.11.0.0",
          "MacAddressHash/cc0dc995bd7689190d87305dca6418746f27065181fa649f43731fb8fc5f1b10"
        ]
      },
      "ResponseBody": "{\r\n  \"sku\": {\r\n    \"name\": \"Standard_GRS\",\r\n    \"tier\": \"Standard\"\r\n  },\r\n  \"kind\": \"Storage\",\r\n  \"id\": \"/subscriptions/0b1f6471-1bf0-4dda-aec3-cb9272f09590/resourceGroups/javacsmrg9858/providers/Microsoft.Storage/storageAccounts/stg5837\",\r\n  \"name\": \"stg5837\",\r\n  \"type\": \"Microsoft.Storage/storageAccounts\",\r\n  \"location\": \"eastus\",\r\n  \"tags\": {},\r\n  \"properties\": {\r\n    \"networkAcls\": {\r\n      \"bypass\": \"AzureServices\",\r\n      \"virtualNetworkRules\": [],\r\n      \"ipRules\": [],\r\n      \"defaultAction\": \"Allow\"\r\n    },\r\n    \"trustedDirectories\": [\r\n      \"54826b22-38d6-4fb2-bad9-b7b93a3e9c5a\"\r\n    ],\r\n    \"supportsHttpsTrafficOnly\": false,\r\n    \"encryption\": {\r\n      \"services\": {\r\n        \"file\": {\r\n          \"enabled\": true,\r\n          \"lastEnabledTime\": \"2018-06-28T05:11:06.2139346Z\"\r\n        },\r\n        \"blob\": {\r\n          \"enabled\": true,\r\n          \"lastEnabledTime\": \"2018-06-28T05:11:06.2139346Z\"\r\n        }\r\n      },\r\n      \"keySource\": \"Microsoft.Storage\"\r\n    },\r\n    \"provisioningState\": \"Succeeded\",\r\n    \"creationTime\": \"2018-06-28T05:11:06.0264518Z\",\r\n    \"primaryEndpoints\": {\r\n      \"blob\": \"https://stg5837.blob.core.windows.net/\",\r\n      \"queue\": \"https://stg5837.queue.core.windows.net/\",\r\n      \"table\": \"https://stg5837.table.core.windows.net/\",\r\n      \"file\": \"https://stg5837.file.core.windows.net/\"\r\n    },\r\n    \"primaryLocation\": \"eastus\",\r\n    \"statusOfPrimary\": \"available\",\r\n    \"secondaryLocation\": \"westus\",\r\n    \"statusOfSecondary\": \"available\"\r\n  }\r\n}",
      "ResponseHeaders": {
        "Content-Type": [
          "application/json"
        ],
        "Expires": [
          "-1"
        ],
        "Cache-Control": [
          "no-cache"
        ],
        "Date": [
          "Thu, 28 Jun 2018 05:11:22 GMT"
        ],
        "Pragma": [
          "no-cache"
        ],
        "Transfer-Encoding": [
          "chunked"
        ],
        "Server": [
          "Microsoft-Azure-Storage-Resource-Provider/1.0,Microsoft-HTTPAPI/2.0 Microsoft-HTTPAPI/2.0"
        ],
        "Vary": [
          "Accept-Encoding"
        ],
        "x-ms-request-id": [
          "f236c62b-7342-4111-8ce8-1161837b8190"
        ],
        "Strict-Transport-Security": [
          "max-age=31536000; includeSubDomains"
        ],
        "x-ms-ratelimit-remaining-subscription-reads": [
          "14995"
        ],
        "x-ms-correlation-request-id": [
          "4bd7fdf2-6811-41c0-844b-fc852aae2ef7"
        ],
        "x-ms-routing-request-id": [
          "WESTUS2:20180628T051123Z:4bd7fdf2-6811-41c0-844b-fc852aae2ef7"
        ],
        "X-Content-Type-Options": [
          "nosniff"
        ]
      },
      "StatusCode": 200
    },
    {
      "RequestUri": "/subscriptions/0b1f6471-1bf0-4dda-aec3-cb9272f09590/resourceGroups/javacsmrg9858/providers/Microsoft.Storage/storageAccounts/stg5837?api-version=2017-10-01",
      "EncodedRequestUri": "L3N1YnNjcmlwdGlvbnMvMGIxZjY0NzEtMWJmMC00ZGRhLWFlYzMtY2I5MjcyZjA5NTkwL3Jlc291cmNlR3JvdXBzL2phdmFjc21yZzk4NTgvcHJvdmlkZXJzL01pY3Jvc29mdC5TdG9yYWdlL3N0b3JhZ2VBY2NvdW50cy9zdGc1ODM3P2FwaS12ZXJzaW9uPTIwMTctMTAtMDE=",
      "RequestMethod": "GET",
      "RequestBody": "",
      "RequestHeaders": {
        "x-ms-client-request-id": [
          "fdb2adf4-18e4-44fb-a7b1-12f3d282ff94"
        ],
        "accept-language": [
          "en-US"
        ],
        "User-Agent": [
          "FxVersion/4.6.25211.01",
          "Microsoft.Azure.Management.Storage.Fluent.StorageManagementClient/1.11.0.0",
          "MacAddressHash/cc0dc995bd7689190d87305dca6418746f27065181fa649f43731fb8fc5f1b10"
        ]
      },
      "ResponseBody": "{\r\n  \"sku\": {\r\n    \"name\": \"Standard_GRS\",\r\n    \"tier\": \"Standard\"\r\n  },\r\n  \"kind\": \"Storage\",\r\n  \"id\": \"/subscriptions/0b1f6471-1bf0-4dda-aec3-cb9272f09590/resourceGroups/javacsmrg9858/providers/Microsoft.Storage/storageAccounts/stg5837\",\r\n  \"name\": \"stg5837\",\r\n  \"type\": \"Microsoft.Storage/storageAccounts\",\r\n  \"location\": \"eastus\",\r\n  \"tags\": {},\r\n  \"properties\": {\r\n    \"networkAcls\": {\r\n      \"bypass\": \"AzureServices\",\r\n      \"virtualNetworkRules\": [],\r\n      \"ipRules\": [],\r\n      \"defaultAction\": \"Allow\"\r\n    },\r\n    \"trustedDirectories\": [\r\n      \"54826b22-38d6-4fb2-bad9-b7b93a3e9c5a\"\r\n    ],\r\n    \"supportsHttpsTrafficOnly\": false,\r\n    \"encryption\": {\r\n      \"services\": {\r\n        \"file\": {\r\n          \"enabled\": true,\r\n          \"lastEnabledTime\": \"2018-06-28T05:11:06.2139346Z\"\r\n        },\r\n        \"blob\": {\r\n          \"enabled\": true,\r\n          \"lastEnabledTime\": \"2018-06-28T05:11:06.2139346Z\"\r\n        }\r\n      },\r\n      \"keySource\": \"Microsoft.Storage\"\r\n    },\r\n    \"provisioningState\": \"Succeeded\",\r\n    \"creationTime\": \"2018-06-28T05:11:06.0264518Z\",\r\n    \"primaryEndpoints\": {\r\n      \"blob\": \"https://stg5837.blob.core.windows.net/\",\r\n      \"queue\": \"https://stg5837.queue.core.windows.net/\",\r\n      \"table\": \"https://stg5837.table.core.windows.net/\",\r\n      \"file\": \"https://stg5837.file.core.windows.net/\"\r\n    },\r\n    \"primaryLocation\": \"eastus\",\r\n    \"statusOfPrimary\": \"available\",\r\n    \"secondaryLocation\": \"westus\",\r\n    \"statusOfSecondary\": \"available\"\r\n  }\r\n}",
      "ResponseHeaders": {
        "Content-Type": [
          "application/json"
        ],
        "Expires": [
          "-1"
        ],
        "Cache-Control": [
          "no-cache"
        ],
        "Date": [
          "Thu, 28 Jun 2018 05:11:23 GMT"
        ],
        "Pragma": [
          "no-cache"
        ],
        "Transfer-Encoding": [
          "chunked"
        ],
        "Server": [
          "Microsoft-Azure-Storage-Resource-Provider/1.0,Microsoft-HTTPAPI/2.0 Microsoft-HTTPAPI/2.0"
        ],
        "Vary": [
          "Accept-Encoding"
        ],
        "x-ms-request-id": [
          "25c608fc-5c7e-4eec-af9c-f4dc0a2044ea"
        ],
        "Strict-Transport-Security": [
          "max-age=31536000; includeSubDomains"
        ],
        "x-ms-ratelimit-remaining-subscription-reads": [
          "14994"
        ],
        "x-ms-correlation-request-id": [
          "7c9669d7-ad50-4f84-b546-7d0ac1e51cc1"
        ],
        "x-ms-routing-request-id": [
          "WESTUS2:20180628T051124Z:7c9669d7-ad50-4f84-b546-7d0ac1e51cc1"
        ],
        "X-Content-Type-Options": [
          "nosniff"
        ]
      },
      "StatusCode": 200
    },
    {
      "RequestUri": "/subscriptions/0b1f6471-1bf0-4dda-aec3-cb9272f09590/resourceGroups/javacsmrg9858/providers/Microsoft.Compute/virtualMachineScaleSets/vmss5431?api-version=2017-12-01",
      "EncodedRequestUri": "L3N1YnNjcmlwdGlvbnMvMGIxZjY0NzEtMWJmMC00ZGRhLWFlYzMtY2I5MjcyZjA5NTkwL3Jlc291cmNlR3JvdXBzL2phdmFjc21yZzk4NTgvcHJvdmlkZXJzL01pY3Jvc29mdC5Db21wdXRlL3ZpcnR1YWxNYWNoaW5lU2NhbGVTZXRzL3Ztc3M1NDMxP2FwaS12ZXJzaW9uPTIwMTctMTItMDE=",
      "RequestMethod": "PUT",
      "RequestBody": "{\r\n  \"sku\": {\r\n    \"name\": \"Standard_A0\",\r\n    \"tier\": \"Standard\",\r\n    \"capacity\": 2\r\n  },\r\n  \"properties\": {\r\n    \"upgradePolicy\": {\r\n      \"mode\": \"Automatic\"\r\n    },\r\n    \"virtualMachineProfile\": {\r\n      \"osProfile\": {\r\n        \"computerNamePrefix\": \"vmss5431-vm\",\r\n        \"adminUsername\": \"jvuser\",\r\n        \"adminPassword\": \"123OData!@#123\",\r\n        \"linuxConfiguration\": {\r\n          \"disablePasswordAuthentication\": false\r\n        }\r\n      },\r\n      \"storageProfile\": {\r\n        \"imageReference\": {\r\n          \"publisher\": \"Canonical\",\r\n          \"offer\": \"UbuntuServer\",\r\n          \"sku\": \"16.04.0-LTS\",\r\n          \"version\": \"latest\"\r\n        },\r\n        \"osDisk\": {\r\n          \"name\": \"vmss5431-os-disk\",\r\n          \"caching\": \"ReadWrite\",\r\n          \"createOption\": \"FromImage\",\r\n          \"vhdContainers\": [\r\n            \"https://stg5837.blob.core.windows.net/vhds\",\r\n            \"https://stg7842.blob.core.windows.net/vhds\"\r\n          ]\r\n        }\r\n      },\r\n      \"networkProfile\": {\r\n        \"networkInterfaceConfigurations\": [\r\n          {\r\n            \"name\": \"primary-nic-cfg\",\r\n            \"properties\": {\r\n              \"primary\": true,\r\n              \"ipConfigurations\": [\r\n                {\r\n                  \"name\": \"primary-nic-ip-cfg\",\r\n                  \"properties\": {\r\n                    \"subnet\": {\r\n                      \"id\": \"/subscriptions/0b1f6471-1bf0-4dda-aec3-cb9272f09590/resourceGroups/javacsmrg9858/providers/Microsoft.Network/virtualNetworks/vmssvnet9478/subnets/subnet1\"\r\n                    },\r\n                    \"loadBalancerBackendAddressPools\": [],\r\n                    \"loadBalancerInboundNatPools\": []\r\n                  }\r\n                }\r\n              ]\r\n            }\r\n          }\r\n        ]\r\n      },\r\n      \"extensionProfile\": {\r\n        \"extensions\": [\r\n          {\r\n            \"name\": \"CustomScriptForLinux\",\r\n            \"properties\": {\r\n              \"publisher\": \"Microsoft.OSTCExtensions\",\r\n              \"type\": \"CustomScriptForLinux\",\r\n              \"typeHandlerVersion\": \"1.4\",\r\n              \"autoUpgradeMinorVersion\": true,\r\n              \"settings\": {\r\n                \"fileUris\": [\r\n                  \"http://stg7842.blob.core.windows.net/scripts/install_apache.sh\"\r\n                ]\r\n              },\r\n              \"protectedSettings\": {\r\n                \"commandToExecute\": \"bash install_apache.sh\",\r\n                \"storageAccountName\": \"stg7842\",\r\n                \"storageAccountKey\": \"10USdB6NwTwurkPQGP1eUG2VOPgYhcoJKtM/9//6Ws/TGNu4SD6QQZwEALTRgqN9N/6wHLeoOd08c2PmnlBi0g==\"\r\n              }\r\n            }\r\n          }\r\n        ]\r\n      }\r\n    }\r\n  },\r\n  \"location\": \"eastus\",\r\n  \"tags\": {}\r\n}",
      "RequestHeaders": {
        "Content-Type": [
          "application/json; charset=utf-8"
        ],
        "Content-Length": [
          "2680"
        ],
        "x-ms-client-request-id": [
          "241999e9-5c2a-48f0-96ee-914ecf46b1b5"
        ],
        "accept-language": [
          "en-US"
        ],
        "User-Agent": [
          "FxVersion/4.6.25211.01",
          "Microsoft.Azure.Management.Compute.Fluent.ComputeManagementClient/1.11.0.0",
          "MacAddressHash/cc0dc995bd7689190d87305dca6418746f27065181fa649f43731fb8fc5f1b10"
        ]
      },
      "ResponseBody": "{\r\n  \"sku\": {\r\n    \"name\": \"Standard_A0\",\r\n    \"tier\": \"Standard\",\r\n    \"capacity\": 2\r\n  },\r\n  \"properties\": {\r\n    \"singlePlacementGroup\": true,\r\n    \"upgradePolicy\": {\r\n      \"mode\": \"Automatic\",\r\n      \"automaticOSUpgrade\": false\r\n    },\r\n    \"virtualMachineProfile\": {\r\n      \"osProfile\": {\r\n        \"computerNamePrefix\": \"vmss5431-vm\",\r\n        \"adminUsername\": \"jvuser\",\r\n        \"linuxConfiguration\": {\r\n          \"disablePasswordAuthentication\": false\r\n        },\r\n        \"secrets\": []\r\n      },\r\n      \"storageProfile\": {\r\n        \"osDisk\": {\r\n          \"vhdContainers\": [\r\n            \"https://stg5837.blob.core.windows.net/vhds\",\r\n            \"https://stg7842.blob.core.windows.net/vhds\"\r\n          ],\r\n          \"name\": \"vmss5431-os-disk\",\r\n          \"createOption\": \"FromImage\",\r\n          \"caching\": \"ReadWrite\"\r\n        },\r\n        \"imageReference\": {\r\n          \"publisher\": \"Canonical\",\r\n          \"offer\": \"UbuntuServer\",\r\n          \"sku\": \"16.04.0-LTS\",\r\n          \"version\": \"latest\"\r\n        }\r\n      },\r\n      \"networkProfile\": {\r\n        \"networkInterfaceConfigurations\": [\r\n          {\r\n            \"name\": \"primary-nic-cfg\",\r\n            \"properties\": {\r\n              \"primary\": true,\r\n              \"enableAcceleratedNetworking\": false,\r\n              \"dnsSettings\": {\r\n                \"dnsServers\": []\r\n              },\r\n              \"enableIPForwarding\": false,\r\n              \"ipConfigurations\": [\r\n                {\r\n                  \"name\": \"primary-nic-ip-cfg\",\r\n                  \"properties\": {\r\n                    \"subnet\": {\r\n                      \"id\": \"/subscriptions/0b1f6471-1bf0-4dda-aec3-cb9272f09590/resourceGroups/javacsmrg9858/providers/Microsoft.Network/virtualNetworks/vmssvnet9478/subnets/subnet1\"\r\n                    },\r\n                    \"privateIPAddressVersion\": \"IPv4\"\r\n                  }\r\n                }\r\n              ]\r\n            }\r\n          }\r\n        ]\r\n      },\r\n      \"extensionProfile\": {\r\n        \"extensions\": [\r\n          {\r\n            \"properties\": {\r\n              \"autoUpgradeMinorVersion\": true,\r\n              \"settings\": {\r\n                \"fileUris\": [\r\n                  \"http://stg7842.blob.core.windows.net/scripts/install_apache.sh\"\r\n                ]\r\n              },\r\n              \"publisher\": \"Microsoft.OSTCExtensions\",\r\n              \"type\": \"CustomScriptForLinux\",\r\n              \"typeHandlerVersion\": \"1.4\"\r\n            },\r\n            \"name\": \"CustomScriptForLinux\"\r\n          }\r\n        ]\r\n      }\r\n    },\r\n    \"provisioningState\": \"Creating\",\r\n    \"overprovision\": true,\r\n    \"uniqueId\": \"b6467404-73a6-4e12-a43e-648e69dd7ca6\"\r\n  },\r\n  \"type\": \"Microsoft.Compute/virtualMachineScaleSets\",\r\n  \"location\": \"eastus\",\r\n  \"tags\": {},\r\n  \"id\": \"/subscriptions/0b1f6471-1bf0-4dda-aec3-cb9272f09590/resourceGroups/javacsmrg9858/providers/Microsoft.Compute/virtualMachineScaleSets/vmss5431\",\r\n  \"name\": \"vmss5431\"\r\n}",
      "ResponseHeaders": {
        "Content-Length": [
          "2413"
        ],
        "Content-Type": [
          "application/json; charset=utf-8"
        ],
        "Expires": [
          "-1"
        ],
        "Cache-Control": [
          "no-cache"
        ],
        "Date": [
          "Thu, 28 Jun 2018 05:11:25 GMT"
        ],
        "Pragma": [
          "no-cache"
        ],
        "Retry-After": [
          "10"
        ],
        "Server": [
          "Microsoft-HTTPAPI/2.0",
          "Microsoft-HTTPAPI/2.0"
        ],
        "Azure-AsyncOperation": [
          "https://management.azure.com/subscriptions/0b1f6471-1bf0-4dda-aec3-cb9272f09590/providers/Microsoft.Compute/locations/eastus/operations/d08e3719-70c8-409a-bf7e-8f7f8d828357?api-version=2017-12-01"
        ],
        "x-ms-ratelimit-remaining-resource": [
          "Microsoft.Compute/CreateVMScaleSet3Min;39,Microsoft.Compute/CreateVMScaleSet30Min;197,Microsoft.Compute/VMScaleSetBatchedVMRequests5Min;1196,Microsoft.Compute/VmssQueuedVMOperations;4796"
        ],
        "x-ms-request-charge": [
          "4"
        ],
        "Strict-Transport-Security": [
          "max-age=31536000; includeSubDomains"
        ],
        "x-ms-served-by": [
          "54253b73-cb53-496f-ab42-5e5ee19426f8_131746304832327369"
        ],
        "x-ms-request-id": [
          "d08e3719-70c8-409a-bf7e-8f7f8d828357"
        ],
        "x-ms-ratelimit-remaining-subscription-writes": [
          "1194"
        ],
        "x-ms-correlation-request-id": [
          "cea90dd4-06a9-424e-a707-38ae44faf03b"
        ],
        "x-ms-routing-request-id": [
          "WESTUS2:20180628T051125Z:cea90dd4-06a9-424e-a707-38ae44faf03b"
        ],
        "X-Content-Type-Options": [
          "nosniff"
        ]
      },
      "StatusCode": 201
    },
    {
      "RequestUri": "/subscriptions/0b1f6471-1bf0-4dda-aec3-cb9272f09590/resourceGroups/javacsmrg9858/providers/Microsoft.Compute/virtualMachineScaleSets/vmss5431?api-version=2017-12-01",
      "EncodedRequestUri": "L3N1YnNjcmlwdGlvbnMvMGIxZjY0NzEtMWJmMC00ZGRhLWFlYzMtY2I5MjcyZjA5NTkwL3Jlc291cmNlR3JvdXBzL2phdmFjc21yZzk4NTgvcHJvdmlkZXJzL01pY3Jvc29mdC5Db21wdXRlL3ZpcnR1YWxNYWNoaW5lU2NhbGVTZXRzL3Ztc3M1NDMxP2FwaS12ZXJzaW9uPTIwMTctMTItMDE=",
      "RequestMethod": "PUT",
      "RequestBody": "{\r\n  \"sku\": {\r\n    \"name\": \"Standard_A0\",\r\n    \"tier\": \"Standard\",\r\n    \"capacity\": 2\r\n  },\r\n  \"properties\": {\r\n    \"upgradePolicy\": {\r\n      \"mode\": \"Automatic\",\r\n      \"automaticOSUpgrade\": false\r\n    },\r\n    \"virtualMachineProfile\": {\r\n      \"osProfile\": {\r\n        \"computerNamePrefix\": \"vmss5431-vm\",\r\n        \"adminUsername\": \"jvuser\",\r\n        \"linuxConfiguration\": {\r\n          \"disablePasswordAuthentication\": false\r\n        },\r\n        \"secrets\": []\r\n      },\r\n      \"storageProfile\": {\r\n        \"imageReference\": {\r\n          \"publisher\": \"Canonical\",\r\n          \"offer\": \"UbuntuServer\",\r\n          \"sku\": \"16.04.0-LTS\",\r\n          \"version\": \"latest\"\r\n        },\r\n        \"osDisk\": {\r\n          \"name\": \"vmss5431-os-disk\",\r\n          \"caching\": \"ReadWrite\",\r\n          \"createOption\": \"FromImage\",\r\n          \"vhdContainers\": [\r\n            \"https://stg5837.blob.core.windows.net/vhds\",\r\n            \"https://stg7842.blob.core.windows.net/vhds\"\r\n          ]\r\n        }\r\n      },\r\n      \"networkProfile\": {\r\n        \"networkInterfaceConfigurations\": [\r\n          {\r\n            \"name\": \"primary-nic-cfg\",\r\n            \"properties\": {\r\n              \"primary\": true,\r\n              \"enableAcceleratedNetworking\": false,\r\n              \"dnsSettings\": {\r\n                \"dnsServers\": []\r\n              },\r\n              \"ipConfigurations\": [\r\n                {\r\n                  \"name\": \"primary-nic-ip-cfg\",\r\n                  \"properties\": {\r\n                    \"subnet\": {\r\n                      \"id\": \"/subscriptions/0b1f6471-1bf0-4dda-aec3-cb9272f09590/resourceGroups/javacsmrg9858/providers/Microsoft.Network/virtualNetworks/vmssvnet9478/subnets/subnet1\"\r\n                    },\r\n                    \"privateIPAddressVersion\": \"IPv4\",\r\n                    \"loadBalancerBackendAddressPools\": [],\r\n                    \"loadBalancerInboundNatPools\": []\r\n                  }\r\n                }\r\n              ],\r\n              \"enableIPForwarding\": false\r\n            }\r\n          }\r\n        ]\r\n      },\r\n      \"extensionProfile\": {\r\n        \"extensions\": [\r\n          {\r\n            \"name\": \"CustomScriptForLinux\",\r\n            \"properties\": {\r\n              \"publisher\": \"Microsoft.OSTCExtensions\",\r\n              \"type\": \"CustomScriptForLinux\",\r\n              \"typeHandlerVersion\": \"1.4\",\r\n              \"autoUpgradeMinorVersion\": true,\r\n              \"settings\": {\r\n                \"fileUris\": [\r\n                  \"http://stg7842.blob.core.windows.net/scripts2/install_apache.sh\"\r\n                ]\r\n              },\r\n              \"protectedSettings\": {\r\n                \"commandToExecute\": \"bash install_apache.sh\",\r\n                \"storageAccountName\": \"stg7842\",\r\n                \"storageAccountKey\": \"VC+g1dLEpsms7/rLFZGgchgKp5f/qL8bp/+3iJiAGY8jQgdkXPz+rOTQcfGe9g1eKMUrfaWhGYrJtKsgIVt2AA==\"\r\n              }\r\n            }\r\n          }\r\n        ]\r\n      }\r\n    },\r\n    \"overprovision\": true,\r\n    \"singlePlacementGroup\": true\r\n  },\r\n  \"location\": \"eastus\",\r\n  \"tags\": {}\r\n}",
      "RequestHeaders": {
        "Content-Type": [
          "application/json; charset=utf-8"
        ],
        "Content-Length": [
          "2997"
        ],
        "x-ms-client-request-id": [
          "844ece6b-9b82-4b34-a0d8-c43f9afb75a4"
        ],
        "accept-language": [
          "en-US"
        ],
        "User-Agent": [
          "FxVersion/4.6.25211.01",
          "Microsoft.Azure.Management.Compute.Fluent.ComputeManagementClient/1.11.0.0",
          "MacAddressHash/cc0dc995bd7689190d87305dca6418746f27065181fa649f43731fb8fc5f1b10"
        ]
      },
      "ResponseBody": "{\r\n  \"sku\": {\r\n    \"name\": \"Standard_A0\",\r\n    \"tier\": \"Standard\",\r\n    \"capacity\": 2\r\n  },\r\n  \"properties\": {\r\n    \"singlePlacementGroup\": true,\r\n    \"upgradePolicy\": {\r\n      \"mode\": \"Automatic\",\r\n      \"automaticOSUpgrade\": false\r\n    },\r\n    \"virtualMachineProfile\": {\r\n      \"osProfile\": {\r\n        \"computerNamePrefix\": \"vmss5431-vm\",\r\n        \"adminUsername\": \"jvuser\",\r\n        \"linuxConfiguration\": {\r\n          \"disablePasswordAuthentication\": false\r\n        },\r\n        \"secrets\": []\r\n      },\r\n      \"storageProfile\": {\r\n        \"osDisk\": {\r\n          \"vhdContainers\": [\r\n            \"https://stg5837.blob.core.windows.net/vhds\",\r\n            \"https://stg7842.blob.core.windows.net/vhds\"\r\n          ],\r\n          \"name\": \"vmss5431-os-disk\",\r\n          \"createOption\": \"FromImage\",\r\n          \"caching\": \"ReadWrite\"\r\n        },\r\n        \"imageReference\": {\r\n          \"publisher\": \"Canonical\",\r\n          \"offer\": \"UbuntuServer\",\r\n          \"sku\": \"16.04.0-LTS\",\r\n          \"version\": \"latest\"\r\n        }\r\n      },\r\n      \"networkProfile\": {\r\n        \"networkInterfaceConfigurations\": [\r\n          {\r\n            \"name\": \"primary-nic-cfg\",\r\n            \"properties\": {\r\n              \"primary\": true,\r\n              \"enableAcceleratedNetworking\": false,\r\n              \"dnsSettings\": {\r\n                \"dnsServers\": []\r\n              },\r\n              \"enableIPForwarding\": false,\r\n              \"ipConfigurations\": [\r\n                {\r\n                  \"name\": \"primary-nic-ip-cfg\",\r\n                  \"properties\": {\r\n                    \"subnet\": {\r\n                      \"id\": \"/subscriptions/0b1f6471-1bf0-4dda-aec3-cb9272f09590/resourceGroups/javacsmrg9858/providers/Microsoft.Network/virtualNetworks/vmssvnet9478/subnets/subnet1\"\r\n                    },\r\n                    \"privateIPAddressVersion\": \"IPv4\"\r\n                  }\r\n                }\r\n              ]\r\n            }\r\n          }\r\n        ]\r\n      },\r\n      \"extensionProfile\": {\r\n        \"extensions\": [\r\n          {\r\n            \"properties\": {\r\n              \"autoUpgradeMinorVersion\": true,\r\n              \"settings\": {\r\n                \"fileUris\": [\r\n                  \"http://stg7842.blob.core.windows.net/scripts2/install_apache.sh\"\r\n                ]\r\n              },\r\n              \"publisher\": \"Microsoft.OSTCExtensions\",\r\n              \"type\": \"CustomScriptForLinux\",\r\n              \"typeHandlerVersion\": \"1.4\"\r\n            },\r\n            \"name\": \"CustomScriptForLinux\"\r\n          }\r\n        ]\r\n      }\r\n    },\r\n    \"provisioningState\": \"Updating\",\r\n    \"overprovision\": true,\r\n    \"uniqueId\": \"b6467404-73a6-4e12-a43e-648e69dd7ca6\"\r\n  },\r\n  \"type\": \"Microsoft.Compute/virtualMachineScaleSets\",\r\n  \"location\": \"eastus\",\r\n  \"tags\": {},\r\n  \"id\": \"/subscriptions/0b1f6471-1bf0-4dda-aec3-cb9272f09590/resourceGroups/javacsmrg9858/providers/Microsoft.Compute/virtualMachineScaleSets/vmss5431\",\r\n  \"name\": \"vmss5431\"\r\n}",
      "ResponseHeaders": {
        "Content-Type": [
          "application/json; charset=utf-8"
        ],
        "Expires": [
          "-1"
        ],
        "Cache-Control": [
          "no-cache"
        ],
        "Date": [
          "Thu, 28 Jun 2018 05:16:04 GMT"
        ],
        "Pragma": [
          "no-cache"
        ],
        "Transfer-Encoding": [
          "chunked"
        ],
        "Retry-After": [
          "10"
        ],
        "Server": [
          "Microsoft-HTTPAPI/2.0",
          "Microsoft-HTTPAPI/2.0"
        ],
        "Vary": [
          "Accept-Encoding"
        ],
        "Azure-AsyncOperation": [
          "https://management.azure.com/subscriptions/0b1f6471-1bf0-4dda-aec3-cb9272f09590/providers/Microsoft.Compute/locations/eastus/operations/7f26b229-d2f1-42f6-b061-bd11202affd2?api-version=2017-12-01"
        ],
        "x-ms-ratelimit-remaining-resource": [
          "Microsoft.Compute/CreateVMScaleSet3Min;39,Microsoft.Compute/CreateVMScaleSet30Min;196,Microsoft.Compute/VMScaleSetBatchedVMRequests5Min;1198,Microsoft.Compute/VmssQueuedVMOperations;4798"
        ],
        "x-ms-request-charge": [
          "2"
        ],
        "Strict-Transport-Security": [
          "max-age=31536000; includeSubDomains"
        ],
        "x-ms-served-by": [
          "54253b73-cb53-496f-ab42-5e5ee19426f8_131746304832327369"
        ],
        "x-ms-request-id": [
          "7f26b229-d2f1-42f6-b061-bd11202affd2"
        ],
        "x-ms-ratelimit-remaining-subscription-writes": [
          "1197"
        ],
        "x-ms-correlation-request-id": [
          "3d5a495c-ffec-44d3-afc1-837f0c7d9c6c"
        ],
        "x-ms-routing-request-id": [
          "WESTUS2:20180628T051605Z:3d5a495c-ffec-44d3-afc1-837f0c7d9c6c"
        ],
        "X-Content-Type-Options": [
          "nosniff"
        ]
      },
      "StatusCode": 200
    },
    {
      "RequestUri": "/subscriptions/0b1f6471-1bf0-4dda-aec3-cb9272f09590/providers/Microsoft.Compute/locations/eastus/operations/d08e3719-70c8-409a-bf7e-8f7f8d828357?api-version=2017-12-01",
      "EncodedRequestUri": "L3N1YnNjcmlwdGlvbnMvMGIxZjY0NzEtMWJmMC00ZGRhLWFlYzMtY2I5MjcyZjA5NTkwL3Byb3ZpZGVycy9NaWNyb3NvZnQuQ29tcHV0ZS9sb2NhdGlvbnMvZWFzdHVzL29wZXJhdGlvbnMvZDA4ZTM3MTktNzBjOC00MDlhLWJmN2UtOGY3ZjhkODI4MzU3P2FwaS12ZXJzaW9uPTIwMTctMTItMDE=",
      "RequestMethod": "GET",
      "RequestBody": "",
      "RequestHeaders": {
        "User-Agent": [
          "FxVersion/4.6.25211.01",
          "Microsoft.Azure.Management.Compute.Fluent.ComputeManagementClient/1.11.0.0",
          "MacAddressHash/cc0dc995bd7689190d87305dca6418746f27065181fa649f43731fb8fc5f1b10"
        ]
      },
      "ResponseBody": "{\r\n  \"startTime\": \"2018-06-27T22:11:25.1979022-07:00\",\r\n  \"status\": \"InProgress\",\r\n  \"name\": \"d08e3719-70c8-409a-bf7e-8f7f8d828357\"\r\n}",
      "ResponseHeaders": {
        "Content-Type": [
          "application/json; charset=utf-8"
        ],
        "Expires": [
          "-1"
        ],
        "Cache-Control": [
          "no-cache"
        ],
        "Date": [
          "Thu, 28 Jun 2018 05:11:35 GMT"
        ],
        "Pragma": [
          "no-cache"
        ],
        "Transfer-Encoding": [
          "chunked"
        ],
        "Retry-After": [
          "61"
        ],
        "Server": [
          "Microsoft-HTTPAPI/2.0",
          "Microsoft-HTTPAPI/2.0"
        ],
        "Vary": [
          "Accept-Encoding"
        ],
        "x-ms-ratelimit-remaining-resource": [
          "Microsoft.Compute/GetOperation3Min;14997,Microsoft.Compute/GetOperation30Min;29950"
        ],
        "Strict-Transport-Security": [
          "max-age=31536000; includeSubDomains"
        ],
        "x-ms-served-by": [
          "54253b73-cb53-496f-ab42-5e5ee19426f8_131746304832327369"
        ],
        "x-ms-request-id": [
          "94ec134f-8a59-4bf6-9096-8756ee2de895"
        ],
        "x-ms-ratelimit-remaining-subscription-reads": [
          "14993"
        ],
        "x-ms-correlation-request-id": [
          "9bc943f6-9e4a-4061-85ee-dc0e4649cbbf"
        ],
        "x-ms-routing-request-id": [
          "WESTUS2:20180628T051136Z:9bc943f6-9e4a-4061-85ee-dc0e4649cbbf"
        ],
        "X-Content-Type-Options": [
          "nosniff"
        ]
      },
      "StatusCode": 200
    },
    {
      "RequestUri": "/subscriptions/0b1f6471-1bf0-4dda-aec3-cb9272f09590/providers/Microsoft.Compute/locations/eastus/operations/d08e3719-70c8-409a-bf7e-8f7f8d828357?api-version=2017-12-01",
      "EncodedRequestUri": "L3N1YnNjcmlwdGlvbnMvMGIxZjY0NzEtMWJmMC00ZGRhLWFlYzMtY2I5MjcyZjA5NTkwL3Byb3ZpZGVycy9NaWNyb3NvZnQuQ29tcHV0ZS9sb2NhdGlvbnMvZWFzdHVzL29wZXJhdGlvbnMvZDA4ZTM3MTktNzBjOC00MDlhLWJmN2UtOGY3ZjhkODI4MzU3P2FwaS12ZXJzaW9uPTIwMTctMTItMDE=",
      "RequestMethod": "GET",
      "RequestBody": "",
      "RequestHeaders": {
        "User-Agent": [
          "FxVersion/4.6.25211.01",
          "Microsoft.Azure.Management.Compute.Fluent.ComputeManagementClient/1.11.0.0",
          "MacAddressHash/cc0dc995bd7689190d87305dca6418746f27065181fa649f43731fb8fc5f1b10"
        ]
      },
      "ResponseBody": "{\r\n  \"startTime\": \"2018-06-27T22:11:25.1979022-07:00\",\r\n  \"status\": \"InProgress\",\r\n  \"name\": \"d08e3719-70c8-409a-bf7e-8f7f8d828357\"\r\n}",
      "ResponseHeaders": {
        "Content-Type": [
          "application/json; charset=utf-8"
        ],
        "Expires": [
          "-1"
        ],
        "Cache-Control": [
          "no-cache"
        ],
        "Date": [
          "Thu, 28 Jun 2018 05:12:39 GMT"
        ],
        "Pragma": [
          "no-cache"
        ],
        "Transfer-Encoding": [
          "chunked"
        ],
        "Server": [
          "Microsoft-HTTPAPI/2.0",
          "Microsoft-HTTPAPI/2.0"
        ],
        "Vary": [
          "Accept-Encoding"
        ],
        "x-ms-ratelimit-remaining-resource": [
          "Microsoft.Compute/GetOperation3Min;14994,Microsoft.Compute/GetOperation30Min;29945"
        ],
        "Strict-Transport-Security": [
          "max-age=31536000; includeSubDomains"
        ],
        "x-ms-served-by": [
          "54253b73-cb53-496f-ab42-5e5ee19426f8_131746304832327369"
        ],
        "x-ms-request-id": [
          "0347f872-6104-4831-af72-3ce227bb6e8b"
        ],
        "x-ms-ratelimit-remaining-subscription-reads": [
          "14999"
        ],
        "x-ms-correlation-request-id": [
          "6a12d420-0f15-49d5-94c8-a06da7d907a1"
        ],
        "x-ms-routing-request-id": [
          "WESTUS2:20180628T051239Z:6a12d420-0f15-49d5-94c8-a06da7d907a1"
        ],
        "X-Content-Type-Options": [
          "nosniff"
        ]
      },
      "StatusCode": 200
    },
    {
      "RequestUri": "/subscriptions/0b1f6471-1bf0-4dda-aec3-cb9272f09590/providers/Microsoft.Compute/locations/eastus/operations/d08e3719-70c8-409a-bf7e-8f7f8d828357?api-version=2017-12-01",
      "EncodedRequestUri": "L3N1YnNjcmlwdGlvbnMvMGIxZjY0NzEtMWJmMC00ZGRhLWFlYzMtY2I5MjcyZjA5NTkwL3Byb3ZpZGVycy9NaWNyb3NvZnQuQ29tcHV0ZS9sb2NhdGlvbnMvZWFzdHVzL29wZXJhdGlvbnMvZDA4ZTM3MTktNzBjOC00MDlhLWJmN2UtOGY3ZjhkODI4MzU3P2FwaS12ZXJzaW9uPTIwMTctMTItMDE=",
      "RequestMethod": "GET",
      "RequestBody": "",
      "RequestHeaders": {
        "User-Agent": [
          "FxVersion/4.6.25211.01",
          "Microsoft.Azure.Management.Compute.Fluent.ComputeManagementClient/1.11.0.0",
          "MacAddressHash/cc0dc995bd7689190d87305dca6418746f27065181fa649f43731fb8fc5f1b10"
        ]
      },
      "ResponseBody": "{\r\n  \"startTime\": \"2018-06-27T22:11:25.1979022-07:00\",\r\n  \"status\": \"InProgress\",\r\n  \"name\": \"d08e3719-70c8-409a-bf7e-8f7f8d828357\"\r\n}",
      "ResponseHeaders": {
        "Content-Type": [
          "application/json; charset=utf-8"
        ],
        "Expires": [
          "-1"
        ],
        "Cache-Control": [
          "no-cache"
        ],
        "Date": [
          "Thu, 28 Jun 2018 05:13:48 GMT"
        ],
        "Pragma": [
          "no-cache"
        ],
        "Transfer-Encoding": [
          "chunked"
        ],
        "Server": [
          "Microsoft-HTTPAPI/2.0",
          "Microsoft-HTTPAPI/2.0"
        ],
        "Vary": [
          "Accept-Encoding"
        ],
        "x-ms-ratelimit-remaining-resource": [
          "Microsoft.Compute/GetOperation3Min;14989,Microsoft.Compute/GetOperation30Min;29940"
        ],
        "Strict-Transport-Security": [
          "max-age=31536000; includeSubDomains"
        ],
        "x-ms-served-by": [
          "54253b73-cb53-496f-ab42-5e5ee19426f8_131746304832327369"
        ],
        "x-ms-request-id": [
          "bfce5d45-9c77-4cfd-be97-f97139557fdb"
        ],
        "x-ms-ratelimit-remaining-subscription-reads": [
          "14992"
        ],
        "x-ms-correlation-request-id": [
          "c87d24ca-b6ee-4adb-ba56-bc1f2b670c66"
        ],
        "x-ms-routing-request-id": [
          "WESTUS2:20180628T051348Z:c87d24ca-b6ee-4adb-ba56-bc1f2b670c66"
        ],
        "X-Content-Type-Options": [
          "nosniff"
        ]
      },
      "StatusCode": 200
    },
    {
      "RequestUri": "/subscriptions/0b1f6471-1bf0-4dda-aec3-cb9272f09590/providers/Microsoft.Compute/locations/eastus/operations/d08e3719-70c8-409a-bf7e-8f7f8d828357?api-version=2017-12-01",
      "EncodedRequestUri": "L3N1YnNjcmlwdGlvbnMvMGIxZjY0NzEtMWJmMC00ZGRhLWFlYzMtY2I5MjcyZjA5NTkwL3Byb3ZpZGVycy9NaWNyb3NvZnQuQ29tcHV0ZS9sb2NhdGlvbnMvZWFzdHVzL29wZXJhdGlvbnMvZDA4ZTM3MTktNzBjOC00MDlhLWJmN2UtOGY3ZjhkODI4MzU3P2FwaS12ZXJzaW9uPTIwMTctMTItMDE=",
      "RequestMethod": "GET",
      "RequestBody": "",
      "RequestHeaders": {
        "User-Agent": [
          "FxVersion/4.6.25211.01",
          "Microsoft.Azure.Management.Compute.Fluent.ComputeManagementClient/1.11.0.0",
          "MacAddressHash/cc0dc995bd7689190d87305dca6418746f27065181fa649f43731fb8fc5f1b10"
        ]
      },
      "ResponseBody": "{\r\n  \"startTime\": \"2018-06-27T22:11:25.1979022-07:00\",\r\n  \"status\": \"InProgress\",\r\n  \"name\": \"d08e3719-70c8-409a-bf7e-8f7f8d828357\"\r\n}",
      "ResponseHeaders": {
        "Content-Type": [
          "application/json; charset=utf-8"
        ],
        "Expires": [
          "-1"
        ],
        "Cache-Control": [
          "no-cache"
        ],
        "Date": [
          "Thu, 28 Jun 2018 05:14:56 GMT"
        ],
        "Pragma": [
          "no-cache"
        ],
        "Transfer-Encoding": [
          "chunked"
        ],
        "Server": [
          "Microsoft-HTTPAPI/2.0",
          "Microsoft-HTTPAPI/2.0"
        ],
        "Vary": [
          "Accept-Encoding"
        ],
        "x-ms-ratelimit-remaining-resource": [
          "Microsoft.Compute/GetOperation3Min;14987,Microsoft.Compute/GetOperation30Min;29935"
        ],
        "Strict-Transport-Security": [
          "max-age=31536000; includeSubDomains"
        ],
        "x-ms-served-by": [
          "54253b73-cb53-496f-ab42-5e5ee19426f8_131746304832327369"
        ],
        "x-ms-request-id": [
          "9ef667d0-02c4-4dee-a206-3b139efb5e4b"
        ],
        "x-ms-ratelimit-remaining-subscription-reads": [
          "14999"
        ],
        "x-ms-correlation-request-id": [
          "7009972e-c31c-47ab-8cdb-b70ea727e3ce"
        ],
        "x-ms-routing-request-id": [
          "WESTUS2:20180628T051456Z:7009972e-c31c-47ab-8cdb-b70ea727e3ce"
        ],
        "X-Content-Type-Options": [
          "nosniff"
        ]
      },
      "StatusCode": 200
    },
    {
      "RequestUri": "/subscriptions/0b1f6471-1bf0-4dda-aec3-cb9272f09590/providers/Microsoft.Compute/locations/eastus/operations/d08e3719-70c8-409a-bf7e-8f7f8d828357?api-version=2017-12-01",
      "EncodedRequestUri": "L3N1YnNjcmlwdGlvbnMvMGIxZjY0NzEtMWJmMC00ZGRhLWFlYzMtY2I5MjcyZjA5NTkwL3Byb3ZpZGVycy9NaWNyb3NvZnQuQ29tcHV0ZS9sb2NhdGlvbnMvZWFzdHVzL29wZXJhdGlvbnMvZDA4ZTM3MTktNzBjOC00MDlhLWJmN2UtOGY3ZjhkODI4MzU3P2FwaS12ZXJzaW9uPTIwMTctMTItMDE=",
      "RequestMethod": "GET",
      "RequestBody": "",
      "RequestHeaders": {
        "User-Agent": [
          "FxVersion/4.6.25211.01",
          "Microsoft.Azure.Management.Compute.Fluent.ComputeManagementClient/1.11.0.0",
          "MacAddressHash/cc0dc995bd7689190d87305dca6418746f27065181fa649f43731fb8fc5f1b10"
        ]
      },
      "ResponseBody": "{\r\n  \"startTime\": \"2018-06-27T22:11:25.1979022-07:00\",\r\n  \"endTime\": \"2018-06-27T22:15:48.998185-07:00\",\r\n  \"status\": \"Succeeded\",\r\n  \"name\": \"d08e3719-70c8-409a-bf7e-8f7f8d828357\"\r\n}",
      "ResponseHeaders": {
        "Content-Type": [
          "application/json; charset=utf-8"
        ],
        "Expires": [
          "-1"
        ],
        "Cache-Control": [
          "no-cache"
        ],
        "Date": [
          "Thu, 28 Jun 2018 05:15:58 GMT"
        ],
        "Pragma": [
          "no-cache"
        ],
        "Transfer-Encoding": [
          "chunked"
        ],
        "Server": [
          "Microsoft-HTTPAPI/2.0",
          "Microsoft-HTTPAPI/2.0"
        ],
        "Vary": [
          "Accept-Encoding"
        ],
        "x-ms-ratelimit-remaining-resource": [
          "Microsoft.Compute/GetOperation3Min;14987,Microsoft.Compute/GetOperation30Min;29931"
        ],
        "Strict-Transport-Security": [
          "max-age=31536000; includeSubDomains"
        ],
        "x-ms-served-by": [
          "54253b73-cb53-496f-ab42-5e5ee19426f8_131746304832327369"
        ],
        "x-ms-request-id": [
          "d0d2d584-6906-4d57-917f-63c14062a4bb"
        ],
        "x-ms-ratelimit-remaining-subscription-reads": [
          "14999"
        ],
        "x-ms-correlation-request-id": [
          "42ef37d5-67cf-4d0e-9590-66336071347b"
        ],
        "x-ms-routing-request-id": [
          "WESTUS2:20180628T051558Z:42ef37d5-67cf-4d0e-9590-66336071347b"
        ],
        "X-Content-Type-Options": [
          "nosniff"
        ]
      },
      "StatusCode": 200
    },
    {
      "RequestUri": "/subscriptions/0b1f6471-1bf0-4dda-aec3-cb9272f09590/resourceGroups/javacsmrg9858/providers/Microsoft.Compute/virtualMachineScaleSets/vmss5431?api-version=2017-12-01",
      "EncodedRequestUri": "L3N1YnNjcmlwdGlvbnMvMGIxZjY0NzEtMWJmMC00ZGRhLWFlYzMtY2I5MjcyZjA5NTkwL3Jlc291cmNlR3JvdXBzL2phdmFjc21yZzk4NTgvcHJvdmlkZXJzL01pY3Jvc29mdC5Db21wdXRlL3ZpcnR1YWxNYWNoaW5lU2NhbGVTZXRzL3Ztc3M1NDMxP2FwaS12ZXJzaW9uPTIwMTctMTItMDE=",
      "RequestMethod": "GET",
      "RequestBody": "",
      "RequestHeaders": {
        "User-Agent": [
          "FxVersion/4.6.25211.01",
          "Microsoft.Azure.Management.Compute.Fluent.ComputeManagementClient/1.11.0.0",
          "MacAddressHash/cc0dc995bd7689190d87305dca6418746f27065181fa649f43731fb8fc5f1b10"
        ]
      },
      "ResponseBody": "{\r\n  \"sku\": {\r\n    \"name\": \"Standard_A0\",\r\n    \"tier\": \"Standard\",\r\n    \"capacity\": 2\r\n  },\r\n  \"properties\": {\r\n    \"singlePlacementGroup\": true,\r\n    \"upgradePolicy\": {\r\n      \"mode\": \"Automatic\",\r\n      \"automaticOSUpgrade\": false\r\n    },\r\n    \"virtualMachineProfile\": {\r\n      \"osProfile\": {\r\n        \"computerNamePrefix\": \"vmss5431-vm\",\r\n        \"adminUsername\": \"jvuser\",\r\n        \"linuxConfiguration\": {\r\n          \"disablePasswordAuthentication\": false\r\n        },\r\n        \"secrets\": []\r\n      },\r\n      \"storageProfile\": {\r\n        \"osDisk\": {\r\n          \"vhdContainers\": [\r\n            \"https://stg5837.blob.core.windows.net/vhds\",\r\n            \"https://stg7842.blob.core.windows.net/vhds\"\r\n          ],\r\n          \"name\": \"vmss5431-os-disk\",\r\n          \"createOption\": \"FromImage\",\r\n          \"caching\": \"ReadWrite\"\r\n        },\r\n        \"imageReference\": {\r\n          \"publisher\": \"Canonical\",\r\n          \"offer\": \"UbuntuServer\",\r\n          \"sku\": \"16.04.0-LTS\",\r\n          \"version\": \"latest\"\r\n        }\r\n      },\r\n      \"networkProfile\": {\r\n        \"networkInterfaceConfigurations\": [\r\n          {\r\n            \"name\": \"primary-nic-cfg\",\r\n            \"properties\": {\r\n              \"primary\": true,\r\n              \"enableAcceleratedNetworking\": false,\r\n              \"dnsSettings\": {\r\n                \"dnsServers\": []\r\n              },\r\n              \"enableIPForwarding\": false,\r\n              \"ipConfigurations\": [\r\n                {\r\n                  \"name\": \"primary-nic-ip-cfg\",\r\n                  \"properties\": {\r\n                    \"subnet\": {\r\n                      \"id\": \"/subscriptions/0b1f6471-1bf0-4dda-aec3-cb9272f09590/resourceGroups/javacsmrg9858/providers/Microsoft.Network/virtualNetworks/vmssvnet9478/subnets/subnet1\"\r\n                    },\r\n                    \"privateIPAddressVersion\": \"IPv4\"\r\n                  }\r\n                }\r\n              ]\r\n            }\r\n          }\r\n        ]\r\n      },\r\n      \"extensionProfile\": {\r\n        \"extensions\": [\r\n          {\r\n            \"properties\": {\r\n              \"autoUpgradeMinorVersion\": true,\r\n              \"settings\": {\r\n                \"fileUris\": [\r\n                  \"http://stg7842.blob.core.windows.net/scripts/install_apache.sh\"\r\n                ]\r\n              },\r\n              \"publisher\": \"Microsoft.OSTCExtensions\",\r\n              \"type\": \"CustomScriptForLinux\",\r\n              \"typeHandlerVersion\": \"1.4\"\r\n            },\r\n            \"name\": \"CustomScriptForLinux\"\r\n          }\r\n        ]\r\n      }\r\n    },\r\n    \"provisioningState\": \"Succeeded\",\r\n    \"overprovision\": true,\r\n    \"uniqueId\": \"b6467404-73a6-4e12-a43e-648e69dd7ca6\"\r\n  },\r\n  \"type\": \"Microsoft.Compute/virtualMachineScaleSets\",\r\n  \"location\": \"eastus\",\r\n  \"tags\": {},\r\n  \"id\": \"/subscriptions/0b1f6471-1bf0-4dda-aec3-cb9272f09590/resourceGroups/javacsmrg9858/providers/Microsoft.Compute/virtualMachineScaleSets/vmss5431\",\r\n  \"name\": \"vmss5431\"\r\n}",
      "ResponseHeaders": {
        "Content-Type": [
          "application/json; charset=utf-8"
        ],
        "Expires": [
          "-1"
        ],
        "Cache-Control": [
          "no-cache"
        ],
        "Date": [
          "Thu, 28 Jun 2018 05:15:58 GMT"
        ],
        "Pragma": [
          "no-cache"
        ],
        "Transfer-Encoding": [
          "chunked"
        ],
        "Server": [
          "Microsoft-HTTPAPI/2.0",
          "Microsoft-HTTPAPI/2.0"
        ],
        "Vary": [
          "Accept-Encoding"
        ],
        "x-ms-ratelimit-remaining-resource": [
          "Microsoft.Compute/GetVMScaleSet3Min;198,Microsoft.Compute/GetVMScaleSet30Min;1481"
        ],
        "Strict-Transport-Security": [
          "max-age=31536000; includeSubDomains"
        ],
        "x-ms-served-by": [
          "54253b73-cb53-496f-ab42-5e5ee19426f8_131746304832327369"
        ],
        "x-ms-request-id": [
          "0345968e-4de3-4bb3-9ba5-788b8d7ec83b"
        ],
        "x-ms-ratelimit-remaining-subscription-reads": [
          "14998"
        ],
        "x-ms-correlation-request-id": [
          "d2d8c43b-6442-4de6-9e8d-aa1b3dbb96f7"
        ],
        "x-ms-routing-request-id": [
          "WESTUS2:20180628T051558Z:d2d8c43b-6442-4de6-9e8d-aa1b3dbb96f7"
        ],
        "X-Content-Type-Options": [
          "nosniff"
        ]
      },
      "StatusCode": 200
    },
    {
      "RequestUri": "/subscriptions/0b1f6471-1bf0-4dda-aec3-cb9272f09590/resourceGroups/javacsmrg9858/providers/Microsoft.Compute/virtualMachineScaleSets/vmss5431?api-version=2017-12-01",
      "EncodedRequestUri": "L3N1YnNjcmlwdGlvbnMvMGIxZjY0NzEtMWJmMC00ZGRhLWFlYzMtY2I5MjcyZjA5NTkwL3Jlc291cmNlR3JvdXBzL2phdmFjc21yZzk4NTgvcHJvdmlkZXJzL01pY3Jvc29mdC5Db21wdXRlL3ZpcnR1YWxNYWNoaW5lU2NhbGVTZXRzL3Ztc3M1NDMxP2FwaS12ZXJzaW9uPTIwMTctMTItMDE=",
      "RequestMethod": "GET",
      "RequestBody": "",
      "RequestHeaders": {
        "User-Agent": [
          "FxVersion/4.6.25211.01",
          "Microsoft.Azure.Management.Compute.Fluent.ComputeManagementClient/1.11.0.0",
          "MacAddressHash/cc0dc995bd7689190d87305dca6418746f27065181fa649f43731fb8fc5f1b10"
        ]
      },
      "ResponseBody": "{\r\n  \"sku\": {\r\n    \"name\": \"Standard_A0\",\r\n    \"tier\": \"Standard\",\r\n    \"capacity\": 2\r\n  },\r\n  \"properties\": {\r\n    \"singlePlacementGroup\": true,\r\n    \"upgradePolicy\": {\r\n      \"mode\": \"Automatic\",\r\n      \"automaticOSUpgrade\": false\r\n    },\r\n    \"virtualMachineProfile\": {\r\n      \"osProfile\": {\r\n        \"computerNamePrefix\": \"vmss5431-vm\",\r\n        \"adminUsername\": \"jvuser\",\r\n        \"linuxConfiguration\": {\r\n          \"disablePasswordAuthentication\": false\r\n        },\r\n        \"secrets\": []\r\n      },\r\n      \"storageProfile\": {\r\n        \"osDisk\": {\r\n          \"vhdContainers\": [\r\n            \"https://stg5837.blob.core.windows.net/vhds\",\r\n            \"https://stg7842.blob.core.windows.net/vhds\"\r\n          ],\r\n          \"name\": \"vmss5431-os-disk\",\r\n          \"createOption\": \"FromImage\",\r\n          \"caching\": \"ReadWrite\"\r\n        },\r\n        \"imageReference\": {\r\n          \"publisher\": \"Canonical\",\r\n          \"offer\": \"UbuntuServer\",\r\n          \"sku\": \"16.04.0-LTS\",\r\n          \"version\": \"latest\"\r\n        }\r\n      },\r\n      \"networkProfile\": {\r\n        \"networkInterfaceConfigurations\": [\r\n          {\r\n            \"name\": \"primary-nic-cfg\",\r\n            \"properties\": {\r\n              \"primary\": true,\r\n              \"enableAcceleratedNetworking\": false,\r\n              \"dnsSettings\": {\r\n                \"dnsServers\": []\r\n              },\r\n              \"enableIPForwarding\": false,\r\n              \"ipConfigurations\": [\r\n                {\r\n                  \"name\": \"primary-nic-ip-cfg\",\r\n                  \"properties\": {\r\n                    \"subnet\": {\r\n                      \"id\": \"/subscriptions/0b1f6471-1bf0-4dda-aec3-cb9272f09590/resourceGroups/javacsmrg9858/providers/Microsoft.Network/virtualNetworks/vmssvnet9478/subnets/subnet1\"\r\n                    },\r\n                    \"privateIPAddressVersion\": \"IPv4\"\r\n                  }\r\n                }\r\n              ]\r\n            }\r\n          }\r\n        ]\r\n      },\r\n      \"extensionProfile\": {\r\n        \"extensions\": [\r\n          {\r\n            \"properties\": {\r\n              \"autoUpgradeMinorVersion\": true,\r\n              \"settings\": {\r\n                \"fileUris\": [\r\n                  \"http://stg7842.blob.core.windows.net/scripts2/install_apache.sh\"\r\n                ]\r\n              },\r\n              \"publisher\": \"Microsoft.OSTCExtensions\",\r\n              \"type\": \"CustomScriptForLinux\",\r\n              \"typeHandlerVersion\": \"1.4\"\r\n            },\r\n            \"name\": \"CustomScriptForLinux\"\r\n          }\r\n        ]\r\n      }\r\n    },\r\n    \"provisioningState\": \"Succeeded\",\r\n    \"overprovision\": true,\r\n    \"uniqueId\": \"b6467404-73a6-4e12-a43e-648e69dd7ca6\"\r\n  },\r\n  \"type\": \"Microsoft.Compute/virtualMachineScaleSets\",\r\n  \"location\": \"eastus\",\r\n  \"tags\": {},\r\n  \"id\": \"/subscriptions/0b1f6471-1bf0-4dda-aec3-cb9272f09590/resourceGroups/javacsmrg9858/providers/Microsoft.Compute/virtualMachineScaleSets/vmss5431\",\r\n  \"name\": \"vmss5431\"\r\n}",
      "ResponseHeaders": {
        "Content-Type": [
          "application/json; charset=utf-8"
        ],
        "Expires": [
          "-1"
        ],
        "Cache-Control": [
          "no-cache"
        ],
        "Date": [
          "Thu, 28 Jun 2018 05:18:44 GMT"
        ],
        "Pragma": [
          "no-cache"
        ],
        "Transfer-Encoding": [
          "chunked"
        ],
        "Server": [
          "Microsoft-HTTPAPI/2.0",
          "Microsoft-HTTPAPI/2.0"
        ],
        "Vary": [
          "Accept-Encoding"
        ],
        "x-ms-ratelimit-remaining-resource": [
          "Microsoft.Compute/GetVMScaleSet3Min;192,Microsoft.Compute/GetVMScaleSet30Min;1473"
        ],
        "Strict-Transport-Security": [
          "max-age=31536000; includeSubDomains"
        ],
        "x-ms-served-by": [
          "54253b73-cb53-496f-ab42-5e5ee19426f8_131746304832327369"
        ],
        "x-ms-request-id": [
          "76774360-eaf4-4e86-8019-5a7bef6415bb"
        ],
        "x-ms-ratelimit-remaining-subscription-reads": [
          "14984"
        ],
        "x-ms-correlation-request-id": [
          "a23c9b92-062a-47e3-8812-22ebd3721d69"
        ],
        "x-ms-routing-request-id": [
          "WESTUS2:20180628T051844Z:a23c9b92-062a-47e3-8812-22ebd3721d69"
        ],
        "X-Content-Type-Options": [
          "nosniff"
        ]
      },
      "StatusCode": 200
    },
    {
      "RequestUri": "/subscriptions/0b1f6471-1bf0-4dda-aec3-cb9272f09590/resourceGroups/javacsmrg9858/providers/Microsoft.Storage/storageAccounts/stg7842/regenerateKey?api-version=2017-10-01",
      "EncodedRequestUri": "L3N1YnNjcmlwdGlvbnMvMGIxZjY0NzEtMWJmMC00ZGRhLWFlYzMtY2I5MjcyZjA5NTkwL3Jlc291cmNlR3JvdXBzL2phdmFjc21yZzk4NTgvcHJvdmlkZXJzL01pY3Jvc29mdC5TdG9yYWdlL3N0b3JhZ2VBY2NvdW50cy9zdGc3ODQyL3JlZ2VuZXJhdGVLZXk/YXBpLXZlcnNpb249MjAxNy0xMC0wMQ==",
      "RequestMethod": "POST",
      "RequestBody": "{\r\n  \"keyName\": \"key1\"\r\n}",
      "RequestHeaders": {
        "Content-Type": [
          "application/json; charset=utf-8"
        ],
        "Content-Length": [
          "25"
        ],
        "x-ms-client-request-id": [
          "6ac6db41-8715-4ad0-ad5c-0f6f6d53e674"
        ],
        "accept-language": [
          "en-US"
        ],
        "User-Agent": [
          "FxVersion/4.6.25211.01",
          "Microsoft.Azure.Management.Storage.Fluent.StorageManagementClient/1.11.0.0",
          "MacAddressHash/cc0dc995bd7689190d87305dca6418746f27065181fa649f43731fb8fc5f1b10"
        ]
      },
      "ResponseBody": "{\r\n  \"keys\": [\r\n    {\r\n      \"keyName\": \"key1\",\r\n      \"value\": \"VC+g1dLEpsms7/rLFZGgchgKp5f/qL8bp/+3iJiAGY8jQgdkXPz+rOTQcfGe9g1eKMUrfaWhGYrJtKsgIVt2AA==\",\r\n      \"permissions\": \"FULL\"\r\n    },\r\n    {\r\n      \"keyName\": \"key2\",\r\n      \"value\": \"HLVDx0qPDt6N7Hc20izT5eTDv6bgju5lHuWvhOaF2i7aUU8osMe06fJ/L4OAI62DE1hSWZzOoTKdigcpGdmEuQ==\",\r\n      \"permissions\": \"FULL\"\r\n    }\r\n  ]\r\n}",
      "ResponseHeaders": {
        "Content-Type": [
          "application/json"
        ],
        "Expires": [
          "-1"
        ],
        "Cache-Control": [
          "no-cache"
        ],
        "Date": [
          "Thu, 28 Jun 2018 05:15:59 GMT"
        ],
        "Pragma": [
          "no-cache"
        ],
        "Transfer-Encoding": [
          "chunked"
        ],
        "Server": [
          "Microsoft-Azure-Storage-Resource-Provider/1.0,Microsoft-HTTPAPI/2.0 Microsoft-HTTPAPI/2.0"
        ],
        "Vary": [
          "Accept-Encoding"
        ],
        "x-ms-request-id": [
          "81247f16-8211-4eb5-89bd-bcb7a3c42335"
        ],
        "Strict-Transport-Security": [
          "max-age=31536000; includeSubDomains"
        ],
        "x-ms-ratelimit-remaining-subscription-writes": [
          "1199"
        ],
        "x-ms-correlation-request-id": [
          "8cb6297d-3640-4791-8228-79129d993719"
        ],
        "x-ms-routing-request-id": [
          "WESTUS2:20180628T051559Z:8cb6297d-3640-4791-8228-79129d993719"
        ],
        "X-Content-Type-Options": [
          "nosniff"
        ]
      },
      "StatusCode": 200
    },
    {
      "RequestUri": "/subscriptions/0b1f6471-1bf0-4dda-aec3-cb9272f09590/providers/Microsoft.Compute/locations/eastus/operations/7f26b229-d2f1-42f6-b061-bd11202affd2?api-version=2017-12-01",
      "EncodedRequestUri": "L3N1YnNjcmlwdGlvbnMvMGIxZjY0NzEtMWJmMC00ZGRhLWFlYzMtY2I5MjcyZjA5NTkwL3Byb3ZpZGVycy9NaWNyb3NvZnQuQ29tcHV0ZS9sb2NhdGlvbnMvZWFzdHVzL29wZXJhdGlvbnMvN2YyNmIyMjktZDJmMS00MmY2LWIwNjEtYmQxMTIwMmFmZmQyP2FwaS12ZXJzaW9uPTIwMTctMTItMDE=",
      "RequestMethod": "GET",
      "RequestBody": "",
      "RequestHeaders": {
        "User-Agent": [
          "FxVersion/4.6.25211.01",
          "Microsoft.Azure.Management.Compute.Fluent.ComputeManagementClient/1.11.0.0",
          "MacAddressHash/cc0dc995bd7689190d87305dca6418746f27065181fa649f43731fb8fc5f1b10"
        ]
      },
      "ResponseBody": "{\r\n  \"startTime\": \"2018-06-27T22:16:02.6400737-07:00\",\r\n  \"status\": \"InProgress\",\r\n  \"name\": \"7f26b229-d2f1-42f6-b061-bd11202affd2\"\r\n}",
      "ResponseHeaders": {
        "Content-Type": [
          "application/json; charset=utf-8"
        ],
        "Expires": [
          "-1"
        ],
        "Cache-Control": [
          "no-cache"
        ],
        "Date": [
          "Thu, 28 Jun 2018 05:16:20 GMT"
        ],
        "Pragma": [
          "no-cache"
        ],
        "Transfer-Encoding": [
          "chunked"
        ],
        "Server": [
          "Microsoft-HTTPAPI/2.0",
          "Microsoft-HTTPAPI/2.0"
        ],
        "Vary": [
          "Accept-Encoding"
        ],
        "x-ms-ratelimit-remaining-resource": [
          "Microsoft.Compute/GetOperation3Min;14986,Microsoft.Compute/GetOperation30Min;29928"
        ],
        "Strict-Transport-Security": [
          "max-age=31536000; includeSubDomains"
        ],
        "x-ms-served-by": [
          "54253b73-cb53-496f-ab42-5e5ee19426f8_131746304832327369"
        ],
        "x-ms-request-id": [
          "5a2e1f5d-d88a-4f52-8a5f-75c93e833999"
        ],
        "x-ms-ratelimit-remaining-subscription-reads": [
          "14997"
        ],
        "x-ms-correlation-request-id": [
          "12f22358-238f-4a60-8326-ca7344d6c83b"
        ],
        "x-ms-routing-request-id": [
          "WESTUS2:20180628T051621Z:12f22358-238f-4a60-8326-ca7344d6c83b"
        ],
        "X-Content-Type-Options": [
          "nosniff"
        ]
      },
      "StatusCode": 200
    },
    {
      "RequestUri": "/subscriptions/0b1f6471-1bf0-4dda-aec3-cb9272f09590/providers/Microsoft.Compute/locations/eastus/operations/7f26b229-d2f1-42f6-b061-bd11202affd2?api-version=2017-12-01",
      "EncodedRequestUri": "L3N1YnNjcmlwdGlvbnMvMGIxZjY0NzEtMWJmMC00ZGRhLWFlYzMtY2I5MjcyZjA5NTkwL3Byb3ZpZGVycy9NaWNyb3NvZnQuQ29tcHV0ZS9sb2NhdGlvbnMvZWFzdHVzL29wZXJhdGlvbnMvN2YyNmIyMjktZDJmMS00MmY2LWIwNjEtYmQxMTIwMmFmZmQyP2FwaS12ZXJzaW9uPTIwMTctMTItMDE=",
      "RequestMethod": "GET",
      "RequestBody": "",
      "RequestHeaders": {
        "User-Agent": [
          "FxVersion/4.6.25211.01",
          "Microsoft.Azure.Management.Compute.Fluent.ComputeManagementClient/1.11.0.0",
          "MacAddressHash/cc0dc995bd7689190d87305dca6418746f27065181fa649f43731fb8fc5f1b10"
        ]
      },
      "ResponseBody": "{\r\n  \"startTime\": \"2018-06-27T22:16:02.6400737-07:00\",\r\n  \"status\": \"InProgress\",\r\n  \"name\": \"7f26b229-d2f1-42f6-b061-bd11202affd2\"\r\n}",
      "ResponseHeaders": {
        "Content-Type": [
          "application/json; charset=utf-8"
        ],
        "Expires": [
          "-1"
        ],
        "Cache-Control": [
          "no-cache"
        ],
        "Date": [
          "Thu, 28 Jun 2018 05:16:30 GMT"
        ],
        "Pragma": [
          "no-cache"
        ],
        "Transfer-Encoding": [
          "chunked"
        ],
        "Server": [
          "Microsoft-HTTPAPI/2.0",
          "Microsoft-HTTPAPI/2.0"
        ],
        "Vary": [
          "Accept-Encoding"
        ],
        "x-ms-ratelimit-remaining-resource": [
          "Microsoft.Compute/GetOperation3Min;14988,Microsoft.Compute/GetOperation30Min;29927"
        ],
        "Strict-Transport-Security": [
          "max-age=31536000; includeSubDomains"
        ],
        "x-ms-served-by": [
          "54253b73-cb53-496f-ab42-5e5ee19426f8_131746304832327369"
        ],
        "x-ms-request-id": [
          "9bed8af1-0216-4a96-a751-46122f19e07d"
        ],
        "x-ms-ratelimit-remaining-subscription-reads": [
          "14996"
        ],
        "x-ms-correlation-request-id": [
          "adf74831-e9bb-4928-baac-34a9c0410342"
        ],
        "x-ms-routing-request-id": [
          "WESTUS2:20180628T051631Z:adf74831-e9bb-4928-baac-34a9c0410342"
        ],
        "X-Content-Type-Options": [
          "nosniff"
        ]
      },
      "StatusCode": 200
    },
    {
      "RequestUri": "/subscriptions/0b1f6471-1bf0-4dda-aec3-cb9272f09590/providers/Microsoft.Compute/locations/eastus/operations/7f26b229-d2f1-42f6-b061-bd11202affd2?api-version=2017-12-01",
      "EncodedRequestUri": "L3N1YnNjcmlwdGlvbnMvMGIxZjY0NzEtMWJmMC00ZGRhLWFlYzMtY2I5MjcyZjA5NTkwL3Byb3ZpZGVycy9NaWNyb3NvZnQuQ29tcHV0ZS9sb2NhdGlvbnMvZWFzdHVzL29wZXJhdGlvbnMvN2YyNmIyMjktZDJmMS00MmY2LWIwNjEtYmQxMTIwMmFmZmQyP2FwaS12ZXJzaW9uPTIwMTctMTItMDE=",
      "RequestMethod": "GET",
      "RequestBody": "",
      "RequestHeaders": {
        "User-Agent": [
          "FxVersion/4.6.25211.01",
          "Microsoft.Azure.Management.Compute.Fluent.ComputeManagementClient/1.11.0.0",
          "MacAddressHash/cc0dc995bd7689190d87305dca6418746f27065181fa649f43731fb8fc5f1b10"
        ]
      },
      "ResponseBody": "{\r\n  \"startTime\": \"2018-06-27T22:16:02.6400737-07:00\",\r\n  \"status\": \"InProgress\",\r\n  \"name\": \"7f26b229-d2f1-42f6-b061-bd11202affd2\"\r\n}",
      "ResponseHeaders": {
        "Content-Type": [
          "application/json; charset=utf-8"
        ],
        "Expires": [
          "-1"
        ],
        "Cache-Control": [
          "no-cache"
        ],
        "Date": [
          "Thu, 28 Jun 2018 05:16:41 GMT"
        ],
        "Pragma": [
          "no-cache"
        ],
        "Transfer-Encoding": [
          "chunked"
        ],
        "Server": [
          "Microsoft-HTTPAPI/2.0",
          "Microsoft-HTTPAPI/2.0"
        ],
        "Vary": [
          "Accept-Encoding"
        ],
        "x-ms-ratelimit-remaining-resource": [
          "Microsoft.Compute/GetOperation3Min;14987,Microsoft.Compute/GetOperation30Min;29926"
        ],
        "Strict-Transport-Security": [
          "max-age=31536000; includeSubDomains"
        ],
        "x-ms-served-by": [
          "54253b73-cb53-496f-ab42-5e5ee19426f8_131746304832327369"
        ],
        "x-ms-request-id": [
          "c10b67ce-34a6-411b-92c2-e518305bc83a"
        ],
        "x-ms-ratelimit-remaining-subscription-reads": [
          "14995"
        ],
        "x-ms-correlation-request-id": [
          "d18638f0-7728-45da-a21a-32f712a5c87e"
        ],
        "x-ms-routing-request-id": [
          "WESTUS2:20180628T051641Z:d18638f0-7728-45da-a21a-32f712a5c87e"
        ],
        "X-Content-Type-Options": [
          "nosniff"
        ]
      },
      "StatusCode": 200
    },
    {
      "RequestUri": "/subscriptions/0b1f6471-1bf0-4dda-aec3-cb9272f09590/providers/Microsoft.Compute/locations/eastus/operations/7f26b229-d2f1-42f6-b061-bd11202affd2?api-version=2017-12-01",
      "EncodedRequestUri": "L3N1YnNjcmlwdGlvbnMvMGIxZjY0NzEtMWJmMC00ZGRhLWFlYzMtY2I5MjcyZjA5NTkwL3Byb3ZpZGVycy9NaWNyb3NvZnQuQ29tcHV0ZS9sb2NhdGlvbnMvZWFzdHVzL29wZXJhdGlvbnMvN2YyNmIyMjktZDJmMS00MmY2LWIwNjEtYmQxMTIwMmFmZmQyP2FwaS12ZXJzaW9uPTIwMTctMTItMDE=",
      "RequestMethod": "GET",
      "RequestBody": "",
      "RequestHeaders": {
        "User-Agent": [
          "FxVersion/4.6.25211.01",
          "Microsoft.Azure.Management.Compute.Fluent.ComputeManagementClient/1.11.0.0",
          "MacAddressHash/cc0dc995bd7689190d87305dca6418746f27065181fa649f43731fb8fc5f1b10"
        ]
      },
      "ResponseBody": "{\r\n  \"startTime\": \"2018-06-27T22:16:02.6400737-07:00\",\r\n  \"status\": \"InProgress\",\r\n  \"name\": \"7f26b229-d2f1-42f6-b061-bd11202affd2\"\r\n}",
      "ResponseHeaders": {
        "Content-Type": [
          "application/json; charset=utf-8"
        ],
        "Expires": [
          "-1"
        ],
        "Cache-Control": [
          "no-cache"
        ],
        "Date": [
          "Thu, 28 Jun 2018 05:16:51 GMT"
        ],
        "Pragma": [
          "no-cache"
        ],
        "Transfer-Encoding": [
          "chunked"
        ],
        "Server": [
          "Microsoft-HTTPAPI/2.0",
          "Microsoft-HTTPAPI/2.0"
        ],
        "Vary": [
          "Accept-Encoding"
        ],
        "x-ms-ratelimit-remaining-resource": [
          "Microsoft.Compute/GetOperation3Min;14986,Microsoft.Compute/GetOperation30Min;29925"
        ],
        "Strict-Transport-Security": [
          "max-age=31536000; includeSubDomains"
        ],
        "x-ms-served-by": [
          "54253b73-cb53-496f-ab42-5e5ee19426f8_131746304832327369"
        ],
        "x-ms-request-id": [
          "6a63a891-6858-403e-9232-40223b854c44"
        ],
        "x-ms-ratelimit-remaining-subscription-reads": [
          "14994"
        ],
        "x-ms-correlation-request-id": [
          "87cae4ca-7e34-4b8c-854b-67d2972f8ad2"
        ],
        "x-ms-routing-request-id": [
          "WESTUS2:20180628T051651Z:87cae4ca-7e34-4b8c-854b-67d2972f8ad2"
        ],
        "X-Content-Type-Options": [
          "nosniff"
        ]
      },
      "StatusCode": 200
    },
    {
      "RequestUri": "/subscriptions/0b1f6471-1bf0-4dda-aec3-cb9272f09590/providers/Microsoft.Compute/locations/eastus/operations/7f26b229-d2f1-42f6-b061-bd11202affd2?api-version=2017-12-01",
      "EncodedRequestUri": "L3N1YnNjcmlwdGlvbnMvMGIxZjY0NzEtMWJmMC00ZGRhLWFlYzMtY2I5MjcyZjA5NTkwL3Byb3ZpZGVycy9NaWNyb3NvZnQuQ29tcHV0ZS9sb2NhdGlvbnMvZWFzdHVzL29wZXJhdGlvbnMvN2YyNmIyMjktZDJmMS00MmY2LWIwNjEtYmQxMTIwMmFmZmQyP2FwaS12ZXJzaW9uPTIwMTctMTItMDE=",
      "RequestMethod": "GET",
      "RequestBody": "",
      "RequestHeaders": {
        "User-Agent": [
          "FxVersion/4.6.25211.01",
          "Microsoft.Azure.Management.Compute.Fluent.ComputeManagementClient/1.11.0.0",
          "MacAddressHash/cc0dc995bd7689190d87305dca6418746f27065181fa649f43731fb8fc5f1b10"
        ]
      },
      "ResponseBody": "{\r\n  \"startTime\": \"2018-06-27T22:16:02.6400737-07:00\",\r\n  \"status\": \"InProgress\",\r\n  \"name\": \"7f26b229-d2f1-42f6-b061-bd11202affd2\"\r\n}",
      "ResponseHeaders": {
        "Content-Type": [
          "application/json; charset=utf-8"
        ],
        "Expires": [
          "-1"
        ],
        "Cache-Control": [
          "no-cache"
        ],
        "Date": [
          "Thu, 28 Jun 2018 05:17:05 GMT"
        ],
        "Pragma": [
          "no-cache"
        ],
        "Transfer-Encoding": [
          "chunked"
        ],
        "Server": [
          "Microsoft-HTTPAPI/2.0",
          "Microsoft-HTTPAPI/2.0"
        ],
        "Vary": [
          "Accept-Encoding"
        ],
        "x-ms-ratelimit-remaining-resource": [
          "Microsoft.Compute/GetOperation3Min;14985,Microsoft.Compute/GetOperation30Min;29923"
        ],
        "Strict-Transport-Security": [
          "max-age=31536000; includeSubDomains"
        ],
        "x-ms-served-by": [
          "54253b73-cb53-496f-ab42-5e5ee19426f8_131746304832327369"
        ],
        "x-ms-request-id": [
          "6b6b7c97-cb2e-4ce7-9a9d-9ac39dbf12ee"
        ],
        "x-ms-ratelimit-remaining-subscription-reads": [
          "14993"
        ],
        "x-ms-correlation-request-id": [
          "fbfbbfe9-cd7c-43a3-b7bf-804d09cdf61d"
        ],
        "x-ms-routing-request-id": [
          "WESTUS2:20180628T051705Z:fbfbbfe9-cd7c-43a3-b7bf-804d09cdf61d"
        ],
        "X-Content-Type-Options": [
          "nosniff"
        ]
      },
      "StatusCode": 200
    },
    {
      "RequestUri": "/subscriptions/0b1f6471-1bf0-4dda-aec3-cb9272f09590/providers/Microsoft.Compute/locations/eastus/operations/7f26b229-d2f1-42f6-b061-bd11202affd2?api-version=2017-12-01",
      "EncodedRequestUri": "L3N1YnNjcmlwdGlvbnMvMGIxZjY0NzEtMWJmMC00ZGRhLWFlYzMtY2I5MjcyZjA5NTkwL3Byb3ZpZGVycy9NaWNyb3NvZnQuQ29tcHV0ZS9sb2NhdGlvbnMvZWFzdHVzL29wZXJhdGlvbnMvN2YyNmIyMjktZDJmMS00MmY2LWIwNjEtYmQxMTIwMmFmZmQyP2FwaS12ZXJzaW9uPTIwMTctMTItMDE=",
      "RequestMethod": "GET",
      "RequestBody": "",
      "RequestHeaders": {
        "User-Agent": [
          "FxVersion/4.6.25211.01",
          "Microsoft.Azure.Management.Compute.Fluent.ComputeManagementClient/1.11.0.0",
          "MacAddressHash/cc0dc995bd7689190d87305dca6418746f27065181fa649f43731fb8fc5f1b10"
        ]
      },
      "ResponseBody": "{\r\n  \"startTime\": \"2018-06-27T22:16:02.6400737-07:00\",\r\n  \"status\": \"InProgress\",\r\n  \"name\": \"7f26b229-d2f1-42f6-b061-bd11202affd2\"\r\n}",
      "ResponseHeaders": {
        "Content-Type": [
          "application/json; charset=utf-8"
        ],
        "Expires": [
          "-1"
        ],
        "Cache-Control": [
          "no-cache"
        ],
        "Date": [
          "Thu, 28 Jun 2018 05:17:15 GMT"
        ],
        "Pragma": [
          "no-cache"
        ],
        "Transfer-Encoding": [
          "chunked"
        ],
        "Server": [
          "Microsoft-HTTPAPI/2.0",
          "Microsoft-HTTPAPI/2.0"
        ],
        "Vary": [
          "Accept-Encoding"
        ],
        "x-ms-ratelimit-remaining-resource": [
          "Microsoft.Compute/GetOperation3Min;14984,Microsoft.Compute/GetOperation30Min;29922"
        ],
        "Strict-Transport-Security": [
          "max-age=31536000; includeSubDomains"
        ],
        "x-ms-served-by": [
          "54253b73-cb53-496f-ab42-5e5ee19426f8_131746304832327369"
        ],
        "x-ms-request-id": [
          "d4e86ba2-1e1d-468f-abdb-8a09238ad747"
        ],
        "x-ms-ratelimit-remaining-subscription-reads": [
          "14992"
        ],
        "x-ms-correlation-request-id": [
          "e6cfd416-95d5-40f3-9959-769aa06f57d9"
        ],
        "x-ms-routing-request-id": [
          "WESTUS2:20180628T051715Z:e6cfd416-95d5-40f3-9959-769aa06f57d9"
        ],
        "X-Content-Type-Options": [
          "nosniff"
        ]
      },
      "StatusCode": 200
    },
    {
      "RequestUri": "/subscriptions/0b1f6471-1bf0-4dda-aec3-cb9272f09590/providers/Microsoft.Compute/locations/eastus/operations/7f26b229-d2f1-42f6-b061-bd11202affd2?api-version=2017-12-01",
      "EncodedRequestUri": "L3N1YnNjcmlwdGlvbnMvMGIxZjY0NzEtMWJmMC00ZGRhLWFlYzMtY2I5MjcyZjA5NTkwL3Byb3ZpZGVycy9NaWNyb3NvZnQuQ29tcHV0ZS9sb2NhdGlvbnMvZWFzdHVzL29wZXJhdGlvbnMvN2YyNmIyMjktZDJmMS00MmY2LWIwNjEtYmQxMTIwMmFmZmQyP2FwaS12ZXJzaW9uPTIwMTctMTItMDE=",
      "RequestMethod": "GET",
      "RequestBody": "",
      "RequestHeaders": {
        "User-Agent": [
          "FxVersion/4.6.25211.01",
          "Microsoft.Azure.Management.Compute.Fluent.ComputeManagementClient/1.11.0.0",
          "MacAddressHash/cc0dc995bd7689190d87305dca6418746f27065181fa649f43731fb8fc5f1b10"
        ]
      },
      "ResponseBody": "{\r\n  \"startTime\": \"2018-06-27T22:16:02.6400737-07:00\",\r\n  \"status\": \"InProgress\",\r\n  \"name\": \"7f26b229-d2f1-42f6-b061-bd11202affd2\"\r\n}",
      "ResponseHeaders": {
        "Content-Type": [
          "application/json; charset=utf-8"
        ],
        "Expires": [
          "-1"
        ],
        "Cache-Control": [
          "no-cache"
        ],
        "Date": [
          "Thu, 28 Jun 2018 05:17:29 GMT"
        ],
        "Pragma": [
          "no-cache"
        ],
        "Transfer-Encoding": [
          "chunked"
        ],
        "Server": [
          "Microsoft-HTTPAPI/2.0",
          "Microsoft-HTTPAPI/2.0"
        ],
        "Vary": [
          "Accept-Encoding"
        ],
        "x-ms-ratelimit-remaining-resource": [
          "Microsoft.Compute/GetOperation3Min;14982,Microsoft.Compute/GetOperation30Min;29920"
        ],
        "Strict-Transport-Security": [
          "max-age=31536000; includeSubDomains"
        ],
        "x-ms-served-by": [
          "54253b73-cb53-496f-ab42-5e5ee19426f8_131746304832327369"
        ],
        "x-ms-request-id": [
          "8e185178-98e1-48fd-91c6-ccd0155f0910"
        ],
        "x-ms-ratelimit-remaining-subscription-reads": [
          "14991"
        ],
        "x-ms-correlation-request-id": [
          "ed97a145-ae71-4882-9009-edd8d588d0b3"
        ],
        "x-ms-routing-request-id": [
          "WESTUS2:20180628T051729Z:ed97a145-ae71-4882-9009-edd8d588d0b3"
        ],
        "X-Content-Type-Options": [
          "nosniff"
        ]
      },
      "StatusCode": 200
    },
    {
      "RequestUri": "/subscriptions/0b1f6471-1bf0-4dda-aec3-cb9272f09590/providers/Microsoft.Compute/locations/eastus/operations/7f26b229-d2f1-42f6-b061-bd11202affd2?api-version=2017-12-01",
      "EncodedRequestUri": "L3N1YnNjcmlwdGlvbnMvMGIxZjY0NzEtMWJmMC00ZGRhLWFlYzMtY2I5MjcyZjA5NTkwL3Byb3ZpZGVycy9NaWNyb3NvZnQuQ29tcHV0ZS9sb2NhdGlvbnMvZWFzdHVzL29wZXJhdGlvbnMvN2YyNmIyMjktZDJmMS00MmY2LWIwNjEtYmQxMTIwMmFmZmQyP2FwaS12ZXJzaW9uPTIwMTctMTItMDE=",
      "RequestMethod": "GET",
      "RequestBody": "",
      "RequestHeaders": {
        "User-Agent": [
          "FxVersion/4.6.25211.01",
          "Microsoft.Azure.Management.Compute.Fluent.ComputeManagementClient/1.11.0.0",
          "MacAddressHash/cc0dc995bd7689190d87305dca6418746f27065181fa649f43731fb8fc5f1b10"
        ]
      },
      "ResponseBody": "{\r\n  \"startTime\": \"2018-06-27T22:16:02.6400737-07:00\",\r\n  \"status\": \"InProgress\",\r\n  \"name\": \"7f26b229-d2f1-42f6-b061-bd11202affd2\"\r\n}",
      "ResponseHeaders": {
        "Content-Type": [
          "application/json; charset=utf-8"
        ],
        "Expires": [
          "-1"
        ],
        "Cache-Control": [
          "no-cache"
        ],
        "Date": [
          "Thu, 28 Jun 2018 05:17:39 GMT"
        ],
        "Pragma": [
          "no-cache"
        ],
        "Transfer-Encoding": [
          "chunked"
        ],
        "Server": [
          "Microsoft-HTTPAPI/2.0",
          "Microsoft-HTTPAPI/2.0"
        ],
        "Vary": [
          "Accept-Encoding"
        ],
        "x-ms-ratelimit-remaining-resource": [
          "Microsoft.Compute/GetOperation3Min;14984,Microsoft.Compute/GetOperation30Min;29919"
        ],
        "Strict-Transport-Security": [
          "max-age=31536000; includeSubDomains"
        ],
        "x-ms-served-by": [
          "54253b73-cb53-496f-ab42-5e5ee19426f8_131746304832327369"
        ],
        "x-ms-request-id": [
          "4adcea64-afa0-47f8-800b-2b2fde207664"
        ],
        "x-ms-ratelimit-remaining-subscription-reads": [
          "14990"
        ],
        "x-ms-correlation-request-id": [
          "a425a569-16da-4d6c-941d-3a088d5a1653"
        ],
        "x-ms-routing-request-id": [
          "WESTUS2:20180628T051740Z:a425a569-16da-4d6c-941d-3a088d5a1653"
        ],
        "X-Content-Type-Options": [
          "nosniff"
        ]
      },
      "StatusCode": 200
    },
    {
      "RequestUri": "/subscriptions/0b1f6471-1bf0-4dda-aec3-cb9272f09590/providers/Microsoft.Compute/locations/eastus/operations/7f26b229-d2f1-42f6-b061-bd11202affd2?api-version=2017-12-01",
      "EncodedRequestUri": "L3N1YnNjcmlwdGlvbnMvMGIxZjY0NzEtMWJmMC00ZGRhLWFlYzMtY2I5MjcyZjA5NTkwL3Byb3ZpZGVycy9NaWNyb3NvZnQuQ29tcHV0ZS9sb2NhdGlvbnMvZWFzdHVzL29wZXJhdGlvbnMvN2YyNmIyMjktZDJmMS00MmY2LWIwNjEtYmQxMTIwMmFmZmQyP2FwaS12ZXJzaW9uPTIwMTctMTItMDE=",
      "RequestMethod": "GET",
      "RequestBody": "",
      "RequestHeaders": {
        "User-Agent": [
          "FxVersion/4.6.25211.01",
          "Microsoft.Azure.Management.Compute.Fluent.ComputeManagementClient/1.11.0.0",
          "MacAddressHash/cc0dc995bd7689190d87305dca6418746f27065181fa649f43731fb8fc5f1b10"
        ]
      },
      "ResponseBody": "{\r\n  \"startTime\": \"2018-06-27T22:16:02.6400737-07:00\",\r\n  \"status\": \"InProgress\",\r\n  \"name\": \"7f26b229-d2f1-42f6-b061-bd11202affd2\"\r\n}",
      "ResponseHeaders": {
        "Content-Type": [
          "application/json; charset=utf-8"
        ],
        "Expires": [
          "-1"
        ],
        "Cache-Control": [
          "no-cache"
        ],
        "Date": [
          "Thu, 28 Jun 2018 05:17:53 GMT"
        ],
        "Pragma": [
          "no-cache"
        ],
        "Transfer-Encoding": [
          "chunked"
        ],
        "Server": [
          "Microsoft-HTTPAPI/2.0",
          "Microsoft-HTTPAPI/2.0"
        ],
        "Vary": [
          "Accept-Encoding"
        ],
        "x-ms-ratelimit-remaining-resource": [
          "Microsoft.Compute/GetOperation3Min;14982,Microsoft.Compute/GetOperation30Min;29917"
        ],
        "Strict-Transport-Security": [
          "max-age=31536000; includeSubDomains"
        ],
        "x-ms-served-by": [
          "54253b73-cb53-496f-ab42-5e5ee19426f8_131746304832327369"
        ],
        "x-ms-request-id": [
          "be6da2db-ba68-47dc-82d1-dcb8a1b807d5"
        ],
        "x-ms-ratelimit-remaining-subscription-reads": [
          "14989"
        ],
        "x-ms-correlation-request-id": [
          "cf5e6ee8-2150-4718-8aaf-96fe458b64f7"
        ],
        "x-ms-routing-request-id": [
          "WESTUS2:20180628T051754Z:cf5e6ee8-2150-4718-8aaf-96fe458b64f7"
        ],
        "X-Content-Type-Options": [
          "nosniff"
        ]
      },
      "StatusCode": 200
    },
    {
      "RequestUri": "/subscriptions/0b1f6471-1bf0-4dda-aec3-cb9272f09590/providers/Microsoft.Compute/locations/eastus/operations/7f26b229-d2f1-42f6-b061-bd11202affd2?api-version=2017-12-01",
      "EncodedRequestUri": "L3N1YnNjcmlwdGlvbnMvMGIxZjY0NzEtMWJmMC00ZGRhLWFlYzMtY2I5MjcyZjA5NTkwL3Byb3ZpZGVycy9NaWNyb3NvZnQuQ29tcHV0ZS9sb2NhdGlvbnMvZWFzdHVzL29wZXJhdGlvbnMvN2YyNmIyMjktZDJmMS00MmY2LWIwNjEtYmQxMTIwMmFmZmQyP2FwaS12ZXJzaW9uPTIwMTctMTItMDE=",
      "RequestMethod": "GET",
      "RequestBody": "",
      "RequestHeaders": {
        "User-Agent": [
          "FxVersion/4.6.25211.01",
          "Microsoft.Azure.Management.Compute.Fluent.ComputeManagementClient/1.11.0.0",
          "MacAddressHash/cc0dc995bd7689190d87305dca6418746f27065181fa649f43731fb8fc5f1b10"
        ]
      },
      "ResponseBody": "{\r\n  \"startTime\": \"2018-06-27T22:16:02.6400737-07:00\",\r\n  \"status\": \"InProgress\",\r\n  \"name\": \"7f26b229-d2f1-42f6-b061-bd11202affd2\"\r\n}",
      "ResponseHeaders": {
        "Content-Type": [
          "application/json; charset=utf-8"
        ],
        "Expires": [
          "-1"
        ],
        "Cache-Control": [
          "no-cache"
        ],
        "Date": [
          "Thu, 28 Jun 2018 05:18:03 GMT"
        ],
        "Pragma": [
          "no-cache"
        ],
        "Transfer-Encoding": [
          "chunked"
        ],
        "Server": [
          "Microsoft-HTTPAPI/2.0",
          "Microsoft-HTTPAPI/2.0"
        ],
        "Vary": [
          "Accept-Encoding"
        ],
        "x-ms-ratelimit-remaining-resource": [
          "Microsoft.Compute/GetOperation3Min;14983,Microsoft.Compute/GetOperation30Min;29916"
        ],
        "Strict-Transport-Security": [
          "max-age=31536000; includeSubDomains"
        ],
        "x-ms-served-by": [
          "54253b73-cb53-496f-ab42-5e5ee19426f8_131746304832327369"
        ],
        "x-ms-request-id": [
          "c0166685-18e8-4754-889b-0621c048369b"
        ],
        "x-ms-ratelimit-remaining-subscription-reads": [
          "14988"
        ],
        "x-ms-correlation-request-id": [
          "2f64eb84-69b5-4d5f-89bd-f261763c4905"
        ],
        "x-ms-routing-request-id": [
          "WESTUS2:20180628T051804Z:2f64eb84-69b5-4d5f-89bd-f261763c4905"
        ],
        "X-Content-Type-Options": [
          "nosniff"
        ]
      },
      "StatusCode": 200
    },
    {
      "RequestUri": "/subscriptions/0b1f6471-1bf0-4dda-aec3-cb9272f09590/providers/Microsoft.Compute/locations/eastus/operations/7f26b229-d2f1-42f6-b061-bd11202affd2?api-version=2017-12-01",
      "EncodedRequestUri": "L3N1YnNjcmlwdGlvbnMvMGIxZjY0NzEtMWJmMC00ZGRhLWFlYzMtY2I5MjcyZjA5NTkwL3Byb3ZpZGVycy9NaWNyb3NvZnQuQ29tcHV0ZS9sb2NhdGlvbnMvZWFzdHVzL29wZXJhdGlvbnMvN2YyNmIyMjktZDJmMS00MmY2LWIwNjEtYmQxMTIwMmFmZmQyP2FwaS12ZXJzaW9uPTIwMTctMTItMDE=",
      "RequestMethod": "GET",
      "RequestBody": "",
      "RequestHeaders": {
        "User-Agent": [
          "FxVersion/4.6.25211.01",
          "Microsoft.Azure.Management.Compute.Fluent.ComputeManagementClient/1.11.0.0",
          "MacAddressHash/cc0dc995bd7689190d87305dca6418746f27065181fa649f43731fb8fc5f1b10"
        ]
      },
      "ResponseBody": "{\r\n  \"startTime\": \"2018-06-27T22:16:02.6400737-07:00\",\r\n  \"status\": \"InProgress\",\r\n  \"name\": \"7f26b229-d2f1-42f6-b061-bd11202affd2\"\r\n}",
      "ResponseHeaders": {
        "Content-Type": [
          "application/json; charset=utf-8"
        ],
        "Expires": [
          "-1"
        ],
        "Cache-Control": [
          "no-cache"
        ],
        "Date": [
          "Thu, 28 Jun 2018 05:18:17 GMT"
        ],
        "Pragma": [
          "no-cache"
        ],
        "Transfer-Encoding": [
          "chunked"
        ],
        "Server": [
          "Microsoft-HTTPAPI/2.0",
          "Microsoft-HTTPAPI/2.0"
        ],
        "Vary": [
          "Accept-Encoding"
        ],
        "x-ms-ratelimit-remaining-resource": [
          "Microsoft.Compute/GetOperation3Min;14981,Microsoft.Compute/GetOperation30Min;29914"
        ],
        "Strict-Transport-Security": [
          "max-age=31536000; includeSubDomains"
        ],
        "x-ms-served-by": [
          "54253b73-cb53-496f-ab42-5e5ee19426f8_131746304832327369"
        ],
        "x-ms-request-id": [
          "baedcf75-7215-46c2-9115-5e17ead06149"
        ],
        "x-ms-ratelimit-remaining-subscription-reads": [
          "14987"
        ],
        "x-ms-correlation-request-id": [
          "c1440f9b-4f12-460e-923d-dace610455f1"
        ],
        "x-ms-routing-request-id": [
          "WESTUS2:20180628T051818Z:c1440f9b-4f12-460e-923d-dace610455f1"
        ],
        "X-Content-Type-Options": [
          "nosniff"
        ]
      },
      "StatusCode": 200
    },
    {
      "RequestUri": "/subscriptions/0b1f6471-1bf0-4dda-aec3-cb9272f09590/providers/Microsoft.Compute/locations/eastus/operations/7f26b229-d2f1-42f6-b061-bd11202affd2?api-version=2017-12-01",
      "EncodedRequestUri": "L3N1YnNjcmlwdGlvbnMvMGIxZjY0NzEtMWJmMC00ZGRhLWFlYzMtY2I5MjcyZjA5NTkwL3Byb3ZpZGVycy9NaWNyb3NvZnQuQ29tcHV0ZS9sb2NhdGlvbnMvZWFzdHVzL29wZXJhdGlvbnMvN2YyNmIyMjktZDJmMS00MmY2LWIwNjEtYmQxMTIwMmFmZmQyP2FwaS12ZXJzaW9uPTIwMTctMTItMDE=",
      "RequestMethod": "GET",
      "RequestBody": "",
      "RequestHeaders": {
        "User-Agent": [
          "FxVersion/4.6.25211.01",
          "Microsoft.Azure.Management.Compute.Fluent.ComputeManagementClient/1.11.0.0",
          "MacAddressHash/cc0dc995bd7689190d87305dca6418746f27065181fa649f43731fb8fc5f1b10"
        ]
      },
      "ResponseBody": "{\r\n  \"startTime\": \"2018-06-27T22:16:02.6400737-07:00\",\r\n  \"status\": \"InProgress\",\r\n  \"name\": \"7f26b229-d2f1-42f6-b061-bd11202affd2\"\r\n}",
      "ResponseHeaders": {
        "Content-Type": [
          "application/json; charset=utf-8"
        ],
        "Expires": [
          "-1"
        ],
        "Cache-Control": [
          "no-cache"
        ],
        "Date": [
          "Thu, 28 Jun 2018 05:18:34 GMT"
        ],
        "Pragma": [
          "no-cache"
        ],
        "Transfer-Encoding": [
          "chunked"
        ],
        "Server": [
          "Microsoft-HTTPAPI/2.0",
          "Microsoft-HTTPAPI/2.0"
        ],
        "Vary": [
          "Accept-Encoding"
        ],
        "x-ms-ratelimit-remaining-resource": [
          "Microsoft.Compute/GetOperation3Min;14979,Microsoft.Compute/GetOperation30Min;29912"
        ],
        "Strict-Transport-Security": [
          "max-age=31536000; includeSubDomains"
        ],
        "x-ms-served-by": [
          "54253b73-cb53-496f-ab42-5e5ee19426f8_131746304832327369"
        ],
        "x-ms-request-id": [
          "87a2ddb5-b8fb-4358-8d28-486b0a1ae1f7"
        ],
        "x-ms-ratelimit-remaining-subscription-reads": [
          "14986"
        ],
        "x-ms-correlation-request-id": [
          "b120b995-defb-4cf5-bc81-6f526f0d12d1"
        ],
        "x-ms-routing-request-id": [
          "WESTUS2:20180628T051834Z:b120b995-defb-4cf5-bc81-6f526f0d12d1"
        ],
        "X-Content-Type-Options": [
          "nosniff"
        ]
      },
      "StatusCode": 200
    },
    {
      "RequestUri": "/subscriptions/0b1f6471-1bf0-4dda-aec3-cb9272f09590/providers/Microsoft.Compute/locations/eastus/operations/7f26b229-d2f1-42f6-b061-bd11202affd2?api-version=2017-12-01",
      "EncodedRequestUri": "L3N1YnNjcmlwdGlvbnMvMGIxZjY0NzEtMWJmMC00ZGRhLWFlYzMtY2I5MjcyZjA5NTkwL3Byb3ZpZGVycy9NaWNyb3NvZnQuQ29tcHV0ZS9sb2NhdGlvbnMvZWFzdHVzL29wZXJhdGlvbnMvN2YyNmIyMjktZDJmMS00MmY2LWIwNjEtYmQxMTIwMmFmZmQyP2FwaS12ZXJzaW9uPTIwMTctMTItMDE=",
      "RequestMethod": "GET",
      "RequestBody": "",
      "RequestHeaders": {
        "User-Agent": [
          "FxVersion/4.6.25211.01",
          "Microsoft.Azure.Management.Compute.Fluent.ComputeManagementClient/1.11.0.0",
          "MacAddressHash/cc0dc995bd7689190d87305dca6418746f27065181fa649f43731fb8fc5f1b10"
        ]
      },
      "ResponseBody": "{\r\n  \"startTime\": \"2018-06-27T22:16:02.6400737-07:00\",\r\n  \"endTime\": \"2018-06-27T22:18:39.9582753-07:00\",\r\n  \"status\": \"Succeeded\",\r\n  \"name\": \"7f26b229-d2f1-42f6-b061-bd11202affd2\"\r\n}",
      "ResponseHeaders": {
        "Content-Type": [
          "application/json; charset=utf-8"
        ],
        "Expires": [
          "-1"
        ],
        "Cache-Control": [
          "no-cache"
        ],
        "Date": [
          "Thu, 28 Jun 2018 05:18:44 GMT"
        ],
        "Pragma": [
          "no-cache"
        ],
        "Transfer-Encoding": [
          "chunked"
        ],
        "Server": [
          "Microsoft-HTTPAPI/2.0",
          "Microsoft-HTTPAPI/2.0"
        ],
        "Vary": [
          "Accept-Encoding"
        ],
        "x-ms-ratelimit-remaining-resource": [
          "Microsoft.Compute/GetOperation3Min;14979,Microsoft.Compute/GetOperation30Min;29910"
        ],
        "Strict-Transport-Security": [
          "max-age=31536000; includeSubDomains"
        ],
        "x-ms-served-by": [
          "54253b73-cb53-496f-ab42-5e5ee19426f8_131746304832327369"
        ],
        "x-ms-request-id": [
          "d601bba2-fc64-4303-8da6-f7868f2ea622"
        ],
        "x-ms-ratelimit-remaining-subscription-reads": [
          "14985"
        ],
        "x-ms-correlation-request-id": [
          "869f855d-b75c-4832-be56-7776626366ad"
        ],
        "x-ms-routing-request-id": [
          "WESTUS2:20180628T051844Z:869f855d-b75c-4832-be56-7776626366ad"
        ],
        "X-Content-Type-Options": [
          "nosniff"
        ]
      },
      "StatusCode": 200
    },
    {
      "RequestUri": "/subscriptions/0b1f6471-1bf0-4dda-aec3-cb9272f09590/resourcegroups/javacsmrg9858?api-version=2017-05-10",
      "EncodedRequestUri": "L3N1YnNjcmlwdGlvbnMvMGIxZjY0NzEtMWJmMC00ZGRhLWFlYzMtY2I5MjcyZjA5NTkwL3Jlc291cmNlZ3JvdXBzL2phdmFjc21yZzk4NTg/YXBpLXZlcnNpb249MjAxNy0wNS0xMA==",
      "RequestMethod": "DELETE",
      "RequestBody": "",
      "RequestHeaders": {
        "x-ms-client-request-id": [
          "2f342a4a-65d1-455f-85c0-05c634090ffb"
        ],
        "accept-language": [
          "en-US"
        ],
        "User-Agent": [
          "FxVersion/4.6.25211.01",
          "Microsoft.Azure.Management.ResourceManager.Fluent.ResourceManagementClient/1.11.0.0",
          "MacAddressHash/cc0dc995bd7689190d87305dca6418746f27065181fa649f43731fb8fc5f1b10"
        ]
      },
      "ResponseBody": "",
      "ResponseHeaders": {
        "Content-Length": [
          "0"
        ],
        "Expires": [
          "-1"
        ],
        "Cache-Control": [
          "no-cache"
        ],
        "Date": [
          "Thu, 28 Jun 2018 05:18:46 GMT"
        ],
        "Pragma": [
          "no-cache"
        ],
        "Location": [
          "https://management.azure.com/subscriptions/0b1f6471-1bf0-4dda-aec3-cb9272f09590/operationresults/eyJqb2JJZCI6IlJFU09VUkNFR1JPVVBERUxFVElPTkpPQi1KQVZBQ1NNUkc5ODU4LUVBU1RVUyIsImpvYkxvY2F0aW9uIjoiZWFzdHVzIn0?api-version=2017-05-10"
        ],
        "Retry-After": [
          "15"
        ],
        "x-ms-ratelimit-remaining-subscription-deletes": [
          "14999"
        ],
        "x-ms-request-id": [
          "01cf021e-45e5-43db-b0e3-f149cfb1c7ae"
        ],
        "x-ms-correlation-request-id": [
          "01cf021e-45e5-43db-b0e3-f149cfb1c7ae"
        ],
        "x-ms-routing-request-id": [
          "WESTUS2:20180628T051846Z:01cf021e-45e5-43db-b0e3-f149cfb1c7ae"
        ],
        "Strict-Transport-Security": [
          "max-age=31536000; includeSubDomains"
        ],
        "X-Content-Type-Options": [
          "nosniff"
        ]
      },
      "StatusCode": 202
    },
    {
      "RequestUri": "/subscriptions/0b1f6471-1bf0-4dda-aec3-cb9272f09590/operationresults/eyJqb2JJZCI6IlJFU09VUkNFR1JPVVBERUxFVElPTkpPQi1KQVZBQ1NNUkc5ODU4LUVBU1RVUyIsImpvYkxvY2F0aW9uIjoiZWFzdHVzIn0?api-version=2017-05-10",
      "EncodedRequestUri": "L3N1YnNjcmlwdGlvbnMvMGIxZjY0NzEtMWJmMC00ZGRhLWFlYzMtY2I5MjcyZjA5NTkwL29wZXJhdGlvbnJlc3VsdHMvZXlKcWIySkpaQ0k2SWxKRlUwOVZVa05GUjFKUFZWQkVSVXhGVkVsUFRrcFBRaTFLUVZaQlExTk5Va2M1T0RVNExVVkJVMVJWVXlJc0ltcHZZa3h2WTJGMGFXOXVJam9pWldGemRIVnpJbjA/YXBpLXZlcnNpb249MjAxNy0wNS0xMA==",
      "RequestMethod": "GET",
      "RequestBody": "",
      "RequestHeaders": {
        "User-Agent": [
          "FxVersion/4.6.25211.01",
          "Microsoft.Azure.Management.ResourceManager.Fluent.ResourceManagementClient/1.11.0.0",
          "MacAddressHash/cc0dc995bd7689190d87305dca6418746f27065181fa649f43731fb8fc5f1b10"
        ]
      },
      "ResponseBody": "",
      "ResponseHeaders": {
        "Content-Length": [
          "0"
        ],
        "Expires": [
          "-1"
        ],
        "Cache-Control": [
          "no-cache"
        ],
        "Date": [
          "Thu, 28 Jun 2018 05:19:01 GMT"
        ],
        "Pragma": [
          "no-cache"
        ],
        "Location": [
          "https://management.azure.com/subscriptions/0b1f6471-1bf0-4dda-aec3-cb9272f09590/operationresults/eyJqb2JJZCI6IlJFU09VUkNFR1JPVVBERUxFVElPTkpPQi1KQVZBQ1NNUkc5ODU4LUVBU1RVUyIsImpvYkxvY2F0aW9uIjoiZWFzdHVzIn0?api-version=2017-05-10"
        ],
        "Retry-After": [
          "15"
        ],
        "x-ms-ratelimit-remaining-subscription-reads": [
          "14983"
        ],
        "x-ms-request-id": [
          "7845830c-8f25-4e10-a1ff-dbc89dbe659c"
        ],
        "x-ms-correlation-request-id": [
          "7845830c-8f25-4e10-a1ff-dbc89dbe659c"
        ],
        "x-ms-routing-request-id": [
          "WESTUS2:20180628T051902Z:7845830c-8f25-4e10-a1ff-dbc89dbe659c"
        ],
        "Strict-Transport-Security": [
          "max-age=31536000; includeSubDomains"
        ],
        "X-Content-Type-Options": [
          "nosniff"
        ]
      },
      "StatusCode": 202
    },
    {
      "RequestUri": "/subscriptions/0b1f6471-1bf0-4dda-aec3-cb9272f09590/operationresults/eyJqb2JJZCI6IlJFU09VUkNFR1JPVVBERUxFVElPTkpPQi1KQVZBQ1NNUkc5ODU4LUVBU1RVUyIsImpvYkxvY2F0aW9uIjoiZWFzdHVzIn0?api-version=2017-05-10",
      "EncodedRequestUri": "L3N1YnNjcmlwdGlvbnMvMGIxZjY0NzEtMWJmMC00ZGRhLWFlYzMtY2I5MjcyZjA5NTkwL29wZXJhdGlvbnJlc3VsdHMvZXlKcWIySkpaQ0k2SWxKRlUwOVZVa05GUjFKUFZWQkVSVXhGVkVsUFRrcFBRaTFLUVZaQlExTk5Va2M1T0RVNExVVkJVMVJWVXlJc0ltcHZZa3h2WTJGMGFXOXVJam9pWldGemRIVnpJbjA/YXBpLXZlcnNpb249MjAxNy0wNS0xMA==",
      "RequestMethod": "GET",
      "RequestBody": "",
      "RequestHeaders": {
        "User-Agent": [
          "FxVersion/4.6.25211.01",
          "Microsoft.Azure.Management.ResourceManager.Fluent.ResourceManagementClient/1.11.0.0",
          "MacAddressHash/cc0dc995bd7689190d87305dca6418746f27065181fa649f43731fb8fc5f1b10"
        ]
      },
      "ResponseBody": "",
      "ResponseHeaders": {
        "Content-Length": [
          "0"
        ],
        "Expires": [
          "-1"
        ],
        "Cache-Control": [
          "no-cache"
        ],
        "Date": [
          "Thu, 28 Jun 2018 05:19:16 GMT"
        ],
        "Pragma": [
          "no-cache"
        ],
        "Location": [
          "https://management.azure.com/subscriptions/0b1f6471-1bf0-4dda-aec3-cb9272f09590/operationresults/eyJqb2JJZCI6IlJFU09VUkNFR1JPVVBERUxFVElPTkpPQi1KQVZBQ1NNUkc5ODU4LUVBU1RVUyIsImpvYkxvY2F0aW9uIjoiZWFzdHVzIn0?api-version=2017-05-10"
        ],
        "Retry-After": [
          "15"
        ],
        "x-ms-ratelimit-remaining-subscription-reads": [
          "14982"
        ],
        "x-ms-request-id": [
          "1bd0e6fc-0528-486e-8336-e56606118bff"
        ],
        "x-ms-correlation-request-id": [
          "1bd0e6fc-0528-486e-8336-e56606118bff"
        ],
        "x-ms-routing-request-id": [
          "WESTUS2:20180628T051917Z:1bd0e6fc-0528-486e-8336-e56606118bff"
        ],
        "Strict-Transport-Security": [
          "max-age=31536000; includeSubDomains"
        ],
        "X-Content-Type-Options": [
          "nosniff"
        ]
      },
      "StatusCode": 202
    },
    {
      "RequestUri": "/subscriptions/0b1f6471-1bf0-4dda-aec3-cb9272f09590/operationresults/eyJqb2JJZCI6IlJFU09VUkNFR1JPVVBERUxFVElPTkpPQi1KQVZBQ1NNUkc5ODU4LUVBU1RVUyIsImpvYkxvY2F0aW9uIjoiZWFzdHVzIn0?api-version=2017-05-10",
      "EncodedRequestUri": "L3N1YnNjcmlwdGlvbnMvMGIxZjY0NzEtMWJmMC00ZGRhLWFlYzMtY2I5MjcyZjA5NTkwL29wZXJhdGlvbnJlc3VsdHMvZXlKcWIySkpaQ0k2SWxKRlUwOVZVa05GUjFKUFZWQkVSVXhGVkVsUFRrcFBRaTFLUVZaQlExTk5Va2M1T0RVNExVVkJVMVJWVXlJc0ltcHZZa3h2WTJGMGFXOXVJam9pWldGemRIVnpJbjA/YXBpLXZlcnNpb249MjAxNy0wNS0xMA==",
      "RequestMethod": "GET",
      "RequestBody": "",
      "RequestHeaders": {
        "User-Agent": [
          "FxVersion/4.6.25211.01",
          "Microsoft.Azure.Management.ResourceManager.Fluent.ResourceManagementClient/1.11.0.0",
          "MacAddressHash/cc0dc995bd7689190d87305dca6418746f27065181fa649f43731fb8fc5f1b10"
        ]
      },
      "ResponseBody": "",
      "ResponseHeaders": {
        "Content-Length": [
          "0"
        ],
        "Expires": [
          "-1"
        ],
        "Cache-Control": [
          "no-cache"
        ],
        "Date": [
          "Thu, 28 Jun 2018 05:19:32 GMT"
        ],
        "Pragma": [
          "no-cache"
        ],
        "Location": [
          "https://management.azure.com/subscriptions/0b1f6471-1bf0-4dda-aec3-cb9272f09590/operationresults/eyJqb2JJZCI6IlJFU09VUkNFR1JPVVBERUxFVElPTkpPQi1KQVZBQ1NNUkc5ODU4LUVBU1RVUyIsImpvYkxvY2F0aW9uIjoiZWFzdHVzIn0?api-version=2017-05-10"
        ],
        "Retry-After": [
          "15"
        ],
        "x-ms-ratelimit-remaining-subscription-reads": [
          "14981"
        ],
        "x-ms-request-id": [
          "031bd34c-4956-4c6d-bb94-4db63ae9c426"
        ],
        "x-ms-correlation-request-id": [
          "031bd34c-4956-4c6d-bb94-4db63ae9c426"
        ],
        "x-ms-routing-request-id": [
          "WESTUS2:20180628T051932Z:031bd34c-4956-4c6d-bb94-4db63ae9c426"
        ],
        "Strict-Transport-Security": [
          "max-age=31536000; includeSubDomains"
        ],
        "X-Content-Type-Options": [
          "nosniff"
        ]
      },
      "StatusCode": 202
    },
    {
      "RequestUri": "/subscriptions/0b1f6471-1bf0-4dda-aec3-cb9272f09590/operationresults/eyJqb2JJZCI6IlJFU09VUkNFR1JPVVBERUxFVElPTkpPQi1KQVZBQ1NNUkc5ODU4LUVBU1RVUyIsImpvYkxvY2F0aW9uIjoiZWFzdHVzIn0?api-version=2017-05-10",
      "EncodedRequestUri": "L3N1YnNjcmlwdGlvbnMvMGIxZjY0NzEtMWJmMC00ZGRhLWFlYzMtY2I5MjcyZjA5NTkwL29wZXJhdGlvbnJlc3VsdHMvZXlKcWIySkpaQ0k2SWxKRlUwOVZVa05GUjFKUFZWQkVSVXhGVkVsUFRrcFBRaTFLUVZaQlExTk5Va2M1T0RVNExVVkJVMVJWVXlJc0ltcHZZa3h2WTJGMGFXOXVJam9pWldGemRIVnpJbjA/YXBpLXZlcnNpb249MjAxNy0wNS0xMA==",
      "RequestMethod": "GET",
      "RequestBody": "",
      "RequestHeaders": {
        "User-Agent": [
          "FxVersion/4.6.25211.01",
          "Microsoft.Azure.Management.ResourceManager.Fluent.ResourceManagementClient/1.11.0.0",
          "MacAddressHash/cc0dc995bd7689190d87305dca6418746f27065181fa649f43731fb8fc5f1b10"
        ]
      },
      "ResponseBody": "",
      "ResponseHeaders": {
        "Content-Length": [
          "0"
        ],
        "Expires": [
          "-1"
        ],
        "Cache-Control": [
          "no-cache"
        ],
        "Date": [
          "Thu, 28 Jun 2018 05:19:46 GMT"
        ],
        "Pragma": [
          "no-cache"
        ],
        "Location": [
          "https://management.azure.com/subscriptions/0b1f6471-1bf0-4dda-aec3-cb9272f09590/operationresults/eyJqb2JJZCI6IlJFU09VUkNFR1JPVVBERUxFVElPTkpPQi1KQVZBQ1NNUkc5ODU4LUVBU1RVUyIsImpvYkxvY2F0aW9uIjoiZWFzdHVzIn0?api-version=2017-05-10"
        ],
        "Retry-After": [
          "15"
        ],
        "x-ms-ratelimit-remaining-subscription-reads": [
          "14980"
        ],
        "x-ms-request-id": [
          "50e68f4b-feb5-4b04-9b9b-0c81edc25004"
        ],
        "x-ms-correlation-request-id": [
          "50e68f4b-feb5-4b04-9b9b-0c81edc25004"
        ],
        "x-ms-routing-request-id": [
          "WESTUS2:20180628T051947Z:50e68f4b-feb5-4b04-9b9b-0c81edc25004"
        ],
        "Strict-Transport-Security": [
          "max-age=31536000; includeSubDomains"
        ],
        "X-Content-Type-Options": [
          "nosniff"
        ]
      },
      "StatusCode": 202
    },
    {
      "RequestUri": "/subscriptions/0b1f6471-1bf0-4dda-aec3-cb9272f09590/operationresults/eyJqb2JJZCI6IlJFU09VUkNFR1JPVVBERUxFVElPTkpPQi1KQVZBQ1NNUkc5ODU4LUVBU1RVUyIsImpvYkxvY2F0aW9uIjoiZWFzdHVzIn0?api-version=2017-05-10",
      "EncodedRequestUri": "L3N1YnNjcmlwdGlvbnMvMGIxZjY0NzEtMWJmMC00ZGRhLWFlYzMtY2I5MjcyZjA5NTkwL29wZXJhdGlvbnJlc3VsdHMvZXlKcWIySkpaQ0k2SWxKRlUwOVZVa05GUjFKUFZWQkVSVXhGVkVsUFRrcFBRaTFLUVZaQlExTk5Va2M1T0RVNExVVkJVMVJWVXlJc0ltcHZZa3h2WTJGMGFXOXVJam9pWldGemRIVnpJbjA/YXBpLXZlcnNpb249MjAxNy0wNS0xMA==",
      "RequestMethod": "GET",
      "RequestBody": "",
      "RequestHeaders": {
        "User-Agent": [
          "FxVersion/4.6.25211.01",
          "Microsoft.Azure.Management.ResourceManager.Fluent.ResourceManagementClient/1.11.0.0",
          "MacAddressHash/cc0dc995bd7689190d87305dca6418746f27065181fa649f43731fb8fc5f1b10"
        ]
      },
      "ResponseBody": "",
      "ResponseHeaders": {
        "Content-Length": [
          "0"
        ],
        "Expires": [
          "-1"
        ],
        "Cache-Control": [
          "no-cache"
        ],
        "Date": [
          "Thu, 28 Jun 2018 05:20:01 GMT"
        ],
        "Pragma": [
          "no-cache"
        ],
        "Location": [
          "https://management.azure.com/subscriptions/0b1f6471-1bf0-4dda-aec3-cb9272f09590/operationresults/eyJqb2JJZCI6IlJFU09VUkNFR1JPVVBERUxFVElPTkpPQi1KQVZBQ1NNUkc5ODU4LUVBU1RVUyIsImpvYkxvY2F0aW9uIjoiZWFzdHVzIn0?api-version=2017-05-10"
        ],
        "Retry-After": [
          "15"
        ],
        "x-ms-ratelimit-remaining-subscription-reads": [
          "14979"
        ],
        "x-ms-request-id": [
          "d743a2c1-dc8d-454a-aaa1-54c279fd2cad"
        ],
        "x-ms-correlation-request-id": [
          "d743a2c1-dc8d-454a-aaa1-54c279fd2cad"
        ],
        "x-ms-routing-request-id": [
          "WESTUS2:20180628T052002Z:d743a2c1-dc8d-454a-aaa1-54c279fd2cad"
        ],
        "Strict-Transport-Security": [
          "max-age=31536000; includeSubDomains"
        ],
        "X-Content-Type-Options": [
          "nosniff"
        ]
      },
      "StatusCode": 202
    },
    {
      "RequestUri": "/subscriptions/0b1f6471-1bf0-4dda-aec3-cb9272f09590/operationresults/eyJqb2JJZCI6IlJFU09VUkNFR1JPVVBERUxFVElPTkpPQi1KQVZBQ1NNUkc5ODU4LUVBU1RVUyIsImpvYkxvY2F0aW9uIjoiZWFzdHVzIn0?api-version=2017-05-10",
      "EncodedRequestUri": "L3N1YnNjcmlwdGlvbnMvMGIxZjY0NzEtMWJmMC00ZGRhLWFlYzMtY2I5MjcyZjA5NTkwL29wZXJhdGlvbnJlc3VsdHMvZXlKcWIySkpaQ0k2SWxKRlUwOVZVa05GUjFKUFZWQkVSVXhGVkVsUFRrcFBRaTFLUVZaQlExTk5Va2M1T0RVNExVVkJVMVJWVXlJc0ltcHZZa3h2WTJGMGFXOXVJam9pWldGemRIVnpJbjA/YXBpLXZlcnNpb249MjAxNy0wNS0xMA==",
      "RequestMethod": "GET",
      "RequestBody": "",
      "RequestHeaders": {
        "User-Agent": [
          "FxVersion/4.6.25211.01",
          "Microsoft.Azure.Management.ResourceManager.Fluent.ResourceManagementClient/1.11.0.0",
          "MacAddressHash/cc0dc995bd7689190d87305dca6418746f27065181fa649f43731fb8fc5f1b10"
        ]
      },
      "ResponseBody": "",
      "ResponseHeaders": {
        "Content-Length": [
          "0"
        ],
        "Expires": [
          "-1"
        ],
        "Cache-Control": [
          "no-cache"
        ],
        "Date": [
          "Thu, 28 Jun 2018 05:20:17 GMT"
        ],
        "Pragma": [
          "no-cache"
        ],
        "Location": [
          "https://management.azure.com/subscriptions/0b1f6471-1bf0-4dda-aec3-cb9272f09590/operationresults/eyJqb2JJZCI6IlJFU09VUkNFR1JPVVBERUxFVElPTkpPQi1KQVZBQ1NNUkc5ODU4LUVBU1RVUyIsImpvYkxvY2F0aW9uIjoiZWFzdHVzIn0?api-version=2017-05-10"
        ],
        "Retry-After": [
          "15"
        ],
        "x-ms-ratelimit-remaining-subscription-reads": [
          "14978"
        ],
        "x-ms-request-id": [
          "792c16c5-2ce6-41b9-8eb1-9aaad07a6520"
        ],
        "x-ms-correlation-request-id": [
          "792c16c5-2ce6-41b9-8eb1-9aaad07a6520"
        ],
        "x-ms-routing-request-id": [
          "WESTUS2:20180628T052017Z:792c16c5-2ce6-41b9-8eb1-9aaad07a6520"
        ],
        "Strict-Transport-Security": [
          "max-age=31536000; includeSubDomains"
        ],
        "X-Content-Type-Options": [
          "nosniff"
        ]
      },
      "StatusCode": 202
    },
    {
      "RequestUri": "/subscriptions/0b1f6471-1bf0-4dda-aec3-cb9272f09590/operationresults/eyJqb2JJZCI6IlJFU09VUkNFR1JPVVBERUxFVElPTkpPQi1KQVZBQ1NNUkc5ODU4LUVBU1RVUyIsImpvYkxvY2F0aW9uIjoiZWFzdHVzIn0?api-version=2017-05-10",
      "EncodedRequestUri": "L3N1YnNjcmlwdGlvbnMvMGIxZjY0NzEtMWJmMC00ZGRhLWFlYzMtY2I5MjcyZjA5NTkwL29wZXJhdGlvbnJlc3VsdHMvZXlKcWIySkpaQ0k2SWxKRlUwOVZVa05GUjFKUFZWQkVSVXhGVkVsUFRrcFBRaTFLUVZaQlExTk5Va2M1T0RVNExVVkJVMVJWVXlJc0ltcHZZa3h2WTJGMGFXOXVJam9pWldGemRIVnpJbjA/YXBpLXZlcnNpb249MjAxNy0wNS0xMA==",
      "RequestMethod": "GET",
      "RequestBody": "",
      "RequestHeaders": {
        "User-Agent": [
          "FxVersion/4.6.25211.01",
          "Microsoft.Azure.Management.ResourceManager.Fluent.ResourceManagementClient/1.11.0.0",
          "MacAddressHash/cc0dc995bd7689190d87305dca6418746f27065181fa649f43731fb8fc5f1b10"
        ]
      },
      "ResponseBody": "",
      "ResponseHeaders": {
        "Content-Length": [
          "0"
        ],
        "Expires": [
          "-1"
        ],
        "Cache-Control": [
          "no-cache"
        ],
        "Date": [
          "Thu, 28 Jun 2018 05:20:32 GMT"
        ],
        "Pragma": [
          "no-cache"
        ],
        "Location": [
          "https://management.azure.com/subscriptions/0b1f6471-1bf0-4dda-aec3-cb9272f09590/operationresults/eyJqb2JJZCI6IlJFU09VUkNFR1JPVVBERUxFVElPTkpPQi1KQVZBQ1NNUkc5ODU4LUVBU1RVUyIsImpvYkxvY2F0aW9uIjoiZWFzdHVzIn0?api-version=2017-05-10"
        ],
        "Retry-After": [
          "15"
        ],
        "x-ms-ratelimit-remaining-subscription-reads": [
          "14977"
        ],
        "x-ms-request-id": [
          "a42a0e27-d441-4ac4-ba82-60889da3d663"
        ],
        "x-ms-correlation-request-id": [
          "a42a0e27-d441-4ac4-ba82-60889da3d663"
        ],
        "x-ms-routing-request-id": [
          "WESTUS2:20180628T052032Z:a42a0e27-d441-4ac4-ba82-60889da3d663"
        ],
        "Strict-Transport-Security": [
          "max-age=31536000; includeSubDomains"
        ],
        "X-Content-Type-Options": [
          "nosniff"
        ]
      },
      "StatusCode": 202
    },
    {
      "RequestUri": "/subscriptions/0b1f6471-1bf0-4dda-aec3-cb9272f09590/operationresults/eyJqb2JJZCI6IlJFU09VUkNFR1JPVVBERUxFVElPTkpPQi1KQVZBQ1NNUkc5ODU4LUVBU1RVUyIsImpvYkxvY2F0aW9uIjoiZWFzdHVzIn0?api-version=2017-05-10",
      "EncodedRequestUri": "L3N1YnNjcmlwdGlvbnMvMGIxZjY0NzEtMWJmMC00ZGRhLWFlYzMtY2I5MjcyZjA5NTkwL29wZXJhdGlvbnJlc3VsdHMvZXlKcWIySkpaQ0k2SWxKRlUwOVZVa05GUjFKUFZWQkVSVXhGVkVsUFRrcFBRaTFLUVZaQlExTk5Va2M1T0RVNExVVkJVMVJWVXlJc0ltcHZZa3h2WTJGMGFXOXVJam9pWldGemRIVnpJbjA/YXBpLXZlcnNpb249MjAxNy0wNS0xMA==",
      "RequestMethod": "GET",
      "RequestBody": "",
      "RequestHeaders": {
        "User-Agent": [
          "FxVersion/4.6.25211.01",
          "Microsoft.Azure.Management.ResourceManager.Fluent.ResourceManagementClient/1.11.0.0",
          "MacAddressHash/cc0dc995bd7689190d87305dca6418746f27065181fa649f43731fb8fc5f1b10"
        ]
      },
      "ResponseBody": "",
      "ResponseHeaders": {
        "Content-Length": [
          "0"
        ],
        "Expires": [
          "-1"
        ],
        "Cache-Control": [
          "no-cache"
        ],
        "Date": [
          "Thu, 28 Jun 2018 05:20:47 GMT"
        ],
        "Pragma": [
          "no-cache"
        ],
        "Location": [
          "https://management.azure.com/subscriptions/0b1f6471-1bf0-4dda-aec3-cb9272f09590/operationresults/eyJqb2JJZCI6IlJFU09VUkNFR1JPVVBERUxFVElPTkpPQi1KQVZBQ1NNUkc5ODU4LUVBU1RVUyIsImpvYkxvY2F0aW9uIjoiZWFzdHVzIn0?api-version=2017-05-10"
        ],
        "Retry-After": [
          "15"
        ],
        "x-ms-ratelimit-remaining-subscription-reads": [
          "14976"
        ],
        "x-ms-request-id": [
          "0c5c4e29-0abb-4a00-9cc0-00bd0109561c"
        ],
        "x-ms-correlation-request-id": [
          "0c5c4e29-0abb-4a00-9cc0-00bd0109561c"
        ],
        "x-ms-routing-request-id": [
          "WESTUS2:20180628T052048Z:0c5c4e29-0abb-4a00-9cc0-00bd0109561c"
        ],
        "Strict-Transport-Security": [
          "max-age=31536000; includeSubDomains"
        ],
        "X-Content-Type-Options": [
          "nosniff"
        ]
      },
      "StatusCode": 202
    },
    {
      "RequestUri": "/subscriptions/0b1f6471-1bf0-4dda-aec3-cb9272f09590/operationresults/eyJqb2JJZCI6IlJFU09VUkNFR1JPVVBERUxFVElPTkpPQi1KQVZBQ1NNUkc5ODU4LUVBU1RVUyIsImpvYkxvY2F0aW9uIjoiZWFzdHVzIn0?api-version=2017-05-10",
      "EncodedRequestUri": "L3N1YnNjcmlwdGlvbnMvMGIxZjY0NzEtMWJmMC00ZGRhLWFlYzMtY2I5MjcyZjA5NTkwL29wZXJhdGlvbnJlc3VsdHMvZXlKcWIySkpaQ0k2SWxKRlUwOVZVa05GUjFKUFZWQkVSVXhGVkVsUFRrcFBRaTFLUVZaQlExTk5Va2M1T0RVNExVVkJVMVJWVXlJc0ltcHZZa3h2WTJGMGFXOXVJam9pWldGemRIVnpJbjA/YXBpLXZlcnNpb249MjAxNy0wNS0xMA==",
      "RequestMethod": "GET",
      "RequestBody": "",
      "RequestHeaders": {
        "User-Agent": [
          "FxVersion/4.6.25211.01",
          "Microsoft.Azure.Management.ResourceManager.Fluent.ResourceManagementClient/1.11.0.0",
          "MacAddressHash/cc0dc995bd7689190d87305dca6418746f27065181fa649f43731fb8fc5f1b10"
        ]
      },
      "ResponseBody": "",
      "ResponseHeaders": {
        "Content-Length": [
          "0"
        ],
        "Expires": [
          "-1"
        ],
        "Cache-Control": [
          "no-cache"
        ],
        "Date": [
          "Thu, 28 Jun 2018 05:21:03 GMT"
        ],
        "Pragma": [
          "no-cache"
        ],
        "Location": [
          "https://management.azure.com/subscriptions/0b1f6471-1bf0-4dda-aec3-cb9272f09590/operationresults/eyJqb2JJZCI6IlJFU09VUkNFR1JPVVBERUxFVElPTkpPQi1KQVZBQ1NNUkc5ODU4LUVBU1RVUyIsImpvYkxvY2F0aW9uIjoiZWFzdHVzIn0?api-version=2017-05-10"
        ],
        "Retry-After": [
          "15"
        ],
        "x-ms-ratelimit-remaining-subscription-reads": [
          "14975"
        ],
        "x-ms-request-id": [
          "a5a5ee7e-f45c-4e4e-b118-1537e2f466ee"
        ],
        "x-ms-correlation-request-id": [
          "a5a5ee7e-f45c-4e4e-b118-1537e2f466ee"
        ],
        "x-ms-routing-request-id": [
          "WESTUS2:20180628T052103Z:a5a5ee7e-f45c-4e4e-b118-1537e2f466ee"
        ],
        "Strict-Transport-Security": [
          "max-age=31536000; includeSubDomains"
        ],
        "X-Content-Type-Options": [
          "nosniff"
        ]
      },
      "StatusCode": 202
    },
    {
      "RequestUri": "/subscriptions/0b1f6471-1bf0-4dda-aec3-cb9272f09590/operationresults/eyJqb2JJZCI6IlJFU09VUkNFR1JPVVBERUxFVElPTkpPQi1KQVZBQ1NNUkc5ODU4LUVBU1RVUyIsImpvYkxvY2F0aW9uIjoiZWFzdHVzIn0?api-version=2017-05-10",
      "EncodedRequestUri": "L3N1YnNjcmlwdGlvbnMvMGIxZjY0NzEtMWJmMC00ZGRhLWFlYzMtY2I5MjcyZjA5NTkwL29wZXJhdGlvbnJlc3VsdHMvZXlKcWIySkpaQ0k2SWxKRlUwOVZVa05GUjFKUFZWQkVSVXhGVkVsUFRrcFBRaTFLUVZaQlExTk5Va2M1T0RVNExVVkJVMVJWVXlJc0ltcHZZa3h2WTJGMGFXOXVJam9pWldGemRIVnpJbjA/YXBpLXZlcnNpb249MjAxNy0wNS0xMA==",
      "RequestMethod": "GET",
      "RequestBody": "",
      "RequestHeaders": {
        "User-Agent": [
          "FxVersion/4.6.25211.01",
          "Microsoft.Azure.Management.ResourceManager.Fluent.ResourceManagementClient/1.11.0.0",
          "MacAddressHash/cc0dc995bd7689190d87305dca6418746f27065181fa649f43731fb8fc5f1b10"
        ]
      },
      "ResponseBody": "",
      "ResponseHeaders": {
        "Content-Length": [
          "0"
        ],
        "Expires": [
          "-1"
        ],
        "Cache-Control": [
          "no-cache"
        ],
        "Date": [
          "Thu, 28 Jun 2018 05:21:17 GMT"
        ],
        "Pragma": [
          "no-cache"
        ],
        "Location": [
          "https://management.azure.com/subscriptions/0b1f6471-1bf0-4dda-aec3-cb9272f09590/operationresults/eyJqb2JJZCI6IlJFU09VUkNFR1JPVVBERUxFVElPTkpPQi1KQVZBQ1NNUkc5ODU4LUVBU1RVUyIsImpvYkxvY2F0aW9uIjoiZWFzdHVzIn0?api-version=2017-05-10"
        ],
        "Retry-After": [
          "15"
        ],
        "x-ms-ratelimit-remaining-subscription-reads": [
          "14974"
        ],
        "x-ms-request-id": [
          "0178e06f-0745-46c8-813b-80f917450a47"
        ],
        "x-ms-correlation-request-id": [
          "0178e06f-0745-46c8-813b-80f917450a47"
        ],
        "x-ms-routing-request-id": [
          "WESTUS2:20180628T052118Z:0178e06f-0745-46c8-813b-80f917450a47"
        ],
        "Strict-Transport-Security": [
          "max-age=31536000; includeSubDomains"
        ],
        "X-Content-Type-Options": [
          "nosniff"
        ]
      },
      "StatusCode": 202
    },
    {
      "RequestUri": "/subscriptions/0b1f6471-1bf0-4dda-aec3-cb9272f09590/operationresults/eyJqb2JJZCI6IlJFU09VUkNFR1JPVVBERUxFVElPTkpPQi1KQVZBQ1NNUkc5ODU4LUVBU1RVUyIsImpvYkxvY2F0aW9uIjoiZWFzdHVzIn0?api-version=2017-05-10",
      "EncodedRequestUri": "L3N1YnNjcmlwdGlvbnMvMGIxZjY0NzEtMWJmMC00ZGRhLWFlYzMtY2I5MjcyZjA5NTkwL29wZXJhdGlvbnJlc3VsdHMvZXlKcWIySkpaQ0k2SWxKRlUwOVZVa05GUjFKUFZWQkVSVXhGVkVsUFRrcFBRaTFLUVZaQlExTk5Va2M1T0RVNExVVkJVMVJWVXlJc0ltcHZZa3h2WTJGMGFXOXVJam9pWldGemRIVnpJbjA/YXBpLXZlcnNpb249MjAxNy0wNS0xMA==",
      "RequestMethod": "GET",
      "RequestBody": "",
      "RequestHeaders": {
        "User-Agent": [
          "FxVersion/4.6.25211.01",
          "Microsoft.Azure.Management.ResourceManager.Fluent.ResourceManagementClient/1.11.0.0",
          "MacAddressHash/cc0dc995bd7689190d87305dca6418746f27065181fa649f43731fb8fc5f1b10"
        ]
      },
      "ResponseBody": "",
      "ResponseHeaders": {
        "Content-Length": [
          "0"
        ],
        "Expires": [
          "-1"
        ],
        "Cache-Control": [
          "no-cache"
        ],
        "Date": [
          "Thu, 28 Jun 2018 05:21:33 GMT"
        ],
        "Pragma": [
          "no-cache"
        ],
        "Location": [
          "https://management.azure.com/subscriptions/0b1f6471-1bf0-4dda-aec3-cb9272f09590/operationresults/eyJqb2JJZCI6IlJFU09VUkNFR1JPVVBERUxFVElPTkpPQi1KQVZBQ1NNUkc5ODU4LUVBU1RVUyIsImpvYkxvY2F0aW9uIjoiZWFzdHVzIn0?api-version=2017-05-10"
        ],
        "Retry-After": [
          "15"
        ],
        "x-ms-ratelimit-remaining-subscription-reads": [
          "14973"
        ],
        "x-ms-request-id": [
          "9d02a389-8c36-4f2a-9159-3b2d78249ca3"
        ],
        "x-ms-correlation-request-id": [
          "9d02a389-8c36-4f2a-9159-3b2d78249ca3"
        ],
        "x-ms-routing-request-id": [
          "WESTUS2:20180628T052134Z:9d02a389-8c36-4f2a-9159-3b2d78249ca3"
        ],
        "Strict-Transport-Security": [
          "max-age=31536000; includeSubDomains"
        ],
        "X-Content-Type-Options": [
          "nosniff"
        ]
      },
      "StatusCode": 202
    },
    {
      "RequestUri": "/subscriptions/0b1f6471-1bf0-4dda-aec3-cb9272f09590/operationresults/eyJqb2JJZCI6IlJFU09VUkNFR1JPVVBERUxFVElPTkpPQi1KQVZBQ1NNUkc5ODU4LUVBU1RVUyIsImpvYkxvY2F0aW9uIjoiZWFzdHVzIn0?api-version=2017-05-10",
      "EncodedRequestUri": "L3N1YnNjcmlwdGlvbnMvMGIxZjY0NzEtMWJmMC00ZGRhLWFlYzMtY2I5MjcyZjA5NTkwL29wZXJhdGlvbnJlc3VsdHMvZXlKcWIySkpaQ0k2SWxKRlUwOVZVa05GUjFKUFZWQkVSVXhGVkVsUFRrcFBRaTFLUVZaQlExTk5Va2M1T0RVNExVVkJVMVJWVXlJc0ltcHZZa3h2WTJGMGFXOXVJam9pWldGemRIVnpJbjA/YXBpLXZlcnNpb249MjAxNy0wNS0xMA==",
      "RequestMethod": "GET",
      "RequestBody": "",
      "RequestHeaders": {
        "User-Agent": [
          "FxVersion/4.6.25211.01",
          "Microsoft.Azure.Management.ResourceManager.Fluent.ResourceManagementClient/1.11.0.0",
          "MacAddressHash/cc0dc995bd7689190d87305dca6418746f27065181fa649f43731fb8fc5f1b10"
        ]
      },
      "ResponseBody": "",
      "ResponseHeaders": {
        "Content-Length": [
          "0"
        ],
        "Expires": [
          "-1"
        ],
        "Cache-Control": [
          "no-cache"
        ],
        "Date": [
          "Thu, 28 Jun 2018 05:21:48 GMT"
        ],
        "Pragma": [
          "no-cache"
        ],
        "Location": [
          "https://management.azure.com/subscriptions/0b1f6471-1bf0-4dda-aec3-cb9272f09590/operationresults/eyJqb2JJZCI6IlJFU09VUkNFR1JPVVBERUxFVElPTkpPQi1KQVZBQ1NNUkc5ODU4LUVBU1RVUyIsImpvYkxvY2F0aW9uIjoiZWFzdHVzIn0?api-version=2017-05-10"
        ],
        "Retry-After": [
          "15"
        ],
        "x-ms-ratelimit-remaining-subscription-reads": [
          "14972"
        ],
        "x-ms-request-id": [
          "efc0513e-1696-43d1-9f43-ed6fd0049654"
        ],
        "x-ms-correlation-request-id": [
          "efc0513e-1696-43d1-9f43-ed6fd0049654"
        ],
        "x-ms-routing-request-id": [
          "WESTUS2:20180628T052149Z:efc0513e-1696-43d1-9f43-ed6fd0049654"
        ],
        "Strict-Transport-Security": [
          "max-age=31536000; includeSubDomains"
        ],
        "X-Content-Type-Options": [
          "nosniff"
        ]
      },
      "StatusCode": 202
    },
    {
      "RequestUri": "/subscriptions/0b1f6471-1bf0-4dda-aec3-cb9272f09590/operationresults/eyJqb2JJZCI6IlJFU09VUkNFR1JPVVBERUxFVElPTkpPQi1KQVZBQ1NNUkc5ODU4LUVBU1RVUyIsImpvYkxvY2F0aW9uIjoiZWFzdHVzIn0?api-version=2017-05-10",
      "EncodedRequestUri": "L3N1YnNjcmlwdGlvbnMvMGIxZjY0NzEtMWJmMC00ZGRhLWFlYzMtY2I5MjcyZjA5NTkwL29wZXJhdGlvbnJlc3VsdHMvZXlKcWIySkpaQ0k2SWxKRlUwOVZVa05GUjFKUFZWQkVSVXhGVkVsUFRrcFBRaTFLUVZaQlExTk5Va2M1T0RVNExVVkJVMVJWVXlJc0ltcHZZa3h2WTJGMGFXOXVJam9pWldGemRIVnpJbjA/YXBpLXZlcnNpb249MjAxNy0wNS0xMA==",
      "RequestMethod": "GET",
      "RequestBody": "",
      "RequestHeaders": {
        "User-Agent": [
          "FxVersion/4.6.25211.01",
          "Microsoft.Azure.Management.ResourceManager.Fluent.ResourceManagementClient/1.11.0.0",
          "MacAddressHash/cc0dc995bd7689190d87305dca6418746f27065181fa649f43731fb8fc5f1b10"
        ]
      },
      "ResponseBody": "",
      "ResponseHeaders": {
        "Content-Length": [
          "0"
        ],
        "Expires": [
          "-1"
        ],
        "Cache-Control": [
          "no-cache"
        ],
        "Date": [
          "Thu, 28 Jun 2018 05:22:04 GMT"
        ],
        "Pragma": [
          "no-cache"
        ],
        "Location": [
          "https://management.azure.com/subscriptions/0b1f6471-1bf0-4dda-aec3-cb9272f09590/operationresults/eyJqb2JJZCI6IlJFU09VUkNFR1JPVVBERUxFVElPTkpPQi1KQVZBQ1NNUkc5ODU4LUVBU1RVUyIsImpvYkxvY2F0aW9uIjoiZWFzdHVzIn0?api-version=2017-05-10"
        ],
        "Retry-After": [
          "15"
        ],
        "x-ms-ratelimit-remaining-subscription-reads": [
          "14971"
        ],
        "x-ms-request-id": [
          "b7526886-2daf-413b-bc36-97971d6172a6"
        ],
        "x-ms-correlation-request-id": [
          "b7526886-2daf-413b-bc36-97971d6172a6"
        ],
        "x-ms-routing-request-id": [
          "WESTUS2:20180628T052204Z:b7526886-2daf-413b-bc36-97971d6172a6"
        ],
        "Strict-Transport-Security": [
          "max-age=31536000; includeSubDomains"
        ],
        "X-Content-Type-Options": [
          "nosniff"
        ]
      },
      "StatusCode": 202
    },
    {
      "RequestUri": "/subscriptions/0b1f6471-1bf0-4dda-aec3-cb9272f09590/operationresults/eyJqb2JJZCI6IlJFU09VUkNFR1JPVVBERUxFVElPTkpPQi1KQVZBQ1NNUkc5ODU4LUVBU1RVUyIsImpvYkxvY2F0aW9uIjoiZWFzdHVzIn0?api-version=2017-05-10",
      "EncodedRequestUri": "L3N1YnNjcmlwdGlvbnMvMGIxZjY0NzEtMWJmMC00ZGRhLWFlYzMtY2I5MjcyZjA5NTkwL29wZXJhdGlvbnJlc3VsdHMvZXlKcWIySkpaQ0k2SWxKRlUwOVZVa05GUjFKUFZWQkVSVXhGVkVsUFRrcFBRaTFLUVZaQlExTk5Va2M1T0RVNExVVkJVMVJWVXlJc0ltcHZZa3h2WTJGMGFXOXVJam9pWldGemRIVnpJbjA/YXBpLXZlcnNpb249MjAxNy0wNS0xMA==",
      "RequestMethod": "GET",
      "RequestBody": "",
      "RequestHeaders": {
        "User-Agent": [
          "FxVersion/4.6.25211.01",
          "Microsoft.Azure.Management.ResourceManager.Fluent.ResourceManagementClient/1.11.0.0",
          "MacAddressHash/cc0dc995bd7689190d87305dca6418746f27065181fa649f43731fb8fc5f1b10"
        ]
      },
      "ResponseBody": "",
      "ResponseHeaders": {
        "Content-Length": [
          "0"
        ],
        "Expires": [
          "-1"
        ],
        "Cache-Control": [
          "no-cache"
        ],
        "Date": [
          "Thu, 28 Jun 2018 05:22:18 GMT"
        ],
        "Pragma": [
          "no-cache"
        ],
        "Location": [
          "https://management.azure.com/subscriptions/0b1f6471-1bf0-4dda-aec3-cb9272f09590/operationresults/eyJqb2JJZCI6IlJFU09VUkNFR1JPVVBERUxFVElPTkpPQi1KQVZBQ1NNUkc5ODU4LUVBU1RVUyIsImpvYkxvY2F0aW9uIjoiZWFzdHVzIn0?api-version=2017-05-10"
        ],
        "Retry-After": [
          "15"
        ],
        "x-ms-ratelimit-remaining-subscription-reads": [
          "14970"
        ],
        "x-ms-request-id": [
          "2e5256dc-00a3-41a6-985f-90f47d26cb6b"
        ],
        "x-ms-correlation-request-id": [
          "2e5256dc-00a3-41a6-985f-90f47d26cb6b"
        ],
        "x-ms-routing-request-id": [
          "WESTUS2:20180628T052219Z:2e5256dc-00a3-41a6-985f-90f47d26cb6b"
        ],
        "Strict-Transport-Security": [
          "max-age=31536000; includeSubDomains"
        ],
        "X-Content-Type-Options": [
          "nosniff"
        ]
      },
      "StatusCode": 202
    },
    {
      "RequestUri": "/subscriptions/0b1f6471-1bf0-4dda-aec3-cb9272f09590/operationresults/eyJqb2JJZCI6IlJFU09VUkNFR1JPVVBERUxFVElPTkpPQi1KQVZBQ1NNUkc5ODU4LUVBU1RVUyIsImpvYkxvY2F0aW9uIjoiZWFzdHVzIn0?api-version=2017-05-10",
      "EncodedRequestUri": "L3N1YnNjcmlwdGlvbnMvMGIxZjY0NzEtMWJmMC00ZGRhLWFlYzMtY2I5MjcyZjA5NTkwL29wZXJhdGlvbnJlc3VsdHMvZXlKcWIySkpaQ0k2SWxKRlUwOVZVa05GUjFKUFZWQkVSVXhGVkVsUFRrcFBRaTFLUVZaQlExTk5Va2M1T0RVNExVVkJVMVJWVXlJc0ltcHZZa3h2WTJGMGFXOXVJam9pWldGemRIVnpJbjA/YXBpLXZlcnNpb249MjAxNy0wNS0xMA==",
      "RequestMethod": "GET",
      "RequestBody": "",
      "RequestHeaders": {
        "User-Agent": [
          "FxVersion/4.6.25211.01",
          "Microsoft.Azure.Management.ResourceManager.Fluent.ResourceManagementClient/1.11.0.0",
          "MacAddressHash/cc0dc995bd7689190d87305dca6418746f27065181fa649f43731fb8fc5f1b10"
        ]
      },
      "ResponseBody": "",
      "ResponseHeaders": {
        "Content-Length": [
          "0"
        ],
        "Expires": [
          "-1"
        ],
        "Cache-Control": [
          "no-cache"
        ],
        "Date": [
          "Thu, 28 Jun 2018 05:22:33 GMT"
        ],
        "Pragma": [
          "no-cache"
        ],
        "Location": [
          "https://management.azure.com/subscriptions/0b1f6471-1bf0-4dda-aec3-cb9272f09590/operationresults/eyJqb2JJZCI6IlJFU09VUkNFR1JPVVBERUxFVElPTkpPQi1KQVZBQ1NNUkc5ODU4LUVBU1RVUyIsImpvYkxvY2F0aW9uIjoiZWFzdHVzIn0?api-version=2017-05-10"
        ],
        "Retry-After": [
          "15"
        ],
        "x-ms-ratelimit-remaining-subscription-reads": [
          "14969"
        ],
        "x-ms-request-id": [
          "01048d89-f5e1-4c6a-a22c-cad97020fa65"
        ],
        "x-ms-correlation-request-id": [
          "01048d89-f5e1-4c6a-a22c-cad97020fa65"
        ],
        "x-ms-routing-request-id": [
          "WESTUS2:20180628T052234Z:01048d89-f5e1-4c6a-a22c-cad97020fa65"
        ],
        "Strict-Transport-Security": [
          "max-age=31536000; includeSubDomains"
        ],
        "X-Content-Type-Options": [
          "nosniff"
        ]
      },
      "StatusCode": 202
    },
    {
      "RequestUri": "/subscriptions/0b1f6471-1bf0-4dda-aec3-cb9272f09590/operationresults/eyJqb2JJZCI6IlJFU09VUkNFR1JPVVBERUxFVElPTkpPQi1KQVZBQ1NNUkc5ODU4LUVBU1RVUyIsImpvYkxvY2F0aW9uIjoiZWFzdHVzIn0?api-version=2017-05-10",
      "EncodedRequestUri": "L3N1YnNjcmlwdGlvbnMvMGIxZjY0NzEtMWJmMC00ZGRhLWFlYzMtY2I5MjcyZjA5NTkwL29wZXJhdGlvbnJlc3VsdHMvZXlKcWIySkpaQ0k2SWxKRlUwOVZVa05GUjFKUFZWQkVSVXhGVkVsUFRrcFBRaTFLUVZaQlExTk5Va2M1T0RVNExVVkJVMVJWVXlJc0ltcHZZa3h2WTJGMGFXOXVJam9pWldGemRIVnpJbjA/YXBpLXZlcnNpb249MjAxNy0wNS0xMA==",
      "RequestMethod": "GET",
      "RequestBody": "",
      "RequestHeaders": {
        "User-Agent": [
          "FxVersion/4.6.25211.01",
          "Microsoft.Azure.Management.ResourceManager.Fluent.ResourceManagementClient/1.11.0.0",
          "MacAddressHash/cc0dc995bd7689190d87305dca6418746f27065181fa649f43731fb8fc5f1b10"
        ]
      },
      "ResponseBody": "",
      "ResponseHeaders": {
        "Content-Length": [
          "0"
        ],
        "Expires": [
          "-1"
        ],
        "Cache-Control": [
          "no-cache"
        ],
        "Date": [
          "Thu, 28 Jun 2018 05:22:49 GMT"
        ],
        "Pragma": [
          "no-cache"
        ],
        "Location": [
          "https://management.azure.com/subscriptions/0b1f6471-1bf0-4dda-aec3-cb9272f09590/operationresults/eyJqb2JJZCI6IlJFU09VUkNFR1JPVVBERUxFVElPTkpPQi1KQVZBQ1NNUkc5ODU4LUVBU1RVUyIsImpvYkxvY2F0aW9uIjoiZWFzdHVzIn0?api-version=2017-05-10"
        ],
        "Retry-After": [
          "15"
        ],
        "x-ms-ratelimit-remaining-subscription-reads": [
          "14968"
        ],
        "x-ms-request-id": [
          "5ae288c3-4b79-42cd-a53e-960ae491e9fb"
        ],
        "x-ms-correlation-request-id": [
          "5ae288c3-4b79-42cd-a53e-960ae491e9fb"
        ],
        "x-ms-routing-request-id": [
          "WESTUS2:20180628T052249Z:5ae288c3-4b79-42cd-a53e-960ae491e9fb"
        ],
        "Strict-Transport-Security": [
          "max-age=31536000; includeSubDomains"
        ],
        "X-Content-Type-Options": [
          "nosniff"
        ]
      },
      "StatusCode": 202
    },
    {
      "RequestUri": "/subscriptions/0b1f6471-1bf0-4dda-aec3-cb9272f09590/operationresults/eyJqb2JJZCI6IlJFU09VUkNFR1JPVVBERUxFVElPTkpPQi1KQVZBQ1NNUkc5ODU4LUVBU1RVUyIsImpvYkxvY2F0aW9uIjoiZWFzdHVzIn0?api-version=2017-05-10",
      "EncodedRequestUri": "L3N1YnNjcmlwdGlvbnMvMGIxZjY0NzEtMWJmMC00ZGRhLWFlYzMtY2I5MjcyZjA5NTkwL29wZXJhdGlvbnJlc3VsdHMvZXlKcWIySkpaQ0k2SWxKRlUwOVZVa05GUjFKUFZWQkVSVXhGVkVsUFRrcFBRaTFLUVZaQlExTk5Va2M1T0RVNExVVkJVMVJWVXlJc0ltcHZZa3h2WTJGMGFXOXVJam9pWldGemRIVnpJbjA/YXBpLXZlcnNpb249MjAxNy0wNS0xMA==",
      "RequestMethod": "GET",
      "RequestBody": "",
      "RequestHeaders": {
        "User-Agent": [
          "FxVersion/4.6.25211.01",
          "Microsoft.Azure.Management.ResourceManager.Fluent.ResourceManagementClient/1.11.0.0",
          "MacAddressHash/cc0dc995bd7689190d87305dca6418746f27065181fa649f43731fb8fc5f1b10"
        ]
      },
      "ResponseBody": "",
      "ResponseHeaders": {
        "Content-Length": [
          "0"
        ],
        "Expires": [
          "-1"
        ],
        "Cache-Control": [
          "no-cache"
        ],
        "Date": [
          "Thu, 28 Jun 2018 05:23:04 GMT"
        ],
        "Pragma": [
          "no-cache"
        ],
        "Location": [
          "https://management.azure.com/subscriptions/0b1f6471-1bf0-4dda-aec3-cb9272f09590/operationresults/eyJqb2JJZCI6IlJFU09VUkNFR1JPVVBERUxFVElPTkpPQi1KQVZBQ1NNUkc5ODU4LUVBU1RVUyIsImpvYkxvY2F0aW9uIjoiZWFzdHVzIn0?api-version=2017-05-10"
        ],
        "Retry-After": [
          "15"
        ],
        "x-ms-ratelimit-remaining-subscription-reads": [
          "14967"
        ],
        "x-ms-request-id": [
          "6a65c33f-d65b-4ffe-8deb-c6e41fe28180"
        ],
        "x-ms-correlation-request-id": [
          "6a65c33f-d65b-4ffe-8deb-c6e41fe28180"
        ],
        "x-ms-routing-request-id": [
          "WESTUS2:20180628T052304Z:6a65c33f-d65b-4ffe-8deb-c6e41fe28180"
        ],
        "Strict-Transport-Security": [
          "max-age=31536000; includeSubDomains"
        ],
        "X-Content-Type-Options": [
          "nosniff"
        ]
      },
      "StatusCode": 202
    },
    {
      "RequestUri": "/subscriptions/0b1f6471-1bf0-4dda-aec3-cb9272f09590/operationresults/eyJqb2JJZCI6IlJFU09VUkNFR1JPVVBERUxFVElPTkpPQi1KQVZBQ1NNUkc5ODU4LUVBU1RVUyIsImpvYkxvY2F0aW9uIjoiZWFzdHVzIn0?api-version=2017-05-10",
      "EncodedRequestUri": "L3N1YnNjcmlwdGlvbnMvMGIxZjY0NzEtMWJmMC00ZGRhLWFlYzMtY2I5MjcyZjA5NTkwL29wZXJhdGlvbnJlc3VsdHMvZXlKcWIySkpaQ0k2SWxKRlUwOVZVa05GUjFKUFZWQkVSVXhGVkVsUFRrcFBRaTFLUVZaQlExTk5Va2M1T0RVNExVVkJVMVJWVXlJc0ltcHZZa3h2WTJGMGFXOXVJam9pWldGemRIVnpJbjA/YXBpLXZlcnNpb249MjAxNy0wNS0xMA==",
      "RequestMethod": "GET",
      "RequestBody": "",
      "RequestHeaders": {
        "User-Agent": [
          "FxVersion/4.6.25211.01",
          "Microsoft.Azure.Management.ResourceManager.Fluent.ResourceManagementClient/1.11.0.0",
          "MacAddressHash/cc0dc995bd7689190d87305dca6418746f27065181fa649f43731fb8fc5f1b10"
        ]
      },
      "ResponseBody": "",
      "ResponseHeaders": {
        "Content-Length": [
          "0"
        ],
        "Expires": [
          "-1"
        ],
        "Cache-Control": [
          "no-cache"
        ],
        "Date": [
          "Thu, 28 Jun 2018 05:23:19 GMT"
        ],
        "Pragma": [
          "no-cache"
        ],
        "Location": [
          "https://management.azure.com/subscriptions/0b1f6471-1bf0-4dda-aec3-cb9272f09590/operationresults/eyJqb2JJZCI6IlJFU09VUkNFR1JPVVBERUxFVElPTkpPQi1KQVZBQ1NNUkc5ODU4LUVBU1RVUyIsImpvYkxvY2F0aW9uIjoiZWFzdHVzIn0?api-version=2017-05-10"
        ],
        "Retry-After": [
          "15"
        ],
        "x-ms-ratelimit-remaining-subscription-reads": [
          "14966"
        ],
        "x-ms-request-id": [
          "1d79b180-0a44-4be3-a027-6698eeecfa20"
        ],
        "x-ms-correlation-request-id": [
          "1d79b180-0a44-4be3-a027-6698eeecfa20"
        ],
        "x-ms-routing-request-id": [
          "WESTUS2:20180628T052320Z:1d79b180-0a44-4be3-a027-6698eeecfa20"
        ],
        "Strict-Transport-Security": [
          "max-age=31536000; includeSubDomains"
        ],
        "X-Content-Type-Options": [
          "nosniff"
        ]
      },
      "StatusCode": 202
    },
    {
      "RequestUri": "/subscriptions/0b1f6471-1bf0-4dda-aec3-cb9272f09590/operationresults/eyJqb2JJZCI6IlJFU09VUkNFR1JPVVBERUxFVElPTkpPQi1KQVZBQ1NNUkc5ODU4LUVBU1RVUyIsImpvYkxvY2F0aW9uIjoiZWFzdHVzIn0?api-version=2017-05-10",
      "EncodedRequestUri": "L3N1YnNjcmlwdGlvbnMvMGIxZjY0NzEtMWJmMC00ZGRhLWFlYzMtY2I5MjcyZjA5NTkwL29wZXJhdGlvbnJlc3VsdHMvZXlKcWIySkpaQ0k2SWxKRlUwOVZVa05GUjFKUFZWQkVSVXhGVkVsUFRrcFBRaTFLUVZaQlExTk5Va2M1T0RVNExVVkJVMVJWVXlJc0ltcHZZa3h2WTJGMGFXOXVJam9pWldGemRIVnpJbjA/YXBpLXZlcnNpb249MjAxNy0wNS0xMA==",
      "RequestMethod": "GET",
      "RequestBody": "",
      "RequestHeaders": {
        "User-Agent": [
          "FxVersion/4.6.25211.01",
          "Microsoft.Azure.Management.ResourceManager.Fluent.ResourceManagementClient/1.11.0.0",
          "MacAddressHash/cc0dc995bd7689190d87305dca6418746f27065181fa649f43731fb8fc5f1b10"
        ]
      },
      "ResponseBody": "",
      "ResponseHeaders": {
        "Content-Length": [
          "0"
        ],
        "Expires": [
          "-1"
        ],
        "Cache-Control": [
          "no-cache"
        ],
        "Date": [
          "Thu, 28 Jun 2018 05:23:34 GMT"
        ],
        "Pragma": [
          "no-cache"
        ],
        "Location": [
          "https://management.azure.com/subscriptions/0b1f6471-1bf0-4dda-aec3-cb9272f09590/operationresults/eyJqb2JJZCI6IlJFU09VUkNFR1JPVVBERUxFVElPTkpPQi1KQVZBQ1NNUkc5ODU4LUVBU1RVUyIsImpvYkxvY2F0aW9uIjoiZWFzdHVzIn0?api-version=2017-05-10"
        ],
        "Retry-After": [
          "15"
        ],
        "x-ms-ratelimit-remaining-subscription-reads": [
          "14965"
        ],
        "x-ms-request-id": [
          "241001d6-4e47-41f0-b538-3af13fd5ae12"
        ],
        "x-ms-correlation-request-id": [
          "241001d6-4e47-41f0-b538-3af13fd5ae12"
        ],
        "x-ms-routing-request-id": [
          "WESTUS2:20180628T052335Z:241001d6-4e47-41f0-b538-3af13fd5ae12"
        ],
        "Strict-Transport-Security": [
          "max-age=31536000; includeSubDomains"
        ],
        "X-Content-Type-Options": [
          "nosniff"
        ]
      },
      "StatusCode": 202
    },
    {
      "RequestUri": "/subscriptions/0b1f6471-1bf0-4dda-aec3-cb9272f09590/operationresults/eyJqb2JJZCI6IlJFU09VUkNFR1JPVVBERUxFVElPTkpPQi1KQVZBQ1NNUkc5ODU4LUVBU1RVUyIsImpvYkxvY2F0aW9uIjoiZWFzdHVzIn0?api-version=2017-05-10",
      "EncodedRequestUri": "L3N1YnNjcmlwdGlvbnMvMGIxZjY0NzEtMWJmMC00ZGRhLWFlYzMtY2I5MjcyZjA5NTkwL29wZXJhdGlvbnJlc3VsdHMvZXlKcWIySkpaQ0k2SWxKRlUwOVZVa05GUjFKUFZWQkVSVXhGVkVsUFRrcFBRaTFLUVZaQlExTk5Va2M1T0RVNExVVkJVMVJWVXlJc0ltcHZZa3h2WTJGMGFXOXVJam9pWldGemRIVnpJbjA/YXBpLXZlcnNpb249MjAxNy0wNS0xMA==",
      "RequestMethod": "GET",
      "RequestBody": "",
      "RequestHeaders": {
        "User-Agent": [
          "FxVersion/4.6.25211.01",
          "Microsoft.Azure.Management.ResourceManager.Fluent.ResourceManagementClient/1.11.0.0",
          "MacAddressHash/cc0dc995bd7689190d87305dca6418746f27065181fa649f43731fb8fc5f1b10"
        ]
      },
      "ResponseBody": "",
      "ResponseHeaders": {
        "Content-Length": [
          "0"
        ],
        "Expires": [
          "-1"
        ],
        "Cache-Control": [
          "no-cache"
        ],
        "Date": [
          "Thu, 28 Jun 2018 05:23:50 GMT"
        ],
        "Pragma": [
          "no-cache"
        ],
        "Location": [
          "https://management.azure.com/subscriptions/0b1f6471-1bf0-4dda-aec3-cb9272f09590/operationresults/eyJqb2JJZCI6IlJFU09VUkNFR1JPVVBERUxFVElPTkpPQi1KQVZBQ1NNUkc5ODU4LUVBU1RVUyIsImpvYkxvY2F0aW9uIjoiZWFzdHVzIn0?api-version=2017-05-10"
        ],
        "Retry-After": [
          "15"
        ],
        "x-ms-ratelimit-remaining-subscription-reads": [
          "14964"
        ],
        "x-ms-request-id": [
          "918ac30e-8ba4-421e-884a-cc64d2833eb1"
        ],
        "x-ms-correlation-request-id": [
          "918ac30e-8ba4-421e-884a-cc64d2833eb1"
        ],
        "x-ms-routing-request-id": [
          "WESTUS2:20180628T052350Z:918ac30e-8ba4-421e-884a-cc64d2833eb1"
        ],
        "Strict-Transport-Security": [
          "max-age=31536000; includeSubDomains"
        ],
        "X-Content-Type-Options": [
          "nosniff"
        ]
      },
      "StatusCode": 202
    },
    {
      "RequestUri": "/subscriptions/0b1f6471-1bf0-4dda-aec3-cb9272f09590/operationresults/eyJqb2JJZCI6IlJFU09VUkNFR1JPVVBERUxFVElPTkpPQi1KQVZBQ1NNUkc5ODU4LUVBU1RVUyIsImpvYkxvY2F0aW9uIjoiZWFzdHVzIn0?api-version=2017-05-10",
      "EncodedRequestUri": "L3N1YnNjcmlwdGlvbnMvMGIxZjY0NzEtMWJmMC00ZGRhLWFlYzMtY2I5MjcyZjA5NTkwL29wZXJhdGlvbnJlc3VsdHMvZXlKcWIySkpaQ0k2SWxKRlUwOVZVa05GUjFKUFZWQkVSVXhGVkVsUFRrcFBRaTFLUVZaQlExTk5Va2M1T0RVNExVVkJVMVJWVXlJc0ltcHZZa3h2WTJGMGFXOXVJam9pWldGemRIVnpJbjA/YXBpLXZlcnNpb249MjAxNy0wNS0xMA==",
      "RequestMethod": "GET",
      "RequestBody": "",
      "RequestHeaders": {
        "User-Agent": [
          "FxVersion/4.6.25211.01",
          "Microsoft.Azure.Management.ResourceManager.Fluent.ResourceManagementClient/1.11.0.0",
          "MacAddressHash/cc0dc995bd7689190d87305dca6418746f27065181fa649f43731fb8fc5f1b10"
        ]
      },
      "ResponseBody": "",
      "ResponseHeaders": {
        "Content-Length": [
          "0"
        ],
        "Expires": [
          "-1"
        ],
        "Cache-Control": [
          "no-cache"
        ],
        "Date": [
          "Thu, 28 Jun 2018 05:24:05 GMT"
        ],
        "Pragma": [
          "no-cache"
        ],
        "Location": [
          "https://management.azure.com/subscriptions/0b1f6471-1bf0-4dda-aec3-cb9272f09590/operationresults/eyJqb2JJZCI6IlJFU09VUkNFR1JPVVBERUxFVElPTkpPQi1KQVZBQ1NNUkc5ODU4LUVBU1RVUyIsImpvYkxvY2F0aW9uIjoiZWFzdHVzIn0?api-version=2017-05-10"
        ],
        "Retry-After": [
          "15"
        ],
        "x-ms-ratelimit-remaining-subscription-reads": [
          "14963"
        ],
        "x-ms-request-id": [
          "812b5a8e-b268-4b21-96c2-cb1eb778460a"
        ],
        "x-ms-correlation-request-id": [
          "812b5a8e-b268-4b21-96c2-cb1eb778460a"
        ],
        "x-ms-routing-request-id": [
          "WESTUS2:20180628T052405Z:812b5a8e-b268-4b21-96c2-cb1eb778460a"
        ],
        "Strict-Transport-Security": [
          "max-age=31536000; includeSubDomains"
        ],
        "X-Content-Type-Options": [
          "nosniff"
        ]
      },
      "StatusCode": 202
    },
    {
      "RequestUri": "/subscriptions/0b1f6471-1bf0-4dda-aec3-cb9272f09590/operationresults/eyJqb2JJZCI6IlJFU09VUkNFR1JPVVBERUxFVElPTkpPQi1KQVZBQ1NNUkc5ODU4LUVBU1RVUyIsImpvYkxvY2F0aW9uIjoiZWFzdHVzIn0?api-version=2017-05-10",
      "EncodedRequestUri": "L3N1YnNjcmlwdGlvbnMvMGIxZjY0NzEtMWJmMC00ZGRhLWFlYzMtY2I5MjcyZjA5NTkwL29wZXJhdGlvbnJlc3VsdHMvZXlKcWIySkpaQ0k2SWxKRlUwOVZVa05GUjFKUFZWQkVSVXhGVkVsUFRrcFBRaTFLUVZaQlExTk5Va2M1T0RVNExVVkJVMVJWVXlJc0ltcHZZa3h2WTJGMGFXOXVJam9pWldGemRIVnpJbjA/YXBpLXZlcnNpb249MjAxNy0wNS0xMA==",
      "RequestMethod": "GET",
      "RequestBody": "",
      "RequestHeaders": {
        "User-Agent": [
          "FxVersion/4.6.25211.01",
          "Microsoft.Azure.Management.ResourceManager.Fluent.ResourceManagementClient/1.11.0.0",
          "MacAddressHash/cc0dc995bd7689190d87305dca6418746f27065181fa649f43731fb8fc5f1b10"
        ]
      },
      "ResponseBody": "",
      "ResponseHeaders": {
        "Content-Length": [
          "0"
        ],
        "Expires": [
          "-1"
        ],
        "Cache-Control": [
          "no-cache"
        ],
        "Date": [
          "Thu, 28 Jun 2018 05:24:20 GMT"
        ],
        "Pragma": [
          "no-cache"
        ],
        "x-ms-ratelimit-remaining-subscription-reads": [
          "14962"
        ],
        "x-ms-request-id": [
          "1cd5219d-15e3-4960-b854-ff75fee06d10"
        ],
        "x-ms-correlation-request-id": [
          "1cd5219d-15e3-4960-b854-ff75fee06d10"
        ],
        "x-ms-routing-request-id": [
          "WESTUS2:20180628T052420Z:1cd5219d-15e3-4960-b854-ff75fee06d10"
        ],
        "Strict-Transport-Security": [
          "max-age=31536000; includeSubDomains"
        ],
        "X-Content-Type-Options": [
          "nosniff"
        ]
      },
      "StatusCode": 200
    }
  ],
  "Names": {
    "CanUpdateExtensionPublicProtectedSettings": [
      "javacsmrg9858",
      "vmss5431",
      "stg7842",
      "vmssvnet9478",
      "stg5837"
    ]
  },
  "Variables": {
    "ServicePrincipal": "39e3d217-cb72-4b90-8532-394a7e784d93",
    "AADTenant": "54826b22-38d6-4fb2-bad9-b7b93a3e9c5a",
    "SubscriptionId": "0b1f6471-1bf0-4dda-aec3-cb9272f09590"
  }
}