{
  "Entries": [
    {
      "RequestUri": "/subscriptions/0b1f6471-1bf0-4dda-aec3-cb9272f09590/resourcegroups/rgaci4217?api-version=2017-05-10",
      "EncodedRequestUri": "L3N1YnNjcmlwdGlvbnMvMGIxZjY0NzEtMWJmMC00ZGRhLWFlYzMtY2I5MjcyZjA5NTkwL3Jlc291cmNlZ3JvdXBzL3JnYWNpNDIxNz9hcGktdmVyc2lvbj0yMDE3LTA1LTEw",
      "RequestMethod": "PUT",
      "RequestBody": "{\r\n  \"location\": \"eastus\"\r\n}",
      "RequestHeaders": {
        "x-ms-client-request-id": [
          "7e3edf4d-697d-4e9f-bfb4-a9e8d3842038"
        ],
        "Accept-Language": [
          "en-US"
        ],
        "User-Agent": [
          "FxVersion/4.6.27617.04",
          "OSName/Windows",
          "OSVersion/Microsoft.Windows.10.0.18362.",
          "Microsoft.Azure.Management.ResourceManager.Fluent.ResourceManagementClient/1.0.0.60",
          "MacAddressHash/fd8825d96038522efcf10f412c4b0b589251f90f91c3c455d1ad0ee74c2961bf"
        ],
        "Content-Type": [
          "application/json; charset=utf-8"
        ],
        "Content-Length": [
          "28"
        ]
      },
      "ResponseHeaders": {
        "Cache-Control": [
          "no-cache"
        ],
        "Pragma": [
          "no-cache"
        ],
        "x-ms-ratelimit-remaining-subscription-writes": [
          "1199"
        ],
        "x-ms-request-id": [
          "dd83ca7a-a476-43a4-8d5a-082f7065797b"
        ],
        "x-ms-correlation-request-id": [
          "dd83ca7a-a476-43a4-8d5a-082f7065797b"
        ],
        "x-ms-routing-request-id": [
          "WESTUS:20190619T222038Z:dd83ca7a-a476-43a4-8d5a-082f7065797b"
        ],
        "Strict-Transport-Security": [
          "max-age=31536000; includeSubDomains"
        ],
        "X-Content-Type-Options": [
          "nosniff"
        ],
        "Date": [
          "Wed, 19 Jun 2019 22:20:38 GMT"
        ],
        "Content-Length": [
          "171"
        ],
        "Content-Type": [
          "application/json; charset=utf-8"
        ],
        "Expires": [
          "-1"
        ]
      },
      "ResponseBody": "{\r\n  \"id\": \"/subscriptions/0b1f6471-1bf0-4dda-aec3-cb9272f09590/resourceGroups/rgaci4217\",\r\n  \"name\": \"rgaci4217\",\r\n  \"location\": \"eastus\",\r\n  \"properties\": {\r\n    \"provisioningState\": \"Succeeded\"\r\n  }\r\n}",
      "StatusCode": 201
    },
    {
      "RequestUri": "/subscriptions/0b1f6471-1bf0-4dda-aec3-cb9272f09590/resourceGroups/rgaci4217/providers/Microsoft.ContainerInstance/containerGroups/aci5491?api-version=2018-10-01",
      "EncodedRequestUri": "L3N1YnNjcmlwdGlvbnMvMGIxZjY0NzEtMWJmMC00ZGRhLWFlYzMtY2I5MjcyZjA5NTkwL3Jlc291cmNlR3JvdXBzL3JnYWNpNDIxNy9wcm92aWRlcnMvTWljcm9zb2Z0LkNvbnRhaW5lckluc3RhbmNlL2NvbnRhaW5lckdyb3Vwcy9hY2k1NDkxP2FwaS12ZXJzaW9uPTIwMTgtMTAtMDE=",
      "RequestMethod": "PUT",
      "RequestBody": "{\r\n  \"identity\": {\r\n    \"type\": \"SystemAssigned\"\r\n  },\r\n  \"properties\": {\r\n    \"containers\": [\r\n      {\r\n        \"name\": \"tomcat\",\r\n        \"properties\": {\r\n          \"image\": \"tomcat\",\r\n          \"ports\": [\r\n            {\r\n              \"protocol\": \"TCP\",\r\n              \"port\": 8080\r\n            }\r\n          ],\r\n          \"environmentVariables\": [\r\n            {\r\n              \"name\": \"ENV1\",\r\n              \"value\": \"value1\"\r\n            }\r\n          ],\r\n          \"resources\": {\r\n            \"requests\": {\r\n              \"memoryInGB\": 1.5,\r\n              \"cpu\": 1.0\r\n            }\r\n          }\r\n        }\r\n      },\r\n      {\r\n        \"name\": \"nginx\",\r\n        \"properties\": {\r\n          \"image\": \"nginx\",\r\n          \"ports\": [\r\n            {\r\n              \"protocol\": \"TCP\",\r\n              \"port\": 80\r\n            }\r\n          ],\r\n          \"environmentVariables\": [\r\n            {\r\n              \"name\": \"ENV2\",\r\n              \"secureValue\": \"securedValue1\"\r\n            }\r\n          ],\r\n          \"resources\": {\r\n            \"requests\": {\r\n              \"memoryInGB\": 1.5,\r\n              \"cpu\": 1.0\r\n            }\r\n          }\r\n        }\r\n      }\r\n    ],\r\n    \"restartPolicy\": \"never\",\r\n    \"ipAddress\": {\r\n      \"ports\": [\r\n        {\r\n          \"protocol\": \"TCP\",\r\n          \"port\": 8080\r\n        },\r\n        {\r\n          \"protocol\": \"TCP\",\r\n          \"port\": 80\r\n        }\r\n      ],\r\n      \"type\": \"Public\",\r\n      \"dnsNameLabel\": \"aci5491\"\r\n    },\r\n    \"osType\": \"Linux\",\r\n    \"volumes\": [\r\n      {\r\n        \"name\": \"emptydir1\",\r\n        \"emptyDir\": {}\r\n      }\r\n    ]\r\n  },\r\n  \"location\": \"eastus\",\r\n  \"tags\": {\r\n    \"tag1\": \"value1\"\r\n  }\r\n}",
      "RequestHeaders": {
        "x-ms-client-request-id": [
          "e59108cc-387c-4b20-bc18-e05b2ac628c3"
        ],
        "Accept-Language": [
          "en-US"
        ],
        "User-Agent": [
          "FxVersion/4.6.27617.04",
          "OSName/Windows",
          "OSVersion/Microsoft.Windows.10.0.18362.",
          "Microsoft.Azure.Management.ContainerInstance.Fluent.ContainerInstanceManagementClient/1.0.0.60",
          "MacAddressHash/fd8825d96038522efcf10f412c4b0b589251f90f91c3c455d1ad0ee74c2961bf"
        ],
        "Content-Type": [
          "application/json; charset=utf-8"
        ],
        "Content-Length": [
          "1653"
        ]
      },
      "ResponseHeaders": {
        "Cache-Control": [
          "no-cache"
        ],
        "Pragma": [
          "no-cache"
        ],
        "Azure-AsyncOperation": [
          "https://management.azure.com/subscriptions/0b1f6471-1bf0-4dda-aec3-cb9272f09590/providers/Microsoft.ContainerInstance/locations/eastus/operations/b1447a0f-f65d-4bd2-bcf3-e6728ce38508?api-version=2018-06-01"
        ],
        "x-ms-ratelimit-remaining-subscription-resource-requests-pt5m": [
          "99"
        ],
        "x-ms-ratelimit-remaining-subscription-resource-requests-pt1h": [
          "298"
        ],
        "x-ms-request-id": [
          "eastus:b1447a0f-f65d-4bd2-bcf3-e6728ce38508"
        ],
        "x-ms-ratelimit-remaining-subscription-writes": [
          "1198"
        ],
        "x-ms-correlation-request-id": [
          "709efa04-ac7d-476e-b953-d556f80eeea7"
        ],
        "x-ms-routing-request-id": [
          "WESTUS:20190619T222045Z:709efa04-ac7d-476e-b953-d556f80eeea7"
        ],
        "Strict-Transport-Security": [
          "max-age=31536000; includeSubDomains"
        ],
        "X-Content-Type-Options": [
          "nosniff"
        ],
        "Date": [
          "Wed, 19 Jun 2019 22:20:44 GMT"
        ],
        "Content-Length": [
          "1170"
        ],
        "Content-Type": [
          "application/json; charset=utf-8"
        ],
        "Expires": [
          "-1"
        ]
      },
      "ResponseBody": "{\r\n  \"properties\": {\r\n    \"provisioningState\": \"Pending\",\r\n    \"containers\": [\r\n      {\r\n        \"name\": \"tomcat\",\r\n        \"properties\": {\r\n          \"image\": \"tomcat\",\r\n          \"ports\": [\r\n            {\r\n              \"protocol\": \"TCP\",\r\n              \"port\": 8080\r\n            }\r\n          ],\r\n          \"environmentVariables\": [\r\n            {\r\n              \"name\": \"ENV1\",\r\n              \"value\": \"value1\"\r\n            }\r\n          ],\r\n          \"resources\": {\r\n            \"requests\": {\r\n              \"memoryInGB\": 1.5,\r\n              \"cpu\": 1.0\r\n            }\r\n          }\r\n        }\r\n      },\r\n      {\r\n        \"name\": \"nginx\",\r\n        \"properties\": {\r\n          \"image\": \"nginx\",\r\n          \"ports\": [\r\n            {\r\n              \"protocol\": \"TCP\",\r\n              \"port\": 80\r\n            }\r\n          ],\r\n          \"environmentVariables\": [\r\n            {\r\n              \"name\": \"ENV2\"\r\n            }\r\n          ],\r\n          \"resources\": {\r\n            \"requests\": {\r\n              \"memoryInGB\": 1.5,\r\n              \"cpu\": 1.0\r\n            }\r\n          }\r\n        }\r\n      }\r\n    ],\r\n    \"restartPolicy\": \"Never\",\r\n    \"ipAddress\": {\r\n      \"ports\": [\r\n        {\r\n          \"protocol\": \"TCP\",\r\n          \"port\": 8080\r\n        },\r\n        {\r\n          \"protocol\": \"TCP\",\r\n          \"port\": 80\r\n        }\r\n      ],\r\n      \"ip\": \"52.224.149.91\",\r\n      \"type\": \"Public\",\r\n      \"dnsNameLabel\": \"aci5491\",\r\n      \"fqdn\": \"aci5491.eastus.azurecontainer.io\"\r\n    },\r\n    \"osType\": \"Linux\",\r\n    \"volumes\": [\r\n      {\r\n        \"name\": \"emptydir1\",\r\n        \"emptyDir\": {}\r\n      }\r\n    ],\r\n    \"instanceView\": {\r\n      \"events\": [],\r\n      \"state\": \"Pending\"\r\n    }\r\n  },\r\n  \"identity\": {\r\n    \"principalId\": \"9997c123-559d-4afd-8fda-3bd216ebbaeb\",\r\n    \"tenantId\": \"54826b22-38d6-4fb2-bad9-b7b93a3e9c5a\",\r\n    \"type\": \"SystemAssigned\"\r\n  },\r\n  \"id\": \"/subscriptions/0b1f6471-1bf0-4dda-aec3-cb9272f09590/resourceGroups/rgaci4217/providers/Microsoft.ContainerInstance/containerGroups/aci5491\",\r\n  \"name\": \"aci5491\",\r\n  \"type\": \"Microsoft.ContainerInstance/containerGroups\",\r\n  \"location\": \"eastus\",\r\n  \"tags\": {\r\n    \"tag1\": \"value1\"\r\n  }\r\n}",
      "StatusCode": 201
    },
    {
      "RequestUri": "/subscriptions/0b1f6471-1bf0-4dda-aec3-cb9272f09590/providers/Microsoft.ContainerInstance/locations/eastus/operations/b1447a0f-f65d-4bd2-bcf3-e6728ce38508?api-version=2018-06-01",
      "EncodedRequestUri": "L3N1YnNjcmlwdGlvbnMvMGIxZjY0NzEtMWJmMC00ZGRhLWFlYzMtY2I5MjcyZjA5NTkwL3Byb3ZpZGVycy9NaWNyb3NvZnQuQ29udGFpbmVySW5zdGFuY2UvbG9jYXRpb25zL2Vhc3R1cy9vcGVyYXRpb25zL2IxNDQ3YTBmLWY2NWQtNGJkMi1iY2YzLWU2NzI4Y2UzODUwOD9hcGktdmVyc2lvbj0yMDE4LTA2LTAx",
      "RequestMethod": "GET",
      "RequestBody": "",
      "RequestHeaders": {
        "User-Agent": [
          "FxVersion/4.6.27617.04",
          "OSName/Windows",
          "OSVersion/Microsoft.Windows.10.0.18362.",
          "Microsoft.Azure.Management.ContainerInstance.Fluent.ContainerInstanceManagementClient/1.0.0.60",
          "MacAddressHash/fd8825d96038522efcf10f412c4b0b589251f90f91c3c455d1ad0ee74c2961bf"
        ]
      },
      "ResponseHeaders": {
        "Cache-Control": [
          "no-cache"
        ],
        "Pragma": [
          "no-cache"
        ],
        "Vary": [
          "Accept-Encoding"
        ],
        "x-ms-request-id": [
          "eastus:df7a6c6c-1c8b-4cfc-92ec-3e7a558104f4"
        ],
        "x-ms-ratelimit-remaining-subscription-reads": [
          "11999"
        ],
        "x-ms-correlation-request-id": [
          "89b9103f-03ea-4183-a22b-75c08460141b"
        ],
        "x-ms-routing-request-id": [
          "WESTUS:20190619T222116Z:89b9103f-03ea-4183-a22b-75c08460141b"
        ],
        "Strict-Transport-Security": [
          "max-age=31536000; includeSubDomains"
        ],
        "X-Content-Type-Options": [
          "nosniff"
        ],
        "Date": [
          "Wed, 19 Jun 2019 22:21:15 GMT"
        ],
        "Content-Length": [
          "569"
        ],
        "Content-Type": [
          "application/json; charset=utf-8"
        ],
        "Expires": [
          "-1"
        ]
      },
      "ResponseBody": "{\r\n  \"id\": \"/subscriptions/0b1f6471-1bf0-4dda-aec3-cb9272f09590/resourceGroups/rgaci4217/providers/Microsoft.ContainerInstance/containerGroups/aci5491\",\r\n  \"status\": \"Creating\",\r\n  \"startTime\": \"2019-06-19T22:20:44.7035361Z\",\r\n  \"properties\": {\r\n    \"events\": [\r\n      {\r\n        \"count\": 1,\r\n        \"firstTimestamp\": \"2019-06-19T22:20:47Z\",\r\n        \"lastTimestamp\": \"2019-06-19T22:20:47Z\",\r\n        \"name\": \"Pulling\",\r\n        \"message\": \"pulling image \\\"tomcat\\\"\",\r\n        \"type\": \"Normal\"\r\n      },\r\n      {\r\n        \"count\": 1,\r\n        \"firstTimestamp\": \"2019-06-19T22:21:10Z\",\r\n        \"lastTimestamp\": \"2019-06-19T22:21:10Z\",\r\n        \"name\": \"Pulled\",\r\n        \"message\": \"Successfully pulled image \\\"tomcat\\\"\",\r\n        \"type\": \"Normal\"\r\n      }\r\n    ]\r\n  }\r\n}",
      "StatusCode": 200
    },
    {
      "RequestUri": "/subscriptions/0b1f6471-1bf0-4dda-aec3-cb9272f09590/providers/Microsoft.ContainerInstance/locations/eastus/operations/b1447a0f-f65d-4bd2-bcf3-e6728ce38508?api-version=2018-06-01",
      "EncodedRequestUri": "L3N1YnNjcmlwdGlvbnMvMGIxZjY0NzEtMWJmMC00ZGRhLWFlYzMtY2I5MjcyZjA5NTkwL3Byb3ZpZGVycy9NaWNyb3NvZnQuQ29udGFpbmVySW5zdGFuY2UvbG9jYXRpb25zL2Vhc3R1cy9vcGVyYXRpb25zL2IxNDQ3YTBmLWY2NWQtNGJkMi1iY2YzLWU2NzI4Y2UzODUwOD9hcGktdmVyc2lvbj0yMDE4LTA2LTAx",
      "RequestMethod": "GET",
      "RequestBody": "",
      "RequestHeaders": {
        "User-Agent": [
          "FxVersion/4.6.27617.04",
          "OSName/Windows",
          "OSVersion/Microsoft.Windows.10.0.18362.",
          "Microsoft.Azure.Management.ContainerInstance.Fluent.ContainerInstanceManagementClient/1.0.0.60",
          "MacAddressHash/fd8825d96038522efcf10f412c4b0b589251f90f91c3c455d1ad0ee74c2961bf"
        ]
      },
      "ResponseHeaders": {
        "Cache-Control": [
          "no-cache"
        ],
        "Pragma": [
          "no-cache"
        ],
        "Vary": [
          "Accept-Encoding"
        ],
        "x-ms-request-id": [
          "eastus:544b3583-e415-420b-a70a-bdcfcc3a14ba"
        ],
        "x-ms-ratelimit-remaining-subscription-reads": [
          "11998"
        ],
        "x-ms-correlation-request-id": [
          "5575dd3b-b0fd-4ff2-8539-25b865a67999"
        ],
        "x-ms-routing-request-id": [
          "WESTUS:20190619T222146Z:5575dd3b-b0fd-4ff2-8539-25b865a67999"
        ],
        "Strict-Transport-Security": [
          "max-age=31536000; includeSubDomains"
        ],
        "X-Content-Type-Options": [
          "nosniff"
        ],
        "Date": [
          "Wed, 19 Jun 2019 22:21:46 GMT"
        ],
        "Content-Length": [
          "1517"
        ],
        "Content-Type": [
          "application/json; charset=utf-8"
        ],
        "Expires": [
          "-1"
        ]
      },
      "ResponseBody": "{\r\n  \"id\": \"/subscriptions/0b1f6471-1bf0-4dda-aec3-cb9272f09590/resourceGroups/rgaci4217/providers/Microsoft.ContainerInstance/containerGroups/aci5491\",\r\n  \"status\": \"Succeeded\",\r\n  \"startTime\": \"2019-06-19T22:20:44.7035361Z\",\r\n  \"properties\": {\r\n    \"events\": [\r\n      {\r\n        \"count\": 1,\r\n        \"firstTimestamp\": \"2019-06-19T22:20:47Z\",\r\n        \"lastTimestamp\": \"2019-06-19T22:20:47Z\",\r\n        \"name\": \"Pulling\",\r\n        \"message\": \"pulling image \\\"tomcat\\\"\",\r\n        \"type\": \"Normal\"\r\n      },\r\n      {\r\n        \"count\": 1,\r\n        \"firstTimestamp\": \"2019-06-19T22:21:10Z\",\r\n        \"lastTimestamp\": \"2019-06-19T22:21:10Z\",\r\n        \"name\": \"Pulled\",\r\n        \"message\": \"Successfully pulled image \\\"tomcat\\\"\",\r\n        \"type\": \"Normal\"\r\n      },\r\n      {\r\n        \"count\": 1,\r\n        \"firstTimestamp\": \"2019-06-19T22:21:20Z\",\r\n        \"lastTimestamp\": \"2019-06-19T22:21:20Z\",\r\n        \"name\": \"Created\",\r\n        \"message\": \"Created container\",\r\n        \"type\": \"Normal\"\r\n      },\r\n      {\r\n        \"count\": 1,\r\n        \"firstTimestamp\": \"2019-06-19T22:21:20Z\",\r\n        \"lastTimestamp\": \"2019-06-19T22:21:20Z\",\r\n        \"name\": \"Started\",\r\n        \"message\": \"Started container\",\r\n        \"type\": \"Normal\"\r\n      },\r\n      {\r\n        \"count\": 1,\r\n        \"firstTimestamp\": \"2019-06-19T22:21:20Z\",\r\n        \"lastTimestamp\": \"2019-06-19T22:21:20Z\",\r\n        \"name\": \"Pulling\",\r\n        \"message\": \"pulling image \\\"nginx\\\"\",\r\n        \"type\": \"Normal\"\r\n      },\r\n      {\r\n        \"count\": 1,\r\n        \"firstTimestamp\": \"2019-06-19T22:21:25Z\",\r\n        \"lastTimestamp\": \"2019-06-19T22:21:25Z\",\r\n        \"name\": \"Pulled\",\r\n        \"message\": \"Successfully pulled image \\\"nginx\\\"\",\r\n        \"type\": \"Normal\"\r\n      },\r\n      {\r\n        \"count\": 1,\r\n        \"firstTimestamp\": \"2019-06-19T22:21:28Z\",\r\n        \"lastTimestamp\": \"2019-06-19T22:21:28Z\",\r\n        \"name\": \"Created\",\r\n        \"message\": \"Created container\",\r\n        \"type\": \"Normal\"\r\n      },\r\n      {\r\n        \"count\": 1,\r\n        \"firstTimestamp\": \"2019-06-19T22:21:29Z\",\r\n        \"lastTimestamp\": \"2019-06-19T22:21:29Z\",\r\n        \"name\": \"Started\",\r\n        \"message\": \"Started container\",\r\n        \"type\": \"Normal\"\r\n      }\r\n    ]\r\n  }\r\n}",
      "StatusCode": 200
    },
    {
      "RequestUri": "/subscriptions/0b1f6471-1bf0-4dda-aec3-cb9272f09590/resourceGroups/rgaci4217/providers/Microsoft.ContainerInstance/containerGroups/aci5491?api-version=2018-10-01",
      "EncodedRequestUri": "L3N1YnNjcmlwdGlvbnMvMGIxZjY0NzEtMWJmMC00ZGRhLWFlYzMtY2I5MjcyZjA5NTkwL3Jlc291cmNlR3JvdXBzL3JnYWNpNDIxNy9wcm92aWRlcnMvTWljcm9zb2Z0LkNvbnRhaW5lckluc3RhbmNlL2NvbnRhaW5lckdyb3Vwcy9hY2k1NDkxP2FwaS12ZXJzaW9uPTIwMTgtMTAtMDE=",
      "RequestMethod": "GET",
      "RequestBody": "",
      "RequestHeaders": {
        "User-Agent": [
          "FxVersion/4.6.27617.04",
          "OSName/Windows",
          "OSVersion/Microsoft.Windows.10.0.18362.",
          "Microsoft.Azure.Management.ContainerInstance.Fluent.ContainerInstanceManagementClient/1.0.0.60",
          "MacAddressHash/fd8825d96038522efcf10f412c4b0b589251f90f91c3c455d1ad0ee74c2961bf"
        ]
      },
      "ResponseHeaders": {
        "Cache-Control": [
          "no-cache"
        ],
        "Pragma": [
          "no-cache"
        ],
        "Vary": [
          "Accept-Encoding"
        ],
        "x-ms-request-id": [
          "eastus:2cea33cc-abde-40a6-b5be-8638010a8ab5"
        ],
        "x-ms-ratelimit-remaining-subscription-reads": [
          "11997"
        ],
        "x-ms-correlation-request-id": [
          "10986391-4b42-4856-8404-8e8801081841"
        ],
        "x-ms-routing-request-id": [
          "WESTUS:20190619T222146Z:10986391-4b42-4856-8404-8e8801081841"
        ],
        "Strict-Transport-Security": [
          "max-age=31536000; includeSubDomains"
        ],
        "X-Content-Type-Options": [
          "nosniff"
        ],
        "Date": [
          "Wed, 19 Jun 2019 22:21:46 GMT"
        ],
        "Content-Length": [
          "2718"
        ],
        "Content-Type": [
          "application/json; charset=utf-8"
        ],
        "Expires": [
          "-1"
        ]
      },
      "ResponseBody": "{\r\n  \"properties\": {\r\n    \"provisioningState\": \"Succeeded\",\r\n    \"containers\": [\r\n      {\r\n        \"name\": \"tomcat\",\r\n        \"properties\": {\r\n          \"image\": \"tomcat\",\r\n          \"ports\": [\r\n            {\r\n              \"protocol\": \"TCP\",\r\n              \"port\": 8080\r\n            }\r\n          ],\r\n          \"environmentVariables\": [\r\n            {\r\n              \"name\": \"ENV1\",\r\n              \"value\": \"value1\"\r\n            }\r\n          ],\r\n          \"instanceView\": {\r\n            \"restartCount\": 0,\r\n            \"currentState\": {\r\n              \"state\": \"Running\",\r\n              \"startTime\": \"2019-06-19T22:21:20Z\",\r\n              \"detailStatus\": \"\"\r\n            },\r\n            \"events\": [\r\n              {\r\n                \"count\": 1,\r\n                \"firstTimestamp\": \"2019-06-19T22:20:47Z\",\r\n                \"lastTimestamp\": \"2019-06-19T22:20:47Z\",\r\n                \"name\": \"Pulling\",\r\n                \"message\": \"pulling image \\\"tomcat\\\"\",\r\n                \"type\": \"Normal\"\r\n              },\r\n              {\r\n                \"count\": 1,\r\n                \"firstTimestamp\": \"2019-06-19T22:21:10Z\",\r\n                \"lastTimestamp\": \"2019-06-19T22:21:10Z\",\r\n                \"name\": \"Pulled\",\r\n                \"message\": \"Successfully pulled image \\\"tomcat\\\"\",\r\n                \"type\": \"Normal\"\r\n              },\r\n              {\r\n                \"count\": 1,\r\n                \"firstTimestamp\": \"2019-06-19T22:21:20Z\",\r\n                \"lastTimestamp\": \"2019-06-19T22:21:20Z\",\r\n                \"name\": \"Created\",\r\n                \"message\": \"Created container\",\r\n                \"type\": \"Normal\"\r\n              },\r\n              {\r\n                \"count\": 1,\r\n                \"firstTimestamp\": \"2019-06-19T22:21:20Z\",\r\n                \"lastTimestamp\": \"2019-06-19T22:21:20Z\",\r\n                \"name\": \"Started\",\r\n                \"message\": \"Started container\",\r\n                \"type\": \"Normal\"\r\n              }\r\n            ]\r\n          },\r\n          \"resources\": {\r\n            \"requests\": {\r\n              \"memoryInGB\": 1.5,\r\n              \"cpu\": 1.0\r\n            }\r\n          }\r\n        }\r\n      },\r\n      {\r\n        \"name\": \"nginx\",\r\n        \"properties\": {\r\n          \"image\": \"nginx\",\r\n          \"ports\": [\r\n            {\r\n              \"protocol\": \"TCP\",\r\n              \"port\": 80\r\n            }\r\n          ],\r\n          \"environmentVariables\": [\r\n            {\r\n              \"name\": \"ENV2\"\r\n            }\r\n          ],\r\n          \"instanceView\": {\r\n            \"restartCount\": 0,\r\n            \"currentState\": {\r\n              \"state\": \"Running\",\r\n              \"startTime\": \"2019-06-19T22:21:28Z\",\r\n              \"detailStatus\": \"\"\r\n            },\r\n            \"events\": [\r\n              {\r\n                \"count\": 1,\r\n                \"firstTimestamp\": \"2019-06-19T22:21:20Z\",\r\n                \"lastTimestamp\": \"2019-06-19T22:21:20Z\",\r\n                \"name\": \"Pulling\",\r\n                \"message\": \"pulling image \\\"nginx\\\"\",\r\n                \"type\": \"Normal\"\r\n              },\r\n              {\r\n                \"count\": 1,\r\n                \"firstTimestamp\": \"2019-06-19T22:21:25Z\",\r\n                \"lastTimestamp\": \"2019-06-19T22:21:25Z\",\r\n                \"name\": \"Pulled\",\r\n                \"message\": \"Successfully pulled image \\\"nginx\\\"\",\r\n                \"type\": \"Normal\"\r\n              },\r\n              {\r\n                \"count\": 1,\r\n                \"firstTimestamp\": \"2019-06-19T22:21:28Z\",\r\n                \"lastTimestamp\": \"2019-06-19T22:21:28Z\",\r\n                \"name\": \"Created\",\r\n                \"message\": \"Created container\",\r\n                \"type\": \"Normal\"\r\n              },\r\n              {\r\n                \"count\": 1,\r\n                \"firstTimestamp\": \"2019-06-19T22:21:29Z\",\r\n                \"lastTimestamp\": \"2019-06-19T22:21:29Z\",\r\n                \"name\": \"Started\",\r\n                \"message\": \"Started container\",\r\n                \"type\": \"Normal\"\r\n              }\r\n            ]\r\n          },\r\n          \"resources\": {\r\n            \"requests\": {\r\n              \"memoryInGB\": 1.5,\r\n              \"cpu\": 1.0\r\n            }\r\n          }\r\n        }\r\n      }\r\n    ],\r\n    \"restartPolicy\": \"Never\",\r\n    \"ipAddress\": {\r\n      \"ports\": [\r\n        {\r\n          \"protocol\": \"TCP\",\r\n          \"port\": 8080\r\n        },\r\n        {\r\n          \"protocol\": \"TCP\",\r\n          \"port\": 80\r\n        }\r\n      ],\r\n      \"ip\": \"52.224.149.91\",\r\n      \"type\": \"Public\",\r\n      \"dnsNameLabel\": \"aci5491\",\r\n      \"fqdn\": \"aci5491.eastus.azurecontainer.io\"\r\n    },\r\n    \"osType\": \"Linux\",\r\n    \"volumes\": [\r\n      {\r\n        \"name\": \"emptydir1\",\r\n        \"emptyDir\": {}\r\n      }\r\n    ],\r\n    \"instanceView\": {\r\n      \"events\": [],\r\n      \"state\": \"Running\"\r\n    }\r\n  },\r\n  \"identity\": {\r\n    \"principalId\": \"9997c123-559d-4afd-8fda-3bd216ebbaeb\",\r\n    \"tenantId\": \"54826b22-38d6-4fb2-bad9-b7b93a3e9c5a\",\r\n    \"type\": \"SystemAssigned\"\r\n  },\r\n  \"id\": \"/subscriptions/0b1f6471-1bf0-4dda-aec3-cb9272f09590/resourceGroups/rgaci4217/providers/Microsoft.ContainerInstance/containerGroups/aci5491\",\r\n  \"name\": \"aci5491\",\r\n  \"type\": \"Microsoft.ContainerInstance/containerGroups\",\r\n  \"location\": \"eastus\",\r\n  \"tags\": {\r\n    \"tag1\": \"value1\"\r\n  }\r\n}",
      "StatusCode": 200
    },
    {
      "RequestUri": "/subscriptions/0b1f6471-1bf0-4dda-aec3-cb9272f09590/resourceGroups/rgaci4217/providers/Microsoft.ContainerInstance/containerGroups/aci5491?api-version=2018-10-01",
      "EncodedRequestUri": "L3N1YnNjcmlwdGlvbnMvMGIxZjY0NzEtMWJmMC00ZGRhLWFlYzMtY2I5MjcyZjA5NTkwL3Jlc291cmNlR3JvdXBzL3JnYWNpNDIxNy9wcm92aWRlcnMvTWljcm9zb2Z0LkNvbnRhaW5lckluc3RhbmNlL2NvbnRhaW5lckdyb3Vwcy9hY2k1NDkxP2FwaS12ZXJzaW9uPTIwMTgtMTAtMDE=",
      "RequestMethod": "GET",
      "RequestBody": "",
      "RequestHeaders": {
        "x-ms-client-request-id": [
          "cf2692e8-ac2b-4cd8-becf-aeebb4ceb001"
        ],
        "Accept-Language": [
          "en-US"
        ],
        "User-Agent": [
          "FxVersion/4.6.27617.04",
          "OSName/Windows",
          "OSVersion/Microsoft.Windows.10.0.18362.",
          "Microsoft.Azure.Management.ContainerInstance.Fluent.ContainerInstanceManagementClient/1.0.0.60",
          "MacAddressHash/fd8825d96038522efcf10f412c4b0b589251f90f91c3c455d1ad0ee74c2961bf"
        ]
      },
      "ResponseHeaders": {
        "Cache-Control": [
          "no-cache"
        ],
        "Pragma": [
          "no-cache"
        ],
        "Vary": [
          "Accept-Encoding"
        ],
        "x-ms-request-id": [
          "eastus:f3df7125-f55f-449c-a9eb-573fbc3882aa"
        ],
        "x-ms-ratelimit-remaining-subscription-reads": [
          "11996"
        ],
        "x-ms-correlation-request-id": [
          "a8be54d5-c5b5-4840-b229-e61f2fbc386d"
        ],
        "x-ms-routing-request-id": [
          "WESTUS:20190619T222146Z:a8be54d5-c5b5-4840-b229-e61f2fbc386d"
        ],
        "Strict-Transport-Security": [
          "max-age=31536000; includeSubDomains"
        ],
        "X-Content-Type-Options": [
          "nosniff"
        ],
        "Date": [
          "Wed, 19 Jun 2019 22:21:46 GMT"
        ],
        "Content-Length": [
          "2718"
        ],
        "Content-Type": [
          "application/json; charset=utf-8"
        ],
        "Expires": [
          "-1"
        ]
      },
      "ResponseBody": "{\r\n  \"properties\": {\r\n    \"provisioningState\": \"Succeeded\",\r\n    \"containers\": [\r\n      {\r\n        \"name\": \"tomcat\",\r\n        \"properties\": {\r\n          \"image\": \"tomcat\",\r\n          \"ports\": [\r\n            {\r\n              \"protocol\": \"TCP\",\r\n              \"port\": 8080\r\n            }\r\n          ],\r\n          \"environmentVariables\": [\r\n            {\r\n              \"name\": \"ENV1\",\r\n              \"value\": \"value1\"\r\n            }\r\n          ],\r\n          \"instanceView\": {\r\n            \"restartCount\": 0,\r\n            \"currentState\": {\r\n              \"state\": \"Running\",\r\n              \"startTime\": \"2019-06-19T22:21:20Z\",\r\n              \"detailStatus\": \"\"\r\n            },\r\n            \"events\": [\r\n              {\r\n                \"count\": 1,\r\n                \"firstTimestamp\": \"2019-06-19T22:20:47Z\",\r\n                \"lastTimestamp\": \"2019-06-19T22:20:47Z\",\r\n                \"name\": \"Pulling\",\r\n                \"message\": \"pulling image \\\"tomcat\\\"\",\r\n                \"type\": \"Normal\"\r\n              },\r\n              {\r\n                \"count\": 1,\r\n                \"firstTimestamp\": \"2019-06-19T22:21:10Z\",\r\n                \"lastTimestamp\": \"2019-06-19T22:21:10Z\",\r\n                \"name\": \"Pulled\",\r\n                \"message\": \"Successfully pulled image \\\"tomcat\\\"\",\r\n                \"type\": \"Normal\"\r\n              },\r\n              {\r\n                \"count\": 1,\r\n                \"firstTimestamp\": \"2019-06-19T22:21:20Z\",\r\n                \"lastTimestamp\": \"2019-06-19T22:21:20Z\",\r\n                \"name\": \"Created\",\r\n                \"message\": \"Created container\",\r\n                \"type\": \"Normal\"\r\n              },\r\n              {\r\n                \"count\": 1,\r\n                \"firstTimestamp\": \"2019-06-19T22:21:20Z\",\r\n                \"lastTimestamp\": \"2019-06-19T22:21:20Z\",\r\n                \"name\": \"Started\",\r\n                \"message\": \"Started container\",\r\n                \"type\": \"Normal\"\r\n              }\r\n            ]\r\n          },\r\n          \"resources\": {\r\n            \"requests\": {\r\n              \"memoryInGB\": 1.5,\r\n              \"cpu\": 1.0\r\n            }\r\n          }\r\n        }\r\n      },\r\n      {\r\n        \"name\": \"nginx\",\r\n        \"properties\": {\r\n          \"image\": \"nginx\",\r\n          \"ports\": [\r\n            {\r\n              \"protocol\": \"TCP\",\r\n              \"port\": 80\r\n            }\r\n          ],\r\n          \"environmentVariables\": [\r\n            {\r\n              \"name\": \"ENV2\"\r\n            }\r\n          ],\r\n          \"instanceView\": {\r\n            \"restartCount\": 0,\r\n            \"currentState\": {\r\n              \"state\": \"Running\",\r\n              \"startTime\": \"2019-06-19T22:21:28Z\",\r\n              \"detailStatus\": \"\"\r\n            },\r\n            \"events\": [\r\n              {\r\n                \"count\": 1,\r\n                \"firstTimestamp\": \"2019-06-19T22:21:20Z\",\r\n                \"lastTimestamp\": \"2019-06-19T22:21:20Z\",\r\n                \"name\": \"Pulling\",\r\n                \"message\": \"pulling image \\\"nginx\\\"\",\r\n                \"type\": \"Normal\"\r\n              },\r\n              {\r\n                \"count\": 1,\r\n                \"firstTimestamp\": \"2019-06-19T22:21:25Z\",\r\n                \"lastTimestamp\": \"2019-06-19T22:21:25Z\",\r\n                \"name\": \"Pulled\",\r\n                \"message\": \"Successfully pulled image \\\"nginx\\\"\",\r\n                \"type\": \"Normal\"\r\n              },\r\n              {\r\n                \"count\": 1,\r\n                \"firstTimestamp\": \"2019-06-19T22:21:28Z\",\r\n                \"lastTimestamp\": \"2019-06-19T22:21:28Z\",\r\n                \"name\": \"Created\",\r\n                \"message\": \"Created container\",\r\n                \"type\": \"Normal\"\r\n              },\r\n              {\r\n                \"count\": 1,\r\n                \"firstTimestamp\": \"2019-06-19T22:21:29Z\",\r\n                \"lastTimestamp\": \"2019-06-19T22:21:29Z\",\r\n                \"name\": \"Started\",\r\n                \"message\": \"Started container\",\r\n                \"type\": \"Normal\"\r\n              }\r\n            ]\r\n          },\r\n          \"resources\": {\r\n            \"requests\": {\r\n              \"memoryInGB\": 1.5,\r\n              \"cpu\": 1.0\r\n            }\r\n          }\r\n        }\r\n      }\r\n    ],\r\n    \"restartPolicy\": \"Never\",\r\n    \"ipAddress\": {\r\n      \"ports\": [\r\n        {\r\n          \"protocol\": \"TCP\",\r\n          \"port\": 8080\r\n        },\r\n        {\r\n          \"protocol\": \"TCP\",\r\n          \"port\": 80\r\n        }\r\n      ],\r\n      \"ip\": \"52.224.149.91\",\r\n      \"type\": \"Public\",\r\n      \"dnsNameLabel\": \"aci5491\",\r\n      \"fqdn\": \"aci5491.eastus.azurecontainer.io\"\r\n    },\r\n    \"osType\": \"Linux\",\r\n    \"volumes\": [\r\n      {\r\n        \"name\": \"emptydir1\",\r\n        \"emptyDir\": {}\r\n      }\r\n    ],\r\n    \"instanceView\": {\r\n      \"events\": [],\r\n      \"state\": \"Running\"\r\n    }\r\n  },\r\n  \"identity\": {\r\n    \"principalId\": \"9997c123-559d-4afd-8fda-3bd216ebbaeb\",\r\n    \"tenantId\": \"54826b22-38d6-4fb2-bad9-b7b93a3e9c5a\",\r\n    \"type\": \"SystemAssigned\"\r\n  },\r\n  \"id\": \"/subscriptions/0b1f6471-1bf0-4dda-aec3-cb9272f09590/resourceGroups/rgaci4217/providers/Microsoft.ContainerInstance/containerGroups/aci5491\",\r\n  \"name\": \"aci5491\",\r\n  \"type\": \"Microsoft.ContainerInstance/containerGroups\",\r\n  \"location\": \"eastus\",\r\n  \"tags\": {\r\n    \"tag1\": \"value1\"\r\n  }\r\n}",
      "StatusCode": 200
    },
    {
      "RequestUri": "/subscriptions/0b1f6471-1bf0-4dda-aec3-cb9272f09590/resourceGroups/rgaci4217/providers/Microsoft.ContainerInstance/containerGroups/aci5491?api-version=2018-10-01",
      "EncodedRequestUri": "L3N1YnNjcmlwdGlvbnMvMGIxZjY0NzEtMWJmMC00ZGRhLWFlYzMtY2I5MjcyZjA5NTkwL3Jlc291cmNlR3JvdXBzL3JnYWNpNDIxNy9wcm92aWRlcnMvTWljcm9zb2Z0LkNvbnRhaW5lckluc3RhbmNlL2NvbnRhaW5lckdyb3Vwcy9hY2k1NDkxP2FwaS12ZXJzaW9uPTIwMTgtMTAtMDE=",
      "RequestMethod": "GET",
      "RequestBody": "",
      "RequestHeaders": {
        "x-ms-client-request-id": [
          "151f1a2a-291b-46f3-8676-d13a3a46ea2e"
        ],
        "Accept-Language": [
          "en-US"
        ],
        "User-Agent": [
          "FxVersion/4.6.27617.04",
          "OSName/Windows",
          "OSVersion/Microsoft.Windows.10.0.18362.",
          "Microsoft.Azure.Management.ContainerInstance.Fluent.ContainerInstanceManagementClient/1.0.0.60",
          "MacAddressHash/fd8825d96038522efcf10f412c4b0b589251f90f91c3c455d1ad0ee74c2961bf"
        ]
      },
      "ResponseHeaders": {
        "Cache-Control": [
          "no-cache"
        ],
        "Pragma": [
          "no-cache"
        ],
        "Vary": [
          "Accept-Encoding"
        ],
        "x-ms-request-id": [
          "eastus:c77010c2-a846-470f-88a2-341e3b6c5717"
        ],
        "x-ms-ratelimit-remaining-subscription-reads": [
          "11994"
        ],
        "x-ms-correlation-request-id": [
          "bf9964f4-e739-45e4-8304-f158ba4e195a"
        ],
        "x-ms-routing-request-id": [
          "WESTUS:20190619T222147Z:bf9964f4-e739-45e4-8304-f158ba4e195a"
        ],
        "Strict-Transport-Security": [
          "max-age=31536000; includeSubDomains"
        ],
        "X-Content-Type-Options": [
          "nosniff"
        ],
        "Date": [
          "Wed, 19 Jun 2019 22:21:47 GMT"
        ],
        "Content-Length": [
          "2718"
        ],
        "Content-Type": [
          "application/json; charset=utf-8"
        ],
        "Expires": [
          "-1"
        ]
      },
      "ResponseBody": "{\r\n  \"properties\": {\r\n    \"provisioningState\": \"Succeeded\",\r\n    \"containers\": [\r\n      {\r\n        \"name\": \"tomcat\",\r\n        \"properties\": {\r\n          \"image\": \"tomcat\",\r\n          \"ports\": [\r\n            {\r\n              \"protocol\": \"TCP\",\r\n              \"port\": 8080\r\n            }\r\n          ],\r\n          \"environmentVariables\": [\r\n            {\r\n              \"name\": \"ENV1\",\r\n              \"value\": \"value1\"\r\n            }\r\n          ],\r\n          \"instanceView\": {\r\n            \"restartCount\": 0,\r\n            \"currentState\": {\r\n              \"state\": \"Running\",\r\n              \"startTime\": \"2019-06-19T22:21:20Z\",\r\n              \"detailStatus\": \"\"\r\n            },\r\n            \"events\": [\r\n              {\r\n                \"count\": 1,\r\n                \"firstTimestamp\": \"2019-06-19T22:20:47Z\",\r\n                \"lastTimestamp\": \"2019-06-19T22:20:47Z\",\r\n                \"name\": \"Pulling\",\r\n                \"message\": \"pulling image \\\"tomcat\\\"\",\r\n                \"type\": \"Normal\"\r\n              },\r\n              {\r\n                \"count\": 1,\r\n                \"firstTimestamp\": \"2019-06-19T22:21:10Z\",\r\n                \"lastTimestamp\": \"2019-06-19T22:21:10Z\",\r\n                \"name\": \"Pulled\",\r\n                \"message\": \"Successfully pulled image \\\"tomcat\\\"\",\r\n                \"type\": \"Normal\"\r\n              },\r\n              {\r\n                \"count\": 1,\r\n                \"firstTimestamp\": \"2019-06-19T22:21:20Z\",\r\n                \"lastTimestamp\": \"2019-06-19T22:21:20Z\",\r\n                \"name\": \"Created\",\r\n                \"message\": \"Created container\",\r\n                \"type\": \"Normal\"\r\n              },\r\n              {\r\n                \"count\": 1,\r\n                \"firstTimestamp\": \"2019-06-19T22:21:20Z\",\r\n                \"lastTimestamp\": \"2019-06-19T22:21:20Z\",\r\n                \"name\": \"Started\",\r\n                \"message\": \"Started container\",\r\n                \"type\": \"Normal\"\r\n              }\r\n            ]\r\n          },\r\n          \"resources\": {\r\n            \"requests\": {\r\n              \"memoryInGB\": 1.5,\r\n              \"cpu\": 1.0\r\n            }\r\n          }\r\n        }\r\n      },\r\n      {\r\n        \"name\": \"nginx\",\r\n        \"properties\": {\r\n          \"image\": \"nginx\",\r\n          \"ports\": [\r\n            {\r\n              \"protocol\": \"TCP\",\r\n              \"port\": 80\r\n            }\r\n          ],\r\n          \"environmentVariables\": [\r\n            {\r\n              \"name\": \"ENV2\"\r\n            }\r\n          ],\r\n          \"instanceView\": {\r\n            \"restartCount\": 0,\r\n            \"currentState\": {\r\n              \"state\": \"Running\",\r\n              \"startTime\": \"2019-06-19T22:21:28Z\",\r\n              \"detailStatus\": \"\"\r\n            },\r\n            \"events\": [\r\n              {\r\n                \"count\": 1,\r\n                \"firstTimestamp\": \"2019-06-19T22:21:20Z\",\r\n                \"lastTimestamp\": \"2019-06-19T22:21:20Z\",\r\n                \"name\": \"Pulling\",\r\n                \"message\": \"pulling image \\\"nginx\\\"\",\r\n                \"type\": \"Normal\"\r\n              },\r\n              {\r\n                \"count\": 1,\r\n                \"firstTimestamp\": \"2019-06-19T22:21:25Z\",\r\n                \"lastTimestamp\": \"2019-06-19T22:21:25Z\",\r\n                \"name\": \"Pulled\",\r\n                \"message\": \"Successfully pulled image \\\"nginx\\\"\",\r\n                \"type\": \"Normal\"\r\n              },\r\n              {\r\n                \"count\": 1,\r\n                \"firstTimestamp\": \"2019-06-19T22:21:28Z\",\r\n                \"lastTimestamp\": \"2019-06-19T22:21:28Z\",\r\n                \"name\": \"Created\",\r\n                \"message\": \"Created container\",\r\n                \"type\": \"Normal\"\r\n              },\r\n              {\r\n                \"count\": 1,\r\n                \"firstTimestamp\": \"2019-06-19T22:21:29Z\",\r\n                \"lastTimestamp\": \"2019-06-19T22:21:29Z\",\r\n                \"name\": \"Started\",\r\n                \"message\": \"Started container\",\r\n                \"type\": \"Normal\"\r\n              }\r\n            ]\r\n          },\r\n          \"resources\": {\r\n            \"requests\": {\r\n              \"memoryInGB\": 1.5,\r\n              \"cpu\": 1.0\r\n            }\r\n          }\r\n        }\r\n      }\r\n    ],\r\n    \"restartPolicy\": \"Never\",\r\n    \"ipAddress\": {\r\n      \"ports\": [\r\n        {\r\n          \"protocol\": \"TCP\",\r\n          \"port\": 8080\r\n        },\r\n        {\r\n          \"protocol\": \"TCP\",\r\n          \"port\": 80\r\n        }\r\n      ],\r\n      \"ip\": \"52.224.149.91\",\r\n      \"type\": \"Public\",\r\n      \"dnsNameLabel\": \"aci5491\",\r\n      \"fqdn\": \"aci5491.eastus.azurecontainer.io\"\r\n    },\r\n    \"osType\": \"Linux\",\r\n    \"volumes\": [\r\n      {\r\n        \"name\": \"emptydir1\",\r\n        \"emptyDir\": {}\r\n      }\r\n    ],\r\n    \"instanceView\": {\r\n      \"events\": [],\r\n      \"state\": \"Running\"\r\n    }\r\n  },\r\n  \"identity\": {\r\n    \"principalId\": \"9997c123-559d-4afd-8fda-3bd216ebbaeb\",\r\n    \"tenantId\": \"54826b22-38d6-4fb2-bad9-b7b93a3e9c5a\",\r\n    \"type\": \"SystemAssigned\"\r\n  },\r\n  \"id\": \"/subscriptions/0b1f6471-1bf0-4dda-aec3-cb9272f09590/resourceGroups/rgaci4217/providers/Microsoft.ContainerInstance/containerGroups/aci5491\",\r\n  \"name\": \"aci5491\",\r\n  \"type\": \"Microsoft.ContainerInstance/containerGroups\",\r\n  \"location\": \"eastus\",\r\n  \"tags\": {\r\n    \"tag1\": \"value1\"\r\n  }\r\n}",
      "StatusCode": 200
    },
    {
      "RequestUri": "/subscriptions/0b1f6471-1bf0-4dda-aec3-cb9272f09590/resourceGroups/rgaci4217/providers/Microsoft.ContainerInstance/containerGroups/aci5491?api-version=2018-10-01",
      "EncodedRequestUri": "L3N1YnNjcmlwdGlvbnMvMGIxZjY0NzEtMWJmMC00ZGRhLWFlYzMtY2I5MjcyZjA5NTkwL3Jlc291cmNlR3JvdXBzL3JnYWNpNDIxNy9wcm92aWRlcnMvTWljcm9zb2Z0LkNvbnRhaW5lckluc3RhbmNlL2NvbnRhaW5lckdyb3Vwcy9hY2k1NDkxP2FwaS12ZXJzaW9uPTIwMTgtMTAtMDE=",
      "RequestMethod": "GET",
      "RequestBody": "",
      "RequestHeaders": {
        "x-ms-client-request-id": [
          "16e87c35-0f6e-40b5-bd8a-4fb901bd2f0d"
        ],
        "Accept-Language": [
          "en-US"
        ],
        "User-Agent": [
          "FxVersion/4.6.27617.04",
          "OSName/Windows",
          "OSVersion/Microsoft.Windows.10.0.18362.",
          "Microsoft.Azure.Management.ContainerInstance.Fluent.ContainerInstanceManagementClient/1.0.0.60",
          "MacAddressHash/fd8825d96038522efcf10f412c4b0b589251f90f91c3c455d1ad0ee74c2961bf"
        ]
      },
      "ResponseHeaders": {
        "Cache-Control": [
          "no-cache"
        ],
        "Pragma": [
          "no-cache"
        ],
        "Vary": [
          "Accept-Encoding"
        ],
        "x-ms-request-id": [
          "eastus:b26b8da9-015d-4e9b-9897-f25fb5c45733"
        ],
        "x-ms-ratelimit-remaining-subscription-reads": [
          "11993"
        ],
        "x-ms-correlation-request-id": [
          "08958f67-5bca-4657-bd3e-6cec34f62ba4"
        ],
        "x-ms-routing-request-id": [
          "WESTUS:20190619T222147Z:08958f67-5bca-4657-bd3e-6cec34f62ba4"
        ],
        "Strict-Transport-Security": [
          "max-age=31536000; includeSubDomains"
        ],
        "X-Content-Type-Options": [
          "nosniff"
        ],
        "Date": [
          "Wed, 19 Jun 2019 22:21:47 GMT"
        ],
        "Content-Length": [
          "2718"
        ],
        "Content-Type": [
          "application/json; charset=utf-8"
        ],
        "Expires": [
          "-1"
        ]
      },
      "ResponseBody": "{\r\n  \"properties\": {\r\n    \"provisioningState\": \"Succeeded\",\r\n    \"containers\": [\r\n      {\r\n        \"name\": \"tomcat\",\r\n        \"properties\": {\r\n          \"image\": \"tomcat\",\r\n          \"ports\": [\r\n            {\r\n              \"protocol\": \"TCP\",\r\n              \"port\": 8080\r\n            }\r\n          ],\r\n          \"environmentVariables\": [\r\n            {\r\n              \"name\": \"ENV1\",\r\n              \"value\": \"value1\"\r\n            }\r\n          ],\r\n          \"instanceView\": {\r\n            \"restartCount\": 0,\r\n            \"currentState\": {\r\n              \"state\": \"Running\",\r\n              \"startTime\": \"2019-06-19T22:21:20Z\",\r\n              \"detailStatus\": \"\"\r\n            },\r\n            \"events\": [\r\n              {\r\n                \"count\": 1,\r\n                \"firstTimestamp\": \"2019-06-19T22:20:47Z\",\r\n                \"lastTimestamp\": \"2019-06-19T22:20:47Z\",\r\n                \"name\": \"Pulling\",\r\n                \"message\": \"pulling image \\\"tomcat\\\"\",\r\n                \"type\": \"Normal\"\r\n              },\r\n              {\r\n                \"count\": 1,\r\n                \"firstTimestamp\": \"2019-06-19T22:21:10Z\",\r\n                \"lastTimestamp\": \"2019-06-19T22:21:10Z\",\r\n                \"name\": \"Pulled\",\r\n                \"message\": \"Successfully pulled image \\\"tomcat\\\"\",\r\n                \"type\": \"Normal\"\r\n              },\r\n              {\r\n                \"count\": 1,\r\n                \"firstTimestamp\": \"2019-06-19T22:21:20Z\",\r\n                \"lastTimestamp\": \"2019-06-19T22:21:20Z\",\r\n                \"name\": \"Created\",\r\n                \"message\": \"Created container\",\r\n                \"type\": \"Normal\"\r\n              },\r\n              {\r\n                \"count\": 1,\r\n                \"firstTimestamp\": \"2019-06-19T22:21:20Z\",\r\n                \"lastTimestamp\": \"2019-06-19T22:21:20Z\",\r\n                \"name\": \"Started\",\r\n                \"message\": \"Started container\",\r\n                \"type\": \"Normal\"\r\n              }\r\n            ]\r\n          },\r\n          \"resources\": {\r\n            \"requests\": {\r\n              \"memoryInGB\": 1.5,\r\n              \"cpu\": 1.0\r\n            }\r\n          }\r\n        }\r\n      },\r\n      {\r\n        \"name\": \"nginx\",\r\n        \"properties\": {\r\n          \"image\": \"nginx\",\r\n          \"ports\": [\r\n            {\r\n              \"protocol\": \"TCP\",\r\n              \"port\": 80\r\n            }\r\n          ],\r\n          \"environmentVariables\": [\r\n            {\r\n              \"name\": \"ENV2\"\r\n            }\r\n          ],\r\n          \"instanceView\": {\r\n            \"restartCount\": 0,\r\n            \"currentState\": {\r\n              \"state\": \"Running\",\r\n              \"startTime\": \"2019-06-19T22:21:28Z\",\r\n              \"detailStatus\": \"\"\r\n            },\r\n            \"events\": [\r\n              {\r\n                \"count\": 1,\r\n                \"firstTimestamp\": \"2019-06-19T22:21:20Z\",\r\n                \"lastTimestamp\": \"2019-06-19T22:21:20Z\",\r\n                \"name\": \"Pulling\",\r\n                \"message\": \"pulling image \\\"nginx\\\"\",\r\n                \"type\": \"Normal\"\r\n              },\r\n              {\r\n                \"count\": 1,\r\n                \"firstTimestamp\": \"2019-06-19T22:21:25Z\",\r\n                \"lastTimestamp\": \"2019-06-19T22:21:25Z\",\r\n                \"name\": \"Pulled\",\r\n                \"message\": \"Successfully pulled image \\\"nginx\\\"\",\r\n                \"type\": \"Normal\"\r\n              },\r\n              {\r\n                \"count\": 1,\r\n                \"firstTimestamp\": \"2019-06-19T22:21:28Z\",\r\n                \"lastTimestamp\": \"2019-06-19T22:21:28Z\",\r\n                \"name\": \"Created\",\r\n                \"message\": \"Created container\",\r\n                \"type\": \"Normal\"\r\n              },\r\n              {\r\n                \"count\": 1,\r\n                \"firstTimestamp\": \"2019-06-19T22:21:29Z\",\r\n                \"lastTimestamp\": \"2019-06-19T22:21:29Z\",\r\n                \"name\": \"Started\",\r\n                \"message\": \"Started container\",\r\n                \"type\": \"Normal\"\r\n              }\r\n            ]\r\n          },\r\n          \"resources\": {\r\n            \"requests\": {\r\n              \"memoryInGB\": 1.5,\r\n              \"cpu\": 1.0\r\n            }\r\n          }\r\n        }\r\n      }\r\n    ],\r\n    \"restartPolicy\": \"Never\",\r\n    \"ipAddress\": {\r\n      \"ports\": [\r\n        {\r\n          \"protocol\": \"TCP\",\r\n          \"port\": 8080\r\n        },\r\n        {\r\n          \"protocol\": \"TCP\",\r\n          \"port\": 80\r\n        }\r\n      ],\r\n      \"ip\": \"52.224.149.91\",\r\n      \"type\": \"Public\",\r\n      \"dnsNameLabel\": \"aci5491\",\r\n      \"fqdn\": \"aci5491.eastus.azurecontainer.io\"\r\n    },\r\n    \"osType\": \"Linux\",\r\n    \"volumes\": [\r\n      {\r\n        \"name\": \"emptydir1\",\r\n        \"emptyDir\": {}\r\n      }\r\n    ],\r\n    \"instanceView\": {\r\n      \"events\": [],\r\n      \"state\": \"Running\"\r\n    }\r\n  },\r\n  \"identity\": {\r\n    \"principalId\": \"9997c123-559d-4afd-8fda-3bd216ebbaeb\",\r\n    \"tenantId\": \"54826b22-38d6-4fb2-bad9-b7b93a3e9c5a\",\r\n    \"type\": \"SystemAssigned\"\r\n  },\r\n  \"id\": \"/subscriptions/0b1f6471-1bf0-4dda-aec3-cb9272f09590/resourceGroups/rgaci4217/providers/Microsoft.ContainerInstance/containerGroups/aci5491\",\r\n  \"name\": \"aci5491\",\r\n  \"type\": \"Microsoft.ContainerInstance/containerGroups\",\r\n  \"location\": \"eastus\",\r\n  \"tags\": {\r\n    \"tag1\": \"value1\"\r\n  }\r\n}",
      "StatusCode": 200
    },
    {
      "RequestUri": "/subscriptions/0b1f6471-1bf0-4dda-aec3-cb9272f09590/resourceGroups/rgaci4217/providers/Microsoft.ContainerInstance/containerGroups/aci5491?api-version=2018-10-01",
      "EncodedRequestUri": "L3N1YnNjcmlwdGlvbnMvMGIxZjY0NzEtMWJmMC00ZGRhLWFlYzMtY2I5MjcyZjA5NTkwL3Jlc291cmNlR3JvdXBzL3JnYWNpNDIxNy9wcm92aWRlcnMvTWljcm9zb2Z0LkNvbnRhaW5lckluc3RhbmNlL2NvbnRhaW5lckdyb3Vwcy9hY2k1NDkxP2FwaS12ZXJzaW9uPTIwMTgtMTAtMDE=",
      "RequestMethod": "GET",
      "RequestBody": "",
      "RequestHeaders": {
        "x-ms-client-request-id": [
          "045591fb-de3b-4dae-b80b-02b6a0a816ab"
        ],
        "Accept-Language": [
          "en-US"
        ],
        "User-Agent": [
          "FxVersion/4.6.27617.04",
          "OSName/Windows",
          "OSVersion/Microsoft.Windows.10.0.18362.",
          "Microsoft.Azure.Management.ContainerInstance.Fluent.ContainerInstanceManagementClient/1.0.0.60",
          "MacAddressHash/fd8825d96038522efcf10f412c4b0b589251f90f91c3c455d1ad0ee74c2961bf"
        ]
      },
      "ResponseHeaders": {
        "Cache-Control": [
          "no-cache"
        ],
        "Pragma": [
          "no-cache"
        ],
        "Vary": [
          "Accept-Encoding"
        ],
        "x-ms-request-id": [
          "eastus:1b2931bd-8e22-4dc7-b0a0-084213377c5d"
        ],
        "x-ms-ratelimit-remaining-subscription-reads": [
          "11992"
        ],
        "x-ms-correlation-request-id": [
          "9acf4fbc-cb5c-4f1b-a29f-5a49eeeace8d"
        ],
        "x-ms-routing-request-id": [
          "WESTUS:20190619T222147Z:9acf4fbc-cb5c-4f1b-a29f-5a49eeeace8d"
        ],
        "Strict-Transport-Security": [
          "max-age=31536000; includeSubDomains"
        ],
        "X-Content-Type-Options": [
          "nosniff"
        ],
        "Date": [
          "Wed, 19 Jun 2019 22:21:47 GMT"
        ],
        "Content-Length": [
          "2718"
        ],
        "Content-Type": [
          "application/json; charset=utf-8"
        ],
        "Expires": [
          "-1"
        ]
      },
      "ResponseBody": "{\r\n  \"properties\": {\r\n    \"provisioningState\": \"Succeeded\",\r\n    \"containers\": [\r\n      {\r\n        \"name\": \"tomcat\",\r\n        \"properties\": {\r\n          \"image\": \"tomcat\",\r\n          \"ports\": [\r\n            {\r\n              \"protocol\": \"TCP\",\r\n              \"port\": 8080\r\n            }\r\n          ],\r\n          \"environmentVariables\": [\r\n            {\r\n              \"name\": \"ENV1\",\r\n              \"value\": \"value1\"\r\n            }\r\n          ],\r\n          \"instanceView\": {\r\n            \"restartCount\": 0,\r\n            \"currentState\": {\r\n              \"state\": \"Running\",\r\n              \"startTime\": \"2019-06-19T22:21:20Z\",\r\n              \"detailStatus\": \"\"\r\n            },\r\n            \"events\": [\r\n              {\r\n                \"count\": 1,\r\n                \"firstTimestamp\": \"2019-06-19T22:20:47Z\",\r\n                \"lastTimestamp\": \"2019-06-19T22:20:47Z\",\r\n                \"name\": \"Pulling\",\r\n                \"message\": \"pulling image \\\"tomcat\\\"\",\r\n                \"type\": \"Normal\"\r\n              },\r\n              {\r\n                \"count\": 1,\r\n                \"firstTimestamp\": \"2019-06-19T22:21:10Z\",\r\n                \"lastTimestamp\": \"2019-06-19T22:21:10Z\",\r\n                \"name\": \"Pulled\",\r\n                \"message\": \"Successfully pulled image \\\"tomcat\\\"\",\r\n                \"type\": \"Normal\"\r\n              },\r\n              {\r\n                \"count\": 1,\r\n                \"firstTimestamp\": \"2019-06-19T22:21:20Z\",\r\n                \"lastTimestamp\": \"2019-06-19T22:21:20Z\",\r\n                \"name\": \"Created\",\r\n                \"message\": \"Created container\",\r\n                \"type\": \"Normal\"\r\n              },\r\n              {\r\n                \"count\": 1,\r\n                \"firstTimestamp\": \"2019-06-19T22:21:20Z\",\r\n                \"lastTimestamp\": \"2019-06-19T22:21:20Z\",\r\n                \"name\": \"Started\",\r\n                \"message\": \"Started container\",\r\n                \"type\": \"Normal\"\r\n              }\r\n            ]\r\n          },\r\n          \"resources\": {\r\n            \"requests\": {\r\n              \"memoryInGB\": 1.5,\r\n              \"cpu\": 1.0\r\n            }\r\n          }\r\n        }\r\n      },\r\n      {\r\n        \"name\": \"nginx\",\r\n        \"properties\": {\r\n          \"image\": \"nginx\",\r\n          \"ports\": [\r\n            {\r\n              \"protocol\": \"TCP\",\r\n              \"port\": 80\r\n            }\r\n          ],\r\n          \"environmentVariables\": [\r\n            {\r\n              \"name\": \"ENV2\"\r\n            }\r\n          ],\r\n          \"instanceView\": {\r\n            \"restartCount\": 0,\r\n            \"currentState\": {\r\n              \"state\": \"Running\",\r\n              \"startTime\": \"2019-06-19T22:21:28Z\",\r\n              \"detailStatus\": \"\"\r\n            },\r\n            \"events\": [\r\n              {\r\n                \"count\": 1,\r\n                \"firstTimestamp\": \"2019-06-19T22:21:20Z\",\r\n                \"lastTimestamp\": \"2019-06-19T22:21:20Z\",\r\n                \"name\": \"Pulling\",\r\n                \"message\": \"pulling image \\\"nginx\\\"\",\r\n                \"type\": \"Normal\"\r\n              },\r\n              {\r\n                \"count\": 1,\r\n                \"firstTimestamp\": \"2019-06-19T22:21:25Z\",\r\n                \"lastTimestamp\": \"2019-06-19T22:21:25Z\",\r\n                \"name\": \"Pulled\",\r\n                \"message\": \"Successfully pulled image \\\"nginx\\\"\",\r\n                \"type\": \"Normal\"\r\n              },\r\n              {\r\n                \"count\": 1,\r\n                \"firstTimestamp\": \"2019-06-19T22:21:28Z\",\r\n                \"lastTimestamp\": \"2019-06-19T22:21:28Z\",\r\n                \"name\": \"Created\",\r\n                \"message\": \"Created container\",\r\n                \"type\": \"Normal\"\r\n              },\r\n              {\r\n                \"count\": 1,\r\n                \"firstTimestamp\": \"2019-06-19T22:21:29Z\",\r\n                \"lastTimestamp\": \"2019-06-19T22:21:29Z\",\r\n                \"name\": \"Started\",\r\n                \"message\": \"Started container\",\r\n                \"type\": \"Normal\"\r\n              }\r\n            ]\r\n          },\r\n          \"resources\": {\r\n            \"requests\": {\r\n              \"memoryInGB\": 1.5,\r\n              \"cpu\": 1.0\r\n            }\r\n          }\r\n        }\r\n      }\r\n    ],\r\n    \"restartPolicy\": \"Never\",\r\n    \"ipAddress\": {\r\n      \"ports\": [\r\n        {\r\n          \"protocol\": \"TCP\",\r\n          \"port\": 8080\r\n        },\r\n        {\r\n          \"protocol\": \"TCP\",\r\n          \"port\": 80\r\n        }\r\n      ],\r\n      \"ip\": \"52.224.149.91\",\r\n      \"type\": \"Public\",\r\n      \"dnsNameLabel\": \"aci5491\",\r\n      \"fqdn\": \"aci5491.eastus.azurecontainer.io\"\r\n    },\r\n    \"osType\": \"Linux\",\r\n    \"volumes\": [\r\n      {\r\n        \"name\": \"emptydir1\",\r\n        \"emptyDir\": {}\r\n      }\r\n    ],\r\n    \"instanceView\": {\r\n      \"events\": [],\r\n      \"state\": \"Running\"\r\n    }\r\n  },\r\n  \"identity\": {\r\n    \"principalId\": \"9997c123-559d-4afd-8fda-3bd216ebbaeb\",\r\n    \"tenantId\": \"54826b22-38d6-4fb2-bad9-b7b93a3e9c5a\",\r\n    \"type\": \"SystemAssigned\"\r\n  },\r\n  \"id\": \"/subscriptions/0b1f6471-1bf0-4dda-aec3-cb9272f09590/resourceGroups/rgaci4217/providers/Microsoft.ContainerInstance/containerGroups/aci5491\",\r\n  \"name\": \"aci5491\",\r\n  \"type\": \"Microsoft.ContainerInstance/containerGroups\",\r\n  \"location\": \"eastus\",\r\n  \"tags\": {\r\n    \"tag1\": \"value1\"\r\n  }\r\n}",
      "StatusCode": 200
    },
    {
      "RequestUri": "/subscriptions/0b1f6471-1bf0-4dda-aec3-cb9272f09590/resourceGroups/rgaci4217/providers/Microsoft.ContainerInstance/containerGroups/aci5491?api-version=2018-10-01",
      "EncodedRequestUri": "L3N1YnNjcmlwdGlvbnMvMGIxZjY0NzEtMWJmMC00ZGRhLWFlYzMtY2I5MjcyZjA5NTkwL3Jlc291cmNlR3JvdXBzL3JnYWNpNDIxNy9wcm92aWRlcnMvTWljcm9zb2Z0LkNvbnRhaW5lckluc3RhbmNlL2NvbnRhaW5lckdyb3Vwcy9hY2k1NDkxP2FwaS12ZXJzaW9uPTIwMTgtMTAtMDE=",
      "RequestMethod": "GET",
      "RequestBody": "",
      "RequestHeaders": {
        "x-ms-client-request-id": [
          "35ddc7f7-b89a-4413-986f-f84d6b6e4477"
        ],
        "Accept-Language": [
          "en-US"
        ],
        "User-Agent": [
          "FxVersion/4.6.27617.04",
          "OSName/Windows",
          "OSVersion/Microsoft.Windows.10.0.18362.",
          "Microsoft.Azure.Management.ContainerInstance.Fluent.ContainerInstanceManagementClient/1.0.0.60",
          "MacAddressHash/fd8825d96038522efcf10f412c4b0b589251f90f91c3c455d1ad0ee74c2961bf"
        ]
      },
      "ResponseHeaders": {
        "Cache-Control": [
          "no-cache"
        ],
        "Pragma": [
          "no-cache"
        ],
        "Vary": [
          "Accept-Encoding"
        ],
        "x-ms-request-id": [
          "eastus:fbebffaf-af2b-4ab9-9846-e823c15a378c"
        ],
        "x-ms-ratelimit-remaining-subscription-reads": [
          "11991"
        ],
        "x-ms-correlation-request-id": [
          "864576c1-ccb2-498f-897b-5a2841cd672d"
        ],
        "x-ms-routing-request-id": [
          "WESTUS:20190619T222149Z:864576c1-ccb2-498f-897b-5a2841cd672d"
        ],
        "Strict-Transport-Security": [
          "max-age=31536000; includeSubDomains"
        ],
        "X-Content-Type-Options": [
          "nosniff"
        ],
        "Date": [
          "Wed, 19 Jun 2019 22:21:49 GMT"
        ],
        "Content-Length": [
          "2718"
        ],
        "Content-Type": [
          "application/json; charset=utf-8"
        ],
        "Expires": [
          "-1"
        ]
      },
      "ResponseBody": "{\r\n  \"properties\": {\r\n    \"provisioningState\": \"Succeeded\",\r\n    \"containers\": [\r\n      {\r\n        \"name\": \"tomcat\",\r\n        \"properties\": {\r\n          \"image\": \"tomcat\",\r\n          \"ports\": [\r\n            {\r\n              \"protocol\": \"TCP\",\r\n              \"port\": 8080\r\n            }\r\n          ],\r\n          \"environmentVariables\": [\r\n            {\r\n              \"name\": \"ENV1\",\r\n              \"value\": \"value1\"\r\n            }\r\n          ],\r\n          \"instanceView\": {\r\n            \"restartCount\": 0,\r\n            \"currentState\": {\r\n              \"state\": \"Running\",\r\n              \"startTime\": \"2019-06-19T22:21:20Z\",\r\n              \"detailStatus\": \"\"\r\n            },\r\n            \"events\": [\r\n              {\r\n                \"count\": 1,\r\n                \"firstTimestamp\": \"2019-06-19T22:20:47Z\",\r\n                \"lastTimestamp\": \"2019-06-19T22:20:47Z\",\r\n                \"name\": \"Pulling\",\r\n                \"message\": \"pulling image \\\"tomcat\\\"\",\r\n                \"type\": \"Normal\"\r\n              },\r\n              {\r\n                \"count\": 1,\r\n                \"firstTimestamp\": \"2019-06-19T22:21:10Z\",\r\n                \"lastTimestamp\": \"2019-06-19T22:21:10Z\",\r\n                \"name\": \"Pulled\",\r\n                \"message\": \"Successfully pulled image \\\"tomcat\\\"\",\r\n                \"type\": \"Normal\"\r\n              },\r\n              {\r\n                \"count\": 1,\r\n                \"firstTimestamp\": \"2019-06-19T22:21:20Z\",\r\n                \"lastTimestamp\": \"2019-06-19T22:21:20Z\",\r\n                \"name\": \"Created\",\r\n                \"message\": \"Created container\",\r\n                \"type\": \"Normal\"\r\n              },\r\n              {\r\n                \"count\": 1,\r\n                \"firstTimestamp\": \"2019-06-19T22:21:20Z\",\r\n                \"lastTimestamp\": \"2019-06-19T22:21:20Z\",\r\n                \"name\": \"Started\",\r\n                \"message\": \"Started container\",\r\n                \"type\": \"Normal\"\r\n              }\r\n            ]\r\n          },\r\n          \"resources\": {\r\n            \"requests\": {\r\n              \"memoryInGB\": 1.5,\r\n              \"cpu\": 1.0\r\n            }\r\n          }\r\n        }\r\n      },\r\n      {\r\n        \"name\": \"nginx\",\r\n        \"properties\": {\r\n          \"image\": \"nginx\",\r\n          \"ports\": [\r\n            {\r\n              \"protocol\": \"TCP\",\r\n              \"port\": 80\r\n            }\r\n          ],\r\n          \"environmentVariables\": [\r\n            {\r\n              \"name\": \"ENV2\"\r\n            }\r\n          ],\r\n          \"instanceView\": {\r\n            \"restartCount\": 0,\r\n            \"currentState\": {\r\n              \"state\": \"Running\",\r\n              \"startTime\": \"2019-06-19T22:21:28Z\",\r\n              \"detailStatus\": \"\"\r\n            },\r\n            \"events\": [\r\n              {\r\n                \"count\": 1,\r\n                \"firstTimestamp\": \"2019-06-19T22:21:20Z\",\r\n                \"lastTimestamp\": \"2019-06-19T22:21:20Z\",\r\n                \"name\": \"Pulling\",\r\n                \"message\": \"pulling image \\\"nginx\\\"\",\r\n                \"type\": \"Normal\"\r\n              },\r\n              {\r\n                \"count\": 1,\r\n                \"firstTimestamp\": \"2019-06-19T22:21:25Z\",\r\n                \"lastTimestamp\": \"2019-06-19T22:21:25Z\",\r\n                \"name\": \"Pulled\",\r\n                \"message\": \"Successfully pulled image \\\"nginx\\\"\",\r\n                \"type\": \"Normal\"\r\n              },\r\n              {\r\n                \"count\": 1,\r\n                \"firstTimestamp\": \"2019-06-19T22:21:28Z\",\r\n                \"lastTimestamp\": \"2019-06-19T22:21:28Z\",\r\n                \"name\": \"Created\",\r\n                \"message\": \"Created container\",\r\n                \"type\": \"Normal\"\r\n              },\r\n              {\r\n                \"count\": 1,\r\n                \"firstTimestamp\": \"2019-06-19T22:21:29Z\",\r\n                \"lastTimestamp\": \"2019-06-19T22:21:29Z\",\r\n                \"name\": \"Started\",\r\n                \"message\": \"Started container\",\r\n                \"type\": \"Normal\"\r\n              }\r\n            ]\r\n          },\r\n          \"resources\": {\r\n            \"requests\": {\r\n              \"memoryInGB\": 1.5,\r\n              \"cpu\": 1.0\r\n            }\r\n          }\r\n        }\r\n      }\r\n    ],\r\n    \"restartPolicy\": \"Never\",\r\n    \"ipAddress\": {\r\n      \"ports\": [\r\n        {\r\n          \"protocol\": \"TCP\",\r\n          \"port\": 8080\r\n        },\r\n        {\r\n          \"protocol\": \"TCP\",\r\n          \"port\": 80\r\n        }\r\n      ],\r\n      \"ip\": \"52.224.149.91\",\r\n      \"type\": \"Public\",\r\n      \"dnsNameLabel\": \"aci5491\",\r\n      \"fqdn\": \"aci5491.eastus.azurecontainer.io\"\r\n    },\r\n    \"osType\": \"Linux\",\r\n    \"volumes\": [\r\n      {\r\n        \"name\": \"emptydir1\",\r\n        \"emptyDir\": {}\r\n      }\r\n    ],\r\n    \"instanceView\": {\r\n      \"events\": [],\r\n      \"state\": \"Running\"\r\n    }\r\n  },\r\n  \"identity\": {\r\n    \"principalId\": \"9997c123-559d-4afd-8fda-3bd216ebbaeb\",\r\n    \"tenantId\": \"54826b22-38d6-4fb2-bad9-b7b93a3e9c5a\",\r\n    \"type\": \"SystemAssigned\"\r\n  },\r\n  \"id\": \"/subscriptions/0b1f6471-1bf0-4dda-aec3-cb9272f09590/resourceGroups/rgaci4217/providers/Microsoft.ContainerInstance/containerGroups/aci5491\",\r\n  \"name\": \"aci5491\",\r\n  \"type\": \"Microsoft.ContainerInstance/containerGroups\",\r\n  \"location\": \"eastus\",\r\n  \"tags\": {\r\n    \"tag2\": \"value2\"\r\n  }\r\n}",
      "StatusCode": 200
    },
    {
      "RequestUri": "/subscriptions/0b1f6471-1bf0-4dda-aec3-cb9272f09590/resourceGroups/rgaci4217/providers/Microsoft.ContainerInstance/containerGroups?api-version=2018-10-01",
      "EncodedRequestUri": "L3N1YnNjcmlwdGlvbnMvMGIxZjY0NzEtMWJmMC00ZGRhLWFlYzMtY2I5MjcyZjA5NTkwL3Jlc291cmNlR3JvdXBzL3JnYWNpNDIxNy9wcm92aWRlcnMvTWljcm9zb2Z0LkNvbnRhaW5lckluc3RhbmNlL2NvbnRhaW5lckdyb3Vwcz9hcGktdmVyc2lvbj0yMDE4LTEwLTAx",
      "RequestMethod": "GET",
      "RequestBody": "",
      "RequestHeaders": {
        "x-ms-client-request-id": [
          "6b17bd30-93ae-4e42-8ba0-fa4006f192fa"
        ],
        "Accept-Language": [
          "en-US"
        ],
        "User-Agent": [
          "FxVersion/4.6.27617.04",
          "OSName/Windows",
          "OSVersion/Microsoft.Windows.10.0.18362.",
          "Microsoft.Azure.Management.ContainerInstance.Fluent.ContainerInstanceManagementClient/1.0.0.60",
          "MacAddressHash/fd8825d96038522efcf10f412c4b0b589251f90f91c3c455d1ad0ee74c2961bf"
        ]
      },
      "ResponseHeaders": {
        "Cache-Control": [
          "no-cache"
        ],
        "Pragma": [
          "no-cache"
        ],
        "Vary": [
          "Accept-Encoding"
        ],
        "x-ms-request-id": [
          "eastus:efe50bfb-672f-44b1-8ebb-51a52c3593db"
        ],
        "x-ms-ratelimit-remaining-subscription-reads": [
          "11995"
        ],
        "x-ms-correlation-request-id": [
          "fd87f461-ed6c-4226-bda7-00de36679867"
        ],
        "x-ms-routing-request-id": [
          "WESTUS:20190619T222147Z:fd87f461-ed6c-4226-bda7-00de36679867"
        ],
        "Strict-Transport-Security": [
          "max-age=31536000; includeSubDomains"
        ],
        "X-Content-Type-Options": [
          "nosniff"
        ],
        "Date": [
          "Wed, 19 Jun 2019 22:21:47 GMT"
        ],
        "Content-Length": [
          "1137"
        ],
        "Content-Type": [
          "application/json; charset=utf-8"
        ],
        "Expires": [
          "-1"
        ]
      },
      "ResponseBody": "{\r\n  \"value\": [\r\n    {\r\n      \"properties\": {\r\n        \"provisioningState\": \"Succeeded\",\r\n        \"containers\": [\r\n          {\r\n            \"name\": \"tomcat\",\r\n            \"properties\": {\r\n              \"image\": \"tomcat\",\r\n              \"ports\": [\r\n                {\r\n                  \"protocol\": \"TCP\",\r\n                  \"port\": 8080\r\n                }\r\n              ],\r\n              \"environmentVariables\": [\r\n                {\r\n                  \"name\": \"ENV1\",\r\n                  \"value\": \"value1\"\r\n                }\r\n              ],\r\n              \"resources\": {\r\n                \"requests\": {\r\n                  \"memoryInGB\": 1.5,\r\n                  \"cpu\": 1.0\r\n                }\r\n              }\r\n            }\r\n          },\r\n          {\r\n            \"name\": \"nginx\",\r\n            \"properties\": {\r\n              \"image\": \"nginx\",\r\n              \"ports\": [\r\n                {\r\n                  \"protocol\": \"TCP\",\r\n                  \"port\": 80\r\n                }\r\n              ],\r\n              \"environmentVariables\": [\r\n                {\r\n                  \"name\": \"ENV2\"\r\n                }\r\n              ],\r\n              \"resources\": {\r\n                \"requests\": {\r\n                  \"memoryInGB\": 1.5,\r\n                  \"cpu\": 1.0\r\n                }\r\n              }\r\n            }\r\n          }\r\n        ],\r\n        \"restartPolicy\": \"Never\",\r\n        \"ipAddress\": {\r\n          \"ports\": [\r\n            {\r\n              \"protocol\": \"TCP\",\r\n              \"port\": 8080\r\n            },\r\n            {\r\n              \"protocol\": \"TCP\",\r\n              \"port\": 80\r\n            }\r\n          ],\r\n          \"ip\": \"52.224.149.91\",\r\n          \"type\": \"Public\",\r\n          \"dnsNameLabel\": \"aci5491\",\r\n          \"fqdn\": \"aci5491.eastus.azurecontainer.io\"\r\n        },\r\n        \"osType\": \"Linux\",\r\n        \"volumes\": [\r\n          {\r\n            \"name\": \"emptydir1\",\r\n            \"emptyDir\": {}\r\n          }\r\n        ]\r\n      },\r\n      \"identity\": {\r\n        \"principalId\": \"9997c123-559d-4afd-8fda-3bd216ebbaeb\",\r\n        \"tenantId\": \"54826b22-38d6-4fb2-bad9-b7b93a3e9c5a\",\r\n        \"type\": \"SystemAssigned\"\r\n      },\r\n      \"id\": \"/subscriptions/0b1f6471-1bf0-4dda-aec3-cb9272f09590/resourceGroups/rgaci4217/providers/Microsoft.ContainerInstance/containerGroups/aci5491\",\r\n      \"name\": \"aci5491\",\r\n      \"type\": \"Microsoft.ContainerInstance/containerGroups\",\r\n      \"location\": \"eastus\",\r\n      \"tags\": {\r\n        \"tag1\": \"value1\"\r\n      }\r\n    }\r\n  ]\r\n}",
      "StatusCode": 200
    },
    {
      "RequestUri": "/providers/Microsoft.ContainerInstance/operations?api-version=2018-10-01",
      "EncodedRequestUri": "L3Byb3ZpZGVycy9NaWNyb3NvZnQuQ29udGFpbmVySW5zdGFuY2Uvb3BlcmF0aW9ucz9hcGktdmVyc2lvbj0yMDE4LTEwLTAx",
      "RequestMethod": "GET",
      "RequestBody": "",
      "RequestHeaders": {
        "x-ms-client-request-id": [
          "549b0cf4-9ad2-42d7-bd41-866ff7263d74"
        ],
        "Accept-Language": [
          "en-US"
        ],
        "User-Agent": [
          "FxVersion/4.6.27617.04",
          "OSName/Windows",
          "OSVersion/Microsoft.Windows.10.0.18362.",
          "Microsoft.Azure.Management.ContainerInstance.Fluent.ContainerInstanceManagementClient/1.0.0.60",
          "MacAddressHash/fd8825d96038522efcf10f412c4b0b589251f90f91c3c455d1ad0ee74c2961bf"
        ]
      },
      "ResponseHeaders": {
        "Cache-Control": [
          "no-cache"
        ],
        "Pragma": [
          "no-cache"
        ],
        "Vary": [
          "Accept-Encoding"
        ],
        "x-ms-request-id": [
          "westus:d223b42f-22d6-4f28-bbbd-933404cb3011"
        ],
        "x-ms-ratelimit-remaining-tenant-reads": [
          "11999"
        ],
        "x-ms-correlation-request-id": [
          "b4c3b602-bfa4-43c0-9c62-9f556f6a1db2"
        ],
        "x-ms-routing-request-id": [
          "WESTUS:20190619T222147Z:b4c3b602-bfa4-43c0-9c62-9f556f6a1db2"
        ],
        "Strict-Transport-Security": [
          "max-age=31536000; includeSubDomains"
        ],
        "X-Content-Type-Options": [
          "nosniff"
        ],
        "Date": [
          "Wed, 19 Jun 2019 22:21:47 GMT"
        ],
        "Content-Length": [
          "6734"
        ],
        "Content-Type": [
          "application/json; charset=utf-8"
        ],
        "Expires": [
          "-1"
        ]
      },
      "ResponseBody": "{\r\n  \"value\": [\r\n    {\r\n      \"name\": \"Microsoft.ContainerInstance/register/action\",\r\n      \"display\": {\r\n        \"provider\": \"Microsoft Container Instance\",\r\n        \"resource\": \"Container Group\",\r\n        \"operation\": \"Register Microsoft Container Instance\",\r\n        \"description\": \"Registers the subscription for the container instance resource provider and enables the creation of container groups.\"\r\n      },\r\n      \"origin\": \"User\"\r\n    },\r\n    {\r\n      \"name\": \"Microsoft.ContainerInstance/containerGroups/read\",\r\n      \"display\": {\r\n        \"provider\": \"Microsoft Container Instance\",\r\n        \"resource\": \"Container Group\",\r\n        \"operation\": \"Get Container Groups\",\r\n        \"description\": \"Get all container goups.\"\r\n      },\r\n      \"origin\": \"User\"\r\n    },\r\n    {\r\n      \"name\": \"Microsoft.ContainerInstance/containerGroups/write\",\r\n      \"display\": {\r\n        \"provider\": \"Microsoft Container Instance\",\r\n        \"resource\": \"Container Group\",\r\n        \"operation\": \"Create or update Container Group\",\r\n        \"description\": \"Create or update a specific container group.\"\r\n      },\r\n      \"origin\": \"User\"\r\n    },\r\n    {\r\n      \"name\": \"Microsoft.ContainerInstance/containerGroups/delete\",\r\n      \"display\": {\r\n        \"provider\": \"Microsoft Container Instance\",\r\n        \"resource\": \"Container Group\",\r\n        \"operation\": \"Delete Container Group\",\r\n        \"description\": \"Delete the specific container group.\"\r\n      },\r\n      \"origin\": \"User\"\r\n    },\r\n    {\r\n      \"name\": \"Microsoft.ContainerInstance/containerGroups/restart/action\",\r\n      \"display\": {\r\n        \"provider\": \"Microsoft Container Instance\",\r\n        \"resource\": \"Container Group\",\r\n        \"operation\": \"Restart Container Group\",\r\n        \"description\": \"Restarts a specific container group.\"\r\n      },\r\n      \"origin\": \"User\"\r\n    },\r\n    {\r\n      \"name\": \"Microsoft.ContainerInstance/containerGroups/stop/action\",\r\n      \"display\": {\r\n        \"provider\": \"Microsoft Container Instance\",\r\n        \"resource\": \"Container Group\",\r\n        \"operation\": \"Stop Container Group\",\r\n        \"description\": \"Stops a specific container group. Compute resources will be deallocated and billing will stop.\"\r\n      },\r\n      \"origin\": \"User\"\r\n    },\r\n    {\r\n      \"name\": \"Microsoft.ContainerInstance/containerGroups/start/action\",\r\n      \"display\": {\r\n        \"provider\": \"Microsoft Container Instance\",\r\n        \"resource\": \"Container Group\",\r\n        \"operation\": \"Start Container Group\",\r\n        \"description\": \"Starts a specific container group.\"\r\n      },\r\n      \"origin\": \"User\"\r\n    },\r\n    {\r\n      \"name\": \"Microsoft.ContainerInstance/containerGroups/containers/logs/read\",\r\n      \"display\": {\r\n        \"provider\": \"Microsoft Container Instance\",\r\n        \"resource\": \"Container Group\",\r\n        \"operation\": \"Get Container Logs\",\r\n        \"description\": \"Get logs for a specific container.\"\r\n      },\r\n      \"origin\": \"User\"\r\n    },\r\n    {\r\n      \"name\": \"Microsoft.ContainerInstance/containerGroups/containers/exec/action\",\r\n      \"display\": {\r\n        \"provider\": \"Microsoft Container Instance\",\r\n        \"resource\": \"Container Group\",\r\n        \"operation\": \"Exec Into a Container\",\r\n        \"description\": \"Exec into a specific container.\"\r\n      },\r\n      \"origin\": \"User\"\r\n    },\r\n    {\r\n      \"name\": \"Microsoft.ContainerInstance/locations/cachedImages/read\",\r\n      \"display\": {\r\n        \"provider\": \"Microsoft Container Instance\",\r\n        \"resource\": \"Cached Images\",\r\n        \"operation\": \"Get cached images.\",\r\n        \"description\": \"Gets the cached images for the subscription in a region.\"\r\n      },\r\n      \"origin\": \"User\"\r\n    },\r\n    {\r\n      \"name\": \"Microsoft.ContainerInstance/locations/capabilities/read\",\r\n      \"display\": {\r\n        \"provider\": \"Microsoft Container Instance\",\r\n        \"resource\": \"Capabilities\",\r\n        \"operation\": \"Get Capabilities\",\r\n        \"description\": \"Get the capabilities for a region.\"\r\n      },\r\n      \"origin\": \"User\"\r\n    },\r\n    {\r\n      \"name\": \"Microsoft.ContainerInstance/locations/usages/read\",\r\n      \"display\": {\r\n        \"provider\": \"Microsoft Container Instance\",\r\n        \"resource\": \"Usages\",\r\n        \"operation\": \"Get Regional Usage\",\r\n        \"description\": \"Get the usage for a specific region.\"\r\n      },\r\n      \"origin\": \"User\"\r\n    },\r\n    {\r\n      \"name\": \"Microsoft.ContainerInstance/containerGroups/providers/Microsoft.Insights/metricDefinitions/read\",\r\n      \"display\": {\r\n        \"provider\": \"Microsoft Container Instance\",\r\n        \"resource\": \"Container Group\",\r\n        \"operation\": \"Read container group metric definitions\",\r\n        \"description\": \"Gets the available metrics for container group.\"\r\n      },\r\n      \"origin\": \"System\",\r\n      \"properties\": {\r\n        \"serviceSpecification\": {\r\n          \"metricSpecifications\": [\r\n            {\r\n              \"name\": \"CpuUsage\",\r\n              \"displayName\": \"CPU Usage\",\r\n              \"displayDescription\": \"CPU usage on all cores in millicores.\",\r\n              \"unit\": \"Count\",\r\n              \"aggregationType\": \"Average\",\r\n              \"supportedAggregationTypes\": [\r\n                \"Maximum\",\r\n                \"Minimum\",\r\n                \"Average\"\r\n              ],\r\n              \"supportedTimeGrainTypes\": [\r\n                \"PT1M\",\r\n                \"PT5M\",\r\n                \"PT15M\",\r\n                \"PT30M\",\r\n                \"PT1H\",\r\n                \"PT6H\",\r\n                \"PT12H\",\r\n                \"PT1D\"\r\n              ],\r\n              \"enableRegionalMdmAccount\": true,\r\n              \"sourceMdmAccount\": \"MicrosoftContainerInstanceShoebox\",\r\n              \"sourceMdmNamespace\": \"AzureMonitoringMetrics\",\r\n              \"fillGapWithZero\": false,\r\n              \"dimensions\": [\r\n                {\r\n                  \"name\": \"containerName\",\r\n                  \"displayName\": \"Container Name\",\r\n                  \"toBeExportedForShoebox\": true\r\n                }\r\n              ]\r\n            },\r\n            {\r\n              \"name\": \"MemoryUsage\",\r\n              \"displayName\": \"Memory Usage\",\r\n              \"displayDescription\": \"Total memory usage in byte.\",\r\n              \"unit\": \"Bytes\",\r\n              \"aggregationType\": \"Average\",\r\n              \"supportedAggregationTypes\": [\r\n                \"Maximum\",\r\n                \"Minimum\",\r\n                \"Average\"\r\n              ],\r\n              \"supportedTimeGrainTypes\": [\r\n                \"PT1M\",\r\n                \"PT5M\",\r\n                \"PT15M\",\r\n                \"PT30M\",\r\n                \"PT1H\",\r\n                \"PT6H\",\r\n                \"PT12H\",\r\n                \"PT1D\"\r\n              ],\r\n              \"enableRegionalMdmAccount\": true,\r\n              \"sourceMdmAccount\": \"MicrosoftContainerInstanceShoebox\",\r\n              \"sourceMdmNamespace\": \"AzureMonitoringMetrics\",\r\n              \"fillGapWithZero\": false,\r\n              \"dimensions\": [\r\n                {\r\n                  \"name\": \"containerName\",\r\n                  \"displayName\": \"Container Name\",\r\n                  \"toBeExportedForShoebox\": true\r\n                }\r\n              ]\r\n            },\r\n            {\r\n              \"name\": \"NetworkBytesReceivedPerSecond\",\r\n              \"displayName\": \"Network Bytes Received Per Second\",\r\n              \"displayDescription\": \"The network bytes received per second.\",\r\n              \"unit\": \"Bytes\",\r\n              \"aggregationType\": \"Average\",\r\n              \"supportedAggregationTypes\": [\r\n                \"Maximum\",\r\n                \"Minimum\",\r\n                \"Average\"\r\n              ],\r\n              \"supportedTimeGrainTypes\": [\r\n                \"PT1M\",\r\n                \"PT5M\",\r\n                \"PT15M\",\r\n                \"PT30M\",\r\n                \"PT1H\",\r\n                \"PT6H\",\r\n                \"PT12H\",\r\n                \"PT1D\"\r\n              ],\r\n              \"enableRegionalMdmAccount\": true,\r\n              \"sourceMdmAccount\": \"MicrosoftContainerInstanceShoebox\",\r\n              \"sourceMdmNamespace\": \"AzureMonitoringMetrics\",\r\n              \"fillGapWithZero\": false\r\n            },\r\n            {\r\n              \"name\": \"NetworkBytesTransmittedPerSecond\",\r\n              \"displayName\": \"Network Bytes Transmitted Per Second\",\r\n              \"displayDescription\": \"The network bytes transmitted per second.\",\r\n              \"unit\": \"Bytes\",\r\n              \"aggregationType\": \"Average\",\r\n              \"supportedAggregationTypes\": [\r\n                \"Maximum\",\r\n                \"Minimum\",\r\n                \"Average\"\r\n              ],\r\n              \"supportedTimeGrainTypes\": [\r\n                \"PT1M\",\r\n                \"PT5M\",\r\n                \"PT15M\",\r\n                \"PT30M\",\r\n                \"PT1H\",\r\n                \"PT6H\",\r\n                \"PT12H\",\r\n                \"PT1D\"\r\n              ],\r\n              \"enableRegionalMdmAccount\": true,\r\n              \"sourceMdmAccount\": \"MicrosoftContainerInstanceShoebox\",\r\n              \"sourceMdmNamespace\": \"AzureMonitoringMetrics\",\r\n              \"fillGapWithZero\": false\r\n            }\r\n          ]\r\n        }\r\n      }\r\n    },\r\n    {\r\n      \"name\": \"Microsoft.ContainerInstance/containerGroups/providers/Microsoft.Insights/diagnosticSettings/read\",\r\n      \"display\": {\r\n        \"provider\": \"Microsoft Container Instance\",\r\n        \"resource\": \"Container Group\",\r\n        \"operation\": \"Read Diagnostic Setting\",\r\n        \"description\": \"Gets the diagnostic setting for the container group.\"\r\n      },\r\n      \"origin\": \"System\"\r\n    },\r\n    {\r\n      \"name\": \"Microsoft.ContainerInstance/containerGroups/providers/Microsoft.Insights/diagnosticSettings/write\",\r\n      \"display\": {\r\n        \"provider\": \"Microsoft Container Instance\",\r\n        \"resource\": \"Container Group\",\r\n        \"operation\": \"Write Diagnostic Setting\",\r\n        \"description\": \"Creates or updates the diagnostic setting for the container group.\"\r\n      },\r\n      \"origin\": \"System\"\r\n    },\r\n    {\r\n      \"name\": \"Microsoft.ContainerInstance/locations/deleteVirtualNetworkOrSubnets/action\",\r\n      \"display\": {\r\n        \"provider\": \"Microsoft Container Instance\",\r\n        \"resource\": \"Delete virtual network or subnet notification\",\r\n        \"operation\": \"Delete virtual network or subnet notification\",\r\n        \"description\": \"Notifies Microsoft.ContainerInstance that virtual network or subnet is being deleted.\"\r\n      },\r\n      \"origin\": \"User\"\r\n    }\r\n  ]\r\n}",
      "StatusCode": 200
    },
    {
      "RequestUri": "/subscriptions/0b1f6471-1bf0-4dda-aec3-cb9272f09590/resourceGroups/rgaci4217/providers/Microsoft.ContainerInstance/containerGroups/aci5491?api-version=2018-10-01",
      "EncodedRequestUri": "L3N1YnNjcmlwdGlvbnMvMGIxZjY0NzEtMWJmMC00ZGRhLWFlYzMtY2I5MjcyZjA5NTkwL3Jlc291cmNlR3JvdXBzL3JnYWNpNDIxNy9wcm92aWRlcnMvTWljcm9zb2Z0LkNvbnRhaW5lckluc3RhbmNlL2NvbnRhaW5lckdyb3Vwcy9hY2k1NDkxP2FwaS12ZXJzaW9uPTIwMTgtMTAtMDE=",
      "RequestMethod": "PATCH",
      "RequestBody": "{\r\n  \"location\": \"eastus\",\r\n  \"tags\": {\r\n    \"tag2\": \"value2\"\r\n  }\r\n}",
      "RequestHeaders": {
        "x-ms-client-request-id": [
          "ca949749-ef4c-4c9e-9e29-0e9830c2e29f"
        ],
        "Accept-Language": [
          "en-US"
        ],
        "User-Agent": [
          "FxVersion/4.6.27617.04",
          "OSName/Windows",
          "OSVersion/Microsoft.Windows.10.0.18362.",
          "Microsoft.Azure.Management.ContainerInstance.Fluent.ContainerInstanceManagementClient/1.0.0.60",
          "MacAddressHash/fd8825d96038522efcf10f412c4b0b589251f90f91c3c455d1ad0ee74c2961bf"
        ],
        "Content-Type": [
          "application/json; charset=utf-8"
        ],
        "Content-Length": [
          "69"
        ]
      },
      "ResponseHeaders": {
        "Cache-Control": [
          "no-cache"
        ],
        "Pragma": [
          "no-cache"
        ],
        "Vary": [
          "Accept-Encoding"
        ],
        "x-ms-request-id": [
          "eastus:42299a81-7edc-417a-833c-ed394b6c5db6"
        ],
        "x-ms-ratelimit-remaining-subscription-writes": [
          "1197"
        ],
        "x-ms-correlation-request-id": [
          "df5c5519-50ac-4eb9-94f4-9e02fba65468"
        ],
        "x-ms-routing-request-id": [
          "WESTUS:20190619T222149Z:df5c5519-50ac-4eb9-94f4-9e02fba65468"
        ],
        "Strict-Transport-Security": [
          "max-age=31536000; includeSubDomains"
        ],
        "X-Content-Type-Options": [
          "nosniff"
        ],
        "Date": [
          "Wed, 19 Jun 2019 22:21:49 GMT"
        ],
        "Content-Length": [
          "2718"
        ],
        "Content-Type": [
          "application/json; charset=utf-8"
        ],
        "Expires": [
          "-1"
        ]
      },
      "ResponseBody": "{\r\n  \"properties\": {\r\n    \"provisioningState\": \"Succeeded\",\r\n    \"containers\": [\r\n      {\r\n        \"name\": \"tomcat\",\r\n        \"properties\": {\r\n          \"image\": \"tomcat\",\r\n          \"ports\": [\r\n            {\r\n              \"protocol\": \"TCP\",\r\n              \"port\": 8080\r\n            }\r\n          ],\r\n          \"environmentVariables\": [\r\n            {\r\n              \"name\": \"ENV1\",\r\n              \"value\": \"value1\"\r\n            }\r\n          ],\r\n          \"instanceView\": {\r\n            \"restartCount\": 0,\r\n            \"currentState\": {\r\n              \"state\": \"Running\",\r\n              \"startTime\": \"2019-06-19T22:21:20Z\",\r\n              \"detailStatus\": \"\"\r\n            },\r\n            \"events\": [\r\n              {\r\n                \"count\": 1,\r\n                \"firstTimestamp\": \"2019-06-19T22:20:47Z\",\r\n                \"lastTimestamp\": \"2019-06-19T22:20:47Z\",\r\n                \"name\": \"Pulling\",\r\n                \"message\": \"pulling image \\\"tomcat\\\"\",\r\n                \"type\": \"Normal\"\r\n              },\r\n              {\r\n                \"count\": 1,\r\n                \"firstTimestamp\": \"2019-06-19T22:21:10Z\",\r\n                \"lastTimestamp\": \"2019-06-19T22:21:10Z\",\r\n                \"name\": \"Pulled\",\r\n                \"message\": \"Successfully pulled image \\\"tomcat\\\"\",\r\n                \"type\": \"Normal\"\r\n              },\r\n              {\r\n                \"count\": 1,\r\n                \"firstTimestamp\": \"2019-06-19T22:21:20Z\",\r\n                \"lastTimestamp\": \"2019-06-19T22:21:20Z\",\r\n                \"name\": \"Created\",\r\n                \"message\": \"Created container\",\r\n                \"type\": \"Normal\"\r\n              },\r\n              {\r\n                \"count\": 1,\r\n                \"firstTimestamp\": \"2019-06-19T22:21:20Z\",\r\n                \"lastTimestamp\": \"2019-06-19T22:21:20Z\",\r\n                \"name\": \"Started\",\r\n                \"message\": \"Started container\",\r\n                \"type\": \"Normal\"\r\n              }\r\n            ]\r\n          },\r\n          \"resources\": {\r\n            \"requests\": {\r\n              \"memoryInGB\": 1.5,\r\n              \"cpu\": 1.0\r\n            }\r\n          }\r\n        }\r\n      },\r\n      {\r\n        \"name\": \"nginx\",\r\n        \"properties\": {\r\n          \"image\": \"nginx\",\r\n          \"ports\": [\r\n            {\r\n              \"protocol\": \"TCP\",\r\n              \"port\": 80\r\n            }\r\n          ],\r\n          \"environmentVariables\": [\r\n            {\r\n              \"name\": \"ENV2\"\r\n            }\r\n          ],\r\n          \"instanceView\": {\r\n            \"restartCount\": 0,\r\n            \"currentState\": {\r\n              \"state\": \"Running\",\r\n              \"startTime\": \"2019-06-19T22:21:28Z\",\r\n              \"detailStatus\": \"\"\r\n            },\r\n            \"events\": [\r\n              {\r\n                \"count\": 1,\r\n                \"firstTimestamp\": \"2019-06-19T22:21:20Z\",\r\n                \"lastTimestamp\": \"2019-06-19T22:21:20Z\",\r\n                \"name\": \"Pulling\",\r\n                \"message\": \"pulling image \\\"nginx\\\"\",\r\n                \"type\": \"Normal\"\r\n              },\r\n              {\r\n                \"count\": 1,\r\n                \"firstTimestamp\": \"2019-06-19T22:21:25Z\",\r\n                \"lastTimestamp\": \"2019-06-19T22:21:25Z\",\r\n                \"name\": \"Pulled\",\r\n                \"message\": \"Successfully pulled image \\\"nginx\\\"\",\r\n                \"type\": \"Normal\"\r\n              },\r\n              {\r\n                \"count\": 1,\r\n                \"firstTimestamp\": \"2019-06-19T22:21:28Z\",\r\n                \"lastTimestamp\": \"2019-06-19T22:21:28Z\",\r\n                \"name\": \"Created\",\r\n                \"message\": \"Created container\",\r\n                \"type\": \"Normal\"\r\n              },\r\n              {\r\n                \"count\": 1,\r\n                \"firstTimestamp\": \"2019-06-19T22:21:29Z\",\r\n                \"lastTimestamp\": \"2019-06-19T22:21:29Z\",\r\n                \"name\": \"Started\",\r\n                \"message\": \"Started container\",\r\n                \"type\": \"Normal\"\r\n              }\r\n            ]\r\n          },\r\n          \"resources\": {\r\n            \"requests\": {\r\n              \"memoryInGB\": 1.5,\r\n              \"cpu\": 1.0\r\n            }\r\n          }\r\n        }\r\n      }\r\n    ],\r\n    \"restartPolicy\": \"Never\",\r\n    \"ipAddress\": {\r\n      \"ports\": [\r\n        {\r\n          \"protocol\": \"TCP\",\r\n          \"port\": 8080\r\n        },\r\n        {\r\n          \"protocol\": \"TCP\",\r\n          \"port\": 80\r\n        }\r\n      ],\r\n      \"ip\": \"52.224.149.91\",\r\n      \"type\": \"Public\",\r\n      \"dnsNameLabel\": \"aci5491\",\r\n      \"fqdn\": \"aci5491.eastus.azurecontainer.io\"\r\n    },\r\n    \"osType\": \"Linux\",\r\n    \"volumes\": [\r\n      {\r\n        \"name\": \"emptydir1\",\r\n        \"emptyDir\": {}\r\n      }\r\n    ],\r\n    \"instanceView\": {\r\n      \"events\": [],\r\n      \"state\": \"Running\"\r\n    }\r\n  },\r\n  \"identity\": {\r\n    \"principalId\": \"9997c123-559d-4afd-8fda-3bd216ebbaeb\",\r\n    \"tenantId\": \"54826b22-38d6-4fb2-bad9-b7b93a3e9c5a\",\r\n    \"type\": \"SystemAssigned\"\r\n  },\r\n  \"id\": \"/subscriptions/0b1f6471-1bf0-4dda-aec3-cb9272f09590/resourceGroups/rgaci4217/providers/Microsoft.ContainerInstance/containerGroups/aci5491\",\r\n  \"name\": \"aci5491\",\r\n  \"type\": \"Microsoft.ContainerInstance/containerGroups\",\r\n  \"location\": \"eastus\",\r\n  \"tags\": {\r\n    \"tag2\": \"value2\"\r\n  }\r\n}",
      "StatusCode": 200
    },
    {
      "RequestUri": "/subscriptions/0b1f6471-1bf0-4dda-aec3-cb9272f09590/resourceGroups/rgaci4217/providers/Microsoft.ContainerInstance/containerGroups/aci5491?api-version=2018-10-01",
      "EncodedRequestUri": "L3N1YnNjcmlwdGlvbnMvMGIxZjY0NzEtMWJmMC00ZGRhLWFlYzMtY2I5MjcyZjA5NTkwL3Jlc291cmNlR3JvdXBzL3JnYWNpNDIxNy9wcm92aWRlcnMvTWljcm9zb2Z0LkNvbnRhaW5lckluc3RhbmNlL2NvbnRhaW5lckdyb3Vwcy9hY2k1NDkxP2FwaS12ZXJzaW9uPTIwMTgtMTAtMDE=",
      "RequestMethod": "DELETE",
      "RequestBody": "",
      "RequestHeaders": {
        "x-ms-client-request-id": [
          "32ad4272-d470-487e-a8f1-911a7d733cc8"
        ],
        "Accept-Language": [
          "en-US"
        ],
        "User-Agent": [
          "FxVersion/4.6.27617.04",
          "OSName/Windows",
          "OSVersion/Microsoft.Windows.10.0.18362.",
          "Microsoft.Azure.Management.ContainerInstance.Fluent.ContainerInstanceManagementClient/1.0.0.60",
          "MacAddressHash/fd8825d96038522efcf10f412c4b0b589251f90f91c3c455d1ad0ee74c2961bf"
        ]
      },
      "ResponseHeaders": {
        "Cache-Control": [
          "no-cache"
        ],
        "Pragma": [
          "no-cache"
        ],
        "Vary": [
          "Accept-Encoding"
        ],
        "x-ms-ratelimit-remaining-subscription-resource-requests-pt5m": [
          "99"
        ],
        "x-ms-ratelimit-remaining-subscription-resource-requests-pt1h": [
          "299"
        ],
        "x-ms-request-id": [
          "eastus:b60fcc09-0276-416a-8f4f-574ed40f6f60"
        ],
        "x-ms-ratelimit-remaining-subscription-deletes": [
          "14999"
        ],
        "x-ms-correlation-request-id": [
          "69943836-f750-4e93-9ae4-09ca9a396e5a"
        ],
        "x-ms-routing-request-id": [
          "WESTUS:20190619T222151Z:69943836-f750-4e93-9ae4-09ca9a396e5a"
        ],
        "Strict-Transport-Security": [
          "max-age=31536000; includeSubDomains"
        ],
        "X-Content-Type-Options": [
          "nosniff"
        ],
        "Date": [
          "Wed, 19 Jun 2019 22:21:51 GMT"
        ],
        "Content-Length": [
          "2718"
        ],
        "Content-Type": [
          "application/json; charset=utf-8"
        ],
        "Expires": [
          "-1"
        ]
      },
      "ResponseBody": "{\r\n  \"properties\": {\r\n    \"provisioningState\": \"Succeeded\",\r\n    \"containers\": [\r\n      {\r\n        \"name\": \"tomcat\",\r\n        \"properties\": {\r\n          \"image\": \"tomcat\",\r\n          \"ports\": [\r\n            {\r\n              \"protocol\": \"TCP\",\r\n              \"port\": 8080\r\n            }\r\n          ],\r\n          \"environmentVariables\": [\r\n            {\r\n              \"name\": \"ENV1\",\r\n              \"value\": \"value1\"\r\n            }\r\n          ],\r\n          \"instanceView\": {\r\n            \"restartCount\": 0,\r\n            \"currentState\": {\r\n              \"state\": \"Running\",\r\n              \"startTime\": \"2019-06-19T22:21:20Z\",\r\n              \"detailStatus\": \"\"\r\n            },\r\n            \"events\": [\r\n              {\r\n                \"count\": 1,\r\n                \"firstTimestamp\": \"2019-06-19T22:20:47Z\",\r\n                \"lastTimestamp\": \"2019-06-19T22:20:47Z\",\r\n                \"name\": \"Pulling\",\r\n                \"message\": \"pulling image \\\"tomcat\\\"\",\r\n                \"type\": \"Normal\"\r\n              },\r\n              {\r\n                \"count\": 1,\r\n                \"firstTimestamp\": \"2019-06-19T22:21:10Z\",\r\n                \"lastTimestamp\": \"2019-06-19T22:21:10Z\",\r\n                \"name\": \"Pulled\",\r\n                \"message\": \"Successfully pulled image \\\"tomcat\\\"\",\r\n                \"type\": \"Normal\"\r\n              },\r\n              {\r\n                \"count\": 1,\r\n                \"firstTimestamp\": \"2019-06-19T22:21:20Z\",\r\n                \"lastTimestamp\": \"2019-06-19T22:21:20Z\",\r\n                \"name\": \"Created\",\r\n                \"message\": \"Created container\",\r\n                \"type\": \"Normal\"\r\n              },\r\n              {\r\n                \"count\": 1,\r\n                \"firstTimestamp\": \"2019-06-19T22:21:20Z\",\r\n                \"lastTimestamp\": \"2019-06-19T22:21:20Z\",\r\n                \"name\": \"Started\",\r\n                \"message\": \"Started container\",\r\n                \"type\": \"Normal\"\r\n              }\r\n            ]\r\n          },\r\n          \"resources\": {\r\n            \"requests\": {\r\n              \"memoryInGB\": 1.5,\r\n              \"cpu\": 1.0\r\n            }\r\n          }\r\n        }\r\n      },\r\n      {\r\n        \"name\": \"nginx\",\r\n        \"properties\": {\r\n          \"image\": \"nginx\",\r\n          \"ports\": [\r\n            {\r\n              \"protocol\": \"TCP\",\r\n              \"port\": 80\r\n            }\r\n          ],\r\n          \"environmentVariables\": [\r\n            {\r\n              \"name\": \"ENV2\"\r\n            }\r\n          ],\r\n          \"instanceView\": {\r\n            \"restartCount\": 0,\r\n            \"currentState\": {\r\n              \"state\": \"Running\",\r\n              \"startTime\": \"2019-06-19T22:21:28Z\",\r\n              \"detailStatus\": \"\"\r\n            },\r\n            \"events\": [\r\n              {\r\n                \"count\": 1,\r\n                \"firstTimestamp\": \"2019-06-19T22:21:20Z\",\r\n                \"lastTimestamp\": \"2019-06-19T22:21:20Z\",\r\n                \"name\": \"Pulling\",\r\n                \"message\": \"pulling image \\\"nginx\\\"\",\r\n                \"type\": \"Normal\"\r\n              },\r\n              {\r\n                \"count\": 1,\r\n                \"firstTimestamp\": \"2019-06-19T22:21:25Z\",\r\n                \"lastTimestamp\": \"2019-06-19T22:21:25Z\",\r\n                \"name\": \"Pulled\",\r\n                \"message\": \"Successfully pulled image \\\"nginx\\\"\",\r\n                \"type\": \"Normal\"\r\n              },\r\n              {\r\n                \"count\": 1,\r\n                \"firstTimestamp\": \"2019-06-19T22:21:28Z\",\r\n                \"lastTimestamp\": \"2019-06-19T22:21:28Z\",\r\n                \"name\": \"Created\",\r\n                \"message\": \"Created container\",\r\n                \"type\": \"Normal\"\r\n              },\r\n              {\r\n                \"count\": 1,\r\n                \"firstTimestamp\": \"2019-06-19T22:21:29Z\",\r\n                \"lastTimestamp\": \"2019-06-19T22:21:29Z\",\r\n                \"name\": \"Started\",\r\n                \"message\": \"Started container\",\r\n                \"type\": \"Normal\"\r\n              }\r\n            ]\r\n          },\r\n          \"resources\": {\r\n            \"requests\": {\r\n              \"memoryInGB\": 1.5,\r\n              \"cpu\": 1.0\r\n            }\r\n          }\r\n        }\r\n      }\r\n    ],\r\n    \"restartPolicy\": \"Never\",\r\n    \"ipAddress\": {\r\n      \"ports\": [\r\n        {\r\n          \"protocol\": \"TCP\",\r\n          \"port\": 8080\r\n        },\r\n        {\r\n          \"protocol\": \"TCP\",\r\n          \"port\": 80\r\n        }\r\n      ],\r\n      \"ip\": \"52.224.149.91\",\r\n      \"type\": \"Public\",\r\n      \"dnsNameLabel\": \"aci5491\",\r\n      \"fqdn\": \"aci5491.eastus.azurecontainer.io\"\r\n    },\r\n    \"osType\": \"Linux\",\r\n    \"volumes\": [\r\n      {\r\n        \"name\": \"emptydir1\",\r\n        \"emptyDir\": {}\r\n      }\r\n    ],\r\n    \"instanceView\": {\r\n      \"events\": [],\r\n      \"state\": \"Running\"\r\n    }\r\n  },\r\n  \"identity\": {\r\n    \"principalId\": \"9997c123-559d-4afd-8fda-3bd216ebbaeb\",\r\n    \"tenantId\": \"54826b22-38d6-4fb2-bad9-b7b93a3e9c5a\",\r\n    \"type\": \"SystemAssigned\"\r\n  },\r\n  \"id\": \"/subscriptions/0b1f6471-1bf0-4dda-aec3-cb9272f09590/resourceGroups/rgaci4217/providers/Microsoft.ContainerInstance/containerGroups/aci5491\",\r\n  \"name\": \"aci5491\",\r\n  \"type\": \"Microsoft.ContainerInstance/containerGroups\",\r\n  \"location\": \"eastus\",\r\n  \"tags\": {\r\n    \"tag2\": \"value2\"\r\n  }\r\n}",
      "StatusCode": 200
    },
    {
      "RequestUri": "/subscriptions/0b1f6471-1bf0-4dda-aec3-cb9272f09590/resourcegroups/rgaci4217?api-version=2017-05-10",
      "EncodedRequestUri": "L3N1YnNjcmlwdGlvbnMvMGIxZjY0NzEtMWJmMC00ZGRhLWFlYzMtY2I5MjcyZjA5NTkwL3Jlc291cmNlZ3JvdXBzL3JnYWNpNDIxNz9hcGktdmVyc2lvbj0yMDE3LTA1LTEw",
      "RequestMethod": "DELETE",
      "RequestBody": "",
      "RequestHeaders": {
        "x-ms-client-request-id": [
          "d3aba638-0107-4746-afc5-3c3fc204e542"
        ],
        "Accept-Language": [
          "en-US"
        ],
        "User-Agent": [
          "FxVersion/4.6.27617.04",
          "OSName/Windows",
          "OSVersion/Microsoft.Windows.10.0.18362.",
          "Microsoft.Azure.Management.ResourceManager.Fluent.ResourceManagementClient/1.0.0.60",
          "MacAddressHash/fd8825d96038522efcf10f412c4b0b589251f90f91c3c455d1ad0ee74c2961bf"
        ]
      },
      "ResponseHeaders": {
        "Cache-Control": [
          "no-cache"
        ],
        "Pragma": [
          "no-cache"
        ],
        "Location": [
          "https://management.azure.com/subscriptions/0b1f6471-1bf0-4dda-aec3-cb9272f09590/operationresults/eyJqb2JJZCI6IlJFU09VUkNFR1JPVVBERUxFVElPTkpPQi1SR0FDSTQyMTctRUFTVFVTIiwiam9iTG9jYXRpb24iOiJlYXN0dXMifQ?api-version=2017-05-10"
        ],
        "Retry-After": [
          "15"
        ],
        "x-ms-ratelimit-remaining-subscription-deletes": [
          "14999"
        ],
        "x-ms-request-id": [
          "2f03b40a-4ce2-4bfc-ba43-cd75541ae273"
        ],
        "x-ms-correlation-request-id": [
          "2f03b40a-4ce2-4bfc-ba43-cd75541ae273"
        ],
        "x-ms-routing-request-id": [
          "WESTUS:20190619T222153Z:2f03b40a-4ce2-4bfc-ba43-cd75541ae273"
        ],
        "Strict-Transport-Security": [
          "max-age=31536000; includeSubDomains"
        ],
        "X-Content-Type-Options": [
          "nosniff"
        ],
        "Date": [
          "Wed, 19 Jun 2019 22:21:53 GMT"
        ],
        "Expires": [
          "-1"
        ],
        "Content-Length": [
          "0"
        ]
      },
      "ResponseBody": "",
      "StatusCode": 202
    }
  ],
  "Names": {
    "ContainerInstanceWithPublicIpAddressWithSystemAssignedMSI": [
      "rgaci4217",
      "aci5491"
    ]
  },
  "Variables": {
    "ServicePrincipal": "39e3d217-cb72-4b90-8532-394a7e784d93",
    "AADTenant": "54826b22-38d6-4fb2-bad9-b7b93a3e9c5a",
    "SubscriptionId": "0b1f6471-1bf0-4dda-aec3-cb9272f09590"
  }
}