{
  "Entries": [
    {
      "RequestUri": "/subscriptions/1c638cf4-608f-4ee6-b680-c329e824c3a8/resourcegroups/rgchashtm9138?api-version=2019-08-01",
      "EncodedRequestUri": "L3N1YnNjcmlwdGlvbnMvMWM2MzhjZjQtNjA4Zi00ZWU2LWI2ODAtYzMyOWU4MjRjM2E4L3Jlc291cmNlZ3JvdXBzL3JnY2hhc2h0bTkxMzg/YXBpLXZlcnNpb249MjAxOS0wOC0wMQ==",
      "RequestMethod": "PUT",
      "RequestBody": "{\r\n  \"location\": \"eastus\"\r\n}",
      "RequestHeaders": {
        "x-ms-client-request-id": [
          "b15a709f-6edb-42a3-8f8c-438056726224"
        ],
        "Accept-Language": [
          "en-US"
        ],
        "User-Agent": [
          "FxVersion/4.6.28008.01",
          "OSName/Windows",
          "OSVersion/Microsoft.Windows.10.0.18363.",
          "Microsoft.Azure.Management.ResourceManager.Fluent.ResourceManagementClient/1.0.0.61",
          "MacAddressHash/f198b50d7e3ef6510679efb9e4c9a1474fd2bf18cf1d6a2182c79b00464dbadd"
        ],
        "Content-Type": [
          "application/json; charset=utf-8"
        ],
        "Content-Length": [
          "28"
        ]
      },
      "ResponseHeaders": {
        "Cache-Control": [
          "no-cache"
        ],
        "Pragma": [
          "no-cache"
        ],
        "x-ms-ratelimit-remaining-subscription-writes": [
          "1192"
        ],
        "x-ms-request-id": [
          "e3d9dfce-3be0-496f-81d9-c33969db789c"
        ],
        "x-ms-correlation-request-id": [
          "e3d9dfce-3be0-496f-81d9-c33969db789c"
        ],
        "x-ms-routing-request-id": [
          "SOUTHEASTASIA:20191023T185213Z:e3d9dfce-3be0-496f-81d9-c33969db789c"
        ],
        "Strict-Transport-Security": [
          "max-age=31536000; includeSubDomains"
        ],
        "X-Content-Type-Options": [
          "nosniff"
        ],
        "Date": [
          "Wed, 23 Oct 2019 18:52:12 GMT"
        ],
        "Content-Length": [
          "223"
        ],
        "Content-Type": [
          "application/json; charset=utf-8"
        ],
        "Expires": [
          "-1"
        ]
      },
      "ResponseBody": "{\r\n  \"id\": \"/subscriptions/1c638cf4-608f-4ee6-b680-c329e824c3a8/resourceGroups/rgchashtm9138\",\r\n  \"name\": \"rgchashtm9138\",\r\n  \"type\": \"Microsoft.Resources/resourceGroups\",\r\n  \"location\": \"eastus\",\r\n  \"properties\": {\r\n    \"provisioningState\": \"Succeeded\"\r\n  }\r\n}",
      "StatusCode": 201
    },
    {
      "RequestUri": "/subscriptions/1c638cf4-608f-4ee6-b680-c329e824c3a8/resourceGroups/rgchashtm9138/providers/Microsoft.Network/trafficmanagerprofiles/nestedtm1638?api-version=2018-04-01",
      "EncodedRequestUri": "L3N1YnNjcmlwdGlvbnMvMWM2MzhjZjQtNjA4Zi00ZWU2LWI2ODAtYzMyOWU4MjRjM2E4L3Jlc291cmNlR3JvdXBzL3JnY2hhc2h0bTkxMzgvcHJvdmlkZXJzL01pY3Jvc29mdC5OZXR3b3JrL3RyYWZmaWNtYW5hZ2VycHJvZmlsZXMvbmVzdGVkdG0xNjM4P2FwaS12ZXJzaW9uPTIwMTgtMDQtMDE=",
      "RequestMethod": "PUT",
      "RequestBody": "{\r\n  \"properties\": {\r\n    \"trafficRoutingMethod\": \"Priority\",\r\n    \"dnsConfig\": {\r\n      \"relativeName\": \"nestedtmdns4984\",\r\n      \"ttl\": 500\r\n    },\r\n    \"monitorConfig\": {\r\n      \"protocol\": \"https\",\r\n      \"port\": 443,\r\n      \"path\": \"/\"\r\n    },\r\n    \"endpoints\": []\r\n  },\r\n  \"location\": \"global\",\r\n  \"tags\": {}\r\n}",
      "RequestHeaders": {
        "x-ms-client-request-id": [
          "067e6d27-1ba7-4458-afa7-2ac6f3e7bab0"
        ],
        "Accept-Language": [
          "en-US"
        ],
        "User-Agent": [
          "FxVersion/4.6.28008.01",
          "OSName/Windows",
          "OSVersion/Microsoft.Windows.10.0.18363.",
          "Microsoft.Azure.Management.TrafficManager.Fluent.TrafficManagerManagementClient/1.0.0.61",
          "MacAddressHash/f198b50d7e3ef6510679efb9e4c9a1474fd2bf18cf1d6a2182c79b00464dbadd"
        ],
        "Content-Type": [
          "application/json; charset=utf-8"
        ],
        "Content-Length": [
          "317"
        ]
      },
      "ResponseHeaders": {
        "Cache-Control": [
          "private"
        ],
        "X-Content-Type-Options": [
          "nosniff"
        ],
        "Strict-Transport-Security": [
          "max-age=31536000; includeSubDomains"
        ],
        "x-ms-request-id": [
          "067e6d27-1ba7-4458-afa7-2ac6f3e7bab0"
        ],
        "Server": [
          "Microsoft-IIS/10.0"
        ],
        "X-AspNet-Version": [
          "4.0.30319"
        ],
        "X-Powered-By": [
          "ASP.NET"
        ],
        "x-ms-ratelimit-remaining-subscription-resource-requests": [
          "10797"
        ],
        "x-ms-correlation-request-id": [
          "d6b5053d-6c67-45bf-8ae9-9da2542504a5"
        ],
        "x-ms-routing-request-id": [
          "SOUTHEASTASIA:20191023T185215Z:d6b5053d-6c67-45bf-8ae9-9da2542504a5"
        ],
        "Date": [
          "Wed, 23 Oct 2019 18:52:15 GMT"
        ],
        "Content-Length": [
          "665"
        ],
        "Content-Type": [
          "application/json; charset=utf-8"
        ]
      },
      "ResponseBody": "{\r\n  \"id\": \"/subscriptions/1c638cf4-608f-4ee6-b680-c329e824c3a8/resourceGroups/rgchashtm9138/providers/Microsoft.Network/trafficManagerProfiles/nestedtm1638\",\r\n  \"name\": \"nestedtm1638\",\r\n  \"type\": \"Microsoft.Network/trafficManagerProfiles\",\r\n  \"location\": \"global\",\r\n  \"tags\": {},\r\n  \"properties\": {\r\n    \"profileStatus\": \"Enabled\",\r\n    \"trafficRoutingMethod\": \"Priority\",\r\n    \"dnsConfig\": {\r\n      \"relativeName\": \"nestedtmdns4984\",\r\n      \"fqdn\": \"nestedtmdns4984.trafficmanager.net\",\r\n      \"ttl\": 500\r\n    },\r\n    \"monitorConfig\": {\r\n      \"profileMonitorStatus\": \"Inactive\",\r\n      \"protocol\": \"HTTPS\",\r\n      \"port\": 443,\r\n      \"path\": \"/\",\r\n      \"intervalInSeconds\": 30,\r\n      \"toleratedNumberOfFailures\": 3,\r\n      \"timeoutInSeconds\": 10\r\n    },\r\n    \"endpoints\": [],\r\n    \"trafficViewEnrollmentStatus\": \"Disabled\"\r\n  }\r\n}",
      "StatusCode": 201
    },
    {
      "RequestUri": "/subscriptions/1c638cf4-608f-4ee6-b680-c329e824c3a8/resourceGroups/rgchashtm9138/providers/Microsoft.Network/trafficmanagerprofiles/nestedtm1638?api-version=2018-04-01",
      "EncodedRequestUri": "L3N1YnNjcmlwdGlvbnMvMWM2MzhjZjQtNjA4Zi00ZWU2LWI2ODAtYzMyOWU4MjRjM2E4L3Jlc291cmNlR3JvdXBzL3JnY2hhc2h0bTkxMzgvcHJvdmlkZXJzL01pY3Jvc29mdC5OZXR3b3JrL3RyYWZmaWNtYW5hZ2VycHJvZmlsZXMvbmVzdGVkdG0xNjM4P2FwaS12ZXJzaW9uPTIwMTgtMDQtMDE=",
      "RequestMethod": "PUT",
      "RequestBody": "{\r\n  \"properties\": {\r\n    \"profileStatus\": \"Enabled\",\r\n    \"trafficRoutingMethod\": \"Priority\",\r\n    \"dnsConfig\": {\r\n      \"relativeName\": \"nestedtmdns4984\",\r\n      \"ttl\": 500\r\n    },\r\n    \"monitorConfig\": {\r\n      \"profileMonitorStatus\": \"Inactive\",\r\n      \"protocol\": \"HTTPS\",\r\n      \"port\": 443,\r\n      \"path\": \"/\",\r\n      \"intervalInSeconds\": 30,\r\n      \"timeoutInSeconds\": 10,\r\n      \"toleratedNumberOfFailures\": 3\r\n    },\r\n    \"endpoints\": [\r\n      {\r\n        \"properties\": {\r\n          \"targetResourceId\": \"/subscriptions/1c638cf4-608f-4ee6-b680-c329e824c3a8/resourceGroups/rgchashtm9138/providers/Microsoft.Network/publicIPAddresses/pip3149\",\r\n          \"target\": \"contoso8807.eastus.cloudapp.azure.com\",\r\n          \"endpointStatus\": \"Disabled\",\r\n          \"weight\": 1,\r\n          \"priority\": 11,\r\n          \"endpointLocation\": \"East US\",\r\n          \"endpointMonitorStatus\": \"Disabled\"\r\n        },\r\n        \"name\": \"azure-ep-1\",\r\n        \"type\": \"Microsoft.Network/trafficManagerProfiles/azureEndpoints\"\r\n      },\r\n      {\r\n        \"properties\": {\r\n          \"target\": \"www.gitbook.com\",\r\n          \"endpointStatus\": \"Enabled\",\r\n          \"weight\": 1,\r\n          \"priority\": 1,\r\n          \"endpointLocation\": \"Central India\",\r\n          \"endpointMonitorStatus\": \"CheckingEndpoint\"\r\n        },\r\n        \"name\": \"external-ep-1\",\r\n        \"type\": \"Microsoft.Network/trafficManagerProfiles/externalEndpoints\"\r\n      }\r\n    ],\r\n    \"trafficViewEnrollmentStatus\": \"Disabled\"\r\n  },\r\n  \"location\": \"global\",\r\n  \"tags\": {}\r\n}",
      "RequestHeaders": {
        "x-ms-client-request-id": [
          "89764aba-07b4-4d09-a902-a2688e5300b2"
        ],
        "Accept-Language": [
          "en-US"
        ],
        "User-Agent": [
          "FxVersion/4.6.28008.01",
          "OSName/Windows",
          "OSVersion/Microsoft.Windows.10.0.18363.",
          "Microsoft.Azure.Management.TrafficManager.Fluent.TrafficManagerManagementClient/1.0.0.61",
          "MacAddressHash/f198b50d7e3ef6510679efb9e4c9a1474fd2bf18cf1d6a2182c79b00464dbadd"
        ],
        "Content-Type": [
          "application/json; charset=utf-8"
        ],
        "Content-Length": [
          "1523"
        ]
      },
      "ResponseHeaders": {
        "Cache-Control": [
          "private"
        ],
        "X-Content-Type-Options": [
          "nosniff"
        ],
        "Strict-Transport-Security": [
          "max-age=31536000; includeSubDomains"
        ],
        "x-ms-request-id": [
          "89764aba-07b4-4d09-a902-a2688e5300b2"
        ],
        "Server": [
          "Microsoft-IIS/10.0"
        ],
        "X-AspNet-Version": [
          "4.0.30319"
        ],
        "X-Powered-By": [
          "ASP.NET"
        ],
        "x-ms-ratelimit-remaining-subscription-resource-requests": [
          "10796"
        ],
        "x-ms-correlation-request-id": [
          "aa1cbeae-0ed5-422e-a1b4-ca0b38394f22"
        ],
        "x-ms-routing-request-id": [
          "SOUTHEASTASIA:20191023T185223Z:aa1cbeae-0ed5-422e-a1b4-ca0b38394f22"
        ],
        "Date": [
          "Wed, 23 Oct 2019 18:52:23 GMT"
        ],
        "Content-Length": [
          "1755"
        ],
        "Content-Type": [
          "application/json; charset=utf-8"
        ]
      },
      "ResponseBody": "{\r\n  \"id\": \"/subscriptions/1c638cf4-608f-4ee6-b680-c329e824c3a8/resourceGroups/rgchashtm9138/providers/Microsoft.Network/trafficManagerProfiles/nestedtm1638\",\r\n  \"name\": \"nestedtm1638\",\r\n  \"type\": \"Microsoft.Network/trafficManagerProfiles\",\r\n  \"location\": \"global\",\r\n  \"tags\": {},\r\n  \"properties\": {\r\n    \"profileStatus\": \"Enabled\",\r\n    \"trafficRoutingMethod\": \"Priority\",\r\n    \"dnsConfig\": {\r\n      \"relativeName\": \"nestedtmdns4984\",\r\n      \"fqdn\": \"nestedtmdns4984.trafficmanager.net\",\r\n      \"ttl\": 500\r\n    },\r\n    \"monitorConfig\": {\r\n      \"profileMonitorStatus\": \"CheckingEndpoints\",\r\n      \"protocol\": \"HTTPS\",\r\n      \"port\": 443,\r\n      \"path\": \"/\",\r\n      \"intervalInSeconds\": 30,\r\n      \"toleratedNumberOfFailures\": 3,\r\n      \"timeoutInSeconds\": 10\r\n    },\r\n    \"endpoints\": [\r\n      {\r\n        \"id\": \"/subscriptions/1c638cf4-608f-4ee6-b680-c329e824c3a8/resourceGroups/rgchashtm9138/providers/Microsoft.Network/trafficManagerProfiles/nestedtm1638/externalEndpoints/external-ep-1\",\r\n        \"name\": \"external-ep-1\",\r\n        \"type\": \"Microsoft.Network/trafficManagerProfiles/externalEndpoints\",\r\n        \"properties\": {\r\n          \"endpointStatus\": \"Enabled\",\r\n          \"endpointMonitorStatus\": \"CheckingEndpoint\",\r\n          \"target\": \"www.gitbook.com\",\r\n          \"weight\": 1,\r\n          \"priority\": 1,\r\n          \"endpointLocation\": \"Central India\"\r\n        }\r\n      },\r\n      {\r\n        \"id\": \"/subscriptions/1c638cf4-608f-4ee6-b680-c329e824c3a8/resourceGroups/rgchashtm9138/providers/Microsoft.Network/trafficManagerProfiles/nestedtm1638/azureEndpoints/azure-ep-1\",\r\n        \"name\": \"azure-ep-1\",\r\n        \"type\": \"Microsoft.Network/trafficManagerProfiles/azureEndpoints\",\r\n        \"properties\": {\r\n          \"endpointStatus\": \"Disabled\",\r\n          \"endpointMonitorStatus\": \"Disabled\",\r\n          \"targetResourceId\": \"/subscriptions/1c638cf4-608f-4ee6-b680-c329e824c3a8/resourceGroups/rgchashtm9138/providers/Microsoft.Network/publicIPAddresses/pip3149\",\r\n          \"target\": \"contoso8807.eastus.cloudapp.azure.com\",\r\n          \"weight\": 1,\r\n          \"priority\": 11,\r\n          \"endpointLocation\": \"East US\"\r\n        }\r\n      }\r\n    ],\r\n    \"trafficViewEnrollmentStatus\": \"Disabled\"\r\n  }\r\n}",
      "StatusCode": 200
    },
    {
      "RequestUri": "/subscriptions/1c638cf4-608f-4ee6-b680-c329e824c3a8/resourceGroups/rgchashtm9138/providers/Microsoft.Network/trafficmanagerprofiles/nestedtm1638?api-version=2018-04-01",
      "EncodedRequestUri": "L3N1YnNjcmlwdGlvbnMvMWM2MzhjZjQtNjA4Zi00ZWU2LWI2ODAtYzMyOWU4MjRjM2E4L3Jlc291cmNlR3JvdXBzL3JnY2hhc2h0bTkxMzgvcHJvdmlkZXJzL01pY3Jvc29mdC5OZXR3b3JrL3RyYWZmaWNtYW5hZ2VycHJvZmlsZXMvbmVzdGVkdG0xNjM4P2FwaS12ZXJzaW9uPTIwMTgtMDQtMDE=",
      "RequestMethod": "PUT",
      "RequestBody": "{\r\n  \"properties\": {\r\n    \"profileStatus\": \"Enabled\",\r\n    \"trafficRoutingMethod\": \"Priority\",\r\n    \"dnsConfig\": {\r\n      \"relativeName\": \"nestedtmdns4984\",\r\n      \"ttl\": 500\r\n    },\r\n    \"monitorConfig\": {\r\n      \"profileMonitorStatus\": \"CheckingEndpoints\",\r\n      \"protocol\": \"HTTPS\",\r\n      \"port\": 443,\r\n      \"path\": \"/\",\r\n      \"intervalInSeconds\": 30,\r\n      \"timeoutInSeconds\": 10,\r\n      \"toleratedNumberOfFailures\": 3\r\n    },\r\n    \"endpoints\": [\r\n      {\r\n        \"properties\": {\r\n          \"target\": \"www.gitbook.com\",\r\n          \"endpointStatus\": \"Enabled\",\r\n          \"weight\": 1,\r\n          \"priority\": 1,\r\n          \"endpointLocation\": \"Central India\",\r\n          \"endpointMonitorStatus\": \"CheckingEndpoint\"\r\n        },\r\n        \"name\": \"external-ep-1\",\r\n        \"type\": \"Microsoft.Network/trafficManagerProfiles/externalEndpoints\"\r\n      }\r\n    ],\r\n    \"trafficViewEnrollmentStatus\": \"Disabled\"\r\n  },\r\n  \"location\": \"global\",\r\n  \"tags\": {}\r\n}",
      "RequestHeaders": {
        "x-ms-client-request-id": [
          "7f2e09b0-ef03-4e72-a7c3-a8949d5279f5"
        ],
        "Accept-Language": [
          "en-US"
        ],
        "User-Agent": [
          "FxVersion/4.6.28008.01",
          "OSName/Windows",
          "OSVersion/Microsoft.Windows.10.0.18363.",
          "Microsoft.Azure.Management.TrafficManager.Fluent.TrafficManagerManagementClient/1.0.0.61",
          "MacAddressHash/f198b50d7e3ef6510679efb9e4c9a1474fd2bf18cf1d6a2182c79b00464dbadd"
        ],
        "Content-Type": [
          "application/json; charset=utf-8"
        ],
        "Content-Length": [
          "958"
        ]
      },
      "ResponseHeaders": {
        "Cache-Control": [
          "private"
        ],
        "X-Content-Type-Options": [
          "nosniff"
        ],
        "Strict-Transport-Security": [
          "max-age=31536000; includeSubDomains"
        ],
        "x-ms-request-id": [
          "7f2e09b0-ef03-4e72-a7c3-a8949d5279f5"
        ],
        "Server": [
          "Microsoft-IIS/10.0"
        ],
        "X-AspNet-Version": [
          "4.0.30319"
        ],
        "X-Powered-By": [
          "ASP.NET"
        ],
        "x-ms-ratelimit-remaining-subscription-resource-requests": [
          "10795"
        ],
        "x-ms-correlation-request-id": [
          "3f7d646b-7c68-41e1-b005-2451b3ef2ccf"
        ],
        "x-ms-routing-request-id": [
          "SOUTHEASTASIA:20191023T185225Z:3f7d646b-7c68-41e1-b005-2451b3ef2ccf"
        ],
        "Date": [
          "Wed, 23 Oct 2019 18:52:25 GMT"
        ],
        "Content-Length": [
          "1133"
        ],
        "Content-Type": [
          "application/json; charset=utf-8"
        ]
      },
      "ResponseBody": "{\r\n  \"id\": \"/subscriptions/1c638cf4-608f-4ee6-b680-c329e824c3a8/resourceGroups/rgchashtm9138/providers/Microsoft.Network/trafficManagerProfiles/nestedtm1638\",\r\n  \"name\": \"nestedtm1638\",\r\n  \"type\": \"Microsoft.Network/trafficManagerProfiles\",\r\n  \"location\": \"global\",\r\n  \"tags\": {},\r\n  \"properties\": {\r\n    \"profileStatus\": \"Enabled\",\r\n    \"trafficRoutingMethod\": \"Priority\",\r\n    \"dnsConfig\": {\r\n      \"relativeName\": \"nestedtmdns4984\",\r\n      \"fqdn\": \"nestedtmdns4984.trafficmanager.net\",\r\n      \"ttl\": 500\r\n    },\r\n    \"monitorConfig\": {\r\n      \"profileMonitorStatus\": \"CheckingEndpoints\",\r\n      \"protocol\": \"HTTPS\",\r\n      \"port\": 443,\r\n      \"path\": \"/\",\r\n      \"intervalInSeconds\": 30,\r\n      \"toleratedNumberOfFailures\": 3,\r\n      \"timeoutInSeconds\": 10\r\n    },\r\n    \"endpoints\": [\r\n      {\r\n        \"id\": \"/subscriptions/1c638cf4-608f-4ee6-b680-c329e824c3a8/resourceGroups/rgchashtm9138/providers/Microsoft.Network/trafficManagerProfiles/nestedtm1638/externalEndpoints/external-ep-1\",\r\n        \"name\": \"external-ep-1\",\r\n        \"type\": \"Microsoft.Network/trafficManagerProfiles/externalEndpoints\",\r\n        \"properties\": {\r\n          \"endpointStatus\": \"Enabled\",\r\n          \"endpointMonitorStatus\": \"CheckingEndpoint\",\r\n          \"target\": \"www.gitbook.com\",\r\n          \"weight\": 1,\r\n          \"priority\": 1,\r\n          \"endpointLocation\": \"Central India\"\r\n        }\r\n      }\r\n    ],\r\n    \"trafficViewEnrollmentStatus\": \"Disabled\"\r\n  }\r\n}",
      "StatusCode": 200
    },
    {
      "RequestUri": "/subscriptions/1c638cf4-608f-4ee6-b680-c329e824c3a8/resourceGroups/rgchashtm9138/providers/Microsoft.Network/trafficmanagerprofiles/nestedtm1638/externalEndpoints/external-ep-1?api-version=2018-04-01",
      "EncodedRequestUri": "L3N1YnNjcmlwdGlvbnMvMWM2MzhjZjQtNjA4Zi00ZWU2LWI2ODAtYzMyOWU4MjRjM2E4L3Jlc291cmNlR3JvdXBzL3JnY2hhc2h0bTkxMzgvcHJvdmlkZXJzL01pY3Jvc29mdC5OZXR3b3JrL3RyYWZmaWNtYW5hZ2VycHJvZmlsZXMvbmVzdGVkdG0xNjM4L2V4dGVybmFsRW5kcG9pbnRzL2V4dGVybmFsLWVwLTE/YXBpLXZlcnNpb249MjAxOC0wNC0wMQ==",
      "RequestMethod": "PUT",
      "RequestBody": "{\r\n  \"properties\": {\r\n    \"target\": \"www.gitbook.com\",\r\n    \"endpointStatus\": \"Enabled\",\r\n    \"weight\": 1,\r\n    \"endpointLocation\": \"centralindia\"\r\n  },\r\n  \"name\": \"external-ep-1\",\r\n  \"type\": \"Microsoft.Network/trafficManagerProfiles/externalEndpoints\"\r\n}",
      "RequestHeaders": {
        "x-ms-client-request-id": [
          "ee8bd564-cfbb-4518-89a4-c52e127b8bfd"
        ],
        "Accept-Language": [
          "en-US"
        ],
        "User-Agent": [
          "FxVersion/4.6.28008.01",
          "OSName/Windows",
          "OSVersion/Microsoft.Windows.10.0.18363.",
          "Microsoft.Azure.Management.TrafficManager.Fluent.TrafficManagerManagementClient/1.0.0.61",
          "MacAddressHash/f198b50d7e3ef6510679efb9e4c9a1474fd2bf18cf1d6a2182c79b00464dbadd"
        ],
        "Content-Type": [
          "application/json; charset=utf-8"
        ],
        "Content-Length": [
          "255"
        ]
      },
      "ResponseHeaders": {
        "Cache-Control": [
          "private"
        ],
        "X-Content-Type-Options": [
          "nosniff"
        ],
        "Strict-Transport-Security": [
          "max-age=31536000; includeSubDomains"
        ],
        "x-ms-request-id": [
          "ee8bd564-cfbb-4518-89a4-c52e127b8bfd"
        ],
        "Server": [
          "Microsoft-IIS/10.0"
        ],
        "X-AspNet-Version": [
          "4.0.30319"
        ],
        "X-Powered-By": [
          "ASP.NET"
        ],
        "x-ms-ratelimit-remaining-subscription-writes": [
          "1191"
        ],
        "x-ms-correlation-request-id": [
          "7c514ded-3fc1-4434-8b82-a4aabf7be448"
        ],
        "x-ms-routing-request-id": [
          "SOUTHEASTASIA:20191023T185216Z:7c514ded-3fc1-4434-8b82-a4aabf7be448"
        ],
        "Date": [
          "Wed, 23 Oct 2019 18:52:16 GMT"
        ],
        "Content-Length": [
          "459"
        ],
        "Content-Type": [
          "application/json; charset=utf-8"
        ]
      },
      "ResponseBody": "{\r\n  \"id\": \"/subscriptions/1c638cf4-608f-4ee6-b680-c329e824c3a8/resourceGroups/rgchashtm9138/providers/Microsoft.Network/trafficManagerProfiles/nestedtm1638/externalEndpoints/external-ep-1\",\r\n  \"name\": \"external-ep-1\",\r\n  \"type\": \"Microsoft.Network/trafficManagerProfiles/externalEndpoints\",\r\n  \"properties\": {\r\n    \"endpointStatus\": \"Enabled\",\r\n    \"endpointMonitorStatus\": \"CheckingEndpoint\",\r\n    \"target\": \"www.gitbook.com\",\r\n    \"weight\": 1,\r\n    \"priority\": 1,\r\n    \"endpointLocation\": \"Central India\"\r\n  }\r\n}",
      "StatusCode": 201
    },
    {
      "RequestUri": "/subscriptions/1c638cf4-608f-4ee6-b680-c329e824c3a8/resourceGroups/rgchashtm9138/providers/Microsoft.Network/publicIPAddresses/pip3149?api-version=2019-06-01",
      "EncodedRequestUri": "L3N1YnNjcmlwdGlvbnMvMWM2MzhjZjQtNjA4Zi00ZWU2LWI2ODAtYzMyOWU4MjRjM2E4L3Jlc291cmNlR3JvdXBzL3JnY2hhc2h0bTkxMzgvcHJvdmlkZXJzL01pY3Jvc29mdC5OZXR3b3JrL3B1YmxpY0lQQWRkcmVzc2VzL3BpcDMxNDk/YXBpLXZlcnNpb249MjAxOS0wNi0wMQ==",
      "RequestMethod": "PUT",
      "RequestBody": "{\r\n  \"properties\": {\r\n    \"dnsSettings\": {\r\n      \"domainNameLabel\": \"contoso8807\"\r\n    }\r\n  },\r\n  \"location\": \"eastus\",\r\n  \"tags\": {}\r\n}",
      "RequestHeaders": {
        "x-ms-client-request-id": [
          "f828b8b6-e74d-41e9-9be1-0167ef3996e2"
        ],
        "Accept-Language": [
          "en-US"
        ],
        "User-Agent": [
          "FxVersion/4.6.28008.01",
          "OSName/Windows",
          "OSVersion/Microsoft.Windows.10.0.18363.",
          "Microsoft.Azure.Management.Network.Fluent.NetworkManagementClient/1.0.0.61",
          "MacAddressHash/f198b50d7e3ef6510679efb9e4c9a1474fd2bf18cf1d6a2182c79b00464dbadd"
        ],
        "Content-Type": [
          "application/json; charset=utf-8"
        ],
        "Content-Length": [
          "137"
        ]
      },
      "ResponseHeaders": {
        "Cache-Control": [
          "no-cache"
        ],
        "Pragma": [
          "no-cache"
        ],
        "Retry-After": [
          "1"
        ],
        "x-ms-request-id": [
          "d340de67-b2ba-4181-b5dd-475aa38a42a0"
        ],
        "Azure-AsyncOperation": [
          "https://management.azure.com/subscriptions/1c638cf4-608f-4ee6-b680-c329e824c3a8/providers/Microsoft.Network/locations/eastus/operations/d340de67-b2ba-4181-b5dd-475aa38a42a0?api-version=2019-06-01"
        ],
        "x-ms-correlation-request-id": [
          "c8bc1ae6-9d43-44fd-93be-020a0281f9f6"
        ],
        "x-ms-arm-service-request-id": [
          "d3a44733-c45c-4c50-9203-625d553666e1"
        ],
        "Strict-Transport-Security": [
          "max-age=31536000; includeSubDomains"
        ],
        "Server": [
          "Microsoft-HTTPAPI/2.0",
          "Microsoft-HTTPAPI/2.0"
        ],
        "x-ms-ratelimit-remaining-subscription-writes": [
          "1190"
        ],
        "x-ms-routing-request-id": [
          "SOUTHEASTASIA:20191023T185219Z:c8bc1ae6-9d43-44fd-93be-020a0281f9f6"
        ],
        "X-Content-Type-Options": [
          "nosniff"
        ],
        "Date": [
          "Wed, 23 Oct 2019 18:52:18 GMT"
        ],
        "Content-Length": [
          "766"
        ],
        "Content-Type": [
          "application/json; charset=utf-8"
        ],
        "Expires": [
          "-1"
        ]
      },
      "ResponseBody": "{\r\n  \"name\": \"pip3149\",\r\n  \"id\": \"/subscriptions/1c638cf4-608f-4ee6-b680-c329e824c3a8/resourceGroups/rgchashtm9138/providers/Microsoft.Network/publicIPAddresses/pip3149\",\r\n  \"etag\": \"W/\\\"22710c41-a162-4aeb-92a8-93c9561e9f5c\\\"\",\r\n  \"location\": \"eastus\",\r\n  \"tags\": {},\r\n  \"properties\": {\r\n    \"provisioningState\": \"Updating\",\r\n    \"resourceGuid\": \"06a63297-9e5a-464d-82f3-1270daac8611\",\r\n    \"publicIPAddressVersion\": \"IPv4\",\r\n    \"publicIPAllocationMethod\": \"Dynamic\",\r\n    \"idleTimeoutInMinutes\": 4,\r\n    \"dnsSettings\": {\r\n      \"domainNameLabel\": \"contoso8807\",\r\n      \"fqdn\": \"contoso8807.eastus.cloudapp.azure.com\"\r\n    },\r\n    \"ipTags\": []\r\n  },\r\n  \"type\": \"Microsoft.Network/publicIPAddresses\",\r\n  \"sku\": {\r\n    \"name\": \"Basic\",\r\n    \"tier\": \"Regional\"\r\n  }\r\n}",
      "StatusCode": 201
    },
    {
      "RequestUri": "/subscriptions/1c638cf4-608f-4ee6-b680-c329e824c3a8/providers/Microsoft.Network/locations/eastus/operations/d340de67-b2ba-4181-b5dd-475aa38a42a0?api-version=2019-06-01",
      "EncodedRequestUri": "L3N1YnNjcmlwdGlvbnMvMWM2MzhjZjQtNjA4Zi00ZWU2LWI2ODAtYzMyOWU4MjRjM2E4L3Byb3ZpZGVycy9NaWNyb3NvZnQuTmV0d29yay9sb2NhdGlvbnMvZWFzdHVzL29wZXJhdGlvbnMvZDM0MGRlNjctYjJiYS00MTgxLWI1ZGQtNDc1YWEzOGE0MmEwP2FwaS12ZXJzaW9uPTIwMTktMDYtMDE=",
      "RequestMethod": "GET",
      "RequestBody": "",
      "RequestHeaders": {
        "User-Agent": [
          "FxVersion/4.6.28008.01",
          "OSName/Windows",
          "OSVersion/Microsoft.Windows.10.0.18363.",
          "Microsoft.Azure.Management.Network.Fluent.NetworkManagementClient/1.0.0.61",
          "MacAddressHash/f198b50d7e3ef6510679efb9e4c9a1474fd2bf18cf1d6a2182c79b00464dbadd"
        ]
      },
      "ResponseHeaders": {
        "Cache-Control": [
          "no-cache"
        ],
        "Pragma": [
          "no-cache"
        ],
        "x-ms-request-id": [
          "641a85a5-9d8e-4a6d-9bcb-d158d57381dc"
        ],
        "x-ms-correlation-request-id": [
          "13699132-4f2e-47ce-95f0-a83f1e0a8e3a"
        ],
        "x-ms-arm-service-request-id": [
          "d3ec09e1-7089-4501-8d73-15eeabd6d688"
        ],
        "Strict-Transport-Security": [
          "max-age=31536000; includeSubDomains"
        ],
        "Server": [
          "Microsoft-HTTPAPI/2.0",
          "Microsoft-HTTPAPI/2.0"
        ],
        "x-ms-ratelimit-remaining-subscription-reads": [
          "11998"
        ],
        "x-ms-routing-request-id": [
          "SOUTHEASTASIA:20191023T185221Z:13699132-4f2e-47ce-95f0-a83f1e0a8e3a"
        ],
        "X-Content-Type-Options": [
          "nosniff"
        ],
        "Date": [
          "Wed, 23 Oct 2019 18:52:20 GMT"
        ],
        "Content-Length": [
          "29"
        ],
        "Content-Type": [
          "application/json; charset=utf-8"
        ],
        "Expires": [
          "-1"
        ]
      },
      "ResponseBody": "{\r\n  \"status\": \"Succeeded\"\r\n}",
      "StatusCode": 200
    },
    {
      "RequestUri": "/subscriptions/1c638cf4-608f-4ee6-b680-c329e824c3a8/resourceGroups/rgchashtm9138/providers/Microsoft.Network/publicIPAddresses/pip3149?api-version=2019-06-01",
      "EncodedRequestUri": "L3N1YnNjcmlwdGlvbnMvMWM2MzhjZjQtNjA4Zi00ZWU2LWI2ODAtYzMyOWU4MjRjM2E4L3Jlc291cmNlR3JvdXBzL3JnY2hhc2h0bTkxMzgvcHJvdmlkZXJzL01pY3Jvc29mdC5OZXR3b3JrL3B1YmxpY0lQQWRkcmVzc2VzL3BpcDMxNDk/YXBpLXZlcnNpb249MjAxOS0wNi0wMQ==",
      "RequestMethod": "GET",
      "RequestBody": "",
      "RequestHeaders": {
        "User-Agent": [
          "FxVersion/4.6.28008.01",
          "OSName/Windows",
          "OSVersion/Microsoft.Windows.10.0.18363.",
          "Microsoft.Azure.Management.Network.Fluent.NetworkManagementClient/1.0.0.61",
          "MacAddressHash/f198b50d7e3ef6510679efb9e4c9a1474fd2bf18cf1d6a2182c79b00464dbadd"
        ]
      },
      "ResponseHeaders": {
        "Cache-Control": [
          "no-cache"
        ],
        "Pragma": [
          "no-cache"
        ],
        "ETag": [
          "W/\"2ebce2b6-f77d-4cbe-91e2-129742db8564\""
        ],
        "x-ms-request-id": [
          "2d88a32e-ac8b-4e4d-934b-6d5fa6eb7a6d"
        ],
        "x-ms-correlation-request-id": [
          "d2795be1-5ff0-4c25-8d6a-945f4114119d"
        ],
        "x-ms-arm-service-request-id": [
          "66a39c5c-c5d8-41a8-b8f8-084ab075811c"
        ],
        "Strict-Transport-Security": [
          "max-age=31536000; includeSubDomains"
        ],
        "Server": [
          "Microsoft-HTTPAPI/2.0",
          "Microsoft-HTTPAPI/2.0"
        ],
        "x-ms-ratelimit-remaining-subscription-reads": [
          "11997"
        ],
        "x-ms-routing-request-id": [
          "SOUTHEASTASIA:20191023T185221Z:d2795be1-5ff0-4c25-8d6a-945f4114119d"
        ],
        "X-Content-Type-Options": [
          "nosniff"
        ],
        "Date": [
          "Wed, 23 Oct 2019 18:52:21 GMT"
        ],
        "Content-Length": [
          "767"
        ],
        "Content-Type": [
          "application/json; charset=utf-8"
        ],
        "Expires": [
          "-1"
        ]
      },
      "ResponseBody": "{\r\n  \"name\": \"pip3149\",\r\n  \"id\": \"/subscriptions/1c638cf4-608f-4ee6-b680-c329e824c3a8/resourceGroups/rgchashtm9138/providers/Microsoft.Network/publicIPAddresses/pip3149\",\r\n  \"etag\": \"W/\\\"2ebce2b6-f77d-4cbe-91e2-129742db8564\\\"\",\r\n  \"location\": \"eastus\",\r\n  \"tags\": {},\r\n  \"properties\": {\r\n    \"provisioningState\": \"Succeeded\",\r\n    \"resourceGuid\": \"06a63297-9e5a-464d-82f3-1270daac8611\",\r\n    \"publicIPAddressVersion\": \"IPv4\",\r\n    \"publicIPAllocationMethod\": \"Dynamic\",\r\n    \"idleTimeoutInMinutes\": 4,\r\n    \"dnsSettings\": {\r\n      \"domainNameLabel\": \"contoso8807\",\r\n      \"fqdn\": \"contoso8807.eastus.cloudapp.azure.com\"\r\n    },\r\n    \"ipTags\": []\r\n  },\r\n  \"type\": \"Microsoft.Network/publicIPAddresses\",\r\n  \"sku\": {\r\n    \"name\": \"Basic\",\r\n    \"tier\": \"Regional\"\r\n  }\r\n}",
      "StatusCode": 200
    },
    {
      "RequestUri": "/subscriptions/1c638cf4-608f-4ee6-b680-c329e824c3a8/resourceGroups/rgchashtm9138/providers/Microsoft.Network/trafficmanagerprofiles/nestedtm1638/azureEndpoints/azure-ep-1?api-version=2018-04-01",
      "EncodedRequestUri": "L3N1YnNjcmlwdGlvbnMvMWM2MzhjZjQtNjA4Zi00ZWU2LWI2ODAtYzMyOWU4MjRjM2E4L3Jlc291cmNlR3JvdXBzL3JnY2hhc2h0bTkxMzgvcHJvdmlkZXJzL01pY3Jvc29mdC5OZXR3b3JrL3RyYWZmaWNtYW5hZ2VycHJvZmlsZXMvbmVzdGVkdG0xNjM4L2F6dXJlRW5kcG9pbnRzL2F6dXJlLWVwLTE/YXBpLXZlcnNpb249MjAxOC0wNC0wMQ==",
      "RequestMethod": "PUT",
      "RequestBody": "{\r\n  \"properties\": {\r\n    \"targetResourceId\": \"/subscriptions/1c638cf4-608f-4ee6-b680-c329e824c3a8/resourceGroups/rgchashtm9138/providers/Microsoft.Network/publicIPAddresses/pip3149\",\r\n    \"endpointStatus\": \"Disabled\",\r\n    \"weight\": 1,\r\n    \"priority\": 11\r\n  },\r\n  \"name\": \"azure-ep-1\",\r\n  \"type\": \"Microsoft.Network/trafficManagerProfiles/azureEndpoints\"\r\n}",
      "RequestHeaders": {
        "x-ms-client-request-id": [
          "3603529e-bdb9-407b-aed8-77115ba89906"
        ],
        "Accept-Language": [
          "en-US"
        ],
        "User-Agent": [
          "FxVersion/4.6.28008.01",
          "OSName/Windows",
          "OSVersion/Microsoft.Windows.10.0.18363.",
          "Microsoft.Azure.Management.TrafficManager.Fluent.TrafficManagerManagementClient/1.0.0.61",
          "MacAddressHash/f198b50d7e3ef6510679efb9e4c9a1474fd2bf18cf1d6a2182c79b00464dbadd"
        ],
        "Content-Type": [
          "application/json; charset=utf-8"
        ],
        "Content-Length": [
          "359"
        ]
      },
      "ResponseHeaders": {
        "Cache-Control": [
          "private"
        ],
        "X-Content-Type-Options": [
          "nosniff"
        ],
        "Strict-Transport-Security": [
          "max-age=31536000; includeSubDomains"
        ],
        "x-ms-request-id": [
          "3603529e-bdb9-407b-aed8-77115ba89906"
        ],
        "Server": [
          "Microsoft-IIS/10.0"
        ],
        "X-AspNet-Version": [
          "4.0.30319"
        ],
        "X-Powered-By": [
          "ASP.NET"
        ],
        "x-ms-ratelimit-remaining-subscription-writes": [
          "1189"
        ],
        "x-ms-correlation-request-id": [
          "ae8ffd8a-4206-40e3-bc4d-23eee60a9bba"
        ],
        "x-ms-routing-request-id": [
          "SOUTHEASTASIA:20191023T185222Z:ae8ffd8a-4206-40e3-bc4d-23eee60a9bba"
        ],
        "Date": [
          "Wed, 23 Oct 2019 18:52:22 GMT"
        ],
        "Content-Length": [
          "621"
        ],
        "Content-Type": [
          "application/json; charset=utf-8"
        ]
      },
      "ResponseBody": "{\r\n  \"id\": \"/subscriptions/1c638cf4-608f-4ee6-b680-c329e824c3a8/resourceGroups/rgchashtm9138/providers/Microsoft.Network/trafficManagerProfiles/nestedtm1638/azureEndpoints/azure-ep-1\",\r\n  \"name\": \"azure-ep-1\",\r\n  \"type\": \"Microsoft.Network/trafficManagerProfiles/azureEndpoints\",\r\n  \"properties\": {\r\n    \"endpointStatus\": \"Disabled\",\r\n    \"endpointMonitorStatus\": \"Disabled\",\r\n    \"targetResourceId\": \"/subscriptions/1c638cf4-608f-4ee6-b680-c329e824c3a8/resourceGroups/rgchashtm9138/providers/Microsoft.Network/publicIPAddresses/pip3149\",\r\n    \"target\": \"contoso8807.eastus.cloudapp.azure.com\",\r\n    \"weight\": 1,\r\n    \"priority\": 11,\r\n    \"endpointLocation\": \"East US\"\r\n  }\r\n}",
      "StatusCode": 201
    },
    {
      "RequestUri": "/subscriptions/1c638cf4-608f-4ee6-b680-c329e824c3a8/resourceGroups/rgchashtm9138/providers/Microsoft.Network/trafficmanagerprofiles/nestedtm1638?api-version=2018-04-01",
      "EncodedRequestUri": "L3N1YnNjcmlwdGlvbnMvMWM2MzhjZjQtNjA4Zi00ZWU2LWI2ODAtYzMyOWU4MjRjM2E4L3Jlc291cmNlR3JvdXBzL3JnY2hhc2h0bTkxMzgvcHJvdmlkZXJzL01pY3Jvc29mdC5OZXR3b3JrL3RyYWZmaWNtYW5hZ2VycHJvZmlsZXMvbmVzdGVkdG0xNjM4P2FwaS12ZXJzaW9uPTIwMTgtMDQtMDE=",
      "RequestMethod": "GET",
      "RequestBody": "",
      "RequestHeaders": {
        "x-ms-client-request-id": [
          "d2b858f4-9e5e-41b2-a332-827472f0b964"
        ],
        "Accept-Language": [
          "en-US"
        ],
        "User-Agent": [
          "FxVersion/4.6.28008.01",
          "OSName/Windows",
          "OSVersion/Microsoft.Windows.10.0.18363.",
          "Microsoft.Azure.Management.TrafficManager.Fluent.TrafficManagerManagementClient/1.0.0.61",
          "MacAddressHash/f198b50d7e3ef6510679efb9e4c9a1474fd2bf18cf1d6a2182c79b00464dbadd"
        ]
      },
      "ResponseHeaders": {
        "Cache-Control": [
          "private"
        ],
        "X-Content-Type-Options": [
          "nosniff"
        ],
        "Strict-Transport-Security": [
          "max-age=31536000; includeSubDomains"
        ],
        "x-ms-request-id": [
          "d2b858f4-9e5e-41b2-a332-827472f0b964"
        ],
        "Server": [
          "Microsoft-IIS/10.0"
        ],
        "X-AspNet-Version": [
          "4.0.30319"
        ],
        "X-Powered-By": [
          "ASP.NET"
        ],
        "x-ms-ratelimit-remaining-subscription-resource-requests": [
          "10799"
        ],
        "x-ms-correlation-request-id": [
          "187a5bdd-71e0-47ed-ac15-5db18bfe669d"
        ],
        "x-ms-routing-request-id": [
          "SOUTHEASTASIA:20191023T185224Z:187a5bdd-71e0-47ed-ac15-5db18bfe669d"
        ],
        "Date": [
          "Wed, 23 Oct 2019 18:52:23 GMT"
        ],
        "Content-Length": [
          "1755"
        ],
        "Content-Type": [
          "application/json; charset=utf-8"
        ]
      },
      "ResponseBody": "{\r\n  \"id\": \"/subscriptions/1c638cf4-608f-4ee6-b680-c329e824c3a8/resourceGroups/rgchashtm9138/providers/Microsoft.Network/trafficManagerProfiles/nestedtm1638\",\r\n  \"name\": \"nestedtm1638\",\r\n  \"type\": \"Microsoft.Network/trafficManagerProfiles\",\r\n  \"location\": \"global\",\r\n  \"tags\": {},\r\n  \"properties\": {\r\n    \"profileStatus\": \"Enabled\",\r\n    \"trafficRoutingMethod\": \"Priority\",\r\n    \"dnsConfig\": {\r\n      \"relativeName\": \"nestedtmdns4984\",\r\n      \"fqdn\": \"nestedtmdns4984.trafficmanager.net\",\r\n      \"ttl\": 500\r\n    },\r\n    \"monitorConfig\": {\r\n      \"profileMonitorStatus\": \"CheckingEndpoints\",\r\n      \"protocol\": \"HTTPS\",\r\n      \"port\": 443,\r\n      \"path\": \"/\",\r\n      \"intervalInSeconds\": 30,\r\n      \"toleratedNumberOfFailures\": 3,\r\n      \"timeoutInSeconds\": 10\r\n    },\r\n    \"endpoints\": [\r\n      {\r\n        \"id\": \"/subscriptions/1c638cf4-608f-4ee6-b680-c329e824c3a8/resourceGroups/rgchashtm9138/providers/Microsoft.Network/trafficManagerProfiles/nestedtm1638/externalEndpoints/external-ep-1\",\r\n        \"name\": \"external-ep-1\",\r\n        \"type\": \"Microsoft.Network/trafficManagerProfiles/externalEndpoints\",\r\n        \"properties\": {\r\n          \"endpointStatus\": \"Enabled\",\r\n          \"endpointMonitorStatus\": \"CheckingEndpoint\",\r\n          \"target\": \"www.gitbook.com\",\r\n          \"weight\": 1,\r\n          \"priority\": 1,\r\n          \"endpointLocation\": \"Central India\"\r\n        }\r\n      },\r\n      {\r\n        \"id\": \"/subscriptions/1c638cf4-608f-4ee6-b680-c329e824c3a8/resourceGroups/rgchashtm9138/providers/Microsoft.Network/trafficManagerProfiles/nestedtm1638/azureEndpoints/azure-ep-1\",\r\n        \"name\": \"azure-ep-1\",\r\n        \"type\": \"Microsoft.Network/trafficManagerProfiles/azureEndpoints\",\r\n        \"properties\": {\r\n          \"endpointStatus\": \"Disabled\",\r\n          \"endpointMonitorStatus\": \"Disabled\",\r\n          \"targetResourceId\": \"/subscriptions/1c638cf4-608f-4ee6-b680-c329e824c3a8/resourceGroups/rgchashtm9138/providers/Microsoft.Network/publicIPAddresses/pip3149\",\r\n          \"target\": \"contoso8807.eastus.cloudapp.azure.com\",\r\n          \"weight\": 1,\r\n          \"priority\": 11,\r\n          \"endpointLocation\": \"East US\"\r\n        }\r\n      }\r\n    ],\r\n    \"trafficViewEnrollmentStatus\": \"Disabled\"\r\n  }\r\n}",
      "StatusCode": 200
    },
    {
      "RequestUri": "/subscriptions/1c638cf4-608f-4ee6-b680-c329e824c3a8/resourceGroups/rgchashtm9138/providers/Microsoft.Network/trafficmanagerprofiles/nestedtm1638?api-version=2018-04-01",
      "EncodedRequestUri": "L3N1YnNjcmlwdGlvbnMvMWM2MzhjZjQtNjA4Zi00ZWU2LWI2ODAtYzMyOWU4MjRjM2E4L3Jlc291cmNlR3JvdXBzL3JnY2hhc2h0bTkxMzgvcHJvdmlkZXJzL01pY3Jvc29mdC5OZXR3b3JrL3RyYWZmaWNtYW5hZ2VycHJvZmlsZXMvbmVzdGVkdG0xNjM4P2FwaS12ZXJzaW9uPTIwMTgtMDQtMDE=",
      "RequestMethod": "GET",
      "RequestBody": "",
      "RequestHeaders": {
        "x-ms-client-request-id": [
          "654c8944-1b9e-44fe-a215-598767b7b976"
        ],
        "Accept-Language": [
          "en-US"
        ],
        "User-Agent": [
          "FxVersion/4.6.28008.01",
          "OSName/Windows",
          "OSVersion/Microsoft.Windows.10.0.18363.",
          "Microsoft.Azure.Management.TrafficManager.Fluent.TrafficManagerManagementClient/1.0.0.61",
          "MacAddressHash/f198b50d7e3ef6510679efb9e4c9a1474fd2bf18cf1d6a2182c79b00464dbadd"
        ]
      },
      "ResponseHeaders": {
        "Cache-Control": [
          "private"
        ],
        "X-Content-Type-Options": [
          "nosniff"
        ],
        "Strict-Transport-Security": [
          "max-age=31536000; includeSubDomains"
        ],
        "x-ms-request-id": [
          "654c8944-1b9e-44fe-a215-598767b7b976"
        ],
        "Server": [
          "Microsoft-IIS/10.0"
        ],
        "X-AspNet-Version": [
          "4.0.30319"
        ],
        "X-Powered-By": [
          "ASP.NET"
        ],
        "x-ms-ratelimit-remaining-subscription-resource-requests": [
          "10798"
        ],
        "x-ms-correlation-request-id": [
          "b2c6e5ce-798c-49cf-b7e8-ebd76ac37d3f"
        ],
        "x-ms-routing-request-id": [
          "SOUTHEASTASIA:20191023T185225Z:b2c6e5ce-798c-49cf-b7e8-ebd76ac37d3f"
        ],
        "Date": [
          "Wed, 23 Oct 2019 18:52:25 GMT"
        ],
        "Content-Length": [
          "1133"
        ],
        "Content-Type": [
          "application/json; charset=utf-8"
        ]
      },
      "ResponseBody": "{\r\n  \"id\": \"/subscriptions/1c638cf4-608f-4ee6-b680-c329e824c3a8/resourceGroups/rgchashtm9138/providers/Microsoft.Network/trafficManagerProfiles/nestedtm1638\",\r\n  \"name\": \"nestedtm1638\",\r\n  \"type\": \"Microsoft.Network/trafficManagerProfiles\",\r\n  \"location\": \"global\",\r\n  \"tags\": {},\r\n  \"properties\": {\r\n    \"profileStatus\": \"Enabled\",\r\n    \"trafficRoutingMethod\": \"Priority\",\r\n    \"dnsConfig\": {\r\n      \"relativeName\": \"nestedtmdns4984\",\r\n      \"fqdn\": \"nestedtmdns4984.trafficmanager.net\",\r\n      \"ttl\": 500\r\n    },\r\n    \"monitorConfig\": {\r\n      \"profileMonitorStatus\": \"CheckingEndpoints\",\r\n      \"protocol\": \"HTTPS\",\r\n      \"port\": 443,\r\n      \"path\": \"/\",\r\n      \"intervalInSeconds\": 30,\r\n      \"toleratedNumberOfFailures\": 3,\r\n      \"timeoutInSeconds\": 10\r\n    },\r\n    \"endpoints\": [\r\n      {\r\n        \"id\": \"/subscriptions/1c638cf4-608f-4ee6-b680-c329e824c3a8/resourceGroups/rgchashtm9138/providers/Microsoft.Network/trafficManagerProfiles/nestedtm1638/externalEndpoints/external-ep-1\",\r\n        \"name\": \"external-ep-1\",\r\n        \"type\": \"Microsoft.Network/trafficManagerProfiles/externalEndpoints\",\r\n        \"properties\": {\r\n          \"endpointStatus\": \"Enabled\",\r\n          \"endpointMonitorStatus\": \"CheckingEndpoint\",\r\n          \"target\": \"www.gitbook.com\",\r\n          \"weight\": 1,\r\n          \"priority\": 1,\r\n          \"endpointLocation\": \"Central India\"\r\n        }\r\n      }\r\n    ],\r\n    \"trafficViewEnrollmentStatus\": \"Disabled\"\r\n  }\r\n}",
      "StatusCode": 200
    },
    {
      "RequestUri": "/subscriptions/1c638cf4-608f-4ee6-b680-c329e824c3a8/resourceGroups/rgchashtm9138/providers/Microsoft.Network/trafficmanagerprofiles/nestedtm1638/azureEndpoints/azure-ep-1?api-version=2018-04-01",
      "EncodedRequestUri": "L3N1YnNjcmlwdGlvbnMvMWM2MzhjZjQtNjA4Zi00ZWU2LWI2ODAtYzMyOWU4MjRjM2E4L3Jlc291cmNlR3JvdXBzL3JnY2hhc2h0bTkxMzgvcHJvdmlkZXJzL01pY3Jvc29mdC5OZXR3b3JrL3RyYWZmaWNtYW5hZ2VycHJvZmlsZXMvbmVzdGVkdG0xNjM4L2F6dXJlRW5kcG9pbnRzL2F6dXJlLWVwLTE/YXBpLXZlcnNpb249MjAxOC0wNC0wMQ==",
      "RequestMethod": "DELETE",
      "RequestBody": "",
      "RequestHeaders": {
        "x-ms-client-request-id": [
          "784070dc-085e-4cc6-b5dd-f10248cf69d0"
        ],
        "Accept-Language": [
          "en-US"
        ],
        "User-Agent": [
          "FxVersion/4.6.28008.01",
          "OSName/Windows",
          "OSVersion/Microsoft.Windows.10.0.18363.",
          "Microsoft.Azure.Management.TrafficManager.Fluent.TrafficManagerManagementClient/1.0.0.61",
          "MacAddressHash/f198b50d7e3ef6510679efb9e4c9a1474fd2bf18cf1d6a2182c79b00464dbadd"
        ]
      },
      "ResponseHeaders": {
        "Cache-Control": [
          "private"
        ],
        "X-Content-Type-Options": [
          "nosniff"
        ],
        "Strict-Transport-Security": [
          "max-age=31536000; includeSubDomains"
        ],
        "x-ms-request-id": [
          "784070dc-085e-4cc6-b5dd-f10248cf69d0"
        ],
        "Server": [
          "Microsoft-IIS/10.0"
        ],
        "X-AspNet-Version": [
          "4.0.30319"
        ],
        "X-Powered-By": [
          "ASP.NET"
        ],
        "x-ms-ratelimit-remaining-subscription-deletes": [
          "14998"
        ],
        "x-ms-correlation-request-id": [
          "e3905e0f-6295-426f-91d4-77b7345172f8"
        ],
        "x-ms-routing-request-id": [
          "SOUTHEASTASIA:20191023T185224Z:e3905e0f-6295-426f-91d4-77b7345172f8"
        ],
        "Date": [
          "Wed, 23 Oct 2019 18:52:24 GMT"
        ],
        "Content-Length": [
          "0"
        ]
      },
      "ResponseBody": "",
      "StatusCode": 200
    },
    {
      "RequestUri": "/subscriptions/1c638cf4-608f-4ee6-b680-c329e824c3a8/resourceGroups/rgchashtm9138/providers/Microsoft.Network/trafficmanagerprofiles/tm1638?api-version=2018-04-01",
      "EncodedRequestUri": "L3N1YnNjcmlwdGlvbnMvMWM2MzhjZjQtNjA4Zi00ZWU2LWI2ODAtYzMyOWU4MjRjM2E4L3Jlc291cmNlR3JvdXBzL3JnY2hhc2h0bTkxMzgvcHJvdmlkZXJzL01pY3Jvc29mdC5OZXR3b3JrL3RyYWZmaWNtYW5hZ2VycHJvZmlsZXMvdG0xNjM4P2FwaS12ZXJzaW9uPTIwMTgtMDQtMDE=",
      "RequestMethod": "PUT",
      "RequestBody": "{\r\n  \"properties\": {\r\n    \"trafficRoutingMethod\": \"Weighted\",\r\n    \"dnsConfig\": {\r\n      \"relativeName\": \"tmdns4984\",\r\n      \"ttl\": 300\r\n    },\r\n    \"monitorConfig\": {\r\n      \"protocol\": \"http\",\r\n      \"port\": 80,\r\n      \"path\": \"/\"\r\n    },\r\n    \"endpoints\": []\r\n  },\r\n  \"location\": \"global\",\r\n  \"tags\": {}\r\n}",
      "RequestHeaders": {
        "x-ms-client-request-id": [
          "51af8a9d-e5cd-4ef5-8577-50d27a9494ef"
        ],
        "Accept-Language": [
          "en-US"
        ],
        "User-Agent": [
          "FxVersion/4.6.28008.01",
          "OSName/Windows",
          "OSVersion/Microsoft.Windows.10.0.18363.",
          "Microsoft.Azure.Management.TrafficManager.Fluent.TrafficManagerManagementClient/1.0.0.61",
          "MacAddressHash/f198b50d7e3ef6510679efb9e4c9a1474fd2bf18cf1d6a2182c79b00464dbadd"
        ],
        "Content-Type": [
          "application/json; charset=utf-8"
        ],
        "Content-Length": [
          "309"
        ]
      },
      "ResponseHeaders": {
        "Cache-Control": [
          "private"
        ],
        "X-Content-Type-Options": [
          "nosniff"
        ],
        "Strict-Transport-Security": [
          "max-age=31536000; includeSubDomains"
        ],
        "x-ms-request-id": [
          "51af8a9d-e5cd-4ef5-8577-50d27a9494ef"
        ],
        "Server": [
          "Microsoft-IIS/10.0"
        ],
        "X-AspNet-Version": [
          "4.0.30319"
        ],
        "X-Powered-By": [
          "ASP.NET"
        ],
        "x-ms-ratelimit-remaining-subscription-resource-requests": [
          "10794"
        ],
        "x-ms-correlation-request-id": [
          "e2e2e4eb-0a59-4289-b5c9-7463c898e0e5"
        ],
        "x-ms-routing-request-id": [
          "SOUTHEASTASIA:20191023T185228Z:e2e2e4eb-0a59-4289-b5c9-7463c898e0e5"
        ],
        "Date": [
          "Wed, 23 Oct 2019 18:52:28 GMT"
        ],
        "Content-Length": [
          "639"
        ],
        "Content-Type": [
          "application/json; charset=utf-8"
        ]
      },
      "ResponseBody": "{\r\n  \"id\": \"/subscriptions/1c638cf4-608f-4ee6-b680-c329e824c3a8/resourceGroups/rgchashtm9138/providers/Microsoft.Network/trafficManagerProfiles/tm1638\",\r\n  \"name\": \"tm1638\",\r\n  \"type\": \"Microsoft.Network/trafficManagerProfiles\",\r\n  \"location\": \"global\",\r\n  \"tags\": {},\r\n  \"properties\": {\r\n    \"profileStatus\": \"Enabled\",\r\n    \"trafficRoutingMethod\": \"Weighted\",\r\n    \"dnsConfig\": {\r\n      \"relativeName\": \"tmdns4984\",\r\n      \"fqdn\": \"tmdns4984.trafficmanager.net\",\r\n      \"ttl\": 300\r\n    },\r\n    \"monitorConfig\": {\r\n      \"profileMonitorStatus\": \"Inactive\",\r\n      \"protocol\": \"HTTP\",\r\n      \"port\": 80,\r\n      \"path\": \"/\",\r\n      \"intervalInSeconds\": 30,\r\n      \"toleratedNumberOfFailures\": 3,\r\n      \"timeoutInSeconds\": 10\r\n    },\r\n    \"endpoints\": [],\r\n    \"trafficViewEnrollmentStatus\": \"Disabled\"\r\n  }\r\n}",
      "StatusCode": 201
    },
    {
      "RequestUri": "/subscriptions/1c638cf4-608f-4ee6-b680-c329e824c3a8/resourceGroups/rgchashtm9138/providers/Microsoft.Network/trafficmanagerprofiles/tm1638?api-version=2018-04-01",
      "EncodedRequestUri": "L3N1YnNjcmlwdGlvbnMvMWM2MzhjZjQtNjA4Zi00ZWU2LWI2ODAtYzMyOWU4MjRjM2E4L3Jlc291cmNlR3JvdXBzL3JnY2hhc2h0bTkxMzgvcHJvdmlkZXJzL01pY3Jvc29mdC5OZXR3b3JrL3RyYWZmaWNtYW5hZ2VycHJvZmlsZXMvdG0xNjM4P2FwaS12ZXJzaW9uPTIwMTgtMDQtMDE=",
      "RequestMethod": "PUT",
      "RequestBody": "{\r\n  \"properties\": {\r\n    \"profileStatus\": \"Enabled\",\r\n    \"trafficRoutingMethod\": \"Performance\",\r\n    \"dnsConfig\": {\r\n      \"relativeName\": \"tmdns4984\",\r\n      \"ttl\": 600\r\n    },\r\n    \"monitorConfig\": {\r\n      \"profileMonitorStatus\": \"CheckingEndpoints\",\r\n      \"protocol\": \"http\",\r\n      \"port\": 8080,\r\n      \"path\": \"/\",\r\n      \"intervalInSeconds\": 30,\r\n      \"timeoutInSeconds\": 10,\r\n      \"toleratedNumberOfFailures\": 3\r\n    },\r\n    \"endpoints\": [\r\n      {\r\n        \"properties\": {\r\n          \"target\": \"www.bing.com\",\r\n          \"endpointStatus\": \"Disabled\",\r\n          \"weight\": 1,\r\n          \"priority\": 2,\r\n          \"endpointLocation\": \"East US 2\",\r\n          \"endpointMonitorStatus\": \"Disabled\"\r\n        },\r\n        \"name\": \"external-ep-2\",\r\n        \"type\": \"Microsoft.Network/trafficManagerProfiles/externalEndpoints\"\r\n      },\r\n      {\r\n        \"properties\": {\r\n          \"targetResourceId\": \"/subscriptions/1c638cf4-608f-4ee6-b680-c329e824c3a8/resourceGroups/rgchashtm9138/providers/Microsoft.Network/publicIPAddresses/pip3149\",\r\n          \"target\": \"contoso8807.eastus.cloudapp.azure.com\",\r\n          \"endpointStatus\": \"Enabled\",\r\n          \"weight\": 2,\r\n          \"priority\": 5,\r\n          \"endpointLocation\": \"East US\",\r\n          \"endpointMonitorStatus\": \"CheckingEndpoint\"\r\n        },\r\n        \"name\": \"azure-ep-1\",\r\n        \"type\": \"Microsoft.Network/trafficManagerProfiles/azureEndpoints\"\r\n      },\r\n      {\r\n        \"properties\": {\r\n          \"target\": \"www.github.com\",\r\n          \"endpointStatus\": \"Enabled\",\r\n          \"weight\": 1,\r\n          \"priority\": 6,\r\n          \"endpointLocation\": \"Central US\",\r\n          \"endpointMonitorStatus\": \"CheckingEndpoint\"\r\n        },\r\n        \"name\": \"external-ep-3\",\r\n        \"type\": \"Microsoft.Network/trafficManagerProfiles/externalEndpoints\"\r\n      },\r\n      {\r\n        \"properties\": {\r\n          \"targetResourceId\": \"/subscriptions/1c638cf4-608f-4ee6-b680-c329e824c3a8/resourceGroups/rgchashtm9138/providers/Microsoft.Network/trafficManagerProfiles/nestedtm1638\",\r\n          \"target\": \"nestedtmdns4984.trafficmanager.net\",\r\n          \"endpointStatus\": \"Disabled\",\r\n          \"weight\": 1,\r\n          \"priority\": 4,\r\n          \"endpointLocation\": \"Central India\",\r\n          \"minChildEndpoints\": 1\r\n        },\r\n        \"name\": \"nested-profile-ep-1\",\r\n        \"type\": \"Microsoft.Network/trafficManagerProfiles/nestedEndpoints\"\r\n      }\r\n    ],\r\n    \"trafficViewEnrollmentStatus\": \"Disabled\"\r\n  },\r\n  \"location\": \"global\",\r\n  \"tags\": {}\r\n}",
      "RequestHeaders": {
        "x-ms-client-request-id": [
          "00e8fc52-9901-4b00-8204-1cadd39f0dc1"
        ],
        "Accept-Language": [
          "en-US"
        ],
        "User-Agent": [
          "FxVersion/4.6.28008.01",
          "OSName/Windows",
          "OSVersion/Microsoft.Windows.10.0.18363.",
          "Microsoft.Azure.Management.TrafficManager.Fluent.TrafficManagerManagementClient/1.0.0.61",
          "MacAddressHash/f198b50d7e3ef6510679efb9e4c9a1474fd2bf18cf1d6a2182c79b00464dbadd"
        ],
        "Content-Type": [
          "application/json; charset=utf-8"
        ],
        "Content-Length": [
          "2501"
        ]
      },
      "ResponseHeaders": {
        "Cache-Control": [
          "private"
        ],
        "X-Content-Type-Options": [
          "nosniff"
        ],
        "Strict-Transport-Security": [
          "max-age=31536000; includeSubDomains"
        ],
        "x-ms-request-id": [
          "00e8fc52-9901-4b00-8204-1cadd39f0dc1"
        ],
        "Server": [
          "Microsoft-IIS/10.0"
        ],
        "X-AspNet-Version": [
          "4.0.30319"
        ],
        "X-Powered-By": [
          "ASP.NET"
        ],
        "x-ms-ratelimit-remaining-subscription-resource-requests": [
          "10793"
        ],
        "x-ms-correlation-request-id": [
          "38def101-2d9f-404b-9952-9797177219fe"
        ],
        "x-ms-routing-request-id": [
          "SOUTHEASTASIA:20191023T185247Z:38def101-2d9f-404b-9952-9797177219fe"
        ],
        "Date": [
          "Wed, 23 Oct 2019 18:52:47 GMT"
        ],
        "Content-Length": [
          "2828"
        ],
        "Content-Type": [
          "application/json; charset=utf-8"
        ]
      },
      "ResponseBody": "{\r\n  \"id\": \"/subscriptions/1c638cf4-608f-4ee6-b680-c329e824c3a8/resourceGroups/rgchashtm9138/providers/Microsoft.Network/trafficManagerProfiles/tm1638\",\r\n  \"name\": \"tm1638\",\r\n  \"type\": \"Microsoft.Network/trafficManagerProfiles\",\r\n  \"location\": \"global\",\r\n  \"tags\": {},\r\n  \"properties\": {\r\n    \"profileStatus\": \"Enabled\",\r\n    \"trafficRoutingMethod\": \"Performance\",\r\n    \"dnsConfig\": {\r\n      \"relativeName\": \"tmdns4984\",\r\n      \"fqdn\": \"tmdns4984.trafficmanager.net\",\r\n      \"ttl\": 600\r\n    },\r\n    \"monitorConfig\": {\r\n      \"profileMonitorStatus\": \"CheckingEndpoints\",\r\n      \"protocol\": \"HTTP\",\r\n      \"port\": 8080,\r\n      \"path\": \"/\",\r\n      \"intervalInSeconds\": 30,\r\n      \"toleratedNumberOfFailures\": 3,\r\n      \"timeoutInSeconds\": 10\r\n    },\r\n    \"endpoints\": [\r\n      {\r\n        \"id\": \"/subscriptions/1c638cf4-608f-4ee6-b680-c329e824c3a8/resourceGroups/rgchashtm9138/providers/Microsoft.Network/trafficManagerProfiles/tm1638/externalEndpoints/external-ep-2\",\r\n        \"name\": \"external-ep-2\",\r\n        \"type\": \"Microsoft.Network/trafficManagerProfiles/externalEndpoints\",\r\n        \"properties\": {\r\n          \"endpointStatus\": \"Disabled\",\r\n          \"endpointMonitorStatus\": \"Disabled\",\r\n          \"target\": \"www.bing.com\",\r\n          \"weight\": 1,\r\n          \"priority\": 2,\r\n          \"endpointLocation\": \"East US 2\"\r\n        }\r\n      },\r\n      {\r\n        \"id\": \"/subscriptions/1c638cf4-608f-4ee6-b680-c329e824c3a8/resourceGroups/rgchashtm9138/providers/Microsoft.Network/trafficManagerProfiles/tm1638/nestedEndpoints/nested-profile-ep-1\",\r\n        \"name\": \"nested-profile-ep-1\",\r\n        \"type\": \"Microsoft.Network/trafficManagerProfiles/nestedEndpoints\",\r\n        \"properties\": {\r\n          \"endpointStatus\": \"Disabled\",\r\n          \"endpointMonitorStatus\": null,\r\n          \"targetResourceId\": \"/subscriptions/1c638cf4-608f-4ee6-b680-c329e824c3a8/resourceGroups/rgchashtm9138/providers/Microsoft.Network/trafficManagerProfiles/nestedtm1638\",\r\n          \"target\": \"nestedtmdns4984.trafficmanager.net\",\r\n          \"weight\": 1,\r\n          \"priority\": 4,\r\n          \"endpointLocation\": \"Central India\",\r\n          \"minChildEndpoints\": 1\r\n        }\r\n      },\r\n      {\r\n        \"id\": \"/subscriptions/1c638cf4-608f-4ee6-b680-c329e824c3a8/resourceGroups/rgchashtm9138/providers/Microsoft.Network/trafficManagerProfiles/tm1638/azureEndpoints/azure-ep-1\",\r\n        \"name\": \"azure-ep-1\",\r\n        \"type\": \"Microsoft.Network/trafficManagerProfiles/azureEndpoints\",\r\n        \"properties\": {\r\n          \"endpointStatus\": \"Enabled\",\r\n          \"endpointMonitorStatus\": \"CheckingEndpoint\",\r\n          \"targetResourceId\": \"/subscriptions/1c638cf4-608f-4ee6-b680-c329e824c3a8/resourceGroups/rgchashtm9138/providers/Microsoft.Network/publicIPAddresses/pip3149\",\r\n          \"target\": \"contoso8807.eastus.cloudapp.azure.com\",\r\n          \"weight\": 2,\r\n          \"priority\": 5,\r\n          \"endpointLocation\": \"East US\"\r\n        }\r\n      },\r\n      {\r\n        \"id\": \"/subscriptions/1c638cf4-608f-4ee6-b680-c329e824c3a8/resourceGroups/rgchashtm9138/providers/Microsoft.Network/trafficManagerProfiles/tm1638/externalEndpoints/external-ep-3\",\r\n        \"name\": \"external-ep-3\",\r\n        \"type\": \"Microsoft.Network/trafficManagerProfiles/externalEndpoints\",\r\n        \"properties\": {\r\n          \"endpointStatus\": \"Enabled\",\r\n          \"endpointMonitorStatus\": \"CheckingEndpoint\",\r\n          \"target\": \"www.github.com\",\r\n          \"weight\": 1,\r\n          \"priority\": 6,\r\n          \"endpointLocation\": \"Central US\"\r\n        }\r\n      }\r\n    ],\r\n    \"trafficViewEnrollmentStatus\": \"Disabled\"\r\n  }\r\n}",
      "StatusCode": 200
    },
    {
      "RequestUri": "/subscriptions/1c638cf4-608f-4ee6-b680-c329e824c3a8/resourceGroups/rgchashtm9138/providers/Microsoft.Network/trafficmanagerprofiles/tm1638/externalEndpoints/external-ep-2?api-version=2018-04-01",
      "EncodedRequestUri": "L3N1YnNjcmlwdGlvbnMvMWM2MzhjZjQtNjA4Zi00ZWU2LWI2ODAtYzMyOWU4MjRjM2E4L3Jlc291cmNlR3JvdXBzL3JnY2hhc2h0bTkxMzgvcHJvdmlkZXJzL01pY3Jvc29mdC5OZXR3b3JrL3RyYWZmaWNtYW5hZ2VycHJvZmlsZXMvdG0xNjM4L2V4dGVybmFsRW5kcG9pbnRzL2V4dGVybmFsLWVwLTI/YXBpLXZlcnNpb249MjAxOC0wNC0wMQ==",
      "RequestMethod": "PUT",
      "RequestBody": "{\r\n  \"properties\": {\r\n    \"target\": \"www.bing.com\",\r\n    \"endpointStatus\": \"Disabled\",\r\n    \"weight\": 1,\r\n    \"priority\": 2,\r\n    \"endpointLocation\": \"eastus2\"\r\n  },\r\n  \"name\": \"external-ep-2\",\r\n  \"type\": \"Microsoft.Network/trafficManagerProfiles/externalEndpoints\"\r\n}",
      "RequestHeaders": {
        "x-ms-client-request-id": [
          "1589be4d-723d-48c5-ba59-da04f9034dbb"
        ],
        "Accept-Language": [
          "en-US"
        ],
        "User-Agent": [
          "FxVersion/4.6.28008.01",
          "OSName/Windows",
          "OSVersion/Microsoft.Windows.10.0.18363.",
          "Microsoft.Azure.Management.TrafficManager.Fluent.TrafficManagerManagementClient/1.0.0.61",
          "MacAddressHash/f198b50d7e3ef6510679efb9e4c9a1474fd2bf18cf1d6a2182c79b00464dbadd"
        ],
        "Content-Type": [
          "application/json; charset=utf-8"
        ],
        "Content-Length": [
          "268"
        ]
      },
      "ResponseHeaders": {
        "Cache-Control": [
          "private"
        ],
        "X-Content-Type-Options": [
          "nosniff"
        ],
        "Strict-Transport-Security": [
          "max-age=31536000; includeSubDomains"
        ],
        "x-ms-request-id": [
          "1589be4d-723d-48c5-ba59-da04f9034dbb"
        ],
        "Server": [
          "Microsoft-IIS/10.0"
        ],
        "X-AspNet-Version": [
          "4.0.30319"
        ],
        "X-Powered-By": [
          "ASP.NET"
        ],
        "x-ms-ratelimit-remaining-subscription-writes": [
          "1188"
        ],
        "x-ms-correlation-request-id": [
          "b8efa8a7-56eb-430b-9245-1e1aa9d1281c"
        ],
        "x-ms-routing-request-id": [
          "SOUTHEASTASIA:20191023T185229Z:b8efa8a7-56eb-430b-9245-1e1aa9d1281c"
        ],
        "Date": [
          "Wed, 23 Oct 2019 18:52:28 GMT"
        ],
        "Content-Length": [
          "439"
        ],
        "Content-Type": [
          "application/json; charset=utf-8"
        ]
      },
      "ResponseBody": "{\r\n  \"id\": \"/subscriptions/1c638cf4-608f-4ee6-b680-c329e824c3a8/resourceGroups/rgchashtm9138/providers/Microsoft.Network/trafficManagerProfiles/tm1638/externalEndpoints/external-ep-2\",\r\n  \"name\": \"external-ep-2\",\r\n  \"type\": \"Microsoft.Network/trafficManagerProfiles/externalEndpoints\",\r\n  \"properties\": {\r\n    \"endpointStatus\": \"Disabled\",\r\n    \"endpointMonitorStatus\": \"Disabled\",\r\n    \"target\": \"www.bing.com\",\r\n    \"weight\": 1,\r\n    \"priority\": 2,\r\n    \"endpointLocation\": \"East US 2\"\r\n  }\r\n}",
      "StatusCode": 201
    },
    {
      "RequestUri": "/subscriptions/1c638cf4-608f-4ee6-b680-c329e824c3a8/resourceGroups/rgchashtm9138/providers/Microsoft.Network/trafficmanagerprofiles/tm1638/azureEndpoints/azure-ep-1?api-version=2018-04-01",
      "EncodedRequestUri": "L3N1YnNjcmlwdGlvbnMvMWM2MzhjZjQtNjA4Zi00ZWU2LWI2ODAtYzMyOWU4MjRjM2E4L3Jlc291cmNlR3JvdXBzL3JnY2hhc2h0bTkxMzgvcHJvdmlkZXJzL01pY3Jvc29mdC5OZXR3b3JrL3RyYWZmaWNtYW5hZ2VycHJvZmlsZXMvdG0xNjM4L2F6dXJlRW5kcG9pbnRzL2F6dXJlLWVwLTE/YXBpLXZlcnNpb249MjAxOC0wNC0wMQ==",
      "RequestMethod": "PUT",
      "RequestBody": "{\r\n  \"properties\": {\r\n    \"targetResourceId\": \"/subscriptions/1c638cf4-608f-4ee6-b680-c329e824c3a8/resourceGroups/rgchashtm9138/providers/Microsoft.Network/publicIPAddresses/pip3149\",\r\n    \"endpointStatus\": \"Enabled\",\r\n    \"weight\": 1,\r\n    \"priority\": 3\r\n  },\r\n  \"name\": \"azure-ep-1\",\r\n  \"type\": \"Microsoft.Network/trafficManagerProfiles/azureEndpoints\"\r\n}",
      "RequestHeaders": {
        "x-ms-client-request-id": [
          "549c9437-0e28-4206-99c2-847541046d3c"
        ],
        "Accept-Language": [
          "en-US"
        ],
        "User-Agent": [
          "FxVersion/4.6.28008.01",
          "OSName/Windows",
          "OSVersion/Microsoft.Windows.10.0.18363.",
          "Microsoft.Azure.Management.TrafficManager.Fluent.TrafficManagerManagementClient/1.0.0.61",
          "MacAddressHash/f198b50d7e3ef6510679efb9e4c9a1474fd2bf18cf1d6a2182c79b00464dbadd"
        ],
        "Content-Type": [
          "application/json; charset=utf-8"
        ],
        "Content-Length": [
          "357"
        ]
      },
      "ResponseHeaders": {
        "Cache-Control": [
          "private"
        ],
        "X-Content-Type-Options": [
          "nosniff"
        ],
        "Strict-Transport-Security": [
          "max-age=31536000; includeSubDomains"
        ],
        "x-ms-request-id": [
          "549c9437-0e28-4206-99c2-847541046d3c"
        ],
        "Server": [
          "Microsoft-IIS/10.0"
        ],
        "X-AspNet-Version": [
          "4.0.30319"
        ],
        "X-Powered-By": [
          "ASP.NET"
        ],
        "x-ms-ratelimit-remaining-subscription-writes": [
          "1197"
        ],
        "x-ms-correlation-request-id": [
          "74f72bb0-f175-4dba-83f0-e4c4bfa690ca"
        ],
        "x-ms-routing-request-id": [
          "SOUTHEASTASIA:20191023T185235Z:74f72bb0-f175-4dba-83f0-e4c4bfa690ca"
        ],
        "Date": [
          "Wed, 23 Oct 2019 18:52:35 GMT"
        ],
        "Content-Length": [
          "621"
        ],
        "Content-Type": [
          "application/json; charset=utf-8"
        ]
      },
      "ResponseBody": "{\r\n  \"id\": \"/subscriptions/1c638cf4-608f-4ee6-b680-c329e824c3a8/resourceGroups/rgchashtm9138/providers/Microsoft.Network/trafficManagerProfiles/tm1638/azureEndpoints/azure-ep-1\",\r\n  \"name\": \"azure-ep-1\",\r\n  \"type\": \"Microsoft.Network/trafficManagerProfiles/azureEndpoints\",\r\n  \"properties\": {\r\n    \"endpointStatus\": \"Enabled\",\r\n    \"endpointMonitorStatus\": \"CheckingEndpoint\",\r\n    \"targetResourceId\": \"/subscriptions/1c638cf4-608f-4ee6-b680-c329e824c3a8/resourceGroups/rgchashtm9138/providers/Microsoft.Network/publicIPAddresses/pip3149\",\r\n    \"target\": \"contoso8807.eastus.cloudapp.azure.com\",\r\n    \"weight\": 1,\r\n    \"priority\": 3,\r\n    \"endpointLocation\": \"East US\"\r\n  }\r\n}",
      "StatusCode": 201
    },
    {
      "RequestUri": "/subscriptions/1c638cf4-608f-4ee6-b680-c329e824c3a8/resourceGroups/rgchashtm9138/providers/Microsoft.Network/trafficmanagerprofiles/tm1638/azureEndpoints/azure-ep-1?api-version=2018-04-01",
      "EncodedRequestUri": "L3N1YnNjcmlwdGlvbnMvMWM2MzhjZjQtNjA4Zi00ZWU2LWI2ODAtYzMyOWU4MjRjM2E4L3Jlc291cmNlR3JvdXBzL3JnY2hhc2h0bTkxMzgvcHJvdmlkZXJzL01pY3Jvc29mdC5OZXR3b3JrL3RyYWZmaWNtYW5hZ2VycHJvZmlsZXMvdG0xNjM4L2F6dXJlRW5kcG9pbnRzL2F6dXJlLWVwLTE/YXBpLXZlcnNpb249MjAxOC0wNC0wMQ==",
      "RequestMethod": "PUT",
      "RequestBody": "{\r\n  \"properties\": {\r\n    \"targetResourceId\": \"/subscriptions/1c638cf4-608f-4ee6-b680-c329e824c3a8/resourceGroups/rgchashtm9138/providers/Microsoft.Network/publicIPAddresses/pip3149\",\r\n    \"target\": \"contoso8807.eastus.cloudapp.azure.com\",\r\n    \"endpointStatus\": \"Enabled\",\r\n    \"weight\": 2,\r\n    \"priority\": 5,\r\n    \"endpointLocation\": \"East US\",\r\n    \"endpointMonitorStatus\": \"CheckingEndpoint\"\r\n  },\r\n  \"name\": \"azure-ep-1\",\r\n  \"type\": \"Microsoft.Network/trafficManagerProfiles/azureEndpoints\"\r\n}",
      "RequestHeaders": {
        "x-ms-client-request-id": [
          "39e71b79-eeb1-42ae-8ef4-507571040937"
        ],
        "Accept-Language": [
          "en-US"
        ],
        "User-Agent": [
          "FxVersion/4.6.28008.01",
          "OSName/Windows",
          "OSVersion/Microsoft.Windows.10.0.18363.",
          "Microsoft.Azure.Management.TrafficManager.Fluent.TrafficManagerManagementClient/1.0.0.61",
          "MacAddressHash/f198b50d7e3ef6510679efb9e4c9a1474fd2bf18cf1d6a2182c79b00464dbadd"
        ],
        "Content-Type": [
          "application/json; charset=utf-8"
        ],
        "Content-Length": [
          "499"
        ]
      },
      "ResponseHeaders": {
        "Cache-Control": [
          "private"
        ],
        "X-Content-Type-Options": [
          "nosniff"
        ],
        "Strict-Transport-Security": [
          "max-age=31536000; includeSubDomains"
        ],
        "x-ms-request-id": [
          "39e71b79-eeb1-42ae-8ef4-507571040937"
        ],
        "Server": [
          "Microsoft-IIS/10.0"
        ],
        "X-AspNet-Version": [
          "4.0.30319"
        ],
        "X-Powered-By": [
          "ASP.NET"
        ],
        "x-ms-ratelimit-remaining-subscription-writes": [
          "1196"
        ],
        "x-ms-correlation-request-id": [
          "658e9335-28f0-41b6-a9f0-cc711535df3c"
        ],
        "x-ms-routing-request-id": [
          "SOUTHEASTASIA:20191023T185245Z:658e9335-28f0-41b6-a9f0-cc711535df3c"
        ],
        "Date": [
          "Wed, 23 Oct 2019 18:52:45 GMT"
        ],
        "Content-Length": [
          "621"
        ],
        "Content-Type": [
          "application/json; charset=utf-8"
        ]
      },
      "ResponseBody": "{\r\n  \"id\": \"/subscriptions/1c638cf4-608f-4ee6-b680-c329e824c3a8/resourceGroups/rgchashtm9138/providers/Microsoft.Network/trafficManagerProfiles/tm1638/azureEndpoints/azure-ep-1\",\r\n  \"name\": \"azure-ep-1\",\r\n  \"type\": \"Microsoft.Network/trafficManagerProfiles/azureEndpoints\",\r\n  \"properties\": {\r\n    \"endpointStatus\": \"Enabled\",\r\n    \"endpointMonitorStatus\": \"CheckingEndpoint\",\r\n    \"targetResourceId\": \"/subscriptions/1c638cf4-608f-4ee6-b680-c329e824c3a8/resourceGroups/rgchashtm9138/providers/Microsoft.Network/publicIPAddresses/pip3149\",\r\n    \"target\": \"contoso8807.eastus.cloudapp.azure.com\",\r\n    \"weight\": 2,\r\n    \"priority\": 5,\r\n    \"endpointLocation\": \"East US\"\r\n  }\r\n}",
      "StatusCode": 201
    },
    {
      "RequestUri": "/subscriptions/1c638cf4-608f-4ee6-b680-c329e824c3a8/resourceGroups/rgchashtm9138/providers/Microsoft.Network/trafficmanagerprofiles/tm1638/externalEndpoints/external-ep-1?api-version=2018-04-01",
      "EncodedRequestUri": "L3N1YnNjcmlwdGlvbnMvMWM2MzhjZjQtNjA4Zi00ZWU2LWI2ODAtYzMyOWU4MjRjM2E4L3Jlc291cmNlR3JvdXBzL3JnY2hhc2h0bTkxMzgvcHJvdmlkZXJzL01pY3Jvc29mdC5OZXR3b3JrL3RyYWZmaWNtYW5hZ2VycHJvZmlsZXMvdG0xNjM4L2V4dGVybmFsRW5kcG9pbnRzL2V4dGVybmFsLWVwLTE/YXBpLXZlcnNpb249MjAxOC0wNC0wMQ==",
      "RequestMethod": "PUT",
      "RequestBody": "{\r\n  \"properties\": {\r\n    \"target\": \"www.azure.microsoft.com\",\r\n    \"endpointStatus\": \"Enabled\",\r\n    \"weight\": 1,\r\n    \"priority\": 1,\r\n    \"endpointLocation\": \"eastus\"\r\n  },\r\n  \"name\": \"external-ep-1\",\r\n  \"type\": \"Microsoft.Network/trafficManagerProfiles/externalEndpoints\"\r\n}",
      "RequestHeaders": {
        "x-ms-client-request-id": [
          "58558fb9-3336-4bf6-938b-bfecd22e3427"
        ],
        "Accept-Language": [
          "en-US"
        ],
        "User-Agent": [
          "FxVersion/4.6.28008.01",
          "OSName/Windows",
          "OSVersion/Microsoft.Windows.10.0.18363.",
          "Microsoft.Azure.Management.TrafficManager.Fluent.TrafficManagerManagementClient/1.0.0.61",
          "MacAddressHash/f198b50d7e3ef6510679efb9e4c9a1474fd2bf18cf1d6a2182c79b00464dbadd"
        ],
        "Content-Type": [
          "application/json; charset=utf-8"
        ],
        "Content-Length": [
          "277"
        ]
      },
      "ResponseHeaders": {
        "Cache-Control": [
          "private"
        ],
        "X-Content-Type-Options": [
          "nosniff"
        ],
        "Strict-Transport-Security": [
          "max-age=31536000; includeSubDomains"
        ],
        "x-ms-request-id": [
          "58558fb9-3336-4bf6-938b-bfecd22e3427"
        ],
        "Server": [
          "Microsoft-IIS/10.0"
        ],
        "X-AspNet-Version": [
          "4.0.30319"
        ],
        "X-Powered-By": [
          "ASP.NET"
        ],
        "x-ms-ratelimit-remaining-subscription-writes": [
          "1197"
        ],
        "x-ms-correlation-request-id": [
          "5f24d010-e1b4-4a57-8701-dc003e527b71"
        ],
        "x-ms-routing-request-id": [
          "SOUTHEASTASIA:20191023T185239Z:5f24d010-e1b4-4a57-8701-dc003e527b71"
        ],
        "Date": [
          "Wed, 23 Oct 2019 18:52:39 GMT"
        ],
        "Content-Length": [
          "455"
        ],
        "Content-Type": [
          "application/json; charset=utf-8"
        ]
      },
      "ResponseBody": "{\r\n  \"id\": \"/subscriptions/1c638cf4-608f-4ee6-b680-c329e824c3a8/resourceGroups/rgchashtm9138/providers/Microsoft.Network/trafficManagerProfiles/tm1638/externalEndpoints/external-ep-1\",\r\n  \"name\": \"external-ep-1\",\r\n  \"type\": \"Microsoft.Network/trafficManagerProfiles/externalEndpoints\",\r\n  \"properties\": {\r\n    \"endpointStatus\": \"Enabled\",\r\n    \"endpointMonitorStatus\": \"CheckingEndpoint\",\r\n    \"target\": \"www.azure.microsoft.com\",\r\n    \"weight\": 1,\r\n    \"priority\": 1,\r\n    \"endpointLocation\": \"East US\"\r\n  }\r\n}",
      "StatusCode": 201
    },
    {
      "RequestUri": "/subscriptions/1c638cf4-608f-4ee6-b680-c329e824c3a8/resourceGroups/rgchashtm9138/providers/Microsoft.Network/trafficmanagerprofiles/tm1638/nestedEndpoints/nested-profile-ep-1?api-version=2018-04-01",
      "EncodedRequestUri": "L3N1YnNjcmlwdGlvbnMvMWM2MzhjZjQtNjA4Zi00ZWU2LWI2ODAtYzMyOWU4MjRjM2E4L3Jlc291cmNlR3JvdXBzL3JnY2hhc2h0bTkxMzgvcHJvdmlkZXJzL01pY3Jvc29mdC5OZXR3b3JrL3RyYWZmaWNtYW5hZ2VycHJvZmlsZXMvdG0xNjM4L25lc3RlZEVuZHBvaW50cy9uZXN0ZWQtcHJvZmlsZS1lcC0xP2FwaS12ZXJzaW9uPTIwMTgtMDQtMDE=",
      "RequestMethod": "PUT",
      "RequestBody": "{\r\n  \"properties\": {\r\n    \"targetResourceId\": \"/subscriptions/1c638cf4-608f-4ee6-b680-c329e824c3a8/resourceGroups/rgchashtm9138/providers/Microsoft.Network/trafficManagerProfiles/nestedtm1638\",\r\n    \"endpointStatus\": \"Enabled\",\r\n    \"weight\": 1,\r\n    \"priority\": 4,\r\n    \"endpointLocation\": \"centralindia\",\r\n    \"minChildEndpoints\": 1\r\n  },\r\n  \"name\": \"nested-profile-ep-1\",\r\n  \"type\": \"Microsoft.Network/trafficManagerProfiles/nestedEndpoints\"\r\n}",
      "RequestHeaders": {
        "x-ms-client-request-id": [
          "21ab44bf-8822-4179-ae0e-40be1970bd6e"
        ],
        "Accept-Language": [
          "en-US"
        ],
        "User-Agent": [
          "FxVersion/4.6.28008.01",
          "OSName/Windows",
          "OSVersion/Microsoft.Windows.10.0.18363.",
          "Microsoft.Azure.Management.TrafficManager.Fluent.TrafficManagerManagementClient/1.0.0.61",
          "MacAddressHash/f198b50d7e3ef6510679efb9e4c9a1474fd2bf18cf1d6a2182c79b00464dbadd"
        ],
        "Content-Type": [
          "application/json; charset=utf-8"
        ],
        "Content-Length": [
          "447"
        ]
      },
      "ResponseHeaders": {
        "Cache-Control": [
          "private"
        ],
        "X-Content-Type-Options": [
          "nosniff"
        ],
        "Strict-Transport-Security": [
          "max-age=31536000; includeSubDomains"
        ],
        "x-ms-request-id": [
          "21ab44bf-8822-4179-ae0e-40be1970bd6e"
        ],
        "Server": [
          "Microsoft-IIS/10.0"
        ],
        "X-AspNet-Version": [
          "4.0.30319"
        ],
        "X-Powered-By": [
          "ASP.NET"
        ],
        "x-ms-ratelimit-remaining-subscription-writes": [
          "1198"
        ],
        "x-ms-correlation-request-id": [
          "942b7fa7-85ce-4547-bca5-7335c63d2563"
        ],
        "x-ms-routing-request-id": [
          "SOUTHEASTASIA:20191023T185243Z:942b7fa7-85ce-4547-bca5-7335c63d2563"
        ],
        "Date": [
          "Wed, 23 Oct 2019 18:52:43 GMT"
        ],
        "Content-Length": [
          "662"
        ],
        "Content-Type": [
          "application/json; charset=utf-8"
        ]
      },
      "ResponseBody": "{\r\n  \"id\": \"/subscriptions/1c638cf4-608f-4ee6-b680-c329e824c3a8/resourceGroups/rgchashtm9138/providers/Microsoft.Network/trafficManagerProfiles/tm1638/nestedEndpoints/nested-profile-ep-1\",\r\n  \"name\": \"nested-profile-ep-1\",\r\n  \"type\": \"Microsoft.Network/trafficManagerProfiles/nestedEndpoints\",\r\n  \"properties\": {\r\n    \"endpointStatus\": \"Enabled\",\r\n    \"endpointMonitorStatus\": null,\r\n    \"targetResourceId\": \"/subscriptions/1c638cf4-608f-4ee6-b680-c329e824c3a8/resourceGroups/rgchashtm9138/providers/Microsoft.Network/trafficManagerProfiles/nestedtm1638\",\r\n    \"target\": \"nestedtmdns4984.trafficmanager.net\",\r\n    \"weight\": 1,\r\n    \"priority\": 4,\r\n    \"endpointLocation\": \"Central India\",\r\n    \"minChildEndpoints\": 1\r\n  }\r\n}",
      "StatusCode": 201
    },
    {
      "RequestUri": "/subscriptions/1c638cf4-608f-4ee6-b680-c329e824c3a8/resourceGroups/rgchashtm9138/providers/Microsoft.Network/trafficmanagerprofiles/tm1638/nestedEndpoints/nested-profile-ep-1?api-version=2018-04-01",
      "EncodedRequestUri": "L3N1YnNjcmlwdGlvbnMvMWM2MzhjZjQtNjA4Zi00ZWU2LWI2ODAtYzMyOWU4MjRjM2E4L3Jlc291cmNlR3JvdXBzL3JnY2hhc2h0bTkxMzgvcHJvdmlkZXJzL01pY3Jvc29mdC5OZXR3b3JrL3RyYWZmaWNtYW5hZ2VycHJvZmlsZXMvdG0xNjM4L25lc3RlZEVuZHBvaW50cy9uZXN0ZWQtcHJvZmlsZS1lcC0xP2FwaS12ZXJzaW9uPTIwMTgtMDQtMDE=",
      "RequestMethod": "PUT",
      "RequestBody": "{\r\n  \"properties\": {\r\n    \"targetResourceId\": \"/subscriptions/1c638cf4-608f-4ee6-b680-c329e824c3a8/resourceGroups/rgchashtm9138/providers/Microsoft.Network/trafficManagerProfiles/nestedtm1638\",\r\n    \"target\": \"nestedtmdns4984.trafficmanager.net\",\r\n    \"endpointStatus\": \"Disabled\",\r\n    \"weight\": 1,\r\n    \"priority\": 4,\r\n    \"endpointLocation\": \"Central India\",\r\n    \"endpointMonitorStatus\": \"CheckingEndpoint\",\r\n    \"minChildEndpoints\": 1\r\n  },\r\n  \"name\": \"nested-profile-ep-1\",\r\n  \"type\": \"Microsoft.Network/trafficManagerProfiles/nestedEndpoints\"\r\n}",
      "RequestHeaders": {
        "x-ms-client-request-id": [
          "021951b4-d827-49e4-a566-0afbc0d31e13"
        ],
        "Accept-Language": [
          "en-US"
        ],
        "User-Agent": [
          "FxVersion/4.6.28008.01",
          "OSName/Windows",
          "OSVersion/Microsoft.Windows.10.0.18363.",
          "Microsoft.Azure.Management.TrafficManager.Fluent.TrafficManagerManagementClient/1.0.0.61",
          "MacAddressHash/f198b50d7e3ef6510679efb9e4c9a1474fd2bf18cf1d6a2182c79b00464dbadd"
        ],
        "Content-Type": [
          "application/json; charset=utf-8"
        ],
        "Content-Length": [
          "552"
        ]
      },
      "ResponseHeaders": {
        "Cache-Control": [
          "private"
        ],
        "X-Content-Type-Options": [
          "nosniff"
        ],
        "Strict-Transport-Security": [
          "max-age=31536000; includeSubDomains"
        ],
        "x-ms-request-id": [
          "021951b4-d827-49e4-a566-0afbc0d31e13"
        ],
        "Server": [
          "Microsoft-IIS/10.0"
        ],
        "X-AspNet-Version": [
          "4.0.30319"
        ],
        "X-Powered-By": [
          "ASP.NET"
        ],
        "x-ms-ratelimit-remaining-subscription-writes": [
          "1187"
        ],
        "x-ms-correlation-request-id": [
          "accd6477-566c-44b8-b49f-39b363891922"
        ],
        "x-ms-routing-request-id": [
          "SOUTHEASTASIA:20191023T185246Z:accd6477-566c-44b8-b49f-39b363891922"
        ],
        "Date": [
          "Wed, 23 Oct 2019 18:52:46 GMT"
        ],
        "Content-Length": [
          "663"
        ],
        "Content-Type": [
          "application/json; charset=utf-8"
        ]
      },
      "ResponseBody": "{\r\n  \"id\": \"/subscriptions/1c638cf4-608f-4ee6-b680-c329e824c3a8/resourceGroups/rgchashtm9138/providers/Microsoft.Network/trafficManagerProfiles/tm1638/nestedEndpoints/nested-profile-ep-1\",\r\n  \"name\": \"nested-profile-ep-1\",\r\n  \"type\": \"Microsoft.Network/trafficManagerProfiles/nestedEndpoints\",\r\n  \"properties\": {\r\n    \"endpointStatus\": \"Disabled\",\r\n    \"endpointMonitorStatus\": null,\r\n    \"targetResourceId\": \"/subscriptions/1c638cf4-608f-4ee6-b680-c329e824c3a8/resourceGroups/rgchashtm9138/providers/Microsoft.Network/trafficManagerProfiles/nestedtm1638\",\r\n    \"target\": \"nestedtmdns4984.trafficmanager.net\",\r\n    \"weight\": 1,\r\n    \"priority\": 4,\r\n    \"endpointLocation\": \"Central India\",\r\n    \"minChildEndpoints\": 1\r\n  }\r\n}",
      "StatusCode": 201
    },
    {
      "RequestUri": "/subscriptions/1c638cf4-608f-4ee6-b680-c329e824c3a8/resourceGroups/rgchashtm9138/providers/Microsoft.Network/trafficmanagerprofiles/tm1638?api-version=2018-04-01",
      "EncodedRequestUri": "L3N1YnNjcmlwdGlvbnMvMWM2MzhjZjQtNjA4Zi00ZWU2LWI2ODAtYzMyOWU4MjRjM2E4L3Jlc291cmNlR3JvdXBzL3JnY2hhc2h0bTkxMzgvcHJvdmlkZXJzL01pY3Jvc29mdC5OZXR3b3JrL3RyYWZmaWNtYW5hZ2VycHJvZmlsZXMvdG0xNjM4P2FwaS12ZXJzaW9uPTIwMTgtMDQtMDE=",
      "RequestMethod": "GET",
      "RequestBody": "",
      "RequestHeaders": {
        "x-ms-client-request-id": [
          "0f6750ea-8f57-49f7-a936-e30677cfda0e"
        ],
        "Accept-Language": [
          "en-US"
        ],
        "User-Agent": [
          "FxVersion/4.6.28008.01",
          "OSName/Windows",
          "OSVersion/Microsoft.Windows.10.0.18363.",
          "Microsoft.Azure.Management.TrafficManager.Fluent.TrafficManagerManagementClient/1.0.0.61",
          "MacAddressHash/f198b50d7e3ef6510679efb9e4c9a1474fd2bf18cf1d6a2182c79b00464dbadd"
        ]
      },
      "ResponseHeaders": {
        "Cache-Control": [
          "private"
        ],
        "X-Content-Type-Options": [
          "nosniff"
        ],
        "Strict-Transport-Security": [
          "max-age=31536000; includeSubDomains"
        ],
        "x-ms-request-id": [
          "0f6750ea-8f57-49f7-a936-e30677cfda0e"
        ],
        "Server": [
          "Microsoft-IIS/10.0"
        ],
        "X-AspNet-Version": [
          "4.0.30319"
        ],
        "X-Powered-By": [
          "ASP.NET"
        ],
        "x-ms-ratelimit-remaining-subscription-resource-requests": [
          "10799"
        ],
        "x-ms-correlation-request-id": [
          "cd2bfcd6-5160-467e-a87b-9601f2b88cfa"
        ],
        "x-ms-routing-request-id": [
          "SOUTHEASTASIA:20191023T185244Z:cd2bfcd6-5160-467e-a87b-9601f2b88cfa"
        ],
        "Date": [
          "Wed, 23 Oct 2019 18:52:43 GMT"
        ],
        "Content-Length": [
          "2842"
        ],
        "Content-Type": [
          "application/json; charset=utf-8"
        ]
      },
      "ResponseBody": "{\r\n  \"id\": \"/subscriptions/1c638cf4-608f-4ee6-b680-c329e824c3a8/resourceGroups/rgchashtm9138/providers/Microsoft.Network/trafficManagerProfiles/tm1638\",\r\n  \"name\": \"tm1638\",\r\n  \"type\": \"Microsoft.Network/trafficManagerProfiles\",\r\n  \"location\": \"global\",\r\n  \"tags\": {},\r\n  \"properties\": {\r\n    \"profileStatus\": \"Enabled\",\r\n    \"trafficRoutingMethod\": \"Weighted\",\r\n    \"dnsConfig\": {\r\n      \"relativeName\": \"tmdns4984\",\r\n      \"fqdn\": \"tmdns4984.trafficmanager.net\",\r\n      \"ttl\": 300\r\n    },\r\n    \"monitorConfig\": {\r\n      \"profileMonitorStatus\": \"CheckingEndpoints\",\r\n      \"protocol\": \"HTTP\",\r\n      \"port\": 80,\r\n      \"path\": \"/\",\r\n      \"intervalInSeconds\": 30,\r\n      \"toleratedNumberOfFailures\": 3,\r\n      \"timeoutInSeconds\": 10\r\n    },\r\n    \"endpoints\": [\r\n      {\r\n        \"id\": \"/subscriptions/1c638cf4-608f-4ee6-b680-c329e824c3a8/resourceGroups/rgchashtm9138/providers/Microsoft.Network/trafficManagerProfiles/tm1638/externalEndpoints/external-ep-1\",\r\n        \"name\": \"external-ep-1\",\r\n        \"type\": \"Microsoft.Network/trafficManagerProfiles/externalEndpoints\",\r\n        \"properties\": {\r\n          \"endpointStatus\": \"Enabled\",\r\n          \"endpointMonitorStatus\": \"CheckingEndpoint\",\r\n          \"target\": \"www.azure.microsoft.com\",\r\n          \"weight\": 1,\r\n          \"priority\": 1,\r\n          \"endpointLocation\": \"East US\"\r\n        }\r\n      },\r\n      {\r\n        \"id\": \"/subscriptions/1c638cf4-608f-4ee6-b680-c329e824c3a8/resourceGroups/rgchashtm9138/providers/Microsoft.Network/trafficManagerProfiles/tm1638/externalEndpoints/external-ep-2\",\r\n        \"name\": \"external-ep-2\",\r\n        \"type\": \"Microsoft.Network/trafficManagerProfiles/externalEndpoints\",\r\n        \"properties\": {\r\n          \"endpointStatus\": \"Disabled\",\r\n          \"endpointMonitorStatus\": \"Disabled\",\r\n          \"target\": \"www.bing.com\",\r\n          \"weight\": 1,\r\n          \"priority\": 2,\r\n          \"endpointLocation\": \"East US 2\"\r\n        }\r\n      },\r\n      {\r\n        \"id\": \"/subscriptions/1c638cf4-608f-4ee6-b680-c329e824c3a8/resourceGroups/rgchashtm9138/providers/Microsoft.Network/trafficManagerProfiles/tm1638/azureEndpoints/azure-ep-1\",\r\n        \"name\": \"azure-ep-1\",\r\n        \"type\": \"Microsoft.Network/trafficManagerProfiles/azureEndpoints\",\r\n        \"properties\": {\r\n          \"endpointStatus\": \"Enabled\",\r\n          \"endpointMonitorStatus\": \"CheckingEndpoint\",\r\n          \"targetResourceId\": \"/subscriptions/1c638cf4-608f-4ee6-b680-c329e824c3a8/resourceGroups/rgchashtm9138/providers/Microsoft.Network/publicIPAddresses/pip3149\",\r\n          \"target\": \"contoso8807.eastus.cloudapp.azure.com\",\r\n          \"weight\": 1,\r\n          \"priority\": 3,\r\n          \"endpointLocation\": \"East US\"\r\n        }\r\n      },\r\n      {\r\n        \"id\": \"/subscriptions/1c638cf4-608f-4ee6-b680-c329e824c3a8/resourceGroups/rgchashtm9138/providers/Microsoft.Network/trafficManagerProfiles/tm1638/nestedEndpoints/nested-profile-ep-1\",\r\n        \"name\": \"nested-profile-ep-1\",\r\n        \"type\": \"Microsoft.Network/trafficManagerProfiles/nestedEndpoints\",\r\n        \"properties\": {\r\n          \"endpointStatus\": \"Enabled\",\r\n          \"endpointMonitorStatus\": \"CheckingEndpoint\",\r\n          \"targetResourceId\": \"/subscriptions/1c638cf4-608f-4ee6-b680-c329e824c3a8/resourceGroups/rgchashtm9138/providers/Microsoft.Network/trafficManagerProfiles/nestedtm1638\",\r\n          \"target\": \"nestedtmdns4984.trafficmanager.net\",\r\n          \"weight\": 1,\r\n          \"priority\": 4,\r\n          \"endpointLocation\": \"Central India\",\r\n          \"minChildEndpoints\": 1\r\n        }\r\n      }\r\n    ],\r\n    \"trafficViewEnrollmentStatus\": \"Disabled\"\r\n  }\r\n}",
      "StatusCode": 200
    },
    {
      "RequestUri": "/subscriptions/1c638cf4-608f-4ee6-b680-c329e824c3a8/resourceGroups/rgchashtm9138/providers/Microsoft.Network/trafficmanagerprofiles/tm1638/externalEndpoints/external-ep-1?api-version=2018-04-01",
      "EncodedRequestUri": "L3N1YnNjcmlwdGlvbnMvMWM2MzhjZjQtNjA4Zi00ZWU2LWI2ODAtYzMyOWU4MjRjM2E4L3Jlc291cmNlR3JvdXBzL3JnY2hhc2h0bTkxMzgvcHJvdmlkZXJzL01pY3Jvc29mdC5OZXR3b3JrL3RyYWZmaWNtYW5hZ2VycHJvZmlsZXMvdG0xNjM4L2V4dGVybmFsRW5kcG9pbnRzL2V4dGVybmFsLWVwLTE/YXBpLXZlcnNpb249MjAxOC0wNC0wMQ==",
      "RequestMethod": "DELETE",
      "RequestBody": "",
      "RequestHeaders": {
        "x-ms-client-request-id": [
          "a054fa84-7a3c-4250-8feb-082b83161fa8"
        ],
        "Accept-Language": [
          "en-US"
        ],
        "User-Agent": [
          "FxVersion/4.6.28008.01",
          "OSName/Windows",
          "OSVersion/Microsoft.Windows.10.0.18363.",
          "Microsoft.Azure.Management.TrafficManager.Fluent.TrafficManagerManagementClient/1.0.0.61",
          "MacAddressHash/f198b50d7e3ef6510679efb9e4c9a1474fd2bf18cf1d6a2182c79b00464dbadd"
        ]
      },
      "ResponseHeaders": {
        "Cache-Control": [
          "private"
        ],
        "X-Content-Type-Options": [
          "nosniff"
        ],
        "Strict-Transport-Security": [
          "max-age=31536000; includeSubDomains"
        ],
        "x-ms-request-id": [
          "a054fa84-7a3c-4250-8feb-082b83161fa8"
        ],
        "Server": [
          "Microsoft-IIS/10.0"
        ],
        "X-AspNet-Version": [
          "4.0.30319"
        ],
        "X-Powered-By": [
          "ASP.NET"
        ],
        "x-ms-ratelimit-remaining-subscription-deletes": [
          "14998"
        ],
        "x-ms-correlation-request-id": [
          "d0bfed90-d5cb-458e-a282-3f560ff48f60"
        ],
        "x-ms-routing-request-id": [
          "SOUTHEASTASIA:20191023T185244Z:d0bfed90-d5cb-458e-a282-3f560ff48f60"
        ],
        "Date": [
          "Wed, 23 Oct 2019 18:52:44 GMT"
        ],
        "Content-Length": [
          "0"
        ]
      },
      "ResponseBody": "",
      "StatusCode": 200
    },
    {
      "RequestUri": "/subscriptions/1c638cf4-608f-4ee6-b680-c329e824c3a8/resourceGroups/rgchashtm9138/providers/Microsoft.Network/trafficmanagerprofiles/tm1638/externalEndpoints/external-ep-3?api-version=2018-04-01",
      "EncodedRequestUri": "L3N1YnNjcmlwdGlvbnMvMWM2MzhjZjQtNjA4Zi00ZWU2LWI2ODAtYzMyOWU4MjRjM2E4L3Jlc291cmNlR3JvdXBzL3JnY2hhc2h0bTkxMzgvcHJvdmlkZXJzL01pY3Jvc29mdC5OZXR3b3JrL3RyYWZmaWNtYW5hZ2VycHJvZmlsZXMvdG0xNjM4L2V4dGVybmFsRW5kcG9pbnRzL2V4dGVybmFsLWVwLTM/YXBpLXZlcnNpb249MjAxOC0wNC0wMQ==",
      "RequestMethod": "PUT",
      "RequestBody": "{\r\n  \"properties\": {\r\n    \"target\": \"www.github.com\",\r\n    \"endpointStatus\": \"Enabled\",\r\n    \"weight\": 1,\r\n    \"priority\": 6,\r\n    \"endpointLocation\": \"centralus\"\r\n  },\r\n  \"name\": \"external-ep-3\",\r\n  \"type\": \"Microsoft.Network/trafficManagerProfiles/externalEndpoints\"\r\n}",
      "RequestHeaders": {
        "x-ms-client-request-id": [
          "32172b7a-0e85-4821-8f70-17f02e38c71f"
        ],
        "Accept-Language": [
          "en-US"
        ],
        "User-Agent": [
          "FxVersion/4.6.28008.01",
          "OSName/Windows",
          "OSVersion/Microsoft.Windows.10.0.18363.",
          "Microsoft.Azure.Management.TrafficManager.Fluent.TrafficManagerManagementClient/1.0.0.61",
          "MacAddressHash/f198b50d7e3ef6510679efb9e4c9a1474fd2bf18cf1d6a2182c79b00464dbadd"
        ],
        "Content-Type": [
          "application/json; charset=utf-8"
        ],
        "Content-Length": [
          "271"
        ]
      },
      "ResponseHeaders": {
        "Cache-Control": [
          "private"
        ],
        "X-Content-Type-Options": [
          "nosniff"
        ],
        "Strict-Transport-Security": [
          "max-age=31536000; includeSubDomains"
        ],
        "x-ms-request-id": [
          "32172b7a-0e85-4821-8f70-17f02e38c71f"
        ],
        "Server": [
          "Microsoft-IIS/10.0"
        ],
        "X-AspNet-Version": [
          "4.0.30319"
        ],
        "X-Powered-By": [
          "ASP.NET"
        ],
        "x-ms-ratelimit-remaining-subscription-writes": [
          "1196"
        ],
        "x-ms-correlation-request-id": [
          "dfc061dc-7ce6-45b7-bfc9-a58f0fddb45b"
        ],
        "x-ms-routing-request-id": [
          "SOUTHEASTASIA:20191023T185245Z:dfc061dc-7ce6-45b7-bfc9-a58f0fddb45b"
        ],
        "Date": [
          "Wed, 23 Oct 2019 18:52:45 GMT"
        ],
        "Content-Length": [
          "449"
        ],
        "Content-Type": [
          "application/json; charset=utf-8"
        ]
      },
      "ResponseBody": "{\r\n  \"id\": \"/subscriptions/1c638cf4-608f-4ee6-b680-c329e824c3a8/resourceGroups/rgchashtm9138/providers/Microsoft.Network/trafficManagerProfiles/tm1638/externalEndpoints/external-ep-3\",\r\n  \"name\": \"external-ep-3\",\r\n  \"type\": \"Microsoft.Network/trafficManagerProfiles/externalEndpoints\",\r\n  \"properties\": {\r\n    \"endpointStatus\": \"Enabled\",\r\n    \"endpointMonitorStatus\": \"CheckingEndpoint\",\r\n    \"target\": \"www.github.com\",\r\n    \"weight\": 1,\r\n    \"priority\": 6,\r\n    \"endpointLocation\": \"Central US\"\r\n  }\r\n}",
      "StatusCode": 201
    },
    {
      "RequestUri": "/subscriptions/1c638cf4-608f-4ee6-b680-c329e824c3a8/resourcegroups/rgchashtm9138?api-version=2019-08-01",
      "EncodedRequestUri": "L3N1YnNjcmlwdGlvbnMvMWM2MzhjZjQtNjA4Zi00ZWU2LWI2ODAtYzMyOWU4MjRjM2E4L3Jlc291cmNlZ3JvdXBzL3JnY2hhc2h0bTkxMzg/YXBpLXZlcnNpb249MjAxOS0wOC0wMQ==",
      "RequestMethod": "DELETE",
      "RequestBody": "",
      "RequestHeaders": {
        "x-ms-client-request-id": [
          "ac59c3fb-3daa-4a3f-8727-d7c76ee91042"
        ],
        "Accept-Language": [
          "en-US"
        ],
        "User-Agent": [
          "FxVersion/4.6.28008.01",
          "OSName/Windows",
          "OSVersion/Microsoft.Windows.10.0.18363.",
          "Microsoft.Azure.Management.ResourceManager.Fluent.ResourceManagementClient/1.0.0.61",
          "MacAddressHash/f198b50d7e3ef6510679efb9e4c9a1474fd2bf18cf1d6a2182c79b00464dbadd"
        ]
      },
      "ResponseHeaders": {
        "Cache-Control": [
          "no-cache"
        ],
        "Pragma": [
          "no-cache"
        ],
        "Location": [
          "https://management.azure.com/subscriptions/1c638cf4-608f-4ee6-b680-c329e824c3a8/operationresults/eyJqb2JJZCI6IlJFU09VUkNFR1JPVVBERUxFVElPTkpPQi1SR0NIQVNIVE05MTM4LUVBU1RVUyIsImpvYkxvY2F0aW9uIjoiZWFzdHVzIn0?api-version=2019-08-01"
        ],
        "Retry-After": [
          "15"
        ],
        "x-ms-ratelimit-remaining-subscription-deletes": [
          "14997"
        ],
        "x-ms-request-id": [
          "968b3c52-b0a7-4864-bad1-a45c0c704a72"
        ],
        "x-ms-correlation-request-id": [
          "968b3c52-b0a7-4864-bad1-a45c0c704a72"
        ],
        "x-ms-routing-request-id": [
          "SOUTHEASTASIA:20191023T185250Z:968b3c52-b0a7-4864-bad1-a45c0c704a72"
        ],
        "Strict-Transport-Security": [
          "max-age=31536000; includeSubDomains"
        ],
        "X-Content-Type-Options": [
          "nosniff"
        ],
        "Date": [
          "Wed, 23 Oct 2019 18:52:49 GMT"
        ],
        "Expires": [
          "-1"
        ],
        "Content-Length": [
          "0"
        ]
      },
      "ResponseBody": "",
      "StatusCode": 202
    }
  ],
  "Names": {
    "CanCreateUpdateTrafficManagerProfile": [
      "rgchashtm9138",
      "pip3149",
      "contoso8807",
      "tm1638",
      "tmdns4984"
    ]
  },
  "Variables": {
    "ServicePrincipal": "af519bfa-99e8-4193-b65b-e6cd2f8bde7f",
    "AADTenant": "72f988bf-86f1-41af-91ab-2d7cd011db47",
    "SubscriptionId": "1c638cf4-608f-4ee6-b680-c329e824c3a8"
  }
}