{
  "Entries": [
    {
      "RequestUri": "/subscriptions/ec0aa5f7-9e78-40c9-85cd-535c6305b380/resourcegroups/rgnemv9c882341a8422?api-version=2021-01-01",
      "EncodedRequestUri": "L3N1YnNjcmlwdGlvbnMvZWMwYWE1ZjctOWU3OC00MGM5LTg1Y2QtNTM1YzYzMDViMzgwL3Jlc291cmNlZ3JvdXBzL3JnbmVtdjljODgyMzQxYTg0MjI/YXBpLXZlcnNpb249MjAyMS0wMS0wMQ==",
      "RequestMethod": "PUT",
      "RequestBody": "{\r\n  \"location\": \"westus\"\r\n}",
      "RequestHeaders": {
        "x-ms-client-request-id": [
          "9023465a-e699-4985-a6a3-e8575f75ad03"
        ],
        "Accept-Language": [
          "en-US"
        ],
        "User-Agent": [
          "FxVersion/4.6.28325.01",
          "OSName/Windows",
          "OSVersion/Microsoft.Windows.10.0.17763.",
          "Microsoft.Azure.Management.ResourceManager.Fluent.ResourceManagementClient/1.0.0.64",
          "MacAddressHash/b3a7da489b162813d4ec18a0dd31725e1e60cc711ab71fb06adb74396c432148"
        ],
        "Content-Type": [
          "application/json; charset=utf-8"
        ],
        "Content-Length": [
          "28"
        ]
      },
      "ResponseHeaders": {
        "Cache-Control": [
          "no-cache"
        ],
        "Pragma": [
          "no-cache"
        ],
        "x-ms-ratelimit-remaining-subscription-writes": [
          "1199"
        ],
        "x-ms-request-id": [
          "f58c3065-bb7b-4bea-8ba4-8986677c66ea"
        ],
        "x-ms-correlation-request-id": [
          "f58c3065-bb7b-4bea-8ba4-8986677c66ea"
        ],
        "x-ms-routing-request-id": [
          "SOUTHEASTASIA:20200304T110248Z:f58c3065-bb7b-4bea-8ba4-8986677c66ea"
        ],
        "Strict-Transport-Security": [
          "max-age=31536000; includeSubDomains"
        ],
        "X-Content-Type-Options": [
          "nosniff"
        ],
        "Date": [
          "Wed, 04 Mar 2020 11:02:48 GMT"
        ],
        "Content-Length": [
          "235"
        ],
        "Content-Type": [
          "application/json; charset=utf-8"
        ],
        "Expires": [
          "-1"
        ]
      },
      "ResponseBody": "{\r\n  \"id\": \"/subscriptions/ec0aa5f7-9e78-40c9-85cd-535c6305b380/resourceGroups/rgnemv9c882341a8422\",\r\n  \"name\": \"rgnemv9c882341a8422\",\r\n  \"type\": \"Microsoft.Resources/resourceGroups\",\r\n  \"location\": \"westus\",\r\n  \"properties\": {\r\n    \"provisioningState\": \"Succeeded\"\r\n  }\r\n}",
      "StatusCode": 201
    },
    {
      "RequestUri": "/subscriptions/ec0aa5f7-9e78-40c9-85cd-535c6305b380/resourceGroups/rgnemv9c882341a8422/providers/Microsoft.DocumentDB/databaseAccounts/docdb42743?api-version=2019-12-12",
      "EncodedRequestUri": "L3N1YnNjcmlwdGlvbnMvZWMwYWE1ZjctOWU3OC00MGM5LTg1Y2QtNTM1YzYzMDViMzgwL3Jlc291cmNlR3JvdXBzL3JnbmVtdjljODgyMzQxYTg0MjIvcHJvdmlkZXJzL01pY3Jvc29mdC5Eb2N1bWVudERCL2RhdGFiYXNlQWNjb3VudHMvZG9jZGI0Mjc0Mz9hcGktdmVyc2lvbj0yMDE5LTEyLTEy",
      "RequestMethod": "PUT",
      "RequestBody": "{\r\n  \"kind\": \"GlobalDocumentDB\",\r\n  \"properties\": {\r\n    \"consistencyPolicy\": {\r\n      \"defaultConsistencyLevel\": \"Eventual\"\r\n    },\r\n    \"locations\": [\r\n      {\r\n        \"locationName\": \"eastus\",\r\n        \"failoverPriority\": 0\r\n      },\r\n      {\r\n        \"locationName\": \"centralus\",\r\n        \"failoverPriority\": 1\r\n      }\r\n    ],\r\n    \"capabilities\": [],\r\n    \"databaseAccountOfferType\": \"Standard\"\r\n  },\r\n  \"location\": \"westus\",\r\n  \"tags\": {}\r\n}",
      "RequestHeaders": {
        "x-ms-client-request-id": [
          "2292c909-076e-490c-a2b1-a73e1a3534c2"
        ],
        "Accept-Language": [
          "en-US"
        ],
        "User-Agent": [
          "FxVersion/4.6.28325.01",
          "OSName/Windows",
          "OSVersion/Microsoft.Windows.10.0.17763.",
          "Microsoft.Azure.Management.CosmosDB.Fluent.CosmosDBManagementClient/1.0.0.64",
          "MacAddressHash/b3a7da489b162813d4ec18a0dd31725e1e60cc711ab71fb06adb74396c432148"
        ],
        "Content-Type": [
          "application/json; charset=utf-8"
        ],
        "Content-Length": [
          "449"
        ]
      },
      "ResponseHeaders": {
        "Cache-Control": [
          "no-store, no-cache"
        ],
        "Pragma": [
          "no-cache"
        ],
        "Location": [
          "https://management.azure.com/subscriptions/ec0aa5f7-9e78-40c9-85cd-535c6305b380/resourceGroups/rgnemv9c882341a8422/providers/Microsoft.DocumentDB/databaseAccounts/docdb42743/operationResults/5e7d0098-2b8f-4391-bf47-e1b41dd649c8?api-version=2019-12-12"
        ],
        "x-ms-request-id": [
          "5e7d0098-2b8f-4391-bf47-e1b41dd649c8"
        ],
        "Azure-AsyncOperation": [
          "https://management.azure.com/subscriptions/ec0aa5f7-9e78-40c9-85cd-535c6305b380/providers/Microsoft.DocumentDB/locations/westus/operationsStatus/5e7d0098-2b8f-4391-bf47-e1b41dd649c8?api-version=2019-12-12"
        ],
        "Strict-Transport-Security": [
          "max-age=31536000; includeSubDomains"
        ],
        "x-ms-gatewayversion": [
          "version=2.9.2"
        ],
        "Server": [
          "Microsoft-HTTPAPI/2.0"
        ],
        "x-ms-ratelimit-remaining-subscription-writes": [
          "1198"
        ],
        "x-ms-correlation-request-id": [
          "d17673d1-143e-49e4-9173-268788793790"
        ],
        "x-ms-routing-request-id": [
          "SOUTHEASTASIA:20200304T110258Z:d17673d1-143e-49e4-9173-268788793790"
        ],
        "X-Content-Type-Options": [
          "nosniff"
        ],
        "Date": [
          "Wed, 04 Mar 2020 11:02:57 GMT"
        ],
        "Content-Length": [
          "1377"
        ],
        "Content-Type": [
          "application/json"
        ],
        "Content-Location": [
          "https://management.documents.azure.com:450/subscriptions/ec0aa5f7-9e78-40c9-85cd-535c6305b380/resourceGroups/rgnemv9c882341a8422/providers/Microsoft.DocumentDB/databaseAccounts/docdb42743?api-version=2019-12-12"
        ]
      },
      "ResponseBody": "{\r\n  \"id\": \"/subscriptions/ec0aa5f7-9e78-40c9-85cd-535c6305b380/resourceGroups/rgnemv9c882341a8422/providers/Microsoft.DocumentDB/databaseAccounts/docdb42743\",\r\n  \"name\": \"docdb42743\",\r\n  \"location\": \"West US\",\r\n  \"type\": \"Microsoft.DocumentDB/databaseAccounts\",\r\n  \"kind\": \"GlobalDocumentDB\",\r\n  \"tags\": {},\r\n  \"properties\": {\r\n    \"provisioningState\": \"Initializing\",\r\n    \"ipRangeFilter\": \"\",\r\n    \"enableAutomaticFailover\": false,\r\n    \"enableMultipleWriteLocations\": false,\r\n    \"enablePartitionKeyMonitor\": false,\r\n    \"isVirtualNetworkFilterEnabled\": false,\r\n    \"virtualNetworkRules\": [],\r\n    \"EnabledApiTypes\": \"Sql\",\r\n    \"disableKeyBasedMetadataWriteAccess\": false,\r\n    \"databaseAccountOfferType\": \"Standard\",\r\n    \"enableCassandraConnector\": false,\r\n    \"connectorOffer\": \"\",\r\n    \"consistencyPolicy\": {\r\n      \"defaultConsistencyLevel\": \"Eventual\",\r\n      \"maxIntervalInSeconds\": 5,\r\n      \"maxStalenessPrefix\": 100\r\n    },\r\n    \"configurationOverrides\": {},\r\n    \"writeLocations\": [\r\n      {\r\n        \"id\": \"docdb42743-eastus\",\r\n        \"locationName\": \"East US\",\r\n        \"provisioningState\": \"Initializing\",\r\n        \"failoverPriority\": 0,\r\n        \"isZoneRedundant\": false\r\n      }\r\n    ],\r\n    \"readLocations\": [\r\n      {\r\n        \"id\": \"docdb42743-eastus\",\r\n        \"locationName\": \"East US\",\r\n        \"provisioningState\": \"Initializing\",\r\n        \"failoverPriority\": 0,\r\n        \"isZoneRedundant\": false\r\n      }\r\n    ],\r\n    \"locations\": [\r\n      {\r\n        \"id\": \"docdb42743-eastus\",\r\n        \"locationName\": \"East US\",\r\n        \"provisioningState\": \"Initializing\",\r\n        \"failoverPriority\": 0,\r\n        \"isZoneRedundant\": false\r\n      }\r\n    ],\r\n    \"failoverPolicies\": [\r\n      {\r\n        \"id\": \"docdb42743-eastus\",\r\n        \"locationName\": \"East US\",\r\n        \"failoverPriority\": 0\r\n      }\r\n    ],\r\n    \"cors\": [],\r\n    \"capabilities\": []\r\n  }\r\n}",
      "StatusCode": 200
    },
    {
      "RequestUri": "/subscriptions/ec0aa5f7-9e78-40c9-85cd-535c6305b380/providers/Microsoft.DocumentDB/locations/westus/operationsStatus/5e7d0098-2b8f-4391-bf47-e1b41dd649c8?api-version=2019-12-12",
      "EncodedRequestUri": "L3N1YnNjcmlwdGlvbnMvZWMwYWE1ZjctOWU3OC00MGM5LTg1Y2QtNTM1YzYzMDViMzgwL3Byb3ZpZGVycy9NaWNyb3NvZnQuRG9jdW1lbnREQi9sb2NhdGlvbnMvd2VzdHVzL29wZXJhdGlvbnNTdGF0dXMvNWU3ZDAwOTgtMmI4Zi00MzkxLWJmNDctZTFiNDFkZDY0OWM4P2FwaS12ZXJzaW9uPTIwMTktMTItMTI=",
      "RequestMethod": "GET",
      "RequestBody": "",
      "RequestHeaders": {
        "User-Agent": [
          "FxVersion/4.6.28325.01",
          "OSName/Windows",
          "OSVersion/Microsoft.Windows.10.0.17763.",
          "Microsoft.Azure.Management.CosmosDB.Fluent.CosmosDBManagementClient/1.0.0.64",
          "MacAddressHash/b3a7da489b162813d4ec18a0dd31725e1e60cc711ab71fb06adb74396c432148"
        ]
      },
      "ResponseHeaders": {
        "Cache-Control": [
          "no-store, no-cache"
        ],
        "Pragma": [
          "no-cache"
        ],
        "Strict-Transport-Security": [
          "max-age=31536000; includeSubDomains"
        ],
        "x-ms-gatewayversion": [
          "version=2.9.2"
        ],
        "Server": [
          "Microsoft-HTTPAPI/2.0"
        ],
        "x-ms-ratelimit-remaining-subscription-reads": [
          "11999"
        ],
        "x-ms-request-id": [
          "f9f91acb-9cd9-4151-89d0-a48f89a4e942"
        ],
        "x-ms-correlation-request-id": [
          "f9f91acb-9cd9-4151-89d0-a48f89a4e942"
        ],
        "x-ms-routing-request-id": [
          "SOUTHEASTASIA:20200304T110328Z:f9f91acb-9cd9-4151-89d0-a48f89a4e942"
        ],
        "X-Content-Type-Options": [
          "nosniff"
        ],
        "Date": [
          "Wed, 04 Mar 2020 11:03:27 GMT"
        ],
        "Content-Length": [
          "21"
        ],
        "Content-Type": [
          "application/json"
        ],
        "Content-Location": [
          "https://management.documents.azure.com:450/subscriptions/ec0aa5f7-9e78-40c9-85cd-535c6305b380/providers/Microsoft.DocumentDB/locations/westus/operationsStatus/5e7d0098-2b8f-4391-bf47-e1b41dd649c8?api-version=2019-12-12"
        ]
      },
      "ResponseBody": "{\r\n  \"status\": \"Dequeued\"\r\n}",
      "StatusCode": 200
    },
    {
      "RequestUri": "/subscriptions/ec0aa5f7-9e78-40c9-85cd-535c6305b380/providers/Microsoft.DocumentDB/locations/westus/operationsStatus/5e7d0098-2b8f-4391-bf47-e1b41dd649c8?api-version=2019-12-12",
      "EncodedRequestUri": "L3N1YnNjcmlwdGlvbnMvZWMwYWE1ZjctOWU3OC00MGM5LTg1Y2QtNTM1YzYzMDViMzgwL3Byb3ZpZGVycy9NaWNyb3NvZnQuRG9jdW1lbnREQi9sb2NhdGlvbnMvd2VzdHVzL29wZXJhdGlvbnNTdGF0dXMvNWU3ZDAwOTgtMmI4Zi00MzkxLWJmNDctZTFiNDFkZDY0OWM4P2FwaS12ZXJzaW9uPTIwMTktMTItMTI=",
      "RequestMethod": "GET",
      "RequestBody": "",
      "RequestHeaders": {
        "User-Agent": [
          "FxVersion/4.6.28325.01",
          "OSName/Windows",
          "OSVersion/Microsoft.Windows.10.0.17763.",
          "Microsoft.Azure.Management.CosmosDB.Fluent.CosmosDBManagementClient/1.0.0.64",
          "MacAddressHash/b3a7da489b162813d4ec18a0dd31725e1e60cc711ab71fb06adb74396c432148"
        ]
      },
      "ResponseHeaders": {
        "Cache-Control": [
          "no-store, no-cache"
        ],
        "Pragma": [
          "no-cache"
        ],
        "Strict-Transport-Security": [
          "max-age=31536000; includeSubDomains"
        ],
        "x-ms-gatewayversion": [
          "version=2.9.2"
        ],
        "Server": [
          "Microsoft-HTTPAPI/2.0"
        ],
        "x-ms-ratelimit-remaining-subscription-reads": [
          "11998"
        ],
        "x-ms-request-id": [
          "af0e3094-7413-4de1-94b5-cea334496282"
        ],
        "x-ms-correlation-request-id": [
          "af0e3094-7413-4de1-94b5-cea334496282"
        ],
        "x-ms-routing-request-id": [
          "SOUTHEASTASIA:20200304T110358Z:af0e3094-7413-4de1-94b5-cea334496282"
        ],
        "X-Content-Type-Options": [
          "nosniff"
        ],
        "Date": [
          "Wed, 04 Mar 2020 11:03:58 GMT"
        ],
        "Content-Length": [
          "21"
        ],
        "Content-Type": [
          "application/json"
        ],
        "Content-Location": [
          "https://management.documents.azure.com:450/subscriptions/ec0aa5f7-9e78-40c9-85cd-535c6305b380/providers/Microsoft.DocumentDB/locations/westus/operationsStatus/5e7d0098-2b8f-4391-bf47-e1b41dd649c8?api-version=2019-12-12"
        ]
      },
      "ResponseBody": "{\r\n  \"status\": \"Dequeued\"\r\n}",
      "StatusCode": 200
    },
    {
      "RequestUri": "/subscriptions/ec0aa5f7-9e78-40c9-85cd-535c6305b380/providers/Microsoft.DocumentDB/locations/westus/operationsStatus/5e7d0098-2b8f-4391-bf47-e1b41dd649c8?api-version=2019-12-12",
      "EncodedRequestUri": "L3N1YnNjcmlwdGlvbnMvZWMwYWE1ZjctOWU3OC00MGM5LTg1Y2QtNTM1YzYzMDViMzgwL3Byb3ZpZGVycy9NaWNyb3NvZnQuRG9jdW1lbnREQi9sb2NhdGlvbnMvd2VzdHVzL29wZXJhdGlvbnNTdGF0dXMvNWU3ZDAwOTgtMmI4Zi00MzkxLWJmNDctZTFiNDFkZDY0OWM4P2FwaS12ZXJzaW9uPTIwMTktMTItMTI=",
      "RequestMethod": "GET",
      "RequestBody": "",
      "RequestHeaders": {
        "User-Agent": [
          "FxVersion/4.6.28325.01",
          "OSName/Windows",
          "OSVersion/Microsoft.Windows.10.0.17763.",
          "Microsoft.Azure.Management.CosmosDB.Fluent.CosmosDBManagementClient/1.0.0.64",
          "MacAddressHash/b3a7da489b162813d4ec18a0dd31725e1e60cc711ab71fb06adb74396c432148"
        ]
      },
      "ResponseHeaders": {
        "Cache-Control": [
          "no-store, no-cache"
        ],
        "Pragma": [
          "no-cache"
        ],
        "Strict-Transport-Security": [
          "max-age=31536000; includeSubDomains"
        ],
        "x-ms-gatewayversion": [
          "version=2.9.2"
        ],
        "Server": [
          "Microsoft-HTTPAPI/2.0"
        ],
        "x-ms-ratelimit-remaining-subscription-reads": [
          "11997"
        ],
        "x-ms-request-id": [
          "11e8bc61-f8d3-4011-9a6d-3c1b373e7426"
        ],
        "x-ms-correlation-request-id": [
          "11e8bc61-f8d3-4011-9a6d-3c1b373e7426"
        ],
        "x-ms-routing-request-id": [
          "SOUTHEASTASIA:20200304T110428Z:11e8bc61-f8d3-4011-9a6d-3c1b373e7426"
        ],
        "X-Content-Type-Options": [
          "nosniff"
        ],
        "Date": [
          "Wed, 04 Mar 2020 11:04:28 GMT"
        ],
        "Content-Length": [
          "21"
        ],
        "Content-Type": [
          "application/json"
        ],
        "Content-Location": [
          "https://management.documents.azure.com:450/subscriptions/ec0aa5f7-9e78-40c9-85cd-535c6305b380/providers/Microsoft.DocumentDB/locations/westus/operationsStatus/5e7d0098-2b8f-4391-bf47-e1b41dd649c8?api-version=2019-12-12"
        ]
      },
      "ResponseBody": "{\r\n  \"status\": \"Dequeued\"\r\n}",
      "StatusCode": 200
    },
    {
      "RequestUri": "/subscriptions/ec0aa5f7-9e78-40c9-85cd-535c6305b380/providers/Microsoft.DocumentDB/locations/westus/operationsStatus/5e7d0098-2b8f-4391-bf47-e1b41dd649c8?api-version=2019-12-12",
      "EncodedRequestUri": "L3N1YnNjcmlwdGlvbnMvZWMwYWE1ZjctOWU3OC00MGM5LTg1Y2QtNTM1YzYzMDViMzgwL3Byb3ZpZGVycy9NaWNyb3NvZnQuRG9jdW1lbnREQi9sb2NhdGlvbnMvd2VzdHVzL29wZXJhdGlvbnNTdGF0dXMvNWU3ZDAwOTgtMmI4Zi00MzkxLWJmNDctZTFiNDFkZDY0OWM4P2FwaS12ZXJzaW9uPTIwMTktMTItMTI=",
      "RequestMethod": "GET",
      "RequestBody": "",
      "RequestHeaders": {
        "User-Agent": [
          "FxVersion/4.6.28325.01",
          "OSName/Windows",
          "OSVersion/Microsoft.Windows.10.0.17763.",
          "Microsoft.Azure.Management.CosmosDB.Fluent.CosmosDBManagementClient/1.0.0.64",
          "MacAddressHash/b3a7da489b162813d4ec18a0dd31725e1e60cc711ab71fb06adb74396c432148"
        ]
      },
      "ResponseHeaders": {
        "Cache-Control": [
          "no-store, no-cache"
        ],
        "Pragma": [
          "no-cache"
        ],
        "Strict-Transport-Security": [
          "max-age=31536000; includeSubDomains"
        ],
        "x-ms-gatewayversion": [
          "version=2.9.2"
        ],
        "Server": [
          "Microsoft-HTTPAPI/2.0"
        ],
        "x-ms-ratelimit-remaining-subscription-reads": [
          "11996"
        ],
        "x-ms-request-id": [
          "c50879c1-e05f-4487-a503-953e90ff6ced"
        ],
        "x-ms-correlation-request-id": [
          "c50879c1-e05f-4487-a503-953e90ff6ced"
        ],
        "x-ms-routing-request-id": [
          "SOUTHEASTASIA:20200304T110459Z:c50879c1-e05f-4487-a503-953e90ff6ced"
        ],
        "X-Content-Type-Options": [
          "nosniff"
        ],
        "Date": [
          "Wed, 04 Mar 2020 11:04:58 GMT"
        ],
        "Content-Length": [
          "21"
        ],
        "Content-Type": [
          "application/json"
        ],
        "Content-Location": [
          "https://management.documents.azure.com:450/subscriptions/ec0aa5f7-9e78-40c9-85cd-535c6305b380/providers/Microsoft.DocumentDB/locations/westus/operationsStatus/5e7d0098-2b8f-4391-bf47-e1b41dd649c8?api-version=2019-12-12"
        ]
      },
      "ResponseBody": "{\r\n  \"status\": \"Dequeued\"\r\n}",
      "StatusCode": 200
    },
    {
      "RequestUri": "/subscriptions/ec0aa5f7-9e78-40c9-85cd-535c6305b380/providers/Microsoft.DocumentDB/locations/westus/operationsStatus/5e7d0098-2b8f-4391-bf47-e1b41dd649c8?api-version=2019-12-12",
      "EncodedRequestUri": "L3N1YnNjcmlwdGlvbnMvZWMwYWE1ZjctOWU3OC00MGM5LTg1Y2QtNTM1YzYzMDViMzgwL3Byb3ZpZGVycy9NaWNyb3NvZnQuRG9jdW1lbnREQi9sb2NhdGlvbnMvd2VzdHVzL29wZXJhdGlvbnNTdGF0dXMvNWU3ZDAwOTgtMmI4Zi00MzkxLWJmNDctZTFiNDFkZDY0OWM4P2FwaS12ZXJzaW9uPTIwMTktMTItMTI=",
      "RequestMethod": "GET",
      "RequestBody": "",
      "RequestHeaders": {
        "User-Agent": [
          "FxVersion/4.6.28325.01",
          "OSName/Windows",
          "OSVersion/Microsoft.Windows.10.0.17763.",
          "Microsoft.Azure.Management.CosmosDB.Fluent.CosmosDBManagementClient/1.0.0.64",
          "MacAddressHash/b3a7da489b162813d4ec18a0dd31725e1e60cc711ab71fb06adb74396c432148"
        ]
      },
      "ResponseHeaders": {
        "Cache-Control": [
          "no-store, no-cache"
        ],
        "Pragma": [
          "no-cache"
        ],
        "Strict-Transport-Security": [
          "max-age=31536000; includeSubDomains"
        ],
        "x-ms-gatewayversion": [
          "version=2.9.2"
        ],
        "Server": [
          "Microsoft-HTTPAPI/2.0"
        ],
        "x-ms-ratelimit-remaining-subscription-reads": [
          "11995"
        ],
        "x-ms-request-id": [
          "3045607b-ed4b-4b61-b7c9-5e987251ab15"
        ],
        "x-ms-correlation-request-id": [
          "3045607b-ed4b-4b61-b7c9-5e987251ab15"
        ],
        "x-ms-routing-request-id": [
          "SOUTHEASTASIA:20200304T110529Z:3045607b-ed4b-4b61-b7c9-5e987251ab15"
        ],
        "X-Content-Type-Options": [
          "nosniff"
        ],
        "Date": [
          "Wed, 04 Mar 2020 11:05:28 GMT"
        ],
        "Content-Length": [
          "21"
        ],
        "Content-Type": [
          "application/json"
        ],
        "Content-Location": [
          "https://management.documents.azure.com:450/subscriptions/ec0aa5f7-9e78-40c9-85cd-535c6305b380/providers/Microsoft.DocumentDB/locations/westus/operationsStatus/5e7d0098-2b8f-4391-bf47-e1b41dd649c8?api-version=2019-12-12"
        ]
      },
      "ResponseBody": "{\r\n  \"status\": \"Dequeued\"\r\n}",
      "StatusCode": 200
    },
    {
      "RequestUri": "/subscriptions/ec0aa5f7-9e78-40c9-85cd-535c6305b380/providers/Microsoft.DocumentDB/locations/westus/operationsStatus/5e7d0098-2b8f-4391-bf47-e1b41dd649c8?api-version=2019-12-12",
      "EncodedRequestUri": "L3N1YnNjcmlwdGlvbnMvZWMwYWE1ZjctOWU3OC00MGM5LTg1Y2QtNTM1YzYzMDViMzgwL3Byb3ZpZGVycy9NaWNyb3NvZnQuRG9jdW1lbnREQi9sb2NhdGlvbnMvd2VzdHVzL29wZXJhdGlvbnNTdGF0dXMvNWU3ZDAwOTgtMmI4Zi00MzkxLWJmNDctZTFiNDFkZDY0OWM4P2FwaS12ZXJzaW9uPTIwMTktMTItMTI=",
      "RequestMethod": "GET",
      "RequestBody": "",
      "RequestHeaders": {
        "User-Agent": [
          "FxVersion/4.6.28325.01",
          "OSName/Windows",
          "OSVersion/Microsoft.Windows.10.0.17763.",
          "Microsoft.Azure.Management.CosmosDB.Fluent.CosmosDBManagementClient/1.0.0.64",
          "MacAddressHash/b3a7da489b162813d4ec18a0dd31725e1e60cc711ab71fb06adb74396c432148"
        ]
      },
      "ResponseHeaders": {
        "Cache-Control": [
          "no-store, no-cache"
        ],
        "Pragma": [
          "no-cache"
        ],
        "Strict-Transport-Security": [
          "max-age=31536000; includeSubDomains"
        ],
        "x-ms-gatewayversion": [
          "version=2.9.2"
        ],
        "Server": [
          "Microsoft-HTTPAPI/2.0"
        ],
        "x-ms-ratelimit-remaining-subscription-reads": [
          "11994"
        ],
        "x-ms-request-id": [
          "02c0937c-116a-4d53-b4c6-ab8b086a5221"
        ],
        "x-ms-correlation-request-id": [
          "02c0937c-116a-4d53-b4c6-ab8b086a5221"
        ],
        "x-ms-routing-request-id": [
          "SOUTHEASTASIA:20200304T110559Z:02c0937c-116a-4d53-b4c6-ab8b086a5221"
        ],
        "X-Content-Type-Options": [
          "nosniff"
        ],
        "Date": [
          "Wed, 04 Mar 2020 11:05:59 GMT"
        ],
        "Content-Length": [
          "21"
        ],
        "Content-Type": [
          "application/json"
        ],
        "Content-Location": [
          "https://management.documents.azure.com:450/subscriptions/ec0aa5f7-9e78-40c9-85cd-535c6305b380/providers/Microsoft.DocumentDB/locations/westus/operationsStatus/5e7d0098-2b8f-4391-bf47-e1b41dd649c8?api-version=2019-12-12"
        ]
      },
      "ResponseBody": "{\r\n  \"status\": \"Dequeued\"\r\n}",
      "StatusCode": 200
    },
    {
      "RequestUri": "/subscriptions/ec0aa5f7-9e78-40c9-85cd-535c6305b380/providers/Microsoft.DocumentDB/locations/westus/operationsStatus/5e7d0098-2b8f-4391-bf47-e1b41dd649c8?api-version=2019-12-12",
      "EncodedRequestUri": "L3N1YnNjcmlwdGlvbnMvZWMwYWE1ZjctOWU3OC00MGM5LTg1Y2QtNTM1YzYzMDViMzgwL3Byb3ZpZGVycy9NaWNyb3NvZnQuRG9jdW1lbnREQi9sb2NhdGlvbnMvd2VzdHVzL29wZXJhdGlvbnNTdGF0dXMvNWU3ZDAwOTgtMmI4Zi00MzkxLWJmNDctZTFiNDFkZDY0OWM4P2FwaS12ZXJzaW9uPTIwMTktMTItMTI=",
      "RequestMethod": "GET",
      "RequestBody": "",
      "RequestHeaders": {
        "User-Agent": [
          "FxVersion/4.6.28325.01",
          "OSName/Windows",
          "OSVersion/Microsoft.Windows.10.0.17763.",
          "Microsoft.Azure.Management.CosmosDB.Fluent.CosmosDBManagementClient/1.0.0.64",
          "MacAddressHash/b3a7da489b162813d4ec18a0dd31725e1e60cc711ab71fb06adb74396c432148"
        ]
      },
      "ResponseHeaders": {
        "Cache-Control": [
          "no-store, no-cache"
        ],
        "Pragma": [
          "no-cache"
        ],
        "Strict-Transport-Security": [
          "max-age=31536000; includeSubDomains"
        ],
        "x-ms-gatewayversion": [
          "version=2.9.2"
        ],
        "Server": [
          "Microsoft-HTTPAPI/2.0"
        ],
        "x-ms-ratelimit-remaining-subscription-reads": [
          "11993"
        ],
        "x-ms-request-id": [
          "4b049993-36a4-464d-8373-e2e1f92cfeb3"
        ],
        "x-ms-correlation-request-id": [
          "4b049993-36a4-464d-8373-e2e1f92cfeb3"
        ],
        "x-ms-routing-request-id": [
          "SOUTHEASTASIA:20200304T110629Z:4b049993-36a4-464d-8373-e2e1f92cfeb3"
        ],
        "X-Content-Type-Options": [
          "nosniff"
        ],
        "Date": [
          "Wed, 04 Mar 2020 11:06:29 GMT"
        ],
        "Content-Length": [
          "21"
        ],
        "Content-Type": [
          "application/json"
        ],
        "Content-Location": [
          "https://management.documents.azure.com:450/subscriptions/ec0aa5f7-9e78-40c9-85cd-535c6305b380/providers/Microsoft.DocumentDB/locations/westus/operationsStatus/5e7d0098-2b8f-4391-bf47-e1b41dd649c8?api-version=2019-12-12"
        ]
      },
      "ResponseBody": "{\r\n  \"status\": \"Dequeued\"\r\n}",
      "StatusCode": 200
    },
    {
      "RequestUri": "/subscriptions/ec0aa5f7-9e78-40c9-85cd-535c6305b380/providers/Microsoft.DocumentDB/locations/westus/operationsStatus/5e7d0098-2b8f-4391-bf47-e1b41dd649c8?api-version=2019-12-12",
      "EncodedRequestUri": "L3N1YnNjcmlwdGlvbnMvZWMwYWE1ZjctOWU3OC00MGM5LTg1Y2QtNTM1YzYzMDViMzgwL3Byb3ZpZGVycy9NaWNyb3NvZnQuRG9jdW1lbnREQi9sb2NhdGlvbnMvd2VzdHVzL29wZXJhdGlvbnNTdGF0dXMvNWU3ZDAwOTgtMmI4Zi00MzkxLWJmNDctZTFiNDFkZDY0OWM4P2FwaS12ZXJzaW9uPTIwMTktMTItMTI=",
      "RequestMethod": "GET",
      "RequestBody": "",
      "RequestHeaders": {
        "User-Agent": [
          "FxVersion/4.6.28325.01",
          "OSName/Windows",
          "OSVersion/Microsoft.Windows.10.0.17763.",
          "Microsoft.Azure.Management.CosmosDB.Fluent.CosmosDBManagementClient/1.0.0.64",
          "MacAddressHash/b3a7da489b162813d4ec18a0dd31725e1e60cc711ab71fb06adb74396c432148"
        ]
      },
      "ResponseHeaders": {
        "Cache-Control": [
          "no-store, no-cache"
        ],
        "Pragma": [
          "no-cache"
        ],
        "Strict-Transport-Security": [
          "max-age=31536000; includeSubDomains"
        ],
        "x-ms-gatewayversion": [
          "version=2.9.2"
        ],
        "Server": [
          "Microsoft-HTTPAPI/2.0"
        ],
        "x-ms-ratelimit-remaining-subscription-reads": [
          "11992"
        ],
        "x-ms-request-id": [
          "0fefa40c-14b0-4047-b6c2-70ef2203f671"
        ],
        "x-ms-correlation-request-id": [
          "0fefa40c-14b0-4047-b6c2-70ef2203f671"
        ],
        "x-ms-routing-request-id": [
          "SOUTHEASTASIA:20200304T110700Z:0fefa40c-14b0-4047-b6c2-70ef2203f671"
        ],
        "X-Content-Type-Options": [
          "nosniff"
        ],
        "Date": [
          "Wed, 04 Mar 2020 11:06:59 GMT"
        ],
        "Content-Length": [
          "21"
        ],
        "Content-Type": [
          "application/json"
        ],
        "Content-Location": [
          "https://management.documents.azure.com:450/subscriptions/ec0aa5f7-9e78-40c9-85cd-535c6305b380/providers/Microsoft.DocumentDB/locations/westus/operationsStatus/5e7d0098-2b8f-4391-bf47-e1b41dd649c8?api-version=2019-12-12"
        ]
      },
      "ResponseBody": "{\r\n  \"status\": \"Dequeued\"\r\n}",
      "StatusCode": 200
    },
    {
      "RequestUri": "/subscriptions/ec0aa5f7-9e78-40c9-85cd-535c6305b380/providers/Microsoft.DocumentDB/locations/westus/operationsStatus/5e7d0098-2b8f-4391-bf47-e1b41dd649c8?api-version=2019-12-12",
      "EncodedRequestUri": "L3N1YnNjcmlwdGlvbnMvZWMwYWE1ZjctOWU3OC00MGM5LTg1Y2QtNTM1YzYzMDViMzgwL3Byb3ZpZGVycy9NaWNyb3NvZnQuRG9jdW1lbnREQi9sb2NhdGlvbnMvd2VzdHVzL29wZXJhdGlvbnNTdGF0dXMvNWU3ZDAwOTgtMmI4Zi00MzkxLWJmNDctZTFiNDFkZDY0OWM4P2FwaS12ZXJzaW9uPTIwMTktMTItMTI=",
      "RequestMethod": "GET",
      "RequestBody": "",
      "RequestHeaders": {
        "User-Agent": [
          "FxVersion/4.6.28325.01",
          "OSName/Windows",
          "OSVersion/Microsoft.Windows.10.0.17763.",
          "Microsoft.Azure.Management.CosmosDB.Fluent.CosmosDBManagementClient/1.0.0.64",
          "MacAddressHash/b3a7da489b162813d4ec18a0dd31725e1e60cc711ab71fb06adb74396c432148"
        ]
      },
      "ResponseHeaders": {
        "Cache-Control": [
          "no-store, no-cache"
        ],
        "Pragma": [
          "no-cache"
        ],
        "Strict-Transport-Security": [
          "max-age=31536000; includeSubDomains"
        ],
        "x-ms-gatewayversion": [
          "version=2.9.2"
        ],
        "Server": [
          "Microsoft-HTTPAPI/2.0"
        ],
        "x-ms-ratelimit-remaining-subscription-reads": [
          "11991"
        ],
        "x-ms-request-id": [
          "38b0a6c2-c21f-40e7-96e7-a2458a48e96a"
        ],
        "x-ms-correlation-request-id": [
          "38b0a6c2-c21f-40e7-96e7-a2458a48e96a"
        ],
        "x-ms-routing-request-id": [
          "SOUTHEASTASIA:20200304T110730Z:38b0a6c2-c21f-40e7-96e7-a2458a48e96a"
        ],
        "X-Content-Type-Options": [
          "nosniff"
        ],
        "Date": [
          "Wed, 04 Mar 2020 11:07:29 GMT"
        ],
        "Content-Length": [
          "21"
        ],
        "Content-Type": [
          "application/json"
        ],
        "Content-Location": [
          "https://management.documents.azure.com:450/subscriptions/ec0aa5f7-9e78-40c9-85cd-535c6305b380/providers/Microsoft.DocumentDB/locations/westus/operationsStatus/5e7d0098-2b8f-4391-bf47-e1b41dd649c8?api-version=2019-12-12"
        ]
      },
      "ResponseBody": "{\r\n  \"status\": \"Dequeued\"\r\n}",
      "StatusCode": 200
    },
    {
      "RequestUri": "/subscriptions/ec0aa5f7-9e78-40c9-85cd-535c6305b380/providers/Microsoft.DocumentDB/locations/westus/operationsStatus/5e7d0098-2b8f-4391-bf47-e1b41dd649c8?api-version=2019-12-12",
      "EncodedRequestUri": "L3N1YnNjcmlwdGlvbnMvZWMwYWE1ZjctOWU3OC00MGM5LTg1Y2QtNTM1YzYzMDViMzgwL3Byb3ZpZGVycy9NaWNyb3NvZnQuRG9jdW1lbnREQi9sb2NhdGlvbnMvd2VzdHVzL29wZXJhdGlvbnNTdGF0dXMvNWU3ZDAwOTgtMmI4Zi00MzkxLWJmNDctZTFiNDFkZDY0OWM4P2FwaS12ZXJzaW9uPTIwMTktMTItMTI=",
      "RequestMethod": "GET",
      "RequestBody": "",
      "RequestHeaders": {
        "User-Agent": [
          "FxVersion/4.6.28325.01",
          "OSName/Windows",
          "OSVersion/Microsoft.Windows.10.0.17763.",
          "Microsoft.Azure.Management.CosmosDB.Fluent.CosmosDBManagementClient/1.0.0.64",
          "MacAddressHash/b3a7da489b162813d4ec18a0dd31725e1e60cc711ab71fb06adb74396c432148"
        ]
      },
      "ResponseHeaders": {
        "Cache-Control": [
          "no-store, no-cache"
        ],
        "Pragma": [
          "no-cache"
        ],
        "Strict-Transport-Security": [
          "max-age=31536000; includeSubDomains"
        ],
        "x-ms-gatewayversion": [
          "version=2.9.2"
        ],
        "Server": [
          "Microsoft-HTTPAPI/2.0"
        ],
        "x-ms-ratelimit-remaining-subscription-reads": [
          "11990"
        ],
        "x-ms-request-id": [
          "1c6ccbd5-5f3b-44af-a51b-3e65d2647e24"
        ],
        "x-ms-correlation-request-id": [
          "1c6ccbd5-5f3b-44af-a51b-3e65d2647e24"
        ],
        "x-ms-routing-request-id": [
          "SOUTHEASTASIA:20200304T110800Z:1c6ccbd5-5f3b-44af-a51b-3e65d2647e24"
        ],
        "X-Content-Type-Options": [
          "nosniff"
        ],
        "Date": [
          "Wed, 04 Mar 2020 11:08:00 GMT"
        ],
        "Content-Length": [
          "21"
        ],
        "Content-Type": [
          "application/json"
        ],
        "Content-Location": [
          "https://management.documents.azure.com:450/subscriptions/ec0aa5f7-9e78-40c9-85cd-535c6305b380/providers/Microsoft.DocumentDB/locations/westus/operationsStatus/5e7d0098-2b8f-4391-bf47-e1b41dd649c8?api-version=2019-12-12"
        ]
      },
      "ResponseBody": "{\r\n  \"status\": \"Dequeued\"\r\n}",
      "StatusCode": 200
    },
    {
      "RequestUri": "/subscriptions/ec0aa5f7-9e78-40c9-85cd-535c6305b380/providers/Microsoft.DocumentDB/locations/westus/operationsStatus/5e7d0098-2b8f-4391-bf47-e1b41dd649c8?api-version=2019-12-12",
      "EncodedRequestUri": "L3N1YnNjcmlwdGlvbnMvZWMwYWE1ZjctOWU3OC00MGM5LTg1Y2QtNTM1YzYzMDViMzgwL3Byb3ZpZGVycy9NaWNyb3NvZnQuRG9jdW1lbnREQi9sb2NhdGlvbnMvd2VzdHVzL29wZXJhdGlvbnNTdGF0dXMvNWU3ZDAwOTgtMmI4Zi00MzkxLWJmNDctZTFiNDFkZDY0OWM4P2FwaS12ZXJzaW9uPTIwMTktMTItMTI=",
      "RequestMethod": "GET",
      "RequestBody": "",
      "RequestHeaders": {
        "User-Agent": [
          "FxVersion/4.6.28325.01",
          "OSName/Windows",
          "OSVersion/Microsoft.Windows.10.0.17763.",
          "Microsoft.Azure.Management.CosmosDB.Fluent.CosmosDBManagementClient/1.0.0.64",
          "MacAddressHash/b3a7da489b162813d4ec18a0dd31725e1e60cc711ab71fb06adb74396c432148"
        ]
      },
      "ResponseHeaders": {
        "Cache-Control": [
          "no-store, no-cache"
        ],
        "Pragma": [
          "no-cache"
        ],
        "Strict-Transport-Security": [
          "max-age=31536000; includeSubDomains"
        ],
        "x-ms-gatewayversion": [
          "version=2.9.2"
        ],
        "Server": [
          "Microsoft-HTTPAPI/2.0"
        ],
        "x-ms-ratelimit-remaining-subscription-reads": [
          "11989"
        ],
        "x-ms-request-id": [
          "78d52be0-d58e-4192-9716-630ad24abf9a"
        ],
        "x-ms-correlation-request-id": [
          "78d52be0-d58e-4192-9716-630ad24abf9a"
        ],
        "x-ms-routing-request-id": [
          "SOUTHEASTASIA:20200304T110832Z:78d52be0-d58e-4192-9716-630ad24abf9a"
        ],
        "X-Content-Type-Options": [
          "nosniff"
        ],
        "Date": [
          "Wed, 04 Mar 2020 11:08:31 GMT"
        ],
        "Content-Length": [
          "21"
        ],
        "Content-Type": [
          "application/json"
        ],
        "Content-Location": [
          "https://management.documents.azure.com:450/subscriptions/ec0aa5f7-9e78-40c9-85cd-535c6305b380/providers/Microsoft.DocumentDB/locations/westus/operationsStatus/5e7d0098-2b8f-4391-bf47-e1b41dd649c8?api-version=2019-12-12"
        ]
      },
      "ResponseBody": "{\r\n  \"status\": \"Dequeued\"\r\n}",
      "StatusCode": 200
    },
    {
      "RequestUri": "/subscriptions/ec0aa5f7-9e78-40c9-85cd-535c6305b380/providers/Microsoft.DocumentDB/locations/westus/operationsStatus/5e7d0098-2b8f-4391-bf47-e1b41dd649c8?api-version=2019-12-12",
      "EncodedRequestUri": "L3N1YnNjcmlwdGlvbnMvZWMwYWE1ZjctOWU3OC00MGM5LTg1Y2QtNTM1YzYzMDViMzgwL3Byb3ZpZGVycy9NaWNyb3NvZnQuRG9jdW1lbnREQi9sb2NhdGlvbnMvd2VzdHVzL29wZXJhdGlvbnNTdGF0dXMvNWU3ZDAwOTgtMmI4Zi00MzkxLWJmNDctZTFiNDFkZDY0OWM4P2FwaS12ZXJzaW9uPTIwMTktMTItMTI=",
      "RequestMethod": "GET",
      "RequestBody": "",
      "RequestHeaders": {
        "User-Agent": [
          "FxVersion/4.6.28325.01",
          "OSName/Windows",
          "OSVersion/Microsoft.Windows.10.0.17763.",
          "Microsoft.Azure.Management.CosmosDB.Fluent.CosmosDBManagementClient/1.0.0.64",
          "MacAddressHash/b3a7da489b162813d4ec18a0dd31725e1e60cc711ab71fb06adb74396c432148"
        ]
      },
      "ResponseHeaders": {
        "Cache-Control": [
          "no-store, no-cache"
        ],
        "Pragma": [
          "no-cache"
        ],
        "Strict-Transport-Security": [
          "max-age=31536000; includeSubDomains"
        ],
        "x-ms-gatewayversion": [
          "version=2.9.2"
        ],
        "Server": [
          "Microsoft-HTTPAPI/2.0"
        ],
        "x-ms-ratelimit-remaining-subscription-reads": [
          "11988"
        ],
        "x-ms-request-id": [
          "66c7a36f-9c3d-4d5a-b14f-6052f4318c7e"
        ],
        "x-ms-correlation-request-id": [
          "66c7a36f-9c3d-4d5a-b14f-6052f4318c7e"
        ],
        "x-ms-routing-request-id": [
          "SOUTHEASTASIA:20200304T110903Z:66c7a36f-9c3d-4d5a-b14f-6052f4318c7e"
        ],
        "X-Content-Type-Options": [
          "nosniff"
        ],
        "Date": [
          "Wed, 04 Mar 2020 11:09:02 GMT"
        ],
        "Content-Length": [
          "21"
        ],
        "Content-Type": [
          "application/json"
        ],
        "Content-Location": [
          "https://management.documents.azure.com:450/subscriptions/ec0aa5f7-9e78-40c9-85cd-535c6305b380/providers/Microsoft.DocumentDB/locations/westus/operationsStatus/5e7d0098-2b8f-4391-bf47-e1b41dd649c8?api-version=2019-12-12"
        ]
      },
      "ResponseBody": "{\r\n  \"status\": \"Dequeued\"\r\n}",
      "StatusCode": 200
    },
    {
      "RequestUri": "/subscriptions/ec0aa5f7-9e78-40c9-85cd-535c6305b380/providers/Microsoft.DocumentDB/locations/westus/operationsStatus/5e7d0098-2b8f-4391-bf47-e1b41dd649c8?api-version=2019-12-12",
      "EncodedRequestUri": "L3N1YnNjcmlwdGlvbnMvZWMwYWE1ZjctOWU3OC00MGM5LTg1Y2QtNTM1YzYzMDViMzgwL3Byb3ZpZGVycy9NaWNyb3NvZnQuRG9jdW1lbnREQi9sb2NhdGlvbnMvd2VzdHVzL29wZXJhdGlvbnNTdGF0dXMvNWU3ZDAwOTgtMmI4Zi00MzkxLWJmNDctZTFiNDFkZDY0OWM4P2FwaS12ZXJzaW9uPTIwMTktMTItMTI=",
      "RequestMethod": "GET",
      "RequestBody": "",
      "RequestHeaders": {
        "User-Agent": [
          "FxVersion/4.6.28325.01",
          "OSName/Windows",
          "OSVersion/Microsoft.Windows.10.0.17763.",
          "Microsoft.Azure.Management.CosmosDB.Fluent.CosmosDBManagementClient/1.0.0.64",
          "MacAddressHash/b3a7da489b162813d4ec18a0dd31725e1e60cc711ab71fb06adb74396c432148"
        ]
      },
      "ResponseHeaders": {
        "Cache-Control": [
          "no-store, no-cache"
        ],
        "Pragma": [
          "no-cache"
        ],
        "Strict-Transport-Security": [
          "max-age=31536000; includeSubDomains"
        ],
        "x-ms-gatewayversion": [
          "version=2.9.2"
        ],
        "Server": [
          "Microsoft-HTTPAPI/2.0"
        ],
        "x-ms-ratelimit-remaining-subscription-reads": [
          "11987"
        ],
        "x-ms-request-id": [
          "04ec478f-1197-47b1-b536-70bd647d2866"
        ],
        "x-ms-correlation-request-id": [
          "04ec478f-1197-47b1-b536-70bd647d2866"
        ],
        "x-ms-routing-request-id": [
          "SOUTHEASTASIA:20200304T110933Z:04ec478f-1197-47b1-b536-70bd647d2866"
        ],
        "X-Content-Type-Options": [
          "nosniff"
        ],
        "Date": [
          "Wed, 04 Mar 2020 11:09:33 GMT"
        ],
        "Content-Length": [
          "21"
        ],
        "Content-Type": [
          "application/json"
        ],
        "Content-Location": [
          "https://management.documents.azure.com:450/subscriptions/ec0aa5f7-9e78-40c9-85cd-535c6305b380/providers/Microsoft.DocumentDB/locations/westus/operationsStatus/5e7d0098-2b8f-4391-bf47-e1b41dd649c8?api-version=2019-12-12"
        ]
      },
      "ResponseBody": "{\r\n  \"status\": \"Dequeued\"\r\n}",
      "StatusCode": 200
    },
    {
      "RequestUri": "/subscriptions/ec0aa5f7-9e78-40c9-85cd-535c6305b380/providers/Microsoft.DocumentDB/locations/westus/operationsStatus/5e7d0098-2b8f-4391-bf47-e1b41dd649c8?api-version=2019-12-12",
      "EncodedRequestUri": "L3N1YnNjcmlwdGlvbnMvZWMwYWE1ZjctOWU3OC00MGM5LTg1Y2QtNTM1YzYzMDViMzgwL3Byb3ZpZGVycy9NaWNyb3NvZnQuRG9jdW1lbnREQi9sb2NhdGlvbnMvd2VzdHVzL29wZXJhdGlvbnNTdGF0dXMvNWU3ZDAwOTgtMmI4Zi00MzkxLWJmNDctZTFiNDFkZDY0OWM4P2FwaS12ZXJzaW9uPTIwMTktMTItMTI=",
      "RequestMethod": "GET",
      "RequestBody": "",
      "RequestHeaders": {
        "User-Agent": [
          "FxVersion/4.6.28325.01",
          "OSName/Windows",
          "OSVersion/Microsoft.Windows.10.0.17763.",
          "Microsoft.Azure.Management.CosmosDB.Fluent.CosmosDBManagementClient/1.0.0.64",
          "MacAddressHash/b3a7da489b162813d4ec18a0dd31725e1e60cc711ab71fb06adb74396c432148"
        ]
      },
      "ResponseHeaders": {
        "Cache-Control": [
          "no-store, no-cache"
        ],
        "Pragma": [
          "no-cache"
        ],
        "Strict-Transport-Security": [
          "max-age=31536000; includeSubDomains"
        ],
        "x-ms-gatewayversion": [
          "version=2.9.2"
        ],
        "Server": [
          "Microsoft-HTTPAPI/2.0"
        ],
        "x-ms-ratelimit-remaining-subscription-reads": [
          "11986"
        ],
        "x-ms-request-id": [
          "4062e9c6-0138-41e9-89c6-d91c8360b567"
        ],
        "x-ms-correlation-request-id": [
          "4062e9c6-0138-41e9-89c6-d91c8360b567"
        ],
        "x-ms-routing-request-id": [
          "SOUTHEASTASIA:20200304T111003Z:4062e9c6-0138-41e9-89c6-d91c8360b567"
        ],
        "X-Content-Type-Options": [
          "nosniff"
        ],
        "Date": [
          "Wed, 04 Mar 2020 11:10:03 GMT"
        ],
        "Content-Length": [
          "21"
        ],
        "Content-Type": [
          "application/json"
        ],
        "Content-Location": [
          "https://management.documents.azure.com:450/subscriptions/ec0aa5f7-9e78-40c9-85cd-535c6305b380/providers/Microsoft.DocumentDB/locations/westus/operationsStatus/5e7d0098-2b8f-4391-bf47-e1b41dd649c8?api-version=2019-12-12"
        ]
      },
      "ResponseBody": "{\r\n  \"status\": \"Dequeued\"\r\n}",
      "StatusCode": 200
    },
    {
      "RequestUri": "/subscriptions/ec0aa5f7-9e78-40c9-85cd-535c6305b380/providers/Microsoft.DocumentDB/locations/westus/operationsStatus/5e7d0098-2b8f-4391-bf47-e1b41dd649c8?api-version=2019-12-12",
      "EncodedRequestUri": "L3N1YnNjcmlwdGlvbnMvZWMwYWE1ZjctOWU3OC00MGM5LTg1Y2QtNTM1YzYzMDViMzgwL3Byb3ZpZGVycy9NaWNyb3NvZnQuRG9jdW1lbnREQi9sb2NhdGlvbnMvd2VzdHVzL29wZXJhdGlvbnNTdGF0dXMvNWU3ZDAwOTgtMmI4Zi00MzkxLWJmNDctZTFiNDFkZDY0OWM4P2FwaS12ZXJzaW9uPTIwMTktMTItMTI=",
      "RequestMethod": "GET",
      "RequestBody": "",
      "RequestHeaders": {
        "User-Agent": [
          "FxVersion/4.6.28325.01",
          "OSName/Windows",
          "OSVersion/Microsoft.Windows.10.0.17763.",
          "Microsoft.Azure.Management.CosmosDB.Fluent.CosmosDBManagementClient/1.0.0.64",
          "MacAddressHash/b3a7da489b162813d4ec18a0dd31725e1e60cc711ab71fb06adb74396c432148"
        ]
      },
      "ResponseHeaders": {
        "Cache-Control": [
          "no-store, no-cache"
        ],
        "Pragma": [
          "no-cache"
        ],
        "Strict-Transport-Security": [
          "max-age=31536000; includeSubDomains"
        ],
        "x-ms-gatewayversion": [
          "version=2.9.2"
        ],
        "Server": [
          "Microsoft-HTTPAPI/2.0"
        ],
        "x-ms-ratelimit-remaining-subscription-reads": [
          "11985"
        ],
        "x-ms-request-id": [
          "2d1f4193-db3f-4a61-af57-7f3d08f7d246"
        ],
        "x-ms-correlation-request-id": [
          "2d1f4193-db3f-4a61-af57-7f3d08f7d246"
        ],
        "x-ms-routing-request-id": [
          "SOUTHEASTASIA:20200304T111034Z:2d1f4193-db3f-4a61-af57-7f3d08f7d246"
        ],
        "X-Content-Type-Options": [
          "nosniff"
        ],
        "Date": [
          "Wed, 04 Mar 2020 11:10:33 GMT"
        ],
        "Content-Length": [
          "21"
        ],
        "Content-Type": [
          "application/json"
        ],
        "Content-Location": [
          "https://management.documents.azure.com:450/subscriptions/ec0aa5f7-9e78-40c9-85cd-535c6305b380/providers/Microsoft.DocumentDB/locations/westus/operationsStatus/5e7d0098-2b8f-4391-bf47-e1b41dd649c8?api-version=2019-12-12"
        ]
      },
      "ResponseBody": "{\r\n  \"status\": \"Dequeued\"\r\n}",
      "StatusCode": 200
    },
    {
      "RequestUri": "/subscriptions/ec0aa5f7-9e78-40c9-85cd-535c6305b380/providers/Microsoft.DocumentDB/locations/westus/operationsStatus/5e7d0098-2b8f-4391-bf47-e1b41dd649c8?api-version=2019-12-12",
      "EncodedRequestUri": "L3N1YnNjcmlwdGlvbnMvZWMwYWE1ZjctOWU3OC00MGM5LTg1Y2QtNTM1YzYzMDViMzgwL3Byb3ZpZGVycy9NaWNyb3NvZnQuRG9jdW1lbnREQi9sb2NhdGlvbnMvd2VzdHVzL29wZXJhdGlvbnNTdGF0dXMvNWU3ZDAwOTgtMmI4Zi00MzkxLWJmNDctZTFiNDFkZDY0OWM4P2FwaS12ZXJzaW9uPTIwMTktMTItMTI=",
      "RequestMethod": "GET",
      "RequestBody": "",
      "RequestHeaders": {
        "User-Agent": [
          "FxVersion/4.6.28325.01",
          "OSName/Windows",
          "OSVersion/Microsoft.Windows.10.0.17763.",
          "Microsoft.Azure.Management.CosmosDB.Fluent.CosmosDBManagementClient/1.0.0.64",
          "MacAddressHash/b3a7da489b162813d4ec18a0dd31725e1e60cc711ab71fb06adb74396c432148"
        ]
      },
      "ResponseHeaders": {
        "Cache-Control": [
          "no-store, no-cache"
        ],
        "Pragma": [
          "no-cache"
        ],
        "Strict-Transport-Security": [
          "max-age=31536000; includeSubDomains"
        ],
        "x-ms-gatewayversion": [
          "version=2.9.2"
        ],
        "Server": [
          "Microsoft-HTTPAPI/2.0"
        ],
        "x-ms-ratelimit-remaining-subscription-reads": [
          "11984"
        ],
        "x-ms-request-id": [
          "bc93b0a4-eaa6-42ba-8a25-41e572267a8d"
        ],
        "x-ms-correlation-request-id": [
          "bc93b0a4-eaa6-42ba-8a25-41e572267a8d"
        ],
        "x-ms-routing-request-id": [
          "SOUTHEASTASIA:20200304T111104Z:bc93b0a4-eaa6-42ba-8a25-41e572267a8d"
        ],
        "X-Content-Type-Options": [
          "nosniff"
        ],
        "Date": [
          "Wed, 04 Mar 2020 11:11:04 GMT"
        ],
        "Content-Length": [
          "21"
        ],
        "Content-Type": [
          "application/json"
        ],
        "Content-Location": [
          "https://management.documents.azure.com:450/subscriptions/ec0aa5f7-9e78-40c9-85cd-535c6305b380/providers/Microsoft.DocumentDB/locations/westus/operationsStatus/5e7d0098-2b8f-4391-bf47-e1b41dd649c8?api-version=2019-12-12"
        ]
      },
      "ResponseBody": "{\r\n  \"status\": \"Dequeued\"\r\n}",
      "StatusCode": 200
    },
    {
      "RequestUri": "/subscriptions/ec0aa5f7-9e78-40c9-85cd-535c6305b380/providers/Microsoft.DocumentDB/locations/westus/operationsStatus/5e7d0098-2b8f-4391-bf47-e1b41dd649c8?api-version=2019-12-12",
      "EncodedRequestUri": "L3N1YnNjcmlwdGlvbnMvZWMwYWE1ZjctOWU3OC00MGM5LTg1Y2QtNTM1YzYzMDViMzgwL3Byb3ZpZGVycy9NaWNyb3NvZnQuRG9jdW1lbnREQi9sb2NhdGlvbnMvd2VzdHVzL29wZXJhdGlvbnNTdGF0dXMvNWU3ZDAwOTgtMmI4Zi00MzkxLWJmNDctZTFiNDFkZDY0OWM4P2FwaS12ZXJzaW9uPTIwMTktMTItMTI=",
      "RequestMethod": "GET",
      "RequestBody": "",
      "RequestHeaders": {
        "User-Agent": [
          "FxVersion/4.6.28325.01",
          "OSName/Windows",
          "OSVersion/Microsoft.Windows.10.0.17763.",
          "Microsoft.Azure.Management.CosmosDB.Fluent.CosmosDBManagementClient/1.0.0.64",
          "MacAddressHash/b3a7da489b162813d4ec18a0dd31725e1e60cc711ab71fb06adb74396c432148"
        ]
      },
      "ResponseHeaders": {
        "Cache-Control": [
          "no-store, no-cache"
        ],
        "Pragma": [
          "no-cache"
        ],
        "Strict-Transport-Security": [
          "max-age=31536000; includeSubDomains"
        ],
        "x-ms-gatewayversion": [
          "version=2.9.2"
        ],
        "Server": [
          "Microsoft-HTTPAPI/2.0"
        ],
        "x-ms-ratelimit-remaining-subscription-reads": [
          "11983"
        ],
        "x-ms-request-id": [
          "950f56b4-8dc9-438d-9117-628f2d04a2a6"
        ],
        "x-ms-correlation-request-id": [
          "950f56b4-8dc9-438d-9117-628f2d04a2a6"
        ],
        "x-ms-routing-request-id": [
          "SOUTHEASTASIA:20200304T111134Z:950f56b4-8dc9-438d-9117-628f2d04a2a6"
        ],
        "X-Content-Type-Options": [
          "nosniff"
        ],
        "Date": [
          "Wed, 04 Mar 2020 11:11:34 GMT"
        ],
        "Content-Length": [
          "21"
        ],
        "Content-Type": [
          "application/json"
        ],
        "Content-Location": [
          "https://management.documents.azure.com:450/subscriptions/ec0aa5f7-9e78-40c9-85cd-535c6305b380/providers/Microsoft.DocumentDB/locations/westus/operationsStatus/5e7d0098-2b8f-4391-bf47-e1b41dd649c8?api-version=2019-12-12"
        ]
      },
      "ResponseBody": "{\r\n  \"status\": \"Dequeued\"\r\n}",
      "StatusCode": 200
    },
    {
      "RequestUri": "/subscriptions/ec0aa5f7-9e78-40c9-85cd-535c6305b380/providers/Microsoft.DocumentDB/locations/westus/operationsStatus/5e7d0098-2b8f-4391-bf47-e1b41dd649c8?api-version=2019-12-12",
      "EncodedRequestUri": "L3N1YnNjcmlwdGlvbnMvZWMwYWE1ZjctOWU3OC00MGM5LTg1Y2QtNTM1YzYzMDViMzgwL3Byb3ZpZGVycy9NaWNyb3NvZnQuRG9jdW1lbnREQi9sb2NhdGlvbnMvd2VzdHVzL29wZXJhdGlvbnNTdGF0dXMvNWU3ZDAwOTgtMmI4Zi00MzkxLWJmNDctZTFiNDFkZDY0OWM4P2FwaS12ZXJzaW9uPTIwMTktMTItMTI=",
      "RequestMethod": "GET",
      "RequestBody": "",
      "RequestHeaders": {
        "User-Agent": [
          "FxVersion/4.6.28325.01",
          "OSName/Windows",
          "OSVersion/Microsoft.Windows.10.0.17763.",
          "Microsoft.Azure.Management.CosmosDB.Fluent.CosmosDBManagementClient/1.0.0.64",
          "MacAddressHash/b3a7da489b162813d4ec18a0dd31725e1e60cc711ab71fb06adb74396c432148"
        ]
      },
      "ResponseHeaders": {
        "Cache-Control": [
          "no-store, no-cache"
        ],
        "Pragma": [
          "no-cache"
        ],
        "Strict-Transport-Security": [
          "max-age=31536000; includeSubDomains"
        ],
        "x-ms-gatewayversion": [
          "version=2.9.2"
        ],
        "Server": [
          "Microsoft-HTTPAPI/2.0"
        ],
        "x-ms-ratelimit-remaining-subscription-reads": [
          "11982"
        ],
        "x-ms-request-id": [
          "1f7dc63b-bef2-479d-af2f-4942ca18af42"
        ],
        "x-ms-correlation-request-id": [
          "1f7dc63b-bef2-479d-af2f-4942ca18af42"
        ],
        "x-ms-routing-request-id": [
          "SOUTHEASTASIA:20200304T111205Z:1f7dc63b-bef2-479d-af2f-4942ca18af42"
        ],
        "X-Content-Type-Options": [
          "nosniff"
        ],
        "Date": [
          "Wed, 04 Mar 2020 11:12:04 GMT"
        ],
        "Content-Length": [
          "21"
        ],
        "Content-Type": [
          "application/json"
        ],
        "Content-Location": [
          "https://management.documents.azure.com:450/subscriptions/ec0aa5f7-9e78-40c9-85cd-535c6305b380/providers/Microsoft.DocumentDB/locations/westus/operationsStatus/5e7d0098-2b8f-4391-bf47-e1b41dd649c8?api-version=2019-12-12"
        ]
      },
      "ResponseBody": "{\r\n  \"status\": \"Dequeued\"\r\n}",
      "StatusCode": 200
    },
    {
      "RequestUri": "/subscriptions/ec0aa5f7-9e78-40c9-85cd-535c6305b380/providers/Microsoft.DocumentDB/locations/westus/operationsStatus/5e7d0098-2b8f-4391-bf47-e1b41dd649c8?api-version=2019-12-12",
      "EncodedRequestUri": "L3N1YnNjcmlwdGlvbnMvZWMwYWE1ZjctOWU3OC00MGM5LTg1Y2QtNTM1YzYzMDViMzgwL3Byb3ZpZGVycy9NaWNyb3NvZnQuRG9jdW1lbnREQi9sb2NhdGlvbnMvd2VzdHVzL29wZXJhdGlvbnNTdGF0dXMvNWU3ZDAwOTgtMmI4Zi00MzkxLWJmNDctZTFiNDFkZDY0OWM4P2FwaS12ZXJzaW9uPTIwMTktMTItMTI=",
      "RequestMethod": "GET",
      "RequestBody": "",
      "RequestHeaders": {
        "User-Agent": [
          "FxVersion/4.6.28325.01",
          "OSName/Windows",
          "OSVersion/Microsoft.Windows.10.0.17763.",
          "Microsoft.Azure.Management.CosmosDB.Fluent.CosmosDBManagementClient/1.0.0.64",
          "MacAddressHash/b3a7da489b162813d4ec18a0dd31725e1e60cc711ab71fb06adb74396c432148"
        ]
      },
      "ResponseHeaders": {
        "Cache-Control": [
          "no-store, no-cache"
        ],
        "Pragma": [
          "no-cache"
        ],
        "Strict-Transport-Security": [
          "max-age=31536000; includeSubDomains"
        ],
        "x-ms-gatewayversion": [
          "version=2.9.2"
        ],
        "Server": [
          "Microsoft-HTTPAPI/2.0"
        ],
        "x-ms-ratelimit-remaining-subscription-reads": [
          "11981"
        ],
        "x-ms-request-id": [
          "c37f93f9-f177-434f-94e7-71a8c8083328"
        ],
        "x-ms-correlation-request-id": [
          "c37f93f9-f177-434f-94e7-71a8c8083328"
        ],
        "x-ms-routing-request-id": [
          "SOUTHEASTASIA:20200304T111236Z:c37f93f9-f177-434f-94e7-71a8c8083328"
        ],
        "X-Content-Type-Options": [
          "nosniff"
        ],
        "Date": [
          "Wed, 04 Mar 2020 11:12:35 GMT"
        ],
        "Content-Length": [
          "21"
        ],
        "Content-Type": [
          "application/json"
        ],
        "Content-Location": [
          "https://management.documents.azure.com:450/subscriptions/ec0aa5f7-9e78-40c9-85cd-535c6305b380/providers/Microsoft.DocumentDB/locations/westus/operationsStatus/5e7d0098-2b8f-4391-bf47-e1b41dd649c8?api-version=2019-12-12"
        ]
      },
      "ResponseBody": "{\r\n  \"status\": \"Dequeued\"\r\n}",
      "StatusCode": 200
    },
    {
      "RequestUri": "/subscriptions/ec0aa5f7-9e78-40c9-85cd-535c6305b380/providers/Microsoft.DocumentDB/locations/westus/operationsStatus/5e7d0098-2b8f-4391-bf47-e1b41dd649c8?api-version=2019-12-12",
      "EncodedRequestUri": "L3N1YnNjcmlwdGlvbnMvZWMwYWE1ZjctOWU3OC00MGM5LTg1Y2QtNTM1YzYzMDViMzgwL3Byb3ZpZGVycy9NaWNyb3NvZnQuRG9jdW1lbnREQi9sb2NhdGlvbnMvd2VzdHVzL29wZXJhdGlvbnNTdGF0dXMvNWU3ZDAwOTgtMmI4Zi00MzkxLWJmNDctZTFiNDFkZDY0OWM4P2FwaS12ZXJzaW9uPTIwMTktMTItMTI=",
      "RequestMethod": "GET",
      "RequestBody": "",
      "RequestHeaders": {
        "User-Agent": [
          "FxVersion/4.6.28325.01",
          "OSName/Windows",
          "OSVersion/Microsoft.Windows.10.0.17763.",
          "Microsoft.Azure.Management.CosmosDB.Fluent.CosmosDBManagementClient/1.0.0.64",
          "MacAddressHash/b3a7da489b162813d4ec18a0dd31725e1e60cc711ab71fb06adb74396c432148"
        ]
      },
      "ResponseHeaders": {
        "Cache-Control": [
          "no-store, no-cache"
        ],
        "Pragma": [
          "no-cache"
        ],
        "Strict-Transport-Security": [
          "max-age=31536000; includeSubDomains"
        ],
        "x-ms-gatewayversion": [
          "version=2.9.2"
        ],
        "Server": [
          "Microsoft-HTTPAPI/2.0"
        ],
        "x-ms-ratelimit-remaining-subscription-reads": [
          "11980"
        ],
        "x-ms-request-id": [
          "3892102d-fc02-4c8a-92da-9ed8fd5929cb"
        ],
        "x-ms-correlation-request-id": [
          "3892102d-fc02-4c8a-92da-9ed8fd5929cb"
        ],
        "x-ms-routing-request-id": [
          "SOUTHEASTASIA:20200304T111307Z:3892102d-fc02-4c8a-92da-9ed8fd5929cb"
        ],
        "X-Content-Type-Options": [
          "nosniff"
        ],
        "Date": [
          "Wed, 04 Mar 2020 11:13:07 GMT"
        ],
        "Content-Length": [
          "21"
        ],
        "Content-Type": [
          "application/json"
        ],
        "Content-Location": [
          "https://management.documents.azure.com:450/subscriptions/ec0aa5f7-9e78-40c9-85cd-535c6305b380/providers/Microsoft.DocumentDB/locations/westus/operationsStatus/5e7d0098-2b8f-4391-bf47-e1b41dd649c8?api-version=2019-12-12"
        ]
      },
      "ResponseBody": "{\r\n  \"status\": \"Dequeued\"\r\n}",
      "StatusCode": 200
    },
    {
      "RequestUri": "/subscriptions/ec0aa5f7-9e78-40c9-85cd-535c6305b380/providers/Microsoft.DocumentDB/locations/westus/operationsStatus/5e7d0098-2b8f-4391-bf47-e1b41dd649c8?api-version=2019-12-12",
      "EncodedRequestUri": "L3N1YnNjcmlwdGlvbnMvZWMwYWE1ZjctOWU3OC00MGM5LTg1Y2QtNTM1YzYzMDViMzgwL3Byb3ZpZGVycy9NaWNyb3NvZnQuRG9jdW1lbnREQi9sb2NhdGlvbnMvd2VzdHVzL29wZXJhdGlvbnNTdGF0dXMvNWU3ZDAwOTgtMmI4Zi00MzkxLWJmNDctZTFiNDFkZDY0OWM4P2FwaS12ZXJzaW9uPTIwMTktMTItMTI=",
      "RequestMethod": "GET",
      "RequestBody": "",
      "RequestHeaders": {
        "User-Agent": [
          "FxVersion/4.6.28325.01",
          "OSName/Windows",
          "OSVersion/Microsoft.Windows.10.0.17763.",
          "Microsoft.Azure.Management.CosmosDB.Fluent.CosmosDBManagementClient/1.0.0.64",
          "MacAddressHash/b3a7da489b162813d4ec18a0dd31725e1e60cc711ab71fb06adb74396c432148"
        ]
      },
      "ResponseHeaders": {
        "Cache-Control": [
          "no-store, no-cache"
        ],
        "Pragma": [
          "no-cache"
        ],
        "Strict-Transport-Security": [
          "max-age=31536000; includeSubDomains"
        ],
        "x-ms-gatewayversion": [
          "version=2.9.2"
        ],
        "Server": [
          "Microsoft-HTTPAPI/2.0"
        ],
        "x-ms-ratelimit-remaining-subscription-reads": [
          "11979"
        ],
        "x-ms-request-id": [
          "bbe08392-dd2c-4c87-aede-05c38e7afbad"
        ],
        "x-ms-correlation-request-id": [
          "bbe08392-dd2c-4c87-aede-05c38e7afbad"
        ],
        "x-ms-routing-request-id": [
          "SOUTHEASTASIA:20200304T111339Z:bbe08392-dd2c-4c87-aede-05c38e7afbad"
        ],
        "X-Content-Type-Options": [
          "nosniff"
        ],
        "Date": [
          "Wed, 04 Mar 2020 11:13:38 GMT"
        ],
        "Content-Length": [
          "21"
        ],
        "Content-Type": [
          "application/json"
        ],
        "Content-Location": [
          "https://management.documents.azure.com:450/subscriptions/ec0aa5f7-9e78-40c9-85cd-535c6305b380/providers/Microsoft.DocumentDB/locations/westus/operationsStatus/5e7d0098-2b8f-4391-bf47-e1b41dd649c8?api-version=2019-12-12"
        ]
      },
      "ResponseBody": "{\r\n  \"status\": \"Dequeued\"\r\n}",
      "StatusCode": 200
    },
    {
      "RequestUri": "/subscriptions/ec0aa5f7-9e78-40c9-85cd-535c6305b380/providers/Microsoft.DocumentDB/locations/westus/operationsStatus/5e7d0098-2b8f-4391-bf47-e1b41dd649c8?api-version=2019-12-12",
      "EncodedRequestUri": "L3N1YnNjcmlwdGlvbnMvZWMwYWE1ZjctOWU3OC00MGM5LTg1Y2QtNTM1YzYzMDViMzgwL3Byb3ZpZGVycy9NaWNyb3NvZnQuRG9jdW1lbnREQi9sb2NhdGlvbnMvd2VzdHVzL29wZXJhdGlvbnNTdGF0dXMvNWU3ZDAwOTgtMmI4Zi00MzkxLWJmNDctZTFiNDFkZDY0OWM4P2FwaS12ZXJzaW9uPTIwMTktMTItMTI=",
      "RequestMethod": "GET",
      "RequestBody": "",
      "RequestHeaders": {
        "User-Agent": [
          "FxVersion/4.6.28325.01",
          "OSName/Windows",
          "OSVersion/Microsoft.Windows.10.0.17763.",
          "Microsoft.Azure.Management.CosmosDB.Fluent.CosmosDBManagementClient/1.0.0.64",
          "MacAddressHash/b3a7da489b162813d4ec18a0dd31725e1e60cc711ab71fb06adb74396c432148"
        ]
      },
      "ResponseHeaders": {
        "Cache-Control": [
          "no-store, no-cache"
        ],
        "Pragma": [
          "no-cache"
        ],
        "Strict-Transport-Security": [
          "max-age=31536000; includeSubDomains"
        ],
        "x-ms-gatewayversion": [
          "version=2.9.2"
        ],
        "Server": [
          "Microsoft-HTTPAPI/2.0"
        ],
        "x-ms-ratelimit-remaining-subscription-reads": [
          "11978"
        ],
        "x-ms-request-id": [
          "b60a5e72-e302-45a7-946f-3b2266df244b"
        ],
        "x-ms-correlation-request-id": [
          "b60a5e72-e302-45a7-946f-3b2266df244b"
        ],
        "x-ms-routing-request-id": [
          "SOUTHEASTASIA:20200304T111409Z:b60a5e72-e302-45a7-946f-3b2266df244b"
        ],
        "X-Content-Type-Options": [
          "nosniff"
        ],
        "Date": [
          "Wed, 04 Mar 2020 11:14:08 GMT"
        ],
        "Content-Length": [
          "21"
        ],
        "Content-Type": [
          "application/json"
        ],
        "Content-Location": [
          "https://management.documents.azure.com:450/subscriptions/ec0aa5f7-9e78-40c9-85cd-535c6305b380/providers/Microsoft.DocumentDB/locations/westus/operationsStatus/5e7d0098-2b8f-4391-bf47-e1b41dd649c8?api-version=2019-12-12"
        ]
      },
      "ResponseBody": "{\r\n  \"status\": \"Dequeued\"\r\n}",
      "StatusCode": 200
    },
    {
      "RequestUri": "/subscriptions/ec0aa5f7-9e78-40c9-85cd-535c6305b380/providers/Microsoft.DocumentDB/locations/westus/operationsStatus/5e7d0098-2b8f-4391-bf47-e1b41dd649c8?api-version=2019-12-12",
      "EncodedRequestUri": "L3N1YnNjcmlwdGlvbnMvZWMwYWE1ZjctOWU3OC00MGM5LTg1Y2QtNTM1YzYzMDViMzgwL3Byb3ZpZGVycy9NaWNyb3NvZnQuRG9jdW1lbnREQi9sb2NhdGlvbnMvd2VzdHVzL29wZXJhdGlvbnNTdGF0dXMvNWU3ZDAwOTgtMmI4Zi00MzkxLWJmNDctZTFiNDFkZDY0OWM4P2FwaS12ZXJzaW9uPTIwMTktMTItMTI=",
      "RequestMethod": "GET",
      "RequestBody": "",
      "RequestHeaders": {
        "User-Agent": [
          "FxVersion/4.6.28325.01",
          "OSName/Windows",
          "OSVersion/Microsoft.Windows.10.0.17763.",
          "Microsoft.Azure.Management.CosmosDB.Fluent.CosmosDBManagementClient/1.0.0.64",
          "MacAddressHash/b3a7da489b162813d4ec18a0dd31725e1e60cc711ab71fb06adb74396c432148"
        ]
      },
      "ResponseHeaders": {
        "Cache-Control": [
          "no-store, no-cache"
        ],
        "Pragma": [
          "no-cache"
        ],
        "Strict-Transport-Security": [
          "max-age=31536000; includeSubDomains"
        ],
        "x-ms-gatewayversion": [
          "version=2.9.2"
        ],
        "Server": [
          "Microsoft-HTTPAPI/2.0"
        ],
        "x-ms-ratelimit-remaining-subscription-reads": [
          "11977"
        ],
        "x-ms-request-id": [
          "b21ddab9-c11e-426b-86e7-e2e28ed6490b"
        ],
        "x-ms-correlation-request-id": [
          "b21ddab9-c11e-426b-86e7-e2e28ed6490b"
        ],
        "x-ms-routing-request-id": [
          "SOUTHEASTASIA:20200304T111440Z:b21ddab9-c11e-426b-86e7-e2e28ed6490b"
        ],
        "X-Content-Type-Options": [
          "nosniff"
        ],
        "Date": [
          "Wed, 04 Mar 2020 11:14:40 GMT"
        ],
        "Content-Length": [
          "21"
        ],
        "Content-Type": [
          "application/json"
        ],
        "Content-Location": [
          "https://management.documents.azure.com:450/subscriptions/ec0aa5f7-9e78-40c9-85cd-535c6305b380/providers/Microsoft.DocumentDB/locations/westus/operationsStatus/5e7d0098-2b8f-4391-bf47-e1b41dd649c8?api-version=2019-12-12"
        ]
      },
      "ResponseBody": "{\r\n  \"status\": \"Dequeued\"\r\n}",
      "StatusCode": 200
    },
    {
      "RequestUri": "/subscriptions/ec0aa5f7-9e78-40c9-85cd-535c6305b380/providers/Microsoft.DocumentDB/locations/westus/operationsStatus/5e7d0098-2b8f-4391-bf47-e1b41dd649c8?api-version=2019-12-12",
      "EncodedRequestUri": "L3N1YnNjcmlwdGlvbnMvZWMwYWE1ZjctOWU3OC00MGM5LTg1Y2QtNTM1YzYzMDViMzgwL3Byb3ZpZGVycy9NaWNyb3NvZnQuRG9jdW1lbnREQi9sb2NhdGlvbnMvd2VzdHVzL29wZXJhdGlvbnNTdGF0dXMvNWU3ZDAwOTgtMmI4Zi00MzkxLWJmNDctZTFiNDFkZDY0OWM4P2FwaS12ZXJzaW9uPTIwMTktMTItMTI=",
      "RequestMethod": "GET",
      "RequestBody": "",
      "RequestHeaders": {
        "User-Agent": [
          "FxVersion/4.6.28325.01",
          "OSName/Windows",
          "OSVersion/Microsoft.Windows.10.0.17763.",
          "Microsoft.Azure.Management.CosmosDB.Fluent.CosmosDBManagementClient/1.0.0.64",
          "MacAddressHash/b3a7da489b162813d4ec18a0dd31725e1e60cc711ab71fb06adb74396c432148"
        ]
      },
      "ResponseHeaders": {
        "Cache-Control": [
          "no-store, no-cache"
        ],
        "Pragma": [
          "no-cache"
        ],
        "Strict-Transport-Security": [
          "max-age=31536000; includeSubDomains"
        ],
        "x-ms-gatewayversion": [
          "version=2.9.2"
        ],
        "Server": [
          "Microsoft-HTTPAPI/2.0"
        ],
        "x-ms-ratelimit-remaining-subscription-reads": [
          "11976"
        ],
        "x-ms-request-id": [
          "32fe6197-9640-4aa9-a70f-5146101d5759"
        ],
        "x-ms-correlation-request-id": [
          "32fe6197-9640-4aa9-a70f-5146101d5759"
        ],
        "x-ms-routing-request-id": [
          "SOUTHEASTASIA:20200304T111511Z:32fe6197-9640-4aa9-a70f-5146101d5759"
        ],
        "X-Content-Type-Options": [
          "nosniff"
        ],
        "Date": [
          "Wed, 04 Mar 2020 11:15:10 GMT"
        ],
        "Content-Length": [
          "21"
        ],
        "Content-Type": [
          "application/json"
        ],
        "Content-Location": [
          "https://management.documents.azure.com:450/subscriptions/ec0aa5f7-9e78-40c9-85cd-535c6305b380/providers/Microsoft.DocumentDB/locations/westus/operationsStatus/5e7d0098-2b8f-4391-bf47-e1b41dd649c8?api-version=2019-12-12"
        ]
      },
      "ResponseBody": "{\r\n  \"status\": \"Dequeued\"\r\n}",
      "StatusCode": 200
    },
    {
      "RequestUri": "/subscriptions/ec0aa5f7-9e78-40c9-85cd-535c6305b380/providers/Microsoft.DocumentDB/locations/westus/operationsStatus/5e7d0098-2b8f-4391-bf47-e1b41dd649c8?api-version=2019-12-12",
      "EncodedRequestUri": "L3N1YnNjcmlwdGlvbnMvZWMwYWE1ZjctOWU3OC00MGM5LTg1Y2QtNTM1YzYzMDViMzgwL3Byb3ZpZGVycy9NaWNyb3NvZnQuRG9jdW1lbnREQi9sb2NhdGlvbnMvd2VzdHVzL29wZXJhdGlvbnNTdGF0dXMvNWU3ZDAwOTgtMmI4Zi00MzkxLWJmNDctZTFiNDFkZDY0OWM4P2FwaS12ZXJzaW9uPTIwMTktMTItMTI=",
      "RequestMethod": "GET",
      "RequestBody": "",
      "RequestHeaders": {
        "User-Agent": [
          "FxVersion/4.6.28325.01",
          "OSName/Windows",
          "OSVersion/Microsoft.Windows.10.0.17763.",
          "Microsoft.Azure.Management.CosmosDB.Fluent.CosmosDBManagementClient/1.0.0.64",
          "MacAddressHash/b3a7da489b162813d4ec18a0dd31725e1e60cc711ab71fb06adb74396c432148"
        ]
      },
      "ResponseHeaders": {
        "Cache-Control": [
          "no-store, no-cache"
        ],
        "Pragma": [
          "no-cache"
        ],
        "Strict-Transport-Security": [
          "max-age=31536000; includeSubDomains"
        ],
        "x-ms-gatewayversion": [
          "version=2.9.2"
        ],
        "Server": [
          "Microsoft-HTTPAPI/2.0"
        ],
        "x-ms-ratelimit-remaining-subscription-reads": [
          "11975"
        ],
        "x-ms-request-id": [
          "51f0b8bf-45dd-4739-8fc5-5071eab96619"
        ],
        "x-ms-correlation-request-id": [
          "51f0b8bf-45dd-4739-8fc5-5071eab96619"
        ],
        "x-ms-routing-request-id": [
          "SOUTHEASTASIA:20200304T111541Z:51f0b8bf-45dd-4739-8fc5-5071eab96619"
        ],
        "X-Content-Type-Options": [
          "nosniff"
        ],
        "Date": [
          "Wed, 04 Mar 2020 11:15:40 GMT"
        ],
        "Content-Length": [
          "21"
        ],
        "Content-Type": [
          "application/json"
        ],
        "Content-Location": [
          "https://management.documents.azure.com:450/subscriptions/ec0aa5f7-9e78-40c9-85cd-535c6305b380/providers/Microsoft.DocumentDB/locations/westus/operationsStatus/5e7d0098-2b8f-4391-bf47-e1b41dd649c8?api-version=2019-12-12"
        ]
      },
      "ResponseBody": "{\r\n  \"status\": \"Dequeued\"\r\n}",
      "StatusCode": 200
    },
    {
      "RequestUri": "/subscriptions/ec0aa5f7-9e78-40c9-85cd-535c6305b380/providers/Microsoft.DocumentDB/locations/westus/operationsStatus/5e7d0098-2b8f-4391-bf47-e1b41dd649c8?api-version=2019-12-12",
      "EncodedRequestUri": "L3N1YnNjcmlwdGlvbnMvZWMwYWE1ZjctOWU3OC00MGM5LTg1Y2QtNTM1YzYzMDViMzgwL3Byb3ZpZGVycy9NaWNyb3NvZnQuRG9jdW1lbnREQi9sb2NhdGlvbnMvd2VzdHVzL29wZXJhdGlvbnNTdGF0dXMvNWU3ZDAwOTgtMmI4Zi00MzkxLWJmNDctZTFiNDFkZDY0OWM4P2FwaS12ZXJzaW9uPTIwMTktMTItMTI=",
      "RequestMethod": "GET",
      "RequestBody": "",
      "RequestHeaders": {
        "User-Agent": [
          "FxVersion/4.6.28325.01",
          "OSName/Windows",
          "OSVersion/Microsoft.Windows.10.0.17763.",
          "Microsoft.Azure.Management.CosmosDB.Fluent.CosmosDBManagementClient/1.0.0.64",
          "MacAddressHash/b3a7da489b162813d4ec18a0dd31725e1e60cc711ab71fb06adb74396c432148"
        ]
      },
      "ResponseHeaders": {
        "Cache-Control": [
          "no-store, no-cache"
        ],
        "Pragma": [
          "no-cache"
        ],
        "Strict-Transport-Security": [
          "max-age=31536000; includeSubDomains"
        ],
        "x-ms-gatewayversion": [
          "version=2.9.2"
        ],
        "Server": [
          "Microsoft-HTTPAPI/2.0"
        ],
        "x-ms-ratelimit-remaining-subscription-reads": [
          "11974"
        ],
        "x-ms-request-id": [
          "0386b725-0066-4114-93e5-84259c453fc1"
        ],
        "x-ms-correlation-request-id": [
          "0386b725-0066-4114-93e5-84259c453fc1"
        ],
        "x-ms-routing-request-id": [
          "SOUTHEASTASIA:20200304T111612Z:0386b725-0066-4114-93e5-84259c453fc1"
        ],
        "X-Content-Type-Options": [
          "nosniff"
        ],
        "Date": [
          "Wed, 04 Mar 2020 11:16:12 GMT"
        ],
        "Content-Length": [
          "21"
        ],
        "Content-Type": [
          "application/json"
        ],
        "Content-Location": [
          "https://management.documents.azure.com:450/subscriptions/ec0aa5f7-9e78-40c9-85cd-535c6305b380/providers/Microsoft.DocumentDB/locations/westus/operationsStatus/5e7d0098-2b8f-4391-bf47-e1b41dd649c8?api-version=2019-12-12"
        ]
      },
      "ResponseBody": "{\r\n  \"status\": \"Dequeued\"\r\n}",
      "StatusCode": 200
    },
    {
      "RequestUri": "/subscriptions/ec0aa5f7-9e78-40c9-85cd-535c6305b380/providers/Microsoft.DocumentDB/locations/westus/operationsStatus/5e7d0098-2b8f-4391-bf47-e1b41dd649c8?api-version=2019-12-12",
      "EncodedRequestUri": "L3N1YnNjcmlwdGlvbnMvZWMwYWE1ZjctOWU3OC00MGM5LTg1Y2QtNTM1YzYzMDViMzgwL3Byb3ZpZGVycy9NaWNyb3NvZnQuRG9jdW1lbnREQi9sb2NhdGlvbnMvd2VzdHVzL29wZXJhdGlvbnNTdGF0dXMvNWU3ZDAwOTgtMmI4Zi00MzkxLWJmNDctZTFiNDFkZDY0OWM4P2FwaS12ZXJzaW9uPTIwMTktMTItMTI=",
      "RequestMethod": "GET",
      "RequestBody": "",
      "RequestHeaders": {
        "User-Agent": [
          "FxVersion/4.6.28325.01",
          "OSName/Windows",
          "OSVersion/Microsoft.Windows.10.0.17763.",
          "Microsoft.Azure.Management.CosmosDB.Fluent.CosmosDBManagementClient/1.0.0.64",
          "MacAddressHash/b3a7da489b162813d4ec18a0dd31725e1e60cc711ab71fb06adb74396c432148"
        ]
      },
      "ResponseHeaders": {
        "Cache-Control": [
          "no-store, no-cache"
        ],
        "Pragma": [
          "no-cache"
        ],
        "Strict-Transport-Security": [
          "max-age=31536000; includeSubDomains"
        ],
        "x-ms-gatewayversion": [
          "version=2.9.2"
        ],
        "Server": [
          "Microsoft-HTTPAPI/2.0"
        ],
        "x-ms-ratelimit-remaining-subscription-reads": [
          "11973"
        ],
        "x-ms-request-id": [
          "2d61d943-b83c-4daa-8ad4-690c452cafcc"
        ],
        "x-ms-correlation-request-id": [
          "2d61d943-b83c-4daa-8ad4-690c452cafcc"
        ],
        "x-ms-routing-request-id": [
          "SOUTHEASTASIA:20200304T111642Z:2d61d943-b83c-4daa-8ad4-690c452cafcc"
        ],
        "X-Content-Type-Options": [
          "nosniff"
        ],
        "Date": [
          "Wed, 04 Mar 2020 11:16:42 GMT"
        ],
        "Content-Length": [
          "21"
        ],
        "Content-Type": [
          "application/json"
        ],
        "Content-Location": [
          "https://management.documents.azure.com:450/subscriptions/ec0aa5f7-9e78-40c9-85cd-535c6305b380/providers/Microsoft.DocumentDB/locations/westus/operationsStatus/5e7d0098-2b8f-4391-bf47-e1b41dd649c8?api-version=2019-12-12"
        ]
      },
      "ResponseBody": "{\r\n  \"status\": \"Dequeued\"\r\n}",
      "StatusCode": 200
    },
    {
      "RequestUri": "/subscriptions/ec0aa5f7-9e78-40c9-85cd-535c6305b380/providers/Microsoft.DocumentDB/locations/westus/operationsStatus/5e7d0098-2b8f-4391-bf47-e1b41dd649c8?api-version=2019-12-12",
      "EncodedRequestUri": "L3N1YnNjcmlwdGlvbnMvZWMwYWE1ZjctOWU3OC00MGM5LTg1Y2QtNTM1YzYzMDViMzgwL3Byb3ZpZGVycy9NaWNyb3NvZnQuRG9jdW1lbnREQi9sb2NhdGlvbnMvd2VzdHVzL29wZXJhdGlvbnNTdGF0dXMvNWU3ZDAwOTgtMmI4Zi00MzkxLWJmNDctZTFiNDFkZDY0OWM4P2FwaS12ZXJzaW9uPTIwMTktMTItMTI=",
      "RequestMethod": "GET",
      "RequestBody": "",
      "RequestHeaders": {
        "User-Agent": [
          "FxVersion/4.6.28325.01",
          "OSName/Windows",
          "OSVersion/Microsoft.Windows.10.0.17763.",
          "Microsoft.Azure.Management.CosmosDB.Fluent.CosmosDBManagementClient/1.0.0.64",
          "MacAddressHash/b3a7da489b162813d4ec18a0dd31725e1e60cc711ab71fb06adb74396c432148"
        ]
      },
      "ResponseHeaders": {
        "Cache-Control": [
          "no-store, no-cache"
        ],
        "Pragma": [
          "no-cache"
        ],
        "Strict-Transport-Security": [
          "max-age=31536000; includeSubDomains"
        ],
        "x-ms-gatewayversion": [
          "version=2.9.2"
        ],
        "Server": [
          "Microsoft-HTTPAPI/2.0"
        ],
        "x-ms-ratelimit-remaining-subscription-reads": [
          "11972"
        ],
        "x-ms-request-id": [
          "2edcd4a5-16ec-462d-9cb7-c6dbaf009c2d"
        ],
        "x-ms-correlation-request-id": [
          "2edcd4a5-16ec-462d-9cb7-c6dbaf009c2d"
        ],
        "x-ms-routing-request-id": [
          "SOUTHEASTASIA:20200304T111713Z:2edcd4a5-16ec-462d-9cb7-c6dbaf009c2d"
        ],
        "X-Content-Type-Options": [
          "nosniff"
        ],
        "Date": [
          "Wed, 04 Mar 2020 11:17:12 GMT"
        ],
        "Content-Length": [
          "21"
        ],
        "Content-Type": [
          "application/json"
        ],
        "Content-Location": [
          "https://management.documents.azure.com:450/subscriptions/ec0aa5f7-9e78-40c9-85cd-535c6305b380/providers/Microsoft.DocumentDB/locations/westus/operationsStatus/5e7d0098-2b8f-4391-bf47-e1b41dd649c8?api-version=2019-12-12"
        ]
      },
      "ResponseBody": "{\r\n  \"status\": \"Dequeued\"\r\n}",
      "StatusCode": 200
    },
    {
      "RequestUri": "/subscriptions/ec0aa5f7-9e78-40c9-85cd-535c6305b380/providers/Microsoft.DocumentDB/locations/westus/operationsStatus/5e7d0098-2b8f-4391-bf47-e1b41dd649c8?api-version=2019-12-12",
      "EncodedRequestUri": "L3N1YnNjcmlwdGlvbnMvZWMwYWE1ZjctOWU3OC00MGM5LTg1Y2QtNTM1YzYzMDViMzgwL3Byb3ZpZGVycy9NaWNyb3NvZnQuRG9jdW1lbnREQi9sb2NhdGlvbnMvd2VzdHVzL29wZXJhdGlvbnNTdGF0dXMvNWU3ZDAwOTgtMmI4Zi00MzkxLWJmNDctZTFiNDFkZDY0OWM4P2FwaS12ZXJzaW9uPTIwMTktMTItMTI=",
      "RequestMethod": "GET",
      "RequestBody": "",
      "RequestHeaders": {
        "User-Agent": [
          "FxVersion/4.6.28325.01",
          "OSName/Windows",
          "OSVersion/Microsoft.Windows.10.0.17763.",
          "Microsoft.Azure.Management.CosmosDB.Fluent.CosmosDBManagementClient/1.0.0.64",
          "MacAddressHash/b3a7da489b162813d4ec18a0dd31725e1e60cc711ab71fb06adb74396c432148"
        ]
      },
      "ResponseHeaders": {
        "Cache-Control": [
          "no-store, no-cache"
        ],
        "Pragma": [
          "no-cache"
        ],
        "Strict-Transport-Security": [
          "max-age=31536000; includeSubDomains"
        ],
        "x-ms-gatewayversion": [
          "version=2.9.2"
        ],
        "Server": [
          "Microsoft-HTTPAPI/2.0"
        ],
        "x-ms-ratelimit-remaining-subscription-reads": [
          "11971"
        ],
        "x-ms-request-id": [
          "654eebde-1928-41ab-b632-13306f34f68c"
        ],
        "x-ms-correlation-request-id": [
          "654eebde-1928-41ab-b632-13306f34f68c"
        ],
        "x-ms-routing-request-id": [
          "SOUTHEASTASIA:20200304T111743Z:654eebde-1928-41ab-b632-13306f34f68c"
        ],
        "X-Content-Type-Options": [
          "nosniff"
        ],
        "Date": [
          "Wed, 04 Mar 2020 11:17:42 GMT"
        ],
        "Content-Length": [
          "21"
        ],
        "Content-Type": [
          "application/json"
        ],
        "Content-Location": [
          "https://management.documents.azure.com:450/subscriptions/ec0aa5f7-9e78-40c9-85cd-535c6305b380/providers/Microsoft.DocumentDB/locations/westus/operationsStatus/5e7d0098-2b8f-4391-bf47-e1b41dd649c8?api-version=2019-12-12"
        ]
      },
      "ResponseBody": "{\r\n  \"status\": \"Dequeued\"\r\n}",
      "StatusCode": 200
    },
    {
      "RequestUri": "/subscriptions/ec0aa5f7-9e78-40c9-85cd-535c6305b380/providers/Microsoft.DocumentDB/locations/westus/operationsStatus/5e7d0098-2b8f-4391-bf47-e1b41dd649c8?api-version=2019-12-12",
      "EncodedRequestUri": "L3N1YnNjcmlwdGlvbnMvZWMwYWE1ZjctOWU3OC00MGM5LTg1Y2QtNTM1YzYzMDViMzgwL3Byb3ZpZGVycy9NaWNyb3NvZnQuRG9jdW1lbnREQi9sb2NhdGlvbnMvd2VzdHVzL29wZXJhdGlvbnNTdGF0dXMvNWU3ZDAwOTgtMmI4Zi00MzkxLWJmNDctZTFiNDFkZDY0OWM4P2FwaS12ZXJzaW9uPTIwMTktMTItMTI=",
      "RequestMethod": "GET",
      "RequestBody": "",
      "RequestHeaders": {
        "User-Agent": [
          "FxVersion/4.6.28325.01",
          "OSName/Windows",
          "OSVersion/Microsoft.Windows.10.0.17763.",
          "Microsoft.Azure.Management.CosmosDB.Fluent.CosmosDBManagementClient/1.0.0.64",
          "MacAddressHash/b3a7da489b162813d4ec18a0dd31725e1e60cc711ab71fb06adb74396c432148"
        ]
      },
      "ResponseHeaders": {
        "Cache-Control": [
          "no-store, no-cache"
        ],
        "Pragma": [
          "no-cache"
        ],
        "Strict-Transport-Security": [
          "max-age=31536000; includeSubDomains"
        ],
        "x-ms-gatewayversion": [
          "version=2.9.2"
        ],
        "Server": [
          "Microsoft-HTTPAPI/2.0"
        ],
        "x-ms-ratelimit-remaining-subscription-reads": [
          "11970"
        ],
        "x-ms-request-id": [
          "d8cfe9ff-9ac4-49ae-92d6-9b066b8bf9ef"
        ],
        "x-ms-correlation-request-id": [
          "d8cfe9ff-9ac4-49ae-92d6-9b066b8bf9ef"
        ],
        "x-ms-routing-request-id": [
          "SOUTHEASTASIA:20200304T111814Z:d8cfe9ff-9ac4-49ae-92d6-9b066b8bf9ef"
        ],
        "X-Content-Type-Options": [
          "nosniff"
        ],
        "Date": [
          "Wed, 04 Mar 2020 11:18:14 GMT"
        ],
        "Content-Length": [
          "21"
        ],
        "Content-Type": [
          "application/json"
        ],
        "Content-Location": [
          "https://management.documents.azure.com:450/subscriptions/ec0aa5f7-9e78-40c9-85cd-535c6305b380/providers/Microsoft.DocumentDB/locations/westus/operationsStatus/5e7d0098-2b8f-4391-bf47-e1b41dd649c8?api-version=2019-12-12"
        ]
      },
      "ResponseBody": "{\r\n  \"status\": \"Dequeued\"\r\n}",
      "StatusCode": 200
    },
    {
      "RequestUri": "/subscriptions/ec0aa5f7-9e78-40c9-85cd-535c6305b380/providers/Microsoft.DocumentDB/locations/westus/operationsStatus/5e7d0098-2b8f-4391-bf47-e1b41dd649c8?api-version=2019-12-12",
      "EncodedRequestUri": "L3N1YnNjcmlwdGlvbnMvZWMwYWE1ZjctOWU3OC00MGM5LTg1Y2QtNTM1YzYzMDViMzgwL3Byb3ZpZGVycy9NaWNyb3NvZnQuRG9jdW1lbnREQi9sb2NhdGlvbnMvd2VzdHVzL29wZXJhdGlvbnNTdGF0dXMvNWU3ZDAwOTgtMmI4Zi00MzkxLWJmNDctZTFiNDFkZDY0OWM4P2FwaS12ZXJzaW9uPTIwMTktMTItMTI=",
      "RequestMethod": "GET",
      "RequestBody": "",
      "RequestHeaders": {
        "User-Agent": [
          "FxVersion/4.6.28325.01",
          "OSName/Windows",
          "OSVersion/Microsoft.Windows.10.0.17763.",
          "Microsoft.Azure.Management.CosmosDB.Fluent.CosmosDBManagementClient/1.0.0.64",
          "MacAddressHash/b3a7da489b162813d4ec18a0dd31725e1e60cc711ab71fb06adb74396c432148"
        ]
      },
      "ResponseHeaders": {
        "Cache-Control": [
          "no-store, no-cache"
        ],
        "Pragma": [
          "no-cache"
        ],
        "Strict-Transport-Security": [
          "max-age=31536000; includeSubDomains"
        ],
        "x-ms-gatewayversion": [
          "version=2.9.2"
        ],
        "Server": [
          "Microsoft-HTTPAPI/2.0"
        ],
        "x-ms-ratelimit-remaining-subscription-reads": [
          "11969"
        ],
        "x-ms-request-id": [
          "48ba73cc-f9dc-448f-b45b-0f3bc3fab0bb"
        ],
        "x-ms-correlation-request-id": [
          "48ba73cc-f9dc-448f-b45b-0f3bc3fab0bb"
        ],
        "x-ms-routing-request-id": [
          "SOUTHEASTASIA:20200304T111845Z:48ba73cc-f9dc-448f-b45b-0f3bc3fab0bb"
        ],
        "X-Content-Type-Options": [
          "nosniff"
        ],
        "Date": [
          "Wed, 04 Mar 2020 11:18:44 GMT"
        ],
        "Content-Length": [
          "21"
        ],
        "Content-Type": [
          "application/json"
        ],
        "Content-Location": [
          "https://management.documents.azure.com:450/subscriptions/ec0aa5f7-9e78-40c9-85cd-535c6305b380/providers/Microsoft.DocumentDB/locations/westus/operationsStatus/5e7d0098-2b8f-4391-bf47-e1b41dd649c8?api-version=2019-12-12"
        ]
      },
      "ResponseBody": "{\r\n  \"status\": \"Dequeued\"\r\n}",
      "StatusCode": 200
    },
    {
      "RequestUri": "/subscriptions/ec0aa5f7-9e78-40c9-85cd-535c6305b380/providers/Microsoft.DocumentDB/locations/westus/operationsStatus/5e7d0098-2b8f-4391-bf47-e1b41dd649c8?api-version=2019-12-12",
      "EncodedRequestUri": "L3N1YnNjcmlwdGlvbnMvZWMwYWE1ZjctOWU3OC00MGM5LTg1Y2QtNTM1YzYzMDViMzgwL3Byb3ZpZGVycy9NaWNyb3NvZnQuRG9jdW1lbnREQi9sb2NhdGlvbnMvd2VzdHVzL29wZXJhdGlvbnNTdGF0dXMvNWU3ZDAwOTgtMmI4Zi00MzkxLWJmNDctZTFiNDFkZDY0OWM4P2FwaS12ZXJzaW9uPTIwMTktMTItMTI=",
      "RequestMethod": "GET",
      "RequestBody": "",
      "RequestHeaders": {
        "User-Agent": [
          "FxVersion/4.6.28325.01",
          "OSName/Windows",
          "OSVersion/Microsoft.Windows.10.0.17763.",
          "Microsoft.Azure.Management.CosmosDB.Fluent.CosmosDBManagementClient/1.0.0.64",
          "MacAddressHash/b3a7da489b162813d4ec18a0dd31725e1e60cc711ab71fb06adb74396c432148"
        ]
      },
      "ResponseHeaders": {
        "Cache-Control": [
          "no-store, no-cache"
        ],
        "Pragma": [
          "no-cache"
        ],
        "Strict-Transport-Security": [
          "max-age=31536000; includeSubDomains"
        ],
        "x-ms-gatewayversion": [
          "version=2.9.2"
        ],
        "Server": [
          "Microsoft-HTTPAPI/2.0"
        ],
        "x-ms-ratelimit-remaining-subscription-reads": [
          "11968"
        ],
        "x-ms-request-id": [
          "d0eec68b-28ae-46a1-8928-db0dd6fb29ef"
        ],
        "x-ms-correlation-request-id": [
          "d0eec68b-28ae-46a1-8928-db0dd6fb29ef"
        ],
        "x-ms-routing-request-id": [
          "SOUTHEASTASIA:20200304T111916Z:d0eec68b-28ae-46a1-8928-db0dd6fb29ef"
        ],
        "X-Content-Type-Options": [
          "nosniff"
        ],
        "Date": [
          "Wed, 04 Mar 2020 11:19:15 GMT"
        ],
        "Content-Length": [
          "21"
        ],
        "Content-Type": [
          "application/json"
        ],
        "Content-Location": [
          "https://management.documents.azure.com:450/subscriptions/ec0aa5f7-9e78-40c9-85cd-535c6305b380/providers/Microsoft.DocumentDB/locations/westus/operationsStatus/5e7d0098-2b8f-4391-bf47-e1b41dd649c8?api-version=2019-12-12"
        ]
      },
      "ResponseBody": "{\r\n  \"status\": \"Dequeued\"\r\n}",
      "StatusCode": 200
    },
    {
      "RequestUri": "/subscriptions/ec0aa5f7-9e78-40c9-85cd-535c6305b380/providers/Microsoft.DocumentDB/locations/westus/operationsStatus/5e7d0098-2b8f-4391-bf47-e1b41dd649c8?api-version=2019-12-12",
      "EncodedRequestUri": "L3N1YnNjcmlwdGlvbnMvZWMwYWE1ZjctOWU3OC00MGM5LTg1Y2QtNTM1YzYzMDViMzgwL3Byb3ZpZGVycy9NaWNyb3NvZnQuRG9jdW1lbnREQi9sb2NhdGlvbnMvd2VzdHVzL29wZXJhdGlvbnNTdGF0dXMvNWU3ZDAwOTgtMmI4Zi00MzkxLWJmNDctZTFiNDFkZDY0OWM4P2FwaS12ZXJzaW9uPTIwMTktMTItMTI=",
      "RequestMethod": "GET",
      "RequestBody": "",
      "RequestHeaders": {
        "User-Agent": [
          "FxVersion/4.6.28325.01",
          "OSName/Windows",
          "OSVersion/Microsoft.Windows.10.0.17763.",
          "Microsoft.Azure.Management.CosmosDB.Fluent.CosmosDBManagementClient/1.0.0.64",
          "MacAddressHash/b3a7da489b162813d4ec18a0dd31725e1e60cc711ab71fb06adb74396c432148"
        ]
      },
      "ResponseHeaders": {
        "Cache-Control": [
          "no-store, no-cache"
        ],
        "Pragma": [
          "no-cache"
        ],
        "Strict-Transport-Security": [
          "max-age=31536000; includeSubDomains"
        ],
        "x-ms-gatewayversion": [
          "version=2.9.2"
        ],
        "Server": [
          "Microsoft-HTTPAPI/2.0"
        ],
        "x-ms-ratelimit-remaining-subscription-reads": [
          "11967"
        ],
        "x-ms-request-id": [
          "d09f1e42-b843-4351-ac65-e6e8446067a1"
        ],
        "x-ms-correlation-request-id": [
          "d09f1e42-b843-4351-ac65-e6e8446067a1"
        ],
        "x-ms-routing-request-id": [
          "SOUTHEASTASIA:20200304T111946Z:d09f1e42-b843-4351-ac65-e6e8446067a1"
        ],
        "X-Content-Type-Options": [
          "nosniff"
        ],
        "Date": [
          "Wed, 04 Mar 2020 11:19:46 GMT"
        ],
        "Content-Length": [
          "21"
        ],
        "Content-Type": [
          "application/json"
        ],
        "Content-Location": [
          "https://management.documents.azure.com:450/subscriptions/ec0aa5f7-9e78-40c9-85cd-535c6305b380/providers/Microsoft.DocumentDB/locations/westus/operationsStatus/5e7d0098-2b8f-4391-bf47-e1b41dd649c8?api-version=2019-12-12"
        ]
      },
      "ResponseBody": "{\r\n  \"status\": \"Dequeued\"\r\n}",
      "StatusCode": 200
    },
    {
      "RequestUri": "/subscriptions/ec0aa5f7-9e78-40c9-85cd-535c6305b380/providers/Microsoft.DocumentDB/locations/westus/operationsStatus/5e7d0098-2b8f-4391-bf47-e1b41dd649c8?api-version=2019-12-12",
      "EncodedRequestUri": "L3N1YnNjcmlwdGlvbnMvZWMwYWE1ZjctOWU3OC00MGM5LTg1Y2QtNTM1YzYzMDViMzgwL3Byb3ZpZGVycy9NaWNyb3NvZnQuRG9jdW1lbnREQi9sb2NhdGlvbnMvd2VzdHVzL29wZXJhdGlvbnNTdGF0dXMvNWU3ZDAwOTgtMmI4Zi00MzkxLWJmNDctZTFiNDFkZDY0OWM4P2FwaS12ZXJzaW9uPTIwMTktMTItMTI=",
      "RequestMethod": "GET",
      "RequestBody": "",
      "RequestHeaders": {
        "User-Agent": [
          "FxVersion/4.6.28325.01",
          "OSName/Windows",
          "OSVersion/Microsoft.Windows.10.0.17763.",
          "Microsoft.Azure.Management.CosmosDB.Fluent.CosmosDBManagementClient/1.0.0.64",
          "MacAddressHash/b3a7da489b162813d4ec18a0dd31725e1e60cc711ab71fb06adb74396c432148"
        ]
      },
      "ResponseHeaders": {
        "Cache-Control": [
          "no-store, no-cache"
        ],
        "Pragma": [
          "no-cache"
        ],
        "Strict-Transport-Security": [
          "max-age=31536000; includeSubDomains"
        ],
        "x-ms-gatewayversion": [
          "version=2.9.2"
        ],
        "Server": [
          "Microsoft-HTTPAPI/2.0"
        ],
        "x-ms-ratelimit-remaining-subscription-reads": [
          "11966"
        ],
        "x-ms-request-id": [
          "36625a0c-6938-4e03-afe5-b9a66ef34d28"
        ],
        "x-ms-correlation-request-id": [
          "36625a0c-6938-4e03-afe5-b9a66ef34d28"
        ],
        "x-ms-routing-request-id": [
          "SOUTHEASTASIA:20200304T112017Z:36625a0c-6938-4e03-afe5-b9a66ef34d28"
        ],
        "X-Content-Type-Options": [
          "nosniff"
        ],
        "Date": [
          "Wed, 04 Mar 2020 11:20:16 GMT"
        ],
        "Content-Length": [
          "21"
        ],
        "Content-Type": [
          "application/json"
        ],
        "Content-Location": [
          "https://management.documents.azure.com:450/subscriptions/ec0aa5f7-9e78-40c9-85cd-535c6305b380/providers/Microsoft.DocumentDB/locations/westus/operationsStatus/5e7d0098-2b8f-4391-bf47-e1b41dd649c8?api-version=2019-12-12"
        ]
      },
      "ResponseBody": "{\r\n  \"status\": \"Dequeued\"\r\n}",
      "StatusCode": 200
    },
    {
      "RequestUri": "/subscriptions/ec0aa5f7-9e78-40c9-85cd-535c6305b380/providers/Microsoft.DocumentDB/locations/westus/operationsStatus/5e7d0098-2b8f-4391-bf47-e1b41dd649c8?api-version=2019-12-12",
      "EncodedRequestUri": "L3N1YnNjcmlwdGlvbnMvZWMwYWE1ZjctOWU3OC00MGM5LTg1Y2QtNTM1YzYzMDViMzgwL3Byb3ZpZGVycy9NaWNyb3NvZnQuRG9jdW1lbnREQi9sb2NhdGlvbnMvd2VzdHVzL29wZXJhdGlvbnNTdGF0dXMvNWU3ZDAwOTgtMmI4Zi00MzkxLWJmNDctZTFiNDFkZDY0OWM4P2FwaS12ZXJzaW9uPTIwMTktMTItMTI=",
      "RequestMethod": "GET",
      "RequestBody": "",
      "RequestHeaders": {
        "User-Agent": [
          "FxVersion/4.6.28325.01",
          "OSName/Windows",
          "OSVersion/Microsoft.Windows.10.0.17763.",
          "Microsoft.Azure.Management.CosmosDB.Fluent.CosmosDBManagementClient/1.0.0.64",
          "MacAddressHash/b3a7da489b162813d4ec18a0dd31725e1e60cc711ab71fb06adb74396c432148"
        ]
      },
      "ResponseHeaders": {
        "Cache-Control": [
          "no-store, no-cache"
        ],
        "Pragma": [
          "no-cache"
        ],
        "Strict-Transport-Security": [
          "max-age=31536000; includeSubDomains"
        ],
        "x-ms-gatewayversion": [
          "version=2.9.2"
        ],
        "Server": [
          "Microsoft-HTTPAPI/2.0"
        ],
        "x-ms-ratelimit-remaining-subscription-reads": [
          "11965"
        ],
        "x-ms-request-id": [
          "4d481672-1c75-4869-9c67-61ca6c6159d0"
        ],
        "x-ms-correlation-request-id": [
          "4d481672-1c75-4869-9c67-61ca6c6159d0"
        ],
        "x-ms-routing-request-id": [
          "SOUTHEASTASIA:20200304T112047Z:4d481672-1c75-4869-9c67-61ca6c6159d0"
        ],
        "X-Content-Type-Options": [
          "nosniff"
        ],
        "Date": [
          "Wed, 04 Mar 2020 11:20:46 GMT"
        ],
        "Content-Length": [
          "21"
        ],
        "Content-Type": [
          "application/json"
        ],
        "Content-Location": [
          "https://management.documents.azure.com:450/subscriptions/ec0aa5f7-9e78-40c9-85cd-535c6305b380/providers/Microsoft.DocumentDB/locations/westus/operationsStatus/5e7d0098-2b8f-4391-bf47-e1b41dd649c8?api-version=2019-12-12"
        ]
      },
      "ResponseBody": "{\r\n  \"status\": \"Dequeued\"\r\n}",
      "StatusCode": 200
    },
    {
      "RequestUri": "/subscriptions/ec0aa5f7-9e78-40c9-85cd-535c6305b380/providers/Microsoft.DocumentDB/locations/westus/operationsStatus/5e7d0098-2b8f-4391-bf47-e1b41dd649c8?api-version=2019-12-12",
      "EncodedRequestUri": "L3N1YnNjcmlwdGlvbnMvZWMwYWE1ZjctOWU3OC00MGM5LTg1Y2QtNTM1YzYzMDViMzgwL3Byb3ZpZGVycy9NaWNyb3NvZnQuRG9jdW1lbnREQi9sb2NhdGlvbnMvd2VzdHVzL29wZXJhdGlvbnNTdGF0dXMvNWU3ZDAwOTgtMmI4Zi00MzkxLWJmNDctZTFiNDFkZDY0OWM4P2FwaS12ZXJzaW9uPTIwMTktMTItMTI=",
      "RequestMethod": "GET",
      "RequestBody": "",
      "RequestHeaders": {
        "User-Agent": [
          "FxVersion/4.6.28325.01",
          "OSName/Windows",
          "OSVersion/Microsoft.Windows.10.0.17763.",
          "Microsoft.Azure.Management.CosmosDB.Fluent.CosmosDBManagementClient/1.0.0.64",
          "MacAddressHash/b3a7da489b162813d4ec18a0dd31725e1e60cc711ab71fb06adb74396c432148"
        ]
      },
      "ResponseHeaders": {
        "Cache-Control": [
          "no-store, no-cache"
        ],
        "Pragma": [
          "no-cache"
        ],
        "Strict-Transport-Security": [
          "max-age=31536000; includeSubDomains"
        ],
        "x-ms-gatewayversion": [
          "version=2.9.2"
        ],
        "Server": [
          "Microsoft-HTTPAPI/2.0"
        ],
        "x-ms-ratelimit-remaining-subscription-reads": [
          "11964"
        ],
        "x-ms-request-id": [
          "0963acb8-8e59-4922-a9bd-62169bafe878"
        ],
        "x-ms-correlation-request-id": [
          "0963acb8-8e59-4922-a9bd-62169bafe878"
        ],
        "x-ms-routing-request-id": [
          "SOUTHEASTASIA:20200304T112117Z:0963acb8-8e59-4922-a9bd-62169bafe878"
        ],
        "X-Content-Type-Options": [
          "nosniff"
        ],
        "Date": [
          "Wed, 04 Mar 2020 11:21:16 GMT"
        ],
        "Content-Length": [
          "21"
        ],
        "Content-Type": [
          "application/json"
        ],
        "Content-Location": [
          "https://management.documents.azure.com:450/subscriptions/ec0aa5f7-9e78-40c9-85cd-535c6305b380/providers/Microsoft.DocumentDB/locations/westus/operationsStatus/5e7d0098-2b8f-4391-bf47-e1b41dd649c8?api-version=2019-12-12"
        ]
      },
      "ResponseBody": "{\r\n  \"status\": \"Dequeued\"\r\n}",
      "StatusCode": 200
    },
    {
      "RequestUri": "/subscriptions/ec0aa5f7-9e78-40c9-85cd-535c6305b380/providers/Microsoft.DocumentDB/locations/westus/operationsStatus/5e7d0098-2b8f-4391-bf47-e1b41dd649c8?api-version=2019-12-12",
      "EncodedRequestUri": "L3N1YnNjcmlwdGlvbnMvZWMwYWE1ZjctOWU3OC00MGM5LTg1Y2QtNTM1YzYzMDViMzgwL3Byb3ZpZGVycy9NaWNyb3NvZnQuRG9jdW1lbnREQi9sb2NhdGlvbnMvd2VzdHVzL29wZXJhdGlvbnNTdGF0dXMvNWU3ZDAwOTgtMmI4Zi00MzkxLWJmNDctZTFiNDFkZDY0OWM4P2FwaS12ZXJzaW9uPTIwMTktMTItMTI=",
      "RequestMethod": "GET",
      "RequestBody": "",
      "RequestHeaders": {
        "User-Agent": [
          "FxVersion/4.6.28325.01",
          "OSName/Windows",
          "OSVersion/Microsoft.Windows.10.0.17763.",
          "Microsoft.Azure.Management.CosmosDB.Fluent.CosmosDBManagementClient/1.0.0.64",
          "MacAddressHash/b3a7da489b162813d4ec18a0dd31725e1e60cc711ab71fb06adb74396c432148"
        ]
      },
      "ResponseHeaders": {
        "Cache-Control": [
          "no-store, no-cache"
        ],
        "Pragma": [
          "no-cache"
        ],
        "Strict-Transport-Security": [
          "max-age=31536000; includeSubDomains"
        ],
        "x-ms-gatewayversion": [
          "version=2.9.2"
        ],
        "Server": [
          "Microsoft-HTTPAPI/2.0"
        ],
        "x-ms-ratelimit-remaining-subscription-reads": [
          "11963"
        ],
        "x-ms-request-id": [
          "6d420633-5094-4581-9ea7-e0de06a43f53"
        ],
        "x-ms-correlation-request-id": [
          "6d420633-5094-4581-9ea7-e0de06a43f53"
        ],
        "x-ms-routing-request-id": [
          "SOUTHEASTASIA:20200304T112147Z:6d420633-5094-4581-9ea7-e0de06a43f53"
        ],
        "X-Content-Type-Options": [
          "nosniff"
        ],
        "Date": [
          "Wed, 04 Mar 2020 11:21:47 GMT"
        ],
        "Content-Length": [
          "21"
        ],
        "Content-Type": [
          "application/json"
        ],
        "Content-Location": [
          "https://management.documents.azure.com:450/subscriptions/ec0aa5f7-9e78-40c9-85cd-535c6305b380/providers/Microsoft.DocumentDB/locations/westus/operationsStatus/5e7d0098-2b8f-4391-bf47-e1b41dd649c8?api-version=2019-12-12"
        ]
      },
      "ResponseBody": "{\r\n  \"status\": \"Dequeued\"\r\n}",
      "StatusCode": 200
    },
    {
      "RequestUri": "/subscriptions/ec0aa5f7-9e78-40c9-85cd-535c6305b380/providers/Microsoft.DocumentDB/locations/westus/operationsStatus/5e7d0098-2b8f-4391-bf47-e1b41dd649c8?api-version=2019-12-12",
      "EncodedRequestUri": "L3N1YnNjcmlwdGlvbnMvZWMwYWE1ZjctOWU3OC00MGM5LTg1Y2QtNTM1YzYzMDViMzgwL3Byb3ZpZGVycy9NaWNyb3NvZnQuRG9jdW1lbnREQi9sb2NhdGlvbnMvd2VzdHVzL29wZXJhdGlvbnNTdGF0dXMvNWU3ZDAwOTgtMmI4Zi00MzkxLWJmNDctZTFiNDFkZDY0OWM4P2FwaS12ZXJzaW9uPTIwMTktMTItMTI=",
      "RequestMethod": "GET",
      "RequestBody": "",
      "RequestHeaders": {
        "User-Agent": [
          "FxVersion/4.6.28325.01",
          "OSName/Windows",
          "OSVersion/Microsoft.Windows.10.0.17763.",
          "Microsoft.Azure.Management.CosmosDB.Fluent.CosmosDBManagementClient/1.0.0.64",
          "MacAddressHash/b3a7da489b162813d4ec18a0dd31725e1e60cc711ab71fb06adb74396c432148"
        ]
      },
      "ResponseHeaders": {
        "Cache-Control": [
          "no-store, no-cache"
        ],
        "Pragma": [
          "no-cache"
        ],
        "Strict-Transport-Security": [
          "max-age=31536000; includeSubDomains"
        ],
        "x-ms-gatewayversion": [
          "version=2.9.2"
        ],
        "Server": [
          "Microsoft-HTTPAPI/2.0"
        ],
        "x-ms-ratelimit-remaining-subscription-reads": [
          "11962"
        ],
        "x-ms-request-id": [
          "05462aba-7d43-4100-a635-8aad50319b78"
        ],
        "x-ms-correlation-request-id": [
          "05462aba-7d43-4100-a635-8aad50319b78"
        ],
        "x-ms-routing-request-id": [
          "SOUTHEASTASIA:20200304T112218Z:05462aba-7d43-4100-a635-8aad50319b78"
        ],
        "X-Content-Type-Options": [
          "nosniff"
        ],
        "Date": [
          "Wed, 04 Mar 2020 11:22:17 GMT"
        ],
        "Content-Length": [
          "22"
        ],
        "Content-Type": [
          "application/json"
        ],
        "Content-Location": [
          "https://management.documents.azure.com:450/subscriptions/ec0aa5f7-9e78-40c9-85cd-535c6305b380/providers/Microsoft.DocumentDB/locations/westus/operationsStatus/5e7d0098-2b8f-4391-bf47-e1b41dd649c8?api-version=2019-12-12"
        ]
      },
      "ResponseBody": "{\r\n  \"status\": \"Succeeded\"\r\n}",
      "StatusCode": 200
    },
    {
      "RequestUri": "/subscriptions/ec0aa5f7-9e78-40c9-85cd-535c6305b380/resourceGroups/rgnemv9c882341a8422/providers/Microsoft.DocumentDB/databaseAccounts/docdb42743?api-version=2019-12-12",
      "EncodedRequestUri": "L3N1YnNjcmlwdGlvbnMvZWMwYWE1ZjctOWU3OC00MGM5LTg1Y2QtNTM1YzYzMDViMzgwL3Jlc291cmNlR3JvdXBzL3JnbmVtdjljODgyMzQxYTg0MjIvcHJvdmlkZXJzL01pY3Jvc29mdC5Eb2N1bWVudERCL2RhdGFiYXNlQWNjb3VudHMvZG9jZGI0Mjc0Mz9hcGktdmVyc2lvbj0yMDE5LTEyLTEy",
      "RequestMethod": "GET",
      "RequestBody": "",
      "RequestHeaders": {
        "User-Agent": [
          "FxVersion/4.6.28325.01",
          "OSName/Windows",
          "OSVersion/Microsoft.Windows.10.0.17763.",
          "Microsoft.Azure.Management.CosmosDB.Fluent.CosmosDBManagementClient/1.0.0.64",
          "MacAddressHash/b3a7da489b162813d4ec18a0dd31725e1e60cc711ab71fb06adb74396c432148"
        ]
      },
      "ResponseHeaders": {
        "Cache-Control": [
          "no-store, no-cache"
        ],
        "Pragma": [
          "no-cache"
        ],
        "Strict-Transport-Security": [
          "max-age=31536000; includeSubDomains"
        ],
        "x-ms-gatewayversion": [
          "version=2.9.2"
        ],
        "Server": [
          "Microsoft-HTTPAPI/2.0"
        ],
        "x-ms-ratelimit-remaining-subscription-reads": [
          "11961"
        ],
        "x-ms-request-id": [
          "e42b6938-b2f9-4c38-914e-90b1ca134931"
        ],
        "x-ms-correlation-request-id": [
          "e42b6938-b2f9-4c38-914e-90b1ca134931"
        ],
        "x-ms-routing-request-id": [
          "SOUTHEASTASIA:20200304T112218Z:e42b6938-b2f9-4c38-914e-90b1ca134931"
        ],
        "X-Content-Type-Options": [
          "nosniff"
        ],
        "Date": [
          "Wed, 04 Mar 2020 11:22:17 GMT"
        ],
        "Content-Length": [
          "2145"
        ],
        "Content-Type": [
          "application/json"
        ],
        "Content-Location": [
          "https://management.documents.azure.com:450/subscriptions/ec0aa5f7-9e78-40c9-85cd-535c6305b380/resourceGroups/rgnemv9c882341a8422/providers/Microsoft.DocumentDB/databaseAccounts/docdb42743?api-version=2019-12-12"
        ]
      },
      "ResponseBody": "{\r\n  \"id\": \"/subscriptions/ec0aa5f7-9e78-40c9-85cd-535c6305b380/resourceGroups/rgnemv9c882341a8422/providers/Microsoft.DocumentDB/databaseAccounts/docdb42743\",\r\n  \"name\": \"docdb42743\",\r\n  \"location\": \"West US\",\r\n  \"type\": \"Microsoft.DocumentDB/databaseAccounts\",\r\n  \"kind\": \"GlobalDocumentDB\",\r\n  \"tags\": {},\r\n  \"properties\": {\r\n    \"provisioningState\": \"Succeeded\",\r\n    \"documentEndpoint\": \"https://docdb42743.documents.azure.com:443/\",\r\n    \"ipRangeFilter\": \"\",\r\n    \"enableAutomaticFailover\": false,\r\n    \"enableMultipleWriteLocations\": false,\r\n    \"enablePartitionKeyMonitor\": false,\r\n    \"isVirtualNetworkFilterEnabled\": false,\r\n    \"virtualNetworkRules\": [],\r\n    \"EnabledApiTypes\": \"Sql\",\r\n    \"disableKeyBasedMetadataWriteAccess\": false,\r\n    \"databaseAccountOfferType\": \"Standard\",\r\n    \"enableCassandraConnector\": false,\r\n    \"connectorOffer\": \"\",\r\n    \"consistencyPolicy\": {\r\n      \"defaultConsistencyLevel\": \"Eventual\",\r\n      \"maxIntervalInSeconds\": 5,\r\n      \"maxStalenessPrefix\": 100\r\n    },\r\n    \"configurationOverrides\": {},\r\n    \"writeLocations\": [\r\n      {\r\n        \"id\": \"docdb42743-eastus\",\r\n        \"locationName\": \"East US\",\r\n        \"documentEndpoint\": \"https://docdb42743-eastus.documents.azure.com:443/\",\r\n        \"provisioningState\": \"Succeeded\",\r\n        \"failoverPriority\": 0,\r\n        \"isZoneRedundant\": false\r\n      }\r\n    ],\r\n    \"readLocations\": [\r\n      {\r\n        \"id\": \"docdb42743-eastus\",\r\n        \"locationName\": \"East US\",\r\n        \"documentEndpoint\": \"https://docdb42743-eastus.documents.azure.com:443/\",\r\n        \"provisioningState\": \"Succeeded\",\r\n        \"failoverPriority\": 0,\r\n        \"isZoneRedundant\": false\r\n      },\r\n      {\r\n        \"id\": \"docdb42743-centralus\",\r\n        \"locationName\": \"Central US\",\r\n        \"documentEndpoint\": \"https://docdb42743-centralus.documents.azure.com:443/\",\r\n        \"provisioningState\": \"Succeeded\",\r\n        \"failoverPriority\": 1,\r\n        \"isZoneRedundant\": false\r\n      }\r\n    ],\r\n    \"locations\": [\r\n      {\r\n        \"id\": \"docdb42743-eastus\",\r\n        \"locationName\": \"East US\",\r\n        \"documentEndpoint\": \"https://docdb42743-eastus.documents.azure.com:443/\",\r\n        \"provisioningState\": \"Succeeded\",\r\n        \"failoverPriority\": 0,\r\n        \"isZoneRedundant\": false\r\n      },\r\n      {\r\n        \"id\": \"docdb42743-centralus\",\r\n        \"locationName\": \"Central US\",\r\n        \"documentEndpoint\": \"https://docdb42743-centralus.documents.azure.com:443/\",\r\n        \"provisioningState\": \"Succeeded\",\r\n        \"failoverPriority\": 1,\r\n        \"isZoneRedundant\": false\r\n      }\r\n    ],\r\n    \"failoverPolicies\": [\r\n      {\r\n        \"id\": \"docdb42743-eastus\",\r\n        \"locationName\": \"East US\",\r\n        \"failoverPriority\": 0\r\n      },\r\n      {\r\n        \"id\": \"docdb42743-centralus\",\r\n        \"locationName\": \"Central US\",\r\n        \"failoverPriority\": 1\r\n      }\r\n    ],\r\n    \"cors\": [],\r\n    \"capabilities\": []\r\n  }\r\n}",
      "StatusCode": 200
    },
    {
      "RequestUri": "/subscriptions/ec0aa5f7-9e78-40c9-85cd-535c6305b380/resourceGroups/rgnemv9c882341a8422/providers/Microsoft.DocumentDB/databaseAccounts/docdb42743?api-version=2019-12-12",
      "EncodedRequestUri": "L3N1YnNjcmlwdGlvbnMvZWMwYWE1ZjctOWU3OC00MGM5LTg1Y2QtNTM1YzYzMDViMzgwL3Jlc291cmNlR3JvdXBzL3JnbmVtdjljODgyMzQxYTg0MjIvcHJvdmlkZXJzL01pY3Jvc29mdC5Eb2N1bWVudERCL2RhdGFiYXNlQWNjb3VudHMvZG9jZGI0Mjc0Mz9hcGktdmVyc2lvbj0yMDE5LTEyLTEy",
      "RequestMethod": "GET",
      "RequestBody": "",
      "RequestHeaders": {
        "x-ms-client-request-id": [
          "c8f9437a-702d-48b3-8872-42fd67a07f39"
        ],
        "Accept-Language": [
          "en-US"
        ],
        "User-Agent": [
          "FxVersion/4.6.28325.01",
          "OSName/Windows",
          "OSVersion/Microsoft.Windows.10.0.17763.",
          "Microsoft.Azure.Management.CosmosDB.Fluent.CosmosDBManagementClient/1.0.0.64",
          "MacAddressHash/b3a7da489b162813d4ec18a0dd31725e1e60cc711ab71fb06adb74396c432148"
        ]
      },
      "ResponseHeaders": {
        "Cache-Control": [
          "no-store, no-cache"
        ],
        "Pragma": [
          "no-cache"
        ],
        "Strict-Transport-Security": [
          "max-age=31536000; includeSubDomains"
        ],
        "x-ms-gatewayversion": [
          "version=2.9.2"
        ],
        "Server": [
          "Microsoft-HTTPAPI/2.0"
        ],
        "x-ms-ratelimit-remaining-subscription-reads": [
          "11960"
        ],
        "x-ms-request-id": [
          "8c66e389-8fc3-4315-b6fd-ee1c3c2cfb90"
        ],
        "x-ms-correlation-request-id": [
          "8c66e389-8fc3-4315-b6fd-ee1c3c2cfb90"
        ],
        "x-ms-routing-request-id": [
          "SOUTHEASTASIA:20200304T112223Z:8c66e389-8fc3-4315-b6fd-ee1c3c2cfb90"
        ],
        "X-Content-Type-Options": [
          "nosniff"
        ],
        "Date": [
          "Wed, 04 Mar 2020 11:22:23 GMT"
        ],
        "Content-Length": [
          "2145"
        ],
        "Content-Type": [
          "application/json"
        ],
        "Content-Location": [
          "https://management.documents.azure.com:450/subscriptions/ec0aa5f7-9e78-40c9-85cd-535c6305b380/resourceGroups/rgnemv9c882341a8422/providers/Microsoft.DocumentDB/databaseAccounts/docdb42743?api-version=2019-12-12"
        ]
      },
      "ResponseBody": "{\r\n  \"id\": \"/subscriptions/ec0aa5f7-9e78-40c9-85cd-535c6305b380/resourceGroups/rgnemv9c882341a8422/providers/Microsoft.DocumentDB/databaseAccounts/docdb42743\",\r\n  \"name\": \"docdb42743\",\r\n  \"location\": \"West US\",\r\n  \"type\": \"Microsoft.DocumentDB/databaseAccounts\",\r\n  \"kind\": \"GlobalDocumentDB\",\r\n  \"tags\": {},\r\n  \"properties\": {\r\n    \"provisioningState\": \"Succeeded\",\r\n    \"documentEndpoint\": \"https://docdb42743.documents.azure.com:443/\",\r\n    \"ipRangeFilter\": \"\",\r\n    \"enableAutomaticFailover\": false,\r\n    \"enableMultipleWriteLocations\": false,\r\n    \"enablePartitionKeyMonitor\": false,\r\n    \"isVirtualNetworkFilterEnabled\": false,\r\n    \"virtualNetworkRules\": [],\r\n    \"EnabledApiTypes\": \"Sql\",\r\n    \"disableKeyBasedMetadataWriteAccess\": false,\r\n    \"databaseAccountOfferType\": \"Standard\",\r\n    \"enableCassandraConnector\": false,\r\n    \"connectorOffer\": \"\",\r\n    \"consistencyPolicy\": {\r\n      \"defaultConsistencyLevel\": \"Eventual\",\r\n      \"maxIntervalInSeconds\": 5,\r\n      \"maxStalenessPrefix\": 100\r\n    },\r\n    \"configurationOverrides\": {},\r\n    \"writeLocations\": [\r\n      {\r\n        \"id\": \"docdb42743-eastus\",\r\n        \"locationName\": \"East US\",\r\n        \"documentEndpoint\": \"https://docdb42743-eastus.documents.azure.com:443/\",\r\n        \"provisioningState\": \"Succeeded\",\r\n        \"failoverPriority\": 0,\r\n        \"isZoneRedundant\": false\r\n      }\r\n    ],\r\n    \"readLocations\": [\r\n      {\r\n        \"id\": \"docdb42743-eastus\",\r\n        \"locationName\": \"East US\",\r\n        \"documentEndpoint\": \"https://docdb42743-eastus.documents.azure.com:443/\",\r\n        \"provisioningState\": \"Succeeded\",\r\n        \"failoverPriority\": 0,\r\n        \"isZoneRedundant\": false\r\n      },\r\n      {\r\n        \"id\": \"docdb42743-centralus\",\r\n        \"locationName\": \"Central US\",\r\n        \"documentEndpoint\": \"https://docdb42743-centralus.documents.azure.com:443/\",\r\n        \"provisioningState\": \"Succeeded\",\r\n        \"failoverPriority\": 1,\r\n        \"isZoneRedundant\": false\r\n      }\r\n    ],\r\n    \"locations\": [\r\n      {\r\n        \"id\": \"docdb42743-eastus\",\r\n        \"locationName\": \"East US\",\r\n        \"documentEndpoint\": \"https://docdb42743-eastus.documents.azure.com:443/\",\r\n        \"provisioningState\": \"Succeeded\",\r\n        \"failoverPriority\": 0,\r\n        \"isZoneRedundant\": false\r\n      },\r\n      {\r\n        \"id\": \"docdb42743-centralus\",\r\n        \"locationName\": \"Central US\",\r\n        \"documentEndpoint\": \"https://docdb42743-centralus.documents.azure.com:443/\",\r\n        \"provisioningState\": \"Succeeded\",\r\n        \"failoverPriority\": 1,\r\n        \"isZoneRedundant\": false\r\n      }\r\n    ],\r\n    \"failoverPolicies\": [\r\n      {\r\n        \"id\": \"docdb42743-eastus\",\r\n        \"locationName\": \"East US\",\r\n        \"failoverPriority\": 0\r\n      },\r\n      {\r\n        \"id\": \"docdb42743-centralus\",\r\n        \"locationName\": \"Central US\",\r\n        \"failoverPriority\": 1\r\n      }\r\n    ],\r\n    \"cors\": [],\r\n    \"capabilities\": []\r\n  }\r\n}",
      "StatusCode": 200
    },
    {
      "RequestUri": "/subscriptions/ec0aa5f7-9e78-40c9-85cd-535c6305b380/resourceGroups/rgnemv9c882341a8422/providers/Microsoft.DocumentDB/databaseAccounts/docdb42743/listKeys?api-version=2019-12-12",
      "EncodedRequestUri": "L3N1YnNjcmlwdGlvbnMvZWMwYWE1ZjctOWU3OC00MGM5LTg1Y2QtNTM1YzYzMDViMzgwL3Jlc291cmNlR3JvdXBzL3JnbmVtdjljODgyMzQxYTg0MjIvcHJvdmlkZXJzL01pY3Jvc29mdC5Eb2N1bWVudERCL2RhdGFiYXNlQWNjb3VudHMvZG9jZGI0Mjc0My9saXN0S2V5cz9hcGktdmVyc2lvbj0yMDE5LTEyLTEy",
      "RequestMethod": "POST",
      "RequestBody": "",
      "RequestHeaders": {
        "x-ms-client-request-id": [
          "d49e7d4b-19e2-49fc-8244-d39f58854b3a"
        ],
        "Accept-Language": [
          "en-US"
        ],
        "User-Agent": [
          "FxVersion/4.6.28325.01",
          "OSName/Windows",
          "OSVersion/Microsoft.Windows.10.0.17763.",
          "Microsoft.Azure.Management.CosmosDB.Fluent.CosmosDBManagementClient/1.0.0.64",
          "MacAddressHash/b3a7da489b162813d4ec18a0dd31725e1e60cc711ab71fb06adb74396c432148"
        ]
      },
      "ResponseHeaders": {
        "Cache-Control": [
          "no-store, no-cache"
        ],
        "Pragma": [
          "no-cache"
        ],
        "Strict-Transport-Security": [
          "max-age=31536000; includeSubDomains"
        ],
        "x-ms-gatewayversion": [
          "version=2.9.2"
        ],
        "Server": [
          "Microsoft-HTTPAPI/2.0"
        ],
        "x-ms-ratelimit-remaining-subscription-writes": [
          "1199"
        ],
        "x-ms-request-id": [
          "60d7cc3a-390e-4c4f-b9d1-d3879a6a5120"
        ],
        "x-ms-correlation-request-id": [
          "60d7cc3a-390e-4c4f-b9d1-d3879a6a5120"
        ],
        "x-ms-routing-request-id": [
          "SOUTHEASTASIA:20200304T112224Z:60d7cc3a-390e-4c4f-b9d1-d3879a6a5120"
        ],
        "X-Content-Type-Options": [
          "nosniff"
        ],
        "Date": [
          "Wed, 04 Mar 2020 11:22:23 GMT"
        ],
        "Content-Length": [
          "461"
        ],
        "Content-Type": [
          "application/json"
        ]
      },
      "ResponseBody": "{\r\n  \"primaryMasterKey\": \"MGMT_PLACEHOLDER\",\r\n  \"secondaryMasterKey\":\"MGMT_PLACEHOLDER\",\r\n  \"primaryReadonlyMasterKey\": \"MGMT_PLACEHOLDER\",\r\n  \"secondaryReadonlyMasterKey\": \"MGMT_PLACEHOLDER\"\r\n}",
      "StatusCode": 200
    },
    {
      "RequestUri": "/subscriptions/ec0aa5f7-9e78-40c9-85cd-535c6305b380/resourceGroups/rgnemv9c882341a8422/providers/Microsoft.DocumentDB/databaseAccounts/docdb42743?api-version=2019-12-12",
      "EncodedRequestUri": "L3N1YnNjcmlwdGlvbnMvZWMwYWE1ZjctOWU3OC00MGM5LTg1Y2QtNTM1YzYzMDViMzgwL3Jlc291cmNlR3JvdXBzL3JnbmVtdjljODgyMzQxYTg0MjIvcHJvdmlkZXJzL01pY3Jvc29mdC5Eb2N1bWVudERCL2RhdGFiYXNlQWNjb3VudHMvZG9jZGI0Mjc0Mz9hcGktdmVyc2lvbj0yMDE5LTEyLTEy",
      "RequestMethod": "DELETE",
      "RequestBody": "",
      "RequestHeaders": {
        "x-ms-client-request-id": [
          "25bae17f-dd93-4975-87b1-607c6629a218"
        ],
        "Accept-Language": [
          "en-US"
        ],
        "User-Agent": [
          "FxVersion/4.6.28325.01",
          "OSName/Windows",
          "OSVersion/Microsoft.Windows.10.0.17763.",
          "Microsoft.Azure.Management.CosmosDB.Fluent.CosmosDBManagementClient/1.0.0.64",
          "MacAddressHash/b3a7da489b162813d4ec18a0dd31725e1e60cc711ab71fb06adb74396c432148"
        ]
      },
      "ResponseHeaders": {
        "Cache-Control": [
          "no-store, no-cache"
        ],
        "Pragma": [
          "no-cache"
        ],
        "Location": [
          "https://management.azure.com/subscriptions/ec0aa5f7-9e78-40c9-85cd-535c6305b380/providers/Microsoft.DocumentDB/operationResults/1199c752-d8f0-4e23-976a-b3ba263e2445?api-version=2019-12-12"
        ],
        "Azure-AsyncOperation": [
          "https://management.azure.com/subscriptions/ec0aa5f7-9e78-40c9-85cd-535c6305b380/providers/Microsoft.DocumentDB/locations/westus/operationsStatus/1199c752-d8f0-4e23-976a-b3ba263e2445?api-version=2019-12-12"
        ],
        "x-ms-request-id": [
          "1199c752-d8f0-4e23-976a-b3ba263e2445"
        ],
        "Strict-Transport-Security": [
          "max-age=31536000; includeSubDomains"
        ],
        "x-ms-gatewayversion": [
          "version=2.9.2"
        ],
        "Server": [
          "Microsoft-HTTPAPI/2.0"
        ],
        "x-ms-ratelimit-remaining-subscription-deletes": [
          "14999"
        ],
        "x-ms-correlation-request-id": [
          "d5be10e9-db20-4f3b-9aca-fcd6a2caafb7"
        ],
        "x-ms-routing-request-id": [
          "SOUTHEASTASIA:20200304T112226Z:d5be10e9-db20-4f3b-9aca-fcd6a2caafb7"
        ],
        "X-Content-Type-Options": [
          "nosniff"
        ],
        "Date": [
          "Wed, 04 Mar 2020 11:22:25 GMT"
        ],
        "Content-Length": [
          "21"
        ],
        "Content-Type": [
          "application/json"
        ],
        "Content-Location": [
          "https://management.documents.azure.com:450/subscriptions/ec0aa5f7-9e78-40c9-85cd-535c6305b380/resourceGroups/rgnemv9c882341a8422/providers/Microsoft.DocumentDB/databaseAccounts/docdb42743?api-version=2019-12-12"
        ]
      },
      "ResponseBody": "{\r\n  \"status\": \"Enqueued\"\r\n}",
      "StatusCode": 202
    },
    {
      "RequestUri": "/subscriptions/ec0aa5f7-9e78-40c9-85cd-535c6305b380/providers/Microsoft.DocumentDB/locations/westus/operationsStatus/1199c752-d8f0-4e23-976a-b3ba263e2445?api-version=2019-12-12",
      "EncodedRequestUri": "L3N1YnNjcmlwdGlvbnMvZWMwYWE1ZjctOWU3OC00MGM5LTg1Y2QtNTM1YzYzMDViMzgwL3Byb3ZpZGVycy9NaWNyb3NvZnQuRG9jdW1lbnREQi9sb2NhdGlvbnMvd2VzdHVzL29wZXJhdGlvbnNTdGF0dXMvMTE5OWM3NTItZDhmMC00ZTIzLTk3NmEtYjNiYTI2M2UyNDQ1P2FwaS12ZXJzaW9uPTIwMTktMTItMTI=",
      "RequestMethod": "GET",
      "RequestBody": "",
      "RequestHeaders": {
        "User-Agent": [
          "FxVersion/4.6.28325.01",
          "OSName/Windows",
          "OSVersion/Microsoft.Windows.10.0.17763.",
          "Microsoft.Azure.Management.CosmosDB.Fluent.CosmosDBManagementClient/1.0.0.64",
          "MacAddressHash/b3a7da489b162813d4ec18a0dd31725e1e60cc711ab71fb06adb74396c432148"
        ]
      },
      "ResponseHeaders": {
        "Cache-Control": [
          "no-store, no-cache"
        ],
        "Pragma": [
          "no-cache"
        ],
        "Strict-Transport-Security": [
          "max-age=31536000; includeSubDomains"
        ],
        "x-ms-gatewayversion": [
          "version=2.9.2"
        ],
        "Server": [
          "Microsoft-HTTPAPI/2.0"
        ],
        "x-ms-ratelimit-remaining-subscription-reads": [
          "11959"
        ],
        "x-ms-request-id": [
          "f1d10245-e604-43a6-b75a-c28cd682a680"
        ],
        "x-ms-correlation-request-id": [
          "f1d10245-e604-43a6-b75a-c28cd682a680"
        ],
        "x-ms-routing-request-id": [
          "SOUTHEASTASIA:20200304T112256Z:f1d10245-e604-43a6-b75a-c28cd682a680"
        ],
        "X-Content-Type-Options": [
          "nosniff"
        ],
        "Date": [
          "Wed, 04 Mar 2020 11:22:56 GMT"
        ],
        "Content-Length": [
          "21"
        ],
        "Content-Type": [
          "application/json"
        ],
        "Content-Location": [
          "https://management.documents.azure.com:450/subscriptions/ec0aa5f7-9e78-40c9-85cd-535c6305b380/providers/Microsoft.DocumentDB/locations/westus/operationsStatus/1199c752-d8f0-4e23-976a-b3ba263e2445?api-version=2019-12-12"
        ]
      },
      "ResponseBody": "{\r\n  \"status\": \"Dequeued\"\r\n}",
      "StatusCode": 200
    },
    {
      "RequestUri": "/subscriptions/ec0aa5f7-9e78-40c9-85cd-535c6305b380/providers/Microsoft.DocumentDB/locations/westus/operationsStatus/1199c752-d8f0-4e23-976a-b3ba263e2445?api-version=2019-12-12",
      "EncodedRequestUri": "L3N1YnNjcmlwdGlvbnMvZWMwYWE1ZjctOWU3OC00MGM5LTg1Y2QtNTM1YzYzMDViMzgwL3Byb3ZpZGVycy9NaWNyb3NvZnQuRG9jdW1lbnREQi9sb2NhdGlvbnMvd2VzdHVzL29wZXJhdGlvbnNTdGF0dXMvMTE5OWM3NTItZDhmMC00ZTIzLTk3NmEtYjNiYTI2M2UyNDQ1P2FwaS12ZXJzaW9uPTIwMTktMTItMTI=",
      "RequestMethod": "GET",
      "RequestBody": "",
      "RequestHeaders": {
        "User-Agent": [
          "FxVersion/4.6.28325.01",
          "OSName/Windows",
          "OSVersion/Microsoft.Windows.10.0.17763.",
          "Microsoft.Azure.Management.CosmosDB.Fluent.CosmosDBManagementClient/1.0.0.64",
          "MacAddressHash/b3a7da489b162813d4ec18a0dd31725e1e60cc711ab71fb06adb74396c432148"
        ]
      },
      "ResponseHeaders": {
        "Cache-Control": [
          "no-store, no-cache"
        ],
        "Pragma": [
          "no-cache"
        ],
        "Strict-Transport-Security": [
          "max-age=31536000; includeSubDomains"
        ],
        "x-ms-gatewayversion": [
          "version=2.9.2"
        ],
        "Server": [
          "Microsoft-HTTPAPI/2.0"
        ],
        "x-ms-ratelimit-remaining-subscription-reads": [
          "11958"
        ],
        "x-ms-request-id": [
          "7f9a96c4-c6ae-40f2-aca2-bc9696f3c998"
        ],
        "x-ms-correlation-request-id": [
          "7f9a96c4-c6ae-40f2-aca2-bc9696f3c998"
        ],
        "x-ms-routing-request-id": [
          "SOUTHEASTASIA:20200304T112326Z:7f9a96c4-c6ae-40f2-aca2-bc9696f3c998"
        ],
        "X-Content-Type-Options": [
          "nosniff"
        ],
        "Date": [
          "Wed, 04 Mar 2020 11:23:26 GMT"
        ],
        "Content-Length": [
          "21"
        ],
        "Content-Type": [
          "application/json"
        ],
        "Content-Location": [
          "https://management.documents.azure.com:450/subscriptions/ec0aa5f7-9e78-40c9-85cd-535c6305b380/providers/Microsoft.DocumentDB/locations/westus/operationsStatus/1199c752-d8f0-4e23-976a-b3ba263e2445?api-version=2019-12-12"
        ]
      },
      "ResponseBody": "{\r\n  \"status\": \"Dequeued\"\r\n}",
      "StatusCode": 200
    },
    {
      "RequestUri": "/subscriptions/ec0aa5f7-9e78-40c9-85cd-535c6305b380/providers/Microsoft.DocumentDB/locations/westus/operationsStatus/1199c752-d8f0-4e23-976a-b3ba263e2445?api-version=2019-12-12",
      "EncodedRequestUri": "L3N1YnNjcmlwdGlvbnMvZWMwYWE1ZjctOWU3OC00MGM5LTg1Y2QtNTM1YzYzMDViMzgwL3Byb3ZpZGVycy9NaWNyb3NvZnQuRG9jdW1lbnREQi9sb2NhdGlvbnMvd2VzdHVzL29wZXJhdGlvbnNTdGF0dXMvMTE5OWM3NTItZDhmMC00ZTIzLTk3NmEtYjNiYTI2M2UyNDQ1P2FwaS12ZXJzaW9uPTIwMTktMTItMTI=",
      "RequestMethod": "GET",
      "RequestBody": "",
      "RequestHeaders": {
        "User-Agent": [
          "FxVersion/4.6.28325.01",
          "OSName/Windows",
          "OSVersion/Microsoft.Windows.10.0.17763.",
          "Microsoft.Azure.Management.CosmosDB.Fluent.CosmosDBManagementClient/1.0.0.64",
          "MacAddressHash/b3a7da489b162813d4ec18a0dd31725e1e60cc711ab71fb06adb74396c432148"
        ]
      },
      "ResponseHeaders": {
        "Cache-Control": [
          "no-store, no-cache"
        ],
        "Pragma": [
          "no-cache"
        ],
        "Strict-Transport-Security": [
          "max-age=31536000; includeSubDomains"
        ],
        "x-ms-gatewayversion": [
          "version=2.9.2"
        ],
        "Server": [
          "Microsoft-HTTPAPI/2.0"
        ],
        "x-ms-ratelimit-remaining-subscription-reads": [
          "11957"
        ],
        "x-ms-request-id": [
          "d36fa7a9-0164-4b08-a581-a924abefc70e"
        ],
        "x-ms-correlation-request-id": [
          "d36fa7a9-0164-4b08-a581-a924abefc70e"
        ],
        "x-ms-routing-request-id": [
          "SOUTHEASTASIA:20200304T112356Z:d36fa7a9-0164-4b08-a581-a924abefc70e"
        ],
        "X-Content-Type-Options": [
          "nosniff"
        ],
        "Date": [
          "Wed, 04 Mar 2020 11:23:56 GMT"
        ],
        "Content-Length": [
          "21"
        ],
        "Content-Type": [
          "application/json"
        ],
        "Content-Location": [
          "https://management.documents.azure.com:450/subscriptions/ec0aa5f7-9e78-40c9-85cd-535c6305b380/providers/Microsoft.DocumentDB/locations/westus/operationsStatus/1199c752-d8f0-4e23-976a-b3ba263e2445?api-version=2019-12-12"
        ]
      },
      "ResponseBody": "{\r\n  \"status\": \"Dequeued\"\r\n}",
      "StatusCode": 200
    },
    {
      "RequestUri": "/subscriptions/ec0aa5f7-9e78-40c9-85cd-535c6305b380/providers/Microsoft.DocumentDB/locations/westus/operationsStatus/1199c752-d8f0-4e23-976a-b3ba263e2445?api-version=2019-12-12",
      "EncodedRequestUri": "L3N1YnNjcmlwdGlvbnMvZWMwYWE1ZjctOWU3OC00MGM5LTg1Y2QtNTM1YzYzMDViMzgwL3Byb3ZpZGVycy9NaWNyb3NvZnQuRG9jdW1lbnREQi9sb2NhdGlvbnMvd2VzdHVzL29wZXJhdGlvbnNTdGF0dXMvMTE5OWM3NTItZDhmMC00ZTIzLTk3NmEtYjNiYTI2M2UyNDQ1P2FwaS12ZXJzaW9uPTIwMTktMTItMTI=",
      "RequestMethod": "GET",
      "RequestBody": "",
      "RequestHeaders": {
        "User-Agent": [
          "FxVersion/4.6.28325.01",
          "OSName/Windows",
          "OSVersion/Microsoft.Windows.10.0.17763.",
          "Microsoft.Azure.Management.CosmosDB.Fluent.CosmosDBManagementClient/1.0.0.64",
          "MacAddressHash/b3a7da489b162813d4ec18a0dd31725e1e60cc711ab71fb06adb74396c432148"
        ]
      },
      "ResponseHeaders": {
        "Cache-Control": [
          "no-store, no-cache"
        ],
        "Pragma": [
          "no-cache"
        ],
        "Strict-Transport-Security": [
          "max-age=31536000; includeSubDomains"
        ],
        "x-ms-gatewayversion": [
          "version=2.9.2"
        ],
        "Server": [
          "Microsoft-HTTPAPI/2.0"
        ],
        "x-ms-ratelimit-remaining-subscription-reads": [
          "11956"
        ],
        "x-ms-request-id": [
          "f2630362-aa34-4b4c-814a-d8201aa97f1f"
        ],
        "x-ms-correlation-request-id": [
          "f2630362-aa34-4b4c-814a-d8201aa97f1f"
        ],
        "x-ms-routing-request-id": [
          "SOUTHEASTASIA:20200304T112427Z:f2630362-aa34-4b4c-814a-d8201aa97f1f"
        ],
        "X-Content-Type-Options": [
          "nosniff"
        ],
        "Date": [
          "Wed, 04 Mar 2020 11:24:26 GMT"
        ],
        "Content-Length": [
          "21"
        ],
        "Content-Type": [
          "application/json"
        ],
        "Content-Location": [
          "https://management.documents.azure.com:450/subscriptions/ec0aa5f7-9e78-40c9-85cd-535c6305b380/providers/Microsoft.DocumentDB/locations/westus/operationsStatus/1199c752-d8f0-4e23-976a-b3ba263e2445?api-version=2019-12-12"
        ]
      },
      "ResponseBody": "{\r\n  \"status\": \"Dequeued\"\r\n}",
      "StatusCode": 200
    },
    {
      "RequestUri": "/subscriptions/ec0aa5f7-9e78-40c9-85cd-535c6305b380/providers/Microsoft.DocumentDB/locations/westus/operationsStatus/1199c752-d8f0-4e23-976a-b3ba263e2445?api-version=2019-12-12",
      "EncodedRequestUri": "L3N1YnNjcmlwdGlvbnMvZWMwYWE1ZjctOWU3OC00MGM5LTg1Y2QtNTM1YzYzMDViMzgwL3Byb3ZpZGVycy9NaWNyb3NvZnQuRG9jdW1lbnREQi9sb2NhdGlvbnMvd2VzdHVzL29wZXJhdGlvbnNTdGF0dXMvMTE5OWM3NTItZDhmMC00ZTIzLTk3NmEtYjNiYTI2M2UyNDQ1P2FwaS12ZXJzaW9uPTIwMTktMTItMTI=",
      "RequestMethod": "GET",
      "RequestBody": "",
      "RequestHeaders": {
        "User-Agent": [
          "FxVersion/4.6.28325.01",
          "OSName/Windows",
          "OSVersion/Microsoft.Windows.10.0.17763.",
          "Microsoft.Azure.Management.CosmosDB.Fluent.CosmosDBManagementClient/1.0.0.64",
          "MacAddressHash/b3a7da489b162813d4ec18a0dd31725e1e60cc711ab71fb06adb74396c432148"
        ]
      },
      "ResponseHeaders": {
        "Cache-Control": [
          "no-store, no-cache"
        ],
        "Pragma": [
          "no-cache"
        ],
        "Strict-Transport-Security": [
          "max-age=31536000; includeSubDomains"
        ],
        "x-ms-gatewayversion": [
          "version=2.9.2"
        ],
        "Server": [
          "Microsoft-HTTPAPI/2.0"
        ],
        "x-ms-ratelimit-remaining-subscription-reads": [
          "11955"
        ],
        "x-ms-request-id": [
          "a2deebb3-35a6-4242-a930-00055d2cd755"
        ],
        "x-ms-correlation-request-id": [
          "a2deebb3-35a6-4242-a930-00055d2cd755"
        ],
        "x-ms-routing-request-id": [
          "SOUTHEASTASIA:20200304T112457Z:a2deebb3-35a6-4242-a930-00055d2cd755"
        ],
        "X-Content-Type-Options": [
          "nosniff"
        ],
        "Date": [
          "Wed, 04 Mar 2020 11:24:57 GMT"
        ],
        "Content-Length": [
          "21"
        ],
        "Content-Type": [
          "application/json"
        ],
        "Content-Location": [
          "https://management.documents.azure.com:450/subscriptions/ec0aa5f7-9e78-40c9-85cd-535c6305b380/providers/Microsoft.DocumentDB/locations/westus/operationsStatus/1199c752-d8f0-4e23-976a-b3ba263e2445?api-version=2019-12-12"
        ]
      },
      "ResponseBody": "{\r\n  \"status\": \"Dequeued\"\r\n}",
      "StatusCode": 200
    },
    {
      "RequestUri": "/subscriptions/ec0aa5f7-9e78-40c9-85cd-535c6305b380/providers/Microsoft.DocumentDB/locations/westus/operationsStatus/1199c752-d8f0-4e23-976a-b3ba263e2445?api-version=2019-12-12",
      "EncodedRequestUri": "L3N1YnNjcmlwdGlvbnMvZWMwYWE1ZjctOWU3OC00MGM5LTg1Y2QtNTM1YzYzMDViMzgwL3Byb3ZpZGVycy9NaWNyb3NvZnQuRG9jdW1lbnREQi9sb2NhdGlvbnMvd2VzdHVzL29wZXJhdGlvbnNTdGF0dXMvMTE5OWM3NTItZDhmMC00ZTIzLTk3NmEtYjNiYTI2M2UyNDQ1P2FwaS12ZXJzaW9uPTIwMTktMTItMTI=",
      "RequestMethod": "GET",
      "RequestBody": "",
      "RequestHeaders": {
        "User-Agent": [
          "FxVersion/4.6.28325.01",
          "OSName/Windows",
          "OSVersion/Microsoft.Windows.10.0.17763.",
          "Microsoft.Azure.Management.CosmosDB.Fluent.CosmosDBManagementClient/1.0.0.64",
          "MacAddressHash/b3a7da489b162813d4ec18a0dd31725e1e60cc711ab71fb06adb74396c432148"
        ]
      },
      "ResponseHeaders": {
        "Cache-Control": [
          "no-store, no-cache"
        ],
        "Pragma": [
          "no-cache"
        ],
        "Strict-Transport-Security": [
          "max-age=31536000; includeSubDomains"
        ],
        "x-ms-gatewayversion": [
          "version=2.9.2"
        ],
        "Server": [
          "Microsoft-HTTPAPI/2.0"
        ],
        "x-ms-ratelimit-remaining-subscription-reads": [
          "11954"
        ],
        "x-ms-request-id": [
          "1ad227d3-8b1c-4b01-a28a-b2bc44bbc2fb"
        ],
        "x-ms-correlation-request-id": [
          "1ad227d3-8b1c-4b01-a28a-b2bc44bbc2fb"
        ],
        "x-ms-routing-request-id": [
          "SOUTHEASTASIA:20200304T112527Z:1ad227d3-8b1c-4b01-a28a-b2bc44bbc2fb"
        ],
        "X-Content-Type-Options": [
          "nosniff"
        ],
        "Date": [
          "Wed, 04 Mar 2020 11:25:27 GMT"
        ],
        "Content-Length": [
          "21"
        ],
        "Content-Type": [
          "application/json"
        ],
        "Content-Location": [
          "https://management.documents.azure.com:450/subscriptions/ec0aa5f7-9e78-40c9-85cd-535c6305b380/providers/Microsoft.DocumentDB/locations/westus/operationsStatus/1199c752-d8f0-4e23-976a-b3ba263e2445?api-version=2019-12-12"
        ]
      },
      "ResponseBody": "{\r\n  \"status\": \"Dequeued\"\r\n}",
      "StatusCode": 200
    },
    {
      "RequestUri": "/subscriptions/ec0aa5f7-9e78-40c9-85cd-535c6305b380/providers/Microsoft.DocumentDB/locations/westus/operationsStatus/1199c752-d8f0-4e23-976a-b3ba263e2445?api-version=2019-12-12",
      "EncodedRequestUri": "L3N1YnNjcmlwdGlvbnMvZWMwYWE1ZjctOWU3OC00MGM5LTg1Y2QtNTM1YzYzMDViMzgwL3Byb3ZpZGVycy9NaWNyb3NvZnQuRG9jdW1lbnREQi9sb2NhdGlvbnMvd2VzdHVzL29wZXJhdGlvbnNTdGF0dXMvMTE5OWM3NTItZDhmMC00ZTIzLTk3NmEtYjNiYTI2M2UyNDQ1P2FwaS12ZXJzaW9uPTIwMTktMTItMTI=",
      "RequestMethod": "GET",
      "RequestBody": "",
      "RequestHeaders": {
        "User-Agent": [
          "FxVersion/4.6.28325.01",
          "OSName/Windows",
          "OSVersion/Microsoft.Windows.10.0.17763.",
          "Microsoft.Azure.Management.CosmosDB.Fluent.CosmosDBManagementClient/1.0.0.64",
          "MacAddressHash/b3a7da489b162813d4ec18a0dd31725e1e60cc711ab71fb06adb74396c432148"
        ]
      },
      "ResponseHeaders": {
        "Cache-Control": [
          "no-store, no-cache"
        ],
        "Pragma": [
          "no-cache"
        ],
        "Strict-Transport-Security": [
          "max-age=31536000; includeSubDomains"
        ],
        "x-ms-gatewayversion": [
          "version=2.9.2"
        ],
        "Server": [
          "Microsoft-HTTPAPI/2.0"
        ],
        "x-ms-ratelimit-remaining-subscription-reads": [
          "11953"
        ],
        "x-ms-request-id": [
          "a92600e9-c22f-45a3-933a-b9b5c32fffb6"
        ],
        "x-ms-correlation-request-id": [
          "a92600e9-c22f-45a3-933a-b9b5c32fffb6"
        ],
        "x-ms-routing-request-id": [
          "SOUTHEASTASIA:20200304T112557Z:a92600e9-c22f-45a3-933a-b9b5c32fffb6"
        ],
        "X-Content-Type-Options": [
          "nosniff"
        ],
        "Date": [
          "Wed, 04 Mar 2020 11:25:57 GMT"
        ],
        "Content-Length": [
          "21"
        ],
        "Content-Type": [
          "application/json"
        ],
        "Content-Location": [
          "https://management.documents.azure.com:450/subscriptions/ec0aa5f7-9e78-40c9-85cd-535c6305b380/providers/Microsoft.DocumentDB/locations/westus/operationsStatus/1199c752-d8f0-4e23-976a-b3ba263e2445?api-version=2019-12-12"
        ]
      },
      "ResponseBody": "{\r\n  \"status\": \"Dequeued\"\r\n}",
      "StatusCode": 200
    },
    {
      "RequestUri": "/subscriptions/ec0aa5f7-9e78-40c9-85cd-535c6305b380/providers/Microsoft.DocumentDB/locations/westus/operationsStatus/1199c752-d8f0-4e23-976a-b3ba263e2445?api-version=2019-12-12",
      "EncodedRequestUri": "L3N1YnNjcmlwdGlvbnMvZWMwYWE1ZjctOWU3OC00MGM5LTg1Y2QtNTM1YzYzMDViMzgwL3Byb3ZpZGVycy9NaWNyb3NvZnQuRG9jdW1lbnREQi9sb2NhdGlvbnMvd2VzdHVzL29wZXJhdGlvbnNTdGF0dXMvMTE5OWM3NTItZDhmMC00ZTIzLTk3NmEtYjNiYTI2M2UyNDQ1P2FwaS12ZXJzaW9uPTIwMTktMTItMTI=",
      "RequestMethod": "GET",
      "RequestBody": "",
      "RequestHeaders": {
        "User-Agent": [
          "FxVersion/4.6.28325.01",
          "OSName/Windows",
          "OSVersion/Microsoft.Windows.10.0.17763.",
          "Microsoft.Azure.Management.CosmosDB.Fluent.CosmosDBManagementClient/1.0.0.64",
          "MacAddressHash/b3a7da489b162813d4ec18a0dd31725e1e60cc711ab71fb06adb74396c432148"
        ]
      },
      "ResponseHeaders": {
        "Cache-Control": [
          "no-store, no-cache"
        ],
        "Pragma": [
          "no-cache"
        ],
        "Strict-Transport-Security": [
          "max-age=31536000; includeSubDomains"
        ],
        "x-ms-gatewayversion": [
          "version=2.9.2"
        ],
        "Server": [
          "Microsoft-HTTPAPI/2.0"
        ],
        "x-ms-ratelimit-remaining-subscription-reads": [
          "11952"
        ],
        "x-ms-request-id": [
          "862fda28-da8c-4c2c-aebb-92f39ea9fd21"
        ],
        "x-ms-correlation-request-id": [
          "862fda28-da8c-4c2c-aebb-92f39ea9fd21"
        ],
        "x-ms-routing-request-id": [
          "SOUTHEASTASIA:20200304T112628Z:862fda28-da8c-4c2c-aebb-92f39ea9fd21"
        ],
        "X-Content-Type-Options": [
          "nosniff"
        ],
        "Date": [
          "Wed, 04 Mar 2020 11:26:27 GMT"
        ],
        "Content-Length": [
          "21"
        ],
        "Content-Type": [
          "application/json"
        ],
        "Content-Location": [
          "https://management.documents.azure.com:450/subscriptions/ec0aa5f7-9e78-40c9-85cd-535c6305b380/providers/Microsoft.DocumentDB/locations/westus/operationsStatus/1199c752-d8f0-4e23-976a-b3ba263e2445?api-version=2019-12-12"
        ]
      },
      "ResponseBody": "{\r\n  \"status\": \"Dequeued\"\r\n}",
      "StatusCode": 200
    },
    {
      "RequestUri": "/subscriptions/ec0aa5f7-9e78-40c9-85cd-535c6305b380/providers/Microsoft.DocumentDB/locations/westus/operationsStatus/1199c752-d8f0-4e23-976a-b3ba263e2445?api-version=2019-12-12",
      "EncodedRequestUri": "L3N1YnNjcmlwdGlvbnMvZWMwYWE1ZjctOWU3OC00MGM5LTg1Y2QtNTM1YzYzMDViMzgwL3Byb3ZpZGVycy9NaWNyb3NvZnQuRG9jdW1lbnREQi9sb2NhdGlvbnMvd2VzdHVzL29wZXJhdGlvbnNTdGF0dXMvMTE5OWM3NTItZDhmMC00ZTIzLTk3NmEtYjNiYTI2M2UyNDQ1P2FwaS12ZXJzaW9uPTIwMTktMTItMTI=",
      "RequestMethod": "GET",
      "RequestBody": "",
      "RequestHeaders": {
        "User-Agent": [
          "FxVersion/4.6.28325.01",
          "OSName/Windows",
          "OSVersion/Microsoft.Windows.10.0.17763.",
          "Microsoft.Azure.Management.CosmosDB.Fluent.CosmosDBManagementClient/1.0.0.64",
          "MacAddressHash/b3a7da489b162813d4ec18a0dd31725e1e60cc711ab71fb06adb74396c432148"
        ]
      },
      "ResponseHeaders": {
        "Cache-Control": [
          "no-store, no-cache"
        ],
        "Pragma": [
          "no-cache"
        ],
        "Strict-Transport-Security": [
          "max-age=31536000; includeSubDomains"
        ],
        "x-ms-gatewayversion": [
          "version=2.9.2"
        ],
        "Server": [
          "Microsoft-HTTPAPI/2.0"
        ],
        "x-ms-ratelimit-remaining-subscription-reads": [
          "11951"
        ],
        "x-ms-request-id": [
          "98c73d7a-dd0d-480e-945a-6a8a8cfac22d"
        ],
        "x-ms-correlation-request-id": [
          "98c73d7a-dd0d-480e-945a-6a8a8cfac22d"
        ],
        "x-ms-routing-request-id": [
          "SOUTHEASTASIA:20200304T112658Z:98c73d7a-dd0d-480e-945a-6a8a8cfac22d"
        ],
        "X-Content-Type-Options": [
          "nosniff"
        ],
        "Date": [
          "Wed, 04 Mar 2020 11:26:58 GMT"
        ],
        "Content-Length": [
          "21"
        ],
        "Content-Type": [
          "application/json"
        ],
        "Content-Location": [
          "https://management.documents.azure.com:450/subscriptions/ec0aa5f7-9e78-40c9-85cd-535c6305b380/providers/Microsoft.DocumentDB/locations/westus/operationsStatus/1199c752-d8f0-4e23-976a-b3ba263e2445?api-version=2019-12-12"
        ]
      },
      "ResponseBody": "{\r\n  \"status\": \"Dequeued\"\r\n}",
      "StatusCode": 200
    },
    {
      "RequestUri": "/subscriptions/ec0aa5f7-9e78-40c9-85cd-535c6305b380/providers/Microsoft.DocumentDB/locations/westus/operationsStatus/1199c752-d8f0-4e23-976a-b3ba263e2445?api-version=2019-12-12",
      "EncodedRequestUri": "L3N1YnNjcmlwdGlvbnMvZWMwYWE1ZjctOWU3OC00MGM5LTg1Y2QtNTM1YzYzMDViMzgwL3Byb3ZpZGVycy9NaWNyb3NvZnQuRG9jdW1lbnREQi9sb2NhdGlvbnMvd2VzdHVzL29wZXJhdGlvbnNTdGF0dXMvMTE5OWM3NTItZDhmMC00ZTIzLTk3NmEtYjNiYTI2M2UyNDQ1P2FwaS12ZXJzaW9uPTIwMTktMTItMTI=",
      "RequestMethod": "GET",
      "RequestBody": "",
      "RequestHeaders": {
        "User-Agent": [
          "FxVersion/4.6.28325.01",
          "OSName/Windows",
          "OSVersion/Microsoft.Windows.10.0.17763.",
          "Microsoft.Azure.Management.CosmosDB.Fluent.CosmosDBManagementClient/1.0.0.64",
          "MacAddressHash/b3a7da489b162813d4ec18a0dd31725e1e60cc711ab71fb06adb74396c432148"
        ]
      },
      "ResponseHeaders": {
        "Cache-Control": [
          "no-store, no-cache"
        ],
        "Pragma": [
          "no-cache"
        ],
        "Strict-Transport-Security": [
          "max-age=31536000; includeSubDomains"
        ],
        "x-ms-gatewayversion": [
          "version=2.9.2"
        ],
        "Server": [
          "Microsoft-HTTPAPI/2.0"
        ],
        "x-ms-ratelimit-remaining-subscription-reads": [
          "11950"
        ],
        "x-ms-request-id": [
          "a3e73363-8992-4aa1-837d-02e46eeb0e5e"
        ],
        "x-ms-correlation-request-id": [
          "a3e73363-8992-4aa1-837d-02e46eeb0e5e"
        ],
        "x-ms-routing-request-id": [
          "SOUTHEASTASIA:20200304T112729Z:a3e73363-8992-4aa1-837d-02e46eeb0e5e"
        ],
        "X-Content-Type-Options": [
          "nosniff"
        ],
        "Date": [
          "Wed, 04 Mar 2020 11:27:29 GMT"
        ],
        "Content-Length": [
          "21"
        ],
        "Content-Type": [
          "application/json"
        ],
        "Content-Location": [
          "https://management.documents.azure.com:450/subscriptions/ec0aa5f7-9e78-40c9-85cd-535c6305b380/providers/Microsoft.DocumentDB/locations/westus/operationsStatus/1199c752-d8f0-4e23-976a-b3ba263e2445?api-version=2019-12-12"
        ]
      },
      "ResponseBody": "{\r\n  \"status\": \"Dequeued\"\r\n}",
      "StatusCode": 200
    },
    {
      "RequestUri": "/subscriptions/ec0aa5f7-9e78-40c9-85cd-535c6305b380/providers/Microsoft.DocumentDB/locations/westus/operationsStatus/1199c752-d8f0-4e23-976a-b3ba263e2445?api-version=2019-12-12",
      "EncodedRequestUri": "L3N1YnNjcmlwdGlvbnMvZWMwYWE1ZjctOWU3OC00MGM5LTg1Y2QtNTM1YzYzMDViMzgwL3Byb3ZpZGVycy9NaWNyb3NvZnQuRG9jdW1lbnREQi9sb2NhdGlvbnMvd2VzdHVzL29wZXJhdGlvbnNTdGF0dXMvMTE5OWM3NTItZDhmMC00ZTIzLTk3NmEtYjNiYTI2M2UyNDQ1P2FwaS12ZXJzaW9uPTIwMTktMTItMTI=",
      "RequestMethod": "GET",
      "RequestBody": "",
      "RequestHeaders": {
        "User-Agent": [
          "FxVersion/4.6.28325.01",
          "OSName/Windows",
          "OSVersion/Microsoft.Windows.10.0.17763.",
          "Microsoft.Azure.Management.CosmosDB.Fluent.CosmosDBManagementClient/1.0.0.64",
          "MacAddressHash/b3a7da489b162813d4ec18a0dd31725e1e60cc711ab71fb06adb74396c432148"
        ]
      },
      "ResponseHeaders": {
        "Cache-Control": [
          "no-store, no-cache"
        ],
        "Pragma": [
          "no-cache"
        ],
        "Strict-Transport-Security": [
          "max-age=31536000; includeSubDomains"
        ],
        "x-ms-gatewayversion": [
          "version=2.9.2"
        ],
        "Server": [
          "Microsoft-HTTPAPI/2.0"
        ],
        "x-ms-ratelimit-remaining-subscription-reads": [
          "11949"
        ],
        "x-ms-request-id": [
          "bf4e008b-8823-4dd4-a049-99abe9bbec9b"
        ],
        "x-ms-correlation-request-id": [
          "bf4e008b-8823-4dd4-a049-99abe9bbec9b"
        ],
        "x-ms-routing-request-id": [
          "SOUTHEASTASIA:20200304T112759Z:bf4e008b-8823-4dd4-a049-99abe9bbec9b"
        ],
        "X-Content-Type-Options": [
          "nosniff"
        ],
        "Date": [
          "Wed, 04 Mar 2020 11:27:59 GMT"
        ],
        "Content-Length": [
          "21"
        ],
        "Content-Type": [
          "application/json"
        ],
        "Content-Location": [
          "https://management.documents.azure.com:450/subscriptions/ec0aa5f7-9e78-40c9-85cd-535c6305b380/providers/Microsoft.DocumentDB/locations/westus/operationsStatus/1199c752-d8f0-4e23-976a-b3ba263e2445?api-version=2019-12-12"
        ]
      },
      "ResponseBody": "{\r\n  \"status\": \"Dequeued\"\r\n}",
      "StatusCode": 200
    },
    {
      "RequestUri": "/subscriptions/ec0aa5f7-9e78-40c9-85cd-535c6305b380/providers/Microsoft.DocumentDB/locations/westus/operationsStatus/1199c752-d8f0-4e23-976a-b3ba263e2445?api-version=2019-12-12",
      "EncodedRequestUri": "L3N1YnNjcmlwdGlvbnMvZWMwYWE1ZjctOWU3OC00MGM5LTg1Y2QtNTM1YzYzMDViMzgwL3Byb3ZpZGVycy9NaWNyb3NvZnQuRG9jdW1lbnREQi9sb2NhdGlvbnMvd2VzdHVzL29wZXJhdGlvbnNTdGF0dXMvMTE5OWM3NTItZDhmMC00ZTIzLTk3NmEtYjNiYTI2M2UyNDQ1P2FwaS12ZXJzaW9uPTIwMTktMTItMTI=",
      "RequestMethod": "GET",
      "RequestBody": "",
      "RequestHeaders": {
        "User-Agent": [
          "FxVersion/4.6.28325.01",
          "OSName/Windows",
          "OSVersion/Microsoft.Windows.10.0.17763.",
          "Microsoft.Azure.Management.CosmosDB.Fluent.CosmosDBManagementClient/1.0.0.64",
          "MacAddressHash/b3a7da489b162813d4ec18a0dd31725e1e60cc711ab71fb06adb74396c432148"
        ]
      },
      "ResponseHeaders": {
        "Cache-Control": [
          "no-store, no-cache"
        ],
        "Pragma": [
          "no-cache"
        ],
        "Strict-Transport-Security": [
          "max-age=31536000; includeSubDomains"
        ],
        "x-ms-gatewayversion": [
          "version=2.9.2"
        ],
        "Server": [
          "Microsoft-HTTPAPI/2.0"
        ],
        "x-ms-ratelimit-remaining-subscription-reads": [
          "11948"
        ],
        "x-ms-request-id": [
          "302731cb-d455-4bf6-a7ed-d6947c148d69"
        ],
        "x-ms-correlation-request-id": [
          "302731cb-d455-4bf6-a7ed-d6947c148d69"
        ],
        "x-ms-routing-request-id": [
          "SOUTHEASTASIA:20200304T112830Z:302731cb-d455-4bf6-a7ed-d6947c148d69"
        ],
        "X-Content-Type-Options": [
          "nosniff"
        ],
        "Date": [
          "Wed, 04 Mar 2020 11:28:30 GMT"
        ],
        "Content-Length": [
          "21"
        ],
        "Content-Type": [
          "application/json"
        ],
        "Content-Location": [
          "https://management.documents.azure.com:450/subscriptions/ec0aa5f7-9e78-40c9-85cd-535c6305b380/providers/Microsoft.DocumentDB/locations/westus/operationsStatus/1199c752-d8f0-4e23-976a-b3ba263e2445?api-version=2019-12-12"
        ]
      },
      "ResponseBody": "{\r\n  \"status\": \"Dequeued\"\r\n}",
      "StatusCode": 200
    },
    {
      "RequestUri": "/subscriptions/ec0aa5f7-9e78-40c9-85cd-535c6305b380/providers/Microsoft.DocumentDB/locations/westus/operationsStatus/1199c752-d8f0-4e23-976a-b3ba263e2445?api-version=2019-12-12",
      "EncodedRequestUri": "L3N1YnNjcmlwdGlvbnMvZWMwYWE1ZjctOWU3OC00MGM5LTg1Y2QtNTM1YzYzMDViMzgwL3Byb3ZpZGVycy9NaWNyb3NvZnQuRG9jdW1lbnREQi9sb2NhdGlvbnMvd2VzdHVzL29wZXJhdGlvbnNTdGF0dXMvMTE5OWM3NTItZDhmMC00ZTIzLTk3NmEtYjNiYTI2M2UyNDQ1P2FwaS12ZXJzaW9uPTIwMTktMTItMTI=",
      "RequestMethod": "GET",
      "RequestBody": "",
      "RequestHeaders": {
        "User-Agent": [
          "FxVersion/4.6.28325.01",
          "OSName/Windows",
          "OSVersion/Microsoft.Windows.10.0.17763.",
          "Microsoft.Azure.Management.CosmosDB.Fluent.CosmosDBManagementClient/1.0.0.64",
          "MacAddressHash/b3a7da489b162813d4ec18a0dd31725e1e60cc711ab71fb06adb74396c432148"
        ]
      },
      "ResponseHeaders": {
        "Cache-Control": [
          "no-store, no-cache"
        ],
        "Pragma": [
          "no-cache"
        ],
        "Strict-Transport-Security": [
          "max-age=31536000; includeSubDomains"
        ],
        "x-ms-gatewayversion": [
          "version=2.9.2"
        ],
        "Server": [
          "Microsoft-HTTPAPI/2.0"
        ],
        "x-ms-ratelimit-remaining-subscription-reads": [
          "11947"
        ],
        "x-ms-request-id": [
          "fa8b5dfe-f6f7-4965-8f9e-f55a2f0ed62d"
        ],
        "x-ms-correlation-request-id": [
          "fa8b5dfe-f6f7-4965-8f9e-f55a2f0ed62d"
        ],
        "x-ms-routing-request-id": [
          "SOUTHEASTASIA:20200304T112900Z:fa8b5dfe-f6f7-4965-8f9e-f55a2f0ed62d"
        ],
        "X-Content-Type-Options": [
          "nosniff"
        ],
        "Date": [
          "Wed, 04 Mar 2020 11:28:59 GMT"
        ],
        "Content-Length": [
          "21"
        ],
        "Content-Type": [
          "application/json"
        ],
        "Content-Location": [
          "https://management.documents.azure.com:450/subscriptions/ec0aa5f7-9e78-40c9-85cd-535c6305b380/providers/Microsoft.DocumentDB/locations/westus/operationsStatus/1199c752-d8f0-4e23-976a-b3ba263e2445?api-version=2019-12-12"
        ]
      },
      "ResponseBody": "{\r\n  \"status\": \"Dequeued\"\r\n}",
      "StatusCode": 200
    },
    {
      "RequestUri": "/subscriptions/ec0aa5f7-9e78-40c9-85cd-535c6305b380/providers/Microsoft.DocumentDB/locations/westus/operationsStatus/1199c752-d8f0-4e23-976a-b3ba263e2445?api-version=2019-12-12",
      "EncodedRequestUri": "L3N1YnNjcmlwdGlvbnMvZWMwYWE1ZjctOWU3OC00MGM5LTg1Y2QtNTM1YzYzMDViMzgwL3Byb3ZpZGVycy9NaWNyb3NvZnQuRG9jdW1lbnREQi9sb2NhdGlvbnMvd2VzdHVzL29wZXJhdGlvbnNTdGF0dXMvMTE5OWM3NTItZDhmMC00ZTIzLTk3NmEtYjNiYTI2M2UyNDQ1P2FwaS12ZXJzaW9uPTIwMTktMTItMTI=",
      "RequestMethod": "GET",
      "RequestBody": "",
      "RequestHeaders": {
        "User-Agent": [
          "FxVersion/4.6.28325.01",
          "OSName/Windows",
          "OSVersion/Microsoft.Windows.10.0.17763.",
          "Microsoft.Azure.Management.CosmosDB.Fluent.CosmosDBManagementClient/1.0.0.64",
          "MacAddressHash/b3a7da489b162813d4ec18a0dd31725e1e60cc711ab71fb06adb74396c432148"
        ]
      },
      "ResponseHeaders": {
        "Cache-Control": [
          "no-store, no-cache"
        ],
        "Pragma": [
          "no-cache"
        ],
        "Strict-Transport-Security": [
          "max-age=31536000; includeSubDomains"
        ],
        "x-ms-gatewayversion": [
          "version=2.9.2"
        ],
        "Server": [
          "Microsoft-HTTPAPI/2.0"
        ],
        "x-ms-ratelimit-remaining-subscription-reads": [
          "11946"
        ],
        "x-ms-request-id": [
          "16d7b9ff-cd1e-4342-9286-7101aef25309"
        ],
        "x-ms-correlation-request-id": [
          "16d7b9ff-cd1e-4342-9286-7101aef25309"
        ],
        "x-ms-routing-request-id": [
          "SOUTHEASTASIA:20200304T112930Z:16d7b9ff-cd1e-4342-9286-7101aef25309"
        ],
        "X-Content-Type-Options": [
          "nosniff"
        ],
        "Date": [
          "Wed, 04 Mar 2020 11:29:29 GMT"
        ],
        "Content-Length": [
          "21"
        ],
        "Content-Type": [
          "application/json"
        ],
        "Content-Location": [
          "https://management.documents.azure.com:450/subscriptions/ec0aa5f7-9e78-40c9-85cd-535c6305b380/providers/Microsoft.DocumentDB/locations/westus/operationsStatus/1199c752-d8f0-4e23-976a-b3ba263e2445?api-version=2019-12-12"
        ]
      },
      "ResponseBody": "{\r\n  \"status\": \"Dequeued\"\r\n}",
      "StatusCode": 200
    },
    {
      "RequestUri": "/subscriptions/ec0aa5f7-9e78-40c9-85cd-535c6305b380/providers/Microsoft.DocumentDB/locations/westus/operationsStatus/1199c752-d8f0-4e23-976a-b3ba263e2445?api-version=2019-12-12",
      "EncodedRequestUri": "L3N1YnNjcmlwdGlvbnMvZWMwYWE1ZjctOWU3OC00MGM5LTg1Y2QtNTM1YzYzMDViMzgwL3Byb3ZpZGVycy9NaWNyb3NvZnQuRG9jdW1lbnREQi9sb2NhdGlvbnMvd2VzdHVzL29wZXJhdGlvbnNTdGF0dXMvMTE5OWM3NTItZDhmMC00ZTIzLTk3NmEtYjNiYTI2M2UyNDQ1P2FwaS12ZXJzaW9uPTIwMTktMTItMTI=",
      "RequestMethod": "GET",
      "RequestBody": "",
      "RequestHeaders": {
        "User-Agent": [
          "FxVersion/4.6.28325.01",
          "OSName/Windows",
          "OSVersion/Microsoft.Windows.10.0.17763.",
          "Microsoft.Azure.Management.CosmosDB.Fluent.CosmosDBManagementClient/1.0.0.64",
          "MacAddressHash/b3a7da489b162813d4ec18a0dd31725e1e60cc711ab71fb06adb74396c432148"
        ]
      },
      "ResponseHeaders": {
        "Cache-Control": [
          "no-store, no-cache"
        ],
        "Pragma": [
          "no-cache"
        ],
        "Strict-Transport-Security": [
          "max-age=31536000; includeSubDomains"
        ],
        "x-ms-gatewayversion": [
          "version=2.9.2"
        ],
        "Server": [
          "Microsoft-HTTPAPI/2.0"
        ],
        "x-ms-ratelimit-remaining-subscription-reads": [
          "11945"
        ],
        "x-ms-request-id": [
          "9f9db14e-e0bd-4891-8eec-6b5b2790f738"
        ],
        "x-ms-correlation-request-id": [
          "9f9db14e-e0bd-4891-8eec-6b5b2790f738"
        ],
        "x-ms-routing-request-id": [
          "SOUTHEASTASIA:20200304T113000Z:9f9db14e-e0bd-4891-8eec-6b5b2790f738"
        ],
        "X-Content-Type-Options": [
          "nosniff"
        ],
        "Date": [
          "Wed, 04 Mar 2020 11:29:59 GMT"
        ],
        "Content-Length": [
          "21"
        ],
        "Content-Type": [
          "application/json"
        ],
        "Content-Location": [
          "https://management.documents.azure.com:450/subscriptions/ec0aa5f7-9e78-40c9-85cd-535c6305b380/providers/Microsoft.DocumentDB/locations/westus/operationsStatus/1199c752-d8f0-4e23-976a-b3ba263e2445?api-version=2019-12-12"
        ]
      },
      "ResponseBody": "{\r\n  \"status\": \"Dequeued\"\r\n}",
      "StatusCode": 200
    },
    {
      "RequestUri": "/subscriptions/ec0aa5f7-9e78-40c9-85cd-535c6305b380/providers/Microsoft.DocumentDB/locations/westus/operationsStatus/1199c752-d8f0-4e23-976a-b3ba263e2445?api-version=2019-12-12",
      "EncodedRequestUri": "L3N1YnNjcmlwdGlvbnMvZWMwYWE1ZjctOWU3OC00MGM5LTg1Y2QtNTM1YzYzMDViMzgwL3Byb3ZpZGVycy9NaWNyb3NvZnQuRG9jdW1lbnREQi9sb2NhdGlvbnMvd2VzdHVzL29wZXJhdGlvbnNTdGF0dXMvMTE5OWM3NTItZDhmMC00ZTIzLTk3NmEtYjNiYTI2M2UyNDQ1P2FwaS12ZXJzaW9uPTIwMTktMTItMTI=",
      "RequestMethod": "GET",
      "RequestBody": "",
      "RequestHeaders": {
        "User-Agent": [
          "FxVersion/4.6.28325.01",
          "OSName/Windows",
          "OSVersion/Microsoft.Windows.10.0.17763.",
          "Microsoft.Azure.Management.CosmosDB.Fluent.CosmosDBManagementClient/1.0.0.64",
          "MacAddressHash/b3a7da489b162813d4ec18a0dd31725e1e60cc711ab71fb06adb74396c432148"
        ]
      },
      "ResponseHeaders": {
        "Cache-Control": [
          "no-store, no-cache"
        ],
        "Pragma": [
          "no-cache"
        ],
        "Strict-Transport-Security": [
          "max-age=31536000; includeSubDomains"
        ],
        "x-ms-gatewayversion": [
          "version=2.9.2"
        ],
        "Server": [
          "Microsoft-HTTPAPI/2.0"
        ],
        "x-ms-ratelimit-remaining-subscription-reads": [
          "11944"
        ],
        "x-ms-request-id": [
          "77e4f3c3-419d-489f-8444-6430833809bc"
        ],
        "x-ms-correlation-request-id": [
          "77e4f3c3-419d-489f-8444-6430833809bc"
        ],
        "x-ms-routing-request-id": [
          "SOUTHEASTASIA:20200304T113031Z:77e4f3c3-419d-489f-8444-6430833809bc"
        ],
        "X-Content-Type-Options": [
          "nosniff"
        ],
        "Date": [
          "Wed, 04 Mar 2020 11:30:31 GMT"
        ],
        "Content-Length": [
          "21"
        ],
        "Content-Type": [
          "application/json"
        ],
        "Content-Location": [
          "https://management.documents.azure.com:450/subscriptions/ec0aa5f7-9e78-40c9-85cd-535c6305b380/providers/Microsoft.DocumentDB/locations/westus/operationsStatus/1199c752-d8f0-4e23-976a-b3ba263e2445?api-version=2019-12-12"
        ]
      },
      "ResponseBody": "{\r\n  \"status\": \"Dequeued\"\r\n}",
      "StatusCode": 200
    },
    {
      "RequestUri": "/subscriptions/ec0aa5f7-9e78-40c9-85cd-535c6305b380/providers/Microsoft.DocumentDB/locations/westus/operationsStatus/1199c752-d8f0-4e23-976a-b3ba263e2445?api-version=2019-12-12",
      "EncodedRequestUri": "L3N1YnNjcmlwdGlvbnMvZWMwYWE1ZjctOWU3OC00MGM5LTg1Y2QtNTM1YzYzMDViMzgwL3Byb3ZpZGVycy9NaWNyb3NvZnQuRG9jdW1lbnREQi9sb2NhdGlvbnMvd2VzdHVzL29wZXJhdGlvbnNTdGF0dXMvMTE5OWM3NTItZDhmMC00ZTIzLTk3NmEtYjNiYTI2M2UyNDQ1P2FwaS12ZXJzaW9uPTIwMTktMTItMTI=",
      "RequestMethod": "GET",
      "RequestBody": "",
      "RequestHeaders": {
        "User-Agent": [
          "FxVersion/4.6.28325.01",
          "OSName/Windows",
          "OSVersion/Microsoft.Windows.10.0.17763.",
          "Microsoft.Azure.Management.CosmosDB.Fluent.CosmosDBManagementClient/1.0.0.64",
          "MacAddressHash/b3a7da489b162813d4ec18a0dd31725e1e60cc711ab71fb06adb74396c432148"
        ]
      },
      "ResponseHeaders": {
        "Cache-Control": [
          "no-store, no-cache"
        ],
        "Pragma": [
          "no-cache"
        ],
        "Strict-Transport-Security": [
          "max-age=31536000; includeSubDomains"
        ],
        "x-ms-gatewayversion": [
          "version=2.9.2"
        ],
        "Server": [
          "Microsoft-HTTPAPI/2.0"
        ],
        "x-ms-ratelimit-remaining-subscription-reads": [
          "11943"
        ],
        "x-ms-request-id": [
          "18ff7fe1-6fb3-4af8-8bcb-5b68e182b020"
        ],
        "x-ms-correlation-request-id": [
          "18ff7fe1-6fb3-4af8-8bcb-5b68e182b020"
        ],
        "x-ms-routing-request-id": [
          "SOUTHEASTASIA:20200304T113101Z:18ff7fe1-6fb3-4af8-8bcb-5b68e182b020"
        ],
        "X-Content-Type-Options": [
          "nosniff"
        ],
        "Date": [
          "Wed, 04 Mar 2020 11:31:01 GMT"
        ],
        "Content-Length": [
          "21"
        ],
        "Content-Type": [
          "application/json"
        ],
        "Content-Location": [
          "https://management.documents.azure.com:450/subscriptions/ec0aa5f7-9e78-40c9-85cd-535c6305b380/providers/Microsoft.DocumentDB/locations/westus/operationsStatus/1199c752-d8f0-4e23-976a-b3ba263e2445?api-version=2019-12-12"
        ]
      },
      "ResponseBody": "{\r\n  \"status\": \"Dequeued\"\r\n}",
      "StatusCode": 200
    },
    {
      "RequestUri": "/subscriptions/ec0aa5f7-9e78-40c9-85cd-535c6305b380/providers/Microsoft.DocumentDB/locations/westus/operationsStatus/1199c752-d8f0-4e23-976a-b3ba263e2445?api-version=2019-12-12",
      "EncodedRequestUri": "L3N1YnNjcmlwdGlvbnMvZWMwYWE1ZjctOWU3OC00MGM5LTg1Y2QtNTM1YzYzMDViMzgwL3Byb3ZpZGVycy9NaWNyb3NvZnQuRG9jdW1lbnREQi9sb2NhdGlvbnMvd2VzdHVzL29wZXJhdGlvbnNTdGF0dXMvMTE5OWM3NTItZDhmMC00ZTIzLTk3NmEtYjNiYTI2M2UyNDQ1P2FwaS12ZXJzaW9uPTIwMTktMTItMTI=",
      "RequestMethod": "GET",
      "RequestBody": "",
      "RequestHeaders": {
        "User-Agent": [
          "FxVersion/4.6.28325.01",
          "OSName/Windows",
          "OSVersion/Microsoft.Windows.10.0.17763.",
          "Microsoft.Azure.Management.CosmosDB.Fluent.CosmosDBManagementClient/1.0.0.64",
          "MacAddressHash/b3a7da489b162813d4ec18a0dd31725e1e60cc711ab71fb06adb74396c432148"
        ]
      },
      "ResponseHeaders": {
        "Cache-Control": [
          "no-store, no-cache"
        ],
        "Pragma": [
          "no-cache"
        ],
        "Strict-Transport-Security": [
          "max-age=31536000; includeSubDomains"
        ],
        "x-ms-gatewayversion": [
          "version=2.9.2"
        ],
        "Server": [
          "Microsoft-HTTPAPI/2.0"
        ],
        "x-ms-ratelimit-remaining-subscription-reads": [
          "11942"
        ],
        "x-ms-request-id": [
          "e7954acb-f68d-4153-beb7-5b0d6c22f0f5"
        ],
        "x-ms-correlation-request-id": [
          "e7954acb-f68d-4153-beb7-5b0d6c22f0f5"
        ],
        "x-ms-routing-request-id": [
          "SOUTHEASTASIA:20200304T113131Z:e7954acb-f68d-4153-beb7-5b0d6c22f0f5"
        ],
        "X-Content-Type-Options": [
          "nosniff"
        ],
        "Date": [
          "Wed, 04 Mar 2020 11:31:31 GMT"
        ],
        "Content-Length": [
          "21"
        ],
        "Content-Type": [
          "application/json"
        ],
        "Content-Location": [
          "https://management.documents.azure.com:450/subscriptions/ec0aa5f7-9e78-40c9-85cd-535c6305b380/providers/Microsoft.DocumentDB/locations/westus/operationsStatus/1199c752-d8f0-4e23-976a-b3ba263e2445?api-version=2019-12-12"
        ]
      },
      "ResponseBody": "{\r\n  \"status\": \"Dequeued\"\r\n}",
      "StatusCode": 200
    },
    {
      "RequestUri": "/subscriptions/ec0aa5f7-9e78-40c9-85cd-535c6305b380/providers/Microsoft.DocumentDB/locations/westus/operationsStatus/1199c752-d8f0-4e23-976a-b3ba263e2445?api-version=2019-12-12",
      "EncodedRequestUri": "L3N1YnNjcmlwdGlvbnMvZWMwYWE1ZjctOWU3OC00MGM5LTg1Y2QtNTM1YzYzMDViMzgwL3Byb3ZpZGVycy9NaWNyb3NvZnQuRG9jdW1lbnREQi9sb2NhdGlvbnMvd2VzdHVzL29wZXJhdGlvbnNTdGF0dXMvMTE5OWM3NTItZDhmMC00ZTIzLTk3NmEtYjNiYTI2M2UyNDQ1P2FwaS12ZXJzaW9uPTIwMTktMTItMTI=",
      "RequestMethod": "GET",
      "RequestBody": "",
      "RequestHeaders": {
        "User-Agent": [
          "FxVersion/4.6.28325.01",
          "OSName/Windows",
          "OSVersion/Microsoft.Windows.10.0.17763.",
          "Microsoft.Azure.Management.CosmosDB.Fluent.CosmosDBManagementClient/1.0.0.64",
          "MacAddressHash/b3a7da489b162813d4ec18a0dd31725e1e60cc711ab71fb06adb74396c432148"
        ]
      },
      "ResponseHeaders": {
        "Cache-Control": [
          "no-store, no-cache"
        ],
        "Pragma": [
          "no-cache"
        ],
        "Strict-Transport-Security": [
          "max-age=31536000; includeSubDomains"
        ],
        "x-ms-gatewayversion": [
          "version=2.9.2"
        ],
        "Server": [
          "Microsoft-HTTPAPI/2.0"
        ],
        "x-ms-ratelimit-remaining-subscription-reads": [
          "11941"
        ],
        "x-ms-request-id": [
          "273f8ca5-1bc8-4c83-a396-86f7d5482ba4"
        ],
        "x-ms-correlation-request-id": [
          "273f8ca5-1bc8-4c83-a396-86f7d5482ba4"
        ],
        "x-ms-routing-request-id": [
          "SOUTHEASTASIA:20200304T113202Z:273f8ca5-1bc8-4c83-a396-86f7d5482ba4"
        ],
        "X-Content-Type-Options": [
          "nosniff"
        ],
        "Date": [
          "Wed, 04 Mar 2020 11:32:01 GMT"
        ],
        "Content-Length": [
          "21"
        ],
        "Content-Type": [
          "application/json"
        ],
        "Content-Location": [
          "https://management.documents.azure.com:450/subscriptions/ec0aa5f7-9e78-40c9-85cd-535c6305b380/providers/Microsoft.DocumentDB/locations/westus/operationsStatus/1199c752-d8f0-4e23-976a-b3ba263e2445?api-version=2019-12-12"
        ]
      },
      "ResponseBody": "{\r\n  \"status\": \"Dequeued\"\r\n}",
      "StatusCode": 200
    },
    {
      "RequestUri": "/subscriptions/ec0aa5f7-9e78-40c9-85cd-535c6305b380/providers/Microsoft.DocumentDB/locations/westus/operationsStatus/1199c752-d8f0-4e23-976a-b3ba263e2445?api-version=2019-12-12",
      "EncodedRequestUri": "L3N1YnNjcmlwdGlvbnMvZWMwYWE1ZjctOWU3OC00MGM5LTg1Y2QtNTM1YzYzMDViMzgwL3Byb3ZpZGVycy9NaWNyb3NvZnQuRG9jdW1lbnREQi9sb2NhdGlvbnMvd2VzdHVzL29wZXJhdGlvbnNTdGF0dXMvMTE5OWM3NTItZDhmMC00ZTIzLTk3NmEtYjNiYTI2M2UyNDQ1P2FwaS12ZXJzaW9uPTIwMTktMTItMTI=",
      "RequestMethod": "GET",
      "RequestBody": "",
      "RequestHeaders": {
        "User-Agent": [
          "FxVersion/4.6.28325.01",
          "OSName/Windows",
          "OSVersion/Microsoft.Windows.10.0.17763.",
          "Microsoft.Azure.Management.CosmosDB.Fluent.CosmosDBManagementClient/1.0.0.64",
          "MacAddressHash/b3a7da489b162813d4ec18a0dd31725e1e60cc711ab71fb06adb74396c432148"
        ]
      },
      "ResponseHeaders": {
        "Cache-Control": [
          "no-store, no-cache"
        ],
        "Pragma": [
          "no-cache"
        ],
        "Strict-Transport-Security": [
          "max-age=31536000; includeSubDomains"
        ],
        "x-ms-gatewayversion": [
          "version=2.9.2"
        ],
        "Server": [
          "Microsoft-HTTPAPI/2.0"
        ],
        "x-ms-ratelimit-remaining-subscription-reads": [
          "11940"
        ],
        "x-ms-request-id": [
          "a677fc51-9e11-43c5-9df7-d9db1d7a66d0"
        ],
        "x-ms-correlation-request-id": [
          "a677fc51-9e11-43c5-9df7-d9db1d7a66d0"
        ],
        "x-ms-routing-request-id": [
          "SOUTHEASTASIA:20200304T113233Z:a677fc51-9e11-43c5-9df7-d9db1d7a66d0"
        ],
        "X-Content-Type-Options": [
          "nosniff"
        ],
        "Date": [
          "Wed, 04 Mar 2020 11:32:33 GMT"
        ],
        "Content-Length": [
          "21"
        ],
        "Content-Type": [
          "application/json"
        ],
        "Content-Location": [
          "https://management.documents.azure.com:450/subscriptions/ec0aa5f7-9e78-40c9-85cd-535c6305b380/providers/Microsoft.DocumentDB/locations/westus/operationsStatus/1199c752-d8f0-4e23-976a-b3ba263e2445?api-version=2019-12-12"
        ]
      },
      "ResponseBody": "{\r\n  \"status\": \"Dequeued\"\r\n}",
      "StatusCode": 200
    },
    {
      "RequestUri": "/subscriptions/ec0aa5f7-9e78-40c9-85cd-535c6305b380/providers/Microsoft.DocumentDB/locations/westus/operationsStatus/1199c752-d8f0-4e23-976a-b3ba263e2445?api-version=2019-12-12",
      "EncodedRequestUri": "L3N1YnNjcmlwdGlvbnMvZWMwYWE1ZjctOWU3OC00MGM5LTg1Y2QtNTM1YzYzMDViMzgwL3Byb3ZpZGVycy9NaWNyb3NvZnQuRG9jdW1lbnREQi9sb2NhdGlvbnMvd2VzdHVzL29wZXJhdGlvbnNTdGF0dXMvMTE5OWM3NTItZDhmMC00ZTIzLTk3NmEtYjNiYTI2M2UyNDQ1P2FwaS12ZXJzaW9uPTIwMTktMTItMTI=",
      "RequestMethod": "GET",
      "RequestBody": "",
      "RequestHeaders": {
        "User-Agent": [
          "FxVersion/4.6.28325.01",
          "OSName/Windows",
          "OSVersion/Microsoft.Windows.10.0.17763.",
          "Microsoft.Azure.Management.CosmosDB.Fluent.CosmosDBManagementClient/1.0.0.64",
          "MacAddressHash/b3a7da489b162813d4ec18a0dd31725e1e60cc711ab71fb06adb74396c432148"
        ]
      },
      "ResponseHeaders": {
        "Cache-Control": [
          "no-store, no-cache"
        ],
        "Pragma": [
          "no-cache"
        ],
        "Strict-Transport-Security": [
          "max-age=31536000; includeSubDomains"
        ],
        "x-ms-gatewayversion": [
          "version=2.9.2"
        ],
        "Server": [
          "Microsoft-HTTPAPI/2.0"
        ],
        "x-ms-ratelimit-remaining-subscription-reads": [
          "11939"
        ],
        "x-ms-request-id": [
          "20c2f93b-6208-4a98-bba3-677724a03275"
        ],
        "x-ms-correlation-request-id": [
          "20c2f93b-6208-4a98-bba3-677724a03275"
        ],
        "x-ms-routing-request-id": [
          "SOUTHEASTASIA:20200304T113303Z:20c2f93b-6208-4a98-bba3-677724a03275"
        ],
        "X-Content-Type-Options": [
          "nosniff"
        ],
        "Date": [
          "Wed, 04 Mar 2020 11:33:03 GMT"
        ],
        "Content-Length": [
          "21"
        ],
        "Content-Type": [
          "application/json"
        ],
        "Content-Location": [
          "https://management.documents.azure.com:450/subscriptions/ec0aa5f7-9e78-40c9-85cd-535c6305b380/providers/Microsoft.DocumentDB/locations/westus/operationsStatus/1199c752-d8f0-4e23-976a-b3ba263e2445?api-version=2019-12-12"
        ]
      },
      "ResponseBody": "{\r\n  \"status\": \"Dequeued\"\r\n}",
      "StatusCode": 200
    },
    {
      "RequestUri": "/subscriptions/ec0aa5f7-9e78-40c9-85cd-535c6305b380/providers/Microsoft.DocumentDB/locations/westus/operationsStatus/1199c752-d8f0-4e23-976a-b3ba263e2445?api-version=2019-12-12",
      "EncodedRequestUri": "L3N1YnNjcmlwdGlvbnMvZWMwYWE1ZjctOWU3OC00MGM5LTg1Y2QtNTM1YzYzMDViMzgwL3Byb3ZpZGVycy9NaWNyb3NvZnQuRG9jdW1lbnREQi9sb2NhdGlvbnMvd2VzdHVzL29wZXJhdGlvbnNTdGF0dXMvMTE5OWM3NTItZDhmMC00ZTIzLTk3NmEtYjNiYTI2M2UyNDQ1P2FwaS12ZXJzaW9uPTIwMTktMTItMTI=",
      "RequestMethod": "GET",
      "RequestBody": "",
      "RequestHeaders": {
        "User-Agent": [
          "FxVersion/4.6.28325.01",
          "OSName/Windows",
          "OSVersion/Microsoft.Windows.10.0.17763.",
          "Microsoft.Azure.Management.CosmosDB.Fluent.CosmosDBManagementClient/1.0.0.64",
          "MacAddressHash/b3a7da489b162813d4ec18a0dd31725e1e60cc711ab71fb06adb74396c432148"
        ]
      },
      "ResponseHeaders": {
        "Cache-Control": [
          "no-store, no-cache"
        ],
        "Pragma": [
          "no-cache"
        ],
        "Strict-Transport-Security": [
          "max-age=31536000; includeSubDomains"
        ],
        "x-ms-gatewayversion": [
          "version=2.9.2"
        ],
        "Server": [
          "Microsoft-HTTPAPI/2.0"
        ],
        "x-ms-ratelimit-remaining-subscription-reads": [
          "11938"
        ],
        "x-ms-request-id": [
          "de23d1a6-1c45-4fb0-8b75-3e18610b8cd6"
        ],
        "x-ms-correlation-request-id": [
          "de23d1a6-1c45-4fb0-8b75-3e18610b8cd6"
        ],
        "x-ms-routing-request-id": [
          "SOUTHEASTASIA:20200304T113334Z:de23d1a6-1c45-4fb0-8b75-3e18610b8cd6"
        ],
        "X-Content-Type-Options": [
          "nosniff"
        ],
        "Date": [
          "Wed, 04 Mar 2020 11:33:33 GMT"
        ],
        "Content-Length": [
          "21"
        ],
        "Content-Type": [
          "application/json"
        ],
        "Content-Location": [
          "https://management.documents.azure.com:450/subscriptions/ec0aa5f7-9e78-40c9-85cd-535c6305b380/providers/Microsoft.DocumentDB/locations/westus/operationsStatus/1199c752-d8f0-4e23-976a-b3ba263e2445?api-version=2019-12-12"
        ]
      },
      "ResponseBody": "{\r\n  \"status\": \"Dequeued\"\r\n}",
      "StatusCode": 200
    },
    {
      "RequestUri": "/subscriptions/ec0aa5f7-9e78-40c9-85cd-535c6305b380/providers/Microsoft.DocumentDB/locations/westus/operationsStatus/1199c752-d8f0-4e23-976a-b3ba263e2445?api-version=2019-12-12",
      "EncodedRequestUri": "L3N1YnNjcmlwdGlvbnMvZWMwYWE1ZjctOWU3OC00MGM5LTg1Y2QtNTM1YzYzMDViMzgwL3Byb3ZpZGVycy9NaWNyb3NvZnQuRG9jdW1lbnREQi9sb2NhdGlvbnMvd2VzdHVzL29wZXJhdGlvbnNTdGF0dXMvMTE5OWM3NTItZDhmMC00ZTIzLTk3NmEtYjNiYTI2M2UyNDQ1P2FwaS12ZXJzaW9uPTIwMTktMTItMTI=",
      "RequestMethod": "GET",
      "RequestBody": "",
      "RequestHeaders": {
        "User-Agent": [
          "FxVersion/4.6.28325.01",
          "OSName/Windows",
          "OSVersion/Microsoft.Windows.10.0.17763.",
          "Microsoft.Azure.Management.CosmosDB.Fluent.CosmosDBManagementClient/1.0.0.64",
          "MacAddressHash/b3a7da489b162813d4ec18a0dd31725e1e60cc711ab71fb06adb74396c432148"
        ]
      },
      "ResponseHeaders": {
        "Cache-Control": [
          "no-store, no-cache"
        ],
        "Pragma": [
          "no-cache"
        ],
        "Strict-Transport-Security": [
          "max-age=31536000; includeSubDomains"
        ],
        "x-ms-gatewayversion": [
          "version=2.9.2"
        ],
        "Server": [
          "Microsoft-HTTPAPI/2.0"
        ],
        "x-ms-ratelimit-remaining-subscription-reads": [
          "11937"
        ],
        "x-ms-request-id": [
          "0db7e08f-4d08-4490-a57a-1e87f169c019"
        ],
        "x-ms-correlation-request-id": [
          "0db7e08f-4d08-4490-a57a-1e87f169c019"
        ],
        "x-ms-routing-request-id": [
          "SOUTHEASTASIA:20200304T113404Z:0db7e08f-4d08-4490-a57a-1e87f169c019"
        ],
        "X-Content-Type-Options": [
          "nosniff"
        ],
        "Date": [
          "Wed, 04 Mar 2020 11:34:04 GMT"
        ],
        "Content-Length": [
          "21"
        ],
        "Content-Type": [
          "application/json"
        ],
        "Content-Location": [
          "https://management.documents.azure.com:450/subscriptions/ec0aa5f7-9e78-40c9-85cd-535c6305b380/providers/Microsoft.DocumentDB/locations/westus/operationsStatus/1199c752-d8f0-4e23-976a-b3ba263e2445?api-version=2019-12-12"
        ]
      },
      "ResponseBody": "{\r\n  \"status\": \"Dequeued\"\r\n}",
      "StatusCode": 200
    },
    {
      "RequestUri": "/subscriptions/ec0aa5f7-9e78-40c9-85cd-535c6305b380/providers/Microsoft.DocumentDB/locations/westus/operationsStatus/1199c752-d8f0-4e23-976a-b3ba263e2445?api-version=2019-12-12",
      "EncodedRequestUri": "L3N1YnNjcmlwdGlvbnMvZWMwYWE1ZjctOWU3OC00MGM5LTg1Y2QtNTM1YzYzMDViMzgwL3Byb3ZpZGVycy9NaWNyb3NvZnQuRG9jdW1lbnREQi9sb2NhdGlvbnMvd2VzdHVzL29wZXJhdGlvbnNTdGF0dXMvMTE5OWM3NTItZDhmMC00ZTIzLTk3NmEtYjNiYTI2M2UyNDQ1P2FwaS12ZXJzaW9uPTIwMTktMTItMTI=",
      "RequestMethod": "GET",
      "RequestBody": "",
      "RequestHeaders": {
        "User-Agent": [
          "FxVersion/4.6.28325.01",
          "OSName/Windows",
          "OSVersion/Microsoft.Windows.10.0.17763.",
          "Microsoft.Azure.Management.CosmosDB.Fluent.CosmosDBManagementClient/1.0.0.64",
          "MacAddressHash/b3a7da489b162813d4ec18a0dd31725e1e60cc711ab71fb06adb74396c432148"
        ]
      },
      "ResponseHeaders": {
        "Cache-Control": [
          "no-store, no-cache"
        ],
        "Pragma": [
          "no-cache"
        ],
        "Strict-Transport-Security": [
          "max-age=31536000; includeSubDomains"
        ],
        "x-ms-gatewayversion": [
          "version=2.9.2"
        ],
        "Server": [
          "Microsoft-HTTPAPI/2.0"
        ],
        "x-ms-ratelimit-remaining-subscription-reads": [
          "11936"
        ],
        "x-ms-request-id": [
          "1a953926-3923-4f35-8530-e397e12e2b26"
        ],
        "x-ms-correlation-request-id": [
          "1a953926-3923-4f35-8530-e397e12e2b26"
        ],
        "x-ms-routing-request-id": [
          "SOUTHEASTASIA:20200304T113434Z:1a953926-3923-4f35-8530-e397e12e2b26"
        ],
        "X-Content-Type-Options": [
          "nosniff"
        ],
        "Date": [
          "Wed, 04 Mar 2020 11:34:34 GMT"
        ],
        "Content-Length": [
          "22"
        ],
        "Content-Type": [
          "application/json"
        ],
        "Content-Location": [
          "https://management.documents.azure.com:450/subscriptions/ec0aa5f7-9e78-40c9-85cd-535c6305b380/providers/Microsoft.DocumentDB/locations/westus/operationsStatus/1199c752-d8f0-4e23-976a-b3ba263e2445?api-version=2019-12-12"
        ]
      },
      "ResponseBody": "{\r\n  \"status\": \"Succeeded\"\r\n}",
      "StatusCode": 200
    },
    {
      "RequestUri": "/subscriptions/ec0aa5f7-9e78-40c9-85cd-535c6305b380/providers/Microsoft.DocumentDB/operationResults/1199c752-d8f0-4e23-976a-b3ba263e2445?api-version=2019-12-12",
      "EncodedRequestUri": "L3N1YnNjcmlwdGlvbnMvZWMwYWE1ZjctOWU3OC00MGM5LTg1Y2QtNTM1YzYzMDViMzgwL3Byb3ZpZGVycy9NaWNyb3NvZnQuRG9jdW1lbnREQi9vcGVyYXRpb25SZXN1bHRzLzExOTljNzUyLWQ4ZjAtNGUyMy05NzZhLWIzYmEyNjNlMjQ0NT9hcGktdmVyc2lvbj0yMDE5LTEyLTEy",
      "RequestMethod": "GET",
      "RequestBody": "",
      "RequestHeaders": {
        "User-Agent": [
          "FxVersion/4.6.28325.01",
          "OSName/Windows",
          "OSVersion/Microsoft.Windows.10.0.17763.",
          "Microsoft.Azure.Management.CosmosDB.Fluent.CosmosDBManagementClient/1.0.0.64",
          "MacAddressHash/b3a7da489b162813d4ec18a0dd31725e1e60cc711ab71fb06adb74396c432148"
        ]
      },
      "ResponseHeaders": {
        "Cache-Control": [
          "no-cache"
        ],
        "Pragma": [
          "no-cache"
        ],
        "x-ms-failure-cause": [
          "gateway"
        ],
        "x-ms-request-id": [
          "4cc7b240-875c-482a-ba26-0c23a1a67b1f"
        ],
        "x-ms-correlation-request-id": [
          "4cc7b240-875c-482a-ba26-0c23a1a67b1f"
        ],
        "x-ms-routing-request-id": [
          "SOUTHEASTASIA:20200304T113434Z:4cc7b240-875c-482a-ba26-0c23a1a67b1f"
        ],
        "Strict-Transport-Security": [
          "max-age=31536000; includeSubDomains"
        ],
        "X-Content-Type-Options": [
          "nosniff"
        ],
        "Date": [
          "Wed, 04 Mar 2020 11:34:34 GMT"
        ],
        "Content-Type": [
          "application/json; charset=utf-8"
        ],
        "Expires": [
          "-1"
        ],
        "Content-Length": [
          "193"
        ]
      },
      "ResponseBody": "{\r\n  \"error\": {\r\n    \"code\": \"InvalidResourceType\",\r\n    \"message\": \"Resource type 'operationResults' of provider namespace 'Microsoft.DocumentDB' was not found in global location for api version '2019-12-12'.\"\r\n  }\r\n}",
      "StatusCode": 404
    },
    {
      "RequestUri": "/subscriptions/ec0aa5f7-9e78-40c9-85cd-535c6305b380/resourcegroups/rgnemv9c882341a8422?api-version=2021-01-01",
      "EncodedRequestUri": "L3N1YnNjcmlwdGlvbnMvZWMwYWE1ZjctOWU3OC00MGM5LTg1Y2QtNTM1YzYzMDViMzgwL3Jlc291cmNlZ3JvdXBzL3JnbmVtdjljODgyMzQxYTg0MjI/YXBpLXZlcnNpb249MjAyMS0wMS0wMQ==",
      "RequestMethod": "DELETE",
      "RequestBody": "",
      "RequestHeaders": {
        "x-ms-client-request-id": [
          "7030dad2-fdc5-4a74-bcfd-3a5ffc2a4abf"
        ],
        "Accept-Language": [
          "en-US"
        ],
        "User-Agent": [
          "FxVersion/4.6.28325.01",
          "OSName/Windows",
          "OSVersion/Microsoft.Windows.10.0.17763.",
          "Microsoft.Azure.Management.ResourceManager.Fluent.ResourceManagementClient/1.0.0.64",
          "MacAddressHash/b3a7da489b162813d4ec18a0dd31725e1e60cc711ab71fb06adb74396c432148"
        ]
      },
      "ResponseHeaders": {
        "Cache-Control": [
          "no-cache"
        ],
        "Pragma": [
          "no-cache"
        ],
        "Location": [
          "https://management.azure.com/subscriptions/ec0aa5f7-9e78-40c9-85cd-535c6305b380/operationresults/eyJqb2JJZCI6IlJFU09VUkNFR1JPVVBERUxFVElPTkpPQi1SR05FTVY5Qzg4MjM0MUE4NDIyLVdFU1RVUyIsImpvYkxvY2F0aW9uIjoid2VzdHVzIn0?api-version=2019-08-01"
        ],
        "Retry-After": [
          "15"
        ],
        "x-ms-ratelimit-remaining-subscription-deletes": [
          "14998"
        ],
        "x-ms-request-id": [
          "5bf386dc-845d-4fd4-9514-1d2626b6ff4b"
        ],
        "x-ms-correlation-request-id": [
          "5bf386dc-845d-4fd4-9514-1d2626b6ff4b"
        ],
        "x-ms-routing-request-id": [
          "SOUTHEASTASIA:20200304T113439Z:5bf386dc-845d-4fd4-9514-1d2626b6ff4b"
        ],
        "Strict-Transport-Security": [
          "max-age=31536000; includeSubDomains"
        ],
        "X-Content-Type-Options": [
          "nosniff"
        ],
        "Date": [
          "Wed, 04 Mar 2020 11:34:39 GMT"
        ],
        "Expires": [
          "-1"
        ],
        "Content-Length": [
          "0"
        ]
      },
      "ResponseBody": "",
      "StatusCode": 202
    }
  ],
  "Names": {
    "CosmosDBWithEventualConsistencyTest": [
      "docdb42743",
      "rgnemv9c882341a8422"
    ]
  },
  "Variables": {
    "ServicePrincipal": "0a5612a4-bc9a-47ea-b5dd-b9280aca1b09",
    "AADTenant": "72f988bf-86f1-41af-91ab-2d7cd011db47",
    "SubscriptionId": "ec0aa5f7-9e78-40c9-85cd-535c6305b380"
  }
}