{
  "Entries": [
    {
      "RequestUri": "/subscriptions/1c638cf4-608f-4ee6-b680-c329e824c3a8/resourcegroups/jmonitor_71405031?api-version=2019-08-01",
      "EncodedRequestUri": "L3N1YnNjcmlwdGlvbnMvMWM2MzhjZjQtNjA4Zi00ZWU2LWI2ODAtYzMyOWU4MjRjM2E4L3Jlc291cmNlZ3JvdXBzL2ptb25pdG9yXzcxNDA1MDMxP2FwaS12ZXJzaW9uPTIwMTktMDgtMDE=",
      "RequestMethod": "PUT",
      "RequestBody": "{\r\n  \"location\": \"eastus2\"\r\n}",
      "RequestHeaders": {
        "x-ms-client-request-id": [
          "a3444ada-4f06-4492-b77b-450f81d33d6e"
        ],
        "Accept-Language": [
          "en-US"
        ],
        "User-Agent": [
          "FxVersion/4.6.28008.01",
          "OSName/Windows",
          "OSVersion/Microsoft.Windows.10.0.18363.",
          "Microsoft.Azure.Management.ResourceManager.Fluent.ResourceManagementClient/1.0.0.61",
          "MacAddressHash/f198b50d7e3ef6510679efb9e4c9a1474fd2bf18cf1d6a2182c79b00464dbadd"
        ],
        "Content-Type": [
          "application/json; charset=utf-8"
        ],
        "Content-Length": [
          "29"
        ]
      },
      "ResponseHeaders": {
        "Cache-Control": [
          "no-cache"
        ],
        "Pragma": [
          "no-cache"
        ],
        "x-ms-ratelimit-remaining-subscription-writes": [
          "1199"
        ],
        "x-ms-request-id": [
          "b7c98010-6228-419f-9a50-99513a11ab61"
        ],
        "x-ms-correlation-request-id": [
          "b7c98010-6228-419f-9a50-99513a11ab61"
        ],
        "x-ms-routing-request-id": [
          "SOUTHEASTASIA:20191023T120811Z:b7c98010-6228-419f-9a50-99513a11ab61"
        ],
        "Strict-Transport-Security": [
          "max-age=31536000; includeSubDomains"
        ],
        "X-Content-Type-Options": [
          "nosniff"
        ],
        "Date": [
          "Wed, 23 Oct 2019 12:08:10 GMT"
        ],
        "Content-Length": [
          "232"
        ],
        "Content-Type": [
          "application/json; charset=utf-8"
        ],
        "Expires": [
          "-1"
        ]
      },
      "ResponseBody": "{\r\n  \"id\": \"/subscriptions/1c638cf4-608f-4ee6-b680-c329e824c3a8/resourceGroups/jmonitor_71405031\",\r\n  \"name\": \"jmonitor_71405031\",\r\n  \"type\": \"Microsoft.Resources/resourceGroups\",\r\n  \"location\": \"eastus2\",\r\n  \"properties\": {\r\n    \"provisioningState\": \"Succeeded\"\r\n  }\r\n}",
      "StatusCode": 201
    },
    {
      "RequestUri": "/subscriptions/1c638cf4-608f-4ee6-b680-c329e824c3a8/resourceGroups/jmonitor_71405031/providers/Microsoft.Network/virtualNetworks/vnet57d66091204a?api-version=2019-06-01",
      "EncodedRequestUri": "L3N1YnNjcmlwdGlvbnMvMWM2MzhjZjQtNjA4Zi00ZWU2LWI2ODAtYzMyOWU4MjRjM2E4L3Jlc291cmNlR3JvdXBzL2ptb25pdG9yXzcxNDA1MDMxL3Byb3ZpZGVycy9NaWNyb3NvZnQuTmV0d29yay92aXJ0dWFsTmV0d29ya3Mvdm5ldDU3ZDY2MDkxMjA0YT9hcGktdmVyc2lvbj0yMDE5LTA2LTAx",
      "RequestMethod": "PUT",
      "RequestBody": "{\r\n  \"properties\": {\r\n    \"addressSpace\": {\r\n      \"addressPrefixes\": [\r\n        \"10.0.0.0/28\"\r\n      ]\r\n    },\r\n    \"dhcpOptions\": {\r\n      \"dnsServers\": []\r\n    },\r\n    \"subnets\": [\r\n      {\r\n        \"properties\": {\r\n          \"addressPrefix\": \"10.0.0.0/28\"\r\n        },\r\n        \"name\": \"subnet1\"\r\n      }\r\n    ]\r\n  },\r\n  \"location\": \"eastus2\",\r\n  \"tags\": {}\r\n}",
      "RequestHeaders": {
        "x-ms-client-request-id": [
          "d57c0ea9-805a-410b-95fb-be40cc076205"
        ],
        "Accept-Language": [
          "en-US"
        ],
        "User-Agent": [
          "FxVersion/4.6.28008.01",
          "OSName/Windows",
          "OSVersion/Microsoft.Windows.10.0.18363.",
          "Microsoft.Azure.Management.Network.Fluent.NetworkManagementClient/1.0.0.61",
          "MacAddressHash/f198b50d7e3ef6510679efb9e4c9a1474fd2bf18cf1d6a2182c79b00464dbadd"
        ],
        "Content-Type": [
          "application/json; charset=utf-8"
        ],
        "Content-Length": [
          "363"
        ]
      },
      "ResponseHeaders": {
        "Cache-Control": [
          "no-cache"
        ],
        "Pragma": [
          "no-cache"
        ],
        "Retry-After": [
          "3"
        ],
        "x-ms-request-id": [
          "df50cf39-bce9-4efb-8261-df49e6af65a7"
        ],
        "Azure-AsyncOperation": [
          "https://management.azure.com/subscriptions/1c638cf4-608f-4ee6-b680-c329e824c3a8/providers/Microsoft.Network/locations/eastus2/operations/df50cf39-bce9-4efb-8261-df49e6af65a7?api-version=2019-06-01"
        ],
        "x-ms-correlation-request-id": [
          "2d2913bd-9795-48e6-97bf-789318425157"
        ],
        "x-ms-arm-service-request-id": [
          "cbc6d09f-6e48-403d-b1c7-469c43e418ad"
        ],
        "Strict-Transport-Security": [
          "max-age=31536000; includeSubDomains"
        ],
        "Server": [
          "Microsoft-HTTPAPI/2.0",
          "Microsoft-HTTPAPI/2.0"
        ],
        "x-ms-ratelimit-remaining-subscription-writes": [
          "1198"
        ],
        "x-ms-routing-request-id": [
          "SOUTHEASTASIA:20191023T120814Z:2d2913bd-9795-48e6-97bf-789318425157"
        ],
        "X-Content-Type-Options": [
          "nosniff"
        ],
        "Date": [
          "Wed, 23 Oct 2019 12:08:13 GMT"
        ],
        "Content-Length": [
          "1355"
        ],
        "Content-Type": [
          "application/json; charset=utf-8"
        ],
        "Expires": [
          "-1"
        ]
      },
      "ResponseBody": "{\r\n  \"name\": \"vnet57d66091204a\",\r\n  \"id\": \"/subscriptions/1c638cf4-608f-4ee6-b680-c329e824c3a8/resourceGroups/jmonitor_71405031/providers/Microsoft.Network/virtualNetworks/vnet57d66091204a\",\r\n  \"etag\": \"W/\\\"4581a7b8-03fc-44b7-9756-8607d9af82b5\\\"\",\r\n  \"type\": \"Microsoft.Network/virtualNetworks\",\r\n  \"location\": \"eastus2\",\r\n  \"tags\": {},\r\n  \"properties\": {\r\n    \"provisioningState\": \"Updating\",\r\n    \"resourceGuid\": \"a8e13a63-fd43-4db4-b27a-b09226e5bf93\",\r\n    \"addressSpace\": {\r\n      \"addressPrefixes\": [\r\n        \"10.0.0.0/28\"\r\n      ]\r\n    },\r\n    \"dhcpOptions\": {\r\n      \"dnsServers\": []\r\n    },\r\n    \"subnets\": [\r\n      {\r\n        \"name\": \"subnet1\",\r\n        \"id\": \"/subscriptions/1c638cf4-608f-4ee6-b680-c329e824c3a8/resourceGroups/jmonitor_71405031/providers/Microsoft.Network/virtualNetworks/vnet57d66091204a/subnets/subnet1\",\r\n        \"etag\": \"W/\\\"4581a7b8-03fc-44b7-9756-8607d9af82b5\\\"\",\r\n        \"properties\": {\r\n          \"provisioningState\": \"Updating\",\r\n          \"addressPrefix\": \"10.0.0.0/28\",\r\n          \"delegations\": [],\r\n          \"privateEndpointNetworkPolicies\": \"Enabled\",\r\n          \"privateLinkServiceNetworkPolicies\": \"Enabled\"\r\n        },\r\n        \"type\": \"Microsoft.Network/virtualNetworks/subnets\"\r\n      }\r\n    ],\r\n    \"virtualNetworkPeerings\": [],\r\n    \"enableDdosProtection\": false,\r\n    \"enableVmProtection\": false\r\n  }\r\n}",
      "StatusCode": 201
    },
    {
      "RequestUri": "/subscriptions/1c638cf4-608f-4ee6-b680-c329e824c3a8/providers/Microsoft.Network/locations/eastus2/operations/df50cf39-bce9-4efb-8261-df49e6af65a7?api-version=2019-06-01",
      "EncodedRequestUri": "L3N1YnNjcmlwdGlvbnMvMWM2MzhjZjQtNjA4Zi00ZWU2LWI2ODAtYzMyOWU4MjRjM2E4L3Byb3ZpZGVycy9NaWNyb3NvZnQuTmV0d29yay9sb2NhdGlvbnMvZWFzdHVzMi9vcGVyYXRpb25zL2RmNTBjZjM5LWJjZTktNGVmYi04MjYxLWRmNDllNmFmNjVhNz9hcGktdmVyc2lvbj0yMDE5LTA2LTAx",
      "RequestMethod": "GET",
      "RequestBody": "",
      "RequestHeaders": {
        "User-Agent": [
          "FxVersion/4.6.28008.01",
          "OSName/Windows",
          "OSVersion/Microsoft.Windows.10.0.18363.",
          "Microsoft.Azure.Management.Network.Fluent.NetworkManagementClient/1.0.0.61",
          "MacAddressHash/f198b50d7e3ef6510679efb9e4c9a1474fd2bf18cf1d6a2182c79b00464dbadd"
        ]
      },
      "ResponseHeaders": {
        "Cache-Control": [
          "no-cache"
        ],
        "Pragma": [
          "no-cache"
        ],
        "x-ms-request-id": [
          "84e1623e-d965-43f1-b0c5-6dcd6b1ef937"
        ],
        "x-ms-correlation-request-id": [
          "e3b7d88e-ac0c-420a-9ec0-30f623ccee7e"
        ],
        "x-ms-arm-service-request-id": [
          "41eedb2c-87c4-4fc2-b6be-7b25a02a46e1"
        ],
        "Strict-Transport-Security": [
          "max-age=31536000; includeSubDomains"
        ],
        "Server": [
          "Microsoft-HTTPAPI/2.0",
          "Microsoft-HTTPAPI/2.0"
        ],
        "x-ms-ratelimit-remaining-subscription-reads": [
          "11999"
        ],
        "x-ms-routing-request-id": [
          "SOUTHEASTASIA:20191023T120818Z:e3b7d88e-ac0c-420a-9ec0-30f623ccee7e"
        ],
        "X-Content-Type-Options": [
          "nosniff"
        ],
        "Date": [
          "Wed, 23 Oct 2019 12:08:17 GMT"
        ],
        "Content-Length": [
          "29"
        ],
        "Content-Type": [
          "application/json; charset=utf-8"
        ],
        "Expires": [
          "-1"
        ]
      },
      "ResponseBody": "{\r\n  \"status\": \"Succeeded\"\r\n}",
      "StatusCode": 200
    },
    {
      "RequestUri": "/subscriptions/1c638cf4-608f-4ee6-b680-c329e824c3a8/resourceGroups/jmonitor_71405031/providers/Microsoft.Network/virtualNetworks/vnet57d66091204a?api-version=2019-06-01",
      "EncodedRequestUri": "L3N1YnNjcmlwdGlvbnMvMWM2MzhjZjQtNjA4Zi00ZWU2LWI2ODAtYzMyOWU4MjRjM2E4L3Jlc291cmNlR3JvdXBzL2ptb25pdG9yXzcxNDA1MDMxL3Byb3ZpZGVycy9NaWNyb3NvZnQuTmV0d29yay92aXJ0dWFsTmV0d29ya3Mvdm5ldDU3ZDY2MDkxMjA0YT9hcGktdmVyc2lvbj0yMDE5LTA2LTAx",
      "RequestMethod": "GET",
      "RequestBody": "",
      "RequestHeaders": {
        "User-Agent": [
          "FxVersion/4.6.28008.01",
          "OSName/Windows",
          "OSVersion/Microsoft.Windows.10.0.18363.",
          "Microsoft.Azure.Management.Network.Fluent.NetworkManagementClient/1.0.0.61",
          "MacAddressHash/f198b50d7e3ef6510679efb9e4c9a1474fd2bf18cf1d6a2182c79b00464dbadd"
        ]
      },
      "ResponseHeaders": {
        "Cache-Control": [
          "no-cache"
        ],
        "Pragma": [
          "no-cache"
        ],
        "ETag": [
          "W/\"2241342b-aac3-4de3-be5a-7bd12b5c230d\""
        ],
        "x-ms-request-id": [
          "9ccbf25d-8241-47f2-adc9-a879fc78265c"
        ],
        "x-ms-correlation-request-id": [
          "fb44529b-5098-4dd0-bc65-2254bc8c4938"
        ],
        "x-ms-arm-service-request-id": [
          "1888fc3d-e6cc-420d-80f0-a9e7056fefe4"
        ],
        "Strict-Transport-Security": [
          "max-age=31536000; includeSubDomains"
        ],
        "Server": [
          "Microsoft-HTTPAPI/2.0",
          "Microsoft-HTTPAPI/2.0"
        ],
        "x-ms-ratelimit-remaining-subscription-reads": [
          "11998"
        ],
        "x-ms-routing-request-id": [
          "SOUTHEASTASIA:20191023T120818Z:fb44529b-5098-4dd0-bc65-2254bc8c4938"
        ],
        "X-Content-Type-Options": [
          "nosniff"
        ],
        "Date": [
          "Wed, 23 Oct 2019 12:08:17 GMT"
        ],
        "Content-Length": [
          "1357"
        ],
        "Content-Type": [
          "application/json; charset=utf-8"
        ],
        "Expires": [
          "-1"
        ]
      },
      "ResponseBody": "{\r\n  \"name\": \"vnet57d66091204a\",\r\n  \"id\": \"/subscriptions/1c638cf4-608f-4ee6-b680-c329e824c3a8/resourceGroups/jmonitor_71405031/providers/Microsoft.Network/virtualNetworks/vnet57d66091204a\",\r\n  \"etag\": \"W/\\\"2241342b-aac3-4de3-be5a-7bd12b5c230d\\\"\",\r\n  \"type\": \"Microsoft.Network/virtualNetworks\",\r\n  \"location\": \"eastus2\",\r\n  \"tags\": {},\r\n  \"properties\": {\r\n    \"provisioningState\": \"Succeeded\",\r\n    \"resourceGuid\": \"a8e13a63-fd43-4db4-b27a-b09226e5bf93\",\r\n    \"addressSpace\": {\r\n      \"addressPrefixes\": [\r\n        \"10.0.0.0/28\"\r\n      ]\r\n    },\r\n    \"dhcpOptions\": {\r\n      \"dnsServers\": []\r\n    },\r\n    \"subnets\": [\r\n      {\r\n        \"name\": \"subnet1\",\r\n        \"id\": \"/subscriptions/1c638cf4-608f-4ee6-b680-c329e824c3a8/resourceGroups/jmonitor_71405031/providers/Microsoft.Network/virtualNetworks/vnet57d66091204a/subnets/subnet1\",\r\n        \"etag\": \"W/\\\"2241342b-aac3-4de3-be5a-7bd12b5c230d\\\"\",\r\n        \"properties\": {\r\n          \"provisioningState\": \"Succeeded\",\r\n          \"addressPrefix\": \"10.0.0.0/28\",\r\n          \"delegations\": [],\r\n          \"privateEndpointNetworkPolicies\": \"Enabled\",\r\n          \"privateLinkServiceNetworkPolicies\": \"Enabled\"\r\n        },\r\n        \"type\": \"Microsoft.Network/virtualNetworks/subnets\"\r\n      }\r\n    ],\r\n    \"virtualNetworkPeerings\": [],\r\n    \"enableDdosProtection\": false,\r\n    \"enableVmProtection\": false\r\n  }\r\n}",
      "StatusCode": 200
    },
    {
      "RequestUri": "/subscriptions/1c638cf4-608f-4ee6-b680-c329e824c3a8/resourceGroups/jmonitor_71405031/providers/Microsoft.Network/networkInterfaces/nic22514759ff3?api-version=2019-06-01",
      "EncodedRequestUri": "L3N1YnNjcmlwdGlvbnMvMWM2MzhjZjQtNjA4Zi00ZWU2LWI2ODAtYzMyOWU4MjRjM2E4L3Jlc291cmNlR3JvdXBzL2ptb25pdG9yXzcxNDA1MDMxL3Byb3ZpZGVycy9NaWNyb3NvZnQuTmV0d29yay9uZXR3b3JrSW50ZXJmYWNlcy9uaWMyMjUxNDc1OWZmMz9hcGktdmVyc2lvbj0yMDE5LTA2LTAx",
      "RequestMethod": "PUT",
      "RequestBody": "{\r\n  \"properties\": {\r\n    \"ipConfigurations\": [\r\n      {\r\n        \"properties\": {\r\n          \"privateIPAllocationMethod\": \"Dynamic\",\r\n          \"subnet\": {\r\n            \"id\": \"/subscriptions/1c638cf4-608f-4ee6-b680-c329e824c3a8/resourceGroups/jmonitor_71405031/providers/Microsoft.Network/virtualNetworks/vnet57d66091204a/subnets/subnet1\"\r\n          },\r\n          \"primary\": true\r\n        },\r\n        \"name\": \"primary\"\r\n      }\r\n    ],\r\n    \"dnsSettings\": {}\r\n  },\r\n  \"location\": \"eastus2\",\r\n  \"tags\": {}\r\n}",
      "RequestHeaders": {
        "x-ms-client-request-id": [
          "987de83a-b66a-4c71-a9b5-73ed418d516c"
        ],
        "Accept-Language": [
          "en-US"
        ],
        "User-Agent": [
          "FxVersion/4.6.28008.01",
          "OSName/Windows",
          "OSVersion/Microsoft.Windows.10.0.18363.",
          "Microsoft.Azure.Management.Network.Fluent.NetworkManagementClient/1.0.0.61",
          "MacAddressHash/f198b50d7e3ef6510679efb9e4c9a1474fd2bf18cf1d6a2182c79b00464dbadd"
        ],
        "Content-Type": [
          "application/json; charset=utf-8"
        ],
        "Content-Length": [
          "507"
        ]
      },
      "ResponseHeaders": {
        "Cache-Control": [
          "no-cache"
        ],
        "Pragma": [
          "no-cache"
        ],
        "x-ms-request-id": [
          "b5cb8292-00d2-4c62-bc03-0bfaa45ab0e9"
        ],
        "Azure-AsyncOperation": [
          "https://management.azure.com/subscriptions/1c638cf4-608f-4ee6-b680-c329e824c3a8/providers/Microsoft.Network/locations/eastus2/operations/b5cb8292-00d2-4c62-bc03-0bfaa45ab0e9?api-version=2019-06-01"
        ],
        "x-ms-correlation-request-id": [
          "d93b00c3-9a74-4262-98c3-e54185a2edf8"
        ],
        "x-ms-arm-service-request-id": [
          "e8139d20-d3fd-4585-8116-ac3d5d6b13fe"
        ],
        "Strict-Transport-Security": [
          "max-age=31536000; includeSubDomains"
        ],
        "Server": [
          "Microsoft-HTTPAPI/2.0",
          "Microsoft-HTTPAPI/2.0"
        ],
        "x-ms-ratelimit-remaining-subscription-writes": [
          "1197"
        ],
        "x-ms-routing-request-id": [
          "SOUTHEASTASIA:20191023T120821Z:d93b00c3-9a74-4262-98c3-e54185a2edf8"
        ],
        "X-Content-Type-Options": [
          "nosniff"
        ],
        "Date": [
          "Wed, 23 Oct 2019 12:08:21 GMT"
        ],
        "Content-Length": [
          "1647"
        ],
        "Content-Type": [
          "application/json; charset=utf-8"
        ],
        "Expires": [
          "-1"
        ]
      },
      "ResponseBody": "{\r\n  \"name\": \"nic22514759ff3\",\r\n  \"id\": \"/subscriptions/1c638cf4-608f-4ee6-b680-c329e824c3a8/resourceGroups/jmonitor_71405031/providers/Microsoft.Network/networkInterfaces/nic22514759ff3\",\r\n  \"etag\": \"W/\\\"240c643f-4eea-452f-b7c3-666e223201b3\\\"\",\r\n  \"location\": \"eastus2\",\r\n  \"tags\": {},\r\n  \"properties\": {\r\n    \"provisioningState\": \"Succeeded\",\r\n    \"resourceGuid\": \"b151238e-2ae9-4b98-8f80-319fc61c0a7c\",\r\n    \"ipConfigurations\": [\r\n      {\r\n        \"name\": \"primary\",\r\n        \"id\": \"/subscriptions/1c638cf4-608f-4ee6-b680-c329e824c3a8/resourceGroups/jmonitor_71405031/providers/Microsoft.Network/networkInterfaces/nic22514759ff3/ipConfigurations/primary\",\r\n        \"etag\": \"W/\\\"240c643f-4eea-452f-b7c3-666e223201b3\\\"\",\r\n        \"type\": \"Microsoft.Network/networkInterfaces/ipConfigurations\",\r\n        \"properties\": {\r\n          \"provisioningState\": \"Succeeded\",\r\n          \"privateIPAddress\": \"10.0.0.4\",\r\n          \"privateIPAllocationMethod\": \"Dynamic\",\r\n          \"subnet\": {\r\n            \"id\": \"/subscriptions/1c638cf4-608f-4ee6-b680-c329e824c3a8/resourceGroups/jmonitor_71405031/providers/Microsoft.Network/virtualNetworks/vnet57d66091204a/subnets/subnet1\"\r\n          },\r\n          \"primary\": true,\r\n          \"privateIPAddressVersion\": \"IPv4\"\r\n        }\r\n      }\r\n    ],\r\n    \"dnsSettings\": {\r\n      \"dnsServers\": [],\r\n      \"appliedDnsServers\": [],\r\n      \"internalDomainNameSuffix\": \"mm3odkcd5w0e1mt0wcjcnzn5sd.cx.internal.cloudapp.net\"\r\n    },\r\n    \"enableAcceleratedNetworking\": false,\r\n    \"enableIPForwarding\": false,\r\n    \"hostedWorkloads\": [],\r\n    \"tapConfigurations\": []\r\n  },\r\n  \"type\": \"Microsoft.Network/networkInterfaces\"\r\n}",
      "StatusCode": 201
    },
    {
      "RequestUri": "/subscriptions/1c638cf4-608f-4ee6-b680-c329e824c3a8/resourceGroups/jmonitor_71405031/providers/Microsoft.Network/networkInterfaces/nic22514759ff3?api-version=2019-06-01",
      "EncodedRequestUri": "L3N1YnNjcmlwdGlvbnMvMWM2MzhjZjQtNjA4Zi00ZWU2LWI2ODAtYzMyOWU4MjRjM2E4L3Jlc291cmNlR3JvdXBzL2ptb25pdG9yXzcxNDA1MDMxL3Byb3ZpZGVycy9NaWNyb3NvZnQuTmV0d29yay9uZXR3b3JrSW50ZXJmYWNlcy9uaWMyMjUxNDc1OWZmMz9hcGktdmVyc2lvbj0yMDE5LTA2LTAx",
      "RequestMethod": "GET",
      "RequestBody": "",
      "RequestHeaders": {
        "User-Agent": [
          "FxVersion/4.6.28008.01",
          "OSName/Windows",
          "OSVersion/Microsoft.Windows.10.0.18363.",
          "Microsoft.Azure.Management.Network.Fluent.NetworkManagementClient/1.0.0.61",
          "MacAddressHash/f198b50d7e3ef6510679efb9e4c9a1474fd2bf18cf1d6a2182c79b00464dbadd"
        ]
      },
      "ResponseHeaders": {
        "Cache-Control": [
          "no-cache"
        ],
        "Pragma": [
          "no-cache"
        ],
        "ETag": [
          "W/\"240c643f-4eea-452f-b7c3-666e223201b3\""
        ],
        "x-ms-request-id": [
          "09eb3dd2-7ea0-49a1-b2ff-bda9ae13b3d6"
        ],
        "x-ms-correlation-request-id": [
          "499b4436-eae6-4ff8-8037-921dde1ed522"
        ],
        "x-ms-arm-service-request-id": [
          "df0998dd-14a2-41b7-be86-f1b9132c304f"
        ],
        "Strict-Transport-Security": [
          "max-age=31536000; includeSubDomains"
        ],
        "Server": [
          "Microsoft-HTTPAPI/2.0",
          "Microsoft-HTTPAPI/2.0"
        ],
        "x-ms-ratelimit-remaining-subscription-reads": [
          "11997"
        ],
        "x-ms-routing-request-id": [
          "SOUTHEASTASIA:20191023T120821Z:499b4436-eae6-4ff8-8037-921dde1ed522"
        ],
        "X-Content-Type-Options": [
          "nosniff"
        ],
        "Date": [
          "Wed, 23 Oct 2019 12:08:21 GMT"
        ],
        "Content-Length": [
          "1647"
        ],
        "Content-Type": [
          "application/json; charset=utf-8"
        ],
        "Expires": [
          "-1"
        ]
      },
      "ResponseBody": "{\r\n  \"name\": \"nic22514759ff3\",\r\n  \"id\": \"/subscriptions/1c638cf4-608f-4ee6-b680-c329e824c3a8/resourceGroups/jmonitor_71405031/providers/Microsoft.Network/networkInterfaces/nic22514759ff3\",\r\n  \"etag\": \"W/\\\"240c643f-4eea-452f-b7c3-666e223201b3\\\"\",\r\n  \"location\": \"eastus2\",\r\n  \"tags\": {},\r\n  \"properties\": {\r\n    \"provisioningState\": \"Succeeded\",\r\n    \"resourceGuid\": \"b151238e-2ae9-4b98-8f80-319fc61c0a7c\",\r\n    \"ipConfigurations\": [\r\n      {\r\n        \"name\": \"primary\",\r\n        \"id\": \"/subscriptions/1c638cf4-608f-4ee6-b680-c329e824c3a8/resourceGroups/jmonitor_71405031/providers/Microsoft.Network/networkInterfaces/nic22514759ff3/ipConfigurations/primary\",\r\n        \"etag\": \"W/\\\"240c643f-4eea-452f-b7c3-666e223201b3\\\"\",\r\n        \"type\": \"Microsoft.Network/networkInterfaces/ipConfigurations\",\r\n        \"properties\": {\r\n          \"provisioningState\": \"Succeeded\",\r\n          \"privateIPAddress\": \"10.0.0.4\",\r\n          \"privateIPAllocationMethod\": \"Dynamic\",\r\n          \"subnet\": {\r\n            \"id\": \"/subscriptions/1c638cf4-608f-4ee6-b680-c329e824c3a8/resourceGroups/jmonitor_71405031/providers/Microsoft.Network/virtualNetworks/vnet57d66091204a/subnets/subnet1\"\r\n          },\r\n          \"primary\": true,\r\n          \"privateIPAddressVersion\": \"IPv4\"\r\n        }\r\n      }\r\n    ],\r\n    \"dnsSettings\": {\r\n      \"dnsServers\": [],\r\n      \"appliedDnsServers\": [],\r\n      \"internalDomainNameSuffix\": \"mm3odkcd5w0e1mt0wcjcnzn5sd.cx.internal.cloudapp.net\"\r\n    },\r\n    \"enableAcceleratedNetworking\": false,\r\n    \"enableIPForwarding\": false,\r\n    \"hostedWorkloads\": [],\r\n    \"tapConfigurations\": []\r\n  },\r\n  \"type\": \"Microsoft.Network/networkInterfaces\"\r\n}",
      "StatusCode": 200
    },
    {
      "RequestUri": "/subscriptions/1c638cf4-608f-4ee6-b680-c329e824c3a8/resourceGroups/jmonitor_71405031/providers/Microsoft.Compute/virtualMachines/jmonitorvm1086717?api-version=2019-03-01",
      "EncodedRequestUri": "L3N1YnNjcmlwdGlvbnMvMWM2MzhjZjQtNjA4Zi00ZWU2LWI2ODAtYzMyOWU4MjRjM2E4L3Jlc291cmNlR3JvdXBzL2ptb25pdG9yXzcxNDA1MDMxL3Byb3ZpZGVycy9NaWNyb3NvZnQuQ29tcHV0ZS92aXJ0dWFsTWFjaGluZXMvam1vbml0b3J2bTEwODY3MTc/YXBpLXZlcnNpb249MjAxOS0wMy0wMQ==",
      "RequestMethod": "PUT",
      "RequestBody": "{\r\n  \"properties\": {\r\n    \"hardwareProfile\": {\r\n      \"vmSize\": \"Basic_A0\"\r\n    },\r\n    \"storageProfile\": {\r\n      \"imageReference\": {\r\n        \"publisher\": \"Canonical\",\r\n        \"offer\": \"UbuntuServer\",\r\n        \"sku\": \"16.04.0-LTS\",\r\n        \"version\": \"latest\"\r\n      },\r\n      \"osDisk\": {\r\n        \"caching\": \"ReadWrite\",\r\n        \"createOption\": \"FromImage\",\r\n        \"managedDisk\": {\r\n          \"storageAccountType\": \"Standard_LRS\"\r\n        }\r\n      }\r\n    },\r\n    \"osProfile\": {\r\n      \"computerName\": \"vm66116225d5\",\r\n      \"adminUsername\": \"tirekicker\",\r\n      \"adminPassword\": \"12NewPA$$w0rd!\",\r\n      \"linuxConfiguration\": {\r\n        \"disablePasswordAuthentication\": false\r\n      }\r\n    },\r\n    \"networkProfile\": {\r\n      \"networkInterfaces\": [\r\n        {\r\n          \"properties\": {\r\n            \"primary\": true\r\n          },\r\n          \"id\": \"/subscriptions/1c638cf4-608f-4ee6-b680-c329e824c3a8/resourceGroups/jmonitor_71405031/providers/Microsoft.Network/networkInterfaces/nic22514759ff3\"\r\n        }\r\n      ]\r\n    }\r\n  },\r\n  \"location\": \"eastus2\",\r\n  \"tags\": {}\r\n}",
      "RequestHeaders": {
        "x-ms-client-request-id": [
          "849abbed-e644-4f0c-8fec-5c576c6110f0"
        ],
        "Accept-Language": [
          "en-US"
        ],
        "User-Agent": [
          "FxVersion/4.6.28008.01",
          "OSName/Windows",
          "OSVersion/Microsoft.Windows.10.0.18363.",
          "Microsoft.Azure.Management.Compute.Fluent.ComputeManagementClient/1.0.0.61",
          "MacAddressHash/f198b50d7e3ef6510679efb9e4c9a1474fd2bf18cf1d6a2182c79b00464dbadd"
        ],
        "Content-Type": [
          "application/json; charset=utf-8"
        ],
        "Content-Length": [
          "1077"
        ]
      },
      "ResponseHeaders": {
        "Cache-Control": [
          "no-cache"
        ],
        "Pragma": [
          "no-cache"
        ],
        "Retry-After": [
          "10"
        ],
        "Azure-AsyncOperation": [
          "https://management.azure.com/subscriptions/1c638cf4-608f-4ee6-b680-c329e824c3a8/providers/Microsoft.Compute/locations/eastus2/operations/cc2f3090-2ed0-40b2-87bf-e32550c368f5?api-version=2019-03-01"
        ],
        "Azure-AsyncNotification": [
          "Enabled"
        ],
        "x-ms-ratelimit-remaining-resource": [
          "Microsoft.Compute/PutVM3Min;239,Microsoft.Compute/PutVM30Min;1199"
        ],
        "Strict-Transport-Security": [
          "max-age=31536000; includeSubDomains"
        ],
        "x-ms-request-id": [
          "cc2f3090-2ed0-40b2-87bf-e32550c368f5"
        ],
        "Server": [
          "Microsoft-HTTPAPI/2.0",
          "Microsoft-HTTPAPI/2.0"
        ],
        "x-ms-ratelimit-remaining-subscription-writes": [
          "1196"
        ],
        "x-ms-correlation-request-id": [
          "c59c615c-2646-4834-ac4e-415f198e0b12"
        ],
        "x-ms-routing-request-id": [
          "SOUTHEASTASIA:20191023T120823Z:c59c615c-2646-4834-ac4e-415f198e0b12"
        ],
        "X-Content-Type-Options": [
          "nosniff"
        ],
        "Date": [
          "Wed, 23 Oct 2019 12:08:23 GMT"
        ],
        "Content-Length": [
          "1463"
        ],
        "Content-Type": [
          "application/json; charset=utf-8"
        ],
        "Expires": [
          "-1"
        ]
      },
      "ResponseBody": "{\r\n  \"name\": \"jmonitorvm1086717\",\r\n  \"id\": \"/subscriptions/1c638cf4-608f-4ee6-b680-c329e824c3a8/resourceGroups/jmonitor_71405031/providers/Microsoft.Compute/virtualMachines/jmonitorvm1086717\",\r\n  \"type\": \"Microsoft.Compute/virtualMachines\",\r\n  \"location\": \"eastus2\",\r\n  \"tags\": {},\r\n  \"properties\": {\r\n    \"vmId\": \"94b0bcef-0030-4649-bf8b-3238b17b6306\",\r\n    \"hardwareProfile\": {\r\n      \"vmSize\": \"Basic_A0\"\r\n    },\r\n    \"storageProfile\": {\r\n      \"imageReference\": {\r\n        \"publisher\": \"Canonical\",\r\n        \"offer\": \"UbuntuServer\",\r\n        \"sku\": \"16.04.0-LTS\",\r\n        \"version\": \"latest\"\r\n      },\r\n      \"osDisk\": {\r\n        \"osType\": \"Linux\",\r\n        \"createOption\": \"FromImage\",\r\n        \"caching\": \"ReadWrite\",\r\n        \"managedDisk\": {\r\n          \"storageAccountType\": \"Standard_LRS\"\r\n        }\r\n      },\r\n      \"dataDisks\": []\r\n    },\r\n    \"osProfile\": {\r\n      \"computerName\": \"vm66116225d5\",\r\n      \"adminUsername\": \"tirekicker\",\r\n      \"linuxConfiguration\": {\r\n        \"disablePasswordAuthentication\": false,\r\n        \"provisionVMAgent\": true\r\n      },\r\n      \"secrets\": [],\r\n      \"allowExtensionOperations\": true,\r\n      \"requireGuestProvisionSignal\": true\r\n    },\r\n    \"networkProfile\": {\r\n      \"networkInterfaces\": [\r\n        {\r\n          \"id\": \"/subscriptions/1c638cf4-608f-4ee6-b680-c329e824c3a8/resourceGroups/jmonitor_71405031/providers/Microsoft.Network/networkInterfaces/nic22514759ff3\",\r\n          \"properties\": {\r\n            \"primary\": true\r\n          }\r\n        }\r\n      ]\r\n    },\r\n    \"provisioningState\": \"Creating\"\r\n  }\r\n}",
      "StatusCode": 201
    },
    {
      "RequestUri": "/subscriptions/1c638cf4-608f-4ee6-b680-c329e824c3a8/providers/Microsoft.Compute/locations/eastus2/operations/cc2f3090-2ed0-40b2-87bf-e32550c368f5?api-version=2019-03-01",
      "EncodedRequestUri": "L3N1YnNjcmlwdGlvbnMvMWM2MzhjZjQtNjA4Zi00ZWU2LWI2ODAtYzMyOWU4MjRjM2E4L3Byb3ZpZGVycy9NaWNyb3NvZnQuQ29tcHV0ZS9sb2NhdGlvbnMvZWFzdHVzMi9vcGVyYXRpb25zL2NjMmYzMDkwLTJlZDAtNDBiMi04N2JmLWUzMjU1MGMzNjhmNT9hcGktdmVyc2lvbj0yMDE5LTAzLTAx",
      "RequestMethod": "GET",
      "RequestBody": "",
      "RequestHeaders": {
        "User-Agent": [
          "FxVersion/4.6.28008.01",
          "OSName/Windows",
          "OSVersion/Microsoft.Windows.10.0.18363.",
          "Microsoft.Azure.Management.Compute.Fluent.ComputeManagementClient/1.0.0.61",
          "MacAddressHash/f198b50d7e3ef6510679efb9e4c9a1474fd2bf18cf1d6a2182c79b00464dbadd"
        ]
      },
      "ResponseHeaders": {
        "Cache-Control": [
          "no-cache"
        ],
        "Pragma": [
          "no-cache"
        ],
        "Retry-After": [
          "30"
        ],
        "x-ms-ratelimit-remaining-resource": [
          "Microsoft.Compute/GetOperation3Min;14999,Microsoft.Compute/GetOperation30Min;29986"
        ],
        "Strict-Transport-Security": [
          "max-age=31536000; includeSubDomains"
        ],
        "x-ms-request-id": [
          "30e84ab3-08a5-4111-8490-5998e4b8d789"
        ],
        "Server": [
          "Microsoft-HTTPAPI/2.0",
          "Microsoft-HTTPAPI/2.0"
        ],
        "x-ms-ratelimit-remaining-subscription-reads": [
          "11996"
        ],
        "x-ms-correlation-request-id": [
          "4193f92c-b970-4cb9-b204-c43d275f1c50"
        ],
        "x-ms-routing-request-id": [
          "SOUTHEASTASIA:20191023T120834Z:4193f92c-b970-4cb9-b204-c43d275f1c50"
        ],
        "X-Content-Type-Options": [
          "nosniff"
        ],
        "Date": [
          "Wed, 23 Oct 2019 12:08:34 GMT"
        ],
        "Content-Length": [
          "133"
        ],
        "Content-Type": [
          "application/json; charset=utf-8"
        ],
        "Expires": [
          "-1"
        ]
      },
      "ResponseBody": "{\r\n  \"startTime\": \"2019-10-23T20:08:23.003288+08:00\",\r\n  \"status\": \"InProgress\",\r\n  \"name\": \"cc2f3090-2ed0-40b2-87bf-e32550c368f5\"\r\n}",
      "StatusCode": 200
    },
    {
      "RequestUri": "/subscriptions/1c638cf4-608f-4ee6-b680-c329e824c3a8/providers/Microsoft.Compute/locations/eastus2/operations/cc2f3090-2ed0-40b2-87bf-e32550c368f5?api-version=2019-03-01",
      "EncodedRequestUri": "L3N1YnNjcmlwdGlvbnMvMWM2MzhjZjQtNjA4Zi00ZWU2LWI2ODAtYzMyOWU4MjRjM2E4L3Byb3ZpZGVycy9NaWNyb3NvZnQuQ29tcHV0ZS9sb2NhdGlvbnMvZWFzdHVzMi9vcGVyYXRpb25zL2NjMmYzMDkwLTJlZDAtNDBiMi04N2JmLWUzMjU1MGMzNjhmNT9hcGktdmVyc2lvbj0yMDE5LTAzLTAx",
      "RequestMethod": "GET",
      "RequestBody": "",
      "RequestHeaders": {
        "User-Agent": [
          "FxVersion/4.6.28008.01",
          "OSName/Windows",
          "OSVersion/Microsoft.Windows.10.0.18363.",
          "Microsoft.Azure.Management.Compute.Fluent.ComputeManagementClient/1.0.0.61",
          "MacAddressHash/f198b50d7e3ef6510679efb9e4c9a1474fd2bf18cf1d6a2182c79b00464dbadd"
        ]
      },
      "ResponseHeaders": {
        "Cache-Control": [
          "no-cache"
        ],
        "Pragma": [
          "no-cache"
        ],
        "x-ms-ratelimit-remaining-resource": [
          "Microsoft.Compute/GetOperation3Min;14998,Microsoft.Compute/GetOperation30Min;29985"
        ],
        "Strict-Transport-Security": [
          "max-age=31536000; includeSubDomains"
        ],
        "x-ms-request-id": [
          "87f84539-03dc-4623-bd19-322e132e4241"
        ],
        "Server": [
          "Microsoft-HTTPAPI/2.0",
          "Microsoft-HTTPAPI/2.0"
        ],
        "x-ms-ratelimit-remaining-subscription-reads": [
          "11995"
        ],
        "x-ms-correlation-request-id": [
          "526d2b95-44fc-4be0-b0bb-e7a3a59140f5"
        ],
        "x-ms-routing-request-id": [
          "SOUTHEASTASIA:20191023T120904Z:526d2b95-44fc-4be0-b0bb-e7a3a59140f5"
        ],
        "X-Content-Type-Options": [
          "nosniff"
        ],
        "Date": [
          "Wed, 23 Oct 2019 12:09:04 GMT"
        ],
        "Content-Length": [
          "133"
        ],
        "Content-Type": [
          "application/json; charset=utf-8"
        ],
        "Expires": [
          "-1"
        ]
      },
      "ResponseBody": "{\r\n  \"startTime\": \"2019-10-23T20:08:23.003288+08:00\",\r\n  \"status\": \"InProgress\",\r\n  \"name\": \"cc2f3090-2ed0-40b2-87bf-e32550c368f5\"\r\n}",
      "StatusCode": 200
    },
    {
      "RequestUri": "/subscriptions/1c638cf4-608f-4ee6-b680-c329e824c3a8/providers/Microsoft.Compute/locations/eastus2/operations/cc2f3090-2ed0-40b2-87bf-e32550c368f5?api-version=2019-03-01",
      "EncodedRequestUri": "L3N1YnNjcmlwdGlvbnMvMWM2MzhjZjQtNjA4Zi00ZWU2LWI2ODAtYzMyOWU4MjRjM2E4L3Byb3ZpZGVycy9NaWNyb3NvZnQuQ29tcHV0ZS9sb2NhdGlvbnMvZWFzdHVzMi9vcGVyYXRpb25zL2NjMmYzMDkwLTJlZDAtNDBiMi04N2JmLWUzMjU1MGMzNjhmNT9hcGktdmVyc2lvbj0yMDE5LTAzLTAx",
      "RequestMethod": "GET",
      "RequestBody": "",
      "RequestHeaders": {
        "User-Agent": [
          "FxVersion/4.6.28008.01",
          "OSName/Windows",
          "OSVersion/Microsoft.Windows.10.0.18363.",
          "Microsoft.Azure.Management.Compute.Fluent.ComputeManagementClient/1.0.0.61",
          "MacAddressHash/f198b50d7e3ef6510679efb9e4c9a1474fd2bf18cf1d6a2182c79b00464dbadd"
        ]
      },
      "ResponseHeaders": {
        "Cache-Control": [
          "no-cache"
        ],
        "Pragma": [
          "no-cache"
        ],
        "x-ms-ratelimit-remaining-resource": [
          "Microsoft.Compute/GetOperation3Min;14997,Microsoft.Compute/GetOperation30Min;29984"
        ],
        "Strict-Transport-Security": [
          "max-age=31536000; includeSubDomains"
        ],
        "x-ms-request-id": [
          "c494ca56-8c72-4f8d-9cf2-0c909ec9144d"
        ],
        "Server": [
          "Microsoft-HTTPAPI/2.0",
          "Microsoft-HTTPAPI/2.0"
        ],
        "x-ms-ratelimit-remaining-subscription-reads": [
          "11994"
        ],
        "x-ms-correlation-request-id": [
          "2fd12893-709e-4b8d-888d-9cb257b2dd45"
        ],
        "x-ms-routing-request-id": [
          "SOUTHEASTASIA:20191023T120935Z:2fd12893-709e-4b8d-888d-9cb257b2dd45"
        ],
        "X-Content-Type-Options": [
          "nosniff"
        ],
        "Date": [
          "Wed, 23 Oct 2019 12:09:34 GMT"
        ],
        "Content-Length": [
          "133"
        ],
        "Content-Type": [
          "application/json; charset=utf-8"
        ],
        "Expires": [
          "-1"
        ]
      },
      "ResponseBody": "{\r\n  \"startTime\": \"2019-10-23T20:08:23.003288+08:00\",\r\n  \"status\": \"InProgress\",\r\n  \"name\": \"cc2f3090-2ed0-40b2-87bf-e32550c368f5\"\r\n}",
      "StatusCode": 200
    },
    {
      "RequestUri": "/subscriptions/1c638cf4-608f-4ee6-b680-c329e824c3a8/providers/Microsoft.Compute/locations/eastus2/operations/cc2f3090-2ed0-40b2-87bf-e32550c368f5?api-version=2019-03-01",
      "EncodedRequestUri": "L3N1YnNjcmlwdGlvbnMvMWM2MzhjZjQtNjA4Zi00ZWU2LWI2ODAtYzMyOWU4MjRjM2E4L3Byb3ZpZGVycy9NaWNyb3NvZnQuQ29tcHV0ZS9sb2NhdGlvbnMvZWFzdHVzMi9vcGVyYXRpb25zL2NjMmYzMDkwLTJlZDAtNDBiMi04N2JmLWUzMjU1MGMzNjhmNT9hcGktdmVyc2lvbj0yMDE5LTAzLTAx",
      "RequestMethod": "GET",
      "RequestBody": "",
      "RequestHeaders": {
        "User-Agent": [
          "FxVersion/4.6.28008.01",
          "OSName/Windows",
          "OSVersion/Microsoft.Windows.10.0.18363.",
          "Microsoft.Azure.Management.Compute.Fluent.ComputeManagementClient/1.0.0.61",
          "MacAddressHash/f198b50d7e3ef6510679efb9e4c9a1474fd2bf18cf1d6a2182c79b00464dbadd"
        ]
      },
      "ResponseHeaders": {
        "Cache-Control": [
          "no-cache"
        ],
        "Pragma": [
          "no-cache"
        ],
        "x-ms-ratelimit-remaining-resource": [
          "Microsoft.Compute/GetOperation3Min;14996,Microsoft.Compute/GetOperation30Min;29996"
        ],
        "Strict-Transport-Security": [
          "max-age=31536000; includeSubDomains"
        ],
        "x-ms-request-id": [
          "e99a23a9-680c-4f18-9d3a-1209f779b0f5"
        ],
        "Server": [
          "Microsoft-HTTPAPI/2.0",
          "Microsoft-HTTPAPI/2.0"
        ],
        "x-ms-ratelimit-remaining-subscription-reads": [
          "11993"
        ],
        "x-ms-correlation-request-id": [
          "99d3bf02-119a-46ee-96c8-1beebecd303e"
        ],
        "x-ms-routing-request-id": [
          "SOUTHEASTASIA:20191023T121005Z:99d3bf02-119a-46ee-96c8-1beebecd303e"
        ],
        "X-Content-Type-Options": [
          "nosniff"
        ],
        "Date": [
          "Wed, 23 Oct 2019 12:10:05 GMT"
        ],
        "Content-Length": [
          "133"
        ],
        "Content-Type": [
          "application/json; charset=utf-8"
        ],
        "Expires": [
          "-1"
        ]
      },
      "ResponseBody": "{\r\n  \"startTime\": \"2019-10-23T20:08:23.003288+08:00\",\r\n  \"status\": \"InProgress\",\r\n  \"name\": \"cc2f3090-2ed0-40b2-87bf-e32550c368f5\"\r\n}",
      "StatusCode": 200
    },
    {
      "RequestUri": "/subscriptions/1c638cf4-608f-4ee6-b680-c329e824c3a8/providers/Microsoft.Compute/locations/eastus2/operations/cc2f3090-2ed0-40b2-87bf-e32550c368f5?api-version=2019-03-01",
      "EncodedRequestUri": "L3N1YnNjcmlwdGlvbnMvMWM2MzhjZjQtNjA4Zi00ZWU2LWI2ODAtYzMyOWU4MjRjM2E4L3Byb3ZpZGVycy9NaWNyb3NvZnQuQ29tcHV0ZS9sb2NhdGlvbnMvZWFzdHVzMi9vcGVyYXRpb25zL2NjMmYzMDkwLTJlZDAtNDBiMi04N2JmLWUzMjU1MGMzNjhmNT9hcGktdmVyc2lvbj0yMDE5LTAzLTAx",
      "RequestMethod": "GET",
      "RequestBody": "",
      "RequestHeaders": {
        "User-Agent": [
          "FxVersion/4.6.28008.01",
          "OSName/Windows",
          "OSVersion/Microsoft.Windows.10.0.18363.",
          "Microsoft.Azure.Management.Compute.Fluent.ComputeManagementClient/1.0.0.61",
          "MacAddressHash/f198b50d7e3ef6510679efb9e4c9a1474fd2bf18cf1d6a2182c79b00464dbadd"
        ]
      },
      "ResponseHeaders": {
        "Cache-Control": [
          "no-cache"
        ],
        "Pragma": [
          "no-cache"
        ],
        "x-ms-ratelimit-remaining-resource": [
          "Microsoft.Compute/GetOperation3Min;14994,Microsoft.Compute/GetOperation30Min;29994"
        ],
        "Strict-Transport-Security": [
          "max-age=31536000; includeSubDomains"
        ],
        "x-ms-request-id": [
          "70a41c2c-f71d-4ecf-9da7-9c9ed4a29778"
        ],
        "x-ms-ratelimit-remaining-subscription-reads": [
          "11992"
        ],
        "Server": [
          "Microsoft-HTTPAPI/2.0",
          "Microsoft-HTTPAPI/2.0"
        ],
        "x-ms-correlation-request-id": [
          "9c316d63-06c6-4175-a9b7-5e6556ff934a"
        ],
        "x-ms-routing-request-id": [
          "SOUTHEASTASIA:20191023T121036Z:9c316d63-06c6-4175-a9b7-5e6556ff934a"
        ],
        "X-Content-Type-Options": [
          "nosniff"
        ],
        "Date": [
          "Wed, 23 Oct 2019 12:10:35 GMT"
        ],
        "Content-Length": [
          "183"
        ],
        "Content-Type": [
          "application/json; charset=utf-8"
        ],
        "Expires": [
          "-1"
        ]
      },
      "ResponseBody": "{\r\n  \"startTime\": \"2019-10-23T20:08:23.003288+08:00\",\r\n  \"endTime\": \"2019-10-23T20:10:17.6428585+08:00\",\r\n  \"status\": \"Succeeded\",\r\n  \"name\": \"cc2f3090-2ed0-40b2-87bf-e32550c368f5\"\r\n}",
      "StatusCode": 200
    },
    {
      "RequestUri": "/subscriptions/1c638cf4-608f-4ee6-b680-c329e824c3a8/resourceGroups/jmonitor_71405031/providers/Microsoft.Compute/virtualMachines/jmonitorvm1086717?api-version=2019-03-01",
      "EncodedRequestUri": "L3N1YnNjcmlwdGlvbnMvMWM2MzhjZjQtNjA4Zi00ZWU2LWI2ODAtYzMyOWU4MjRjM2E4L3Jlc291cmNlR3JvdXBzL2ptb25pdG9yXzcxNDA1MDMxL3Byb3ZpZGVycy9NaWNyb3NvZnQuQ29tcHV0ZS92aXJ0dWFsTWFjaGluZXMvam1vbml0b3J2bTEwODY3MTc/YXBpLXZlcnNpb249MjAxOS0wMy0wMQ==",
      "RequestMethod": "GET",
      "RequestBody": "",
      "RequestHeaders": {
        "User-Agent": [
          "FxVersion/4.6.28008.01",
          "OSName/Windows",
          "OSVersion/Microsoft.Windows.10.0.18363.",
          "Microsoft.Azure.Management.Compute.Fluent.ComputeManagementClient/1.0.0.61",
          "MacAddressHash/f198b50d7e3ef6510679efb9e4c9a1474fd2bf18cf1d6a2182c79b00464dbadd"
        ]
      },
      "ResponseHeaders": {
        "Cache-Control": [
          "no-cache"
        ],
        "Pragma": [
          "no-cache"
        ],
        "x-ms-ratelimit-remaining-resource": [
          "Microsoft.Compute/LowCostGet3Min;3998,Microsoft.Compute/LowCostGet30Min;31998"
        ],
        "Strict-Transport-Security": [
          "max-age=31536000; includeSubDomains"
        ],
        "x-ms-request-id": [
          "a85f1d9a-155c-40e1-9374-2194d0f7b86a"
        ],
        "Server": [
          "Microsoft-HTTPAPI/2.0",
          "Microsoft-HTTPAPI/2.0"
        ],
        "x-ms-ratelimit-remaining-subscription-reads": [
          "11991"
        ],
        "x-ms-correlation-request-id": [
          "36697bf8-bf5f-4972-b691-b010f4de8973"
        ],
        "x-ms-routing-request-id": [
          "SOUTHEASTASIA:20191023T121037Z:36697bf8-bf5f-4972-b691-b010f4de8973"
        ],
        "X-Content-Type-Options": [
          "nosniff"
        ],
        "Date": [
          "Wed, 23 Oct 2019 12:10:36 GMT"
        ],
        "Content-Length": [
          "1770"
        ],
        "Content-Type": [
          "application/json; charset=utf-8"
        ],
        "Expires": [
          "-1"
        ]
      },
      "ResponseBody": "{\r\n  \"name\": \"jmonitorvm1086717\",\r\n  \"id\": \"/subscriptions/1c638cf4-608f-4ee6-b680-c329e824c3a8/resourceGroups/jmonitor_71405031/providers/Microsoft.Compute/virtualMachines/jmonitorvm1086717\",\r\n  \"type\": \"Microsoft.Compute/virtualMachines\",\r\n  \"location\": \"eastus2\",\r\n  \"tags\": {},\r\n  \"properties\": {\r\n    \"vmId\": \"94b0bcef-0030-4649-bf8b-3238b17b6306\",\r\n    \"hardwareProfile\": {\r\n      \"vmSize\": \"Basic_A0\"\r\n    },\r\n    \"storageProfile\": {\r\n      \"imageReference\": {\r\n        \"publisher\": \"Canonical\",\r\n        \"offer\": \"UbuntuServer\",\r\n        \"sku\": \"16.04.0-LTS\",\r\n        \"version\": \"latest\"\r\n      },\r\n      \"osDisk\": {\r\n        \"osType\": \"Linux\",\r\n        \"name\": \"jmonitorvm1086717_OsDisk_1_3c56e861c5fc48b98ef023e365d2197f\",\r\n        \"createOption\": \"FromImage\",\r\n        \"caching\": \"ReadWrite\",\r\n        \"managedDisk\": {\r\n          \"storageAccountType\": \"Standard_LRS\",\r\n          \"id\": \"/subscriptions/1c638cf4-608f-4ee6-b680-c329e824c3a8/resourceGroups/jmonitor_71405031/providers/Microsoft.Compute/disks/jmonitorvm1086717_OsDisk_1_3c56e861c5fc48b98ef023e365d2197f\"\r\n        },\r\n        \"diskSizeGB\": 30\r\n      },\r\n      \"dataDisks\": []\r\n    },\r\n    \"osProfile\": {\r\n      \"computerName\": \"vm66116225d5\",\r\n      \"adminUsername\": \"tirekicker\",\r\n      \"linuxConfiguration\": {\r\n        \"disablePasswordAuthentication\": false,\r\n        \"provisionVMAgent\": true\r\n      },\r\n      \"secrets\": [],\r\n      \"allowExtensionOperations\": true,\r\n      \"requireGuestProvisionSignal\": true\r\n    },\r\n    \"networkProfile\": {\r\n      \"networkInterfaces\": [\r\n        {\r\n          \"id\": \"/subscriptions/1c638cf4-608f-4ee6-b680-c329e824c3a8/resourceGroups/jmonitor_71405031/providers/Microsoft.Network/networkInterfaces/nic22514759ff3\",\r\n          \"properties\": {\r\n            \"primary\": true\r\n          }\r\n        }\r\n      ]\r\n    },\r\n    \"provisioningState\": \"Succeeded\"\r\n  }\r\n}",
      "StatusCode": 200
    },
    {
      "RequestUri": "/subscriptions/1c638cf4-608f-4ee6-b680-c329e824c3a8/resourceGroups/jmonitor_71405031/providers/Microsoft.Network/virtualNetworks/vnet9e497109669c?api-version=2019-06-01",
      "EncodedRequestUri": "L3N1YnNjcmlwdGlvbnMvMWM2MzhjZjQtNjA4Zi00ZWU2LWI2ODAtYzMyOWU4MjRjM2E4L3Jlc291cmNlR3JvdXBzL2ptb25pdG9yXzcxNDA1MDMxL3Byb3ZpZGVycy9NaWNyb3NvZnQuTmV0d29yay92aXJ0dWFsTmV0d29ya3Mvdm5ldDllNDk3MTA5NjY5Yz9hcGktdmVyc2lvbj0yMDE5LTA2LTAx",
      "RequestMethod": "PUT",
      "RequestBody": "{\r\n  \"properties\": {\r\n    \"addressSpace\": {\r\n      \"addressPrefixes\": [\r\n        \"10.0.0.0/28\"\r\n      ]\r\n    },\r\n    \"dhcpOptions\": {\r\n      \"dnsServers\": []\r\n    },\r\n    \"subnets\": [\r\n      {\r\n        \"properties\": {\r\n          \"addressPrefix\": \"10.0.0.0/28\"\r\n        },\r\n        \"name\": \"subnet1\"\r\n      }\r\n    ]\r\n  },\r\n  \"location\": \"eastus2\",\r\n  \"tags\": {}\r\n}",
      "RequestHeaders": {
        "x-ms-client-request-id": [
          "3b26f6fc-e2f6-4cdc-976b-058dc968c602"
        ],
        "Accept-Language": [
          "en-US"
        ],
        "User-Agent": [
          "FxVersion/4.6.28008.01",
          "OSName/Windows",
          "OSVersion/Microsoft.Windows.10.0.18363.",
          "Microsoft.Azure.Management.Network.Fluent.NetworkManagementClient/1.0.0.61",
          "MacAddressHash/f198b50d7e3ef6510679efb9e4c9a1474fd2bf18cf1d6a2182c79b00464dbadd"
        ],
        "Content-Type": [
          "application/json; charset=utf-8"
        ],
        "Content-Length": [
          "363"
        ]
      },
      "ResponseHeaders": {
        "Cache-Control": [
          "no-cache"
        ],
        "Pragma": [
          "no-cache"
        ],
        "Retry-After": [
          "3"
        ],
        "x-ms-request-id": [
          "d454ecee-fc1d-47b6-b176-fef8429d0af6"
        ],
        "Azure-AsyncOperation": [
          "https://management.azure.com/subscriptions/1c638cf4-608f-4ee6-b680-c329e824c3a8/providers/Microsoft.Network/locations/eastus2/operations/d454ecee-fc1d-47b6-b176-fef8429d0af6?api-version=2019-06-01"
        ],
        "x-ms-correlation-request-id": [
          "64dd8ea5-4933-4a18-a31b-6bac1e80d38a"
        ],
        "x-ms-arm-service-request-id": [
          "24abceb7-953d-4578-be98-1afa81dc3b3c"
        ],
        "Strict-Transport-Security": [
          "max-age=31536000; includeSubDomains"
        ],
        "Server": [
          "Microsoft-HTTPAPI/2.0",
          "Microsoft-HTTPAPI/2.0"
        ],
        "x-ms-ratelimit-remaining-subscription-writes": [
          "1195"
        ],
        "x-ms-routing-request-id": [
          "SOUTHEASTASIA:20191023T121040Z:64dd8ea5-4933-4a18-a31b-6bac1e80d38a"
        ],
        "X-Content-Type-Options": [
          "nosniff"
        ],
        "Date": [
          "Wed, 23 Oct 2019 12:10:40 GMT"
        ],
        "Content-Length": [
          "1355"
        ],
        "Content-Type": [
          "application/json; charset=utf-8"
        ],
        "Expires": [
          "-1"
        ]
      },
      "ResponseBody": "{\r\n  \"name\": \"vnet9e497109669c\",\r\n  \"id\": \"/subscriptions/1c638cf4-608f-4ee6-b680-c329e824c3a8/resourceGroups/jmonitor_71405031/providers/Microsoft.Network/virtualNetworks/vnet9e497109669c\",\r\n  \"etag\": \"W/\\\"1b5efc03-e090-43ce-810b-8d7efe57efd1\\\"\",\r\n  \"type\": \"Microsoft.Network/virtualNetworks\",\r\n  \"location\": \"eastus2\",\r\n  \"tags\": {},\r\n  \"properties\": {\r\n    \"provisioningState\": \"Updating\",\r\n    \"resourceGuid\": \"d65396a1-9c17-4c40-be15-bb28d52bc482\",\r\n    \"addressSpace\": {\r\n      \"addressPrefixes\": [\r\n        \"10.0.0.0/28\"\r\n      ]\r\n    },\r\n    \"dhcpOptions\": {\r\n      \"dnsServers\": []\r\n    },\r\n    \"subnets\": [\r\n      {\r\n        \"name\": \"subnet1\",\r\n        \"id\": \"/subscriptions/1c638cf4-608f-4ee6-b680-c329e824c3a8/resourceGroups/jmonitor_71405031/providers/Microsoft.Network/virtualNetworks/vnet9e497109669c/subnets/subnet1\",\r\n        \"etag\": \"W/\\\"1b5efc03-e090-43ce-810b-8d7efe57efd1\\\"\",\r\n        \"properties\": {\r\n          \"provisioningState\": \"Updating\",\r\n          \"addressPrefix\": \"10.0.0.0/28\",\r\n          \"delegations\": [],\r\n          \"privateEndpointNetworkPolicies\": \"Enabled\",\r\n          \"privateLinkServiceNetworkPolicies\": \"Enabled\"\r\n        },\r\n        \"type\": \"Microsoft.Network/virtualNetworks/subnets\"\r\n      }\r\n    ],\r\n    \"virtualNetworkPeerings\": [],\r\n    \"enableDdosProtection\": false,\r\n    \"enableVmProtection\": false\r\n  }\r\n}",
      "StatusCode": 201
    },
    {
      "RequestUri": "/subscriptions/1c638cf4-608f-4ee6-b680-c329e824c3a8/providers/Microsoft.Network/locations/eastus2/operations/d454ecee-fc1d-47b6-b176-fef8429d0af6?api-version=2019-06-01",
      "EncodedRequestUri": "L3N1YnNjcmlwdGlvbnMvMWM2MzhjZjQtNjA4Zi00ZWU2LWI2ODAtYzMyOWU4MjRjM2E4L3Byb3ZpZGVycy9NaWNyb3NvZnQuTmV0d29yay9sb2NhdGlvbnMvZWFzdHVzMi9vcGVyYXRpb25zL2Q0NTRlY2VlLWZjMWQtNDdiNi1iMTc2LWZlZjg0MjlkMGFmNj9hcGktdmVyc2lvbj0yMDE5LTA2LTAx",
      "RequestMethod": "GET",
      "RequestBody": "",
      "RequestHeaders": {
        "User-Agent": [
          "FxVersion/4.6.28008.01",
          "OSName/Windows",
          "OSVersion/Microsoft.Windows.10.0.18363.",
          "Microsoft.Azure.Management.Network.Fluent.NetworkManagementClient/1.0.0.61",
          "MacAddressHash/f198b50d7e3ef6510679efb9e4c9a1474fd2bf18cf1d6a2182c79b00464dbadd"
        ]
      },
      "ResponseHeaders": {
        "Cache-Control": [
          "no-cache"
        ],
        "Pragma": [
          "no-cache"
        ],
        "x-ms-request-id": [
          "de45d97b-8b8e-4662-9f95-149cc37eafcb"
        ],
        "x-ms-correlation-request-id": [
          "7d660645-a651-4ec3-9f69-8a02cb9cbdf5"
        ],
        "x-ms-arm-service-request-id": [
          "6e4e1374-ea16-406a-8151-b07d47b0fe52"
        ],
        "Strict-Transport-Security": [
          "max-age=31536000; includeSubDomains"
        ],
        "Server": [
          "Microsoft-HTTPAPI/2.0",
          "Microsoft-HTTPAPI/2.0"
        ],
        "x-ms-ratelimit-remaining-subscription-reads": [
          "11990"
        ],
        "x-ms-routing-request-id": [
          "SOUTHEASTASIA:20191023T121044Z:7d660645-a651-4ec3-9f69-8a02cb9cbdf5"
        ],
        "X-Content-Type-Options": [
          "nosniff"
        ],
        "Date": [
          "Wed, 23 Oct 2019 12:10:44 GMT"
        ],
        "Content-Length": [
          "29"
        ],
        "Content-Type": [
          "application/json; charset=utf-8"
        ],
        "Expires": [
          "-1"
        ]
      },
      "ResponseBody": "{\r\n  \"status\": \"Succeeded\"\r\n}",
      "StatusCode": 200
    },
    {
      "RequestUri": "/subscriptions/1c638cf4-608f-4ee6-b680-c329e824c3a8/resourceGroups/jmonitor_71405031/providers/Microsoft.Network/virtualNetworks/vnet9e497109669c?api-version=2019-06-01",
      "EncodedRequestUri": "L3N1YnNjcmlwdGlvbnMvMWM2MzhjZjQtNjA4Zi00ZWU2LWI2ODAtYzMyOWU4MjRjM2E4L3Jlc291cmNlR3JvdXBzL2ptb25pdG9yXzcxNDA1MDMxL3Byb3ZpZGVycy9NaWNyb3NvZnQuTmV0d29yay92aXJ0dWFsTmV0d29ya3Mvdm5ldDllNDk3MTA5NjY5Yz9hcGktdmVyc2lvbj0yMDE5LTA2LTAx",
      "RequestMethod": "GET",
      "RequestBody": "",
      "RequestHeaders": {
        "User-Agent": [
          "FxVersion/4.6.28008.01",
          "OSName/Windows",
          "OSVersion/Microsoft.Windows.10.0.18363.",
          "Microsoft.Azure.Management.Network.Fluent.NetworkManagementClient/1.0.0.61",
          "MacAddressHash/f198b50d7e3ef6510679efb9e4c9a1474fd2bf18cf1d6a2182c79b00464dbadd"
        ]
      },
      "ResponseHeaders": {
        "Cache-Control": [
          "no-cache"
        ],
        "Pragma": [
          "no-cache"
        ],
        "ETag": [
          "W/\"7318af4d-33ac-4881-a153-0d18204d8e51\""
        ],
        "x-ms-request-id": [
          "bc87c507-d053-41e7-b267-b738dd9c5337"
        ],
        "x-ms-correlation-request-id": [
          "e3dcbdcd-5b56-4a72-9768-f8cf563771c7"
        ],
        "x-ms-arm-service-request-id": [
          "70c698bb-4168-481a-9c7f-fce9a9a4e6a2"
        ],
        "Strict-Transport-Security": [
          "max-age=31536000; includeSubDomains"
        ],
        "Server": [
          "Microsoft-HTTPAPI/2.0",
          "Microsoft-HTTPAPI/2.0"
        ],
        "x-ms-ratelimit-remaining-subscription-reads": [
          "11989"
        ],
        "x-ms-routing-request-id": [
          "SOUTHEASTASIA:20191023T121045Z:e3dcbdcd-5b56-4a72-9768-f8cf563771c7"
        ],
        "X-Content-Type-Options": [
          "nosniff"
        ],
        "Date": [
          "Wed, 23 Oct 2019 12:10:44 GMT"
        ],
        "Content-Length": [
          "1357"
        ],
        "Content-Type": [
          "application/json; charset=utf-8"
        ],
        "Expires": [
          "-1"
        ]
      },
      "ResponseBody": "{\r\n  \"name\": \"vnet9e497109669c\",\r\n  \"id\": \"/subscriptions/1c638cf4-608f-4ee6-b680-c329e824c3a8/resourceGroups/jmonitor_71405031/providers/Microsoft.Network/virtualNetworks/vnet9e497109669c\",\r\n  \"etag\": \"W/\\\"7318af4d-33ac-4881-a153-0d18204d8e51\\\"\",\r\n  \"type\": \"Microsoft.Network/virtualNetworks\",\r\n  \"location\": \"eastus2\",\r\n  \"tags\": {},\r\n  \"properties\": {\r\n    \"provisioningState\": \"Succeeded\",\r\n    \"resourceGuid\": \"d65396a1-9c17-4c40-be15-bb28d52bc482\",\r\n    \"addressSpace\": {\r\n      \"addressPrefixes\": [\r\n        \"10.0.0.0/28\"\r\n      ]\r\n    },\r\n    \"dhcpOptions\": {\r\n      \"dnsServers\": []\r\n    },\r\n    \"subnets\": [\r\n      {\r\n        \"name\": \"subnet1\",\r\n        \"id\": \"/subscriptions/1c638cf4-608f-4ee6-b680-c329e824c3a8/resourceGroups/jmonitor_71405031/providers/Microsoft.Network/virtualNetworks/vnet9e497109669c/subnets/subnet1\",\r\n        \"etag\": \"W/\\\"7318af4d-33ac-4881-a153-0d18204d8e51\\\"\",\r\n        \"properties\": {\r\n          \"provisioningState\": \"Succeeded\",\r\n          \"addressPrefix\": \"10.0.0.0/28\",\r\n          \"delegations\": [],\r\n          \"privateEndpointNetworkPolicies\": \"Enabled\",\r\n          \"privateLinkServiceNetworkPolicies\": \"Enabled\"\r\n        },\r\n        \"type\": \"Microsoft.Network/virtualNetworks/subnets\"\r\n      }\r\n    ],\r\n    \"virtualNetworkPeerings\": [],\r\n    \"enableDdosProtection\": false,\r\n    \"enableVmProtection\": false\r\n  }\r\n}",
      "StatusCode": 200
    },
    {
      "RequestUri": "/subscriptions/1c638cf4-608f-4ee6-b680-c329e824c3a8/resourceGroups/jmonitor_71405031/providers/Microsoft.Network/networkInterfaces/nic399719199e9?api-version=2019-06-01",
      "EncodedRequestUri": "L3N1YnNjcmlwdGlvbnMvMWM2MzhjZjQtNjA4Zi00ZWU2LWI2ODAtYzMyOWU4MjRjM2E4L3Jlc291cmNlR3JvdXBzL2ptb25pdG9yXzcxNDA1MDMxL3Byb3ZpZGVycy9NaWNyb3NvZnQuTmV0d29yay9uZXR3b3JrSW50ZXJmYWNlcy9uaWMzOTk3MTkxOTllOT9hcGktdmVyc2lvbj0yMDE5LTA2LTAx",
      "RequestMethod": "PUT",
      "RequestBody": "{\r\n  \"properties\": {\r\n    \"ipConfigurations\": [\r\n      {\r\n        \"properties\": {\r\n          \"privateIPAllocationMethod\": \"Dynamic\",\r\n          \"subnet\": {\r\n            \"id\": \"/subscriptions/1c638cf4-608f-4ee6-b680-c329e824c3a8/resourceGroups/jmonitor_71405031/providers/Microsoft.Network/virtualNetworks/vnet9e497109669c/subnets/subnet1\"\r\n          },\r\n          \"primary\": true\r\n        },\r\n        \"name\": \"primary\"\r\n      }\r\n    ],\r\n    \"dnsSettings\": {}\r\n  },\r\n  \"location\": \"eastus2\",\r\n  \"tags\": {}\r\n}",
      "RequestHeaders": {
        "x-ms-client-request-id": [
          "3ea49d03-c60a-4e5a-8c2b-1ea2b0e5b679"
        ],
        "Accept-Language": [
          "en-US"
        ],
        "User-Agent": [
          "FxVersion/4.6.28008.01",
          "OSName/Windows",
          "OSVersion/Microsoft.Windows.10.0.18363.",
          "Microsoft.Azure.Management.Network.Fluent.NetworkManagementClient/1.0.0.61",
          "MacAddressHash/f198b50d7e3ef6510679efb9e4c9a1474fd2bf18cf1d6a2182c79b00464dbadd"
        ],
        "Content-Type": [
          "application/json; charset=utf-8"
        ],
        "Content-Length": [
          "507"
        ]
      },
      "ResponseHeaders": {
        "Cache-Control": [
          "no-cache"
        ],
        "Pragma": [
          "no-cache"
        ],
        "x-ms-request-id": [
          "6d59fdcc-825c-4f69-8328-8b69bb244d39"
        ],
        "Azure-AsyncOperation": [
          "https://management.azure.com/subscriptions/1c638cf4-608f-4ee6-b680-c329e824c3a8/providers/Microsoft.Network/locations/eastus2/operations/6d59fdcc-825c-4f69-8328-8b69bb244d39?api-version=2019-06-01"
        ],
        "x-ms-correlation-request-id": [
          "27ee2b33-8677-47a1-9790-6b24adc4230a"
        ],
        "x-ms-arm-service-request-id": [
          "9171fac2-2036-4e08-9983-a7e85089f06f"
        ],
        "Strict-Transport-Security": [
          "max-age=31536000; includeSubDomains"
        ],
        "x-ms-ratelimit-remaining-subscription-writes": [
          "1194"
        ],
        "Server": [
          "Microsoft-HTTPAPI/2.0",
          "Microsoft-HTTPAPI/2.0"
        ],
        "x-ms-routing-request-id": [
          "SOUTHEASTASIA:20191023T121047Z:27ee2b33-8677-47a1-9790-6b24adc4230a"
        ],
        "X-Content-Type-Options": [
          "nosniff"
        ],
        "Date": [
          "Wed, 23 Oct 2019 12:10:46 GMT"
        ],
        "Content-Length": [
          "1647"
        ],
        "Content-Type": [
          "application/json; charset=utf-8"
        ],
        "Expires": [
          "-1"
        ]
      },
      "ResponseBody": "{\r\n  \"name\": \"nic399719199e9\",\r\n  \"id\": \"/subscriptions/1c638cf4-608f-4ee6-b680-c329e824c3a8/resourceGroups/jmonitor_71405031/providers/Microsoft.Network/networkInterfaces/nic399719199e9\",\r\n  \"etag\": \"W/\\\"09b88cde-8bcb-416b-beca-2172e18c2908\\\"\",\r\n  \"location\": \"eastus2\",\r\n  \"tags\": {},\r\n  \"properties\": {\r\n    \"provisioningState\": \"Succeeded\",\r\n    \"resourceGuid\": \"48a6461f-d87b-42ab-9294-c660958a995b\",\r\n    \"ipConfigurations\": [\r\n      {\r\n        \"name\": \"primary\",\r\n        \"id\": \"/subscriptions/1c638cf4-608f-4ee6-b680-c329e824c3a8/resourceGroups/jmonitor_71405031/providers/Microsoft.Network/networkInterfaces/nic399719199e9/ipConfigurations/primary\",\r\n        \"etag\": \"W/\\\"09b88cde-8bcb-416b-beca-2172e18c2908\\\"\",\r\n        \"type\": \"Microsoft.Network/networkInterfaces/ipConfigurations\",\r\n        \"properties\": {\r\n          \"provisioningState\": \"Succeeded\",\r\n          \"privateIPAddress\": \"10.0.0.4\",\r\n          \"privateIPAllocationMethod\": \"Dynamic\",\r\n          \"subnet\": {\r\n            \"id\": \"/subscriptions/1c638cf4-608f-4ee6-b680-c329e824c3a8/resourceGroups/jmonitor_71405031/providers/Microsoft.Network/virtualNetworks/vnet9e497109669c/subnets/subnet1\"\r\n          },\r\n          \"primary\": true,\r\n          \"privateIPAddressVersion\": \"IPv4\"\r\n        }\r\n      }\r\n    ],\r\n    \"dnsSettings\": {\r\n      \"dnsServers\": [],\r\n      \"appliedDnsServers\": [],\r\n      \"internalDomainNameSuffix\": \"uglfhvqxtraezpqvxmunkk4eqc.cx.internal.cloudapp.net\"\r\n    },\r\n    \"enableAcceleratedNetworking\": false,\r\n    \"enableIPForwarding\": false,\r\n    \"hostedWorkloads\": [],\r\n    \"tapConfigurations\": []\r\n  },\r\n  \"type\": \"Microsoft.Network/networkInterfaces\"\r\n}",
      "StatusCode": 201
    },
    {
      "RequestUri": "/subscriptions/1c638cf4-608f-4ee6-b680-c329e824c3a8/resourceGroups/jmonitor_71405031/providers/Microsoft.Network/networkInterfaces/nic399719199e9?api-version=2019-06-01",
      "EncodedRequestUri": "L3N1YnNjcmlwdGlvbnMvMWM2MzhjZjQtNjA4Zi00ZWU2LWI2ODAtYzMyOWU4MjRjM2E4L3Jlc291cmNlR3JvdXBzL2ptb25pdG9yXzcxNDA1MDMxL3Byb3ZpZGVycy9NaWNyb3NvZnQuTmV0d29yay9uZXR3b3JrSW50ZXJmYWNlcy9uaWMzOTk3MTkxOTllOT9hcGktdmVyc2lvbj0yMDE5LTA2LTAx",
      "RequestMethod": "GET",
      "RequestBody": "",
      "RequestHeaders": {
        "User-Agent": [
          "FxVersion/4.6.28008.01",
          "OSName/Windows",
          "OSVersion/Microsoft.Windows.10.0.18363.",
          "Microsoft.Azure.Management.Network.Fluent.NetworkManagementClient/1.0.0.61",
          "MacAddressHash/f198b50d7e3ef6510679efb9e4c9a1474fd2bf18cf1d6a2182c79b00464dbadd"
        ]
      },
      "ResponseHeaders": {
        "Cache-Control": [
          "no-cache"
        ],
        "Pragma": [
          "no-cache"
        ],
        "ETag": [
          "W/\"09b88cde-8bcb-416b-beca-2172e18c2908\""
        ],
        "x-ms-request-id": [
          "3b5d3cf8-b0bc-4d98-ad1e-733b96c5cbe4"
        ],
        "x-ms-correlation-request-id": [
          "23a41763-6dd7-4c64-97a2-aa2c3da1615a"
        ],
        "x-ms-arm-service-request-id": [
          "f66a859d-46bf-4ffb-bc32-eb726694c9b2"
        ],
        "Strict-Transport-Security": [
          "max-age=31536000; includeSubDomains"
        ],
        "Server": [
          "Microsoft-HTTPAPI/2.0",
          "Microsoft-HTTPAPI/2.0"
        ],
        "x-ms-ratelimit-remaining-subscription-reads": [
          "11988"
        ],
        "x-ms-routing-request-id": [
          "SOUTHEASTASIA:20191023T121047Z:23a41763-6dd7-4c64-97a2-aa2c3da1615a"
        ],
        "X-Content-Type-Options": [
          "nosniff"
        ],
        "Date": [
          "Wed, 23 Oct 2019 12:10:47 GMT"
        ],
        "Content-Length": [
          "1647"
        ],
        "Content-Type": [
          "application/json; charset=utf-8"
        ],
        "Expires": [
          "-1"
        ]
      },
      "ResponseBody": "{\r\n  \"name\": \"nic399719199e9\",\r\n  \"id\": \"/subscriptions/1c638cf4-608f-4ee6-b680-c329e824c3a8/resourceGroups/jmonitor_71405031/providers/Microsoft.Network/networkInterfaces/nic399719199e9\",\r\n  \"etag\": \"W/\\\"09b88cde-8bcb-416b-beca-2172e18c2908\\\"\",\r\n  \"location\": \"eastus2\",\r\n  \"tags\": {},\r\n  \"properties\": {\r\n    \"provisioningState\": \"Succeeded\",\r\n    \"resourceGuid\": \"48a6461f-d87b-42ab-9294-c660958a995b\",\r\n    \"ipConfigurations\": [\r\n      {\r\n        \"name\": \"primary\",\r\n        \"id\": \"/subscriptions/1c638cf4-608f-4ee6-b680-c329e824c3a8/resourceGroups/jmonitor_71405031/providers/Microsoft.Network/networkInterfaces/nic399719199e9/ipConfigurations/primary\",\r\n        \"etag\": \"W/\\\"09b88cde-8bcb-416b-beca-2172e18c2908\\\"\",\r\n        \"type\": \"Microsoft.Network/networkInterfaces/ipConfigurations\",\r\n        \"properties\": {\r\n          \"provisioningState\": \"Succeeded\",\r\n          \"privateIPAddress\": \"10.0.0.4\",\r\n          \"privateIPAllocationMethod\": \"Dynamic\",\r\n          \"subnet\": {\r\n            \"id\": \"/subscriptions/1c638cf4-608f-4ee6-b680-c329e824c3a8/resourceGroups/jmonitor_71405031/providers/Microsoft.Network/virtualNetworks/vnet9e497109669c/subnets/subnet1\"\r\n          },\r\n          \"primary\": true,\r\n          \"privateIPAddressVersion\": \"IPv4\"\r\n        }\r\n      }\r\n    ],\r\n    \"dnsSettings\": {\r\n      \"dnsServers\": [],\r\n      \"appliedDnsServers\": [],\r\n      \"internalDomainNameSuffix\": \"uglfhvqxtraezpqvxmunkk4eqc.cx.internal.cloudapp.net\"\r\n    },\r\n    \"enableAcceleratedNetworking\": false,\r\n    \"enableIPForwarding\": false,\r\n    \"hostedWorkloads\": [],\r\n    \"tapConfigurations\": []\r\n  },\r\n  \"type\": \"Microsoft.Network/networkInterfaces\"\r\n}",
      "StatusCode": 200
    },
    {
      "RequestUri": "/subscriptions/1c638cf4-608f-4ee6-b680-c329e824c3a8/resourceGroups/jmonitor_71405031/providers/Microsoft.Compute/virtualMachines/jmonitorvm297092a?api-version=2019-03-01",
      "EncodedRequestUri": "L3N1YnNjcmlwdGlvbnMvMWM2MzhjZjQtNjA4Zi00ZWU2LWI2ODAtYzMyOWU4MjRjM2E4L3Jlc291cmNlR3JvdXBzL2ptb25pdG9yXzcxNDA1MDMxL3Byb3ZpZGVycy9NaWNyb3NvZnQuQ29tcHV0ZS92aXJ0dWFsTWFjaGluZXMvam1vbml0b3J2bTI5NzA5MmE/YXBpLXZlcnNpb249MjAxOS0wMy0wMQ==",
      "RequestMethod": "PUT",
      "RequestBody": "{\r\n  \"properties\": {\r\n    \"hardwareProfile\": {\r\n      \"vmSize\": \"Basic_A0\"\r\n    },\r\n    \"storageProfile\": {\r\n      \"imageReference\": {\r\n        \"publisher\": \"Canonical\",\r\n        \"offer\": \"UbuntuServer\",\r\n        \"sku\": \"16.04.0-LTS\",\r\n        \"version\": \"latest\"\r\n      },\r\n      \"osDisk\": {\r\n        \"caching\": \"ReadWrite\",\r\n        \"createOption\": \"FromImage\",\r\n        \"managedDisk\": {\r\n          \"storageAccountType\": \"Standard_LRS\"\r\n        }\r\n      }\r\n    },\r\n    \"osProfile\": {\r\n      \"computerName\": \"vm4bb230308c\",\r\n      \"adminUsername\": \"tirekicker\",\r\n      \"adminPassword\": \"12NewPA$$w0rd!\",\r\n      \"linuxConfiguration\": {\r\n        \"disablePasswordAuthentication\": false\r\n      }\r\n    },\r\n    \"networkProfile\": {\r\n      \"networkInterfaces\": [\r\n        {\r\n          \"properties\": {\r\n            \"primary\": true\r\n          },\r\n          \"id\": \"/subscriptions/1c638cf4-608f-4ee6-b680-c329e824c3a8/resourceGroups/jmonitor_71405031/providers/Microsoft.Network/networkInterfaces/nic399719199e9\"\r\n        }\r\n      ]\r\n    }\r\n  },\r\n  \"location\": \"eastus2\",\r\n  \"tags\": {}\r\n}",
      "RequestHeaders": {
        "x-ms-client-request-id": [
          "17e5f263-0d31-4c59-ba5f-c5a91e913eef"
        ],
        "Accept-Language": [
          "en-US"
        ],
        "User-Agent": [
          "FxVersion/4.6.28008.01",
          "OSName/Windows",
          "OSVersion/Microsoft.Windows.10.0.18363.",
          "Microsoft.Azure.Management.Compute.Fluent.ComputeManagementClient/1.0.0.61",
          "MacAddressHash/f198b50d7e3ef6510679efb9e4c9a1474fd2bf18cf1d6a2182c79b00464dbadd"
        ],
        "Content-Type": [
          "application/json; charset=utf-8"
        ],
        "Content-Length": [
          "1077"
        ]
      },
      "ResponseHeaders": {
        "Cache-Control": [
          "no-cache"
        ],
        "Pragma": [
          "no-cache"
        ],
        "Retry-After": [
          "10"
        ],
        "Azure-AsyncOperation": [
          "https://management.azure.com/subscriptions/1c638cf4-608f-4ee6-b680-c329e824c3a8/providers/Microsoft.Compute/locations/eastus2/operations/1b31d006-6c6f-47ef-9f99-d3f9eaae15b0?api-version=2019-03-01"
        ],
        "Azure-AsyncNotification": [
          "Enabled"
        ],
        "x-ms-ratelimit-remaining-resource": [
          "Microsoft.Compute/PutVM3Min;238,Microsoft.Compute/PutVM30Min;1198"
        ],
        "Strict-Transport-Security": [
          "max-age=31536000; includeSubDomains"
        ],
        "x-ms-request-id": [
          "1b31d006-6c6f-47ef-9f99-d3f9eaae15b0"
        ],
        "Server": [
          "Microsoft-HTTPAPI/2.0",
          "Microsoft-HTTPAPI/2.0"
        ],
        "x-ms-ratelimit-remaining-subscription-writes": [
          "1193"
        ],
        "x-ms-correlation-request-id": [
          "ee401385-e8db-4f89-8361-a3073bce0c7f"
        ],
        "x-ms-routing-request-id": [
          "SOUTHEASTASIA:20191023T121050Z:ee401385-e8db-4f89-8361-a3073bce0c7f"
        ],
        "X-Content-Type-Options": [
          "nosniff"
        ],
        "Date": [
          "Wed, 23 Oct 2019 12:10:49 GMT"
        ],
        "Content-Length": [
          "1463"
        ],
        "Content-Type": [
          "application/json; charset=utf-8"
        ],
        "Expires": [
          "-1"
        ]
      },
      "ResponseBody": "{\r\n  \"name\": \"jmonitorvm297092a\",\r\n  \"id\": \"/subscriptions/1c638cf4-608f-4ee6-b680-c329e824c3a8/resourceGroups/jmonitor_71405031/providers/Microsoft.Compute/virtualMachines/jmonitorvm297092a\",\r\n  \"type\": \"Microsoft.Compute/virtualMachines\",\r\n  \"location\": \"eastus2\",\r\n  \"tags\": {},\r\n  \"properties\": {\r\n    \"vmId\": \"22435d26-eb20-48d8-851d-588f37797fbb\",\r\n    \"hardwareProfile\": {\r\n      \"vmSize\": \"Basic_A0\"\r\n    },\r\n    \"storageProfile\": {\r\n      \"imageReference\": {\r\n        \"publisher\": \"Canonical\",\r\n        \"offer\": \"UbuntuServer\",\r\n        \"sku\": \"16.04.0-LTS\",\r\n        \"version\": \"latest\"\r\n      },\r\n      \"osDisk\": {\r\n        \"osType\": \"Linux\",\r\n        \"createOption\": \"FromImage\",\r\n        \"caching\": \"ReadWrite\",\r\n        \"managedDisk\": {\r\n          \"storageAccountType\": \"Standard_LRS\"\r\n        }\r\n      },\r\n      \"dataDisks\": []\r\n    },\r\n    \"osProfile\": {\r\n      \"computerName\": \"vm4bb230308c\",\r\n      \"adminUsername\": \"tirekicker\",\r\n      \"linuxConfiguration\": {\r\n        \"disablePasswordAuthentication\": false,\r\n        \"provisionVMAgent\": true\r\n      },\r\n      \"secrets\": [],\r\n      \"allowExtensionOperations\": true,\r\n      \"requireGuestProvisionSignal\": true\r\n    },\r\n    \"networkProfile\": {\r\n      \"networkInterfaces\": [\r\n        {\r\n          \"id\": \"/subscriptions/1c638cf4-608f-4ee6-b680-c329e824c3a8/resourceGroups/jmonitor_71405031/providers/Microsoft.Network/networkInterfaces/nic399719199e9\",\r\n          \"properties\": {\r\n            \"primary\": true\r\n          }\r\n        }\r\n      ]\r\n    },\r\n    \"provisioningState\": \"Creating\"\r\n  }\r\n}",
      "StatusCode": 201
    },
    {
      "RequestUri": "/subscriptions/1c638cf4-608f-4ee6-b680-c329e824c3a8/providers/Microsoft.Compute/locations/eastus2/operations/1b31d006-6c6f-47ef-9f99-d3f9eaae15b0?api-version=2019-03-01",
      "EncodedRequestUri": "L3N1YnNjcmlwdGlvbnMvMWM2MzhjZjQtNjA4Zi00ZWU2LWI2ODAtYzMyOWU4MjRjM2E4L3Byb3ZpZGVycy9NaWNyb3NvZnQuQ29tcHV0ZS9sb2NhdGlvbnMvZWFzdHVzMi9vcGVyYXRpb25zLzFiMzFkMDA2LTZjNmYtNDdlZi05Zjk5LWQzZjllYWFlMTViMD9hcGktdmVyc2lvbj0yMDE5LTAzLTAx",
      "RequestMethod": "GET",
      "RequestBody": "",
      "RequestHeaders": {
        "User-Agent": [
          "FxVersion/4.6.28008.01",
          "OSName/Windows",
          "OSVersion/Microsoft.Windows.10.0.18363.",
          "Microsoft.Azure.Management.Compute.Fluent.ComputeManagementClient/1.0.0.61",
          "MacAddressHash/f198b50d7e3ef6510679efb9e4c9a1474fd2bf18cf1d6a2182c79b00464dbadd"
        ]
      },
      "ResponseHeaders": {
        "Cache-Control": [
          "no-cache"
        ],
        "Pragma": [
          "no-cache"
        ],
        "Retry-After": [
          "30"
        ],
        "x-ms-ratelimit-remaining-resource": [
          "Microsoft.Compute/GetOperation3Min;14993,Microsoft.Compute/GetOperation30Min;29993"
        ],
        "Strict-Transport-Security": [
          "max-age=31536000; includeSubDomains"
        ],
        "x-ms-request-id": [
          "250b9049-1177-49fc-9ade-8af83c94194e"
        ],
        "Server": [
          "Microsoft-HTTPAPI/2.0",
          "Microsoft-HTTPAPI/2.0"
        ],
        "x-ms-ratelimit-remaining-subscription-reads": [
          "11987"
        ],
        "x-ms-correlation-request-id": [
          "fb76ca29-8f91-4491-b0d7-8518d648b78a"
        ],
        "x-ms-routing-request-id": [
          "SOUTHEASTASIA:20191023T121100Z:fb76ca29-8f91-4491-b0d7-8518d648b78a"
        ],
        "X-Content-Type-Options": [
          "nosniff"
        ],
        "Date": [
          "Wed, 23 Oct 2019 12:10:59 GMT"
        ],
        "Content-Length": [
          "134"
        ],
        "Content-Type": [
          "application/json; charset=utf-8"
        ],
        "Expires": [
          "-1"
        ]
      },
      "ResponseBody": "{\r\n  \"startTime\": \"2019-10-23T20:10:49.3929321+08:00\",\r\n  \"status\": \"InProgress\",\r\n  \"name\": \"1b31d006-6c6f-47ef-9f99-d3f9eaae15b0\"\r\n}",
      "StatusCode": 200
    },
    {
      "RequestUri": "/subscriptions/1c638cf4-608f-4ee6-b680-c329e824c3a8/providers/Microsoft.Compute/locations/eastus2/operations/1b31d006-6c6f-47ef-9f99-d3f9eaae15b0?api-version=2019-03-01",
      "EncodedRequestUri": "L3N1YnNjcmlwdGlvbnMvMWM2MzhjZjQtNjA4Zi00ZWU2LWI2ODAtYzMyOWU4MjRjM2E4L3Byb3ZpZGVycy9NaWNyb3NvZnQuQ29tcHV0ZS9sb2NhdGlvbnMvZWFzdHVzMi9vcGVyYXRpb25zLzFiMzFkMDA2LTZjNmYtNDdlZi05Zjk5LWQzZjllYWFlMTViMD9hcGktdmVyc2lvbj0yMDE5LTAzLTAx",
      "RequestMethod": "GET",
      "RequestBody": "",
      "RequestHeaders": {
        "User-Agent": [
          "FxVersion/4.6.28008.01",
          "OSName/Windows",
          "OSVersion/Microsoft.Windows.10.0.18363.",
          "Microsoft.Azure.Management.Compute.Fluent.ComputeManagementClient/1.0.0.61",
          "MacAddressHash/f198b50d7e3ef6510679efb9e4c9a1474fd2bf18cf1d6a2182c79b00464dbadd"
        ]
      },
      "ResponseHeaders": {
        "Cache-Control": [
          "no-cache"
        ],
        "Pragma": [
          "no-cache"
        ],
        "x-ms-ratelimit-remaining-resource": [
          "Microsoft.Compute/GetOperation3Min;14993,Microsoft.Compute/GetOperation30Min;29992"
        ],
        "Strict-Transport-Security": [
          "max-age=31536000; includeSubDomains"
        ],
        "x-ms-request-id": [
          "70279a6e-f3d6-47f7-9751-a04ebf57a783"
        ],
        "Server": [
          "Microsoft-HTTPAPI/2.0",
          "Microsoft-HTTPAPI/2.0"
        ],
        "x-ms-ratelimit-remaining-subscription-reads": [
          "11986"
        ],
        "x-ms-correlation-request-id": [
          "2b409cca-0001-4b7b-8006-c0dab24b7f9b"
        ],
        "x-ms-routing-request-id": [
          "SOUTHEASTASIA:20191023T121131Z:2b409cca-0001-4b7b-8006-c0dab24b7f9b"
        ],
        "X-Content-Type-Options": [
          "nosniff"
        ],
        "Date": [
          "Wed, 23 Oct 2019 12:11:30 GMT"
        ],
        "Content-Length": [
          "134"
        ],
        "Content-Type": [
          "application/json; charset=utf-8"
        ],
        "Expires": [
          "-1"
        ]
      },
      "ResponseBody": "{\r\n  \"startTime\": \"2019-10-23T20:10:49.3929321+08:00\",\r\n  \"status\": \"InProgress\",\r\n  \"name\": \"1b31d006-6c6f-47ef-9f99-d3f9eaae15b0\"\r\n}",
      "StatusCode": 200
    },
    {
      "RequestUri": "/subscriptions/1c638cf4-608f-4ee6-b680-c329e824c3a8/providers/Microsoft.Compute/locations/eastus2/operations/1b31d006-6c6f-47ef-9f99-d3f9eaae15b0?api-version=2019-03-01",
      "EncodedRequestUri": "L3N1YnNjcmlwdGlvbnMvMWM2MzhjZjQtNjA4Zi00ZWU2LWI2ODAtYzMyOWU4MjRjM2E4L3Byb3ZpZGVycy9NaWNyb3NvZnQuQ29tcHV0ZS9sb2NhdGlvbnMvZWFzdHVzMi9vcGVyYXRpb25zLzFiMzFkMDA2LTZjNmYtNDdlZi05Zjk5LWQzZjllYWFlMTViMD9hcGktdmVyc2lvbj0yMDE5LTAzLTAx",
      "RequestMethod": "GET",
      "RequestBody": "",
      "RequestHeaders": {
        "User-Agent": [
          "FxVersion/4.6.28008.01",
          "OSName/Windows",
          "OSVersion/Microsoft.Windows.10.0.18363.",
          "Microsoft.Azure.Management.Compute.Fluent.ComputeManagementClient/1.0.0.61",
          "MacAddressHash/f198b50d7e3ef6510679efb9e4c9a1474fd2bf18cf1d6a2182c79b00464dbadd"
        ]
      },
      "ResponseHeaders": {
        "Cache-Control": [
          "no-cache"
        ],
        "Pragma": [
          "no-cache"
        ],
        "x-ms-ratelimit-remaining-resource": [
          "Microsoft.Compute/GetOperation3Min;14993,Microsoft.Compute/GetOperation30Min;29991"
        ],
        "Strict-Transport-Security": [
          "max-age=31536000; includeSubDomains"
        ],
        "x-ms-request-id": [
          "81b30506-c00d-47bd-9f7d-86003e414aa7"
        ],
        "Server": [
          "Microsoft-HTTPAPI/2.0",
          "Microsoft-HTTPAPI/2.0"
        ],
        "x-ms-ratelimit-remaining-subscription-reads": [
          "11985"
        ],
        "x-ms-correlation-request-id": [
          "1fca36b7-1732-4922-9cb3-5ac89d4cc2f5"
        ],
        "x-ms-routing-request-id": [
          "SOUTHEASTASIA:20191023T121201Z:1fca36b7-1732-4922-9cb3-5ac89d4cc2f5"
        ],
        "X-Content-Type-Options": [
          "nosniff"
        ],
        "Date": [
          "Wed, 23 Oct 2019 12:12:00 GMT"
        ],
        "Content-Length": [
          "134"
        ],
        "Content-Type": [
          "application/json; charset=utf-8"
        ],
        "Expires": [
          "-1"
        ]
      },
      "ResponseBody": "{\r\n  \"startTime\": \"2019-10-23T20:10:49.3929321+08:00\",\r\n  \"status\": \"InProgress\",\r\n  \"name\": \"1b31d006-6c6f-47ef-9f99-d3f9eaae15b0\"\r\n}",
      "StatusCode": 200
    },
    {
      "RequestUri": "/subscriptions/1c638cf4-608f-4ee6-b680-c329e824c3a8/providers/Microsoft.Compute/locations/eastus2/operations/1b31d006-6c6f-47ef-9f99-d3f9eaae15b0?api-version=2019-03-01",
      "EncodedRequestUri": "L3N1YnNjcmlwdGlvbnMvMWM2MzhjZjQtNjA4Zi00ZWU2LWI2ODAtYzMyOWU4MjRjM2E4L3Byb3ZpZGVycy9NaWNyb3NvZnQuQ29tcHV0ZS9sb2NhdGlvbnMvZWFzdHVzMi9vcGVyYXRpb25zLzFiMzFkMDA2LTZjNmYtNDdlZi05Zjk5LWQzZjllYWFlMTViMD9hcGktdmVyc2lvbj0yMDE5LTAzLTAx",
      "RequestMethod": "GET",
      "RequestBody": "",
      "RequestHeaders": {
        "User-Agent": [
          "FxVersion/4.6.28008.01",
          "OSName/Windows",
          "OSVersion/Microsoft.Windows.10.0.18363.",
          "Microsoft.Azure.Management.Compute.Fluent.ComputeManagementClient/1.0.0.61",
          "MacAddressHash/f198b50d7e3ef6510679efb9e4c9a1474fd2bf18cf1d6a2182c79b00464dbadd"
        ]
      },
      "ResponseHeaders": {
        "Cache-Control": [
          "no-cache"
        ],
        "Pragma": [
          "no-cache"
        ],
        "x-ms-ratelimit-remaining-resource": [
          "Microsoft.Compute/GetOperation3Min;14993,Microsoft.Compute/GetOperation30Min;29990"
        ],
        "Strict-Transport-Security": [
          "max-age=31536000; includeSubDomains"
        ],
        "x-ms-request-id": [
          "c8bf217c-43cc-43d9-a890-df8b27deb423"
        ],
        "Server": [
          "Microsoft-HTTPAPI/2.0",
          "Microsoft-HTTPAPI/2.0"
        ],
        "x-ms-ratelimit-remaining-subscription-reads": [
          "11984"
        ],
        "x-ms-correlation-request-id": [
          "97797731-42aa-4122-b8d6-52be95cc13e1"
        ],
        "x-ms-routing-request-id": [
          "SOUTHEASTASIA:20191023T121231Z:97797731-42aa-4122-b8d6-52be95cc13e1"
        ],
        "X-Content-Type-Options": [
          "nosniff"
        ],
        "Date": [
          "Wed, 23 Oct 2019 12:12:30 GMT"
        ],
        "Content-Length": [
          "134"
        ],
        "Content-Type": [
          "application/json; charset=utf-8"
        ],
        "Expires": [
          "-1"
        ]
      },
      "ResponseBody": "{\r\n  \"startTime\": \"2019-10-23T20:10:49.3929321+08:00\",\r\n  \"status\": \"InProgress\",\r\n  \"name\": \"1b31d006-6c6f-47ef-9f99-d3f9eaae15b0\"\r\n}",
      "StatusCode": 200
    },
    {
      "RequestUri": "/subscriptions/1c638cf4-608f-4ee6-b680-c329e824c3a8/providers/Microsoft.Compute/locations/eastus2/operations/1b31d006-6c6f-47ef-9f99-d3f9eaae15b0?api-version=2019-03-01",
      "EncodedRequestUri": "L3N1YnNjcmlwdGlvbnMvMWM2MzhjZjQtNjA4Zi00ZWU2LWI2ODAtYzMyOWU4MjRjM2E4L3Byb3ZpZGVycy9NaWNyb3NvZnQuQ29tcHV0ZS9sb2NhdGlvbnMvZWFzdHVzMi9vcGVyYXRpb25zLzFiMzFkMDA2LTZjNmYtNDdlZi05Zjk5LWQzZjllYWFlMTViMD9hcGktdmVyc2lvbj0yMDE5LTAzLTAx",
      "RequestMethod": "GET",
      "RequestBody": "",
      "RequestHeaders": {
        "User-Agent": [
          "FxVersion/4.6.28008.01",
          "OSName/Windows",
          "OSVersion/Microsoft.Windows.10.0.18363.",
          "Microsoft.Azure.Management.Compute.Fluent.ComputeManagementClient/1.0.0.61",
          "MacAddressHash/f198b50d7e3ef6510679efb9e4c9a1474fd2bf18cf1d6a2182c79b00464dbadd"
        ]
      },
      "ResponseHeaders": {
        "Cache-Control": [
          "no-cache"
        ],
        "Pragma": [
          "no-cache"
        ],
        "x-ms-ratelimit-remaining-resource": [
          "Microsoft.Compute/GetOperation3Min;14993,Microsoft.Compute/GetOperation30Min;29988"
        ],
        "Strict-Transport-Security": [
          "max-age=31536000; includeSubDomains"
        ],
        "x-ms-request-id": [
          "6e6d21b4-5f50-412c-87e2-aa9181fb3a0f"
        ],
        "Server": [
          "Microsoft-HTTPAPI/2.0",
          "Microsoft-HTTPAPI/2.0"
        ],
        "x-ms-ratelimit-remaining-subscription-reads": [
          "11983"
        ],
        "x-ms-correlation-request-id": [
          "c74449b3-0c7d-4572-8593-65dd684630c9"
        ],
        "x-ms-routing-request-id": [
          "SOUTHEASTASIA:20191023T121301Z:c74449b3-0c7d-4572-8593-65dd684630c9"
        ],
        "X-Content-Type-Options": [
          "nosniff"
        ],
        "Date": [
          "Wed, 23 Oct 2019 12:13:00 GMT"
        ],
        "Content-Length": [
          "184"
        ],
        "Content-Type": [
          "application/json; charset=utf-8"
        ],
        "Expires": [
          "-1"
        ]
      },
      "ResponseBody": "{\r\n  \"startTime\": \"2019-10-23T20:10:49.3929321+08:00\",\r\n  \"endTime\": \"2019-10-23T20:12:49.6426616+08:00\",\r\n  \"status\": \"Succeeded\",\r\n  \"name\": \"1b31d006-6c6f-47ef-9f99-d3f9eaae15b0\"\r\n}",
      "StatusCode": 200
    },
    {
      "RequestUri": "/subscriptions/1c638cf4-608f-4ee6-b680-c329e824c3a8/resourceGroups/jmonitor_71405031/providers/Microsoft.Compute/virtualMachines/jmonitorvm297092a?api-version=2019-03-01",
      "EncodedRequestUri": "L3N1YnNjcmlwdGlvbnMvMWM2MzhjZjQtNjA4Zi00ZWU2LWI2ODAtYzMyOWU4MjRjM2E4L3Jlc291cmNlR3JvdXBzL2ptb25pdG9yXzcxNDA1MDMxL3Byb3ZpZGVycy9NaWNyb3NvZnQuQ29tcHV0ZS92aXJ0dWFsTWFjaGluZXMvam1vbml0b3J2bTI5NzA5MmE/YXBpLXZlcnNpb249MjAxOS0wMy0wMQ==",
      "RequestMethod": "GET",
      "RequestBody": "",
      "RequestHeaders": {
        "User-Agent": [
          "FxVersion/4.6.28008.01",
          "OSName/Windows",
          "OSVersion/Microsoft.Windows.10.0.18363.",
          "Microsoft.Azure.Management.Compute.Fluent.ComputeManagementClient/1.0.0.61",
          "MacAddressHash/f198b50d7e3ef6510679efb9e4c9a1474fd2bf18cf1d6a2182c79b00464dbadd"
        ]
      },
      "ResponseHeaders": {
        "Cache-Control": [
          "no-cache"
        ],
        "Pragma": [
          "no-cache"
        ],
        "x-ms-ratelimit-remaining-resource": [
          "Microsoft.Compute/LowCostGet3Min;3997,Microsoft.Compute/LowCostGet30Min;31996"
        ],
        "Strict-Transport-Security": [
          "max-age=31536000; includeSubDomains"
        ],
        "x-ms-request-id": [
          "9c36dba3-a556-4a4e-93fa-550ad7a0b25f"
        ],
        "Server": [
          "Microsoft-HTTPAPI/2.0",
          "Microsoft-HTTPAPI/2.0"
        ],
        "x-ms-ratelimit-remaining-subscription-reads": [
          "11982"
        ],
        "x-ms-correlation-request-id": [
          "d6e0bfdc-2a68-4287-9321-c4ec5e945947"
        ],
        "x-ms-routing-request-id": [
          "SOUTHEASTASIA:20191023T121302Z:d6e0bfdc-2a68-4287-9321-c4ec5e945947"
        ],
        "X-Content-Type-Options": [
          "nosniff"
        ],
        "Date": [
          "Wed, 23 Oct 2019 12:13:01 GMT"
        ],
        "Content-Length": [
          "1770"
        ],
        "Content-Type": [
          "application/json; charset=utf-8"
        ],
        "Expires": [
          "-1"
        ]
      },
      "ResponseBody": "{\r\n  \"name\": \"jmonitorvm297092a\",\r\n  \"id\": \"/subscriptions/1c638cf4-608f-4ee6-b680-c329e824c3a8/resourceGroups/jmonitor_71405031/providers/Microsoft.Compute/virtualMachines/jmonitorvm297092a\",\r\n  \"type\": \"Microsoft.Compute/virtualMachines\",\r\n  \"location\": \"eastus2\",\r\n  \"tags\": {},\r\n  \"properties\": {\r\n    \"vmId\": \"22435d26-eb20-48d8-851d-588f37797fbb\",\r\n    \"hardwareProfile\": {\r\n      \"vmSize\": \"Basic_A0\"\r\n    },\r\n    \"storageProfile\": {\r\n      \"imageReference\": {\r\n        \"publisher\": \"Canonical\",\r\n        \"offer\": \"UbuntuServer\",\r\n        \"sku\": \"16.04.0-LTS\",\r\n        \"version\": \"latest\"\r\n      },\r\n      \"osDisk\": {\r\n        \"osType\": \"Linux\",\r\n        \"name\": \"jmonitorvm297092a_OsDisk_1_a751b8d16ec349c6af40d4dc526b3e8f\",\r\n        \"createOption\": \"FromImage\",\r\n        \"caching\": \"ReadWrite\",\r\n        \"managedDisk\": {\r\n          \"storageAccountType\": \"Standard_LRS\",\r\n          \"id\": \"/subscriptions/1c638cf4-608f-4ee6-b680-c329e824c3a8/resourceGroups/jmonitor_71405031/providers/Microsoft.Compute/disks/jmonitorvm297092a_OsDisk_1_a751b8d16ec349c6af40d4dc526b3e8f\"\r\n        },\r\n        \"diskSizeGB\": 30\r\n      },\r\n      \"dataDisks\": []\r\n    },\r\n    \"osProfile\": {\r\n      \"computerName\": \"vm4bb230308c\",\r\n      \"adminUsername\": \"tirekicker\",\r\n      \"linuxConfiguration\": {\r\n        \"disablePasswordAuthentication\": false,\r\n        \"provisionVMAgent\": true\r\n      },\r\n      \"secrets\": [],\r\n      \"allowExtensionOperations\": true,\r\n      \"requireGuestProvisionSignal\": true\r\n    },\r\n    \"networkProfile\": {\r\n      \"networkInterfaces\": [\r\n        {\r\n          \"id\": \"/subscriptions/1c638cf4-608f-4ee6-b680-c329e824c3a8/resourceGroups/jmonitor_71405031/providers/Microsoft.Network/networkInterfaces/nic399719199e9\",\r\n          \"properties\": {\r\n            \"primary\": true\r\n          }\r\n        }\r\n      ]\r\n    },\r\n    \"provisioningState\": \"Succeeded\"\r\n  }\r\n}",
      "StatusCode": 200
    },
    {
      "RequestUri": "/subscriptions/1c638cf4-608f-4ee6-b680-c329e824c3a8/resourceGroups/jmonitor_71405031/providers/Microsoft.Insights/metricAlerts/jmonitorma95e95772?api-version=2018-03-01",
      "EncodedRequestUri": "L3N1YnNjcmlwdGlvbnMvMWM2MzhjZjQtNjA4Zi00ZWU2LWI2ODAtYzMyOWU4MjRjM2E4L3Jlc291cmNlR3JvdXBzL2ptb25pdG9yXzcxNDA1MDMxL3Byb3ZpZGVycy9NaWNyb3NvZnQuSW5zaWdodHMvbWV0cmljQWxlcnRzL2ptb25pdG9ybWE5NWU5NTc3Mj9hcGktdmVyc2lvbj0yMDE4LTAzLTAx",
      "RequestMethod": "PUT",
      "RequestBody": "{\r\n  \"properties\": {\r\n    \"description\": \"This alert rule is for U3 - Multiple resource, static criteria\",\r\n    \"severity\": 3,\r\n    \"enabled\": true,\r\n    \"scopes\": [\r\n      \"/subscriptions/1c638cf4-608f-4ee6-b680-c329e824c3a8/resourceGroups/jmonitor_71405031/providers/Microsoft.Compute/virtualMachines/jmonitorvm1086717\",\r\n      \"/subscriptions/1c638cf4-608f-4ee6-b680-c329e824c3a8/resourceGroups/jmonitor_71405031/providers/Microsoft.Compute/virtualMachines/jmonitorvm297092a\"\r\n    ],\r\n    \"evaluationFrequency\": \"PT15M\",\r\n    \"windowSize\": \"PT15M\",\r\n    \"targetResourceType\": \"Microsoft.Compute/virtualMachines\",\r\n    \"targetResourceRegion\": \"eastus2\",\r\n    \"criteria\": {\r\n      \"odata.type\": \"Microsoft.Azure.Monitor.MultipleResourceMultipleMetricCriteria\",\r\n      \"allOf\": [\r\n        {\r\n          \"criterionType\": \"StaticThresholdCriterion\",\r\n          \"operator\": \"GreaterThan\",\r\n          \"threshold\": 80.0,\r\n          \"name\": \"Metric1\",\r\n          \"metricName\": \"Percentage CPU\",\r\n          \"metricNamespace\": \"Microsoft.Compute/virtualMachines\",\r\n          \"timeAggregation\": \"Average\",\r\n          \"dimensions\": []\r\n        }\r\n      ]\r\n    },\r\n    \"autoMitigate\": true,\r\n    \"actions\": []\r\n  },\r\n  \"location\": \"global\",\r\n  \"tags\": {}\r\n}",
      "RequestHeaders": {
        "x-ms-client-request-id": [
          "a09e4529-f09c-4324-8d26-6f370d44a8f9"
        ],
        "Accept-Language": [
          "en-US"
        ],
        "User-Agent": [
          "FxVersion/4.6.28008.01",
          "OSName/Windows",
          "OSVersion/Microsoft.Windows.10.0.18363.",
          "Microsoft.Azure.Management.Monitor.Fluent.MonitorManagementClient/1.0.0.61",
          "MacAddressHash/f198b50d7e3ef6510679efb9e4c9a1474fd2bf18cf1d6a2182c79b00464dbadd"
        ],
        "Content-Type": [
          "application/json; charset=utf-8"
        ],
        "Content-Length": [
          "1245"
        ]
      },
      "ResponseHeaders": {
        "Cache-Control": [
          "no-cache"
        ],
        "Pragma": [
          "no-cache"
        ],
        "x-ms-request-id": [
          "6a82bf51-4b62-4c12-bb8d-dcc5790d3859"
        ],
        "Server": [
          "Microsoft-IIS/10.0"
        ],
        "X-AspNet-Version": [
          "4.0.30319"
        ],
        "X-Powered-By": [
          "ASP.NET"
        ],
        "x-ms-ratelimit-remaining-subscription-writes": [
          "1192"
        ],
        "x-ms-correlation-request-id": [
          "6a82bf51-4b62-4c12-bb8d-dcc5790d3859"
        ],
        "x-ms-routing-request-id": [
          "SOUTHEASTASIA:20191023T121317Z:6a82bf51-4b62-4c12-bb8d-dcc5790d3859"
        ],
        "Strict-Transport-Security": [
          "max-age=31536000; includeSubDomains"
        ],
        "X-Content-Type-Options": [
          "nosniff"
        ],
        "Date": [
          "Wed, 23 Oct 2019 12:13:17 GMT"
        ],
        "Content-Length": [
          "1506"
        ],
        "Content-Type": [
          "application/json; charset=utf-8"
        ],
        "Expires": [
          "-1"
        ]
      },
      "ResponseBody": "{\r\n  \"location\": \"global\",\r\n  \"type\": \"Microsoft.Insights/metricAlerts\",\r\n  \"name\": \"jmonitorma95e95772\",\r\n  \"id\": \"/subscriptions/1c638cf4-608f-4ee6-b680-c329e824c3a8/resourceGroups/jmonitor_71405031/providers/Microsoft.Insights/metricAlerts/jmonitorma95e95772\",\r\n  \"tags\": {},\r\n  \"properties\": {\r\n    \"description\": \"This alert rule is for U3 - Multiple resource, static criteria\",\r\n    \"severity\": 3,\r\n    \"enabled\": true,\r\n    \"scopes\": [\r\n      \"/subscriptions/1c638cf4-608f-4ee6-b680-c329e824c3a8/resourceGroups/jmonitor_71405031/providers/Microsoft.Compute/virtualMachines/jmonitorvm1086717\",\r\n      \"/subscriptions/1c638cf4-608f-4ee6-b680-c329e824c3a8/resourceGroups/jmonitor_71405031/providers/Microsoft.Compute/virtualMachines/jmonitorvm297092a\"\r\n    ],\r\n    \"evaluationFrequency\": \"PT15M\",\r\n    \"windowSize\": \"PT15M\",\r\n    \"templateType\": 8,\r\n    \"criteria\": {\r\n      \"allOf\": [\r\n        {\r\n          \"threshold\": 80.0,\r\n          \"name\": \"Metric1\",\r\n          \"metricNamespace\": \"Microsoft.Compute/virtualMachines\",\r\n          \"metricName\": \"Percentage CPU\",\r\n          \"dimensions\": [],\r\n          \"operator\": \"GreaterThan\",\r\n          \"timeAggregation\": \"Average\",\r\n          \"criterionType\": \"StaticThresholdCriterion\"\r\n        }\r\n      ],\r\n      \"odata.type\": \"Microsoft.Azure.Monitor.MultipleResourceMultipleMetricCriteria\"\r\n    },\r\n    \"autoMitigate\": true,\r\n    \"targetResourceType\": \"Microsoft.Compute/virtualMachines\",\r\n    \"targetResourceRegion\": \"eastus2\",\r\n    \"actions\": []\r\n  }\r\n}",
      "StatusCode": 200
    },
    {
      "RequestUri": "/subscriptions/1c638cf4-608f-4ee6-b680-c329e824c3a8/resourceGroups/jmonitor_71405031/providers/Microsoft.Insights/metricAlerts/jmonitorma95e95772?api-version=2018-03-01",
      "EncodedRequestUri": "L3N1YnNjcmlwdGlvbnMvMWM2MzhjZjQtNjA4Zi00ZWU2LWI2ODAtYzMyOWU4MjRjM2E4L3Jlc291cmNlR3JvdXBzL2ptb25pdG9yXzcxNDA1MDMxL3Byb3ZpZGVycy9NaWNyb3NvZnQuSW5zaWdodHMvbWV0cmljQWxlcnRzL2ptb25pdG9ybWE5NWU5NTc3Mj9hcGktdmVyc2lvbj0yMDE4LTAzLTAx",
      "RequestMethod": "PUT",
      "RequestBody": "{\r\n  \"properties\": {\r\n    \"description\": \"This alert rule is for U3 - Multiple resource, dynamic criteria\",\r\n    \"severity\": 3,\r\n    \"enabled\": true,\r\n    \"scopes\": [\r\n      \"/subscriptions/1c638cf4-608f-4ee6-b680-c329e824c3a8/resourceGroups/jmonitor_71405031/providers/Microsoft.Compute/virtualMachines/jmonitorvm1086717\",\r\n      \"/subscriptions/1c638cf4-608f-4ee6-b680-c329e824c3a8/resourceGroups/jmonitor_71405031/providers/Microsoft.Compute/virtualMachines/jmonitorvm297092a\"\r\n    ],\r\n    \"evaluationFrequency\": \"PT15M\",\r\n    \"windowSize\": \"PT15M\",\r\n    \"targetResourceType\": \"Microsoft.Compute/virtualMachines\",\r\n    \"targetResourceRegion\": \"eastus2\",\r\n    \"criteria\": {\r\n      \"odata.type\": \"Microsoft.Azure.Monitor.MultipleResourceMultipleMetricCriteria\",\r\n      \"allOf\": [\r\n        {\r\n          \"criterionType\": \"DynamicThresholdCriterion\",\r\n          \"operator\": \"GreaterThan\",\r\n          \"alertSensitivity\": \"High\",\r\n          \"failingPeriods\": {\r\n            \"numberOfEvaluationPeriods\": 4.0,\r\n            \"minFailingPeriodsToAlert\": 2.0\r\n          },\r\n          \"ignoreDataBefore\": \"2019-10-23T11:43:17.8306935Z\",\r\n          \"name\": \"Metric2\",\r\n          \"metricName\": \"Percentage CPU\",\r\n          \"metricNamespace\": \"Microsoft.Compute/virtualMachines\",\r\n          \"timeAggregation\": \"Average\",\r\n          \"dimensions\": []\r\n        }\r\n      ]\r\n    },\r\n    \"autoMitigate\": true,\r\n    \"actions\": []\r\n  },\r\n  \"location\": \"global\",\r\n  \"tags\": {}\r\n}",
      "RequestHeaders": {
        "x-ms-client-request-id": [
          "f7e0d87f-4ad6-485d-8457-2171b149493a"
        ],
        "Accept-Language": [
          "en-US"
        ],
        "User-Agent": [
          "FxVersion/4.6.28008.01",
          "OSName/Windows",
          "OSVersion/Microsoft.Windows.10.0.18363.",
          "Microsoft.Azure.Management.Monitor.Fluent.MonitorManagementClient/1.0.0.61",
          "MacAddressHash/f198b50d7e3ef6510679efb9e4c9a1474fd2bf18cf1d6a2182c79b00464dbadd"
        ],
        "Content-Type": [
          "application/json; charset=utf-8"
        ],
        "Content-Length": [
          "1456"
        ]
      },
      "ResponseHeaders": {
        "Cache-Control": [
          "no-cache"
        ],
        "Pragma": [
          "no-cache"
        ],
        "x-ms-request-id": [
          "d1d4c316-c226-4f3d-883e-ccd9dc61c243"
        ],
        "Server": [
          "Microsoft-IIS/10.0"
        ],
        "X-AspNet-Version": [
          "4.0.30319"
        ],
        "X-Powered-By": [
          "ASP.NET"
        ],
        "x-ms-ratelimit-remaining-subscription-writes": [
          "1191"
        ],
        "x-ms-correlation-request-id": [
          "d1d4c316-c226-4f3d-883e-ccd9dc61c243"
        ],
        "x-ms-routing-request-id": [
          "SOUTHEASTASIA:20191023T121329Z:d1d4c316-c226-4f3d-883e-ccd9dc61c243"
        ],
        "Strict-Transport-Security": [
          "max-age=31536000; includeSubDomains"
        ],
        "X-Content-Type-Options": [
          "nosniff"
        ],
        "Date": [
          "Wed, 23 Oct 2019 12:13:29 GMT"
        ],
        "Content-Length": [
          "1814"
        ],
        "Content-Type": [
          "application/json; charset=utf-8"
        ],
        "Expires": [
          "-1"
        ]
      },
      "ResponseBody": "{\r\n  \"location\": \"global\",\r\n  \"type\": \"Microsoft.Insights/metricAlerts\",\r\n  \"name\": \"jmonitorma95e95772\",\r\n  \"id\": \"/subscriptions/1c638cf4-608f-4ee6-b680-c329e824c3a8/resourceGroups/jmonitor_71405031/providers/Microsoft.Insights/metricAlerts/jmonitorma95e95772\",\r\n  \"tags\": {},\r\n  \"properties\": {\r\n    \"description\": \"This alert rule is for U3 - Multiple resource, dynamic criteria\",\r\n    \"severity\": 3,\r\n    \"enabled\": true,\r\n    \"scopes\": [\r\n      \"/subscriptions/1c638cf4-608f-4ee6-b680-c329e824c3a8/resourceGroups/jmonitor_71405031/providers/Microsoft.Compute/virtualMachines/jmonitorvm1086717\",\r\n      \"/subscriptions/1c638cf4-608f-4ee6-b680-c329e824c3a8/resourceGroups/jmonitor_71405031/providers/Microsoft.Compute/virtualMachines/jmonitorvm297092a\"\r\n    ],\r\n    \"evaluationFrequency\": \"PT15M\",\r\n    \"windowSize\": \"PT15M\",\r\n    \"templateType\": 13,\r\n    \"templateSpecificParameters\": {\r\n      \"direction\": \"Up\",\r\n      \"sensitivity\": \"High\"\r\n    },\r\n    \"criteria\": {\r\n      \"allOf\": [\r\n        {\r\n          \"alertSensitivity\": \"High\",\r\n          \"failingPeriods\": {\r\n            \"numberOfEvaluationPeriods\": 4,\r\n            \"minFailingPeriodsToAlert\": 2\r\n          },\r\n          \"ignoreDataBefore\": \"2019-10-23T11:43:17.8306935Z\",\r\n          \"name\": \"Metric2\",\r\n          \"metricNamespace\": \"Microsoft.Compute/virtualMachines\",\r\n          \"metricName\": \"Percentage CPU\",\r\n          \"dimensions\": [],\r\n          \"operator\": \"GreaterThan\",\r\n          \"timeAggregation\": \"Average\",\r\n          \"criterionType\": \"DynamicThresholdCriterion\"\r\n        }\r\n      ],\r\n      \"odata.type\": \"Microsoft.Azure.Monitor.MultipleResourceMultipleMetricCriteria\"\r\n    },\r\n    \"autoMitigate\": true,\r\n    \"targetResourceType\": \"Microsoft.Compute/virtualMachines\",\r\n    \"targetResourceRegion\": \"eastus2\",\r\n    \"actions\": []\r\n  }\r\n}",
      "StatusCode": 200
    },
    {
      "RequestUri": "/subscriptions/1c638cf4-608f-4ee6-b680-c329e824c3a8/resourceGroups/jmonitor_71405031/providers/Microsoft.Insights/metricAlerts/jmonitorma95e95772?api-version=2018-03-01",
      "EncodedRequestUri": "L3N1YnNjcmlwdGlvbnMvMWM2MzhjZjQtNjA4Zi00ZWU2LWI2ODAtYzMyOWU4MjRjM2E4L3Jlc291cmNlR3JvdXBzL2ptb25pdG9yXzcxNDA1MDMxL3Byb3ZpZGVycy9NaWNyb3NvZnQuSW5zaWdodHMvbWV0cmljQWxlcnRzL2ptb25pdG9ybWE5NWU5NTc3Mj9hcGktdmVyc2lvbj0yMDE4LTAzLTAx",
      "RequestMethod": "GET",
      "RequestBody": "",
      "RequestHeaders": {
        "x-ms-client-request-id": [
          "4937649e-f270-4787-b348-27c7ba797ffd"
        ],
        "Accept-Language": [
          "en-US"
        ],
        "User-Agent": [
          "FxVersion/4.6.28008.01",
          "OSName/Windows",
          "OSVersion/Microsoft.Windows.10.0.18363.",
          "Microsoft.Azure.Management.Monitor.Fluent.MonitorManagementClient/1.0.0.61",
          "MacAddressHash/f198b50d7e3ef6510679efb9e4c9a1474fd2bf18cf1d6a2182c79b00464dbadd"
        ]
      },
      "ResponseHeaders": {
        "Cache-Control": [
          "no-cache"
        ],
        "Pragma": [
          "no-cache"
        ],
        "x-ms-request-id": [
          "4e7c3f6d-41db-49cb-be3e-68bd95db6934"
        ],
        "Server": [
          "Microsoft-IIS/10.0"
        ],
        "X-AspNet-Version": [
          "4.0.30319"
        ],
        "X-Powered-By": [
          "ASP.NET"
        ],
        "x-ms-ratelimit-remaining-subscription-reads": [
          "11981"
        ],
        "x-ms-correlation-request-id": [
          "4e7c3f6d-41db-49cb-be3e-68bd95db6934"
        ],
        "x-ms-routing-request-id": [
          "SOUTHEASTASIA:20191023T121317Z:4e7c3f6d-41db-49cb-be3e-68bd95db6934"
        ],
        "Strict-Transport-Security": [
          "max-age=31536000; includeSubDomains"
        ],
        "X-Content-Type-Options": [
          "nosniff"
        ],
        "Date": [
          "Wed, 23 Oct 2019 12:13:17 GMT"
        ],
        "Content-Length": [
          "1506"
        ],
        "Content-Type": [
          "application/json; charset=utf-8"
        ],
        "Expires": [
          "-1"
        ]
      },
      "ResponseBody": "{\r\n  \"location\": \"global\",\r\n  \"type\": \"Microsoft.Insights/metricAlerts\",\r\n  \"name\": \"jmonitorma95e95772\",\r\n  \"id\": \"/subscriptions/1c638cf4-608f-4ee6-b680-c329e824c3a8/resourceGroups/jmonitor_71405031/providers/Microsoft.Insights/metricAlerts/jmonitorma95e95772\",\r\n  \"tags\": {},\r\n  \"properties\": {\r\n    \"description\": \"This alert rule is for U3 - Multiple resource, static criteria\",\r\n    \"severity\": 3,\r\n    \"enabled\": true,\r\n    \"scopes\": [\r\n      \"/subscriptions/1c638cf4-608f-4ee6-b680-c329e824c3a8/resourceGroups/jmonitor_71405031/providers/Microsoft.Compute/virtualMachines/jmonitorvm1086717\",\r\n      \"/subscriptions/1c638cf4-608f-4ee6-b680-c329e824c3a8/resourceGroups/jmonitor_71405031/providers/Microsoft.Compute/virtualMachines/jmonitorvm297092a\"\r\n    ],\r\n    \"evaluationFrequency\": \"PT15M\",\r\n    \"windowSize\": \"PT15M\",\r\n    \"templateType\": 8,\r\n    \"criteria\": {\r\n      \"allOf\": [\r\n        {\r\n          \"threshold\": 80.0,\r\n          \"name\": \"Metric1\",\r\n          \"metricNamespace\": \"Microsoft.Compute/virtualMachines\",\r\n          \"metricName\": \"Percentage CPU\",\r\n          \"dimensions\": [],\r\n          \"operator\": \"GreaterThan\",\r\n          \"timeAggregation\": \"Average\",\r\n          \"criterionType\": \"StaticThresholdCriterion\"\r\n        }\r\n      ],\r\n      \"odata.type\": \"Microsoft.Azure.Monitor.MultipleResourceMultipleMetricCriteria\"\r\n    },\r\n    \"autoMitigate\": true,\r\n    \"targetResourceType\": \"Microsoft.Compute/virtualMachines\",\r\n    \"targetResourceRegion\": \"eastus2\",\r\n    \"actions\": []\r\n  }\r\n}",
      "StatusCode": 200
    },
    {
      "RequestUri": "/subscriptions/1c638cf4-608f-4ee6-b680-c329e824c3a8/resourceGroups/jmonitor_71405031/providers/Microsoft.Insights/metricAlerts/jmonitorma95e95772?api-version=2018-03-01",
      "EncodedRequestUri": "L3N1YnNjcmlwdGlvbnMvMWM2MzhjZjQtNjA4Zi00ZWU2LWI2ODAtYzMyOWU4MjRjM2E4L3Jlc291cmNlR3JvdXBzL2ptb25pdG9yXzcxNDA1MDMxL3Byb3ZpZGVycy9NaWNyb3NvZnQuSW5zaWdodHMvbWV0cmljQWxlcnRzL2ptb25pdG9ybWE5NWU5NTc3Mj9hcGktdmVyc2lvbj0yMDE4LTAzLTAx",
      "RequestMethod": "GET",
      "RequestBody": "",
      "RequestHeaders": {
        "x-ms-client-request-id": [
          "9513d18b-02ed-47a2-9702-25cda412dc70"
        ],
        "Accept-Language": [
          "en-US"
        ],
        "User-Agent": [
          "FxVersion/4.6.28008.01",
          "OSName/Windows",
          "OSVersion/Microsoft.Windows.10.0.18363.",
          "Microsoft.Azure.Management.Monitor.Fluent.MonitorManagementClient/1.0.0.61",
          "MacAddressHash/f198b50d7e3ef6510679efb9e4c9a1474fd2bf18cf1d6a2182c79b00464dbadd"
        ]
      },
      "ResponseHeaders": {
        "Cache-Control": [
          "no-cache"
        ],
        "Pragma": [
          "no-cache"
        ],
        "x-ms-request-id": [
          "a0131f89-8dbe-4b5c-84c4-ce9f69791305"
        ],
        "Server": [
          "Microsoft-IIS/10.0"
        ],
        "X-AspNet-Version": [
          "4.0.30319"
        ],
        "X-Powered-By": [
          "ASP.NET"
        ],
        "x-ms-ratelimit-remaining-subscription-reads": [
          "11980"
        ],
        "x-ms-correlation-request-id": [
          "a0131f89-8dbe-4b5c-84c4-ce9f69791305"
        ],
        "x-ms-routing-request-id": [
          "SOUTHEASTASIA:20191023T121329Z:a0131f89-8dbe-4b5c-84c4-ce9f69791305"
        ],
        "Strict-Transport-Security": [
          "max-age=31536000; includeSubDomains"
        ],
        "X-Content-Type-Options": [
          "nosniff"
        ],
        "Date": [
          "Wed, 23 Oct 2019 12:13:29 GMT"
        ],
        "Content-Length": [
          "1814"
        ],
        "Content-Type": [
          "application/json; charset=utf-8"
        ],
        "Expires": [
          "-1"
        ]
      },
      "ResponseBody": "{\r\n  \"location\": \"global\",\r\n  \"type\": \"Microsoft.Insights/metricAlerts\",\r\n  \"name\": \"jmonitorma95e95772\",\r\n  \"id\": \"/subscriptions/1c638cf4-608f-4ee6-b680-c329e824c3a8/resourceGroups/jmonitor_71405031/providers/Microsoft.Insights/metricAlerts/jmonitorma95e95772\",\r\n  \"tags\": {},\r\n  \"properties\": {\r\n    \"description\": \"This alert rule is for U3 - Multiple resource, dynamic criteria\",\r\n    \"severity\": 3,\r\n    \"enabled\": true,\r\n    \"scopes\": [\r\n      \"/subscriptions/1c638cf4-608f-4ee6-b680-c329e824c3a8/resourceGroups/jmonitor_71405031/providers/Microsoft.Compute/virtualMachines/jmonitorvm1086717\",\r\n      \"/subscriptions/1c638cf4-608f-4ee6-b680-c329e824c3a8/resourceGroups/jmonitor_71405031/providers/Microsoft.Compute/virtualMachines/jmonitorvm297092a\"\r\n    ],\r\n    \"evaluationFrequency\": \"PT15M\",\r\n    \"windowSize\": \"PT15M\",\r\n    \"templateType\": 13,\r\n    \"templateSpecificParameters\": {\r\n      \"direction\": \"Up\",\r\n      \"sensitivity\": \"High\"\r\n    },\r\n    \"criteria\": {\r\n      \"allOf\": [\r\n        {\r\n          \"alertSensitivity\": \"High\",\r\n          \"failingPeriods\": {\r\n            \"numberOfEvaluationPeriods\": 4,\r\n            \"minFailingPeriodsToAlert\": 2\r\n          },\r\n          \"ignoreDataBefore\": \"2019-10-23T11:43:17.8306935Z\",\r\n          \"name\": \"Metric2\",\r\n          \"metricNamespace\": \"Microsoft.Compute/virtualMachines\",\r\n          \"metricName\": \"Percentage CPU\",\r\n          \"dimensions\": [],\r\n          \"operator\": \"GreaterThan\",\r\n          \"timeAggregation\": \"Average\",\r\n          \"criterionType\": \"DynamicThresholdCriterion\"\r\n        }\r\n      ],\r\n      \"odata.type\": \"Microsoft.Azure.Monitor.MultipleResourceMultipleMetricCriteria\"\r\n    },\r\n    \"autoMitigate\": true,\r\n    \"targetResourceType\": \"Microsoft.Compute/virtualMachines\",\r\n    \"targetResourceRegion\": \"eastus2\",\r\n    \"actions\": []\r\n  }\r\n}",
      "StatusCode": 200
    },
    {
      "RequestUri": "/subscriptions/1c638cf4-608f-4ee6-b680-c329e824c3a8/resourceGroups/jmonitor_71405031/providers/Microsoft.Insights/metricAlerts/jmonitorma95e95772?api-version=2018-03-01",
      "EncodedRequestUri": "L3N1YnNjcmlwdGlvbnMvMWM2MzhjZjQtNjA4Zi00ZWU2LWI2ODAtYzMyOWU4MjRjM2E4L3Jlc291cmNlR3JvdXBzL2ptb25pdG9yXzcxNDA1MDMxL3Byb3ZpZGVycy9NaWNyb3NvZnQuSW5zaWdodHMvbWV0cmljQWxlcnRzL2ptb25pdG9ybWE5NWU5NTc3Mj9hcGktdmVyc2lvbj0yMDE4LTAzLTAx",
      "RequestMethod": "DELETE",
      "RequestBody": "",
      "RequestHeaders": {
        "x-ms-client-request-id": [
          "d603f78e-d4dc-4c42-9105-e5bde4875230"
        ],
        "Accept-Language": [
          "en-US"
        ],
        "User-Agent": [
          "FxVersion/4.6.28008.01",
          "OSName/Windows",
          "OSVersion/Microsoft.Windows.10.0.18363.",
          "Microsoft.Azure.Management.Monitor.Fluent.MonitorManagementClient/1.0.0.61",
          "MacAddressHash/f198b50d7e3ef6510679efb9e4c9a1474fd2bf18cf1d6a2182c79b00464dbadd"
        ]
      },
      "ResponseHeaders": {
        "Cache-Control": [
          "no-cache"
        ],
        "Pragma": [
          "no-cache"
        ],
        "x-ms-request-id": [
          "15e4ece7-0514-4c6c-b26b-948816979906"
        ],
        "Server": [
          "Microsoft-IIS/10.0"
        ],
        "X-AspNet-Version": [
          "4.0.30319"
        ],
        "X-Powered-By": [
          "ASP.NET"
        ],
        "x-ms-ratelimit-remaining-subscription-deletes": [
          "14999"
        ],
        "x-ms-correlation-request-id": [
          "15e4ece7-0514-4c6c-b26b-948816979906"
        ],
        "x-ms-routing-request-id": [
          "SOUTHEASTASIA:20191023T121338Z:15e4ece7-0514-4c6c-b26b-948816979906"
        ],
        "Strict-Transport-Security": [
          "max-age=31536000; includeSubDomains"
        ],
        "X-Content-Type-Options": [
          "nosniff"
        ],
        "Date": [
          "Wed, 23 Oct 2019 12:13:38 GMT"
        ],
        "Expires": [
          "-1"
        ],
        "Content-Length": [
          "0"
        ]
      },
      "ResponseBody": "",
      "StatusCode": 200
    },
    {
      "RequestUri": "/subscriptions/1c638cf4-608f-4ee6-b680-c329e824c3a8/resourcegroups/jmonitor_71405031?api-version=2019-08-01",
      "EncodedRequestUri": "L3N1YnNjcmlwdGlvbnMvMWM2MzhjZjQtNjA4Zi00ZWU2LWI2ODAtYzMyOWU4MjRjM2E4L3Jlc291cmNlZ3JvdXBzL2ptb25pdG9yXzcxNDA1MDMxP2FwaS12ZXJzaW9uPTIwMTktMDgtMDE=",
      "RequestMethod": "DELETE",
      "RequestBody": "",
      "RequestHeaders": {
        "x-ms-client-request-id": [
          "82b58a43-e3f2-478b-83f6-ce57f4f05a57"
        ],
        "Accept-Language": [
          "en-US"
        ],
        "User-Agent": [
          "FxVersion/4.6.28008.01",
          "OSName/Windows",
          "OSVersion/Microsoft.Windows.10.0.18363.",
          "Microsoft.Azure.Management.ResourceManager.Fluent.ResourceManagementClient/1.0.0.61",
          "MacAddressHash/f198b50d7e3ef6510679efb9e4c9a1474fd2bf18cf1d6a2182c79b00464dbadd"
        ]
      },
      "ResponseHeaders": {
        "Cache-Control": [
          "no-cache"
        ],
        "Pragma": [
          "no-cache"
        ],
        "Location": [
          "https://management.azure.com/subscriptions/1c638cf4-608f-4ee6-b680-c329e824c3a8/operationresults/eyJqb2JJZCI6IlJFU09VUkNFR1JPVVBERUxFVElPTkpPQi1KTU9OSVRPUjo1RjcxNDA1MDMxLUVBU1RVUzIiLCJqb2JMb2NhdGlvbiI6ImVhc3R1czIifQ?api-version=2019-08-01"
        ],
        "Retry-After": [
          "15"
        ],
        "x-ms-ratelimit-remaining-subscription-deletes": [
          "14998"
        ],
        "x-ms-request-id": [
          "e60c0651-04cb-49b4-af3f-6b1a0dde6060"
        ],
        "x-ms-correlation-request-id": [
          "e60c0651-04cb-49b4-af3f-6b1a0dde6060"
        ],
        "x-ms-routing-request-id": [
          "SOUTHEASTASIA:20191023T121344Z:e60c0651-04cb-49b4-af3f-6b1a0dde6060"
        ],
        "Strict-Transport-Security": [
          "max-age=31536000; includeSubDomains"
        ],
        "X-Content-Type-Options": [
          "nosniff"
        ],
        "Date": [
          "Wed, 23 Oct 2019 12:13:44 GMT"
        ],
        "Expires": [
          "-1"
        ],
        "Content-Length": [
          "0"
        ]
      },
      "ResponseBody": "",
      "StatusCode": 202
    }
  ],
  "Names": {
    "CanCRUDMultipleResourceMetricAlerts": [
      "jmonitor_71405031",
      "jmonitorma95e95772",
      "jmonitorvm1086717",
      "jmonitorvm297092a",
      "nic22514759ff3",
      "vnet57d66091204a",
      "vm66116225d5",
      "nic399719199e9",
      "vnet9e497109669c",
      "vm4bb230308c"
    ]
  },
  "Variables": {
    "ServicePrincipal": "af519bfa-99e8-4193-b65b-e6cd2f8bde7f",
    "AADTenant": "72f988bf-86f1-41af-91ab-2d7cd011db47",
    "SubscriptionId": "1c638cf4-608f-4ee6-b680-c329e824c3a8"
  }
}