{
  "Entries": [
    {
      "RequestUri": "/subscriptions/1c638cf4-608f-4ee6-b680-c329e824c3a8/resourcegroups/rgvmss-1267?api-version=2017-05-10",
      "EncodedRequestUri": "L3N1YnNjcmlwdGlvbnMvMWM2MzhjZjQtNjA4Zi00ZWU2LWI2ODAtYzMyOWU4MjRjM2E4L3Jlc291cmNlZ3JvdXBzL3Jndm1zcy0xMjY3P2FwaS12ZXJzaW9uPTIwMTctMDUtMTA=",
      "RequestMethod": "PUT",
      "RequestBody": "{\r\n  \"location\": \"eastus\"\r\n}",
      "RequestHeaders": {
        "x-ms-client-request-id": [
          "b9a36ac5-fcf5-4794-8ebb-f3be7cc7f11e"
        ],
        "accept-language": [
          "en-US"
        ],
        "User-Agent": [
          "FxVersion/4.6.26614.01",
          "OSName/Windows",
          "OSVersion/Microsoft.Windows.10.0.18362.",
          "Microsoft.Azure.Management.ResourceManager.Fluent.ResourceManagementClient/1.0.0.60",
          "MacAddressHash/e576395dc164e8ff527889e581ddd480e3ad9f4bd1e30c40b6a0ebc98fb3a2e7"
        ],
        "Content-Type": [
          "application/json; charset=utf-8"
        ],
        "Content-Length": [
          "28"
        ]
      },
      "ResponseHeaders": {
        "Cache-Control": [
          "no-cache"
        ],
        "Date": [
          "Mon, 12 Aug 2019 18:28:08 GMT"
        ],
        "Pragma": [
          "no-cache"
        ],
        "x-ms-ratelimit-remaining-subscription-writes": [
          "1193"
        ],
        "x-ms-request-id": [
          "7142a747-2081-4116-a33d-f69c7c405f44"
        ],
        "x-ms-correlation-request-id": [
          "7142a747-2081-4116-a33d-f69c7c405f44"
        ],
        "x-ms-routing-request-id": [
          "SOUTHEASTASIA:20190812T182808Z:7142a747-2081-4116-a33d-f69c7c405f44"
        ],
        "Strict-Transport-Security": [
          "max-age=31536000; includeSubDomains"
        ],
        "X-Content-Type-Options": [
          "nosniff"
        ],
        "Content-Length": [
          "175"
        ],
        "Content-Type": [
          "application/json; charset=utf-8"
        ],
        "Expires": [
          "-1"
        ]
      },
      "ResponseBody": "{\r\n  \"id\": \"/subscriptions/1c638cf4-608f-4ee6-b680-c329e824c3a8/resourceGroups/rgvmss-1267\",\r\n  \"name\": \"rgvmss-1267\",\r\n  \"location\": \"eastus\",\r\n  \"properties\": {\r\n    \"provisioningState\": \"Succeeded\"\r\n  }\r\n}",
      "StatusCode": 201
    },
    {
      "RequestUri": "/subscriptions/1c638cf4-608f-4ee6-b680-c329e824c3a8/resourceGroups/rgvmss-1267/providers/Microsoft.Network/virtualNetworks/vmssvnet?api-version=2019-06-01",
      "EncodedRequestUri": "L3N1YnNjcmlwdGlvbnMvMWM2MzhjZjQtNjA4Zi00ZWU2LWI2ODAtYzMyOWU4MjRjM2E4L3Jlc291cmNlR3JvdXBzL3Jndm1zcy0xMjY3L3Byb3ZpZGVycy9NaWNyb3NvZnQuTmV0d29yay92aXJ0dWFsTmV0d29ya3Mvdm1zc3ZuZXQ/YXBpLXZlcnNpb249MjAxOS0wNi0wMQ==",
      "RequestMethod": "PUT",
      "RequestBody": "{\r\n  \"properties\": {\r\n    \"addressSpace\": {\r\n      \"addressPrefixes\": [\r\n        \"10.0.0.0/28\"\r\n      ]\r\n    },\r\n    \"dhcpOptions\": {\r\n      \"dnsServers\": []\r\n    },\r\n    \"subnets\": [\r\n      {\r\n        \"properties\": {\r\n          \"addressPrefix\": \"10.0.0.0/28\"\r\n        },\r\n        \"name\": \"subnet1\"\r\n      }\r\n    ]\r\n  },\r\n  \"location\": \"eastus\",\r\n  \"tags\": {}\r\n}",
      "RequestHeaders": {
        "x-ms-client-request-id": [
          "97f515bd-9cdd-4fbb-b8ed-025752cfabd6"
        ],
        "accept-language": [
          "en-US"
        ],
        "User-Agent": [
          "FxVersion/4.6.26614.01",
          "OSName/Windows",
          "OSVersion/Microsoft.Windows.10.0.18362.",
          "Microsoft.Azure.Management.Network.Fluent.NetworkManagementClient/1.0.0.60",
          "MacAddressHash/e576395dc164e8ff527889e581ddd480e3ad9f4bd1e30c40b6a0ebc98fb3a2e7"
        ],
        "Content-Type": [
          "application/json; charset=utf-8"
        ],
        "Content-Length": [
          "362"
        ]
      },
      "ResponseHeaders": {
        "Cache-Control": [
          "no-cache"
        ],
        "Date": [
          "Mon, 12 Aug 2019 18:28:12 GMT"
        ],
        "Pragma": [
          "no-cache"
        ],
        "Retry-After": [
          "3"
        ],
        "Server": [
          "Microsoft-HTTPAPI/2.0",
          "Microsoft-HTTPAPI/2.0"
        ],
        "x-ms-request-id": [
          "5560e2c1-feee-41c9-b43a-a0ec3d97b3c2"
        ],
        "Azure-AsyncOperation": [
          "https://management.azure.com/subscriptions/1c638cf4-608f-4ee6-b680-c329e824c3a8/providers/Microsoft.Network/locations/eastus/operations/5560e2c1-feee-41c9-b43a-a0ec3d97b3c2?api-version=2019-06-01"
        ],
        "x-ms-correlation-request-id": [
          "0139e2cc-cda1-4b15-ac60-f26ea9444a2a"
        ],
        "x-ms-arm-service-request-id": [
          "fb68762a-fe91-4146-a5a3-8c0e1d49ea6f"
        ],
        "Strict-Transport-Security": [
          "max-age=31536000; includeSubDomains"
        ],
        "x-ms-ratelimit-remaining-subscription-writes": [
          "1197"
        ],
        "x-ms-routing-request-id": [
          "SOUTHEASTASIA:20190812T182812Z:0139e2cc-cda1-4b15-ac60-f26ea9444a2a"
        ],
        "X-Content-Type-Options": [
          "nosniff"
        ],
        "Content-Length": [
          "1318"
        ],
        "Content-Type": [
          "application/json; charset=utf-8"
        ],
        "Expires": [
          "-1"
        ]
      },
      "ResponseBody": "{\r\n  \"name\": \"vmssvnet\",\r\n  \"id\": \"/subscriptions/1c638cf4-608f-4ee6-b680-c329e824c3a8/resourceGroups/rgvmss-1267/providers/Microsoft.Network/virtualNetworks/vmssvnet\",\r\n  \"etag\": \"W/\\\"4e746b5a-cd86-4f8c-b4f7-a9198889ca74\\\"\",\r\n  \"type\": \"Microsoft.Network/virtualNetworks\",\r\n  \"location\": \"eastus\",\r\n  \"tags\": {},\r\n  \"properties\": {\r\n    \"provisioningState\": \"Updating\",\r\n    \"resourceGuid\": \"40b9a566-a074-4e80-b663-c38fb9629c4c\",\r\n    \"addressSpace\": {\r\n      \"addressPrefixes\": [\r\n        \"10.0.0.0/28\"\r\n      ]\r\n    },\r\n    \"dhcpOptions\": {\r\n      \"dnsServers\": []\r\n    },\r\n    \"subnets\": [\r\n      {\r\n        \"name\": \"subnet1\",\r\n        \"id\": \"/subscriptions/1c638cf4-608f-4ee6-b680-c329e824c3a8/resourceGroups/rgvmss-1267/providers/Microsoft.Network/virtualNetworks/vmssvnet/subnets/subnet1\",\r\n        \"etag\": \"W/\\\"4e746b5a-cd86-4f8c-b4f7-a9198889ca74\\\"\",\r\n        \"properties\": {\r\n          \"provisioningState\": \"Updating\",\r\n          \"addressPrefix\": \"10.0.0.0/28\",\r\n          \"delegations\": [],\r\n          \"privateEndpointNetworkPolicies\": \"Enabled\",\r\n          \"privateLinkServiceNetworkPolicies\": \"Enabled\"\r\n        },\r\n        \"type\": \"Microsoft.Network/virtualNetworks/subnets\"\r\n      }\r\n    ],\r\n    \"virtualNetworkPeerings\": [],\r\n    \"enableDdosProtection\": false,\r\n    \"enableVmProtection\": false\r\n  }\r\n}",
      "StatusCode": 201
    },
    {
      "RequestUri": "/subscriptions/1c638cf4-608f-4ee6-b680-c329e824c3a8/providers/Microsoft.Network/locations/eastus/operations/5560e2c1-feee-41c9-b43a-a0ec3d97b3c2?api-version=2019-06-01",
      "EncodedRequestUri": "L3N1YnNjcmlwdGlvbnMvMWM2MzhjZjQtNjA4Zi00ZWU2LWI2ODAtYzMyOWU4MjRjM2E4L3Byb3ZpZGVycy9NaWNyb3NvZnQuTmV0d29yay9sb2NhdGlvbnMvZWFzdHVzL29wZXJhdGlvbnMvNTU2MGUyYzEtZmVlZS00MWM5LWI0M2EtYTBlYzNkOTdiM2MyP2FwaS12ZXJzaW9uPTIwMTktMDYtMDE=",
      "RequestMethod": "GET",
      "RequestBody": "",
      "RequestHeaders": {
        "User-Agent": [
          "FxVersion/4.6.26614.01",
          "OSName/Windows",
          "OSVersion/Microsoft.Windows.10.0.18362.",
          "Microsoft.Azure.Management.Network.Fluent.NetworkManagementClient/1.0.0.60",
          "MacAddressHash/e576395dc164e8ff527889e581ddd480e3ad9f4bd1e30c40b6a0ebc98fb3a2e7"
        ]
      },
      "ResponseHeaders": {
        "Cache-Control": [
          "no-cache"
        ],
        "Date": [
          "Mon, 12 Aug 2019 18:28:16 GMT"
        ],
        "Pragma": [
          "no-cache"
        ],
        "Retry-After": [
          "10"
        ],
        "Server": [
          "Microsoft-HTTPAPI/2.0",
          "Microsoft-HTTPAPI/2.0"
        ],
        "x-ms-request-id": [
          "169377d0-1f93-41b5-91e4-95466c18f072"
        ],
        "x-ms-correlation-request-id": [
          "c869fe3f-c45b-4816-8be1-5188fd7c624e"
        ],
        "x-ms-arm-service-request-id": [
          "eda0bac6-4390-48ab-887a-df79c8db2bef"
        ],
        "Strict-Transport-Security": [
          "max-age=31536000; includeSubDomains"
        ],
        "x-ms-ratelimit-remaining-subscription-reads": [
          "11993"
        ],
        "x-ms-routing-request-id": [
          "SOUTHEASTASIA:20190812T182816Z:c869fe3f-c45b-4816-8be1-5188fd7c624e"
        ],
        "X-Content-Type-Options": [
          "nosniff"
        ],
        "Content-Length": [
          "30"
        ],
        "Content-Type": [
          "application/json; charset=utf-8"
        ],
        "Expires": [
          "-1"
        ]
      },
      "ResponseBody": "{\r\n  \"status\": \"InProgress\"\r\n}",
      "StatusCode": 200
    },
    {
      "RequestUri": "/subscriptions/1c638cf4-608f-4ee6-b680-c329e824c3a8/providers/Microsoft.Network/locations/eastus/operations/5560e2c1-feee-41c9-b43a-a0ec3d97b3c2?api-version=2019-06-01",
      "EncodedRequestUri": "L3N1YnNjcmlwdGlvbnMvMWM2MzhjZjQtNjA4Zi00ZWU2LWI2ODAtYzMyOWU4MjRjM2E4L3Byb3ZpZGVycy9NaWNyb3NvZnQuTmV0d29yay9sb2NhdGlvbnMvZWFzdHVzL29wZXJhdGlvbnMvNTU2MGUyYzEtZmVlZS00MWM5LWI0M2EtYTBlYzNkOTdiM2MyP2FwaS12ZXJzaW9uPTIwMTktMDYtMDE=",
      "RequestMethod": "GET",
      "RequestBody": "",
      "RequestHeaders": {
        "User-Agent": [
          "FxVersion/4.6.26614.01",
          "OSName/Windows",
          "OSVersion/Microsoft.Windows.10.0.18362.",
          "Microsoft.Azure.Management.Network.Fluent.NetworkManagementClient/1.0.0.60",
          "MacAddressHash/e576395dc164e8ff527889e581ddd480e3ad9f4bd1e30c40b6a0ebc98fb3a2e7"
        ]
      },
      "ResponseHeaders": {
        "Cache-Control": [
          "no-cache"
        ],
        "Date": [
          "Mon, 12 Aug 2019 18:28:26 GMT"
        ],
        "Pragma": [
          "no-cache"
        ],
        "Retry-After": [
          "10"
        ],
        "Server": [
          "Microsoft-HTTPAPI/2.0",
          "Microsoft-HTTPAPI/2.0"
        ],
        "x-ms-request-id": [
          "d2c4fe54-f8bb-48b1-8600-54108d52dc8d"
        ],
        "x-ms-correlation-request-id": [
          "985af2a9-e2d4-40d5-aa8f-037a8d0830d7"
        ],
        "x-ms-arm-service-request-id": [
          "565c3a25-1eba-4b7e-b79c-76dbdb0b77cd"
        ],
        "Strict-Transport-Security": [
          "max-age=31536000; includeSubDomains"
        ],
        "x-ms-ratelimit-remaining-subscription-reads": [
          "11992"
        ],
        "x-ms-routing-request-id": [
          "SOUTHEASTASIA:20190812T182827Z:985af2a9-e2d4-40d5-aa8f-037a8d0830d7"
        ],
        "X-Content-Type-Options": [
          "nosniff"
        ],
        "Content-Length": [
          "30"
        ],
        "Content-Type": [
          "application/json; charset=utf-8"
        ],
        "Expires": [
          "-1"
        ]
      },
      "ResponseBody": "{\r\n  \"status\": \"InProgress\"\r\n}",
      "StatusCode": 200
    },
    {
      "RequestUri": "/subscriptions/1c638cf4-608f-4ee6-b680-c329e824c3a8/providers/Microsoft.Network/locations/eastus/operations/5560e2c1-feee-41c9-b43a-a0ec3d97b3c2?api-version=2019-06-01",
      "EncodedRequestUri": "L3N1YnNjcmlwdGlvbnMvMWM2MzhjZjQtNjA4Zi00ZWU2LWI2ODAtYzMyOWU4MjRjM2E4L3Byb3ZpZGVycy9NaWNyb3NvZnQuTmV0d29yay9sb2NhdGlvbnMvZWFzdHVzL29wZXJhdGlvbnMvNTU2MGUyYzEtZmVlZS00MWM5LWI0M2EtYTBlYzNkOTdiM2MyP2FwaS12ZXJzaW9uPTIwMTktMDYtMDE=",
      "RequestMethod": "GET",
      "RequestBody": "",
      "RequestHeaders": {
        "User-Agent": [
          "FxVersion/4.6.26614.01",
          "OSName/Windows",
          "OSVersion/Microsoft.Windows.10.0.18362.",
          "Microsoft.Azure.Management.Network.Fluent.NetworkManagementClient/1.0.0.60",
          "MacAddressHash/e576395dc164e8ff527889e581ddd480e3ad9f4bd1e30c40b6a0ebc98fb3a2e7"
        ]
      },
      "ResponseHeaders": {
        "Cache-Control": [
          "no-cache"
        ],
        "Date": [
          "Mon, 12 Aug 2019 18:28:37 GMT"
        ],
        "Pragma": [
          "no-cache"
        ],
        "Retry-After": [
          "10"
        ],
        "Server": [
          "Microsoft-HTTPAPI/2.0",
          "Microsoft-HTTPAPI/2.0"
        ],
        "x-ms-request-id": [
          "41484c9e-e476-41be-aa81-2e9ad26ea1d7"
        ],
        "x-ms-correlation-request-id": [
          "d7e5b793-9a33-496b-bf7e-9c42653edb8e"
        ],
        "x-ms-arm-service-request-id": [
          "0fae00dc-0118-4df6-828f-88f45954f230"
        ],
        "Strict-Transport-Security": [
          "max-age=31536000; includeSubDomains"
        ],
        "x-ms-ratelimit-remaining-subscription-reads": [
          "11991"
        ],
        "x-ms-routing-request-id": [
          "SOUTHEASTASIA:20190812T182837Z:d7e5b793-9a33-496b-bf7e-9c42653edb8e"
        ],
        "X-Content-Type-Options": [
          "nosniff"
        ],
        "Content-Length": [
          "30"
        ],
        "Content-Type": [
          "application/json; charset=utf-8"
        ],
        "Expires": [
          "-1"
        ]
      },
      "ResponseBody": "{\r\n  \"status\": \"InProgress\"\r\n}",
      "StatusCode": 200
    },
    {
      "RequestUri": "/subscriptions/1c638cf4-608f-4ee6-b680-c329e824c3a8/providers/Microsoft.Network/locations/eastus/operations/5560e2c1-feee-41c9-b43a-a0ec3d97b3c2?api-version=2019-06-01",
      "EncodedRequestUri": "L3N1YnNjcmlwdGlvbnMvMWM2MzhjZjQtNjA4Zi00ZWU2LWI2ODAtYzMyOWU4MjRjM2E4L3Byb3ZpZGVycy9NaWNyb3NvZnQuTmV0d29yay9sb2NhdGlvbnMvZWFzdHVzL29wZXJhdGlvbnMvNTU2MGUyYzEtZmVlZS00MWM5LWI0M2EtYTBlYzNkOTdiM2MyP2FwaS12ZXJzaW9uPTIwMTktMDYtMDE=",
      "RequestMethod": "GET",
      "RequestBody": "",
      "RequestHeaders": {
        "User-Agent": [
          "FxVersion/4.6.26614.01",
          "OSName/Windows",
          "OSVersion/Microsoft.Windows.10.0.18362.",
          "Microsoft.Azure.Management.Network.Fluent.NetworkManagementClient/1.0.0.60",
          "MacAddressHash/e576395dc164e8ff527889e581ddd480e3ad9f4bd1e30c40b6a0ebc98fb3a2e7"
        ]
      },
      "ResponseHeaders": {
        "Cache-Control": [
          "no-cache"
        ],
        "Date": [
          "Mon, 12 Aug 2019 18:28:47 GMT"
        ],
        "Pragma": [
          "no-cache"
        ],
        "Retry-After": [
          "10"
        ],
        "Server": [
          "Microsoft-HTTPAPI/2.0",
          "Microsoft-HTTPAPI/2.0"
        ],
        "x-ms-request-id": [
          "e22e99e2-df56-48ac-b1b2-47afc227a977"
        ],
        "x-ms-correlation-request-id": [
          "356a8ac6-5bf4-4248-8937-82d8fc5d3031"
        ],
        "x-ms-arm-service-request-id": [
          "94a447da-60cb-402d-ab9b-405fb688428c"
        ],
        "Strict-Transport-Security": [
          "max-age=31536000; includeSubDomains"
        ],
        "x-ms-ratelimit-remaining-subscription-reads": [
          "11990"
        ],
        "x-ms-routing-request-id": [
          "SOUTHEASTASIA:20190812T182847Z:356a8ac6-5bf4-4248-8937-82d8fc5d3031"
        ],
        "X-Content-Type-Options": [
          "nosniff"
        ],
        "Content-Length": [
          "30"
        ],
        "Content-Type": [
          "application/json; charset=utf-8"
        ],
        "Expires": [
          "-1"
        ]
      },
      "ResponseBody": "{\r\n  \"status\": \"InProgress\"\r\n}",
      "StatusCode": 200
    },
    {
      "RequestUri": "/subscriptions/1c638cf4-608f-4ee6-b680-c329e824c3a8/providers/Microsoft.Network/locations/eastus/operations/5560e2c1-feee-41c9-b43a-a0ec3d97b3c2?api-version=2019-06-01",
      "EncodedRequestUri": "L3N1YnNjcmlwdGlvbnMvMWM2MzhjZjQtNjA4Zi00ZWU2LWI2ODAtYzMyOWU4MjRjM2E4L3Byb3ZpZGVycy9NaWNyb3NvZnQuTmV0d29yay9sb2NhdGlvbnMvZWFzdHVzL29wZXJhdGlvbnMvNTU2MGUyYzEtZmVlZS00MWM5LWI0M2EtYTBlYzNkOTdiM2MyP2FwaS12ZXJzaW9uPTIwMTktMDYtMDE=",
      "RequestMethod": "GET",
      "RequestBody": "",
      "RequestHeaders": {
        "User-Agent": [
          "FxVersion/4.6.26614.01",
          "OSName/Windows",
          "OSVersion/Microsoft.Windows.10.0.18362.",
          "Microsoft.Azure.Management.Network.Fluent.NetworkManagementClient/1.0.0.60",
          "MacAddressHash/e576395dc164e8ff527889e581ddd480e3ad9f4bd1e30c40b6a0ebc98fb3a2e7"
        ]
      },
      "ResponseHeaders": {
        "Cache-Control": [
          "no-cache"
        ],
        "Date": [
          "Mon, 12 Aug 2019 18:28:57 GMT"
        ],
        "Pragma": [
          "no-cache"
        ],
        "Retry-After": [
          "10"
        ],
        "Server": [
          "Microsoft-HTTPAPI/2.0",
          "Microsoft-HTTPAPI/2.0"
        ],
        "x-ms-request-id": [
          "c9ff20f0-6599-4061-9a1b-c8a800370f34"
        ],
        "x-ms-correlation-request-id": [
          "8d291e71-292d-4b49-8306-3415e2f3ee51"
        ],
        "x-ms-arm-service-request-id": [
          "76b700ce-3282-49b9-8016-405403c0481a"
        ],
        "Strict-Transport-Security": [
          "max-age=31536000; includeSubDomains"
        ],
        "x-ms-ratelimit-remaining-subscription-reads": [
          "11989"
        ],
        "x-ms-routing-request-id": [
          "SOUTHEASTASIA:20190812T182858Z:8d291e71-292d-4b49-8306-3415e2f3ee51"
        ],
        "X-Content-Type-Options": [
          "nosniff"
        ],
        "Content-Length": [
          "30"
        ],
        "Content-Type": [
          "application/json; charset=utf-8"
        ],
        "Expires": [
          "-1"
        ]
      },
      "ResponseBody": "{\r\n  \"status\": \"InProgress\"\r\n}",
      "StatusCode": 200
    },
    {
      "RequestUri": "/subscriptions/1c638cf4-608f-4ee6-b680-c329e824c3a8/providers/Microsoft.Network/locations/eastus/operations/5560e2c1-feee-41c9-b43a-a0ec3d97b3c2?api-version=2019-06-01",
      "EncodedRequestUri": "L3N1YnNjcmlwdGlvbnMvMWM2MzhjZjQtNjA4Zi00ZWU2LWI2ODAtYzMyOWU4MjRjM2E4L3Byb3ZpZGVycy9NaWNyb3NvZnQuTmV0d29yay9sb2NhdGlvbnMvZWFzdHVzL29wZXJhdGlvbnMvNTU2MGUyYzEtZmVlZS00MWM5LWI0M2EtYTBlYzNkOTdiM2MyP2FwaS12ZXJzaW9uPTIwMTktMDYtMDE=",
      "RequestMethod": "GET",
      "RequestBody": "",
      "RequestHeaders": {
        "User-Agent": [
          "FxVersion/4.6.26614.01",
          "OSName/Windows",
          "OSVersion/Microsoft.Windows.10.0.18362.",
          "Microsoft.Azure.Management.Network.Fluent.NetworkManagementClient/1.0.0.60",
          "MacAddressHash/e576395dc164e8ff527889e581ddd480e3ad9f4bd1e30c40b6a0ebc98fb3a2e7"
        ]
      },
      "ResponseHeaders": {
        "Cache-Control": [
          "no-cache"
        ],
        "Date": [
          "Mon, 12 Aug 2019 18:29:08 GMT"
        ],
        "Pragma": [
          "no-cache"
        ],
        "Server": [
          "Microsoft-HTTPAPI/2.0",
          "Microsoft-HTTPAPI/2.0"
        ],
        "x-ms-request-id": [
          "c8c41c9a-baab-4a18-8700-16336e0bdf1c"
        ],
        "x-ms-correlation-request-id": [
          "5fd04e4c-0d6e-43c3-9968-e4a884230e97"
        ],
        "x-ms-arm-service-request-id": [
          "889cf7cb-2ee5-49f5-a5e0-ed306f98bf69"
        ],
        "Strict-Transport-Security": [
          "max-age=31536000; includeSubDomains"
        ],
        "x-ms-ratelimit-remaining-subscription-reads": [
          "11988"
        ],
        "x-ms-routing-request-id": [
          "SOUTHEASTASIA:20190812T182908Z:5fd04e4c-0d6e-43c3-9968-e4a884230e97"
        ],
        "X-Content-Type-Options": [
          "nosniff"
        ],
        "Content-Length": [
          "29"
        ],
        "Content-Type": [
          "application/json; charset=utf-8"
        ],
        "Expires": [
          "-1"
        ]
      },
      "ResponseBody": "{\r\n  \"status\": \"Succeeded\"\r\n}",
      "StatusCode": 200
    },
    {
      "RequestUri": "/subscriptions/1c638cf4-608f-4ee6-b680-c329e824c3a8/resourceGroups/rgvmss-1267/providers/Microsoft.Network/virtualNetworks/vmssvnet?api-version=2019-06-01",
      "EncodedRequestUri": "L3N1YnNjcmlwdGlvbnMvMWM2MzhjZjQtNjA4Zi00ZWU2LWI2ODAtYzMyOWU4MjRjM2E4L3Jlc291cmNlR3JvdXBzL3Jndm1zcy0xMjY3L3Byb3ZpZGVycy9NaWNyb3NvZnQuTmV0d29yay92aXJ0dWFsTmV0d29ya3Mvdm1zc3ZuZXQ/YXBpLXZlcnNpb249MjAxOS0wNi0wMQ==",
      "RequestMethod": "GET",
      "RequestBody": "",
      "RequestHeaders": {
        "User-Agent": [
          "FxVersion/4.6.26614.01",
          "OSName/Windows",
          "OSVersion/Microsoft.Windows.10.0.18362.",
          "Microsoft.Azure.Management.Network.Fluent.NetworkManagementClient/1.0.0.60",
          "MacAddressHash/e576395dc164e8ff527889e581ddd480e3ad9f4bd1e30c40b6a0ebc98fb3a2e7"
        ]
      },
      "ResponseHeaders": {
        "Cache-Control": [
          "no-cache"
        ],
        "Date": [
          "Mon, 12 Aug 2019 18:29:08 GMT"
        ],
        "Pragma": [
          "no-cache"
        ],
        "ETag": [
          "W/\"2eca4468-952b-4d37-a422-f0b82e0f0c8f\""
        ],
        "Server": [
          "Microsoft-HTTPAPI/2.0",
          "Microsoft-HTTPAPI/2.0"
        ],
        "x-ms-request-id": [
          "54ce97c7-fbe3-4702-9977-77e629634c87"
        ],
        "x-ms-correlation-request-id": [
          "2ca817c0-93ba-48d4-9b41-258ea1f40f28"
        ],
        "x-ms-arm-service-request-id": [
          "139263d0-be47-49db-b4e3-cc2963697867"
        ],
        "Strict-Transport-Security": [
          "max-age=31536000; includeSubDomains"
        ],
        "x-ms-ratelimit-remaining-subscription-reads": [
          "11987"
        ],
        "x-ms-routing-request-id": [
          "SOUTHEASTASIA:20190812T182908Z:2ca817c0-93ba-48d4-9b41-258ea1f40f28"
        ],
        "X-Content-Type-Options": [
          "nosniff"
        ],
        "Content-Length": [
          "1320"
        ],
        "Content-Type": [
          "application/json; charset=utf-8"
        ],
        "Expires": [
          "-1"
        ]
      },
      "ResponseBody": "{\r\n  \"name\": \"vmssvnet\",\r\n  \"id\": \"/subscriptions/1c638cf4-608f-4ee6-b680-c329e824c3a8/resourceGroups/rgvmss-1267/providers/Microsoft.Network/virtualNetworks/vmssvnet\",\r\n  \"etag\": \"W/\\\"2eca4468-952b-4d37-a422-f0b82e0f0c8f\\\"\",\r\n  \"type\": \"Microsoft.Network/virtualNetworks\",\r\n  \"location\": \"eastus\",\r\n  \"tags\": {},\r\n  \"properties\": {\r\n    \"provisioningState\": \"Succeeded\",\r\n    \"resourceGuid\": \"40b9a566-a074-4e80-b663-c38fb9629c4c\",\r\n    \"addressSpace\": {\r\n      \"addressPrefixes\": [\r\n        \"10.0.0.0/28\"\r\n      ]\r\n    },\r\n    \"dhcpOptions\": {\r\n      \"dnsServers\": []\r\n    },\r\n    \"subnets\": [\r\n      {\r\n        \"name\": \"subnet1\",\r\n        \"id\": \"/subscriptions/1c638cf4-608f-4ee6-b680-c329e824c3a8/resourceGroups/rgvmss-1267/providers/Microsoft.Network/virtualNetworks/vmssvnet/subnets/subnet1\",\r\n        \"etag\": \"W/\\\"2eca4468-952b-4d37-a422-f0b82e0f0c8f\\\"\",\r\n        \"properties\": {\r\n          \"provisioningState\": \"Succeeded\",\r\n          \"addressPrefix\": \"10.0.0.0/28\",\r\n          \"delegations\": [],\r\n          \"privateEndpointNetworkPolicies\": \"Enabled\",\r\n          \"privateLinkServiceNetworkPolicies\": \"Enabled\"\r\n        },\r\n        \"type\": \"Microsoft.Network/virtualNetworks/subnets\"\r\n      }\r\n    ],\r\n    \"virtualNetworkPeerings\": [],\r\n    \"enableDdosProtection\": false,\r\n    \"enableVmProtection\": false\r\n  }\r\n}",
      "StatusCode": 200
    },
    {
      "RequestUri": "/subscriptions/1c638cf4-608f-4ee6-b680-c329e824c3a8/resourceGroups/rgvmss-1267/providers/Microsoft.Network/publicIPAddresses/pip-extlb1-3940?api-version=2019-06-01",
      "EncodedRequestUri": "L3N1YnNjcmlwdGlvbnMvMWM2MzhjZjQtNjA4Zi00ZWU2LWI2ODAtYzMyOWU4MjRjM2E4L3Jlc291cmNlR3JvdXBzL3Jndm1zcy0xMjY3L3Byb3ZpZGVycy9NaWNyb3NvZnQuTmV0d29yay9wdWJsaWNJUEFkZHJlc3Nlcy9waXAtZXh0bGIxLTM5NDA/YXBpLXZlcnNpb249MjAxOS0wNi0wMQ==",
      "RequestMethod": "PUT",
      "RequestBody": "{\r\n  \"sku\": {\r\n    \"name\": \"Basic\"\r\n  },\r\n  \"properties\": {\r\n    \"publicIPAllocationMethod\": \"Static\",\r\n    \"dnsSettings\": {\r\n      \"domainNameLabel\": \"pip-extlb1-3940\"\r\n    }\r\n  },\r\n  \"location\": \"eastus\",\r\n  \"tags\": {}\r\n}",
      "RequestHeaders": {
        "x-ms-client-request-id": [
          "3bd09559-f376-4555-a179-977e795fad79"
        ],
        "accept-language": [
          "en-US"
        ],
        "User-Agent": [
          "FxVersion/4.6.26614.01",
          "OSName/Windows",
          "OSVersion/Microsoft.Windows.10.0.18362.",
          "Microsoft.Azure.Management.Network.Fluent.NetworkManagementClient/1.0.0.60",
          "MacAddressHash/e576395dc164e8ff527889e581ddd480e3ad9f4bd1e30c40b6a0ebc98fb3a2e7"
        ],
        "Content-Type": [
          "application/json; charset=utf-8"
        ],
        "Content-Length": [
          "223"
        ]
      },
      "ResponseHeaders": {
        "Cache-Control": [
          "no-cache"
        ],
        "Date": [
          "Mon, 12 Aug 2019 18:29:11 GMT"
        ],
        "Pragma": [
          "no-cache"
        ],
        "Retry-After": [
          "1"
        ],
        "Server": [
          "Microsoft-HTTPAPI/2.0",
          "Microsoft-HTTPAPI/2.0"
        ],
        "x-ms-request-id": [
          "58892ef6-8eff-4772-83cd-2aee87611748"
        ],
        "Azure-AsyncOperation": [
          "https://management.azure.com/subscriptions/1c638cf4-608f-4ee6-b680-c329e824c3a8/providers/Microsoft.Network/locations/eastus/operations/58892ef6-8eff-4772-83cd-2aee87611748?api-version=2019-06-01"
        ],
        "x-ms-correlation-request-id": [
          "30ebe0e8-94bb-4b9f-948d-b4deacfb2bca"
        ],
        "x-ms-arm-service-request-id": [
          "80e16ecd-9ad1-4dfd-bfd5-60f6cc701bf9"
        ],
        "Strict-Transport-Security": [
          "max-age=31536000; includeSubDomains"
        ],
        "x-ms-ratelimit-remaining-subscription-writes": [
          "1194"
        ],
        "x-ms-routing-request-id": [
          "SOUTHEASTASIA:20190812T182912Z:30ebe0e8-94bb-4b9f-948d-b4deacfb2bca"
        ],
        "X-Content-Type-Options": [
          "nosniff"
        ],
        "Content-Length": [
          "787"
        ],
        "Content-Type": [
          "application/json; charset=utf-8"
        ],
        "Expires": [
          "-1"
        ]
      },
      "ResponseBody": "{\r\n  \"name\": \"pip-extlb1-3940\",\r\n  \"id\": \"/subscriptions/1c638cf4-608f-4ee6-b680-c329e824c3a8/resourceGroups/rgvmss-1267/providers/Microsoft.Network/publicIPAddresses/pip-extlb1-3940\",\r\n  \"etag\": \"W/\\\"5f1aeab4-9edb-4481-81fa-8197780c134c\\\"\",\r\n  \"location\": \"eastus\",\r\n  \"tags\": {},\r\n  \"properties\": {\r\n    \"provisioningState\": \"Updating\",\r\n    \"resourceGuid\": \"8384a020-530e-4bae-83a1-f4e1b3f056b6\",\r\n    \"publicIPAddressVersion\": \"IPv4\",\r\n    \"publicIPAllocationMethod\": \"Static\",\r\n    \"idleTimeoutInMinutes\": 4,\r\n    \"dnsSettings\": {\r\n      \"domainNameLabel\": \"pip-extlb1-3940\",\r\n      \"fqdn\": \"pip-extlb1-3940.eastus.cloudapp.azure.com\"\r\n    },\r\n    \"ipTags\": []\r\n  },\r\n  \"type\": \"Microsoft.Network/publicIPAddresses\",\r\n  \"sku\": {\r\n    \"name\": \"Basic\",\r\n    \"tier\": \"Regional\"\r\n  }\r\n}",
      "StatusCode": 201
    },
    {
      "RequestUri": "/subscriptions/1c638cf4-608f-4ee6-b680-c329e824c3a8/providers/Microsoft.Network/locations/eastus/operations/58892ef6-8eff-4772-83cd-2aee87611748?api-version=2019-06-01",
      "EncodedRequestUri": "L3N1YnNjcmlwdGlvbnMvMWM2MzhjZjQtNjA4Zi00ZWU2LWI2ODAtYzMyOWU4MjRjM2E4L3Byb3ZpZGVycy9NaWNyb3NvZnQuTmV0d29yay9sb2NhdGlvbnMvZWFzdHVzL29wZXJhdGlvbnMvNTg4OTJlZjYtOGVmZi00NzcyLTgzY2QtMmFlZTg3NjExNzQ4P2FwaS12ZXJzaW9uPTIwMTktMDYtMDE=",
      "RequestMethod": "GET",
      "RequestBody": "",
      "RequestHeaders": {
        "User-Agent": [
          "FxVersion/4.6.26614.01",
          "OSName/Windows",
          "OSVersion/Microsoft.Windows.10.0.18362.",
          "Microsoft.Azure.Management.Network.Fluent.NetworkManagementClient/1.0.0.60",
          "MacAddressHash/e576395dc164e8ff527889e581ddd480e3ad9f4bd1e30c40b6a0ebc98fb3a2e7"
        ]
      },
      "ResponseHeaders": {
        "Cache-Control": [
          "no-cache"
        ],
        "Date": [
          "Mon, 12 Aug 2019 18:29:13 GMT"
        ],
        "Pragma": [
          "no-cache"
        ],
        "Server": [
          "Microsoft-HTTPAPI/2.0",
          "Microsoft-HTTPAPI/2.0"
        ],
        "x-ms-request-id": [
          "94eb7346-bac7-4507-87dc-85dcd5a64c6e"
        ],
        "x-ms-correlation-request-id": [
          "28eca3ab-07f6-4175-bc70-6965752b43bb"
        ],
        "x-ms-arm-service-request-id": [
          "3a4eebac-3b33-44a2-8413-38067123583d"
        ],
        "Strict-Transport-Security": [
          "max-age=31536000; includeSubDomains"
        ],
        "x-ms-ratelimit-remaining-subscription-reads": [
          "11952"
        ],
        "x-ms-routing-request-id": [
          "SOUTHEASTASIA:20190812T182914Z:28eca3ab-07f6-4175-bc70-6965752b43bb"
        ],
        "X-Content-Type-Options": [
          "nosniff"
        ],
        "Content-Length": [
          "29"
        ],
        "Content-Type": [
          "application/json; charset=utf-8"
        ],
        "Expires": [
          "-1"
        ]
      },
      "ResponseBody": "{\r\n  \"status\": \"Succeeded\"\r\n}",
      "StatusCode": 200
    },
    {
      "RequestUri": "/subscriptions/1c638cf4-608f-4ee6-b680-c329e824c3a8/resourceGroups/rgvmss-1267/providers/Microsoft.Network/publicIPAddresses/pip-extlb1-3940?api-version=2019-06-01",
      "EncodedRequestUri": "L3N1YnNjcmlwdGlvbnMvMWM2MzhjZjQtNjA4Zi00ZWU2LWI2ODAtYzMyOWU4MjRjM2E4L3Jlc291cmNlR3JvdXBzL3Jndm1zcy0xMjY3L3Byb3ZpZGVycy9NaWNyb3NvZnQuTmV0d29yay9wdWJsaWNJUEFkZHJlc3Nlcy9waXAtZXh0bGIxLTM5NDA/YXBpLXZlcnNpb249MjAxOS0wNi0wMQ==",
      "RequestMethod": "GET",
      "RequestBody": "",
      "RequestHeaders": {
        "User-Agent": [
          "FxVersion/4.6.26614.01",
          "OSName/Windows",
          "OSVersion/Microsoft.Windows.10.0.18362.",
          "Microsoft.Azure.Management.Network.Fluent.NetworkManagementClient/1.0.0.60",
          "MacAddressHash/e576395dc164e8ff527889e581ddd480e3ad9f4bd1e30c40b6a0ebc98fb3a2e7"
        ]
      },
      "ResponseHeaders": {
        "Cache-Control": [
          "no-cache"
        ],
        "Date": [
          "Mon, 12 Aug 2019 18:29:15 GMT"
        ],
        "Pragma": [
          "no-cache"
        ],
        "ETag": [
          "W/\"f69ae02a-642d-4b7a-a9f8-d4a5275ac96c\""
        ],
        "Server": [
          "Microsoft-HTTPAPI/2.0",
          "Microsoft-HTTPAPI/2.0"
        ],
        "x-ms-request-id": [
          "135baa47-35c3-4a1f-a664-a03b6a9b2cf9"
        ],
        "x-ms-correlation-request-id": [
          "d4dda3a4-b202-492e-966a-275ee442583c"
        ],
        "x-ms-arm-service-request-id": [
          "f41f27c3-9a7d-4306-aa57-989e94bcba6b"
        ],
        "Strict-Transport-Security": [
          "max-age=31536000; includeSubDomains"
        ],
        "x-ms-ratelimit-remaining-subscription-reads": [
          "11951"
        ],
        "x-ms-routing-request-id": [
          "SOUTHEASTASIA:20190812T182915Z:d4dda3a4-b202-492e-966a-275ee442583c"
        ],
        "X-Content-Type-Options": [
          "nosniff"
        ],
        "Content-Length": [
          "822"
        ],
        "Content-Type": [
          "application/json; charset=utf-8"
        ],
        "Expires": [
          "-1"
        ]
      },
      "ResponseBody": "{\r\n  \"name\": \"pip-extlb1-3940\",\r\n  \"id\": \"/subscriptions/1c638cf4-608f-4ee6-b680-c329e824c3a8/resourceGroups/rgvmss-1267/providers/Microsoft.Network/publicIPAddresses/pip-extlb1-3940\",\r\n  \"etag\": \"W/\\\"f69ae02a-642d-4b7a-a9f8-d4a5275ac96c\\\"\",\r\n  \"location\": \"eastus\",\r\n  \"tags\": {},\r\n  \"properties\": {\r\n    \"provisioningState\": \"Succeeded\",\r\n    \"resourceGuid\": \"8384a020-530e-4bae-83a1-f4e1b3f056b6\",\r\n    \"ipAddress\": \"23.96.82.132\",\r\n    \"publicIPAddressVersion\": \"IPv4\",\r\n    \"publicIPAllocationMethod\": \"Static\",\r\n    \"idleTimeoutInMinutes\": 4,\r\n    \"dnsSettings\": {\r\n      \"domainNameLabel\": \"pip-extlb1-3940\",\r\n      \"fqdn\": \"pip-extlb1-3940.eastus.cloudapp.azure.com\"\r\n    },\r\n    \"ipTags\": []\r\n  },\r\n  \"type\": \"Microsoft.Network/publicIPAddresses\",\r\n  \"sku\": {\r\n    \"name\": \"Basic\",\r\n    \"tier\": \"Regional\"\r\n  }\r\n}",
      "StatusCode": 200
    },
    {
      "RequestUri": "/subscriptions/1c638cf4-608f-4ee6-b680-c329e824c3a8/resourceGroups/rgvmss-1267/providers/Microsoft.Network/loadBalancers/extlb1-3940?api-version=2019-06-01",
      "EncodedRequestUri": "L3N1YnNjcmlwdGlvbnMvMWM2MzhjZjQtNjA4Zi00ZWU2LWI2ODAtYzMyOWU4MjRjM2E4L3Jlc291cmNlR3JvdXBzL3Jndm1zcy0xMjY3L3Byb3ZpZGVycy9NaWNyb3NvZnQuTmV0d29yay9sb2FkQmFsYW5jZXJzL2V4dGxiMS0zOTQwP2FwaS12ZXJzaW9uPTIwMTktMDYtMDE=",
      "RequestMethod": "PUT",
      "RequestBody": "{\r\n  \"sku\": {\r\n    \"name\": \"Basic\"\r\n  },\r\n  \"properties\": {\r\n    \"frontendIPConfigurations\": [\r\n      {\r\n        \"properties\": {\r\n          \"publicIPAddress\": {\r\n            \"id\": \"/subscriptions/1c638cf4-608f-4ee6-b680-c329e824c3a8/resourceGroups/rgvmss-1267/providers/Microsoft.Network/publicIPAddresses/pip-extlb1-3940\"\r\n          }\r\n        },\r\n        \"name\": \"extlb1-3940-FE1\"\r\n      }\r\n    ],\r\n    \"backendAddressPools\": [\r\n      {\r\n        \"name\": \"extlb1-3940-BAP1\"\r\n      },\r\n      {\r\n        \"name\": \"extlb1-3940-BAP2\"\r\n      }\r\n    ],\r\n    \"loadBalancingRules\": [\r\n      {\r\n        \"properties\": {\r\n          \"frontendIPConfiguration\": {\r\n            \"id\": \"/subscriptions/1c638cf4-608f-4ee6-b680-c329e824c3a8/resourceGroups/rgvmss-1267/providers/Microsoft.Network/loadBalancers/extlb1-3940/frontendIPConfigurations/extlb1-3940-FE1\"\r\n          },\r\n          \"backendAddressPool\": {\r\n            \"id\": \"/subscriptions/1c638cf4-608f-4ee6-b680-c329e824c3a8/resourceGroups/rgvmss-1267/providers/Microsoft.Network/loadBalancers/extlb1-3940/backendAddressPools/extlb1-3940-BAP1\"\r\n          },\r\n          \"probe\": {\r\n            \"id\": \"/subscriptions/1c638cf4-608f-4ee6-b680-c329e824c3a8/resourceGroups/rgvmss-1267/providers/Microsoft.Network/loadBalancers/extlb1-3940/probes/httpProbe\"\r\n          },\r\n          \"protocol\": \"Tcp\",\r\n          \"frontendPort\": 80,\r\n          \"backendPort\": 80\r\n        },\r\n        \"name\": \"httpRule\"\r\n      },\r\n      {\r\n        \"properties\": {\r\n          \"frontendIPConfiguration\": {\r\n            \"id\": \"/subscriptions/1c638cf4-608f-4ee6-b680-c329e824c3a8/resourceGroups/rgvmss-1267/providers/Microsoft.Network/loadBalancers/extlb1-3940/frontendIPConfigurations/extlb1-3940-FE1\"\r\n          },\r\n          \"backendAddressPool\": {\r\n            \"id\": \"/subscriptions/1c638cf4-608f-4ee6-b680-c329e824c3a8/resourceGroups/rgvmss-1267/providers/Microsoft.Network/loadBalancers/extlb1-3940/backendAddressPools/extlb1-3940-BAP2\"\r\n          },\r\n          \"probe\": {\r\n            \"id\": \"/subscriptions/1c638cf4-608f-4ee6-b680-c329e824c3a8/resourceGroups/rgvmss-1267/providers/Microsoft.Network/loadBalancers/extlb1-3940/probes/httpsProbe\"\r\n          },\r\n          \"protocol\": \"Tcp\",\r\n          \"frontendPort\": 443,\r\n          \"backendPort\": 443\r\n        },\r\n        \"name\": \"httpsRule\"\r\n      }\r\n    ],\r\n    \"probes\": [\r\n      {\r\n        \"properties\": {\r\n          \"protocol\": \"Http\",\r\n          \"port\": 80,\r\n          \"requestPath\": \"/\"\r\n        },\r\n        \"name\": \"httpProbe\"\r\n      },\r\n      {\r\n        \"properties\": {\r\n          \"protocol\": \"Http\",\r\n          \"port\": 80,\r\n          \"requestPath\": \"/\"\r\n        },\r\n        \"name\": \"httpsProbe\"\r\n      }\r\n    ],\r\n    \"inboundNatRules\": [],\r\n    \"inboundNatPools\": [\r\n      {\r\n        \"properties\": {\r\n          \"frontendIPConfiguration\": {\r\n            \"id\": \"/subscriptions/1c638cf4-608f-4ee6-b680-c329e824c3a8/resourceGroups/rgvmss-1267/providers/Microsoft.Network/loadBalancers/extlb1-3940/frontendIPConfigurations/extlb1-3940-FE1\"\r\n          },\r\n          \"protocol\": \"Tcp\",\r\n          \"frontendPortRangeStart\": 5000,\r\n          \"frontendPortRangeEnd\": 5099,\r\n          \"backendPort\": 22\r\n        },\r\n        \"name\": \"extlb1-3940-INP1\"\r\n      },\r\n      {\r\n        \"properties\": {\r\n          \"frontendIPConfiguration\": {\r\n            \"id\": \"/subscriptions/1c638cf4-608f-4ee6-b680-c329e824c3a8/resourceGroups/rgvmss-1267/providers/Microsoft.Network/loadBalancers/extlb1-3940/frontendIPConfigurations/extlb1-3940-FE1\"\r\n          },\r\n          \"protocol\": \"Tcp\",\r\n          \"frontendPortRangeStart\": 6000,\r\n          \"frontendPortRangeEnd\": 6099,\r\n          \"backendPort\": 23\r\n        },\r\n        \"name\": \"extlb1-3940-INP2\"\r\n      }\r\n    ]\r\n  },\r\n  \"location\": \"eastus\",\r\n  \"tags\": {}\r\n}",
      "RequestHeaders": {
        "x-ms-client-request-id": [
          "642075ae-7eb5-425b-96c1-696c8b454dc8"
        ],
        "accept-language": [
          "en-US"
        ],
        "User-Agent": [
          "FxVersion/4.6.26614.01",
          "OSName/Windows",
          "OSVersion/Microsoft.Windows.10.0.18362.",
          "Microsoft.Azure.Management.Network.Fluent.NetworkManagementClient/1.0.0.60",
          "MacAddressHash/e576395dc164e8ff527889e581ddd480e3ad9f4bd1e30c40b6a0ebc98fb3a2e7"
        ],
        "Content-Type": [
          "application/json; charset=utf-8"
        ],
        "Content-Length": [
          "3765"
        ]
      },
      "ResponseHeaders": {
        "Cache-Control": [
          "no-cache"
        ],
        "Date": [
          "Mon, 12 Aug 2019 18:29:17 GMT"
        ],
        "Pragma": [
          "no-cache"
        ],
        "Server": [
          "Microsoft-HTTPAPI/2.0",
          "Microsoft-HTTPAPI/2.0"
        ],
        "x-ms-request-id": [
          "fc02e072-b487-4ec5-ba45-dc3d3f612156"
        ],
        "Azure-AsyncOperation": [
          "https://management.azure.com/subscriptions/1c638cf4-608f-4ee6-b680-c329e824c3a8/providers/Microsoft.Network/locations/eastus/operations/fc02e072-b487-4ec5-ba45-dc3d3f612156?api-version=2019-06-01"
        ],
        "x-ms-correlation-request-id": [
          "61010e31-ae56-4856-9a7c-3dc7bf6d20d8"
        ],
        "x-ms-arm-service-request-id": [
          "21fe9902-2bc0-4186-b8ec-56e15a826e35"
        ],
        "Strict-Transport-Security": [
          "max-age=31536000; includeSubDomains"
        ],
        "x-ms-ratelimit-remaining-subscription-writes": [
          "1193"
        ],
        "x-ms-routing-request-id": [
          "SOUTHEASTASIA:20190812T182917Z:61010e31-ae56-4856-9a7c-3dc7bf6d20d8"
        ],
        "X-Content-Type-Options": [
          "nosniff"
        ],
        "Content-Length": [
          "10640"
        ],
        "Content-Type": [
          "application/json; charset=utf-8"
        ],
        "Expires": [
          "-1"
        ]
      },
      "ResponseBody": "{\r\n  \"name\": \"extlb1-3940\",\r\n  \"id\": \"/subscriptions/1c638cf4-608f-4ee6-b680-c329e824c3a8/resourceGroups/rgvmss-1267/providers/Microsoft.Network/loadBalancers/extlb1-3940\",\r\n  \"etag\": \"W/\\\"5224c33b-dce2-4656-89d3-a37205f6e950\\\"\",\r\n  \"type\": \"Microsoft.Network/loadBalancers\",\r\n  \"location\": \"eastus\",\r\n  \"tags\": {},\r\n  \"properties\": {\r\n    \"provisioningState\": \"Succeeded\",\r\n    \"resourceGuid\": \"36598cc5-3b9d-4c09-a505-36e59489e5b6\",\r\n    \"frontendIPConfigurations\": [\r\n      {\r\n        \"name\": \"extlb1-3940-FE1\",\r\n        \"id\": \"/subscriptions/1c638cf4-608f-4ee6-b680-c329e824c3a8/resourceGroups/rgvmss-1267/providers/Microsoft.Network/loadBalancers/extlb1-3940/frontendIPConfigurations/extlb1-3940-FE1\",\r\n        \"etag\": \"W/\\\"5224c33b-dce2-4656-89d3-a37205f6e950\\\"\",\r\n        \"type\": \"Microsoft.Network/loadBalancers/frontendIPConfigurations\",\r\n        \"properties\": {\r\n          \"provisioningState\": \"Succeeded\",\r\n          \"privateIPAllocationMethod\": \"Dynamic\",\r\n          \"publicIPAddress\": {\r\n            \"id\": \"/subscriptions/1c638cf4-608f-4ee6-b680-c329e824c3a8/resourceGroups/rgvmss-1267/providers/Microsoft.Network/publicIPAddresses/pip-extlb1-3940\"\r\n          },\r\n          \"loadBalancingRules\": [\r\n            {\r\n              \"id\": \"/subscriptions/1c638cf4-608f-4ee6-b680-c329e824c3a8/resourceGroups/rgvmss-1267/providers/Microsoft.Network/loadBalancers/extlb1-3940/loadBalancingRules/httpRule\"\r\n            },\r\n            {\r\n              \"id\": \"/subscriptions/1c638cf4-608f-4ee6-b680-c329e824c3a8/resourceGroups/rgvmss-1267/providers/Microsoft.Network/loadBalancers/extlb1-3940/loadBalancingRules/httpsRule\"\r\n            }\r\n          ],\r\n          \"inboundNatPools\": [\r\n            {\r\n              \"id\": \"/subscriptions/1c638cf4-608f-4ee6-b680-c329e824c3a8/resourceGroups/rgvmss-1267/providers/Microsoft.Network/loadBalancers/extlb1-3940/inboundNatPools/extlb1-3940-INP1\"\r\n            },\r\n            {\r\n              \"id\": \"/subscriptions/1c638cf4-608f-4ee6-b680-c329e824c3a8/resourceGroups/rgvmss-1267/providers/Microsoft.Network/loadBalancers/extlb1-3940/inboundNatPools/extlb1-3940-INP2\"\r\n            }\r\n          ],\r\n          \"privateIPAddressVersion\": \"IPv4\"\r\n        }\r\n      }\r\n    ],\r\n    \"backendAddressPools\": [\r\n      {\r\n        \"name\": \"extlb1-3940-BAP1\",\r\n        \"id\": \"/subscriptions/1c638cf4-608f-4ee6-b680-c329e824c3a8/resourceGroups/rgvmss-1267/providers/Microsoft.Network/loadBalancers/extlb1-3940/backendAddressPools/extlb1-3940-BAP1\",\r\n        \"etag\": \"W/\\\"5224c33b-dce2-4656-89d3-a37205f6e950\\\"\",\r\n        \"properties\": {\r\n          \"provisioningState\": \"Succeeded\",\r\n          \"loadBalancingRules\": [\r\n            {\r\n              \"id\": \"/subscriptions/1c638cf4-608f-4ee6-b680-c329e824c3a8/resourceGroups/rgvmss-1267/providers/Microsoft.Network/loadBalancers/extlb1-3940/loadBalancingRules/httpRule\"\r\n            }\r\n          ]\r\n        },\r\n        \"type\": \"Microsoft.Network/loadBalancers/backendAddressPools\"\r\n      },\r\n      {\r\n        \"name\": \"extlb1-3940-BAP2\",\r\n        \"id\": \"/subscriptions/1c638cf4-608f-4ee6-b680-c329e824c3a8/resourceGroups/rgvmss-1267/providers/Microsoft.Network/loadBalancers/extlb1-3940/backendAddressPools/extlb1-3940-BAP2\",\r\n        \"etag\": \"W/\\\"5224c33b-dce2-4656-89d3-a37205f6e950\\\"\",\r\n        \"properties\": {\r\n          \"provisioningState\": \"Succeeded\",\r\n          \"loadBalancingRules\": [\r\n            {\r\n              \"id\": \"/subscriptions/1c638cf4-608f-4ee6-b680-c329e824c3a8/resourceGroups/rgvmss-1267/providers/Microsoft.Network/loadBalancers/extlb1-3940/loadBalancingRules/httpsRule\"\r\n            }\r\n          ]\r\n        },\r\n        \"type\": \"Microsoft.Network/loadBalancers/backendAddressPools\"\r\n      }\r\n    ],\r\n    \"loadBalancingRules\": [\r\n      {\r\n        \"name\": \"httpRule\",\r\n        \"id\": \"/subscriptions/1c638cf4-608f-4ee6-b680-c329e824c3a8/resourceGroups/rgvmss-1267/providers/Microsoft.Network/loadBalancers/extlb1-3940/loadBalancingRules/httpRule\",\r\n        \"etag\": \"W/\\\"5224c33b-dce2-4656-89d3-a37205f6e950\\\"\",\r\n        \"type\": \"Microsoft.Network/loadBalancers/loadBalancingRules\",\r\n        \"properties\": {\r\n          \"provisioningState\": \"Succeeded\",\r\n          \"frontendIPConfiguration\": {\r\n            \"id\": \"/subscriptions/1c638cf4-608f-4ee6-b680-c329e824c3a8/resourceGroups/rgvmss-1267/providers/Microsoft.Network/loadBalancers/extlb1-3940/frontendIPConfigurations/extlb1-3940-FE1\"\r\n          },\r\n          \"frontendPort\": 80,\r\n          \"backendPort\": 80,\r\n          \"enableFloatingIP\": false,\r\n          \"idleTimeoutInMinutes\": 4,\r\n          \"protocol\": \"Tcp\",\r\n          \"enableDestinationServiceEndpoint\": false,\r\n          \"enableTcpReset\": false,\r\n          \"allowBackendPortConflict\": false,\r\n          \"loadDistribution\": \"Default\",\r\n          \"backendAddressPool\": {\r\n            \"id\": \"/subscriptions/1c638cf4-608f-4ee6-b680-c329e824c3a8/resourceGroups/rgvmss-1267/providers/Microsoft.Network/loadBalancers/extlb1-3940/backendAddressPools/extlb1-3940-BAP1\"\r\n          },\r\n          \"probe\": {\r\n            \"id\": \"/subscriptions/1c638cf4-608f-4ee6-b680-c329e824c3a8/resourceGroups/rgvmss-1267/providers/Microsoft.Network/loadBalancers/extlb1-3940/probes/httpProbe\"\r\n          }\r\n        }\r\n      },\r\n      {\r\n        \"name\": \"httpsRule\",\r\n        \"id\": \"/subscriptions/1c638cf4-608f-4ee6-b680-c329e824c3a8/resourceGroups/rgvmss-1267/providers/Microsoft.Network/loadBalancers/extlb1-3940/loadBalancingRules/httpsRule\",\r\n        \"etag\": \"W/\\\"5224c33b-dce2-4656-89d3-a37205f6e950\\\"\",\r\n        \"type\": \"Microsoft.Network/loadBalancers/loadBalancingRules\",\r\n        \"properties\": {\r\n          \"provisioningState\": \"Succeeded\",\r\n          \"frontendIPConfiguration\": {\r\n            \"id\": \"/subscriptions/1c638cf4-608f-4ee6-b680-c329e824c3a8/resourceGroups/rgvmss-1267/providers/Microsoft.Network/loadBalancers/extlb1-3940/frontendIPConfigurations/extlb1-3940-FE1\"\r\n          },\r\n          \"frontendPort\": 443,\r\n          \"backendPort\": 443,\r\n          \"enableFloatingIP\": false,\r\n          \"idleTimeoutInMinutes\": 4,\r\n          \"protocol\": \"Tcp\",\r\n          \"enableDestinationServiceEndpoint\": false,\r\n          \"enableTcpReset\": false,\r\n          \"allowBackendPortConflict\": false,\r\n          \"loadDistribution\": \"Default\",\r\n          \"backendAddressPool\": {\r\n            \"id\": \"/subscriptions/1c638cf4-608f-4ee6-b680-c329e824c3a8/resourceGroups/rgvmss-1267/providers/Microsoft.Network/loadBalancers/extlb1-3940/backendAddressPools/extlb1-3940-BAP2\"\r\n          },\r\n          \"probe\": {\r\n            \"id\": \"/subscriptions/1c638cf4-608f-4ee6-b680-c329e824c3a8/resourceGroups/rgvmss-1267/providers/Microsoft.Network/loadBalancers/extlb1-3940/probes/httpsProbe\"\r\n          }\r\n        }\r\n      }\r\n    ],\r\n    \"probes\": [\r\n      {\r\n        \"name\": \"httpProbe\",\r\n        \"id\": \"/subscriptions/1c638cf4-608f-4ee6-b680-c329e824c3a8/resourceGroups/rgvmss-1267/providers/Microsoft.Network/loadBalancers/extlb1-3940/probes/httpProbe\",\r\n        \"etag\": \"W/\\\"5224c33b-dce2-4656-89d3-a37205f6e950\\\"\",\r\n        \"properties\": {\r\n          \"provisioningState\": \"Succeeded\",\r\n          \"protocol\": \"Http\",\r\n          \"port\": 80,\r\n          \"requestPath\": \"/\",\r\n          \"intervalInSeconds\": 15,\r\n          \"numberOfProbes\": 2,\r\n          \"loadBalancingRules\": [\r\n            {\r\n              \"id\": \"/subscriptions/1c638cf4-608f-4ee6-b680-c329e824c3a8/resourceGroups/rgvmss-1267/providers/Microsoft.Network/loadBalancers/extlb1-3940/loadBalancingRules/httpRule\"\r\n            }\r\n          ]\r\n        },\r\n        \"type\": \"Microsoft.Network/loadBalancers/probes\"\r\n      },\r\n      {\r\n        \"name\": \"httpsProbe\",\r\n        \"id\": \"/subscriptions/1c638cf4-608f-4ee6-b680-c329e824c3a8/resourceGroups/rgvmss-1267/providers/Microsoft.Network/loadBalancers/extlb1-3940/probes/httpsProbe\",\r\n        \"etag\": \"W/\\\"5224c33b-dce2-4656-89d3-a37205f6e950\\\"\",\r\n        \"properties\": {\r\n          \"provisioningState\": \"Succeeded\",\r\n          \"protocol\": \"Http\",\r\n          \"port\": 80,\r\n          \"requestPath\": \"/\",\r\n          \"intervalInSeconds\": 15,\r\n          \"numberOfProbes\": 2,\r\n          \"loadBalancingRules\": [\r\n            {\r\n              \"id\": \"/subscriptions/1c638cf4-608f-4ee6-b680-c329e824c3a8/resourceGroups/rgvmss-1267/providers/Microsoft.Network/loadBalancers/extlb1-3940/loadBalancingRules/httpsRule\"\r\n            }\r\n          ]\r\n        },\r\n        \"type\": \"Microsoft.Network/loadBalancers/probes\"\r\n      }\r\n    ],\r\n    \"inboundNatRules\": [],\r\n    \"inboundNatPools\": [\r\n      {\r\n        \"name\": \"extlb1-3940-INP1\",\r\n        \"id\": \"/subscriptions/1c638cf4-608f-4ee6-b680-c329e824c3a8/resourceGroups/rgvmss-1267/providers/Microsoft.Network/loadBalancers/extlb1-3940/inboundNatPools/extlb1-3940-INP1\",\r\n        \"etag\": \"W/\\\"5224c33b-dce2-4656-89d3-a37205f6e950\\\"\",\r\n        \"properties\": {\r\n          \"provisioningState\": \"Succeeded\",\r\n          \"frontendPortRangeStart\": 5000,\r\n          \"frontendPortRangeEnd\": 5099,\r\n          \"backendPort\": 22,\r\n          \"protocol\": \"Tcp\",\r\n          \"idleTimeoutInMinutes\": 4,\r\n          \"enableFloatingIP\": false,\r\n          \"enableDestinationServiceEndpoint\": false,\r\n          \"enableTcpReset\": false,\r\n          \"allowBackendPortConflict\": false,\r\n          \"frontendIPConfiguration\": {\r\n            \"id\": \"/subscriptions/1c638cf4-608f-4ee6-b680-c329e824c3a8/resourceGroups/rgvmss-1267/providers/Microsoft.Network/loadBalancers/extlb1-3940/frontendIPConfigurations/extlb1-3940-FE1\"\r\n          }\r\n        },\r\n        \"type\": \"Microsoft.Network/loadBalancers/inboundNatPools\"\r\n      },\r\n      {\r\n        \"name\": \"extlb1-3940-INP2\",\r\n        \"id\": \"/subscriptions/1c638cf4-608f-4ee6-b680-c329e824c3a8/resourceGroups/rgvmss-1267/providers/Microsoft.Network/loadBalancers/extlb1-3940/inboundNatPools/extlb1-3940-INP2\",\r\n        \"etag\": \"W/\\\"5224c33b-dce2-4656-89d3-a37205f6e950\\\"\",\r\n        \"properties\": {\r\n          \"provisioningState\": \"Succeeded\",\r\n          \"frontendPortRangeStart\": 6000,\r\n          \"frontendPortRangeEnd\": 6099,\r\n          \"backendPort\": 23,\r\n          \"protocol\": \"Tcp\",\r\n          \"idleTimeoutInMinutes\": 4,\r\n          \"enableFloatingIP\": false,\r\n          \"enableDestinationServiceEndpoint\": false,\r\n          \"enableTcpReset\": false,\r\n          \"allowBackendPortConflict\": false,\r\n          \"frontendIPConfiguration\": {\r\n            \"id\": \"/subscriptions/1c638cf4-608f-4ee6-b680-c329e824c3a8/resourceGroups/rgvmss-1267/providers/Microsoft.Network/loadBalancers/extlb1-3940/frontendIPConfigurations/extlb1-3940-FE1\"\r\n          }\r\n        },\r\n        \"type\": \"Microsoft.Network/loadBalancers/inboundNatPools\"\r\n      }\r\n    ]\r\n  },\r\n  \"sku\": {\r\n    \"name\": \"Basic\",\r\n    \"tier\": \"Regional\"\r\n  }\r\n}",
      "StatusCode": 201
    },
    {
      "RequestUri": "/subscriptions/1c638cf4-608f-4ee6-b680-c329e824c3a8/resourceGroups/rgvmss-1267/providers/Microsoft.Network/loadBalancers/extlb1-3940?api-version=2019-06-01",
      "EncodedRequestUri": "L3N1YnNjcmlwdGlvbnMvMWM2MzhjZjQtNjA4Zi00ZWU2LWI2ODAtYzMyOWU4MjRjM2E4L3Jlc291cmNlR3JvdXBzL3Jndm1zcy0xMjY3L3Byb3ZpZGVycy9NaWNyb3NvZnQuTmV0d29yay9sb2FkQmFsYW5jZXJzL2V4dGxiMS0zOTQwP2FwaS12ZXJzaW9uPTIwMTktMDYtMDE=",
      "RequestMethod": "GET",
      "RequestBody": "",
      "RequestHeaders": {
        "User-Agent": [
          "FxVersion/4.6.26614.01",
          "OSName/Windows",
          "OSVersion/Microsoft.Windows.10.0.18362.",
          "Microsoft.Azure.Management.Network.Fluent.NetworkManagementClient/1.0.0.60",
          "MacAddressHash/e576395dc164e8ff527889e581ddd480e3ad9f4bd1e30c40b6a0ebc98fb3a2e7"
        ]
      },
      "ResponseHeaders": {
        "Cache-Control": [
          "no-cache"
        ],
        "Date": [
          "Mon, 12 Aug 2019 18:29:17 GMT"
        ],
        "Pragma": [
          "no-cache"
        ],
        "ETag": [
          "W/\"5224c33b-dce2-4656-89d3-a37205f6e950\""
        ],
        "Server": [
          "Microsoft-HTTPAPI/2.0",
          "Microsoft-HTTPAPI/2.0"
        ],
        "x-ms-request-id": [
          "5094c9b6-5bac-4f70-b759-204a9875660d"
        ],
        "x-ms-correlation-request-id": [
          "48310251-58f6-44ed-a353-579b1e9716d0"
        ],
        "x-ms-arm-service-request-id": [
          "e30ed60e-d2da-45a8-840d-388df6ca862f"
        ],
        "Strict-Transport-Security": [
          "max-age=31536000; includeSubDomains"
        ],
        "x-ms-ratelimit-remaining-subscription-reads": [
          "11950"
        ],
        "x-ms-routing-request-id": [
          "SOUTHEASTASIA:20190812T182917Z:48310251-58f6-44ed-a353-579b1e9716d0"
        ],
        "X-Content-Type-Options": [
          "nosniff"
        ],
        "Content-Length": [
          "10640"
        ],
        "Content-Type": [
          "application/json; charset=utf-8"
        ],
        "Expires": [
          "-1"
        ]
      },
      "ResponseBody": "{\r\n  \"name\": \"extlb1-3940\",\r\n  \"id\": \"/subscriptions/1c638cf4-608f-4ee6-b680-c329e824c3a8/resourceGroups/rgvmss-1267/providers/Microsoft.Network/loadBalancers/extlb1-3940\",\r\n  \"etag\": \"W/\\\"5224c33b-dce2-4656-89d3-a37205f6e950\\\"\",\r\n  \"type\": \"Microsoft.Network/loadBalancers\",\r\n  \"location\": \"eastus\",\r\n  \"tags\": {},\r\n  \"properties\": {\r\n    \"provisioningState\": \"Succeeded\",\r\n    \"resourceGuid\": \"36598cc5-3b9d-4c09-a505-36e59489e5b6\",\r\n    \"frontendIPConfigurations\": [\r\n      {\r\n        \"name\": \"extlb1-3940-FE1\",\r\n        \"id\": \"/subscriptions/1c638cf4-608f-4ee6-b680-c329e824c3a8/resourceGroups/rgvmss-1267/providers/Microsoft.Network/loadBalancers/extlb1-3940/frontendIPConfigurations/extlb1-3940-FE1\",\r\n        \"etag\": \"W/\\\"5224c33b-dce2-4656-89d3-a37205f6e950\\\"\",\r\n        \"type\": \"Microsoft.Network/loadBalancers/frontendIPConfigurations\",\r\n        \"properties\": {\r\n          \"provisioningState\": \"Succeeded\",\r\n          \"privateIPAllocationMethod\": \"Dynamic\",\r\n          \"publicIPAddress\": {\r\n            \"id\": \"/subscriptions/1c638cf4-608f-4ee6-b680-c329e824c3a8/resourceGroups/rgvmss-1267/providers/Microsoft.Network/publicIPAddresses/pip-extlb1-3940\"\r\n          },\r\n          \"loadBalancingRules\": [\r\n            {\r\n              \"id\": \"/subscriptions/1c638cf4-608f-4ee6-b680-c329e824c3a8/resourceGroups/rgvmss-1267/providers/Microsoft.Network/loadBalancers/extlb1-3940/loadBalancingRules/httpRule\"\r\n            },\r\n            {\r\n              \"id\": \"/subscriptions/1c638cf4-608f-4ee6-b680-c329e824c3a8/resourceGroups/rgvmss-1267/providers/Microsoft.Network/loadBalancers/extlb1-3940/loadBalancingRules/httpsRule\"\r\n            }\r\n          ],\r\n          \"inboundNatPools\": [\r\n            {\r\n              \"id\": \"/subscriptions/1c638cf4-608f-4ee6-b680-c329e824c3a8/resourceGroups/rgvmss-1267/providers/Microsoft.Network/loadBalancers/extlb1-3940/inboundNatPools/extlb1-3940-INP1\"\r\n            },\r\n            {\r\n              \"id\": \"/subscriptions/1c638cf4-608f-4ee6-b680-c329e824c3a8/resourceGroups/rgvmss-1267/providers/Microsoft.Network/loadBalancers/extlb1-3940/inboundNatPools/extlb1-3940-INP2\"\r\n            }\r\n          ],\r\n          \"privateIPAddressVersion\": \"IPv4\"\r\n        }\r\n      }\r\n    ],\r\n    \"backendAddressPools\": [\r\n      {\r\n        \"name\": \"extlb1-3940-BAP1\",\r\n        \"id\": \"/subscriptions/1c638cf4-608f-4ee6-b680-c329e824c3a8/resourceGroups/rgvmss-1267/providers/Microsoft.Network/loadBalancers/extlb1-3940/backendAddressPools/extlb1-3940-BAP1\",\r\n        \"etag\": \"W/\\\"5224c33b-dce2-4656-89d3-a37205f6e950\\\"\",\r\n        \"properties\": {\r\n          \"provisioningState\": \"Succeeded\",\r\n          \"loadBalancingRules\": [\r\n            {\r\n              \"id\": \"/subscriptions/1c638cf4-608f-4ee6-b680-c329e824c3a8/resourceGroups/rgvmss-1267/providers/Microsoft.Network/loadBalancers/extlb1-3940/loadBalancingRules/httpRule\"\r\n            }\r\n          ]\r\n        },\r\n        \"type\": \"Microsoft.Network/loadBalancers/backendAddressPools\"\r\n      },\r\n      {\r\n        \"name\": \"extlb1-3940-BAP2\",\r\n        \"id\": \"/subscriptions/1c638cf4-608f-4ee6-b680-c329e824c3a8/resourceGroups/rgvmss-1267/providers/Microsoft.Network/loadBalancers/extlb1-3940/backendAddressPools/extlb1-3940-BAP2\",\r\n        \"etag\": \"W/\\\"5224c33b-dce2-4656-89d3-a37205f6e950\\\"\",\r\n        \"properties\": {\r\n          \"provisioningState\": \"Succeeded\",\r\n          \"loadBalancingRules\": [\r\n            {\r\n              \"id\": \"/subscriptions/1c638cf4-608f-4ee6-b680-c329e824c3a8/resourceGroups/rgvmss-1267/providers/Microsoft.Network/loadBalancers/extlb1-3940/loadBalancingRules/httpsRule\"\r\n            }\r\n          ]\r\n        },\r\n        \"type\": \"Microsoft.Network/loadBalancers/backendAddressPools\"\r\n      }\r\n    ],\r\n    \"loadBalancingRules\": [\r\n      {\r\n        \"name\": \"httpRule\",\r\n        \"id\": \"/subscriptions/1c638cf4-608f-4ee6-b680-c329e824c3a8/resourceGroups/rgvmss-1267/providers/Microsoft.Network/loadBalancers/extlb1-3940/loadBalancingRules/httpRule\",\r\n        \"etag\": \"W/\\\"5224c33b-dce2-4656-89d3-a37205f6e950\\\"\",\r\n        \"type\": \"Microsoft.Network/loadBalancers/loadBalancingRules\",\r\n        \"properties\": {\r\n          \"provisioningState\": \"Succeeded\",\r\n          \"frontendIPConfiguration\": {\r\n            \"id\": \"/subscriptions/1c638cf4-608f-4ee6-b680-c329e824c3a8/resourceGroups/rgvmss-1267/providers/Microsoft.Network/loadBalancers/extlb1-3940/frontendIPConfigurations/extlb1-3940-FE1\"\r\n          },\r\n          \"frontendPort\": 80,\r\n          \"backendPort\": 80,\r\n          \"enableFloatingIP\": false,\r\n          \"idleTimeoutInMinutes\": 4,\r\n          \"protocol\": \"Tcp\",\r\n          \"enableDestinationServiceEndpoint\": false,\r\n          \"enableTcpReset\": false,\r\n          \"allowBackendPortConflict\": false,\r\n          \"loadDistribution\": \"Default\",\r\n          \"backendAddressPool\": {\r\n            \"id\": \"/subscriptions/1c638cf4-608f-4ee6-b680-c329e824c3a8/resourceGroups/rgvmss-1267/providers/Microsoft.Network/loadBalancers/extlb1-3940/backendAddressPools/extlb1-3940-BAP1\"\r\n          },\r\n          \"probe\": {\r\n            \"id\": \"/subscriptions/1c638cf4-608f-4ee6-b680-c329e824c3a8/resourceGroups/rgvmss-1267/providers/Microsoft.Network/loadBalancers/extlb1-3940/probes/httpProbe\"\r\n          }\r\n        }\r\n      },\r\n      {\r\n        \"name\": \"httpsRule\",\r\n        \"id\": \"/subscriptions/1c638cf4-608f-4ee6-b680-c329e824c3a8/resourceGroups/rgvmss-1267/providers/Microsoft.Network/loadBalancers/extlb1-3940/loadBalancingRules/httpsRule\",\r\n        \"etag\": \"W/\\\"5224c33b-dce2-4656-89d3-a37205f6e950\\\"\",\r\n        \"type\": \"Microsoft.Network/loadBalancers/loadBalancingRules\",\r\n        \"properties\": {\r\n          \"provisioningState\": \"Succeeded\",\r\n          \"frontendIPConfiguration\": {\r\n            \"id\": \"/subscriptions/1c638cf4-608f-4ee6-b680-c329e824c3a8/resourceGroups/rgvmss-1267/providers/Microsoft.Network/loadBalancers/extlb1-3940/frontendIPConfigurations/extlb1-3940-FE1\"\r\n          },\r\n          \"frontendPort\": 443,\r\n          \"backendPort\": 443,\r\n          \"enableFloatingIP\": false,\r\n          \"idleTimeoutInMinutes\": 4,\r\n          \"protocol\": \"Tcp\",\r\n          \"enableDestinationServiceEndpoint\": false,\r\n          \"enableTcpReset\": false,\r\n          \"allowBackendPortConflict\": false,\r\n          \"loadDistribution\": \"Default\",\r\n          \"backendAddressPool\": {\r\n            \"id\": \"/subscriptions/1c638cf4-608f-4ee6-b680-c329e824c3a8/resourceGroups/rgvmss-1267/providers/Microsoft.Network/loadBalancers/extlb1-3940/backendAddressPools/extlb1-3940-BAP2\"\r\n          },\r\n          \"probe\": {\r\n            \"id\": \"/subscriptions/1c638cf4-608f-4ee6-b680-c329e824c3a8/resourceGroups/rgvmss-1267/providers/Microsoft.Network/loadBalancers/extlb1-3940/probes/httpsProbe\"\r\n          }\r\n        }\r\n      }\r\n    ],\r\n    \"probes\": [\r\n      {\r\n        \"name\": \"httpProbe\",\r\n        \"id\": \"/subscriptions/1c638cf4-608f-4ee6-b680-c329e824c3a8/resourceGroups/rgvmss-1267/providers/Microsoft.Network/loadBalancers/extlb1-3940/probes/httpProbe\",\r\n        \"etag\": \"W/\\\"5224c33b-dce2-4656-89d3-a37205f6e950\\\"\",\r\n        \"properties\": {\r\n          \"provisioningState\": \"Succeeded\",\r\n          \"protocol\": \"Http\",\r\n          \"port\": 80,\r\n          \"requestPath\": \"/\",\r\n          \"intervalInSeconds\": 15,\r\n          \"numberOfProbes\": 2,\r\n          \"loadBalancingRules\": [\r\n            {\r\n              \"id\": \"/subscriptions/1c638cf4-608f-4ee6-b680-c329e824c3a8/resourceGroups/rgvmss-1267/providers/Microsoft.Network/loadBalancers/extlb1-3940/loadBalancingRules/httpRule\"\r\n            }\r\n          ]\r\n        },\r\n        \"type\": \"Microsoft.Network/loadBalancers/probes\"\r\n      },\r\n      {\r\n        \"name\": \"httpsProbe\",\r\n        \"id\": \"/subscriptions/1c638cf4-608f-4ee6-b680-c329e824c3a8/resourceGroups/rgvmss-1267/providers/Microsoft.Network/loadBalancers/extlb1-3940/probes/httpsProbe\",\r\n        \"etag\": \"W/\\\"5224c33b-dce2-4656-89d3-a37205f6e950\\\"\",\r\n        \"properties\": {\r\n          \"provisioningState\": \"Succeeded\",\r\n          \"protocol\": \"Http\",\r\n          \"port\": 80,\r\n          \"requestPath\": \"/\",\r\n          \"intervalInSeconds\": 15,\r\n          \"numberOfProbes\": 2,\r\n          \"loadBalancingRules\": [\r\n            {\r\n              \"id\": \"/subscriptions/1c638cf4-608f-4ee6-b680-c329e824c3a8/resourceGroups/rgvmss-1267/providers/Microsoft.Network/loadBalancers/extlb1-3940/loadBalancingRules/httpsRule\"\r\n            }\r\n          ]\r\n        },\r\n        \"type\": \"Microsoft.Network/loadBalancers/probes\"\r\n      }\r\n    ],\r\n    \"inboundNatRules\": [],\r\n    \"inboundNatPools\": [\r\n      {\r\n        \"name\": \"extlb1-3940-INP1\",\r\n        \"id\": \"/subscriptions/1c638cf4-608f-4ee6-b680-c329e824c3a8/resourceGroups/rgvmss-1267/providers/Microsoft.Network/loadBalancers/extlb1-3940/inboundNatPools/extlb1-3940-INP1\",\r\n        \"etag\": \"W/\\\"5224c33b-dce2-4656-89d3-a37205f6e950\\\"\",\r\n        \"properties\": {\r\n          \"provisioningState\": \"Succeeded\",\r\n          \"frontendPortRangeStart\": 5000,\r\n          \"frontendPortRangeEnd\": 5099,\r\n          \"backendPort\": 22,\r\n          \"protocol\": \"Tcp\",\r\n          \"idleTimeoutInMinutes\": 4,\r\n          \"enableFloatingIP\": false,\r\n          \"enableDestinationServiceEndpoint\": false,\r\n          \"enableTcpReset\": false,\r\n          \"allowBackendPortConflict\": false,\r\n          \"frontendIPConfiguration\": {\r\n            \"id\": \"/subscriptions/1c638cf4-608f-4ee6-b680-c329e824c3a8/resourceGroups/rgvmss-1267/providers/Microsoft.Network/loadBalancers/extlb1-3940/frontendIPConfigurations/extlb1-3940-FE1\"\r\n          }\r\n        },\r\n        \"type\": \"Microsoft.Network/loadBalancers/inboundNatPools\"\r\n      },\r\n      {\r\n        \"name\": \"extlb1-3940-INP2\",\r\n        \"id\": \"/subscriptions/1c638cf4-608f-4ee6-b680-c329e824c3a8/resourceGroups/rgvmss-1267/providers/Microsoft.Network/loadBalancers/extlb1-3940/inboundNatPools/extlb1-3940-INP2\",\r\n        \"etag\": \"W/\\\"5224c33b-dce2-4656-89d3-a37205f6e950\\\"\",\r\n        \"properties\": {\r\n          \"provisioningState\": \"Succeeded\",\r\n          \"frontendPortRangeStart\": 6000,\r\n          \"frontendPortRangeEnd\": 6099,\r\n          \"backendPort\": 23,\r\n          \"protocol\": \"Tcp\",\r\n          \"idleTimeoutInMinutes\": 4,\r\n          \"enableFloatingIP\": false,\r\n          \"enableDestinationServiceEndpoint\": false,\r\n          \"enableTcpReset\": false,\r\n          \"allowBackendPortConflict\": false,\r\n          \"frontendIPConfiguration\": {\r\n            \"id\": \"/subscriptions/1c638cf4-608f-4ee6-b680-c329e824c3a8/resourceGroups/rgvmss-1267/providers/Microsoft.Network/loadBalancers/extlb1-3940/frontendIPConfigurations/extlb1-3940-FE1\"\r\n          }\r\n        },\r\n        \"type\": \"Microsoft.Network/loadBalancers/inboundNatPools\"\r\n      }\r\n    ]\r\n  },\r\n  \"sku\": {\r\n    \"name\": \"Basic\",\r\n    \"tier\": \"Regional\"\r\n  }\r\n}",
      "StatusCode": 200
    },
    {
      "RequestUri": "/subscriptions/1c638cf4-608f-4ee6-b680-c329e824c3a8/resourceGroups/rgvmss-1267/providers/Microsoft.Network/loadBalancers/extlb1-3940?api-version=2019-06-01",
      "EncodedRequestUri": "L3N1YnNjcmlwdGlvbnMvMWM2MzhjZjQtNjA4Zi00ZWU2LWI2ODAtYzMyOWU4MjRjM2E4L3Jlc291cmNlR3JvdXBzL3Jndm1zcy0xMjY3L3Byb3ZpZGVycy9NaWNyb3NvZnQuTmV0d29yay9sb2FkQmFsYW5jZXJzL2V4dGxiMS0zOTQwP2FwaS12ZXJzaW9uPTIwMTktMDYtMDE=",
      "RequestMethod": "GET",
      "RequestBody": "",
      "RequestHeaders": {
        "x-ms-client-request-id": [
          "721b628d-c448-4f6d-b334-7bf2833bf9ff"
        ],
        "accept-language": [
          "en-US"
        ],
        "User-Agent": [
          "FxVersion/4.6.26614.01",
          "OSName/Windows",
          "OSVersion/Microsoft.Windows.10.0.18362.",
          "Microsoft.Azure.Management.Network.Fluent.NetworkManagementClient/1.0.0.60",
          "MacAddressHash/e576395dc164e8ff527889e581ddd480e3ad9f4bd1e30c40b6a0ebc98fb3a2e7"
        ]
      },
      "ResponseHeaders": {
        "Cache-Control": [
          "no-cache"
        ],
        "Date": [
          "Mon, 12 Aug 2019 18:29:18 GMT"
        ],
        "Pragma": [
          "no-cache"
        ],
        "ETag": [
          "W/\"5224c33b-dce2-4656-89d3-a37205f6e950\""
        ],
        "Server": [
          "Microsoft-HTTPAPI/2.0",
          "Microsoft-HTTPAPI/2.0"
        ],
        "x-ms-request-id": [
          "db1beda9-89bf-4e49-9c58-8efd9286ebde"
        ],
        "x-ms-correlation-request-id": [
          "7960d6fc-02e0-4852-a04d-b57f444cbeb3"
        ],
        "x-ms-arm-service-request-id": [
          "b0135b5e-5bc3-4b00-995c-d1bbf3189cdd"
        ],
        "Strict-Transport-Security": [
          "max-age=31536000; includeSubDomains"
        ],
        "x-ms-ratelimit-remaining-subscription-reads": [
          "11949"
        ],
        "x-ms-routing-request-id": [
          "SOUTHEASTASIA:20190812T182918Z:7960d6fc-02e0-4852-a04d-b57f444cbeb3"
        ],
        "X-Content-Type-Options": [
          "nosniff"
        ],
        "Content-Length": [
          "10640"
        ],
        "Content-Type": [
          "application/json; charset=utf-8"
        ],
        "Expires": [
          "-1"
        ]
      },
      "ResponseBody": "{\r\n  \"name\": \"extlb1-3940\",\r\n  \"id\": \"/subscriptions/1c638cf4-608f-4ee6-b680-c329e824c3a8/resourceGroups/rgvmss-1267/providers/Microsoft.Network/loadBalancers/extlb1-3940\",\r\n  \"etag\": \"W/\\\"5224c33b-dce2-4656-89d3-a37205f6e950\\\"\",\r\n  \"type\": \"Microsoft.Network/loadBalancers\",\r\n  \"location\": \"eastus\",\r\n  \"tags\": {},\r\n  \"properties\": {\r\n    \"provisioningState\": \"Succeeded\",\r\n    \"resourceGuid\": \"36598cc5-3b9d-4c09-a505-36e59489e5b6\",\r\n    \"frontendIPConfigurations\": [\r\n      {\r\n        \"name\": \"extlb1-3940-FE1\",\r\n        \"id\": \"/subscriptions/1c638cf4-608f-4ee6-b680-c329e824c3a8/resourceGroups/rgvmss-1267/providers/Microsoft.Network/loadBalancers/extlb1-3940/frontendIPConfigurations/extlb1-3940-FE1\",\r\n        \"etag\": \"W/\\\"5224c33b-dce2-4656-89d3-a37205f6e950\\\"\",\r\n        \"type\": \"Microsoft.Network/loadBalancers/frontendIPConfigurations\",\r\n        \"properties\": {\r\n          \"provisioningState\": \"Succeeded\",\r\n          \"privateIPAllocationMethod\": \"Dynamic\",\r\n          \"publicIPAddress\": {\r\n            \"id\": \"/subscriptions/1c638cf4-608f-4ee6-b680-c329e824c3a8/resourceGroups/rgvmss-1267/providers/Microsoft.Network/publicIPAddresses/pip-extlb1-3940\"\r\n          },\r\n          \"loadBalancingRules\": [\r\n            {\r\n              \"id\": \"/subscriptions/1c638cf4-608f-4ee6-b680-c329e824c3a8/resourceGroups/rgvmss-1267/providers/Microsoft.Network/loadBalancers/extlb1-3940/loadBalancingRules/httpRule\"\r\n            },\r\n            {\r\n              \"id\": \"/subscriptions/1c638cf4-608f-4ee6-b680-c329e824c3a8/resourceGroups/rgvmss-1267/providers/Microsoft.Network/loadBalancers/extlb1-3940/loadBalancingRules/httpsRule\"\r\n            }\r\n          ],\r\n          \"inboundNatPools\": [\r\n            {\r\n              \"id\": \"/subscriptions/1c638cf4-608f-4ee6-b680-c329e824c3a8/resourceGroups/rgvmss-1267/providers/Microsoft.Network/loadBalancers/extlb1-3940/inboundNatPools/extlb1-3940-INP1\"\r\n            },\r\n            {\r\n              \"id\": \"/subscriptions/1c638cf4-608f-4ee6-b680-c329e824c3a8/resourceGroups/rgvmss-1267/providers/Microsoft.Network/loadBalancers/extlb1-3940/inboundNatPools/extlb1-3940-INP2\"\r\n            }\r\n          ],\r\n          \"privateIPAddressVersion\": \"IPv4\"\r\n        }\r\n      }\r\n    ],\r\n    \"backendAddressPools\": [\r\n      {\r\n        \"name\": \"extlb1-3940-BAP1\",\r\n        \"id\": \"/subscriptions/1c638cf4-608f-4ee6-b680-c329e824c3a8/resourceGroups/rgvmss-1267/providers/Microsoft.Network/loadBalancers/extlb1-3940/backendAddressPools/extlb1-3940-BAP1\",\r\n        \"etag\": \"W/\\\"5224c33b-dce2-4656-89d3-a37205f6e950\\\"\",\r\n        \"properties\": {\r\n          \"provisioningState\": \"Succeeded\",\r\n          \"loadBalancingRules\": [\r\n            {\r\n              \"id\": \"/subscriptions/1c638cf4-608f-4ee6-b680-c329e824c3a8/resourceGroups/rgvmss-1267/providers/Microsoft.Network/loadBalancers/extlb1-3940/loadBalancingRules/httpRule\"\r\n            }\r\n          ]\r\n        },\r\n        \"type\": \"Microsoft.Network/loadBalancers/backendAddressPools\"\r\n      },\r\n      {\r\n        \"name\": \"extlb1-3940-BAP2\",\r\n        \"id\": \"/subscriptions/1c638cf4-608f-4ee6-b680-c329e824c3a8/resourceGroups/rgvmss-1267/providers/Microsoft.Network/loadBalancers/extlb1-3940/backendAddressPools/extlb1-3940-BAP2\",\r\n        \"etag\": \"W/\\\"5224c33b-dce2-4656-89d3-a37205f6e950\\\"\",\r\n        \"properties\": {\r\n          \"provisioningState\": \"Succeeded\",\r\n          \"loadBalancingRules\": [\r\n            {\r\n              \"id\": \"/subscriptions/1c638cf4-608f-4ee6-b680-c329e824c3a8/resourceGroups/rgvmss-1267/providers/Microsoft.Network/loadBalancers/extlb1-3940/loadBalancingRules/httpsRule\"\r\n            }\r\n          ]\r\n        },\r\n        \"type\": \"Microsoft.Network/loadBalancers/backendAddressPools\"\r\n      }\r\n    ],\r\n    \"loadBalancingRules\": [\r\n      {\r\n        \"name\": \"httpRule\",\r\n        \"id\": \"/subscriptions/1c638cf4-608f-4ee6-b680-c329e824c3a8/resourceGroups/rgvmss-1267/providers/Microsoft.Network/loadBalancers/extlb1-3940/loadBalancingRules/httpRule\",\r\n        \"etag\": \"W/\\\"5224c33b-dce2-4656-89d3-a37205f6e950\\\"\",\r\n        \"type\": \"Microsoft.Network/loadBalancers/loadBalancingRules\",\r\n        \"properties\": {\r\n          \"provisioningState\": \"Succeeded\",\r\n          \"frontendIPConfiguration\": {\r\n            \"id\": \"/subscriptions/1c638cf4-608f-4ee6-b680-c329e824c3a8/resourceGroups/rgvmss-1267/providers/Microsoft.Network/loadBalancers/extlb1-3940/frontendIPConfigurations/extlb1-3940-FE1\"\r\n          },\r\n          \"frontendPort\": 80,\r\n          \"backendPort\": 80,\r\n          \"enableFloatingIP\": false,\r\n          \"idleTimeoutInMinutes\": 4,\r\n          \"protocol\": \"Tcp\",\r\n          \"enableDestinationServiceEndpoint\": false,\r\n          \"enableTcpReset\": false,\r\n          \"allowBackendPortConflict\": false,\r\n          \"loadDistribution\": \"Default\",\r\n          \"backendAddressPool\": {\r\n            \"id\": \"/subscriptions/1c638cf4-608f-4ee6-b680-c329e824c3a8/resourceGroups/rgvmss-1267/providers/Microsoft.Network/loadBalancers/extlb1-3940/backendAddressPools/extlb1-3940-BAP1\"\r\n          },\r\n          \"probe\": {\r\n            \"id\": \"/subscriptions/1c638cf4-608f-4ee6-b680-c329e824c3a8/resourceGroups/rgvmss-1267/providers/Microsoft.Network/loadBalancers/extlb1-3940/probes/httpProbe\"\r\n          }\r\n        }\r\n      },\r\n      {\r\n        \"name\": \"httpsRule\",\r\n        \"id\": \"/subscriptions/1c638cf4-608f-4ee6-b680-c329e824c3a8/resourceGroups/rgvmss-1267/providers/Microsoft.Network/loadBalancers/extlb1-3940/loadBalancingRules/httpsRule\",\r\n        \"etag\": \"W/\\\"5224c33b-dce2-4656-89d3-a37205f6e950\\\"\",\r\n        \"type\": \"Microsoft.Network/loadBalancers/loadBalancingRules\",\r\n        \"properties\": {\r\n          \"provisioningState\": \"Succeeded\",\r\n          \"frontendIPConfiguration\": {\r\n            \"id\": \"/subscriptions/1c638cf4-608f-4ee6-b680-c329e824c3a8/resourceGroups/rgvmss-1267/providers/Microsoft.Network/loadBalancers/extlb1-3940/frontendIPConfigurations/extlb1-3940-FE1\"\r\n          },\r\n          \"frontendPort\": 443,\r\n          \"backendPort\": 443,\r\n          \"enableFloatingIP\": false,\r\n          \"idleTimeoutInMinutes\": 4,\r\n          \"protocol\": \"Tcp\",\r\n          \"enableDestinationServiceEndpoint\": false,\r\n          \"enableTcpReset\": false,\r\n          \"allowBackendPortConflict\": false,\r\n          \"loadDistribution\": \"Default\",\r\n          \"backendAddressPool\": {\r\n            \"id\": \"/subscriptions/1c638cf4-608f-4ee6-b680-c329e824c3a8/resourceGroups/rgvmss-1267/providers/Microsoft.Network/loadBalancers/extlb1-3940/backendAddressPools/extlb1-3940-BAP2\"\r\n          },\r\n          \"probe\": {\r\n            \"id\": \"/subscriptions/1c638cf4-608f-4ee6-b680-c329e824c3a8/resourceGroups/rgvmss-1267/providers/Microsoft.Network/loadBalancers/extlb1-3940/probes/httpsProbe\"\r\n          }\r\n        }\r\n      }\r\n    ],\r\n    \"probes\": [\r\n      {\r\n        \"name\": \"httpProbe\",\r\n        \"id\": \"/subscriptions/1c638cf4-608f-4ee6-b680-c329e824c3a8/resourceGroups/rgvmss-1267/providers/Microsoft.Network/loadBalancers/extlb1-3940/probes/httpProbe\",\r\n        \"etag\": \"W/\\\"5224c33b-dce2-4656-89d3-a37205f6e950\\\"\",\r\n        \"properties\": {\r\n          \"provisioningState\": \"Succeeded\",\r\n          \"protocol\": \"Http\",\r\n          \"port\": 80,\r\n          \"requestPath\": \"/\",\r\n          \"intervalInSeconds\": 15,\r\n          \"numberOfProbes\": 2,\r\n          \"loadBalancingRules\": [\r\n            {\r\n              \"id\": \"/subscriptions/1c638cf4-608f-4ee6-b680-c329e824c3a8/resourceGroups/rgvmss-1267/providers/Microsoft.Network/loadBalancers/extlb1-3940/loadBalancingRules/httpRule\"\r\n            }\r\n          ]\r\n        },\r\n        \"type\": \"Microsoft.Network/loadBalancers/probes\"\r\n      },\r\n      {\r\n        \"name\": \"httpsProbe\",\r\n        \"id\": \"/subscriptions/1c638cf4-608f-4ee6-b680-c329e824c3a8/resourceGroups/rgvmss-1267/providers/Microsoft.Network/loadBalancers/extlb1-3940/probes/httpsProbe\",\r\n        \"etag\": \"W/\\\"5224c33b-dce2-4656-89d3-a37205f6e950\\\"\",\r\n        \"properties\": {\r\n          \"provisioningState\": \"Succeeded\",\r\n          \"protocol\": \"Http\",\r\n          \"port\": 80,\r\n          \"requestPath\": \"/\",\r\n          \"intervalInSeconds\": 15,\r\n          \"numberOfProbes\": 2,\r\n          \"loadBalancingRules\": [\r\n            {\r\n              \"id\": \"/subscriptions/1c638cf4-608f-4ee6-b680-c329e824c3a8/resourceGroups/rgvmss-1267/providers/Microsoft.Network/loadBalancers/extlb1-3940/loadBalancingRules/httpsRule\"\r\n            }\r\n          ]\r\n        },\r\n        \"type\": \"Microsoft.Network/loadBalancers/probes\"\r\n      }\r\n    ],\r\n    \"inboundNatRules\": [],\r\n    \"inboundNatPools\": [\r\n      {\r\n        \"name\": \"extlb1-3940-INP1\",\r\n        \"id\": \"/subscriptions/1c638cf4-608f-4ee6-b680-c329e824c3a8/resourceGroups/rgvmss-1267/providers/Microsoft.Network/loadBalancers/extlb1-3940/inboundNatPools/extlb1-3940-INP1\",\r\n        \"etag\": \"W/\\\"5224c33b-dce2-4656-89d3-a37205f6e950\\\"\",\r\n        \"properties\": {\r\n          \"provisioningState\": \"Succeeded\",\r\n          \"frontendPortRangeStart\": 5000,\r\n          \"frontendPortRangeEnd\": 5099,\r\n          \"backendPort\": 22,\r\n          \"protocol\": \"Tcp\",\r\n          \"idleTimeoutInMinutes\": 4,\r\n          \"enableFloatingIP\": false,\r\n          \"enableDestinationServiceEndpoint\": false,\r\n          \"enableTcpReset\": false,\r\n          \"allowBackendPortConflict\": false,\r\n          \"frontendIPConfiguration\": {\r\n            \"id\": \"/subscriptions/1c638cf4-608f-4ee6-b680-c329e824c3a8/resourceGroups/rgvmss-1267/providers/Microsoft.Network/loadBalancers/extlb1-3940/frontendIPConfigurations/extlb1-3940-FE1\"\r\n          }\r\n        },\r\n        \"type\": \"Microsoft.Network/loadBalancers/inboundNatPools\"\r\n      },\r\n      {\r\n        \"name\": \"extlb1-3940-INP2\",\r\n        \"id\": \"/subscriptions/1c638cf4-608f-4ee6-b680-c329e824c3a8/resourceGroups/rgvmss-1267/providers/Microsoft.Network/loadBalancers/extlb1-3940/inboundNatPools/extlb1-3940-INP2\",\r\n        \"etag\": \"W/\\\"5224c33b-dce2-4656-89d3-a37205f6e950\\\"\",\r\n        \"properties\": {\r\n          \"provisioningState\": \"Succeeded\",\r\n          \"frontendPortRangeStart\": 6000,\r\n          \"frontendPortRangeEnd\": 6099,\r\n          \"backendPort\": 23,\r\n          \"protocol\": \"Tcp\",\r\n          \"idleTimeoutInMinutes\": 4,\r\n          \"enableFloatingIP\": false,\r\n          \"enableDestinationServiceEndpoint\": false,\r\n          \"enableTcpReset\": false,\r\n          \"allowBackendPortConflict\": false,\r\n          \"frontendIPConfiguration\": {\r\n            \"id\": \"/subscriptions/1c638cf4-608f-4ee6-b680-c329e824c3a8/resourceGroups/rgvmss-1267/providers/Microsoft.Network/loadBalancers/extlb1-3940/frontendIPConfigurations/extlb1-3940-FE1\"\r\n          }\r\n        },\r\n        \"type\": \"Microsoft.Network/loadBalancers/inboundNatPools\"\r\n      }\r\n    ]\r\n  },\r\n  \"sku\": {\r\n    \"name\": \"Basic\",\r\n    \"tier\": \"Regional\"\r\n  }\r\n}",
      "StatusCode": 200
    },
    {
      "RequestUri": "/subscriptions/1c638cf4-608f-4ee6-b680-c329e824c3a8/resourceGroups/rgvmss-1267/providers/Microsoft.Network/loadBalancers/extlb1-3940?api-version=2019-06-01",
      "EncodedRequestUri": "L3N1YnNjcmlwdGlvbnMvMWM2MzhjZjQtNjA4Zi00ZWU2LWI2ODAtYzMyOWU4MjRjM2E4L3Jlc291cmNlR3JvdXBzL3Jndm1zcy0xMjY3L3Byb3ZpZGVycy9NaWNyb3NvZnQuTmV0d29yay9sb2FkQmFsYW5jZXJzL2V4dGxiMS0zOTQwP2FwaS12ZXJzaW9uPTIwMTktMDYtMDE=",
      "RequestMethod": "GET",
      "RequestBody": "",
      "RequestHeaders": {
        "x-ms-client-request-id": [
          "8934028b-ca98-4bf6-9e0c-35593f7df695"
        ],
        "accept-language": [
          "en-US"
        ],
        "User-Agent": [
          "FxVersion/4.6.26614.01",
          "OSName/Windows",
          "OSVersion/Microsoft.Windows.10.0.18362.",
          "Microsoft.Azure.Management.Network.Fluent.NetworkManagementClient/1.0.0.60",
          "MacAddressHash/e576395dc164e8ff527889e581ddd480e3ad9f4bd1e30c40b6a0ebc98fb3a2e7"
        ]
      },
      "ResponseHeaders": {
        "Cache-Control": [
          "no-cache"
        ],
        "Date": [
          "Mon, 12 Aug 2019 18:29:18 GMT"
        ],
        "Pragma": [
          "no-cache"
        ],
        "ETag": [
          "W/\"5224c33b-dce2-4656-89d3-a37205f6e950\""
        ],
        "Server": [
          "Microsoft-HTTPAPI/2.0",
          "Microsoft-HTTPAPI/2.0"
        ],
        "x-ms-request-id": [
          "892d71bc-418c-43b2-bc21-6915aaae3745"
        ],
        "x-ms-correlation-request-id": [
          "153cf399-e1dd-49c7-b688-240b8b963c19"
        ],
        "x-ms-arm-service-request-id": [
          "8a1e4f6c-72dd-44be-b061-f8b6ed761e94"
        ],
        "Strict-Transport-Security": [
          "max-age=31536000; includeSubDomains"
        ],
        "x-ms-ratelimit-remaining-subscription-reads": [
          "11948"
        ],
        "x-ms-routing-request-id": [
          "SOUTHEASTASIA:20190812T182918Z:153cf399-e1dd-49c7-b688-240b8b963c19"
        ],
        "X-Content-Type-Options": [
          "nosniff"
        ],
        "Content-Length": [
          "10640"
        ],
        "Content-Type": [
          "application/json; charset=utf-8"
        ],
        "Expires": [
          "-1"
        ]
      },
      "ResponseBody": "{\r\n  \"name\": \"extlb1-3940\",\r\n  \"id\": \"/subscriptions/1c638cf4-608f-4ee6-b680-c329e824c3a8/resourceGroups/rgvmss-1267/providers/Microsoft.Network/loadBalancers/extlb1-3940\",\r\n  \"etag\": \"W/\\\"5224c33b-dce2-4656-89d3-a37205f6e950\\\"\",\r\n  \"type\": \"Microsoft.Network/loadBalancers\",\r\n  \"location\": \"eastus\",\r\n  \"tags\": {},\r\n  \"properties\": {\r\n    \"provisioningState\": \"Succeeded\",\r\n    \"resourceGuid\": \"36598cc5-3b9d-4c09-a505-36e59489e5b6\",\r\n    \"frontendIPConfigurations\": [\r\n      {\r\n        \"name\": \"extlb1-3940-FE1\",\r\n        \"id\": \"/subscriptions/1c638cf4-608f-4ee6-b680-c329e824c3a8/resourceGroups/rgvmss-1267/providers/Microsoft.Network/loadBalancers/extlb1-3940/frontendIPConfigurations/extlb1-3940-FE1\",\r\n        \"etag\": \"W/\\\"5224c33b-dce2-4656-89d3-a37205f6e950\\\"\",\r\n        \"type\": \"Microsoft.Network/loadBalancers/frontendIPConfigurations\",\r\n        \"properties\": {\r\n          \"provisioningState\": \"Succeeded\",\r\n          \"privateIPAllocationMethod\": \"Dynamic\",\r\n          \"publicIPAddress\": {\r\n            \"id\": \"/subscriptions/1c638cf4-608f-4ee6-b680-c329e824c3a8/resourceGroups/rgvmss-1267/providers/Microsoft.Network/publicIPAddresses/pip-extlb1-3940\"\r\n          },\r\n          \"loadBalancingRules\": [\r\n            {\r\n              \"id\": \"/subscriptions/1c638cf4-608f-4ee6-b680-c329e824c3a8/resourceGroups/rgvmss-1267/providers/Microsoft.Network/loadBalancers/extlb1-3940/loadBalancingRules/httpRule\"\r\n            },\r\n            {\r\n              \"id\": \"/subscriptions/1c638cf4-608f-4ee6-b680-c329e824c3a8/resourceGroups/rgvmss-1267/providers/Microsoft.Network/loadBalancers/extlb1-3940/loadBalancingRules/httpsRule\"\r\n            }\r\n          ],\r\n          \"inboundNatPools\": [\r\n            {\r\n              \"id\": \"/subscriptions/1c638cf4-608f-4ee6-b680-c329e824c3a8/resourceGroups/rgvmss-1267/providers/Microsoft.Network/loadBalancers/extlb1-3940/inboundNatPools/extlb1-3940-INP1\"\r\n            },\r\n            {\r\n              \"id\": \"/subscriptions/1c638cf4-608f-4ee6-b680-c329e824c3a8/resourceGroups/rgvmss-1267/providers/Microsoft.Network/loadBalancers/extlb1-3940/inboundNatPools/extlb1-3940-INP2\"\r\n            }\r\n          ],\r\n          \"privateIPAddressVersion\": \"IPv4\"\r\n        }\r\n      }\r\n    ],\r\n    \"backendAddressPools\": [\r\n      {\r\n        \"name\": \"extlb1-3940-BAP1\",\r\n        \"id\": \"/subscriptions/1c638cf4-608f-4ee6-b680-c329e824c3a8/resourceGroups/rgvmss-1267/providers/Microsoft.Network/loadBalancers/extlb1-3940/backendAddressPools/extlb1-3940-BAP1\",\r\n        \"etag\": \"W/\\\"5224c33b-dce2-4656-89d3-a37205f6e950\\\"\",\r\n        \"properties\": {\r\n          \"provisioningState\": \"Succeeded\",\r\n          \"loadBalancingRules\": [\r\n            {\r\n              \"id\": \"/subscriptions/1c638cf4-608f-4ee6-b680-c329e824c3a8/resourceGroups/rgvmss-1267/providers/Microsoft.Network/loadBalancers/extlb1-3940/loadBalancingRules/httpRule\"\r\n            }\r\n          ]\r\n        },\r\n        \"type\": \"Microsoft.Network/loadBalancers/backendAddressPools\"\r\n      },\r\n      {\r\n        \"name\": \"extlb1-3940-BAP2\",\r\n        \"id\": \"/subscriptions/1c638cf4-608f-4ee6-b680-c329e824c3a8/resourceGroups/rgvmss-1267/providers/Microsoft.Network/loadBalancers/extlb1-3940/backendAddressPools/extlb1-3940-BAP2\",\r\n        \"etag\": \"W/\\\"5224c33b-dce2-4656-89d3-a37205f6e950\\\"\",\r\n        \"properties\": {\r\n          \"provisioningState\": \"Succeeded\",\r\n          \"loadBalancingRules\": [\r\n            {\r\n              \"id\": \"/subscriptions/1c638cf4-608f-4ee6-b680-c329e824c3a8/resourceGroups/rgvmss-1267/providers/Microsoft.Network/loadBalancers/extlb1-3940/loadBalancingRules/httpsRule\"\r\n            }\r\n          ]\r\n        },\r\n        \"type\": \"Microsoft.Network/loadBalancers/backendAddressPools\"\r\n      }\r\n    ],\r\n    \"loadBalancingRules\": [\r\n      {\r\n        \"name\": \"httpRule\",\r\n        \"id\": \"/subscriptions/1c638cf4-608f-4ee6-b680-c329e824c3a8/resourceGroups/rgvmss-1267/providers/Microsoft.Network/loadBalancers/extlb1-3940/loadBalancingRules/httpRule\",\r\n        \"etag\": \"W/\\\"5224c33b-dce2-4656-89d3-a37205f6e950\\\"\",\r\n        \"type\": \"Microsoft.Network/loadBalancers/loadBalancingRules\",\r\n        \"properties\": {\r\n          \"provisioningState\": \"Succeeded\",\r\n          \"frontendIPConfiguration\": {\r\n            \"id\": \"/subscriptions/1c638cf4-608f-4ee6-b680-c329e824c3a8/resourceGroups/rgvmss-1267/providers/Microsoft.Network/loadBalancers/extlb1-3940/frontendIPConfigurations/extlb1-3940-FE1\"\r\n          },\r\n          \"frontendPort\": 80,\r\n          \"backendPort\": 80,\r\n          \"enableFloatingIP\": false,\r\n          \"idleTimeoutInMinutes\": 4,\r\n          \"protocol\": \"Tcp\",\r\n          \"enableDestinationServiceEndpoint\": false,\r\n          \"enableTcpReset\": false,\r\n          \"allowBackendPortConflict\": false,\r\n          \"loadDistribution\": \"Default\",\r\n          \"backendAddressPool\": {\r\n            \"id\": \"/subscriptions/1c638cf4-608f-4ee6-b680-c329e824c3a8/resourceGroups/rgvmss-1267/providers/Microsoft.Network/loadBalancers/extlb1-3940/backendAddressPools/extlb1-3940-BAP1\"\r\n          },\r\n          \"probe\": {\r\n            \"id\": \"/subscriptions/1c638cf4-608f-4ee6-b680-c329e824c3a8/resourceGroups/rgvmss-1267/providers/Microsoft.Network/loadBalancers/extlb1-3940/probes/httpProbe\"\r\n          }\r\n        }\r\n      },\r\n      {\r\n        \"name\": \"httpsRule\",\r\n        \"id\": \"/subscriptions/1c638cf4-608f-4ee6-b680-c329e824c3a8/resourceGroups/rgvmss-1267/providers/Microsoft.Network/loadBalancers/extlb1-3940/loadBalancingRules/httpsRule\",\r\n        \"etag\": \"W/\\\"5224c33b-dce2-4656-89d3-a37205f6e950\\\"\",\r\n        \"type\": \"Microsoft.Network/loadBalancers/loadBalancingRules\",\r\n        \"properties\": {\r\n          \"provisioningState\": \"Succeeded\",\r\n          \"frontendIPConfiguration\": {\r\n            \"id\": \"/subscriptions/1c638cf4-608f-4ee6-b680-c329e824c3a8/resourceGroups/rgvmss-1267/providers/Microsoft.Network/loadBalancers/extlb1-3940/frontendIPConfigurations/extlb1-3940-FE1\"\r\n          },\r\n          \"frontendPort\": 443,\r\n          \"backendPort\": 443,\r\n          \"enableFloatingIP\": false,\r\n          \"idleTimeoutInMinutes\": 4,\r\n          \"protocol\": \"Tcp\",\r\n          \"enableDestinationServiceEndpoint\": false,\r\n          \"enableTcpReset\": false,\r\n          \"allowBackendPortConflict\": false,\r\n          \"loadDistribution\": \"Default\",\r\n          \"backendAddressPool\": {\r\n            \"id\": \"/subscriptions/1c638cf4-608f-4ee6-b680-c329e824c3a8/resourceGroups/rgvmss-1267/providers/Microsoft.Network/loadBalancers/extlb1-3940/backendAddressPools/extlb1-3940-BAP2\"\r\n          },\r\n          \"probe\": {\r\n            \"id\": \"/subscriptions/1c638cf4-608f-4ee6-b680-c329e824c3a8/resourceGroups/rgvmss-1267/providers/Microsoft.Network/loadBalancers/extlb1-3940/probes/httpsProbe\"\r\n          }\r\n        }\r\n      }\r\n    ],\r\n    \"probes\": [\r\n      {\r\n        \"name\": \"httpProbe\",\r\n        \"id\": \"/subscriptions/1c638cf4-608f-4ee6-b680-c329e824c3a8/resourceGroups/rgvmss-1267/providers/Microsoft.Network/loadBalancers/extlb1-3940/probes/httpProbe\",\r\n        \"etag\": \"W/\\\"5224c33b-dce2-4656-89d3-a37205f6e950\\\"\",\r\n        \"properties\": {\r\n          \"provisioningState\": \"Succeeded\",\r\n          \"protocol\": \"Http\",\r\n          \"port\": 80,\r\n          \"requestPath\": \"/\",\r\n          \"intervalInSeconds\": 15,\r\n          \"numberOfProbes\": 2,\r\n          \"loadBalancingRules\": [\r\n            {\r\n              \"id\": \"/subscriptions/1c638cf4-608f-4ee6-b680-c329e824c3a8/resourceGroups/rgvmss-1267/providers/Microsoft.Network/loadBalancers/extlb1-3940/loadBalancingRules/httpRule\"\r\n            }\r\n          ]\r\n        },\r\n        \"type\": \"Microsoft.Network/loadBalancers/probes\"\r\n      },\r\n      {\r\n        \"name\": \"httpsProbe\",\r\n        \"id\": \"/subscriptions/1c638cf4-608f-4ee6-b680-c329e824c3a8/resourceGroups/rgvmss-1267/providers/Microsoft.Network/loadBalancers/extlb1-3940/probes/httpsProbe\",\r\n        \"etag\": \"W/\\\"5224c33b-dce2-4656-89d3-a37205f6e950\\\"\",\r\n        \"properties\": {\r\n          \"provisioningState\": \"Succeeded\",\r\n          \"protocol\": \"Http\",\r\n          \"port\": 80,\r\n          \"requestPath\": \"/\",\r\n          \"intervalInSeconds\": 15,\r\n          \"numberOfProbes\": 2,\r\n          \"loadBalancingRules\": [\r\n            {\r\n              \"id\": \"/subscriptions/1c638cf4-608f-4ee6-b680-c329e824c3a8/resourceGroups/rgvmss-1267/providers/Microsoft.Network/loadBalancers/extlb1-3940/loadBalancingRules/httpsRule\"\r\n            }\r\n          ]\r\n        },\r\n        \"type\": \"Microsoft.Network/loadBalancers/probes\"\r\n      }\r\n    ],\r\n    \"inboundNatRules\": [],\r\n    \"inboundNatPools\": [\r\n      {\r\n        \"name\": \"extlb1-3940-INP1\",\r\n        \"id\": \"/subscriptions/1c638cf4-608f-4ee6-b680-c329e824c3a8/resourceGroups/rgvmss-1267/providers/Microsoft.Network/loadBalancers/extlb1-3940/inboundNatPools/extlb1-3940-INP1\",\r\n        \"etag\": \"W/\\\"5224c33b-dce2-4656-89d3-a37205f6e950\\\"\",\r\n        \"properties\": {\r\n          \"provisioningState\": \"Succeeded\",\r\n          \"frontendPortRangeStart\": 5000,\r\n          \"frontendPortRangeEnd\": 5099,\r\n          \"backendPort\": 22,\r\n          \"protocol\": \"Tcp\",\r\n          \"idleTimeoutInMinutes\": 4,\r\n          \"enableFloatingIP\": false,\r\n          \"enableDestinationServiceEndpoint\": false,\r\n          \"enableTcpReset\": false,\r\n          \"allowBackendPortConflict\": false,\r\n          \"frontendIPConfiguration\": {\r\n            \"id\": \"/subscriptions/1c638cf4-608f-4ee6-b680-c329e824c3a8/resourceGroups/rgvmss-1267/providers/Microsoft.Network/loadBalancers/extlb1-3940/frontendIPConfigurations/extlb1-3940-FE1\"\r\n          }\r\n        },\r\n        \"type\": \"Microsoft.Network/loadBalancers/inboundNatPools\"\r\n      },\r\n      {\r\n        \"name\": \"extlb1-3940-INP2\",\r\n        \"id\": \"/subscriptions/1c638cf4-608f-4ee6-b680-c329e824c3a8/resourceGroups/rgvmss-1267/providers/Microsoft.Network/loadBalancers/extlb1-3940/inboundNatPools/extlb1-3940-INP2\",\r\n        \"etag\": \"W/\\\"5224c33b-dce2-4656-89d3-a37205f6e950\\\"\",\r\n        \"properties\": {\r\n          \"provisioningState\": \"Succeeded\",\r\n          \"frontendPortRangeStart\": 6000,\r\n          \"frontendPortRangeEnd\": 6099,\r\n          \"backendPort\": 23,\r\n          \"protocol\": \"Tcp\",\r\n          \"idleTimeoutInMinutes\": 4,\r\n          \"enableFloatingIP\": false,\r\n          \"enableDestinationServiceEndpoint\": false,\r\n          \"enableTcpReset\": false,\r\n          \"allowBackendPortConflict\": false,\r\n          \"frontendIPConfiguration\": {\r\n            \"id\": \"/subscriptions/1c638cf4-608f-4ee6-b680-c329e824c3a8/resourceGroups/rgvmss-1267/providers/Microsoft.Network/loadBalancers/extlb1-3940/frontendIPConfigurations/extlb1-3940-FE1\"\r\n          }\r\n        },\r\n        \"type\": \"Microsoft.Network/loadBalancers/inboundNatPools\"\r\n      }\r\n    ]\r\n  },\r\n  \"sku\": {\r\n    \"name\": \"Basic\",\r\n    \"tier\": \"Regional\"\r\n  }\r\n}",
      "StatusCode": 200
    },
    {
      "RequestUri": "/subscriptions/1c638cf4-608f-4ee6-b680-c329e824c3a8/resourceGroups/rgvmss-1267/providers/Microsoft.Storage/storageAccounts/stgvmss783491f07630798?api-version=2018-11-01",
      "EncodedRequestUri": "L3N1YnNjcmlwdGlvbnMvMWM2MzhjZjQtNjA4Zi00ZWU2LWI2ODAtYzMyOWU4MjRjM2E4L3Jlc291cmNlR3JvdXBzL3Jndm1zcy0xMjY3L3Byb3ZpZGVycy9NaWNyb3NvZnQuU3RvcmFnZS9zdG9yYWdlQWNjb3VudHMvc3Rndm1zczc4MzQ5MWYwNzYzMDc5OD9hcGktdmVyc2lvbj0yMDE4LTExLTAx",
      "RequestMethod": "PUT",
      "RequestBody": "{\r\n  \"sku\": {\r\n    \"name\": \"Standard_GRS\"\r\n  },\r\n  \"kind\": \"Storage\",\r\n  \"location\": \"eastus\",\r\n  \"tags\": {}\r\n}",
      "RequestHeaders": {
        "x-ms-client-request-id": [
          "38b84e3c-74c5-45bd-8447-a8440d0d3213"
        ],
        "accept-language": [
          "en-US"
        ],
        "User-Agent": [
          "FxVersion/4.6.26614.01",
          "OSName/Windows",
          "OSVersion/Microsoft.Windows.10.0.18362.",
          "Microsoft.Azure.Management.Storage.Fluent.StorageManagementClient/1.0.0.60",
          "MacAddressHash/e576395dc164e8ff527889e581ddd480e3ad9f4bd1e30c40b6a0ebc98fb3a2e7"
        ],
        "Content-Type": [
          "application/json; charset=utf-8"
        ],
        "Content-Length": [
          "111"
        ]
      },
      "ResponseHeaders": {
        "Cache-Control": [
          "no-cache"
        ],
        "Date": [
          "Mon, 12 Aug 2019 18:29:21 GMT"
        ],
        "Pragma": [
          "no-cache"
        ],
        "Location": [
          "https://management.azure.com/subscriptions/1c638cf4-608f-4ee6-b680-c329e824c3a8/providers/Microsoft.Storage/locations/eastus/asyncoperations/353ee4a2-4155-495b-a461-00feb308b078?monitor=true&api-version=2018-11-01"
        ],
        "Retry-After": [
          "17"
        ],
        "Server": [
          "Microsoft-Azure-Storage-Resource-Provider/1.0,Microsoft-HTTPAPI/2.0 Microsoft-HTTPAPI/2.0"
        ],
        "x-ms-request-id": [
          "353ee4a2-4155-495b-a461-00feb308b078"
        ],
        "Strict-Transport-Security": [
          "max-age=31536000; includeSubDomains"
        ],
        "x-ms-ratelimit-remaining-subscription-writes": [
          "1196"
        ],
        "x-ms-correlation-request-id": [
          "fe5fcd1e-1613-414a-a055-906783422530"
        ],
        "x-ms-routing-request-id": [
          "SOUTHEASTASIA:20190812T182922Z:fe5fcd1e-1613-414a-a055-906783422530"
        ],
        "X-Content-Type-Options": [
          "nosniff"
        ],
        "Content-Length": [
          "0"
        ],
        "Content-Type": [
          "text/plain; charset=utf-8"
        ],
        "Expires": [
          "-1"
        ]
      },
      "ResponseBody": "",
      "StatusCode": 202
    },
    {
      "RequestUri": "/subscriptions/1c638cf4-608f-4ee6-b680-c329e824c3a8/providers/Microsoft.Storage/locations/eastus/asyncoperations/353ee4a2-4155-495b-a461-00feb308b078?monitor=true&api-version=2018-11-01",
      "EncodedRequestUri": "L3N1YnNjcmlwdGlvbnMvMWM2MzhjZjQtNjA4Zi00ZWU2LWI2ODAtYzMyOWU4MjRjM2E4L3Byb3ZpZGVycy9NaWNyb3NvZnQuU3RvcmFnZS9sb2NhdGlvbnMvZWFzdHVzL2FzeW5jb3BlcmF0aW9ucy8zNTNlZTRhMi00MTU1LTQ5NWItYTQ2MS0wMGZlYjMwOGIwNzg/bW9uaXRvcj10cnVlJmFwaS12ZXJzaW9uPTIwMTgtMTEtMDE=",
      "RequestMethod": "GET",
      "RequestBody": "",
      "RequestHeaders": {
        "User-Agent": [
          "FxVersion/4.6.26614.01",
          "OSName/Windows",
          "OSVersion/Microsoft.Windows.10.0.18362.",
          "Microsoft.Azure.Management.Storage.Fluent.StorageManagementClient/1.0.0.60",
          "MacAddressHash/e576395dc164e8ff527889e581ddd480e3ad9f4bd1e30c40b6a0ebc98fb3a2e7"
        ]
      },
      "ResponseHeaders": {
        "Cache-Control": [
          "no-cache"
        ],
        "Date": [
          "Mon, 12 Aug 2019 18:29:39 GMT"
        ],
        "Pragma": [
          "no-cache"
        ],
        "Server": [
          "Microsoft-Azure-Storage-Resource-Provider/1.0,Microsoft-HTTPAPI/2.0 Microsoft-HTTPAPI/2.0"
        ],
        "x-ms-request-id": [
          "00c05754-1d68-4917-bd47-8c528747d429"
        ],
        "Strict-Transport-Security": [
          "max-age=31536000; includeSubDomains"
        ],
        "x-ms-ratelimit-remaining-subscription-reads": [
          "11989"
        ],
        "x-ms-correlation-request-id": [
          "9487cd38-9567-45f5-a3a1-b50b80cf8d47"
        ],
        "x-ms-routing-request-id": [
          "SOUTHEASTASIA:20190812T182939Z:9487cd38-9567-45f5-a3a1-b50b80cf8d47"
        ],
        "X-Content-Type-Options": [
          "nosniff"
        ],
        "Content-Length": [
          "1154"
        ],
        "Content-Type": [
          "application/json"
        ],
        "Expires": [
          "-1"
        ]
      },
      "ResponseBody": "{\r\n  \"sku\": {\r\n    \"name\": \"Standard_GRS\",\r\n    \"tier\": \"Standard\"\r\n  },\r\n  \"kind\": \"Storage\",\r\n  \"id\": \"/subscriptions/1c638cf4-608f-4ee6-b680-c329e824c3a8/resourceGroups/rgvmss-1267/providers/Microsoft.Storage/storageAccounts/stgvmss783491f07630798\",\r\n  \"name\": \"stgvmss783491f07630798\",\r\n  \"type\": \"Microsoft.Storage/storageAccounts\",\r\n  \"location\": \"eastus\",\r\n  \"tags\": {},\r\n  \"properties\": {\r\n    \"networkAcls\": {\r\n      \"bypass\": \"AzureServices\",\r\n      \"virtualNetworkRules\": [],\r\n      \"ipRules\": [],\r\n      \"defaultAction\": \"Allow\"\r\n    },\r\n    \"supportsHttpsTrafficOnly\": false,\r\n    \"encryption\": {\r\n      \"services\": {\r\n        \"file\": {\r\n          \"enabled\": true,\r\n          \"lastEnabledTime\": \"2019-08-12T18:29:21.6561309Z\"\r\n        },\r\n        \"blob\": {\r\n          \"enabled\": true,\r\n          \"lastEnabledTime\": \"2019-08-12T18:29:21.6561309Z\"\r\n        }\r\n      },\r\n      \"keySource\": \"Microsoft.Storage\"\r\n    },\r\n    \"provisioningState\": \"Succeeded\",\r\n    \"creationTime\": \"2019-08-12T18:29:21.6092438Z\",\r\n    \"primaryEndpoints\": {\r\n      \"blob\": \"https://stgvmss783491f07630798.blob.core.windows.net/\",\r\n      \"queue\": \"https://stgvmss783491f07630798.queue.core.windows.net/\",\r\n      \"table\": \"https://stgvmss783491f07630798.table.core.windows.net/\",\r\n      \"file\": \"https://stgvmss783491f07630798.file.core.windows.net/\"\r\n    },\r\n    \"primaryLocation\": \"eastus\",\r\n    \"statusOfPrimary\": \"available\",\r\n    \"secondaryLocation\": \"westus\",\r\n    \"statusOfSecondary\": \"available\"\r\n  }\r\n}",
      "StatusCode": 200
    },
    {
      "RequestUri": "/subscriptions/1c638cf4-608f-4ee6-b680-c329e824c3a8/resourceGroups/rgvmss-1267/providers/Microsoft.Storage/storageAccounts/stgvmss783491f07630798?api-version=2018-11-01",
      "EncodedRequestUri": "L3N1YnNjcmlwdGlvbnMvMWM2MzhjZjQtNjA4Zi00ZWU2LWI2ODAtYzMyOWU4MjRjM2E4L3Jlc291cmNlR3JvdXBzL3Jndm1zcy0xMjY3L3Byb3ZpZGVycy9NaWNyb3NvZnQuU3RvcmFnZS9zdG9yYWdlQWNjb3VudHMvc3Rndm1zczc4MzQ5MWYwNzYzMDc5OD9hcGktdmVyc2lvbj0yMDE4LTExLTAx",
      "RequestMethod": "GET",
      "RequestBody": "",
      "RequestHeaders": {
        "x-ms-client-request-id": [
          "97d1e005-a171-46a9-b6fa-05c7b5b6fcbe"
        ],
        "accept-language": [
          "en-US"
        ],
        "User-Agent": [
          "FxVersion/4.6.26614.01",
          "OSName/Windows",
          "OSVersion/Microsoft.Windows.10.0.18362.",
          "Microsoft.Azure.Management.Storage.Fluent.StorageManagementClient/1.0.0.60",
          "MacAddressHash/e576395dc164e8ff527889e581ddd480e3ad9f4bd1e30c40b6a0ebc98fb3a2e7"
        ]
      },
      "ResponseHeaders": {
        "Cache-Control": [
          "no-cache"
        ],
        "Date": [
          "Mon, 12 Aug 2019 18:29:40 GMT"
        ],
        "Pragma": [
          "no-cache"
        ],
        "Server": [
          "Microsoft-Azure-Storage-Resource-Provider/1.0,Microsoft-HTTPAPI/2.0 Microsoft-HTTPAPI/2.0"
        ],
        "x-ms-request-id": [
          "37ea682f-c627-4ae7-bb84-f970620579fe"
        ],
        "Strict-Transport-Security": [
          "max-age=31536000; includeSubDomains"
        ],
        "x-ms-ratelimit-remaining-subscription-reads": [
          "11988"
        ],
        "x-ms-correlation-request-id": [
          "0861d187-909f-4f0d-90d0-a006a36f6a89"
        ],
        "x-ms-routing-request-id": [
          "SOUTHEASTASIA:20190812T182940Z:0861d187-909f-4f0d-90d0-a006a36f6a89"
        ],
        "X-Content-Type-Options": [
          "nosniff"
        ],
        "Content-Length": [
          "1154"
        ],
        "Content-Type": [
          "application/json"
        ],
        "Expires": [
          "-1"
        ]
      },
      "ResponseBody": "{\r\n  \"sku\": {\r\n    \"name\": \"Standard_GRS\",\r\n    \"tier\": \"Standard\"\r\n  },\r\n  \"kind\": \"Storage\",\r\n  \"id\": \"/subscriptions/1c638cf4-608f-4ee6-b680-c329e824c3a8/resourceGroups/rgvmss-1267/providers/Microsoft.Storage/storageAccounts/stgvmss783491f07630798\",\r\n  \"name\": \"stgvmss783491f07630798\",\r\n  \"type\": \"Microsoft.Storage/storageAccounts\",\r\n  \"location\": \"eastus\",\r\n  \"tags\": {},\r\n  \"properties\": {\r\n    \"networkAcls\": {\r\n      \"bypass\": \"AzureServices\",\r\n      \"virtualNetworkRules\": [],\r\n      \"ipRules\": [],\r\n      \"defaultAction\": \"Allow\"\r\n    },\r\n    \"supportsHttpsTrafficOnly\": false,\r\n    \"encryption\": {\r\n      \"services\": {\r\n        \"file\": {\r\n          \"enabled\": true,\r\n          \"lastEnabledTime\": \"2019-08-12T18:29:21.6561309Z\"\r\n        },\r\n        \"blob\": {\r\n          \"enabled\": true,\r\n          \"lastEnabledTime\": \"2019-08-12T18:29:21.6561309Z\"\r\n        }\r\n      },\r\n      \"keySource\": \"Microsoft.Storage\"\r\n    },\r\n    \"provisioningState\": \"Succeeded\",\r\n    \"creationTime\": \"2019-08-12T18:29:21.6092438Z\",\r\n    \"primaryEndpoints\": {\r\n      \"blob\": \"https://stgvmss783491f07630798.blob.core.windows.net/\",\r\n      \"queue\": \"https://stgvmss783491f07630798.queue.core.windows.net/\",\r\n      \"table\": \"https://stgvmss783491f07630798.table.core.windows.net/\",\r\n      \"file\": \"https://stgvmss783491f07630798.file.core.windows.net/\"\r\n    },\r\n    \"primaryLocation\": \"eastus\",\r\n    \"statusOfPrimary\": \"available\",\r\n    \"secondaryLocation\": \"westus\",\r\n    \"statusOfSecondary\": \"available\"\r\n  }\r\n}",
      "StatusCode": 200
    },
    {
      "RequestUri": "/subscriptions/1c638cf4-608f-4ee6-b680-c329e824c3a8/resourceGroups/rgvmss-1267/providers/Microsoft.Compute/virtualMachineScaleSets/vmss78349?api-version=2019-03-01",
      "EncodedRequestUri": "L3N1YnNjcmlwdGlvbnMvMWM2MzhjZjQtNjA4Zi00ZWU2LWI2ODAtYzMyOWU4MjRjM2E4L3Jlc291cmNlR3JvdXBzL3Jndm1zcy0xMjY3L3Byb3ZpZGVycy9NaWNyb3NvZnQuQ29tcHV0ZS92aXJ0dWFsTWFjaGluZVNjYWxlU2V0cy92bXNzNzgzNDk/YXBpLXZlcnNpb249MjAxOS0wMy0wMQ==",
      "RequestMethod": "PUT",
      "RequestBody": "{\r\n  \"sku\": {\r\n    \"name\": \"Standard_A0\",\r\n    \"tier\": \"Standard\",\r\n    \"capacity\": 2\r\n  },\r\n  \"properties\": {\r\n    \"upgradePolicy\": {\r\n      \"mode\": \"Automatic\"\r\n    },\r\n    \"virtualMachineProfile\": {\r\n      \"osProfile\": {\r\n        \"computerNamePrefix\": \"vmss78349-vm\",\r\n        \"adminUsername\": \"jvuser\",\r\n        \"adminPassword\": \"123OData!@#123\",\r\n        \"linuxConfiguration\": {\r\n          \"disablePasswordAuthentication\": false\r\n        }\r\n      },\r\n      \"storageProfile\": {\r\n        \"imageReference\": {\r\n          \"publisher\": \"Canonical\",\r\n          \"offer\": \"UbuntuServer\",\r\n          \"sku\": \"16.04.0-LTS\",\r\n          \"version\": \"latest\"\r\n        },\r\n        \"osDisk\": {\r\n          \"caching\": \"ReadWrite\",\r\n          \"createOption\": \"FromImage\",\r\n          \"managedDisk\": {\r\n            \"storageAccountType\": \"Standard_LRS\"\r\n          }\r\n        }\r\n      },\r\n      \"networkProfile\": {\r\n        \"networkInterfaceConfigurations\": [\r\n          {\r\n            \"name\": \"primary-nic-cfg\",\r\n            \"properties\": {\r\n              \"primary\": true,\r\n              \"ipConfigurations\": [\r\n                {\r\n                  \"name\": \"primary-nic-ip-cfg\",\r\n                  \"properties\": {\r\n                    \"subnet\": {\r\n                      \"id\": \"/subscriptions/1c638cf4-608f-4ee6-b680-c329e824c3a8/resourceGroups/rgvmss-1267/providers/Microsoft.Network/virtualNetworks/vmssvnet/subnets/subnet1\"\r\n                    },\r\n                    \"loadBalancerBackendAddressPools\": [\r\n                      {\r\n                        \"id\": \"/subscriptions/1c638cf4-608f-4ee6-b680-c329e824c3a8/resourceGroups/rgvmss-1267/providers/Microsoft.Network/loadBalancers/extlb1-3940/backendAddressPools/extlb1-3940-BAP1\"\r\n                      },\r\n                      {\r\n                        \"id\": \"/subscriptions/1c638cf4-608f-4ee6-b680-c329e824c3a8/resourceGroups/rgvmss-1267/providers/Microsoft.Network/loadBalancers/extlb1-3940/backendAddressPools/extlb1-3940-BAP2\"\r\n                      }\r\n                    ],\r\n                    \"loadBalancerInboundNatPools\": [\r\n                      {\r\n                        \"id\": \"/subscriptions/1c638cf4-608f-4ee6-b680-c329e824c3a8/resourceGroups/rgvmss-1267/providers/Microsoft.Network/loadBalancers/extlb1-3940/inboundNatPools/extlb1-3940-INP1\"\r\n                      },\r\n                      {\r\n                        \"id\": \"/subscriptions/1c638cf4-608f-4ee6-b680-c329e824c3a8/resourceGroups/rgvmss-1267/providers/Microsoft.Network/loadBalancers/extlb1-3940/inboundNatPools/extlb1-3940-INP2\"\r\n                      }\r\n                    ]\r\n                  }\r\n                }\r\n              ]\r\n            }\r\n          }\r\n        ]\r\n      },\r\n      \"diagnosticsProfile\": {\r\n        \"bootDiagnostics\": {\r\n          \"enabled\": true,\r\n          \"storageUri\": \"https://stgvmss783491f07630798.blob.core.windows.net/\"\r\n        }\r\n      }\r\n    }\r\n  },\r\n  \"location\": \"eastus\",\r\n  \"tags\": {}\r\n}",
      "RequestHeaders": {
        "x-ms-client-request-id": [
          "83116a0d-f014-41e7-b507-866d5540b101"
        ],
        "accept-language": [
          "en-US"
        ],
        "User-Agent": [
          "FxVersion/4.6.26614.01",
          "OSName/Windows",
          "OSVersion/Microsoft.Windows.10.0.18362.",
          "Microsoft.Azure.Management.Compute.Fluent.ComputeManagementClient/1.0.0.60",
          "MacAddressHash/e576395dc164e8ff527889e581ddd480e3ad9f4bd1e30c40b6a0ebc98fb3a2e7"
        ],
        "Content-Type": [
          "application/json; charset=utf-8"
        ],
        "Content-Length": [
          "2945"
        ]
      },
      "ResponseHeaders": {
        "Cache-Control": [
          "no-cache"
        ],
        "Date": [
          "Mon, 12 Aug 2019 18:29:43 GMT"
        ],
        "Pragma": [
          "no-cache"
        ],
        "Retry-After": [
          "10"
        ],
        "Server": [
          "Microsoft-HTTPAPI/2.0",
          "Microsoft-HTTPAPI/2.0"
        ],
        "Azure-AsyncOperation": [
          "https://management.azure.com/subscriptions/1c638cf4-608f-4ee6-b680-c329e824c3a8/providers/Microsoft.Compute/locations/eastus/operations/fe0ce4ad-2e47-437e-8bf5-1744ab0be970?api-version=2019-03-01"
        ],
        "Azure-AsyncNotification": [
          "Enabled"
        ],
        "x-ms-ratelimit-remaining-resource": [
          "Microsoft.Compute/CreateVMScaleSet3Min;59,Microsoft.Compute/CreateVMScaleSet30Min;297,Microsoft.Compute/VMScaleSetBatchedVMRequests5Min;1196,Microsoft.Compute/VmssQueuedVMOperations;4796"
        ],
        "x-ms-request-charge": [
          "4"
        ],
        "Strict-Transport-Security": [
          "max-age=31536000; includeSubDomains"
        ],
        "x-ms-request-id": [
          "fe0ce4ad-2e47-437e-8bf5-1744ab0be970"
        ],
        "x-ms-ratelimit-remaining-subscription-writes": [
          "1195"
        ],
        "x-ms-correlation-request-id": [
          "6e75dafb-eaa8-4ec4-a54f-a28e05f42d5a"
        ],
        "x-ms-routing-request-id": [
          "SOUTHEASTASIA:20190812T182943Z:6e75dafb-eaa8-4ec4-a54f-a28e05f42d5a"
        ],
        "X-Content-Type-Options": [
          "nosniff"
        ],
        "Content-Length": [
          "2919"
        ],
        "Content-Type": [
          "application/json; charset=utf-8"
        ],
        "Expires": [
          "-1"
        ]
      },
      "ResponseBody": "{\r\n  \"name\": \"vmss78349\",\r\n  \"id\": \"/subscriptions/1c638cf4-608f-4ee6-b680-c329e824c3a8/resourceGroups/rgvmss-1267/providers/Microsoft.Compute/virtualMachineScaleSets/vmss78349\",\r\n  \"type\": \"Microsoft.Compute/virtualMachineScaleSets\",\r\n  \"location\": \"eastus\",\r\n  \"tags\": {},\r\n  \"sku\": {\r\n    \"name\": \"Standard_A0\",\r\n    \"tier\": \"Standard\",\r\n    \"capacity\": 2\r\n  },\r\n  \"properties\": {\r\n    \"singlePlacementGroup\": true,\r\n    \"upgradePolicy\": {\r\n      \"mode\": \"Automatic\"\r\n    },\r\n    \"virtualMachineProfile\": {\r\n      \"osProfile\": {\r\n        \"computerNamePrefix\": \"vmss78349-vm\",\r\n        \"adminUsername\": \"jvuser\",\r\n        \"linuxConfiguration\": {\r\n          \"disablePasswordAuthentication\": false,\r\n          \"provisionVMAgent\": true\r\n        },\r\n        \"secrets\": [],\r\n        \"allowExtensionOperations\": true,\r\n        \"requireGuestProvisionSignal\": true\r\n      },\r\n      \"storageProfile\": {\r\n        \"osDisk\": {\r\n          \"createOption\": \"FromImage\",\r\n          \"caching\": \"ReadWrite\",\r\n          \"managedDisk\": {\r\n            \"storageAccountType\": \"Standard_LRS\"\r\n          }\r\n        },\r\n        \"imageReference\": {\r\n          \"publisher\": \"Canonical\",\r\n          \"offer\": \"UbuntuServer\",\r\n          \"sku\": \"16.04.0-LTS\",\r\n          \"version\": \"latest\"\r\n        }\r\n      },\r\n      \"networkProfile\": {\r\n        \"networkInterfaceConfigurations\": [\r\n          {\r\n            \"name\": \"primary-nic-cfg\",\r\n            \"properties\": {\r\n              \"primary\": true,\r\n              \"enableAcceleratedNetworking\": false,\r\n              \"dnsSettings\": {\r\n                \"dnsServers\": []\r\n              },\r\n              \"enableIPForwarding\": false,\r\n              \"ipConfigurations\": [\r\n                {\r\n                  \"name\": \"primary-nic-ip-cfg\",\r\n                  \"properties\": {\r\n                    \"subnet\": {\r\n                      \"id\": \"/subscriptions/1c638cf4-608f-4ee6-b680-c329e824c3a8/resourceGroups/rgvmss-1267/providers/Microsoft.Network/virtualNetworks/vmssvnet/subnets/subnet1\"\r\n                    },\r\n                    \"privateIPAddressVersion\": \"IPv4\",\r\n                    \"loadBalancerBackendAddressPools\": [\r\n                      {\r\n                        \"id\": \"/subscriptions/1c638cf4-608f-4ee6-b680-c329e824c3a8/resourceGroups/rgvmss-1267/providers/Microsoft.Network/loadBalancers/extlb1-3940/backendAddressPools/extlb1-3940-BAP1\"\r\n                      },\r\n                      {\r\n                        \"id\": \"/subscriptions/1c638cf4-608f-4ee6-b680-c329e824c3a8/resourceGroups/rgvmss-1267/providers/Microsoft.Network/loadBalancers/extlb1-3940/backendAddressPools/extlb1-3940-BAP2\"\r\n                      }\r\n                    ],\r\n                    \"loadBalancerInboundNatPools\": [\r\n                      {\r\n                        \"id\": \"/subscriptions/1c638cf4-608f-4ee6-b680-c329e824c3a8/resourceGroups/rgvmss-1267/providers/Microsoft.Network/loadBalancers/extlb1-3940/inboundNatPools/extlb1-3940-INP1\"\r\n                      },\r\n                      {\r\n                        \"id\": \"/subscriptions/1c638cf4-608f-4ee6-b680-c329e824c3a8/resourceGroups/rgvmss-1267/providers/Microsoft.Network/loadBalancers/extlb1-3940/inboundNatPools/extlb1-3940-INP2\"\r\n                      }\r\n                    ]\r\n                  }\r\n                }\r\n              ]\r\n            }\r\n          }\r\n        ]\r\n      },\r\n      \"diagnosticsProfile\": {\r\n        \"bootDiagnostics\": {\r\n          \"enabled\": true,\r\n          \"storageUri\": \"https://stgvmss783491f07630798.blob.core.windows.net/\"\r\n        }\r\n      }\r\n    },\r\n    \"provisioningState\": \"Creating\",\r\n    \"overprovision\": true,\r\n    \"doNotRunExtensionsOnOverprovisionedVMs\": false,\r\n    \"uniqueId\": \"48388033-a410-4d4d-b6fc-d0fb06260280\"\r\n  }\r\n}",
      "StatusCode": 201
    },
    {
      "RequestUri": "/subscriptions/1c638cf4-608f-4ee6-b680-c329e824c3a8/providers/Microsoft.Compute/locations/eastus/operations/fe0ce4ad-2e47-437e-8bf5-1744ab0be970?api-version=2019-03-01",
      "EncodedRequestUri": "L3N1YnNjcmlwdGlvbnMvMWM2MzhjZjQtNjA4Zi00ZWU2LWI2ODAtYzMyOWU4MjRjM2E4L3Byb3ZpZGVycy9NaWNyb3NvZnQuQ29tcHV0ZS9sb2NhdGlvbnMvZWFzdHVzL29wZXJhdGlvbnMvZmUwY2U0YWQtMmU0Ny00MzdlLThiZjUtMTc0NGFiMGJlOTcwP2FwaS12ZXJzaW9uPTIwMTktMDMtMDE=",
      "RequestMethod": "GET",
      "RequestBody": "",
      "RequestHeaders": {
        "User-Agent": [
          "FxVersion/4.6.26614.01",
          "OSName/Windows",
          "OSVersion/Microsoft.Windows.10.0.18362.",
          "Microsoft.Azure.Management.Compute.Fluent.ComputeManagementClient/1.0.0.60",
          "MacAddressHash/e576395dc164e8ff527889e581ddd480e3ad9f4bd1e30c40b6a0ebc98fb3a2e7"
        ]
      },
      "ResponseHeaders": {
        "Cache-Control": [
          "no-cache"
        ],
        "Date": [
          "Mon, 12 Aug 2019 18:29:53 GMT"
        ],
        "Pragma": [
          "no-cache"
        ],
        "Retry-After": [
          "61"
        ],
        "Server": [
          "Microsoft-HTTPAPI/2.0",
          "Microsoft-HTTPAPI/2.0"
        ],
        "x-ms-ratelimit-remaining-resource": [
          "Microsoft.Compute/GetOperation3Min;14999,Microsoft.Compute/GetOperation30Min;29983"
        ],
        "Strict-Transport-Security": [
          "max-age=31536000; includeSubDomains"
        ],
        "x-ms-request-id": [
          "b602aeaa-10de-4c91-a46e-d36232a176cc"
        ],
        "x-ms-ratelimit-remaining-subscription-reads": [
          "11987"
        ],
        "x-ms-correlation-request-id": [
          "a6f7ceec-eb9f-45ad-b2a3-bf9c51d4bca9"
        ],
        "x-ms-routing-request-id": [
          "SOUTHEASTASIA:20190812T182954Z:a6f7ceec-eb9f-45ad-b2a3-bf9c51d4bca9"
        ],
        "X-Content-Type-Options": [
          "nosniff"
        ],
        "Content-Length": [
          "134"
        ],
        "Content-Type": [
          "application/json; charset=utf-8"
        ],
        "Expires": [
          "-1"
        ]
      },
      "ResponseBody": "{\r\n  \"startTime\": \"2019-08-13T02:29:41.9914544+08:00\",\r\n  \"status\": \"InProgress\",\r\n  \"name\": \"fe0ce4ad-2e47-437e-8bf5-1744ab0be970\"\r\n}",
      "StatusCode": 200
    },
    {
      "RequestUri": "/subscriptions/1c638cf4-608f-4ee6-b680-c329e824c3a8/providers/Microsoft.Compute/locations/eastus/operations/fe0ce4ad-2e47-437e-8bf5-1744ab0be970?api-version=2019-03-01",
      "EncodedRequestUri": "L3N1YnNjcmlwdGlvbnMvMWM2MzhjZjQtNjA4Zi00ZWU2LWI2ODAtYzMyOWU4MjRjM2E4L3Byb3ZpZGVycy9NaWNyb3NvZnQuQ29tcHV0ZS9sb2NhdGlvbnMvZWFzdHVzL29wZXJhdGlvbnMvZmUwY2U0YWQtMmU0Ny00MzdlLThiZjUtMTc0NGFiMGJlOTcwP2FwaS12ZXJzaW9uPTIwMTktMDMtMDE=",
      "RequestMethod": "GET",
      "RequestBody": "",
      "RequestHeaders": {
        "User-Agent": [
          "FxVersion/4.6.26614.01",
          "OSName/Windows",
          "OSVersion/Microsoft.Windows.10.0.18362.",
          "Microsoft.Azure.Management.Compute.Fluent.ComputeManagementClient/1.0.0.60",
          "MacAddressHash/e576395dc164e8ff527889e581ddd480e3ad9f4bd1e30c40b6a0ebc98fb3a2e7"
        ]
      },
      "ResponseHeaders": {
        "Cache-Control": [
          "no-cache"
        ],
        "Date": [
          "Mon, 12 Aug 2019 18:30:56 GMT"
        ],
        "Pragma": [
          "no-cache"
        ],
        "Server": [
          "Microsoft-HTTPAPI/2.0",
          "Microsoft-HTTPAPI/2.0"
        ],
        "x-ms-ratelimit-remaining-resource": [
          "Microsoft.Compute/GetOperation3Min;14998,Microsoft.Compute/GetOperation30Min;29982"
        ],
        "Strict-Transport-Security": [
          "max-age=31536000; includeSubDomains"
        ],
        "x-ms-request-id": [
          "e7cf3c1f-912e-4c27-aaa5-f2810da9694d"
        ],
        "x-ms-ratelimit-remaining-subscription-reads": [
          "11997"
        ],
        "x-ms-correlation-request-id": [
          "1f42a6fe-1c70-4bd4-bdc8-e44192405387"
        ],
        "x-ms-routing-request-id": [
          "SOUTHEASTASIA:20190812T183056Z:1f42a6fe-1c70-4bd4-bdc8-e44192405387"
        ],
        "X-Content-Type-Options": [
          "nosniff"
        ],
        "Content-Length": [
          "134"
        ],
        "Content-Type": [
          "application/json; charset=utf-8"
        ],
        "Expires": [
          "-1"
        ]
      },
      "ResponseBody": "{\r\n  \"startTime\": \"2019-08-13T02:29:41.9914544+08:00\",\r\n  \"status\": \"InProgress\",\r\n  \"name\": \"fe0ce4ad-2e47-437e-8bf5-1744ab0be970\"\r\n}",
      "StatusCode": 200
    },
    {
      "RequestUri": "/subscriptions/1c638cf4-608f-4ee6-b680-c329e824c3a8/providers/Microsoft.Compute/locations/eastus/operations/fe0ce4ad-2e47-437e-8bf5-1744ab0be970?api-version=2019-03-01",
      "EncodedRequestUri": "L3N1YnNjcmlwdGlvbnMvMWM2MzhjZjQtNjA4Zi00ZWU2LWI2ODAtYzMyOWU4MjRjM2E4L3Byb3ZpZGVycy9NaWNyb3NvZnQuQ29tcHV0ZS9sb2NhdGlvbnMvZWFzdHVzL29wZXJhdGlvbnMvZmUwY2U0YWQtMmU0Ny00MzdlLThiZjUtMTc0NGFiMGJlOTcwP2FwaS12ZXJzaW9uPTIwMTktMDMtMDE=",
      "RequestMethod": "GET",
      "RequestBody": "",
      "RequestHeaders": {
        "User-Agent": [
          "FxVersion/4.6.26614.01",
          "OSName/Windows",
          "OSVersion/Microsoft.Windows.10.0.18362.",
          "Microsoft.Azure.Management.Compute.Fluent.ComputeManagementClient/1.0.0.60",
          "MacAddressHash/e576395dc164e8ff527889e581ddd480e3ad9f4bd1e30c40b6a0ebc98fb3a2e7"
        ]
      },
      "ResponseHeaders": {
        "Cache-Control": [
          "no-cache"
        ],
        "Date": [
          "Mon, 12 Aug 2019 18:31:57 GMT"
        ],
        "Pragma": [
          "no-cache"
        ],
        "Server": [
          "Microsoft-HTTPAPI/2.0",
          "Microsoft-HTTPAPI/2.0"
        ],
        "x-ms-ratelimit-remaining-resource": [
          "Microsoft.Compute/GetOperation3Min;14995,Microsoft.Compute/GetOperation30Min;29979"
        ],
        "Strict-Transport-Security": [
          "max-age=31536000; includeSubDomains"
        ],
        "x-ms-request-id": [
          "90eac493-8128-4f65-88fc-2492a8bdc8c5"
        ],
        "x-ms-ratelimit-remaining-subscription-reads": [
          "11880"
        ],
        "x-ms-correlation-request-id": [
          "08fc0cfb-b9c4-4a9d-8ed6-17b8e3b95c73"
        ],
        "x-ms-routing-request-id": [
          "SOUTHEASTASIA:20190812T183157Z:08fc0cfb-b9c4-4a9d-8ed6-17b8e3b95c73"
        ],
        "X-Content-Type-Options": [
          "nosniff"
        ],
        "Content-Length": [
          "184"
        ],
        "Content-Type": [
          "application/json; charset=utf-8"
        ],
        "Expires": [
          "-1"
        ]
      },
      "ResponseBody": "{\r\n  \"startTime\": \"2019-08-13T02:29:41.9914544+08:00\",\r\n  \"endTime\": \"2019-08-13T02:31:52.1794218+08:00\",\r\n  \"status\": \"Succeeded\",\r\n  \"name\": \"fe0ce4ad-2e47-437e-8bf5-1744ab0be970\"\r\n}",
      "StatusCode": 200
    },
    {
      "RequestUri": "/subscriptions/1c638cf4-608f-4ee6-b680-c329e824c3a8/resourceGroups/rgvmss-1267/providers/Microsoft.Compute/virtualMachineScaleSets/vmss78349?api-version=2019-03-01",
      "EncodedRequestUri": "L3N1YnNjcmlwdGlvbnMvMWM2MzhjZjQtNjA4Zi00ZWU2LWI2ODAtYzMyOWU4MjRjM2E4L3Jlc291cmNlR3JvdXBzL3Jndm1zcy0xMjY3L3Byb3ZpZGVycy9NaWNyb3NvZnQuQ29tcHV0ZS92aXJ0dWFsTWFjaGluZVNjYWxlU2V0cy92bXNzNzgzNDk/YXBpLXZlcnNpb249MjAxOS0wMy0wMQ==",
      "RequestMethod": "GET",
      "RequestBody": "",
      "RequestHeaders": {
        "User-Agent": [
          "FxVersion/4.6.26614.01",
          "OSName/Windows",
          "OSVersion/Microsoft.Windows.10.0.18362.",
          "Microsoft.Azure.Management.Compute.Fluent.ComputeManagementClient/1.0.0.60",
          "MacAddressHash/e576395dc164e8ff527889e581ddd480e3ad9f4bd1e30c40b6a0ebc98fb3a2e7"
        ]
      },
      "ResponseHeaders": {
        "Cache-Control": [
          "no-cache"
        ],
        "Date": [
          "Mon, 12 Aug 2019 18:31:57 GMT"
        ],
        "Pragma": [
          "no-cache"
        ],
        "Server": [
          "Microsoft-HTTPAPI/2.0",
          "Microsoft-HTTPAPI/2.0"
        ],
        "x-ms-ratelimit-remaining-resource": [
          "Microsoft.Compute/GetVMScaleSet3Min;197,Microsoft.Compute/GetVMScaleSet30Min;1284"
        ],
        "Strict-Transport-Security": [
          "max-age=31536000; includeSubDomains"
        ],
        "x-ms-request-id": [
          "17e5fd9e-749e-424d-8f03-77a6a2fa9567"
        ],
        "x-ms-ratelimit-remaining-subscription-reads": [
          "11879"
        ],
        "x-ms-correlation-request-id": [
          "c32e7117-0a0f-4370-8dcf-9d40947cfaa0"
        ],
        "x-ms-routing-request-id": [
          "SOUTHEASTASIA:20190812T183158Z:c32e7117-0a0f-4370-8dcf-9d40947cfaa0"
        ],
        "X-Content-Type-Options": [
          "nosniff"
        ],
        "Content-Length": [
          "2920"
        ],
        "Content-Type": [
          "application/json; charset=utf-8"
        ],
        "Expires": [
          "-1"
        ]
      },
      "ResponseBody": "{\r\n  \"name\": \"vmss78349\",\r\n  \"id\": \"/subscriptions/1c638cf4-608f-4ee6-b680-c329e824c3a8/resourceGroups/rgvmss-1267/providers/Microsoft.Compute/virtualMachineScaleSets/vmss78349\",\r\n  \"type\": \"Microsoft.Compute/virtualMachineScaleSets\",\r\n  \"location\": \"eastus\",\r\n  \"tags\": {},\r\n  \"sku\": {\r\n    \"name\": \"Standard_A0\",\r\n    \"tier\": \"Standard\",\r\n    \"capacity\": 2\r\n  },\r\n  \"properties\": {\r\n    \"singlePlacementGroup\": true,\r\n    \"upgradePolicy\": {\r\n      \"mode\": \"Automatic\"\r\n    },\r\n    \"virtualMachineProfile\": {\r\n      \"osProfile\": {\r\n        \"computerNamePrefix\": \"vmss78349-vm\",\r\n        \"adminUsername\": \"jvuser\",\r\n        \"linuxConfiguration\": {\r\n          \"disablePasswordAuthentication\": false,\r\n          \"provisionVMAgent\": true\r\n        },\r\n        \"secrets\": [],\r\n        \"allowExtensionOperations\": true,\r\n        \"requireGuestProvisionSignal\": true\r\n      },\r\n      \"storageProfile\": {\r\n        \"osDisk\": {\r\n          \"createOption\": \"FromImage\",\r\n          \"caching\": \"ReadWrite\",\r\n          \"managedDisk\": {\r\n            \"storageAccountType\": \"Standard_LRS\"\r\n          }\r\n        },\r\n        \"imageReference\": {\r\n          \"publisher\": \"Canonical\",\r\n          \"offer\": \"UbuntuServer\",\r\n          \"sku\": \"16.04.0-LTS\",\r\n          \"version\": \"latest\"\r\n        }\r\n      },\r\n      \"networkProfile\": {\r\n        \"networkInterfaceConfigurations\": [\r\n          {\r\n            \"name\": \"primary-nic-cfg\",\r\n            \"properties\": {\r\n              \"primary\": true,\r\n              \"enableAcceleratedNetworking\": false,\r\n              \"dnsSettings\": {\r\n                \"dnsServers\": []\r\n              },\r\n              \"enableIPForwarding\": false,\r\n              \"ipConfigurations\": [\r\n                {\r\n                  \"name\": \"primary-nic-ip-cfg\",\r\n                  \"properties\": {\r\n                    \"subnet\": {\r\n                      \"id\": \"/subscriptions/1c638cf4-608f-4ee6-b680-c329e824c3a8/resourceGroups/rgvmss-1267/providers/Microsoft.Network/virtualNetworks/vmssvnet/subnets/subnet1\"\r\n                    },\r\n                    \"privateIPAddressVersion\": \"IPv4\",\r\n                    \"loadBalancerBackendAddressPools\": [\r\n                      {\r\n                        \"id\": \"/subscriptions/1c638cf4-608f-4ee6-b680-c329e824c3a8/resourceGroups/rgvmss-1267/providers/Microsoft.Network/loadBalancers/extlb1-3940/backendAddressPools/extlb1-3940-BAP1\"\r\n                      },\r\n                      {\r\n                        \"id\": \"/subscriptions/1c638cf4-608f-4ee6-b680-c329e824c3a8/resourceGroups/rgvmss-1267/providers/Microsoft.Network/loadBalancers/extlb1-3940/backendAddressPools/extlb1-3940-BAP2\"\r\n                      }\r\n                    ],\r\n                    \"loadBalancerInboundNatPools\": [\r\n                      {\r\n                        \"id\": \"/subscriptions/1c638cf4-608f-4ee6-b680-c329e824c3a8/resourceGroups/rgvmss-1267/providers/Microsoft.Network/loadBalancers/extlb1-3940/inboundNatPools/extlb1-3940-INP1\"\r\n                      },\r\n                      {\r\n                        \"id\": \"/subscriptions/1c638cf4-608f-4ee6-b680-c329e824c3a8/resourceGroups/rgvmss-1267/providers/Microsoft.Network/loadBalancers/extlb1-3940/inboundNatPools/extlb1-3940-INP2\"\r\n                      }\r\n                    ]\r\n                  }\r\n                }\r\n              ]\r\n            }\r\n          }\r\n        ]\r\n      },\r\n      \"diagnosticsProfile\": {\r\n        \"bootDiagnostics\": {\r\n          \"enabled\": true,\r\n          \"storageUri\": \"https://stgvmss783491f07630798.blob.core.windows.net/\"\r\n        }\r\n      }\r\n    },\r\n    \"provisioningState\": \"Succeeded\",\r\n    \"overprovision\": true,\r\n    \"doNotRunExtensionsOnOverprovisionedVMs\": false,\r\n    \"uniqueId\": \"48388033-a410-4d4d-b6fc-d0fb06260280\"\r\n  }\r\n}",
      "StatusCode": 200
    },
    {
      "RequestUri": "/subscriptions/1c638cf4-608f-4ee6-b680-c329e824c3a8/resourcegroups/rgvmss-1267?api-version=2017-05-10",
      "EncodedRequestUri": "L3N1YnNjcmlwdGlvbnMvMWM2MzhjZjQtNjA4Zi00ZWU2LWI2ODAtYzMyOWU4MjRjM2E4L3Jlc291cmNlZ3JvdXBzL3Jndm1zcy0xMjY3P2FwaS12ZXJzaW9uPTIwMTctMDUtMTA=",
      "RequestMethod": "DELETE",
      "RequestBody": "",
      "RequestHeaders": {
        "x-ms-client-request-id": [
          "0327ce05-b5b4-4f6c-aef5-ccaee5056473"
        ],
        "accept-language": [
          "en-US"
        ],
        "User-Agent": [
          "FxVersion/4.6.26614.01",
          "OSName/Windows",
          "OSVersion/Microsoft.Windows.10.0.18362.",
          "Microsoft.Azure.Management.ResourceManager.Fluent.ResourceManagementClient/1.0.0.60",
          "MacAddressHash/e576395dc164e8ff527889e581ddd480e3ad9f4bd1e30c40b6a0ebc98fb3a2e7"
        ]
      },
      "ResponseHeaders": {
        "Cache-Control": [
          "no-cache"
        ],
        "Date": [
          "Mon, 12 Aug 2019 18:32:04 GMT"
        ],
        "Pragma": [
          "no-cache"
        ],
        "Location": [
          "https://management.azure.com/subscriptions/1c638cf4-608f-4ee6-b680-c329e824c3a8/operationresults/eyJqb2JJZCI6IlJFU09VUkNFR1JPVVBERUxFVElPTkpPQi1SR1ZNU1M6MkQxMjY3LUVBU1RVUyIsImpvYkxvY2F0aW9uIjoiZWFzdHVzIn0?api-version=2017-05-10"
        ],
        "Retry-After": [
          "15"
        ],
        "x-ms-ratelimit-remaining-subscription-deletes": [
          "14999"
        ],
        "x-ms-request-id": [
          "63b16f4f-01e2-43c6-90ee-cff6727c49e1"
        ],
        "x-ms-correlation-request-id": [
          "63b16f4f-01e2-43c6-90ee-cff6727c49e1"
        ],
        "x-ms-routing-request-id": [
          "SOUTHEASTASIA:20190812T183204Z:63b16f4f-01e2-43c6-90ee-cff6727c49e1"
        ],
        "Strict-Transport-Security": [
          "max-age=31536000; includeSubDomains"
        ],
        "X-Content-Type-Options": [
          "nosniff"
        ],
        "Content-Length": [
          "0"
        ],
        "Expires": [
          "-1"
        ]
      },
      "ResponseBody": "",
      "StatusCode": 202
    },
    {
      "RequestUri": "/subscriptions/1c638cf4-608f-4ee6-b680-c329e824c3a8/operationresults/eyJqb2JJZCI6IlJFU09VUkNFR1JPVVBERUxFVElPTkpPQi1SR1ZNU1M6MkQxMjY3LUVBU1RVUyIsImpvYkxvY2F0aW9uIjoiZWFzdHVzIn0?api-version=2017-05-10",
      "EncodedRequestUri": "L3N1YnNjcmlwdGlvbnMvMWM2MzhjZjQtNjA4Zi00ZWU2LWI2ODAtYzMyOWU4MjRjM2E4L29wZXJhdGlvbnJlc3VsdHMvZXlKcWIySkpaQ0k2SWxKRlUwOVZVa05GUjFKUFZWQkVSVXhGVkVsUFRrcFBRaTFTUjFaTlUxTTZNa1F4TWpZM0xVVkJVMVJWVXlJc0ltcHZZa3h2WTJGMGFXOXVJam9pWldGemRIVnpJbjA/YXBpLXZlcnNpb249MjAxNy0wNS0xMA==",
      "RequestMethod": "GET",
      "RequestBody": "",
      "RequestHeaders": {
        "User-Agent": [
          "FxVersion/4.6.26614.01",
          "OSName/Windows",
          "OSVersion/Microsoft.Windows.10.0.18362.",
          "Microsoft.Azure.Management.ResourceManager.Fluent.ResourceManagementClient/1.0.0.60",
          "MacAddressHash/e576395dc164e8ff527889e581ddd480e3ad9f4bd1e30c40b6a0ebc98fb3a2e7"
        ]
      },
      "ResponseHeaders": {
        "Cache-Control": [
          "no-cache"
        ],
        "Date": [
          "Mon, 12 Aug 2019 18:32:19 GMT"
        ],
        "Pragma": [
          "no-cache"
        ],
        "Location": [
          "https://management.azure.com/subscriptions/1c638cf4-608f-4ee6-b680-c329e824c3a8/operationresults/eyJqb2JJZCI6IlJFU09VUkNFR1JPVVBERUxFVElPTkpPQi1SR1ZNU1M6MkQxMjY3LUVBU1RVUyIsImpvYkxvY2F0aW9uIjoiZWFzdHVzIn0?api-version=2017-05-10"
        ],
        "Retry-After": [
          "15"
        ],
        "x-ms-ratelimit-remaining-subscription-reads": [
          "11986"
        ],
        "x-ms-request-id": [
          "4529f3bb-877a-4d7b-8fd2-6484000ce569"
        ],
        "x-ms-correlation-request-id": [
          "4529f3bb-877a-4d7b-8fd2-6484000ce569"
        ],
        "x-ms-routing-request-id": [
          "SOUTHEASTASIA:20190812T183220Z:4529f3bb-877a-4d7b-8fd2-6484000ce569"
        ],
        "Strict-Transport-Security": [
          "max-age=31536000; includeSubDomains"
        ],
        "X-Content-Type-Options": [
          "nosniff"
        ],
        "Content-Length": [
          "0"
        ],
        "Expires": [
          "-1"
        ]
      },
      "ResponseBody": "",
      "StatusCode": 202
    },
    {
      "RequestUri": "/subscriptions/1c638cf4-608f-4ee6-b680-c329e824c3a8/operationresults/eyJqb2JJZCI6IlJFU09VUkNFR1JPVVBERUxFVElPTkpPQi1SR1ZNU1M6MkQxMjY3LUVBU1RVUyIsImpvYkxvY2F0aW9uIjoiZWFzdHVzIn0?api-version=2017-05-10",
      "EncodedRequestUri": "L3N1YnNjcmlwdGlvbnMvMWM2MzhjZjQtNjA4Zi00ZWU2LWI2ODAtYzMyOWU4MjRjM2E4L29wZXJhdGlvbnJlc3VsdHMvZXlKcWIySkpaQ0k2SWxKRlUwOVZVa05GUjFKUFZWQkVSVXhGVkVsUFRrcFBRaTFTUjFaTlUxTTZNa1F4TWpZM0xVVkJVMVJWVXlJc0ltcHZZa3h2WTJGMGFXOXVJam9pWldGemRIVnpJbjA/YXBpLXZlcnNpb249MjAxNy0wNS0xMA==",
      "RequestMethod": "GET",
      "RequestBody": "",
      "RequestHeaders": {
        "User-Agent": [
          "FxVersion/4.6.26614.01",
          "OSName/Windows",
          "OSVersion/Microsoft.Windows.10.0.18362.",
          "Microsoft.Azure.Management.ResourceManager.Fluent.ResourceManagementClient/1.0.0.60",
          "MacAddressHash/e576395dc164e8ff527889e581ddd480e3ad9f4bd1e30c40b6a0ebc98fb3a2e7"
        ]
      },
      "ResponseHeaders": {
        "Cache-Control": [
          "no-cache"
        ],
        "Date": [
          "Mon, 12 Aug 2019 18:32:35 GMT"
        ],
        "Pragma": [
          "no-cache"
        ],
        "Location": [
          "https://management.azure.com/subscriptions/1c638cf4-608f-4ee6-b680-c329e824c3a8/operationresults/eyJqb2JJZCI6IlJFU09VUkNFR1JPVVBERUxFVElPTkpPQi1SR1ZNU1M6MkQxMjY3LUVBU1RVUyIsImpvYkxvY2F0aW9uIjoiZWFzdHVzIn0?api-version=2017-05-10"
        ],
        "Retry-After": [
          "15"
        ],
        "x-ms-ratelimit-remaining-subscription-reads": [
          "11985"
        ],
        "x-ms-request-id": [
          "c9a19191-4493-4e8b-96ed-a147e9d8ce8e"
        ],
        "x-ms-correlation-request-id": [
          "c9a19191-4493-4e8b-96ed-a147e9d8ce8e"
        ],
        "x-ms-routing-request-id": [
          "SOUTHEASTASIA:20190812T183236Z:c9a19191-4493-4e8b-96ed-a147e9d8ce8e"
        ],
        "Strict-Transport-Security": [
          "max-age=31536000; includeSubDomains"
        ],
        "X-Content-Type-Options": [
          "nosniff"
        ],
        "Content-Length": [
          "0"
        ],
        "Expires": [
          "-1"
        ]
      },
      "ResponseBody": "",
      "StatusCode": 202
    },
    {
      "RequestUri": "/subscriptions/1c638cf4-608f-4ee6-b680-c329e824c3a8/operationresults/eyJqb2JJZCI6IlJFU09VUkNFR1JPVVBERUxFVElPTkpPQi1SR1ZNU1M6MkQxMjY3LUVBU1RVUyIsImpvYkxvY2F0aW9uIjoiZWFzdHVzIn0?api-version=2017-05-10",
      "EncodedRequestUri": "L3N1YnNjcmlwdGlvbnMvMWM2MzhjZjQtNjA4Zi00ZWU2LWI2ODAtYzMyOWU4MjRjM2E4L29wZXJhdGlvbnJlc3VsdHMvZXlKcWIySkpaQ0k2SWxKRlUwOVZVa05GUjFKUFZWQkVSVXhGVkVsUFRrcFBRaTFTUjFaTlUxTTZNa1F4TWpZM0xVVkJVMVJWVXlJc0ltcHZZa3h2WTJGMGFXOXVJam9pWldGemRIVnpJbjA/YXBpLXZlcnNpb249MjAxNy0wNS0xMA==",
      "RequestMethod": "GET",
      "RequestBody": "",
      "RequestHeaders": {
        "User-Agent": [
          "FxVersion/4.6.26614.01",
          "OSName/Windows",
          "OSVersion/Microsoft.Windows.10.0.18362.",
          "Microsoft.Azure.Management.ResourceManager.Fluent.ResourceManagementClient/1.0.0.60",
          "MacAddressHash/e576395dc164e8ff527889e581ddd480e3ad9f4bd1e30c40b6a0ebc98fb3a2e7"
        ]
      },
      "ResponseHeaders": {
        "Cache-Control": [
          "no-cache"
        ],
        "Date": [
          "Mon, 12 Aug 2019 18:32:51 GMT"
        ],
        "Pragma": [
          "no-cache"
        ],
        "Location": [
          "https://management.azure.com/subscriptions/1c638cf4-608f-4ee6-b680-c329e824c3a8/operationresults/eyJqb2JJZCI6IlJFU09VUkNFR1JPVVBERUxFVElPTkpPQi1SR1ZNU1M6MkQxMjY3LUVBU1RVUyIsImpvYkxvY2F0aW9uIjoiZWFzdHVzIn0?api-version=2017-05-10"
        ],
        "Retry-After": [
          "15"
        ],
        "x-ms-ratelimit-remaining-subscription-reads": [
          "11984"
        ],
        "x-ms-request-id": [
          "8a491bee-078d-4bb9-a0d3-023c66c56cac"
        ],
        "x-ms-correlation-request-id": [
          "8a491bee-078d-4bb9-a0d3-023c66c56cac"
        ],
        "x-ms-routing-request-id": [
          "SOUTHEASTASIA:20190812T183251Z:8a491bee-078d-4bb9-a0d3-023c66c56cac"
        ],
        "Strict-Transport-Security": [
          "max-age=31536000; includeSubDomains"
        ],
        "X-Content-Type-Options": [
          "nosniff"
        ],
        "Content-Length": [
          "0"
        ],
        "Expires": [
          "-1"
        ]
      },
      "ResponseBody": "",
      "StatusCode": 202
    },
    {
      "RequestUri": "/subscriptions/1c638cf4-608f-4ee6-b680-c329e824c3a8/operationresults/eyJqb2JJZCI6IlJFU09VUkNFR1JPVVBERUxFVElPTkpPQi1SR1ZNU1M6MkQxMjY3LUVBU1RVUyIsImpvYkxvY2F0aW9uIjoiZWFzdHVzIn0?api-version=2017-05-10",
      "EncodedRequestUri": "L3N1YnNjcmlwdGlvbnMvMWM2MzhjZjQtNjA4Zi00ZWU2LWI2ODAtYzMyOWU4MjRjM2E4L29wZXJhdGlvbnJlc3VsdHMvZXlKcWIySkpaQ0k2SWxKRlUwOVZVa05GUjFKUFZWQkVSVXhGVkVsUFRrcFBRaTFTUjFaTlUxTTZNa1F4TWpZM0xVVkJVMVJWVXlJc0ltcHZZa3h2WTJGMGFXOXVJam9pWldGemRIVnpJbjA/YXBpLXZlcnNpb249MjAxNy0wNS0xMA==",
      "RequestMethod": "GET",
      "RequestBody": "",
      "RequestHeaders": {
        "User-Agent": [
          "FxVersion/4.6.26614.01",
          "OSName/Windows",
          "OSVersion/Microsoft.Windows.10.0.18362.",
          "Microsoft.Azure.Management.ResourceManager.Fluent.ResourceManagementClient/1.0.0.60",
          "MacAddressHash/e576395dc164e8ff527889e581ddd480e3ad9f4bd1e30c40b6a0ebc98fb3a2e7"
        ]
      },
      "ResponseHeaders": {
        "Cache-Control": [
          "no-cache"
        ],
        "Date": [
          "Mon, 12 Aug 2019 18:33:06 GMT"
        ],
        "Pragma": [
          "no-cache"
        ],
        "Location": [
          "https://management.azure.com/subscriptions/1c638cf4-608f-4ee6-b680-c329e824c3a8/operationresults/eyJqb2JJZCI6IlJFU09VUkNFR1JPVVBERUxFVElPTkpPQi1SR1ZNU1M6MkQxMjY3LUVBU1RVUyIsImpvYkxvY2F0aW9uIjoiZWFzdHVzIn0?api-version=2017-05-10"
        ],
        "Retry-After": [
          "15"
        ],
        "x-ms-ratelimit-remaining-subscription-reads": [
          "11983"
        ],
        "x-ms-request-id": [
          "68a76bde-997c-4b01-a727-c7d7000528eb"
        ],
        "x-ms-correlation-request-id": [
          "68a76bde-997c-4b01-a727-c7d7000528eb"
        ],
        "x-ms-routing-request-id": [
          "SOUTHEASTASIA:20190812T183307Z:68a76bde-997c-4b01-a727-c7d7000528eb"
        ],
        "Strict-Transport-Security": [
          "max-age=31536000; includeSubDomains"
        ],
        "X-Content-Type-Options": [
          "nosniff"
        ],
        "Content-Length": [
          "0"
        ],
        "Expires": [
          "-1"
        ]
      },
      "ResponseBody": "",
      "StatusCode": 202
    },
    {
      "RequestUri": "/subscriptions/1c638cf4-608f-4ee6-b680-c329e824c3a8/operationresults/eyJqb2JJZCI6IlJFU09VUkNFR1JPVVBERUxFVElPTkpPQi1SR1ZNU1M6MkQxMjY3LUVBU1RVUyIsImpvYkxvY2F0aW9uIjoiZWFzdHVzIn0?api-version=2017-05-10",
      "EncodedRequestUri": "L3N1YnNjcmlwdGlvbnMvMWM2MzhjZjQtNjA4Zi00ZWU2LWI2ODAtYzMyOWU4MjRjM2E4L29wZXJhdGlvbnJlc3VsdHMvZXlKcWIySkpaQ0k2SWxKRlUwOVZVa05GUjFKUFZWQkVSVXhGVkVsUFRrcFBRaTFTUjFaTlUxTTZNa1F4TWpZM0xVVkJVMVJWVXlJc0ltcHZZa3h2WTJGMGFXOXVJam9pWldGemRIVnpJbjA/YXBpLXZlcnNpb249MjAxNy0wNS0xMA==",
      "RequestMethod": "GET",
      "RequestBody": "",
      "RequestHeaders": {
        "User-Agent": [
          "FxVersion/4.6.26614.01",
          "OSName/Windows",
          "OSVersion/Microsoft.Windows.10.0.18362.",
          "Microsoft.Azure.Management.ResourceManager.Fluent.ResourceManagementClient/1.0.0.60",
          "MacAddressHash/e576395dc164e8ff527889e581ddd480e3ad9f4bd1e30c40b6a0ebc98fb3a2e7"
        ]
      },
      "ResponseHeaders": {
        "Cache-Control": [
          "no-cache"
        ],
        "Date": [
          "Mon, 12 Aug 2019 18:33:21 GMT"
        ],
        "Pragma": [
          "no-cache"
        ],
        "Location": [
          "https://management.azure.com/subscriptions/1c638cf4-608f-4ee6-b680-c329e824c3a8/operationresults/eyJqb2JJZCI6IlJFU09VUkNFR1JPVVBERUxFVElPTkpPQi1SR1ZNU1M6MkQxMjY3LUVBU1RVUyIsImpvYkxvY2F0aW9uIjoiZWFzdHVzIn0?api-version=2017-05-10"
        ],
        "Retry-After": [
          "15"
        ],
        "x-ms-ratelimit-remaining-subscription-reads": [
          "11982"
        ],
        "x-ms-request-id": [
          "5cb0d79e-9adb-4ad0-927e-693f3f40d385"
        ],
        "x-ms-correlation-request-id": [
          "5cb0d79e-9adb-4ad0-927e-693f3f40d385"
        ],
        "x-ms-routing-request-id": [
          "SOUTHEASTASIA:20190812T183322Z:5cb0d79e-9adb-4ad0-927e-693f3f40d385"
        ],
        "Strict-Transport-Security": [
          "max-age=31536000; includeSubDomains"
        ],
        "X-Content-Type-Options": [
          "nosniff"
        ],
        "Content-Length": [
          "0"
        ],
        "Expires": [
          "-1"
        ]
      },
      "ResponseBody": "",
      "StatusCode": 202
    },
    {
      "RequestUri": "/subscriptions/1c638cf4-608f-4ee6-b680-c329e824c3a8/operationresults/eyJqb2JJZCI6IlJFU09VUkNFR1JPVVBERUxFVElPTkpPQi1SR1ZNU1M6MkQxMjY3LUVBU1RVUyIsImpvYkxvY2F0aW9uIjoiZWFzdHVzIn0?api-version=2017-05-10",
      "EncodedRequestUri": "L3N1YnNjcmlwdGlvbnMvMWM2MzhjZjQtNjA4Zi00ZWU2LWI2ODAtYzMyOWU4MjRjM2E4L29wZXJhdGlvbnJlc3VsdHMvZXlKcWIySkpaQ0k2SWxKRlUwOVZVa05GUjFKUFZWQkVSVXhGVkVsUFRrcFBRaTFTUjFaTlUxTTZNa1F4TWpZM0xVVkJVMVJWVXlJc0ltcHZZa3h2WTJGMGFXOXVJam9pWldGemRIVnpJbjA/YXBpLXZlcnNpb249MjAxNy0wNS0xMA==",
      "RequestMethod": "GET",
      "RequestBody": "",
      "RequestHeaders": {
        "User-Agent": [
          "FxVersion/4.6.26614.01",
          "OSName/Windows",
          "OSVersion/Microsoft.Windows.10.0.18362.",
          "Microsoft.Azure.Management.ResourceManager.Fluent.ResourceManagementClient/1.0.0.60",
          "MacAddressHash/e576395dc164e8ff527889e581ddd480e3ad9f4bd1e30c40b6a0ebc98fb3a2e7"
        ]
      },
      "ResponseHeaders": {
        "Cache-Control": [
          "no-cache"
        ],
        "Date": [
          "Mon, 12 Aug 2019 18:33:38 GMT"
        ],
        "Pragma": [
          "no-cache"
        ],
        "Location": [
          "https://management.azure.com/subscriptions/1c638cf4-608f-4ee6-b680-c329e824c3a8/operationresults/eyJqb2JJZCI6IlJFU09VUkNFR1JPVVBERUxFVElPTkpPQi1SR1ZNU1M6MkQxMjY3LUVBU1RVUyIsImpvYkxvY2F0aW9uIjoiZWFzdHVzIn0?api-version=2017-05-10"
        ],
        "Retry-After": [
          "15"
        ],
        "x-ms-ratelimit-remaining-subscription-reads": [
          "11981"
        ],
        "x-ms-request-id": [
          "89f197a9-3641-4171-84cc-7218e2ab87e2"
        ],
        "x-ms-correlation-request-id": [
          "89f197a9-3641-4171-84cc-7218e2ab87e2"
        ],
        "x-ms-routing-request-id": [
          "SOUTHEASTASIA:20190812T183338Z:89f197a9-3641-4171-84cc-7218e2ab87e2"
        ],
        "Strict-Transport-Security": [
          "max-age=31536000; includeSubDomains"
        ],
        "X-Content-Type-Options": [
          "nosniff"
        ],
        "Content-Length": [
          "0"
        ],
        "Expires": [
          "-1"
        ]
      },
      "ResponseBody": "",
      "StatusCode": 202
    },
    {
      "RequestUri": "/subscriptions/1c638cf4-608f-4ee6-b680-c329e824c3a8/operationresults/eyJqb2JJZCI6IlJFU09VUkNFR1JPVVBERUxFVElPTkpPQi1SR1ZNU1M6MkQxMjY3LUVBU1RVUyIsImpvYkxvY2F0aW9uIjoiZWFzdHVzIn0?api-version=2017-05-10",
      "EncodedRequestUri": "L3N1YnNjcmlwdGlvbnMvMWM2MzhjZjQtNjA4Zi00ZWU2LWI2ODAtYzMyOWU4MjRjM2E4L29wZXJhdGlvbnJlc3VsdHMvZXlKcWIySkpaQ0k2SWxKRlUwOVZVa05GUjFKUFZWQkVSVXhGVkVsUFRrcFBRaTFTUjFaTlUxTTZNa1F4TWpZM0xVVkJVMVJWVXlJc0ltcHZZa3h2WTJGMGFXOXVJam9pWldGemRIVnpJbjA/YXBpLXZlcnNpb249MjAxNy0wNS0xMA==",
      "RequestMethod": "GET",
      "RequestBody": "",
      "RequestHeaders": {
        "User-Agent": [
          "FxVersion/4.6.26614.01",
          "OSName/Windows",
          "OSVersion/Microsoft.Windows.10.0.18362.",
          "Microsoft.Azure.Management.ResourceManager.Fluent.ResourceManagementClient/1.0.0.60",
          "MacAddressHash/e576395dc164e8ff527889e581ddd480e3ad9f4bd1e30c40b6a0ebc98fb3a2e7"
        ]
      },
      "ResponseHeaders": {
        "Cache-Control": [
          "no-cache"
        ],
        "Date": [
          "Mon, 12 Aug 2019 18:33:53 GMT"
        ],
        "Pragma": [
          "no-cache"
        ],
        "Location": [
          "https://management.azure.com/subscriptions/1c638cf4-608f-4ee6-b680-c329e824c3a8/operationresults/eyJqb2JJZCI6IlJFU09VUkNFR1JPVVBERUxFVElPTkpPQi1SR1ZNU1M6MkQxMjY3LUVBU1RVUyIsImpvYkxvY2F0aW9uIjoiZWFzdHVzIn0?api-version=2017-05-10"
        ],
        "Retry-After": [
          "15"
        ],
        "x-ms-ratelimit-remaining-subscription-reads": [
          "11980"
        ],
        "x-ms-request-id": [
          "ab64a1d7-0d32-40ec-b155-e1c47e2f9277"
        ],
        "x-ms-correlation-request-id": [
          "ab64a1d7-0d32-40ec-b155-e1c47e2f9277"
        ],
        "x-ms-routing-request-id": [
          "SOUTHEASTASIA:20190812T183353Z:ab64a1d7-0d32-40ec-b155-e1c47e2f9277"
        ],
        "Strict-Transport-Security": [
          "max-age=31536000; includeSubDomains"
        ],
        "X-Content-Type-Options": [
          "nosniff"
        ],
        "Content-Length": [
          "0"
        ],
        "Expires": [
          "-1"
        ]
      },
      "ResponseBody": "",
      "StatusCode": 202
    },
    {
      "RequestUri": "/subscriptions/1c638cf4-608f-4ee6-b680-c329e824c3a8/operationresults/eyJqb2JJZCI6IlJFU09VUkNFR1JPVVBERUxFVElPTkpPQi1SR1ZNU1M6MkQxMjY3LUVBU1RVUyIsImpvYkxvY2F0aW9uIjoiZWFzdHVzIn0?api-version=2017-05-10",
      "EncodedRequestUri": "L3N1YnNjcmlwdGlvbnMvMWM2MzhjZjQtNjA4Zi00ZWU2LWI2ODAtYzMyOWU4MjRjM2E4L29wZXJhdGlvbnJlc3VsdHMvZXlKcWIySkpaQ0k2SWxKRlUwOVZVa05GUjFKUFZWQkVSVXhGVkVsUFRrcFBRaTFTUjFaTlUxTTZNa1F4TWpZM0xVVkJVMVJWVXlJc0ltcHZZa3h2WTJGMGFXOXVJam9pWldGemRIVnpJbjA/YXBpLXZlcnNpb249MjAxNy0wNS0xMA==",
      "RequestMethod": "GET",
      "RequestBody": "",
      "RequestHeaders": {
        "User-Agent": [
          "FxVersion/4.6.26614.01",
          "OSName/Windows",
          "OSVersion/Microsoft.Windows.10.0.18362.",
          "Microsoft.Azure.Management.ResourceManager.Fluent.ResourceManagementClient/1.0.0.60",
          "MacAddressHash/e576395dc164e8ff527889e581ddd480e3ad9f4bd1e30c40b6a0ebc98fb3a2e7"
        ]
      },
      "ResponseHeaders": {
        "Cache-Control": [
          "no-cache"
        ],
        "Date": [
          "Mon, 12 Aug 2019 18:34:08 GMT"
        ],
        "Pragma": [
          "no-cache"
        ],
        "Location": [
          "https://management.azure.com/subscriptions/1c638cf4-608f-4ee6-b680-c329e824c3a8/operationresults/eyJqb2JJZCI6IlJFU09VUkNFR1JPVVBERUxFVElPTkpPQi1SR1ZNU1M6MkQxMjY3LUVBU1RVUyIsImpvYkxvY2F0aW9uIjoiZWFzdHVzIn0?api-version=2017-05-10"
        ],
        "Retry-After": [
          "15"
        ],
        "x-ms-ratelimit-remaining-subscription-reads": [
          "11979"
        ],
        "x-ms-request-id": [
          "10731084-ff68-4f56-9ff9-aa1fe67c5758"
        ],
        "x-ms-correlation-request-id": [
          "10731084-ff68-4f56-9ff9-aa1fe67c5758"
        ],
        "x-ms-routing-request-id": [
          "SOUTHEASTASIA:20190812T183409Z:10731084-ff68-4f56-9ff9-aa1fe67c5758"
        ],
        "Strict-Transport-Security": [
          "max-age=31536000; includeSubDomains"
        ],
        "X-Content-Type-Options": [
          "nosniff"
        ],
        "Content-Length": [
          "0"
        ],
        "Expires": [
          "-1"
        ]
      },
      "ResponseBody": "",
      "StatusCode": 202
    },
    {
      "RequestUri": "/subscriptions/1c638cf4-608f-4ee6-b680-c329e824c3a8/operationresults/eyJqb2JJZCI6IlJFU09VUkNFR1JPVVBERUxFVElPTkpPQi1SR1ZNU1M6MkQxMjY3LUVBU1RVUyIsImpvYkxvY2F0aW9uIjoiZWFzdHVzIn0?api-version=2017-05-10",
      "EncodedRequestUri": "L3N1YnNjcmlwdGlvbnMvMWM2MzhjZjQtNjA4Zi00ZWU2LWI2ODAtYzMyOWU4MjRjM2E4L29wZXJhdGlvbnJlc3VsdHMvZXlKcWIySkpaQ0k2SWxKRlUwOVZVa05GUjFKUFZWQkVSVXhGVkVsUFRrcFBRaTFTUjFaTlUxTTZNa1F4TWpZM0xVVkJVMVJWVXlJc0ltcHZZa3h2WTJGMGFXOXVJam9pWldGemRIVnpJbjA/YXBpLXZlcnNpb249MjAxNy0wNS0xMA==",
      "RequestMethod": "GET",
      "RequestBody": "",
      "RequestHeaders": {
        "User-Agent": [
          "FxVersion/4.6.26614.01",
          "OSName/Windows",
          "OSVersion/Microsoft.Windows.10.0.18362.",
          "Microsoft.Azure.Management.ResourceManager.Fluent.ResourceManagementClient/1.0.0.60",
          "MacAddressHash/e576395dc164e8ff527889e581ddd480e3ad9f4bd1e30c40b6a0ebc98fb3a2e7"
        ]
      },
      "ResponseHeaders": {
        "Cache-Control": [
          "no-cache"
        ],
        "Date": [
          "Mon, 12 Aug 2019 18:34:24 GMT"
        ],
        "Pragma": [
          "no-cache"
        ],
        "Location": [
          "https://management.azure.com/subscriptions/1c638cf4-608f-4ee6-b680-c329e824c3a8/operationresults/eyJqb2JJZCI6IlJFU09VUkNFR1JPVVBERUxFVElPTkpPQi1SR1ZNU1M6MkQxMjY3LUVBU1RVUyIsImpvYkxvY2F0aW9uIjoiZWFzdHVzIn0?api-version=2017-05-10"
        ],
        "Retry-After": [
          "15"
        ],
        "x-ms-ratelimit-remaining-subscription-reads": [
          "11978"
        ],
        "x-ms-request-id": [
          "c75fc335-b3b0-40bf-8b1f-f16968931ee5"
        ],
        "x-ms-correlation-request-id": [
          "c75fc335-b3b0-40bf-8b1f-f16968931ee5"
        ],
        "x-ms-routing-request-id": [
          "SOUTHEASTASIA:20190812T183424Z:c75fc335-b3b0-40bf-8b1f-f16968931ee5"
        ],
        "Strict-Transport-Security": [
          "max-age=31536000; includeSubDomains"
        ],
        "X-Content-Type-Options": [
          "nosniff"
        ],
        "Content-Length": [
          "0"
        ],
        "Expires": [
          "-1"
        ]
      },
      "ResponseBody": "",
      "StatusCode": 202
    },
    {
      "RequestUri": "/subscriptions/1c638cf4-608f-4ee6-b680-c329e824c3a8/operationresults/eyJqb2JJZCI6IlJFU09VUkNFR1JPVVBERUxFVElPTkpPQi1SR1ZNU1M6MkQxMjY3LUVBU1RVUyIsImpvYkxvY2F0aW9uIjoiZWFzdHVzIn0?api-version=2017-05-10",
      "EncodedRequestUri": "L3N1YnNjcmlwdGlvbnMvMWM2MzhjZjQtNjA4Zi00ZWU2LWI2ODAtYzMyOWU4MjRjM2E4L29wZXJhdGlvbnJlc3VsdHMvZXlKcWIySkpaQ0k2SWxKRlUwOVZVa05GUjFKUFZWQkVSVXhGVkVsUFRrcFBRaTFTUjFaTlUxTTZNa1F4TWpZM0xVVkJVMVJWVXlJc0ltcHZZa3h2WTJGMGFXOXVJam9pWldGemRIVnpJbjA/YXBpLXZlcnNpb249MjAxNy0wNS0xMA==",
      "RequestMethod": "GET",
      "RequestBody": "",
      "RequestHeaders": {
        "User-Agent": [
          "FxVersion/4.6.26614.01",
          "OSName/Windows",
          "OSVersion/Microsoft.Windows.10.0.18362.",
          "Microsoft.Azure.Management.ResourceManager.Fluent.ResourceManagementClient/1.0.0.60",
          "MacAddressHash/e576395dc164e8ff527889e581ddd480e3ad9f4bd1e30c40b6a0ebc98fb3a2e7"
        ]
      },
      "ResponseHeaders": {
        "Cache-Control": [
          "no-cache"
        ],
        "Date": [
          "Mon, 12 Aug 2019 18:34:39 GMT"
        ],
        "Pragma": [
          "no-cache"
        ],
        "Location": [
          "https://management.azure.com/subscriptions/1c638cf4-608f-4ee6-b680-c329e824c3a8/operationresults/eyJqb2JJZCI6IlJFU09VUkNFR1JPVVBERUxFVElPTkpPQi1SR1ZNU1M6MkQxMjY3LUVBU1RVUyIsImpvYkxvY2F0aW9uIjoiZWFzdHVzIn0?api-version=2017-05-10"
        ],
        "Retry-After": [
          "15"
        ],
        "x-ms-ratelimit-remaining-subscription-reads": [
          "11977"
        ],
        "x-ms-request-id": [
          "5150225d-7e6d-47d4-ac25-0d3b552edc12"
        ],
        "x-ms-correlation-request-id": [
          "5150225d-7e6d-47d4-ac25-0d3b552edc12"
        ],
        "x-ms-routing-request-id": [
          "SOUTHEASTASIA:20190812T183440Z:5150225d-7e6d-47d4-ac25-0d3b552edc12"
        ],
        "Strict-Transport-Security": [
          "max-age=31536000; includeSubDomains"
        ],
        "X-Content-Type-Options": [
          "nosniff"
        ],
        "Content-Length": [
          "0"
        ],
        "Expires": [
          "-1"
        ]
      },
      "ResponseBody": "",
      "StatusCode": 202
    },
    {
      "RequestUri": "/subscriptions/1c638cf4-608f-4ee6-b680-c329e824c3a8/operationresults/eyJqb2JJZCI6IlJFU09VUkNFR1JPVVBERUxFVElPTkpPQi1SR1ZNU1M6MkQxMjY3LUVBU1RVUyIsImpvYkxvY2F0aW9uIjoiZWFzdHVzIn0?api-version=2017-05-10",
      "EncodedRequestUri": "L3N1YnNjcmlwdGlvbnMvMWM2MzhjZjQtNjA4Zi00ZWU2LWI2ODAtYzMyOWU4MjRjM2E4L29wZXJhdGlvbnJlc3VsdHMvZXlKcWIySkpaQ0k2SWxKRlUwOVZVa05GUjFKUFZWQkVSVXhGVkVsUFRrcFBRaTFTUjFaTlUxTTZNa1F4TWpZM0xVVkJVMVJWVXlJc0ltcHZZa3h2WTJGMGFXOXVJam9pWldGemRIVnpJbjA/YXBpLXZlcnNpb249MjAxNy0wNS0xMA==",
      "RequestMethod": "GET",
      "RequestBody": "",
      "RequestHeaders": {
        "User-Agent": [
          "FxVersion/4.6.26614.01",
          "OSName/Windows",
          "OSVersion/Microsoft.Windows.10.0.18362.",
          "Microsoft.Azure.Management.ResourceManager.Fluent.ResourceManagementClient/1.0.0.60",
          "MacAddressHash/e576395dc164e8ff527889e581ddd480e3ad9f4bd1e30c40b6a0ebc98fb3a2e7"
        ]
      },
      "ResponseHeaders": {
        "Cache-Control": [
          "no-cache"
        ],
        "Date": [
          "Mon, 12 Aug 2019 18:34:54 GMT"
        ],
        "Pragma": [
          "no-cache"
        ],
        "Location": [
          "https://management.azure.com/subscriptions/1c638cf4-608f-4ee6-b680-c329e824c3a8/operationresults/eyJqb2JJZCI6IlJFU09VUkNFR1JPVVBERUxFVElPTkpPQi1SR1ZNU1M6MkQxMjY3LUVBU1RVUyIsImpvYkxvY2F0aW9uIjoiZWFzdHVzIn0?api-version=2017-05-10"
        ],
        "Retry-After": [
          "15"
        ],
        "x-ms-ratelimit-remaining-subscription-reads": [
          "11976"
        ],
        "x-ms-request-id": [
          "5a372486-1868-470e-b9dc-9097f3c1ffb1"
        ],
        "x-ms-correlation-request-id": [
          "5a372486-1868-470e-b9dc-9097f3c1ffb1"
        ],
        "x-ms-routing-request-id": [
          "SOUTHEASTASIA:20190812T183455Z:5a372486-1868-470e-b9dc-9097f3c1ffb1"
        ],
        "Strict-Transport-Security": [
          "max-age=31536000; includeSubDomains"
        ],
        "X-Content-Type-Options": [
          "nosniff"
        ],
        "Content-Length": [
          "0"
        ],
        "Expires": [
          "-1"
        ]
      },
      "ResponseBody": "",
      "StatusCode": 202
    },
    {
      "RequestUri": "/subscriptions/1c638cf4-608f-4ee6-b680-c329e824c3a8/operationresults/eyJqb2JJZCI6IlJFU09VUkNFR1JPVVBERUxFVElPTkpPQi1SR1ZNU1M6MkQxMjY3LUVBU1RVUyIsImpvYkxvY2F0aW9uIjoiZWFzdHVzIn0?api-version=2017-05-10",
      "EncodedRequestUri": "L3N1YnNjcmlwdGlvbnMvMWM2MzhjZjQtNjA4Zi00ZWU2LWI2ODAtYzMyOWU4MjRjM2E4L29wZXJhdGlvbnJlc3VsdHMvZXlKcWIySkpaQ0k2SWxKRlUwOVZVa05GUjFKUFZWQkVSVXhGVkVsUFRrcFBRaTFTUjFaTlUxTTZNa1F4TWpZM0xVVkJVMVJWVXlJc0ltcHZZa3h2WTJGMGFXOXVJam9pWldGemRIVnpJbjA/YXBpLXZlcnNpb249MjAxNy0wNS0xMA==",
      "RequestMethod": "GET",
      "RequestBody": "",
      "RequestHeaders": {
        "User-Agent": [
          "FxVersion/4.6.26614.01",
          "OSName/Windows",
          "OSVersion/Microsoft.Windows.10.0.18362.",
          "Microsoft.Azure.Management.ResourceManager.Fluent.ResourceManagementClient/1.0.0.60",
          "MacAddressHash/e576395dc164e8ff527889e581ddd480e3ad9f4bd1e30c40b6a0ebc98fb3a2e7"
        ]
      },
      "ResponseHeaders": {
        "Cache-Control": [
          "no-cache"
        ],
        "Date": [
          "Mon, 12 Aug 2019 18:35:11 GMT"
        ],
        "Pragma": [
          "no-cache"
        ],
        "Location": [
          "https://management.azure.com/subscriptions/1c638cf4-608f-4ee6-b680-c329e824c3a8/operationresults/eyJqb2JJZCI6IlJFU09VUkNFR1JPVVBERUxFVElPTkpPQi1SR1ZNU1M6MkQxMjY3LUVBU1RVUyIsImpvYkxvY2F0aW9uIjoiZWFzdHVzIn0?api-version=2017-05-10"
        ],
        "Retry-After": [
          "15"
        ],
        "x-ms-ratelimit-remaining-subscription-reads": [
          "11975"
        ],
        "x-ms-request-id": [
          "d01a85f7-0ec0-4a7b-bba2-9ff2f8f096fe"
        ],
        "x-ms-correlation-request-id": [
          "d01a85f7-0ec0-4a7b-bba2-9ff2f8f096fe"
        ],
        "x-ms-routing-request-id": [
          "SOUTHEASTASIA:20190812T183511Z:d01a85f7-0ec0-4a7b-bba2-9ff2f8f096fe"
        ],
        "Strict-Transport-Security": [
          "max-age=31536000; includeSubDomains"
        ],
        "X-Content-Type-Options": [
          "nosniff"
        ],
        "Content-Length": [
          "0"
        ],
        "Expires": [
          "-1"
        ]
      },
      "ResponseBody": "",
      "StatusCode": 202
    },
    {
      "RequestUri": "/subscriptions/1c638cf4-608f-4ee6-b680-c329e824c3a8/operationresults/eyJqb2JJZCI6IlJFU09VUkNFR1JPVVBERUxFVElPTkpPQi1SR1ZNU1M6MkQxMjY3LUVBU1RVUyIsImpvYkxvY2F0aW9uIjoiZWFzdHVzIn0?api-version=2017-05-10",
      "EncodedRequestUri": "L3N1YnNjcmlwdGlvbnMvMWM2MzhjZjQtNjA4Zi00ZWU2LWI2ODAtYzMyOWU4MjRjM2E4L29wZXJhdGlvbnJlc3VsdHMvZXlKcWIySkpaQ0k2SWxKRlUwOVZVa05GUjFKUFZWQkVSVXhGVkVsUFRrcFBRaTFTUjFaTlUxTTZNa1F4TWpZM0xVVkJVMVJWVXlJc0ltcHZZa3h2WTJGMGFXOXVJam9pWldGemRIVnpJbjA/YXBpLXZlcnNpb249MjAxNy0wNS0xMA==",
      "RequestMethod": "GET",
      "RequestBody": "",
      "RequestHeaders": {
        "User-Agent": [
          "FxVersion/4.6.26614.01",
          "OSName/Windows",
          "OSVersion/Microsoft.Windows.10.0.18362.",
          "Microsoft.Azure.Management.ResourceManager.Fluent.ResourceManagementClient/1.0.0.60",
          "MacAddressHash/e576395dc164e8ff527889e581ddd480e3ad9f4bd1e30c40b6a0ebc98fb3a2e7"
        ]
      },
      "ResponseHeaders": {
        "Cache-Control": [
          "no-cache"
        ],
        "Date": [
          "Mon, 12 Aug 2019 18:35:26 GMT"
        ],
        "Pragma": [
          "no-cache"
        ],
        "Location": [
          "https://management.azure.com/subscriptions/1c638cf4-608f-4ee6-b680-c329e824c3a8/operationresults/eyJqb2JJZCI6IlJFU09VUkNFR1JPVVBERUxFVElPTkpPQi1SR1ZNU1M6MkQxMjY3LUVBU1RVUyIsImpvYkxvY2F0aW9uIjoiZWFzdHVzIn0?api-version=2017-05-10"
        ],
        "Retry-After": [
          "15"
        ],
        "x-ms-ratelimit-remaining-subscription-reads": [
          "11974"
        ],
        "x-ms-request-id": [
          "554002bd-13db-4ef2-b77b-782573d5119e"
        ],
        "x-ms-correlation-request-id": [
          "554002bd-13db-4ef2-b77b-782573d5119e"
        ],
        "x-ms-routing-request-id": [
          "SOUTHEASTASIA:20190812T183526Z:554002bd-13db-4ef2-b77b-782573d5119e"
        ],
        "Strict-Transport-Security": [
          "max-age=31536000; includeSubDomains"
        ],
        "X-Content-Type-Options": [
          "nosniff"
        ],
        "Content-Length": [
          "0"
        ],
        "Expires": [
          "-1"
        ]
      },
      "ResponseBody": "",
      "StatusCode": 202
    },
    {
      "RequestUri": "/subscriptions/1c638cf4-608f-4ee6-b680-c329e824c3a8/operationresults/eyJqb2JJZCI6IlJFU09VUkNFR1JPVVBERUxFVElPTkpPQi1SR1ZNU1M6MkQxMjY3LUVBU1RVUyIsImpvYkxvY2F0aW9uIjoiZWFzdHVzIn0?api-version=2017-05-10",
      "EncodedRequestUri": "L3N1YnNjcmlwdGlvbnMvMWM2MzhjZjQtNjA4Zi00ZWU2LWI2ODAtYzMyOWU4MjRjM2E4L29wZXJhdGlvbnJlc3VsdHMvZXlKcWIySkpaQ0k2SWxKRlUwOVZVa05GUjFKUFZWQkVSVXhGVkVsUFRrcFBRaTFTUjFaTlUxTTZNa1F4TWpZM0xVVkJVMVJWVXlJc0ltcHZZa3h2WTJGMGFXOXVJam9pWldGemRIVnpJbjA/YXBpLXZlcnNpb249MjAxNy0wNS0xMA==",
      "RequestMethod": "GET",
      "RequestBody": "",
      "RequestHeaders": {
        "User-Agent": [
          "FxVersion/4.6.26614.01",
          "OSName/Windows",
          "OSVersion/Microsoft.Windows.10.0.18362.",
          "Microsoft.Azure.Management.ResourceManager.Fluent.ResourceManagementClient/1.0.0.60",
          "MacAddressHash/e576395dc164e8ff527889e581ddd480e3ad9f4bd1e30c40b6a0ebc98fb3a2e7"
        ]
      },
      "ResponseHeaders": {
        "Cache-Control": [
          "no-cache"
        ],
        "Date": [
          "Mon, 12 Aug 2019 18:35:41 GMT"
        ],
        "Pragma": [
          "no-cache"
        ],
        "Location": [
          "https://management.azure.com/subscriptions/1c638cf4-608f-4ee6-b680-c329e824c3a8/operationresults/eyJqb2JJZCI6IlJFU09VUkNFR1JPVVBERUxFVElPTkpPQi1SR1ZNU1M6MkQxMjY3LUVBU1RVUyIsImpvYkxvY2F0aW9uIjoiZWFzdHVzIn0?api-version=2017-05-10"
        ],
        "Retry-After": [
          "15"
        ],
        "x-ms-ratelimit-remaining-subscription-reads": [
          "11973"
        ],
        "x-ms-request-id": [
          "2bf19502-e279-49d6-a3c2-f327fc015511"
        ],
        "x-ms-correlation-request-id": [
          "2bf19502-e279-49d6-a3c2-f327fc015511"
        ],
        "x-ms-routing-request-id": [
          "SOUTHEASTASIA:20190812T183542Z:2bf19502-e279-49d6-a3c2-f327fc015511"
        ],
        "Strict-Transport-Security": [
          "max-age=31536000; includeSubDomains"
        ],
        "X-Content-Type-Options": [
          "nosniff"
        ],
        "Content-Length": [
          "0"
        ],
        "Expires": [
          "-1"
        ]
      },
      "ResponseBody": "",
      "StatusCode": 202
    },
    {
      "RequestUri": "/subscriptions/1c638cf4-608f-4ee6-b680-c329e824c3a8/operationresults/eyJqb2JJZCI6IlJFU09VUkNFR1JPVVBERUxFVElPTkpPQi1SR1ZNU1M6MkQxMjY3LUVBU1RVUyIsImpvYkxvY2F0aW9uIjoiZWFzdHVzIn0?api-version=2017-05-10",
      "EncodedRequestUri": "L3N1YnNjcmlwdGlvbnMvMWM2MzhjZjQtNjA4Zi00ZWU2LWI2ODAtYzMyOWU4MjRjM2E4L29wZXJhdGlvbnJlc3VsdHMvZXlKcWIySkpaQ0k2SWxKRlUwOVZVa05GUjFKUFZWQkVSVXhGVkVsUFRrcFBRaTFTUjFaTlUxTTZNa1F4TWpZM0xVVkJVMVJWVXlJc0ltcHZZa3h2WTJGMGFXOXVJam9pWldGemRIVnpJbjA/YXBpLXZlcnNpb249MjAxNy0wNS0xMA==",
      "RequestMethod": "GET",
      "RequestBody": "",
      "RequestHeaders": {
        "User-Agent": [
          "FxVersion/4.6.26614.01",
          "OSName/Windows",
          "OSVersion/Microsoft.Windows.10.0.18362.",
          "Microsoft.Azure.Management.ResourceManager.Fluent.ResourceManagementClient/1.0.0.60",
          "MacAddressHash/e576395dc164e8ff527889e581ddd480e3ad9f4bd1e30c40b6a0ebc98fb3a2e7"
        ]
      },
      "ResponseHeaders": {
        "Cache-Control": [
          "no-cache"
        ],
        "Date": [
          "Mon, 12 Aug 2019 18:35:57 GMT"
        ],
        "Pragma": [
          "no-cache"
        ],
        "Location": [
          "https://management.azure.com/subscriptions/1c638cf4-608f-4ee6-b680-c329e824c3a8/operationresults/eyJqb2JJZCI6IlJFU09VUkNFR1JPVVBERUxFVElPTkpPQi1SR1ZNU1M6MkQxMjY3LUVBU1RVUyIsImpvYkxvY2F0aW9uIjoiZWFzdHVzIn0?api-version=2017-05-10"
        ],
        "Retry-After": [
          "15"
        ],
        "x-ms-ratelimit-remaining-subscription-reads": [
          "11972"
        ],
        "x-ms-request-id": [
          "61a83617-e2e1-4abd-9fc1-e4ee6742658e"
        ],
        "x-ms-correlation-request-id": [
          "61a83617-e2e1-4abd-9fc1-e4ee6742658e"
        ],
        "x-ms-routing-request-id": [
          "SOUTHEASTASIA:20190812T183558Z:61a83617-e2e1-4abd-9fc1-e4ee6742658e"
        ],
        "Strict-Transport-Security": [
          "max-age=31536000; includeSubDomains"
        ],
        "X-Content-Type-Options": [
          "nosniff"
        ],
        "Content-Length": [
          "0"
        ],
        "Expires": [
          "-1"
        ]
      },
      "ResponseBody": "",
      "StatusCode": 202
    },
    {
      "RequestUri": "/subscriptions/1c638cf4-608f-4ee6-b680-c329e824c3a8/operationresults/eyJqb2JJZCI6IlJFU09VUkNFR1JPVVBERUxFVElPTkpPQi1SR1ZNU1M6MkQxMjY3LUVBU1RVUyIsImpvYkxvY2F0aW9uIjoiZWFzdHVzIn0?api-version=2017-05-10",
      "EncodedRequestUri": "L3N1YnNjcmlwdGlvbnMvMWM2MzhjZjQtNjA4Zi00ZWU2LWI2ODAtYzMyOWU4MjRjM2E4L29wZXJhdGlvbnJlc3VsdHMvZXlKcWIySkpaQ0k2SWxKRlUwOVZVa05GUjFKUFZWQkVSVXhGVkVsUFRrcFBRaTFTUjFaTlUxTTZNa1F4TWpZM0xVVkJVMVJWVXlJc0ltcHZZa3h2WTJGMGFXOXVJam9pWldGemRIVnpJbjA/YXBpLXZlcnNpb249MjAxNy0wNS0xMA==",
      "RequestMethod": "GET",
      "RequestBody": "",
      "RequestHeaders": {
        "User-Agent": [
          "FxVersion/4.6.26614.01",
          "OSName/Windows",
          "OSVersion/Microsoft.Windows.10.0.18362.",
          "Microsoft.Azure.Management.ResourceManager.Fluent.ResourceManagementClient/1.0.0.60",
          "MacAddressHash/e576395dc164e8ff527889e581ddd480e3ad9f4bd1e30c40b6a0ebc98fb3a2e7"
        ]
      },
      "ResponseHeaders": {
        "Cache-Control": [
          "no-cache"
        ],
        "Date": [
          "Mon, 12 Aug 2019 18:36:13 GMT"
        ],
        "Pragma": [
          "no-cache"
        ],
        "Location": [
          "https://management.azure.com/subscriptions/1c638cf4-608f-4ee6-b680-c329e824c3a8/operationresults/eyJqb2JJZCI6IlJFU09VUkNFR1JPVVBERUxFVElPTkpPQi1SR1ZNU1M6MkQxMjY3LUVBU1RVUyIsImpvYkxvY2F0aW9uIjoiZWFzdHVzIn0?api-version=2017-05-10"
        ],
        "Retry-After": [
          "15"
        ],
        "x-ms-ratelimit-remaining-subscription-reads": [
          "11971"
        ],
        "x-ms-request-id": [
          "e50928d6-2e49-4a2e-a8fd-ab1f2e09ac52"
        ],
        "x-ms-correlation-request-id": [
          "e50928d6-2e49-4a2e-a8fd-ab1f2e09ac52"
        ],
        "x-ms-routing-request-id": [
          "SOUTHEASTASIA:20190812T183613Z:e50928d6-2e49-4a2e-a8fd-ab1f2e09ac52"
        ],
        "Strict-Transport-Security": [
          "max-age=31536000; includeSubDomains"
        ],
        "X-Content-Type-Options": [
          "nosniff"
        ],
        "Content-Length": [
          "0"
        ],
        "Expires": [
          "-1"
        ]
      },
      "ResponseBody": "",
      "StatusCode": 202
    },
    {
      "RequestUri": "/subscriptions/1c638cf4-608f-4ee6-b680-c329e824c3a8/operationresults/eyJqb2JJZCI6IlJFU09VUkNFR1JPVVBERUxFVElPTkpPQi1SR1ZNU1M6MkQxMjY3LUVBU1RVUyIsImpvYkxvY2F0aW9uIjoiZWFzdHVzIn0?api-version=2017-05-10",
      "EncodedRequestUri": "L3N1YnNjcmlwdGlvbnMvMWM2MzhjZjQtNjA4Zi00ZWU2LWI2ODAtYzMyOWU4MjRjM2E4L29wZXJhdGlvbnJlc3VsdHMvZXlKcWIySkpaQ0k2SWxKRlUwOVZVa05GUjFKUFZWQkVSVXhGVkVsUFRrcFBRaTFTUjFaTlUxTTZNa1F4TWpZM0xVVkJVMVJWVXlJc0ltcHZZa3h2WTJGMGFXOXVJam9pWldGemRIVnpJbjA/YXBpLXZlcnNpb249MjAxNy0wNS0xMA==",
      "RequestMethod": "GET",
      "RequestBody": "",
      "RequestHeaders": {
        "User-Agent": [
          "FxVersion/4.6.26614.01",
          "OSName/Windows",
          "OSVersion/Microsoft.Windows.10.0.18362.",
          "Microsoft.Azure.Management.ResourceManager.Fluent.ResourceManagementClient/1.0.0.60",
          "MacAddressHash/e576395dc164e8ff527889e581ddd480e3ad9f4bd1e30c40b6a0ebc98fb3a2e7"
        ]
      },
      "ResponseHeaders": {
        "Cache-Control": [
          "no-cache"
        ],
        "Date": [
          "Mon, 12 Aug 2019 18:36:28 GMT"
        ],
        "Pragma": [
          "no-cache"
        ],
        "Location": [
          "https://management.azure.com/subscriptions/1c638cf4-608f-4ee6-b680-c329e824c3a8/operationresults/eyJqb2JJZCI6IlJFU09VUkNFR1JPVVBERUxFVElPTkpPQi1SR1ZNU1M6MkQxMjY3LUVBU1RVUyIsImpvYkxvY2F0aW9uIjoiZWFzdHVzIn0?api-version=2017-05-10"
        ],
        "Retry-After": [
          "15"
        ],
        "x-ms-ratelimit-remaining-subscription-reads": [
          "11970"
        ],
        "x-ms-request-id": [
          "4d024e8a-17b0-4171-82ad-63320c977c12"
        ],
        "x-ms-correlation-request-id": [
          "4d024e8a-17b0-4171-82ad-63320c977c12"
        ],
        "x-ms-routing-request-id": [
          "SOUTHEASTASIA:20190812T183629Z:4d024e8a-17b0-4171-82ad-63320c977c12"
        ],
        "Strict-Transport-Security": [
          "max-age=31536000; includeSubDomains"
        ],
        "X-Content-Type-Options": [
          "nosniff"
        ],
        "Content-Length": [
          "0"
        ],
        "Expires": [
          "-1"
        ]
      },
      "ResponseBody": "",
      "StatusCode": 202
    },
    {
      "RequestUri": "/subscriptions/1c638cf4-608f-4ee6-b680-c329e824c3a8/operationresults/eyJqb2JJZCI6IlJFU09VUkNFR1JPVVBERUxFVElPTkpPQi1SR1ZNU1M6MkQxMjY3LUVBU1RVUyIsImpvYkxvY2F0aW9uIjoiZWFzdHVzIn0?api-version=2017-05-10",
      "EncodedRequestUri": "L3N1YnNjcmlwdGlvbnMvMWM2MzhjZjQtNjA4Zi00ZWU2LWI2ODAtYzMyOWU4MjRjM2E4L29wZXJhdGlvbnJlc3VsdHMvZXlKcWIySkpaQ0k2SWxKRlUwOVZVa05GUjFKUFZWQkVSVXhGVkVsUFRrcFBRaTFTUjFaTlUxTTZNa1F4TWpZM0xVVkJVMVJWVXlJc0ltcHZZa3h2WTJGMGFXOXVJam9pWldGemRIVnpJbjA/YXBpLXZlcnNpb249MjAxNy0wNS0xMA==",
      "RequestMethod": "GET",
      "RequestBody": "",
      "RequestHeaders": {
        "User-Agent": [
          "FxVersion/4.6.26614.01",
          "OSName/Windows",
          "OSVersion/Microsoft.Windows.10.0.18362.",
          "Microsoft.Azure.Management.ResourceManager.Fluent.ResourceManagementClient/1.0.0.60",
          "MacAddressHash/e576395dc164e8ff527889e581ddd480e3ad9f4bd1e30c40b6a0ebc98fb3a2e7"
        ]
      },
      "ResponseHeaders": {
        "Cache-Control": [
          "no-cache"
        ],
        "Date": [
          "Mon, 12 Aug 2019 18:36:43 GMT"
        ],
        "Pragma": [
          "no-cache"
        ],
        "Location": [
          "https://management.azure.com/subscriptions/1c638cf4-608f-4ee6-b680-c329e824c3a8/operationresults/eyJqb2JJZCI6IlJFU09VUkNFR1JPVVBERUxFVElPTkpPQi1SR1ZNU1M6MkQxMjY3LUVBU1RVUyIsImpvYkxvY2F0aW9uIjoiZWFzdHVzIn0?api-version=2017-05-10"
        ],
        "Retry-After": [
          "15"
        ],
        "x-ms-ratelimit-remaining-subscription-reads": [
          "11969"
        ],
        "x-ms-request-id": [
          "604e522f-a9cc-4e71-970f-8362d314d002"
        ],
        "x-ms-correlation-request-id": [
          "604e522f-a9cc-4e71-970f-8362d314d002"
        ],
        "x-ms-routing-request-id": [
          "SOUTHEASTASIA:20190812T183644Z:604e522f-a9cc-4e71-970f-8362d314d002"
        ],
        "Strict-Transport-Security": [
          "max-age=31536000; includeSubDomains"
        ],
        "X-Content-Type-Options": [
          "nosniff"
        ],
        "Content-Length": [
          "0"
        ],
        "Expires": [
          "-1"
        ]
      },
      "ResponseBody": "",
      "StatusCode": 202
    },
    {
      "RequestUri": "/subscriptions/1c638cf4-608f-4ee6-b680-c329e824c3a8/operationresults/eyJqb2JJZCI6IlJFU09VUkNFR1JPVVBERUxFVElPTkpPQi1SR1ZNU1M6MkQxMjY3LUVBU1RVUyIsImpvYkxvY2F0aW9uIjoiZWFzdHVzIn0?api-version=2017-05-10",
      "EncodedRequestUri": "L3N1YnNjcmlwdGlvbnMvMWM2MzhjZjQtNjA4Zi00ZWU2LWI2ODAtYzMyOWU4MjRjM2E4L29wZXJhdGlvbnJlc3VsdHMvZXlKcWIySkpaQ0k2SWxKRlUwOVZVa05GUjFKUFZWQkVSVXhGVkVsUFRrcFBRaTFTUjFaTlUxTTZNa1F4TWpZM0xVVkJVMVJWVXlJc0ltcHZZa3h2WTJGMGFXOXVJam9pWldGemRIVnpJbjA/YXBpLXZlcnNpb249MjAxNy0wNS0xMA==",
      "RequestMethod": "GET",
      "RequestBody": "",
      "RequestHeaders": {
        "User-Agent": [
          "FxVersion/4.6.26614.01",
          "OSName/Windows",
          "OSVersion/Microsoft.Windows.10.0.18362.",
          "Microsoft.Azure.Management.ResourceManager.Fluent.ResourceManagementClient/1.0.0.60",
          "MacAddressHash/e576395dc164e8ff527889e581ddd480e3ad9f4bd1e30c40b6a0ebc98fb3a2e7"
        ]
      },
      "ResponseHeaders": {
        "Cache-Control": [
          "no-cache"
        ],
        "Date": [
          "Mon, 12 Aug 2019 18:36:59 GMT"
        ],
        "Pragma": [
          "no-cache"
        ],
        "Location": [
          "https://management.azure.com/subscriptions/1c638cf4-608f-4ee6-b680-c329e824c3a8/operationresults/eyJqb2JJZCI6IlJFU09VUkNFR1JPVVBERUxFVElPTkpPQi1SR1ZNU1M6MkQxMjY3LUVBU1RVUyIsImpvYkxvY2F0aW9uIjoiZWFzdHVzIn0?api-version=2017-05-10"
        ],
        "Retry-After": [
          "15"
        ],
        "x-ms-ratelimit-remaining-subscription-reads": [
          "11968"
        ],
        "x-ms-request-id": [
          "1b85d24c-6e10-40f8-9ae4-41f321aa57c0"
        ],
        "x-ms-correlation-request-id": [
          "1b85d24c-6e10-40f8-9ae4-41f321aa57c0"
        ],
        "x-ms-routing-request-id": [
          "SOUTHEASTASIA:20190812T183700Z:1b85d24c-6e10-40f8-9ae4-41f321aa57c0"
        ],
        "Strict-Transport-Security": [
          "max-age=31536000; includeSubDomains"
        ],
        "X-Content-Type-Options": [
          "nosniff"
        ],
        "Content-Length": [
          "0"
        ],
        "Expires": [
          "-1"
        ]
      },
      "ResponseBody": "",
      "StatusCode": 202
    },
    {
      "RequestUri": "/subscriptions/1c638cf4-608f-4ee6-b680-c329e824c3a8/operationresults/eyJqb2JJZCI6IlJFU09VUkNFR1JPVVBERUxFVElPTkpPQi1SR1ZNU1M6MkQxMjY3LUVBU1RVUyIsImpvYkxvY2F0aW9uIjoiZWFzdHVzIn0?api-version=2017-05-10",
      "EncodedRequestUri": "L3N1YnNjcmlwdGlvbnMvMWM2MzhjZjQtNjA4Zi00ZWU2LWI2ODAtYzMyOWU4MjRjM2E4L29wZXJhdGlvbnJlc3VsdHMvZXlKcWIySkpaQ0k2SWxKRlUwOVZVa05GUjFKUFZWQkVSVXhGVkVsUFRrcFBRaTFTUjFaTlUxTTZNa1F4TWpZM0xVVkJVMVJWVXlJc0ltcHZZa3h2WTJGMGFXOXVJam9pWldGemRIVnpJbjA/YXBpLXZlcnNpb249MjAxNy0wNS0xMA==",
      "RequestMethod": "GET",
      "RequestBody": "",
      "RequestHeaders": {
        "User-Agent": [
          "FxVersion/4.6.26614.01",
          "OSName/Windows",
          "OSVersion/Microsoft.Windows.10.0.18362.",
          "Microsoft.Azure.Management.ResourceManager.Fluent.ResourceManagementClient/1.0.0.60",
          "MacAddressHash/e576395dc164e8ff527889e581ddd480e3ad9f4bd1e30c40b6a0ebc98fb3a2e7"
        ]
      },
      "ResponseHeaders": {
        "Cache-Control": [
          "no-cache"
        ],
        "Date": [
          "Mon, 12 Aug 2019 18:37:15 GMT"
        ],
        "Pragma": [
          "no-cache"
        ],
        "Location": [
          "https://management.azure.com/subscriptions/1c638cf4-608f-4ee6-b680-c329e824c3a8/operationresults/eyJqb2JJZCI6IlJFU09VUkNFR1JPVVBERUxFVElPTkpPQi1SR1ZNU1M6MkQxMjY3LUVBU1RVUyIsImpvYkxvY2F0aW9uIjoiZWFzdHVzIn0?api-version=2017-05-10"
        ],
        "Retry-After": [
          "15"
        ],
        "x-ms-ratelimit-remaining-subscription-reads": [
          "11967"
        ],
        "x-ms-request-id": [
          "07be140b-9c35-4314-a2b4-361b9ef90576"
        ],
        "x-ms-correlation-request-id": [
          "07be140b-9c35-4314-a2b4-361b9ef90576"
        ],
        "x-ms-routing-request-id": [
          "SOUTHEASTASIA:20190812T183715Z:07be140b-9c35-4314-a2b4-361b9ef90576"
        ],
        "Strict-Transport-Security": [
          "max-age=31536000; includeSubDomains"
        ],
        "X-Content-Type-Options": [
          "nosniff"
        ],
        "Content-Length": [
          "0"
        ],
        "Expires": [
          "-1"
        ]
      },
      "ResponseBody": "",
      "StatusCode": 202
    },
    {
      "RequestUri": "/subscriptions/1c638cf4-608f-4ee6-b680-c329e824c3a8/operationresults/eyJqb2JJZCI6IlJFU09VUkNFR1JPVVBERUxFVElPTkpPQi1SR1ZNU1M6MkQxMjY3LUVBU1RVUyIsImpvYkxvY2F0aW9uIjoiZWFzdHVzIn0?api-version=2017-05-10",
      "EncodedRequestUri": "L3N1YnNjcmlwdGlvbnMvMWM2MzhjZjQtNjA4Zi00ZWU2LWI2ODAtYzMyOWU4MjRjM2E4L29wZXJhdGlvbnJlc3VsdHMvZXlKcWIySkpaQ0k2SWxKRlUwOVZVa05GUjFKUFZWQkVSVXhGVkVsUFRrcFBRaTFTUjFaTlUxTTZNa1F4TWpZM0xVVkJVMVJWVXlJc0ltcHZZa3h2WTJGMGFXOXVJam9pWldGemRIVnpJbjA/YXBpLXZlcnNpb249MjAxNy0wNS0xMA==",
      "RequestMethod": "GET",
      "RequestBody": "",
      "RequestHeaders": {
        "User-Agent": [
          "FxVersion/4.6.26614.01",
          "OSName/Windows",
          "OSVersion/Microsoft.Windows.10.0.18362.",
          "Microsoft.Azure.Management.ResourceManager.Fluent.ResourceManagementClient/1.0.0.60",
          "MacAddressHash/e576395dc164e8ff527889e581ddd480e3ad9f4bd1e30c40b6a0ebc98fb3a2e7"
        ]
      },
      "ResponseHeaders": {
        "Cache-Control": [
          "no-cache"
        ],
        "Date": [
          "Mon, 12 Aug 2019 18:37:30 GMT"
        ],
        "Pragma": [
          "no-cache"
        ],
        "Location": [
          "https://management.azure.com/subscriptions/1c638cf4-608f-4ee6-b680-c329e824c3a8/operationresults/eyJqb2JJZCI6IlJFU09VUkNFR1JPVVBERUxFVElPTkpPQi1SR1ZNU1M6MkQxMjY3LUVBU1RVUyIsImpvYkxvY2F0aW9uIjoiZWFzdHVzIn0?api-version=2017-05-10"
        ],
        "Retry-After": [
          "15"
        ],
        "x-ms-ratelimit-remaining-subscription-reads": [
          "11966"
        ],
        "x-ms-request-id": [
          "82d16734-5b1a-44e1-83bf-8423e7632df6"
        ],
        "x-ms-correlation-request-id": [
          "82d16734-5b1a-44e1-83bf-8423e7632df6"
        ],
        "x-ms-routing-request-id": [
          "SOUTHEASTASIA:20190812T183731Z:82d16734-5b1a-44e1-83bf-8423e7632df6"
        ],
        "Strict-Transport-Security": [
          "max-age=31536000; includeSubDomains"
        ],
        "X-Content-Type-Options": [
          "nosniff"
        ],
        "Content-Length": [
          "0"
        ],
        "Expires": [
          "-1"
        ]
      },
      "ResponseBody": "",
      "StatusCode": 202
    },
    {
      "RequestUri": "/subscriptions/1c638cf4-608f-4ee6-b680-c329e824c3a8/operationresults/eyJqb2JJZCI6IlJFU09VUkNFR1JPVVBERUxFVElPTkpPQi1SR1ZNU1M6MkQxMjY3LUVBU1RVUyIsImpvYkxvY2F0aW9uIjoiZWFzdHVzIn0?api-version=2017-05-10",
      "EncodedRequestUri": "L3N1YnNjcmlwdGlvbnMvMWM2MzhjZjQtNjA4Zi00ZWU2LWI2ODAtYzMyOWU4MjRjM2E4L29wZXJhdGlvbnJlc3VsdHMvZXlKcWIySkpaQ0k2SWxKRlUwOVZVa05GUjFKUFZWQkVSVXhGVkVsUFRrcFBRaTFTUjFaTlUxTTZNa1F4TWpZM0xVVkJVMVJWVXlJc0ltcHZZa3h2WTJGMGFXOXVJam9pWldGemRIVnpJbjA/YXBpLXZlcnNpb249MjAxNy0wNS0xMA==",
      "RequestMethod": "GET",
      "RequestBody": "",
      "RequestHeaders": {
        "User-Agent": [
          "FxVersion/4.6.26614.01",
          "OSName/Windows",
          "OSVersion/Microsoft.Windows.10.0.18362.",
          "Microsoft.Azure.Management.ResourceManager.Fluent.ResourceManagementClient/1.0.0.60",
          "MacAddressHash/e576395dc164e8ff527889e581ddd480e3ad9f4bd1e30c40b6a0ebc98fb3a2e7"
        ]
      },
      "ResponseHeaders": {
        "Cache-Control": [
          "no-cache"
        ],
        "Date": [
          "Mon, 12 Aug 2019 18:37:45 GMT"
        ],
        "Pragma": [
          "no-cache"
        ],
        "Location": [
          "https://management.azure.com/subscriptions/1c638cf4-608f-4ee6-b680-c329e824c3a8/operationresults/eyJqb2JJZCI6IlJFU09VUkNFR1JPVVBERUxFVElPTkpPQi1SR1ZNU1M6MkQxMjY3LUVBU1RVUyIsImpvYkxvY2F0aW9uIjoiZWFzdHVzIn0?api-version=2017-05-10"
        ],
        "Retry-After": [
          "15"
        ],
        "x-ms-ratelimit-remaining-subscription-reads": [
          "11965"
        ],
        "x-ms-request-id": [
          "4226869e-9aeb-4ba4-9fd4-2eeec517ddc1"
        ],
        "x-ms-correlation-request-id": [
          "4226869e-9aeb-4ba4-9fd4-2eeec517ddc1"
        ],
        "x-ms-routing-request-id": [
          "SOUTHEASTASIA:20190812T183746Z:4226869e-9aeb-4ba4-9fd4-2eeec517ddc1"
        ],
        "Strict-Transport-Security": [
          "max-age=31536000; includeSubDomains"
        ],
        "X-Content-Type-Options": [
          "nosniff"
        ],
        "Content-Length": [
          "0"
        ],
        "Expires": [
          "-1"
        ]
      },
      "ResponseBody": "",
      "StatusCode": 202
    },
    {
      "RequestUri": "/subscriptions/1c638cf4-608f-4ee6-b680-c329e824c3a8/operationresults/eyJqb2JJZCI6IlJFU09VUkNFR1JPVVBERUxFVElPTkpPQi1SR1ZNU1M6MkQxMjY3LUVBU1RVUyIsImpvYkxvY2F0aW9uIjoiZWFzdHVzIn0?api-version=2017-05-10",
      "EncodedRequestUri": "L3N1YnNjcmlwdGlvbnMvMWM2MzhjZjQtNjA4Zi00ZWU2LWI2ODAtYzMyOWU4MjRjM2E4L29wZXJhdGlvbnJlc3VsdHMvZXlKcWIySkpaQ0k2SWxKRlUwOVZVa05GUjFKUFZWQkVSVXhGVkVsUFRrcFBRaTFTUjFaTlUxTTZNa1F4TWpZM0xVVkJVMVJWVXlJc0ltcHZZa3h2WTJGMGFXOXVJam9pWldGemRIVnpJbjA/YXBpLXZlcnNpb249MjAxNy0wNS0xMA==",
      "RequestMethod": "GET",
      "RequestBody": "",
      "RequestHeaders": {
        "User-Agent": [
          "FxVersion/4.6.26614.01",
          "OSName/Windows",
          "OSVersion/Microsoft.Windows.10.0.18362.",
          "Microsoft.Azure.Management.ResourceManager.Fluent.ResourceManagementClient/1.0.0.60",
          "MacAddressHash/e576395dc164e8ff527889e581ddd480e3ad9f4bd1e30c40b6a0ebc98fb3a2e7"
        ]
      },
      "ResponseHeaders": {
        "Cache-Control": [
          "no-cache"
        ],
        "Date": [
          "Mon, 12 Aug 2019 18:38:02 GMT"
        ],
        "Pragma": [
          "no-cache"
        ],
        "Location": [
          "https://management.azure.com/subscriptions/1c638cf4-608f-4ee6-b680-c329e824c3a8/operationresults/eyJqb2JJZCI6IlJFU09VUkNFR1JPVVBERUxFVElPTkpPQi1SR1ZNU1M6MkQxMjY3LUVBU1RVUyIsImpvYkxvY2F0aW9uIjoiZWFzdHVzIn0?api-version=2017-05-10"
        ],
        "Retry-After": [
          "15"
        ],
        "x-ms-ratelimit-remaining-subscription-reads": [
          "11964"
        ],
        "x-ms-request-id": [
          "7b175e4e-734c-4e0c-8130-1a6ee81feef5"
        ],
        "x-ms-correlation-request-id": [
          "7b175e4e-734c-4e0c-8130-1a6ee81feef5"
        ],
        "x-ms-routing-request-id": [
          "SOUTHEASTASIA:20190812T183802Z:7b175e4e-734c-4e0c-8130-1a6ee81feef5"
        ],
        "Strict-Transport-Security": [
          "max-age=31536000; includeSubDomains"
        ],
        "X-Content-Type-Options": [
          "nosniff"
        ],
        "Content-Length": [
          "0"
        ],
        "Expires": [
          "-1"
        ]
      },
      "ResponseBody": "",
      "StatusCode": 202
    },
    {
      "RequestUri": "/subscriptions/1c638cf4-608f-4ee6-b680-c329e824c3a8/operationresults/eyJqb2JJZCI6IlJFU09VUkNFR1JPVVBERUxFVElPTkpPQi1SR1ZNU1M6MkQxMjY3LUVBU1RVUyIsImpvYkxvY2F0aW9uIjoiZWFzdHVzIn0?api-version=2017-05-10",
      "EncodedRequestUri": "L3N1YnNjcmlwdGlvbnMvMWM2MzhjZjQtNjA4Zi00ZWU2LWI2ODAtYzMyOWU4MjRjM2E4L29wZXJhdGlvbnJlc3VsdHMvZXlKcWIySkpaQ0k2SWxKRlUwOVZVa05GUjFKUFZWQkVSVXhGVkVsUFRrcFBRaTFTUjFaTlUxTTZNa1F4TWpZM0xVVkJVMVJWVXlJc0ltcHZZa3h2WTJGMGFXOXVJam9pWldGemRIVnpJbjA/YXBpLXZlcnNpb249MjAxNy0wNS0xMA==",
      "RequestMethod": "GET",
      "RequestBody": "",
      "RequestHeaders": {
        "User-Agent": [
          "FxVersion/4.6.26614.01",
          "OSName/Windows",
          "OSVersion/Microsoft.Windows.10.0.18362.",
          "Microsoft.Azure.Management.ResourceManager.Fluent.ResourceManagementClient/1.0.0.60",
          "MacAddressHash/e576395dc164e8ff527889e581ddd480e3ad9f4bd1e30c40b6a0ebc98fb3a2e7"
        ]
      },
      "ResponseHeaders": {
        "Cache-Control": [
          "no-cache"
        ],
        "Date": [
          "Mon, 12 Aug 2019 18:38:17 GMT"
        ],
        "Pragma": [
          "no-cache"
        ],
        "Location": [
          "https://management.azure.com/subscriptions/1c638cf4-608f-4ee6-b680-c329e824c3a8/operationresults/eyJqb2JJZCI6IlJFU09VUkNFR1JPVVBERUxFVElPTkpPQi1SR1ZNU1M6MkQxMjY3LUVBU1RVUyIsImpvYkxvY2F0aW9uIjoiZWFzdHVzIn0?api-version=2017-05-10"
        ],
        "Retry-After": [
          "15"
        ],
        "x-ms-ratelimit-remaining-subscription-reads": [
          "11963"
        ],
        "x-ms-request-id": [
          "cf606131-8dc8-4c4e-b69a-2441feb38ffd"
        ],
        "x-ms-correlation-request-id": [
          "cf606131-8dc8-4c4e-b69a-2441feb38ffd"
        ],
        "x-ms-routing-request-id": [
          "SOUTHEASTASIA:20190812T183817Z:cf606131-8dc8-4c4e-b69a-2441feb38ffd"
        ],
        "Strict-Transport-Security": [
          "max-age=31536000; includeSubDomains"
        ],
        "X-Content-Type-Options": [
          "nosniff"
        ],
        "Content-Length": [
          "0"
        ],
        "Expires": [
          "-1"
        ]
      },
      "ResponseBody": "",
      "StatusCode": 202
    },
    {
      "RequestUri": "/subscriptions/1c638cf4-608f-4ee6-b680-c329e824c3a8/operationresults/eyJqb2JJZCI6IlJFU09VUkNFR1JPVVBERUxFVElPTkpPQi1SR1ZNU1M6MkQxMjY3LUVBU1RVUyIsImpvYkxvY2F0aW9uIjoiZWFzdHVzIn0?api-version=2017-05-10",
      "EncodedRequestUri": "L3N1YnNjcmlwdGlvbnMvMWM2MzhjZjQtNjA4Zi00ZWU2LWI2ODAtYzMyOWU4MjRjM2E4L29wZXJhdGlvbnJlc3VsdHMvZXlKcWIySkpaQ0k2SWxKRlUwOVZVa05GUjFKUFZWQkVSVXhGVkVsUFRrcFBRaTFTUjFaTlUxTTZNa1F4TWpZM0xVVkJVMVJWVXlJc0ltcHZZa3h2WTJGMGFXOXVJam9pWldGemRIVnpJbjA/YXBpLXZlcnNpb249MjAxNy0wNS0xMA==",
      "RequestMethod": "GET",
      "RequestBody": "",
      "RequestHeaders": {
        "User-Agent": [
          "FxVersion/4.6.26614.01",
          "OSName/Windows",
          "OSVersion/Microsoft.Windows.10.0.18362.",
          "Microsoft.Azure.Management.ResourceManager.Fluent.ResourceManagementClient/1.0.0.60",
          "MacAddressHash/e576395dc164e8ff527889e581ddd480e3ad9f4bd1e30c40b6a0ebc98fb3a2e7"
        ]
      },
      "ResponseHeaders": {
        "Cache-Control": [
          "no-cache"
        ],
        "Date": [
          "Mon, 12 Aug 2019 18:38:32 GMT"
        ],
        "Pragma": [
          "no-cache"
        ],
        "Location": [
          "https://management.azure.com/subscriptions/1c638cf4-608f-4ee6-b680-c329e824c3a8/operationresults/eyJqb2JJZCI6IlJFU09VUkNFR1JPVVBERUxFVElPTkpPQi1SR1ZNU1M6MkQxMjY3LUVBU1RVUyIsImpvYkxvY2F0aW9uIjoiZWFzdHVzIn0?api-version=2017-05-10"
        ],
        "Retry-After": [
          "15"
        ],
        "x-ms-ratelimit-remaining-subscription-reads": [
          "11962"
        ],
        "x-ms-request-id": [
          "3dd4d528-5c02-41bc-a50e-55fd0e84a781"
        ],
        "x-ms-correlation-request-id": [
          "3dd4d528-5c02-41bc-a50e-55fd0e84a781"
        ],
        "x-ms-routing-request-id": [
          "SOUTHEASTASIA:20190812T183833Z:3dd4d528-5c02-41bc-a50e-55fd0e84a781"
        ],
        "Strict-Transport-Security": [
          "max-age=31536000; includeSubDomains"
        ],
        "X-Content-Type-Options": [
          "nosniff"
        ],
        "Content-Length": [
          "0"
        ],
        "Expires": [
          "-1"
        ]
      },
      "ResponseBody": "",
      "StatusCode": 202
    },
    {
      "RequestUri": "/subscriptions/1c638cf4-608f-4ee6-b680-c329e824c3a8/operationresults/eyJqb2JJZCI6IlJFU09VUkNFR1JPVVBERUxFVElPTkpPQi1SR1ZNU1M6MkQxMjY3LUVBU1RVUyIsImpvYkxvY2F0aW9uIjoiZWFzdHVzIn0?api-version=2017-05-10",
      "EncodedRequestUri": "L3N1YnNjcmlwdGlvbnMvMWM2MzhjZjQtNjA4Zi00ZWU2LWI2ODAtYzMyOWU4MjRjM2E4L29wZXJhdGlvbnJlc3VsdHMvZXlKcWIySkpaQ0k2SWxKRlUwOVZVa05GUjFKUFZWQkVSVXhGVkVsUFRrcFBRaTFTUjFaTlUxTTZNa1F4TWpZM0xVVkJVMVJWVXlJc0ltcHZZa3h2WTJGMGFXOXVJam9pWldGemRIVnpJbjA/YXBpLXZlcnNpb249MjAxNy0wNS0xMA==",
      "RequestMethod": "GET",
      "RequestBody": "",
      "RequestHeaders": {
        "User-Agent": [
          "FxVersion/4.6.26614.01",
          "OSName/Windows",
          "OSVersion/Microsoft.Windows.10.0.18362.",
          "Microsoft.Azure.Management.ResourceManager.Fluent.ResourceManagementClient/1.0.0.60",
          "MacAddressHash/e576395dc164e8ff527889e581ddd480e3ad9f4bd1e30c40b6a0ebc98fb3a2e7"
        ]
      },
      "ResponseHeaders": {
        "Cache-Control": [
          "no-cache"
        ],
        "Date": [
          "Mon, 12 Aug 2019 18:38:48 GMT"
        ],
        "Pragma": [
          "no-cache"
        ],
        "Location": [
          "https://management.azure.com/subscriptions/1c638cf4-608f-4ee6-b680-c329e824c3a8/operationresults/eyJqb2JJZCI6IlJFU09VUkNFR1JPVVBERUxFVElPTkpPQi1SR1ZNU1M6MkQxMjY3LUVBU1RVUyIsImpvYkxvY2F0aW9uIjoiZWFzdHVzIn0?api-version=2017-05-10"
        ],
        "Retry-After": [
          "15"
        ],
        "x-ms-ratelimit-remaining-subscription-reads": [
          "11961"
        ],
        "x-ms-request-id": [
          "adc9d284-9907-4157-9c81-fbaec9d2edb5"
        ],
        "x-ms-correlation-request-id": [
          "adc9d284-9907-4157-9c81-fbaec9d2edb5"
        ],
        "x-ms-routing-request-id": [
          "SOUTHEASTASIA:20190812T183848Z:adc9d284-9907-4157-9c81-fbaec9d2edb5"
        ],
        "Strict-Transport-Security": [
          "max-age=31536000; includeSubDomains"
        ],
        "X-Content-Type-Options": [
          "nosniff"
        ],
        "Content-Length": [
          "0"
        ],
        "Expires": [
          "-1"
        ]
      },
      "ResponseBody": "",
      "StatusCode": 202
    },
    {
      "RequestUri": "/subscriptions/1c638cf4-608f-4ee6-b680-c329e824c3a8/operationresults/eyJqb2JJZCI6IlJFU09VUkNFR1JPVVBERUxFVElPTkpPQi1SR1ZNU1M6MkQxMjY3LUVBU1RVUyIsImpvYkxvY2F0aW9uIjoiZWFzdHVzIn0?api-version=2017-05-10",
      "EncodedRequestUri": "L3N1YnNjcmlwdGlvbnMvMWM2MzhjZjQtNjA4Zi00ZWU2LWI2ODAtYzMyOWU4MjRjM2E4L29wZXJhdGlvbnJlc3VsdHMvZXlKcWIySkpaQ0k2SWxKRlUwOVZVa05GUjFKUFZWQkVSVXhGVkVsUFRrcFBRaTFTUjFaTlUxTTZNa1F4TWpZM0xVVkJVMVJWVXlJc0ltcHZZa3h2WTJGMGFXOXVJam9pWldGemRIVnpJbjA/YXBpLXZlcnNpb249MjAxNy0wNS0xMA==",
      "RequestMethod": "GET",
      "RequestBody": "",
      "RequestHeaders": {
        "User-Agent": [
          "FxVersion/4.6.26614.01",
          "OSName/Windows",
          "OSVersion/Microsoft.Windows.10.0.18362.",
          "Microsoft.Azure.Management.ResourceManager.Fluent.ResourceManagementClient/1.0.0.60",
          "MacAddressHash/e576395dc164e8ff527889e581ddd480e3ad9f4bd1e30c40b6a0ebc98fb3a2e7"
        ]
      },
      "ResponseHeaders": {
        "Cache-Control": [
          "no-cache"
        ],
        "Date": [
          "Mon, 12 Aug 2019 18:39:03 GMT"
        ],
        "Pragma": [
          "no-cache"
        ],
        "x-ms-ratelimit-remaining-subscription-reads": [
          "11960"
        ],
        "x-ms-request-id": [
          "7a0b138c-2be1-4ce7-b056-9be0333a1e67"
        ],
        "x-ms-correlation-request-id": [
          "7a0b138c-2be1-4ce7-b056-9be0333a1e67"
        ],
        "x-ms-routing-request-id": [
          "SOUTHEASTASIA:20190812T183904Z:7a0b138c-2be1-4ce7-b056-9be0333a1e67"
        ],
        "Strict-Transport-Security": [
          "max-age=31536000; includeSubDomains"
        ],
        "X-Content-Type-Options": [
          "nosniff"
        ],
        "Content-Length": [
          "0"
        ],
        "Expires": [
          "-1"
        ]
      },
      "ResponseBody": "",
      "StatusCode": 200
    },
    {
      "RequestUri": "/subscriptions/1c638cf4-608f-4ee6-b680-c329e824c3a8/operationresults/eyJqb2JJZCI6IlJFU09VUkNFR1JPVVBERUxFVElPTkpPQi1SR1ZNU1M6MkQxMjY3LUVBU1RVUyIsImpvYkxvY2F0aW9uIjoiZWFzdHVzIn0?api-version=2017-05-10",
      "EncodedRequestUri": "L3N1YnNjcmlwdGlvbnMvMWM2MzhjZjQtNjA4Zi00ZWU2LWI2ODAtYzMyOWU4MjRjM2E4L29wZXJhdGlvbnJlc3VsdHMvZXlKcWIySkpaQ0k2SWxKRlUwOVZVa05GUjFKUFZWQkVSVXhGVkVsUFRrcFBRaTFTUjFaTlUxTTZNa1F4TWpZM0xVVkJVMVJWVXlJc0ltcHZZa3h2WTJGMGFXOXVJam9pWldGemRIVnpJbjA/YXBpLXZlcnNpb249MjAxNy0wNS0xMA==",
      "RequestMethod": "GET",
      "RequestBody": "",
      "RequestHeaders": {
        "User-Agent": [
          "FxVersion/4.6.26614.01",
          "OSName/Windows",
          "OSVersion/Microsoft.Windows.10.0.18362.",
          "Microsoft.Azure.Management.ResourceManager.Fluent.ResourceManagementClient/1.0.0.60",
          "MacAddressHash/e576395dc164e8ff527889e581ddd480e3ad9f4bd1e30c40b6a0ebc98fb3a2e7"
        ]
      },
      "ResponseHeaders": {
        "Cache-Control": [
          "no-cache"
        ],
        "Date": [
          "Mon, 12 Aug 2019 18:39:04 GMT"
        ],
        "Pragma": [
          "no-cache"
        ],
        "x-ms-ratelimit-remaining-subscription-reads": [
          "11959"
        ],
        "x-ms-request-id": [
          "fafb8ad2-d1dd-4d63-86ca-95b6fbdc737c"
        ],
        "x-ms-correlation-request-id": [
          "fafb8ad2-d1dd-4d63-86ca-95b6fbdc737c"
        ],
        "x-ms-routing-request-id": [
          "SOUTHEASTASIA:20190812T183904Z:fafb8ad2-d1dd-4d63-86ca-95b6fbdc737c"
        ],
        "Strict-Transport-Security": [
          "max-age=31536000; includeSubDomains"
        ],
        "X-Content-Type-Options": [
          "nosniff"
        ],
        "Content-Length": [
          "0"
        ],
        "Expires": [
          "-1"
        ]
      },
      "ResponseBody": "",
      "StatusCode": 200
    }
  ],
  "Names": {
    "CanEnableWithImplicitStorageOnManagedVMSSCreation": [
      "vmss78349",
      "rgvmss-1267",
      "extlb1-3940",
      "stgvmss783491f07630798"
    ]
  },
  "Variables": {
    "ServicePrincipal": "ad38138c-4c27-4cc1-bc68-b74f4f9780cc",
    "AADTenant": "72f988bf-86f1-41af-91ab-2d7cd011db47",
    "SubscriptionId": "1c638cf4-608f-4ee6-b680-c329e824c3a8"
  }
}