{
  "Entries": [
    {
      "RequestUri": "/subscriptions/0b1f6471-1bf0-4dda-aec3-cb9272f09590/resourcegroups/rgvmss-2805?api-version=2017-05-10",
      "EncodedRequestUri": "L3N1YnNjcmlwdGlvbnMvMGIxZjY0NzEtMWJmMC00ZGRhLWFlYzMtY2I5MjcyZjA5NTkwL3Jlc291cmNlZ3JvdXBzL3Jndm1zcy0yODA1P2FwaS12ZXJzaW9uPTIwMTctMDUtMTA=",
      "RequestMethod": "PUT",
      "RequestBody": "{\r\n  \"location\": \"eastus\"\r\n}",
      "RequestHeaders": {
        "Content-Type": [
          "application/json; charset=utf-8"
        ],
        "Content-Length": [
          "28"
        ],
        "x-ms-client-request-id": [
          "64c8d2ac-1df0-411c-ac96-9643a203d187"
        ],
        "accept-language": [
          "en-US"
        ],
        "User-Agent": [
          "FxVersion/4.6.25211.01",
          "Microsoft.Azure.Management.ResourceManager.Fluent.ResourceManagementClient/1.8.0.0",
          "MacAddressHash/1a7db1f3023c8cc9a72984005b4db786d257d09f868c7e111d4bf514b71b7890"
        ]
      },
      "ResponseBody": "{\r\n  \"id\": \"/subscriptions/0b1f6471-1bf0-4dda-aec3-cb9272f09590/resourceGroups/rgvmss-2805\",\r\n  \"name\": \"rgvmss-2805\",\r\n  \"location\": \"eastus\",\r\n  \"properties\": {\r\n    \"provisioningState\": \"Succeeded\"\r\n  }\r\n}",
      "ResponseHeaders": {
        "Content-Length": [
          "175"
        ],
        "Content-Type": [
          "application/json; charset=utf-8"
        ],
        "Expires": [
          "-1"
        ],
        "Cache-Control": [
          "no-cache"
        ],
        "Date": [
          "Sat, 14 Apr 2018 03:03:40 GMT"
        ],
        "Pragma": [
          "no-cache"
        ],
        "x-ms-ratelimit-remaining-subscription-writes": [
          "1195"
        ],
        "x-ms-request-id": [
          "01125dfd-9a99-4f24-87a1-c26e474a27b1"
        ],
        "x-ms-correlation-request-id": [
          "01125dfd-9a99-4f24-87a1-c26e474a27b1"
        ],
        "x-ms-routing-request-id": [
          "WESTUS2:20180414T030340Z:01125dfd-9a99-4f24-87a1-c26e474a27b1"
        ],
        "Strict-Transport-Security": [
          "max-age=31536000; includeSubDomains"
        ],
        "X-Content-Type-Options": [
          "nosniff"
        ]
      },
      "StatusCode": 201
    },
    {
      "RequestUri": "/subscriptions/0b1f6471-1bf0-4dda-aec3-cb9272f09590/resourceGroups/rgvmss-2805/providers/Microsoft.Network/virtualNetworks/vmssvnet?api-version=2018-02-01",
      "EncodedRequestUri": "L3N1YnNjcmlwdGlvbnMvMGIxZjY0NzEtMWJmMC00ZGRhLWFlYzMtY2I5MjcyZjA5NTkwL3Jlc291cmNlR3JvdXBzL3Jndm1zcy0yODA1L3Byb3ZpZGVycy9NaWNyb3NvZnQuTmV0d29yay92aXJ0dWFsTmV0d29ya3Mvdm1zc3ZuZXQ/YXBpLXZlcnNpb249MjAxOC0wMi0wMQ==",
      "RequestMethod": "PUT",
      "RequestBody": "{\r\n  \"properties\": {\r\n    \"addressSpace\": {\r\n      \"addressPrefixes\": [\r\n        \"10.0.0.0/28\"\r\n      ]\r\n    },\r\n    \"dhcpOptions\": {\r\n      \"dnsServers\": []\r\n    },\r\n    \"subnets\": [\r\n      {\r\n        \"properties\": {\r\n          \"addressPrefix\": \"10.0.0.0/28\"\r\n        },\r\n        \"name\": \"subnet1\"\r\n      }\r\n    ]\r\n  },\r\n  \"location\": \"eastus\",\r\n  \"tags\": {}\r\n}",
      "RequestHeaders": {
        "Content-Type": [
          "application/json; charset=utf-8"
        ],
        "Content-Length": [
          "362"
        ],
        "x-ms-client-request-id": [
          "cd28ed4d-7c54-4221-af66-f67d69fc0510"
        ],
        "accept-language": [
          "en-US"
        ],
        "User-Agent": [
          "FxVersion/4.6.25211.01",
          "Microsoft.Azure.Management.Network.Fluent.NetworkManagementClient/1.8.0.0",
          "MacAddressHash/1a7db1f3023c8cc9a72984005b4db786d257d09f868c7e111d4bf514b71b7890"
        ]
      },
      "ResponseBody": "{\r\n  \"name\": \"vmssvnet\",\r\n  \"id\": \"/subscriptions/0b1f6471-1bf0-4dda-aec3-cb9272f09590/resourceGroups/rgvmss-2805/providers/Microsoft.Network/virtualNetworks/vmssvnet\",\r\n  \"etag\": \"W/\\\"9647db7a-1e0e-4c84-8e78-3b65ff576585\\\"\",\r\n  \"type\": \"Microsoft.Network/virtualNetworks\",\r\n  \"location\": \"eastus\",\r\n  \"tags\": {},\r\n  \"properties\": {\r\n    \"provisioningState\": \"Updating\",\r\n    \"resourceGuid\": \"bcd6b2db-3eff-4865-b3b3-389ddeb015f7\",\r\n    \"addressSpace\": {\r\n      \"addressPrefixes\": [\r\n        \"10.0.0.0/28\"\r\n      ]\r\n    },\r\n    \"dhcpOptions\": {\r\n      \"dnsServers\": []\r\n    },\r\n    \"subnets\": [\r\n      {\r\n        \"name\": \"subnet1\",\r\n        \"id\": \"/subscriptions/0b1f6471-1bf0-4dda-aec3-cb9272f09590/resourceGroups/rgvmss-2805/providers/Microsoft.Network/virtualNetworks/vmssvnet/subnets/subnet1\",\r\n        \"etag\": \"W/\\\"9647db7a-1e0e-4c84-8e78-3b65ff576585\\\"\",\r\n        \"properties\": {\r\n          \"provisioningState\": \"Updating\",\r\n          \"addressPrefix\": \"10.0.0.0/28\"\r\n        }\r\n      }\r\n    ],\r\n    \"virtualNetworkPeerings\": [],\r\n    \"enableDdosProtection\": false,\r\n    \"enableVmProtection\": false\r\n  }\r\n}",
      "ResponseHeaders": {
        "Content-Length": [
          "1111"
        ],
        "Content-Type": [
          "application/json; charset=utf-8"
        ],
        "Expires": [
          "-1"
        ],
        "Cache-Control": [
          "no-cache"
        ],
        "Date": [
          "Sat, 14 Apr 2018 03:03:42 GMT"
        ],
        "Pragma": [
          "no-cache"
        ],
        "Retry-After": [
          "3"
        ],
        "Server": [
          "Microsoft-HTTPAPI/2.0",
          "Microsoft-HTTPAPI/2.0"
        ],
        "x-ms-request-id": [
          "49e1df45-fae4-48ff-b9aa-7f07fa066e51"
        ],
        "Azure-AsyncOperation": [
          "https://management.azure.com/subscriptions/0b1f6471-1bf0-4dda-aec3-cb9272f09590/providers/Microsoft.Network/locations/eastus/operations/49e1df45-fae4-48ff-b9aa-7f07fa066e51?api-version=2018-02-01"
        ],
        "Strict-Transport-Security": [
          "max-age=31536000; includeSubDomains"
        ],
        "x-ms-ratelimit-remaining-subscription-writes": [
          "1199"
        ],
        "x-ms-correlation-request-id": [
          "3a3bd2c9-112b-45ad-a826-4db78d47bd63"
        ],
        "x-ms-routing-request-id": [
          "WESTUS2:20180414T030343Z:3a3bd2c9-112b-45ad-a826-4db78d47bd63"
        ],
        "X-Content-Type-Options": [
          "nosniff"
        ]
      },
      "StatusCode": 201
    },
    {
      "RequestUri": "/subscriptions/0b1f6471-1bf0-4dda-aec3-cb9272f09590/providers/Microsoft.Network/locations/eastus/operations/49e1df45-fae4-48ff-b9aa-7f07fa066e51?api-version=2018-02-01",
      "EncodedRequestUri": "L3N1YnNjcmlwdGlvbnMvMGIxZjY0NzEtMWJmMC00ZGRhLWFlYzMtY2I5MjcyZjA5NTkwL3Byb3ZpZGVycy9NaWNyb3NvZnQuTmV0d29yay9sb2NhdGlvbnMvZWFzdHVzL29wZXJhdGlvbnMvNDllMWRmNDUtZmFlNC00OGZmLWI5YWEtN2YwN2ZhMDY2ZTUxP2FwaS12ZXJzaW9uPTIwMTgtMDItMDE=",
      "RequestMethod": "GET",
      "RequestBody": "",
      "RequestHeaders": {
        "User-Agent": [
          "FxVersion/4.6.25211.01",
          "Microsoft.Azure.Management.Network.Fluent.NetworkManagementClient/1.8.0.0",
          "MacAddressHash/1a7db1f3023c8cc9a72984005b4db786d257d09f868c7e111d4bf514b71b7890"
        ]
      },
      "ResponseBody": "{\r\n  \"status\": \"InProgress\"\r\n}",
      "ResponseHeaders": {
        "Content-Type": [
          "application/json; charset=utf-8"
        ],
        "Expires": [
          "-1"
        ],
        "Cache-Control": [
          "no-cache"
        ],
        "Date": [
          "Sat, 14 Apr 2018 03:03:53 GMT"
        ],
        "Pragma": [
          "no-cache"
        ],
        "Transfer-Encoding": [
          "chunked"
        ],
        "Retry-After": [
          "10"
        ],
        "Server": [
          "Microsoft-HTTPAPI/2.0",
          "Microsoft-HTTPAPI/2.0"
        ],
        "Vary": [
          "Accept-Encoding"
        ],
        "x-ms-request-id": [
          "fcdcc690-baa9-46fb-ab90-7bb80e233896"
        ],
        "Strict-Transport-Security": [
          "max-age=31536000; includeSubDomains"
        ],
        "x-ms-ratelimit-remaining-subscription-reads": [
          "14999"
        ],
        "x-ms-correlation-request-id": [
          "8718aaaa-0c08-4b0e-8648-55a878829275"
        ],
        "x-ms-routing-request-id": [
          "WESTUS2:20180414T030353Z:8718aaaa-0c08-4b0e-8648-55a878829275"
        ],
        "X-Content-Type-Options": [
          "nosniff"
        ]
      },
      "StatusCode": 200
    },
    {
      "RequestUri": "/subscriptions/0b1f6471-1bf0-4dda-aec3-cb9272f09590/providers/Microsoft.Network/locations/eastus/operations/49e1df45-fae4-48ff-b9aa-7f07fa066e51?api-version=2018-02-01",
      "EncodedRequestUri": "L3N1YnNjcmlwdGlvbnMvMGIxZjY0NzEtMWJmMC00ZGRhLWFlYzMtY2I5MjcyZjA5NTkwL3Byb3ZpZGVycy9NaWNyb3NvZnQuTmV0d29yay9sb2NhdGlvbnMvZWFzdHVzL29wZXJhdGlvbnMvNDllMWRmNDUtZmFlNC00OGZmLWI5YWEtN2YwN2ZhMDY2ZTUxP2FwaS12ZXJzaW9uPTIwMTgtMDItMDE=",
      "RequestMethod": "GET",
      "RequestBody": "",
      "RequestHeaders": {
        "User-Agent": [
          "FxVersion/4.6.25211.01",
          "Microsoft.Azure.Management.Network.Fluent.NetworkManagementClient/1.8.0.0",
          "MacAddressHash/1a7db1f3023c8cc9a72984005b4db786d257d09f868c7e111d4bf514b71b7890"
        ]
      },
      "ResponseBody": "{\r\n  \"status\": \"Succeeded\"\r\n}",
      "ResponseHeaders": {
        "Content-Type": [
          "application/json; charset=utf-8"
        ],
        "Expires": [
          "-1"
        ],
        "Cache-Control": [
          "no-cache"
        ],
        "Date": [
          "Sat, 14 Apr 2018 03:04:02 GMT"
        ],
        "Pragma": [
          "no-cache"
        ],
        "Transfer-Encoding": [
          "chunked"
        ],
        "Server": [
          "Microsoft-HTTPAPI/2.0",
          "Microsoft-HTTPAPI/2.0"
        ],
        "Vary": [
          "Accept-Encoding"
        ],
        "x-ms-request-id": [
          "f284823a-15d3-439f-9d85-25a5b370f3c6"
        ],
        "Strict-Transport-Security": [
          "max-age=31536000; includeSubDomains"
        ],
        "x-ms-ratelimit-remaining-subscription-reads": [
          "14998"
        ],
        "x-ms-correlation-request-id": [
          "b491a728-590c-41b3-a80e-ec07847a46f6"
        ],
        "x-ms-routing-request-id": [
          "WESTUS2:20180414T030403Z:b491a728-590c-41b3-a80e-ec07847a46f6"
        ],
        "X-Content-Type-Options": [
          "nosniff"
        ]
      },
      "StatusCode": 200
    },
    {
      "RequestUri": "/subscriptions/0b1f6471-1bf0-4dda-aec3-cb9272f09590/resourceGroups/rgvmss-2805/providers/Microsoft.Network/virtualNetworks/vmssvnet?api-version=2018-02-01",
      "EncodedRequestUri": "L3N1YnNjcmlwdGlvbnMvMGIxZjY0NzEtMWJmMC00ZGRhLWFlYzMtY2I5MjcyZjA5NTkwL3Jlc291cmNlR3JvdXBzL3Jndm1zcy0yODA1L3Byb3ZpZGVycy9NaWNyb3NvZnQuTmV0d29yay92aXJ0dWFsTmV0d29ya3Mvdm1zc3ZuZXQ/YXBpLXZlcnNpb249MjAxOC0wMi0wMQ==",
      "RequestMethod": "GET",
      "RequestBody": "",
      "RequestHeaders": {
        "User-Agent": [
          "FxVersion/4.6.25211.01",
          "Microsoft.Azure.Management.Network.Fluent.NetworkManagementClient/1.8.0.0",
          "MacAddressHash/1a7db1f3023c8cc9a72984005b4db786d257d09f868c7e111d4bf514b71b7890"
        ]
      },
      "ResponseBody": "{\r\n  \"name\": \"vmssvnet\",\r\n  \"id\": \"/subscriptions/0b1f6471-1bf0-4dda-aec3-cb9272f09590/resourceGroups/rgvmss-2805/providers/Microsoft.Network/virtualNetworks/vmssvnet\",\r\n  \"etag\": \"W/\\\"a01ade11-25a4-435a-8452-2e7d93bef76c\\\"\",\r\n  \"type\": \"Microsoft.Network/virtualNetworks\",\r\n  \"location\": \"eastus\",\r\n  \"tags\": {},\r\n  \"properties\": {\r\n    \"provisioningState\": \"Succeeded\",\r\n    \"resourceGuid\": \"bcd6b2db-3eff-4865-b3b3-389ddeb015f7\",\r\n    \"addressSpace\": {\r\n      \"addressPrefixes\": [\r\n        \"10.0.0.0/28\"\r\n      ]\r\n    },\r\n    \"dhcpOptions\": {\r\n      \"dnsServers\": []\r\n    },\r\n    \"subnets\": [\r\n      {\r\n        \"name\": \"subnet1\",\r\n        \"id\": \"/subscriptions/0b1f6471-1bf0-4dda-aec3-cb9272f09590/resourceGroups/rgvmss-2805/providers/Microsoft.Network/virtualNetworks/vmssvnet/subnets/subnet1\",\r\n        \"etag\": \"W/\\\"a01ade11-25a4-435a-8452-2e7d93bef76c\\\"\",\r\n        \"properties\": {\r\n          \"provisioningState\": \"Succeeded\",\r\n          \"addressPrefix\": \"10.0.0.0/28\"\r\n        }\r\n      }\r\n    ],\r\n    \"virtualNetworkPeerings\": [],\r\n    \"enableDdosProtection\": false,\r\n    \"enableVmProtection\": false\r\n  }\r\n}",
      "ResponseHeaders": {
        "Content-Type": [
          "application/json; charset=utf-8"
        ],
        "Expires": [
          "-1"
        ],
        "Cache-Control": [
          "no-cache"
        ],
        "Date": [
          "Sat, 14 Apr 2018 03:04:03 GMT"
        ],
        "Pragma": [
          "no-cache"
        ],
        "Transfer-Encoding": [
          "chunked"
        ],
        "ETag": [
          "W/\"a01ade11-25a4-435a-8452-2e7d93bef76c\""
        ],
        "Server": [
          "Microsoft-HTTPAPI/2.0",
          "Microsoft-HTTPAPI/2.0"
        ],
        "Vary": [
          "Accept-Encoding"
        ],
        "x-ms-request-id": [
          "f0189b76-88f4-4e44-9eee-201ef50811e7"
        ],
        "Strict-Transport-Security": [
          "max-age=31536000; includeSubDomains"
        ],
        "x-ms-ratelimit-remaining-subscription-reads": [
          "14997"
        ],
        "x-ms-correlation-request-id": [
          "766bb83f-58be-4d96-aa03-c7d6cb99a318"
        ],
        "x-ms-routing-request-id": [
          "WESTUS2:20180414T030403Z:766bb83f-58be-4d96-aa03-c7d6cb99a318"
        ],
        "X-Content-Type-Options": [
          "nosniff"
        ]
      },
      "StatusCode": 200
    },
    {
      "RequestUri": "/subscriptions/0b1f6471-1bf0-4dda-aec3-cb9272f09590/resourceGroups/rgvmss-2805/providers/Microsoft.Network/publicIPAddresses/pip-extlb1-9532?api-version=2018-02-01",
      "EncodedRequestUri": "L3N1YnNjcmlwdGlvbnMvMGIxZjY0NzEtMWJmMC00ZGRhLWFlYzMtY2I5MjcyZjA5NTkwL3Jlc291cmNlR3JvdXBzL3Jndm1zcy0yODA1L3Byb3ZpZGVycy9NaWNyb3NvZnQuTmV0d29yay9wdWJsaWNJUEFkZHJlc3Nlcy9waXAtZXh0bGIxLTk1MzI/YXBpLXZlcnNpb249MjAxOC0wMi0wMQ==",
      "RequestMethod": "PUT",
      "RequestBody": "{\r\n  \"sku\": {\r\n    \"name\": \"Basic\"\r\n  },\r\n  \"properties\": {\r\n    \"publicIPAllocationMethod\": \"Static\",\r\n    \"dnsSettings\": {\r\n      \"domainNameLabel\": \"pip-extlb1-9532\"\r\n    }\r\n  },\r\n  \"location\": \"eastus\",\r\n  \"tags\": {}\r\n}",
      "RequestHeaders": {
        "Content-Type": [
          "application/json; charset=utf-8"
        ],
        "Content-Length": [
          "223"
        ],
        "x-ms-client-request-id": [
          "2838623f-3dba-4ccc-ad38-b957d256725c"
        ],
        "accept-language": [
          "en-US"
        ],
        "User-Agent": [
          "FxVersion/4.6.25211.01",
          "Microsoft.Azure.Management.Network.Fluent.NetworkManagementClient/1.8.0.0",
          "MacAddressHash/1a7db1f3023c8cc9a72984005b4db786d257d09f868c7e111d4bf514b71b7890"
        ]
      },
      "ResponseBody": "{\r\n  \"name\": \"pip-extlb1-9532\",\r\n  \"id\": \"/subscriptions/0b1f6471-1bf0-4dda-aec3-cb9272f09590/resourceGroups/rgvmss-2805/providers/Microsoft.Network/publicIPAddresses/pip-extlb1-9532\",\r\n  \"etag\": \"W/\\\"bb2910b0-1909-4525-a49c-467bf0515651\\\"\",\r\n  \"location\": \"eastus\",\r\n  \"tags\": {},\r\n  \"properties\": {\r\n    \"provisioningState\": \"Updating\",\r\n    \"resourceGuid\": \"2c4164fc-747c-4e5b-9f6f-320d1c71396a\",\r\n    \"publicIPAddressVersion\": \"IPv4\",\r\n    \"publicIPAllocationMethod\": \"Static\",\r\n    \"idleTimeoutInMinutes\": 4,\r\n    \"dnsSettings\": {\r\n      \"domainNameLabel\": \"pip-extlb1-9532\",\r\n      \"fqdn\": \"pip-extlb1-9532.eastus.cloudapp.azure.com\"\r\n    },\r\n    \"ipTags\": []\r\n  },\r\n  \"type\": \"Microsoft.Network/publicIPAddresses\",\r\n  \"sku\": {\r\n    \"name\": \"Basic\",\r\n    \"tier\": \"Regional\"\r\n  }\r\n}",
      "ResponseHeaders": {
        "Content-Length": [
          "787"
        ],
        "Content-Type": [
          "application/json; charset=utf-8"
        ],
        "Expires": [
          "-1"
        ],
        "Cache-Control": [
          "no-cache"
        ],
        "Date": [
          "Sat, 14 Apr 2018 03:04:04 GMT"
        ],
        "Pragma": [
          "no-cache"
        ],
        "Retry-After": [
          "3"
        ],
        "Server": [
          "Microsoft-HTTPAPI/2.0",
          "Microsoft-HTTPAPI/2.0"
        ],
        "x-ms-request-id": [
          "a57ac217-8d99-4ff6-ab2b-472c8057b7ca"
        ],
        "Azure-AsyncOperation": [
          "https://management.azure.com/subscriptions/0b1f6471-1bf0-4dda-aec3-cb9272f09590/providers/Microsoft.Network/locations/eastus/operations/a57ac217-8d99-4ff6-ab2b-472c8057b7ca?api-version=2018-02-01"
        ],
        "Strict-Transport-Security": [
          "max-age=31536000; includeSubDomains"
        ],
        "x-ms-ratelimit-remaining-subscription-writes": [
          "1194"
        ],
        "x-ms-correlation-request-id": [
          "32979f11-b45e-4a09-803d-e9d364791af0"
        ],
        "x-ms-routing-request-id": [
          "WESTUS2:20180414T030405Z:32979f11-b45e-4a09-803d-e9d364791af0"
        ],
        "X-Content-Type-Options": [
          "nosniff"
        ]
      },
      "StatusCode": 201
    },
    {
      "RequestUri": "/subscriptions/0b1f6471-1bf0-4dda-aec3-cb9272f09590/providers/Microsoft.Network/locations/eastus/operations/a57ac217-8d99-4ff6-ab2b-472c8057b7ca?api-version=2018-02-01",
      "EncodedRequestUri": "L3N1YnNjcmlwdGlvbnMvMGIxZjY0NzEtMWJmMC00ZGRhLWFlYzMtY2I5MjcyZjA5NTkwL3Byb3ZpZGVycy9NaWNyb3NvZnQuTmV0d29yay9sb2NhdGlvbnMvZWFzdHVzL29wZXJhdGlvbnMvYTU3YWMyMTctOGQ5OS00ZmY2LWFiMmItNDcyYzgwNTdiN2NhP2FwaS12ZXJzaW9uPTIwMTgtMDItMDE=",
      "RequestMethod": "GET",
      "RequestBody": "",
      "RequestHeaders": {
        "User-Agent": [
          "FxVersion/4.6.25211.01",
          "Microsoft.Azure.Management.Network.Fluent.NetworkManagementClient/1.8.0.0",
          "MacAddressHash/1a7db1f3023c8cc9a72984005b4db786d257d09f868c7e111d4bf514b71b7890"
        ]
      },
      "ResponseBody": "{\r\n  \"status\": \"Succeeded\"\r\n}",
      "ResponseHeaders": {
        "Content-Type": [
          "application/json; charset=utf-8"
        ],
        "Expires": [
          "-1"
        ],
        "Cache-Control": [
          "no-cache"
        ],
        "Date": [
          "Sat, 14 Apr 2018 03:04:14 GMT"
        ],
        "Pragma": [
          "no-cache"
        ],
        "Transfer-Encoding": [
          "chunked"
        ],
        "Server": [
          "Microsoft-HTTPAPI/2.0",
          "Microsoft-HTTPAPI/2.0"
        ],
        "Vary": [
          "Accept-Encoding"
        ],
        "x-ms-request-id": [
          "16ccc855-f4ed-468d-9583-8c6199f33288"
        ],
        "Strict-Transport-Security": [
          "max-age=31536000; includeSubDomains"
        ],
        "x-ms-ratelimit-remaining-subscription-reads": [
          "14967"
        ],
        "x-ms-correlation-request-id": [
          "8c5d0ad1-0226-4ab9-86db-8414a93c52a0"
        ],
        "x-ms-routing-request-id": [
          "WESTUS2:20180414T030415Z:8c5d0ad1-0226-4ab9-86db-8414a93c52a0"
        ],
        "X-Content-Type-Options": [
          "nosniff"
        ]
      },
      "StatusCode": 200
    },
    {
      "RequestUri": "/subscriptions/0b1f6471-1bf0-4dda-aec3-cb9272f09590/resourceGroups/rgvmss-2805/providers/Microsoft.Network/publicIPAddresses/pip-extlb1-9532?api-version=2018-02-01",
      "EncodedRequestUri": "L3N1YnNjcmlwdGlvbnMvMGIxZjY0NzEtMWJmMC00ZGRhLWFlYzMtY2I5MjcyZjA5NTkwL3Jlc291cmNlR3JvdXBzL3Jndm1zcy0yODA1L3Byb3ZpZGVycy9NaWNyb3NvZnQuTmV0d29yay9wdWJsaWNJUEFkZHJlc3Nlcy9waXAtZXh0bGIxLTk1MzI/YXBpLXZlcnNpb249MjAxOC0wMi0wMQ==",
      "RequestMethod": "GET",
      "RequestBody": "",
      "RequestHeaders": {
        "User-Agent": [
          "FxVersion/4.6.25211.01",
          "Microsoft.Azure.Management.Network.Fluent.NetworkManagementClient/1.8.0.0",
          "MacAddressHash/1a7db1f3023c8cc9a72984005b4db786d257d09f868c7e111d4bf514b71b7890"
        ]
      },
      "ResponseBody": "{\r\n  \"name\": \"pip-extlb1-9532\",\r\n  \"id\": \"/subscriptions/0b1f6471-1bf0-4dda-aec3-cb9272f09590/resourceGroups/rgvmss-2805/providers/Microsoft.Network/publicIPAddresses/pip-extlb1-9532\",\r\n  \"etag\": \"W/\\\"b8161765-5d8f-48e9-b4c3-f0d187a48c0e\\\"\",\r\n  \"location\": \"eastus\",\r\n  \"tags\": {},\r\n  \"properties\": {\r\n    \"provisioningState\": \"Succeeded\",\r\n    \"resourceGuid\": \"2c4164fc-747c-4e5b-9f6f-320d1c71396a\",\r\n    \"ipAddress\": \"52.191.113.180\",\r\n    \"publicIPAddressVersion\": \"IPv4\",\r\n    \"publicIPAllocationMethod\": \"Static\",\r\n    \"idleTimeoutInMinutes\": 4,\r\n    \"dnsSettings\": {\r\n      \"domainNameLabel\": \"pip-extlb1-9532\",\r\n      \"fqdn\": \"pip-extlb1-9532.eastus.cloudapp.azure.com\"\r\n    },\r\n    \"ipTags\": []\r\n  },\r\n  \"type\": \"Microsoft.Network/publicIPAddresses\",\r\n  \"sku\": {\r\n    \"name\": \"Basic\",\r\n    \"tier\": \"Regional\"\r\n  }\r\n}",
      "ResponseHeaders": {
        "Content-Type": [
          "application/json; charset=utf-8"
        ],
        "Expires": [
          "-1"
        ],
        "Cache-Control": [
          "no-cache"
        ],
        "Date": [
          "Sat, 14 Apr 2018 03:04:14 GMT"
        ],
        "Pragma": [
          "no-cache"
        ],
        "Transfer-Encoding": [
          "chunked"
        ],
        "ETag": [
          "W/\"b8161765-5d8f-48e9-b4c3-f0d187a48c0e\""
        ],
        "Server": [
          "Microsoft-HTTPAPI/2.0",
          "Microsoft-HTTPAPI/2.0"
        ],
        "Vary": [
          "Accept-Encoding"
        ],
        "x-ms-request-id": [
          "4467f69f-1cb8-4f90-8414-a9bb207a3deb"
        ],
        "Strict-Transport-Security": [
          "max-age=31536000; includeSubDomains"
        ],
        "x-ms-ratelimit-remaining-subscription-reads": [
          "14966"
        ],
        "x-ms-correlation-request-id": [
          "e26b2d81-428e-4a52-a5d1-d70702768b16"
        ],
        "x-ms-routing-request-id": [
          "WESTUS2:20180414T030415Z:e26b2d81-428e-4a52-a5d1-d70702768b16"
        ],
        "X-Content-Type-Options": [
          "nosniff"
        ]
      },
      "StatusCode": 200
    },
    {
      "RequestUri": "/subscriptions/0b1f6471-1bf0-4dda-aec3-cb9272f09590/resourceGroups/rgvmss-2805/providers/Microsoft.Network/loadBalancers/extlb1-9532?api-version=2018-02-01",
      "EncodedRequestUri": "L3N1YnNjcmlwdGlvbnMvMGIxZjY0NzEtMWJmMC00ZGRhLWFlYzMtY2I5MjcyZjA5NTkwL3Jlc291cmNlR3JvdXBzL3Jndm1zcy0yODA1L3Byb3ZpZGVycy9NaWNyb3NvZnQuTmV0d29yay9sb2FkQmFsYW5jZXJzL2V4dGxiMS05NTMyP2FwaS12ZXJzaW9uPTIwMTgtMDItMDE=",
      "RequestMethod": "PUT",
      "RequestBody": "{\r\n  \"sku\": {\r\n    \"name\": \"Basic\"\r\n  },\r\n  \"properties\": {\r\n    \"frontendIPConfigurations\": [\r\n      {\r\n        \"properties\": {\r\n          \"publicIPAddress\": {\r\n            \"id\": \"/subscriptions/0b1f6471-1bf0-4dda-aec3-cb9272f09590/resourceGroups/rgvmss-2805/providers/Microsoft.Network/publicIPAddresses/pip-extlb1-9532\"\r\n          }\r\n        },\r\n        \"name\": \"extlb1-9532-FE1\"\r\n      }\r\n    ],\r\n    \"backendAddressPools\": [\r\n      {\r\n        \"name\": \"extlb1-9532-BAP1\"\r\n      },\r\n      {\r\n        \"name\": \"extlb1-9532-BAP2\"\r\n      }\r\n    ],\r\n    \"loadBalancingRules\": [\r\n      {\r\n        \"properties\": {\r\n          \"frontendIPConfiguration\": {\r\n            \"id\": \"/subscriptions/0b1f6471-1bf0-4dda-aec3-cb9272f09590/resourceGroups/rgvmss-2805/providers/Microsoft.Network/loadBalancers/extlb1-9532/frontendIPConfigurations/extlb1-9532-FE1\"\r\n          },\r\n          \"backendAddressPool\": {\r\n            \"id\": \"/subscriptions/0b1f6471-1bf0-4dda-aec3-cb9272f09590/resourceGroups/rgvmss-2805/providers/Microsoft.Network/loadBalancers/extlb1-9532/backendAddressPools/extlb1-9532-BAP1\"\r\n          },\r\n          \"probe\": {\r\n            \"id\": \"/subscriptions/0b1f6471-1bf0-4dda-aec3-cb9272f09590/resourceGroups/rgvmss-2805/providers/Microsoft.Network/loadBalancers/extlb1-9532/probes/httpProbe\"\r\n          },\r\n          \"protocol\": \"Tcp\",\r\n          \"frontendPort\": 80,\r\n          \"backendPort\": 80\r\n        },\r\n        \"name\": \"httpRule\"\r\n      },\r\n      {\r\n        \"properties\": {\r\n          \"frontendIPConfiguration\": {\r\n            \"id\": \"/subscriptions/0b1f6471-1bf0-4dda-aec3-cb9272f09590/resourceGroups/rgvmss-2805/providers/Microsoft.Network/loadBalancers/extlb1-9532/frontendIPConfigurations/extlb1-9532-FE1\"\r\n          },\r\n          \"backendAddressPool\": {\r\n            \"id\": \"/subscriptions/0b1f6471-1bf0-4dda-aec3-cb9272f09590/resourceGroups/rgvmss-2805/providers/Microsoft.Network/loadBalancers/extlb1-9532/backendAddressPools/extlb1-9532-BAP2\"\r\n          },\r\n          \"probe\": {\r\n            \"id\": \"/subscriptions/0b1f6471-1bf0-4dda-aec3-cb9272f09590/resourceGroups/rgvmss-2805/providers/Microsoft.Network/loadBalancers/extlb1-9532/probes/httpsProbe\"\r\n          },\r\n          \"protocol\": \"Tcp\",\r\n          \"frontendPort\": 443,\r\n          \"backendPort\": 443\r\n        },\r\n        \"name\": \"httpsRule\"\r\n      }\r\n    ],\r\n    \"probes\": [\r\n      {\r\n        \"properties\": {\r\n          \"protocol\": \"Http\",\r\n          \"port\": 80,\r\n          \"requestPath\": \"/\"\r\n        },\r\n        \"name\": \"httpProbe\"\r\n      },\r\n      {\r\n        \"properties\": {\r\n          \"protocol\": \"Http\",\r\n          \"port\": 80,\r\n          \"requestPath\": \"/\"\r\n        },\r\n        \"name\": \"httpsProbe\"\r\n      }\r\n    ],\r\n    \"inboundNatRules\": [],\r\n    \"inboundNatPools\": [\r\n      {\r\n        \"properties\": {\r\n          \"frontendIPConfiguration\": {\r\n            \"id\": \"/subscriptions/0b1f6471-1bf0-4dda-aec3-cb9272f09590/resourceGroups/rgvmss-2805/providers/Microsoft.Network/loadBalancers/extlb1-9532/frontendIPConfigurations/extlb1-9532-FE1\"\r\n          },\r\n          \"protocol\": \"Tcp\",\r\n          \"frontendPortRangeStart\": 5000,\r\n          \"frontendPortRangeEnd\": 5099,\r\n          \"backendPort\": 22\r\n        },\r\n        \"name\": \"extlb1-9532-INP1\"\r\n      },\r\n      {\r\n        \"properties\": {\r\n          \"frontendIPConfiguration\": {\r\n            \"id\": \"/subscriptions/0b1f6471-1bf0-4dda-aec3-cb9272f09590/resourceGroups/rgvmss-2805/providers/Microsoft.Network/loadBalancers/extlb1-9532/frontendIPConfigurations/extlb1-9532-FE1\"\r\n          },\r\n          \"protocol\": \"Tcp\",\r\n          \"frontendPortRangeStart\": 6000,\r\n          \"frontendPortRangeEnd\": 6099,\r\n          \"backendPort\": 23\r\n        },\r\n        \"name\": \"extlb1-9532-INP2\"\r\n      }\r\n    ]\r\n  },\r\n  \"location\": \"eastus\",\r\n  \"tags\": {}\r\n}",
      "RequestHeaders": {
        "Content-Type": [
          "application/json; charset=utf-8"
        ],
        "Content-Length": [
          "3765"
        ],
        "x-ms-client-request-id": [
          "826c29eb-8280-4341-bb29-1285c16039aa"
        ],
        "accept-language": [
          "en-US"
        ],
        "User-Agent": [
          "FxVersion/4.6.25211.01",
          "Microsoft.Azure.Management.Network.Fluent.NetworkManagementClient/1.8.0.0",
          "MacAddressHash/1a7db1f3023c8cc9a72984005b4db786d257d09f868c7e111d4bf514b71b7890"
        ]
      },
      "ResponseBody": "{\r\n  \"name\": \"extlb1-9532\",\r\n  \"id\": \"/subscriptions/0b1f6471-1bf0-4dda-aec3-cb9272f09590/resourceGroups/rgvmss-2805/providers/Microsoft.Network/loadBalancers/extlb1-9532\",\r\n  \"etag\": \"W/\\\"2134bc74-f813-4c91-872d-ba0f20c100e7\\\"\",\r\n  \"type\": \"Microsoft.Network/loadBalancers\",\r\n  \"location\": \"eastus\",\r\n  \"tags\": {},\r\n  \"properties\": {\r\n    \"provisioningState\": \"Succeeded\",\r\n    \"resourceGuid\": \"a189c33a-723c-4fb6-84a0-2eb9f3b9ab81\",\r\n    \"frontendIPConfigurations\": [\r\n      {\r\n        \"name\": \"extlb1-9532-FE1\",\r\n        \"id\": \"/subscriptions/0b1f6471-1bf0-4dda-aec3-cb9272f09590/resourceGroups/rgvmss-2805/providers/Microsoft.Network/loadBalancers/extlb1-9532/frontendIPConfigurations/extlb1-9532-FE1\",\r\n        \"etag\": \"W/\\\"2134bc74-f813-4c91-872d-ba0f20c100e7\\\"\",\r\n        \"properties\": {\r\n          \"provisioningState\": \"Succeeded\",\r\n          \"privateIPAllocationMethod\": \"Dynamic\",\r\n          \"publicIPAddress\": {\r\n            \"id\": \"/subscriptions/0b1f6471-1bf0-4dda-aec3-cb9272f09590/resourceGroups/rgvmss-2805/providers/Microsoft.Network/publicIPAddresses/pip-extlb1-9532\"\r\n          },\r\n          \"loadBalancingRules\": [\r\n            {\r\n              \"id\": \"/subscriptions/0b1f6471-1bf0-4dda-aec3-cb9272f09590/resourceGroups/rgvmss-2805/providers/Microsoft.Network/loadBalancers/extlb1-9532/loadBalancingRules/httpRule\"\r\n            },\r\n            {\r\n              \"id\": \"/subscriptions/0b1f6471-1bf0-4dda-aec3-cb9272f09590/resourceGroups/rgvmss-2805/providers/Microsoft.Network/loadBalancers/extlb1-9532/loadBalancingRules/httpsRule\"\r\n            }\r\n          ],\r\n          \"inboundNatPools\": [\r\n            {\r\n              \"id\": \"/subscriptions/0b1f6471-1bf0-4dda-aec3-cb9272f09590/resourceGroups/rgvmss-2805/providers/Microsoft.Network/loadBalancers/extlb1-9532/inboundNatPools/extlb1-9532-INP1\"\r\n            },\r\n            {\r\n              \"id\": \"/subscriptions/0b1f6471-1bf0-4dda-aec3-cb9272f09590/resourceGroups/rgvmss-2805/providers/Microsoft.Network/loadBalancers/extlb1-9532/inboundNatPools/extlb1-9532-INP2\"\r\n            }\r\n          ]\r\n        }\r\n      }\r\n    ],\r\n    \"backendAddressPools\": [\r\n      {\r\n        \"name\": \"extlb1-9532-BAP1\",\r\n        \"id\": \"/subscriptions/0b1f6471-1bf0-4dda-aec3-cb9272f09590/resourceGroups/rgvmss-2805/providers/Microsoft.Network/loadBalancers/extlb1-9532/backendAddressPools/extlb1-9532-BAP1\",\r\n        \"etag\": \"W/\\\"2134bc74-f813-4c91-872d-ba0f20c100e7\\\"\",\r\n        \"properties\": {\r\n          \"provisioningState\": \"Succeeded\",\r\n          \"loadBalancingRules\": [\r\n            {\r\n              \"id\": \"/subscriptions/0b1f6471-1bf0-4dda-aec3-cb9272f09590/resourceGroups/rgvmss-2805/providers/Microsoft.Network/loadBalancers/extlb1-9532/loadBalancingRules/httpRule\"\r\n            }\r\n          ]\r\n        }\r\n      },\r\n      {\r\n        \"name\": \"extlb1-9532-BAP2\",\r\n        \"id\": \"/subscriptions/0b1f6471-1bf0-4dda-aec3-cb9272f09590/resourceGroups/rgvmss-2805/providers/Microsoft.Network/loadBalancers/extlb1-9532/backendAddressPools/extlb1-9532-BAP2\",\r\n        \"etag\": \"W/\\\"2134bc74-f813-4c91-872d-ba0f20c100e7\\\"\",\r\n        \"properties\": {\r\n          \"provisioningState\": \"Succeeded\",\r\n          \"loadBalancingRules\": [\r\n            {\r\n              \"id\": \"/subscriptions/0b1f6471-1bf0-4dda-aec3-cb9272f09590/resourceGroups/rgvmss-2805/providers/Microsoft.Network/loadBalancers/extlb1-9532/loadBalancingRules/httpsRule\"\r\n            }\r\n          ]\r\n        }\r\n      }\r\n    ],\r\n    \"loadBalancingRules\": [\r\n      {\r\n        \"name\": \"httpRule\",\r\n        \"id\": \"/subscriptions/0b1f6471-1bf0-4dda-aec3-cb9272f09590/resourceGroups/rgvmss-2805/providers/Microsoft.Network/loadBalancers/extlb1-9532/loadBalancingRules/httpRule\",\r\n        \"etag\": \"W/\\\"2134bc74-f813-4c91-872d-ba0f20c100e7\\\"\",\r\n        \"properties\": {\r\n          \"provisioningState\": \"Succeeded\",\r\n          \"frontendIPConfiguration\": {\r\n            \"id\": \"/subscriptions/0b1f6471-1bf0-4dda-aec3-cb9272f09590/resourceGroups/rgvmss-2805/providers/Microsoft.Network/loadBalancers/extlb1-9532/frontendIPConfigurations/extlb1-9532-FE1\"\r\n          },\r\n          \"frontendPort\": 80,\r\n          \"backendPort\": 80,\r\n          \"enableFloatingIP\": false,\r\n          \"idleTimeoutInMinutes\": 4,\r\n          \"protocol\": \"Tcp\",\r\n          \"enableDestinationServiceEndpoint\": false,\r\n          \"loadDistribution\": \"Default\",\r\n          \"backendAddressPool\": {\r\n            \"id\": \"/subscriptions/0b1f6471-1bf0-4dda-aec3-cb9272f09590/resourceGroups/rgvmss-2805/providers/Microsoft.Network/loadBalancers/extlb1-9532/backendAddressPools/extlb1-9532-BAP1\"\r\n          },\r\n          \"probe\": {\r\n            \"id\": \"/subscriptions/0b1f6471-1bf0-4dda-aec3-cb9272f09590/resourceGroups/rgvmss-2805/providers/Microsoft.Network/loadBalancers/extlb1-9532/probes/httpProbe\"\r\n          }\r\n        }\r\n      },\r\n      {\r\n        \"name\": \"httpsRule\",\r\n        \"id\": \"/subscriptions/0b1f6471-1bf0-4dda-aec3-cb9272f09590/resourceGroups/rgvmss-2805/providers/Microsoft.Network/loadBalancers/extlb1-9532/loadBalancingRules/httpsRule\",\r\n        \"etag\": \"W/\\\"2134bc74-f813-4c91-872d-ba0f20c100e7\\\"\",\r\n        \"properties\": {\r\n          \"provisioningState\": \"Succeeded\",\r\n          \"frontendIPConfiguration\": {\r\n            \"id\": \"/subscriptions/0b1f6471-1bf0-4dda-aec3-cb9272f09590/resourceGroups/rgvmss-2805/providers/Microsoft.Network/loadBalancers/extlb1-9532/frontendIPConfigurations/extlb1-9532-FE1\"\r\n          },\r\n          \"frontendPort\": 443,\r\n          \"backendPort\": 443,\r\n          \"enableFloatingIP\": false,\r\n          \"idleTimeoutInMinutes\": 4,\r\n          \"protocol\": \"Tcp\",\r\n          \"enableDestinationServiceEndpoint\": false,\r\n          \"loadDistribution\": \"Default\",\r\n          \"backendAddressPool\": {\r\n            \"id\": \"/subscriptions/0b1f6471-1bf0-4dda-aec3-cb9272f09590/resourceGroups/rgvmss-2805/providers/Microsoft.Network/loadBalancers/extlb1-9532/backendAddressPools/extlb1-9532-BAP2\"\r\n          },\r\n          \"probe\": {\r\n            \"id\": \"/subscriptions/0b1f6471-1bf0-4dda-aec3-cb9272f09590/resourceGroups/rgvmss-2805/providers/Microsoft.Network/loadBalancers/extlb1-9532/probes/httpsProbe\"\r\n          }\r\n        }\r\n      }\r\n    ],\r\n    \"probes\": [\r\n      {\r\n        \"name\": \"httpProbe\",\r\n        \"id\": \"/subscriptions/0b1f6471-1bf0-4dda-aec3-cb9272f09590/resourceGroups/rgvmss-2805/providers/Microsoft.Network/loadBalancers/extlb1-9532/probes/httpProbe\",\r\n        \"etag\": \"W/\\\"2134bc74-f813-4c91-872d-ba0f20c100e7\\\"\",\r\n        \"properties\": {\r\n          \"provisioningState\": \"Succeeded\",\r\n          \"protocol\": \"Http\",\r\n          \"port\": 80,\r\n          \"requestPath\": \"/\",\r\n          \"intervalInSeconds\": 15,\r\n          \"numberOfProbes\": 2,\r\n          \"loadBalancingRules\": [\r\n            {\r\n              \"id\": \"/subscriptions/0b1f6471-1bf0-4dda-aec3-cb9272f09590/resourceGroups/rgvmss-2805/providers/Microsoft.Network/loadBalancers/extlb1-9532/loadBalancingRules/httpRule\"\r\n            }\r\n          ]\r\n        }\r\n      },\r\n      {\r\n        \"name\": \"httpsProbe\",\r\n        \"id\": \"/subscriptions/0b1f6471-1bf0-4dda-aec3-cb9272f09590/resourceGroups/rgvmss-2805/providers/Microsoft.Network/loadBalancers/extlb1-9532/probes/httpsProbe\",\r\n        \"etag\": \"W/\\\"2134bc74-f813-4c91-872d-ba0f20c100e7\\\"\",\r\n        \"properties\": {\r\n          \"provisioningState\": \"Succeeded\",\r\n          \"protocol\": \"Http\",\r\n          \"port\": 80,\r\n          \"requestPath\": \"/\",\r\n          \"intervalInSeconds\": 15,\r\n          \"numberOfProbes\": 2,\r\n          \"loadBalancingRules\": [\r\n            {\r\n              \"id\": \"/subscriptions/0b1f6471-1bf0-4dda-aec3-cb9272f09590/resourceGroups/rgvmss-2805/providers/Microsoft.Network/loadBalancers/extlb1-9532/loadBalancingRules/httpsRule\"\r\n            }\r\n          ]\r\n        }\r\n      }\r\n    ],\r\n    \"inboundNatRules\": [],\r\n    \"outboundNatRules\": [],\r\n    \"inboundNatPools\": [\r\n      {\r\n        \"name\": \"extlb1-9532-INP1\",\r\n        \"id\": \"/subscriptions/0b1f6471-1bf0-4dda-aec3-cb9272f09590/resourceGroups/rgvmss-2805/providers/Microsoft.Network/loadBalancers/extlb1-9532/inboundNatPools/extlb1-9532-INP1\",\r\n        \"etag\": \"W/\\\"2134bc74-f813-4c91-872d-ba0f20c100e7\\\"\",\r\n        \"properties\": {\r\n          \"provisioningState\": \"Succeeded\",\r\n          \"frontendPortRangeStart\": 5000,\r\n          \"frontendPortRangeEnd\": 5099,\r\n          \"backendPort\": 22,\r\n          \"protocol\": \"Tcp\",\r\n          \"idleTimeoutInMinutes\": 4,\r\n          \"enableFloatingIP\": false,\r\n          \"enableDestinationServiceEndpoint\": false,\r\n          \"frontendIPConfiguration\": {\r\n            \"id\": \"/subscriptions/0b1f6471-1bf0-4dda-aec3-cb9272f09590/resourceGroups/rgvmss-2805/providers/Microsoft.Network/loadBalancers/extlb1-9532/frontendIPConfigurations/extlb1-9532-FE1\"\r\n          }\r\n        }\r\n      },\r\n      {\r\n        \"name\": \"extlb1-9532-INP2\",\r\n        \"id\": \"/subscriptions/0b1f6471-1bf0-4dda-aec3-cb9272f09590/resourceGroups/rgvmss-2805/providers/Microsoft.Network/loadBalancers/extlb1-9532/inboundNatPools/extlb1-9532-INP2\",\r\n        \"etag\": \"W/\\\"2134bc74-f813-4c91-872d-ba0f20c100e7\\\"\",\r\n        \"properties\": {\r\n          \"provisioningState\": \"Succeeded\",\r\n          \"frontendPortRangeStart\": 6000,\r\n          \"frontendPortRangeEnd\": 6099,\r\n          \"backendPort\": 23,\r\n          \"protocol\": \"Tcp\",\r\n          \"idleTimeoutInMinutes\": 4,\r\n          \"enableFloatingIP\": false,\r\n          \"enableDestinationServiceEndpoint\": false,\r\n          \"frontendIPConfiguration\": {\r\n            \"id\": \"/subscriptions/0b1f6471-1bf0-4dda-aec3-cb9272f09590/resourceGroups/rgvmss-2805/providers/Microsoft.Network/loadBalancers/extlb1-9532/frontendIPConfigurations/extlb1-9532-FE1\"\r\n          }\r\n        }\r\n      }\r\n    ]\r\n  },\r\n  \"sku\": {\r\n    \"name\": \"Basic\",\r\n    \"tier\": \"Regional\"\r\n  }\r\n}",
      "ResponseHeaders": {
        "Content-Length": [
          "9678"
        ],
        "Content-Type": [
          "application/json; charset=utf-8"
        ],
        "Expires": [
          "-1"
        ],
        "Cache-Control": [
          "no-cache"
        ],
        "Date": [
          "Sat, 14 Apr 2018 03:04:16 GMT"
        ],
        "Pragma": [
          "no-cache"
        ],
        "Server": [
          "Microsoft-HTTPAPI/2.0",
          "Microsoft-HTTPAPI/2.0"
        ],
        "x-ms-request-id": [
          "2ee4cb11-2ced-471c-a405-a52ea078b0d7"
        ],
        "Azure-AsyncOperation": [
          "https://management.azure.com/subscriptions/0b1f6471-1bf0-4dda-aec3-cb9272f09590/providers/Microsoft.Network/locations/eastus/operations/2ee4cb11-2ced-471c-a405-a52ea078b0d7?api-version=2018-02-01"
        ],
        "Strict-Transport-Security": [
          "max-age=31536000; includeSubDomains"
        ],
        "x-ms-ratelimit-remaining-subscription-writes": [
          "1193"
        ],
        "x-ms-correlation-request-id": [
          "098e6bcf-cfa5-41b8-a566-f89101cfbc0c"
        ],
        "x-ms-routing-request-id": [
          "WESTUS2:20180414T030416Z:098e6bcf-cfa5-41b8-a566-f89101cfbc0c"
        ],
        "X-Content-Type-Options": [
          "nosniff"
        ]
      },
      "StatusCode": 201
    },
    {
      "RequestUri": "/subscriptions/0b1f6471-1bf0-4dda-aec3-cb9272f09590/resourceGroups/rgvmss-2805/providers/Microsoft.Network/loadBalancers/extlb1-9532?api-version=2018-02-01",
      "EncodedRequestUri": "L3N1YnNjcmlwdGlvbnMvMGIxZjY0NzEtMWJmMC00ZGRhLWFlYzMtY2I5MjcyZjA5NTkwL3Jlc291cmNlR3JvdXBzL3Jndm1zcy0yODA1L3Byb3ZpZGVycy9NaWNyb3NvZnQuTmV0d29yay9sb2FkQmFsYW5jZXJzL2V4dGxiMS05NTMyP2FwaS12ZXJzaW9uPTIwMTgtMDItMDE=",
      "RequestMethod": "GET",
      "RequestBody": "",
      "RequestHeaders": {
        "User-Agent": [
          "FxVersion/4.6.25211.01",
          "Microsoft.Azure.Management.Network.Fluent.NetworkManagementClient/1.8.0.0",
          "MacAddressHash/1a7db1f3023c8cc9a72984005b4db786d257d09f868c7e111d4bf514b71b7890"
        ]
      },
      "ResponseBody": "{\r\n  \"name\": \"extlb1-9532\",\r\n  \"id\": \"/subscriptions/0b1f6471-1bf0-4dda-aec3-cb9272f09590/resourceGroups/rgvmss-2805/providers/Microsoft.Network/loadBalancers/extlb1-9532\",\r\n  \"etag\": \"W/\\\"2134bc74-f813-4c91-872d-ba0f20c100e7\\\"\",\r\n  \"type\": \"Microsoft.Network/loadBalancers\",\r\n  \"location\": \"eastus\",\r\n  \"tags\": {},\r\n  \"properties\": {\r\n    \"provisioningState\": \"Succeeded\",\r\n    \"resourceGuid\": \"a189c33a-723c-4fb6-84a0-2eb9f3b9ab81\",\r\n    \"frontendIPConfigurations\": [\r\n      {\r\n        \"name\": \"extlb1-9532-FE1\",\r\n        \"id\": \"/subscriptions/0b1f6471-1bf0-4dda-aec3-cb9272f09590/resourceGroups/rgvmss-2805/providers/Microsoft.Network/loadBalancers/extlb1-9532/frontendIPConfigurations/extlb1-9532-FE1\",\r\n        \"etag\": \"W/\\\"2134bc74-f813-4c91-872d-ba0f20c100e7\\\"\",\r\n        \"properties\": {\r\n          \"provisioningState\": \"Succeeded\",\r\n          \"privateIPAllocationMethod\": \"Dynamic\",\r\n          \"publicIPAddress\": {\r\n            \"id\": \"/subscriptions/0b1f6471-1bf0-4dda-aec3-cb9272f09590/resourceGroups/rgvmss-2805/providers/Microsoft.Network/publicIPAddresses/pip-extlb1-9532\"\r\n          },\r\n          \"loadBalancingRules\": [\r\n            {\r\n              \"id\": \"/subscriptions/0b1f6471-1bf0-4dda-aec3-cb9272f09590/resourceGroups/rgvmss-2805/providers/Microsoft.Network/loadBalancers/extlb1-9532/loadBalancingRules/httpRule\"\r\n            },\r\n            {\r\n              \"id\": \"/subscriptions/0b1f6471-1bf0-4dda-aec3-cb9272f09590/resourceGroups/rgvmss-2805/providers/Microsoft.Network/loadBalancers/extlb1-9532/loadBalancingRules/httpsRule\"\r\n            }\r\n          ],\r\n          \"inboundNatPools\": [\r\n            {\r\n              \"id\": \"/subscriptions/0b1f6471-1bf0-4dda-aec3-cb9272f09590/resourceGroups/rgvmss-2805/providers/Microsoft.Network/loadBalancers/extlb1-9532/inboundNatPools/extlb1-9532-INP1\"\r\n            },\r\n            {\r\n              \"id\": \"/subscriptions/0b1f6471-1bf0-4dda-aec3-cb9272f09590/resourceGroups/rgvmss-2805/providers/Microsoft.Network/loadBalancers/extlb1-9532/inboundNatPools/extlb1-9532-INP2\"\r\n            }\r\n          ]\r\n        }\r\n      }\r\n    ],\r\n    \"backendAddressPools\": [\r\n      {\r\n        \"name\": \"extlb1-9532-BAP1\",\r\n        \"id\": \"/subscriptions/0b1f6471-1bf0-4dda-aec3-cb9272f09590/resourceGroups/rgvmss-2805/providers/Microsoft.Network/loadBalancers/extlb1-9532/backendAddressPools/extlb1-9532-BAP1\",\r\n        \"etag\": \"W/\\\"2134bc74-f813-4c91-872d-ba0f20c100e7\\\"\",\r\n        \"properties\": {\r\n          \"provisioningState\": \"Succeeded\",\r\n          \"loadBalancingRules\": [\r\n            {\r\n              \"id\": \"/subscriptions/0b1f6471-1bf0-4dda-aec3-cb9272f09590/resourceGroups/rgvmss-2805/providers/Microsoft.Network/loadBalancers/extlb1-9532/loadBalancingRules/httpRule\"\r\n            }\r\n          ]\r\n        }\r\n      },\r\n      {\r\n        \"name\": \"extlb1-9532-BAP2\",\r\n        \"id\": \"/subscriptions/0b1f6471-1bf0-4dda-aec3-cb9272f09590/resourceGroups/rgvmss-2805/providers/Microsoft.Network/loadBalancers/extlb1-9532/backendAddressPools/extlb1-9532-BAP2\",\r\n        \"etag\": \"W/\\\"2134bc74-f813-4c91-872d-ba0f20c100e7\\\"\",\r\n        \"properties\": {\r\n          \"provisioningState\": \"Succeeded\",\r\n          \"loadBalancingRules\": [\r\n            {\r\n              \"id\": \"/subscriptions/0b1f6471-1bf0-4dda-aec3-cb9272f09590/resourceGroups/rgvmss-2805/providers/Microsoft.Network/loadBalancers/extlb1-9532/loadBalancingRules/httpsRule\"\r\n            }\r\n          ]\r\n        }\r\n      }\r\n    ],\r\n    \"loadBalancingRules\": [\r\n      {\r\n        \"name\": \"httpRule\",\r\n        \"id\": \"/subscriptions/0b1f6471-1bf0-4dda-aec3-cb9272f09590/resourceGroups/rgvmss-2805/providers/Microsoft.Network/loadBalancers/extlb1-9532/loadBalancingRules/httpRule\",\r\n        \"etag\": \"W/\\\"2134bc74-f813-4c91-872d-ba0f20c100e7\\\"\",\r\n        \"properties\": {\r\n          \"provisioningState\": \"Succeeded\",\r\n          \"frontendIPConfiguration\": {\r\n            \"id\": \"/subscriptions/0b1f6471-1bf0-4dda-aec3-cb9272f09590/resourceGroups/rgvmss-2805/providers/Microsoft.Network/loadBalancers/extlb1-9532/frontendIPConfigurations/extlb1-9532-FE1\"\r\n          },\r\n          \"frontendPort\": 80,\r\n          \"backendPort\": 80,\r\n          \"enableFloatingIP\": false,\r\n          \"idleTimeoutInMinutes\": 4,\r\n          \"protocol\": \"Tcp\",\r\n          \"enableDestinationServiceEndpoint\": false,\r\n          \"loadDistribution\": \"Default\",\r\n          \"backendAddressPool\": {\r\n            \"id\": \"/subscriptions/0b1f6471-1bf0-4dda-aec3-cb9272f09590/resourceGroups/rgvmss-2805/providers/Microsoft.Network/loadBalancers/extlb1-9532/backendAddressPools/extlb1-9532-BAP1\"\r\n          },\r\n          \"probe\": {\r\n            \"id\": \"/subscriptions/0b1f6471-1bf0-4dda-aec3-cb9272f09590/resourceGroups/rgvmss-2805/providers/Microsoft.Network/loadBalancers/extlb1-9532/probes/httpProbe\"\r\n          }\r\n        }\r\n      },\r\n      {\r\n        \"name\": \"httpsRule\",\r\n        \"id\": \"/subscriptions/0b1f6471-1bf0-4dda-aec3-cb9272f09590/resourceGroups/rgvmss-2805/providers/Microsoft.Network/loadBalancers/extlb1-9532/loadBalancingRules/httpsRule\",\r\n        \"etag\": \"W/\\\"2134bc74-f813-4c91-872d-ba0f20c100e7\\\"\",\r\n        \"properties\": {\r\n          \"provisioningState\": \"Succeeded\",\r\n          \"frontendIPConfiguration\": {\r\n            \"id\": \"/subscriptions/0b1f6471-1bf0-4dda-aec3-cb9272f09590/resourceGroups/rgvmss-2805/providers/Microsoft.Network/loadBalancers/extlb1-9532/frontendIPConfigurations/extlb1-9532-FE1\"\r\n          },\r\n          \"frontendPort\": 443,\r\n          \"backendPort\": 443,\r\n          \"enableFloatingIP\": false,\r\n          \"idleTimeoutInMinutes\": 4,\r\n          \"protocol\": \"Tcp\",\r\n          \"enableDestinationServiceEndpoint\": false,\r\n          \"loadDistribution\": \"Default\",\r\n          \"backendAddressPool\": {\r\n            \"id\": \"/subscriptions/0b1f6471-1bf0-4dda-aec3-cb9272f09590/resourceGroups/rgvmss-2805/providers/Microsoft.Network/loadBalancers/extlb1-9532/backendAddressPools/extlb1-9532-BAP2\"\r\n          },\r\n          \"probe\": {\r\n            \"id\": \"/subscriptions/0b1f6471-1bf0-4dda-aec3-cb9272f09590/resourceGroups/rgvmss-2805/providers/Microsoft.Network/loadBalancers/extlb1-9532/probes/httpsProbe\"\r\n          }\r\n        }\r\n      }\r\n    ],\r\n    \"probes\": [\r\n      {\r\n        \"name\": \"httpProbe\",\r\n        \"id\": \"/subscriptions/0b1f6471-1bf0-4dda-aec3-cb9272f09590/resourceGroups/rgvmss-2805/providers/Microsoft.Network/loadBalancers/extlb1-9532/probes/httpProbe\",\r\n        \"etag\": \"W/\\\"2134bc74-f813-4c91-872d-ba0f20c100e7\\\"\",\r\n        \"properties\": {\r\n          \"provisioningState\": \"Succeeded\",\r\n          \"protocol\": \"Http\",\r\n          \"port\": 80,\r\n          \"requestPath\": \"/\",\r\n          \"intervalInSeconds\": 15,\r\n          \"numberOfProbes\": 2,\r\n          \"loadBalancingRules\": [\r\n            {\r\n              \"id\": \"/subscriptions/0b1f6471-1bf0-4dda-aec3-cb9272f09590/resourceGroups/rgvmss-2805/providers/Microsoft.Network/loadBalancers/extlb1-9532/loadBalancingRules/httpRule\"\r\n            }\r\n          ]\r\n        }\r\n      },\r\n      {\r\n        \"name\": \"httpsProbe\",\r\n        \"id\": \"/subscriptions/0b1f6471-1bf0-4dda-aec3-cb9272f09590/resourceGroups/rgvmss-2805/providers/Microsoft.Network/loadBalancers/extlb1-9532/probes/httpsProbe\",\r\n        \"etag\": \"W/\\\"2134bc74-f813-4c91-872d-ba0f20c100e7\\\"\",\r\n        \"properties\": {\r\n          \"provisioningState\": \"Succeeded\",\r\n          \"protocol\": \"Http\",\r\n          \"port\": 80,\r\n          \"requestPath\": \"/\",\r\n          \"intervalInSeconds\": 15,\r\n          \"numberOfProbes\": 2,\r\n          \"loadBalancingRules\": [\r\n            {\r\n              \"id\": \"/subscriptions/0b1f6471-1bf0-4dda-aec3-cb9272f09590/resourceGroups/rgvmss-2805/providers/Microsoft.Network/loadBalancers/extlb1-9532/loadBalancingRules/httpsRule\"\r\n            }\r\n          ]\r\n        }\r\n      }\r\n    ],\r\n    \"inboundNatRules\": [],\r\n    \"outboundNatRules\": [],\r\n    \"inboundNatPools\": [\r\n      {\r\n        \"name\": \"extlb1-9532-INP1\",\r\n        \"id\": \"/subscriptions/0b1f6471-1bf0-4dda-aec3-cb9272f09590/resourceGroups/rgvmss-2805/providers/Microsoft.Network/loadBalancers/extlb1-9532/inboundNatPools/extlb1-9532-INP1\",\r\n        \"etag\": \"W/\\\"2134bc74-f813-4c91-872d-ba0f20c100e7\\\"\",\r\n        \"properties\": {\r\n          \"provisioningState\": \"Succeeded\",\r\n          \"frontendPortRangeStart\": 5000,\r\n          \"frontendPortRangeEnd\": 5099,\r\n          \"backendPort\": 22,\r\n          \"protocol\": \"Tcp\",\r\n          \"idleTimeoutInMinutes\": 4,\r\n          \"enableFloatingIP\": false,\r\n          \"enableDestinationServiceEndpoint\": false,\r\n          \"frontendIPConfiguration\": {\r\n            \"id\": \"/subscriptions/0b1f6471-1bf0-4dda-aec3-cb9272f09590/resourceGroups/rgvmss-2805/providers/Microsoft.Network/loadBalancers/extlb1-9532/frontendIPConfigurations/extlb1-9532-FE1\"\r\n          }\r\n        }\r\n      },\r\n      {\r\n        \"name\": \"extlb1-9532-INP2\",\r\n        \"id\": \"/subscriptions/0b1f6471-1bf0-4dda-aec3-cb9272f09590/resourceGroups/rgvmss-2805/providers/Microsoft.Network/loadBalancers/extlb1-9532/inboundNatPools/extlb1-9532-INP2\",\r\n        \"etag\": \"W/\\\"2134bc74-f813-4c91-872d-ba0f20c100e7\\\"\",\r\n        \"properties\": {\r\n          \"provisioningState\": \"Succeeded\",\r\n          \"frontendPortRangeStart\": 6000,\r\n          \"frontendPortRangeEnd\": 6099,\r\n          \"backendPort\": 23,\r\n          \"protocol\": \"Tcp\",\r\n          \"idleTimeoutInMinutes\": 4,\r\n          \"enableFloatingIP\": false,\r\n          \"enableDestinationServiceEndpoint\": false,\r\n          \"frontendIPConfiguration\": {\r\n            \"id\": \"/subscriptions/0b1f6471-1bf0-4dda-aec3-cb9272f09590/resourceGroups/rgvmss-2805/providers/Microsoft.Network/loadBalancers/extlb1-9532/frontendIPConfigurations/extlb1-9532-FE1\"\r\n          }\r\n        }\r\n      }\r\n    ]\r\n  },\r\n  \"sku\": {\r\n    \"name\": \"Basic\",\r\n    \"tier\": \"Regional\"\r\n  }\r\n}",
      "ResponseHeaders": {
        "Content-Type": [
          "application/json; charset=utf-8"
        ],
        "Expires": [
          "-1"
        ],
        "Cache-Control": [
          "no-cache"
        ],
        "Date": [
          "Sat, 14 Apr 2018 03:04:17 GMT"
        ],
        "Pragma": [
          "no-cache"
        ],
        "Transfer-Encoding": [
          "chunked"
        ],
        "ETag": [
          "W/\"2134bc74-f813-4c91-872d-ba0f20c100e7\""
        ],
        "Server": [
          "Microsoft-HTTPAPI/2.0",
          "Microsoft-HTTPAPI/2.0"
        ],
        "Vary": [
          "Accept-Encoding"
        ],
        "x-ms-request-id": [
          "0ee410b6-f32d-4fd0-9428-d81f002cadd0"
        ],
        "Strict-Transport-Security": [
          "max-age=31536000; includeSubDomains"
        ],
        "x-ms-ratelimit-remaining-subscription-reads": [
          "14965"
        ],
        "x-ms-correlation-request-id": [
          "a45fd163-6c66-4571-8197-c86e6fed26fb"
        ],
        "x-ms-routing-request-id": [
          "WESTUS2:20180414T030417Z:a45fd163-6c66-4571-8197-c86e6fed26fb"
        ],
        "X-Content-Type-Options": [
          "nosniff"
        ]
      },
      "StatusCode": 200
    },
    {
      "RequestUri": "/subscriptions/0b1f6471-1bf0-4dda-aec3-cb9272f09590/resourceGroups/rgvmss-2805/providers/Microsoft.Network/loadBalancers/extlb1-9532?api-version=2018-02-01",
      "EncodedRequestUri": "L3N1YnNjcmlwdGlvbnMvMGIxZjY0NzEtMWJmMC00ZGRhLWFlYzMtY2I5MjcyZjA5NTkwL3Jlc291cmNlR3JvdXBzL3Jndm1zcy0yODA1L3Byb3ZpZGVycy9NaWNyb3NvZnQuTmV0d29yay9sb2FkQmFsYW5jZXJzL2V4dGxiMS05NTMyP2FwaS12ZXJzaW9uPTIwMTgtMDItMDE=",
      "RequestMethod": "GET",
      "RequestBody": "",
      "RequestHeaders": {
        "x-ms-client-request-id": [
          "2e02a954-0431-4cd3-98fd-75082c88d623"
        ],
        "accept-language": [
          "en-US"
        ],
        "User-Agent": [
          "FxVersion/4.6.25211.01",
          "Microsoft.Azure.Management.Network.Fluent.NetworkManagementClient/1.8.0.0",
          "MacAddressHash/1a7db1f3023c8cc9a72984005b4db786d257d09f868c7e111d4bf514b71b7890"
        ]
      },
      "ResponseBody": "{\r\n  \"name\": \"extlb1-9532\",\r\n  \"id\": \"/subscriptions/0b1f6471-1bf0-4dda-aec3-cb9272f09590/resourceGroups/rgvmss-2805/providers/Microsoft.Network/loadBalancers/extlb1-9532\",\r\n  \"etag\": \"W/\\\"2134bc74-f813-4c91-872d-ba0f20c100e7\\\"\",\r\n  \"type\": \"Microsoft.Network/loadBalancers\",\r\n  \"location\": \"eastus\",\r\n  \"tags\": {},\r\n  \"properties\": {\r\n    \"provisioningState\": \"Succeeded\",\r\n    \"resourceGuid\": \"a189c33a-723c-4fb6-84a0-2eb9f3b9ab81\",\r\n    \"frontendIPConfigurations\": [\r\n      {\r\n        \"name\": \"extlb1-9532-FE1\",\r\n        \"id\": \"/subscriptions/0b1f6471-1bf0-4dda-aec3-cb9272f09590/resourceGroups/rgvmss-2805/providers/Microsoft.Network/loadBalancers/extlb1-9532/frontendIPConfigurations/extlb1-9532-FE1\",\r\n        \"etag\": \"W/\\\"2134bc74-f813-4c91-872d-ba0f20c100e7\\\"\",\r\n        \"properties\": {\r\n          \"provisioningState\": \"Succeeded\",\r\n          \"privateIPAllocationMethod\": \"Dynamic\",\r\n          \"publicIPAddress\": {\r\n            \"id\": \"/subscriptions/0b1f6471-1bf0-4dda-aec3-cb9272f09590/resourceGroups/rgvmss-2805/providers/Microsoft.Network/publicIPAddresses/pip-extlb1-9532\"\r\n          },\r\n          \"loadBalancingRules\": [\r\n            {\r\n              \"id\": \"/subscriptions/0b1f6471-1bf0-4dda-aec3-cb9272f09590/resourceGroups/rgvmss-2805/providers/Microsoft.Network/loadBalancers/extlb1-9532/loadBalancingRules/httpRule\"\r\n            },\r\n            {\r\n              \"id\": \"/subscriptions/0b1f6471-1bf0-4dda-aec3-cb9272f09590/resourceGroups/rgvmss-2805/providers/Microsoft.Network/loadBalancers/extlb1-9532/loadBalancingRules/httpsRule\"\r\n            }\r\n          ],\r\n          \"inboundNatPools\": [\r\n            {\r\n              \"id\": \"/subscriptions/0b1f6471-1bf0-4dda-aec3-cb9272f09590/resourceGroups/rgvmss-2805/providers/Microsoft.Network/loadBalancers/extlb1-9532/inboundNatPools/extlb1-9532-INP1\"\r\n            },\r\n            {\r\n              \"id\": \"/subscriptions/0b1f6471-1bf0-4dda-aec3-cb9272f09590/resourceGroups/rgvmss-2805/providers/Microsoft.Network/loadBalancers/extlb1-9532/inboundNatPools/extlb1-9532-INP2\"\r\n            }\r\n          ]\r\n        }\r\n      }\r\n    ],\r\n    \"backendAddressPools\": [\r\n      {\r\n        \"name\": \"extlb1-9532-BAP1\",\r\n        \"id\": \"/subscriptions/0b1f6471-1bf0-4dda-aec3-cb9272f09590/resourceGroups/rgvmss-2805/providers/Microsoft.Network/loadBalancers/extlb1-9532/backendAddressPools/extlb1-9532-BAP1\",\r\n        \"etag\": \"W/\\\"2134bc74-f813-4c91-872d-ba0f20c100e7\\\"\",\r\n        \"properties\": {\r\n          \"provisioningState\": \"Succeeded\",\r\n          \"loadBalancingRules\": [\r\n            {\r\n              \"id\": \"/subscriptions/0b1f6471-1bf0-4dda-aec3-cb9272f09590/resourceGroups/rgvmss-2805/providers/Microsoft.Network/loadBalancers/extlb1-9532/loadBalancingRules/httpRule\"\r\n            }\r\n          ]\r\n        }\r\n      },\r\n      {\r\n        \"name\": \"extlb1-9532-BAP2\",\r\n        \"id\": \"/subscriptions/0b1f6471-1bf0-4dda-aec3-cb9272f09590/resourceGroups/rgvmss-2805/providers/Microsoft.Network/loadBalancers/extlb1-9532/backendAddressPools/extlb1-9532-BAP2\",\r\n        \"etag\": \"W/\\\"2134bc74-f813-4c91-872d-ba0f20c100e7\\\"\",\r\n        \"properties\": {\r\n          \"provisioningState\": \"Succeeded\",\r\n          \"loadBalancingRules\": [\r\n            {\r\n              \"id\": \"/subscriptions/0b1f6471-1bf0-4dda-aec3-cb9272f09590/resourceGroups/rgvmss-2805/providers/Microsoft.Network/loadBalancers/extlb1-9532/loadBalancingRules/httpsRule\"\r\n            }\r\n          ]\r\n        }\r\n      }\r\n    ],\r\n    \"loadBalancingRules\": [\r\n      {\r\n        \"name\": \"httpRule\",\r\n        \"id\": \"/subscriptions/0b1f6471-1bf0-4dda-aec3-cb9272f09590/resourceGroups/rgvmss-2805/providers/Microsoft.Network/loadBalancers/extlb1-9532/loadBalancingRules/httpRule\",\r\n        \"etag\": \"W/\\\"2134bc74-f813-4c91-872d-ba0f20c100e7\\\"\",\r\n        \"properties\": {\r\n          \"provisioningState\": \"Succeeded\",\r\n          \"frontendIPConfiguration\": {\r\n            \"id\": \"/subscriptions/0b1f6471-1bf0-4dda-aec3-cb9272f09590/resourceGroups/rgvmss-2805/providers/Microsoft.Network/loadBalancers/extlb1-9532/frontendIPConfigurations/extlb1-9532-FE1\"\r\n          },\r\n          \"frontendPort\": 80,\r\n          \"backendPort\": 80,\r\n          \"enableFloatingIP\": false,\r\n          \"idleTimeoutInMinutes\": 4,\r\n          \"protocol\": \"Tcp\",\r\n          \"enableDestinationServiceEndpoint\": false,\r\n          \"loadDistribution\": \"Default\",\r\n          \"backendAddressPool\": {\r\n            \"id\": \"/subscriptions/0b1f6471-1bf0-4dda-aec3-cb9272f09590/resourceGroups/rgvmss-2805/providers/Microsoft.Network/loadBalancers/extlb1-9532/backendAddressPools/extlb1-9532-BAP1\"\r\n          },\r\n          \"probe\": {\r\n            \"id\": \"/subscriptions/0b1f6471-1bf0-4dda-aec3-cb9272f09590/resourceGroups/rgvmss-2805/providers/Microsoft.Network/loadBalancers/extlb1-9532/probes/httpProbe\"\r\n          }\r\n        }\r\n      },\r\n      {\r\n        \"name\": \"httpsRule\",\r\n        \"id\": \"/subscriptions/0b1f6471-1bf0-4dda-aec3-cb9272f09590/resourceGroups/rgvmss-2805/providers/Microsoft.Network/loadBalancers/extlb1-9532/loadBalancingRules/httpsRule\",\r\n        \"etag\": \"W/\\\"2134bc74-f813-4c91-872d-ba0f20c100e7\\\"\",\r\n        \"properties\": {\r\n          \"provisioningState\": \"Succeeded\",\r\n          \"frontendIPConfiguration\": {\r\n            \"id\": \"/subscriptions/0b1f6471-1bf0-4dda-aec3-cb9272f09590/resourceGroups/rgvmss-2805/providers/Microsoft.Network/loadBalancers/extlb1-9532/frontendIPConfigurations/extlb1-9532-FE1\"\r\n          },\r\n          \"frontendPort\": 443,\r\n          \"backendPort\": 443,\r\n          \"enableFloatingIP\": false,\r\n          \"idleTimeoutInMinutes\": 4,\r\n          \"protocol\": \"Tcp\",\r\n          \"enableDestinationServiceEndpoint\": false,\r\n          \"loadDistribution\": \"Default\",\r\n          \"backendAddressPool\": {\r\n            \"id\": \"/subscriptions/0b1f6471-1bf0-4dda-aec3-cb9272f09590/resourceGroups/rgvmss-2805/providers/Microsoft.Network/loadBalancers/extlb1-9532/backendAddressPools/extlb1-9532-BAP2\"\r\n          },\r\n          \"probe\": {\r\n            \"id\": \"/subscriptions/0b1f6471-1bf0-4dda-aec3-cb9272f09590/resourceGroups/rgvmss-2805/providers/Microsoft.Network/loadBalancers/extlb1-9532/probes/httpsProbe\"\r\n          }\r\n        }\r\n      }\r\n    ],\r\n    \"probes\": [\r\n      {\r\n        \"name\": \"httpProbe\",\r\n        \"id\": \"/subscriptions/0b1f6471-1bf0-4dda-aec3-cb9272f09590/resourceGroups/rgvmss-2805/providers/Microsoft.Network/loadBalancers/extlb1-9532/probes/httpProbe\",\r\n        \"etag\": \"W/\\\"2134bc74-f813-4c91-872d-ba0f20c100e7\\\"\",\r\n        \"properties\": {\r\n          \"provisioningState\": \"Succeeded\",\r\n          \"protocol\": \"Http\",\r\n          \"port\": 80,\r\n          \"requestPath\": \"/\",\r\n          \"intervalInSeconds\": 15,\r\n          \"numberOfProbes\": 2,\r\n          \"loadBalancingRules\": [\r\n            {\r\n              \"id\": \"/subscriptions/0b1f6471-1bf0-4dda-aec3-cb9272f09590/resourceGroups/rgvmss-2805/providers/Microsoft.Network/loadBalancers/extlb1-9532/loadBalancingRules/httpRule\"\r\n            }\r\n          ]\r\n        }\r\n      },\r\n      {\r\n        \"name\": \"httpsProbe\",\r\n        \"id\": \"/subscriptions/0b1f6471-1bf0-4dda-aec3-cb9272f09590/resourceGroups/rgvmss-2805/providers/Microsoft.Network/loadBalancers/extlb1-9532/probes/httpsProbe\",\r\n        \"etag\": \"W/\\\"2134bc74-f813-4c91-872d-ba0f20c100e7\\\"\",\r\n        \"properties\": {\r\n          \"provisioningState\": \"Succeeded\",\r\n          \"protocol\": \"Http\",\r\n          \"port\": 80,\r\n          \"requestPath\": \"/\",\r\n          \"intervalInSeconds\": 15,\r\n          \"numberOfProbes\": 2,\r\n          \"loadBalancingRules\": [\r\n            {\r\n              \"id\": \"/subscriptions/0b1f6471-1bf0-4dda-aec3-cb9272f09590/resourceGroups/rgvmss-2805/providers/Microsoft.Network/loadBalancers/extlb1-9532/loadBalancingRules/httpsRule\"\r\n            }\r\n          ]\r\n        }\r\n      }\r\n    ],\r\n    \"inboundNatRules\": [],\r\n    \"outboundNatRules\": [],\r\n    \"inboundNatPools\": [\r\n      {\r\n        \"name\": \"extlb1-9532-INP1\",\r\n        \"id\": \"/subscriptions/0b1f6471-1bf0-4dda-aec3-cb9272f09590/resourceGroups/rgvmss-2805/providers/Microsoft.Network/loadBalancers/extlb1-9532/inboundNatPools/extlb1-9532-INP1\",\r\n        \"etag\": \"W/\\\"2134bc74-f813-4c91-872d-ba0f20c100e7\\\"\",\r\n        \"properties\": {\r\n          \"provisioningState\": \"Succeeded\",\r\n          \"frontendPortRangeStart\": 5000,\r\n          \"frontendPortRangeEnd\": 5099,\r\n          \"backendPort\": 22,\r\n          \"protocol\": \"Tcp\",\r\n          \"idleTimeoutInMinutes\": 4,\r\n          \"enableFloatingIP\": false,\r\n          \"enableDestinationServiceEndpoint\": false,\r\n          \"frontendIPConfiguration\": {\r\n            \"id\": \"/subscriptions/0b1f6471-1bf0-4dda-aec3-cb9272f09590/resourceGroups/rgvmss-2805/providers/Microsoft.Network/loadBalancers/extlb1-9532/frontendIPConfigurations/extlb1-9532-FE1\"\r\n          }\r\n        }\r\n      },\r\n      {\r\n        \"name\": \"extlb1-9532-INP2\",\r\n        \"id\": \"/subscriptions/0b1f6471-1bf0-4dda-aec3-cb9272f09590/resourceGroups/rgvmss-2805/providers/Microsoft.Network/loadBalancers/extlb1-9532/inboundNatPools/extlb1-9532-INP2\",\r\n        \"etag\": \"W/\\\"2134bc74-f813-4c91-872d-ba0f20c100e7\\\"\",\r\n        \"properties\": {\r\n          \"provisioningState\": \"Succeeded\",\r\n          \"frontendPortRangeStart\": 6000,\r\n          \"frontendPortRangeEnd\": 6099,\r\n          \"backendPort\": 23,\r\n          \"protocol\": \"Tcp\",\r\n          \"idleTimeoutInMinutes\": 4,\r\n          \"enableFloatingIP\": false,\r\n          \"enableDestinationServiceEndpoint\": false,\r\n          \"frontendIPConfiguration\": {\r\n            \"id\": \"/subscriptions/0b1f6471-1bf0-4dda-aec3-cb9272f09590/resourceGroups/rgvmss-2805/providers/Microsoft.Network/loadBalancers/extlb1-9532/frontendIPConfigurations/extlb1-9532-FE1\"\r\n          }\r\n        }\r\n      }\r\n    ]\r\n  },\r\n  \"sku\": {\r\n    \"name\": \"Basic\",\r\n    \"tier\": \"Regional\"\r\n  }\r\n}",
      "ResponseHeaders": {
        "Content-Type": [
          "application/json; charset=utf-8"
        ],
        "Expires": [
          "-1"
        ],
        "Cache-Control": [
          "no-cache"
        ],
        "Date": [
          "Sat, 14 Apr 2018 03:04:17 GMT"
        ],
        "Pragma": [
          "no-cache"
        ],
        "Transfer-Encoding": [
          "chunked"
        ],
        "ETag": [
          "W/\"2134bc74-f813-4c91-872d-ba0f20c100e7\""
        ],
        "Server": [
          "Microsoft-HTTPAPI/2.0",
          "Microsoft-HTTPAPI/2.0"
        ],
        "Vary": [
          "Accept-Encoding"
        ],
        "x-ms-request-id": [
          "79cc27e4-ad09-436e-a072-e0a274fc34b3"
        ],
        "Strict-Transport-Security": [
          "max-age=31536000; includeSubDomains"
        ],
        "x-ms-ratelimit-remaining-subscription-reads": [
          "14964"
        ],
        "x-ms-correlation-request-id": [
          "e8ec11ce-1e1c-45d0-8e90-9459bd492b04"
        ],
        "x-ms-routing-request-id": [
          "WESTUS2:20180414T030417Z:e8ec11ce-1e1c-45d0-8e90-9459bd492b04"
        ],
        "X-Content-Type-Options": [
          "nosniff"
        ]
      },
      "StatusCode": 200
    },
    {
      "RequestUri": "/subscriptions/0b1f6471-1bf0-4dda-aec3-cb9272f09590/resourceGroups/rgvmss-2805/providers/Microsoft.Network/loadBalancers/extlb1-9532?api-version=2018-02-01",
      "EncodedRequestUri": "L3N1YnNjcmlwdGlvbnMvMGIxZjY0NzEtMWJmMC00ZGRhLWFlYzMtY2I5MjcyZjA5NTkwL3Jlc291cmNlR3JvdXBzL3Jndm1zcy0yODA1L3Byb3ZpZGVycy9NaWNyb3NvZnQuTmV0d29yay9sb2FkQmFsYW5jZXJzL2V4dGxiMS05NTMyP2FwaS12ZXJzaW9uPTIwMTgtMDItMDE=",
      "RequestMethod": "GET",
      "RequestBody": "",
      "RequestHeaders": {
        "x-ms-client-request-id": [
          "b3aa433b-f78b-4b07-b127-713f0964d219"
        ],
        "accept-language": [
          "en-US"
        ],
        "User-Agent": [
          "FxVersion/4.6.25211.01",
          "Microsoft.Azure.Management.Network.Fluent.NetworkManagementClient/1.8.0.0",
          "MacAddressHash/1a7db1f3023c8cc9a72984005b4db786d257d09f868c7e111d4bf514b71b7890"
        ]
      },
      "ResponseBody": "{\r\n  \"name\": \"extlb1-9532\",\r\n  \"id\": \"/subscriptions/0b1f6471-1bf0-4dda-aec3-cb9272f09590/resourceGroups/rgvmss-2805/providers/Microsoft.Network/loadBalancers/extlb1-9532\",\r\n  \"etag\": \"W/\\\"2134bc74-f813-4c91-872d-ba0f20c100e7\\\"\",\r\n  \"type\": \"Microsoft.Network/loadBalancers\",\r\n  \"location\": \"eastus\",\r\n  \"tags\": {},\r\n  \"properties\": {\r\n    \"provisioningState\": \"Succeeded\",\r\n    \"resourceGuid\": \"a189c33a-723c-4fb6-84a0-2eb9f3b9ab81\",\r\n    \"frontendIPConfigurations\": [\r\n      {\r\n        \"name\": \"extlb1-9532-FE1\",\r\n        \"id\": \"/subscriptions/0b1f6471-1bf0-4dda-aec3-cb9272f09590/resourceGroups/rgvmss-2805/providers/Microsoft.Network/loadBalancers/extlb1-9532/frontendIPConfigurations/extlb1-9532-FE1\",\r\n        \"etag\": \"W/\\\"2134bc74-f813-4c91-872d-ba0f20c100e7\\\"\",\r\n        \"properties\": {\r\n          \"provisioningState\": \"Succeeded\",\r\n          \"privateIPAllocationMethod\": \"Dynamic\",\r\n          \"publicIPAddress\": {\r\n            \"id\": \"/subscriptions/0b1f6471-1bf0-4dda-aec3-cb9272f09590/resourceGroups/rgvmss-2805/providers/Microsoft.Network/publicIPAddresses/pip-extlb1-9532\"\r\n          },\r\n          \"loadBalancingRules\": [\r\n            {\r\n              \"id\": \"/subscriptions/0b1f6471-1bf0-4dda-aec3-cb9272f09590/resourceGroups/rgvmss-2805/providers/Microsoft.Network/loadBalancers/extlb1-9532/loadBalancingRules/httpRule\"\r\n            },\r\n            {\r\n              \"id\": \"/subscriptions/0b1f6471-1bf0-4dda-aec3-cb9272f09590/resourceGroups/rgvmss-2805/providers/Microsoft.Network/loadBalancers/extlb1-9532/loadBalancingRules/httpsRule\"\r\n            }\r\n          ],\r\n          \"inboundNatPools\": [\r\n            {\r\n              \"id\": \"/subscriptions/0b1f6471-1bf0-4dda-aec3-cb9272f09590/resourceGroups/rgvmss-2805/providers/Microsoft.Network/loadBalancers/extlb1-9532/inboundNatPools/extlb1-9532-INP1\"\r\n            },\r\n            {\r\n              \"id\": \"/subscriptions/0b1f6471-1bf0-4dda-aec3-cb9272f09590/resourceGroups/rgvmss-2805/providers/Microsoft.Network/loadBalancers/extlb1-9532/inboundNatPools/extlb1-9532-INP2\"\r\n            }\r\n          ]\r\n        }\r\n      }\r\n    ],\r\n    \"backendAddressPools\": [\r\n      {\r\n        \"name\": \"extlb1-9532-BAP1\",\r\n        \"id\": \"/subscriptions/0b1f6471-1bf0-4dda-aec3-cb9272f09590/resourceGroups/rgvmss-2805/providers/Microsoft.Network/loadBalancers/extlb1-9532/backendAddressPools/extlb1-9532-BAP1\",\r\n        \"etag\": \"W/\\\"2134bc74-f813-4c91-872d-ba0f20c100e7\\\"\",\r\n        \"properties\": {\r\n          \"provisioningState\": \"Succeeded\",\r\n          \"loadBalancingRules\": [\r\n            {\r\n              \"id\": \"/subscriptions/0b1f6471-1bf0-4dda-aec3-cb9272f09590/resourceGroups/rgvmss-2805/providers/Microsoft.Network/loadBalancers/extlb1-9532/loadBalancingRules/httpRule\"\r\n            }\r\n          ]\r\n        }\r\n      },\r\n      {\r\n        \"name\": \"extlb1-9532-BAP2\",\r\n        \"id\": \"/subscriptions/0b1f6471-1bf0-4dda-aec3-cb9272f09590/resourceGroups/rgvmss-2805/providers/Microsoft.Network/loadBalancers/extlb1-9532/backendAddressPools/extlb1-9532-BAP2\",\r\n        \"etag\": \"W/\\\"2134bc74-f813-4c91-872d-ba0f20c100e7\\\"\",\r\n        \"properties\": {\r\n          \"provisioningState\": \"Succeeded\",\r\n          \"loadBalancingRules\": [\r\n            {\r\n              \"id\": \"/subscriptions/0b1f6471-1bf0-4dda-aec3-cb9272f09590/resourceGroups/rgvmss-2805/providers/Microsoft.Network/loadBalancers/extlb1-9532/loadBalancingRules/httpsRule\"\r\n            }\r\n          ]\r\n        }\r\n      }\r\n    ],\r\n    \"loadBalancingRules\": [\r\n      {\r\n        \"name\": \"httpRule\",\r\n        \"id\": \"/subscriptions/0b1f6471-1bf0-4dda-aec3-cb9272f09590/resourceGroups/rgvmss-2805/providers/Microsoft.Network/loadBalancers/extlb1-9532/loadBalancingRules/httpRule\",\r\n        \"etag\": \"W/\\\"2134bc74-f813-4c91-872d-ba0f20c100e7\\\"\",\r\n        \"properties\": {\r\n          \"provisioningState\": \"Succeeded\",\r\n          \"frontendIPConfiguration\": {\r\n            \"id\": \"/subscriptions/0b1f6471-1bf0-4dda-aec3-cb9272f09590/resourceGroups/rgvmss-2805/providers/Microsoft.Network/loadBalancers/extlb1-9532/frontendIPConfigurations/extlb1-9532-FE1\"\r\n          },\r\n          \"frontendPort\": 80,\r\n          \"backendPort\": 80,\r\n          \"enableFloatingIP\": false,\r\n          \"idleTimeoutInMinutes\": 4,\r\n          \"protocol\": \"Tcp\",\r\n          \"enableDestinationServiceEndpoint\": false,\r\n          \"loadDistribution\": \"Default\",\r\n          \"backendAddressPool\": {\r\n            \"id\": \"/subscriptions/0b1f6471-1bf0-4dda-aec3-cb9272f09590/resourceGroups/rgvmss-2805/providers/Microsoft.Network/loadBalancers/extlb1-9532/backendAddressPools/extlb1-9532-BAP1\"\r\n          },\r\n          \"probe\": {\r\n            \"id\": \"/subscriptions/0b1f6471-1bf0-4dda-aec3-cb9272f09590/resourceGroups/rgvmss-2805/providers/Microsoft.Network/loadBalancers/extlb1-9532/probes/httpProbe\"\r\n          }\r\n        }\r\n      },\r\n      {\r\n        \"name\": \"httpsRule\",\r\n        \"id\": \"/subscriptions/0b1f6471-1bf0-4dda-aec3-cb9272f09590/resourceGroups/rgvmss-2805/providers/Microsoft.Network/loadBalancers/extlb1-9532/loadBalancingRules/httpsRule\",\r\n        \"etag\": \"W/\\\"2134bc74-f813-4c91-872d-ba0f20c100e7\\\"\",\r\n        \"properties\": {\r\n          \"provisioningState\": \"Succeeded\",\r\n          \"frontendIPConfiguration\": {\r\n            \"id\": \"/subscriptions/0b1f6471-1bf0-4dda-aec3-cb9272f09590/resourceGroups/rgvmss-2805/providers/Microsoft.Network/loadBalancers/extlb1-9532/frontendIPConfigurations/extlb1-9532-FE1\"\r\n          },\r\n          \"frontendPort\": 443,\r\n          \"backendPort\": 443,\r\n          \"enableFloatingIP\": false,\r\n          \"idleTimeoutInMinutes\": 4,\r\n          \"protocol\": \"Tcp\",\r\n          \"enableDestinationServiceEndpoint\": false,\r\n          \"loadDistribution\": \"Default\",\r\n          \"backendAddressPool\": {\r\n            \"id\": \"/subscriptions/0b1f6471-1bf0-4dda-aec3-cb9272f09590/resourceGroups/rgvmss-2805/providers/Microsoft.Network/loadBalancers/extlb1-9532/backendAddressPools/extlb1-9532-BAP2\"\r\n          },\r\n          \"probe\": {\r\n            \"id\": \"/subscriptions/0b1f6471-1bf0-4dda-aec3-cb9272f09590/resourceGroups/rgvmss-2805/providers/Microsoft.Network/loadBalancers/extlb1-9532/probes/httpsProbe\"\r\n          }\r\n        }\r\n      }\r\n    ],\r\n    \"probes\": [\r\n      {\r\n        \"name\": \"httpProbe\",\r\n        \"id\": \"/subscriptions/0b1f6471-1bf0-4dda-aec3-cb9272f09590/resourceGroups/rgvmss-2805/providers/Microsoft.Network/loadBalancers/extlb1-9532/probes/httpProbe\",\r\n        \"etag\": \"W/\\\"2134bc74-f813-4c91-872d-ba0f20c100e7\\\"\",\r\n        \"properties\": {\r\n          \"provisioningState\": \"Succeeded\",\r\n          \"protocol\": \"Http\",\r\n          \"port\": 80,\r\n          \"requestPath\": \"/\",\r\n          \"intervalInSeconds\": 15,\r\n          \"numberOfProbes\": 2,\r\n          \"loadBalancingRules\": [\r\n            {\r\n              \"id\": \"/subscriptions/0b1f6471-1bf0-4dda-aec3-cb9272f09590/resourceGroups/rgvmss-2805/providers/Microsoft.Network/loadBalancers/extlb1-9532/loadBalancingRules/httpRule\"\r\n            }\r\n          ]\r\n        }\r\n      },\r\n      {\r\n        \"name\": \"httpsProbe\",\r\n        \"id\": \"/subscriptions/0b1f6471-1bf0-4dda-aec3-cb9272f09590/resourceGroups/rgvmss-2805/providers/Microsoft.Network/loadBalancers/extlb1-9532/probes/httpsProbe\",\r\n        \"etag\": \"W/\\\"2134bc74-f813-4c91-872d-ba0f20c100e7\\\"\",\r\n        \"properties\": {\r\n          \"provisioningState\": \"Succeeded\",\r\n          \"protocol\": \"Http\",\r\n          \"port\": 80,\r\n          \"requestPath\": \"/\",\r\n          \"intervalInSeconds\": 15,\r\n          \"numberOfProbes\": 2,\r\n          \"loadBalancingRules\": [\r\n            {\r\n              \"id\": \"/subscriptions/0b1f6471-1bf0-4dda-aec3-cb9272f09590/resourceGroups/rgvmss-2805/providers/Microsoft.Network/loadBalancers/extlb1-9532/loadBalancingRules/httpsRule\"\r\n            }\r\n          ]\r\n        }\r\n      }\r\n    ],\r\n    \"inboundNatRules\": [],\r\n    \"outboundNatRules\": [],\r\n    \"inboundNatPools\": [\r\n      {\r\n        \"name\": \"extlb1-9532-INP1\",\r\n        \"id\": \"/subscriptions/0b1f6471-1bf0-4dda-aec3-cb9272f09590/resourceGroups/rgvmss-2805/providers/Microsoft.Network/loadBalancers/extlb1-9532/inboundNatPools/extlb1-9532-INP1\",\r\n        \"etag\": \"W/\\\"2134bc74-f813-4c91-872d-ba0f20c100e7\\\"\",\r\n        \"properties\": {\r\n          \"provisioningState\": \"Succeeded\",\r\n          \"frontendPortRangeStart\": 5000,\r\n          \"frontendPortRangeEnd\": 5099,\r\n          \"backendPort\": 22,\r\n          \"protocol\": \"Tcp\",\r\n          \"idleTimeoutInMinutes\": 4,\r\n          \"enableFloatingIP\": false,\r\n          \"enableDestinationServiceEndpoint\": false,\r\n          \"frontendIPConfiguration\": {\r\n            \"id\": \"/subscriptions/0b1f6471-1bf0-4dda-aec3-cb9272f09590/resourceGroups/rgvmss-2805/providers/Microsoft.Network/loadBalancers/extlb1-9532/frontendIPConfigurations/extlb1-9532-FE1\"\r\n          }\r\n        }\r\n      },\r\n      {\r\n        \"name\": \"extlb1-9532-INP2\",\r\n        \"id\": \"/subscriptions/0b1f6471-1bf0-4dda-aec3-cb9272f09590/resourceGroups/rgvmss-2805/providers/Microsoft.Network/loadBalancers/extlb1-9532/inboundNatPools/extlb1-9532-INP2\",\r\n        \"etag\": \"W/\\\"2134bc74-f813-4c91-872d-ba0f20c100e7\\\"\",\r\n        \"properties\": {\r\n          \"provisioningState\": \"Succeeded\",\r\n          \"frontendPortRangeStart\": 6000,\r\n          \"frontendPortRangeEnd\": 6099,\r\n          \"backendPort\": 23,\r\n          \"protocol\": \"Tcp\",\r\n          \"idleTimeoutInMinutes\": 4,\r\n          \"enableFloatingIP\": false,\r\n          \"enableDestinationServiceEndpoint\": false,\r\n          \"frontendIPConfiguration\": {\r\n            \"id\": \"/subscriptions/0b1f6471-1bf0-4dda-aec3-cb9272f09590/resourceGroups/rgvmss-2805/providers/Microsoft.Network/loadBalancers/extlb1-9532/frontendIPConfigurations/extlb1-9532-FE1\"\r\n          }\r\n        }\r\n      }\r\n    ]\r\n  },\r\n  \"sku\": {\r\n    \"name\": \"Basic\",\r\n    \"tier\": \"Regional\"\r\n  }\r\n}",
      "ResponseHeaders": {
        "Content-Type": [
          "application/json; charset=utf-8"
        ],
        "Expires": [
          "-1"
        ],
        "Cache-Control": [
          "no-cache"
        ],
        "Date": [
          "Sat, 14 Apr 2018 03:04:17 GMT"
        ],
        "Pragma": [
          "no-cache"
        ],
        "Transfer-Encoding": [
          "chunked"
        ],
        "ETag": [
          "W/\"2134bc74-f813-4c91-872d-ba0f20c100e7\""
        ],
        "Server": [
          "Microsoft-HTTPAPI/2.0",
          "Microsoft-HTTPAPI/2.0"
        ],
        "Vary": [
          "Accept-Encoding"
        ],
        "x-ms-request-id": [
          "e5712a12-dcf0-4f98-bed1-ac1f6beafb26"
        ],
        "Strict-Transport-Security": [
          "max-age=31536000; includeSubDomains"
        ],
        "x-ms-ratelimit-remaining-subscription-reads": [
          "14963"
        ],
        "x-ms-correlation-request-id": [
          "b0ff70b4-7deb-4bf7-8fa1-60fb74d1279a"
        ],
        "x-ms-routing-request-id": [
          "WESTUS2:20180414T030417Z:b0ff70b4-7deb-4bf7-8fa1-60fb74d1279a"
        ],
        "X-Content-Type-Options": [
          "nosniff"
        ]
      },
      "StatusCode": 200
    },
    {
      "RequestUri": "/subscriptions/0b1f6471-1bf0-4dda-aec3-cb9272f09590/resourceGroups/rgvmss-2805/providers/Microsoft.Storage/storageAccounts/stg933?api-version=2017-10-01",
      "EncodedRequestUri": "L3N1YnNjcmlwdGlvbnMvMGIxZjY0NzEtMWJmMC00ZGRhLWFlYzMtY2I5MjcyZjA5NTkwL3Jlc291cmNlR3JvdXBzL3Jndm1zcy0yODA1L3Byb3ZpZGVycy9NaWNyb3NvZnQuU3RvcmFnZS9zdG9yYWdlQWNjb3VudHMvc3RnOTMzP2FwaS12ZXJzaW9uPTIwMTctMTAtMDE=",
      "RequestMethod": "PUT",
      "RequestBody": "{\r\n  \"sku\": {\r\n    \"name\": \"Standard_GRS\"\r\n  },\r\n  \"kind\": \"Storage\",\r\n  \"location\": \"eastus\",\r\n  \"tags\": {}\r\n}",
      "RequestHeaders": {
        "Content-Type": [
          "application/json; charset=utf-8"
        ],
        "Content-Length": [
          "111"
        ],
        "x-ms-client-request-id": [
          "3f1cddd3-e105-4c04-87f1-201aaa194061"
        ],
        "accept-language": [
          "en-US"
        ],
        "User-Agent": [
          "FxVersion/4.6.25211.01",
          "Microsoft.Azure.Management.Storage.Fluent.StorageManagementClient/1.8.0.0",
          "MacAddressHash/1a7db1f3023c8cc9a72984005b4db786d257d09f868c7e111d4bf514b71b7890"
        ]
      },
      "ResponseBody": "",
      "ResponseHeaders": {
        "Content-Length": [
          "0"
        ],
        "Content-Type": [
          "text/plain; charset=utf-8"
        ],
        "Expires": [
          "-1"
        ],
        "Cache-Control": [
          "no-cache"
        ],
        "Date": [
          "Sat, 14 Apr 2018 03:04:18 GMT"
        ],
        "Pragma": [
          "no-cache"
        ],
        "Location": [
          "https://management.azure.com/subscriptions/0b1f6471-1bf0-4dda-aec3-cb9272f09590/providers/Microsoft.Storage/locations/eastus/asyncoperations/b01a6801-02b1-4276-88c0-7d6a97e3198e?monitor=true&api-version=2017-10-01"
        ],
        "Retry-After": [
          "17"
        ],
        "Server": [
          "Microsoft-Azure-Storage-Resource-Provider/1.0,Microsoft-HTTPAPI/2.0 Microsoft-HTTPAPI/2.0"
        ],
        "x-ms-request-id": [
          "b01a6801-02b1-4276-88c0-7d6a97e3198e"
        ],
        "Strict-Transport-Security": [
          "max-age=31536000; includeSubDomains"
        ],
        "x-ms-ratelimit-remaining-subscription-writes": [
          "1197"
        ],
        "x-ms-correlation-request-id": [
          "e86eb3dd-feda-4a2d-b4bc-27d8b0fb8883"
        ],
        "x-ms-routing-request-id": [
          "WESTUS2:20180414T030419Z:e86eb3dd-feda-4a2d-b4bc-27d8b0fb8883"
        ],
        "X-Content-Type-Options": [
          "nosniff"
        ]
      },
      "StatusCode": 202
    },
    {
      "RequestUri": "/subscriptions/0b1f6471-1bf0-4dda-aec3-cb9272f09590/providers/Microsoft.Storage/locations/eastus/asyncoperations/b01a6801-02b1-4276-88c0-7d6a97e3198e?monitor=true&api-version=2017-10-01",
      "EncodedRequestUri": "L3N1YnNjcmlwdGlvbnMvMGIxZjY0NzEtMWJmMC00ZGRhLWFlYzMtY2I5MjcyZjA5NTkwL3Byb3ZpZGVycy9NaWNyb3NvZnQuU3RvcmFnZS9sb2NhdGlvbnMvZWFzdHVzL2FzeW5jb3BlcmF0aW9ucy9iMDFhNjgwMS0wMmIxLTQyNzYtODhjMC03ZDZhOTdlMzE5OGU/bW9uaXRvcj10cnVlJmFwaS12ZXJzaW9uPTIwMTctMTAtMDE=",
      "RequestMethod": "GET",
      "RequestBody": "",
      "RequestHeaders": {
        "User-Agent": [
          "FxVersion/4.6.25211.01",
          "Microsoft.Azure.Management.Storage.Fluent.StorageManagementClient/1.8.0.0",
          "MacAddressHash/1a7db1f3023c8cc9a72984005b4db786d257d09f868c7e111d4bf514b71b7890"
        ]
      },
      "ResponseBody": "{\r\n  \"sku\": {\r\n    \"name\": \"Standard_GRS\",\r\n    \"tier\": \"Standard\"\r\n  },\r\n  \"kind\": \"Storage\",\r\n  \"id\": \"/subscriptions/0b1f6471-1bf0-4dda-aec3-cb9272f09590/resourceGroups/rgvmss-2805/providers/Microsoft.Storage/storageAccounts/stg933\",\r\n  \"name\": \"stg933\",\r\n  \"type\": \"Microsoft.Storage/storageAccounts\",\r\n  \"location\": \"eastus\",\r\n  \"tags\": {},\r\n  \"properties\": {\r\n    \"networkAcls\": {\r\n      \"bypass\": \"AzureServices\",\r\n      \"virtualNetworkRules\": [],\r\n      \"ipRules\": [],\r\n      \"defaultAction\": \"Allow\"\r\n    },\r\n    \"trustedDirectories\": [\r\n      \"54826b22-38d6-4fb2-bad9-b7b93a3e9c5a\"\r\n    ],\r\n    \"supportsHttpsTrafficOnly\": false,\r\n    \"encryption\": {\r\n      \"services\": {\r\n        \"file\": {\r\n          \"enabled\": true,\r\n          \"lastEnabledTime\": \"2018-04-14T03:04:19.0851451Z\"\r\n        },\r\n        \"blob\": {\r\n          \"enabled\": true,\r\n          \"lastEnabledTime\": \"2018-04-14T03:04:19.0851451Z\"\r\n        }\r\n      },\r\n      \"keySource\": \"Microsoft.Storage\"\r\n    },\r\n    \"provisioningState\": \"Succeeded\",\r\n    \"creationTime\": \"2018-04-14T03:04:18.9914203Z\",\r\n    \"primaryEndpoints\": {\r\n      \"blob\": \"https://stg933.blob.core.windows.net/\",\r\n      \"queue\": \"https://stg933.queue.core.windows.net/\",\r\n      \"table\": \"https://stg933.table.core.windows.net/\",\r\n      \"file\": \"https://stg933.file.core.windows.net/\"\r\n    },\r\n    \"primaryLocation\": \"eastus\",\r\n    \"statusOfPrimary\": \"available\",\r\n    \"secondaryLocation\": \"westus\",\r\n    \"statusOfSecondary\": \"available\"\r\n  }\r\n}",
      "ResponseHeaders": {
        "Content-Type": [
          "application/json"
        ],
        "Expires": [
          "-1"
        ],
        "Cache-Control": [
          "no-cache"
        ],
        "Date": [
          "Sat, 14 Apr 2018 03:04:35 GMT"
        ],
        "Pragma": [
          "no-cache"
        ],
        "Transfer-Encoding": [
          "chunked"
        ],
        "Server": [
          "Microsoft-Azure-Storage-Resource-Provider/1.0,Microsoft-HTTPAPI/2.0 Microsoft-HTTPAPI/2.0"
        ],
        "Vary": [
          "Accept-Encoding"
        ],
        "x-ms-request-id": [
          "9a0ba9fd-2243-4f78-b780-c3c7ee2cb127"
        ],
        "Strict-Transport-Security": [
          "max-age=31536000; includeSubDomains"
        ],
        "x-ms-ratelimit-remaining-subscription-reads": [
          "14978"
        ],
        "x-ms-correlation-request-id": [
          "6c1fcde8-8052-491a-afaf-cc76d33cad29"
        ],
        "x-ms-routing-request-id": [
          "WESTUS2:20180414T030436Z:6c1fcde8-8052-491a-afaf-cc76d33cad29"
        ],
        "X-Content-Type-Options": [
          "nosniff"
        ]
      },
      "StatusCode": 200
    },
    {
      "RequestUri": "/subscriptions/0b1f6471-1bf0-4dda-aec3-cb9272f09590/resourceGroups/rgvmss-2805/providers/Microsoft.Storage/storageAccounts/stg933?api-version=2017-10-01",
      "EncodedRequestUri": "L3N1YnNjcmlwdGlvbnMvMGIxZjY0NzEtMWJmMC00ZGRhLWFlYzMtY2I5MjcyZjA5NTkwL3Jlc291cmNlR3JvdXBzL3Jndm1zcy0yODA1L3Byb3ZpZGVycy9NaWNyb3NvZnQuU3RvcmFnZS9zdG9yYWdlQWNjb3VudHMvc3RnOTMzP2FwaS12ZXJzaW9uPTIwMTctMTAtMDE=",
      "RequestMethod": "GET",
      "RequestBody": "",
      "RequestHeaders": {
        "x-ms-client-request-id": [
          "467f59e8-a43e-443a-b042-2f343c83f0d9"
        ],
        "accept-language": [
          "en-US"
        ],
        "User-Agent": [
          "FxVersion/4.6.25211.01",
          "Microsoft.Azure.Management.Storage.Fluent.StorageManagementClient/1.8.0.0",
          "MacAddressHash/1a7db1f3023c8cc9a72984005b4db786d257d09f868c7e111d4bf514b71b7890"
        ]
      },
      "ResponseBody": "{\r\n  \"sku\": {\r\n    \"name\": \"Standard_GRS\",\r\n    \"tier\": \"Standard\"\r\n  },\r\n  \"kind\": \"Storage\",\r\n  \"id\": \"/subscriptions/0b1f6471-1bf0-4dda-aec3-cb9272f09590/resourceGroups/rgvmss-2805/providers/Microsoft.Storage/storageAccounts/stg933\",\r\n  \"name\": \"stg933\",\r\n  \"type\": \"Microsoft.Storage/storageAccounts\",\r\n  \"location\": \"eastus\",\r\n  \"tags\": {},\r\n  \"properties\": {\r\n    \"networkAcls\": {\r\n      \"bypass\": \"AzureServices\",\r\n      \"virtualNetworkRules\": [],\r\n      \"ipRules\": [],\r\n      \"defaultAction\": \"Allow\"\r\n    },\r\n    \"trustedDirectories\": [\r\n      \"54826b22-38d6-4fb2-bad9-b7b93a3e9c5a\"\r\n    ],\r\n    \"supportsHttpsTrafficOnly\": false,\r\n    \"encryption\": {\r\n      \"services\": {\r\n        \"file\": {\r\n          \"enabled\": true,\r\n          \"lastEnabledTime\": \"2018-04-14T03:04:19.0851451Z\"\r\n        },\r\n        \"blob\": {\r\n          \"enabled\": true,\r\n          \"lastEnabledTime\": \"2018-04-14T03:04:19.0851451Z\"\r\n        }\r\n      },\r\n      \"keySource\": \"Microsoft.Storage\"\r\n    },\r\n    \"provisioningState\": \"Succeeded\",\r\n    \"creationTime\": \"2018-04-14T03:04:18.9914203Z\",\r\n    \"primaryEndpoints\": {\r\n      \"blob\": \"https://stg933.blob.core.windows.net/\",\r\n      \"queue\": \"https://stg933.queue.core.windows.net/\",\r\n      \"table\": \"https://stg933.table.core.windows.net/\",\r\n      \"file\": \"https://stg933.file.core.windows.net/\"\r\n    },\r\n    \"primaryLocation\": \"eastus\",\r\n    \"statusOfPrimary\": \"available\",\r\n    \"secondaryLocation\": \"westus\",\r\n    \"statusOfSecondary\": \"available\"\r\n  }\r\n}",
      "ResponseHeaders": {
        "Content-Type": [
          "application/json"
        ],
        "Expires": [
          "-1"
        ],
        "Cache-Control": [
          "no-cache"
        ],
        "Date": [
          "Sat, 14 Apr 2018 03:04:36 GMT"
        ],
        "Pragma": [
          "no-cache"
        ],
        "Transfer-Encoding": [
          "chunked"
        ],
        "Server": [
          "Microsoft-Azure-Storage-Resource-Provider/1.0,Microsoft-HTTPAPI/2.0 Microsoft-HTTPAPI/2.0"
        ],
        "Vary": [
          "Accept-Encoding"
        ],
        "x-ms-request-id": [
          "76e3e810-bb02-43e7-b245-6dd454a69406"
        ],
        "Strict-Transport-Security": [
          "max-age=31536000; includeSubDomains"
        ],
        "x-ms-ratelimit-remaining-subscription-reads": [
          "14977"
        ],
        "x-ms-correlation-request-id": [
          "9a4203c5-493a-4c68-99d1-3f679b4cd26a"
        ],
        "x-ms-routing-request-id": [
          "WESTUS2:20180414T030436Z:9a4203c5-493a-4c68-99d1-3f679b4cd26a"
        ],
        "X-Content-Type-Options": [
          "nosniff"
        ]
      },
      "StatusCode": 200
    },
    {
      "RequestUri": "/subscriptions/0b1f6471-1bf0-4dda-aec3-cb9272f09590/resourceGroups/rgvmss-2805/providers/Microsoft.Compute/virtualMachineScaleSets/vmss27255?api-version=2017-12-01",
      "EncodedRequestUri": "L3N1YnNjcmlwdGlvbnMvMGIxZjY0NzEtMWJmMC00ZGRhLWFlYzMtY2I5MjcyZjA5NTkwL3Jlc291cmNlR3JvdXBzL3Jndm1zcy0yODA1L3Byb3ZpZGVycy9NaWNyb3NvZnQuQ29tcHV0ZS92aXJ0dWFsTWFjaGluZVNjYWxlU2V0cy92bXNzMjcyNTU/YXBpLXZlcnNpb249MjAxNy0xMi0wMQ==",
      "RequestMethod": "PUT",
      "RequestBody": "{\r\n  \"sku\": {\r\n    \"name\": \"Standard_A0\",\r\n    \"tier\": \"Standard\",\r\n    \"capacity\": 2\r\n  },\r\n  \"properties\": {\r\n    \"upgradePolicy\": {\r\n      \"mode\": \"Automatic\"\r\n    },\r\n    \"virtualMachineProfile\": {\r\n      \"osProfile\": {\r\n        \"computerNamePrefix\": \"vmss27255-vm\",\r\n        \"adminUsername\": \"jvuser\",\r\n        \"adminPassword\": \"123OData!@#123\",\r\n        \"linuxConfiguration\": {\r\n          \"disablePasswordAuthentication\": false\r\n        }\r\n      },\r\n      \"storageProfile\": {\r\n        \"imageReference\": {\r\n          \"publisher\": \"Canonical\",\r\n          \"offer\": \"UbuntuServer\",\r\n          \"sku\": \"16.04.0-LTS\",\r\n          \"version\": \"latest\"\r\n        },\r\n        \"osDisk\": {\r\n          \"caching\": \"ReadWrite\",\r\n          \"createOption\": \"FromImage\",\r\n          \"managedDisk\": {\r\n            \"storageAccountType\": \"Standard_LRS\"\r\n          }\r\n        }\r\n      },\r\n      \"networkProfile\": {\r\n        \"networkInterfaceConfigurations\": [\r\n          {\r\n            \"name\": \"primary-nic-cfg\",\r\n            \"properties\": {\r\n              \"primary\": true,\r\n              \"ipConfigurations\": [\r\n                {\r\n                  \"name\": \"primary-nic-ip-cfg\",\r\n                  \"properties\": {\r\n                    \"subnet\": {\r\n                      \"id\": \"/subscriptions/0b1f6471-1bf0-4dda-aec3-cb9272f09590/resourceGroups/rgvmss-2805/providers/Microsoft.Network/virtualNetworks/vmssvnet/subnets/subnet1\"\r\n                    },\r\n                    \"loadBalancerBackendAddressPools\": [\r\n                      {\r\n                        \"id\": \"/subscriptions/0b1f6471-1bf0-4dda-aec3-cb9272f09590/resourceGroups/rgvmss-2805/providers/Microsoft.Network/loadBalancers/extlb1-9532/backendAddressPools/extlb1-9532-BAP1\"\r\n                      },\r\n                      {\r\n                        \"id\": \"/subscriptions/0b1f6471-1bf0-4dda-aec3-cb9272f09590/resourceGroups/rgvmss-2805/providers/Microsoft.Network/loadBalancers/extlb1-9532/backendAddressPools/extlb1-9532-BAP2\"\r\n                      }\r\n                    ],\r\n                    \"loadBalancerInboundNatPools\": [\r\n                      {\r\n                        \"id\": \"/subscriptions/0b1f6471-1bf0-4dda-aec3-cb9272f09590/resourceGroups/rgvmss-2805/providers/Microsoft.Network/loadBalancers/extlb1-9532/inboundNatPools/extlb1-9532-INP1\"\r\n                      },\r\n                      {\r\n                        \"id\": \"/subscriptions/0b1f6471-1bf0-4dda-aec3-cb9272f09590/resourceGroups/rgvmss-2805/providers/Microsoft.Network/loadBalancers/extlb1-9532/inboundNatPools/extlb1-9532-INP2\"\r\n                      }\r\n                    ]\r\n                  }\r\n                }\r\n              ]\r\n            }\r\n          }\r\n        ]\r\n      },\r\n      \"diagnosticsProfile\": {\r\n        \"bootDiagnostics\": {\r\n          \"enabled\": true,\r\n          \"storageUri\": \"https://stg933.blob.core.windows.net/\"\r\n        }\r\n      }\r\n    }\r\n  },\r\n  \"location\": \"eastus\",\r\n  \"tags\": {}\r\n}",
      "RequestHeaders": {
        "Content-Type": [
          "application/json; charset=utf-8"
        ],
        "Content-Length": [
          "2929"
        ],
        "x-ms-client-request-id": [
          "c4f44cbc-0a7d-41c4-9097-d7d35201af5d"
        ],
        "accept-language": [
          "en-US"
        ],
        "User-Agent": [
          "FxVersion/4.6.25211.01",
          "Microsoft.Azure.Management.Compute.Fluent.ComputeManagementClient/1.8.0.0",
          "MacAddressHash/1a7db1f3023c8cc9a72984005b4db786d257d09f868c7e111d4bf514b71b7890"
        ]
      },
      "ResponseBody": "{\r\n  \"sku\": {\r\n    \"name\": \"Standard_A0\",\r\n    \"tier\": \"Standard\",\r\n    \"capacity\": 2\r\n  },\r\n  \"properties\": {\r\n    \"singlePlacementGroup\": true,\r\n    \"upgradePolicy\": {\r\n      \"mode\": \"Automatic\",\r\n      \"automaticOSUpgrade\": false\r\n    },\r\n    \"virtualMachineProfile\": {\r\n      \"osProfile\": {\r\n        \"computerNamePrefix\": \"vmss27255-vm\",\r\n        \"adminUsername\": \"jvuser\",\r\n        \"linuxConfiguration\": {\r\n          \"disablePasswordAuthentication\": false\r\n        },\r\n        \"secrets\": []\r\n      },\r\n      \"storageProfile\": {\r\n        \"osDisk\": {\r\n          \"createOption\": \"FromImage\",\r\n          \"caching\": \"ReadWrite\",\r\n          \"managedDisk\": {\r\n            \"storageAccountType\": \"Standard_LRS\"\r\n          }\r\n        },\r\n        \"imageReference\": {\r\n          \"publisher\": \"Canonical\",\r\n          \"offer\": \"UbuntuServer\",\r\n          \"sku\": \"16.04.0-LTS\",\r\n          \"version\": \"latest\"\r\n        }\r\n      },\r\n      \"networkProfile\": {\r\n        \"networkInterfaceConfigurations\": [\r\n          {\r\n            \"name\": \"primary-nic-cfg\",\r\n            \"properties\": {\r\n              \"primary\": true,\r\n              \"enableAcceleratedNetworking\": false,\r\n              \"dnsSettings\": {\r\n                \"dnsServers\": []\r\n              },\r\n              \"enableIPForwarding\": false,\r\n              \"ipConfigurations\": [\r\n                {\r\n                  \"name\": \"primary-nic-ip-cfg\",\r\n                  \"properties\": {\r\n                    \"subnet\": {\r\n                      \"id\": \"/subscriptions/0b1f6471-1bf0-4dda-aec3-cb9272f09590/resourceGroups/rgvmss-2805/providers/Microsoft.Network/virtualNetworks/vmssvnet/subnets/subnet1\"\r\n                    },\r\n                    \"privateIPAddressVersion\": \"IPv4\",\r\n                    \"loadBalancerBackendAddressPools\": [\r\n                      {\r\n                        \"id\": \"/subscriptions/0b1f6471-1bf0-4dda-aec3-cb9272f09590/resourceGroups/rgvmss-2805/providers/Microsoft.Network/loadBalancers/extlb1-9532/backendAddressPools/extlb1-9532-BAP1\"\r\n                      },\r\n                      {\r\n                        \"id\": \"/subscriptions/0b1f6471-1bf0-4dda-aec3-cb9272f09590/resourceGroups/rgvmss-2805/providers/Microsoft.Network/loadBalancers/extlb1-9532/backendAddressPools/extlb1-9532-BAP2\"\r\n                      }\r\n                    ],\r\n                    \"loadBalancerInboundNatPools\": [\r\n                      {\r\n                        \"id\": \"/subscriptions/0b1f6471-1bf0-4dda-aec3-cb9272f09590/resourceGroups/rgvmss-2805/providers/Microsoft.Network/loadBalancers/extlb1-9532/inboundNatPools/extlb1-9532-INP1\"\r\n                      },\r\n                      {\r\n                        \"id\": \"/subscriptions/0b1f6471-1bf0-4dda-aec3-cb9272f09590/resourceGroups/rgvmss-2805/providers/Microsoft.Network/loadBalancers/extlb1-9532/inboundNatPools/extlb1-9532-INP2\"\r\n                      }\r\n                    ]\r\n                  }\r\n                }\r\n              ]\r\n            }\r\n          }\r\n        ]\r\n      },\r\n      \"diagnosticsProfile\": {\r\n        \"bootDiagnostics\": {\r\n          \"enabled\": true,\r\n          \"storageUri\": \"https://stg933.blob.core.windows.net/\"\r\n        }\r\n      }\r\n    },\r\n    \"provisioningState\": \"Creating\",\r\n    \"overprovision\": true,\r\n    \"uniqueId\": \"e007d41e-ae3c-4242-9159-b7abd3e11203\"\r\n  },\r\n  \"type\": \"Microsoft.Compute/virtualMachineScaleSets\",\r\n  \"location\": \"eastus\",\r\n  \"tags\": {},\r\n  \"id\": \"/subscriptions/0b1f6471-1bf0-4dda-aec3-cb9272f09590/resourceGroups/rgvmss-2805/providers/Microsoft.Compute/virtualMachineScaleSets/vmss27255\",\r\n  \"name\": \"vmss27255\"\r\n}",
      "ResponseHeaders": {
        "Content-Length": [
          "2759"
        ],
        "Content-Type": [
          "application/json; charset=utf-8"
        ],
        "Expires": [
          "-1"
        ],
        "Cache-Control": [
          "no-cache"
        ],
        "Date": [
          "Sat, 14 Apr 2018 03:04:38 GMT"
        ],
        "Pragma": [
          "no-cache"
        ],
        "Server": [
          "Microsoft-HTTPAPI/2.0",
          "Microsoft-HTTPAPI/2.0"
        ],
        "Azure-AsyncOperation": [
          "https://management.azure.com/subscriptions/0b1f6471-1bf0-4dda-aec3-cb9272f09590/providers/Microsoft.Compute/locations/eastus/operations/283e3e0c-f6dc-4ecf-944c-32cc45a21870?api-version=2017-12-01"
        ],
        "x-ms-ratelimit-remaining-resource": [
          "Microsoft.Compute/CreateVMScaleSet3Min;39,Microsoft.Compute/CreateVMScaleSet30Min;198,Microsoft.Compute/VMScaleSetBatchedVMRequests5Min;1196,Microsoft.Compute/VmssQueuedVMOperations;4796"
        ],
        "x-ms-request-charge": [
          "4"
        ],
        "Strict-Transport-Security": [
          "max-age=31536000; includeSubDomains"
        ],
        "x-ms-served-by": [
          "54253b73-cb53-496f-ab42-5e5ee19426f8_131681049397523583"
        ],
        "x-ms-request-id": [
          "283e3e0c-f6dc-4ecf-944c-32cc45a21870"
        ],
        "x-ms-ratelimit-remaining-subscription-writes": [
          "1198"
        ],
        "x-ms-correlation-request-id": [
          "9d36da11-bd40-48ed-a262-9e9af73a1664"
        ],
        "x-ms-routing-request-id": [
          "WESTUS2:20180414T030438Z:9d36da11-bd40-48ed-a262-9e9af73a1664"
        ],
        "X-Content-Type-Options": [
          "nosniff"
        ]
      },
      "StatusCode": 201
    },
    {
      "RequestUri": "/subscriptions/0b1f6471-1bf0-4dda-aec3-cb9272f09590/providers/Microsoft.Compute/locations/eastus/operations/283e3e0c-f6dc-4ecf-944c-32cc45a21870?api-version=2017-12-01",
      "EncodedRequestUri": "L3N1YnNjcmlwdGlvbnMvMGIxZjY0NzEtMWJmMC00ZGRhLWFlYzMtY2I5MjcyZjA5NTkwL3Byb3ZpZGVycy9NaWNyb3NvZnQuQ29tcHV0ZS9sb2NhdGlvbnMvZWFzdHVzL29wZXJhdGlvbnMvMjgzZTNlMGMtZjZkYy00ZWNmLTk0NGMtMzJjYzQ1YTIxODcwP2FwaS12ZXJzaW9uPTIwMTctMTItMDE=",
      "RequestMethod": "GET",
      "RequestBody": "",
      "RequestHeaders": {
        "User-Agent": [
          "FxVersion/4.6.25211.01",
          "Microsoft.Azure.Management.Compute.Fluent.ComputeManagementClient/1.8.0.0",
          "MacAddressHash/1a7db1f3023c8cc9a72984005b4db786d257d09f868c7e111d4bf514b71b7890"
        ]
      },
      "ResponseBody": "{\r\n  \"startTime\": \"2018-04-13T20:04:38.3707769-07:00\",\r\n  \"status\": \"InProgress\",\r\n  \"name\": \"283e3e0c-f6dc-4ecf-944c-32cc45a21870\"\r\n}",
      "ResponseHeaders": {
        "Content-Type": [
          "application/json; charset=utf-8"
        ],
        "Expires": [
          "-1"
        ],
        "Cache-Control": [
          "no-cache"
        ],
        "Date": [
          "Sat, 14 Apr 2018 03:05:08 GMT"
        ],
        "Pragma": [
          "no-cache"
        ],
        "Transfer-Encoding": [
          "chunked"
        ],
        "Server": [
          "Microsoft-HTTPAPI/2.0",
          "Microsoft-HTTPAPI/2.0"
        ],
        "Vary": [
          "Accept-Encoding"
        ],
        "x-ms-ratelimit-remaining-resource": [
          "Microsoft.Compute/GetOperation3Min;14998,Microsoft.Compute/GetOperation30Min;29981"
        ],
        "Strict-Transport-Security": [
          "max-age=31536000; includeSubDomains"
        ],
        "x-ms-served-by": [
          "54253b73-cb53-496f-ab42-5e5ee19426f8_131681049397523583"
        ],
        "x-ms-request-id": [
          "fa8e83ff-d4d5-432e-8c8e-bba2ee6674f0"
        ],
        "x-ms-ratelimit-remaining-subscription-reads": [
          "14988"
        ],
        "x-ms-correlation-request-id": [
          "343eb87f-f09e-4cf5-99b8-5214169ddd90"
        ],
        "x-ms-routing-request-id": [
          "WESTUS2:20180414T030509Z:343eb87f-f09e-4cf5-99b8-5214169ddd90"
        ],
        "X-Content-Type-Options": [
          "nosniff"
        ]
      },
      "StatusCode": 200
    },
    {
      "RequestUri": "/subscriptions/0b1f6471-1bf0-4dda-aec3-cb9272f09590/providers/Microsoft.Compute/locations/eastus/operations/283e3e0c-f6dc-4ecf-944c-32cc45a21870?api-version=2017-12-01",
      "EncodedRequestUri": "L3N1YnNjcmlwdGlvbnMvMGIxZjY0NzEtMWJmMC00ZGRhLWFlYzMtY2I5MjcyZjA5NTkwL3Byb3ZpZGVycy9NaWNyb3NvZnQuQ29tcHV0ZS9sb2NhdGlvbnMvZWFzdHVzL29wZXJhdGlvbnMvMjgzZTNlMGMtZjZkYy00ZWNmLTk0NGMtMzJjYzQ1YTIxODcwP2FwaS12ZXJzaW9uPTIwMTctMTItMDE=",
      "RequestMethod": "GET",
      "RequestBody": "",
      "RequestHeaders": {
        "User-Agent": [
          "FxVersion/4.6.25211.01",
          "Microsoft.Azure.Management.Compute.Fluent.ComputeManagementClient/1.8.0.0",
          "MacAddressHash/1a7db1f3023c8cc9a72984005b4db786d257d09f868c7e111d4bf514b71b7890"
        ]
      },
      "ResponseBody": "{\r\n  \"startTime\": \"2018-04-13T20:04:38.3707769-07:00\",\r\n  \"status\": \"InProgress\",\r\n  \"name\": \"283e3e0c-f6dc-4ecf-944c-32cc45a21870\"\r\n}",
      "ResponseHeaders": {
        "Content-Type": [
          "application/json; charset=utf-8"
        ],
        "Expires": [
          "-1"
        ],
        "Cache-Control": [
          "no-cache"
        ],
        "Date": [
          "Sat, 14 Apr 2018 03:05:39 GMT"
        ],
        "Pragma": [
          "no-cache"
        ],
        "Transfer-Encoding": [
          "chunked"
        ],
        "Server": [
          "Microsoft-HTTPAPI/2.0",
          "Microsoft-HTTPAPI/2.0"
        ],
        "Vary": [
          "Accept-Encoding"
        ],
        "x-ms-ratelimit-remaining-resource": [
          "Microsoft.Compute/GetOperation3Min;14995,Microsoft.Compute/GetOperation30Min;29978"
        ],
        "Strict-Transport-Security": [
          "max-age=31536000; includeSubDomains"
        ],
        "x-ms-served-by": [
          "54253b73-cb53-496f-ab42-5e5ee19426f8_131681049397523583"
        ],
        "x-ms-request-id": [
          "1bc7cbdd-6c09-49e1-a466-773595576521"
        ],
        "x-ms-ratelimit-remaining-subscription-reads": [
          "14987"
        ],
        "x-ms-correlation-request-id": [
          "efd763a7-e5d2-4cb0-8137-ce7b59ded5fe"
        ],
        "x-ms-routing-request-id": [
          "WESTUS2:20180414T030539Z:efd763a7-e5d2-4cb0-8137-ce7b59ded5fe"
        ],
        "X-Content-Type-Options": [
          "nosniff"
        ]
      },
      "StatusCode": 200
    },
    {
      "RequestUri": "/subscriptions/0b1f6471-1bf0-4dda-aec3-cb9272f09590/providers/Microsoft.Compute/locations/eastus/operations/283e3e0c-f6dc-4ecf-944c-32cc45a21870?api-version=2017-12-01",
      "EncodedRequestUri": "L3N1YnNjcmlwdGlvbnMvMGIxZjY0NzEtMWJmMC00ZGRhLWFlYzMtY2I5MjcyZjA5NTkwL3Byb3ZpZGVycy9NaWNyb3NvZnQuQ29tcHV0ZS9sb2NhdGlvbnMvZWFzdHVzL29wZXJhdGlvbnMvMjgzZTNlMGMtZjZkYy00ZWNmLTk0NGMtMzJjYzQ1YTIxODcwP2FwaS12ZXJzaW9uPTIwMTctMTItMDE=",
      "RequestMethod": "GET",
      "RequestBody": "",
      "RequestHeaders": {
        "User-Agent": [
          "FxVersion/4.6.25211.01",
          "Microsoft.Azure.Management.Compute.Fluent.ComputeManagementClient/1.8.0.0",
          "MacAddressHash/1a7db1f3023c8cc9a72984005b4db786d257d09f868c7e111d4bf514b71b7890"
        ]
      },
      "ResponseBody": "{\r\n  \"startTime\": \"2018-04-13T20:04:38.3707769-07:00\",\r\n  \"status\": \"InProgress\",\r\n  \"name\": \"283e3e0c-f6dc-4ecf-944c-32cc45a21870\"\r\n}",
      "ResponseHeaders": {
        "Content-Type": [
          "application/json; charset=utf-8"
        ],
        "Expires": [
          "-1"
        ],
        "Cache-Control": [
          "no-cache"
        ],
        "Date": [
          "Sat, 14 Apr 2018 03:06:12 GMT"
        ],
        "Pragma": [
          "no-cache"
        ],
        "Transfer-Encoding": [
          "chunked"
        ],
        "Server": [
          "Microsoft-HTTPAPI/2.0",
          "Microsoft-HTTPAPI/2.0"
        ],
        "Vary": [
          "Accept-Encoding"
        ],
        "x-ms-ratelimit-remaining-resource": [
          "Microsoft.Compute/GetOperation3Min;14992,Microsoft.Compute/GetOperation30Min;29975"
        ],
        "Strict-Transport-Security": [
          "max-age=31536000; includeSubDomains"
        ],
        "x-ms-served-by": [
          "54253b73-cb53-496f-ab42-5e5ee19426f8_131681049397523583"
        ],
        "x-ms-request-id": [
          "cfb50824-87ae-4d9e-af23-4c675a76527a"
        ],
        "x-ms-ratelimit-remaining-subscription-reads": [
          "14986"
        ],
        "x-ms-correlation-request-id": [
          "07531b53-1d4b-411c-aaea-d05f0a398761"
        ],
        "x-ms-routing-request-id": [
          "WESTUS2:20180414T030613Z:07531b53-1d4b-411c-aaea-d05f0a398761"
        ],
        "X-Content-Type-Options": [
          "nosniff"
        ]
      },
      "StatusCode": 200
    },
    {
      "RequestUri": "/subscriptions/0b1f6471-1bf0-4dda-aec3-cb9272f09590/providers/Microsoft.Compute/locations/eastus/operations/283e3e0c-f6dc-4ecf-944c-32cc45a21870?api-version=2017-12-01",
      "EncodedRequestUri": "L3N1YnNjcmlwdGlvbnMvMGIxZjY0NzEtMWJmMC00ZGRhLWFlYzMtY2I5MjcyZjA5NTkwL3Byb3ZpZGVycy9NaWNyb3NvZnQuQ29tcHV0ZS9sb2NhdGlvbnMvZWFzdHVzL29wZXJhdGlvbnMvMjgzZTNlMGMtZjZkYy00ZWNmLTk0NGMtMzJjYzQ1YTIxODcwP2FwaS12ZXJzaW9uPTIwMTctMTItMDE=",
      "RequestMethod": "GET",
      "RequestBody": "",
      "RequestHeaders": {
        "User-Agent": [
          "FxVersion/4.6.25211.01",
          "Microsoft.Azure.Management.Compute.Fluent.ComputeManagementClient/1.8.0.0",
          "MacAddressHash/1a7db1f3023c8cc9a72984005b4db786d257d09f868c7e111d4bf514b71b7890"
        ]
      },
      "ResponseBody": "{\r\n  \"startTime\": \"2018-04-13T20:04:38.3707769-07:00\",\r\n  \"endTime\": \"2018-04-13T20:06:38.4496691-07:00\",\r\n  \"status\": \"Succeeded\",\r\n  \"name\": \"283e3e0c-f6dc-4ecf-944c-32cc45a21870\"\r\n}",
      "ResponseHeaders": {
        "Content-Type": [
          "application/json; charset=utf-8"
        ],
        "Expires": [
          "-1"
        ],
        "Cache-Control": [
          "no-cache"
        ],
        "Date": [
          "Sat, 14 Apr 2018 03:06:42 GMT"
        ],
        "Pragma": [
          "no-cache"
        ],
        "Transfer-Encoding": [
          "chunked"
        ],
        "Server": [
          "Microsoft-HTTPAPI/2.0",
          "Microsoft-HTTPAPI/2.0"
        ],
        "Vary": [
          "Accept-Encoding"
        ],
        "x-ms-ratelimit-remaining-resource": [
          "Microsoft.Compute/GetOperation3Min;14989,Microsoft.Compute/GetOperation30Min;29972"
        ],
        "Strict-Transport-Security": [
          "max-age=31536000; includeSubDomains"
        ],
        "x-ms-served-by": [
          "54253b73-cb53-496f-ab42-5e5ee19426f8_131681049397523583"
        ],
        "x-ms-request-id": [
          "f8f7dd9a-08c9-40b7-b61d-3b47f223c4a1"
        ],
        "x-ms-ratelimit-remaining-subscription-reads": [
          "14985"
        ],
        "x-ms-correlation-request-id": [
          "252c7895-14cd-47cf-b61b-eed93b2a2adb"
        ],
        "x-ms-routing-request-id": [
          "WESTUS2:20180414T030643Z:252c7895-14cd-47cf-b61b-eed93b2a2adb"
        ],
        "X-Content-Type-Options": [
          "nosniff"
        ]
      },
      "StatusCode": 200
    },
    {
      "RequestUri": "/subscriptions/0b1f6471-1bf0-4dda-aec3-cb9272f09590/resourceGroups/rgvmss-2805/providers/Microsoft.Compute/virtualMachineScaleSets/vmss27255?api-version=2017-12-01",
      "EncodedRequestUri": "L3N1YnNjcmlwdGlvbnMvMGIxZjY0NzEtMWJmMC00ZGRhLWFlYzMtY2I5MjcyZjA5NTkwL3Jlc291cmNlR3JvdXBzL3Jndm1zcy0yODA1L3Byb3ZpZGVycy9NaWNyb3NvZnQuQ29tcHV0ZS92aXJ0dWFsTWFjaGluZVNjYWxlU2V0cy92bXNzMjcyNTU/YXBpLXZlcnNpb249MjAxNy0xMi0wMQ==",
      "RequestMethod": "GET",
      "RequestBody": "",
      "RequestHeaders": {
        "User-Agent": [
          "FxVersion/4.6.25211.01",
          "Microsoft.Azure.Management.Compute.Fluent.ComputeManagementClient/1.8.0.0",
          "MacAddressHash/1a7db1f3023c8cc9a72984005b4db786d257d09f868c7e111d4bf514b71b7890"
        ]
      },
      "ResponseBody": "{\r\n  \"sku\": {\r\n    \"name\": \"Standard_A0\",\r\n    \"tier\": \"Standard\",\r\n    \"capacity\": 2\r\n  },\r\n  \"properties\": {\r\n    \"singlePlacementGroup\": true,\r\n    \"upgradePolicy\": {\r\n      \"mode\": \"Automatic\",\r\n      \"automaticOSUpgrade\": false\r\n    },\r\n    \"virtualMachineProfile\": {\r\n      \"osProfile\": {\r\n        \"computerNamePrefix\": \"vmss27255-vm\",\r\n        \"adminUsername\": \"jvuser\",\r\n        \"linuxConfiguration\": {\r\n          \"disablePasswordAuthentication\": false\r\n        },\r\n        \"secrets\": []\r\n      },\r\n      \"storageProfile\": {\r\n        \"osDisk\": {\r\n          \"createOption\": \"FromImage\",\r\n          \"caching\": \"ReadWrite\",\r\n          \"managedDisk\": {\r\n            \"storageAccountType\": \"Standard_LRS\"\r\n          }\r\n        },\r\n        \"imageReference\": {\r\n          \"publisher\": \"Canonical\",\r\n          \"offer\": \"UbuntuServer\",\r\n          \"sku\": \"16.04.0-LTS\",\r\n          \"version\": \"latest\"\r\n        }\r\n      },\r\n      \"networkProfile\": {\r\n        \"networkInterfaceConfigurations\": [\r\n          {\r\n            \"name\": \"primary-nic-cfg\",\r\n            \"properties\": {\r\n              \"primary\": true,\r\n              \"enableAcceleratedNetworking\": false,\r\n              \"dnsSettings\": {\r\n                \"dnsServers\": []\r\n              },\r\n              \"enableIPForwarding\": false,\r\n              \"ipConfigurations\": [\r\n                {\r\n                  \"name\": \"primary-nic-ip-cfg\",\r\n                  \"properties\": {\r\n                    \"subnet\": {\r\n                      \"id\": \"/subscriptions/0b1f6471-1bf0-4dda-aec3-cb9272f09590/resourceGroups/rgvmss-2805/providers/Microsoft.Network/virtualNetworks/vmssvnet/subnets/subnet1\"\r\n                    },\r\n                    \"privateIPAddressVersion\": \"IPv4\",\r\n                    \"loadBalancerBackendAddressPools\": [\r\n                      {\r\n                        \"id\": \"/subscriptions/0b1f6471-1bf0-4dda-aec3-cb9272f09590/resourceGroups/rgvmss-2805/providers/Microsoft.Network/loadBalancers/extlb1-9532/backendAddressPools/extlb1-9532-BAP1\"\r\n                      },\r\n                      {\r\n                        \"id\": \"/subscriptions/0b1f6471-1bf0-4dda-aec3-cb9272f09590/resourceGroups/rgvmss-2805/providers/Microsoft.Network/loadBalancers/extlb1-9532/backendAddressPools/extlb1-9532-BAP2\"\r\n                      }\r\n                    ],\r\n                    \"loadBalancerInboundNatPools\": [\r\n                      {\r\n                        \"id\": \"/subscriptions/0b1f6471-1bf0-4dda-aec3-cb9272f09590/resourceGroups/rgvmss-2805/providers/Microsoft.Network/loadBalancers/extlb1-9532/inboundNatPools/extlb1-9532-INP1\"\r\n                      },\r\n                      {\r\n                        \"id\": \"/subscriptions/0b1f6471-1bf0-4dda-aec3-cb9272f09590/resourceGroups/rgvmss-2805/providers/Microsoft.Network/loadBalancers/extlb1-9532/inboundNatPools/extlb1-9532-INP2\"\r\n                      }\r\n                    ]\r\n                  }\r\n                }\r\n              ]\r\n            }\r\n          }\r\n        ]\r\n      },\r\n      \"diagnosticsProfile\": {\r\n        \"bootDiagnostics\": {\r\n          \"enabled\": true,\r\n          \"storageUri\": \"https://stg933.blob.core.windows.net/\"\r\n        }\r\n      }\r\n    },\r\n    \"provisioningState\": \"Succeeded\",\r\n    \"overprovision\": true,\r\n    \"uniqueId\": \"e007d41e-ae3c-4242-9159-b7abd3e11203\"\r\n  },\r\n  \"type\": \"Microsoft.Compute/virtualMachineScaleSets\",\r\n  \"location\": \"eastus\",\r\n  \"tags\": {},\r\n  \"id\": \"/subscriptions/0b1f6471-1bf0-4dda-aec3-cb9272f09590/resourceGroups/rgvmss-2805/providers/Microsoft.Compute/virtualMachineScaleSets/vmss27255\",\r\n  \"name\": \"vmss27255\"\r\n}",
      "ResponseHeaders": {
        "Content-Type": [
          "application/json; charset=utf-8"
        ],
        "Expires": [
          "-1"
        ],
        "Cache-Control": [
          "no-cache"
        ],
        "Date": [
          "Sat, 14 Apr 2018 03:06:42 GMT"
        ],
        "Pragma": [
          "no-cache"
        ],
        "Transfer-Encoding": [
          "chunked"
        ],
        "Server": [
          "Microsoft-HTTPAPI/2.0",
          "Microsoft-HTTPAPI/2.0"
        ],
        "Vary": [
          "Accept-Encoding"
        ],
        "x-ms-ratelimit-remaining-resource": [
          "Microsoft.Compute/GetVMScaleSet3Min;197,Microsoft.Compute/GetVMScaleSet30Min;1490"
        ],
        "Strict-Transport-Security": [
          "max-age=31536000; includeSubDomains"
        ],
        "x-ms-served-by": [
          "54253b73-cb53-496f-ab42-5e5ee19426f8_131681049397523583"
        ],
        "x-ms-request-id": [
          "030f88f5-c3e2-4e05-af19-7e8afb46c655"
        ],
        "x-ms-ratelimit-remaining-subscription-reads": [
          "14984"
        ],
        "x-ms-correlation-request-id": [
          "ca5b03bf-1922-4160-ba8e-f7c29f3ee869"
        ],
        "x-ms-routing-request-id": [
          "WESTUS2:20180414T030643Z:ca5b03bf-1922-4160-ba8e-f7c29f3ee869"
        ],
        "X-Content-Type-Options": [
          "nosniff"
        ]
      },
      "StatusCode": 200
    },
    {
      "RequestUri": "/subscriptions/0b1f6471-1bf0-4dda-aec3-cb9272f09590/resourcegroups/rgvmss-2805?api-version=2017-05-10",
      "EncodedRequestUri": "L3N1YnNjcmlwdGlvbnMvMGIxZjY0NzEtMWJmMC00ZGRhLWFlYzMtY2I5MjcyZjA5NTkwL3Jlc291cmNlZ3JvdXBzL3Jndm1zcy0yODA1P2FwaS12ZXJzaW9uPTIwMTctMDUtMTA=",
      "RequestMethod": "DELETE",
      "RequestBody": "",
      "RequestHeaders": {
        "x-ms-client-request-id": [
          "fc74de20-6ad4-4d53-b5a1-d1c494d847b1"
        ],
        "accept-language": [
          "en-US"
        ],
        "User-Agent": [
          "FxVersion/4.6.25211.01",
          "Microsoft.Azure.Management.ResourceManager.Fluent.ResourceManagementClient/1.8.0.0",
          "MacAddressHash/1a7db1f3023c8cc9a72984005b4db786d257d09f868c7e111d4bf514b71b7890"
        ]
      },
      "ResponseBody": "",
      "ResponseHeaders": {
        "Content-Length": [
          "0"
        ],
        "Expires": [
          "-1"
        ],
        "Cache-Control": [
          "no-cache"
        ],
        "Date": [
          "Sat, 14 Apr 2018 03:06:45 GMT"
        ],
        "Pragma": [
          "no-cache"
        ],
        "Location": [
          "https://management.azure.com/subscriptions/0b1f6471-1bf0-4dda-aec3-cb9272f09590/operationresults/eyJqb2JJZCI6IlJFU09VUkNFR1JPVVBERUxFVElPTkpPQi1SR1ZNU1M6MkQyODA1LUVBU1RVUyIsImpvYkxvY2F0aW9uIjoiZWFzdHVzIn0?api-version=2017-05-10"
        ],
        "Retry-After": [
          "15"
        ],
        "x-ms-ratelimit-remaining-subscription-writes": [
          "1199"
        ],
        "x-ms-request-id": [
          "eba7ba01-fe49-4838-9f5a-682459d5de8f"
        ],
        "x-ms-correlation-request-id": [
          "eba7ba01-fe49-4838-9f5a-682459d5de8f"
        ],
        "x-ms-routing-request-id": [
          "WESTUS2:20180414T030645Z:eba7ba01-fe49-4838-9f5a-682459d5de8f"
        ],
        "Strict-Transport-Security": [
          "max-age=31536000; includeSubDomains"
        ],
        "X-Content-Type-Options": [
          "nosniff"
        ]
      },
      "StatusCode": 202
    },
    {
      "RequestUri": "/subscriptions/0b1f6471-1bf0-4dda-aec3-cb9272f09590/operationresults/eyJqb2JJZCI6IlJFU09VUkNFR1JPVVBERUxFVElPTkpPQi1SR1ZNU1M6MkQyODA1LUVBU1RVUyIsImpvYkxvY2F0aW9uIjoiZWFzdHVzIn0?api-version=2017-05-10",
      "EncodedRequestUri": "L3N1YnNjcmlwdGlvbnMvMGIxZjY0NzEtMWJmMC00ZGRhLWFlYzMtY2I5MjcyZjA5NTkwL29wZXJhdGlvbnJlc3VsdHMvZXlKcWIySkpaQ0k2SWxKRlUwOVZVa05GUjFKUFZWQkVSVXhGVkVsUFRrcFBRaTFTUjFaTlUxTTZNa1F5T0RBMUxVVkJVMVJWVXlJc0ltcHZZa3h2WTJGMGFXOXVJam9pWldGemRIVnpJbjA/YXBpLXZlcnNpb249MjAxNy0wNS0xMA==",
      "RequestMethod": "GET",
      "RequestBody": "",
      "RequestHeaders": {
        "User-Agent": [
          "FxVersion/4.6.25211.01",
          "Microsoft.Azure.Management.ResourceManager.Fluent.ResourceManagementClient/1.8.0.0",
          "MacAddressHash/1a7db1f3023c8cc9a72984005b4db786d257d09f868c7e111d4bf514b71b7890"
        ]
      },
      "ResponseBody": "",
      "ResponseHeaders": {
        "Content-Length": [
          "0"
        ],
        "Expires": [
          "-1"
        ],
        "Cache-Control": [
          "no-cache"
        ],
        "Date": [
          "Sat, 14 Apr 2018 03:06:59 GMT"
        ],
        "Pragma": [
          "no-cache"
        ],
        "Location": [
          "https://management.azure.com/subscriptions/0b1f6471-1bf0-4dda-aec3-cb9272f09590/operationresults/eyJqb2JJZCI6IlJFU09VUkNFR1JPVVBERUxFVElPTkpPQi1SR1ZNU1M6MkQyODA1LUVBU1RVUyIsImpvYkxvY2F0aW9uIjoiZWFzdHVzIn0?api-version=2017-05-10"
        ],
        "Retry-After": [
          "15"
        ],
        "x-ms-ratelimit-remaining-subscription-reads": [
          "14998"
        ],
        "x-ms-request-id": [
          "6ffb3efb-7d40-4055-9eec-8782a74090aa"
        ],
        "x-ms-correlation-request-id": [
          "6ffb3efb-7d40-4055-9eec-8782a74090aa"
        ],
        "x-ms-routing-request-id": [
          "WESTUS2:20180414T030700Z:6ffb3efb-7d40-4055-9eec-8782a74090aa"
        ],
        "Strict-Transport-Security": [
          "max-age=31536000; includeSubDomains"
        ],
        "X-Content-Type-Options": [
          "nosniff"
        ]
      },
      "StatusCode": 202
    },
    {
      "RequestUri": "/subscriptions/0b1f6471-1bf0-4dda-aec3-cb9272f09590/operationresults/eyJqb2JJZCI6IlJFU09VUkNFR1JPVVBERUxFVElPTkpPQi1SR1ZNU1M6MkQyODA1LUVBU1RVUyIsImpvYkxvY2F0aW9uIjoiZWFzdHVzIn0?api-version=2017-05-10",
      "EncodedRequestUri": "L3N1YnNjcmlwdGlvbnMvMGIxZjY0NzEtMWJmMC00ZGRhLWFlYzMtY2I5MjcyZjA5NTkwL29wZXJhdGlvbnJlc3VsdHMvZXlKcWIySkpaQ0k2SWxKRlUwOVZVa05GUjFKUFZWQkVSVXhGVkVsUFRrcFBRaTFTUjFaTlUxTTZNa1F5T0RBMUxVVkJVMVJWVXlJc0ltcHZZa3h2WTJGMGFXOXVJam9pWldGemRIVnpJbjA/YXBpLXZlcnNpb249MjAxNy0wNS0xMA==",
      "RequestMethod": "GET",
      "RequestBody": "",
      "RequestHeaders": {
        "User-Agent": [
          "FxVersion/4.6.25211.01",
          "Microsoft.Azure.Management.ResourceManager.Fluent.ResourceManagementClient/1.8.0.0",
          "MacAddressHash/1a7db1f3023c8cc9a72984005b4db786d257d09f868c7e111d4bf514b71b7890"
        ]
      },
      "ResponseBody": "",
      "ResponseHeaders": {
        "Content-Length": [
          "0"
        ],
        "Expires": [
          "-1"
        ],
        "Cache-Control": [
          "no-cache"
        ],
        "Date": [
          "Sat, 14 Apr 2018 03:07:15 GMT"
        ],
        "Pragma": [
          "no-cache"
        ],
        "Location": [
          "https://management.azure.com/subscriptions/0b1f6471-1bf0-4dda-aec3-cb9272f09590/operationresults/eyJqb2JJZCI6IlJFU09VUkNFR1JPVVBERUxFVElPTkpPQi1SR1ZNU1M6MkQyODA1LUVBU1RVUyIsImpvYkxvY2F0aW9uIjoiZWFzdHVzIn0?api-version=2017-05-10"
        ],
        "Retry-After": [
          "15"
        ],
        "x-ms-ratelimit-remaining-subscription-reads": [
          "14997"
        ],
        "x-ms-request-id": [
          "0d1dcb3a-28a0-41ef-80c1-97aa6f404c12"
        ],
        "x-ms-correlation-request-id": [
          "0d1dcb3a-28a0-41ef-80c1-97aa6f404c12"
        ],
        "x-ms-routing-request-id": [
          "WESTUS2:20180414T030715Z:0d1dcb3a-28a0-41ef-80c1-97aa6f404c12"
        ],
        "Strict-Transport-Security": [
          "max-age=31536000; includeSubDomains"
        ],
        "X-Content-Type-Options": [
          "nosniff"
        ]
      },
      "StatusCode": 202
    },
    {
      "RequestUri": "/subscriptions/0b1f6471-1bf0-4dda-aec3-cb9272f09590/operationresults/eyJqb2JJZCI6IlJFU09VUkNFR1JPVVBERUxFVElPTkpPQi1SR1ZNU1M6MkQyODA1LUVBU1RVUyIsImpvYkxvY2F0aW9uIjoiZWFzdHVzIn0?api-version=2017-05-10",
      "EncodedRequestUri": "L3N1YnNjcmlwdGlvbnMvMGIxZjY0NzEtMWJmMC00ZGRhLWFlYzMtY2I5MjcyZjA5NTkwL29wZXJhdGlvbnJlc3VsdHMvZXlKcWIySkpaQ0k2SWxKRlUwOVZVa05GUjFKUFZWQkVSVXhGVkVsUFRrcFBRaTFTUjFaTlUxTTZNa1F5T0RBMUxVVkJVMVJWVXlJc0ltcHZZa3h2WTJGMGFXOXVJam9pWldGemRIVnpJbjA/YXBpLXZlcnNpb249MjAxNy0wNS0xMA==",
      "RequestMethod": "GET",
      "RequestBody": "",
      "RequestHeaders": {
        "User-Agent": [
          "FxVersion/4.6.25211.01",
          "Microsoft.Azure.Management.ResourceManager.Fluent.ResourceManagementClient/1.8.0.0",
          "MacAddressHash/1a7db1f3023c8cc9a72984005b4db786d257d09f868c7e111d4bf514b71b7890"
        ]
      },
      "ResponseBody": "",
      "ResponseHeaders": {
        "Content-Length": [
          "0"
        ],
        "Expires": [
          "-1"
        ],
        "Cache-Control": [
          "no-cache"
        ],
        "Date": [
          "Sat, 14 Apr 2018 03:07:30 GMT"
        ],
        "Pragma": [
          "no-cache"
        ],
        "Location": [
          "https://management.azure.com/subscriptions/0b1f6471-1bf0-4dda-aec3-cb9272f09590/operationresults/eyJqb2JJZCI6IlJFU09VUkNFR1JPVVBERUxFVElPTkpPQi1SR1ZNU1M6MkQyODA1LUVBU1RVUyIsImpvYkxvY2F0aW9uIjoiZWFzdHVzIn0?api-version=2017-05-10"
        ],
        "Retry-After": [
          "15"
        ],
        "x-ms-ratelimit-remaining-subscription-reads": [
          "14996"
        ],
        "x-ms-request-id": [
          "9dab48d0-db53-4ef1-925a-aa5aba2a7d88"
        ],
        "x-ms-correlation-request-id": [
          "9dab48d0-db53-4ef1-925a-aa5aba2a7d88"
        ],
        "x-ms-routing-request-id": [
          "WESTUS2:20180414T030730Z:9dab48d0-db53-4ef1-925a-aa5aba2a7d88"
        ],
        "Strict-Transport-Security": [
          "max-age=31536000; includeSubDomains"
        ],
        "X-Content-Type-Options": [
          "nosniff"
        ]
      },
      "StatusCode": 202
    },
    {
      "RequestUri": "/subscriptions/0b1f6471-1bf0-4dda-aec3-cb9272f09590/operationresults/eyJqb2JJZCI6IlJFU09VUkNFR1JPVVBERUxFVElPTkpPQi1SR1ZNU1M6MkQyODA1LUVBU1RVUyIsImpvYkxvY2F0aW9uIjoiZWFzdHVzIn0?api-version=2017-05-10",
      "EncodedRequestUri": "L3N1YnNjcmlwdGlvbnMvMGIxZjY0NzEtMWJmMC00ZGRhLWFlYzMtY2I5MjcyZjA5NTkwL29wZXJhdGlvbnJlc3VsdHMvZXlKcWIySkpaQ0k2SWxKRlUwOVZVa05GUjFKUFZWQkVSVXhGVkVsUFRrcFBRaTFTUjFaTlUxTTZNa1F5T0RBMUxVVkJVMVJWVXlJc0ltcHZZa3h2WTJGMGFXOXVJam9pWldGemRIVnpJbjA/YXBpLXZlcnNpb249MjAxNy0wNS0xMA==",
      "RequestMethod": "GET",
      "RequestBody": "",
      "RequestHeaders": {
        "User-Agent": [
          "FxVersion/4.6.25211.01",
          "Microsoft.Azure.Management.ResourceManager.Fluent.ResourceManagementClient/1.8.0.0",
          "MacAddressHash/1a7db1f3023c8cc9a72984005b4db786d257d09f868c7e111d4bf514b71b7890"
        ]
      },
      "ResponseBody": "",
      "ResponseHeaders": {
        "Content-Length": [
          "0"
        ],
        "Expires": [
          "-1"
        ],
        "Cache-Control": [
          "no-cache"
        ],
        "Date": [
          "Sat, 14 Apr 2018 03:07:45 GMT"
        ],
        "Pragma": [
          "no-cache"
        ],
        "Location": [
          "https://management.azure.com/subscriptions/0b1f6471-1bf0-4dda-aec3-cb9272f09590/operationresults/eyJqb2JJZCI6IlJFU09VUkNFR1JPVVBERUxFVElPTkpPQi1SR1ZNU1M6MkQyODA1LUVBU1RVUyIsImpvYkxvY2F0aW9uIjoiZWFzdHVzIn0?api-version=2017-05-10"
        ],
        "Retry-After": [
          "15"
        ],
        "x-ms-ratelimit-remaining-subscription-reads": [
          "14995"
        ],
        "x-ms-request-id": [
          "ee1409c1-6877-4168-989d-725e99df73c6"
        ],
        "x-ms-correlation-request-id": [
          "ee1409c1-6877-4168-989d-725e99df73c6"
        ],
        "x-ms-routing-request-id": [
          "WESTUS2:20180414T030746Z:ee1409c1-6877-4168-989d-725e99df73c6"
        ],
        "Strict-Transport-Security": [
          "max-age=31536000; includeSubDomains"
        ],
        "X-Content-Type-Options": [
          "nosniff"
        ]
      },
      "StatusCode": 202
    },
    {
      "RequestUri": "/subscriptions/0b1f6471-1bf0-4dda-aec3-cb9272f09590/operationresults/eyJqb2JJZCI6IlJFU09VUkNFR1JPVVBERUxFVElPTkpPQi1SR1ZNU1M6MkQyODA1LUVBU1RVUyIsImpvYkxvY2F0aW9uIjoiZWFzdHVzIn0?api-version=2017-05-10",
      "EncodedRequestUri": "L3N1YnNjcmlwdGlvbnMvMGIxZjY0NzEtMWJmMC00ZGRhLWFlYzMtY2I5MjcyZjA5NTkwL29wZXJhdGlvbnJlc3VsdHMvZXlKcWIySkpaQ0k2SWxKRlUwOVZVa05GUjFKUFZWQkVSVXhGVkVsUFRrcFBRaTFTUjFaTlUxTTZNa1F5T0RBMUxVVkJVMVJWVXlJc0ltcHZZa3h2WTJGMGFXOXVJam9pWldGemRIVnpJbjA/YXBpLXZlcnNpb249MjAxNy0wNS0xMA==",
      "RequestMethod": "GET",
      "RequestBody": "",
      "RequestHeaders": {
        "User-Agent": [
          "FxVersion/4.6.25211.01",
          "Microsoft.Azure.Management.ResourceManager.Fluent.ResourceManagementClient/1.8.0.0",
          "MacAddressHash/1a7db1f3023c8cc9a72984005b4db786d257d09f868c7e111d4bf514b71b7890"
        ]
      },
      "ResponseBody": "",
      "ResponseHeaders": {
        "Content-Length": [
          "0"
        ],
        "Expires": [
          "-1"
        ],
        "Cache-Control": [
          "no-cache"
        ],
        "Date": [
          "Sat, 14 Apr 2018 03:08:01 GMT"
        ],
        "Pragma": [
          "no-cache"
        ],
        "Location": [
          "https://management.azure.com/subscriptions/0b1f6471-1bf0-4dda-aec3-cb9272f09590/operationresults/eyJqb2JJZCI6IlJFU09VUkNFR1JPVVBERUxFVElPTkpPQi1SR1ZNU1M6MkQyODA1LUVBU1RVUyIsImpvYkxvY2F0aW9uIjoiZWFzdHVzIn0?api-version=2017-05-10"
        ],
        "Retry-After": [
          "15"
        ],
        "x-ms-ratelimit-remaining-subscription-reads": [
          "14994"
        ],
        "x-ms-request-id": [
          "30f466b9-c6a0-4480-9287-aa6a3d2c3fb5"
        ],
        "x-ms-correlation-request-id": [
          "30f466b9-c6a0-4480-9287-aa6a3d2c3fb5"
        ],
        "x-ms-routing-request-id": [
          "WESTUS2:20180414T030801Z:30f466b9-c6a0-4480-9287-aa6a3d2c3fb5"
        ],
        "Strict-Transport-Security": [
          "max-age=31536000; includeSubDomains"
        ],
        "X-Content-Type-Options": [
          "nosniff"
        ]
      },
      "StatusCode": 202
    },
    {
      "RequestUri": "/subscriptions/0b1f6471-1bf0-4dda-aec3-cb9272f09590/operationresults/eyJqb2JJZCI6IlJFU09VUkNFR1JPVVBERUxFVElPTkpPQi1SR1ZNU1M6MkQyODA1LUVBU1RVUyIsImpvYkxvY2F0aW9uIjoiZWFzdHVzIn0?api-version=2017-05-10",
      "EncodedRequestUri": "L3N1YnNjcmlwdGlvbnMvMGIxZjY0NzEtMWJmMC00ZGRhLWFlYzMtY2I5MjcyZjA5NTkwL29wZXJhdGlvbnJlc3VsdHMvZXlKcWIySkpaQ0k2SWxKRlUwOVZVa05GUjFKUFZWQkVSVXhGVkVsUFRrcFBRaTFTUjFaTlUxTTZNa1F5T0RBMUxVVkJVMVJWVXlJc0ltcHZZa3h2WTJGMGFXOXVJam9pWldGemRIVnpJbjA/YXBpLXZlcnNpb249MjAxNy0wNS0xMA==",
      "RequestMethod": "GET",
      "RequestBody": "",
      "RequestHeaders": {
        "User-Agent": [
          "FxVersion/4.6.25211.01",
          "Microsoft.Azure.Management.ResourceManager.Fluent.ResourceManagementClient/1.8.0.0",
          "MacAddressHash/1a7db1f3023c8cc9a72984005b4db786d257d09f868c7e111d4bf514b71b7890"
        ]
      },
      "ResponseBody": "",
      "ResponseHeaders": {
        "Content-Length": [
          "0"
        ],
        "Expires": [
          "-1"
        ],
        "Cache-Control": [
          "no-cache"
        ],
        "Date": [
          "Sat, 14 Apr 2018 03:08:15 GMT"
        ],
        "Pragma": [
          "no-cache"
        ],
        "Location": [
          "https://management.azure.com/subscriptions/0b1f6471-1bf0-4dda-aec3-cb9272f09590/operationresults/eyJqb2JJZCI6IlJFU09VUkNFR1JPVVBERUxFVElPTkpPQi1SR1ZNU1M6MkQyODA1LUVBU1RVUyIsImpvYkxvY2F0aW9uIjoiZWFzdHVzIn0?api-version=2017-05-10"
        ],
        "Retry-After": [
          "15"
        ],
        "x-ms-ratelimit-remaining-subscription-reads": [
          "14993"
        ],
        "x-ms-request-id": [
          "77841e32-9f83-4195-8c89-e8671130c5df"
        ],
        "x-ms-correlation-request-id": [
          "77841e32-9f83-4195-8c89-e8671130c5df"
        ],
        "x-ms-routing-request-id": [
          "WESTUS2:20180414T030816Z:77841e32-9f83-4195-8c89-e8671130c5df"
        ],
        "Strict-Transport-Security": [
          "max-age=31536000; includeSubDomains"
        ],
        "X-Content-Type-Options": [
          "nosniff"
        ]
      },
      "StatusCode": 202
    },
    {
      "RequestUri": "/subscriptions/0b1f6471-1bf0-4dda-aec3-cb9272f09590/operationresults/eyJqb2JJZCI6IlJFU09VUkNFR1JPVVBERUxFVElPTkpPQi1SR1ZNU1M6MkQyODA1LUVBU1RVUyIsImpvYkxvY2F0aW9uIjoiZWFzdHVzIn0?api-version=2017-05-10",
      "EncodedRequestUri": "L3N1YnNjcmlwdGlvbnMvMGIxZjY0NzEtMWJmMC00ZGRhLWFlYzMtY2I5MjcyZjA5NTkwL29wZXJhdGlvbnJlc3VsdHMvZXlKcWIySkpaQ0k2SWxKRlUwOVZVa05GUjFKUFZWQkVSVXhGVkVsUFRrcFBRaTFTUjFaTlUxTTZNa1F5T0RBMUxVVkJVMVJWVXlJc0ltcHZZa3h2WTJGMGFXOXVJam9pWldGemRIVnpJbjA/YXBpLXZlcnNpb249MjAxNy0wNS0xMA==",
      "RequestMethod": "GET",
      "RequestBody": "",
      "RequestHeaders": {
        "User-Agent": [
          "FxVersion/4.6.25211.01",
          "Microsoft.Azure.Management.ResourceManager.Fluent.ResourceManagementClient/1.8.0.0",
          "MacAddressHash/1a7db1f3023c8cc9a72984005b4db786d257d09f868c7e111d4bf514b71b7890"
        ]
      },
      "ResponseBody": "",
      "ResponseHeaders": {
        "Content-Length": [
          "0"
        ],
        "Expires": [
          "-1"
        ],
        "Cache-Control": [
          "no-cache"
        ],
        "Date": [
          "Sat, 14 Apr 2018 03:08:31 GMT"
        ],
        "Pragma": [
          "no-cache"
        ],
        "Location": [
          "https://management.azure.com/subscriptions/0b1f6471-1bf0-4dda-aec3-cb9272f09590/operationresults/eyJqb2JJZCI6IlJFU09VUkNFR1JPVVBERUxFVElPTkpPQi1SR1ZNU1M6MkQyODA1LUVBU1RVUyIsImpvYkxvY2F0aW9uIjoiZWFzdHVzIn0?api-version=2017-05-10"
        ],
        "Retry-After": [
          "15"
        ],
        "x-ms-ratelimit-remaining-subscription-reads": [
          "14992"
        ],
        "x-ms-request-id": [
          "d1f1f19e-379c-4bfd-ae03-7f3e141264f6"
        ],
        "x-ms-correlation-request-id": [
          "d1f1f19e-379c-4bfd-ae03-7f3e141264f6"
        ],
        "x-ms-routing-request-id": [
          "WESTUS2:20180414T030831Z:d1f1f19e-379c-4bfd-ae03-7f3e141264f6"
        ],
        "Strict-Transport-Security": [
          "max-age=31536000; includeSubDomains"
        ],
        "X-Content-Type-Options": [
          "nosniff"
        ]
      },
      "StatusCode": 202
    },
    {
      "RequestUri": "/subscriptions/0b1f6471-1bf0-4dda-aec3-cb9272f09590/operationresults/eyJqb2JJZCI6IlJFU09VUkNFR1JPVVBERUxFVElPTkpPQi1SR1ZNU1M6MkQyODA1LUVBU1RVUyIsImpvYkxvY2F0aW9uIjoiZWFzdHVzIn0?api-version=2017-05-10",
      "EncodedRequestUri": "L3N1YnNjcmlwdGlvbnMvMGIxZjY0NzEtMWJmMC00ZGRhLWFlYzMtY2I5MjcyZjA5NTkwL29wZXJhdGlvbnJlc3VsdHMvZXlKcWIySkpaQ0k2SWxKRlUwOVZVa05GUjFKUFZWQkVSVXhGVkVsUFRrcFBRaTFTUjFaTlUxTTZNa1F5T0RBMUxVVkJVMVJWVXlJc0ltcHZZa3h2WTJGMGFXOXVJam9pWldGemRIVnpJbjA/YXBpLXZlcnNpb249MjAxNy0wNS0xMA==",
      "RequestMethod": "GET",
      "RequestBody": "",
      "RequestHeaders": {
        "User-Agent": [
          "FxVersion/4.6.25211.01",
          "Microsoft.Azure.Management.ResourceManager.Fluent.ResourceManagementClient/1.8.0.0",
          "MacAddressHash/1a7db1f3023c8cc9a72984005b4db786d257d09f868c7e111d4bf514b71b7890"
        ]
      },
      "ResponseBody": "",
      "ResponseHeaders": {
        "Content-Length": [
          "0"
        ],
        "Expires": [
          "-1"
        ],
        "Cache-Control": [
          "no-cache"
        ],
        "Date": [
          "Sat, 14 Apr 2018 03:08:46 GMT"
        ],
        "Pragma": [
          "no-cache"
        ],
        "Location": [
          "https://management.azure.com/subscriptions/0b1f6471-1bf0-4dda-aec3-cb9272f09590/operationresults/eyJqb2JJZCI6IlJFU09VUkNFR1JPVVBERUxFVElPTkpPQi1SR1ZNU1M6MkQyODA1LUVBU1RVUyIsImpvYkxvY2F0aW9uIjoiZWFzdHVzIn0?api-version=2017-05-10"
        ],
        "Retry-After": [
          "15"
        ],
        "x-ms-ratelimit-remaining-subscription-reads": [
          "14991"
        ],
        "x-ms-request-id": [
          "7982bf7d-c195-4649-81e4-d103ab8d6e70"
        ],
        "x-ms-correlation-request-id": [
          "7982bf7d-c195-4649-81e4-d103ab8d6e70"
        ],
        "x-ms-routing-request-id": [
          "WESTUS2:20180414T030846Z:7982bf7d-c195-4649-81e4-d103ab8d6e70"
        ],
        "Strict-Transport-Security": [
          "max-age=31536000; includeSubDomains"
        ],
        "X-Content-Type-Options": [
          "nosniff"
        ]
      },
      "StatusCode": 202
    },
    {
      "RequestUri": "/subscriptions/0b1f6471-1bf0-4dda-aec3-cb9272f09590/operationresults/eyJqb2JJZCI6IlJFU09VUkNFR1JPVVBERUxFVElPTkpPQi1SR1ZNU1M6MkQyODA1LUVBU1RVUyIsImpvYkxvY2F0aW9uIjoiZWFzdHVzIn0?api-version=2017-05-10",
      "EncodedRequestUri": "L3N1YnNjcmlwdGlvbnMvMGIxZjY0NzEtMWJmMC00ZGRhLWFlYzMtY2I5MjcyZjA5NTkwL29wZXJhdGlvbnJlc3VsdHMvZXlKcWIySkpaQ0k2SWxKRlUwOVZVa05GUjFKUFZWQkVSVXhGVkVsUFRrcFBRaTFTUjFaTlUxTTZNa1F5T0RBMUxVVkJVMVJWVXlJc0ltcHZZa3h2WTJGMGFXOXVJam9pWldGemRIVnpJbjA/YXBpLXZlcnNpb249MjAxNy0wNS0xMA==",
      "RequestMethod": "GET",
      "RequestBody": "",
      "RequestHeaders": {
        "User-Agent": [
          "FxVersion/4.6.25211.01",
          "Microsoft.Azure.Management.ResourceManager.Fluent.ResourceManagementClient/1.8.0.0",
          "MacAddressHash/1a7db1f3023c8cc9a72984005b4db786d257d09f868c7e111d4bf514b71b7890"
        ]
      },
      "ResponseBody": "",
      "ResponseHeaders": {
        "Content-Length": [
          "0"
        ],
        "Expires": [
          "-1"
        ],
        "Cache-Control": [
          "no-cache"
        ],
        "Date": [
          "Sat, 14 Apr 2018 03:09:01 GMT"
        ],
        "Pragma": [
          "no-cache"
        ],
        "Location": [
          "https://management.azure.com/subscriptions/0b1f6471-1bf0-4dda-aec3-cb9272f09590/operationresults/eyJqb2JJZCI6IlJFU09VUkNFR1JPVVBERUxFVElPTkpPQi1SR1ZNU1M6MkQyODA1LUVBU1RVUyIsImpvYkxvY2F0aW9uIjoiZWFzdHVzIn0?api-version=2017-05-10"
        ],
        "Retry-After": [
          "15"
        ],
        "x-ms-ratelimit-remaining-subscription-reads": [
          "14990"
        ],
        "x-ms-request-id": [
          "94730f23-d0f1-42f8-bf17-6726825c3f75"
        ],
        "x-ms-correlation-request-id": [
          "94730f23-d0f1-42f8-bf17-6726825c3f75"
        ],
        "x-ms-routing-request-id": [
          "WESTUS2:20180414T030901Z:94730f23-d0f1-42f8-bf17-6726825c3f75"
        ],
        "Strict-Transport-Security": [
          "max-age=31536000; includeSubDomains"
        ],
        "X-Content-Type-Options": [
          "nosniff"
        ]
      },
      "StatusCode": 202
    },
    {
      "RequestUri": "/subscriptions/0b1f6471-1bf0-4dda-aec3-cb9272f09590/operationresults/eyJqb2JJZCI6IlJFU09VUkNFR1JPVVBERUxFVElPTkpPQi1SR1ZNU1M6MkQyODA1LUVBU1RVUyIsImpvYkxvY2F0aW9uIjoiZWFzdHVzIn0?api-version=2017-05-10",
      "EncodedRequestUri": "L3N1YnNjcmlwdGlvbnMvMGIxZjY0NzEtMWJmMC00ZGRhLWFlYzMtY2I5MjcyZjA5NTkwL29wZXJhdGlvbnJlc3VsdHMvZXlKcWIySkpaQ0k2SWxKRlUwOVZVa05GUjFKUFZWQkVSVXhGVkVsUFRrcFBRaTFTUjFaTlUxTTZNa1F5T0RBMUxVVkJVMVJWVXlJc0ltcHZZa3h2WTJGMGFXOXVJam9pWldGemRIVnpJbjA/YXBpLXZlcnNpb249MjAxNy0wNS0xMA==",
      "RequestMethod": "GET",
      "RequestBody": "",
      "RequestHeaders": {
        "User-Agent": [
          "FxVersion/4.6.25211.01",
          "Microsoft.Azure.Management.ResourceManager.Fluent.ResourceManagementClient/1.8.0.0",
          "MacAddressHash/1a7db1f3023c8cc9a72984005b4db786d257d09f868c7e111d4bf514b71b7890"
        ]
      },
      "ResponseBody": "",
      "ResponseHeaders": {
        "Content-Length": [
          "0"
        ],
        "Expires": [
          "-1"
        ],
        "Cache-Control": [
          "no-cache"
        ],
        "Date": [
          "Sat, 14 Apr 2018 03:09:16 GMT"
        ],
        "Pragma": [
          "no-cache"
        ],
        "Location": [
          "https://management.azure.com/subscriptions/0b1f6471-1bf0-4dda-aec3-cb9272f09590/operationresults/eyJqb2JJZCI6IlJFU09VUkNFR1JPVVBERUxFVElPTkpPQi1SR1ZNU1M6MkQyODA1LUVBU1RVUyIsImpvYkxvY2F0aW9uIjoiZWFzdHVzIn0?api-version=2017-05-10"
        ],
        "Retry-After": [
          "15"
        ],
        "x-ms-ratelimit-remaining-subscription-reads": [
          "14989"
        ],
        "x-ms-request-id": [
          "5608c3a1-6f9d-4ec4-bf79-718124f046d0"
        ],
        "x-ms-correlation-request-id": [
          "5608c3a1-6f9d-4ec4-bf79-718124f046d0"
        ],
        "x-ms-routing-request-id": [
          "WESTUS2:20180414T030917Z:5608c3a1-6f9d-4ec4-bf79-718124f046d0"
        ],
        "Strict-Transport-Security": [
          "max-age=31536000; includeSubDomains"
        ],
        "X-Content-Type-Options": [
          "nosniff"
        ]
      },
      "StatusCode": 202
    },
    {
      "RequestUri": "/subscriptions/0b1f6471-1bf0-4dda-aec3-cb9272f09590/operationresults/eyJqb2JJZCI6IlJFU09VUkNFR1JPVVBERUxFVElPTkpPQi1SR1ZNU1M6MkQyODA1LUVBU1RVUyIsImpvYkxvY2F0aW9uIjoiZWFzdHVzIn0?api-version=2017-05-10",
      "EncodedRequestUri": "L3N1YnNjcmlwdGlvbnMvMGIxZjY0NzEtMWJmMC00ZGRhLWFlYzMtY2I5MjcyZjA5NTkwL29wZXJhdGlvbnJlc3VsdHMvZXlKcWIySkpaQ0k2SWxKRlUwOVZVa05GUjFKUFZWQkVSVXhGVkVsUFRrcFBRaTFTUjFaTlUxTTZNa1F5T0RBMUxVVkJVMVJWVXlJc0ltcHZZa3h2WTJGMGFXOXVJam9pWldGemRIVnpJbjA/YXBpLXZlcnNpb249MjAxNy0wNS0xMA==",
      "RequestMethod": "GET",
      "RequestBody": "",
      "RequestHeaders": {
        "User-Agent": [
          "FxVersion/4.6.25211.01",
          "Microsoft.Azure.Management.ResourceManager.Fluent.ResourceManagementClient/1.8.0.0",
          "MacAddressHash/1a7db1f3023c8cc9a72984005b4db786d257d09f868c7e111d4bf514b71b7890"
        ]
      },
      "ResponseBody": "",
      "ResponseHeaders": {
        "Content-Length": [
          "0"
        ],
        "Expires": [
          "-1"
        ],
        "Cache-Control": [
          "no-cache"
        ],
        "Date": [
          "Sat, 14 Apr 2018 03:09:31 GMT"
        ],
        "Pragma": [
          "no-cache"
        ],
        "Location": [
          "https://management.azure.com/subscriptions/0b1f6471-1bf0-4dda-aec3-cb9272f09590/operationresults/eyJqb2JJZCI6IlJFU09VUkNFR1JPVVBERUxFVElPTkpPQi1SR1ZNU1M6MkQyODA1LUVBU1RVUyIsImpvYkxvY2F0aW9uIjoiZWFzdHVzIn0?api-version=2017-05-10"
        ],
        "Retry-After": [
          "15"
        ],
        "x-ms-ratelimit-remaining-subscription-reads": [
          "14988"
        ],
        "x-ms-request-id": [
          "e3ddff05-7dc3-4ede-b1be-d4804a1003c6"
        ],
        "x-ms-correlation-request-id": [
          "e3ddff05-7dc3-4ede-b1be-d4804a1003c6"
        ],
        "x-ms-routing-request-id": [
          "WESTUS2:20180414T030932Z:e3ddff05-7dc3-4ede-b1be-d4804a1003c6"
        ],
        "Strict-Transport-Security": [
          "max-age=31536000; includeSubDomains"
        ],
        "X-Content-Type-Options": [
          "nosniff"
        ]
      },
      "StatusCode": 202
    },
    {
      "RequestUri": "/subscriptions/0b1f6471-1bf0-4dda-aec3-cb9272f09590/operationresults/eyJqb2JJZCI6IlJFU09VUkNFR1JPVVBERUxFVElPTkpPQi1SR1ZNU1M6MkQyODA1LUVBU1RVUyIsImpvYkxvY2F0aW9uIjoiZWFzdHVzIn0?api-version=2017-05-10",
      "EncodedRequestUri": "L3N1YnNjcmlwdGlvbnMvMGIxZjY0NzEtMWJmMC00ZGRhLWFlYzMtY2I5MjcyZjA5NTkwL29wZXJhdGlvbnJlc3VsdHMvZXlKcWIySkpaQ0k2SWxKRlUwOVZVa05GUjFKUFZWQkVSVXhGVkVsUFRrcFBRaTFTUjFaTlUxTTZNa1F5T0RBMUxVVkJVMVJWVXlJc0ltcHZZa3h2WTJGMGFXOXVJam9pWldGemRIVnpJbjA/YXBpLXZlcnNpb249MjAxNy0wNS0xMA==",
      "RequestMethod": "GET",
      "RequestBody": "",
      "RequestHeaders": {
        "User-Agent": [
          "FxVersion/4.6.25211.01",
          "Microsoft.Azure.Management.ResourceManager.Fluent.ResourceManagementClient/1.8.0.0",
          "MacAddressHash/1a7db1f3023c8cc9a72984005b4db786d257d09f868c7e111d4bf514b71b7890"
        ]
      },
      "ResponseBody": "",
      "ResponseHeaders": {
        "Content-Length": [
          "0"
        ],
        "Expires": [
          "-1"
        ],
        "Cache-Control": [
          "no-cache"
        ],
        "Date": [
          "Sat, 14 Apr 2018 03:09:46 GMT"
        ],
        "Pragma": [
          "no-cache"
        ],
        "Location": [
          "https://management.azure.com/subscriptions/0b1f6471-1bf0-4dda-aec3-cb9272f09590/operationresults/eyJqb2JJZCI6IlJFU09VUkNFR1JPVVBERUxFVElPTkpPQi1SR1ZNU1M6MkQyODA1LUVBU1RVUyIsImpvYkxvY2F0aW9uIjoiZWFzdHVzIn0?api-version=2017-05-10"
        ],
        "Retry-After": [
          "15"
        ],
        "x-ms-ratelimit-remaining-subscription-reads": [
          "14987"
        ],
        "x-ms-request-id": [
          "537207dd-36a5-4c61-a489-fe17cce55b0f"
        ],
        "x-ms-correlation-request-id": [
          "537207dd-36a5-4c61-a489-fe17cce55b0f"
        ],
        "x-ms-routing-request-id": [
          "WESTUS2:20180414T030947Z:537207dd-36a5-4c61-a489-fe17cce55b0f"
        ],
        "Strict-Transport-Security": [
          "max-age=31536000; includeSubDomains"
        ],
        "X-Content-Type-Options": [
          "nosniff"
        ]
      },
      "StatusCode": 202
    },
    {
      "RequestUri": "/subscriptions/0b1f6471-1bf0-4dda-aec3-cb9272f09590/operationresults/eyJqb2JJZCI6IlJFU09VUkNFR1JPVVBERUxFVElPTkpPQi1SR1ZNU1M6MkQyODA1LUVBU1RVUyIsImpvYkxvY2F0aW9uIjoiZWFzdHVzIn0?api-version=2017-05-10",
      "EncodedRequestUri": "L3N1YnNjcmlwdGlvbnMvMGIxZjY0NzEtMWJmMC00ZGRhLWFlYzMtY2I5MjcyZjA5NTkwL29wZXJhdGlvbnJlc3VsdHMvZXlKcWIySkpaQ0k2SWxKRlUwOVZVa05GUjFKUFZWQkVSVXhGVkVsUFRrcFBRaTFTUjFaTlUxTTZNa1F5T0RBMUxVVkJVMVJWVXlJc0ltcHZZa3h2WTJGMGFXOXVJam9pWldGemRIVnpJbjA/YXBpLXZlcnNpb249MjAxNy0wNS0xMA==",
      "RequestMethod": "GET",
      "RequestBody": "",
      "RequestHeaders": {
        "User-Agent": [
          "FxVersion/4.6.25211.01",
          "Microsoft.Azure.Management.ResourceManager.Fluent.ResourceManagementClient/1.8.0.0",
          "MacAddressHash/1a7db1f3023c8cc9a72984005b4db786d257d09f868c7e111d4bf514b71b7890"
        ]
      },
      "ResponseBody": "",
      "ResponseHeaders": {
        "Content-Length": [
          "0"
        ],
        "Expires": [
          "-1"
        ],
        "Cache-Control": [
          "no-cache"
        ],
        "Date": [
          "Sat, 14 Apr 2018 03:10:02 GMT"
        ],
        "Pragma": [
          "no-cache"
        ],
        "Location": [
          "https://management.azure.com/subscriptions/0b1f6471-1bf0-4dda-aec3-cb9272f09590/operationresults/eyJqb2JJZCI6IlJFU09VUkNFR1JPVVBERUxFVElPTkpPQi1SR1ZNU1M6MkQyODA1LUVBU1RVUyIsImpvYkxvY2F0aW9uIjoiZWFzdHVzIn0?api-version=2017-05-10"
        ],
        "Retry-After": [
          "15"
        ],
        "x-ms-ratelimit-remaining-subscription-reads": [
          "14986"
        ],
        "x-ms-request-id": [
          "6bd37874-3ace-4fab-9a6c-64586944aea7"
        ],
        "x-ms-correlation-request-id": [
          "6bd37874-3ace-4fab-9a6c-64586944aea7"
        ],
        "x-ms-routing-request-id": [
          "WESTUS2:20180414T031002Z:6bd37874-3ace-4fab-9a6c-64586944aea7"
        ],
        "Strict-Transport-Security": [
          "max-age=31536000; includeSubDomains"
        ],
        "X-Content-Type-Options": [
          "nosniff"
        ]
      },
      "StatusCode": 202
    },
    {
      "RequestUri": "/subscriptions/0b1f6471-1bf0-4dda-aec3-cb9272f09590/operationresults/eyJqb2JJZCI6IlJFU09VUkNFR1JPVVBERUxFVElPTkpPQi1SR1ZNU1M6MkQyODA1LUVBU1RVUyIsImpvYkxvY2F0aW9uIjoiZWFzdHVzIn0?api-version=2017-05-10",
      "EncodedRequestUri": "L3N1YnNjcmlwdGlvbnMvMGIxZjY0NzEtMWJmMC00ZGRhLWFlYzMtY2I5MjcyZjA5NTkwL29wZXJhdGlvbnJlc3VsdHMvZXlKcWIySkpaQ0k2SWxKRlUwOVZVa05GUjFKUFZWQkVSVXhGVkVsUFRrcFBRaTFTUjFaTlUxTTZNa1F5T0RBMUxVVkJVMVJWVXlJc0ltcHZZa3h2WTJGMGFXOXVJam9pWldGemRIVnpJbjA/YXBpLXZlcnNpb249MjAxNy0wNS0xMA==",
      "RequestMethod": "GET",
      "RequestBody": "",
      "RequestHeaders": {
        "User-Agent": [
          "FxVersion/4.6.25211.01",
          "Microsoft.Azure.Management.ResourceManager.Fluent.ResourceManagementClient/1.8.0.0",
          "MacAddressHash/1a7db1f3023c8cc9a72984005b4db786d257d09f868c7e111d4bf514b71b7890"
        ]
      },
      "ResponseBody": "",
      "ResponseHeaders": {
        "Content-Length": [
          "0"
        ],
        "Expires": [
          "-1"
        ],
        "Cache-Control": [
          "no-cache"
        ],
        "Date": [
          "Sat, 14 Apr 2018 03:10:17 GMT"
        ],
        "Pragma": [
          "no-cache"
        ],
        "Location": [
          "https://management.azure.com/subscriptions/0b1f6471-1bf0-4dda-aec3-cb9272f09590/operationresults/eyJqb2JJZCI6IlJFU09VUkNFR1JPVVBERUxFVElPTkpPQi1SR1ZNU1M6MkQyODA1LUVBU1RVUyIsImpvYkxvY2F0aW9uIjoiZWFzdHVzIn0?api-version=2017-05-10"
        ],
        "Retry-After": [
          "15"
        ],
        "x-ms-ratelimit-remaining-subscription-reads": [
          "14985"
        ],
        "x-ms-request-id": [
          "0d022dae-3249-4126-bcb0-b7275882d464"
        ],
        "x-ms-correlation-request-id": [
          "0d022dae-3249-4126-bcb0-b7275882d464"
        ],
        "x-ms-routing-request-id": [
          "WESTUS2:20180414T031017Z:0d022dae-3249-4126-bcb0-b7275882d464"
        ],
        "Strict-Transport-Security": [
          "max-age=31536000; includeSubDomains"
        ],
        "X-Content-Type-Options": [
          "nosniff"
        ]
      },
      "StatusCode": 202
    },
    {
      "RequestUri": "/subscriptions/0b1f6471-1bf0-4dda-aec3-cb9272f09590/operationresults/eyJqb2JJZCI6IlJFU09VUkNFR1JPVVBERUxFVElPTkpPQi1SR1ZNU1M6MkQyODA1LUVBU1RVUyIsImpvYkxvY2F0aW9uIjoiZWFzdHVzIn0?api-version=2017-05-10",
      "EncodedRequestUri": "L3N1YnNjcmlwdGlvbnMvMGIxZjY0NzEtMWJmMC00ZGRhLWFlYzMtY2I5MjcyZjA5NTkwL29wZXJhdGlvbnJlc3VsdHMvZXlKcWIySkpaQ0k2SWxKRlUwOVZVa05GUjFKUFZWQkVSVXhGVkVsUFRrcFBRaTFTUjFaTlUxTTZNa1F5T0RBMUxVVkJVMVJWVXlJc0ltcHZZa3h2WTJGMGFXOXVJam9pWldGemRIVnpJbjA/YXBpLXZlcnNpb249MjAxNy0wNS0xMA==",
      "RequestMethod": "GET",
      "RequestBody": "",
      "RequestHeaders": {
        "User-Agent": [
          "FxVersion/4.6.25211.01",
          "Microsoft.Azure.Management.ResourceManager.Fluent.ResourceManagementClient/1.8.0.0",
          "MacAddressHash/1a7db1f3023c8cc9a72984005b4db786d257d09f868c7e111d4bf514b71b7890"
        ]
      },
      "ResponseBody": "",
      "ResponseHeaders": {
        "Content-Length": [
          "0"
        ],
        "Expires": [
          "-1"
        ],
        "Cache-Control": [
          "no-cache"
        ],
        "Date": [
          "Sat, 14 Apr 2018 03:10:32 GMT"
        ],
        "Pragma": [
          "no-cache"
        ],
        "Location": [
          "https://management.azure.com/subscriptions/0b1f6471-1bf0-4dda-aec3-cb9272f09590/operationresults/eyJqb2JJZCI6IlJFU09VUkNFR1JPVVBERUxFVElPTkpPQi1SR1ZNU1M6MkQyODA1LUVBU1RVUyIsImpvYkxvY2F0aW9uIjoiZWFzdHVzIn0?api-version=2017-05-10"
        ],
        "Retry-After": [
          "15"
        ],
        "x-ms-ratelimit-remaining-subscription-reads": [
          "14984"
        ],
        "x-ms-request-id": [
          "cca058f1-8aa4-46ec-bdbe-c47c5349b7e3"
        ],
        "x-ms-correlation-request-id": [
          "cca058f1-8aa4-46ec-bdbe-c47c5349b7e3"
        ],
        "x-ms-routing-request-id": [
          "WESTUS2:20180414T031033Z:cca058f1-8aa4-46ec-bdbe-c47c5349b7e3"
        ],
        "Strict-Transport-Security": [
          "max-age=31536000; includeSubDomains"
        ],
        "X-Content-Type-Options": [
          "nosniff"
        ]
      },
      "StatusCode": 202
    },
    {
      "RequestUri": "/subscriptions/0b1f6471-1bf0-4dda-aec3-cb9272f09590/operationresults/eyJqb2JJZCI6IlJFU09VUkNFR1JPVVBERUxFVElPTkpPQi1SR1ZNU1M6MkQyODA1LUVBU1RVUyIsImpvYkxvY2F0aW9uIjoiZWFzdHVzIn0?api-version=2017-05-10",
      "EncodedRequestUri": "L3N1YnNjcmlwdGlvbnMvMGIxZjY0NzEtMWJmMC00ZGRhLWFlYzMtY2I5MjcyZjA5NTkwL29wZXJhdGlvbnJlc3VsdHMvZXlKcWIySkpaQ0k2SWxKRlUwOVZVa05GUjFKUFZWQkVSVXhGVkVsUFRrcFBRaTFTUjFaTlUxTTZNa1F5T0RBMUxVVkJVMVJWVXlJc0ltcHZZa3h2WTJGMGFXOXVJam9pWldGemRIVnpJbjA/YXBpLXZlcnNpb249MjAxNy0wNS0xMA==",
      "RequestMethod": "GET",
      "RequestBody": "",
      "RequestHeaders": {
        "User-Agent": [
          "FxVersion/4.6.25211.01",
          "Microsoft.Azure.Management.ResourceManager.Fluent.ResourceManagementClient/1.8.0.0",
          "MacAddressHash/1a7db1f3023c8cc9a72984005b4db786d257d09f868c7e111d4bf514b71b7890"
        ]
      },
      "ResponseBody": "",
      "ResponseHeaders": {
        "Content-Length": [
          "0"
        ],
        "Expires": [
          "-1"
        ],
        "Cache-Control": [
          "no-cache"
        ],
        "Date": [
          "Sat, 14 Apr 2018 03:10:48 GMT"
        ],
        "Pragma": [
          "no-cache"
        ],
        "Location": [
          "https://management.azure.com/subscriptions/0b1f6471-1bf0-4dda-aec3-cb9272f09590/operationresults/eyJqb2JJZCI6IlJFU09VUkNFR1JPVVBERUxFVElPTkpPQi1SR1ZNU1M6MkQyODA1LUVBU1RVUyIsImpvYkxvY2F0aW9uIjoiZWFzdHVzIn0?api-version=2017-05-10"
        ],
        "Retry-After": [
          "15"
        ],
        "x-ms-ratelimit-remaining-subscription-reads": [
          "14983"
        ],
        "x-ms-request-id": [
          "9280af1c-1aed-443d-8da9-849d44ed1ad2"
        ],
        "x-ms-correlation-request-id": [
          "9280af1c-1aed-443d-8da9-849d44ed1ad2"
        ],
        "x-ms-routing-request-id": [
          "WESTUS2:20180414T031048Z:9280af1c-1aed-443d-8da9-849d44ed1ad2"
        ],
        "Strict-Transport-Security": [
          "max-age=31536000; includeSubDomains"
        ],
        "X-Content-Type-Options": [
          "nosniff"
        ]
      },
      "StatusCode": 202
    },
    {
      "RequestUri": "/subscriptions/0b1f6471-1bf0-4dda-aec3-cb9272f09590/operationresults/eyJqb2JJZCI6IlJFU09VUkNFR1JPVVBERUxFVElPTkpPQi1SR1ZNU1M6MkQyODA1LUVBU1RVUyIsImpvYkxvY2F0aW9uIjoiZWFzdHVzIn0?api-version=2017-05-10",
      "EncodedRequestUri": "L3N1YnNjcmlwdGlvbnMvMGIxZjY0NzEtMWJmMC00ZGRhLWFlYzMtY2I5MjcyZjA5NTkwL29wZXJhdGlvbnJlc3VsdHMvZXlKcWIySkpaQ0k2SWxKRlUwOVZVa05GUjFKUFZWQkVSVXhGVkVsUFRrcFBRaTFTUjFaTlUxTTZNa1F5T0RBMUxVVkJVMVJWVXlJc0ltcHZZa3h2WTJGMGFXOXVJam9pWldGemRIVnpJbjA/YXBpLXZlcnNpb249MjAxNy0wNS0xMA==",
      "RequestMethod": "GET",
      "RequestBody": "",
      "RequestHeaders": {
        "User-Agent": [
          "FxVersion/4.6.25211.01",
          "Microsoft.Azure.Management.ResourceManager.Fluent.ResourceManagementClient/1.8.0.0",
          "MacAddressHash/1a7db1f3023c8cc9a72984005b4db786d257d09f868c7e111d4bf514b71b7890"
        ]
      },
      "ResponseBody": "",
      "ResponseHeaders": {
        "Content-Length": [
          "0"
        ],
        "Expires": [
          "-1"
        ],
        "Cache-Control": [
          "no-cache"
        ],
        "Date": [
          "Sat, 14 Apr 2018 03:11:02 GMT"
        ],
        "Pragma": [
          "no-cache"
        ],
        "Location": [
          "https://management.azure.com/subscriptions/0b1f6471-1bf0-4dda-aec3-cb9272f09590/operationresults/eyJqb2JJZCI6IlJFU09VUkNFR1JPVVBERUxFVElPTkpPQi1SR1ZNU1M6MkQyODA1LUVBU1RVUyIsImpvYkxvY2F0aW9uIjoiZWFzdHVzIn0?api-version=2017-05-10"
        ],
        "Retry-After": [
          "15"
        ],
        "x-ms-ratelimit-remaining-subscription-reads": [
          "14982"
        ],
        "x-ms-request-id": [
          "addc239e-a38a-4900-80ad-e647a679ab40"
        ],
        "x-ms-correlation-request-id": [
          "addc239e-a38a-4900-80ad-e647a679ab40"
        ],
        "x-ms-routing-request-id": [
          "WESTUS2:20180414T031103Z:addc239e-a38a-4900-80ad-e647a679ab40"
        ],
        "Strict-Transport-Security": [
          "max-age=31536000; includeSubDomains"
        ],
        "X-Content-Type-Options": [
          "nosniff"
        ]
      },
      "StatusCode": 202
    },
    {
      "RequestUri": "/subscriptions/0b1f6471-1bf0-4dda-aec3-cb9272f09590/operationresults/eyJqb2JJZCI6IlJFU09VUkNFR1JPVVBERUxFVElPTkpPQi1SR1ZNU1M6MkQyODA1LUVBU1RVUyIsImpvYkxvY2F0aW9uIjoiZWFzdHVzIn0?api-version=2017-05-10",
      "EncodedRequestUri": "L3N1YnNjcmlwdGlvbnMvMGIxZjY0NzEtMWJmMC00ZGRhLWFlYzMtY2I5MjcyZjA5NTkwL29wZXJhdGlvbnJlc3VsdHMvZXlKcWIySkpaQ0k2SWxKRlUwOVZVa05GUjFKUFZWQkVSVXhGVkVsUFRrcFBRaTFTUjFaTlUxTTZNa1F5T0RBMUxVVkJVMVJWVXlJc0ltcHZZa3h2WTJGMGFXOXVJam9pWldGemRIVnpJbjA/YXBpLXZlcnNpb249MjAxNy0wNS0xMA==",
      "RequestMethod": "GET",
      "RequestBody": "",
      "RequestHeaders": {
        "User-Agent": [
          "FxVersion/4.6.25211.01",
          "Microsoft.Azure.Management.ResourceManager.Fluent.ResourceManagementClient/1.8.0.0",
          "MacAddressHash/1a7db1f3023c8cc9a72984005b4db786d257d09f868c7e111d4bf514b71b7890"
        ]
      },
      "ResponseBody": "",
      "ResponseHeaders": {
        "Content-Length": [
          "0"
        ],
        "Expires": [
          "-1"
        ],
        "Cache-Control": [
          "no-cache"
        ],
        "Date": [
          "Sat, 14 Apr 2018 03:11:18 GMT"
        ],
        "Pragma": [
          "no-cache"
        ],
        "Location": [
          "https://management.azure.com/subscriptions/0b1f6471-1bf0-4dda-aec3-cb9272f09590/operationresults/eyJqb2JJZCI6IlJFU09VUkNFR1JPVVBERUxFVElPTkpPQi1SR1ZNU1M6MkQyODA1LUVBU1RVUyIsImpvYkxvY2F0aW9uIjoiZWFzdHVzIn0?api-version=2017-05-10"
        ],
        "Retry-After": [
          "15"
        ],
        "x-ms-ratelimit-remaining-subscription-reads": [
          "14981"
        ],
        "x-ms-request-id": [
          "781339f7-fbe7-47b6-bc84-62c68be53c9e"
        ],
        "x-ms-correlation-request-id": [
          "781339f7-fbe7-47b6-bc84-62c68be53c9e"
        ],
        "x-ms-routing-request-id": [
          "WESTUS2:20180414T031118Z:781339f7-fbe7-47b6-bc84-62c68be53c9e"
        ],
        "Strict-Transport-Security": [
          "max-age=31536000; includeSubDomains"
        ],
        "X-Content-Type-Options": [
          "nosniff"
        ]
      },
      "StatusCode": 202
    },
    {
      "RequestUri": "/subscriptions/0b1f6471-1bf0-4dda-aec3-cb9272f09590/operationresults/eyJqb2JJZCI6IlJFU09VUkNFR1JPVVBERUxFVElPTkpPQi1SR1ZNU1M6MkQyODA1LUVBU1RVUyIsImpvYkxvY2F0aW9uIjoiZWFzdHVzIn0?api-version=2017-05-10",
      "EncodedRequestUri": "L3N1YnNjcmlwdGlvbnMvMGIxZjY0NzEtMWJmMC00ZGRhLWFlYzMtY2I5MjcyZjA5NTkwL29wZXJhdGlvbnJlc3VsdHMvZXlKcWIySkpaQ0k2SWxKRlUwOVZVa05GUjFKUFZWQkVSVXhGVkVsUFRrcFBRaTFTUjFaTlUxTTZNa1F5T0RBMUxVVkJVMVJWVXlJc0ltcHZZa3h2WTJGMGFXOXVJam9pWldGemRIVnpJbjA/YXBpLXZlcnNpb249MjAxNy0wNS0xMA==",
      "RequestMethod": "GET",
      "RequestBody": "",
      "RequestHeaders": {
        "User-Agent": [
          "FxVersion/4.6.25211.01",
          "Microsoft.Azure.Management.ResourceManager.Fluent.ResourceManagementClient/1.8.0.0",
          "MacAddressHash/1a7db1f3023c8cc9a72984005b4db786d257d09f868c7e111d4bf514b71b7890"
        ]
      },
      "ResponseBody": "",
      "ResponseHeaders": {
        "Content-Length": [
          "0"
        ],
        "Expires": [
          "-1"
        ],
        "Cache-Control": [
          "no-cache"
        ],
        "Date": [
          "Sat, 14 Apr 2018 03:11:33 GMT"
        ],
        "Pragma": [
          "no-cache"
        ],
        "Location": [
          "https://management.azure.com/subscriptions/0b1f6471-1bf0-4dda-aec3-cb9272f09590/operationresults/eyJqb2JJZCI6IlJFU09VUkNFR1JPVVBERUxFVElPTkpPQi1SR1ZNU1M6MkQyODA1LUVBU1RVUyIsImpvYkxvY2F0aW9uIjoiZWFzdHVzIn0?api-version=2017-05-10"
        ],
        "Retry-After": [
          "15"
        ],
        "x-ms-ratelimit-remaining-subscription-reads": [
          "14980"
        ],
        "x-ms-request-id": [
          "11f38e5f-11cd-4520-9a55-6bbd690ca0d4"
        ],
        "x-ms-correlation-request-id": [
          "11f38e5f-11cd-4520-9a55-6bbd690ca0d4"
        ],
        "x-ms-routing-request-id": [
          "WESTUS2:20180414T031133Z:11f38e5f-11cd-4520-9a55-6bbd690ca0d4"
        ],
        "Strict-Transport-Security": [
          "max-age=31536000; includeSubDomains"
        ],
        "X-Content-Type-Options": [
          "nosniff"
        ]
      },
      "StatusCode": 202
    },
    {
      "RequestUri": "/subscriptions/0b1f6471-1bf0-4dda-aec3-cb9272f09590/operationresults/eyJqb2JJZCI6IlJFU09VUkNFR1JPVVBERUxFVElPTkpPQi1SR1ZNU1M6MkQyODA1LUVBU1RVUyIsImpvYkxvY2F0aW9uIjoiZWFzdHVzIn0?api-version=2017-05-10",
      "EncodedRequestUri": "L3N1YnNjcmlwdGlvbnMvMGIxZjY0NzEtMWJmMC00ZGRhLWFlYzMtY2I5MjcyZjA5NTkwL29wZXJhdGlvbnJlc3VsdHMvZXlKcWIySkpaQ0k2SWxKRlUwOVZVa05GUjFKUFZWQkVSVXhGVkVsUFRrcFBRaTFTUjFaTlUxTTZNa1F5T0RBMUxVVkJVMVJWVXlJc0ltcHZZa3h2WTJGMGFXOXVJam9pWldGemRIVnpJbjA/YXBpLXZlcnNpb249MjAxNy0wNS0xMA==",
      "RequestMethod": "GET",
      "RequestBody": "",
      "RequestHeaders": {
        "User-Agent": [
          "FxVersion/4.6.25211.01",
          "Microsoft.Azure.Management.ResourceManager.Fluent.ResourceManagementClient/1.8.0.0",
          "MacAddressHash/1a7db1f3023c8cc9a72984005b4db786d257d09f868c7e111d4bf514b71b7890"
        ]
      },
      "ResponseBody": "",
      "ResponseHeaders": {
        "Content-Length": [
          "0"
        ],
        "Expires": [
          "-1"
        ],
        "Cache-Control": [
          "no-cache"
        ],
        "Date": [
          "Sat, 14 Apr 2018 03:11:48 GMT"
        ],
        "Pragma": [
          "no-cache"
        ],
        "Location": [
          "https://management.azure.com/subscriptions/0b1f6471-1bf0-4dda-aec3-cb9272f09590/operationresults/eyJqb2JJZCI6IlJFU09VUkNFR1JPVVBERUxFVElPTkpPQi1SR1ZNU1M6MkQyODA1LUVBU1RVUyIsImpvYkxvY2F0aW9uIjoiZWFzdHVzIn0?api-version=2017-05-10"
        ],
        "Retry-After": [
          "15"
        ],
        "x-ms-ratelimit-remaining-subscription-reads": [
          "14979"
        ],
        "x-ms-request-id": [
          "1ee8e93a-4051-47f1-85f5-26cdaf5d4fa9"
        ],
        "x-ms-correlation-request-id": [
          "1ee8e93a-4051-47f1-85f5-26cdaf5d4fa9"
        ],
        "x-ms-routing-request-id": [
          "WESTUS2:20180414T031148Z:1ee8e93a-4051-47f1-85f5-26cdaf5d4fa9"
        ],
        "Strict-Transport-Security": [
          "max-age=31536000; includeSubDomains"
        ],
        "X-Content-Type-Options": [
          "nosniff"
        ]
      },
      "StatusCode": 202
    },
    {
      "RequestUri": "/subscriptions/0b1f6471-1bf0-4dda-aec3-cb9272f09590/operationresults/eyJqb2JJZCI6IlJFU09VUkNFR1JPVVBERUxFVElPTkpPQi1SR1ZNU1M6MkQyODA1LUVBU1RVUyIsImpvYkxvY2F0aW9uIjoiZWFzdHVzIn0?api-version=2017-05-10",
      "EncodedRequestUri": "L3N1YnNjcmlwdGlvbnMvMGIxZjY0NzEtMWJmMC00ZGRhLWFlYzMtY2I5MjcyZjA5NTkwL29wZXJhdGlvbnJlc3VsdHMvZXlKcWIySkpaQ0k2SWxKRlUwOVZVa05GUjFKUFZWQkVSVXhGVkVsUFRrcFBRaTFTUjFaTlUxTTZNa1F5T0RBMUxVVkJVMVJWVXlJc0ltcHZZa3h2WTJGMGFXOXVJam9pWldGemRIVnpJbjA/YXBpLXZlcnNpb249MjAxNy0wNS0xMA==",
      "RequestMethod": "GET",
      "RequestBody": "",
      "RequestHeaders": {
        "User-Agent": [
          "FxVersion/4.6.25211.01",
          "Microsoft.Azure.Management.ResourceManager.Fluent.ResourceManagementClient/1.8.0.0",
          "MacAddressHash/1a7db1f3023c8cc9a72984005b4db786d257d09f868c7e111d4bf514b71b7890"
        ]
      },
      "ResponseBody": "",
      "ResponseHeaders": {
        "Content-Length": [
          "0"
        ],
        "Expires": [
          "-1"
        ],
        "Cache-Control": [
          "no-cache"
        ],
        "Date": [
          "Sat, 14 Apr 2018 03:12:03 GMT"
        ],
        "Pragma": [
          "no-cache"
        ],
        "Location": [
          "https://management.azure.com/subscriptions/0b1f6471-1bf0-4dda-aec3-cb9272f09590/operationresults/eyJqb2JJZCI6IlJFU09VUkNFR1JPVVBERUxFVElPTkpPQi1SR1ZNU1M6MkQyODA1LUVBU1RVUyIsImpvYkxvY2F0aW9uIjoiZWFzdHVzIn0?api-version=2017-05-10"
        ],
        "Retry-After": [
          "15"
        ],
        "x-ms-ratelimit-remaining-subscription-reads": [
          "14978"
        ],
        "x-ms-request-id": [
          "b9033f1d-c0c5-438b-a3a1-b812e7b51786"
        ],
        "x-ms-correlation-request-id": [
          "b9033f1d-c0c5-438b-a3a1-b812e7b51786"
        ],
        "x-ms-routing-request-id": [
          "WESTUS2:20180414T031204Z:b9033f1d-c0c5-438b-a3a1-b812e7b51786"
        ],
        "Strict-Transport-Security": [
          "max-age=31536000; includeSubDomains"
        ],
        "X-Content-Type-Options": [
          "nosniff"
        ]
      },
      "StatusCode": 202
    },
    {
      "RequestUri": "/subscriptions/0b1f6471-1bf0-4dda-aec3-cb9272f09590/operationresults/eyJqb2JJZCI6IlJFU09VUkNFR1JPVVBERUxFVElPTkpPQi1SR1ZNU1M6MkQyODA1LUVBU1RVUyIsImpvYkxvY2F0aW9uIjoiZWFzdHVzIn0?api-version=2017-05-10",
      "EncodedRequestUri": "L3N1YnNjcmlwdGlvbnMvMGIxZjY0NzEtMWJmMC00ZGRhLWFlYzMtY2I5MjcyZjA5NTkwL29wZXJhdGlvbnJlc3VsdHMvZXlKcWIySkpaQ0k2SWxKRlUwOVZVa05GUjFKUFZWQkVSVXhGVkVsUFRrcFBRaTFTUjFaTlUxTTZNa1F5T0RBMUxVVkJVMVJWVXlJc0ltcHZZa3h2WTJGMGFXOXVJam9pWldGemRIVnpJbjA/YXBpLXZlcnNpb249MjAxNy0wNS0xMA==",
      "RequestMethod": "GET",
      "RequestBody": "",
      "RequestHeaders": {
        "User-Agent": [
          "FxVersion/4.6.25211.01",
          "Microsoft.Azure.Management.ResourceManager.Fluent.ResourceManagementClient/1.8.0.0",
          "MacAddressHash/1a7db1f3023c8cc9a72984005b4db786d257d09f868c7e111d4bf514b71b7890"
        ]
      },
      "ResponseBody": "",
      "ResponseHeaders": {
        "Content-Length": [
          "0"
        ],
        "Expires": [
          "-1"
        ],
        "Cache-Control": [
          "no-cache"
        ],
        "Date": [
          "Sat, 14 Apr 2018 03:12:18 GMT"
        ],
        "Pragma": [
          "no-cache"
        ],
        "Location": [
          "https://management.azure.com/subscriptions/0b1f6471-1bf0-4dda-aec3-cb9272f09590/operationresults/eyJqb2JJZCI6IlJFU09VUkNFR1JPVVBERUxFVElPTkpPQi1SR1ZNU1M6MkQyODA1LUVBU1RVUyIsImpvYkxvY2F0aW9uIjoiZWFzdHVzIn0?api-version=2017-05-10"
        ],
        "Retry-After": [
          "15"
        ],
        "x-ms-ratelimit-remaining-subscription-reads": [
          "14977"
        ],
        "x-ms-request-id": [
          "d2c1a62f-8006-44d7-8af5-07d736fdde15"
        ],
        "x-ms-correlation-request-id": [
          "d2c1a62f-8006-44d7-8af5-07d736fdde15"
        ],
        "x-ms-routing-request-id": [
          "WESTUS2:20180414T031219Z:d2c1a62f-8006-44d7-8af5-07d736fdde15"
        ],
        "Strict-Transport-Security": [
          "max-age=31536000; includeSubDomains"
        ],
        "X-Content-Type-Options": [
          "nosniff"
        ]
      },
      "StatusCode": 202
    },
    {
      "RequestUri": "/subscriptions/0b1f6471-1bf0-4dda-aec3-cb9272f09590/operationresults/eyJqb2JJZCI6IlJFU09VUkNFR1JPVVBERUxFVElPTkpPQi1SR1ZNU1M6MkQyODA1LUVBU1RVUyIsImpvYkxvY2F0aW9uIjoiZWFzdHVzIn0?api-version=2017-05-10",
      "EncodedRequestUri": "L3N1YnNjcmlwdGlvbnMvMGIxZjY0NzEtMWJmMC00ZGRhLWFlYzMtY2I5MjcyZjA5NTkwL29wZXJhdGlvbnJlc3VsdHMvZXlKcWIySkpaQ0k2SWxKRlUwOVZVa05GUjFKUFZWQkVSVXhGVkVsUFRrcFBRaTFTUjFaTlUxTTZNa1F5T0RBMUxVVkJVMVJWVXlJc0ltcHZZa3h2WTJGMGFXOXVJam9pWldGemRIVnpJbjA/YXBpLXZlcnNpb249MjAxNy0wNS0xMA==",
      "RequestMethod": "GET",
      "RequestBody": "",
      "RequestHeaders": {
        "User-Agent": [
          "FxVersion/4.6.25211.01",
          "Microsoft.Azure.Management.ResourceManager.Fluent.ResourceManagementClient/1.8.0.0",
          "MacAddressHash/1a7db1f3023c8cc9a72984005b4db786d257d09f868c7e111d4bf514b71b7890"
        ]
      },
      "ResponseBody": "",
      "ResponseHeaders": {
        "Content-Length": [
          "0"
        ],
        "Expires": [
          "-1"
        ],
        "Cache-Control": [
          "no-cache"
        ],
        "Date": [
          "Sat, 14 Apr 2018 03:12:34 GMT"
        ],
        "Pragma": [
          "no-cache"
        ],
        "Location": [
          "https://management.azure.com/subscriptions/0b1f6471-1bf0-4dda-aec3-cb9272f09590/operationresults/eyJqb2JJZCI6IlJFU09VUkNFR1JPVVBERUxFVElPTkpPQi1SR1ZNU1M6MkQyODA1LUVBU1RVUyIsImpvYkxvY2F0aW9uIjoiZWFzdHVzIn0?api-version=2017-05-10"
        ],
        "Retry-After": [
          "15"
        ],
        "x-ms-ratelimit-remaining-subscription-reads": [
          "14976"
        ],
        "x-ms-request-id": [
          "3c13f6ae-0538-44d6-8c3a-bb9b7b240e7f"
        ],
        "x-ms-correlation-request-id": [
          "3c13f6ae-0538-44d6-8c3a-bb9b7b240e7f"
        ],
        "x-ms-routing-request-id": [
          "WESTUS2:20180414T031234Z:3c13f6ae-0538-44d6-8c3a-bb9b7b240e7f"
        ],
        "Strict-Transport-Security": [
          "max-age=31536000; includeSubDomains"
        ],
        "X-Content-Type-Options": [
          "nosniff"
        ]
      },
      "StatusCode": 202
    },
    {
      "RequestUri": "/subscriptions/0b1f6471-1bf0-4dda-aec3-cb9272f09590/operationresults/eyJqb2JJZCI6IlJFU09VUkNFR1JPVVBERUxFVElPTkpPQi1SR1ZNU1M6MkQyODA1LUVBU1RVUyIsImpvYkxvY2F0aW9uIjoiZWFzdHVzIn0?api-version=2017-05-10",
      "EncodedRequestUri": "L3N1YnNjcmlwdGlvbnMvMGIxZjY0NzEtMWJmMC00ZGRhLWFlYzMtY2I5MjcyZjA5NTkwL29wZXJhdGlvbnJlc3VsdHMvZXlKcWIySkpaQ0k2SWxKRlUwOVZVa05GUjFKUFZWQkVSVXhGVkVsUFRrcFBRaTFTUjFaTlUxTTZNa1F5T0RBMUxVVkJVMVJWVXlJc0ltcHZZa3h2WTJGMGFXOXVJam9pWldGemRIVnpJbjA/YXBpLXZlcnNpb249MjAxNy0wNS0xMA==",
      "RequestMethod": "GET",
      "RequestBody": "",
      "RequestHeaders": {
        "User-Agent": [
          "FxVersion/4.6.25211.01",
          "Microsoft.Azure.Management.ResourceManager.Fluent.ResourceManagementClient/1.8.0.0",
          "MacAddressHash/1a7db1f3023c8cc9a72984005b4db786d257d09f868c7e111d4bf514b71b7890"
        ]
      },
      "ResponseBody": "",
      "ResponseHeaders": {
        "Content-Length": [
          "0"
        ],
        "Expires": [
          "-1"
        ],
        "Cache-Control": [
          "no-cache"
        ],
        "Date": [
          "Sat, 14 Apr 2018 03:12:48 GMT"
        ],
        "Pragma": [
          "no-cache"
        ],
        "Location": [
          "https://management.azure.com/subscriptions/0b1f6471-1bf0-4dda-aec3-cb9272f09590/operationresults/eyJqb2JJZCI6IlJFU09VUkNFR1JPVVBERUxFVElPTkpPQi1SR1ZNU1M6MkQyODA1LUVBU1RVUyIsImpvYkxvY2F0aW9uIjoiZWFzdHVzIn0?api-version=2017-05-10"
        ],
        "Retry-After": [
          "15"
        ],
        "x-ms-ratelimit-remaining-subscription-reads": [
          "14975"
        ],
        "x-ms-request-id": [
          "8e5189b8-ba2f-4534-a094-6e5ca45da03c"
        ],
        "x-ms-correlation-request-id": [
          "8e5189b8-ba2f-4534-a094-6e5ca45da03c"
        ],
        "x-ms-routing-request-id": [
          "WESTUS2:20180414T031249Z:8e5189b8-ba2f-4534-a094-6e5ca45da03c"
        ],
        "Strict-Transport-Security": [
          "max-age=31536000; includeSubDomains"
        ],
        "X-Content-Type-Options": [
          "nosniff"
        ]
      },
      "StatusCode": 202
    },
    {
      "RequestUri": "/subscriptions/0b1f6471-1bf0-4dda-aec3-cb9272f09590/operationresults/eyJqb2JJZCI6IlJFU09VUkNFR1JPVVBERUxFVElPTkpPQi1SR1ZNU1M6MkQyODA1LUVBU1RVUyIsImpvYkxvY2F0aW9uIjoiZWFzdHVzIn0?api-version=2017-05-10",
      "EncodedRequestUri": "L3N1YnNjcmlwdGlvbnMvMGIxZjY0NzEtMWJmMC00ZGRhLWFlYzMtY2I5MjcyZjA5NTkwL29wZXJhdGlvbnJlc3VsdHMvZXlKcWIySkpaQ0k2SWxKRlUwOVZVa05GUjFKUFZWQkVSVXhGVkVsUFRrcFBRaTFTUjFaTlUxTTZNa1F5T0RBMUxVVkJVMVJWVXlJc0ltcHZZa3h2WTJGMGFXOXVJam9pWldGemRIVnpJbjA/YXBpLXZlcnNpb249MjAxNy0wNS0xMA==",
      "RequestMethod": "GET",
      "RequestBody": "",
      "RequestHeaders": {
        "User-Agent": [
          "FxVersion/4.6.25211.01",
          "Microsoft.Azure.Management.ResourceManager.Fluent.ResourceManagementClient/1.8.0.0",
          "MacAddressHash/1a7db1f3023c8cc9a72984005b4db786d257d09f868c7e111d4bf514b71b7890"
        ]
      },
      "ResponseBody": "",
      "ResponseHeaders": {
        "Content-Length": [
          "0"
        ],
        "Expires": [
          "-1"
        ],
        "Cache-Control": [
          "no-cache"
        ],
        "Date": [
          "Sat, 14 Apr 2018 03:13:04 GMT"
        ],
        "Pragma": [
          "no-cache"
        ],
        "Location": [
          "https://management.azure.com/subscriptions/0b1f6471-1bf0-4dda-aec3-cb9272f09590/operationresults/eyJqb2JJZCI6IlJFU09VUkNFR1JPVVBERUxFVElPTkpPQi1SR1ZNU1M6MkQyODA1LUVBU1RVUyIsImpvYkxvY2F0aW9uIjoiZWFzdHVzIn0?api-version=2017-05-10"
        ],
        "Retry-After": [
          "15"
        ],
        "x-ms-ratelimit-remaining-subscription-reads": [
          "14974"
        ],
        "x-ms-request-id": [
          "a0c4c633-75da-499a-81c1-9ddb61b5834c"
        ],
        "x-ms-correlation-request-id": [
          "a0c4c633-75da-499a-81c1-9ddb61b5834c"
        ],
        "x-ms-routing-request-id": [
          "WESTUS2:20180414T031304Z:a0c4c633-75da-499a-81c1-9ddb61b5834c"
        ],
        "Strict-Transport-Security": [
          "max-age=31536000; includeSubDomains"
        ],
        "X-Content-Type-Options": [
          "nosniff"
        ]
      },
      "StatusCode": 202
    },
    {
      "RequestUri": "/subscriptions/0b1f6471-1bf0-4dda-aec3-cb9272f09590/operationresults/eyJqb2JJZCI6IlJFU09VUkNFR1JPVVBERUxFVElPTkpPQi1SR1ZNU1M6MkQyODA1LUVBU1RVUyIsImpvYkxvY2F0aW9uIjoiZWFzdHVzIn0?api-version=2017-05-10",
      "EncodedRequestUri": "L3N1YnNjcmlwdGlvbnMvMGIxZjY0NzEtMWJmMC00ZGRhLWFlYzMtY2I5MjcyZjA5NTkwL29wZXJhdGlvbnJlc3VsdHMvZXlKcWIySkpaQ0k2SWxKRlUwOVZVa05GUjFKUFZWQkVSVXhGVkVsUFRrcFBRaTFTUjFaTlUxTTZNa1F5T0RBMUxVVkJVMVJWVXlJc0ltcHZZa3h2WTJGMGFXOXVJam9pWldGemRIVnpJbjA/YXBpLXZlcnNpb249MjAxNy0wNS0xMA==",
      "RequestMethod": "GET",
      "RequestBody": "",
      "RequestHeaders": {
        "User-Agent": [
          "FxVersion/4.6.25211.01",
          "Microsoft.Azure.Management.ResourceManager.Fluent.ResourceManagementClient/1.8.0.0",
          "MacAddressHash/1a7db1f3023c8cc9a72984005b4db786d257d09f868c7e111d4bf514b71b7890"
        ]
      },
      "ResponseBody": "",
      "ResponseHeaders": {
        "Content-Length": [
          "0"
        ],
        "Expires": [
          "-1"
        ],
        "Cache-Control": [
          "no-cache"
        ],
        "Date": [
          "Sat, 14 Apr 2018 03:13:19 GMT"
        ],
        "Pragma": [
          "no-cache"
        ],
        "Location": [
          "https://management.azure.com/subscriptions/0b1f6471-1bf0-4dda-aec3-cb9272f09590/operationresults/eyJqb2JJZCI6IlJFU09VUkNFR1JPVVBERUxFVElPTkpPQi1SR1ZNU1M6MkQyODA1LUVBU1RVUyIsImpvYkxvY2F0aW9uIjoiZWFzdHVzIn0?api-version=2017-05-10"
        ],
        "Retry-After": [
          "15"
        ],
        "x-ms-ratelimit-remaining-subscription-reads": [
          "14973"
        ],
        "x-ms-request-id": [
          "c1f87f71-db7f-4d98-ae64-a187f746e953"
        ],
        "x-ms-correlation-request-id": [
          "c1f87f71-db7f-4d98-ae64-a187f746e953"
        ],
        "x-ms-routing-request-id": [
          "WESTUS2:20180414T031319Z:c1f87f71-db7f-4d98-ae64-a187f746e953"
        ],
        "Strict-Transport-Security": [
          "max-age=31536000; includeSubDomains"
        ],
        "X-Content-Type-Options": [
          "nosniff"
        ]
      },
      "StatusCode": 202
    },
    {
      "RequestUri": "/subscriptions/0b1f6471-1bf0-4dda-aec3-cb9272f09590/operationresults/eyJqb2JJZCI6IlJFU09VUkNFR1JPVVBERUxFVElPTkpPQi1SR1ZNU1M6MkQyODA1LUVBU1RVUyIsImpvYkxvY2F0aW9uIjoiZWFzdHVzIn0?api-version=2017-05-10",
      "EncodedRequestUri": "L3N1YnNjcmlwdGlvbnMvMGIxZjY0NzEtMWJmMC00ZGRhLWFlYzMtY2I5MjcyZjA5NTkwL29wZXJhdGlvbnJlc3VsdHMvZXlKcWIySkpaQ0k2SWxKRlUwOVZVa05GUjFKUFZWQkVSVXhGVkVsUFRrcFBRaTFTUjFaTlUxTTZNa1F5T0RBMUxVVkJVMVJWVXlJc0ltcHZZa3h2WTJGMGFXOXVJam9pWldGemRIVnpJbjA/YXBpLXZlcnNpb249MjAxNy0wNS0xMA==",
      "RequestMethod": "GET",
      "RequestBody": "",
      "RequestHeaders": {
        "User-Agent": [
          "FxVersion/4.6.25211.01",
          "Microsoft.Azure.Management.ResourceManager.Fluent.ResourceManagementClient/1.8.0.0",
          "MacAddressHash/1a7db1f3023c8cc9a72984005b4db786d257d09f868c7e111d4bf514b71b7890"
        ]
      },
      "ResponseBody": "",
      "ResponseHeaders": {
        "Content-Length": [
          "0"
        ],
        "Expires": [
          "-1"
        ],
        "Cache-Control": [
          "no-cache"
        ],
        "Date": [
          "Sat, 14 Apr 2018 03:13:34 GMT"
        ],
        "Pragma": [
          "no-cache"
        ],
        "Location": [
          "https://management.azure.com/subscriptions/0b1f6471-1bf0-4dda-aec3-cb9272f09590/operationresults/eyJqb2JJZCI6IlJFU09VUkNFR1JPVVBERUxFVElPTkpPQi1SR1ZNU1M6MkQyODA1LUVBU1RVUyIsImpvYkxvY2F0aW9uIjoiZWFzdHVzIn0?api-version=2017-05-10"
        ],
        "Retry-After": [
          "15"
        ],
        "x-ms-ratelimit-remaining-subscription-reads": [
          "14972"
        ],
        "x-ms-request-id": [
          "f8a4a612-e27c-4259-92ed-40098836993f"
        ],
        "x-ms-correlation-request-id": [
          "f8a4a612-e27c-4259-92ed-40098836993f"
        ],
        "x-ms-routing-request-id": [
          "WESTUS2:20180414T031335Z:f8a4a612-e27c-4259-92ed-40098836993f"
        ],
        "Strict-Transport-Security": [
          "max-age=31536000; includeSubDomains"
        ],
        "X-Content-Type-Options": [
          "nosniff"
        ]
      },
      "StatusCode": 202
    },
    {
      "RequestUri": "/subscriptions/0b1f6471-1bf0-4dda-aec3-cb9272f09590/operationresults/eyJqb2JJZCI6IlJFU09VUkNFR1JPVVBERUxFVElPTkpPQi1SR1ZNU1M6MkQyODA1LUVBU1RVUyIsImpvYkxvY2F0aW9uIjoiZWFzdHVzIn0?api-version=2017-05-10",
      "EncodedRequestUri": "L3N1YnNjcmlwdGlvbnMvMGIxZjY0NzEtMWJmMC00ZGRhLWFlYzMtY2I5MjcyZjA5NTkwL29wZXJhdGlvbnJlc3VsdHMvZXlKcWIySkpaQ0k2SWxKRlUwOVZVa05GUjFKUFZWQkVSVXhGVkVsUFRrcFBRaTFTUjFaTlUxTTZNa1F5T0RBMUxVVkJVMVJWVXlJc0ltcHZZa3h2WTJGMGFXOXVJam9pWldGemRIVnpJbjA/YXBpLXZlcnNpb249MjAxNy0wNS0xMA==",
      "RequestMethod": "GET",
      "RequestBody": "",
      "RequestHeaders": {
        "User-Agent": [
          "FxVersion/4.6.25211.01",
          "Microsoft.Azure.Management.ResourceManager.Fluent.ResourceManagementClient/1.8.0.0",
          "MacAddressHash/1a7db1f3023c8cc9a72984005b4db786d257d09f868c7e111d4bf514b71b7890"
        ]
      },
      "ResponseBody": "",
      "ResponseHeaders": {
        "Content-Length": [
          "0"
        ],
        "Expires": [
          "-1"
        ],
        "Cache-Control": [
          "no-cache"
        ],
        "Date": [
          "Sat, 14 Apr 2018 03:13:50 GMT"
        ],
        "Pragma": [
          "no-cache"
        ],
        "Location": [
          "https://management.azure.com/subscriptions/0b1f6471-1bf0-4dda-aec3-cb9272f09590/operationresults/eyJqb2JJZCI6IlJFU09VUkNFR1JPVVBERUxFVElPTkpPQi1SR1ZNU1M6MkQyODA1LUVBU1RVUyIsImpvYkxvY2F0aW9uIjoiZWFzdHVzIn0?api-version=2017-05-10"
        ],
        "Retry-After": [
          "15"
        ],
        "x-ms-ratelimit-remaining-subscription-reads": [
          "14971"
        ],
        "x-ms-request-id": [
          "2dce9952-f5ec-4188-9329-505309ddf38d"
        ],
        "x-ms-correlation-request-id": [
          "2dce9952-f5ec-4188-9329-505309ddf38d"
        ],
        "x-ms-routing-request-id": [
          "WESTUS2:20180414T031350Z:2dce9952-f5ec-4188-9329-505309ddf38d"
        ],
        "Strict-Transport-Security": [
          "max-age=31536000; includeSubDomains"
        ],
        "X-Content-Type-Options": [
          "nosniff"
        ]
      },
      "StatusCode": 202
    },
    {
      "RequestUri": "/subscriptions/0b1f6471-1bf0-4dda-aec3-cb9272f09590/operationresults/eyJqb2JJZCI6IlJFU09VUkNFR1JPVVBERUxFVElPTkpPQi1SR1ZNU1M6MkQyODA1LUVBU1RVUyIsImpvYkxvY2F0aW9uIjoiZWFzdHVzIn0?api-version=2017-05-10",
      "EncodedRequestUri": "L3N1YnNjcmlwdGlvbnMvMGIxZjY0NzEtMWJmMC00ZGRhLWFlYzMtY2I5MjcyZjA5NTkwL29wZXJhdGlvbnJlc3VsdHMvZXlKcWIySkpaQ0k2SWxKRlUwOVZVa05GUjFKUFZWQkVSVXhGVkVsUFRrcFBRaTFTUjFaTlUxTTZNa1F5T0RBMUxVVkJVMVJWVXlJc0ltcHZZa3h2WTJGMGFXOXVJam9pWldGemRIVnpJbjA/YXBpLXZlcnNpb249MjAxNy0wNS0xMA==",
      "RequestMethod": "GET",
      "RequestBody": "",
      "RequestHeaders": {
        "User-Agent": [
          "FxVersion/4.6.25211.01",
          "Microsoft.Azure.Management.ResourceManager.Fluent.ResourceManagementClient/1.8.0.0",
          "MacAddressHash/1a7db1f3023c8cc9a72984005b4db786d257d09f868c7e111d4bf514b71b7890"
        ]
      },
      "ResponseBody": "",
      "ResponseHeaders": {
        "Content-Length": [
          "0"
        ],
        "Expires": [
          "-1"
        ],
        "Cache-Control": [
          "no-cache"
        ],
        "Date": [
          "Sat, 14 Apr 2018 03:14:04 GMT"
        ],
        "Pragma": [
          "no-cache"
        ],
        "Location": [
          "https://management.azure.com/subscriptions/0b1f6471-1bf0-4dda-aec3-cb9272f09590/operationresults/eyJqb2JJZCI6IlJFU09VUkNFR1JPVVBERUxFVElPTkpPQi1SR1ZNU1M6MkQyODA1LUVBU1RVUyIsImpvYkxvY2F0aW9uIjoiZWFzdHVzIn0?api-version=2017-05-10"
        ],
        "Retry-After": [
          "15"
        ],
        "x-ms-ratelimit-remaining-subscription-reads": [
          "14970"
        ],
        "x-ms-request-id": [
          "fb9225e8-444f-4166-8148-f822762fd23b"
        ],
        "x-ms-correlation-request-id": [
          "fb9225e8-444f-4166-8148-f822762fd23b"
        ],
        "x-ms-routing-request-id": [
          "WESTUS2:20180414T031405Z:fb9225e8-444f-4166-8148-f822762fd23b"
        ],
        "Strict-Transport-Security": [
          "max-age=31536000; includeSubDomains"
        ],
        "X-Content-Type-Options": [
          "nosniff"
        ]
      },
      "StatusCode": 202
    },
    {
      "RequestUri": "/subscriptions/0b1f6471-1bf0-4dda-aec3-cb9272f09590/operationresults/eyJqb2JJZCI6IlJFU09VUkNFR1JPVVBERUxFVElPTkpPQi1SR1ZNU1M6MkQyODA1LUVBU1RVUyIsImpvYkxvY2F0aW9uIjoiZWFzdHVzIn0?api-version=2017-05-10",
      "EncodedRequestUri": "L3N1YnNjcmlwdGlvbnMvMGIxZjY0NzEtMWJmMC00ZGRhLWFlYzMtY2I5MjcyZjA5NTkwL29wZXJhdGlvbnJlc3VsdHMvZXlKcWIySkpaQ0k2SWxKRlUwOVZVa05GUjFKUFZWQkVSVXhGVkVsUFRrcFBRaTFTUjFaTlUxTTZNa1F5T0RBMUxVVkJVMVJWVXlJc0ltcHZZa3h2WTJGMGFXOXVJam9pWldGemRIVnpJbjA/YXBpLXZlcnNpb249MjAxNy0wNS0xMA==",
      "RequestMethod": "GET",
      "RequestBody": "",
      "RequestHeaders": {
        "User-Agent": [
          "FxVersion/4.6.25211.01",
          "Microsoft.Azure.Management.ResourceManager.Fluent.ResourceManagementClient/1.8.0.0",
          "MacAddressHash/1a7db1f3023c8cc9a72984005b4db786d257d09f868c7e111d4bf514b71b7890"
        ]
      },
      "ResponseBody": "",
      "ResponseHeaders": {
        "Content-Length": [
          "0"
        ],
        "Expires": [
          "-1"
        ],
        "Cache-Control": [
          "no-cache"
        ],
        "Date": [
          "Sat, 14 Apr 2018 03:14:20 GMT"
        ],
        "Pragma": [
          "no-cache"
        ],
        "x-ms-ratelimit-remaining-subscription-reads": [
          "14969"
        ],
        "x-ms-request-id": [
          "7547ccb9-a42a-4215-9c41-9833cfd7ce1d"
        ],
        "x-ms-correlation-request-id": [
          "7547ccb9-a42a-4215-9c41-9833cfd7ce1d"
        ],
        "x-ms-routing-request-id": [
          "WESTUS2:20180414T031420Z:7547ccb9-a42a-4215-9c41-9833cfd7ce1d"
        ],
        "Strict-Transport-Security": [
          "max-age=31536000; includeSubDomains"
        ],
        "X-Content-Type-Options": [
          "nosniff"
        ]
      },
      "StatusCode": 200
    }
  ],
  "Names": {
    "CanEnableBootDiagnosticsWithExplicitStorageOnManagedVMSSCreation": [
      "vmss27255",
      "rgvmss-2805",
      "stg933",
      "extlb1-9532"
    ]
  },
  "Variables": {
    "ServicePrincipal": "39e3d217-cb72-4b90-8532-394a7e784d93",
    "AADTenant": "54826b22-38d6-4fb2-bad9-b7b93a3e9c5a",
    "SubscriptionId": "0b1f6471-1bf0-4dda-aec3-cb9272f09590"
  }
}