{
  "Entries": [
    {
      "RequestUri": "/subscriptions/0b1f6471-1bf0-4dda-aec3-cb9272f09590/resourcegroups/rgstms1a868429c57?api-version=2017-05-10",
      "EncodedRequestUri": "L3N1YnNjcmlwdGlvbnMvMGIxZjY0NzEtMWJmMC00ZGRhLWFlYzMtY2I5MjcyZjA5NTkwL3Jlc291cmNlZ3JvdXBzL3Jnc3RtczFhODY4NDI5YzU3P2FwaS12ZXJzaW9uPTIwMTctMDUtMTA=",
      "RequestMethod": "PUT",
      "RequestBody": "{\r\n  \"location\": \"eastus\"\r\n}",
      "RequestHeaders": {
        "Content-Type": [
          "application/json; charset=utf-8"
        ],
        "Content-Length": [
          "28"
        ],
        "x-ms-client-request-id": [
          "b0d8bd4a-4e6a-438f-939d-195394dc939c"
        ],
        "accept-language": [
          "en-US"
        ],
        "User-Agent": [
          "FxVersion/4.6.25211.01",
          "Microsoft.Azure.Management.ResourceManager.Fluent.ResourceManagementClient/1.4.1.0",
          "MacAddressHash/dfee77392548b313738ad0ccfab668108c74b792acc3c80f33d82db6096e765d"
        ]
      },
      "ResponseBody": "{\r\n  \"id\": \"/subscriptions/0b1f6471-1bf0-4dda-aec3-cb9272f09590/resourceGroups/rgstms1a868429c57\",\r\n  \"name\": \"rgstms1a868429c57\",\r\n  \"location\": \"eastus\",\r\n  \"properties\": {\r\n    \"provisioningState\": \"Succeeded\"\r\n  }\r\n}",
      "ResponseHeaders": {
        "Content-Length": [
          "187"
        ],
        "Content-Type": [
          "application/json; charset=utf-8"
        ],
        "Expires": [
          "-1"
        ],
        "Cache-Control": [
          "no-cache"
        ],
        "Date": [
          "Fri, 26 Jan 2018 01:25:32 GMT"
        ],
        "Pragma": [
          "no-cache"
        ],
        "x-ms-ratelimit-remaining-subscription-writes": [
          "1199"
        ],
        "x-ms-request-id": [
          "938a248d-8fac-4802-b726-8a72c27374a7"
        ],
        "x-ms-correlation-request-id": [
          "938a248d-8fac-4802-b726-8a72c27374a7"
        ],
        "x-ms-routing-request-id": [
          "WESTUS2:20180126T012532Z:938a248d-8fac-4802-b726-8a72c27374a7"
        ],
        "Strict-Transport-Security": [
          "max-age=31536000; includeSubDomains"
        ]
      },
      "StatusCode": 201
    },
    {
      "RequestUri": "/subscriptions/0b1f6471-1bf0-4dda-aec3-cb9272f09590/resourceGroups/rgstms1a868429c57/providers/Microsoft.Network/virtualNetworks/nw7af1390052941?api-version=2017-08-01",
      "EncodedRequestUri": "L3N1YnNjcmlwdGlvbnMvMGIxZjY0NzEtMWJmMC00ZGRhLWFlYzMtY2I5MjcyZjA5NTkwL3Jlc291cmNlR3JvdXBzL3Jnc3RtczFhODY4NDI5YzU3L3Byb3ZpZGVycy9NaWNyb3NvZnQuTmV0d29yay92aXJ0dWFsTmV0d29ya3Mvbnc3YWYxMzkwMDUyOTQxP2FwaS12ZXJzaW9uPTIwMTctMDgtMDE=",
      "RequestMethod": "PUT",
      "RequestBody": "{\r\n  \"properties\": {\r\n    \"addressSpace\": {\r\n      \"addressPrefixes\": [\r\n        \"10.0.0.0/28\"\r\n      ]\r\n    },\r\n    \"dhcpOptions\": {\r\n      \"dnsServers\": []\r\n    },\r\n    \"subnets\": [\r\n      {\r\n        \"properties\": {\r\n          \"addressPrefix\": \"10.0.0.8/29\",\r\n          \"serviceEndpoints\": [\r\n            {\r\n              \"service\": \"Microsoft.Storage\",\r\n              \"locations\": []\r\n            }\r\n          ]\r\n        },\r\n        \"name\": \"subnetA\"\r\n      }\r\n    ]\r\n  },\r\n  \"location\": \"eastus\",\r\n  \"tags\": {}\r\n}",
      "RequestHeaders": {
        "Content-Type": [
          "application/json; charset=utf-8"
        ],
        "Content-Length": [
          "517"
        ],
        "x-ms-client-request-id": [
          "f7fd3a18-af64-438c-bf09-981512997762"
        ],
        "accept-language": [
          "en-US"
        ],
        "User-Agent": [
          "FxVersion/4.6.25211.01",
          "Microsoft.Azure.Management.Network.Fluent.NetworkManagementClient/1.4.1.0",
          "MacAddressHash/dfee77392548b313738ad0ccfab668108c74b792acc3c80f33d82db6096e765d"
        ]
      },
      "ResponseBody": "{\r\n  \"name\": \"nw7af1390052941\",\r\n  \"id\": \"/subscriptions/0b1f6471-1bf0-4dda-aec3-cb9272f09590/resourceGroups/rgstms1a868429c57/providers/Microsoft.Network/virtualNetworks/nw7af1390052941\",\r\n  \"etag\": \"W/\\\"aa66362d-8296-48fb-9c34-2d3c34d39a87\\\"\",\r\n  \"type\": \"Microsoft.Network/virtualNetworks\",\r\n  \"location\": \"eastus\",\r\n  \"tags\": {},\r\n  \"properties\": {\r\n    \"provisioningState\": \"Updating\",\r\n    \"resourceGuid\": \"64e1d427-49ef-459d-bf7f-58d1c2acb196\",\r\n    \"addressSpace\": {\r\n      \"addressPrefixes\": [\r\n        \"10.0.0.0/28\"\r\n      ]\r\n    },\r\n    \"dhcpOptions\": {\r\n      \"dnsServers\": []\r\n    },\r\n    \"subnets\": [\r\n      {\r\n        \"name\": \"subnetA\",\r\n        \"id\": \"/subscriptions/0b1f6471-1bf0-4dda-aec3-cb9272f09590/resourceGroups/rgstms1a868429c57/providers/Microsoft.Network/virtualNetworks/nw7af1390052941/subnets/subnetA\",\r\n        \"etag\": \"W/\\\"aa66362d-8296-48fb-9c34-2d3c34d39a87\\\"\",\r\n        \"properties\": {\r\n          \"provisioningState\": \"Updating\",\r\n          \"addressPrefix\": \"10.0.0.8/29\",\r\n          \"serviceEndpoints\": [\r\n            {\r\n              \"provisioningState\": \"Updating\",\r\n              \"service\": \"Microsoft.Storage\",\r\n              \"locations\": [\r\n                \"eastus\",\r\n                \"westus\"\r\n              ]\r\n            }\r\n          ]\r\n        }\r\n      }\r\n    ],\r\n    \"virtualNetworkPeerings\": [],\r\n    \"enableDdosProtection\": false,\r\n    \"enableVmProtection\": false\r\n  }\r\n}",
      "ResponseHeaders": {
        "Content-Length": [
          "1416"
        ],
        "Content-Type": [
          "application/json; charset=utf-8"
        ],
        "Expires": [
          "-1"
        ],
        "Cache-Control": [
          "no-cache"
        ],
        "Date": [
          "Fri, 26 Jan 2018 01:25:34 GMT"
        ],
        "Pragma": [
          "no-cache"
        ],
        "Retry-After": [
          "3"
        ],
        "Server": [
          "Microsoft-HTTPAPI/2.0",
          "Microsoft-HTTPAPI/2.0"
        ],
        "x-ms-request-id": [
          "2bb7e944-ef78-45e0-a45a-7bda6ef99830"
        ],
        "Azure-AsyncOperation": [
          "https://management.azure.com/subscriptions/0b1f6471-1bf0-4dda-aec3-cb9272f09590/providers/Microsoft.Network/locations/eastus/operations/2bb7e944-ef78-45e0-a45a-7bda6ef99830?api-version=2017-08-01"
        ],
        "Strict-Transport-Security": [
          "max-age=31536000; includeSubDomains"
        ],
        "x-ms-ratelimit-remaining-subscription-writes": [
          "1198"
        ],
        "x-ms-correlation-request-id": [
          "04100b56-f8bb-44e1-bc04-8cc867c6e817"
        ],
        "x-ms-routing-request-id": [
          "WESTUS2:20180126T012534Z:04100b56-f8bb-44e1-bc04-8cc867c6e817"
        ]
      },
      "StatusCode": 201
    },
    {
      "RequestUri": "/subscriptions/0b1f6471-1bf0-4dda-aec3-cb9272f09590/providers/Microsoft.Network/locations/eastus/operations/2bb7e944-ef78-45e0-a45a-7bda6ef99830?api-version=2017-08-01",
      "EncodedRequestUri": "L3N1YnNjcmlwdGlvbnMvMGIxZjY0NzEtMWJmMC00ZGRhLWFlYzMtY2I5MjcyZjA5NTkwL3Byb3ZpZGVycy9NaWNyb3NvZnQuTmV0d29yay9sb2NhdGlvbnMvZWFzdHVzL29wZXJhdGlvbnMvMmJiN2U5NDQtZWY3OC00NWUwLWE0NWEtN2JkYTZlZjk5ODMwP2FwaS12ZXJzaW9uPTIwMTctMDgtMDE=",
      "RequestMethod": "GET",
      "RequestBody": "",
      "RequestHeaders": {
        "User-Agent": [
          "FxVersion/4.6.25211.01",
          "Microsoft.Azure.Management.Network.Fluent.NetworkManagementClient/1.4.1.0",
          "MacAddressHash/dfee77392548b313738ad0ccfab668108c74b792acc3c80f33d82db6096e765d"
        ]
      },
      "ResponseBody": "{\r\n  \"status\": \"Succeeded\"\r\n}",
      "ResponseHeaders": {
        "Content-Type": [
          "application/json; charset=utf-8"
        ],
        "Expires": [
          "-1"
        ],
        "Cache-Control": [
          "no-cache"
        ],
        "Date": [
          "Fri, 26 Jan 2018 01:25:44 GMT"
        ],
        "Pragma": [
          "no-cache"
        ],
        "Transfer-Encoding": [
          "chunked"
        ],
        "Server": [
          "Microsoft-HTTPAPI/2.0",
          "Microsoft-HTTPAPI/2.0"
        ],
        "Vary": [
          "Accept-Encoding"
        ],
        "x-ms-request-id": [
          "8725a0ef-bcfe-4d18-8862-601bdebbc551"
        ],
        "Strict-Transport-Security": [
          "max-age=31536000; includeSubDomains"
        ],
        "x-ms-ratelimit-remaining-subscription-reads": [
          "14998"
        ],
        "x-ms-correlation-request-id": [
          "a8545945-11ac-48ac-afea-2ab92abdfa9f"
        ],
        "x-ms-routing-request-id": [
          "WESTUS2:20180126T012545Z:a8545945-11ac-48ac-afea-2ab92abdfa9f"
        ]
      },
      "StatusCode": 200
    },
    {
      "RequestUri": "/subscriptions/0b1f6471-1bf0-4dda-aec3-cb9272f09590/resourceGroups/rgstms1a868429c57/providers/Microsoft.Network/virtualNetworks/nw7af1390052941?api-version=2017-08-01",
      "EncodedRequestUri": "L3N1YnNjcmlwdGlvbnMvMGIxZjY0NzEtMWJmMC00ZGRhLWFlYzMtY2I5MjcyZjA5NTkwL3Jlc291cmNlR3JvdXBzL3Jnc3RtczFhODY4NDI5YzU3L3Byb3ZpZGVycy9NaWNyb3NvZnQuTmV0d29yay92aXJ0dWFsTmV0d29ya3Mvbnc3YWYxMzkwMDUyOTQxP2FwaS12ZXJzaW9uPTIwMTctMDgtMDE=",
      "RequestMethod": "GET",
      "RequestBody": "",
      "RequestHeaders": {
        "User-Agent": [
          "FxVersion/4.6.25211.01",
          "Microsoft.Azure.Management.Network.Fluent.NetworkManagementClient/1.4.1.0",
          "MacAddressHash/dfee77392548b313738ad0ccfab668108c74b792acc3c80f33d82db6096e765d"
        ]
      },
      "ResponseBody": "{\r\n  \"name\": \"nw7af1390052941\",\r\n  \"id\": \"/subscriptions/0b1f6471-1bf0-4dda-aec3-cb9272f09590/resourceGroups/rgstms1a868429c57/providers/Microsoft.Network/virtualNetworks/nw7af1390052941\",\r\n  \"etag\": \"W/\\\"63b84fad-6728-47b8-b195-f8cdc97c1054\\\"\",\r\n  \"type\": \"Microsoft.Network/virtualNetworks\",\r\n  \"location\": \"eastus\",\r\n  \"tags\": {},\r\n  \"properties\": {\r\n    \"provisioningState\": \"Succeeded\",\r\n    \"resourceGuid\": \"64e1d427-49ef-459d-bf7f-58d1c2acb196\",\r\n    \"addressSpace\": {\r\n      \"addressPrefixes\": [\r\n        \"10.0.0.0/28\"\r\n      ]\r\n    },\r\n    \"dhcpOptions\": {\r\n      \"dnsServers\": []\r\n    },\r\n    \"subnets\": [\r\n      {\r\n        \"name\": \"subnetA\",\r\n        \"id\": \"/subscriptions/0b1f6471-1bf0-4dda-aec3-cb9272f09590/resourceGroups/rgstms1a868429c57/providers/Microsoft.Network/virtualNetworks/nw7af1390052941/subnets/subnetA\",\r\n        \"etag\": \"W/\\\"63b84fad-6728-47b8-b195-f8cdc97c1054\\\"\",\r\n        \"properties\": {\r\n          \"provisioningState\": \"Succeeded\",\r\n          \"addressPrefix\": \"10.0.0.8/29\",\r\n          \"serviceEndpoints\": [\r\n            {\r\n              \"provisioningState\": \"Succeeded\",\r\n              \"service\": \"Microsoft.Storage\",\r\n              \"locations\": [\r\n                \"eastus\",\r\n                \"westus\"\r\n              ]\r\n            }\r\n          ]\r\n        }\r\n      }\r\n    ],\r\n    \"virtualNetworkPeerings\": [],\r\n    \"enableDdosProtection\": false,\r\n    \"enableVmProtection\": false\r\n  }\r\n}",
      "ResponseHeaders": {
        "Content-Type": [
          "application/json; charset=utf-8"
        ],
        "Expires": [
          "-1"
        ],
        "Cache-Control": [
          "no-cache"
        ],
        "Date": [
          "Fri, 26 Jan 2018 01:25:44 GMT"
        ],
        "Pragma": [
          "no-cache"
        ],
        "Transfer-Encoding": [
          "chunked"
        ],
        "ETag": [
          "W/\"63b84fad-6728-47b8-b195-f8cdc97c1054\""
        ],
        "Server": [
          "Microsoft-HTTPAPI/2.0",
          "Microsoft-HTTPAPI/2.0"
        ],
        "Vary": [
          "Accept-Encoding"
        ],
        "x-ms-request-id": [
          "937de55e-d3a0-4522-a134-e02894dcebe5"
        ],
        "Strict-Transport-Security": [
          "max-age=31536000; includeSubDomains"
        ],
        "x-ms-ratelimit-remaining-subscription-reads": [
          "14997"
        ],
        "x-ms-correlation-request-id": [
          "e8b5d456-a829-44df-8d9e-520d6424bfba"
        ],
        "x-ms-routing-request-id": [
          "WESTUS2:20180126T012545Z:e8b5d456-a829-44df-8d9e-520d6424bfba"
        ]
      },
      "StatusCode": 200
    },
    {
      "RequestUri": "/subscriptions/0b1f6471-1bf0-4dda-aec3-cb9272f09590/resourceGroups/rgstms1a868429c57/providers/Microsoft.Network/virtualNetworks/nw7af1390052941/virtualNetworkPeerings?api-version=2017-08-01",
      "EncodedRequestUri": "L3N1YnNjcmlwdGlvbnMvMGIxZjY0NzEtMWJmMC00ZGRhLWFlYzMtY2I5MjcyZjA5NTkwL3Jlc291cmNlR3JvdXBzL3Jnc3RtczFhODY4NDI5YzU3L3Byb3ZpZGVycy9NaWNyb3NvZnQuTmV0d29yay92aXJ0dWFsTmV0d29ya3Mvbnc3YWYxMzkwMDUyOTQxL3ZpcnR1YWxOZXR3b3JrUGVlcmluZ3M/YXBpLXZlcnNpb249MjAxNy0wOC0wMQ==",
      "RequestMethod": "GET",
      "RequestBody": "",
      "RequestHeaders": {
        "x-ms-client-request-id": [
          "da3abf74-0325-4a11-8de3-3326663987e0"
        ],
        "accept-language": [
          "en-US"
        ],
        "User-Agent": [
          "FxVersion/4.6.25211.01",
          "Microsoft.Azure.Management.Network.Fluent.NetworkManagementClient/1.4.1.0",
          "MacAddressHash/dfee77392548b313738ad0ccfab668108c74b792acc3c80f33d82db6096e765d"
        ]
      },
      "ResponseBody": "{\r\n  \"value\": []\r\n}",
      "ResponseHeaders": {
        "Content-Type": [
          "application/json; charset=utf-8"
        ],
        "Expires": [
          "-1"
        ],
        "Cache-Control": [
          "no-cache"
        ],
        "Date": [
          "Fri, 26 Jan 2018 01:25:44 GMT"
        ],
        "Pragma": [
          "no-cache"
        ],
        "Transfer-Encoding": [
          "chunked"
        ],
        "Server": [
          "Microsoft-HTTPAPI/2.0",
          "Microsoft-HTTPAPI/2.0"
        ],
        "Vary": [
          "Accept-Encoding"
        ],
        "x-ms-request-id": [
          "97af8a85-7b2e-4555-a521-b757ab70a2f7"
        ],
        "Strict-Transport-Security": [
          "max-age=31536000; includeSubDomains"
        ],
        "x-ms-ratelimit-remaining-subscription-reads": [
          "14996"
        ],
        "x-ms-correlation-request-id": [
          "358a0fad-2520-461d-b195-f284c791ea11"
        ],
        "x-ms-routing-request-id": [
          "WESTUS2:20180126T012545Z:358a0fad-2520-461d-b195-f284c791ea11"
        ]
      },
      "StatusCode": 200
    },
    {
      "RequestUri": "/subscriptions/0b1f6471-1bf0-4dda-aec3-cb9272f09590/resourceGroups/rgstms1a868429c57/providers/Microsoft.Storage/storageAccounts/sa044147583f?api-version=2017-10-01",
      "EncodedRequestUri": "L3N1YnNjcmlwdGlvbnMvMGIxZjY0NzEtMWJmMC00ZGRhLWFlYzMtY2I5MjcyZjA5NTkwL3Jlc291cmNlR3JvdXBzL3Jnc3RtczFhODY4NDI5YzU3L3Byb3ZpZGVycy9NaWNyb3NvZnQuU3RvcmFnZS9zdG9yYWdlQWNjb3VudHMvc2EwNDQxNDc1ODNmP2FwaS12ZXJzaW9uPTIwMTctMTAtMDE=",
      "RequestMethod": "PUT",
      "RequestBody": "{\r\n  \"sku\": {\r\n    \"name\": \"Standard_GRS\"\r\n  },\r\n  \"kind\": \"Storage\",\r\n  \"location\": \"eastus\",\r\n  \"tags\": {},\r\n  \"properties\": {\r\n    \"networkAcls\": {\r\n      \"virtualNetworkRules\": [\r\n        {\r\n          \"id\": \"/subscriptions/0b1f6471-1bf0-4dda-aec3-cb9272f09590/resourceGroups/rgstms1a868429c57/providers/Microsoft.Network/virtualNetworks/nw7af1390052941/subnets/subnetA\",\r\n          \"action\": \"Allow\"\r\n        }\r\n      ],\r\n      \"defaultAction\": \"Deny\"\r\n    }\r\n  }\r\n}",
      "RequestHeaders": {
        "Content-Type": [
          "application/json; charset=utf-8"
        ],
        "Content-Length": [
          "470"
        ],
        "x-ms-client-request-id": [
          "c144c102-082d-453a-adc4-36235b678882"
        ],
        "accept-language": [
          "en-US"
        ],
        "User-Agent": [
          "FxVersion/4.6.25211.01",
          "Microsoft.Azure.Management.Storage.Fluent.StorageManagementClient/1.4.1.0",
          "MacAddressHash/dfee77392548b313738ad0ccfab668108c74b792acc3c80f33d82db6096e765d"
        ]
      },
      "ResponseBody": "",
      "ResponseHeaders": {
        "Content-Length": [
          "0"
        ],
        "Content-Type": [
          "text/plain; charset=utf-8"
        ],
        "Expires": [
          "-1"
        ],
        "Cache-Control": [
          "no-cache"
        ],
        "Date": [
          "Fri, 26 Jan 2018 01:25:52 GMT"
        ],
        "Pragma": [
          "no-cache"
        ],
        "Location": [
          "https://management.azure.com/subscriptions/0b1f6471-1bf0-4dda-aec3-cb9272f09590/providers/Microsoft.Storage/locations/eastus/asyncoperations/5475dc51-8ff5-471b-a2bc-06fdce0e066f?monitor=true&api-version=2017-10-01"
        ],
        "Retry-After": [
          "17"
        ],
        "Server": [
          "Microsoft-Azure-Storage-Resource-Provider/1.0,Microsoft-HTTPAPI/2.0 Microsoft-HTTPAPI/2.0"
        ],
        "x-ms-request-id": [
          "5475dc51-8ff5-471b-a2bc-06fdce0e066f"
        ],
        "Strict-Transport-Security": [
          "max-age=31536000; includeSubDomains"
        ],
        "x-ms-ratelimit-remaining-subscription-writes": [
          "1197"
        ],
        "x-ms-correlation-request-id": [
          "ab82a274-89d8-42a4-8891-062d977e1d60"
        ],
        "x-ms-routing-request-id": [
          "WESTUS2:20180126T012552Z:ab82a274-89d8-42a4-8891-062d977e1d60"
        ]
      },
      "StatusCode": 202
    },
    {
      "RequestUri": "/subscriptions/0b1f6471-1bf0-4dda-aec3-cb9272f09590/providers/Microsoft.Storage/locations/eastus/asyncoperations/5475dc51-8ff5-471b-a2bc-06fdce0e066f?monitor=true&api-version=2017-10-01",
      "EncodedRequestUri": "L3N1YnNjcmlwdGlvbnMvMGIxZjY0NzEtMWJmMC00ZGRhLWFlYzMtY2I5MjcyZjA5NTkwL3Byb3ZpZGVycy9NaWNyb3NvZnQuU3RvcmFnZS9sb2NhdGlvbnMvZWFzdHVzL2FzeW5jb3BlcmF0aW9ucy81NDc1ZGM1MS04ZmY1LTQ3MWItYTJiYy0wNmZkY2UwZTA2NmY/bW9uaXRvcj10cnVlJmFwaS12ZXJzaW9uPTIwMTctMTAtMDE=",
      "RequestMethod": "GET",
      "RequestBody": "",
      "RequestHeaders": {
        "User-Agent": [
          "FxVersion/4.6.25211.01",
          "Microsoft.Azure.Management.Storage.Fluent.StorageManagementClient/1.4.1.0",
          "MacAddressHash/dfee77392548b313738ad0ccfab668108c74b792acc3c80f33d82db6096e765d"
        ]
      },
      "ResponseBody": "",
      "ResponseHeaders": {
        "Content-Length": [
          "0"
        ],
        "Content-Type": [
          "text/plain; charset=utf-8"
        ],
        "Expires": [
          "-1"
        ],
        "Cache-Control": [
          "no-cache"
        ],
        "Date": [
          "Fri, 26 Jan 2018 01:26:11 GMT"
        ],
        "Pragma": [
          "no-cache"
        ],
        "Location": [
          "https://management.azure.com/subscriptions/0b1f6471-1bf0-4dda-aec3-cb9272f09590/providers/Microsoft.Storage/locations/eastus/asyncoperations/5475dc51-8ff5-471b-a2bc-06fdce0e066f?monitor=true&api-version=2017-10-01"
        ],
        "Retry-After": [
          "17"
        ],
        "Server": [
          "Microsoft-Azure-Storage-Resource-Provider/1.0,Microsoft-HTTPAPI/2.0 Microsoft-HTTPAPI/2.0"
        ],
        "x-ms-request-id": [
          "b113aaac-fbae-4f77-b916-aeb88b0f4fe4"
        ],
        "Strict-Transport-Security": [
          "max-age=31536000; includeSubDomains"
        ],
        "x-ms-ratelimit-remaining-subscription-reads": [
          "14995"
        ],
        "x-ms-correlation-request-id": [
          "fcbea840-5d36-4527-b9d2-53c60e47016f"
        ],
        "x-ms-routing-request-id": [
          "WESTUS2:20180126T012611Z:fcbea840-5d36-4527-b9d2-53c60e47016f"
        ]
      },
      "StatusCode": 202
    },
    {
      "RequestUri": "/subscriptions/0b1f6471-1bf0-4dda-aec3-cb9272f09590/providers/Microsoft.Storage/locations/eastus/asyncoperations/5475dc51-8ff5-471b-a2bc-06fdce0e066f?monitor=true&api-version=2017-10-01",
      "EncodedRequestUri": "L3N1YnNjcmlwdGlvbnMvMGIxZjY0NzEtMWJmMC00ZGRhLWFlYzMtY2I5MjcyZjA5NTkwL3Byb3ZpZGVycy9NaWNyb3NvZnQuU3RvcmFnZS9sb2NhdGlvbnMvZWFzdHVzL2FzeW5jb3BlcmF0aW9ucy81NDc1ZGM1MS04ZmY1LTQ3MWItYTJiYy0wNmZkY2UwZTA2NmY/bW9uaXRvcj10cnVlJmFwaS12ZXJzaW9uPTIwMTctMTAtMDE=",
      "RequestMethod": "GET",
      "RequestBody": "",
      "RequestHeaders": {
        "User-Agent": [
          "FxVersion/4.6.25211.01",
          "Microsoft.Azure.Management.Storage.Fluent.StorageManagementClient/1.4.1.0",
          "MacAddressHash/dfee77392548b313738ad0ccfab668108c74b792acc3c80f33d82db6096e765d"
        ]
      },
      "ResponseBody": "{\r\n  \"sku\": {\r\n    \"name\": \"Standard_GRS\",\r\n    \"tier\": \"Standard\"\r\n  },\r\n  \"kind\": \"Storage\",\r\n  \"id\": \"/subscriptions/0b1f6471-1bf0-4dda-aec3-cb9272f09590/resourceGroups/rgstms1a868429c57/providers/Microsoft.Storage/storageAccounts/sa044147583f\",\r\n  \"name\": \"sa044147583f\",\r\n  \"type\": \"Microsoft.Storage/storageAccounts\",\r\n  \"location\": \"eastus\",\r\n  \"tags\": {},\r\n  \"properties\": {\r\n    \"networkAcls\": {\r\n      \"bypass\": \"AzureServices\",\r\n      \"virtualNetworkRules\": [\r\n        {\r\n          \"id\": \"/subscriptions/0b1f6471-1bf0-4dda-aec3-cb9272f09590/resourceGroups/rgstms1a868429c57/providers/Microsoft.Network/virtualNetworks/nw7af1390052941/subnets/subnetA\",\r\n          \"action\": \"Allow\",\r\n          \"state\": \"Succeeded\"\r\n        }\r\n      ],\r\n      \"ipRules\": [],\r\n      \"defaultAction\": \"Deny\"\r\n    },\r\n    \"trustedDirectories\": [\r\n      \"54826b22-38d6-4fb2-bad9-b7b93a3e9c5a\"\r\n    ],\r\n    \"encryption\": {\r\n      \"services\": {\r\n        \"file\": {\r\n          \"enabled\": true,\r\n          \"lastEnabledTime\": \"2018-01-26T01:25:51.3913572Z\"\r\n        },\r\n        \"blob\": {\r\n          \"enabled\": true,\r\n          \"lastEnabledTime\": \"2018-01-26T01:25:51.3913572Z\"\r\n        }\r\n      },\r\n      \"keySource\": \"Microsoft.Storage\"\r\n    },\r\n    \"provisioningState\": \"Succeeded\",\r\n    \"creationTime\": \"2018-01-26T01:25:48.7661529Z\",\r\n    \"primaryEndpoints\": {\r\n      \"blob\": \"https://sa044147583f.blob.core.windows.net/\",\r\n      \"queue\": \"https://sa044147583f.queue.core.windows.net/\",\r\n      \"table\": \"https://sa044147583f.table.core.windows.net/\",\r\n      \"file\": \"https://sa044147583f.file.core.windows.net/\"\r\n    },\r\n    \"primaryLocation\": \"eastus\",\r\n    \"statusOfPrimary\": \"available\",\r\n    \"secondaryLocation\": \"westus\",\r\n    \"statusOfSecondary\": \"available\"\r\n  }\r\n}",
      "ResponseHeaders": {
        "Content-Type": [
          "application/json"
        ],
        "Expires": [
          "-1"
        ],
        "Cache-Control": [
          "no-cache"
        ],
        "Date": [
          "Fri, 26 Jan 2018 01:26:31 GMT"
        ],
        "Pragma": [
          "no-cache"
        ],
        "Transfer-Encoding": [
          "chunked"
        ],
        "Server": [
          "Microsoft-Azure-Storage-Resource-Provider/1.0,Microsoft-HTTPAPI/2.0 Microsoft-HTTPAPI/2.0"
        ],
        "Vary": [
          "Accept-Encoding"
        ],
        "x-ms-request-id": [
          "876d21b3-1b13-48a1-a81f-c723a66a781e"
        ],
        "Strict-Transport-Security": [
          "max-age=31536000; includeSubDomains"
        ],
        "x-ms-ratelimit-remaining-subscription-reads": [
          "14994"
        ],
        "x-ms-correlation-request-id": [
          "5689a63e-be0e-4559-a42e-20cdcfe74cca"
        ],
        "x-ms-routing-request-id": [
          "WESTUS2:20180126T012631Z:5689a63e-be0e-4559-a42e-20cdcfe74cca"
        ]
      },
      "StatusCode": 200
    },
    {
      "RequestUri": "/subscriptions/0b1f6471-1bf0-4dda-aec3-cb9272f09590/resourceGroups/rgstms1a868429c57/providers/Microsoft.Storage/storageAccounts/sa044147583f?api-version=2017-10-01",
      "EncodedRequestUri": "L3N1YnNjcmlwdGlvbnMvMGIxZjY0NzEtMWJmMC00ZGRhLWFlYzMtY2I5MjcyZjA5NTkwL3Jlc291cmNlR3JvdXBzL3Jnc3RtczFhODY4NDI5YzU3L3Byb3ZpZGVycy9NaWNyb3NvZnQuU3RvcmFnZS9zdG9yYWdlQWNjb3VudHMvc2EwNDQxNDc1ODNmP2FwaS12ZXJzaW9uPTIwMTctMTAtMDE=",
      "RequestMethod": "GET",
      "RequestBody": "",
      "RequestHeaders": {
        "x-ms-client-request-id": [
          "af8924bb-0465-4aa8-8a6b-07609c05f52f"
        ],
        "accept-language": [
          "en-US"
        ],
        "User-Agent": [
          "FxVersion/4.6.25211.01",
          "Microsoft.Azure.Management.Storage.Fluent.StorageManagementClient/1.4.1.0",
          "MacAddressHash/dfee77392548b313738ad0ccfab668108c74b792acc3c80f33d82db6096e765d"
        ]
      },
      "ResponseBody": "{\r\n  \"sku\": {\r\n    \"name\": \"Standard_GRS\",\r\n    \"tier\": \"Standard\"\r\n  },\r\n  \"kind\": \"Storage\",\r\n  \"id\": \"/subscriptions/0b1f6471-1bf0-4dda-aec3-cb9272f09590/resourceGroups/rgstms1a868429c57/providers/Microsoft.Storage/storageAccounts/sa044147583f\",\r\n  \"name\": \"sa044147583f\",\r\n  \"type\": \"Microsoft.Storage/storageAccounts\",\r\n  \"location\": \"eastus\",\r\n  \"tags\": {},\r\n  \"properties\": {\r\n    \"networkAcls\": {\r\n      \"bypass\": \"AzureServices\",\r\n      \"virtualNetworkRules\": [\r\n        {\r\n          \"id\": \"/subscriptions/0b1f6471-1bf0-4dda-aec3-cb9272f09590/resourceGroups/rgstms1a868429c57/providers/Microsoft.Network/virtualNetworks/nw7af1390052941/subnets/subnetA\",\r\n          \"action\": \"Allow\",\r\n          \"state\": \"Succeeded\"\r\n        }\r\n      ],\r\n      \"ipRules\": [],\r\n      \"defaultAction\": \"Deny\"\r\n    },\r\n    \"trustedDirectories\": [\r\n      \"54826b22-38d6-4fb2-bad9-b7b93a3e9c5a\"\r\n    ],\r\n    \"encryption\": {\r\n      \"services\": {\r\n        \"file\": {\r\n          \"enabled\": true,\r\n          \"lastEnabledTime\": \"2018-01-26T01:25:51.3913572Z\"\r\n        },\r\n        \"blob\": {\r\n          \"enabled\": true,\r\n          \"lastEnabledTime\": \"2018-01-26T01:25:51.3913572Z\"\r\n        }\r\n      },\r\n      \"keySource\": \"Microsoft.Storage\"\r\n    },\r\n    \"provisioningState\": \"Succeeded\",\r\n    \"creationTime\": \"2018-01-26T01:25:48.7661529Z\",\r\n    \"primaryEndpoints\": {\r\n      \"blob\": \"https://sa044147583f.blob.core.windows.net/\",\r\n      \"queue\": \"https://sa044147583f.queue.core.windows.net/\",\r\n      \"table\": \"https://sa044147583f.table.core.windows.net/\",\r\n      \"file\": \"https://sa044147583f.file.core.windows.net/\"\r\n    },\r\n    \"primaryLocation\": \"eastus\",\r\n    \"statusOfPrimary\": \"available\",\r\n    \"secondaryLocation\": \"westus\",\r\n    \"statusOfSecondary\": \"available\"\r\n  }\r\n}",
      "ResponseHeaders": {
        "Content-Type": [
          "application/json"
        ],
        "Expires": [
          "-1"
        ],
        "Cache-Control": [
          "no-cache"
        ],
        "Date": [
          "Fri, 26 Jan 2018 01:26:35 GMT"
        ],
        "Pragma": [
          "no-cache"
        ],
        "Transfer-Encoding": [
          "chunked"
        ],
        "Server": [
          "Microsoft-Azure-Storage-Resource-Provider/1.0,Microsoft-HTTPAPI/2.0 Microsoft-HTTPAPI/2.0"
        ],
        "Vary": [
          "Accept-Encoding"
        ],
        "x-ms-request-id": [
          "414c0f95-c210-49bb-8e86-4ce107e7d583"
        ],
        "Strict-Transport-Security": [
          "max-age=31536000; includeSubDomains"
        ],
        "x-ms-ratelimit-remaining-subscription-reads": [
          "14993"
        ],
        "x-ms-correlation-request-id": [
          "f38ac205-91dc-40c8-8ee9-3c4dd347a45a"
        ],
        "x-ms-routing-request-id": [
          "WESTUS2:20180126T012636Z:f38ac205-91dc-40c8-8ee9-3c4dd347a45a"
        ]
      },
      "StatusCode": 200
    },
    {
      "RequestUri": "/subscriptions/0b1f6471-1bf0-4dda-aec3-cb9272f09590/resourceGroups/rgstms1a868429c57/providers/Microsoft.Storage/storageAccounts/sa044147583f?api-version=2017-10-01",
      "EncodedRequestUri": "L3N1YnNjcmlwdGlvbnMvMGIxZjY0NzEtMWJmMC00ZGRhLWFlYzMtY2I5MjcyZjA5NTkwL3Jlc291cmNlR3JvdXBzL3Jnc3RtczFhODY4NDI5YzU3L3Byb3ZpZGVycy9NaWNyb3NvZnQuU3RvcmFnZS9zdG9yYWdlQWNjb3VudHMvc2EwNDQxNDc1ODNmP2FwaS12ZXJzaW9uPTIwMTctMTAtMDE=",
      "RequestMethod": "GET",
      "RequestBody": "",
      "RequestHeaders": {
        "x-ms-client-request-id": [
          "881aceb9-6f7f-4177-9f38-e0597eb9e871"
        ],
        "accept-language": [
          "en-US"
        ],
        "User-Agent": [
          "FxVersion/4.6.25211.01",
          "Microsoft.Azure.Management.Storage.Fluent.StorageManagementClient/1.4.1.0",
          "MacAddressHash/dfee77392548b313738ad0ccfab668108c74b792acc3c80f33d82db6096e765d"
        ]
      },
      "ResponseBody": "{\r\n  \"sku\": {\r\n    \"name\": \"Standard_GRS\",\r\n    \"tier\": \"Standard\"\r\n  },\r\n  \"kind\": \"Storage\",\r\n  \"id\": \"/subscriptions/0b1f6471-1bf0-4dda-aec3-cb9272f09590/resourceGroups/rgstms1a868429c57/providers/Microsoft.Storage/storageAccounts/sa044147583f\",\r\n  \"name\": \"sa044147583f\",\r\n  \"type\": \"Microsoft.Storage/storageAccounts\",\r\n  \"location\": \"eastus\",\r\n  \"tags\": {},\r\n  \"properties\": {\r\n    \"networkAcls\": {\r\n      \"bypass\": \"AzureServices\",\r\n      \"virtualNetworkRules\": [\r\n        {\r\n          \"id\": \"/subscriptions/0b1f6471-1bf0-4dda-aec3-cb9272f09590/resourceGroups/rgstms1a868429c57/providers/Microsoft.Network/virtualNetworks/nw7af1390052941/subnets/subnetA\",\r\n          \"action\": \"Allow\",\r\n          \"state\": \"Succeeded\"\r\n        }\r\n      ],\r\n      \"ipRules\": [\r\n        {\r\n          \"value\": \"52.226.75.144\",\r\n          \"action\": \"Allow\"\r\n        }\r\n      ],\r\n      \"defaultAction\": \"Deny\"\r\n    },\r\n    \"trustedDirectories\": [\r\n      \"54826b22-38d6-4fb2-bad9-b7b93a3e9c5a\"\r\n    ],\r\n    \"encryption\": {\r\n      \"services\": {\r\n        \"file\": {\r\n          \"enabled\": true,\r\n          \"lastEnabledTime\": \"2018-01-26T01:25:51.3913572Z\"\r\n        },\r\n        \"blob\": {\r\n          \"enabled\": true,\r\n          \"lastEnabledTime\": \"2018-01-26T01:25:51.3913572Z\"\r\n        }\r\n      },\r\n      \"keySource\": \"Microsoft.Storage\"\r\n    },\r\n    \"provisioningState\": \"Succeeded\",\r\n    \"creationTime\": \"2018-01-26T01:25:48.7661529Z\",\r\n    \"primaryEndpoints\": {\r\n      \"blob\": \"https://sa044147583f.blob.core.windows.net/\",\r\n      \"queue\": \"https://sa044147583f.queue.core.windows.net/\",\r\n      \"table\": \"https://sa044147583f.table.core.windows.net/\",\r\n      \"file\": \"https://sa044147583f.file.core.windows.net/\"\r\n    },\r\n    \"primaryLocation\": \"eastus\",\r\n    \"statusOfPrimary\": \"available\",\r\n    \"secondaryLocation\": \"westus\",\r\n    \"statusOfSecondary\": \"available\"\r\n  }\r\n}",
      "ResponseHeaders": {
        "Content-Type": [
          "application/json"
        ],
        "Expires": [
          "-1"
        ],
        "Cache-Control": [
          "no-cache"
        ],
        "Date": [
          "Fri, 26 Jan 2018 01:30:00 GMT"
        ],
        "Pragma": [
          "no-cache"
        ],
        "Transfer-Encoding": [
          "chunked"
        ],
        "Server": [
          "Microsoft-Azure-Storage-Resource-Provider/1.0,Microsoft-HTTPAPI/2.0 Microsoft-HTTPAPI/2.0"
        ],
        "Vary": [
          "Accept-Encoding"
        ],
        "x-ms-request-id": [
          "25f30720-7a8a-4703-9356-cfc289d6d31d"
        ],
        "Strict-Transport-Security": [
          "max-age=31536000; includeSubDomains"
        ],
        "x-ms-ratelimit-remaining-subscription-reads": [
          "14995"
        ],
        "x-ms-correlation-request-id": [
          "d836743a-e462-405d-8703-a00db05701b7"
        ],
        "x-ms-routing-request-id": [
          "WESTUS2:20180126T013000Z:d836743a-e462-405d-8703-a00db05701b7"
        ]
      },
      "StatusCode": 200
    },
    {
      "RequestUri": "/subscriptions/0b1f6471-1bf0-4dda-aec3-cb9272f09590/resourceGroups/rgstms1a868429c57/providers/Microsoft.Storage/storageAccounts/sa044147583f?api-version=2017-10-01",
      "EncodedRequestUri": "L3N1YnNjcmlwdGlvbnMvMGIxZjY0NzEtMWJmMC00ZGRhLWFlYzMtY2I5MjcyZjA5NTkwL3Jlc291cmNlR3JvdXBzL3Jnc3RtczFhODY4NDI5YzU3L3Byb3ZpZGVycy9NaWNyb3NvZnQuU3RvcmFnZS9zdG9yYWdlQWNjb3VudHMvc2EwNDQxNDc1ODNmP2FwaS12ZXJzaW9uPTIwMTctMTAtMDE=",
      "RequestMethod": "GET",
      "RequestBody": "",
      "RequestHeaders": {
        "x-ms-client-request-id": [
          "b8e76c22-852b-4754-91b2-1d54b61db8c8"
        ],
        "accept-language": [
          "en-US"
        ],
        "User-Agent": [
          "FxVersion/4.6.25211.01",
          "Microsoft.Azure.Management.Storage.Fluent.StorageManagementClient/1.4.1.0",
          "MacAddressHash/dfee77392548b313738ad0ccfab668108c74b792acc3c80f33d82db6096e765d"
        ]
      },
      "ResponseBody": "{\r\n  \"sku\": {\r\n    \"name\": \"Standard_GRS\",\r\n    \"tier\": \"Standard\"\r\n  },\r\n  \"kind\": \"Storage\",\r\n  \"id\": \"/subscriptions/0b1f6471-1bf0-4dda-aec3-cb9272f09590/resourceGroups/rgstms1a868429c57/providers/Microsoft.Storage/storageAccounts/sa044147583f\",\r\n  \"name\": \"sa044147583f\",\r\n  \"type\": \"Microsoft.Storage/storageAccounts\",\r\n  \"location\": \"eastus\",\r\n  \"tags\": {},\r\n  \"properties\": {\r\n    \"networkAcls\": {\r\n      \"bypass\": \"AzureServices\",\r\n      \"virtualNetworkRules\": [\r\n        {\r\n          \"id\": \"/subscriptions/0b1f6471-1bf0-4dda-aec3-cb9272f09590/resourceGroups/rgstms1a868429c57/providers/Microsoft.Network/virtualNetworks/nw7af1390052941/subnets/subnetA\",\r\n          \"action\": \"Allow\",\r\n          \"state\": \"Succeeded\"\r\n        }\r\n      ],\r\n      \"ipRules\": [\r\n        {\r\n          \"value\": \"52.226.75.144\",\r\n          \"action\": \"Allow\"\r\n        }\r\n      ],\r\n      \"defaultAction\": \"Deny\"\r\n    },\r\n    \"trustedDirectories\": [\r\n      \"54826b22-38d6-4fb2-bad9-b7b93a3e9c5a\"\r\n    ],\r\n    \"supportsHttpsTrafficOnly\": true,\r\n    \"encryption\": {\r\n      \"services\": {\r\n        \"file\": {\r\n          \"enabled\": true,\r\n          \"lastEnabledTime\": \"2018-01-26T01:25:51.3913572Z\"\r\n        },\r\n        \"blob\": {\r\n          \"enabled\": true,\r\n          \"lastEnabledTime\": \"2018-01-26T01:25:51.3913572Z\"\r\n        }\r\n      },\r\n      \"keySource\": \"Microsoft.Storage\"\r\n    },\r\n    \"provisioningState\": \"Succeeded\",\r\n    \"creationTime\": \"2018-01-26T01:25:48.7661529Z\",\r\n    \"primaryEndpoints\": {\r\n      \"blob\": \"https://sa044147583f.blob.core.windows.net/\",\r\n      \"queue\": \"https://sa044147583f.queue.core.windows.net/\",\r\n      \"table\": \"https://sa044147583f.table.core.windows.net/\",\r\n      \"file\": \"https://sa044147583f.file.core.windows.net/\"\r\n    },\r\n    \"primaryLocation\": \"eastus\",\r\n    \"statusOfPrimary\": \"available\",\r\n    \"secondaryLocation\": \"westus\",\r\n    \"statusOfSecondary\": \"available\"\r\n  }\r\n}",
      "ResponseHeaders": {
        "Content-Type": [
          "application/json"
        ],
        "Expires": [
          "-1"
        ],
        "Cache-Control": [
          "no-cache"
        ],
        "Date": [
          "Fri, 26 Jan 2018 01:30:11 GMT"
        ],
        "Pragma": [
          "no-cache"
        ],
        "Transfer-Encoding": [
          "chunked"
        ],
        "Server": [
          "Microsoft-Azure-Storage-Resource-Provider/1.0,Microsoft-HTTPAPI/2.0 Microsoft-HTTPAPI/2.0"
        ],
        "Vary": [
          "Accept-Encoding"
        ],
        "x-ms-request-id": [
          "c8834c38-6865-4b80-9934-56f8213cf30b"
        ],
        "Strict-Transport-Security": [
          "max-age=31536000; includeSubDomains"
        ],
        "x-ms-ratelimit-remaining-subscription-reads": [
          "14994"
        ],
        "x-ms-correlation-request-id": [
          "a47d8fd9-027b-4867-a967-70a28167e623"
        ],
        "x-ms-routing-request-id": [
          "WESTUS2:20180126T013012Z:a47d8fd9-027b-4867-a967-70a28167e623"
        ]
      },
      "StatusCode": 200
    },
    {
      "RequestUri": "/subscriptions/0b1f6471-1bf0-4dda-aec3-cb9272f09590/resourceGroups/rgstms1a868429c57/providers/Microsoft.Network/publicIPAddresses/pip13535928bfd7?api-version=2017-08-01",
      "EncodedRequestUri": "L3N1YnNjcmlwdGlvbnMvMGIxZjY0NzEtMWJmMC00ZGRhLWFlYzMtY2I5MjcyZjA5NTkwL3Jlc291cmNlR3JvdXBzL3Jnc3RtczFhODY4NDI5YzU3L3Byb3ZpZGVycy9NaWNyb3NvZnQuTmV0d29yay9wdWJsaWNJUEFkZHJlc3Nlcy9waXAxMzUzNTkyOGJmZDc/YXBpLXZlcnNpb249MjAxNy0wOC0wMQ==",
      "RequestMethod": "PUT",
      "RequestBody": "{\r\n  \"properties\": {\r\n    \"dnsSettings\": {\r\n      \"domainNameLabel\": \"pip13535928bfd7\"\r\n    }\r\n  },\r\n  \"location\": \"eastus\",\r\n  \"tags\": {}\r\n}",
      "RequestHeaders": {
        "Content-Type": [
          "application/json; charset=utf-8"
        ],
        "Content-Length": [
          "141"
        ],
        "x-ms-client-request-id": [
          "2e59daca-3d6c-4d4b-9ed9-dbdd557c90a5"
        ],
        "accept-language": [
          "en-US"
        ],
        "User-Agent": [
          "FxVersion/4.6.25211.01",
          "Microsoft.Azure.Management.Network.Fluent.NetworkManagementClient/1.4.1.0",
          "MacAddressHash/dfee77392548b313738ad0ccfab668108c74b792acc3c80f33d82db6096e765d"
        ]
      },
      "ResponseBody": "{\r\n  \"name\": \"pip13535928bfd7\",\r\n  \"id\": \"/subscriptions/0b1f6471-1bf0-4dda-aec3-cb9272f09590/resourceGroups/rgstms1a868429c57/providers/Microsoft.Network/publicIPAddresses/pip13535928bfd7\",\r\n  \"etag\": \"W/\\\"1eeb7af1-031a-4112-af43-59853ce9cc54\\\"\",\r\n  \"location\": \"eastus\",\r\n  \"tags\": {},\r\n  \"properties\": {\r\n    \"provisioningState\": \"Updating\",\r\n    \"resourceGuid\": \"8f2f9a19-1d26-4b05-b473-7a7b17ce71b2\",\r\n    \"publicIPAddressVersion\": \"IPv4\",\r\n    \"publicIPAllocationMethod\": \"Dynamic\",\r\n    \"idleTimeoutInMinutes\": 4,\r\n    \"dnsSettings\": {\r\n      \"domainNameLabel\": \"pip13535928bfd7\",\r\n      \"fqdn\": \"pip13535928bfd7.eastus.cloudapp.azure.com\"\r\n    }\r\n  },\r\n  \"type\": \"Microsoft.Network/publicIPAddresses\",\r\n  \"sku\": {\r\n    \"name\": \"Basic\"\r\n  }\r\n}",
      "ResponseHeaders": {
        "Content-Length": [
          "750"
        ],
        "Content-Type": [
          "application/json; charset=utf-8"
        ],
        "Expires": [
          "-1"
        ],
        "Cache-Control": [
          "no-cache"
        ],
        "Date": [
          "Fri, 26 Jan 2018 01:26:37 GMT"
        ],
        "Pragma": [
          "no-cache"
        ],
        "Retry-After": [
          "3"
        ],
        "Server": [
          "Microsoft-HTTPAPI/2.0",
          "Microsoft-HTTPAPI/2.0"
        ],
        "x-ms-request-id": [
          "56b9c177-78d7-4077-bf24-0bf742f34d06"
        ],
        "Azure-AsyncOperation": [
          "https://management.azure.com/subscriptions/0b1f6471-1bf0-4dda-aec3-cb9272f09590/providers/Microsoft.Network/locations/eastus/operations/56b9c177-78d7-4077-bf24-0bf742f34d06?api-version=2017-08-01"
        ],
        "Strict-Transport-Security": [
          "max-age=31536000; includeSubDomains"
        ],
        "x-ms-ratelimit-remaining-subscription-writes": [
          "1196"
        ],
        "x-ms-correlation-request-id": [
          "6d6cfcac-25f2-4d8a-8a7a-f224141dd370"
        ],
        "x-ms-routing-request-id": [
          "WESTUS2:20180126T012637Z:6d6cfcac-25f2-4d8a-8a7a-f224141dd370"
        ]
      },
      "StatusCode": 201
    },
    {
      "RequestUri": "/subscriptions/0b1f6471-1bf0-4dda-aec3-cb9272f09590/providers/Microsoft.Network/locations/eastus/operations/56b9c177-78d7-4077-bf24-0bf742f34d06?api-version=2017-08-01",
      "EncodedRequestUri": "L3N1YnNjcmlwdGlvbnMvMGIxZjY0NzEtMWJmMC00ZGRhLWFlYzMtY2I5MjcyZjA5NTkwL3Byb3ZpZGVycy9NaWNyb3NvZnQuTmV0d29yay9sb2NhdGlvbnMvZWFzdHVzL29wZXJhdGlvbnMvNTZiOWMxNzctNzhkNy00MDc3LWJmMjQtMGJmNzQyZjM0ZDA2P2FwaS12ZXJzaW9uPTIwMTctMDgtMDE=",
      "RequestMethod": "GET",
      "RequestBody": "",
      "RequestHeaders": {
        "User-Agent": [
          "FxVersion/4.6.25211.01",
          "Microsoft.Azure.Management.Network.Fluent.NetworkManagementClient/1.4.1.0",
          "MacAddressHash/dfee77392548b313738ad0ccfab668108c74b792acc3c80f33d82db6096e765d"
        ]
      },
      "ResponseBody": "{\r\n  \"status\": \"Succeeded\"\r\n}",
      "ResponseHeaders": {
        "Content-Type": [
          "application/json; charset=utf-8"
        ],
        "Expires": [
          "-1"
        ],
        "Cache-Control": [
          "no-cache"
        ],
        "Date": [
          "Fri, 26 Jan 2018 01:26:47 GMT"
        ],
        "Pragma": [
          "no-cache"
        ],
        "Transfer-Encoding": [
          "chunked"
        ],
        "Server": [
          "Microsoft-HTTPAPI/2.0",
          "Microsoft-HTTPAPI/2.0"
        ],
        "Vary": [
          "Accept-Encoding"
        ],
        "x-ms-request-id": [
          "873c92da-3995-4baa-9dae-f7f2af442fa4"
        ],
        "Strict-Transport-Security": [
          "max-age=31536000; includeSubDomains"
        ],
        "x-ms-ratelimit-remaining-subscription-reads": [
          "14992"
        ],
        "x-ms-correlation-request-id": [
          "742a4d7a-72a2-4ae4-baf9-db52b87e1c05"
        ],
        "x-ms-routing-request-id": [
          "WESTUS2:20180126T012648Z:742a4d7a-72a2-4ae4-baf9-db52b87e1c05"
        ]
      },
      "StatusCode": 200
    },
    {
      "RequestUri": "/subscriptions/0b1f6471-1bf0-4dda-aec3-cb9272f09590/resourceGroups/rgstms1a868429c57/providers/Microsoft.Network/publicIPAddresses/pip13535928bfd7?api-version=2017-08-01",
      "EncodedRequestUri": "L3N1YnNjcmlwdGlvbnMvMGIxZjY0NzEtMWJmMC00ZGRhLWFlYzMtY2I5MjcyZjA5NTkwL3Jlc291cmNlR3JvdXBzL3Jnc3RtczFhODY4NDI5YzU3L3Byb3ZpZGVycy9NaWNyb3NvZnQuTmV0d29yay9wdWJsaWNJUEFkZHJlc3Nlcy9waXAxMzUzNTkyOGJmZDc/YXBpLXZlcnNpb249MjAxNy0wOC0wMQ==",
      "RequestMethod": "GET",
      "RequestBody": "",
      "RequestHeaders": {
        "User-Agent": [
          "FxVersion/4.6.25211.01",
          "Microsoft.Azure.Management.Network.Fluent.NetworkManagementClient/1.4.1.0",
          "MacAddressHash/dfee77392548b313738ad0ccfab668108c74b792acc3c80f33d82db6096e765d"
        ]
      },
      "ResponseBody": "{\r\n  \"name\": \"pip13535928bfd7\",\r\n  \"id\": \"/subscriptions/0b1f6471-1bf0-4dda-aec3-cb9272f09590/resourceGroups/rgstms1a868429c57/providers/Microsoft.Network/publicIPAddresses/pip13535928bfd7\",\r\n  \"etag\": \"W/\\\"7cedc8a2-bfee-4e46-8cec-bbbecbf90be8\\\"\",\r\n  \"location\": \"eastus\",\r\n  \"tags\": {},\r\n  \"properties\": {\r\n    \"provisioningState\": \"Succeeded\",\r\n    \"resourceGuid\": \"8f2f9a19-1d26-4b05-b473-7a7b17ce71b2\",\r\n    \"publicIPAddressVersion\": \"IPv4\",\r\n    \"publicIPAllocationMethod\": \"Dynamic\",\r\n    \"idleTimeoutInMinutes\": 4,\r\n    \"dnsSettings\": {\r\n      \"domainNameLabel\": \"pip13535928bfd7\",\r\n      \"fqdn\": \"pip13535928bfd7.eastus.cloudapp.azure.com\"\r\n    }\r\n  },\r\n  \"type\": \"Microsoft.Network/publicIPAddresses\",\r\n  \"sku\": {\r\n    \"name\": \"Basic\"\r\n  }\r\n}",
      "ResponseHeaders": {
        "Content-Type": [
          "application/json; charset=utf-8"
        ],
        "Expires": [
          "-1"
        ],
        "Cache-Control": [
          "no-cache"
        ],
        "Date": [
          "Fri, 26 Jan 2018 01:26:47 GMT"
        ],
        "Pragma": [
          "no-cache"
        ],
        "Transfer-Encoding": [
          "chunked"
        ],
        "ETag": [
          "W/\"7cedc8a2-bfee-4e46-8cec-bbbecbf90be8\""
        ],
        "Server": [
          "Microsoft-HTTPAPI/2.0",
          "Microsoft-HTTPAPI/2.0"
        ],
        "Vary": [
          "Accept-Encoding"
        ],
        "x-ms-request-id": [
          "e9d4f96c-62b5-4267-a49f-9f9ddede6378"
        ],
        "Strict-Transport-Security": [
          "max-age=31536000; includeSubDomains"
        ],
        "x-ms-ratelimit-remaining-subscription-reads": [
          "14991"
        ],
        "x-ms-correlation-request-id": [
          "c6db5af9-30df-4b43-bb1e-89f6fe31529e"
        ],
        "x-ms-routing-request-id": [
          "WESTUS2:20180126T012648Z:c6db5af9-30df-4b43-bb1e-89f6fe31529e"
        ]
      },
      "StatusCode": 200
    },
    {
      "RequestUri": "/subscriptions/0b1f6471-1bf0-4dda-aec3-cb9272f09590/resourceGroups/rgstms1a868429c57/providers/Microsoft.Network/publicIPAddresses/pip13535928bfd7?api-version=2017-08-01",
      "EncodedRequestUri": "L3N1YnNjcmlwdGlvbnMvMGIxZjY0NzEtMWJmMC00ZGRhLWFlYzMtY2I5MjcyZjA5NTkwL3Jlc291cmNlR3JvdXBzL3Jnc3RtczFhODY4NDI5YzU3L3Byb3ZpZGVycy9NaWNyb3NvZnQuTmV0d29yay9wdWJsaWNJUEFkZHJlc3Nlcy9waXAxMzUzNTkyOGJmZDc/YXBpLXZlcnNpb249MjAxNy0wOC0wMQ==",
      "RequestMethod": "GET",
      "RequestBody": "",
      "RequestHeaders": {
        "x-ms-client-request-id": [
          "baf869f1-1a6f-4228-9503-9affb0c60ecf"
        ],
        "accept-language": [
          "en-US"
        ],
        "User-Agent": [
          "FxVersion/4.6.25211.01",
          "Microsoft.Azure.Management.Network.Fluent.NetworkManagementClient/1.4.1.0",
          "MacAddressHash/dfee77392548b313738ad0ccfab668108c74b792acc3c80f33d82db6096e765d"
        ]
      },
      "ResponseBody": "{\r\n  \"name\": \"pip13535928bfd7\",\r\n  \"id\": \"/subscriptions/0b1f6471-1bf0-4dda-aec3-cb9272f09590/resourceGroups/rgstms1a868429c57/providers/Microsoft.Network/publicIPAddresses/pip13535928bfd7\",\r\n  \"etag\": \"W/\\\"aaae7261-0baf-4fd6-a38d-5a23b3e5a82c\\\"\",\r\n  \"location\": \"eastus\",\r\n  \"tags\": {},\r\n  \"properties\": {\r\n    \"provisioningState\": \"Succeeded\",\r\n    \"resourceGuid\": \"8f2f9a19-1d26-4b05-b473-7a7b17ce71b2\",\r\n    \"ipAddress\": \"52.226.75.144\",\r\n    \"publicIPAddressVersion\": \"IPv4\",\r\n    \"publicIPAllocationMethod\": \"Dynamic\",\r\n    \"idleTimeoutInMinutes\": 4,\r\n    \"dnsSettings\": {\r\n      \"domainNameLabel\": \"pip13535928bfd7\",\r\n      \"fqdn\": \"pip13535928bfd7.eastus.cloudapp.azure.com\"\r\n    },\r\n    \"ipConfiguration\": {\r\n      \"id\": \"/subscriptions/0b1f6471-1bf0-4dda-aec3-cb9272f09590/resourceGroups/rgstms1a868429c57/providers/Microsoft.Network/networkInterfaces/nic575400007fa/ipConfigurations/primary\"\r\n    }\r\n  },\r\n  \"type\": \"Microsoft.Network/publicIPAddresses\",\r\n  \"sku\": {\r\n    \"name\": \"Basic\"\r\n  }\r\n}",
      "ResponseHeaders": {
        "Content-Type": [
          "application/json; charset=utf-8"
        ],
        "Expires": [
          "-1"
        ],
        "Cache-Control": [
          "no-cache"
        ],
        "Date": [
          "Fri, 26 Jan 2018 01:28:43 GMT"
        ],
        "Pragma": [
          "no-cache"
        ],
        "Transfer-Encoding": [
          "chunked"
        ],
        "ETag": [
          "W/\"aaae7261-0baf-4fd6-a38d-5a23b3e5a82c\""
        ],
        "Server": [
          "Microsoft-HTTPAPI/2.0",
          "Microsoft-HTTPAPI/2.0"
        ],
        "Vary": [
          "Accept-Encoding"
        ],
        "x-ms-request-id": [
          "da05298f-255d-4014-9edd-a07bc2557cdb"
        ],
        "Strict-Transport-Security": [
          "max-age=31536000; includeSubDomains"
        ],
        "x-ms-ratelimit-remaining-subscription-reads": [
          "14983"
        ],
        "x-ms-correlation-request-id": [
          "c781b092-7e59-4601-b90e-c3fd6020a45d"
        ],
        "x-ms-routing-request-id": [
          "WESTUS2:20180126T012843Z:c781b092-7e59-4601-b90e-c3fd6020a45d"
        ]
      },
      "StatusCode": 200
    },
    {
      "RequestUri": "/subscriptions/0b1f6471-1bf0-4dda-aec3-cb9272f09590/resourceGroups/rgstms1a868429c57/providers/Microsoft.Network/virtualNetworks/vnet10432980891a?api-version=2017-08-01",
      "EncodedRequestUri": "L3N1YnNjcmlwdGlvbnMvMGIxZjY0NzEtMWJmMC00ZGRhLWFlYzMtY2I5MjcyZjA5NTkwL3Jlc291cmNlR3JvdXBzL3Jnc3RtczFhODY4NDI5YzU3L3Byb3ZpZGVycy9NaWNyb3NvZnQuTmV0d29yay92aXJ0dWFsTmV0d29ya3Mvdm5ldDEwNDMyOTgwODkxYT9hcGktdmVyc2lvbj0yMDE3LTA4LTAx",
      "RequestMethod": "PUT",
      "RequestBody": "{\r\n  \"properties\": {\r\n    \"addressSpace\": {\r\n      \"addressPrefixes\": [\r\n        \"10.1.0.0/28\"\r\n      ]\r\n    },\r\n    \"dhcpOptions\": {\r\n      \"dnsServers\": []\r\n    },\r\n    \"subnets\": [\r\n      {\r\n        \"properties\": {\r\n          \"addressPrefix\": \"10.1.0.0/28\"\r\n        },\r\n        \"name\": \"subnet1\"\r\n      }\r\n    ]\r\n  },\r\n  \"location\": \"eastus\",\r\n  \"tags\": {}\r\n}",
      "RequestHeaders": {
        "Content-Type": [
          "application/json; charset=utf-8"
        ],
        "Content-Length": [
          "362"
        ],
        "x-ms-client-request-id": [
          "4d771d6d-7a7b-4f6f-a5cc-e8780936edec"
        ],
        "accept-language": [
          "en-US"
        ],
        "User-Agent": [
          "FxVersion/4.6.25211.01",
          "Microsoft.Azure.Management.Network.Fluent.NetworkManagementClient/1.4.1.0",
          "MacAddressHash/dfee77392548b313738ad0ccfab668108c74b792acc3c80f33d82db6096e765d"
        ]
      },
      "ResponseBody": "{\r\n  \"name\": \"vnet10432980891a\",\r\n  \"id\": \"/subscriptions/0b1f6471-1bf0-4dda-aec3-cb9272f09590/resourceGroups/rgstms1a868429c57/providers/Microsoft.Network/virtualNetworks/vnet10432980891a\",\r\n  \"etag\": \"W/\\\"1f5c4f92-f4da-4ac6-a6cb-160cd5b62f3c\\\"\",\r\n  \"type\": \"Microsoft.Network/virtualNetworks\",\r\n  \"location\": \"eastus\",\r\n  \"tags\": {},\r\n  \"properties\": {\r\n    \"provisioningState\": \"Updating\",\r\n    \"resourceGuid\": \"acbee26c-f853-43eb-b948-3b091c2673d3\",\r\n    \"addressSpace\": {\r\n      \"addressPrefixes\": [\r\n        \"10.1.0.0/28\"\r\n      ]\r\n    },\r\n    \"dhcpOptions\": {\r\n      \"dnsServers\": []\r\n    },\r\n    \"subnets\": [\r\n      {\r\n        \"name\": \"subnet1\",\r\n        \"id\": \"/subscriptions/0b1f6471-1bf0-4dda-aec3-cb9272f09590/resourceGroups/rgstms1a868429c57/providers/Microsoft.Network/virtualNetworks/vnet10432980891a/subnets/subnet1\",\r\n        \"etag\": \"W/\\\"1f5c4f92-f4da-4ac6-a6cb-160cd5b62f3c\\\"\",\r\n        \"properties\": {\r\n          \"provisioningState\": \"Updating\",\r\n          \"addressPrefix\": \"10.1.0.0/28\"\r\n        }\r\n      }\r\n    ],\r\n    \"virtualNetworkPeerings\": [],\r\n    \"enableDdosProtection\": false,\r\n    \"enableVmProtection\": false\r\n  }\r\n}",
      "ResponseHeaders": {
        "Content-Length": [
          "1147"
        ],
        "Content-Type": [
          "application/json; charset=utf-8"
        ],
        "Expires": [
          "-1"
        ],
        "Cache-Control": [
          "no-cache"
        ],
        "Date": [
          "Fri, 26 Jan 2018 01:26:49 GMT"
        ],
        "Pragma": [
          "no-cache"
        ],
        "Retry-After": [
          "3"
        ],
        "Server": [
          "Microsoft-HTTPAPI/2.0",
          "Microsoft-HTTPAPI/2.0"
        ],
        "x-ms-request-id": [
          "8e329a3c-306b-4ba6-a40c-72d34b471dea"
        ],
        "Azure-AsyncOperation": [
          "https://management.azure.com/subscriptions/0b1f6471-1bf0-4dda-aec3-cb9272f09590/providers/Microsoft.Network/locations/eastus/operations/8e329a3c-306b-4ba6-a40c-72d34b471dea?api-version=2017-08-01"
        ],
        "Strict-Transport-Security": [
          "max-age=31536000; includeSubDomains"
        ],
        "x-ms-ratelimit-remaining-subscription-writes": [
          "1195"
        ],
        "x-ms-correlation-request-id": [
          "99c7c597-a988-419c-b0a9-9ccbafce506f"
        ],
        "x-ms-routing-request-id": [
          "WESTUS2:20180126T012649Z:99c7c597-a988-419c-b0a9-9ccbafce506f"
        ]
      },
      "StatusCode": 201
    },
    {
      "RequestUri": "/subscriptions/0b1f6471-1bf0-4dda-aec3-cb9272f09590/providers/Microsoft.Network/locations/eastus/operations/8e329a3c-306b-4ba6-a40c-72d34b471dea?api-version=2017-08-01",
      "EncodedRequestUri": "L3N1YnNjcmlwdGlvbnMvMGIxZjY0NzEtMWJmMC00ZGRhLWFlYzMtY2I5MjcyZjA5NTkwL3Byb3ZpZGVycy9NaWNyb3NvZnQuTmV0d29yay9sb2NhdGlvbnMvZWFzdHVzL29wZXJhdGlvbnMvOGUzMjlhM2MtMzA2Yi00YmE2LWE0MGMtNzJkMzRiNDcxZGVhP2FwaS12ZXJzaW9uPTIwMTctMDgtMDE=",
      "RequestMethod": "GET",
      "RequestBody": "",
      "RequestHeaders": {
        "User-Agent": [
          "FxVersion/4.6.25211.01",
          "Microsoft.Azure.Management.Network.Fluent.NetworkManagementClient/1.4.1.0",
          "MacAddressHash/dfee77392548b313738ad0ccfab668108c74b792acc3c80f33d82db6096e765d"
        ]
      },
      "ResponseBody": "{\r\n  \"status\": \"Succeeded\"\r\n}",
      "ResponseHeaders": {
        "Content-Type": [
          "application/json; charset=utf-8"
        ],
        "Expires": [
          "-1"
        ],
        "Cache-Control": [
          "no-cache"
        ],
        "Date": [
          "Fri, 26 Jan 2018 01:26:59 GMT"
        ],
        "Pragma": [
          "no-cache"
        ],
        "Transfer-Encoding": [
          "chunked"
        ],
        "Server": [
          "Microsoft-HTTPAPI/2.0",
          "Microsoft-HTTPAPI/2.0"
        ],
        "Vary": [
          "Accept-Encoding"
        ],
        "x-ms-request-id": [
          "fd3a9901-a23d-4c82-8d67-601d75fe2a6d"
        ],
        "Strict-Transport-Security": [
          "max-age=31536000; includeSubDomains"
        ],
        "x-ms-ratelimit-remaining-subscription-reads": [
          "14990"
        ],
        "x-ms-correlation-request-id": [
          "9ec626fe-f89d-4e06-b0c8-d749390444b1"
        ],
        "x-ms-routing-request-id": [
          "WESTUS2:20180126T012700Z:9ec626fe-f89d-4e06-b0c8-d749390444b1"
        ]
      },
      "StatusCode": 200
    },
    {
      "RequestUri": "/subscriptions/0b1f6471-1bf0-4dda-aec3-cb9272f09590/resourceGroups/rgstms1a868429c57/providers/Microsoft.Network/virtualNetworks/vnet10432980891a?api-version=2017-08-01",
      "EncodedRequestUri": "L3N1YnNjcmlwdGlvbnMvMGIxZjY0NzEtMWJmMC00ZGRhLWFlYzMtY2I5MjcyZjA5NTkwL3Jlc291cmNlR3JvdXBzL3Jnc3RtczFhODY4NDI5YzU3L3Byb3ZpZGVycy9NaWNyb3NvZnQuTmV0d29yay92aXJ0dWFsTmV0d29ya3Mvdm5ldDEwNDMyOTgwODkxYT9hcGktdmVyc2lvbj0yMDE3LTA4LTAx",
      "RequestMethod": "GET",
      "RequestBody": "",
      "RequestHeaders": {
        "User-Agent": [
          "FxVersion/4.6.25211.01",
          "Microsoft.Azure.Management.Network.Fluent.NetworkManagementClient/1.4.1.0",
          "MacAddressHash/dfee77392548b313738ad0ccfab668108c74b792acc3c80f33d82db6096e765d"
        ]
      },
      "ResponseBody": "{\r\n  \"name\": \"vnet10432980891a\",\r\n  \"id\": \"/subscriptions/0b1f6471-1bf0-4dda-aec3-cb9272f09590/resourceGroups/rgstms1a868429c57/providers/Microsoft.Network/virtualNetworks/vnet10432980891a\",\r\n  \"etag\": \"W/\\\"ef088af6-f45c-4a3b-9b36-00b7436d619d\\\"\",\r\n  \"type\": \"Microsoft.Network/virtualNetworks\",\r\n  \"location\": \"eastus\",\r\n  \"tags\": {},\r\n  \"properties\": {\r\n    \"provisioningState\": \"Succeeded\",\r\n    \"resourceGuid\": \"acbee26c-f853-43eb-b948-3b091c2673d3\",\r\n    \"addressSpace\": {\r\n      \"addressPrefixes\": [\r\n        \"10.1.0.0/28\"\r\n      ]\r\n    },\r\n    \"dhcpOptions\": {\r\n      \"dnsServers\": []\r\n    },\r\n    \"subnets\": [\r\n      {\r\n        \"name\": \"subnet1\",\r\n        \"id\": \"/subscriptions/0b1f6471-1bf0-4dda-aec3-cb9272f09590/resourceGroups/rgstms1a868429c57/providers/Microsoft.Network/virtualNetworks/vnet10432980891a/subnets/subnet1\",\r\n        \"etag\": \"W/\\\"ef088af6-f45c-4a3b-9b36-00b7436d619d\\\"\",\r\n        \"properties\": {\r\n          \"provisioningState\": \"Succeeded\",\r\n          \"addressPrefix\": \"10.1.0.0/28\"\r\n        }\r\n      }\r\n    ],\r\n    \"virtualNetworkPeerings\": [],\r\n    \"enableDdosProtection\": false,\r\n    \"enableVmProtection\": false\r\n  }\r\n}",
      "ResponseHeaders": {
        "Content-Type": [
          "application/json; charset=utf-8"
        ],
        "Expires": [
          "-1"
        ],
        "Cache-Control": [
          "no-cache"
        ],
        "Date": [
          "Fri, 26 Jan 2018 01:26:59 GMT"
        ],
        "Pragma": [
          "no-cache"
        ],
        "Transfer-Encoding": [
          "chunked"
        ],
        "ETag": [
          "W/\"ef088af6-f45c-4a3b-9b36-00b7436d619d\""
        ],
        "Server": [
          "Microsoft-HTTPAPI/2.0",
          "Microsoft-HTTPAPI/2.0"
        ],
        "Vary": [
          "Accept-Encoding"
        ],
        "x-ms-request-id": [
          "3a085cb1-94e7-44df-bd2d-a4a6113a04ab"
        ],
        "Strict-Transport-Security": [
          "max-age=31536000; includeSubDomains"
        ],
        "x-ms-ratelimit-remaining-subscription-reads": [
          "14989"
        ],
        "x-ms-correlation-request-id": [
          "c97eb895-4221-4654-8672-2d92a13462b1"
        ],
        "x-ms-routing-request-id": [
          "WESTUS2:20180126T012700Z:c97eb895-4221-4654-8672-2d92a13462b1"
        ]
      },
      "StatusCode": 200
    },
    {
      "RequestUri": "/subscriptions/0b1f6471-1bf0-4dda-aec3-cb9272f09590/resourceGroups/rgstms1a868429c57/providers/Microsoft.Network/networkInterfaces/nic575400007fa?api-version=2017-08-01",
      "EncodedRequestUri": "L3N1YnNjcmlwdGlvbnMvMGIxZjY0NzEtMWJmMC00ZGRhLWFlYzMtY2I5MjcyZjA5NTkwL3Jlc291cmNlR3JvdXBzL3Jnc3RtczFhODY4NDI5YzU3L3Byb3ZpZGVycy9NaWNyb3NvZnQuTmV0d29yay9uZXR3b3JrSW50ZXJmYWNlcy9uaWM1NzU0MDAwMDdmYT9hcGktdmVyc2lvbj0yMDE3LTA4LTAx",
      "RequestMethod": "PUT",
      "RequestBody": "{\r\n  \"properties\": {\r\n    \"ipConfigurations\": [\r\n      {\r\n        \"properties\": {\r\n          \"privateIPAllocationMethod\": \"Dynamic\",\r\n          \"subnet\": {\r\n            \"id\": \"/subscriptions/0b1f6471-1bf0-4dda-aec3-cb9272f09590/resourceGroups/rgstms1a868429c57/providers/Microsoft.Network/virtualNetworks/vnet10432980891a/subnets/subnet1\"\r\n          },\r\n          \"primary\": true,\r\n          \"publicIPAddress\": {\r\n            \"id\": \"/subscriptions/0b1f6471-1bf0-4dda-aec3-cb9272f09590/resourceGroups/rgstms1a868429c57/providers/Microsoft.Network/publicIPAddresses/pip13535928bfd7\"\r\n          }\r\n        },\r\n        \"name\": \"primary\"\r\n      }\r\n    ],\r\n    \"dnsSettings\": {}\r\n  },\r\n  \"location\": \"eastus\",\r\n  \"tags\": {}\r\n}",
      "RequestHeaders": {
        "Content-Type": [
          "application/json; charset=utf-8"
        ],
        "Content-Length": [
          "720"
        ],
        "x-ms-client-request-id": [
          "42bedc92-bec2-4d74-84a5-12f32c376fc1"
        ],
        "accept-language": [
          "en-US"
        ],
        "User-Agent": [
          "FxVersion/4.6.25211.01",
          "Microsoft.Azure.Management.Network.Fluent.NetworkManagementClient/1.4.1.0",
          "MacAddressHash/dfee77392548b313738ad0ccfab668108c74b792acc3c80f33d82db6096e765d"
        ]
      },
      "ResponseBody": "{\r\n  \"name\": \"nic575400007fa\",\r\n  \"id\": \"/subscriptions/0b1f6471-1bf0-4dda-aec3-cb9272f09590/resourceGroups/rgstms1a868429c57/providers/Microsoft.Network/networkInterfaces/nic575400007fa\",\r\n  \"etag\": \"W/\\\"9ad43f24-4c19-4da4-a840-de98b57a9c7e\\\"\",\r\n  \"location\": \"eastus\",\r\n  \"tags\": {},\r\n  \"properties\": {\r\n    \"provisioningState\": \"Succeeded\",\r\n    \"resourceGuid\": \"bf998be3-eb58-4939-9240-78a25050c349\",\r\n    \"ipConfigurations\": [\r\n      {\r\n        \"name\": \"primary\",\r\n        \"id\": \"/subscriptions/0b1f6471-1bf0-4dda-aec3-cb9272f09590/resourceGroups/rgstms1a868429c57/providers/Microsoft.Network/networkInterfaces/nic575400007fa/ipConfigurations/primary\",\r\n        \"etag\": \"W/\\\"9ad43f24-4c19-4da4-a840-de98b57a9c7e\\\"\",\r\n        \"properties\": {\r\n          \"provisioningState\": \"Succeeded\",\r\n          \"privateIPAddress\": \"10.1.0.4\",\r\n          \"privateIPAllocationMethod\": \"Dynamic\",\r\n          \"publicIPAddress\": {\r\n            \"id\": \"/subscriptions/0b1f6471-1bf0-4dda-aec3-cb9272f09590/resourceGroups/rgstms1a868429c57/providers/Microsoft.Network/publicIPAddresses/pip13535928bfd7\"\r\n          },\r\n          \"subnet\": {\r\n            \"id\": \"/subscriptions/0b1f6471-1bf0-4dda-aec3-cb9272f09590/resourceGroups/rgstms1a868429c57/providers/Microsoft.Network/virtualNetworks/vnet10432980891a/subnets/subnet1\"\r\n          },\r\n          \"primary\": true,\r\n          \"privateIPAddressVersion\": \"IPv4\"\r\n        }\r\n      }\r\n    ],\r\n    \"dnsSettings\": {\r\n      \"dnsServers\": [],\r\n      \"appliedDnsServers\": [],\r\n      \"internalDomainNameSuffix\": \"ntrl3lct5dvuhokihmeryjtt0d.bx.internal.cloudapp.net\"\r\n    },\r\n    \"enableAcceleratedNetworking\": false,\r\n    \"enableIPForwarding\": false\r\n  },\r\n  \"type\": \"Microsoft.Network/networkInterfaces\"\r\n}",
      "ResponseHeaders": {
        "Content-Length": [
          "1729"
        ],
        "Content-Type": [
          "application/json; charset=utf-8"
        ],
        "Expires": [
          "-1"
        ],
        "Cache-Control": [
          "no-cache"
        ],
        "Date": [
          "Fri, 26 Jan 2018 01:27:00 GMT"
        ],
        "Pragma": [
          "no-cache"
        ],
        "Server": [
          "Microsoft-HTTPAPI/2.0",
          "Microsoft-HTTPAPI/2.0"
        ],
        "x-ms-request-id": [
          "64feb918-7480-423f-b416-292fba25ec2a"
        ],
        "Azure-AsyncOperation": [
          "https://management.azure.com/subscriptions/0b1f6471-1bf0-4dda-aec3-cb9272f09590/providers/Microsoft.Network/locations/eastus/operations/64feb918-7480-423f-b416-292fba25ec2a?api-version=2017-08-01"
        ],
        "Strict-Transport-Security": [
          "max-age=31536000; includeSubDomains"
        ],
        "x-ms-ratelimit-remaining-subscription-writes": [
          "1194"
        ],
        "x-ms-correlation-request-id": [
          "48e43cf7-1a39-40a1-9d8f-81de303ad6d7"
        ],
        "x-ms-routing-request-id": [
          "WESTUS2:20180126T012701Z:48e43cf7-1a39-40a1-9d8f-81de303ad6d7"
        ]
      },
      "StatusCode": 201
    },
    {
      "RequestUri": "/subscriptions/0b1f6471-1bf0-4dda-aec3-cb9272f09590/resourceGroups/rgstms1a868429c57/providers/Microsoft.Network/networkInterfaces/nic575400007fa?api-version=2017-08-01",
      "EncodedRequestUri": "L3N1YnNjcmlwdGlvbnMvMGIxZjY0NzEtMWJmMC00ZGRhLWFlYzMtY2I5MjcyZjA5NTkwL3Jlc291cmNlR3JvdXBzL3Jnc3RtczFhODY4NDI5YzU3L3Byb3ZpZGVycy9NaWNyb3NvZnQuTmV0d29yay9uZXR3b3JrSW50ZXJmYWNlcy9uaWM1NzU0MDAwMDdmYT9hcGktdmVyc2lvbj0yMDE3LTA4LTAx",
      "RequestMethod": "GET",
      "RequestBody": "",
      "RequestHeaders": {
        "User-Agent": [
          "FxVersion/4.6.25211.01",
          "Microsoft.Azure.Management.Network.Fluent.NetworkManagementClient/1.4.1.0",
          "MacAddressHash/dfee77392548b313738ad0ccfab668108c74b792acc3c80f33d82db6096e765d"
        ]
      },
      "ResponseBody": "{\r\n  \"name\": \"nic575400007fa\",\r\n  \"id\": \"/subscriptions/0b1f6471-1bf0-4dda-aec3-cb9272f09590/resourceGroups/rgstms1a868429c57/providers/Microsoft.Network/networkInterfaces/nic575400007fa\",\r\n  \"etag\": \"W/\\\"9ad43f24-4c19-4da4-a840-de98b57a9c7e\\\"\",\r\n  \"location\": \"eastus\",\r\n  \"tags\": {},\r\n  \"properties\": {\r\n    \"provisioningState\": \"Succeeded\",\r\n    \"resourceGuid\": \"bf998be3-eb58-4939-9240-78a25050c349\",\r\n    \"ipConfigurations\": [\r\n      {\r\n        \"name\": \"primary\",\r\n        \"id\": \"/subscriptions/0b1f6471-1bf0-4dda-aec3-cb9272f09590/resourceGroups/rgstms1a868429c57/providers/Microsoft.Network/networkInterfaces/nic575400007fa/ipConfigurations/primary\",\r\n        \"etag\": \"W/\\\"9ad43f24-4c19-4da4-a840-de98b57a9c7e\\\"\",\r\n        \"properties\": {\r\n          \"provisioningState\": \"Succeeded\",\r\n          \"privateIPAddress\": \"10.1.0.4\",\r\n          \"privateIPAllocationMethod\": \"Dynamic\",\r\n          \"publicIPAddress\": {\r\n            \"id\": \"/subscriptions/0b1f6471-1bf0-4dda-aec3-cb9272f09590/resourceGroups/rgstms1a868429c57/providers/Microsoft.Network/publicIPAddresses/pip13535928bfd7\"\r\n          },\r\n          \"subnet\": {\r\n            \"id\": \"/subscriptions/0b1f6471-1bf0-4dda-aec3-cb9272f09590/resourceGroups/rgstms1a868429c57/providers/Microsoft.Network/virtualNetworks/vnet10432980891a/subnets/subnet1\"\r\n          },\r\n          \"primary\": true,\r\n          \"privateIPAddressVersion\": \"IPv4\"\r\n        }\r\n      }\r\n    ],\r\n    \"dnsSettings\": {\r\n      \"dnsServers\": [],\r\n      \"appliedDnsServers\": [],\r\n      \"internalDomainNameSuffix\": \"ntrl3lct5dvuhokihmeryjtt0d.bx.internal.cloudapp.net\"\r\n    },\r\n    \"enableAcceleratedNetworking\": false,\r\n    \"enableIPForwarding\": false\r\n  },\r\n  \"type\": \"Microsoft.Network/networkInterfaces\"\r\n}",
      "ResponseHeaders": {
        "Content-Type": [
          "application/json; charset=utf-8"
        ],
        "Expires": [
          "-1"
        ],
        "Cache-Control": [
          "no-cache"
        ],
        "Date": [
          "Fri, 26 Jan 2018 01:27:00 GMT"
        ],
        "Pragma": [
          "no-cache"
        ],
        "Transfer-Encoding": [
          "chunked"
        ],
        "ETag": [
          "W/\"9ad43f24-4c19-4da4-a840-de98b57a9c7e\""
        ],
        "Server": [
          "Microsoft-HTTPAPI/2.0",
          "Microsoft-HTTPAPI/2.0"
        ],
        "Vary": [
          "Accept-Encoding"
        ],
        "x-ms-request-id": [
          "bfc75b70-c5a0-49bd-b2c2-b2d5cd8c3473"
        ],
        "Strict-Transport-Security": [
          "max-age=31536000; includeSubDomains"
        ],
        "x-ms-ratelimit-remaining-subscription-reads": [
          "14988"
        ],
        "x-ms-correlation-request-id": [
          "f5b5293b-b454-40b4-9bfb-6a225de90796"
        ],
        "x-ms-routing-request-id": [
          "WESTUS2:20180126T012701Z:f5b5293b-b454-40b4-9bfb-6a225de90796"
        ]
      },
      "StatusCode": 200
    },
    {
      "RequestUri": "/subscriptions/0b1f6471-1bf0-4dda-aec3-cb9272f09590/resourceGroups/rgstms1a868429c57/providers/Microsoft.Compute/virtualMachines/vma8167701?api-version=2017-12-01",
      "EncodedRequestUri": "L3N1YnNjcmlwdGlvbnMvMGIxZjY0NzEtMWJmMC00ZGRhLWFlYzMtY2I5MjcyZjA5NTkwL3Jlc291cmNlR3JvdXBzL3Jnc3RtczFhODY4NDI5YzU3L3Byb3ZpZGVycy9NaWNyb3NvZnQuQ29tcHV0ZS92aXJ0dWFsTWFjaGluZXMvdm1hODE2NzcwMT9hcGktdmVyc2lvbj0yMDE3LTEyLTAx",
      "RequestMethod": "PUT",
      "RequestBody": "{\r\n  \"properties\": {\r\n    \"hardwareProfile\": {\r\n      \"vmSize\": \"Standard_D3_v2\"\r\n    },\r\n    \"storageProfile\": {\r\n      \"imageReference\": {\r\n        \"publisher\": \"Canonical\",\r\n        \"offer\": \"UbuntuServer\",\r\n        \"sku\": \"16.04.0-LTS\",\r\n        \"version\": \"latest\"\r\n      },\r\n      \"osDisk\": {\r\n        \"caching\": \"ReadWrite\",\r\n        \"createOption\": \"FromImage\",\r\n        \"managedDisk\": {\r\n          \"storageAccountType\": \"Standard_LRS\"\r\n        }\r\n      }\r\n    },\r\n    \"osProfile\": {\r\n      \"computerName\": \"vma8167701\",\r\n      \"adminUsername\": \"tirekicker\",\r\n      \"adminPassword\": \"12NewPA$$w0rd!\",\r\n      \"linuxConfiguration\": {\r\n        \"disablePasswordAuthentication\": false\r\n      }\r\n    },\r\n    \"networkProfile\": {\r\n      \"networkInterfaces\": [\r\n        {\r\n          \"properties\": {\r\n            \"primary\": true\r\n          },\r\n          \"id\": \"/subscriptions/0b1f6471-1bf0-4dda-aec3-cb9272f09590/resourceGroups/rgstms1a868429c57/providers/Microsoft.Network/networkInterfaces/nic575400007fa\"\r\n        }\r\n      ]\r\n    }\r\n  },\r\n  \"location\": \"eastus\",\r\n  \"tags\": {}\r\n}",
      "RequestHeaders": {
        "Content-Type": [
          "application/json; charset=utf-8"
        ],
        "Content-Length": [
          "1080"
        ],
        "x-ms-client-request-id": [
          "014e67b8-b223-4ef2-b798-ba4740276685"
        ],
        "accept-language": [
          "en-US"
        ],
        "User-Agent": [
          "FxVersion/4.6.25211.01",
          "Microsoft.Azure.Management.Compute.Fluent.ComputeManagementClient/1.4.1.0",
          "MacAddressHash/dfee77392548b313738ad0ccfab668108c74b792acc3c80f33d82db6096e765d"
        ]
      },
      "ResponseBody": "{\r\n  \"properties\": {\r\n    \"vmId\": \"186ee5d3-a8de-4ff3-8442-d901ed15d2d2\",\r\n    \"hardwareProfile\": {\r\n      \"vmSize\": \"Standard_D3_v2\"\r\n    },\r\n    \"storageProfile\": {\r\n      \"imageReference\": {\r\n        \"publisher\": \"Canonical\",\r\n        \"offer\": \"UbuntuServer\",\r\n        \"sku\": \"16.04.0-LTS\",\r\n        \"version\": \"latest\"\r\n      },\r\n      \"osDisk\": {\r\n        \"osType\": \"Linux\",\r\n        \"createOption\": \"FromImage\",\r\n        \"caching\": \"ReadWrite\",\r\n        \"managedDisk\": {\r\n          \"storageAccountType\": \"Standard_LRS\"\r\n        }\r\n      },\r\n      \"dataDisks\": []\r\n    },\r\n    \"osProfile\": {\r\n      \"computerName\": \"vma8167701\",\r\n      \"adminUsername\": \"tirekicker\",\r\n      \"linuxConfiguration\": {\r\n        \"disablePasswordAuthentication\": false\r\n      },\r\n      \"secrets\": []\r\n    },\r\n    \"networkProfile\": {\r\n      \"networkInterfaces\": [\r\n        {\r\n          \"id\": \"/subscriptions/0b1f6471-1bf0-4dda-aec3-cb9272f09590/resourceGroups/rgstms1a868429c57/providers/Microsoft.Network/networkInterfaces/nic575400007fa\",\r\n          \"properties\": {\r\n            \"primary\": true\r\n          }\r\n        }\r\n      ]\r\n    },\r\n    \"provisioningState\": \"Creating\"\r\n  },\r\n  \"type\": \"Microsoft.Compute/virtualMachines\",\r\n  \"location\": \"eastus\",\r\n  \"tags\": {},\r\n  \"id\": \"/subscriptions/0b1f6471-1bf0-4dda-aec3-cb9272f09590/resourceGroups/rgstms1a868429c57/providers/Microsoft.Compute/virtualMachines/vma8167701\",\r\n  \"name\": \"vma8167701\"\r\n}",
      "ResponseHeaders": {
        "Content-Length": [
          "1332"
        ],
        "Content-Type": [
          "application/json; charset=utf-8"
        ],
        "Expires": [
          "-1"
        ],
        "Cache-Control": [
          "no-cache"
        ],
        "Date": [
          "Fri, 26 Jan 2018 01:27:10 GMT"
        ],
        "Pragma": [
          "no-cache"
        ],
        "Server": [
          "Microsoft-HTTPAPI/2.0",
          "Microsoft-HTTPAPI/2.0"
        ],
        "Azure-AsyncOperation": [
          "https://management.azure.com/subscriptions/0b1f6471-1bf0-4dda-aec3-cb9272f09590/providers/Microsoft.Compute/locations/eastus/operations/73bb4d6a-8bce-4b4a-a751-e9276ed13188?api-version=2017-12-01"
        ],
        "x-ms-ratelimit-remaining-resource": [
          "Microsoft.Compute/PutVM3Min;239,Microsoft.Compute/PutVM30Min;1189"
        ],
        "Strict-Transport-Security": [
          "max-age=31536000; includeSubDomains"
        ],
        "x-ms-served-by": [
          "54253b73-cb53-496f-ab42-5e5ee19426f8_131598954895739987"
        ],
        "x-ms-request-id": [
          "73bb4d6a-8bce-4b4a-a751-e9276ed13188"
        ],
        "x-ms-ratelimit-remaining-subscription-writes": [
          "1193"
        ],
        "x-ms-correlation-request-id": [
          "0c3de373-8c47-48d2-9419-2a203dd3f429"
        ],
        "x-ms-routing-request-id": [
          "WESTUS2:20180126T012710Z:0c3de373-8c47-48d2-9419-2a203dd3f429"
        ]
      },
      "StatusCode": 201
    },
    {
      "RequestUri": "/subscriptions/0b1f6471-1bf0-4dda-aec3-cb9272f09590/providers/Microsoft.Compute/locations/eastus/operations/73bb4d6a-8bce-4b4a-a751-e9276ed13188?api-version=2017-12-01",
      "EncodedRequestUri": "L3N1YnNjcmlwdGlvbnMvMGIxZjY0NzEtMWJmMC00ZGRhLWFlYzMtY2I5MjcyZjA5NTkwL3Byb3ZpZGVycy9NaWNyb3NvZnQuQ29tcHV0ZS9sb2NhdGlvbnMvZWFzdHVzL29wZXJhdGlvbnMvNzNiYjRkNmEtOGJjZS00YjRhLWE3NTEtZTkyNzZlZDEzMTg4P2FwaS12ZXJzaW9uPTIwMTctMTItMDE=",
      "RequestMethod": "GET",
      "RequestBody": "",
      "RequestHeaders": {
        "User-Agent": [
          "FxVersion/4.6.25211.01",
          "Microsoft.Azure.Management.Compute.Fluent.ComputeManagementClient/1.4.1.0",
          "MacAddressHash/dfee77392548b313738ad0ccfab668108c74b792acc3c80f33d82db6096e765d"
        ]
      },
      "ResponseBody": "{\r\n  \"startTime\": \"2018-01-25T17:27:11.7226533-08:00\",\r\n  \"status\": \"InProgress\",\r\n  \"name\": \"73bb4d6a-8bce-4b4a-a751-e9276ed13188\"\r\n}",
      "ResponseHeaders": {
        "Content-Type": [
          "application/json; charset=utf-8"
        ],
        "Expires": [
          "-1"
        ],
        "Cache-Control": [
          "no-cache"
        ],
        "Date": [
          "Fri, 26 Jan 2018 01:27:40 GMT"
        ],
        "Pragma": [
          "no-cache"
        ],
        "Transfer-Encoding": [
          "chunked"
        ],
        "Server": [
          "Microsoft-HTTPAPI/2.0",
          "Microsoft-HTTPAPI/2.0"
        ],
        "Vary": [
          "Accept-Encoding"
        ],
        "x-ms-ratelimit-remaining-resource": [
          "Microsoft.Compute/GetOperation3Min;11998,Microsoft.Compute/GetOperation30Min;23749"
        ],
        "Strict-Transport-Security": [
          "max-age=31536000; includeSubDomains"
        ],
        "x-ms-served-by": [
          "54253b73-cb53-496f-ab42-5e5ee19426f8_131598954895739987"
        ],
        "x-ms-request-id": [
          "153860f1-4290-47e8-80f3-8d10d4a71b57"
        ],
        "x-ms-ratelimit-remaining-subscription-reads": [
          "14987"
        ],
        "x-ms-correlation-request-id": [
          "1ced2d84-1458-4b67-96c7-f54a7825af20"
        ],
        "x-ms-routing-request-id": [
          "WESTUS2:20180126T012741Z:1ced2d84-1458-4b67-96c7-f54a7825af20"
        ]
      },
      "StatusCode": 200
    },
    {
      "RequestUri": "/subscriptions/0b1f6471-1bf0-4dda-aec3-cb9272f09590/providers/Microsoft.Compute/locations/eastus/operations/73bb4d6a-8bce-4b4a-a751-e9276ed13188?api-version=2017-12-01",
      "EncodedRequestUri": "L3N1YnNjcmlwdGlvbnMvMGIxZjY0NzEtMWJmMC00ZGRhLWFlYzMtY2I5MjcyZjA5NTkwL3Byb3ZpZGVycy9NaWNyb3NvZnQuQ29tcHV0ZS9sb2NhdGlvbnMvZWFzdHVzL29wZXJhdGlvbnMvNzNiYjRkNmEtOGJjZS00YjRhLWE3NTEtZTkyNzZlZDEzMTg4P2FwaS12ZXJzaW9uPTIwMTctMTItMDE=",
      "RequestMethod": "GET",
      "RequestBody": "",
      "RequestHeaders": {
        "User-Agent": [
          "FxVersion/4.6.25211.01",
          "Microsoft.Azure.Management.Compute.Fluent.ComputeManagementClient/1.4.1.0",
          "MacAddressHash/dfee77392548b313738ad0ccfab668108c74b792acc3c80f33d82db6096e765d"
        ]
      },
      "ResponseBody": "{\r\n  \"startTime\": \"2018-01-25T17:27:11.7226533-08:00\",\r\n  \"status\": \"InProgress\",\r\n  \"name\": \"73bb4d6a-8bce-4b4a-a751-e9276ed13188\"\r\n}",
      "ResponseHeaders": {
        "Content-Type": [
          "application/json; charset=utf-8"
        ],
        "Expires": [
          "-1"
        ],
        "Cache-Control": [
          "no-cache"
        ],
        "Date": [
          "Fri, 26 Jan 2018 01:28:10 GMT"
        ],
        "Pragma": [
          "no-cache"
        ],
        "Transfer-Encoding": [
          "chunked"
        ],
        "Server": [
          "Microsoft-HTTPAPI/2.0",
          "Microsoft-HTTPAPI/2.0"
        ],
        "Vary": [
          "Accept-Encoding"
        ],
        "x-ms-ratelimit-remaining-resource": [
          "Microsoft.Compute/GetOperation3Min;11995,Microsoft.Compute/GetOperation30Min;23746"
        ],
        "Strict-Transport-Security": [
          "max-age=31536000; includeSubDomains"
        ],
        "x-ms-served-by": [
          "54253b73-cb53-496f-ab42-5e5ee19426f8_131598954895739987"
        ],
        "x-ms-request-id": [
          "3be77489-23ee-4512-8db4-3b99711056bf"
        ],
        "x-ms-ratelimit-remaining-subscription-reads": [
          "14986"
        ],
        "x-ms-correlation-request-id": [
          "c427a03d-3267-4372-88a1-501658a1c8b0"
        ],
        "x-ms-routing-request-id": [
          "WESTUS2:20180126T012811Z:c427a03d-3267-4372-88a1-501658a1c8b0"
        ]
      },
      "StatusCode": 200
    },
    {
      "RequestUri": "/subscriptions/0b1f6471-1bf0-4dda-aec3-cb9272f09590/providers/Microsoft.Compute/locations/eastus/operations/73bb4d6a-8bce-4b4a-a751-e9276ed13188?api-version=2017-12-01",
      "EncodedRequestUri": "L3N1YnNjcmlwdGlvbnMvMGIxZjY0NzEtMWJmMC00ZGRhLWFlYzMtY2I5MjcyZjA5NTkwL3Byb3ZpZGVycy9NaWNyb3NvZnQuQ29tcHV0ZS9sb2NhdGlvbnMvZWFzdHVzL29wZXJhdGlvbnMvNzNiYjRkNmEtOGJjZS00YjRhLWE3NTEtZTkyNzZlZDEzMTg4P2FwaS12ZXJzaW9uPTIwMTctMTItMDE=",
      "RequestMethod": "GET",
      "RequestBody": "",
      "RequestHeaders": {
        "User-Agent": [
          "FxVersion/4.6.25211.01",
          "Microsoft.Azure.Management.Compute.Fluent.ComputeManagementClient/1.4.1.0",
          "MacAddressHash/dfee77392548b313738ad0ccfab668108c74b792acc3c80f33d82db6096e765d"
        ]
      },
      "ResponseBody": "{\r\n  \"startTime\": \"2018-01-25T17:27:11.7226533-08:00\",\r\n  \"endTime\": \"2018-01-25T17:28:41.1152562-08:00\",\r\n  \"status\": \"Succeeded\",\r\n  \"name\": \"73bb4d6a-8bce-4b4a-a751-e9276ed13188\"\r\n}",
      "ResponseHeaders": {
        "Content-Type": [
          "application/json; charset=utf-8"
        ],
        "Expires": [
          "-1"
        ],
        "Cache-Control": [
          "no-cache"
        ],
        "Date": [
          "Fri, 26 Jan 2018 01:28:42 GMT"
        ],
        "Pragma": [
          "no-cache"
        ],
        "Transfer-Encoding": [
          "chunked"
        ],
        "Server": [
          "Microsoft-HTTPAPI/2.0",
          "Microsoft-HTTPAPI/2.0"
        ],
        "Vary": [
          "Accept-Encoding"
        ],
        "x-ms-ratelimit-remaining-resource": [
          "Microsoft.Compute/GetOperation3Min;11992,Microsoft.Compute/GetOperation30Min;23743"
        ],
        "Strict-Transport-Security": [
          "max-age=31536000; includeSubDomains"
        ],
        "x-ms-served-by": [
          "54253b73-cb53-496f-ab42-5e5ee19426f8_131598954895739987"
        ],
        "x-ms-request-id": [
          "edfb838b-59a6-4bd5-9e6c-7b6500719c23"
        ],
        "x-ms-ratelimit-remaining-subscription-reads": [
          "14985"
        ],
        "x-ms-correlation-request-id": [
          "6c1337b5-5905-429b-b62f-b912c6d8d7c0"
        ],
        "x-ms-routing-request-id": [
          "WESTUS2:20180126T012843Z:6c1337b5-5905-429b-b62f-b912c6d8d7c0"
        ]
      },
      "StatusCode": 200
    },
    {
      "RequestUri": "/subscriptions/0b1f6471-1bf0-4dda-aec3-cb9272f09590/resourceGroups/rgstms1a868429c57/providers/Microsoft.Compute/virtualMachines/vma8167701?api-version=2017-12-01",
      "EncodedRequestUri": "L3N1YnNjcmlwdGlvbnMvMGIxZjY0NzEtMWJmMC00ZGRhLWFlYzMtY2I5MjcyZjA5NTkwL3Jlc291cmNlR3JvdXBzL3Jnc3RtczFhODY4NDI5YzU3L3Byb3ZpZGVycy9NaWNyb3NvZnQuQ29tcHV0ZS92aXJ0dWFsTWFjaGluZXMvdm1hODE2NzcwMT9hcGktdmVyc2lvbj0yMDE3LTEyLTAx",
      "RequestMethod": "GET",
      "RequestBody": "",
      "RequestHeaders": {
        "User-Agent": [
          "FxVersion/4.6.25211.01",
          "Microsoft.Azure.Management.Compute.Fluent.ComputeManagementClient/1.4.1.0",
          "MacAddressHash/dfee77392548b313738ad0ccfab668108c74b792acc3c80f33d82db6096e765d"
        ]
      },
      "ResponseBody": "{\r\n  \"properties\": {\r\n    \"vmId\": \"186ee5d3-a8de-4ff3-8442-d901ed15d2d2\",\r\n    \"hardwareProfile\": {\r\n      \"vmSize\": \"Standard_D3_v2\"\r\n    },\r\n    \"storageProfile\": {\r\n      \"imageReference\": {\r\n        \"publisher\": \"Canonical\",\r\n        \"offer\": \"UbuntuServer\",\r\n        \"sku\": \"16.04.0-LTS\",\r\n        \"version\": \"latest\"\r\n      },\r\n      \"osDisk\": {\r\n        \"osType\": \"Linux\",\r\n        \"name\": \"vma8167701_OsDisk_1_c1112a1a70d64f64808532894476e2ce\",\r\n        \"createOption\": \"FromImage\",\r\n        \"caching\": \"ReadWrite\",\r\n        \"managedDisk\": {\r\n          \"storageAccountType\": \"Standard_LRS\",\r\n          \"id\": \"/subscriptions/0b1f6471-1bf0-4dda-aec3-cb9272f09590/resourceGroups/rgstms1a868429c57/providers/Microsoft.Compute/disks/vma8167701_OsDisk_1_c1112a1a70d64f64808532894476e2ce\"\r\n        },\r\n        \"diskSizeGB\": 30\r\n      },\r\n      \"dataDisks\": []\r\n    },\r\n    \"osProfile\": {\r\n      \"computerName\": \"vma8167701\",\r\n      \"adminUsername\": \"tirekicker\",\r\n      \"linuxConfiguration\": {\r\n        \"disablePasswordAuthentication\": false\r\n      },\r\n      \"secrets\": []\r\n    },\r\n    \"networkProfile\": {\r\n      \"networkInterfaces\": [\r\n        {\r\n          \"id\": \"/subscriptions/0b1f6471-1bf0-4dda-aec3-cb9272f09590/resourceGroups/rgstms1a868429c57/providers/Microsoft.Network/networkInterfaces/nic575400007fa\",\r\n          \"properties\": {\r\n            \"primary\": true\r\n          }\r\n        }\r\n      ]\r\n    },\r\n    \"provisioningState\": \"Succeeded\"\r\n  },\r\n  \"type\": \"Microsoft.Compute/virtualMachines\",\r\n  \"location\": \"eastus\",\r\n  \"tags\": {},\r\n  \"id\": \"/subscriptions/0b1f6471-1bf0-4dda-aec3-cb9272f09590/resourceGroups/rgstms1a868429c57/providers/Microsoft.Compute/virtualMachines/vma8167701\",\r\n  \"name\": \"vma8167701\"\r\n}",
      "ResponseHeaders": {
        "Content-Type": [
          "application/json; charset=utf-8"
        ],
        "Expires": [
          "-1"
        ],
        "Cache-Control": [
          "no-cache"
        ],
        "Date": [
          "Fri, 26 Jan 2018 01:28:43 GMT"
        ],
        "Pragma": [
          "no-cache"
        ],
        "Transfer-Encoding": [
          "chunked"
        ],
        "Server": [
          "Microsoft-HTTPAPI/2.0",
          "Microsoft-HTTPAPI/2.0"
        ],
        "Vary": [
          "Accept-Encoding"
        ],
        "x-ms-ratelimit-remaining-resource": [
          "Microsoft.Compute/LowCostGet3Min;4793,Microsoft.Compute/LowCostGet30Min;38222"
        ],
        "Strict-Transport-Security": [
          "max-age=31536000; includeSubDomains"
        ],
        "x-ms-served-by": [
          "54253b73-cb53-496f-ab42-5e5ee19426f8_131598954895739987"
        ],
        "x-ms-request-id": [
          "e606d17a-cced-434b-8a9e-66db2684cd99"
        ],
        "x-ms-ratelimit-remaining-subscription-reads": [
          "14984"
        ],
        "x-ms-correlation-request-id": [
          "533d17cc-b9dc-4405-8e52-518d05f1c7ab"
        ],
        "x-ms-routing-request-id": [
          "WESTUS2:20180126T012843Z:533d17cc-b9dc-4405-8e52-518d05f1c7ab"
        ]
      },
      "StatusCode": 200
    },
    {
      "RequestUri": "/subscriptions/0b1f6471-1bf0-4dda-aec3-cb9272f09590/resourceGroups/rgstms1a868429c57/providers/Microsoft.Storage/storageAccounts/sa044147583f?api-version=2017-10-01",
      "EncodedRequestUri": "L3N1YnNjcmlwdGlvbnMvMGIxZjY0NzEtMWJmMC00ZGRhLWFlYzMtY2I5MjcyZjA5NTkwL3Jlc291cmNlR3JvdXBzL3Jnc3RtczFhODY4NDI5YzU3L3Byb3ZpZGVycy9NaWNyb3NvZnQuU3RvcmFnZS9zdG9yYWdlQWNjb3VudHMvc2EwNDQxNDc1ODNmP2FwaS12ZXJzaW9uPTIwMTctMTAtMDE=",
      "RequestMethod": "PATCH",
      "RequestBody": "{\r\n  \"tags\": {},\r\n  \"properties\": {\r\n    \"networkAcls\": {\r\n      \"bypass\": \"AzureServices\",\r\n      \"virtualNetworkRules\": [\r\n        {\r\n          \"id\": \"/subscriptions/0b1f6471-1bf0-4dda-aec3-cb9272f09590/resourceGroups/rgstms1a868429c57/providers/Microsoft.Network/virtualNetworks/nw7af1390052941/subnets/subnetA\",\r\n          \"action\": \"Allow\"\r\n        }\r\n      ],\r\n      \"ipRules\": [\r\n        {\r\n          \"value\": \"52.226.75.144\",\r\n          \"action\": \"Allow\"\r\n        }\r\n      ],\r\n      \"defaultAction\": \"Deny\"\r\n    }\r\n  }\r\n}",
      "RequestHeaders": {
        "Content-Type": [
          "application/json; charset=utf-8"
        ],
        "Content-Length": [
          "529"
        ],
        "x-ms-client-request-id": [
          "644d1ef5-ee60-458d-b9c5-e2666536b29d"
        ],
        "accept-language": [
          "en-US"
        ],
        "User-Agent": [
          "FxVersion/4.6.25211.01",
          "Microsoft.Azure.Management.Storage.Fluent.StorageManagementClient/1.4.1.0",
          "MacAddressHash/dfee77392548b313738ad0ccfab668108c74b792acc3c80f33d82db6096e765d"
        ]
      },
      "ResponseBody": "{\r\n  \"sku\": {\r\n    \"name\": \"Standard_GRS\",\r\n    \"tier\": \"Standard\"\r\n  },\r\n  \"kind\": \"Storage\",\r\n  \"id\": \"/subscriptions/0b1f6471-1bf0-4dda-aec3-cb9272f09590/resourceGroups/rgstms1a868429c57/providers/Microsoft.Storage/storageAccounts/sa044147583f\",\r\n  \"name\": \"sa044147583f\",\r\n  \"type\": \"Microsoft.Storage/storageAccounts\",\r\n  \"location\": \"eastus\",\r\n  \"tags\": {},\r\n  \"properties\": {\r\n    \"networkAcls\": {\r\n      \"bypass\": \"AzureServices\",\r\n      \"virtualNetworkRules\": [\r\n        {\r\n          \"id\": \"/subscriptions/0b1f6471-1bf0-4dda-aec3-cb9272f09590/resourceGroups/rgstms1a868429c57/providers/Microsoft.Network/virtualNetworks/nw7af1390052941/subnets/subnetA\",\r\n          \"action\": \"Allow\",\r\n          \"state\": \"Succeeded\"\r\n        }\r\n      ],\r\n      \"ipRules\": [\r\n        {\r\n          \"value\": \"52.226.75.144\",\r\n          \"action\": \"Allow\"\r\n        }\r\n      ],\r\n      \"defaultAction\": \"Deny\"\r\n    },\r\n    \"trustedDirectories\": [\r\n      \"54826b22-38d6-4fb2-bad9-b7b93a3e9c5a\"\r\n    ],\r\n    \"encryption\": {\r\n      \"services\": {\r\n        \"file\": {\r\n          \"enabled\": true,\r\n          \"lastEnabledTime\": \"2018-01-26T01:25:51.3913572Z\"\r\n        },\r\n        \"blob\": {\r\n          \"enabled\": true,\r\n          \"lastEnabledTime\": \"2018-01-26T01:25:51.3913572Z\"\r\n        }\r\n      },\r\n      \"keySource\": \"Microsoft.Storage\"\r\n    },\r\n    \"provisioningState\": \"Succeeded\",\r\n    \"creationTime\": \"2018-01-26T01:25:48.7661529Z\",\r\n    \"primaryEndpoints\": {\r\n      \"blob\": \"https://sa044147583f.blob.core.windows.net/\",\r\n      \"queue\": \"https://sa044147583f.queue.core.windows.net/\",\r\n      \"table\": \"https://sa044147583f.table.core.windows.net/\",\r\n      \"file\": \"https://sa044147583f.file.core.windows.net/\"\r\n    },\r\n    \"primaryLocation\": \"eastus\",\r\n    \"statusOfPrimary\": \"available\",\r\n    \"secondaryLocation\": \"westus\",\r\n    \"statusOfSecondary\": \"available\"\r\n  }\r\n}",
      "ResponseHeaders": {
        "Content-Type": [
          "application/json"
        ],
        "Expires": [
          "-1"
        ],
        "Cache-Control": [
          "no-cache"
        ],
        "Date": [
          "Fri, 26 Jan 2018 01:29:58 GMT"
        ],
        "Pragma": [
          "no-cache"
        ],
        "Transfer-Encoding": [
          "chunked"
        ],
        "Server": [
          "Microsoft-Azure-Storage-Resource-Provider/1.0,Microsoft-HTTPAPI/2.0 Microsoft-HTTPAPI/2.0"
        ],
        "Vary": [
          "Accept-Encoding"
        ],
        "x-ms-request-id": [
          "68b33a91-cb09-48f0-bf54-b90f8624ab36"
        ],
        "Strict-Transport-Security": [
          "max-age=31536000; includeSubDomains"
        ],
        "x-ms-ratelimit-remaining-subscription-writes": [
          "1199"
        ],
        "x-ms-correlation-request-id": [
          "cb39b860-1485-43d3-9d74-75d510de9c41"
        ],
        "x-ms-routing-request-id": [
          "WESTUS2:20180126T012958Z:cb39b860-1485-43d3-9d74-75d510de9c41"
        ]
      },
      "StatusCode": 200
    },
    {
      "RequestUri": "/subscriptions/0b1f6471-1bf0-4dda-aec3-cb9272f09590/resourceGroups/rgstms1a868429c57/providers/Microsoft.Storage/storageAccounts/sa044147583f?api-version=2017-10-01",
      "EncodedRequestUri": "L3N1YnNjcmlwdGlvbnMvMGIxZjY0NzEtMWJmMC00ZGRhLWFlYzMtY2I5MjcyZjA5NTkwL3Jlc291cmNlR3JvdXBzL3Jnc3RtczFhODY4NDI5YzU3L3Byb3ZpZGVycy9NaWNyb3NvZnQuU3RvcmFnZS9zdG9yYWdlQWNjb3VudHMvc2EwNDQxNDc1ODNmP2FwaS12ZXJzaW9uPTIwMTctMTAtMDE=",
      "RequestMethod": "PATCH",
      "RequestBody": "{\r\n  \"tags\": {},\r\n  \"properties\": {\r\n    \"supportsHttpsTrafficOnly\": true\r\n  }\r\n}",
      "RequestHeaders": {
        "Content-Type": [
          "application/json; charset=utf-8"
        ],
        "Content-Length": [
          "81"
        ],
        "x-ms-client-request-id": [
          "9cd36741-9367-4004-afa6-7ae5385f01b1"
        ],
        "accept-language": [
          "en-US"
        ],
        "User-Agent": [
          "FxVersion/4.6.25211.01",
          "Microsoft.Azure.Management.Storage.Fluent.StorageManagementClient/1.4.1.0",
          "MacAddressHash/dfee77392548b313738ad0ccfab668108c74b792acc3c80f33d82db6096e765d"
        ]
      },
      "ResponseBody": "{\r\n  \"sku\": {\r\n    \"name\": \"Standard_GRS\",\r\n    \"tier\": \"Standard\"\r\n  },\r\n  \"kind\": \"Storage\",\r\n  \"id\": \"/subscriptions/0b1f6471-1bf0-4dda-aec3-cb9272f09590/resourceGroups/rgstms1a868429c57/providers/Microsoft.Storage/storageAccounts/sa044147583f\",\r\n  \"name\": \"sa044147583f\",\r\n  \"type\": \"Microsoft.Storage/storageAccounts\",\r\n  \"location\": \"eastus\",\r\n  \"tags\": {},\r\n  \"properties\": {\r\n    \"networkAcls\": {\r\n      \"bypass\": \"AzureServices\",\r\n      \"virtualNetworkRules\": [\r\n        {\r\n          \"id\": \"/subscriptions/0b1f6471-1bf0-4dda-aec3-cb9272f09590/resourceGroups/rgstms1a868429c57/providers/Microsoft.Network/virtualNetworks/nw7af1390052941/subnets/subnetA\",\r\n          \"action\": \"Allow\",\r\n          \"state\": \"Succeeded\"\r\n        }\r\n      ],\r\n      \"ipRules\": [\r\n        {\r\n          \"value\": \"52.226.75.144\",\r\n          \"action\": \"Allow\"\r\n        }\r\n      ],\r\n      \"defaultAction\": \"Deny\"\r\n    },\r\n    \"trustedDirectories\": [\r\n      \"54826b22-38d6-4fb2-bad9-b7b93a3e9c5a\"\r\n    ],\r\n    \"supportsHttpsTrafficOnly\": true,\r\n    \"encryption\": {\r\n      \"services\": {\r\n        \"file\": {\r\n          \"enabled\": true,\r\n          \"lastEnabledTime\": \"2018-01-26T01:25:51.3913572Z\"\r\n        },\r\n        \"blob\": {\r\n          \"enabled\": true,\r\n          \"lastEnabledTime\": \"2018-01-26T01:25:51.3913572Z\"\r\n        }\r\n      },\r\n      \"keySource\": \"Microsoft.Storage\"\r\n    },\r\n    \"provisioningState\": \"Succeeded\",\r\n    \"creationTime\": \"2018-01-26T01:25:48.7661529Z\",\r\n    \"primaryEndpoints\": {\r\n      \"blob\": \"https://sa044147583f.blob.core.windows.net/\",\r\n      \"queue\": \"https://sa044147583f.queue.core.windows.net/\",\r\n      \"table\": \"https://sa044147583f.table.core.windows.net/\",\r\n      \"file\": \"https://sa044147583f.file.core.windows.net/\"\r\n    },\r\n    \"primaryLocation\": \"eastus\",\r\n    \"statusOfPrimary\": \"available\",\r\n    \"secondaryLocation\": \"westus\",\r\n    \"statusOfSecondary\": \"available\"\r\n  }\r\n}",
      "ResponseHeaders": {
        "Content-Type": [
          "application/json"
        ],
        "Expires": [
          "-1"
        ],
        "Cache-Control": [
          "no-cache"
        ],
        "Date": [
          "Fri, 26 Jan 2018 01:30:10 GMT"
        ],
        "Pragma": [
          "no-cache"
        ],
        "Transfer-Encoding": [
          "chunked"
        ],
        "Server": [
          "Microsoft-Azure-Storage-Resource-Provider/1.0,Microsoft-HTTPAPI/2.0 Microsoft-HTTPAPI/2.0"
        ],
        "Vary": [
          "Accept-Encoding"
        ],
        "x-ms-request-id": [
          "5a3b6cd0-876e-4415-a879-4572c7dfe1ec"
        ],
        "Strict-Transport-Security": [
          "max-age=31536000; includeSubDomains"
        ],
        "x-ms-ratelimit-remaining-subscription-writes": [
          "1198"
        ],
        "x-ms-correlation-request-id": [
          "b849cd7a-8216-4562-9b4c-05059bafd6e4"
        ],
        "x-ms-routing-request-id": [
          "WESTUS2:20180126T013010Z:b849cd7a-8216-4562-9b4c-05059bafd6e4"
        ]
      },
      "StatusCode": 200
    },
    {
      "RequestUri": "/subscriptions/0b1f6471-1bf0-4dda-aec3-cb9272f09590/resourcegroups/rgstms1a868429c57?api-version=2017-05-10",
      "EncodedRequestUri": "L3N1YnNjcmlwdGlvbnMvMGIxZjY0NzEtMWJmMC00ZGRhLWFlYzMtY2I5MjcyZjA5NTkwL3Jlc291cmNlZ3JvdXBzL3Jnc3RtczFhODY4NDI5YzU3P2FwaS12ZXJzaW9uPTIwMTctMDUtMTA=",
      "RequestMethod": "GET",
      "RequestBody": "",
      "RequestHeaders": {
        "x-ms-client-request-id": [
          "d71447a5-e1ea-4aa3-a371-2bac69627a67"
        ],
        "accept-language": [
          "en-US"
        ],
        "User-Agent": [
          "FxVersion/4.6.25211.01",
          "Microsoft.Azure.Management.ResourceManager.Fluent.ResourceManagementClient/1.4.1.0",
          "MacAddressHash/dfee77392548b313738ad0ccfab668108c74b792acc3c80f33d82db6096e765d"
        ]
      },
      "ResponseBody": "{\r\n  \"id\": \"/subscriptions/0b1f6471-1bf0-4dda-aec3-cb9272f09590/resourceGroups/rgstms1a868429c57\",\r\n  \"name\": \"rgstms1a868429c57\",\r\n  \"location\": \"eastus\",\r\n  \"properties\": {\r\n    \"provisioningState\": \"Succeeded\"\r\n  }\r\n}",
      "ResponseHeaders": {
        "Content-Type": [
          "application/json; charset=utf-8"
        ],
        "Expires": [
          "-1"
        ],
        "Cache-Control": [
          "no-cache"
        ],
        "Date": [
          "Fri, 26 Jan 2018 01:30:11 GMT"
        ],
        "Pragma": [
          "no-cache"
        ],
        "Vary": [
          "Accept-Encoding"
        ],
        "x-ms-ratelimit-remaining-subscription-reads": [
          "14993"
        ],
        "x-ms-request-id": [
          "bd5116af-a9e6-49fc-ab96-ddd5b8472e5d"
        ],
        "x-ms-correlation-request-id": [
          "bd5116af-a9e6-49fc-ab96-ddd5b8472e5d"
        ],
        "x-ms-routing-request-id": [
          "WESTUS2:20180126T013012Z:bd5116af-a9e6-49fc-ab96-ddd5b8472e5d"
        ],
        "Strict-Transport-Security": [
          "max-age=31536000; includeSubDomains"
        ]
      },
      "StatusCode": 200
    },
    {
      "RequestUri": "/subscriptions/0b1f6471-1bf0-4dda-aec3-cb9272f09590/resourcegroups/rgstms1a868429c57?api-version=2017-05-10",
      "EncodedRequestUri": "L3N1YnNjcmlwdGlvbnMvMGIxZjY0NzEtMWJmMC00ZGRhLWFlYzMtY2I5MjcyZjA5NTkwL3Jlc291cmNlZ3JvdXBzL3Jnc3RtczFhODY4NDI5YzU3P2FwaS12ZXJzaW9uPTIwMTctMDUtMTA=",
      "RequestMethod": "DELETE",
      "RequestBody": "",
      "RequestHeaders": {
        "x-ms-client-request-id": [
          "9a11d2eb-bbe8-40f6-b27d-bd45f59b6763"
        ],
        "accept-language": [
          "en-US"
        ],
        "User-Agent": [
          "FxVersion/4.6.25211.01",
          "Microsoft.Azure.Management.ResourceManager.Fluent.ResourceManagementClient/1.4.1.0",
          "MacAddressHash/dfee77392548b313738ad0ccfab668108c74b792acc3c80f33d82db6096e765d"
        ]
      },
      "ResponseBody": "",
      "ResponseHeaders": {
        "Content-Length": [
          "0"
        ],
        "Expires": [
          "-1"
        ],
        "Cache-Control": [
          "no-cache"
        ],
        "Date": [
          "Fri, 26 Jan 2018 01:30:13 GMT"
        ],
        "Pragma": [
          "no-cache"
        ],
        "Location": [
          "https://management.azure.com/subscriptions/0b1f6471-1bf0-4dda-aec3-cb9272f09590/operationresults/eyJqb2JJZCI6IlJFU09VUkNFR1JPVVBERUxFVElPTkpPQi1SR1NUTVMxQTg2ODQyOUM1Ny1FQVNUVVMiLCJqb2JMb2NhdGlvbiI6ImVhc3R1cyJ9?api-version=2016-02-01"
        ],
        "Retry-After": [
          "15"
        ],
        "x-ms-ratelimit-remaining-subscription-writes": [
          "1197"
        ],
        "x-ms-request-id": [
          "57501abf-fdee-4beb-af53-37dc6b58be82"
        ],
        "x-ms-correlation-request-id": [
          "57501abf-fdee-4beb-af53-37dc6b58be82"
        ],
        "x-ms-routing-request-id": [
          "WESTUS2:20180126T013013Z:57501abf-fdee-4beb-af53-37dc6b58be82"
        ],
        "Strict-Transport-Security": [
          "max-age=31536000; includeSubDomains"
        ]
      },
      "StatusCode": 202
    },
    {
      "RequestUri": "/subscriptions/0b1f6471-1bf0-4dda-aec3-cb9272f09590/operationresults/eyJqb2JJZCI6IlJFU09VUkNFR1JPVVBERUxFVElPTkpPQi1SR1NUTVMxQTg2ODQyOUM1Ny1FQVNUVVMiLCJqb2JMb2NhdGlvbiI6ImVhc3R1cyJ9?api-version=2016-02-01",
      "EncodedRequestUri": "L3N1YnNjcmlwdGlvbnMvMGIxZjY0NzEtMWJmMC00ZGRhLWFlYzMtY2I5MjcyZjA5NTkwL29wZXJhdGlvbnJlc3VsdHMvZXlKcWIySkpaQ0k2SWxKRlUwOVZVa05GUjFKUFZWQkVSVXhGVkVsUFRrcFBRaTFTUjFOVVRWTXhRVGcyT0RReU9VTTFOeTFGUVZOVVZWTWlMQ0pxYjJKTWIyTmhkR2x2YmlJNkltVmhjM1IxY3lKOT9hcGktdmVyc2lvbj0yMDE2LTAyLTAx",
      "RequestMethod": "GET",
      "RequestBody": "",
      "RequestHeaders": {
        "User-Agent": [
          "FxVersion/4.6.25211.01",
          "Microsoft.Azure.Management.ResourceManager.Fluent.ResourceManagementClient/1.4.1.0",
          "MacAddressHash/dfee77392548b313738ad0ccfab668108c74b792acc3c80f33d82db6096e765d"
        ]
      },
      "ResponseBody": "",
      "ResponseHeaders": {
        "Content-Length": [
          "0"
        ],
        "Expires": [
          "-1"
        ],
        "Cache-Control": [
          "no-cache"
        ],
        "Date": [
          "Fri, 26 Jan 2018 01:30:28 GMT"
        ],
        "Pragma": [
          "no-cache"
        ],
        "Location": [
          "https://management.azure.com/subscriptions/0b1f6471-1bf0-4dda-aec3-cb9272f09590/operationresults/eyJqb2JJZCI6IlJFU09VUkNFR1JPVVBERUxFVElPTkpPQi1SR1NUTVMxQTg2ODQyOUM1Ny1FQVNUVVMiLCJqb2JMb2NhdGlvbiI6ImVhc3R1cyJ9?api-version=2016-02-01"
        ],
        "Retry-After": [
          "15"
        ],
        "x-ms-ratelimit-remaining-subscription-reads": [
          "14992"
        ],
        "x-ms-request-id": [
          "14f976b5-918c-4171-adac-2edf385a55d4"
        ],
        "x-ms-correlation-request-id": [
          "14f976b5-918c-4171-adac-2edf385a55d4"
        ],
        "x-ms-routing-request-id": [
          "WESTUS2:20180126T013028Z:14f976b5-918c-4171-adac-2edf385a55d4"
        ],
        "Strict-Transport-Security": [
          "max-age=31536000; includeSubDomains"
        ]
      },
      "StatusCode": 202
    },
    {
      "RequestUri": "/subscriptions/0b1f6471-1bf0-4dda-aec3-cb9272f09590/operationresults/eyJqb2JJZCI6IlJFU09VUkNFR1JPVVBERUxFVElPTkpPQi1SR1NUTVMxQTg2ODQyOUM1Ny1FQVNUVVMiLCJqb2JMb2NhdGlvbiI6ImVhc3R1cyJ9?api-version=2016-02-01",
      "EncodedRequestUri": "L3N1YnNjcmlwdGlvbnMvMGIxZjY0NzEtMWJmMC00ZGRhLWFlYzMtY2I5MjcyZjA5NTkwL29wZXJhdGlvbnJlc3VsdHMvZXlKcWIySkpaQ0k2SWxKRlUwOVZVa05GUjFKUFZWQkVSVXhGVkVsUFRrcFBRaTFTUjFOVVRWTXhRVGcyT0RReU9VTTFOeTFGUVZOVVZWTWlMQ0pxYjJKTWIyTmhkR2x2YmlJNkltVmhjM1IxY3lKOT9hcGktdmVyc2lvbj0yMDE2LTAyLTAx",
      "RequestMethod": "GET",
      "RequestBody": "",
      "RequestHeaders": {
        "User-Agent": [
          "FxVersion/4.6.25211.01",
          "Microsoft.Azure.Management.ResourceManager.Fluent.ResourceManagementClient/1.4.1.0",
          "MacAddressHash/dfee77392548b313738ad0ccfab668108c74b792acc3c80f33d82db6096e765d"
        ]
      },
      "ResponseBody": "",
      "ResponseHeaders": {
        "Content-Length": [
          "0"
        ],
        "Expires": [
          "-1"
        ],
        "Cache-Control": [
          "no-cache"
        ],
        "Date": [
          "Fri, 26 Jan 2018 01:30:43 GMT"
        ],
        "Pragma": [
          "no-cache"
        ],
        "Location": [
          "https://management.azure.com/subscriptions/0b1f6471-1bf0-4dda-aec3-cb9272f09590/operationresults/eyJqb2JJZCI6IlJFU09VUkNFR1JPVVBERUxFVElPTkpPQi1SR1NUTVMxQTg2ODQyOUM1Ny1FQVNUVVMiLCJqb2JMb2NhdGlvbiI6ImVhc3R1cyJ9?api-version=2016-02-01"
        ],
        "Retry-After": [
          "15"
        ],
        "x-ms-ratelimit-remaining-subscription-reads": [
          "14991"
        ],
        "x-ms-request-id": [
          "d3e31acb-d1d2-4ea8-991c-a892b8a458ec"
        ],
        "x-ms-correlation-request-id": [
          "d3e31acb-d1d2-4ea8-991c-a892b8a458ec"
        ],
        "x-ms-routing-request-id": [
          "WESTUS2:20180126T013044Z:d3e31acb-d1d2-4ea8-991c-a892b8a458ec"
        ],
        "Strict-Transport-Security": [
          "max-age=31536000; includeSubDomains"
        ]
      },
      "StatusCode": 202
    },
    {
      "RequestUri": "/subscriptions/0b1f6471-1bf0-4dda-aec3-cb9272f09590/operationresults/eyJqb2JJZCI6IlJFU09VUkNFR1JPVVBERUxFVElPTkpPQi1SR1NUTVMxQTg2ODQyOUM1Ny1FQVNUVVMiLCJqb2JMb2NhdGlvbiI6ImVhc3R1cyJ9?api-version=2016-02-01",
      "EncodedRequestUri": "L3N1YnNjcmlwdGlvbnMvMGIxZjY0NzEtMWJmMC00ZGRhLWFlYzMtY2I5MjcyZjA5NTkwL29wZXJhdGlvbnJlc3VsdHMvZXlKcWIySkpaQ0k2SWxKRlUwOVZVa05GUjFKUFZWQkVSVXhGVkVsUFRrcFBRaTFTUjFOVVRWTXhRVGcyT0RReU9VTTFOeTFGUVZOVVZWTWlMQ0pxYjJKTWIyTmhkR2x2YmlJNkltVmhjM1IxY3lKOT9hcGktdmVyc2lvbj0yMDE2LTAyLTAx",
      "RequestMethod": "GET",
      "RequestBody": "",
      "RequestHeaders": {
        "User-Agent": [
          "FxVersion/4.6.25211.01",
          "Microsoft.Azure.Management.ResourceManager.Fluent.ResourceManagementClient/1.4.1.0",
          "MacAddressHash/dfee77392548b313738ad0ccfab668108c74b792acc3c80f33d82db6096e765d"
        ]
      },
      "ResponseBody": "",
      "ResponseHeaders": {
        "Content-Length": [
          "0"
        ],
        "Expires": [
          "-1"
        ],
        "Cache-Control": [
          "no-cache"
        ],
        "Date": [
          "Fri, 26 Jan 2018 01:30:58 GMT"
        ],
        "Pragma": [
          "no-cache"
        ],
        "Location": [
          "https://management.azure.com/subscriptions/0b1f6471-1bf0-4dda-aec3-cb9272f09590/operationresults/eyJqb2JJZCI6IlJFU09VUkNFR1JPVVBERUxFVElPTkpPQi1SR1NUTVMxQTg2ODQyOUM1Ny1FQVNUVVMiLCJqb2JMb2NhdGlvbiI6ImVhc3R1cyJ9?api-version=2016-02-01"
        ],
        "Retry-After": [
          "15"
        ],
        "x-ms-ratelimit-remaining-subscription-reads": [
          "14990"
        ],
        "x-ms-request-id": [
          "4be718c9-103b-4737-a908-0bcad8887410"
        ],
        "x-ms-correlation-request-id": [
          "4be718c9-103b-4737-a908-0bcad8887410"
        ],
        "x-ms-routing-request-id": [
          "WESTUS2:20180126T013059Z:4be718c9-103b-4737-a908-0bcad8887410"
        ],
        "Strict-Transport-Security": [
          "max-age=31536000; includeSubDomains"
        ]
      },
      "StatusCode": 202
    },
    {
      "RequestUri": "/subscriptions/0b1f6471-1bf0-4dda-aec3-cb9272f09590/operationresults/eyJqb2JJZCI6IlJFU09VUkNFR1JPVVBERUxFVElPTkpPQi1SR1NUTVMxQTg2ODQyOUM1Ny1FQVNUVVMiLCJqb2JMb2NhdGlvbiI6ImVhc3R1cyJ9?api-version=2016-02-01",
      "EncodedRequestUri": "L3N1YnNjcmlwdGlvbnMvMGIxZjY0NzEtMWJmMC00ZGRhLWFlYzMtY2I5MjcyZjA5NTkwL29wZXJhdGlvbnJlc3VsdHMvZXlKcWIySkpaQ0k2SWxKRlUwOVZVa05GUjFKUFZWQkVSVXhGVkVsUFRrcFBRaTFTUjFOVVRWTXhRVGcyT0RReU9VTTFOeTFGUVZOVVZWTWlMQ0pxYjJKTWIyTmhkR2x2YmlJNkltVmhjM1IxY3lKOT9hcGktdmVyc2lvbj0yMDE2LTAyLTAx",
      "RequestMethod": "GET",
      "RequestBody": "",
      "RequestHeaders": {
        "User-Agent": [
          "FxVersion/4.6.25211.01",
          "Microsoft.Azure.Management.ResourceManager.Fluent.ResourceManagementClient/1.4.1.0",
          "MacAddressHash/dfee77392548b313738ad0ccfab668108c74b792acc3c80f33d82db6096e765d"
        ]
      },
      "ResponseBody": "",
      "ResponseHeaders": {
        "Content-Length": [
          "0"
        ],
        "Expires": [
          "-1"
        ],
        "Cache-Control": [
          "no-cache"
        ],
        "Date": [
          "Fri, 26 Jan 2018 01:31:13 GMT"
        ],
        "Pragma": [
          "no-cache"
        ],
        "Location": [
          "https://management.azure.com/subscriptions/0b1f6471-1bf0-4dda-aec3-cb9272f09590/operationresults/eyJqb2JJZCI6IlJFU09VUkNFR1JPVVBERUxFVElPTkpPQi1SR1NUTVMxQTg2ODQyOUM1Ny1FQVNUVVMiLCJqb2JMb2NhdGlvbiI6ImVhc3R1cyJ9?api-version=2016-02-01"
        ],
        "Retry-After": [
          "15"
        ],
        "x-ms-ratelimit-remaining-subscription-reads": [
          "14989"
        ],
        "x-ms-request-id": [
          "6223b2e7-3e19-452f-b326-11319148c912"
        ],
        "x-ms-correlation-request-id": [
          "6223b2e7-3e19-452f-b326-11319148c912"
        ],
        "x-ms-routing-request-id": [
          "WESTUS2:20180126T013114Z:6223b2e7-3e19-452f-b326-11319148c912"
        ],
        "Strict-Transport-Security": [
          "max-age=31536000; includeSubDomains"
        ]
      },
      "StatusCode": 202
    },
    {
      "RequestUri": "/subscriptions/0b1f6471-1bf0-4dda-aec3-cb9272f09590/operationresults/eyJqb2JJZCI6IlJFU09VUkNFR1JPVVBERUxFVElPTkpPQi1SR1NUTVMxQTg2ODQyOUM1Ny1FQVNUVVMiLCJqb2JMb2NhdGlvbiI6ImVhc3R1cyJ9?api-version=2016-02-01",
      "EncodedRequestUri": "L3N1YnNjcmlwdGlvbnMvMGIxZjY0NzEtMWJmMC00ZGRhLWFlYzMtY2I5MjcyZjA5NTkwL29wZXJhdGlvbnJlc3VsdHMvZXlKcWIySkpaQ0k2SWxKRlUwOVZVa05GUjFKUFZWQkVSVXhGVkVsUFRrcFBRaTFTUjFOVVRWTXhRVGcyT0RReU9VTTFOeTFGUVZOVVZWTWlMQ0pxYjJKTWIyTmhkR2x2YmlJNkltVmhjM1IxY3lKOT9hcGktdmVyc2lvbj0yMDE2LTAyLTAx",
      "RequestMethod": "GET",
      "RequestBody": "",
      "RequestHeaders": {
        "User-Agent": [
          "FxVersion/4.6.25211.01",
          "Microsoft.Azure.Management.ResourceManager.Fluent.ResourceManagementClient/1.4.1.0",
          "MacAddressHash/dfee77392548b313738ad0ccfab668108c74b792acc3c80f33d82db6096e765d"
        ]
      },
      "ResponseBody": "",
      "ResponseHeaders": {
        "Content-Length": [
          "0"
        ],
        "Expires": [
          "-1"
        ],
        "Cache-Control": [
          "no-cache"
        ],
        "Date": [
          "Fri, 26 Jan 2018 01:31:29 GMT"
        ],
        "Pragma": [
          "no-cache"
        ],
        "Location": [
          "https://management.azure.com/subscriptions/0b1f6471-1bf0-4dda-aec3-cb9272f09590/operationresults/eyJqb2JJZCI6IlJFU09VUkNFR1JPVVBERUxFVElPTkpPQi1SR1NUTVMxQTg2ODQyOUM1Ny1FQVNUVVMiLCJqb2JMb2NhdGlvbiI6ImVhc3R1cyJ9?api-version=2016-02-01"
        ],
        "Retry-After": [
          "15"
        ],
        "x-ms-ratelimit-remaining-subscription-reads": [
          "14988"
        ],
        "x-ms-request-id": [
          "a02eb4f8-d49d-45d2-a7e9-2c8259b6f529"
        ],
        "x-ms-correlation-request-id": [
          "a02eb4f8-d49d-45d2-a7e9-2c8259b6f529"
        ],
        "x-ms-routing-request-id": [
          "WESTUS2:20180126T013129Z:a02eb4f8-d49d-45d2-a7e9-2c8259b6f529"
        ],
        "Strict-Transport-Security": [
          "max-age=31536000; includeSubDomains"
        ]
      },
      "StatusCode": 202
    },
    {
      "RequestUri": "/subscriptions/0b1f6471-1bf0-4dda-aec3-cb9272f09590/operationresults/eyJqb2JJZCI6IlJFU09VUkNFR1JPVVBERUxFVElPTkpPQi1SR1NUTVMxQTg2ODQyOUM1Ny1FQVNUVVMiLCJqb2JMb2NhdGlvbiI6ImVhc3R1cyJ9?api-version=2016-02-01",
      "EncodedRequestUri": "L3N1YnNjcmlwdGlvbnMvMGIxZjY0NzEtMWJmMC00ZGRhLWFlYzMtY2I5MjcyZjA5NTkwL29wZXJhdGlvbnJlc3VsdHMvZXlKcWIySkpaQ0k2SWxKRlUwOVZVa05GUjFKUFZWQkVSVXhGVkVsUFRrcFBRaTFTUjFOVVRWTXhRVGcyT0RReU9VTTFOeTFGUVZOVVZWTWlMQ0pxYjJKTWIyTmhkR2x2YmlJNkltVmhjM1IxY3lKOT9hcGktdmVyc2lvbj0yMDE2LTAyLTAx",
      "RequestMethod": "GET",
      "RequestBody": "",
      "RequestHeaders": {
        "User-Agent": [
          "FxVersion/4.6.25211.01",
          "Microsoft.Azure.Management.ResourceManager.Fluent.ResourceManagementClient/1.4.1.0",
          "MacAddressHash/dfee77392548b313738ad0ccfab668108c74b792acc3c80f33d82db6096e765d"
        ]
      },
      "ResponseBody": "",
      "ResponseHeaders": {
        "Content-Length": [
          "0"
        ],
        "Expires": [
          "-1"
        ],
        "Cache-Control": [
          "no-cache"
        ],
        "Date": [
          "Fri, 26 Jan 2018 01:31:44 GMT"
        ],
        "Pragma": [
          "no-cache"
        ],
        "Location": [
          "https://management.azure.com/subscriptions/0b1f6471-1bf0-4dda-aec3-cb9272f09590/operationresults/eyJqb2JJZCI6IlJFU09VUkNFR1JPVVBERUxFVElPTkpPQi1SR1NUTVMxQTg2ODQyOUM1Ny1FQVNUVVMiLCJqb2JMb2NhdGlvbiI6ImVhc3R1cyJ9?api-version=2016-02-01"
        ],
        "Retry-After": [
          "15"
        ],
        "x-ms-ratelimit-remaining-subscription-reads": [
          "14987"
        ],
        "x-ms-request-id": [
          "2d35ffbd-af81-4bd6-952f-a4758c2152e7"
        ],
        "x-ms-correlation-request-id": [
          "2d35ffbd-af81-4bd6-952f-a4758c2152e7"
        ],
        "x-ms-routing-request-id": [
          "WESTUS2:20180126T013144Z:2d35ffbd-af81-4bd6-952f-a4758c2152e7"
        ],
        "Strict-Transport-Security": [
          "max-age=31536000; includeSubDomains"
        ]
      },
      "StatusCode": 202
    },
    {
      "RequestUri": "/subscriptions/0b1f6471-1bf0-4dda-aec3-cb9272f09590/operationresults/eyJqb2JJZCI6IlJFU09VUkNFR1JPVVBERUxFVElPTkpPQi1SR1NUTVMxQTg2ODQyOUM1Ny1FQVNUVVMiLCJqb2JMb2NhdGlvbiI6ImVhc3R1cyJ9?api-version=2016-02-01",
      "EncodedRequestUri": "L3N1YnNjcmlwdGlvbnMvMGIxZjY0NzEtMWJmMC00ZGRhLWFlYzMtY2I5MjcyZjA5NTkwL29wZXJhdGlvbnJlc3VsdHMvZXlKcWIySkpaQ0k2SWxKRlUwOVZVa05GUjFKUFZWQkVSVXhGVkVsUFRrcFBRaTFTUjFOVVRWTXhRVGcyT0RReU9VTTFOeTFGUVZOVVZWTWlMQ0pxYjJKTWIyTmhkR2x2YmlJNkltVmhjM1IxY3lKOT9hcGktdmVyc2lvbj0yMDE2LTAyLTAx",
      "RequestMethod": "GET",
      "RequestBody": "",
      "RequestHeaders": {
        "User-Agent": [
          "FxVersion/4.6.25211.01",
          "Microsoft.Azure.Management.ResourceManager.Fluent.ResourceManagementClient/1.4.1.0",
          "MacAddressHash/dfee77392548b313738ad0ccfab668108c74b792acc3c80f33d82db6096e765d"
        ]
      },
      "ResponseBody": "",
      "ResponseHeaders": {
        "Content-Length": [
          "0"
        ],
        "Expires": [
          "-1"
        ],
        "Cache-Control": [
          "no-cache"
        ],
        "Date": [
          "Fri, 26 Jan 2018 01:31:59 GMT"
        ],
        "Pragma": [
          "no-cache"
        ],
        "Location": [
          "https://management.azure.com/subscriptions/0b1f6471-1bf0-4dda-aec3-cb9272f09590/operationresults/eyJqb2JJZCI6IlJFU09VUkNFR1JPVVBERUxFVElPTkpPQi1SR1NUTVMxQTg2ODQyOUM1Ny1FQVNUVVMiLCJqb2JMb2NhdGlvbiI6ImVhc3R1cyJ9?api-version=2016-02-01"
        ],
        "Retry-After": [
          "15"
        ],
        "x-ms-ratelimit-remaining-subscription-reads": [
          "14986"
        ],
        "x-ms-request-id": [
          "e221462d-e515-4346-b3e6-f04dac5fb3a6"
        ],
        "x-ms-correlation-request-id": [
          "e221462d-e515-4346-b3e6-f04dac5fb3a6"
        ],
        "x-ms-routing-request-id": [
          "WESTUS2:20180126T013200Z:e221462d-e515-4346-b3e6-f04dac5fb3a6"
        ],
        "Strict-Transport-Security": [
          "max-age=31536000; includeSubDomains"
        ]
      },
      "StatusCode": 202
    },
    {
      "RequestUri": "/subscriptions/0b1f6471-1bf0-4dda-aec3-cb9272f09590/operationresults/eyJqb2JJZCI6IlJFU09VUkNFR1JPVVBERUxFVElPTkpPQi1SR1NUTVMxQTg2ODQyOUM1Ny1FQVNUVVMiLCJqb2JMb2NhdGlvbiI6ImVhc3R1cyJ9?api-version=2016-02-01",
      "EncodedRequestUri": "L3N1YnNjcmlwdGlvbnMvMGIxZjY0NzEtMWJmMC00ZGRhLWFlYzMtY2I5MjcyZjA5NTkwL29wZXJhdGlvbnJlc3VsdHMvZXlKcWIySkpaQ0k2SWxKRlUwOVZVa05GUjFKUFZWQkVSVXhGVkVsUFRrcFBRaTFTUjFOVVRWTXhRVGcyT0RReU9VTTFOeTFGUVZOVVZWTWlMQ0pxYjJKTWIyTmhkR2x2YmlJNkltVmhjM1IxY3lKOT9hcGktdmVyc2lvbj0yMDE2LTAyLTAx",
      "RequestMethod": "GET",
      "RequestBody": "",
      "RequestHeaders": {
        "User-Agent": [
          "FxVersion/4.6.25211.01",
          "Microsoft.Azure.Management.ResourceManager.Fluent.ResourceManagementClient/1.4.1.0",
          "MacAddressHash/dfee77392548b313738ad0ccfab668108c74b792acc3c80f33d82db6096e765d"
        ]
      },
      "ResponseBody": "",
      "ResponseHeaders": {
        "Content-Length": [
          "0"
        ],
        "Expires": [
          "-1"
        ],
        "Cache-Control": [
          "no-cache"
        ],
        "Date": [
          "Fri, 26 Jan 2018 01:32:14 GMT"
        ],
        "Pragma": [
          "no-cache"
        ],
        "Location": [
          "https://management.azure.com/subscriptions/0b1f6471-1bf0-4dda-aec3-cb9272f09590/operationresults/eyJqb2JJZCI6IlJFU09VUkNFR1JPVVBERUxFVElPTkpPQi1SR1NUTVMxQTg2ODQyOUM1Ny1FQVNUVVMiLCJqb2JMb2NhdGlvbiI6ImVhc3R1cyJ9?api-version=2016-02-01"
        ],
        "Retry-After": [
          "15"
        ],
        "x-ms-ratelimit-remaining-subscription-reads": [
          "14985"
        ],
        "x-ms-request-id": [
          "f2ad4540-dea2-463f-8e8e-4e8944fc7421"
        ],
        "x-ms-correlation-request-id": [
          "f2ad4540-dea2-463f-8e8e-4e8944fc7421"
        ],
        "x-ms-routing-request-id": [
          "WESTUS2:20180126T013215Z:f2ad4540-dea2-463f-8e8e-4e8944fc7421"
        ],
        "Strict-Transport-Security": [
          "max-age=31536000; includeSubDomains"
        ]
      },
      "StatusCode": 202
    },
    {
      "RequestUri": "/subscriptions/0b1f6471-1bf0-4dda-aec3-cb9272f09590/operationresults/eyJqb2JJZCI6IlJFU09VUkNFR1JPVVBERUxFVElPTkpPQi1SR1NUTVMxQTg2ODQyOUM1Ny1FQVNUVVMiLCJqb2JMb2NhdGlvbiI6ImVhc3R1cyJ9?api-version=2016-02-01",
      "EncodedRequestUri": "L3N1YnNjcmlwdGlvbnMvMGIxZjY0NzEtMWJmMC00ZGRhLWFlYzMtY2I5MjcyZjA5NTkwL29wZXJhdGlvbnJlc3VsdHMvZXlKcWIySkpaQ0k2SWxKRlUwOVZVa05GUjFKUFZWQkVSVXhGVkVsUFRrcFBRaTFTUjFOVVRWTXhRVGcyT0RReU9VTTFOeTFGUVZOVVZWTWlMQ0pxYjJKTWIyTmhkR2x2YmlJNkltVmhjM1IxY3lKOT9hcGktdmVyc2lvbj0yMDE2LTAyLTAx",
      "RequestMethod": "GET",
      "RequestBody": "",
      "RequestHeaders": {
        "User-Agent": [
          "FxVersion/4.6.25211.01",
          "Microsoft.Azure.Management.ResourceManager.Fluent.ResourceManagementClient/1.4.1.0",
          "MacAddressHash/dfee77392548b313738ad0ccfab668108c74b792acc3c80f33d82db6096e765d"
        ]
      },
      "ResponseBody": "",
      "ResponseHeaders": {
        "Content-Length": [
          "0"
        ],
        "Expires": [
          "-1"
        ],
        "Cache-Control": [
          "no-cache"
        ],
        "Date": [
          "Fri, 26 Jan 2018 01:32:29 GMT"
        ],
        "Pragma": [
          "no-cache"
        ],
        "Location": [
          "https://management.azure.com/subscriptions/0b1f6471-1bf0-4dda-aec3-cb9272f09590/operationresults/eyJqb2JJZCI6IlJFU09VUkNFR1JPVVBERUxFVElPTkpPQi1SR1NUTVMxQTg2ODQyOUM1Ny1FQVNUVVMiLCJqb2JMb2NhdGlvbiI6ImVhc3R1cyJ9?api-version=2016-02-01"
        ],
        "Retry-After": [
          "15"
        ],
        "x-ms-ratelimit-remaining-subscription-reads": [
          "14984"
        ],
        "x-ms-request-id": [
          "4aa694c1-6279-4678-a68a-1d81088327e2"
        ],
        "x-ms-correlation-request-id": [
          "4aa694c1-6279-4678-a68a-1d81088327e2"
        ],
        "x-ms-routing-request-id": [
          "WESTUS2:20180126T013230Z:4aa694c1-6279-4678-a68a-1d81088327e2"
        ],
        "Strict-Transport-Security": [
          "max-age=31536000; includeSubDomains"
        ]
      },
      "StatusCode": 202
    },
    {
      "RequestUri": "/subscriptions/0b1f6471-1bf0-4dda-aec3-cb9272f09590/operationresults/eyJqb2JJZCI6IlJFU09VUkNFR1JPVVBERUxFVElPTkpPQi1SR1NUTVMxQTg2ODQyOUM1Ny1FQVNUVVMiLCJqb2JMb2NhdGlvbiI6ImVhc3R1cyJ9?api-version=2016-02-01",
      "EncodedRequestUri": "L3N1YnNjcmlwdGlvbnMvMGIxZjY0NzEtMWJmMC00ZGRhLWFlYzMtY2I5MjcyZjA5NTkwL29wZXJhdGlvbnJlc3VsdHMvZXlKcWIySkpaQ0k2SWxKRlUwOVZVa05GUjFKUFZWQkVSVXhGVkVsUFRrcFBRaTFTUjFOVVRWTXhRVGcyT0RReU9VTTFOeTFGUVZOVVZWTWlMQ0pxYjJKTWIyTmhkR2x2YmlJNkltVmhjM1IxY3lKOT9hcGktdmVyc2lvbj0yMDE2LTAyLTAx",
      "RequestMethod": "GET",
      "RequestBody": "",
      "RequestHeaders": {
        "User-Agent": [
          "FxVersion/4.6.25211.01",
          "Microsoft.Azure.Management.ResourceManager.Fluent.ResourceManagementClient/1.4.1.0",
          "MacAddressHash/dfee77392548b313738ad0ccfab668108c74b792acc3c80f33d82db6096e765d"
        ]
      },
      "ResponseBody": "",
      "ResponseHeaders": {
        "Content-Length": [
          "0"
        ],
        "Expires": [
          "-1"
        ],
        "Cache-Control": [
          "no-cache"
        ],
        "Date": [
          "Fri, 26 Jan 2018 01:32:45 GMT"
        ],
        "Pragma": [
          "no-cache"
        ],
        "Location": [
          "https://management.azure.com/subscriptions/0b1f6471-1bf0-4dda-aec3-cb9272f09590/operationresults/eyJqb2JJZCI6IlJFU09VUkNFR1JPVVBERUxFVElPTkpPQi1SR1NUTVMxQTg2ODQyOUM1Ny1FQVNUVVMiLCJqb2JMb2NhdGlvbiI6ImVhc3R1cyJ9?api-version=2016-02-01"
        ],
        "Retry-After": [
          "15"
        ],
        "x-ms-ratelimit-remaining-subscription-reads": [
          "14983"
        ],
        "x-ms-request-id": [
          "4fdf835b-2598-473e-a061-967ffbd9ef0d"
        ],
        "x-ms-correlation-request-id": [
          "4fdf835b-2598-473e-a061-967ffbd9ef0d"
        ],
        "x-ms-routing-request-id": [
          "WESTUS2:20180126T013245Z:4fdf835b-2598-473e-a061-967ffbd9ef0d"
        ],
        "Strict-Transport-Security": [
          "max-age=31536000; includeSubDomains"
        ]
      },
      "StatusCode": 202
    },
    {
      "RequestUri": "/subscriptions/0b1f6471-1bf0-4dda-aec3-cb9272f09590/operationresults/eyJqb2JJZCI6IlJFU09VUkNFR1JPVVBERUxFVElPTkpPQi1SR1NUTVMxQTg2ODQyOUM1Ny1FQVNUVVMiLCJqb2JMb2NhdGlvbiI6ImVhc3R1cyJ9?api-version=2016-02-01",
      "EncodedRequestUri": "L3N1YnNjcmlwdGlvbnMvMGIxZjY0NzEtMWJmMC00ZGRhLWFlYzMtY2I5MjcyZjA5NTkwL29wZXJhdGlvbnJlc3VsdHMvZXlKcWIySkpaQ0k2SWxKRlUwOVZVa05GUjFKUFZWQkVSVXhGVkVsUFRrcFBRaTFTUjFOVVRWTXhRVGcyT0RReU9VTTFOeTFGUVZOVVZWTWlMQ0pxYjJKTWIyTmhkR2x2YmlJNkltVmhjM1IxY3lKOT9hcGktdmVyc2lvbj0yMDE2LTAyLTAx",
      "RequestMethod": "GET",
      "RequestBody": "",
      "RequestHeaders": {
        "User-Agent": [
          "FxVersion/4.6.25211.01",
          "Microsoft.Azure.Management.ResourceManager.Fluent.ResourceManagementClient/1.4.1.0",
          "MacAddressHash/dfee77392548b313738ad0ccfab668108c74b792acc3c80f33d82db6096e765d"
        ]
      },
      "ResponseBody": "",
      "ResponseHeaders": {
        "Content-Length": [
          "0"
        ],
        "Expires": [
          "-1"
        ],
        "Cache-Control": [
          "no-cache"
        ],
        "Date": [
          "Fri, 26 Jan 2018 01:33:00 GMT"
        ],
        "Pragma": [
          "no-cache"
        ],
        "Location": [
          "https://management.azure.com/subscriptions/0b1f6471-1bf0-4dda-aec3-cb9272f09590/operationresults/eyJqb2JJZCI6IlJFU09VUkNFR1JPVVBERUxFVElPTkpPQi1SR1NUTVMxQTg2ODQyOUM1Ny1FQVNUVVMiLCJqb2JMb2NhdGlvbiI6ImVhc3R1cyJ9?api-version=2016-02-01"
        ],
        "Retry-After": [
          "15"
        ],
        "x-ms-ratelimit-remaining-subscription-reads": [
          "14982"
        ],
        "x-ms-request-id": [
          "eebb541c-527d-4b1a-89d6-3205fee50b0b"
        ],
        "x-ms-correlation-request-id": [
          "eebb541c-527d-4b1a-89d6-3205fee50b0b"
        ],
        "x-ms-routing-request-id": [
          "WESTUS2:20180126T013300Z:eebb541c-527d-4b1a-89d6-3205fee50b0b"
        ],
        "Strict-Transport-Security": [
          "max-age=31536000; includeSubDomains"
        ]
      },
      "StatusCode": 202
    },
    {
      "RequestUri": "/subscriptions/0b1f6471-1bf0-4dda-aec3-cb9272f09590/operationresults/eyJqb2JJZCI6IlJFU09VUkNFR1JPVVBERUxFVElPTkpPQi1SR1NUTVMxQTg2ODQyOUM1Ny1FQVNUVVMiLCJqb2JMb2NhdGlvbiI6ImVhc3R1cyJ9?api-version=2016-02-01",
      "EncodedRequestUri": "L3N1YnNjcmlwdGlvbnMvMGIxZjY0NzEtMWJmMC00ZGRhLWFlYzMtY2I5MjcyZjA5NTkwL29wZXJhdGlvbnJlc3VsdHMvZXlKcWIySkpaQ0k2SWxKRlUwOVZVa05GUjFKUFZWQkVSVXhGVkVsUFRrcFBRaTFTUjFOVVRWTXhRVGcyT0RReU9VTTFOeTFGUVZOVVZWTWlMQ0pxYjJKTWIyTmhkR2x2YmlJNkltVmhjM1IxY3lKOT9hcGktdmVyc2lvbj0yMDE2LTAyLTAx",
      "RequestMethod": "GET",
      "RequestBody": "",
      "RequestHeaders": {
        "User-Agent": [
          "FxVersion/4.6.25211.01",
          "Microsoft.Azure.Management.ResourceManager.Fluent.ResourceManagementClient/1.4.1.0",
          "MacAddressHash/dfee77392548b313738ad0ccfab668108c74b792acc3c80f33d82db6096e765d"
        ]
      },
      "ResponseBody": "",
      "ResponseHeaders": {
        "Content-Length": [
          "0"
        ],
        "Expires": [
          "-1"
        ],
        "Cache-Control": [
          "no-cache"
        ],
        "Date": [
          "Fri, 26 Jan 2018 01:33:15 GMT"
        ],
        "Pragma": [
          "no-cache"
        ],
        "Location": [
          "https://management.azure.com/subscriptions/0b1f6471-1bf0-4dda-aec3-cb9272f09590/operationresults/eyJqb2JJZCI6IlJFU09VUkNFR1JPVVBERUxFVElPTkpPQi1SR1NUTVMxQTg2ODQyOUM1Ny1FQVNUVVMiLCJqb2JMb2NhdGlvbiI6ImVhc3R1cyJ9?api-version=2016-02-01"
        ],
        "Retry-After": [
          "15"
        ],
        "x-ms-ratelimit-remaining-subscription-reads": [
          "14981"
        ],
        "x-ms-request-id": [
          "635dd063-b685-4a22-8775-9c54c532c815"
        ],
        "x-ms-correlation-request-id": [
          "635dd063-b685-4a22-8775-9c54c532c815"
        ],
        "x-ms-routing-request-id": [
          "WESTUS2:20180126T013316Z:635dd063-b685-4a22-8775-9c54c532c815"
        ],
        "Strict-Transport-Security": [
          "max-age=31536000; includeSubDomains"
        ]
      },
      "StatusCode": 202
    },
    {
      "RequestUri": "/subscriptions/0b1f6471-1bf0-4dda-aec3-cb9272f09590/operationresults/eyJqb2JJZCI6IlJFU09VUkNFR1JPVVBERUxFVElPTkpPQi1SR1NUTVMxQTg2ODQyOUM1Ny1FQVNUVVMiLCJqb2JMb2NhdGlvbiI6ImVhc3R1cyJ9?api-version=2016-02-01",
      "EncodedRequestUri": "L3N1YnNjcmlwdGlvbnMvMGIxZjY0NzEtMWJmMC00ZGRhLWFlYzMtY2I5MjcyZjA5NTkwL29wZXJhdGlvbnJlc3VsdHMvZXlKcWIySkpaQ0k2SWxKRlUwOVZVa05GUjFKUFZWQkVSVXhGVkVsUFRrcFBRaTFTUjFOVVRWTXhRVGcyT0RReU9VTTFOeTFGUVZOVVZWTWlMQ0pxYjJKTWIyTmhkR2x2YmlJNkltVmhjM1IxY3lKOT9hcGktdmVyc2lvbj0yMDE2LTAyLTAx",
      "RequestMethod": "GET",
      "RequestBody": "",
      "RequestHeaders": {
        "User-Agent": [
          "FxVersion/4.6.25211.01",
          "Microsoft.Azure.Management.ResourceManager.Fluent.ResourceManagementClient/1.4.1.0",
          "MacAddressHash/dfee77392548b313738ad0ccfab668108c74b792acc3c80f33d82db6096e765d"
        ]
      },
      "ResponseBody": "",
      "ResponseHeaders": {
        "Content-Length": [
          "0"
        ],
        "Expires": [
          "-1"
        ],
        "Cache-Control": [
          "no-cache"
        ],
        "Date": [
          "Fri, 26 Jan 2018 01:33:30 GMT"
        ],
        "Pragma": [
          "no-cache"
        ],
        "Location": [
          "https://management.azure.com/subscriptions/0b1f6471-1bf0-4dda-aec3-cb9272f09590/operationresults/eyJqb2JJZCI6IlJFU09VUkNFR1JPVVBERUxFVElPTkpPQi1SR1NUTVMxQTg2ODQyOUM1Ny1FQVNUVVMiLCJqb2JMb2NhdGlvbiI6ImVhc3R1cyJ9?api-version=2016-02-01"
        ],
        "Retry-After": [
          "15"
        ],
        "x-ms-ratelimit-remaining-subscription-reads": [
          "14980"
        ],
        "x-ms-request-id": [
          "5d5fa999-2a22-4b55-bce4-9d37a3c936a8"
        ],
        "x-ms-correlation-request-id": [
          "5d5fa999-2a22-4b55-bce4-9d37a3c936a8"
        ],
        "x-ms-routing-request-id": [
          "WESTUS2:20180126T013331Z:5d5fa999-2a22-4b55-bce4-9d37a3c936a8"
        ],
        "Strict-Transport-Security": [
          "max-age=31536000; includeSubDomains"
        ]
      },
      "StatusCode": 202
    },
    {
      "RequestUri": "/subscriptions/0b1f6471-1bf0-4dda-aec3-cb9272f09590/operationresults/eyJqb2JJZCI6IlJFU09VUkNFR1JPVVBERUxFVElPTkpPQi1SR1NUTVMxQTg2ODQyOUM1Ny1FQVNUVVMiLCJqb2JMb2NhdGlvbiI6ImVhc3R1cyJ9?api-version=2016-02-01",
      "EncodedRequestUri": "L3N1YnNjcmlwdGlvbnMvMGIxZjY0NzEtMWJmMC00ZGRhLWFlYzMtY2I5MjcyZjA5NTkwL29wZXJhdGlvbnJlc3VsdHMvZXlKcWIySkpaQ0k2SWxKRlUwOVZVa05GUjFKUFZWQkVSVXhGVkVsUFRrcFBRaTFTUjFOVVRWTXhRVGcyT0RReU9VTTFOeTFGUVZOVVZWTWlMQ0pxYjJKTWIyTmhkR2x2YmlJNkltVmhjM1IxY3lKOT9hcGktdmVyc2lvbj0yMDE2LTAyLTAx",
      "RequestMethod": "GET",
      "RequestBody": "",
      "RequestHeaders": {
        "User-Agent": [
          "FxVersion/4.6.25211.01",
          "Microsoft.Azure.Management.ResourceManager.Fluent.ResourceManagementClient/1.4.1.0",
          "MacAddressHash/dfee77392548b313738ad0ccfab668108c74b792acc3c80f33d82db6096e765d"
        ]
      },
      "ResponseBody": "",
      "ResponseHeaders": {
        "Content-Length": [
          "0"
        ],
        "Expires": [
          "-1"
        ],
        "Cache-Control": [
          "no-cache"
        ],
        "Date": [
          "Fri, 26 Jan 2018 01:33:46 GMT"
        ],
        "Pragma": [
          "no-cache"
        ],
        "Location": [
          "https://management.azure.com/subscriptions/0b1f6471-1bf0-4dda-aec3-cb9272f09590/operationresults/eyJqb2JJZCI6IlJFU09VUkNFR1JPVVBERUxFVElPTkpPQi1SR1NUTVMxQTg2ODQyOUM1Ny1FQVNUVVMiLCJqb2JMb2NhdGlvbiI6ImVhc3R1cyJ9?api-version=2016-02-01"
        ],
        "Retry-After": [
          "15"
        ],
        "x-ms-ratelimit-remaining-subscription-reads": [
          "14979"
        ],
        "x-ms-request-id": [
          "ec26835c-ad92-4195-bee0-0682241d6ca6"
        ],
        "x-ms-correlation-request-id": [
          "ec26835c-ad92-4195-bee0-0682241d6ca6"
        ],
        "x-ms-routing-request-id": [
          "WESTUS2:20180126T013346Z:ec26835c-ad92-4195-bee0-0682241d6ca6"
        ],
        "Strict-Transport-Security": [
          "max-age=31536000; includeSubDomains"
        ]
      },
      "StatusCode": 202
    },
    {
      "RequestUri": "/subscriptions/0b1f6471-1bf0-4dda-aec3-cb9272f09590/operationresults/eyJqb2JJZCI6IlJFU09VUkNFR1JPVVBERUxFVElPTkpPQi1SR1NUTVMxQTg2ODQyOUM1Ny1FQVNUVVMiLCJqb2JMb2NhdGlvbiI6ImVhc3R1cyJ9?api-version=2016-02-01",
      "EncodedRequestUri": "L3N1YnNjcmlwdGlvbnMvMGIxZjY0NzEtMWJmMC00ZGRhLWFlYzMtY2I5MjcyZjA5NTkwL29wZXJhdGlvbnJlc3VsdHMvZXlKcWIySkpaQ0k2SWxKRlUwOVZVa05GUjFKUFZWQkVSVXhGVkVsUFRrcFBRaTFTUjFOVVRWTXhRVGcyT0RReU9VTTFOeTFGUVZOVVZWTWlMQ0pxYjJKTWIyTmhkR2x2YmlJNkltVmhjM1IxY3lKOT9hcGktdmVyc2lvbj0yMDE2LTAyLTAx",
      "RequestMethod": "GET",
      "RequestBody": "",
      "RequestHeaders": {
        "User-Agent": [
          "FxVersion/4.6.25211.01",
          "Microsoft.Azure.Management.ResourceManager.Fluent.ResourceManagementClient/1.4.1.0",
          "MacAddressHash/dfee77392548b313738ad0ccfab668108c74b792acc3c80f33d82db6096e765d"
        ]
      },
      "ResponseBody": "",
      "ResponseHeaders": {
        "Content-Length": [
          "0"
        ],
        "Expires": [
          "-1"
        ],
        "Cache-Control": [
          "no-cache"
        ],
        "Date": [
          "Fri, 26 Jan 2018 01:34:01 GMT"
        ],
        "Pragma": [
          "no-cache"
        ],
        "Location": [
          "https://management.azure.com/subscriptions/0b1f6471-1bf0-4dda-aec3-cb9272f09590/operationresults/eyJqb2JJZCI6IlJFU09VUkNFR1JPVVBERUxFVElPTkpPQi1SR1NUTVMxQTg2ODQyOUM1Ny1FQVNUVVMiLCJqb2JMb2NhdGlvbiI6ImVhc3R1cyJ9?api-version=2016-02-01"
        ],
        "Retry-After": [
          "15"
        ],
        "x-ms-ratelimit-remaining-subscription-reads": [
          "14978"
        ],
        "x-ms-request-id": [
          "389a7398-3b60-4b4e-8c10-76503f0da741"
        ],
        "x-ms-correlation-request-id": [
          "389a7398-3b60-4b4e-8c10-76503f0da741"
        ],
        "x-ms-routing-request-id": [
          "WESTUS2:20180126T013402Z:389a7398-3b60-4b4e-8c10-76503f0da741"
        ],
        "Strict-Transport-Security": [
          "max-age=31536000; includeSubDomains"
        ]
      },
      "StatusCode": 202
    },
    {
      "RequestUri": "/subscriptions/0b1f6471-1bf0-4dda-aec3-cb9272f09590/operationresults/eyJqb2JJZCI6IlJFU09VUkNFR1JPVVBERUxFVElPTkpPQi1SR1NUTVMxQTg2ODQyOUM1Ny1FQVNUVVMiLCJqb2JMb2NhdGlvbiI6ImVhc3R1cyJ9?api-version=2016-02-01",
      "EncodedRequestUri": "L3N1YnNjcmlwdGlvbnMvMGIxZjY0NzEtMWJmMC00ZGRhLWFlYzMtY2I5MjcyZjA5NTkwL29wZXJhdGlvbnJlc3VsdHMvZXlKcWIySkpaQ0k2SWxKRlUwOVZVa05GUjFKUFZWQkVSVXhGVkVsUFRrcFBRaTFTUjFOVVRWTXhRVGcyT0RReU9VTTFOeTFGUVZOVVZWTWlMQ0pxYjJKTWIyTmhkR2x2YmlJNkltVmhjM1IxY3lKOT9hcGktdmVyc2lvbj0yMDE2LTAyLTAx",
      "RequestMethod": "GET",
      "RequestBody": "",
      "RequestHeaders": {
        "User-Agent": [
          "FxVersion/4.6.25211.01",
          "Microsoft.Azure.Management.ResourceManager.Fluent.ResourceManagementClient/1.4.1.0",
          "MacAddressHash/dfee77392548b313738ad0ccfab668108c74b792acc3c80f33d82db6096e765d"
        ]
      },
      "ResponseBody": "",
      "ResponseHeaders": {
        "Content-Length": [
          "0"
        ],
        "Expires": [
          "-1"
        ],
        "Cache-Control": [
          "no-cache"
        ],
        "Date": [
          "Fri, 26 Jan 2018 01:34:18 GMT"
        ],
        "Pragma": [
          "no-cache"
        ],
        "Location": [
          "https://management.azure.com/subscriptions/0b1f6471-1bf0-4dda-aec3-cb9272f09590/operationresults/eyJqb2JJZCI6IlJFU09VUkNFR1JPVVBERUxFVElPTkpPQi1SR1NUTVMxQTg2ODQyOUM1Ny1FQVNUVVMiLCJqb2JMb2NhdGlvbiI6ImVhc3R1cyJ9?api-version=2016-02-01"
        ],
        "Retry-After": [
          "15"
        ],
        "x-ms-ratelimit-remaining-subscription-reads": [
          "14977"
        ],
        "x-ms-request-id": [
          "564dcbdd-d4ce-4aaa-9b4e-de349f23a016"
        ],
        "x-ms-correlation-request-id": [
          "564dcbdd-d4ce-4aaa-9b4e-de349f23a016"
        ],
        "x-ms-routing-request-id": [
          "WESTUS2:20180126T013418Z:564dcbdd-d4ce-4aaa-9b4e-de349f23a016"
        ],
        "Strict-Transport-Security": [
          "max-age=31536000; includeSubDomains"
        ]
      },
      "StatusCode": 202
    },
    {
      "RequestUri": "/subscriptions/0b1f6471-1bf0-4dda-aec3-cb9272f09590/operationresults/eyJqb2JJZCI6IlJFU09VUkNFR1JPVVBERUxFVElPTkpPQi1SR1NUTVMxQTg2ODQyOUM1Ny1FQVNUVVMiLCJqb2JMb2NhdGlvbiI6ImVhc3R1cyJ9?api-version=2016-02-01",
      "EncodedRequestUri": "L3N1YnNjcmlwdGlvbnMvMGIxZjY0NzEtMWJmMC00ZGRhLWFlYzMtY2I5MjcyZjA5NTkwL29wZXJhdGlvbnJlc3VsdHMvZXlKcWIySkpaQ0k2SWxKRlUwOVZVa05GUjFKUFZWQkVSVXhGVkVsUFRrcFBRaTFTUjFOVVRWTXhRVGcyT0RReU9VTTFOeTFGUVZOVVZWTWlMQ0pxYjJKTWIyTmhkR2x2YmlJNkltVmhjM1IxY3lKOT9hcGktdmVyc2lvbj0yMDE2LTAyLTAx",
      "RequestMethod": "GET",
      "RequestBody": "",
      "RequestHeaders": {
        "User-Agent": [
          "FxVersion/4.6.25211.01",
          "Microsoft.Azure.Management.ResourceManager.Fluent.ResourceManagementClient/1.4.1.0",
          "MacAddressHash/dfee77392548b313738ad0ccfab668108c74b792acc3c80f33d82db6096e765d"
        ]
      },
      "ResponseBody": "",
      "ResponseHeaders": {
        "Content-Length": [
          "0"
        ],
        "Expires": [
          "-1"
        ],
        "Cache-Control": [
          "no-cache"
        ],
        "Date": [
          "Fri, 26 Jan 2018 01:34:33 GMT"
        ],
        "Pragma": [
          "no-cache"
        ],
        "Location": [
          "https://management.azure.com/subscriptions/0b1f6471-1bf0-4dda-aec3-cb9272f09590/operationresults/eyJqb2JJZCI6IlJFU09VUkNFR1JPVVBERUxFVElPTkpPQi1SR1NUTVMxQTg2ODQyOUM1Ny1FQVNUVVMiLCJqb2JMb2NhdGlvbiI6ImVhc3R1cyJ9?api-version=2016-02-01"
        ],
        "Retry-After": [
          "15"
        ],
        "x-ms-ratelimit-remaining-subscription-reads": [
          "14976"
        ],
        "x-ms-request-id": [
          "d9e30571-b70d-40f4-be44-acf9aa47f502"
        ],
        "x-ms-correlation-request-id": [
          "d9e30571-b70d-40f4-be44-acf9aa47f502"
        ],
        "x-ms-routing-request-id": [
          "WESTUS2:20180126T013433Z:d9e30571-b70d-40f4-be44-acf9aa47f502"
        ],
        "Strict-Transport-Security": [
          "max-age=31536000; includeSubDomains"
        ]
      },
      "StatusCode": 202
    },
    {
      "RequestUri": "/subscriptions/0b1f6471-1bf0-4dda-aec3-cb9272f09590/operationresults/eyJqb2JJZCI6IlJFU09VUkNFR1JPVVBERUxFVElPTkpPQi1SR1NUTVMxQTg2ODQyOUM1Ny1FQVNUVVMiLCJqb2JMb2NhdGlvbiI6ImVhc3R1cyJ9?api-version=2016-02-01",
      "EncodedRequestUri": "L3N1YnNjcmlwdGlvbnMvMGIxZjY0NzEtMWJmMC00ZGRhLWFlYzMtY2I5MjcyZjA5NTkwL29wZXJhdGlvbnJlc3VsdHMvZXlKcWIySkpaQ0k2SWxKRlUwOVZVa05GUjFKUFZWQkVSVXhGVkVsUFRrcFBRaTFTUjFOVVRWTXhRVGcyT0RReU9VTTFOeTFGUVZOVVZWTWlMQ0pxYjJKTWIyTmhkR2x2YmlJNkltVmhjM1IxY3lKOT9hcGktdmVyc2lvbj0yMDE2LTAyLTAx",
      "RequestMethod": "GET",
      "RequestBody": "",
      "RequestHeaders": {
        "User-Agent": [
          "FxVersion/4.6.25211.01",
          "Microsoft.Azure.Management.ResourceManager.Fluent.ResourceManagementClient/1.4.1.0",
          "MacAddressHash/dfee77392548b313738ad0ccfab668108c74b792acc3c80f33d82db6096e765d"
        ]
      },
      "ResponseBody": "",
      "ResponseHeaders": {
        "Content-Length": [
          "0"
        ],
        "Expires": [
          "-1"
        ],
        "Cache-Control": [
          "no-cache"
        ],
        "Date": [
          "Fri, 26 Jan 2018 01:34:48 GMT"
        ],
        "Pragma": [
          "no-cache"
        ],
        "x-ms-ratelimit-remaining-subscription-reads": [
          "14975"
        ],
        "x-ms-request-id": [
          "fb29c4db-2b4e-4137-a4c5-d9224458e959"
        ],
        "x-ms-correlation-request-id": [
          "fb29c4db-2b4e-4137-a4c5-d9224458e959"
        ],
        "x-ms-routing-request-id": [
          "WESTUS2:20180126T013448Z:fb29c4db-2b4e-4137-a4c5-d9224458e959"
        ],
        "Strict-Transport-Security": [
          "max-age=31536000; includeSubDomains"
        ]
      },
      "StatusCode": 200
    }
  ],
  "Names": {
    "ManageManageStorageAccountNetworkRulesTest": [
      "rgstms1a868429c57",
      "nw7af1390052941",
      "sa044147583f",
      "pip13535928bfd7",
      "vma8167701",
      "nic575400007fa",
      "vnet10432980891a"
    ]
  },
  "Variables": {
    "ServicePrincipal": "a971e5df-eeb7-4481-9bf7-e72e66a2ba12",
    "AADTenant": "54826b22-38d6-4fb2-bad9-b7b93a3e9c5a",
    "SubscriptionId": "0b1f6471-1bf0-4dda-aec3-cb9272f09590"
  }
}