{
  "Entries": [
    {
      "RequestUri": "/subscriptions/ec0aa5f7-9e78-40c9-85cd-535c6305b380/resourcegroups/rg0fc58416?api-version=2021-01-01",
      "EncodedRequestUri": "L3N1YnNjcmlwdGlvbnMvZWMwYWE1ZjctOWU3OC00MGM5LTg1Y2QtNTM1YzYzMDViMzgwL3Jlc291cmNlZ3JvdXBzL3JnMGZjNTg0MTY/YXBpLXZlcnNpb249MjAyMS0wMS0wMQ==",
      "RequestMethod": "PUT",
      "RequestBody": "{\r\n  \"location\": \"eastus\"\r\n}",
      "RequestHeaders": {
        "x-ms-client-request-id": [
          "6d355068-e627-4709-aaa4-acf62c6840c6"
        ],
        "Accept-Language": [
          "en-US"
        ],
        "User-Agent": [
          "FxVersion/4.6.28008.01",
          "OSName/Windows",
          "OSVersion/Microsoft.Windows.10.0.18363.",
          "Microsoft.Azure.Management.ResourceManager.Fluent.ResourceManagementClient/1.0.0.62",
          "MacAddressHash/f198b50d7e3ef6510679efb9e4c9a1474fd2bf18cf1d6a2182c79b00464dbadd"
        ],
        "Content-Type": [
          "application/json; charset=utf-8"
        ],
        "Content-Length": [
          "28"
        ]
      },
      "ResponseHeaders": {
        "Cache-Control": [
          "no-cache"
        ],
        "Pragma": [
          "no-cache"
        ],
        "x-ms-ratelimit-remaining-subscription-writes": [
          "1189"
        ],
        "x-ms-request-id": [
          "d808bb42-450f-454d-80f4-cdc0703f100e"
        ],
        "x-ms-correlation-request-id": [
          "d808bb42-450f-454d-80f4-cdc0703f100e"
        ],
        "x-ms-routing-request-id": [
          "SOUTHEASTASIA:20191216T111056Z:d808bb42-450f-454d-80f4-cdc0703f100e"
        ],
        "Strict-Transport-Security": [
          "max-age=31536000; includeSubDomains"
        ],
        "X-Content-Type-Options": [
          "nosniff"
        ],
        "Date": [
          "Mon, 16 Dec 2019 11:10:55 GMT"
        ],
        "Content-Length": [
          "217"
        ],
        "Content-Type": [
          "application/json; charset=utf-8"
        ],
        "Expires": [
          "-1"
        ]
      },
      "ResponseBody": "{\r\n  \"id\": \"/subscriptions/ec0aa5f7-9e78-40c9-85cd-535c6305b380/resourceGroups/rg0fc58416\",\r\n  \"name\": \"rg0fc58416\",\r\n  \"type\": \"Microsoft.Resources/resourceGroups\",\r\n  \"location\": \"eastus\",\r\n  \"properties\": {\r\n    \"provisioningState\": \"Succeeded\"\r\n  }\r\n}",
      "StatusCode": 201
    },
    {
      "RequestUri": "/subscriptions/ec0aa5f7-9e78-40c9-85cd-535c6305b380/resourceGroups/rg0fc58416/providers/Microsoft.Network/routeTables/rt0fc58416?api-version=2019-09-01",
      "EncodedRequestUri": "L3N1YnNjcmlwdGlvbnMvZWMwYWE1ZjctOWU3OC00MGM5LTg1Y2QtNTM1YzYzMDViMzgwL3Jlc291cmNlR3JvdXBzL3JnMGZjNTg0MTYvcHJvdmlkZXJzL01pY3Jvc29mdC5OZXR3b3JrL3JvdXRlVGFibGVzL3J0MGZjNTg0MTY/YXBpLXZlcnNpb249MjAxOS0wOS0wMQ==",
      "RequestMethod": "PUT",
      "RequestBody": "{\r\n  \"properties\": {\r\n    \"routes\": [\r\n      {\r\n        \"properties\": {\r\n          \"addressPrefix\": \"10.0.0.0/24\",\r\n          \"nextHopType\": \"VirtualAppliance\",\r\n          \"nextHopIpAddress\": \"10.1.0.4\"\r\n        },\r\n        \"name\": \"route1\"\r\n      },\r\n      {\r\n        \"properties\": {\r\n          \"addressPrefix\": \"10.0.1.0/24\",\r\n          \"nextHopType\": \"VirtualAppliance\",\r\n          \"nextHopIpAddress\": \"10.1.0.5\"\r\n        },\r\n        \"name\": \"route2\"\r\n      }\r\n    ]\r\n  },\r\n  \"location\": \"eastus\",\r\n  \"tags\": {}\r\n}",
      "RequestHeaders": {
        "x-ms-client-request-id": [
          "694a4d3e-f1a4-4d7e-be3f-ee9c8d3acfbf"
        ],
        "Accept-Language": [
          "en-US"
        ],
        "User-Agent": [
          "FxVersion/4.6.28008.01",
          "OSName/Windows",
          "OSVersion/Microsoft.Windows.10.0.18363.",
          "Microsoft.Azure.Management.Network.Fluent.NetworkManagementClient/1.0.0.62",
          "MacAddressHash/f198b50d7e3ef6510679efb9e4c9a1474fd2bf18cf1d6a2182c79b00464dbadd"
        ],
        "Content-Type": [
          "application/json; charset=utf-8"
        ],
        "Content-Length": [
          "517"
        ]
      },
      "ResponseHeaders": {
        "Cache-Control": [
          "no-cache"
        ],
        "Pragma": [
          "no-cache"
        ],
        "Retry-After": [
          "10"
        ],
        "x-ms-request-id": [
          "87030e6a-24f6-4fc2-8d07-73074bc84c97"
        ],
        "Azure-AsyncOperation": [
          "https://management.azure.com/subscriptions/ec0aa5f7-9e78-40c9-85cd-535c6305b380/providers/Microsoft.Network/locations/eastus/operations/87030e6a-24f6-4fc2-8d07-73074bc84c97?api-version=2019-09-01"
        ],
        "x-ms-correlation-request-id": [
          "976b2781-51b2-43e6-8cfe-5985755f4f57"
        ],
        "x-ms-arm-service-request-id": [
          "0f53a34e-9620-496e-b9c0-4c4f8c088b79"
        ],
        "Strict-Transport-Security": [
          "max-age=31536000; includeSubDomains"
        ],
        "Server": [
          "Microsoft-HTTPAPI/2.0",
          "Microsoft-HTTPAPI/2.0"
        ],
        "x-ms-ratelimit-remaining-subscription-writes": [
          "1188"
        ],
        "x-ms-routing-request-id": [
          "SOUTHEASTASIA:20191216T111102Z:976b2781-51b2-43e6-8cfe-5985755f4f57"
        ],
        "X-Content-Type-Options": [
          "nosniff"
        ],
        "Date": [
          "Mon, 16 Dec 2019 11:11:02 GMT"
        ],
        "Content-Length": [
          "1647"
        ],
        "Content-Type": [
          "application/json; charset=utf-8"
        ],
        "Expires": [
          "-1"
        ]
      },
      "ResponseBody": "{\r\n  \"name\": \"rt0fc58416\",\r\n  \"id\": \"/subscriptions/ec0aa5f7-9e78-40c9-85cd-535c6305b380/resourceGroups/rg0fc58416/providers/Microsoft.Network/routeTables/rt0fc58416\",\r\n  \"etag\": \"W/\\\"955ecc9f-8de7-4bff-b4d8-9c70d3b15758\\\"\",\r\n  \"type\": \"Microsoft.Network/routeTables\",\r\n  \"location\": \"eastus\",\r\n  \"tags\": {},\r\n  \"properties\": {\r\n    \"provisioningState\": \"Updating\",\r\n    \"resourceGuid\": \"f5e91a44-9f0e-45d6-a800-5194d477bc60\",\r\n    \"disableBgpRoutePropagation\": false,\r\n    \"routes\": [\r\n      {\r\n        \"name\": \"route1\",\r\n        \"id\": \"/subscriptions/ec0aa5f7-9e78-40c9-85cd-535c6305b380/resourceGroups/rg0fc58416/providers/Microsoft.Network/routeTables/rt0fc58416/routes/route1\",\r\n        \"etag\": \"W/\\\"955ecc9f-8de7-4bff-b4d8-9c70d3b15758\\\"\",\r\n        \"properties\": {\r\n          \"provisioningState\": \"Updating\",\r\n          \"addressPrefix\": \"10.0.0.0/24\",\r\n          \"nextHopType\": \"VirtualAppliance\",\r\n          \"nextHopIpAddress\": \"10.1.0.4\",\r\n          \"hasBgpOverride\": false\r\n        },\r\n        \"type\": \"Microsoft.Network/routeTables/routes\"\r\n      },\r\n      {\r\n        \"name\": \"route2\",\r\n        \"id\": \"/subscriptions/ec0aa5f7-9e78-40c9-85cd-535c6305b380/resourceGroups/rg0fc58416/providers/Microsoft.Network/routeTables/rt0fc58416/routes/route2\",\r\n        \"etag\": \"W/\\\"955ecc9f-8de7-4bff-b4d8-9c70d3b15758\\\"\",\r\n        \"properties\": {\r\n          \"provisioningState\": \"Updating\",\r\n          \"addressPrefix\": \"10.0.1.0/24\",\r\n          \"nextHopType\": \"VirtualAppliance\",\r\n          \"nextHopIpAddress\": \"10.1.0.5\",\r\n          \"hasBgpOverride\": false\r\n        },\r\n        \"type\": \"Microsoft.Network/routeTables/routes\"\r\n      }\r\n    ]\r\n  }\r\n}",
      "StatusCode": 201
    },
    {
      "RequestUri": "/subscriptions/ec0aa5f7-9e78-40c9-85cd-535c6305b380/resourceGroups/rg0fc58416/providers/Microsoft.Network/routeTables/rt0fc58416?api-version=2019-09-01",
      "EncodedRequestUri": "L3N1YnNjcmlwdGlvbnMvZWMwYWE1ZjctOWU3OC00MGM5LTg1Y2QtNTM1YzYzMDViMzgwL3Jlc291cmNlR3JvdXBzL3JnMGZjNTg0MTYvcHJvdmlkZXJzL01pY3Jvc29mdC5OZXR3b3JrL3JvdXRlVGFibGVzL3J0MGZjNTg0MTY/YXBpLXZlcnNpb249MjAxOS0wOS0wMQ==",
      "RequestMethod": "PUT",
      "RequestBody": "{\r\n  \"properties\": {\r\n    \"routes\": [\r\n      {\r\n        \"properties\": {\r\n          \"addressPrefix\": \"10.0.0.0/25\",\r\n          \"nextHopType\": \"VirtualAppliance\",\r\n          \"nextHopIpAddress\": \"10.1.0.6\"\r\n        },\r\n        \"name\": \"route1\",\r\n        \"id\": \"/subscriptions/ec0aa5f7-9e78-40c9-85cd-535c6305b380/resourceGroups/rg0fc58416/providers/Microsoft.Network/routeTables/rt0fc58416/routes/route1\"\r\n      },\r\n      {\r\n        \"properties\": {\r\n          \"addressPrefix\": \"10.0.1.0/24\",\r\n          \"nextHopType\": \"VirtualAppliance\",\r\n          \"nextHopIpAddress\": \"10.1.0.5\"\r\n        },\r\n        \"name\": \"route2\",\r\n        \"id\": \"/subscriptions/ec0aa5f7-9e78-40c9-85cd-535c6305b380/resourceGroups/rg0fc58416/providers/Microsoft.Network/routeTables/rt0fc58416/routes/route2\"\r\n      },\r\n      {\r\n        \"properties\": {\r\n          \"addressPrefix\": \"10.0.2.0/24\",\r\n          \"nextHopType\": \"VirtualAppliance\",\r\n          \"nextHopIpAddress\": \"10.1.0.7\"\r\n        },\r\n        \"name\": \"route3\"\r\n      }\r\n    ],\r\n    \"disableBgpRoutePropagation\": false\r\n  },\r\n  \"location\": \"eastus\",\r\n  \"tags\": {}\r\n}",
      "RequestHeaders": {
        "x-ms-client-request-id": [
          "92908668-f427-43c5-8f8e-4f2216117194"
        ],
        "Accept-Language": [
          "en-US"
        ],
        "User-Agent": [
          "FxVersion/4.6.28008.01",
          "OSName/Windows",
          "OSVersion/Microsoft.Windows.10.0.18363.",
          "Microsoft.Azure.Management.Network.Fluent.NetworkManagementClient/1.0.0.62",
          "MacAddressHash/f198b50d7e3ef6510679efb9e4c9a1474fd2bf18cf1d6a2182c79b00464dbadd"
        ],
        "Content-Type": [
          "application/json; charset=utf-8"
        ],
        "Content-Length": [
          "1094"
        ]
      },
      "ResponseHeaders": {
        "Cache-Control": [
          "no-cache"
        ],
        "Pragma": [
          "no-cache"
        ],
        "Retry-After": [
          "10"
        ],
        "x-ms-request-id": [
          "8f4235fe-8644-469d-899e-7ad611fc8643"
        ],
        "Azure-AsyncOperation": [
          "https://management.azure.com/subscriptions/ec0aa5f7-9e78-40c9-85cd-535c6305b380/providers/Microsoft.Network/locations/eastus/operations/8f4235fe-8644-469d-899e-7ad611fc8643?api-version=2019-09-01"
        ],
        "x-ms-correlation-request-id": [
          "11a8f6b7-d1bd-4a2f-b947-de9b4dd06f97"
        ],
        "x-ms-arm-service-request-id": [
          "5adf4b75-87cd-4e5b-9bec-ea7eef1986a4"
        ],
        "Strict-Transport-Security": [
          "max-age=31536000; includeSubDomains"
        ],
        "Server": [
          "Microsoft-HTTPAPI/2.0",
          "Microsoft-HTTPAPI/2.0"
        ],
        "x-ms-ratelimit-remaining-subscription-writes": [
          "1185"
        ],
        "x-ms-routing-request-id": [
          "SOUTHEASTASIA:20191216T111123Z:11a8f6b7-d1bd-4a2f-b947-de9b4dd06f97"
        ],
        "X-Content-Type-Options": [
          "nosniff"
        ],
        "Date": [
          "Mon, 16 Dec 2019 11:11:22 GMT"
        ],
        "Content-Length": [
          "2432"
        ],
        "Content-Type": [
          "application/json; charset=utf-8"
        ],
        "Expires": [
          "-1"
        ]
      },
      "ResponseBody": "{\r\n  \"name\": \"rt0fc58416\",\r\n  \"id\": \"/subscriptions/ec0aa5f7-9e78-40c9-85cd-535c6305b380/resourceGroups/rg0fc58416/providers/Microsoft.Network/routeTables/rt0fc58416\",\r\n  \"etag\": \"W/\\\"b840916e-5748-4875-a338-b5a880499cb4\\\"\",\r\n  \"type\": \"Microsoft.Network/routeTables\",\r\n  \"location\": \"eastus\",\r\n  \"tags\": {},\r\n  \"properties\": {\r\n    \"provisioningState\": \"Updating\",\r\n    \"resourceGuid\": \"f5e91a44-9f0e-45d6-a800-5194d477bc60\",\r\n    \"disableBgpRoutePropagation\": false,\r\n    \"routes\": [\r\n      {\r\n        \"name\": \"route1\",\r\n        \"id\": \"/subscriptions/ec0aa5f7-9e78-40c9-85cd-535c6305b380/resourceGroups/rg0fc58416/providers/Microsoft.Network/routeTables/rt0fc58416/routes/route1\",\r\n        \"etag\": \"W/\\\"b840916e-5748-4875-a338-b5a880499cb4\\\"\",\r\n        \"properties\": {\r\n          \"provisioningState\": \"Updating\",\r\n          \"addressPrefix\": \"10.0.0.0/25\",\r\n          \"nextHopType\": \"VirtualAppliance\",\r\n          \"nextHopIpAddress\": \"10.1.0.6\",\r\n          \"hasBgpOverride\": false\r\n        },\r\n        \"type\": \"Microsoft.Network/routeTables/routes\"\r\n      },\r\n      {\r\n        \"name\": \"route2\",\r\n        \"id\": \"/subscriptions/ec0aa5f7-9e78-40c9-85cd-535c6305b380/resourceGroups/rg0fc58416/providers/Microsoft.Network/routeTables/rt0fc58416/routes/route2\",\r\n        \"etag\": \"W/\\\"b840916e-5748-4875-a338-b5a880499cb4\\\"\",\r\n        \"properties\": {\r\n          \"provisioningState\": \"Updating\",\r\n          \"addressPrefix\": \"10.0.1.0/24\",\r\n          \"nextHopType\": \"VirtualAppliance\",\r\n          \"nextHopIpAddress\": \"10.1.0.5\",\r\n          \"hasBgpOverride\": false\r\n        },\r\n        \"type\": \"Microsoft.Network/routeTables/routes\"\r\n      },\r\n      {\r\n        \"name\": \"route3\",\r\n        \"id\": \"/subscriptions/ec0aa5f7-9e78-40c9-85cd-535c6305b380/resourceGroups/rg0fc58416/providers/Microsoft.Network/routeTables/rt0fc58416/routes/route3\",\r\n        \"etag\": \"W/\\\"b840916e-5748-4875-a338-b5a880499cb4\\\"\",\r\n        \"properties\": {\r\n          \"provisioningState\": \"Updating\",\r\n          \"addressPrefix\": \"10.0.2.0/24\",\r\n          \"nextHopType\": \"VirtualAppliance\",\r\n          \"nextHopIpAddress\": \"10.1.0.7\",\r\n          \"hasBgpOverride\": false\r\n        },\r\n        \"type\": \"Microsoft.Network/routeTables/routes\"\r\n      }\r\n    ],\r\n    \"subnets\": [\r\n      {\r\n        \"id\": \"/subscriptions/ec0aa5f7-9e78-40c9-85cd-535c6305b380/resourceGroups/rg0fc58416/providers/Microsoft.Network/virtualNetworks/net0fc58416/subnets/subnet1\"\r\n      }\r\n    ]\r\n  }\r\n}",
      "StatusCode": 200
    },
    {
      "RequestUri": "/subscriptions/ec0aa5f7-9e78-40c9-85cd-535c6305b380/resourceGroups/rg0fc58416/providers/Microsoft.Network/routeTables/rt0fc58416?api-version=2019-09-01",
      "EncodedRequestUri": "L3N1YnNjcmlwdGlvbnMvZWMwYWE1ZjctOWU3OC00MGM5LTg1Y2QtNTM1YzYzMDViMzgwL3Jlc291cmNlR3JvdXBzL3JnMGZjNTg0MTYvcHJvdmlkZXJzL01pY3Jvc29mdC5OZXR3b3JrL3JvdXRlVGFibGVzL3J0MGZjNTg0MTY/YXBpLXZlcnNpb249MjAxOS0wOS0wMQ==",
      "RequestMethod": "PUT",
      "RequestBody": "{\r\n  \"properties\": {\r\n    \"disableBgpRoutePropagation\": false\r\n  },\r\n  \"location\": \"eastus\",\r\n  \"tags\": {\r\n    \"tag1\": \"value1\",\r\n    \"tag2\": \"value2\"\r\n  }\r\n}",
      "RequestHeaders": {
        "x-ms-client-request-id": [
          "ab1b1a2d-d5bc-44f8-b7df-ea78be240f61"
        ],
        "Accept-Language": [
          "en-US"
        ],
        "User-Agent": [
          "FxVersion/4.6.28008.01",
          "OSName/Windows",
          "OSVersion/Microsoft.Windows.10.0.18363.",
          "Microsoft.Azure.Management.Network.Fluent.NetworkManagementClient/1.0.0.62",
          "MacAddressHash/f198b50d7e3ef6510679efb9e4c9a1474fd2bf18cf1d6a2182c79b00464dbadd"
        ],
        "Content-Type": [
          "application/json; charset=utf-8"
        ],
        "Content-Length": [
          "158"
        ]
      },
      "ResponseHeaders": {
        "Cache-Control": [
          "no-cache"
        ],
        "Pragma": [
          "no-cache"
        ],
        "Retry-After": [
          "10"
        ],
        "x-ms-request-id": [
          "ba161a48-42e9-4970-a646-eace9642a7c8"
        ],
        "Azure-AsyncOperation": [
          "https://management.azure.com/subscriptions/ec0aa5f7-9e78-40c9-85cd-535c6305b380/providers/Microsoft.Network/locations/eastus/operations/ba161a48-42e9-4970-a646-eace9642a7c8?api-version=2019-09-01"
        ],
        "x-ms-correlation-request-id": [
          "f438842a-fad2-4a0e-85f6-dec7651eee64"
        ],
        "x-ms-arm-service-request-id": [
          "6938b66a-6603-4c35-b2cb-6a4c307900d6"
        ],
        "Strict-Transport-Security": [
          "max-age=31536000; includeSubDomains"
        ],
        "Server": [
          "Microsoft-HTTPAPI/2.0",
          "Microsoft-HTTPAPI/2.0"
        ],
        "x-ms-ratelimit-remaining-subscription-writes": [
          "1184"
        ],
        "x-ms-routing-request-id": [
          "SOUTHEASTASIA:20191216T111136Z:f438842a-fad2-4a0e-85f6-dec7651eee64"
        ],
        "X-Content-Type-Options": [
          "nosniff"
        ],
        "Date": [
          "Mon, 16 Dec 2019 11:11:36 GMT"
        ],
        "Content-Length": [
          "754"
        ],
        "Content-Type": [
          "application/json; charset=utf-8"
        ],
        "Expires": [
          "-1"
        ]
      },
      "ResponseBody": "{\r\n  \"name\": \"rt0fc58416\",\r\n  \"id\": \"/subscriptions/ec0aa5f7-9e78-40c9-85cd-535c6305b380/resourceGroups/rg0fc58416/providers/Microsoft.Network/routeTables/rt0fc58416\",\r\n  \"etag\": \"W/\\\"8ef4358d-6a05-4121-a9ef-fa4796b421d4\\\"\",\r\n  \"type\": \"Microsoft.Network/routeTables\",\r\n  \"location\": \"eastus\",\r\n  \"tags\": {\r\n    \"tag1\": \"value1\",\r\n    \"tag2\": \"value2\"\r\n  },\r\n  \"properties\": {\r\n    \"provisioningState\": \"Updating\",\r\n    \"resourceGuid\": \"f5e91a44-9f0e-45d6-a800-5194d477bc60\",\r\n    \"disableBgpRoutePropagation\": false,\r\n    \"routes\": [],\r\n    \"subnets\": [\r\n      {\r\n        \"id\": \"/subscriptions/ec0aa5f7-9e78-40c9-85cd-535c6305b380/resourceGroups/rg0fc58416/providers/Microsoft.Network/virtualNetworks/net0fc58416/subnets/subnet1\"\r\n      }\r\n    ]\r\n  }\r\n}",
      "StatusCode": 200
    },
    {
      "RequestUri": "/subscriptions/ec0aa5f7-9e78-40c9-85cd-535c6305b380/providers/Microsoft.Network/locations/eastus/operations/87030e6a-24f6-4fc2-8d07-73074bc84c97?api-version=2019-09-01",
      "EncodedRequestUri": "L3N1YnNjcmlwdGlvbnMvZWMwYWE1ZjctOWU3OC00MGM5LTg1Y2QtNTM1YzYzMDViMzgwL3Byb3ZpZGVycy9NaWNyb3NvZnQuTmV0d29yay9sb2NhdGlvbnMvZWFzdHVzL29wZXJhdGlvbnMvODcwMzBlNmEtMjRmNi00ZmMyLThkMDctNzMwNzRiYzg0Yzk3P2FwaS12ZXJzaW9uPTIwMTktMDktMDE=",
      "RequestMethod": "GET",
      "RequestBody": "",
      "RequestHeaders": {
        "User-Agent": [
          "FxVersion/4.6.28008.01",
          "OSName/Windows",
          "OSVersion/Microsoft.Windows.10.0.18363.",
          "Microsoft.Azure.Management.Network.Fluent.NetworkManagementClient/1.0.0.62",
          "MacAddressHash/f198b50d7e3ef6510679efb9e4c9a1474fd2bf18cf1d6a2182c79b00464dbadd"
        ]
      },
      "ResponseHeaders": {
        "Cache-Control": [
          "no-cache"
        ],
        "Pragma": [
          "no-cache"
        ],
        "x-ms-request-id": [
          "57a17b68-e32e-4b98-85b9-e854d05d821f"
        ],
        "x-ms-correlation-request-id": [
          "ad0aecc0-55f6-4a3a-983f-8ca88d9f99b2"
        ],
        "x-ms-arm-service-request-id": [
          "bd4f9329-9f83-4d10-a3d7-24a57538fd39"
        ],
        "Strict-Transport-Security": [
          "max-age=31536000; includeSubDomains"
        ],
        "Server": [
          "Microsoft-HTTPAPI/2.0",
          "Microsoft-HTTPAPI/2.0"
        ],
        "x-ms-ratelimit-remaining-subscription-reads": [
          "11910"
        ],
        "x-ms-routing-request-id": [
          "SOUTHEASTASIA:20191216T111113Z:ad0aecc0-55f6-4a3a-983f-8ca88d9f99b2"
        ],
        "X-Content-Type-Options": [
          "nosniff"
        ],
        "Date": [
          "Mon, 16 Dec 2019 11:11:13 GMT"
        ],
        "Content-Length": [
          "29"
        ],
        "Content-Type": [
          "application/json; charset=utf-8"
        ],
        "Expires": [
          "-1"
        ]
      },
      "ResponseBody": "{\r\n  \"status\": \"Succeeded\"\r\n}",
      "StatusCode": 200
    },
    {
      "RequestUri": "/subscriptions/ec0aa5f7-9e78-40c9-85cd-535c6305b380/resourceGroups/rg0fc58416/providers/Microsoft.Network/routeTables/rt0fc58416?api-version=2019-09-01",
      "EncodedRequestUri": "L3N1YnNjcmlwdGlvbnMvZWMwYWE1ZjctOWU3OC00MGM5LTg1Y2QtNTM1YzYzMDViMzgwL3Jlc291cmNlR3JvdXBzL3JnMGZjNTg0MTYvcHJvdmlkZXJzL01pY3Jvc29mdC5OZXR3b3JrL3JvdXRlVGFibGVzL3J0MGZjNTg0MTY/YXBpLXZlcnNpb249MjAxOS0wOS0wMQ==",
      "RequestMethod": "GET",
      "RequestBody": "",
      "RequestHeaders": {
        "User-Agent": [
          "FxVersion/4.6.28008.01",
          "OSName/Windows",
          "OSVersion/Microsoft.Windows.10.0.18363.",
          "Microsoft.Azure.Management.Network.Fluent.NetworkManagementClient/1.0.0.62",
          "MacAddressHash/f198b50d7e3ef6510679efb9e4c9a1474fd2bf18cf1d6a2182c79b00464dbadd"
        ]
      },
      "ResponseHeaders": {
        "Cache-Control": [
          "no-cache"
        ],
        "Pragma": [
          "no-cache"
        ],
        "ETag": [
          "W/\"e6e08391-5735-4faa-a29a-8ca05ab07209\""
        ],
        "x-ms-request-id": [
          "dd075af4-788a-4f68-a5e7-502208b21f5b"
        ],
        "x-ms-correlation-request-id": [
          "331c342a-1890-40f0-979d-2f061357fbbc"
        ],
        "x-ms-arm-service-request-id": [
          "f48371ba-b4c2-4d54-b45b-8a30ac1d4898"
        ],
        "Strict-Transport-Security": [
          "max-age=31536000; includeSubDomains"
        ],
        "Server": [
          "Microsoft-HTTPAPI/2.0",
          "Microsoft-HTTPAPI/2.0"
        ],
        "x-ms-ratelimit-remaining-subscription-reads": [
          "11909"
        ],
        "x-ms-routing-request-id": [
          "SOUTHEASTASIA:20191216T111114Z:331c342a-1890-40f0-979d-2f061357fbbc"
        ],
        "X-Content-Type-Options": [
          "nosniff"
        ],
        "Date": [
          "Mon, 16 Dec 2019 11:11:13 GMT"
        ],
        "Content-Length": [
          "1650"
        ],
        "Content-Type": [
          "application/json; charset=utf-8"
        ],
        "Expires": [
          "-1"
        ]
      },
      "ResponseBody": "{\r\n  \"name\": \"rt0fc58416\",\r\n  \"id\": \"/subscriptions/ec0aa5f7-9e78-40c9-85cd-535c6305b380/resourceGroups/rg0fc58416/providers/Microsoft.Network/routeTables/rt0fc58416\",\r\n  \"etag\": \"W/\\\"e6e08391-5735-4faa-a29a-8ca05ab07209\\\"\",\r\n  \"type\": \"Microsoft.Network/routeTables\",\r\n  \"location\": \"eastus\",\r\n  \"tags\": {},\r\n  \"properties\": {\r\n    \"provisioningState\": \"Succeeded\",\r\n    \"resourceGuid\": \"f5e91a44-9f0e-45d6-a800-5194d477bc60\",\r\n    \"disableBgpRoutePropagation\": false,\r\n    \"routes\": [\r\n      {\r\n        \"name\": \"route1\",\r\n        \"id\": \"/subscriptions/ec0aa5f7-9e78-40c9-85cd-535c6305b380/resourceGroups/rg0fc58416/providers/Microsoft.Network/routeTables/rt0fc58416/routes/route1\",\r\n        \"etag\": \"W/\\\"e6e08391-5735-4faa-a29a-8ca05ab07209\\\"\",\r\n        \"properties\": {\r\n          \"provisioningState\": \"Succeeded\",\r\n          \"addressPrefix\": \"10.0.0.0/24\",\r\n          \"nextHopType\": \"VirtualAppliance\",\r\n          \"nextHopIpAddress\": \"10.1.0.4\",\r\n          \"hasBgpOverride\": false\r\n        },\r\n        \"type\": \"Microsoft.Network/routeTables/routes\"\r\n      },\r\n      {\r\n        \"name\": \"route2\",\r\n        \"id\": \"/subscriptions/ec0aa5f7-9e78-40c9-85cd-535c6305b380/resourceGroups/rg0fc58416/providers/Microsoft.Network/routeTables/rt0fc58416/routes/route2\",\r\n        \"etag\": \"W/\\\"e6e08391-5735-4faa-a29a-8ca05ab07209\\\"\",\r\n        \"properties\": {\r\n          \"provisioningState\": \"Succeeded\",\r\n          \"addressPrefix\": \"10.0.1.0/24\",\r\n          \"nextHopType\": \"VirtualAppliance\",\r\n          \"nextHopIpAddress\": \"10.1.0.5\",\r\n          \"hasBgpOverride\": false\r\n        },\r\n        \"type\": \"Microsoft.Network/routeTables/routes\"\r\n      }\r\n    ]\r\n  }\r\n}",
      "StatusCode": 200
    },
    {
      "RequestUri": "/subscriptions/ec0aa5f7-9e78-40c9-85cd-535c6305b380/resourceGroups/rg0fc58416/providers/Microsoft.Network/routeTables/rt0fc58416?api-version=2019-09-01",
      "EncodedRequestUri": "L3N1YnNjcmlwdGlvbnMvZWMwYWE1ZjctOWU3OC00MGM5LTg1Y2QtNTM1YzYzMDViMzgwL3Jlc291cmNlR3JvdXBzL3JnMGZjNTg0MTYvcHJvdmlkZXJzL01pY3Jvc29mdC5OZXR3b3JrL3JvdXRlVGFibGVzL3J0MGZjNTg0MTY/YXBpLXZlcnNpb249MjAxOS0wOS0wMQ==",
      "RequestMethod": "GET",
      "RequestBody": "",
      "RequestHeaders": {
        "x-ms-client-request-id": [
          "02456721-770b-45ca-aa0f-1f38e38e7ff8"
        ],
        "Accept-Language": [
          "en-US"
        ],
        "User-Agent": [
          "FxVersion/4.6.28008.01",
          "OSName/Windows",
          "OSVersion/Microsoft.Windows.10.0.18363.",
          "Microsoft.Azure.Management.Network.Fluent.NetworkManagementClient/1.0.0.62",
          "MacAddressHash/f198b50d7e3ef6510679efb9e4c9a1474fd2bf18cf1d6a2182c79b00464dbadd"
        ]
      },
      "ResponseHeaders": {
        "Cache-Control": [
          "no-cache"
        ],
        "Pragma": [
          "no-cache"
        ],
        "ETag": [
          "W/\"5d570280-ddcb-4170-9230-009644ae9ecd\""
        ],
        "x-ms-request-id": [
          "322f0b3b-a4e5-45d6-8bca-f4897ff4816d"
        ],
        "x-ms-correlation-request-id": [
          "f0c19bfb-4904-48bf-a826-802862611b63"
        ],
        "x-ms-arm-service-request-id": [
          "8162211a-8a87-4ede-978c-f894ec4d46f6"
        ],
        "Strict-Transport-Security": [
          "max-age=31536000; includeSubDomains"
        ],
        "Server": [
          "Microsoft-HTTPAPI/2.0",
          "Microsoft-HTTPAPI/2.0"
        ],
        "x-ms-ratelimit-remaining-subscription-reads": [
          "11906"
        ],
        "x-ms-routing-request-id": [
          "SOUTHEASTASIA:20191216T111121Z:f0c19bfb-4904-48bf-a826-802862611b63"
        ],
        "X-Content-Type-Options": [
          "nosniff"
        ],
        "Date": [
          "Mon, 16 Dec 2019 11:11:20 GMT"
        ],
        "Content-Length": [
          "1861"
        ],
        "Content-Type": [
          "application/json; charset=utf-8"
        ],
        "Expires": [
          "-1"
        ]
      },
      "ResponseBody": "{\r\n  \"name\": \"rt0fc58416\",\r\n  \"id\": \"/subscriptions/ec0aa5f7-9e78-40c9-85cd-535c6305b380/resourceGroups/rg0fc58416/providers/Microsoft.Network/routeTables/rt0fc58416\",\r\n  \"etag\": \"W/\\\"5d570280-ddcb-4170-9230-009644ae9ecd\\\"\",\r\n  \"type\": \"Microsoft.Network/routeTables\",\r\n  \"location\": \"eastus\",\r\n  \"tags\": {},\r\n  \"properties\": {\r\n    \"provisioningState\": \"Succeeded\",\r\n    \"resourceGuid\": \"f5e91a44-9f0e-45d6-a800-5194d477bc60\",\r\n    \"disableBgpRoutePropagation\": false,\r\n    \"routes\": [\r\n      {\r\n        \"name\": \"route1\",\r\n        \"id\": \"/subscriptions/ec0aa5f7-9e78-40c9-85cd-535c6305b380/resourceGroups/rg0fc58416/providers/Microsoft.Network/routeTables/rt0fc58416/routes/route1\",\r\n        \"etag\": \"W/\\\"5d570280-ddcb-4170-9230-009644ae9ecd\\\"\",\r\n        \"properties\": {\r\n          \"provisioningState\": \"Succeeded\",\r\n          \"addressPrefix\": \"10.0.0.0/24\",\r\n          \"nextHopType\": \"VirtualAppliance\",\r\n          \"nextHopIpAddress\": \"10.1.0.4\",\r\n          \"hasBgpOverride\": false\r\n        },\r\n        \"type\": \"Microsoft.Network/routeTables/routes\"\r\n      },\r\n      {\r\n        \"name\": \"route2\",\r\n        \"id\": \"/subscriptions/ec0aa5f7-9e78-40c9-85cd-535c6305b380/resourceGroups/rg0fc58416/providers/Microsoft.Network/routeTables/rt0fc58416/routes/route2\",\r\n        \"etag\": \"W/\\\"5d570280-ddcb-4170-9230-009644ae9ecd\\\"\",\r\n        \"properties\": {\r\n          \"provisioningState\": \"Succeeded\",\r\n          \"addressPrefix\": \"10.0.1.0/24\",\r\n          \"nextHopType\": \"VirtualAppliance\",\r\n          \"nextHopIpAddress\": \"10.1.0.5\",\r\n          \"hasBgpOverride\": false\r\n        },\r\n        \"type\": \"Microsoft.Network/routeTables/routes\"\r\n      }\r\n    ],\r\n    \"subnets\": [\r\n      {\r\n        \"id\": \"/subscriptions/ec0aa5f7-9e78-40c9-85cd-535c6305b380/resourceGroups/rg0fc58416/providers/Microsoft.Network/virtualNetworks/net0fc58416/subnets/subnet1\"\r\n      }\r\n    ]\r\n  }\r\n}",
      "StatusCode": 200
    },
    {
      "RequestUri": "/subscriptions/ec0aa5f7-9e78-40c9-85cd-535c6305b380/resourceGroups/rg0fc58416/providers/Microsoft.Network/routeTables/rt0fc58416?api-version=2019-09-01",
      "EncodedRequestUri": "L3N1YnNjcmlwdGlvbnMvZWMwYWE1ZjctOWU3OC00MGM5LTg1Y2QtNTM1YzYzMDViMzgwL3Jlc291cmNlR3JvdXBzL3JnMGZjNTg0MTYvcHJvdmlkZXJzL01pY3Jvc29mdC5OZXR3b3JrL3JvdXRlVGFibGVzL3J0MGZjNTg0MTY/YXBpLXZlcnNpb249MjAxOS0wOS0wMQ==",
      "RequestMethod": "GET",
      "RequestBody": "",
      "RequestHeaders": {
        "x-ms-client-request-id": [
          "07d1a3e9-e54c-4881-a8d1-34c8b2489fb2"
        ],
        "Accept-Language": [
          "en-US"
        ],
        "User-Agent": [
          "FxVersion/4.6.28008.01",
          "OSName/Windows",
          "OSVersion/Microsoft.Windows.10.0.18363.",
          "Microsoft.Azure.Management.Network.Fluent.NetworkManagementClient/1.0.0.62",
          "MacAddressHash/f198b50d7e3ef6510679efb9e4c9a1474fd2bf18cf1d6a2182c79b00464dbadd"
        ]
      },
      "ResponseHeaders": {
        "Cache-Control": [
          "no-cache"
        ],
        "Pragma": [
          "no-cache"
        ],
        "ETag": [
          "W/\"5d570280-ddcb-4170-9230-009644ae9ecd\""
        ],
        "x-ms-request-id": [
          "721f0cd4-8bfa-4f9c-98de-3ce2b685e4b7"
        ],
        "x-ms-correlation-request-id": [
          "483b73d9-450e-47b6-85a4-dbcadf007485"
        ],
        "x-ms-arm-service-request-id": [
          "9019df76-ab08-4fe3-8402-babb4b59f048"
        ],
        "Strict-Transport-Security": [
          "max-age=31536000; includeSubDomains"
        ],
        "Server": [
          "Microsoft-HTTPAPI/2.0",
          "Microsoft-HTTPAPI/2.0"
        ],
        "x-ms-ratelimit-remaining-subscription-reads": [
          "11904"
        ],
        "x-ms-routing-request-id": [
          "SOUTHEASTASIA:20191216T111122Z:483b73d9-450e-47b6-85a4-dbcadf007485"
        ],
        "X-Content-Type-Options": [
          "nosniff"
        ],
        "Date": [
          "Mon, 16 Dec 2019 11:11:21 GMT"
        ],
        "Content-Length": [
          "1861"
        ],
        "Content-Type": [
          "application/json; charset=utf-8"
        ],
        "Expires": [
          "-1"
        ]
      },
      "ResponseBody": "{\r\n  \"name\": \"rt0fc58416\",\r\n  \"id\": \"/subscriptions/ec0aa5f7-9e78-40c9-85cd-535c6305b380/resourceGroups/rg0fc58416/providers/Microsoft.Network/routeTables/rt0fc58416\",\r\n  \"etag\": \"W/\\\"5d570280-ddcb-4170-9230-009644ae9ecd\\\"\",\r\n  \"type\": \"Microsoft.Network/routeTables\",\r\n  \"location\": \"eastus\",\r\n  \"tags\": {},\r\n  \"properties\": {\r\n    \"provisioningState\": \"Succeeded\",\r\n    \"resourceGuid\": \"f5e91a44-9f0e-45d6-a800-5194d477bc60\",\r\n    \"disableBgpRoutePropagation\": false,\r\n    \"routes\": [\r\n      {\r\n        \"name\": \"route1\",\r\n        \"id\": \"/subscriptions/ec0aa5f7-9e78-40c9-85cd-535c6305b380/resourceGroups/rg0fc58416/providers/Microsoft.Network/routeTables/rt0fc58416/routes/route1\",\r\n        \"etag\": \"W/\\\"5d570280-ddcb-4170-9230-009644ae9ecd\\\"\",\r\n        \"properties\": {\r\n          \"provisioningState\": \"Succeeded\",\r\n          \"addressPrefix\": \"10.0.0.0/24\",\r\n          \"nextHopType\": \"VirtualAppliance\",\r\n          \"nextHopIpAddress\": \"10.1.0.4\",\r\n          \"hasBgpOverride\": false\r\n        },\r\n        \"type\": \"Microsoft.Network/routeTables/routes\"\r\n      },\r\n      {\r\n        \"name\": \"route2\",\r\n        \"id\": \"/subscriptions/ec0aa5f7-9e78-40c9-85cd-535c6305b380/resourceGroups/rg0fc58416/providers/Microsoft.Network/routeTables/rt0fc58416/routes/route2\",\r\n        \"etag\": \"W/\\\"5d570280-ddcb-4170-9230-009644ae9ecd\\\"\",\r\n        \"properties\": {\r\n          \"provisioningState\": \"Succeeded\",\r\n          \"addressPrefix\": \"10.0.1.0/24\",\r\n          \"nextHopType\": \"VirtualAppliance\",\r\n          \"nextHopIpAddress\": \"10.1.0.5\",\r\n          \"hasBgpOverride\": false\r\n        },\r\n        \"type\": \"Microsoft.Network/routeTables/routes\"\r\n      }\r\n    ],\r\n    \"subnets\": [\r\n      {\r\n        \"id\": \"/subscriptions/ec0aa5f7-9e78-40c9-85cd-535c6305b380/resourceGroups/rg0fc58416/providers/Microsoft.Network/virtualNetworks/net0fc58416/subnets/subnet1\"\r\n      }\r\n    ]\r\n  }\r\n}",
      "StatusCode": 200
    },
    {
      "RequestUri": "/subscriptions/ec0aa5f7-9e78-40c9-85cd-535c6305b380/resourceGroups/rg0fc58416/providers/Microsoft.Network/routeTables/rt0fc58416?api-version=2019-09-01",
      "EncodedRequestUri": "L3N1YnNjcmlwdGlvbnMvZWMwYWE1ZjctOWU3OC00MGM5LTg1Y2QtNTM1YzYzMDViMzgwL3Jlc291cmNlR3JvdXBzL3JnMGZjNTg0MTYvcHJvdmlkZXJzL01pY3Jvc29mdC5OZXR3b3JrL3JvdXRlVGFibGVzL3J0MGZjNTg0MTY/YXBpLXZlcnNpb249MjAxOS0wOS0wMQ==",
      "RequestMethod": "GET",
      "RequestBody": "",
      "RequestHeaders": {
        "User-Agent": [
          "FxVersion/4.6.28008.01",
          "OSName/Windows",
          "OSVersion/Microsoft.Windows.10.0.18363.",
          "Microsoft.Azure.Management.Network.Fluent.NetworkManagementClient/1.0.0.62",
          "MacAddressHash/f198b50d7e3ef6510679efb9e4c9a1474fd2bf18cf1d6a2182c79b00464dbadd"
        ]
      },
      "ResponseHeaders": {
        "Cache-Control": [
          "no-cache"
        ],
        "Pragma": [
          "no-cache"
        ],
        "ETag": [
          "W/\"60f9fb1f-f2e2-4199-9157-e090287f021e\""
        ],
        "x-ms-request-id": [
          "a62c720a-e25e-430e-bbf4-ec6c94a37855"
        ],
        "x-ms-correlation-request-id": [
          "6fee4a08-e9df-486d-ae68-70ab8a83f120"
        ],
        "x-ms-arm-service-request-id": [
          "9f01945d-628d-4ac8-9e6e-9c077dd47ed9"
        ],
        "Strict-Transport-Security": [
          "max-age=31536000; includeSubDomains"
        ],
        "Server": [
          "Microsoft-HTTPAPI/2.0",
          "Microsoft-HTTPAPI/2.0"
        ],
        "x-ms-ratelimit-remaining-subscription-reads": [
          "11902"
        ],
        "x-ms-routing-request-id": [
          "SOUTHEASTASIA:20191216T111134Z:6fee4a08-e9df-486d-ae68-70ab8a83f120"
        ],
        "X-Content-Type-Options": [
          "nosniff"
        ],
        "Date": [
          "Mon, 16 Dec 2019 11:11:34 GMT"
        ],
        "Content-Length": [
          "2436"
        ],
        "Content-Type": [
          "application/json; charset=utf-8"
        ],
        "Expires": [
          "-1"
        ]
      },
      "ResponseBody": "{\r\n  \"name\": \"rt0fc58416\",\r\n  \"id\": \"/subscriptions/ec0aa5f7-9e78-40c9-85cd-535c6305b380/resourceGroups/rg0fc58416/providers/Microsoft.Network/routeTables/rt0fc58416\",\r\n  \"etag\": \"W/\\\"60f9fb1f-f2e2-4199-9157-e090287f021e\\\"\",\r\n  \"type\": \"Microsoft.Network/routeTables\",\r\n  \"location\": \"eastus\",\r\n  \"tags\": {},\r\n  \"properties\": {\r\n    \"provisioningState\": \"Succeeded\",\r\n    \"resourceGuid\": \"f5e91a44-9f0e-45d6-a800-5194d477bc60\",\r\n    \"disableBgpRoutePropagation\": false,\r\n    \"routes\": [\r\n      {\r\n        \"name\": \"route1\",\r\n        \"id\": \"/subscriptions/ec0aa5f7-9e78-40c9-85cd-535c6305b380/resourceGroups/rg0fc58416/providers/Microsoft.Network/routeTables/rt0fc58416/routes/route1\",\r\n        \"etag\": \"W/\\\"60f9fb1f-f2e2-4199-9157-e090287f021e\\\"\",\r\n        \"properties\": {\r\n          \"provisioningState\": \"Succeeded\",\r\n          \"addressPrefix\": \"10.0.0.0/25\",\r\n          \"nextHopType\": \"VirtualAppliance\",\r\n          \"nextHopIpAddress\": \"10.1.0.6\",\r\n          \"hasBgpOverride\": false\r\n        },\r\n        \"type\": \"Microsoft.Network/routeTables/routes\"\r\n      },\r\n      {\r\n        \"name\": \"route2\",\r\n        \"id\": \"/subscriptions/ec0aa5f7-9e78-40c9-85cd-535c6305b380/resourceGroups/rg0fc58416/providers/Microsoft.Network/routeTables/rt0fc58416/routes/route2\",\r\n        \"etag\": \"W/\\\"60f9fb1f-f2e2-4199-9157-e090287f021e\\\"\",\r\n        \"properties\": {\r\n          \"provisioningState\": \"Succeeded\",\r\n          \"addressPrefix\": \"10.0.1.0/24\",\r\n          \"nextHopType\": \"VirtualAppliance\",\r\n          \"nextHopIpAddress\": \"10.1.0.5\",\r\n          \"hasBgpOverride\": false\r\n        },\r\n        \"type\": \"Microsoft.Network/routeTables/routes\"\r\n      },\r\n      {\r\n        \"name\": \"route3\",\r\n        \"id\": \"/subscriptions/ec0aa5f7-9e78-40c9-85cd-535c6305b380/resourceGroups/rg0fc58416/providers/Microsoft.Network/routeTables/rt0fc58416/routes/route3\",\r\n        \"etag\": \"W/\\\"60f9fb1f-f2e2-4199-9157-e090287f021e\\\"\",\r\n        \"properties\": {\r\n          \"provisioningState\": \"Succeeded\",\r\n          \"addressPrefix\": \"10.0.2.0/24\",\r\n          \"nextHopType\": \"VirtualAppliance\",\r\n          \"nextHopIpAddress\": \"10.1.0.7\",\r\n          \"hasBgpOverride\": false\r\n        },\r\n        \"type\": \"Microsoft.Network/routeTables/routes\"\r\n      }\r\n    ],\r\n    \"subnets\": [\r\n      {\r\n        \"id\": \"/subscriptions/ec0aa5f7-9e78-40c9-85cd-535c6305b380/resourceGroups/rg0fc58416/providers/Microsoft.Network/virtualNetworks/net0fc58416/subnets/subnet1\"\r\n      }\r\n    ]\r\n  }\r\n}",
      "StatusCode": 200
    },
    {
      "RequestUri": "/subscriptions/ec0aa5f7-9e78-40c9-85cd-535c6305b380/resourceGroups/rg0fc58416/providers/Microsoft.Network/routeTables/rt0fc58416?api-version=2019-09-01",
      "EncodedRequestUri": "L3N1YnNjcmlwdGlvbnMvZWMwYWE1ZjctOWU3OC00MGM5LTg1Y2QtNTM1YzYzMDViMzgwL3Jlc291cmNlR3JvdXBzL3JnMGZjNTg0MTYvcHJvdmlkZXJzL01pY3Jvc29mdC5OZXR3b3JrL3JvdXRlVGFibGVzL3J0MGZjNTg0MTY/YXBpLXZlcnNpb249MjAxOS0wOS0wMQ==",
      "RequestMethod": "GET",
      "RequestBody": "",
      "RequestHeaders": {
        "User-Agent": [
          "FxVersion/4.6.28008.01",
          "OSName/Windows",
          "OSVersion/Microsoft.Windows.10.0.18363.",
          "Microsoft.Azure.Management.Network.Fluent.NetworkManagementClient/1.0.0.62",
          "MacAddressHash/f198b50d7e3ef6510679efb9e4c9a1474fd2bf18cf1d6a2182c79b00464dbadd"
        ]
      },
      "ResponseHeaders": {
        "Cache-Control": [
          "no-cache"
        ],
        "Pragma": [
          "no-cache"
        ],
        "ETag": [
          "W/\"35757b8c-153d-4d29-9178-80d9a9b0e6e7\""
        ],
        "x-ms-request-id": [
          "73ce37eb-7000-4170-8a6c-fc4030c1e83f"
        ],
        "x-ms-correlation-request-id": [
          "7bc60f59-7582-4241-bed3-ee2537fa04b3"
        ],
        "x-ms-arm-service-request-id": [
          "12a16fb9-be2a-49ba-ad54-80b1e0ff9297"
        ],
        "Strict-Transport-Security": [
          "max-age=31536000; includeSubDomains"
        ],
        "x-ms-ratelimit-remaining-subscription-reads": [
          "11900"
        ],
        "Server": [
          "Microsoft-HTTPAPI/2.0",
          "Microsoft-HTTPAPI/2.0"
        ],
        "x-ms-routing-request-id": [
          "SOUTHEASTASIA:20191216T111147Z:7bc60f59-7582-4241-bed3-ee2537fa04b3"
        ],
        "X-Content-Type-Options": [
          "nosniff"
        ],
        "Date": [
          "Mon, 16 Dec 2019 11:11:47 GMT"
        ],
        "Content-Length": [
          "755"
        ],
        "Content-Type": [
          "application/json; charset=utf-8"
        ],
        "Expires": [
          "-1"
        ]
      },
      "ResponseBody": "{\r\n  \"name\": \"rt0fc58416\",\r\n  \"id\": \"/subscriptions/ec0aa5f7-9e78-40c9-85cd-535c6305b380/resourceGroups/rg0fc58416/providers/Microsoft.Network/routeTables/rt0fc58416\",\r\n  \"etag\": \"W/\\\"35757b8c-153d-4d29-9178-80d9a9b0e6e7\\\"\",\r\n  \"type\": \"Microsoft.Network/routeTables\",\r\n  \"location\": \"eastus\",\r\n  \"tags\": {\r\n    \"tag1\": \"value1\",\r\n    \"tag2\": \"value2\"\r\n  },\r\n  \"properties\": {\r\n    \"provisioningState\": \"Succeeded\",\r\n    \"resourceGuid\": \"f5e91a44-9f0e-45d6-a800-5194d477bc60\",\r\n    \"disableBgpRoutePropagation\": false,\r\n    \"routes\": [],\r\n    \"subnets\": [\r\n      {\r\n        \"id\": \"/subscriptions/ec0aa5f7-9e78-40c9-85cd-535c6305b380/resourceGroups/rg0fc58416/providers/Microsoft.Network/virtualNetworks/net0fc58416/subnets/subnet1\"\r\n      }\r\n    ]\r\n  }\r\n}",
      "StatusCode": 200
    },
    {
      "RequestUri": "/subscriptions/ec0aa5f7-9e78-40c9-85cd-535c6305b380/resourceGroups/rg0fc58416/providers/Microsoft.Network/virtualNetworks/net0fc58416?api-version=2019-09-01",
      "EncodedRequestUri": "L3N1YnNjcmlwdGlvbnMvZWMwYWE1ZjctOWU3OC00MGM5LTg1Y2QtNTM1YzYzMDViMzgwL3Jlc291cmNlR3JvdXBzL3JnMGZjNTg0MTYvcHJvdmlkZXJzL01pY3Jvc29mdC5OZXR3b3JrL3ZpcnR1YWxOZXR3b3Jrcy9uZXQwZmM1ODQxNj9hcGktdmVyc2lvbj0yMDE5LTA5LTAx",
      "RequestMethod": "PUT",
      "RequestBody": "{\r\n  \"properties\": {\r\n    \"addressSpace\": {\r\n      \"addressPrefixes\": [\r\n        \"10.0.0.0/22\"\r\n      ]\r\n    },\r\n    \"dhcpOptions\": {\r\n      \"dnsServers\": []\r\n    },\r\n    \"subnets\": [\r\n      {\r\n        \"properties\": {\r\n          \"addressPrefix\": \"10.0.0.0/22\",\r\n          \"routeTable\": {\r\n            \"id\": \"/subscriptions/ec0aa5f7-9e78-40c9-85cd-535c6305b380/resourceGroups/rg0fc58416/providers/Microsoft.Network/routeTables/rt0fc58416\"\r\n          }\r\n        },\r\n        \"name\": \"subnet1\"\r\n      }\r\n    ]\r\n  },\r\n  \"location\": \"eastus\",\r\n  \"tags\": {}\r\n}",
      "RequestHeaders": {
        "x-ms-client-request-id": [
          "ffa7eb61-be8b-4d4e-8681-c6679e1381e5"
        ],
        "Accept-Language": [
          "en-US"
        ],
        "User-Agent": [
          "FxVersion/4.6.28008.01",
          "OSName/Windows",
          "OSVersion/Microsoft.Windows.10.0.18363.",
          "Microsoft.Azure.Management.Network.Fluent.NetworkManagementClient/1.0.0.62",
          "MacAddressHash/f198b50d7e3ef6510679efb9e4c9a1474fd2bf18cf1d6a2182c79b00464dbadd"
        ],
        "Content-Type": [
          "application/json; charset=utf-8"
        ],
        "Content-Length": [
          "553"
        ]
      },
      "ResponseHeaders": {
        "Cache-Control": [
          "no-cache"
        ],
        "Pragma": [
          "no-cache"
        ],
        "Retry-After": [
          "3"
        ],
        "x-ms-request-id": [
          "1d3955ad-0973-45fc-80b3-0b0e9f6e587f"
        ],
        "Azure-AsyncOperation": [
          "https://management.azure.com/subscriptions/ec0aa5f7-9e78-40c9-85cd-535c6305b380/providers/Microsoft.Network/locations/eastus/operations/1d3955ad-0973-45fc-80b3-0b0e9f6e587f?api-version=2019-09-01"
        ],
        "x-ms-correlation-request-id": [
          "e8cd6151-1348-4156-8c4f-ceacaec9af8c"
        ],
        "x-ms-arm-service-request-id": [
          "04fe083c-cd9b-4d16-b7e4-f12a8aa7bbb7"
        ],
        "Strict-Transport-Security": [
          "max-age=31536000; includeSubDomains"
        ],
        "Server": [
          "Microsoft-HTTPAPI/2.0",
          "Microsoft-HTTPAPI/2.0"
        ],
        "x-ms-ratelimit-remaining-subscription-writes": [
          "1187"
        ],
        "x-ms-routing-request-id": [
          "SOUTHEASTASIA:20191216T111117Z:e8cd6151-1348-4156-8c4f-ceacaec9af8c"
        ],
        "X-Content-Type-Options": [
          "nosniff"
        ],
        "Date": [
          "Mon, 16 Dec 2019 11:11:17 GMT"
        ],
        "Content-Length": [
          "1516"
        ],
        "Content-Type": [
          "application/json; charset=utf-8"
        ],
        "Expires": [
          "-1"
        ]
      },
      "ResponseBody": "{\r\n  \"name\": \"net0fc58416\",\r\n  \"id\": \"/subscriptions/ec0aa5f7-9e78-40c9-85cd-535c6305b380/resourceGroups/rg0fc58416/providers/Microsoft.Network/virtualNetworks/net0fc58416\",\r\n  \"etag\": \"W/\\\"a48aec9a-0df2-4601-bfa5-575db0e8e4ca\\\"\",\r\n  \"type\": \"Microsoft.Network/virtualNetworks\",\r\n  \"location\": \"eastus\",\r\n  \"tags\": {},\r\n  \"properties\": {\r\n    \"provisioningState\": \"Updating\",\r\n    \"resourceGuid\": \"c00eae56-aa6f-4477-a3e2-478e1867a610\",\r\n    \"addressSpace\": {\r\n      \"addressPrefixes\": [\r\n        \"10.0.0.0/22\"\r\n      ]\r\n    },\r\n    \"dhcpOptions\": {\r\n      \"dnsServers\": []\r\n    },\r\n    \"subnets\": [\r\n      {\r\n        \"name\": \"subnet1\",\r\n        \"id\": \"/subscriptions/ec0aa5f7-9e78-40c9-85cd-535c6305b380/resourceGroups/rg0fc58416/providers/Microsoft.Network/virtualNetworks/net0fc58416/subnets/subnet1\",\r\n        \"etag\": \"W/\\\"a48aec9a-0df2-4601-bfa5-575db0e8e4ca\\\"\",\r\n        \"properties\": {\r\n          \"provisioningState\": \"Updating\",\r\n          \"addressPrefix\": \"10.0.0.0/22\",\r\n          \"routeTable\": {\r\n            \"id\": \"/subscriptions/ec0aa5f7-9e78-40c9-85cd-535c6305b380/resourceGroups/rg0fc58416/providers/Microsoft.Network/routeTables/rt0fc58416\"\r\n          },\r\n          \"delegations\": [],\r\n          \"privateEndpointNetworkPolicies\": \"Enabled\",\r\n          \"privateLinkServiceNetworkPolicies\": \"Enabled\"\r\n        },\r\n        \"type\": \"Microsoft.Network/virtualNetworks/subnets\"\r\n      }\r\n    ],\r\n    \"virtualNetworkPeerings\": [],\r\n    \"enableDdosProtection\": false,\r\n    \"enableVmProtection\": false\r\n  }\r\n}",
      "StatusCode": 201
    },
    {
      "RequestUri": "/subscriptions/ec0aa5f7-9e78-40c9-85cd-535c6305b380/providers/Microsoft.Network/locations/eastus/operations/1d3955ad-0973-45fc-80b3-0b0e9f6e587f?api-version=2019-09-01",
      "EncodedRequestUri": "L3N1YnNjcmlwdGlvbnMvZWMwYWE1ZjctOWU3OC00MGM5LTg1Y2QtNTM1YzYzMDViMzgwL3Byb3ZpZGVycy9NaWNyb3NvZnQuTmV0d29yay9sb2NhdGlvbnMvZWFzdHVzL29wZXJhdGlvbnMvMWQzOTU1YWQtMDk3My00NWZjLTgwYjMtMGIwZTlmNmU1ODdmP2FwaS12ZXJzaW9uPTIwMTktMDktMDE=",
      "RequestMethod": "GET",
      "RequestBody": "",
      "RequestHeaders": {
        "User-Agent": [
          "FxVersion/4.6.28008.01",
          "OSName/Windows",
          "OSVersion/Microsoft.Windows.10.0.18363.",
          "Microsoft.Azure.Management.Network.Fluent.NetworkManagementClient/1.0.0.62",
          "MacAddressHash/f198b50d7e3ef6510679efb9e4c9a1474fd2bf18cf1d6a2182c79b00464dbadd"
        ]
      },
      "ResponseHeaders": {
        "Cache-Control": [
          "no-cache"
        ],
        "Pragma": [
          "no-cache"
        ],
        "x-ms-request-id": [
          "dba65cf1-5ba8-4710-bdb4-07f527ab514a"
        ],
        "x-ms-correlation-request-id": [
          "ce3ba545-df44-49e1-a10c-985636f62fc0"
        ],
        "x-ms-arm-service-request-id": [
          "8a10ef90-5a0e-4b7b-beae-9ef21eacad4b"
        ],
        "Strict-Transport-Security": [
          "max-age=31536000; includeSubDomains"
        ],
        "Server": [
          "Microsoft-HTTPAPI/2.0",
          "Microsoft-HTTPAPI/2.0"
        ],
        "x-ms-ratelimit-remaining-subscription-reads": [
          "11908"
        ],
        "x-ms-routing-request-id": [
          "SOUTHEASTASIA:20191216T111121Z:ce3ba545-df44-49e1-a10c-985636f62fc0"
        ],
        "X-Content-Type-Options": [
          "nosniff"
        ],
        "Date": [
          "Mon, 16 Dec 2019 11:11:20 GMT"
        ],
        "Content-Length": [
          "29"
        ],
        "Content-Type": [
          "application/json; charset=utf-8"
        ],
        "Expires": [
          "-1"
        ]
      },
      "ResponseBody": "{\r\n  \"status\": \"Succeeded\"\r\n}",
      "StatusCode": 200
    },
    {
      "RequestUri": "/subscriptions/ec0aa5f7-9e78-40c9-85cd-535c6305b380/resourceGroups/rg0fc58416/providers/Microsoft.Network/virtualNetworks/net0fc58416?api-version=2019-09-01",
      "EncodedRequestUri": "L3N1YnNjcmlwdGlvbnMvZWMwYWE1ZjctOWU3OC00MGM5LTg1Y2QtNTM1YzYzMDViMzgwL3Jlc291cmNlR3JvdXBzL3JnMGZjNTg0MTYvcHJvdmlkZXJzL01pY3Jvc29mdC5OZXR3b3JrL3ZpcnR1YWxOZXR3b3Jrcy9uZXQwZmM1ODQxNj9hcGktdmVyc2lvbj0yMDE5LTA5LTAx",
      "RequestMethod": "GET",
      "RequestBody": "",
      "RequestHeaders": {
        "User-Agent": [
          "FxVersion/4.6.28008.01",
          "OSName/Windows",
          "OSVersion/Microsoft.Windows.10.0.18363.",
          "Microsoft.Azure.Management.Network.Fluent.NetworkManagementClient/1.0.0.62",
          "MacAddressHash/f198b50d7e3ef6510679efb9e4c9a1474fd2bf18cf1d6a2182c79b00464dbadd"
        ]
      },
      "ResponseHeaders": {
        "Cache-Control": [
          "no-cache"
        ],
        "Pragma": [
          "no-cache"
        ],
        "ETag": [
          "W/\"584cbcb3-9442-40a9-ac7d-17716ff10b38\""
        ],
        "x-ms-request-id": [
          "f3c95b35-0058-42e8-84a0-f35e398e5fa5"
        ],
        "x-ms-correlation-request-id": [
          "f71ea899-8d9c-4f82-8887-e67a9e1788e4"
        ],
        "x-ms-arm-service-request-id": [
          "7d9030d7-1811-4ef1-89fa-ae13c3781483"
        ],
        "Strict-Transport-Security": [
          "max-age=31536000; includeSubDomains"
        ],
        "Server": [
          "Microsoft-HTTPAPI/2.0",
          "Microsoft-HTTPAPI/2.0"
        ],
        "x-ms-ratelimit-remaining-subscription-reads": [
          "11907"
        ],
        "x-ms-routing-request-id": [
          "SOUTHEASTASIA:20191216T111121Z:f71ea899-8d9c-4f82-8887-e67a9e1788e4"
        ],
        "X-Content-Type-Options": [
          "nosniff"
        ],
        "Date": [
          "Mon, 16 Dec 2019 11:11:20 GMT"
        ],
        "Content-Length": [
          "1518"
        ],
        "Content-Type": [
          "application/json; charset=utf-8"
        ],
        "Expires": [
          "-1"
        ]
      },
      "ResponseBody": "{\r\n  \"name\": \"net0fc58416\",\r\n  \"id\": \"/subscriptions/ec0aa5f7-9e78-40c9-85cd-535c6305b380/resourceGroups/rg0fc58416/providers/Microsoft.Network/virtualNetworks/net0fc58416\",\r\n  \"etag\": \"W/\\\"584cbcb3-9442-40a9-ac7d-17716ff10b38\\\"\",\r\n  \"type\": \"Microsoft.Network/virtualNetworks\",\r\n  \"location\": \"eastus\",\r\n  \"tags\": {},\r\n  \"properties\": {\r\n    \"provisioningState\": \"Succeeded\",\r\n    \"resourceGuid\": \"c00eae56-aa6f-4477-a3e2-478e1867a610\",\r\n    \"addressSpace\": {\r\n      \"addressPrefixes\": [\r\n        \"10.0.0.0/22\"\r\n      ]\r\n    },\r\n    \"dhcpOptions\": {\r\n      \"dnsServers\": []\r\n    },\r\n    \"subnets\": [\r\n      {\r\n        \"name\": \"subnet1\",\r\n        \"id\": \"/subscriptions/ec0aa5f7-9e78-40c9-85cd-535c6305b380/resourceGroups/rg0fc58416/providers/Microsoft.Network/virtualNetworks/net0fc58416/subnets/subnet1\",\r\n        \"etag\": \"W/\\\"584cbcb3-9442-40a9-ac7d-17716ff10b38\\\"\",\r\n        \"properties\": {\r\n          \"provisioningState\": \"Succeeded\",\r\n          \"addressPrefix\": \"10.0.0.0/22\",\r\n          \"routeTable\": {\r\n            \"id\": \"/subscriptions/ec0aa5f7-9e78-40c9-85cd-535c6305b380/resourceGroups/rg0fc58416/providers/Microsoft.Network/routeTables/rt0fc58416\"\r\n          },\r\n          \"delegations\": [],\r\n          \"privateEndpointNetworkPolicies\": \"Enabled\",\r\n          \"privateLinkServiceNetworkPolicies\": \"Enabled\"\r\n        },\r\n        \"type\": \"Microsoft.Network/virtualNetworks/subnets\"\r\n      }\r\n    ],\r\n    \"virtualNetworkPeerings\": [],\r\n    \"enableDdosProtection\": false,\r\n    \"enableVmProtection\": false\r\n  }\r\n}",
      "StatusCode": 200
    },
    {
      "RequestUri": "/subscriptions/ec0aa5f7-9e78-40c9-85cd-535c6305b380/resourceGroups/rg0fc58416/providers/Microsoft.Network/virtualNetworks/net0fc58416?api-version=2019-09-01",
      "EncodedRequestUri": "L3N1YnNjcmlwdGlvbnMvZWMwYWE1ZjctOWU3OC00MGM5LTg1Y2QtNTM1YzYzMDViMzgwL3Jlc291cmNlR3JvdXBzL3JnMGZjNTg0MTYvcHJvdmlkZXJzL01pY3Jvc29mdC5OZXR3b3JrL3ZpcnR1YWxOZXR3b3Jrcy9uZXQwZmM1ODQxNj9hcGktdmVyc2lvbj0yMDE5LTA5LTAx",
      "RequestMethod": "GET",
      "RequestBody": "",
      "RequestHeaders": {
        "x-ms-client-request-id": [
          "f9b4fb5a-d937-466e-850c-9d8e599fb3a2"
        ],
        "Accept-Language": [
          "en-US"
        ],
        "User-Agent": [
          "FxVersion/4.6.28008.01",
          "OSName/Windows",
          "OSVersion/Microsoft.Windows.10.0.18363.",
          "Microsoft.Azure.Management.Network.Fluent.NetworkManagementClient/1.0.0.62",
          "MacAddressHash/f198b50d7e3ef6510679efb9e4c9a1474fd2bf18cf1d6a2182c79b00464dbadd"
        ]
      },
      "ResponseHeaders": {
        "Cache-Control": [
          "no-cache"
        ],
        "Pragma": [
          "no-cache"
        ],
        "ETag": [
          "W/\"584cbcb3-9442-40a9-ac7d-17716ff10b38\""
        ],
        "x-ms-request-id": [
          "d6e7892f-cec2-4747-b597-622d8fedff7f"
        ],
        "x-ms-correlation-request-id": [
          "56e0d035-fedf-464a-b93d-d41935d95846"
        ],
        "x-ms-arm-service-request-id": [
          "7304a31e-b013-4de4-abc1-d2b98d48094e"
        ],
        "Strict-Transport-Security": [
          "max-age=31536000; includeSubDomains"
        ],
        "Server": [
          "Microsoft-HTTPAPI/2.0",
          "Microsoft-HTTPAPI/2.0"
        ],
        "x-ms-ratelimit-remaining-subscription-reads": [
          "11905"
        ],
        "x-ms-routing-request-id": [
          "SOUTHEASTASIA:20191216T111122Z:56e0d035-fedf-464a-b93d-d41935d95846"
        ],
        "X-Content-Type-Options": [
          "nosniff"
        ],
        "Date": [
          "Mon, 16 Dec 2019 11:11:21 GMT"
        ],
        "Content-Length": [
          "1518"
        ],
        "Content-Type": [
          "application/json; charset=utf-8"
        ],
        "Expires": [
          "-1"
        ]
      },
      "ResponseBody": "{\r\n  \"name\": \"net0fc58416\",\r\n  \"id\": \"/subscriptions/ec0aa5f7-9e78-40c9-85cd-535c6305b380/resourceGroups/rg0fc58416/providers/Microsoft.Network/virtualNetworks/net0fc58416\",\r\n  \"etag\": \"W/\\\"584cbcb3-9442-40a9-ac7d-17716ff10b38\\\"\",\r\n  \"type\": \"Microsoft.Network/virtualNetworks\",\r\n  \"location\": \"eastus\",\r\n  \"tags\": {},\r\n  \"properties\": {\r\n    \"provisioningState\": \"Succeeded\",\r\n    \"resourceGuid\": \"c00eae56-aa6f-4477-a3e2-478e1867a610\",\r\n    \"addressSpace\": {\r\n      \"addressPrefixes\": [\r\n        \"10.0.0.0/22\"\r\n      ]\r\n    },\r\n    \"dhcpOptions\": {\r\n      \"dnsServers\": []\r\n    },\r\n    \"subnets\": [\r\n      {\r\n        \"name\": \"subnet1\",\r\n        \"id\": \"/subscriptions/ec0aa5f7-9e78-40c9-85cd-535c6305b380/resourceGroups/rg0fc58416/providers/Microsoft.Network/virtualNetworks/net0fc58416/subnets/subnet1\",\r\n        \"etag\": \"W/\\\"584cbcb3-9442-40a9-ac7d-17716ff10b38\\\"\",\r\n        \"properties\": {\r\n          \"provisioningState\": \"Succeeded\",\r\n          \"addressPrefix\": \"10.0.0.0/22\",\r\n          \"routeTable\": {\r\n            \"id\": \"/subscriptions/ec0aa5f7-9e78-40c9-85cd-535c6305b380/resourceGroups/rg0fc58416/providers/Microsoft.Network/routeTables/rt0fc58416\"\r\n          },\r\n          \"delegations\": [],\r\n          \"privateEndpointNetworkPolicies\": \"Enabled\",\r\n          \"privateLinkServiceNetworkPolicies\": \"Enabled\"\r\n        },\r\n        \"type\": \"Microsoft.Network/virtualNetworks/subnets\"\r\n      }\r\n    ],\r\n    \"virtualNetworkPeerings\": [],\r\n    \"enableDdosProtection\": false,\r\n    \"enableVmProtection\": false\r\n  }\r\n}",
      "StatusCode": 200
    },
    {
      "RequestUri": "/subscriptions/ec0aa5f7-9e78-40c9-85cd-535c6305b380/providers/Microsoft.Network/locations/eastus/operations/8f4235fe-8644-469d-899e-7ad611fc8643?api-version=2019-09-01",
      "EncodedRequestUri": "L3N1YnNjcmlwdGlvbnMvZWMwYWE1ZjctOWU3OC00MGM5LTg1Y2QtNTM1YzYzMDViMzgwL3Byb3ZpZGVycy9NaWNyb3NvZnQuTmV0d29yay9sb2NhdGlvbnMvZWFzdHVzL29wZXJhdGlvbnMvOGY0MjM1ZmUtODY0NC00NjlkLTg5OWUtN2FkNjExZmM4NjQzP2FwaS12ZXJzaW9uPTIwMTktMDktMDE=",
      "RequestMethod": "GET",
      "RequestBody": "",
      "RequestHeaders": {
        "User-Agent": [
          "FxVersion/4.6.28008.01",
          "OSName/Windows",
          "OSVersion/Microsoft.Windows.10.0.18363.",
          "Microsoft.Azure.Management.Network.Fluent.NetworkManagementClient/1.0.0.62",
          "MacAddressHash/f198b50d7e3ef6510679efb9e4c9a1474fd2bf18cf1d6a2182c79b00464dbadd"
        ]
      },
      "ResponseHeaders": {
        "Cache-Control": [
          "no-cache"
        ],
        "Pragma": [
          "no-cache"
        ],
        "x-ms-request-id": [
          "3c0671f9-c545-42be-9427-d04611a7b91b"
        ],
        "x-ms-correlation-request-id": [
          "44d04583-0a91-4e7e-acbe-2d2b2af4d831"
        ],
        "x-ms-arm-service-request-id": [
          "8711d959-0889-4992-b909-507e6b2c6a6a"
        ],
        "Strict-Transport-Security": [
          "max-age=31536000; includeSubDomains"
        ],
        "Server": [
          "Microsoft-HTTPAPI/2.0",
          "Microsoft-HTTPAPI/2.0"
        ],
        "x-ms-ratelimit-remaining-subscription-reads": [
          "11903"
        ],
        "x-ms-routing-request-id": [
          "SOUTHEASTASIA:20191216T111134Z:44d04583-0a91-4e7e-acbe-2d2b2af4d831"
        ],
        "X-Content-Type-Options": [
          "nosniff"
        ],
        "Date": [
          "Mon, 16 Dec 2019 11:11:34 GMT"
        ],
        "Content-Length": [
          "29"
        ],
        "Content-Type": [
          "application/json; charset=utf-8"
        ],
        "Expires": [
          "-1"
        ]
      },
      "ResponseBody": "{\r\n  \"status\": \"Succeeded\"\r\n}",
      "StatusCode": 200
    },
    {
      "RequestUri": "/subscriptions/ec0aa5f7-9e78-40c9-85cd-535c6305b380/providers/Microsoft.Network/locations/eastus/operations/ba161a48-42e9-4970-a646-eace9642a7c8?api-version=2019-09-01",
      "EncodedRequestUri": "L3N1YnNjcmlwdGlvbnMvZWMwYWE1ZjctOWU3OC00MGM5LTg1Y2QtNTM1YzYzMDViMzgwL3Byb3ZpZGVycy9NaWNyb3NvZnQuTmV0d29yay9sb2NhdGlvbnMvZWFzdHVzL29wZXJhdGlvbnMvYmExNjFhNDgtNDJlOS00OTcwLWE2NDYtZWFjZTk2NDJhN2M4P2FwaS12ZXJzaW9uPTIwMTktMDktMDE=",
      "RequestMethod": "GET",
      "RequestBody": "",
      "RequestHeaders": {
        "User-Agent": [
          "FxVersion/4.6.28008.01",
          "OSName/Windows",
          "OSVersion/Microsoft.Windows.10.0.18363.",
          "Microsoft.Azure.Management.Network.Fluent.NetworkManagementClient/1.0.0.62",
          "MacAddressHash/f198b50d7e3ef6510679efb9e4c9a1474fd2bf18cf1d6a2182c79b00464dbadd"
        ]
      },
      "ResponseHeaders": {
        "Cache-Control": [
          "no-cache"
        ],
        "Pragma": [
          "no-cache"
        ],
        "x-ms-request-id": [
          "21b4b989-8cc5-4a88-b58c-3c851a5d2653"
        ],
        "x-ms-correlation-request-id": [
          "475d5294-00d6-44bb-bd41-bf01deae3cc6"
        ],
        "x-ms-arm-service-request-id": [
          "4428f38d-7875-44b6-a720-28c292693c05"
        ],
        "Strict-Transport-Security": [
          "max-age=31536000; includeSubDomains"
        ],
        "Server": [
          "Microsoft-HTTPAPI/2.0",
          "Microsoft-HTTPAPI/2.0"
        ],
        "x-ms-ratelimit-remaining-subscription-reads": [
          "11901"
        ],
        "x-ms-routing-request-id": [
          "SOUTHEASTASIA:20191216T111147Z:475d5294-00d6-44bb-bd41-bf01deae3cc6"
        ],
        "X-Content-Type-Options": [
          "nosniff"
        ],
        "Date": [
          "Mon, 16 Dec 2019 11:11:47 GMT"
        ],
        "Content-Length": [
          "29"
        ],
        "Content-Type": [
          "application/json; charset=utf-8"
        ],
        "Expires": [
          "-1"
        ]
      },
      "ResponseBody": "{\r\n  \"status\": \"Succeeded\"\r\n}",
      "StatusCode": 200
    },
    {
      "RequestUri": "/subscriptions/ec0aa5f7-9e78-40c9-85cd-535c6305b380/resourceGroups/rg0fc58416/providers/Microsoft.Network/routeTables/rt0fc58416?api-version=2019-09-01",
      "EncodedRequestUri": "L3N1YnNjcmlwdGlvbnMvZWMwYWE1ZjctOWU3OC00MGM5LTg1Y2QtNTM1YzYzMDViMzgwL3Jlc291cmNlR3JvdXBzL3JnMGZjNTg0MTYvcHJvdmlkZXJzL01pY3Jvc29mdC5OZXR3b3JrL3JvdXRlVGFibGVzL3J0MGZjNTg0MTY/YXBpLXZlcnNpb249MjAxOS0wOS0wMQ==",
      "RequestMethod": "PATCH",
      "RequestBody": "{\r\n  \"tags\": {\r\n    \"tag3\": \"value3\",\r\n    \"tag2\": \"value2\"\r\n  }\r\n}",
      "RequestHeaders": {
        "x-ms-client-request-id": [
          "9e7ba09a-3c44-4644-b0d3-a8764b9e0c0d"
        ],
        "Accept-Language": [
          "en-US"
        ],
        "User-Agent": [
          "FxVersion/4.6.28008.01",
          "OSName/Windows",
          "OSVersion/Microsoft.Windows.10.0.18363.",
          "Microsoft.Azure.Management.Network.Fluent.NetworkManagementClient/1.0.0.62",
          "MacAddressHash/f198b50d7e3ef6510679efb9e4c9a1474fd2bf18cf1d6a2182c79b00464dbadd"
        ],
        "Content-Type": [
          "application/json; charset=utf-8"
        ],
        "Content-Length": [
          "67"
        ]
      },
      "ResponseHeaders": {
        "Cache-Control": [
          "no-cache"
        ],
        "Pragma": [
          "no-cache"
        ],
        "x-ms-request-id": [
          "171d273b-15ff-4d7f-a4ce-522c61fd9a9d"
        ],
        "x-ms-correlation-request-id": [
          "19534c91-601c-4f18-b627-c27a3b6406d4"
        ],
        "x-ms-arm-service-request-id": [
          "b3ed1a7f-82d9-4fbc-a0a6-0e564b52e6e8"
        ],
        "Strict-Transport-Security": [
          "max-age=31536000; includeSubDomains"
        ],
        "Server": [
          "Microsoft-HTTPAPI/2.0",
          "Microsoft-HTTPAPI/2.0"
        ],
        "x-ms-ratelimit-remaining-subscription-writes": [
          "1183"
        ],
        "x-ms-routing-request-id": [
          "SOUTHEASTASIA:20191216T111150Z:19534c91-601c-4f18-b627-c27a3b6406d4"
        ],
        "X-Content-Type-Options": [
          "nosniff"
        ],
        "Date": [
          "Mon, 16 Dec 2019 11:11:50 GMT"
        ],
        "Content-Length": [
          "755"
        ],
        "Content-Type": [
          "application/json; charset=utf-8"
        ],
        "Expires": [
          "-1"
        ]
      },
      "ResponseBody": "{\r\n  \"name\": \"rt0fc58416\",\r\n  \"id\": \"/subscriptions/ec0aa5f7-9e78-40c9-85cd-535c6305b380/resourceGroups/rg0fc58416/providers/Microsoft.Network/routeTables/rt0fc58416\",\r\n  \"etag\": \"W/\\\"50da9236-2aae-431a-aa50-e87585e2934a\\\"\",\r\n  \"type\": \"Microsoft.Network/routeTables\",\r\n  \"location\": \"eastus\",\r\n  \"tags\": {\r\n    \"tag3\": \"value3\",\r\n    \"tag2\": \"value2\"\r\n  },\r\n  \"properties\": {\r\n    \"provisioningState\": \"Succeeded\",\r\n    \"resourceGuid\": \"f5e91a44-9f0e-45d6-a800-5194d477bc60\",\r\n    \"disableBgpRoutePropagation\": false,\r\n    \"routes\": [],\r\n    \"subnets\": [\r\n      {\r\n        \"id\": \"/subscriptions/ec0aa5f7-9e78-40c9-85cd-535c6305b380/resourceGroups/rg0fc58416/providers/Microsoft.Network/virtualNetworks/net0fc58416/subnets/subnet1\"\r\n      }\r\n    ]\r\n  }\r\n}",
      "StatusCode": 200
    },
    {
      "RequestUri": "/subscriptions/ec0aa5f7-9e78-40c9-85cd-535c6305b380/resourcegroups/rg0fc58416?api-version=2021-01-01",
      "EncodedRequestUri": "L3N1YnNjcmlwdGlvbnMvZWMwYWE1ZjctOWU3OC00MGM5LTg1Y2QtNTM1YzYzMDViMzgwL3Jlc291cmNlZ3JvdXBzL3JnMGZjNTg0MTY/YXBpLXZlcnNpb249MjAyMS0wMS0wMQ==",
      "RequestMethod": "DELETE",
      "RequestBody": "",
      "RequestHeaders": {
        "x-ms-client-request-id": [
          "1c419db2-7813-41b5-a21e-722543555d8e"
        ],
        "Accept-Language": [
          "en-US"
        ],
        "User-Agent": [
          "FxVersion/4.6.28008.01",
          "OSName/Windows",
          "OSVersion/Microsoft.Windows.10.0.18363.",
          "Microsoft.Azure.Management.ResourceManager.Fluent.ResourceManagementClient/1.0.0.62",
          "MacAddressHash/f198b50d7e3ef6510679efb9e4c9a1474fd2bf18cf1d6a2182c79b00464dbadd"
        ]
      },
      "ResponseHeaders": {
        "Cache-Control": [
          "no-cache"
        ],
        "Pragma": [
          "no-cache"
        ],
        "Location": [
          "https://management.azure.com/subscriptions/ec0aa5f7-9e78-40c9-85cd-535c6305b380/operationresults/eyJqb2JJZCI6IlJFU09VUkNFR1JPVVBERUxFVElPTkpPQi1SRzBGQzU4NDE2LUVBU1RVUyIsImpvYkxvY2F0aW9uIjoiZWFzdHVzIn0?api-version=2019-08-01"
        ],
        "Retry-After": [
          "15"
        ],
        "x-ms-ratelimit-remaining-subscription-deletes": [
          "14999"
        ],
        "x-ms-request-id": [
          "bad6a342-a033-4d65-8125-5fbb2347ec42"
        ],
        "x-ms-correlation-request-id": [
          "bad6a342-a033-4d65-8125-5fbb2347ec42"
        ],
        "x-ms-routing-request-id": [
          "SOUTHEASTASIA:20191216T111155Z:bad6a342-a033-4d65-8125-5fbb2347ec42"
        ],
        "Strict-Transport-Security": [
          "max-age=31536000; includeSubDomains"
        ],
        "X-Content-Type-Options": [
          "nosniff"
        ],
        "Date": [
          "Mon, 16 Dec 2019 11:11:54 GMT"
        ],
        "Expires": [
          "-1"
        ],
        "Content-Length": [
          "0"
        ]
      },
      "ResponseBody": "",
      "StatusCode": 202
    },
    {
      "RequestUri": "/subscriptions/ec0aa5f7-9e78-40c9-85cd-535c6305b380/resourcegroups/rg0fc58416?api-version=2021-01-01",
      "EncodedRequestUri": "L3N1YnNjcmlwdGlvbnMvZWMwYWE1ZjctOWU3OC00MGM5LTg1Y2QtNTM1YzYzMDViMzgwL3Jlc291cmNlZ3JvdXBzL3JnMGZjNTg0MTY/YXBpLXZlcnNpb249MjAyMS0wMS0wMQ==",
      "RequestMethod": "DELETE",
      "RequestBody": "",
      "RequestHeaders": {
        "x-ms-client-request-id": [
          "439209ba-3711-4f00-a327-85c55bec740d"
        ],
        "Accept-Language": [
          "en-US"
        ],
        "User-Agent": [
          "FxVersion/4.6.28008.01",
          "OSName/Windows",
          "OSVersion/Microsoft.Windows.10.0.18363.",
          "Microsoft.Azure.Management.ResourceManager.Fluent.ResourceManagementClient/1.0.0.62",
          "MacAddressHash/f198b50d7e3ef6510679efb9e4c9a1474fd2bf18cf1d6a2182c79b00464dbadd"
        ]
      },
      "ResponseHeaders": {
        "Cache-Control": [
          "no-cache"
        ],
        "Pragma": [
          "no-cache"
        ],
        "x-ms-failure-cause": [
          "gateway"
        ],
        "x-ms-ratelimit-remaining-subscription-deletes": [
          "14999"
        ],
        "x-ms-request-id": [
          "bb28ae84-45d8-497e-9531-f764e01d270a"
        ],
        "x-ms-correlation-request-id": [
          "bb28ae84-45d8-497e-9531-f764e01d270a"
        ],
        "x-ms-routing-request-id": [
          "SOUTHEASTASIA:20191216T111548Z:bb28ae84-45d8-497e-9531-f764e01d270a"
        ],
        "Strict-Transport-Security": [
          "max-age=31536000; includeSubDomains"
        ],
        "X-Content-Type-Options": [
          "nosniff"
        ],
        "Date": [
          "Mon, 16 Dec 2019 11:15:48 GMT"
        ],
        "Content-Type": [
          "application/json; charset=utf-8"
        ],
        "Expires": [
          "-1"
        ],
        "Content-Length": [
          "102"
        ]
      },
      "ResponseBody": "{\r\n  \"error\": {\r\n    \"code\": \"ResourceGroupNotFound\",\r\n    \"message\": \"Resource group 'rg0fc58416' could not be found.\"\r\n  }\r\n}",
      "StatusCode": 404
    },
    {
      "RequestUri": "/subscriptions/ec0aa5f7-9e78-40c9-85cd-535c6305b380/operationresults/eyJqb2JJZCI6IlJFU09VUkNFR1JPVVBERUxFVElPTkpPQi1SRzBGQzU4NDE2LUVBU1RVUyIsImpvYkxvY2F0aW9uIjoiZWFzdHVzIn0?api-version=2019-08-01",
      "EncodedRequestUri": "L3N1YnNjcmlwdGlvbnMvZWMwYWE1ZjctOWU3OC00MGM5LTg1Y2QtNTM1YzYzMDViMzgwL29wZXJhdGlvbnJlc3VsdHMvZXlKcWIySkpaQ0k2SWxKRlUwOVZVa05GUjFKUFZWQkVSVXhGVkVsUFRrcFBRaTFTUnpCR1F6VTROREUyTFVWQlUxUlZVeUlzSW1wdllreHZZMkYwYVc5dUlqb2laV0Z6ZEhWekluMD9hcGktdmVyc2lvbj0yMDE5LTA4LTAx",
      "RequestMethod": "GET",
      "RequestBody": "",
      "RequestHeaders": {
        "User-Agent": [
          "FxVersion/4.6.28008.01",
          "OSName/Windows",
          "OSVersion/Microsoft.Windows.10.0.18363.",
          "Microsoft.Azure.Management.ResourceManager.Fluent.ResourceManagementClient/1.0.0.62",
          "MacAddressHash/f198b50d7e3ef6510679efb9e4c9a1474fd2bf18cf1d6a2182c79b00464dbadd"
        ]
      },
      "ResponseHeaders": {
        "Cache-Control": [
          "no-cache"
        ],
        "Pragma": [
          "no-cache"
        ],
        "Location": [
          "https://management.azure.com/subscriptions/ec0aa5f7-9e78-40c9-85cd-535c6305b380/operationresults/eyJqb2JJZCI6IlJFU09VUkNFR1JPVVBERUxFVElPTkpPQi1SRzBGQzU4NDE2LUVBU1RVUyIsImpvYkxvY2F0aW9uIjoiZWFzdHVzIn0?api-version=2019-08-01"
        ],
        "Retry-After": [
          "15"
        ],
        "x-ms-ratelimit-remaining-subscription-reads": [
          "11897"
        ],
        "x-ms-request-id": [
          "b242e474-b2a2-4a0e-9b33-156a158454de"
        ],
        "x-ms-correlation-request-id": [
          "b242e474-b2a2-4a0e-9b33-156a158454de"
        ],
        "x-ms-routing-request-id": [
          "SOUTHEASTASIA:20191216T111210Z:b242e474-b2a2-4a0e-9b33-156a158454de"
        ],
        "Strict-Transport-Security": [
          "max-age=31536000; includeSubDomains"
        ],
        "X-Content-Type-Options": [
          "nosniff"
        ],
        "Date": [
          "Mon, 16 Dec 2019 11:12:10 GMT"
        ],
        "Expires": [
          "-1"
        ],
        "Content-Length": [
          "0"
        ]
      },
      "ResponseBody": "",
      "StatusCode": 202
    },
    {
      "RequestUri": "/subscriptions/ec0aa5f7-9e78-40c9-85cd-535c6305b380/operationresults/eyJqb2JJZCI6IlJFU09VUkNFR1JPVVBERUxFVElPTkpPQi1SRzBGQzU4NDE2LUVBU1RVUyIsImpvYkxvY2F0aW9uIjoiZWFzdHVzIn0?api-version=2019-08-01",
      "EncodedRequestUri": "L3N1YnNjcmlwdGlvbnMvZWMwYWE1ZjctOWU3OC00MGM5LTg1Y2QtNTM1YzYzMDViMzgwL29wZXJhdGlvbnJlc3VsdHMvZXlKcWIySkpaQ0k2SWxKRlUwOVZVa05GUjFKUFZWQkVSVXhGVkVsUFRrcFBRaTFTUnpCR1F6VTROREUyTFVWQlUxUlZVeUlzSW1wdllreHZZMkYwYVc5dUlqb2laV0Z6ZEhWekluMD9hcGktdmVyc2lvbj0yMDE5LTA4LTAx",
      "RequestMethod": "GET",
      "RequestBody": "",
      "RequestHeaders": {
        "User-Agent": [
          "FxVersion/4.6.28008.01",
          "OSName/Windows",
          "OSVersion/Microsoft.Windows.10.0.18363.",
          "Microsoft.Azure.Management.ResourceManager.Fluent.ResourceManagementClient/1.0.0.62",
          "MacAddressHash/f198b50d7e3ef6510679efb9e4c9a1474fd2bf18cf1d6a2182c79b00464dbadd"
        ]
      },
      "ResponseHeaders": {
        "Cache-Control": [
          "no-cache"
        ],
        "Pragma": [
          "no-cache"
        ],
        "Location": [
          "https://management.azure.com/subscriptions/ec0aa5f7-9e78-40c9-85cd-535c6305b380/operationresults/eyJqb2JJZCI6IlJFU09VUkNFR1JPVVBERUxFVElPTkpPQi1SRzBGQzU4NDE2LUVBU1RVUyIsImpvYkxvY2F0aW9uIjoiZWFzdHVzIn0?api-version=2019-08-01"
        ],
        "Retry-After": [
          "15"
        ],
        "x-ms-ratelimit-remaining-subscription-reads": [
          "11896"
        ],
        "x-ms-request-id": [
          "754f0401-fe66-4aa4-8996-d2971848f085"
        ],
        "x-ms-correlation-request-id": [
          "754f0401-fe66-4aa4-8996-d2971848f085"
        ],
        "x-ms-routing-request-id": [
          "SOUTHEASTASIA:20191216T111226Z:754f0401-fe66-4aa4-8996-d2971848f085"
        ],
        "Strict-Transport-Security": [
          "max-age=31536000; includeSubDomains"
        ],
        "X-Content-Type-Options": [
          "nosniff"
        ],
        "Date": [
          "Mon, 16 Dec 2019 11:12:25 GMT"
        ],
        "Expires": [
          "-1"
        ],
        "Content-Length": [
          "0"
        ]
      },
      "ResponseBody": "",
      "StatusCode": 202
    },
    {
      "RequestUri": "/subscriptions/ec0aa5f7-9e78-40c9-85cd-535c6305b380/operationresults/eyJqb2JJZCI6IlJFU09VUkNFR1JPVVBERUxFVElPTkpPQi1SRzBGQzU4NDE2LUVBU1RVUyIsImpvYkxvY2F0aW9uIjoiZWFzdHVzIn0?api-version=2019-08-01",
      "EncodedRequestUri": "L3N1YnNjcmlwdGlvbnMvZWMwYWE1ZjctOWU3OC00MGM5LTg1Y2QtNTM1YzYzMDViMzgwL29wZXJhdGlvbnJlc3VsdHMvZXlKcWIySkpaQ0k2SWxKRlUwOVZVa05GUjFKUFZWQkVSVXhGVkVsUFRrcFBRaTFTUnpCR1F6VTROREUyTFVWQlUxUlZVeUlzSW1wdllreHZZMkYwYVc5dUlqb2laV0Z6ZEhWekluMD9hcGktdmVyc2lvbj0yMDE5LTA4LTAx",
      "RequestMethod": "GET",
      "RequestBody": "",
      "RequestHeaders": {
        "User-Agent": [
          "FxVersion/4.6.28008.01",
          "OSName/Windows",
          "OSVersion/Microsoft.Windows.10.0.18363.",
          "Microsoft.Azure.Management.ResourceManager.Fluent.ResourceManagementClient/1.0.0.62",
          "MacAddressHash/f198b50d7e3ef6510679efb9e4c9a1474fd2bf18cf1d6a2182c79b00464dbadd"
        ]
      },
      "ResponseHeaders": {
        "Cache-Control": [
          "no-cache"
        ],
        "Pragma": [
          "no-cache"
        ],
        "Location": [
          "https://management.azure.com/subscriptions/ec0aa5f7-9e78-40c9-85cd-535c6305b380/operationresults/eyJqb2JJZCI6IlJFU09VUkNFR1JPVVBERUxFVElPTkpPQi1SRzBGQzU4NDE2LUVBU1RVUyIsImpvYkxvY2F0aW9uIjoiZWFzdHVzIn0?api-version=2019-08-01"
        ],
        "Retry-After": [
          "15"
        ],
        "x-ms-ratelimit-remaining-subscription-reads": [
          "11895"
        ],
        "x-ms-request-id": [
          "b07b883c-f8a0-4721-a90c-a187f995ac53"
        ],
        "x-ms-correlation-request-id": [
          "b07b883c-f8a0-4721-a90c-a187f995ac53"
        ],
        "x-ms-routing-request-id": [
          "SOUTHEASTASIA:20191216T111241Z:b07b883c-f8a0-4721-a90c-a187f995ac53"
        ],
        "Strict-Transport-Security": [
          "max-age=31536000; includeSubDomains"
        ],
        "X-Content-Type-Options": [
          "nosniff"
        ],
        "Date": [
          "Mon, 16 Dec 2019 11:12:40 GMT"
        ],
        "Expires": [
          "-1"
        ],
        "Content-Length": [
          "0"
        ]
      },
      "ResponseBody": "",
      "StatusCode": 202
    },
    {
      "RequestUri": "/subscriptions/ec0aa5f7-9e78-40c9-85cd-535c6305b380/operationresults/eyJqb2JJZCI6IlJFU09VUkNFR1JPVVBERUxFVElPTkpPQi1SRzBGQzU4NDE2LUVBU1RVUyIsImpvYkxvY2F0aW9uIjoiZWFzdHVzIn0?api-version=2019-08-01",
      "EncodedRequestUri": "L3N1YnNjcmlwdGlvbnMvZWMwYWE1ZjctOWU3OC00MGM5LTg1Y2QtNTM1YzYzMDViMzgwL29wZXJhdGlvbnJlc3VsdHMvZXlKcWIySkpaQ0k2SWxKRlUwOVZVa05GUjFKUFZWQkVSVXhGVkVsUFRrcFBRaTFTUnpCR1F6VTROREUyTFVWQlUxUlZVeUlzSW1wdllreHZZMkYwYVc5dUlqb2laV0Z6ZEhWekluMD9hcGktdmVyc2lvbj0yMDE5LTA4LTAx",
      "RequestMethod": "GET",
      "RequestBody": "",
      "RequestHeaders": {
        "User-Agent": [
          "FxVersion/4.6.28008.01",
          "OSName/Windows",
          "OSVersion/Microsoft.Windows.10.0.18363.",
          "Microsoft.Azure.Management.ResourceManager.Fluent.ResourceManagementClient/1.0.0.62",
          "MacAddressHash/f198b50d7e3ef6510679efb9e4c9a1474fd2bf18cf1d6a2182c79b00464dbadd"
        ]
      },
      "ResponseHeaders": {
        "Cache-Control": [
          "no-cache"
        ],
        "Pragma": [
          "no-cache"
        ],
        "Location": [
          "https://management.azure.com/subscriptions/ec0aa5f7-9e78-40c9-85cd-535c6305b380/operationresults/eyJqb2JJZCI6IlJFU09VUkNFR1JPVVBERUxFVElPTkpPQi1SRzBGQzU4NDE2LUVBU1RVUyIsImpvYkxvY2F0aW9uIjoiZWFzdHVzIn0?api-version=2019-08-01"
        ],
        "Retry-After": [
          "15"
        ],
        "x-ms-ratelimit-remaining-subscription-reads": [
          "11893"
        ],
        "x-ms-request-id": [
          "a853c46a-92bc-438e-ba8b-76b0d6c69f59"
        ],
        "x-ms-correlation-request-id": [
          "a853c46a-92bc-438e-ba8b-76b0d6c69f59"
        ],
        "x-ms-routing-request-id": [
          "SOUTHEASTASIA:20191216T111257Z:a853c46a-92bc-438e-ba8b-76b0d6c69f59"
        ],
        "Strict-Transport-Security": [
          "max-age=31536000; includeSubDomains"
        ],
        "X-Content-Type-Options": [
          "nosniff"
        ],
        "Date": [
          "Mon, 16 Dec 2019 11:12:56 GMT"
        ],
        "Expires": [
          "-1"
        ],
        "Content-Length": [
          "0"
        ]
      },
      "ResponseBody": "",
      "StatusCode": 202
    },
    {
      "RequestUri": "/subscriptions/ec0aa5f7-9e78-40c9-85cd-535c6305b380/operationresults/eyJqb2JJZCI6IlJFU09VUkNFR1JPVVBERUxFVElPTkpPQi1SRzBGQzU4NDE2LUVBU1RVUyIsImpvYkxvY2F0aW9uIjoiZWFzdHVzIn0?api-version=2019-08-01",
      "EncodedRequestUri": "L3N1YnNjcmlwdGlvbnMvZWMwYWE1ZjctOWU3OC00MGM5LTg1Y2QtNTM1YzYzMDViMzgwL29wZXJhdGlvbnJlc3VsdHMvZXlKcWIySkpaQ0k2SWxKRlUwOVZVa05GUjFKUFZWQkVSVXhGVkVsUFRrcFBRaTFTUnpCR1F6VTROREUyTFVWQlUxUlZVeUlzSW1wdllreHZZMkYwYVc5dUlqb2laV0Z6ZEhWekluMD9hcGktdmVyc2lvbj0yMDE5LTA4LTAx",
      "RequestMethod": "GET",
      "RequestBody": "",
      "RequestHeaders": {
        "User-Agent": [
          "FxVersion/4.6.28008.01",
          "OSName/Windows",
          "OSVersion/Microsoft.Windows.10.0.18363.",
          "Microsoft.Azure.Management.ResourceManager.Fluent.ResourceManagementClient/1.0.0.62",
          "MacAddressHash/f198b50d7e3ef6510679efb9e4c9a1474fd2bf18cf1d6a2182c79b00464dbadd"
        ]
      },
      "ResponseHeaders": {
        "Cache-Control": [
          "no-cache"
        ],
        "Pragma": [
          "no-cache"
        ],
        "Location": [
          "https://management.azure.com/subscriptions/ec0aa5f7-9e78-40c9-85cd-535c6305b380/operationresults/eyJqb2JJZCI6IlJFU09VUkNFR1JPVVBERUxFVElPTkpPQi1SRzBGQzU4NDE2LUVBU1RVUyIsImpvYkxvY2F0aW9uIjoiZWFzdHVzIn0?api-version=2019-08-01"
        ],
        "Retry-After": [
          "15"
        ],
        "x-ms-ratelimit-remaining-subscription-reads": [
          "11892"
        ],
        "x-ms-request-id": [
          "19c3110e-e64b-4653-8169-c715d82a3bc1"
        ],
        "x-ms-correlation-request-id": [
          "19c3110e-e64b-4653-8169-c715d82a3bc1"
        ],
        "x-ms-routing-request-id": [
          "SOUTHEASTASIA:20191216T111312Z:19c3110e-e64b-4653-8169-c715d82a3bc1"
        ],
        "Strict-Transport-Security": [
          "max-age=31536000; includeSubDomains"
        ],
        "X-Content-Type-Options": [
          "nosniff"
        ],
        "Date": [
          "Mon, 16 Dec 2019 11:13:12 GMT"
        ],
        "Expires": [
          "-1"
        ],
        "Content-Length": [
          "0"
        ]
      },
      "ResponseBody": "",
      "StatusCode": 202
    },
    {
      "RequestUri": "/subscriptions/ec0aa5f7-9e78-40c9-85cd-535c6305b380/operationresults/eyJqb2JJZCI6IlJFU09VUkNFR1JPVVBERUxFVElPTkpPQi1SRzBGQzU4NDE2LUVBU1RVUyIsImpvYkxvY2F0aW9uIjoiZWFzdHVzIn0?api-version=2019-08-01",
      "EncodedRequestUri": "L3N1YnNjcmlwdGlvbnMvZWMwYWE1ZjctOWU3OC00MGM5LTg1Y2QtNTM1YzYzMDViMzgwL29wZXJhdGlvbnJlc3VsdHMvZXlKcWIySkpaQ0k2SWxKRlUwOVZVa05GUjFKUFZWQkVSVXhGVkVsUFRrcFBRaTFTUnpCR1F6VTROREUyTFVWQlUxUlZVeUlzSW1wdllreHZZMkYwYVc5dUlqb2laV0Z6ZEhWekluMD9hcGktdmVyc2lvbj0yMDE5LTA4LTAx",
      "RequestMethod": "GET",
      "RequestBody": "",
      "RequestHeaders": {
        "User-Agent": [
          "FxVersion/4.6.28008.01",
          "OSName/Windows",
          "OSVersion/Microsoft.Windows.10.0.18363.",
          "Microsoft.Azure.Management.ResourceManager.Fluent.ResourceManagementClient/1.0.0.62",
          "MacAddressHash/f198b50d7e3ef6510679efb9e4c9a1474fd2bf18cf1d6a2182c79b00464dbadd"
        ]
      },
      "ResponseHeaders": {
        "Cache-Control": [
          "no-cache"
        ],
        "Pragma": [
          "no-cache"
        ],
        "Location": [
          "https://management.azure.com/subscriptions/ec0aa5f7-9e78-40c9-85cd-535c6305b380/operationresults/eyJqb2JJZCI6IlJFU09VUkNFR1JPVVBERUxFVElPTkpPQi1SRzBGQzU4NDE2LUVBU1RVUyIsImpvYkxvY2F0aW9uIjoiZWFzdHVzIn0?api-version=2019-08-01"
        ],
        "Retry-After": [
          "15"
        ],
        "x-ms-ratelimit-remaining-subscription-reads": [
          "11891"
        ],
        "x-ms-request-id": [
          "9d64d4a7-5ada-4562-b96c-db9e0218e210"
        ],
        "x-ms-correlation-request-id": [
          "9d64d4a7-5ada-4562-b96c-db9e0218e210"
        ],
        "x-ms-routing-request-id": [
          "SOUTHEASTASIA:20191216T111328Z:9d64d4a7-5ada-4562-b96c-db9e0218e210"
        ],
        "Strict-Transport-Security": [
          "max-age=31536000; includeSubDomains"
        ],
        "X-Content-Type-Options": [
          "nosniff"
        ],
        "Date": [
          "Mon, 16 Dec 2019 11:13:27 GMT"
        ],
        "Expires": [
          "-1"
        ],
        "Content-Length": [
          "0"
        ]
      },
      "ResponseBody": "",
      "StatusCode": 202
    },
    {
      "RequestUri": "/subscriptions/ec0aa5f7-9e78-40c9-85cd-535c6305b380/operationresults/eyJqb2JJZCI6IlJFU09VUkNFR1JPVVBERUxFVElPTkpPQi1SRzBGQzU4NDE2LUVBU1RVUyIsImpvYkxvY2F0aW9uIjoiZWFzdHVzIn0?api-version=2019-08-01",
      "EncodedRequestUri": "L3N1YnNjcmlwdGlvbnMvZWMwYWE1ZjctOWU3OC00MGM5LTg1Y2QtNTM1YzYzMDViMzgwL29wZXJhdGlvbnJlc3VsdHMvZXlKcWIySkpaQ0k2SWxKRlUwOVZVa05GUjFKUFZWQkVSVXhGVkVsUFRrcFBRaTFTUnpCR1F6VTROREUyTFVWQlUxUlZVeUlzSW1wdllreHZZMkYwYVc5dUlqb2laV0Z6ZEhWekluMD9hcGktdmVyc2lvbj0yMDE5LTA4LTAx",
      "RequestMethod": "GET",
      "RequestBody": "",
      "RequestHeaders": {
        "User-Agent": [
          "FxVersion/4.6.28008.01",
          "OSName/Windows",
          "OSVersion/Microsoft.Windows.10.0.18363.",
          "Microsoft.Azure.Management.ResourceManager.Fluent.ResourceManagementClient/1.0.0.62",
          "MacAddressHash/f198b50d7e3ef6510679efb9e4c9a1474fd2bf18cf1d6a2182c79b00464dbadd"
        ]
      },
      "ResponseHeaders": {
        "Cache-Control": [
          "no-cache"
        ],
        "Pragma": [
          "no-cache"
        ],
        "Location": [
          "https://management.azure.com/subscriptions/ec0aa5f7-9e78-40c9-85cd-535c6305b380/operationresults/eyJqb2JJZCI6IlJFU09VUkNFR1JPVVBERUxFVElPTkpPQi1SRzBGQzU4NDE2LUVBU1RVUyIsImpvYkxvY2F0aW9uIjoiZWFzdHVzIn0?api-version=2019-08-01"
        ],
        "Retry-After": [
          "15"
        ],
        "x-ms-ratelimit-remaining-subscription-reads": [
          "11890"
        ],
        "x-ms-request-id": [
          "ac399454-fbaf-47d5-816f-89222db442bd"
        ],
        "x-ms-correlation-request-id": [
          "ac399454-fbaf-47d5-816f-89222db442bd"
        ],
        "x-ms-routing-request-id": [
          "SOUTHEASTASIA:20191216T111343Z:ac399454-fbaf-47d5-816f-89222db442bd"
        ],
        "Strict-Transport-Security": [
          "max-age=31536000; includeSubDomains"
        ],
        "X-Content-Type-Options": [
          "nosniff"
        ],
        "Date": [
          "Mon, 16 Dec 2019 11:13:43 GMT"
        ],
        "Expires": [
          "-1"
        ],
        "Content-Length": [
          "0"
        ]
      },
      "ResponseBody": "",
      "StatusCode": 202
    },
    {
      "RequestUri": "/subscriptions/ec0aa5f7-9e78-40c9-85cd-535c6305b380/operationresults/eyJqb2JJZCI6IlJFU09VUkNFR1JPVVBERUxFVElPTkpPQi1SRzBGQzU4NDE2LUVBU1RVUyIsImpvYkxvY2F0aW9uIjoiZWFzdHVzIn0?api-version=2019-08-01",
      "EncodedRequestUri": "L3N1YnNjcmlwdGlvbnMvZWMwYWE1ZjctOWU3OC00MGM5LTg1Y2QtNTM1YzYzMDViMzgwL29wZXJhdGlvbnJlc3VsdHMvZXlKcWIySkpaQ0k2SWxKRlUwOVZVa05GUjFKUFZWQkVSVXhGVkVsUFRrcFBRaTFTUnpCR1F6VTROREUyTFVWQlUxUlZVeUlzSW1wdllreHZZMkYwYVc5dUlqb2laV0Z6ZEhWekluMD9hcGktdmVyc2lvbj0yMDE5LTA4LTAx",
      "RequestMethod": "GET",
      "RequestBody": "",
      "RequestHeaders": {
        "User-Agent": [
          "FxVersion/4.6.28008.01",
          "OSName/Windows",
          "OSVersion/Microsoft.Windows.10.0.18363.",
          "Microsoft.Azure.Management.ResourceManager.Fluent.ResourceManagementClient/1.0.0.62",
          "MacAddressHash/f198b50d7e3ef6510679efb9e4c9a1474fd2bf18cf1d6a2182c79b00464dbadd"
        ]
      },
      "ResponseHeaders": {
        "Cache-Control": [
          "no-cache"
        ],
        "Pragma": [
          "no-cache"
        ],
        "Location": [
          "https://management.azure.com/subscriptions/ec0aa5f7-9e78-40c9-85cd-535c6305b380/operationresults/eyJqb2JJZCI6IlJFU09VUkNFR1JPVVBERUxFVElPTkpPQi1SRzBGQzU4NDE2LUVBU1RVUyIsImpvYkxvY2F0aW9uIjoiZWFzdHVzIn0?api-version=2019-08-01"
        ],
        "Retry-After": [
          "15"
        ],
        "x-ms-ratelimit-remaining-subscription-reads": [
          "11888"
        ],
        "x-ms-request-id": [
          "546e0068-f518-4770-bd1f-a65874d1374d"
        ],
        "x-ms-correlation-request-id": [
          "546e0068-f518-4770-bd1f-a65874d1374d"
        ],
        "x-ms-routing-request-id": [
          "SOUTHEASTASIA:20191216T111359Z:546e0068-f518-4770-bd1f-a65874d1374d"
        ],
        "Strict-Transport-Security": [
          "max-age=31536000; includeSubDomains"
        ],
        "X-Content-Type-Options": [
          "nosniff"
        ],
        "Date": [
          "Mon, 16 Dec 2019 11:13:58 GMT"
        ],
        "Expires": [
          "-1"
        ],
        "Content-Length": [
          "0"
        ]
      },
      "ResponseBody": "",
      "StatusCode": 202
    },
    {
      "RequestUri": "/subscriptions/ec0aa5f7-9e78-40c9-85cd-535c6305b380/operationresults/eyJqb2JJZCI6IlJFU09VUkNFR1JPVVBERUxFVElPTkpPQi1SRzBGQzU4NDE2LUVBU1RVUyIsImpvYkxvY2F0aW9uIjoiZWFzdHVzIn0?api-version=2019-08-01",
      "EncodedRequestUri": "L3N1YnNjcmlwdGlvbnMvZWMwYWE1ZjctOWU3OC00MGM5LTg1Y2QtNTM1YzYzMDViMzgwL29wZXJhdGlvbnJlc3VsdHMvZXlKcWIySkpaQ0k2SWxKRlUwOVZVa05GUjFKUFZWQkVSVXhGVkVsUFRrcFBRaTFTUnpCR1F6VTROREUyTFVWQlUxUlZVeUlzSW1wdllreHZZMkYwYVc5dUlqb2laV0Z6ZEhWekluMD9hcGktdmVyc2lvbj0yMDE5LTA4LTAx",
      "RequestMethod": "GET",
      "RequestBody": "",
      "RequestHeaders": {
        "User-Agent": [
          "FxVersion/4.6.28008.01",
          "OSName/Windows",
          "OSVersion/Microsoft.Windows.10.0.18363.",
          "Microsoft.Azure.Management.ResourceManager.Fluent.ResourceManagementClient/1.0.0.62",
          "MacAddressHash/f198b50d7e3ef6510679efb9e4c9a1474fd2bf18cf1d6a2182c79b00464dbadd"
        ]
      },
      "ResponseHeaders": {
        "Cache-Control": [
          "no-cache"
        ],
        "Pragma": [
          "no-cache"
        ],
        "Location": [
          "https://management.azure.com/subscriptions/ec0aa5f7-9e78-40c9-85cd-535c6305b380/operationresults/eyJqb2JJZCI6IlJFU09VUkNFR1JPVVBERUxFVElPTkpPQi1SRzBGQzU4NDE2LUVBU1RVUyIsImpvYkxvY2F0aW9uIjoiZWFzdHVzIn0?api-version=2019-08-01"
        ],
        "Retry-After": [
          "15"
        ],
        "x-ms-ratelimit-remaining-subscription-reads": [
          "11887"
        ],
        "x-ms-request-id": [
          "7e39b398-dc15-4a67-a341-18b85eec1730"
        ],
        "x-ms-correlation-request-id": [
          "7e39b398-dc15-4a67-a341-18b85eec1730"
        ],
        "x-ms-routing-request-id": [
          "SOUTHEASTASIA:20191216T111414Z:7e39b398-dc15-4a67-a341-18b85eec1730"
        ],
        "Strict-Transport-Security": [
          "max-age=31536000; includeSubDomains"
        ],
        "X-Content-Type-Options": [
          "nosniff"
        ],
        "Date": [
          "Mon, 16 Dec 2019 11:14:13 GMT"
        ],
        "Expires": [
          "-1"
        ],
        "Content-Length": [
          "0"
        ]
      },
      "ResponseBody": "",
      "StatusCode": 202
    },
    {
      "RequestUri": "/subscriptions/ec0aa5f7-9e78-40c9-85cd-535c6305b380/operationresults/eyJqb2JJZCI6IlJFU09VUkNFR1JPVVBERUxFVElPTkpPQi1SRzBGQzU4NDE2LUVBU1RVUyIsImpvYkxvY2F0aW9uIjoiZWFzdHVzIn0?api-version=2019-08-01",
      "EncodedRequestUri": "L3N1YnNjcmlwdGlvbnMvZWMwYWE1ZjctOWU3OC00MGM5LTg1Y2QtNTM1YzYzMDViMzgwL29wZXJhdGlvbnJlc3VsdHMvZXlKcWIySkpaQ0k2SWxKRlUwOVZVa05GUjFKUFZWQkVSVXhGVkVsUFRrcFBRaTFTUnpCR1F6VTROREUyTFVWQlUxUlZVeUlzSW1wdllreHZZMkYwYVc5dUlqb2laV0Z6ZEhWekluMD9hcGktdmVyc2lvbj0yMDE5LTA4LTAx",
      "RequestMethod": "GET",
      "RequestBody": "",
      "RequestHeaders": {
        "User-Agent": [
          "FxVersion/4.6.28008.01",
          "OSName/Windows",
          "OSVersion/Microsoft.Windows.10.0.18363.",
          "Microsoft.Azure.Management.ResourceManager.Fluent.ResourceManagementClient/1.0.0.62",
          "MacAddressHash/f198b50d7e3ef6510679efb9e4c9a1474fd2bf18cf1d6a2182c79b00464dbadd"
        ]
      },
      "ResponseHeaders": {
        "Cache-Control": [
          "no-cache"
        ],
        "Pragma": [
          "no-cache"
        ],
        "Location": [
          "https://management.azure.com/subscriptions/ec0aa5f7-9e78-40c9-85cd-535c6305b380/operationresults/eyJqb2JJZCI6IlJFU09VUkNFR1JPVVBERUxFVElPTkpPQi1SRzBGQzU4NDE2LUVBU1RVUyIsImpvYkxvY2F0aW9uIjoiZWFzdHVzIn0?api-version=2019-08-01"
        ],
        "Retry-After": [
          "15"
        ],
        "x-ms-ratelimit-remaining-subscription-reads": [
          "11886"
        ],
        "x-ms-request-id": [
          "935c4c36-4498-475a-9e19-61023273ffcd"
        ],
        "x-ms-correlation-request-id": [
          "935c4c36-4498-475a-9e19-61023273ffcd"
        ],
        "x-ms-routing-request-id": [
          "SOUTHEASTASIA:20191216T111430Z:935c4c36-4498-475a-9e19-61023273ffcd"
        ],
        "Strict-Transport-Security": [
          "max-age=31536000; includeSubDomains"
        ],
        "X-Content-Type-Options": [
          "nosniff"
        ],
        "Date": [
          "Mon, 16 Dec 2019 11:14:29 GMT"
        ],
        "Expires": [
          "-1"
        ],
        "Content-Length": [
          "0"
        ]
      },
      "ResponseBody": "",
      "StatusCode": 202
    },
    {
      "RequestUri": "/subscriptions/ec0aa5f7-9e78-40c9-85cd-535c6305b380/operationresults/eyJqb2JJZCI6IlJFU09VUkNFR1JPVVBERUxFVElPTkpPQi1SRzBGQzU4NDE2LUVBU1RVUyIsImpvYkxvY2F0aW9uIjoiZWFzdHVzIn0?api-version=2019-08-01",
      "EncodedRequestUri": "L3N1YnNjcmlwdGlvbnMvZWMwYWE1ZjctOWU3OC00MGM5LTg1Y2QtNTM1YzYzMDViMzgwL29wZXJhdGlvbnJlc3VsdHMvZXlKcWIySkpaQ0k2SWxKRlUwOVZVa05GUjFKUFZWQkVSVXhGVkVsUFRrcFBRaTFTUnpCR1F6VTROREUyTFVWQlUxUlZVeUlzSW1wdllreHZZMkYwYVc5dUlqb2laV0Z6ZEhWekluMD9hcGktdmVyc2lvbj0yMDE5LTA4LTAx",
      "RequestMethod": "GET",
      "RequestBody": "",
      "RequestHeaders": {
        "User-Agent": [
          "FxVersion/4.6.28008.01",
          "OSName/Windows",
          "OSVersion/Microsoft.Windows.10.0.18363.",
          "Microsoft.Azure.Management.ResourceManager.Fluent.ResourceManagementClient/1.0.0.62",
          "MacAddressHash/f198b50d7e3ef6510679efb9e4c9a1474fd2bf18cf1d6a2182c79b00464dbadd"
        ]
      },
      "ResponseHeaders": {
        "Cache-Control": [
          "no-cache"
        ],
        "Pragma": [
          "no-cache"
        ],
        "Location": [
          "https://management.azure.com/subscriptions/ec0aa5f7-9e78-40c9-85cd-535c6305b380/operationresults/eyJqb2JJZCI6IlJFU09VUkNFR1JPVVBERUxFVElPTkpPQi1SRzBGQzU4NDE2LUVBU1RVUyIsImpvYkxvY2F0aW9uIjoiZWFzdHVzIn0?api-version=2019-08-01"
        ],
        "Retry-After": [
          "15"
        ],
        "x-ms-ratelimit-remaining-subscription-reads": [
          "11885"
        ],
        "x-ms-request-id": [
          "cc857344-e567-4f2c-b470-e66de6722399"
        ],
        "x-ms-correlation-request-id": [
          "cc857344-e567-4f2c-b470-e66de6722399"
        ],
        "x-ms-routing-request-id": [
          "SOUTHEASTASIA:20191216T111445Z:cc857344-e567-4f2c-b470-e66de6722399"
        ],
        "Strict-Transport-Security": [
          "max-age=31536000; includeSubDomains"
        ],
        "X-Content-Type-Options": [
          "nosniff"
        ],
        "Date": [
          "Mon, 16 Dec 2019 11:14:45 GMT"
        ],
        "Expires": [
          "-1"
        ],
        "Content-Length": [
          "0"
        ]
      },
      "ResponseBody": "",
      "StatusCode": 202
    },
    {
      "RequestUri": "/subscriptions/ec0aa5f7-9e78-40c9-85cd-535c6305b380/operationresults/eyJqb2JJZCI6IlJFU09VUkNFR1JPVVBERUxFVElPTkpPQi1SRzBGQzU4NDE2LUVBU1RVUyIsImpvYkxvY2F0aW9uIjoiZWFzdHVzIn0?api-version=2019-08-01",
      "EncodedRequestUri": "L3N1YnNjcmlwdGlvbnMvZWMwYWE1ZjctOWU3OC00MGM5LTg1Y2QtNTM1YzYzMDViMzgwL29wZXJhdGlvbnJlc3VsdHMvZXlKcWIySkpaQ0k2SWxKRlUwOVZVa05GUjFKUFZWQkVSVXhGVkVsUFRrcFBRaTFTUnpCR1F6VTROREUyTFVWQlUxUlZVeUlzSW1wdllreHZZMkYwYVc5dUlqb2laV0Z6ZEhWekluMD9hcGktdmVyc2lvbj0yMDE5LTA4LTAx",
      "RequestMethod": "GET",
      "RequestBody": "",
      "RequestHeaders": {
        "User-Agent": [
          "FxVersion/4.6.28008.01",
          "OSName/Windows",
          "OSVersion/Microsoft.Windows.10.0.18363.",
          "Microsoft.Azure.Management.ResourceManager.Fluent.ResourceManagementClient/1.0.0.62",
          "MacAddressHash/f198b50d7e3ef6510679efb9e4c9a1474fd2bf18cf1d6a2182c79b00464dbadd"
        ]
      },
      "ResponseHeaders": {
        "Cache-Control": [
          "no-cache"
        ],
        "Pragma": [
          "no-cache"
        ],
        "Location": [
          "https://management.azure.com/subscriptions/ec0aa5f7-9e78-40c9-85cd-535c6305b380/operationresults/eyJqb2JJZCI6IlJFU09VUkNFR1JPVVBERUxFVElPTkpPQi1SRzBGQzU4NDE2LUVBU1RVUyIsImpvYkxvY2F0aW9uIjoiZWFzdHVzIn0?api-version=2019-08-01"
        ],
        "Retry-After": [
          "15"
        ],
        "x-ms-ratelimit-remaining-subscription-reads": [
          "11902"
        ],
        "x-ms-request-id": [
          "7a928a33-0b8a-4f87-a673-4f1f11c0e84a"
        ],
        "x-ms-correlation-request-id": [
          "7a928a33-0b8a-4f87-a673-4f1f11c0e84a"
        ],
        "x-ms-routing-request-id": [
          "SOUTHEASTASIA:20191216T111501Z:7a928a33-0b8a-4f87-a673-4f1f11c0e84a"
        ],
        "Strict-Transport-Security": [
          "max-age=31536000; includeSubDomains"
        ],
        "X-Content-Type-Options": [
          "nosniff"
        ],
        "Date": [
          "Mon, 16 Dec 2019 11:15:01 GMT"
        ],
        "Expires": [
          "-1"
        ],
        "Content-Length": [
          "0"
        ]
      },
      "ResponseBody": "",
      "StatusCode": 202
    },
    {
      "RequestUri": "/subscriptions/ec0aa5f7-9e78-40c9-85cd-535c6305b380/operationresults/eyJqb2JJZCI6IlJFU09VUkNFR1JPVVBERUxFVElPTkpPQi1SRzBGQzU4NDE2LUVBU1RVUyIsImpvYkxvY2F0aW9uIjoiZWFzdHVzIn0?api-version=2019-08-01",
      "EncodedRequestUri": "L3N1YnNjcmlwdGlvbnMvZWMwYWE1ZjctOWU3OC00MGM5LTg1Y2QtNTM1YzYzMDViMzgwL29wZXJhdGlvbnJlc3VsdHMvZXlKcWIySkpaQ0k2SWxKRlUwOVZVa05GUjFKUFZWQkVSVXhGVkVsUFRrcFBRaTFTUnpCR1F6VTROREUyTFVWQlUxUlZVeUlzSW1wdllreHZZMkYwYVc5dUlqb2laV0Z6ZEhWekluMD9hcGktdmVyc2lvbj0yMDE5LTA4LTAx",
      "RequestMethod": "GET",
      "RequestBody": "",
      "RequestHeaders": {
        "User-Agent": [
          "FxVersion/4.6.28008.01",
          "OSName/Windows",
          "OSVersion/Microsoft.Windows.10.0.18363.",
          "Microsoft.Azure.Management.ResourceManager.Fluent.ResourceManagementClient/1.0.0.62",
          "MacAddressHash/f198b50d7e3ef6510679efb9e4c9a1474fd2bf18cf1d6a2182c79b00464dbadd"
        ]
      },
      "ResponseHeaders": {
        "Cache-Control": [
          "no-cache"
        ],
        "Pragma": [
          "no-cache"
        ],
        "Location": [
          "https://management.azure.com/subscriptions/ec0aa5f7-9e78-40c9-85cd-535c6305b380/operationresults/eyJqb2JJZCI6IlJFU09VUkNFR1JPVVBERUxFVElPTkpPQi1SRzBGQzU4NDE2LUVBU1RVUyIsImpvYkxvY2F0aW9uIjoiZWFzdHVzIn0?api-version=2019-08-01"
        ],
        "Retry-After": [
          "15"
        ],
        "x-ms-ratelimit-remaining-subscription-reads": [
          "11901"
        ],
        "x-ms-request-id": [
          "547cff79-e0ff-4aa5-bfb9-1a76fd7d4fac"
        ],
        "x-ms-correlation-request-id": [
          "547cff79-e0ff-4aa5-bfb9-1a76fd7d4fac"
        ],
        "x-ms-routing-request-id": [
          "SOUTHEASTASIA:20191216T111516Z:547cff79-e0ff-4aa5-bfb9-1a76fd7d4fac"
        ],
        "Strict-Transport-Security": [
          "max-age=31536000; includeSubDomains"
        ],
        "X-Content-Type-Options": [
          "nosniff"
        ],
        "Date": [
          "Mon, 16 Dec 2019 11:15:16 GMT"
        ],
        "Expires": [
          "-1"
        ],
        "Content-Length": [
          "0"
        ]
      },
      "ResponseBody": "",
      "StatusCode": 202
    },
    {
      "RequestUri": "/subscriptions/ec0aa5f7-9e78-40c9-85cd-535c6305b380/operationresults/eyJqb2JJZCI6IlJFU09VUkNFR1JPVVBERUxFVElPTkpPQi1SRzBGQzU4NDE2LUVBU1RVUyIsImpvYkxvY2F0aW9uIjoiZWFzdHVzIn0?api-version=2019-08-01",
      "EncodedRequestUri": "L3N1YnNjcmlwdGlvbnMvZWMwYWE1ZjctOWU3OC00MGM5LTg1Y2QtNTM1YzYzMDViMzgwL29wZXJhdGlvbnJlc3VsdHMvZXlKcWIySkpaQ0k2SWxKRlUwOVZVa05GUjFKUFZWQkVSVXhGVkVsUFRrcFBRaTFTUnpCR1F6VTROREUyTFVWQlUxUlZVeUlzSW1wdllreHZZMkYwYVc5dUlqb2laV0Z6ZEhWekluMD9hcGktdmVyc2lvbj0yMDE5LTA4LTAx",
      "RequestMethod": "GET",
      "RequestBody": "",
      "RequestHeaders": {
        "User-Agent": [
          "FxVersion/4.6.28008.01",
          "OSName/Windows",
          "OSVersion/Microsoft.Windows.10.0.18363.",
          "Microsoft.Azure.Management.ResourceManager.Fluent.ResourceManagementClient/1.0.0.62",
          "MacAddressHash/f198b50d7e3ef6510679efb9e4c9a1474fd2bf18cf1d6a2182c79b00464dbadd"
        ]
      },
      "ResponseHeaders": {
        "Cache-Control": [
          "no-cache"
        ],
        "Pragma": [
          "no-cache"
        ],
        "Location": [
          "https://management.azure.com/subscriptions/ec0aa5f7-9e78-40c9-85cd-535c6305b380/operationresults/eyJqb2JJZCI6IlJFU09VUkNFR1JPVVBERUxFVElPTkpPQi1SRzBGQzU4NDE2LUVBU1RVUyIsImpvYkxvY2F0aW9uIjoiZWFzdHVzIn0?api-version=2019-08-01"
        ],
        "Retry-After": [
          "15"
        ],
        "x-ms-ratelimit-remaining-subscription-reads": [
          "11900"
        ],
        "x-ms-request-id": [
          "5edcd405-afe7-41e3-9547-4ed857a71bed"
        ],
        "x-ms-correlation-request-id": [
          "5edcd405-afe7-41e3-9547-4ed857a71bed"
        ],
        "x-ms-routing-request-id": [
          "SOUTHEASTASIA:20191216T111532Z:5edcd405-afe7-41e3-9547-4ed857a71bed"
        ],
        "Strict-Transport-Security": [
          "max-age=31536000; includeSubDomains"
        ],
        "X-Content-Type-Options": [
          "nosniff"
        ],
        "Date": [
          "Mon, 16 Dec 2019 11:15:31 GMT"
        ],
        "Expires": [
          "-1"
        ],
        "Content-Length": [
          "0"
        ]
      },
      "ResponseBody": "",
      "StatusCode": 202
    },
    {
      "RequestUri": "/subscriptions/ec0aa5f7-9e78-40c9-85cd-535c6305b380/operationresults/eyJqb2JJZCI6IlJFU09VUkNFR1JPVVBERUxFVElPTkpPQi1SRzBGQzU4NDE2LUVBU1RVUyIsImpvYkxvY2F0aW9uIjoiZWFzdHVzIn0?api-version=2019-08-01",
      "EncodedRequestUri": "L3N1YnNjcmlwdGlvbnMvZWMwYWE1ZjctOWU3OC00MGM5LTg1Y2QtNTM1YzYzMDViMzgwL29wZXJhdGlvbnJlc3VsdHMvZXlKcWIySkpaQ0k2SWxKRlUwOVZVa05GUjFKUFZWQkVSVXhGVkVsUFRrcFBRaTFTUnpCR1F6VTROREUyTFVWQlUxUlZVeUlzSW1wdllreHZZMkYwYVc5dUlqb2laV0Z6ZEhWekluMD9hcGktdmVyc2lvbj0yMDE5LTA4LTAx",
      "RequestMethod": "GET",
      "RequestBody": "",
      "RequestHeaders": {
        "User-Agent": [
          "FxVersion/4.6.28008.01",
          "OSName/Windows",
          "OSVersion/Microsoft.Windows.10.0.18363.",
          "Microsoft.Azure.Management.ResourceManager.Fluent.ResourceManagementClient/1.0.0.62",
          "MacAddressHash/f198b50d7e3ef6510679efb9e4c9a1474fd2bf18cf1d6a2182c79b00464dbadd"
        ]
      },
      "ResponseHeaders": {
        "Cache-Control": [
          "no-cache"
        ],
        "Pragma": [
          "no-cache"
        ],
        "x-ms-ratelimit-remaining-subscription-reads": [
          "11899"
        ],
        "x-ms-request-id": [
          "0d28cd05-8233-4cea-9f36-b9973b4e3bfd"
        ],
        "x-ms-correlation-request-id": [
          "0d28cd05-8233-4cea-9f36-b9973b4e3bfd"
        ],
        "x-ms-routing-request-id": [
          "SOUTHEASTASIA:20191216T111547Z:0d28cd05-8233-4cea-9f36-b9973b4e3bfd"
        ],
        "Strict-Transport-Security": [
          "max-age=31536000; includeSubDomains"
        ],
        "X-Content-Type-Options": [
          "nosniff"
        ],
        "Date": [
          "Mon, 16 Dec 2019 11:15:47 GMT"
        ],
        "Expires": [
          "-1"
        ],
        "Content-Length": [
          "0"
        ]
      },
      "ResponseBody": "",
      "StatusCode": 200
    },
    {
      "RequestUri": "/subscriptions/ec0aa5f7-9e78-40c9-85cd-535c6305b380/operationresults/eyJqb2JJZCI6IlJFU09VUkNFR1JPVVBERUxFVElPTkpPQi1SRzBGQzU4NDE2LUVBU1RVUyIsImpvYkxvY2F0aW9uIjoiZWFzdHVzIn0?api-version=2019-08-01",
      "EncodedRequestUri": "L3N1YnNjcmlwdGlvbnMvZWMwYWE1ZjctOWU3OC00MGM5LTg1Y2QtNTM1YzYzMDViMzgwL29wZXJhdGlvbnJlc3VsdHMvZXlKcWIySkpaQ0k2SWxKRlUwOVZVa05GUjFKUFZWQkVSVXhGVkVsUFRrcFBRaTFTUnpCR1F6VTROREUyTFVWQlUxUlZVeUlzSW1wdllreHZZMkYwYVc5dUlqb2laV0Z6ZEhWekluMD9hcGktdmVyc2lvbj0yMDE5LTA4LTAx",
      "RequestMethod": "GET",
      "RequestBody": "",
      "RequestHeaders": {
        "User-Agent": [
          "FxVersion/4.6.28008.01",
          "OSName/Windows",
          "OSVersion/Microsoft.Windows.10.0.18363.",
          "Microsoft.Azure.Management.ResourceManager.Fluent.ResourceManagementClient/1.0.0.62",
          "MacAddressHash/f198b50d7e3ef6510679efb9e4c9a1474fd2bf18cf1d6a2182c79b00464dbadd"
        ]
      },
      "ResponseHeaders": {
        "Cache-Control": [
          "no-cache"
        ],
        "Pragma": [
          "no-cache"
        ],
        "x-ms-ratelimit-remaining-subscription-reads": [
          "11898"
        ],
        "x-ms-request-id": [
          "c0649954-a055-44f2-8146-7b8d105840df"
        ],
        "x-ms-correlation-request-id": [
          "c0649954-a055-44f2-8146-7b8d105840df"
        ],
        "x-ms-routing-request-id": [
          "SOUTHEASTASIA:20191216T111548Z:c0649954-a055-44f2-8146-7b8d105840df"
        ],
        "Strict-Transport-Security": [
          "max-age=31536000; includeSubDomains"
        ],
        "X-Content-Type-Options": [
          "nosniff"
        ],
        "Date": [
          "Mon, 16 Dec 2019 11:15:47 GMT"
        ],
        "Expires": [
          "-1"
        ],
        "Content-Length": [
          "0"
        ]
      },
      "ResponseBody": "",
      "StatusCode": 200
    }
  ],
  "Names": {
    "CreateUpdate": [
      "0fc58416"
    ]
  },
  "Variables": {
    "ServicePrincipal": "f95af6c4-6bb0-46be-945d-307f2410f6ca",
    "AADTenant": "72f988bf-86f1-41af-91ab-2d7cd011db47",
    "SubscriptionId": "ec0aa5f7-9e78-40c9-85cd-535c6305b380"
  }
}