{
  "Entries": [
    {
      "RequestUri": "/subscriptions/0b1f6471-1bf0-4dda-aec3-cb9272f09590/resourcegroups/netsqlserver5413?api-version=2016-02-01",
      "EncodedRequestUri": "L3N1YnNjcmlwdGlvbnMvMGIxZjY0NzEtMWJmMC00ZGRhLWFlYzMtY2I5MjcyZjA5NTkwL3Jlc291cmNlZ3JvdXBzL25ldHNxbHNlcnZlcjU0MTM/YXBpLXZlcnNpb249MjAxNi0wMi0wMQ==",
      "RequestMethod": "PUT",
      "RequestBody": "{\r\n  \"location\": \"centralus\"\r\n}",
      "RequestHeaders": {
        "Content-Type": [
          "application/json; charset=utf-8"
        ],
        "Content-Length": [
          "31"
        ],
        "x-ms-client-request-id": [
          "afbcfe19-a01f-434b-a147-826ed48a78ec"
        ],
        "accept-language": [
          "en-US"
        ],
        "User-Agent": [
          "FxVersion/4.6.25211.01",
          "Microsoft.Azure.Management.ResourceManager.Fluent.ResourceManagementClient/1.4.1.0",
          "MacAddressHash/8aacf6245de346f347b0601b2da7a93ac9072c00fb7b723a469bc615c87f34d2"
        ]
      },
      "ResponseBody": "{\r\n  \"id\": \"/subscriptions/0b1f6471-1bf0-4dda-aec3-cb9272f09590/resourceGroups/netsqlserver5413\",\r\n  \"name\": \"netsqlserver5413\",\r\n  \"location\": \"centralus\",\r\n  \"properties\": {\r\n    \"provisioningState\": \"Succeeded\"\r\n  }\r\n}",
      "ResponseHeaders": {
        "Content-Length": [
          "188"
        ],
        "Content-Type": [
          "application/json; charset=utf-8"
        ],
        "Expires": [
          "-1"
        ],
        "Cache-Control": [
          "no-cache"
        ],
        "Date": [
          "Wed, 10 Jan 2018 00:32:05 GMT"
        ],
        "Pragma": [
          "no-cache"
        ],
        "x-ms-ratelimit-remaining-subscription-writes": [
          "1184"
        ],
        "x-ms-request-id": [
          "aef29cf4-279c-47ef-8176-cc51de2b6a1d"
        ],
        "x-ms-correlation-request-id": [
          "aef29cf4-279c-47ef-8176-cc51de2b6a1d"
        ],
        "x-ms-routing-request-id": [
          "WESTUS2:20180110T003205Z:aef29cf4-279c-47ef-8176-cc51de2b6a1d"
        ],
        "Strict-Transport-Security": [
          "max-age=31536000; includeSubDomains"
        ]
      },
      "StatusCode": 201
    },
    {
      "RequestUri": "/subscriptions/0b1f6471-1bf0-4dda-aec3-cb9272f09590/resourceGroups/netsqlserver5413/providers/Microsoft.Sql/servers/netsqlserver5413?api-version=2014-04-01",
      "EncodedRequestUri": "L3N1YnNjcmlwdGlvbnMvMGIxZjY0NzEtMWJmMC00ZGRhLWFlYzMtY2I5MjcyZjA5NTkwL3Jlc291cmNlR3JvdXBzL25ldHNxbHNlcnZlcjU0MTMvcHJvdmlkZXJzL01pY3Jvc29mdC5TcWwvc2VydmVycy9uZXRzcWxzZXJ2ZXI1NDEzP2FwaS12ZXJzaW9uPTIwMTQtMDQtMDE=",
      "RequestMethod": "PUT",
      "RequestBody": "{\r\n  \"properties\": {\r\n    \"version\": \"12.0\",\r\n    \"administratorLogin\": \"userName\",\r\n    \"administratorLoginPassword\": \"loepopfuejk~13@@\"\r\n  },\r\n  \"location\": \"centralus\",\r\n  \"tags\": {}\r\n}",
      "RequestHeaders": {
        "Content-Type": [
          "application/json; charset=utf-8"
        ],
        "Content-Length": [
          "188"
        ],
        "x-ms-client-request-id": [
          "8c5f771c-9b68-478f-9c8e-87988fff0b16"
        ],
        "accept-language": [
          "en-US"
        ],
        "User-Agent": [
          "FxVersion/4.6.25211.01",
          "Microsoft.Azure.Management.Sql.Fluent.SqlManagementClient/1.4.1.0",
          "MacAddressHash/8aacf6245de346f347b0601b2da7a93ac9072c00fb7b723a469bc615c87f34d2"
        ]
      },
      "ResponseBody": "{\r\n  \"tags\": {},\r\n  \"id\": \"/subscriptions/0b1f6471-1bf0-4dda-aec3-cb9272f09590/resourceGroups/netsqlserver5413/providers/Microsoft.Sql/servers/netsqlserver5413\",\r\n  \"name\": \"netsqlserver5413\",\r\n  \"type\": \"Microsoft.Sql/servers\",\r\n  \"location\": \"Central US\",\r\n  \"kind\": \"v12.0\",\r\n  \"properties\": {\r\n    \"fullyQualifiedDomainName\": \"netsqlserver5413.database.windows.net\",\r\n    \"administratorLogin\": \"userName\",\r\n    \"administratorLoginPassword\": \"loepopfuejk~13@@\",\r\n    \"externalAdministratorLogin\": null,\r\n    \"externalAdministratorSid\": null,\r\n    \"version\": \"12.0\",\r\n    \"state\": \"Ready\"\r\n  }\r\n}",
      "ResponseHeaders": {
        "Content-Length": [
          "508"
        ],
        "Content-Type": [
          "application/json; odata=minimalmetadata; streaming=true; charset=utf-8"
        ],
        "Cache-Control": [
          "no-store, no-cache"
        ],
        "Date": [
          "Wed, 10 Jan 2018 00:32:54 GMT"
        ],
        "Server": [
          "Microsoft-HTTPAPI/2.0"
        ],
        "x-ms-request-id": [
          "f1416f15-8c46-4a01-8714-7fdb3e6f734b"
        ],
        "X-Content-Type-Options": [
          "nosniff"
        ],
        "Preference-Applied": [
          "return-content"
        ],
        "DataServiceVersion": [
          "3.0;"
        ],
        "Strict-Transport-Security": [
          "max-age=31536000; includeSubDomains"
        ],
        "x-ms-ratelimit-remaining-subscription-writes": [
          "1183"
        ],
        "x-ms-correlation-request-id": [
          "c57d97d2-2a61-4dac-9684-65bdc7f0c83b"
        ],
        "x-ms-routing-request-id": [
          "WESTUS2:20180110T003255Z:c57d97d2-2a61-4dac-9684-65bdc7f0c83b"
        ]
      },
      "StatusCode": 201
    },
    {
      "RequestUri": "/subscriptions/0b1f6471-1bf0-4dda-aec3-cb9272f09590/resourceGroups/netsqlserver5413/providers/Microsoft.Sql/servers/netsqlserver5413?api-version=2014-04-01",
      "EncodedRequestUri": "L3N1YnNjcmlwdGlvbnMvMGIxZjY0NzEtMWJmMC00ZGRhLWFlYzMtY2I5MjcyZjA5NTkwL3Jlc291cmNlR3JvdXBzL25ldHNxbHNlcnZlcjU0MTMvcHJvdmlkZXJzL01pY3Jvc29mdC5TcWwvc2VydmVycy9uZXRzcWxzZXJ2ZXI1NDEzP2FwaS12ZXJzaW9uPTIwMTQtMDQtMDE=",
      "RequestMethod": "GET",
      "RequestBody": "",
      "RequestHeaders": {
        "x-ms-client-request-id": [
          "502aa152-4c93-47d3-b7c4-418d921fa735"
        ],
        "accept-language": [
          "en-US"
        ],
        "User-Agent": [
          "FxVersion/4.6.25211.01",
          "Microsoft.Azure.Management.Sql.Fluent.SqlManagementClient/1.4.1.0",
          "MacAddressHash/8aacf6245de346f347b0601b2da7a93ac9072c00fb7b723a469bc615c87f34d2"
        ]
      },
      "ResponseBody": "{\r\n  \"tags\": {},\r\n  \"id\": \"/subscriptions/0b1f6471-1bf0-4dda-aec3-cb9272f09590/resourceGroups/netsqlserver5413/providers/Microsoft.Sql/servers/netsqlserver5413\",\r\n  \"name\": \"netsqlserver5413\",\r\n  \"type\": \"Microsoft.Sql/servers\",\r\n  \"location\": \"Central US\",\r\n  \"kind\": \"v12.0\",\r\n  \"properties\": {\r\n    \"fullyQualifiedDomainName\": \"netsqlserver5413.database.windows.net\",\r\n    \"administratorLogin\": \"userName\",\r\n    \"administratorLoginPassword\": null,\r\n    \"externalAdministratorLogin\": null,\r\n    \"externalAdministratorSid\": null,\r\n    \"version\": \"12.0\",\r\n    \"state\": \"Ready\"\r\n  }\r\n}",
      "ResponseHeaders": {
        "Content-Type": [
          "application/json; odata=minimalmetadata; streaming=true; charset=utf-8"
        ],
        "Cache-Control": [
          "no-store, no-cache"
        ],
        "Date": [
          "Wed, 10 Jan 2018 00:32:54 GMT"
        ],
        "Transfer-Encoding": [
          "chunked"
        ],
        "Server": [
          "Microsoft-HTTPAPI/2.0"
        ],
        "Vary": [
          "Accept-Encoding"
        ],
        "x-ms-request-id": [
          "a2fc88ee-0183-40e0-b286-2f4569f99df2"
        ],
        "X-Content-Type-Options": [
          "nosniff"
        ],
        "DataServiceVersion": [
          "3.0;"
        ],
        "Strict-Transport-Security": [
          "max-age=31536000; includeSubDomains"
        ],
        "x-ms-ratelimit-remaining-subscription-reads": [
          "14964"
        ],
        "x-ms-correlation-request-id": [
          "b47363a3-2878-4e3e-9716-26fcc8e86a1d"
        ],
        "x-ms-routing-request-id": [
          "WESTUS2:20180110T003255Z:b47363a3-2878-4e3e-9716-26fcc8e86a1d"
        ]
      },
      "StatusCode": 200
    },
    {
      "RequestUri": "/subscriptions/0b1f6471-1bf0-4dda-aec3-cb9272f09590/resourceGroups/netsqlserver5413/providers/Microsoft.Sql/servers/netsqlserver5413?api-version=2014-04-01",
      "EncodedRequestUri": "L3N1YnNjcmlwdGlvbnMvMGIxZjY0NzEtMWJmMC00ZGRhLWFlYzMtY2I5MjcyZjA5NTkwL3Jlc291cmNlR3JvdXBzL25ldHNxbHNlcnZlcjU0MTMvcHJvdmlkZXJzL01pY3Jvc29mdC5TcWwvc2VydmVycy9uZXRzcWxzZXJ2ZXI1NDEzP2FwaS12ZXJzaW9uPTIwMTQtMDQtMDE=",
      "RequestMethod": "GET",
      "RequestBody": "",
      "RequestHeaders": {
        "x-ms-client-request-id": [
          "b1f50c50-aa2c-4bae-b67e-7a65970ef7f0"
        ],
        "accept-language": [
          "en-US"
        ],
        "User-Agent": [
          "FxVersion/4.6.25211.01",
          "Microsoft.Azure.Management.Sql.Fluent.SqlManagementClient/1.4.1.0",
          "MacAddressHash/8aacf6245de346f347b0601b2da7a93ac9072c00fb7b723a469bc615c87f34d2"
        ]
      },
      "ResponseBody": "{\r\n  \"error\": {\r\n    \"code\": \"ResourceNotFound\",\r\n    \"message\": \"The Resource 'Microsoft.Sql/servers/netsqlserver5413' under resource group 'netsqlserver5413' was not found.\"\r\n  }\r\n}",
      "ResponseHeaders": {
        "Content-Length": [
          "158"
        ],
        "Content-Type": [
          "application/json; charset=utf-8"
        ],
        "Expires": [
          "-1"
        ],
        "Cache-Control": [
          "no-cache"
        ],
        "Date": [
          "Wed, 10 Jan 2018 00:35:06 GMT"
        ],
        "Pragma": [
          "no-cache"
        ],
        "x-ms-failure-cause": [
          "gateway"
        ],
        "x-ms-request-id": [
          "3fc82b47-1647-4d38-9ef5-f7b4ecb563eb"
        ],
        "x-ms-correlation-request-id": [
          "3fc82b47-1647-4d38-9ef5-f7b4ecb563eb"
        ],
        "x-ms-routing-request-id": [
          "WESTUS2:20180110T003507Z:3fc82b47-1647-4d38-9ef5-f7b4ecb563eb"
        ],
        "Strict-Transport-Security": [
          "max-age=31536000; includeSubDomains"
        ]
      },
      "StatusCode": 404
    },
    {
      "RequestUri": "/subscriptions/0b1f6471-1bf0-4dda-aec3-cb9272f09590/resourceGroups/netsqlserver5413/providers/Microsoft.Sql/servers/netsqlserver5413/elasticPools/testElasticPool?api-version=2014-04-01",
      "EncodedRequestUri": "L3N1YnNjcmlwdGlvbnMvMGIxZjY0NzEtMWJmMC00ZGRhLWFlYzMtY2I5MjcyZjA5NTkwL3Jlc291cmNlR3JvdXBzL25ldHNxbHNlcnZlcjU0MTMvcHJvdmlkZXJzL01pY3Jvc29mdC5TcWwvc2VydmVycy9uZXRzcWxzZXJ2ZXI1NDEzL2VsYXN0aWNQb29scy90ZXN0RWxhc3RpY1Bvb2w/YXBpLXZlcnNpb249MjAxNC0wNC0wMQ==",
      "RequestMethod": "PUT",
      "RequestBody": "{\r\n  \"properties\": {\r\n    \"edition\": \"Standard\"\r\n  },\r\n  \"location\": \"centralus\",\r\n  \"tags\": {}\r\n}",
      "RequestHeaders": {
        "Content-Type": [
          "application/json; charset=utf-8"
        ],
        "Content-Length": [
          "98"
        ],
        "x-ms-client-request-id": [
          "56a77a4d-b93a-465a-be76-ff9da3dfaf47"
        ],
        "accept-language": [
          "en-US"
        ],
        "User-Agent": [
          "FxVersion/4.6.25211.01",
          "Microsoft.Azure.Management.Sql.Fluent.SqlManagementClient/1.4.1.0",
          "MacAddressHash/8aacf6245de346f347b0601b2da7a93ac9072c00fb7b723a469bc615c87f34d2"
        ]
      },
      "ResponseBody": "{\r\n  \"operation\": \"CREATE\",\r\n  \"startTime\": \"2018-01-10T00:32:55.562+00:00\"\r\n}",
      "ResponseHeaders": {
        "Content-Length": [
          "65"
        ],
        "Content-Type": [
          "application/json; odata=minimalmetadata; streaming=true; charset=utf-8"
        ],
        "Cache-Control": [
          "no-store, no-cache"
        ],
        "Date": [
          "Wed, 10 Jan 2018 00:32:55 GMT"
        ],
        "Location": [
          "https://management.azure.com/subscriptions/0b1f6471-1bf0-4dda-aec3-cb9272f09590/resourceGroups/netsqlserver5413/providers/Microsoft.Sql/servers/netsqlserver5413/elasticPools/testElasticPool/operationResults/b62a0a92-c2f0-428a-95ac-1837736a59a8?api-version=2014-04-01-Preview"
        ],
        "Retry-After": [
          "30"
        ],
        "Server": [
          "Microsoft-HTTPAPI/2.0"
        ],
        "x-ms-request-id": [
          "b62a0a92-c2f0-428a-95ac-1837736a59a8"
        ],
        "X-Content-Type-Options": [
          "nosniff"
        ],
        "Preference-Applied": [
          "return-content"
        ],
        "DataServiceVersion": [
          "3.0;"
        ],
        "Strict-Transport-Security": [
          "max-age=31536000; includeSubDomains"
        ],
        "x-ms-ratelimit-remaining-subscription-writes": [
          "1182"
        ],
        "x-ms-correlation-request-id": [
          "358a6a00-a4a3-4f12-90e5-f7bf2e5e3353"
        ],
        "x-ms-routing-request-id": [
          "WESTUS2:20180110T003255Z:358a6a00-a4a3-4f12-90e5-f7bf2e5e3353"
        ]
      },
      "StatusCode": 202
    },
    {
      "RequestUri": "/subscriptions/0b1f6471-1bf0-4dda-aec3-cb9272f09590/resourceGroups/netsqlserver5413/providers/Microsoft.Sql/servers/netsqlserver5413/elasticPools/testElasticPool?api-version=2014-04-01",
      "EncodedRequestUri": "L3N1YnNjcmlwdGlvbnMvMGIxZjY0NzEtMWJmMC00ZGRhLWFlYzMtY2I5MjcyZjA5NTkwL3Jlc291cmNlR3JvdXBzL25ldHNxbHNlcnZlcjU0MTMvcHJvdmlkZXJzL01pY3Jvc29mdC5TcWwvc2VydmVycy9uZXRzcWxzZXJ2ZXI1NDEzL2VsYXN0aWNQb29scy90ZXN0RWxhc3RpY1Bvb2w/YXBpLXZlcnNpb249MjAxNC0wNC0wMQ==",
      "RequestMethod": "PUT",
      "RequestBody": "{\r\n  \"properties\": {\r\n    \"edition\": \"Standard\",\r\n    \"dtu\": 100,\r\n    \"databaseDtuMax\": 20,\r\n    \"databaseDtuMin\": 10,\r\n    \"storageMB\": 102400\r\n  },\r\n  \"location\": \"Central US\",\r\n  \"tags\": {}\r\n}",
      "RequestHeaders": {
        "Content-Type": [
          "application/json; charset=utf-8"
        ],
        "Content-Length": [
          "196"
        ],
        "x-ms-client-request-id": [
          "5b7a4159-5266-4210-89c2-b7d23d2f4b92"
        ],
        "accept-language": [
          "en-US"
        ],
        "User-Agent": [
          "FxVersion/4.6.25211.01",
          "Microsoft.Azure.Management.Sql.Fluent.SqlManagementClient/1.4.1.0",
          "MacAddressHash/8aacf6245de346f347b0601b2da7a93ac9072c00fb7b723a469bc615c87f34d2"
        ]
      },
      "ResponseBody": "{\r\n  \"operation\": \"UPDATE\",\r\n  \"startTime\": \"2018-01-10T00:33:26.406+00:00\"\r\n}",
      "ResponseHeaders": {
        "Content-Length": [
          "65"
        ],
        "Content-Type": [
          "application/json; odata=minimalmetadata; streaming=true; charset=utf-8"
        ],
        "Cache-Control": [
          "no-store, no-cache"
        ],
        "Date": [
          "Wed, 10 Jan 2018 00:33:25 GMT"
        ],
        "Location": [
          "https://management.azure.com/subscriptions/0b1f6471-1bf0-4dda-aec3-cb9272f09590/resourceGroups/netsqlserver5413/providers/Microsoft.Sql/servers/netsqlserver5413/elasticPools/testElasticPool/operationResults/b6c0826e-62a4-4173-b605-ecb47482c3a8?api-version=2014-04-01-Preview"
        ],
        "Retry-After": [
          "30"
        ],
        "Server": [
          "Microsoft-HTTPAPI/2.0"
        ],
        "x-ms-request-id": [
          "b6c0826e-62a4-4173-b605-ecb47482c3a8"
        ],
        "X-Content-Type-Options": [
          "nosniff"
        ],
        "Preference-Applied": [
          "return-content"
        ],
        "DataServiceVersion": [
          "3.0;"
        ],
        "Strict-Transport-Security": [
          "max-age=31536000; includeSubDomains"
        ],
        "x-ms-ratelimit-remaining-subscription-writes": [
          "1181"
        ],
        "x-ms-correlation-request-id": [
          "5cfc2514-c40f-4a7a-a143-51560306b849"
        ],
        "x-ms-routing-request-id": [
          "WESTUS2:20180110T003326Z:5cfc2514-c40f-4a7a-a143-51560306b849"
        ]
      },
      "StatusCode": 202
    },
    {
      "RequestUri": "/subscriptions/0b1f6471-1bf0-4dda-aec3-cb9272f09590/resourceGroups/netsqlserver5413/providers/Microsoft.Sql/servers/netsqlserver5413/elasticPools/testElasticPool/operationResults/b62a0a92-c2f0-428a-95ac-1837736a59a8?api-version=2014-04-01-Preview",
      "EncodedRequestUri": "L3N1YnNjcmlwdGlvbnMvMGIxZjY0NzEtMWJmMC00ZGRhLWFlYzMtY2I5MjcyZjA5NTkwL3Jlc291cmNlR3JvdXBzL25ldHNxbHNlcnZlcjU0MTMvcHJvdmlkZXJzL01pY3Jvc29mdC5TcWwvc2VydmVycy9uZXRzcWxzZXJ2ZXI1NDEzL2VsYXN0aWNQb29scy90ZXN0RWxhc3RpY1Bvb2wvb3BlcmF0aW9uUmVzdWx0cy9iNjJhMGE5Mi1jMmYwLTQyOGEtOTVhYy0xODM3NzM2YTU5YTg/YXBpLXZlcnNpb249MjAxNC0wNC0wMS1QcmV2aWV3",
      "RequestMethod": "GET",
      "RequestBody": "",
      "RequestHeaders": {
        "User-Agent": [
          "FxVersion/4.6.25211.01",
          "Microsoft.Azure.Management.Sql.Fluent.SqlManagementClient/1.4.1.0",
          "MacAddressHash/8aacf6245de346f347b0601b2da7a93ac9072c00fb7b723a469bc615c87f34d2"
        ]
      },
      "ResponseBody": "{\r\n  \"tags\": {},\r\n  \"id\": \"/subscriptions/0b1f6471-1bf0-4dda-aec3-cb9272f09590/resourceGroups/netsqlserver5413/providers/Microsoft.Sql/servers/netsqlserver5413/elasticPools/testElasticPool\",\r\n  \"name\": \"testElasticPool\",\r\n  \"type\": \"Microsoft.Sql/servers/elasticPools\",\r\n  \"location\": \"Central US\",\r\n  \"kind\": null,\r\n  \"properties\": {\r\n    \"creationDate\": \"2018-01-10T00:32:55.72Z\",\r\n    \"edition\": \"Standard\",\r\n    \"state\": \"Ready\",\r\n    \"dtu\": 100,\r\n    \"databaseDtuMin\": 0,\r\n    \"databaseDtuMax\": 100,\r\n    \"storageMB\": 102400,\r\n    \"zoneRedundant\": null\r\n  }\r\n}",
      "ResponseHeaders": {
        "Content-Length": [
          "468"
        ],
        "Content-Type": [
          "application/json; odata=minimalmetadata; streaming=true; charset=utf-8"
        ],
        "Cache-Control": [
          "no-store, no-cache"
        ],
        "Date": [
          "Wed, 10 Jan 2018 00:33:25 GMT"
        ],
        "Server": [
          "Microsoft-HTTPAPI/2.0"
        ],
        "x-ms-request-id": [
          "bff19289-273d-4abb-913d-c6c6d0f3067d"
        ],
        "X-Content-Type-Options": [
          "nosniff"
        ],
        "DataServiceVersion": [
          "3.0;"
        ],
        "Strict-Transport-Security": [
          "max-age=31536000; includeSubDomains"
        ],
        "x-ms-ratelimit-remaining-subscription-reads": [
          "14963"
        ],
        "x-ms-correlation-request-id": [
          "b97b50c1-98c0-4814-976d-d4455d45d03e"
        ],
        "x-ms-routing-request-id": [
          "WESTUS2:20180110T003326Z:b97b50c1-98c0-4814-976d-d4455d45d03e"
        ]
      },
      "StatusCode": 201
    },
    {
      "RequestUri": "/subscriptions/0b1f6471-1bf0-4dda-aec3-cb9272f09590/resourceGroups/netsqlserver5413/providers/Microsoft.Sql/servers/netsqlserver5413/elasticPools/testElasticPool/databases?api-version=2014-04-01",
      "EncodedRequestUri": "L3N1YnNjcmlwdGlvbnMvMGIxZjY0NzEtMWJmMC00ZGRhLWFlYzMtY2I5MjcyZjA5NTkwL3Jlc291cmNlR3JvdXBzL25ldHNxbHNlcnZlcjU0MTMvcHJvdmlkZXJzL01pY3Jvc29mdC5TcWwvc2VydmVycy9uZXRzcWxzZXJ2ZXI1NDEzL2VsYXN0aWNQb29scy90ZXN0RWxhc3RpY1Bvb2wvZGF0YWJhc2VzP2FwaS12ZXJzaW9uPTIwMTQtMDQtMDE=",
      "RequestMethod": "GET",
      "RequestBody": "",
      "RequestHeaders": {
        "x-ms-client-request-id": [
          "4ef0e062-f2dd-4111-962c-aa4940a52413"
        ],
        "accept-language": [
          "en-US"
        ],
        "User-Agent": [
          "FxVersion/4.6.25211.01",
          "Microsoft.Azure.Management.Sql.Fluent.SqlManagementClient/1.4.1.0",
          "MacAddressHash/8aacf6245de346f347b0601b2da7a93ac9072c00fb7b723a469bc615c87f34d2"
        ]
      },
      "ResponseBody": "{\r\n  \"value\": []\r\n}",
      "ResponseHeaders": {
        "Content-Type": [
          "application/json; odata=minimalmetadata; streaming=true; charset=utf-8"
        ],
        "Cache-Control": [
          "no-store, no-cache"
        ],
        "Date": [
          "Wed, 10 Jan 2018 00:33:25 GMT"
        ],
        "Transfer-Encoding": [
          "chunked"
        ],
        "Server": [
          "Microsoft-HTTPAPI/2.0"
        ],
        "Vary": [
          "Accept-Encoding"
        ],
        "x-ms-request-id": [
          "bdd1fe55-37f9-4974-8643-6cefd6834d71"
        ],
        "X-Content-Type-Options": [
          "nosniff"
        ],
        "DataServiceVersion": [
          "3.0;"
        ],
        "Strict-Transport-Security": [
          "max-age=31536000; includeSubDomains"
        ],
        "x-ms-ratelimit-remaining-subscription-reads": [
          "14962"
        ],
        "x-ms-correlation-request-id": [
          "822212e4-278f-41fa-b711-e4962ad066c2"
        ],
        "x-ms-routing-request-id": [
          "WESTUS2:20180110T003326Z:822212e4-278f-41fa-b711-e4962ad066c2"
        ]
      },
      "StatusCode": 200
    },
    {
      "RequestUri": "/subscriptions/0b1f6471-1bf0-4dda-aec3-cb9272f09590/resourceGroups/netsqlserver5413/providers/Microsoft.Sql/servers/netsqlserver5413/elasticPools/testElasticPool/databases?api-version=2014-04-01",
      "EncodedRequestUri": "L3N1YnNjcmlwdGlvbnMvMGIxZjY0NzEtMWJmMC00ZGRhLWFlYzMtY2I5MjcyZjA5NTkwL3Jlc291cmNlR3JvdXBzL25ldHNxbHNlcnZlcjU0MTMvcHJvdmlkZXJzL01pY3Jvc29mdC5TcWwvc2VydmVycy9uZXRzcWxzZXJ2ZXI1NDEzL2VsYXN0aWNQb29scy90ZXN0RWxhc3RpY1Bvb2wvZGF0YWJhc2VzP2FwaS12ZXJzaW9uPTIwMTQtMDQtMDE=",
      "RequestMethod": "GET",
      "RequestBody": "",
      "RequestHeaders": {
        "x-ms-client-request-id": [
          "61edea1d-38f3-4d83-97c4-68f02e272878"
        ],
        "accept-language": [
          "en-US"
        ],
        "User-Agent": [
          "FxVersion/4.6.25211.01",
          "Microsoft.Azure.Management.Sql.Fluent.SqlManagementClient/1.4.1.0",
          "MacAddressHash/8aacf6245de346f347b0601b2da7a93ac9072c00fb7b723a469bc615c87f34d2"
        ]
      },
      "ResponseBody": "{\r\n  \"value\": [\r\n    {\r\n      \"id\": \"/subscriptions/0b1f6471-1bf0-4dda-aec3-cb9272f09590/resourceGroups/netsqlserver5413/providers/Microsoft.Sql/servers/netsqlserver5413/databases/myTestDatabase2\",\r\n      \"name\": \"myTestDatabase2\",\r\n      \"type\": \"Microsoft.Sql/servers/databases\",\r\n      \"location\": \"Central US\",\r\n      \"kind\": \"v12.0,user\",\r\n      \"properties\": {\r\n        \"databaseId\": \"1f2ab02a-2f4b-405e-bace-0be57559ffa0\",\r\n        \"edition\": \"Standard\",\r\n        \"status\": \"Online\",\r\n        \"serviceLevelObjective\": \"ElasticPool\",\r\n        \"collation\": \"SQL_Latin1_General_CP1_CI_AS\",\r\n        \"maxSizeBytes\": \"268435456000\",\r\n        \"creationDate\": \"2018-01-10T00:33:58.36Z\",\r\n        \"currentServiceObjectiveId\": \"d1737d22-a8ea-4de7-9bd0-33395d2a7419\",\r\n        \"requestedServiceObjectiveId\": \"d1737d22-a8ea-4de7-9bd0-33395d2a7419\",\r\n        \"requestedServiceObjectiveName\": \"ElasticPool\",\r\n        \"createMode\": null,\r\n        \"sampleName\": null,\r\n        \"sourceDatabaseId\": null,\r\n        \"defaultSecondaryLocation\": \"East US 2\",\r\n        \"earliestRestoreDate\": \"2018-01-10T01:04:19.017Z\",\r\n        \"restorePointInTime\": null,\r\n        \"sourceDatabaseDeletionDate\": null,\r\n        \"blobUriAndSasKey\": null,\r\n        \"recoveryServicesRecoveryPointResourceId\": null,\r\n        \"elasticPoolName\": \"testElasticPool\",\r\n        \"containmentState\": 2,\r\n        \"readScale\": \"Disabled\",\r\n        \"failoverGroupId\": null,\r\n        \"zoneRedundant\": false,\r\n        \"isUpgradeRequested\": false\r\n      }\r\n    }\r\n  ]\r\n}",
      "ResponseHeaders": {
        "Content-Type": [
          "application/json; odata=minimalmetadata; streaming=true; charset=utf-8"
        ],
        "Cache-Control": [
          "no-store, no-cache"
        ],
        "Date": [
          "Wed, 10 Jan 2018 00:34:28 GMT"
        ],
        "Transfer-Encoding": [
          "chunked"
        ],
        "Server": [
          "Microsoft-HTTPAPI/2.0"
        ],
        "Vary": [
          "Accept-Encoding"
        ],
        "x-ms-request-id": [
          "2a5f576e-0378-405a-b1ce-2fdcb76ec234"
        ],
        "X-Content-Type-Options": [
          "nosniff"
        ],
        "DataServiceVersion": [
          "3.0;"
        ],
        "Strict-Transport-Security": [
          "max-age=31536000; includeSubDomains"
        ],
        "x-ms-ratelimit-remaining-subscription-reads": [
          "14958"
        ],
        "x-ms-correlation-request-id": [
          "18e36cf2-7810-4e4f-908d-7965d061783f"
        ],
        "x-ms-routing-request-id": [
          "WESTUS2:20180110T003429Z:18e36cf2-7810-4e4f-908d-7965d061783f"
        ]
      },
      "StatusCode": 200
    },
    {
      "RequestUri": "/subscriptions/0b1f6471-1bf0-4dda-aec3-cb9272f09590/resourceGroups/netsqlserver5413/providers/Microsoft.Sql/servers/netsqlserver5413/elasticPools/testElasticPool/operationResults/b6c0826e-62a4-4173-b605-ecb47482c3a8?api-version=2014-04-01-Preview",
      "EncodedRequestUri": "L3N1YnNjcmlwdGlvbnMvMGIxZjY0NzEtMWJmMC00ZGRhLWFlYzMtY2I5MjcyZjA5NTkwL3Jlc291cmNlR3JvdXBzL25ldHNxbHNlcnZlcjU0MTMvcHJvdmlkZXJzL01pY3Jvc29mdC5TcWwvc2VydmVycy9uZXRzcWxzZXJ2ZXI1NDEzL2VsYXN0aWNQb29scy90ZXN0RWxhc3RpY1Bvb2wvb3BlcmF0aW9uUmVzdWx0cy9iNmMwODI2ZS02MmE0LTQxNzMtYjYwNS1lY2I0NzQ4MmMzYTg/YXBpLXZlcnNpb249MjAxNC0wNC0wMS1QcmV2aWV3",
      "RequestMethod": "GET",
      "RequestBody": "",
      "RequestHeaders": {
        "User-Agent": [
          "FxVersion/4.6.25211.01",
          "Microsoft.Azure.Management.Sql.Fluent.SqlManagementClient/1.4.1.0",
          "MacAddressHash/8aacf6245de346f347b0601b2da7a93ac9072c00fb7b723a469bc615c87f34d2"
        ]
      },
      "ResponseBody": "{\r\n  \"tags\": {},\r\n  \"id\": \"/subscriptions/0b1f6471-1bf0-4dda-aec3-cb9272f09590/resourceGroups/netsqlserver5413/providers/Microsoft.Sql/servers/netsqlserver5413/elasticPools/testElasticPool\",\r\n  \"name\": \"testElasticPool\",\r\n  \"type\": \"Microsoft.Sql/servers/elasticPools\",\r\n  \"location\": \"Central US\",\r\n  \"kind\": null,\r\n  \"properties\": {\r\n    \"creationDate\": \"2018-01-10T00:32:55.72Z\",\r\n    \"edition\": \"Standard\",\r\n    \"state\": \"Ready\",\r\n    \"dtu\": 100,\r\n    \"databaseDtuMin\": 10,\r\n    \"databaseDtuMax\": 20,\r\n    \"storageMB\": 102400,\r\n    \"zoneRedundant\": null\r\n  }\r\n}",
      "ResponseHeaders": {
        "Content-Type": [
          "application/json; odata=minimalmetadata; streaming=true; charset=utf-8"
        ],
        "Cache-Control": [
          "no-store, no-cache"
        ],
        "Date": [
          "Wed, 10 Jan 2018 00:33:56 GMT"
        ],
        "Transfer-Encoding": [
          "chunked"
        ],
        "Server": [
          "Microsoft-HTTPAPI/2.0"
        ],
        "Vary": [
          "Accept-Encoding"
        ],
        "x-ms-request-id": [
          "c470a0ae-85c8-42e3-9f2f-bd010b79598e"
        ],
        "X-Content-Type-Options": [
          "nosniff"
        ],
        "DataServiceVersion": [
          "3.0;"
        ],
        "Strict-Transport-Security": [
          "max-age=31536000; includeSubDomains"
        ],
        "x-ms-ratelimit-remaining-subscription-reads": [
          "14961"
        ],
        "x-ms-correlation-request-id": [
          "a5c87751-e604-458a-97c6-93da948c1247"
        ],
        "x-ms-routing-request-id": [
          "WESTUS2:20180110T003356Z:a5c87751-e604-458a-97c6-93da948c1247"
        ]
      },
      "StatusCode": 200
    },
    {
      "RequestUri": "/subscriptions/0b1f6471-1bf0-4dda-aec3-cb9272f09590/resourceGroups/netsqlserver5413/providers/Microsoft.Sql/servers/netsqlserver5413/databases/myTestDatabase2?api-version=2014-04-01",
      "EncodedRequestUri": "L3N1YnNjcmlwdGlvbnMvMGIxZjY0NzEtMWJmMC00ZGRhLWFlYzMtY2I5MjcyZjA5NTkwL3Jlc291cmNlR3JvdXBzL25ldHNxbHNlcnZlcjU0MTMvcHJvdmlkZXJzL01pY3Jvc29mdC5TcWwvc2VydmVycy9uZXRzcWxzZXJ2ZXI1NDEzL2RhdGFiYXNlcy9teVRlc3REYXRhYmFzZTI/YXBpLXZlcnNpb249MjAxNC0wNC0wMQ==",
      "RequestMethod": "PUT",
      "RequestBody": "{\r\n  \"properties\": {\r\n    \"edition\": \"\",\r\n    \"requestedServiceObjectiveName\": \"\",\r\n    \"elasticPoolName\": \"testElasticPool\"\r\n  },\r\n  \"location\": \"centralus\",\r\n  \"tags\": {}\r\n}",
      "RequestHeaders": {
        "Content-Type": [
          "application/json; charset=utf-8"
        ],
        "Content-Length": [
          "175"
        ],
        "x-ms-client-request-id": [
          "830435b1-f5d9-4231-bf3b-42e794c94983"
        ],
        "accept-language": [
          "en-US"
        ],
        "User-Agent": [
          "FxVersion/4.6.25211.01",
          "Microsoft.Azure.Management.Sql.Fluent.SqlManagementClient/1.4.1.0",
          "MacAddressHash/8aacf6245de346f347b0601b2da7a93ac9072c00fb7b723a469bc615c87f34d2"
        ]
      },
      "ResponseBody": "{\r\n  \"operation\": \"CreateLogicalDatabase\",\r\n  \"startTime\": \"2018-01-10T00:33:58.11+00:00\"\r\n}",
      "ResponseHeaders": {
        "Content-Length": [
          "80"
        ],
        "Content-Type": [
          "application/json; odata=minimalmetadata; streaming=true; charset=utf-8"
        ],
        "Cache-Control": [
          "no-store, no-cache"
        ],
        "Date": [
          "Wed, 10 Jan 2018 00:33:58 GMT"
        ],
        "Location": [
          "https://management.azure.com/subscriptions/0b1f6471-1bf0-4dda-aec3-cb9272f09590/resourceGroups/netsqlserver5413/providers/Microsoft.Sql/servers/netsqlserver5413/databases/myTestDatabase2/operationResults/edd91f7c-b55c-4c1c-b4c8-5caaef9b2227?api-version=2014-04-01-Preview"
        ],
        "Retry-After": [
          "30"
        ],
        "Server": [
          "Microsoft-HTTPAPI/2.0"
        ],
        "x-ms-request-id": [
          "edd91f7c-b55c-4c1c-b4c8-5caaef9b2227"
        ],
        "X-Content-Type-Options": [
          "nosniff"
        ],
        "Preference-Applied": [
          "return-content"
        ],
        "DataServiceVersion": [
          "3.0;"
        ],
        "Strict-Transport-Security": [
          "max-age=31536000; includeSubDomains"
        ],
        "Azure-AsyncOperation": [
          "https://management.azure.com/subscriptions/0b1f6471-1bf0-4dda-aec3-cb9272f09590/resourceGroups/netsqlserver5413/providers/Microsoft.Sql/servers/netsqlserver5413/databases/myTestDatabase2/azureAsyncOperation/edd91f7c-b55c-4c1c-b4c8-5caaef9b2227?api-version=2014-04-01-Preview"
        ],
        "x-ms-ratelimit-remaining-subscription-writes": [
          "1180"
        ],
        "x-ms-correlation-request-id": [
          "3526aa90-be0a-4201-9329-099e12344d65"
        ],
        "x-ms-routing-request-id": [
          "WESTUS2:20180110T003358Z:3526aa90-be0a-4201-9329-099e12344d65"
        ]
      },
      "StatusCode": 202
    },
    {
      "RequestUri": "/subscriptions/0b1f6471-1bf0-4dda-aec3-cb9272f09590/resourceGroups/netsqlserver5413/providers/Microsoft.Sql/servers/netsqlserver5413/databases/myTestDatabase2/azureAsyncOperation/edd91f7c-b55c-4c1c-b4c8-5caaef9b2227?api-version=2014-04-01-Preview",
      "EncodedRequestUri": "L3N1YnNjcmlwdGlvbnMvMGIxZjY0NzEtMWJmMC00ZGRhLWFlYzMtY2I5MjcyZjA5NTkwL3Jlc291cmNlR3JvdXBzL25ldHNxbHNlcnZlcjU0MTMvcHJvdmlkZXJzL01pY3Jvc29mdC5TcWwvc2VydmVycy9uZXRzcWxzZXJ2ZXI1NDEzL2RhdGFiYXNlcy9teVRlc3REYXRhYmFzZTIvYXp1cmVBc3luY09wZXJhdGlvbi9lZGQ5MWY3Yy1iNTVjLTRjMWMtYjRjOC01Y2FhZWY5YjIyMjc/YXBpLXZlcnNpb249MjAxNC0wNC0wMS1QcmV2aWV3",
      "RequestMethod": "GET",
      "RequestBody": "",
      "RequestHeaders": {
        "User-Agent": [
          "FxVersion/4.6.25211.01",
          "Microsoft.Azure.Management.Sql.Fluent.SqlManagementClient/1.4.1.0",
          "MacAddressHash/8aacf6245de346f347b0601b2da7a93ac9072c00fb7b723a469bc615c87f34d2"
        ]
      },
      "ResponseBody": "{\r\n  \"operationId\": \"edd91f7c-b55c-4c1c-b4c8-5caaef9b2227\",\r\n  \"status\": \"Succeeded\",\r\n  \"error\": null\r\n}",
      "ResponseHeaders": {
        "Content-Type": [
          "application/json; odata=minimalmetadata; streaming=true; charset=utf-8"
        ],
        "Cache-Control": [
          "no-store, no-cache"
        ],
        "Date": [
          "Wed, 10 Jan 2018 00:34:28 GMT"
        ],
        "Transfer-Encoding": [
          "chunked"
        ],
        "Server": [
          "Microsoft-HTTPAPI/2.0"
        ],
        "Vary": [
          "Accept-Encoding"
        ],
        "x-ms-request-id": [
          "c6993b8f-1973-403d-aaed-1a8396759c84"
        ],
        "X-Content-Type-Options": [
          "nosniff"
        ],
        "DataServiceVersion": [
          "3.0;"
        ],
        "Strict-Transport-Security": [
          "max-age=31536000; includeSubDomains"
        ],
        "Azure-AsyncOperation": [
          "https://management.azure.com/subscriptions/0b1f6471-1bf0-4dda-aec3-cb9272f09590/resourceGroups/netsqlserver5413/providers/Microsoft.Sql/servers/netsqlserver5413/databases/myTestDatabase2/azureAsyncOperation/edd91f7c-b55c-4c1c-b4c8-5caaef9b2227?api-version=2014-04-01-Preview"
        ],
        "x-ms-ratelimit-remaining-subscription-reads": [
          "14960"
        ],
        "x-ms-correlation-request-id": [
          "8a1bceac-66b2-4f88-a469-6272cd72dc09"
        ],
        "x-ms-routing-request-id": [
          "WESTUS2:20180110T003428Z:8a1bceac-66b2-4f88-a469-6272cd72dc09"
        ]
      },
      "StatusCode": 200
    },
    {
      "RequestUri": "/subscriptions/0b1f6471-1bf0-4dda-aec3-cb9272f09590/resourceGroups/netsqlserver5413/providers/Microsoft.Sql/servers/netsqlserver5413/databases/myTestDatabase2?api-version=2014-04-01",
      "EncodedRequestUri": "L3N1YnNjcmlwdGlvbnMvMGIxZjY0NzEtMWJmMC00ZGRhLWFlYzMtY2I5MjcyZjA5NTkwL3Jlc291cmNlR3JvdXBzL25ldHNxbHNlcnZlcjU0MTMvcHJvdmlkZXJzL01pY3Jvc29mdC5TcWwvc2VydmVycy9uZXRzcWxzZXJ2ZXI1NDEzL2RhdGFiYXNlcy9teVRlc3REYXRhYmFzZTI/YXBpLXZlcnNpb249MjAxNC0wNC0wMQ==",
      "RequestMethod": "GET",
      "RequestBody": "",
      "RequestHeaders": {
        "User-Agent": [
          "FxVersion/4.6.25211.01",
          "Microsoft.Azure.Management.Sql.Fluent.SqlManagementClient/1.4.1.0",
          "MacAddressHash/8aacf6245de346f347b0601b2da7a93ac9072c00fb7b723a469bc615c87f34d2"
        ]
      },
      "ResponseBody": "{\r\n  \"tags\": {},\r\n  \"id\": \"/subscriptions/0b1f6471-1bf0-4dda-aec3-cb9272f09590/resourceGroups/netsqlserver5413/providers/Microsoft.Sql/servers/netsqlserver5413/databases/myTestDatabase2\",\r\n  \"name\": \"myTestDatabase2\",\r\n  \"type\": \"Microsoft.Sql/servers/databases\",\r\n  \"location\": \"Central US\",\r\n  \"kind\": \"v12.0,user\",\r\n  \"properties\": {\r\n    \"databaseId\": \"1f2ab02a-2f4b-405e-bace-0be57559ffa0\",\r\n    \"edition\": \"Standard\",\r\n    \"status\": \"Online\",\r\n    \"serviceLevelObjective\": \"ElasticPool\",\r\n    \"collation\": \"SQL_Latin1_General_CP1_CI_AS\",\r\n    \"maxSizeBytes\": \"268435456000\",\r\n    \"creationDate\": \"2018-01-10T00:33:58.36Z\",\r\n    \"currentServiceObjectiveId\": \"d1737d22-a8ea-4de7-9bd0-33395d2a7419\",\r\n    \"requestedServiceObjectiveId\": \"d1737d22-a8ea-4de7-9bd0-33395d2a7419\",\r\n    \"requestedServiceObjectiveName\": \"ElasticPool\",\r\n    \"sampleName\": null,\r\n    \"defaultSecondaryLocation\": \"East US 2\",\r\n    \"earliestRestoreDate\": \"2018-01-10T01:04:19.017Z\",\r\n    \"elasticPoolName\": \"testElasticPool\",\r\n    \"containmentState\": 2,\r\n    \"readScale\": \"Disabled\",\r\n    \"failoverGroupId\": null,\r\n    \"zoneRedundant\": false,\r\n    \"isUpgradeRequested\": false\r\n  }\r\n}",
      "ResponseHeaders": {
        "Content-Type": [
          "application/json; odata=minimalmetadata; streaming=true; charset=utf-8"
        ],
        "Cache-Control": [
          "no-store, no-cache"
        ],
        "Date": [
          "Wed, 10 Jan 2018 00:34:28 GMT"
        ],
        "Transfer-Encoding": [
          "chunked"
        ],
        "Server": [
          "Microsoft-HTTPAPI/2.0"
        ],
        "Vary": [
          "Accept-Encoding"
        ],
        "x-ms-request-id": [
          "f4fcf4b6-f944-4c9c-b29b-da35fd072b1b"
        ],
        "X-Content-Type-Options": [
          "nosniff"
        ],
        "DataServiceVersion": [
          "3.0;"
        ],
        "Strict-Transport-Security": [
          "max-age=31536000; includeSubDomains"
        ],
        "x-ms-ratelimit-remaining-subscription-reads": [
          "14959"
        ],
        "x-ms-correlation-request-id": [
          "d8c13aa0-3623-4360-baa8-211769dbfae1"
        ],
        "x-ms-routing-request-id": [
          "WESTUS2:20180110T003428Z:d8c13aa0-3623-4360-baa8-211769dbfae1"
        ]
      },
      "StatusCode": 200
    },
    {
      "RequestUri": "/subscriptions/0b1f6471-1bf0-4dda-aec3-cb9272f09590/resourceGroups/netsqlserver5413/providers/Microsoft.Sql/servers/netsqlserver5413/elasticPools/testElasticPool?api-version=2014-04-01",
      "EncodedRequestUri": "L3N1YnNjcmlwdGlvbnMvMGIxZjY0NzEtMWJmMC00ZGRhLWFlYzMtY2I5MjcyZjA5NTkwL3Jlc291cmNlR3JvdXBzL25ldHNxbHNlcnZlcjU0MTMvcHJvdmlkZXJzL01pY3Jvc29mdC5TcWwvc2VydmVycy9uZXRzcWxzZXJ2ZXI1NDEzL2VsYXN0aWNQb29scy90ZXN0RWxhc3RpY1Bvb2w/YXBpLXZlcnNpb249MjAxNC0wNC0wMQ==",
      "RequestMethod": "GET",
      "RequestBody": "",
      "RequestHeaders": {
        "x-ms-client-request-id": [
          "6826c2d2-d09b-4c15-814f-ff315a5b2643"
        ],
        "accept-language": [
          "en-US"
        ],
        "User-Agent": [
          "FxVersion/4.6.25211.01",
          "Microsoft.Azure.Management.Sql.Fluent.SqlManagementClient/1.4.1.0",
          "MacAddressHash/8aacf6245de346f347b0601b2da7a93ac9072c00fb7b723a469bc615c87f34d2"
        ]
      },
      "ResponseBody": "{\r\n  \"tags\": {},\r\n  \"id\": \"/subscriptions/0b1f6471-1bf0-4dda-aec3-cb9272f09590/resourceGroups/netsqlserver5413/providers/Microsoft.Sql/servers/netsqlserver5413/elasticPools/testElasticPool\",\r\n  \"name\": \"testElasticPool\",\r\n  \"type\": \"Microsoft.Sql/servers/elasticPools\",\r\n  \"location\": \"Central US\",\r\n  \"kind\": null,\r\n  \"properties\": {\r\n    \"creationDate\": \"2018-01-10T00:32:55.72Z\",\r\n    \"edition\": \"Standard\",\r\n    \"state\": \"Ready\",\r\n    \"dtu\": 100,\r\n    \"databaseDtuMin\": 10,\r\n    \"databaseDtuMax\": 20,\r\n    \"storageMB\": 102400,\r\n    \"zoneRedundant\": false\r\n  }\r\n}",
      "ResponseHeaders": {
        "Content-Type": [
          "application/json; odata=minimalmetadata; streaming=true; charset=utf-8"
        ],
        "Cache-Control": [
          "no-store, no-cache"
        ],
        "Date": [
          "Wed, 10 Jan 2018 00:34:28 GMT"
        ],
        "Transfer-Encoding": [
          "chunked"
        ],
        "Server": [
          "Microsoft-HTTPAPI/2.0"
        ],
        "Vary": [
          "Accept-Encoding"
        ],
        "x-ms-request-id": [
          "cb1b4a6d-2310-44aa-b063-c3bf60e6267c"
        ],
        "X-Content-Type-Options": [
          "nosniff"
        ],
        "DataServiceVersion": [
          "3.0;"
        ],
        "Strict-Transport-Security": [
          "max-age=31536000; includeSubDomains"
        ],
        "x-ms-ratelimit-remaining-subscription-reads": [
          "14957"
        ],
        "x-ms-correlation-request-id": [
          "ec1c9446-b5c4-4430-b784-30ad058cf900"
        ],
        "x-ms-routing-request-id": [
          "WESTUS2:20180110T003429Z:ec1c9446-b5c4-4430-b784-30ad058cf900"
        ]
      },
      "StatusCode": 200
    },
    {
      "RequestUri": "/subscriptions/0b1f6471-1bf0-4dda-aec3-cb9272f09590/resourceGroups/netsqlserver5413/providers/Microsoft.Sql/servers/netsqlserver5413/elasticPools/testElasticPool?api-version=2014-04-01",
      "EncodedRequestUri": "L3N1YnNjcmlwdGlvbnMvMGIxZjY0NzEtMWJmMC00ZGRhLWFlYzMtY2I5MjcyZjA5NTkwL3Jlc291cmNlR3JvdXBzL25ldHNxbHNlcnZlcjU0MTMvcHJvdmlkZXJzL01pY3Jvc29mdC5TcWwvc2VydmVycy9uZXRzcWxzZXJ2ZXI1NDEzL2VsYXN0aWNQb29scy90ZXN0RWxhc3RpY1Bvb2w/YXBpLXZlcnNpb249MjAxNC0wNC0wMQ==",
      "RequestMethod": "GET",
      "RequestBody": "",
      "RequestHeaders": {
        "x-ms-client-request-id": [
          "b1c86475-7090-4b75-bc6b-c31b4ca2500e"
        ],
        "accept-language": [
          "en-US"
        ],
        "User-Agent": [
          "FxVersion/4.6.25211.01",
          "Microsoft.Azure.Management.Sql.Fluent.SqlManagementClient/1.4.1.0",
          "MacAddressHash/8aacf6245de346f347b0601b2da7a93ac9072c00fb7b723a469bc615c87f34d2"
        ]
      },
      "ResponseBody": "{\r\n  \"error\": {\r\n    \"code\": \"ResourceNotFound\",\r\n    \"message\": \"The Resource 'Microsoft.Sql/servers/netsqlserver5413/elasticpools/testElasticPool' under resource group 'netsqlserver5413' was not found.\"\r\n  }\r\n}",
      "ResponseHeaders": {
        "Content-Length": [
          "187"
        ],
        "Content-Type": [
          "application/json; charset=utf-8"
        ],
        "Expires": [
          "-1"
        ],
        "Cache-Control": [
          "no-cache"
        ],
        "Date": [
          "Wed, 10 Jan 2018 00:34:32 GMT"
        ],
        "Pragma": [
          "no-cache"
        ],
        "x-ms-failure-cause": [
          "gateway"
        ],
        "x-ms-request-id": [
          "40653416-4113-46f9-8e74-ac76d8ec1850"
        ],
        "x-ms-correlation-request-id": [
          "40653416-4113-46f9-8e74-ac76d8ec1850"
        ],
        "x-ms-routing-request-id": [
          "WESTUS2:20180110T003432Z:40653416-4113-46f9-8e74-ac76d8ec1850"
        ],
        "Strict-Transport-Security": [
          "max-age=31536000; includeSubDomains"
        ]
      },
      "StatusCode": 404
    },
    {
      "RequestUri": "/subscriptions/0b1f6471-1bf0-4dda-aec3-cb9272f09590/resourceGroups/netsqlserver5413/providers/Microsoft.Sql/servers/netsqlserver5413/elasticPools?api-version=2014-04-01",
      "EncodedRequestUri": "L3N1YnNjcmlwdGlvbnMvMGIxZjY0NzEtMWJmMC00ZGRhLWFlYzMtY2I5MjcyZjA5NTkwL3Jlc291cmNlR3JvdXBzL25ldHNxbHNlcnZlcjU0MTMvcHJvdmlkZXJzL01pY3Jvc29mdC5TcWwvc2VydmVycy9uZXRzcWxzZXJ2ZXI1NDEzL2VsYXN0aWNQb29scz9hcGktdmVyc2lvbj0yMDE0LTA0LTAx",
      "RequestMethod": "GET",
      "RequestBody": "",
      "RequestHeaders": {
        "x-ms-client-request-id": [
          "470d074d-6f59-43fe-bf84-039a6bc79912"
        ],
        "accept-language": [
          "en-US"
        ],
        "User-Agent": [
          "FxVersion/4.6.25211.01",
          "Microsoft.Azure.Management.Sql.Fluent.SqlManagementClient/1.4.1.0",
          "MacAddressHash/8aacf6245de346f347b0601b2da7a93ac9072c00fb7b723a469bc615c87f34d2"
        ]
      },
      "ResponseBody": "{\r\n  \"value\": [\r\n    {\r\n      \"id\": \"/subscriptions/0b1f6471-1bf0-4dda-aec3-cb9272f09590/resourceGroups/netsqlserver5413/providers/Microsoft.Sql/servers/netsqlserver5413/elasticPools/testElasticPool\",\r\n      \"name\": \"testElasticPool\",\r\n      \"type\": \"Microsoft.Sql/servers/elasticPools\",\r\n      \"location\": \"Central US\",\r\n      \"kind\": null,\r\n      \"properties\": {\r\n        \"creationDate\": \"2018-01-10T00:32:55.72Z\",\r\n        \"edition\": \"Standard\",\r\n        \"state\": \"Ready\",\r\n        \"dtu\": 100,\r\n        \"databaseDtuMin\": 10,\r\n        \"databaseDtuMax\": 20,\r\n        \"storageMB\": 102400,\r\n        \"zoneRedundant\": false\r\n      }\r\n    }\r\n  ]\r\n}",
      "ResponseHeaders": {
        "Content-Type": [
          "application/json; odata=minimalmetadata; streaming=true; charset=utf-8"
        ],
        "Cache-Control": [
          "no-store, no-cache"
        ],
        "Date": [
          "Wed, 10 Jan 2018 00:34:28 GMT"
        ],
        "Transfer-Encoding": [
          "chunked"
        ],
        "Server": [
          "Microsoft-HTTPAPI/2.0"
        ],
        "Vary": [
          "Accept-Encoding"
        ],
        "x-ms-request-id": [
          "942c86d7-3eda-4f86-95dd-cead55f45035"
        ],
        "X-Content-Type-Options": [
          "nosniff"
        ],
        "DataServiceVersion": [
          "3.0;"
        ],
        "Strict-Transport-Security": [
          "max-age=31536000; includeSubDomains"
        ],
        "x-ms-ratelimit-remaining-subscription-reads": [
          "14956"
        ],
        "x-ms-correlation-request-id": [
          "0e63c3fd-0e05-459a-bdfd-cd039790f758"
        ],
        "x-ms-routing-request-id": [
          "WESTUS2:20180110T003429Z:0e63c3fd-0e05-459a-bdfd-cd039790f758"
        ]
      },
      "StatusCode": 200
    },
    {
      "RequestUri": "/subscriptions/0b1f6471-1bf0-4dda-aec3-cb9272f09590/resourceGroups/netsqlserver5413/providers/Microsoft.Sql/servers/netsqlserver5413/databases/myTestDatabase2?api-version=2014-04-01",
      "EncodedRequestUri": "L3N1YnNjcmlwdGlvbnMvMGIxZjY0NzEtMWJmMC00ZGRhLWFlYzMtY2I5MjcyZjA5NTkwL3Jlc291cmNlR3JvdXBzL25ldHNxbHNlcnZlcjU0MTMvcHJvdmlkZXJzL01pY3Jvc29mdC5TcWwvc2VydmVycy9uZXRzcWxzZXJ2ZXI1NDEzL2RhdGFiYXNlcy9teVRlc3REYXRhYmFzZTI/YXBpLXZlcnNpb249MjAxNC0wNC0wMQ==",
      "RequestMethod": "DELETE",
      "RequestBody": "",
      "RequestHeaders": {
        "x-ms-client-request-id": [
          "634fc557-65ef-4d9f-b55a-488a39ed0e9e"
        ],
        "accept-language": [
          "en-US"
        ],
        "User-Agent": [
          "FxVersion/4.6.25211.01",
          "Microsoft.Azure.Management.Sql.Fluent.SqlManagementClient/1.4.1.0",
          "MacAddressHash/8aacf6245de346f347b0601b2da7a93ac9072c00fb7b723a469bc615c87f34d2"
        ]
      },
      "ResponseBody": "",
      "ResponseHeaders": {
        "Content-Length": [
          "0"
        ],
        "Content-Type": [
          "application/xml; charset=utf-8"
        ],
        "Cache-Control": [
          "no-store, no-cache"
        ],
        "Date": [
          "Wed, 10 Jan 2018 00:34:31 GMT"
        ],
        "Server": [
          "Microsoft-HTTPAPI/2.0"
        ],
        "x-ms-request-id": [
          "91140783-9ffa-46fd-b053-0e29db432fbc"
        ],
        "X-Content-Type-Options": [
          "nosniff"
        ],
        "DataServiceVersion": [
          "1.0;"
        ],
        "Strict-Transport-Security": [
          "max-age=31536000; includeSubDomains"
        ],
        "x-ms-ratelimit-remaining-subscription-writes": [
          "1179"
        ],
        "x-ms-correlation-request-id": [
          "f814a12c-cd76-40f1-99cf-d7c9e10faa19"
        ],
        "x-ms-routing-request-id": [
          "WESTUS2:20180110T003431Z:f814a12c-cd76-40f1-99cf-d7c9e10faa19"
        ]
      },
      "StatusCode": 200
    },
    {
      "RequestUri": "/subscriptions/0b1f6471-1bf0-4dda-aec3-cb9272f09590/resourceGroups/netsqlserver5413/providers/Microsoft.Sql/servers/netsqlserver5413/elasticPools/testElasticPool?api-version=2014-04-01",
      "EncodedRequestUri": "L3N1YnNjcmlwdGlvbnMvMGIxZjY0NzEtMWJmMC00ZGRhLWFlYzMtY2I5MjcyZjA5NTkwL3Jlc291cmNlR3JvdXBzL25ldHNxbHNlcnZlcjU0MTMvcHJvdmlkZXJzL01pY3Jvc29mdC5TcWwvc2VydmVycy9uZXRzcWxzZXJ2ZXI1NDEzL2VsYXN0aWNQb29scy90ZXN0RWxhc3RpY1Bvb2w/YXBpLXZlcnNpb249MjAxNC0wNC0wMQ==",
      "RequestMethod": "DELETE",
      "RequestBody": "",
      "RequestHeaders": {
        "x-ms-client-request-id": [
          "d49c2f50-e8e9-45cc-a7ec-4e1e76e6a771"
        ],
        "accept-language": [
          "en-US"
        ],
        "User-Agent": [
          "FxVersion/4.6.25211.01",
          "Microsoft.Azure.Management.Sql.Fluent.SqlManagementClient/1.4.1.0",
          "MacAddressHash/8aacf6245de346f347b0601b2da7a93ac9072c00fb7b723a469bc615c87f34d2"
        ]
      },
      "ResponseBody": "",
      "ResponseHeaders": {
        "Content-Length": [
          "0"
        ],
        "Content-Type": [
          "application/xml; charset=utf-8"
        ],
        "Cache-Control": [
          "no-store, no-cache"
        ],
        "Date": [
          "Wed, 10 Jan 2018 00:34:32 GMT"
        ],
        "Server": [
          "Microsoft-HTTPAPI/2.0"
        ],
        "x-ms-request-id": [
          "340c7754-7b1b-46bc-90bd-603d180220ac"
        ],
        "X-Content-Type-Options": [
          "nosniff"
        ],
        "DataServiceVersion": [
          "1.0;"
        ],
        "Strict-Transport-Security": [
          "max-age=31536000; includeSubDomains"
        ],
        "x-ms-ratelimit-remaining-subscription-writes": [
          "1178"
        ],
        "x-ms-correlation-request-id": [
          "b56e34c4-2d12-4e9c-ad51-b6b57c517771"
        ],
        "x-ms-routing-request-id": [
          "WESTUS2:20180110T003432Z:b56e34c4-2d12-4e9c-ad51-b6b57c517771"
        ]
      },
      "StatusCode": 200
    },
    {
      "RequestUri": "/subscriptions/0b1f6471-1bf0-4dda-aec3-cb9272f09590/resourceGroups/netsqlserver5413/providers/Microsoft.Sql/servers/netsqlserver5413/elasticPools/newElasticPool?api-version=2014-04-01",
      "EncodedRequestUri": "L3N1YnNjcmlwdGlvbnMvMGIxZjY0NzEtMWJmMC00ZGRhLWFlYzMtY2I5MjcyZjA5NTkwL3Jlc291cmNlR3JvdXBzL25ldHNxbHNlcnZlcjU0MTMvcHJvdmlkZXJzL01pY3Jvc29mdC5TcWwvc2VydmVycy9uZXRzcWxzZXJ2ZXI1NDEzL2VsYXN0aWNQb29scy9uZXdFbGFzdGljUG9vbD9hcGktdmVyc2lvbj0yMDE0LTA0LTAx",
      "RequestMethod": "PUT",
      "RequestBody": "{\r\n  \"properties\": {\r\n    \"edition\": \"Standard\"\r\n  },\r\n  \"location\": \"centralus\",\r\n  \"tags\": {}\r\n}",
      "RequestHeaders": {
        "Content-Type": [
          "application/json; charset=utf-8"
        ],
        "Content-Length": [
          "98"
        ],
        "x-ms-client-request-id": [
          "e56063ec-e487-434f-85a3-116137ea2852"
        ],
        "accept-language": [
          "en-US"
        ],
        "User-Agent": [
          "FxVersion/4.6.25211.01",
          "Microsoft.Azure.Management.Sql.Fluent.SqlManagementClient/1.4.1.0",
          "MacAddressHash/8aacf6245de346f347b0601b2da7a93ac9072c00fb7b723a469bc615c87f34d2"
        ]
      },
      "ResponseBody": "{\r\n  \"operation\": \"CREATE\",\r\n  \"startTime\": \"2018-01-10T00:34:32.845+00:00\"\r\n}",
      "ResponseHeaders": {
        "Content-Length": [
          "65"
        ],
        "Content-Type": [
          "application/json; odata=minimalmetadata; streaming=true; charset=utf-8"
        ],
        "Cache-Control": [
          "no-store, no-cache"
        ],
        "Date": [
          "Wed, 10 Jan 2018 00:34:32 GMT"
        ],
        "Location": [
          "https://management.azure.com/subscriptions/0b1f6471-1bf0-4dda-aec3-cb9272f09590/resourceGroups/netsqlserver5413/providers/Microsoft.Sql/servers/netsqlserver5413/elasticPools/newElasticPool/operationResults/f7c9a07d-4fe0-4336-927c-51ed1b6c8659?api-version=2014-04-01-Preview"
        ],
        "Retry-After": [
          "30"
        ],
        "Server": [
          "Microsoft-HTTPAPI/2.0"
        ],
        "x-ms-request-id": [
          "f7c9a07d-4fe0-4336-927c-51ed1b6c8659"
        ],
        "X-Content-Type-Options": [
          "nosniff"
        ],
        "Preference-Applied": [
          "return-content"
        ],
        "DataServiceVersion": [
          "3.0;"
        ],
        "Strict-Transport-Security": [
          "max-age=31536000; includeSubDomains"
        ],
        "x-ms-ratelimit-remaining-subscription-writes": [
          "1177"
        ],
        "x-ms-correlation-request-id": [
          "e54026ad-9bb5-4f01-9eec-5bed812f2779"
        ],
        "x-ms-routing-request-id": [
          "WESTUS2:20180110T003433Z:e54026ad-9bb5-4f01-9eec-5bed812f2779"
        ]
      },
      "StatusCode": 202
    },
    {
      "RequestUri": "/subscriptions/0b1f6471-1bf0-4dda-aec3-cb9272f09590/resourceGroups/netsqlserver5413/providers/Microsoft.Sql/servers/netsqlserver5413/elasticPools/newElasticPool/operationResults/f7c9a07d-4fe0-4336-927c-51ed1b6c8659?api-version=2014-04-01-Preview",
      "EncodedRequestUri": "L3N1YnNjcmlwdGlvbnMvMGIxZjY0NzEtMWJmMC00ZGRhLWFlYzMtY2I5MjcyZjA5NTkwL3Jlc291cmNlR3JvdXBzL25ldHNxbHNlcnZlcjU0MTMvcHJvdmlkZXJzL01pY3Jvc29mdC5TcWwvc2VydmVycy9uZXRzcWxzZXJ2ZXI1NDEzL2VsYXN0aWNQb29scy9uZXdFbGFzdGljUG9vbC9vcGVyYXRpb25SZXN1bHRzL2Y3YzlhMDdkLTRmZTAtNDMzNi05MjdjLTUxZWQxYjZjODY1OT9hcGktdmVyc2lvbj0yMDE0LTA0LTAxLVByZXZpZXc=",
      "RequestMethod": "GET",
      "RequestBody": "",
      "RequestHeaders": {
        "User-Agent": [
          "FxVersion/4.6.25211.01",
          "Microsoft.Azure.Management.Sql.Fluent.SqlManagementClient/1.4.1.0",
          "MacAddressHash/8aacf6245de346f347b0601b2da7a93ac9072c00fb7b723a469bc615c87f34d2"
        ]
      },
      "ResponseBody": "{\r\n  \"tags\": {},\r\n  \"id\": \"/subscriptions/0b1f6471-1bf0-4dda-aec3-cb9272f09590/resourceGroups/netsqlserver5413/providers/Microsoft.Sql/servers/netsqlserver5413/elasticPools/newElasticPool\",\r\n  \"name\": \"newElasticPool\",\r\n  \"type\": \"Microsoft.Sql/servers/elasticPools\",\r\n  \"location\": \"Central US\",\r\n  \"kind\": null,\r\n  \"properties\": {\r\n    \"creationDate\": \"2018-01-10T00:34:33.003Z\",\r\n    \"edition\": \"Standard\",\r\n    \"state\": \"Ready\",\r\n    \"dtu\": 100,\r\n    \"databaseDtuMin\": 0,\r\n    \"databaseDtuMax\": 100,\r\n    \"storageMB\": 102400,\r\n    \"zoneRedundant\": null\r\n  }\r\n}",
      "ResponseHeaders": {
        "Content-Length": [
          "467"
        ],
        "Content-Type": [
          "application/json; odata=minimalmetadata; streaming=true; charset=utf-8"
        ],
        "Cache-Control": [
          "no-store, no-cache"
        ],
        "Date": [
          "Wed, 10 Jan 2018 00:35:02 GMT"
        ],
        "Server": [
          "Microsoft-HTTPAPI/2.0"
        ],
        "x-ms-request-id": [
          "83aa4426-59ca-4e8c-aebe-8fb12e04163e"
        ],
        "X-Content-Type-Options": [
          "nosniff"
        ],
        "DataServiceVersion": [
          "3.0;"
        ],
        "Strict-Transport-Security": [
          "max-age=31536000; includeSubDomains"
        ],
        "x-ms-ratelimit-remaining-subscription-reads": [
          "14956"
        ],
        "x-ms-correlation-request-id": [
          "ef6b3b0b-c72e-4580-9e11-10b3d63aaf18"
        ],
        "x-ms-routing-request-id": [
          "WESTUS2:20180110T003503Z:ef6b3b0b-c72e-4580-9e11-10b3d63aaf18"
        ]
      },
      "StatusCode": 201
    },
    {
      "RequestUri": "/subscriptions/0b1f6471-1bf0-4dda-aec3-cb9272f09590/resourceGroups/netsqlserver5413/providers/Microsoft.Sql/servers/netsqlserver5413/elasticPools/newElasticPool?api-version=2014-04-01",
      "EncodedRequestUri": "L3N1YnNjcmlwdGlvbnMvMGIxZjY0NzEtMWJmMC00ZGRhLWFlYzMtY2I5MjcyZjA5NTkwL3Jlc291cmNlR3JvdXBzL25ldHNxbHNlcnZlcjU0MTMvcHJvdmlkZXJzL01pY3Jvc29mdC5TcWwvc2VydmVycy9uZXRzcWxzZXJ2ZXI1NDEzL2VsYXN0aWNQb29scy9uZXdFbGFzdGljUG9vbD9hcGktdmVyc2lvbj0yMDE0LTA0LTAx",
      "RequestMethod": "DELETE",
      "RequestBody": "",
      "RequestHeaders": {
        "x-ms-client-request-id": [
          "d62a176d-40f1-4d18-a9a7-bab368bd6bad"
        ],
        "accept-language": [
          "en-US"
        ],
        "User-Agent": [
          "FxVersion/4.6.25211.01",
          "Microsoft.Azure.Management.Sql.Fluent.SqlManagementClient/1.4.1.0",
          "MacAddressHash/8aacf6245de346f347b0601b2da7a93ac9072c00fb7b723a469bc615c87f34d2"
        ]
      },
      "ResponseBody": "",
      "ResponseHeaders": {
        "Content-Length": [
          "0"
        ],
        "Content-Type": [
          "application/xml; charset=utf-8"
        ],
        "Cache-Control": [
          "no-store, no-cache"
        ],
        "Date": [
          "Wed, 10 Jan 2018 00:35:03 GMT"
        ],
        "Server": [
          "Microsoft-HTTPAPI/2.0"
        ],
        "x-ms-request-id": [
          "4af3be5a-840b-45b8-9801-0d1bd1b743c1"
        ],
        "X-Content-Type-Options": [
          "nosniff"
        ],
        "DataServiceVersion": [
          "1.0;"
        ],
        "Strict-Transport-Security": [
          "max-age=31536000; includeSubDomains"
        ],
        "x-ms-ratelimit-remaining-subscription-writes": [
          "1176"
        ],
        "x-ms-correlation-request-id": [
          "47bd7788-34c4-422e-bc5f-a1fe5c3d53b3"
        ],
        "x-ms-routing-request-id": [
          "WESTUS2:20180110T003504Z:47bd7788-34c4-422e-bc5f-a1fe5c3d53b3"
        ]
      },
      "StatusCode": 200
    },
    {
      "RequestUri": "/subscriptions/0b1f6471-1bf0-4dda-aec3-cb9272f09590/resourceGroups/netsqlserver5413/providers/Microsoft.Sql/servers/netsqlserver5413/elasticPools/newElasticPool?api-version=2014-04-01",
      "EncodedRequestUri": "L3N1YnNjcmlwdGlvbnMvMGIxZjY0NzEtMWJmMC00ZGRhLWFlYzMtY2I5MjcyZjA5NTkwL3Jlc291cmNlR3JvdXBzL25ldHNxbHNlcnZlcjU0MTMvcHJvdmlkZXJzL01pY3Jvc29mdC5TcWwvc2VydmVycy9uZXRzcWxzZXJ2ZXI1NDEzL2VsYXN0aWNQb29scy9uZXdFbGFzdGljUG9vbD9hcGktdmVyc2lvbj0yMDE0LTA0LTAx",
      "RequestMethod": "GET",
      "RequestBody": "",
      "RequestHeaders": {
        "x-ms-client-request-id": [
          "60797541-cd52-499b-877c-a6136e38edc4"
        ],
        "accept-language": [
          "en-US"
        ],
        "User-Agent": [
          "FxVersion/4.6.25211.01",
          "Microsoft.Azure.Management.Sql.Fluent.SqlManagementClient/1.4.1.0",
          "MacAddressHash/8aacf6245de346f347b0601b2da7a93ac9072c00fb7b723a469bc615c87f34d2"
        ]
      },
      "ResponseBody": "{\r\n  \"error\": {\r\n    \"code\": \"ResourceNotFound\",\r\n    \"message\": \"The Resource 'Microsoft.Sql/servers/netsqlserver5413/elasticpools/newElasticPool' under resource group 'netsqlserver5413' was not found.\"\r\n  }\r\n}",
      "ResponseHeaders": {
        "Content-Length": [
          "186"
        ],
        "Content-Type": [
          "application/json; charset=utf-8"
        ],
        "Expires": [
          "-1"
        ],
        "Cache-Control": [
          "no-cache"
        ],
        "Date": [
          "Wed, 10 Jan 2018 00:35:03 GMT"
        ],
        "Pragma": [
          "no-cache"
        ],
        "x-ms-failure-cause": [
          "gateway"
        ],
        "x-ms-request-id": [
          "1caa4045-ee8f-4ca2-b1b5-3591fb929900"
        ],
        "x-ms-correlation-request-id": [
          "1caa4045-ee8f-4ca2-b1b5-3591fb929900"
        ],
        "x-ms-routing-request-id": [
          "WESTUS2:20180110T003504Z:1caa4045-ee8f-4ca2-b1b5-3591fb929900"
        ],
        "Strict-Transport-Security": [
          "max-age=31536000; includeSubDomains"
        ]
      },
      "StatusCode": 404
    },
    {
      "RequestUri": "/subscriptions/0b1f6471-1bf0-4dda-aec3-cb9272f09590/resourceGroups/netsqlserver5413/providers/Microsoft.Sql/servers/netsqlserver5413?api-version=2014-04-01",
      "EncodedRequestUri": "L3N1YnNjcmlwdGlvbnMvMGIxZjY0NzEtMWJmMC00ZGRhLWFlYzMtY2I5MjcyZjA5NTkwL3Jlc291cmNlR3JvdXBzL25ldHNxbHNlcnZlcjU0MTMvcHJvdmlkZXJzL01pY3Jvc29mdC5TcWwvc2VydmVycy9uZXRzcWxzZXJ2ZXI1NDEzP2FwaS12ZXJzaW9uPTIwMTQtMDQtMDE=",
      "RequestMethod": "DELETE",
      "RequestBody": "",
      "RequestHeaders": {
        "x-ms-client-request-id": [
          "e6d8ee21-ca3b-44f9-905d-ab1b5bb0d7ca"
        ],
        "accept-language": [
          "en-US"
        ],
        "User-Agent": [
          "FxVersion/4.6.25211.01",
          "Microsoft.Azure.Management.Sql.Fluent.SqlManagementClient/1.4.1.0",
          "MacAddressHash/8aacf6245de346f347b0601b2da7a93ac9072c00fb7b723a469bc615c87f34d2"
        ]
      },
      "ResponseBody": "",
      "ResponseHeaders": {
        "Content-Length": [
          "0"
        ],
        "Content-Type": [
          "application/xml; charset=utf-8"
        ],
        "Cache-Control": [
          "no-store, no-cache"
        ],
        "Date": [
          "Wed, 10 Jan 2018 00:35:06 GMT"
        ],
        "Server": [
          "Microsoft-HTTPAPI/2.0"
        ],
        "x-ms-request-id": [
          "64058537-7204-4bed-883f-8e6f67a7e89c"
        ],
        "X-Content-Type-Options": [
          "nosniff"
        ],
        "DataServiceVersion": [
          "1.0;"
        ],
        "Strict-Transport-Security": [
          "max-age=31536000; includeSubDomains"
        ],
        "x-ms-ratelimit-remaining-subscription-writes": [
          "1175"
        ],
        "x-ms-correlation-request-id": [
          "c9464ea3-64d7-44a0-acd8-ef1bae585cf7"
        ],
        "x-ms-routing-request-id": [
          "WESTUS2:20180110T003507Z:c9464ea3-64d7-44a0-acd8-ef1bae585cf7"
        ]
      },
      "StatusCode": 200
    },
    {
      "RequestUri": "/subscriptions/0b1f6471-1bf0-4dda-aec3-cb9272f09590/resourcegroups/netsqlserver5413?api-version=2016-02-01",
      "EncodedRequestUri": "L3N1YnNjcmlwdGlvbnMvMGIxZjY0NzEtMWJmMC00ZGRhLWFlYzMtY2I5MjcyZjA5NTkwL3Jlc291cmNlZ3JvdXBzL25ldHNxbHNlcnZlcjU0MTM/YXBpLXZlcnNpb249MjAxNi0wMi0wMQ==",
      "RequestMethod": "DELETE",
      "RequestBody": "",
      "RequestHeaders": {
        "x-ms-client-request-id": [
          "269a0578-e9c7-47fb-9abc-eb786855ec17"
        ],
        "accept-language": [
          "en-US"
        ],
        "User-Agent": [
          "FxVersion/4.6.25211.01",
          "Microsoft.Azure.Management.ResourceManager.Fluent.ResourceManagementClient/1.4.1.0",
          "MacAddressHash/8aacf6245de346f347b0601b2da7a93ac9072c00fb7b723a469bc615c87f34d2"
        ]
      },
      "ResponseBody": "",
      "ResponseHeaders": {
        "Content-Length": [
          "0"
        ],
        "Expires": [
          "-1"
        ],
        "Cache-Control": [
          "no-cache"
        ],
        "Date": [
          "Wed, 10 Jan 2018 00:35:07 GMT"
        ],
        "Pragma": [
          "no-cache"
        ],
        "Location": [
          "https://management.azure.com/subscriptions/0b1f6471-1bf0-4dda-aec3-cb9272f09590/operationresults/eyJqb2JJZCI6IlJFU09VUkNFR1JPVVBERUxFVElPTkpPQi1ORVRTUUxTRVJWRVI1NDEzLUNFTlRSQUxVUyIsImpvYkxvY2F0aW9uIjoiY2VudHJhbHVzIn0?api-version=2016-02-01"
        ],
        "Retry-After": [
          "15"
        ],
        "x-ms-ratelimit-remaining-subscription-writes": [
          "1199"
        ],
        "x-ms-request-id": [
          "56eeef6e-bd48-4249-b28c-8c3b519bd2c9"
        ],
        "x-ms-correlation-request-id": [
          "56eeef6e-bd48-4249-b28c-8c3b519bd2c9"
        ],
        "x-ms-routing-request-id": [
          "WESTUS2:20180110T003508Z:56eeef6e-bd48-4249-b28c-8c3b519bd2c9"
        ],
        "Strict-Transport-Security": [
          "max-age=31536000; includeSubDomains"
        ]
      },
      "StatusCode": 202
    },
    {
      "RequestUri": "/subscriptions/0b1f6471-1bf0-4dda-aec3-cb9272f09590/operationresults/eyJqb2JJZCI6IlJFU09VUkNFR1JPVVBERUxFVElPTkpPQi1ORVRTUUxTRVJWRVI1NDEzLUNFTlRSQUxVUyIsImpvYkxvY2F0aW9uIjoiY2VudHJhbHVzIn0?api-version=2016-02-01",
      "EncodedRequestUri": "L3N1YnNjcmlwdGlvbnMvMGIxZjY0NzEtMWJmMC00ZGRhLWFlYzMtY2I5MjcyZjA5NTkwL29wZXJhdGlvbnJlc3VsdHMvZXlKcWIySkpaQ0k2SWxKRlUwOVZVa05GUjFKUFZWQkVSVXhGVkVsUFRrcFBRaTFPUlZSVFVVeFRSVkpXUlZJMU5ERXpMVU5GVGxSU1FVeFZVeUlzSW1wdllreHZZMkYwYVc5dUlqb2lZMlZ1ZEhKaGJIVnpJbjA/YXBpLXZlcnNpb249MjAxNi0wMi0wMQ==",
      "RequestMethod": "GET",
      "RequestBody": "",
      "RequestHeaders": {
        "User-Agent": [
          "FxVersion/4.6.25211.01",
          "Microsoft.Azure.Management.ResourceManager.Fluent.ResourceManagementClient/1.4.1.0",
          "MacAddressHash/8aacf6245de346f347b0601b2da7a93ac9072c00fb7b723a469bc615c87f34d2"
        ]
      },
      "ResponseBody": "",
      "ResponseHeaders": {
        "Content-Length": [
          "0"
        ],
        "Expires": [
          "-1"
        ],
        "Cache-Control": [
          "no-cache"
        ],
        "Date": [
          "Wed, 10 Jan 2018 00:35:23 GMT"
        ],
        "Pragma": [
          "no-cache"
        ],
        "Location": [
          "https://management.azure.com/subscriptions/0b1f6471-1bf0-4dda-aec3-cb9272f09590/operationresults/eyJqb2JJZCI6IlJFU09VUkNFR1JPVVBERUxFVElPTkpPQi1ORVRTUUxTRVJWRVI1NDEzLUNFTlRSQUxVUyIsImpvYkxvY2F0aW9uIjoiY2VudHJhbHVzIn0?api-version=2016-02-01"
        ],
        "Retry-After": [
          "15"
        ],
        "x-ms-ratelimit-remaining-subscription-reads": [
          "14987"
        ],
        "x-ms-request-id": [
          "7c50dc2e-48f9-43b0-a566-652b358c4344"
        ],
        "x-ms-correlation-request-id": [
          "7c50dc2e-48f9-43b0-a566-652b358c4344"
        ],
        "x-ms-routing-request-id": [
          "WESTUS2:20180110T003523Z:7c50dc2e-48f9-43b0-a566-652b358c4344"
        ],
        "Strict-Transport-Security": [
          "max-age=31536000; includeSubDomains"
        ]
      },
      "StatusCode": 202
    },
    {
      "RequestUri": "/subscriptions/0b1f6471-1bf0-4dda-aec3-cb9272f09590/operationresults/eyJqb2JJZCI6IlJFU09VUkNFR1JPVVBERUxFVElPTkpPQi1ORVRTUUxTRVJWRVI1NDEzLUNFTlRSQUxVUyIsImpvYkxvY2F0aW9uIjoiY2VudHJhbHVzIn0?api-version=2016-02-01",
      "EncodedRequestUri": "L3N1YnNjcmlwdGlvbnMvMGIxZjY0NzEtMWJmMC00ZGRhLWFlYzMtY2I5MjcyZjA5NTkwL29wZXJhdGlvbnJlc3VsdHMvZXlKcWIySkpaQ0k2SWxKRlUwOVZVa05GUjFKUFZWQkVSVXhGVkVsUFRrcFBRaTFPUlZSVFVVeFRSVkpXUlZJMU5ERXpMVU5GVGxSU1FVeFZVeUlzSW1wdllreHZZMkYwYVc5dUlqb2lZMlZ1ZEhKaGJIVnpJbjA/YXBpLXZlcnNpb249MjAxNi0wMi0wMQ==",
      "RequestMethod": "GET",
      "RequestBody": "",
      "RequestHeaders": {
        "User-Agent": [
          "FxVersion/4.6.25211.01",
          "Microsoft.Azure.Management.ResourceManager.Fluent.ResourceManagementClient/1.4.1.0",
          "MacAddressHash/8aacf6245de346f347b0601b2da7a93ac9072c00fb7b723a469bc615c87f34d2"
        ]
      },
      "ResponseBody": "",
      "ResponseHeaders": {
        "Content-Length": [
          "0"
        ],
        "Expires": [
          "-1"
        ],
        "Cache-Control": [
          "no-cache"
        ],
        "Date": [
          "Wed, 10 Jan 2018 00:35:38 GMT"
        ],
        "Pragma": [
          "no-cache"
        ],
        "Location": [
          "https://management.azure.com/subscriptions/0b1f6471-1bf0-4dda-aec3-cb9272f09590/operationresults/eyJqb2JJZCI6IlJFU09VUkNFR1JPVVBERUxFVElPTkpPQi1ORVRTUUxTRVJWRVI1NDEzLUNFTlRSQUxVUyIsImpvYkxvY2F0aW9uIjoiY2VudHJhbHVzIn0?api-version=2016-02-01"
        ],
        "Retry-After": [
          "15"
        ],
        "x-ms-ratelimit-remaining-subscription-reads": [
          "14986"
        ],
        "x-ms-request-id": [
          "ac8c883f-b918-4341-92cf-686808f760cc"
        ],
        "x-ms-correlation-request-id": [
          "ac8c883f-b918-4341-92cf-686808f760cc"
        ],
        "x-ms-routing-request-id": [
          "WESTUS2:20180110T003538Z:ac8c883f-b918-4341-92cf-686808f760cc"
        ],
        "Strict-Transport-Security": [
          "max-age=31536000; includeSubDomains"
        ]
      },
      "StatusCode": 202
    },
    {
      "RequestUri": "/subscriptions/0b1f6471-1bf0-4dda-aec3-cb9272f09590/operationresults/eyJqb2JJZCI6IlJFU09VUkNFR1JPVVBERUxFVElPTkpPQi1ORVRTUUxTRVJWRVI1NDEzLUNFTlRSQUxVUyIsImpvYkxvY2F0aW9uIjoiY2VudHJhbHVzIn0?api-version=2016-02-01",
      "EncodedRequestUri": "L3N1YnNjcmlwdGlvbnMvMGIxZjY0NzEtMWJmMC00ZGRhLWFlYzMtY2I5MjcyZjA5NTkwL29wZXJhdGlvbnJlc3VsdHMvZXlKcWIySkpaQ0k2SWxKRlUwOVZVa05GUjFKUFZWQkVSVXhGVkVsUFRrcFBRaTFPUlZSVFVVeFRSVkpXUlZJMU5ERXpMVU5GVGxSU1FVeFZVeUlzSW1wdllreHZZMkYwYVc5dUlqb2lZMlZ1ZEhKaGJIVnpJbjA/YXBpLXZlcnNpb249MjAxNi0wMi0wMQ==",
      "RequestMethod": "GET",
      "RequestBody": "",
      "RequestHeaders": {
        "User-Agent": [
          "FxVersion/4.6.25211.01",
          "Microsoft.Azure.Management.ResourceManager.Fluent.ResourceManagementClient/1.4.1.0",
          "MacAddressHash/8aacf6245de346f347b0601b2da7a93ac9072c00fb7b723a469bc615c87f34d2"
        ]
      },
      "ResponseBody": "",
      "ResponseHeaders": {
        "Content-Length": [
          "0"
        ],
        "Expires": [
          "-1"
        ],
        "Cache-Control": [
          "no-cache"
        ],
        "Date": [
          "Wed, 10 Jan 2018 00:35:53 GMT"
        ],
        "Pragma": [
          "no-cache"
        ],
        "x-ms-ratelimit-remaining-subscription-reads": [
          "14985"
        ],
        "x-ms-request-id": [
          "8a707e92-cfa5-4935-b49b-fc9f81cb3833"
        ],
        "x-ms-correlation-request-id": [
          "8a707e92-cfa5-4935-b49b-fc9f81cb3833"
        ],
        "x-ms-routing-request-id": [
          "WESTUS2:20180110T003553Z:8a707e92-cfa5-4935-b49b-fc9f81cb3833"
        ],
        "Strict-Transport-Security": [
          "max-age=31536000; includeSubDomains"
        ]
      },
      "StatusCode": 200
    }
  ],
  "Names": {
    "CanCRUDSqlElasticPool": [
      "netsqlserver5413"
    ]
  },
  "Variables": {
    "ServicePrincipal": "a971e5df-eeb7-4481-9bf7-e72e66a2ba12",
    "AADTenant": "54826b22-38d6-4fb2-bad9-b7b93a3e9c5a",
    "SubscriptionId": "0b1f6471-1bf0-4dda-aec3-cb9272f09590"
  }
}