{
  "Entries": [
    {
      "RequestUri": "/subscriptions/0b1f6471-1bf0-4dda-aec3-cb9272f09590/resourcegroups/javasbmrg6374?api-version=2016-02-01",
      "EncodedRequestUri": "L3N1YnNjcmlwdGlvbnMvMGIxZjY0NzEtMWJmMC00ZGRhLWFlYzMtY2I5MjcyZjA5NTkwL3Jlc291cmNlZ3JvdXBzL2phdmFzYm1yZzYzNzQ/YXBpLXZlcnNpb249MjAxNi0wMi0wMQ==",
      "RequestMethod": "PUT",
      "RequestBody": "{\r\n  \"location\": \"eastus\"\r\n}",
      "RequestHeaders": {
        "Content-Type": [
          "application/json; charset=utf-8"
        ],
        "Content-Length": [
          "28"
        ],
        "x-ms-client-request-id": [
          "27164cfd-8864-44fd-8a93-d912e8e6abf7"
        ],
        "accept-language": [
          "en-US"
        ],
        "User-Agent": [
          "FxVersion/4.6.25211.01",
          "Microsoft.Azure.Management.ResourceManager.Fluent.ResourceManagementClient/1.4.1.0",
          "MacAddressHash/8aacf6245de346f347b0601b2da7a93ac9072c00fb7b723a469bc615c87f34d2"
        ]
      },
      "ResponseBody": "{\r\n  \"id\": \"/subscriptions/0b1f6471-1bf0-4dda-aec3-cb9272f09590/resourceGroups/javasbmrg6374\",\r\n  \"name\": \"javasbmrg6374\",\r\n  \"location\": \"eastus\",\r\n  \"properties\": {\r\n    \"provisioningState\": \"Succeeded\"\r\n  }\r\n}",
      "ResponseHeaders": {
        "Content-Length": [
          "179"
        ],
        "Content-Type": [
          "application/json; charset=utf-8"
        ],
        "Expires": [
          "-1"
        ],
        "Cache-Control": [
          "no-cache"
        ],
        "Date": [
          "Wed, 10 Jan 2018 06:51:35 GMT"
        ],
        "Pragma": [
          "no-cache"
        ],
        "x-ms-ratelimit-remaining-subscription-writes": [
          "1199"
        ],
        "x-ms-request-id": [
          "fd9c5343-9291-4084-afb9-2d492f3dee5a"
        ],
        "x-ms-correlation-request-id": [
          "fd9c5343-9291-4084-afb9-2d492f3dee5a"
        ],
        "x-ms-routing-request-id": [
          "WESTUS2:20180110T065136Z:fd9c5343-9291-4084-afb9-2d492f3dee5a"
        ],
        "Strict-Transport-Security": [
          "max-age=31536000; includeSubDomains"
        ]
      },
      "StatusCode": 201
    },
    {
      "RequestUri": "/subscriptions/0b1f6471-1bf0-4dda-aec3-cb9272f09590/resourceGroups/javasbmrg6374/providers/Microsoft.ServiceBus/namespaces/jvsbns8349?api-version=2015-08-01",
      "EncodedRequestUri": "L3N1YnNjcmlwdGlvbnMvMGIxZjY0NzEtMWJmMC00ZGRhLWFlYzMtY2I5MjcyZjA5NTkwL3Jlc291cmNlR3JvdXBzL2phdmFzYm1yZzYzNzQvcHJvdmlkZXJzL01pY3Jvc29mdC5TZXJ2aWNlQnVzL25hbWVzcGFjZXMvanZzYm5zODM0OT9hcGktdmVyc2lvbj0yMDE1LTA4LTAx",
      "RequestMethod": "PUT",
      "RequestBody": "{\r\n  \"sku\": {\r\n    \"name\": \"Premium\",\r\n    \"tier\": \"Premium\",\r\n    \"capacity\": 1\r\n  },\r\n  \"location\": \"eastus\",\r\n  \"tags\": {}\r\n}",
      "RequestHeaders": {
        "Content-Type": [
          "application/json; charset=utf-8"
        ],
        "Content-Length": [
          "128"
        ],
        "x-ms-client-request-id": [
          "29e38964-1e41-4d73-9e95-2e652340d04f"
        ],
        "accept-language": [
          "en-US"
        ],
        "User-Agent": [
          "FxVersion/4.6.25211.01",
          "Microsoft.Azure.Management.ServiceBus.Fluent.ServiceBusManagementClient/1.4.1.0",
          "MacAddressHash/8aacf6245de346f347b0601b2da7a93ac9072c00fb7b723a469bc615c87f34d2"
        ]
      },
      "ResponseBody": "{\r\n  \"id\": \"/subscriptions/0b1f6471-1bf0-4dda-aec3-cb9272f09590/resourceGroups/javasbmrg6374/providers/Microsoft.ServiceBus/namespaces/jvsbns8349\",\r\n  \"name\": \"jvsbns8349\",\r\n  \"type\": \"Microsoft.ServiceBus/namespaces\",\r\n  \"location\": \"East US\",\r\n  \"kind\": \"Messaging\",\r\n  \"sku\": {\r\n    \"name\": \"Premium\",\r\n    \"tier\": \"Premium\",\r\n    \"capacity\": 1\r\n  },\r\n  \"tags\": {},\r\n  \"properties\": {\r\n    \"provisioningState\": \"Unknown\",\r\n    \"metricId\": \"0b1f6471-1bf0-4dda-aec3-cb9272f09590:jvsbns8349\",\r\n    \"enabled\": false,\r\n    \"namespaceType\": \"Messaging\",\r\n    \"messagingSku\": 3\r\n  }\r\n}",
      "ResponseHeaders": {
        "Content-Type": [
          "application/json; charset=utf-8"
        ],
        "Expires": [
          "-1"
        ],
        "Cache-Control": [
          "no-cache"
        ],
        "Date": [
          "Wed, 10 Jan 2018 06:51:37 GMT"
        ],
        "Pragma": [
          "no-cache"
        ],
        "Transfer-Encoding": [
          "chunked"
        ],
        "Server": [
          "Service-Bus-Resource-Provider/SN1",
          "Microsoft-HTTPAPI/2.0"
        ],
        "Vary": [
          "Accept-Encoding"
        ],
        "x-ms-request-id": [
          "b8065969-9e13-4555-8f4b-de57b99b1fe8_M3SN1_M3SN1"
        ],
        "Server-SB": [
          "Service-Bus-Resource-Provider/SN1"
        ],
        "x-ms-ratelimit-remaining-subscription-writes": [
          "1184"
        ],
        "x-ms-correlation-request-id": [
          "14efe47e-c473-4067-a74d-d147206d5708"
        ],
        "x-ms-routing-request-id": [
          "WESTUS2:20180110T065138Z:14efe47e-c473-4067-a74d-d147206d5708"
        ],
        "Strict-Transport-Security": [
          "max-age=31536000; includeSubDomains"
        ]
      },
      "StatusCode": 200
    },
    {
      "RequestUri": "/subscriptions/0b1f6471-1bf0-4dda-aec3-cb9272f09590/resourceGroups/javasbmrg6374/providers/Microsoft.ServiceBus/namespaces/jvsbns8349?api-version=2015-08-01",
      "EncodedRequestUri": "L3N1YnNjcmlwdGlvbnMvMGIxZjY0NzEtMWJmMC00ZGRhLWFlYzMtY2I5MjcyZjA5NTkwL3Jlc291cmNlR3JvdXBzL2phdmFzYm1yZzYzNzQvcHJvdmlkZXJzL01pY3Jvc29mdC5TZXJ2aWNlQnVzL25hbWVzcGFjZXMvanZzYm5zODM0OT9hcGktdmVyc2lvbj0yMDE1LTA4LTAx",
      "RequestMethod": "PUT",
      "RequestBody": "{\r\n  \"sku\": {\r\n    \"name\": \"Premium\",\r\n    \"tier\": \"Premium\",\r\n    \"capacity\": 2\r\n  },\r\n  \"location\": \"East US\",\r\n  \"tags\": {}\r\n}",
      "RequestHeaders": {
        "Content-Type": [
          "application/json; charset=utf-8"
        ],
        "Content-Length": [
          "129"
        ],
        "x-ms-client-request-id": [
          "4553e112-6574-4cfd-81bf-77f78f9a9f9c"
        ],
        "accept-language": [
          "en-US"
        ],
        "User-Agent": [
          "FxVersion/4.6.25211.01",
          "Microsoft.Azure.Management.ServiceBus.Fluent.ServiceBusManagementClient/1.4.1.0",
          "MacAddressHash/8aacf6245de346f347b0601b2da7a93ac9072c00fb7b723a469bc615c87f34d2"
        ]
      },
      "ResponseBody": "{\r\n  \"id\": \"/subscriptions/0b1f6471-1bf0-4dda-aec3-cb9272f09590/resourceGroups/javasbmrg6374/providers/Microsoft.ServiceBus/namespaces/jvsbns8349\",\r\n  \"name\": \"jvsbns8349\",\r\n  \"type\": \"Microsoft.ServiceBus/namespaces\",\r\n  \"location\": \"East US\",\r\n  \"kind\": \"Messaging\",\r\n  \"sku\": {\r\n    \"name\": \"Premium\",\r\n    \"tier\": \"Premium\",\r\n    \"capacity\": 2\r\n  },\r\n  \"tags\": {},\r\n  \"properties\": {\r\n    \"provisioningState\": \"Unknown\",\r\n    \"metricId\": \"0b1f6471-1bf0-4dda-aec3-cb9272f09590:jvsbns8349\",\r\n    \"enabled\": false,\r\n    \"namespaceType\": \"Messaging\",\r\n    \"messagingSku\": 3\r\n  }\r\n}",
      "ResponseHeaders": {
        "Content-Type": [
          "application/json; charset=utf-8"
        ],
        "Expires": [
          "-1"
        ],
        "Cache-Control": [
          "no-cache"
        ],
        "Date": [
          "Wed, 10 Jan 2018 06:53:12 GMT"
        ],
        "Pragma": [
          "no-cache"
        ],
        "Transfer-Encoding": [
          "chunked"
        ],
        "Server": [
          "Service-Bus-Resource-Provider/SN1",
          "Microsoft-HTTPAPI/2.0"
        ],
        "Vary": [
          "Accept-Encoding"
        ],
        "x-ms-request-id": [
          "33f7ce37-d7ff-49b3-9ba7-128d1d1e647e_M3SN1_M3SN1"
        ],
        "Server-SB": [
          "Service-Bus-Resource-Provider/SN1"
        ],
        "x-ms-ratelimit-remaining-subscription-writes": [
          "1183"
        ],
        "x-ms-correlation-request-id": [
          "db4853de-e7ae-4bd8-8b08-9bc47a5055a5"
        ],
        "x-ms-routing-request-id": [
          "WESTUS2:20180110T065313Z:db4853de-e7ae-4bd8-8b08-9bc47a5055a5"
        ],
        "Strict-Transport-Security": [
          "max-age=31536000; includeSubDomains"
        ]
      },
      "StatusCode": 200
    },
    {
      "RequestUri": "/subscriptions/0b1f6471-1bf0-4dda-aec3-cb9272f09590/resourceGroups/javasbmrg6374/providers/Microsoft.ServiceBus/namespaces/jvsbns8349?api-version=2015-08-01",
      "EncodedRequestUri": "L3N1YnNjcmlwdGlvbnMvMGIxZjY0NzEtMWJmMC00ZGRhLWFlYzMtY2I5MjcyZjA5NTkwL3Jlc291cmNlR3JvdXBzL2phdmFzYm1yZzYzNzQvcHJvdmlkZXJzL01pY3Jvc29mdC5TZXJ2aWNlQnVzL25hbWVzcGFjZXMvanZzYm5zODM0OT9hcGktdmVyc2lvbj0yMDE1LTA4LTAx",
      "RequestMethod": "GET",
      "RequestBody": "",
      "RequestHeaders": {
        "User-Agent": [
          "FxVersion/4.6.25211.01",
          "Microsoft.Azure.Management.ServiceBus.Fluent.ServiceBusManagementClient/1.4.1.0",
          "MacAddressHash/8aacf6245de346f347b0601b2da7a93ac9072c00fb7b723a469bc615c87f34d2"
        ]
      },
      "ResponseBody": "{\r\n  \"id\": \"/subscriptions/0b1f6471-1bf0-4dda-aec3-cb9272f09590/resourceGroups/javasbmrg6374/providers/Microsoft.ServiceBus/namespaces/jvsbns8349\",\r\n  \"name\": \"jvsbns8349\",\r\n  \"type\": \"Microsoft.ServiceBus/namespaces\",\r\n  \"location\": \"East US\",\r\n  \"kind\": \"Messaging\",\r\n  \"sku\": {\r\n    \"name\": \"Premium\",\r\n    \"tier\": \"Premium\",\r\n    \"capacity\": 1\r\n  },\r\n  \"tags\": {},\r\n  \"properties\": {\r\n    \"provisioningState\": \"Created\",\r\n    \"metricId\": \"0b1f6471-1bf0-4dda-aec3-cb9272f09590:jvsbns8349\",\r\n    \"status\": \"Created\",\r\n    \"createdAt\": \"2018-01-10T06:51:36.073Z\",\r\n    \"serviceBusEndpoint\": \"https://jvsbns8349.servicebus.windows.net:443/\",\r\n    \"enabled\": true,\r\n    \"critical\": false,\r\n    \"updatedAt\": \"2018-01-10T06:51:36.073Z\",\r\n    \"namespaceType\": \"Messaging\",\r\n    \"messagingSku\": 3\r\n  }\r\n}",
      "ResponseHeaders": {
        "Content-Type": [
          "application/json; charset=utf-8"
        ],
        "Expires": [
          "-1"
        ],
        "Cache-Control": [
          "no-cache"
        ],
        "Date": [
          "Wed, 10 Jan 2018 06:52:07 GMT"
        ],
        "Pragma": [
          "no-cache"
        ],
        "Transfer-Encoding": [
          "chunked"
        ],
        "Server": [
          "Service-Bus-Resource-Provider/SN1",
          "Microsoft-HTTPAPI/2.0"
        ],
        "Vary": [
          "Accept-Encoding"
        ],
        "x-ms-request-id": [
          "95c9ce5a-866b-4973-ba5f-a1083d963842_M3SN1_M3SN1"
        ],
        "Server-SB": [
          "Service-Bus-Resource-Provider/SN1"
        ],
        "x-ms-ratelimit-remaining-subscription-reads": [
          "14918"
        ],
        "x-ms-correlation-request-id": [
          "f74653c0-2f10-4b70-82b3-6ced9ce47c14"
        ],
        "x-ms-routing-request-id": [
          "WESTUS2:20180110T065208Z:f74653c0-2f10-4b70-82b3-6ced9ce47c14"
        ],
        "Strict-Transport-Security": [
          "max-age=31536000; includeSubDomains"
        ]
      },
      "StatusCode": 200
    },
    {
      "RequestUri": "/subscriptions/0b1f6471-1bf0-4dda-aec3-cb9272f09590/resourceGroups/javasbmrg6374/providers/Microsoft.ServiceBus/namespaces/jvsbns8349?api-version=2015-08-01",
      "EncodedRequestUri": "L3N1YnNjcmlwdGlvbnMvMGIxZjY0NzEtMWJmMC00ZGRhLWFlYzMtY2I5MjcyZjA5NTkwL3Jlc291cmNlR3JvdXBzL2phdmFzYm1yZzYzNzQvcHJvdmlkZXJzL01pY3Jvc29mdC5TZXJ2aWNlQnVzL25hbWVzcGFjZXMvanZzYm5zODM0OT9hcGktdmVyc2lvbj0yMDE1LTA4LTAx",
      "RequestMethod": "GET",
      "RequestBody": "",
      "RequestHeaders": {
        "User-Agent": [
          "FxVersion/4.6.25211.01",
          "Microsoft.Azure.Management.ServiceBus.Fluent.ServiceBusManagementClient/1.4.1.0",
          "MacAddressHash/8aacf6245de346f347b0601b2da7a93ac9072c00fb7b723a469bc615c87f34d2"
        ]
      },
      "ResponseBody": "{\r\n  \"id\": \"/subscriptions/0b1f6471-1bf0-4dda-aec3-cb9272f09590/resourceGroups/javasbmrg6374/providers/Microsoft.ServiceBus/namespaces/jvsbns8349\",\r\n  \"name\": \"jvsbns8349\",\r\n  \"type\": \"Microsoft.ServiceBus/namespaces\",\r\n  \"location\": \"East US\",\r\n  \"kind\": \"Messaging\",\r\n  \"sku\": {\r\n    \"name\": \"Premium\",\r\n    \"tier\": \"Premium\",\r\n    \"capacity\": 1\r\n  },\r\n  \"tags\": {},\r\n  \"properties\": {\r\n    \"provisioningState\": \"Succeeded\",\r\n    \"metricId\": \"0b1f6471-1bf0-4dda-aec3-cb9272f09590:jvsbns8349\",\r\n    \"status\": \"Active\",\r\n    \"createdAt\": \"2018-01-10T06:51:36.073Z\",\r\n    \"serviceBusEndpoint\": \"https://jvsbns8349.servicebus.windows.net:443/\",\r\n    \"enabled\": true,\r\n    \"critical\": false,\r\n    \"updatedAt\": \"2018-01-10T06:52:19.717Z\",\r\n    \"namespaceType\": \"Messaging\",\r\n    \"messagingSku\": 3\r\n  }\r\n}",
      "ResponseHeaders": {
        "Content-Type": [
          "application/json; charset=utf-8"
        ],
        "Expires": [
          "-1"
        ],
        "Cache-Control": [
          "no-cache"
        ],
        "Date": [
          "Wed, 10 Jan 2018 06:52:38 GMT"
        ],
        "Pragma": [
          "no-cache"
        ],
        "Transfer-Encoding": [
          "chunked"
        ],
        "Server": [
          "Service-Bus-Resource-Provider/SN1",
          "Microsoft-HTTPAPI/2.0"
        ],
        "Vary": [
          "Accept-Encoding"
        ],
        "x-ms-request-id": [
          "a0e5a22f-b696-4b6c-8b4a-588539198a76_M3SN1_M3SN1"
        ],
        "Server-SB": [
          "Service-Bus-Resource-Provider/SN1"
        ],
        "x-ms-ratelimit-remaining-subscription-reads": [
          "14917"
        ],
        "x-ms-correlation-request-id": [
          "eb445386-9cfd-41c2-961c-1c39dd461b46"
        ],
        "x-ms-routing-request-id": [
          "WESTUS2:20180110T065238Z:eb445386-9cfd-41c2-961c-1c39dd461b46"
        ],
        "Strict-Transport-Security": [
          "max-age=31536000; includeSubDomains"
        ]
      },
      "StatusCode": 200
    },
    {
      "RequestUri": "/subscriptions/0b1f6471-1bf0-4dda-aec3-cb9272f09590/resourceGroups/javasbmrg6374/providers/Microsoft.ServiceBus/namespaces/jvsbns8349?api-version=2015-08-01",
      "EncodedRequestUri": "L3N1YnNjcmlwdGlvbnMvMGIxZjY0NzEtMWJmMC00ZGRhLWFlYzMtY2I5MjcyZjA5NTkwL3Jlc291cmNlR3JvdXBzL2phdmFzYm1yZzYzNzQvcHJvdmlkZXJzL01pY3Jvc29mdC5TZXJ2aWNlQnVzL25hbWVzcGFjZXMvanZzYm5zODM0OT9hcGktdmVyc2lvbj0yMDE1LTA4LTAx",
      "RequestMethod": "GET",
      "RequestBody": "",
      "RequestHeaders": {
        "User-Agent": [
          "FxVersion/4.6.25211.01",
          "Microsoft.Azure.Management.ServiceBus.Fluent.ServiceBusManagementClient/1.4.1.0",
          "MacAddressHash/8aacf6245de346f347b0601b2da7a93ac9072c00fb7b723a469bc615c87f34d2"
        ]
      },
      "ResponseBody": "{\r\n  \"id\": \"/subscriptions/0b1f6471-1bf0-4dda-aec3-cb9272f09590/resourceGroups/javasbmrg6374/providers/Microsoft.ServiceBus/namespaces/jvsbns8349\",\r\n  \"name\": \"jvsbns8349\",\r\n  \"type\": \"Microsoft.ServiceBus/namespaces\",\r\n  \"location\": \"East US\",\r\n  \"kind\": \"Messaging\",\r\n  \"sku\": {\r\n    \"name\": \"Premium\",\r\n    \"tier\": \"Premium\",\r\n    \"capacity\": 2\r\n  },\r\n  \"tags\": {},\r\n  \"properties\": {\r\n    \"provisioningState\": \"Succeeded\",\r\n    \"metricId\": \"0b1f6471-1bf0-4dda-aec3-cb9272f09590:jvsbns8349\",\r\n    \"status\": \"Active\",\r\n    \"createdAt\": \"2018-01-10T06:51:36.073Z\",\r\n    \"serviceBusEndpoint\": \"https://jvsbns8349.servicebus.windows.net:443/\",\r\n    \"enabled\": true,\r\n    \"critical\": false,\r\n    \"updatedAt\": \"2018-01-10T06:53:10.407Z\",\r\n    \"namespaceType\": \"Messaging\",\r\n    \"messagingSku\": 3\r\n  }\r\n}",
      "ResponseHeaders": {
        "Content-Type": [
          "application/json; charset=utf-8"
        ],
        "Expires": [
          "-1"
        ],
        "Cache-Control": [
          "no-cache"
        ],
        "Date": [
          "Wed, 10 Jan 2018 06:53:42 GMT"
        ],
        "Pragma": [
          "no-cache"
        ],
        "Transfer-Encoding": [
          "chunked"
        ],
        "Server": [
          "Service-Bus-Resource-Provider/SN1",
          "Microsoft-HTTPAPI/2.0"
        ],
        "Vary": [
          "Accept-Encoding"
        ],
        "x-ms-request-id": [
          "0a3f7470-421b-4937-837b-7e35f43b9ab9_M3SN1_M3SN1"
        ],
        "Server-SB": [
          "Service-Bus-Resource-Provider/SN1"
        ],
        "x-ms-ratelimit-remaining-subscription-reads": [
          "14912"
        ],
        "x-ms-correlation-request-id": [
          "ba0b4ebd-b1ac-4c19-89e2-aa163c733b83"
        ],
        "x-ms-routing-request-id": [
          "WESTUS2:20180110T065343Z:ba0b4ebd-b1ac-4c19-89e2-aa163c733b83"
        ],
        "Strict-Transport-Security": [
          "max-age=31536000; includeSubDomains"
        ]
      },
      "StatusCode": 200
    },
    {
      "RequestUri": "/subscriptions/0b1f6471-1bf0-4dda-aec3-cb9272f09590/resourceGroups/javasbmrg6374/providers/Microsoft.ServiceBus/namespaces?api-version=2015-08-01",
      "EncodedRequestUri": "L3N1YnNjcmlwdGlvbnMvMGIxZjY0NzEtMWJmMC00ZGRhLWFlYzMtY2I5MjcyZjA5NTkwL3Jlc291cmNlR3JvdXBzL2phdmFzYm1yZzYzNzQvcHJvdmlkZXJzL01pY3Jvc29mdC5TZXJ2aWNlQnVzL25hbWVzcGFjZXM/YXBpLXZlcnNpb249MjAxNS0wOC0wMQ==",
      "RequestMethod": "GET",
      "RequestBody": "",
      "RequestHeaders": {
        "x-ms-client-request-id": [
          "5e7703ba-8c14-4138-ad91-94b2fde2dcbd"
        ],
        "accept-language": [
          "en-US"
        ],
        "User-Agent": [
          "FxVersion/4.6.25211.01",
          "Microsoft.Azure.Management.ServiceBus.Fluent.ServiceBusManagementClient/1.4.1.0",
          "MacAddressHash/8aacf6245de346f347b0601b2da7a93ac9072c00fb7b723a469bc615c87f34d2"
        ]
      },
      "ResponseBody": "{\r\n  \"value\": [\r\n    {\r\n      \"id\": \"/subscriptions/0b1f6471-1bf0-4dda-aec3-cb9272f09590/resourceGroups/javasbmrg6374/providers/Microsoft.ServiceBus/namespaces/jvsbns8349\",\r\n      \"name\": \"jvsbns8349\",\r\n      \"type\": \"Microsoft.ServiceBus/namespaces\",\r\n      \"location\": \"East US\",\r\n      \"kind\": \"Messaging\",\r\n      \"sku\": {\r\n        \"name\": \"Premium\",\r\n        \"tier\": \"Premium\",\r\n        \"capacity\": 1\r\n      },\r\n      \"tags\": {},\r\n      \"properties\": {\r\n        \"provisioningState\": \"Succeeded\",\r\n        \"metricId\": \"0b1f6471-1bf0-4dda-aec3-cb9272f09590:jvsbns8349\",\r\n        \"status\": \"Active\",\r\n        \"createdAt\": \"2018-01-10T06:51:36.073Z\",\r\n        \"serviceBusEndpoint\": \"https://jvsbns8349.servicebus.windows.net:443/\",\r\n        \"enabled\": true,\r\n        \"critical\": false,\r\n        \"updatedAt\": \"2018-01-10T06:52:19.717Z\",\r\n        \"namespaceType\": \"Messaging\",\r\n        \"messagingSku\": 3\r\n      }\r\n    }\r\n  ],\r\n  \"nextLink\": null\r\n}",
      "ResponseHeaders": {
        "Content-Type": [
          "application/json; charset=utf-8"
        ],
        "Expires": [
          "-1"
        ],
        "Cache-Control": [
          "no-cache"
        ],
        "Date": [
          "Wed, 10 Jan 2018 06:52:38 GMT"
        ],
        "Pragma": [
          "no-cache"
        ],
        "Transfer-Encoding": [
          "chunked"
        ],
        "Server": [
          "Service-Bus-Resource-Provider/SN1",
          "Microsoft-HTTPAPI/2.0"
        ],
        "Vary": [
          "Accept-Encoding"
        ],
        "x-ms-request-id": [
          "1b74ba81-8b6c-4b4a-9232-4b1aed07a246_M3SN1_M3SN1"
        ],
        "Server-SB": [
          "Service-Bus-Resource-Provider/SN1"
        ],
        "x-ms-ratelimit-remaining-subscription-reads": [
          "14916"
        ],
        "x-ms-correlation-request-id": [
          "f7aeb51b-91b2-4e76-a8d4-09eac4a56041"
        ],
        "x-ms-routing-request-id": [
          "WESTUS2:20180110T065238Z:f7aeb51b-91b2-4e76-a8d4-09eac4a56041"
        ],
        "Strict-Transport-Security": [
          "max-age=31536000; includeSubDomains"
        ]
      },
      "StatusCode": 200
    },
    {
      "RequestUri": "/subscriptions/0b1f6471-1bf0-4dda-aec3-cb9272f09590/resourceGroups/javasbmrg6374/providers/Microsoft.ServiceBus/namespaces/jvsbns8349/queues?api-version=2015-08-01",
      "EncodedRequestUri": "L3N1YnNjcmlwdGlvbnMvMGIxZjY0NzEtMWJmMC00ZGRhLWFlYzMtY2I5MjcyZjA5NTkwL3Jlc291cmNlR3JvdXBzL2phdmFzYm1yZzYzNzQvcHJvdmlkZXJzL01pY3Jvc29mdC5TZXJ2aWNlQnVzL25hbWVzcGFjZXMvanZzYm5zODM0OS9xdWV1ZXM/YXBpLXZlcnNpb249MjAxNS0wOC0wMQ==",
      "RequestMethod": "GET",
      "RequestBody": "",
      "RequestHeaders": {
        "x-ms-client-request-id": [
          "da8922c7-c345-4fb7-8364-8ca01b9653ca"
        ],
        "accept-language": [
          "en-US"
        ],
        "User-Agent": [
          "FxVersion/4.6.25211.01",
          "Microsoft.Azure.Management.ServiceBus.Fluent.ServiceBusManagementClient/1.4.1.0",
          "MacAddressHash/8aacf6245de346f347b0601b2da7a93ac9072c00fb7b723a469bc615c87f34d2"
        ]
      },
      "ResponseBody": "{\r\n  \"value\": [],\r\n  \"nextLink\": null\r\n}",
      "ResponseHeaders": {
        "Content-Type": [
          "application/json; charset=utf-8"
        ],
        "Expires": [
          "-1"
        ],
        "Cache-Control": [
          "no-cache"
        ],
        "Date": [
          "Wed, 10 Jan 2018 06:52:39 GMT"
        ],
        "Pragma": [
          "no-cache"
        ],
        "Transfer-Encoding": [
          "chunked"
        ],
        "Server": [
          "Service-Bus-Resource-Provider/SN1",
          "Microsoft-HTTPAPI/2.0"
        ],
        "Vary": [
          "Accept-Encoding"
        ],
        "x-ms-request-id": [
          "be042380-4f17-4d99-b6c0-70836ffe154f_M3SN1_M3SN1"
        ],
        "Server-SB": [
          "Service-Bus-Resource-Provider/SN1"
        ],
        "x-ms-ratelimit-remaining-subscription-reads": [
          "14915"
        ],
        "x-ms-correlation-request-id": [
          "5c06ed81-ae8f-4778-9dff-1ce03032ac23"
        ],
        "x-ms-routing-request-id": [
          "WESTUS2:20180110T065239Z:5c06ed81-ae8f-4778-9dff-1ce03032ac23"
        ],
        "Strict-Transport-Security": [
          "max-age=31536000; includeSubDomains"
        ]
      },
      "StatusCode": 200
    },
    {
      "RequestUri": "/subscriptions/0b1f6471-1bf0-4dda-aec3-cb9272f09590/resourceGroups/javasbmrg6374/providers/Microsoft.ServiceBus/namespaces/jvsbns8349/topics?api-version=2015-08-01",
      "EncodedRequestUri": "L3N1YnNjcmlwdGlvbnMvMGIxZjY0NzEtMWJmMC00ZGRhLWFlYzMtY2I5MjcyZjA5NTkwL3Jlc291cmNlR3JvdXBzL2phdmFzYm1yZzYzNzQvcHJvdmlkZXJzL01pY3Jvc29mdC5TZXJ2aWNlQnVzL25hbWVzcGFjZXMvanZzYm5zODM0OS90b3BpY3M/YXBpLXZlcnNpb249MjAxNS0wOC0wMQ==",
      "RequestMethod": "GET",
      "RequestBody": "",
      "RequestHeaders": {
        "x-ms-client-request-id": [
          "a48c6f3d-7f20-47a6-87ed-367d7114e17d"
        ],
        "accept-language": [
          "en-US"
        ],
        "User-Agent": [
          "FxVersion/4.6.25211.01",
          "Microsoft.Azure.Management.ServiceBus.Fluent.ServiceBusManagementClient/1.4.1.0",
          "MacAddressHash/8aacf6245de346f347b0601b2da7a93ac9072c00fb7b723a469bc615c87f34d2"
        ]
      },
      "ResponseBody": "{\r\n  \"value\": [],\r\n  \"nextLink\": null\r\n}",
      "ResponseHeaders": {
        "Content-Type": [
          "application/json; charset=utf-8"
        ],
        "Expires": [
          "-1"
        ],
        "Cache-Control": [
          "no-cache"
        ],
        "Date": [
          "Wed, 10 Jan 2018 06:52:39 GMT"
        ],
        "Pragma": [
          "no-cache"
        ],
        "Transfer-Encoding": [
          "chunked"
        ],
        "Server": [
          "Service-Bus-Resource-Provider/SN1",
          "Microsoft-HTTPAPI/2.0"
        ],
        "Vary": [
          "Accept-Encoding"
        ],
        "x-ms-request-id": [
          "b199f494-af97-4ff9-9ba0-a52de5bbf11f_M3SN1_M3SN1"
        ],
        "Server-SB": [
          "Service-Bus-Resource-Provider/SN1"
        ],
        "x-ms-ratelimit-remaining-subscription-reads": [
          "14914"
        ],
        "x-ms-correlation-request-id": [
          "3b385b1a-a31e-447c-bb90-6ab76d1b7a3c"
        ],
        "x-ms-routing-request-id": [
          "WESTUS2:20180110T065239Z:3b385b1a-a31e-447c-bb90-6ab76d1b7a3c"
        ],
        "Strict-Transport-Security": [
          "max-age=31536000; includeSubDomains"
        ]
      },
      "StatusCode": 200
    },
    {
      "RequestUri": "/subscriptions/0b1f6471-1bf0-4dda-aec3-cb9272f09590/resourceGroups/javasbmrg6374/providers/Microsoft.ServiceBus/namespaces/jvsbns8349/AuthorizationRules?api-version=2015-08-01",
      "EncodedRequestUri": "L3N1YnNjcmlwdGlvbnMvMGIxZjY0NzEtMWJmMC00ZGRhLWFlYzMtY2I5MjcyZjA5NTkwL3Jlc291cmNlR3JvdXBzL2phdmFzYm1yZzYzNzQvcHJvdmlkZXJzL01pY3Jvc29mdC5TZXJ2aWNlQnVzL25hbWVzcGFjZXMvanZzYm5zODM0OS9BdXRob3JpemF0aW9uUnVsZXM/YXBpLXZlcnNpb249MjAxNS0wOC0wMQ==",
      "RequestMethod": "GET",
      "RequestBody": "",
      "RequestHeaders": {
        "x-ms-client-request-id": [
          "c222cb0e-6a16-44ac-b8ea-f235c174ab01"
        ],
        "accept-language": [
          "en-US"
        ],
        "User-Agent": [
          "FxVersion/4.6.25211.01",
          "Microsoft.Azure.Management.ServiceBus.Fluent.ServiceBusManagementClient/1.4.1.0",
          "MacAddressHash/8aacf6245de346f347b0601b2da7a93ac9072c00fb7b723a469bc615c87f34d2"
        ]
      },
      "ResponseBody": "{\r\n  \"value\": [\r\n    {\r\n      \"id\": \"/subscriptions/0b1f6471-1bf0-4dda-aec3-cb9272f09590/resourceGroups/javasbmrg6374/providers/Microsoft.ServiceBus/namespaces/jvsbns8349/AuthorizationRules/RootManageSharedAccessKey\",\r\n      \"name\": \"RootManageSharedAccessKey\",\r\n      \"type\": \"Microsoft.ServiceBus/Namespaces/AuthorizationRules\",\r\n      \"location\": null,\r\n      \"tags\": null,\r\n      \"properties\": {\r\n        \"rights\": [\r\n          \"Listen\",\r\n          \"Manage\",\r\n          \"Send\"\r\n        ]\r\n      }\r\n    }\r\n  ],\r\n  \"nextLink\": null\r\n}",
      "ResponseHeaders": {
        "Content-Type": [
          "application/json; charset=utf-8"
        ],
        "Expires": [
          "-1"
        ],
        "Cache-Control": [
          "no-cache"
        ],
        "Date": [
          "Wed, 10 Jan 2018 06:52:55 GMT"
        ],
        "Pragma": [
          "no-cache"
        ],
        "Transfer-Encoding": [
          "chunked"
        ],
        "Server": [
          "Service-Bus-Resource-Provider/SN1",
          "Microsoft-HTTPAPI/2.0"
        ],
        "Vary": [
          "Accept-Encoding"
        ],
        "x-ms-request-id": [
          "79e2473c-52a6-438f-addf-cf00678cfc02_M3SN1_M3SN1"
        ],
        "Server-SB": [
          "Service-Bus-Resource-Provider/SN1"
        ],
        "x-ms-ratelimit-remaining-subscription-reads": [
          "14913"
        ],
        "x-ms-correlation-request-id": [
          "f5c8bbd3-9f81-4e8e-bbe9-9fff47c0e846"
        ],
        "x-ms-routing-request-id": [
          "WESTUS2:20180110T065255Z:f5c8bbd3-9f81-4e8e-bbe9-9fff47c0e846"
        ],
        "Strict-Transport-Security": [
          "max-age=31536000; includeSubDomains"
        ]
      },
      "StatusCode": 200
    },
    {
      "RequestUri": "/subscriptions/0b1f6471-1bf0-4dda-aec3-cb9272f09590/resourcegroups/javasbmrg6374?api-version=2016-02-01",
      "EncodedRequestUri": "L3N1YnNjcmlwdGlvbnMvMGIxZjY0NzEtMWJmMC00ZGRhLWFlYzMtY2I5MjcyZjA5NTkwL3Jlc291cmNlZ3JvdXBzL2phdmFzYm1yZzYzNzQ/YXBpLXZlcnNpb249MjAxNi0wMi0wMQ==",
      "RequestMethod": "DELETE",
      "RequestBody": "",
      "RequestHeaders": {
        "x-ms-client-request-id": [
          "f2cd3f65-2f37-4c8f-b557-1fd9a0235da2"
        ],
        "accept-language": [
          "en-US"
        ],
        "User-Agent": [
          "FxVersion/4.6.25211.01",
          "Microsoft.Azure.Management.ResourceManager.Fluent.ResourceManagementClient/1.4.1.0",
          "MacAddressHash/8aacf6245de346f347b0601b2da7a93ac9072c00fb7b723a469bc615c87f34d2"
        ]
      },
      "ResponseBody": "",
      "ResponseHeaders": {
        "Content-Length": [
          "0"
        ],
        "Expires": [
          "-1"
        ],
        "Cache-Control": [
          "no-cache"
        ],
        "Date": [
          "Wed, 10 Jan 2018 06:53:44 GMT"
        ],
        "Pragma": [
          "no-cache"
        ],
        "Location": [
          "https://management.azure.com/subscriptions/0b1f6471-1bf0-4dda-aec3-cb9272f09590/operationresults/eyJqb2JJZCI6IlJFU09VUkNFR1JPVVBERUxFVElPTkpPQi1KQVZBU0JNUkc2Mzc0LUVBU1RVUyIsImpvYkxvY2F0aW9uIjoiZWFzdHVzIn0?api-version=2016-02-01"
        ],
        "Retry-After": [
          "15"
        ],
        "x-ms-ratelimit-remaining-subscription-writes": [
          "1199"
        ],
        "x-ms-request-id": [
          "7e65368a-9e17-47f0-8613-65eb9a361a88"
        ],
        "x-ms-correlation-request-id": [
          "7e65368a-9e17-47f0-8613-65eb9a361a88"
        ],
        "x-ms-routing-request-id": [
          "WESTUS2:20180110T065344Z:7e65368a-9e17-47f0-8613-65eb9a361a88"
        ],
        "Strict-Transport-Security": [
          "max-age=31536000; includeSubDomains"
        ]
      },
      "StatusCode": 202
    },
    {
      "RequestUri": "/subscriptions/0b1f6471-1bf0-4dda-aec3-cb9272f09590/operationresults/eyJqb2JJZCI6IlJFU09VUkNFR1JPVVBERUxFVElPTkpPQi1KQVZBU0JNUkc2Mzc0LUVBU1RVUyIsImpvYkxvY2F0aW9uIjoiZWFzdHVzIn0?api-version=2016-02-01",
      "EncodedRequestUri": "L3N1YnNjcmlwdGlvbnMvMGIxZjY0NzEtMWJmMC00ZGRhLWFlYzMtY2I5MjcyZjA5NTkwL29wZXJhdGlvbnJlc3VsdHMvZXlKcWIySkpaQ0k2SWxKRlUwOVZVa05GUjFKUFZWQkVSVXhGVkVsUFRrcFBRaTFLUVZaQlUwSk5Va2MyTXpjMExVVkJVMVJWVXlJc0ltcHZZa3h2WTJGMGFXOXVJam9pWldGemRIVnpJbjA/YXBpLXZlcnNpb249MjAxNi0wMi0wMQ==",
      "RequestMethod": "GET",
      "RequestBody": "",
      "RequestHeaders": {
        "User-Agent": [
          "FxVersion/4.6.25211.01",
          "Microsoft.Azure.Management.ResourceManager.Fluent.ResourceManagementClient/1.4.1.0",
          "MacAddressHash/8aacf6245de346f347b0601b2da7a93ac9072c00fb7b723a469bc615c87f34d2"
        ]
      },
      "ResponseBody": "",
      "ResponseHeaders": {
        "Content-Length": [
          "0"
        ],
        "Expires": [
          "-1"
        ],
        "Cache-Control": [
          "no-cache"
        ],
        "Date": [
          "Wed, 10 Jan 2018 06:53:59 GMT"
        ],
        "Pragma": [
          "no-cache"
        ],
        "Location": [
          "https://management.azure.com/subscriptions/0b1f6471-1bf0-4dda-aec3-cb9272f09590/operationresults/eyJqb2JJZCI6IlJFU09VUkNFR1JPVVBERUxFVElPTkpPQi1KQVZBU0JNUkc2Mzc0LUVBU1RVUyIsImpvYkxvY2F0aW9uIjoiZWFzdHVzIn0?api-version=2016-02-01"
        ],
        "Retry-After": [
          "15"
        ],
        "x-ms-ratelimit-remaining-subscription-reads": [
          "14997"
        ],
        "x-ms-request-id": [
          "90279233-ac7c-43c5-99ff-5d7b683b954b"
        ],
        "x-ms-correlation-request-id": [
          "90279233-ac7c-43c5-99ff-5d7b683b954b"
        ],
        "x-ms-routing-request-id": [
          "WESTUS2:20180110T065359Z:90279233-ac7c-43c5-99ff-5d7b683b954b"
        ],
        "Strict-Transport-Security": [
          "max-age=31536000; includeSubDomains"
        ]
      },
      "StatusCode": 202
    },
    {
      "RequestUri": "/subscriptions/0b1f6471-1bf0-4dda-aec3-cb9272f09590/operationresults/eyJqb2JJZCI6IlJFU09VUkNFR1JPVVBERUxFVElPTkpPQi1KQVZBU0JNUkc2Mzc0LUVBU1RVUyIsImpvYkxvY2F0aW9uIjoiZWFzdHVzIn0?api-version=2016-02-01",
      "EncodedRequestUri": "L3N1YnNjcmlwdGlvbnMvMGIxZjY0NzEtMWJmMC00ZGRhLWFlYzMtY2I5MjcyZjA5NTkwL29wZXJhdGlvbnJlc3VsdHMvZXlKcWIySkpaQ0k2SWxKRlUwOVZVa05GUjFKUFZWQkVSVXhGVkVsUFRrcFBRaTFLUVZaQlUwSk5Va2MyTXpjMExVVkJVMVJWVXlJc0ltcHZZa3h2WTJGMGFXOXVJam9pWldGemRIVnpJbjA/YXBpLXZlcnNpb249MjAxNi0wMi0wMQ==",
      "RequestMethod": "GET",
      "RequestBody": "",
      "RequestHeaders": {
        "User-Agent": [
          "FxVersion/4.6.25211.01",
          "Microsoft.Azure.Management.ResourceManager.Fluent.ResourceManagementClient/1.4.1.0",
          "MacAddressHash/8aacf6245de346f347b0601b2da7a93ac9072c00fb7b723a469bc615c87f34d2"
        ]
      },
      "ResponseBody": "",
      "ResponseHeaders": {
        "Content-Length": [
          "0"
        ],
        "Expires": [
          "-1"
        ],
        "Cache-Control": [
          "no-cache"
        ],
        "Date": [
          "Wed, 10 Jan 2018 06:54:14 GMT"
        ],
        "Pragma": [
          "no-cache"
        ],
        "Location": [
          "https://management.azure.com/subscriptions/0b1f6471-1bf0-4dda-aec3-cb9272f09590/operationresults/eyJqb2JJZCI6IlJFU09VUkNFR1JPVVBERUxFVElPTkpPQi1KQVZBU0JNUkc2Mzc0LUVBU1RVUyIsImpvYkxvY2F0aW9uIjoiZWFzdHVzIn0?api-version=2016-02-01"
        ],
        "Retry-After": [
          "15"
        ],
        "x-ms-ratelimit-remaining-subscription-reads": [
          "14996"
        ],
        "x-ms-request-id": [
          "6123af01-2e24-4869-85f9-652e5264f639"
        ],
        "x-ms-correlation-request-id": [
          "6123af01-2e24-4869-85f9-652e5264f639"
        ],
        "x-ms-routing-request-id": [
          "WESTUS2:20180110T065415Z:6123af01-2e24-4869-85f9-652e5264f639"
        ],
        "Strict-Transport-Security": [
          "max-age=31536000; includeSubDomains"
        ]
      },
      "StatusCode": 202
    },
    {
      "RequestUri": "/subscriptions/0b1f6471-1bf0-4dda-aec3-cb9272f09590/operationresults/eyJqb2JJZCI6IlJFU09VUkNFR1JPVVBERUxFVElPTkpPQi1KQVZBU0JNUkc2Mzc0LUVBU1RVUyIsImpvYkxvY2F0aW9uIjoiZWFzdHVzIn0?api-version=2016-02-01",
      "EncodedRequestUri": "L3N1YnNjcmlwdGlvbnMvMGIxZjY0NzEtMWJmMC00ZGRhLWFlYzMtY2I5MjcyZjA5NTkwL29wZXJhdGlvbnJlc3VsdHMvZXlKcWIySkpaQ0k2SWxKRlUwOVZVa05GUjFKUFZWQkVSVXhGVkVsUFRrcFBRaTFLUVZaQlUwSk5Va2MyTXpjMExVVkJVMVJWVXlJc0ltcHZZa3h2WTJGMGFXOXVJam9pWldGemRIVnpJbjA/YXBpLXZlcnNpb249MjAxNi0wMi0wMQ==",
      "RequestMethod": "GET",
      "RequestBody": "",
      "RequestHeaders": {
        "User-Agent": [
          "FxVersion/4.6.25211.01",
          "Microsoft.Azure.Management.ResourceManager.Fluent.ResourceManagementClient/1.4.1.0",
          "MacAddressHash/8aacf6245de346f347b0601b2da7a93ac9072c00fb7b723a469bc615c87f34d2"
        ]
      },
      "ResponseBody": "",
      "ResponseHeaders": {
        "Content-Length": [
          "0"
        ],
        "Expires": [
          "-1"
        ],
        "Cache-Control": [
          "no-cache"
        ],
        "Date": [
          "Wed, 10 Jan 2018 06:54:30 GMT"
        ],
        "Pragma": [
          "no-cache"
        ],
        "Location": [
          "https://management.azure.com/subscriptions/0b1f6471-1bf0-4dda-aec3-cb9272f09590/operationresults/eyJqb2JJZCI6IlJFU09VUkNFR1JPVVBERUxFVElPTkpPQi1KQVZBU0JNUkc2Mzc0LUVBU1RVUyIsImpvYkxvY2F0aW9uIjoiZWFzdHVzIn0?api-version=2016-02-01"
        ],
        "Retry-After": [
          "15"
        ],
        "x-ms-ratelimit-remaining-subscription-reads": [
          "14995"
        ],
        "x-ms-request-id": [
          "9bf202c5-fb58-4700-954d-d8b5ab7f4316"
        ],
        "x-ms-correlation-request-id": [
          "9bf202c5-fb58-4700-954d-d8b5ab7f4316"
        ],
        "x-ms-routing-request-id": [
          "WESTUS2:20180110T065430Z:9bf202c5-fb58-4700-954d-d8b5ab7f4316"
        ],
        "Strict-Transport-Security": [
          "max-age=31536000; includeSubDomains"
        ]
      },
      "StatusCode": 202
    },
    {
      "RequestUri": "/subscriptions/0b1f6471-1bf0-4dda-aec3-cb9272f09590/operationresults/eyJqb2JJZCI6IlJFU09VUkNFR1JPVVBERUxFVElPTkpPQi1KQVZBU0JNUkc2Mzc0LUVBU1RVUyIsImpvYkxvY2F0aW9uIjoiZWFzdHVzIn0?api-version=2016-02-01",
      "EncodedRequestUri": "L3N1YnNjcmlwdGlvbnMvMGIxZjY0NzEtMWJmMC00ZGRhLWFlYzMtY2I5MjcyZjA5NTkwL29wZXJhdGlvbnJlc3VsdHMvZXlKcWIySkpaQ0k2SWxKRlUwOVZVa05GUjFKUFZWQkVSVXhGVkVsUFRrcFBRaTFLUVZaQlUwSk5Va2MyTXpjMExVVkJVMVJWVXlJc0ltcHZZa3h2WTJGMGFXOXVJam9pWldGemRIVnpJbjA/YXBpLXZlcnNpb249MjAxNi0wMi0wMQ==",
      "RequestMethod": "GET",
      "RequestBody": "",
      "RequestHeaders": {
        "User-Agent": [
          "FxVersion/4.6.25211.01",
          "Microsoft.Azure.Management.ResourceManager.Fluent.ResourceManagementClient/1.4.1.0",
          "MacAddressHash/8aacf6245de346f347b0601b2da7a93ac9072c00fb7b723a469bc615c87f34d2"
        ]
      },
      "ResponseBody": "",
      "ResponseHeaders": {
        "Content-Length": [
          "0"
        ],
        "Expires": [
          "-1"
        ],
        "Cache-Control": [
          "no-cache"
        ],
        "Date": [
          "Wed, 10 Jan 2018 06:54:45 GMT"
        ],
        "Pragma": [
          "no-cache"
        ],
        "Location": [
          "https://management.azure.com/subscriptions/0b1f6471-1bf0-4dda-aec3-cb9272f09590/operationresults/eyJqb2JJZCI6IlJFU09VUkNFR1JPVVBERUxFVElPTkpPQi1KQVZBU0JNUkc2Mzc0LUVBU1RVUyIsImpvYkxvY2F0aW9uIjoiZWFzdHVzIn0?api-version=2016-02-01"
        ],
        "Retry-After": [
          "15"
        ],
        "x-ms-ratelimit-remaining-subscription-reads": [
          "14994"
        ],
        "x-ms-request-id": [
          "e6881ea1-d0f7-4e8d-b0e7-6cf8dcdb0170"
        ],
        "x-ms-correlation-request-id": [
          "e6881ea1-d0f7-4e8d-b0e7-6cf8dcdb0170"
        ],
        "x-ms-routing-request-id": [
          "WESTUS2:20180110T065445Z:e6881ea1-d0f7-4e8d-b0e7-6cf8dcdb0170"
        ],
        "Strict-Transport-Security": [
          "max-age=31536000; includeSubDomains"
        ]
      },
      "StatusCode": 202
    },
    {
      "RequestUri": "/subscriptions/0b1f6471-1bf0-4dda-aec3-cb9272f09590/operationresults/eyJqb2JJZCI6IlJFU09VUkNFR1JPVVBERUxFVElPTkpPQi1KQVZBU0JNUkc2Mzc0LUVBU1RVUyIsImpvYkxvY2F0aW9uIjoiZWFzdHVzIn0?api-version=2016-02-01",
      "EncodedRequestUri": "L3N1YnNjcmlwdGlvbnMvMGIxZjY0NzEtMWJmMC00ZGRhLWFlYzMtY2I5MjcyZjA5NTkwL29wZXJhdGlvbnJlc3VsdHMvZXlKcWIySkpaQ0k2SWxKRlUwOVZVa05GUjFKUFZWQkVSVXhGVkVsUFRrcFBRaTFLUVZaQlUwSk5Va2MyTXpjMExVVkJVMVJWVXlJc0ltcHZZa3h2WTJGMGFXOXVJam9pWldGemRIVnpJbjA/YXBpLXZlcnNpb249MjAxNi0wMi0wMQ==",
      "RequestMethod": "GET",
      "RequestBody": "",
      "RequestHeaders": {
        "User-Agent": [
          "FxVersion/4.6.25211.01",
          "Microsoft.Azure.Management.ResourceManager.Fluent.ResourceManagementClient/1.4.1.0",
          "MacAddressHash/8aacf6245de346f347b0601b2da7a93ac9072c00fb7b723a469bc615c87f34d2"
        ]
      },
      "ResponseBody": "",
      "ResponseHeaders": {
        "Content-Length": [
          "0"
        ],
        "Expires": [
          "-1"
        ],
        "Cache-Control": [
          "no-cache"
        ],
        "Date": [
          "Wed, 10 Jan 2018 06:55:00 GMT"
        ],
        "Pragma": [
          "no-cache"
        ],
        "Location": [
          "https://management.azure.com/subscriptions/0b1f6471-1bf0-4dda-aec3-cb9272f09590/operationresults/eyJqb2JJZCI6IlJFU09VUkNFR1JPVVBERUxFVElPTkpPQi1KQVZBU0JNUkc2Mzc0LUVBU1RVUyIsImpvYkxvY2F0aW9uIjoiZWFzdHVzIn0?api-version=2016-02-01"
        ],
        "Retry-After": [
          "15"
        ],
        "x-ms-ratelimit-remaining-subscription-reads": [
          "14993"
        ],
        "x-ms-request-id": [
          "4f4ca543-089c-46a1-923b-66abbebab3a7"
        ],
        "x-ms-correlation-request-id": [
          "4f4ca543-089c-46a1-923b-66abbebab3a7"
        ],
        "x-ms-routing-request-id": [
          "WESTUS2:20180110T065500Z:4f4ca543-089c-46a1-923b-66abbebab3a7"
        ],
        "Strict-Transport-Security": [
          "max-age=31536000; includeSubDomains"
        ]
      },
      "StatusCode": 202
    },
    {
      "RequestUri": "/subscriptions/0b1f6471-1bf0-4dda-aec3-cb9272f09590/operationresults/eyJqb2JJZCI6IlJFU09VUkNFR1JPVVBERUxFVElPTkpPQi1KQVZBU0JNUkc2Mzc0LUVBU1RVUyIsImpvYkxvY2F0aW9uIjoiZWFzdHVzIn0?api-version=2016-02-01",
      "EncodedRequestUri": "L3N1YnNjcmlwdGlvbnMvMGIxZjY0NzEtMWJmMC00ZGRhLWFlYzMtY2I5MjcyZjA5NTkwL29wZXJhdGlvbnJlc3VsdHMvZXlKcWIySkpaQ0k2SWxKRlUwOVZVa05GUjFKUFZWQkVSVXhGVkVsUFRrcFBRaTFLUVZaQlUwSk5Va2MyTXpjMExVVkJVMVJWVXlJc0ltcHZZa3h2WTJGMGFXOXVJam9pWldGemRIVnpJbjA/YXBpLXZlcnNpb249MjAxNi0wMi0wMQ==",
      "RequestMethod": "GET",
      "RequestBody": "",
      "RequestHeaders": {
        "User-Agent": [
          "FxVersion/4.6.25211.01",
          "Microsoft.Azure.Management.ResourceManager.Fluent.ResourceManagementClient/1.4.1.0",
          "MacAddressHash/8aacf6245de346f347b0601b2da7a93ac9072c00fb7b723a469bc615c87f34d2"
        ]
      },
      "ResponseBody": "",
      "ResponseHeaders": {
        "Content-Length": [
          "0"
        ],
        "Expires": [
          "-1"
        ],
        "Cache-Control": [
          "no-cache"
        ],
        "Date": [
          "Wed, 10 Jan 2018 06:55:15 GMT"
        ],
        "Pragma": [
          "no-cache"
        ],
        "Location": [
          "https://management.azure.com/subscriptions/0b1f6471-1bf0-4dda-aec3-cb9272f09590/operationresults/eyJqb2JJZCI6IlJFU09VUkNFR1JPVVBERUxFVElPTkpPQi1KQVZBU0JNUkc2Mzc0LUVBU1RVUyIsImpvYkxvY2F0aW9uIjoiZWFzdHVzIn0?api-version=2016-02-01"
        ],
        "Retry-After": [
          "15"
        ],
        "x-ms-ratelimit-remaining-subscription-reads": [
          "14992"
        ],
        "x-ms-request-id": [
          "ef326098-370a-4998-8d76-91712b9d20e6"
        ],
        "x-ms-correlation-request-id": [
          "ef326098-370a-4998-8d76-91712b9d20e6"
        ],
        "x-ms-routing-request-id": [
          "WESTUS2:20180110T065515Z:ef326098-370a-4998-8d76-91712b9d20e6"
        ],
        "Strict-Transport-Security": [
          "max-age=31536000; includeSubDomains"
        ]
      },
      "StatusCode": 202
    },
    {
      "RequestUri": "/subscriptions/0b1f6471-1bf0-4dda-aec3-cb9272f09590/operationresults/eyJqb2JJZCI6IlJFU09VUkNFR1JPVVBERUxFVElPTkpPQi1KQVZBU0JNUkc2Mzc0LUVBU1RVUyIsImpvYkxvY2F0aW9uIjoiZWFzdHVzIn0?api-version=2016-02-01",
      "EncodedRequestUri": "L3N1YnNjcmlwdGlvbnMvMGIxZjY0NzEtMWJmMC00ZGRhLWFlYzMtY2I5MjcyZjA5NTkwL29wZXJhdGlvbnJlc3VsdHMvZXlKcWIySkpaQ0k2SWxKRlUwOVZVa05GUjFKUFZWQkVSVXhGVkVsUFRrcFBRaTFLUVZaQlUwSk5Va2MyTXpjMExVVkJVMVJWVXlJc0ltcHZZa3h2WTJGMGFXOXVJam9pWldGemRIVnpJbjA/YXBpLXZlcnNpb249MjAxNi0wMi0wMQ==",
      "RequestMethod": "GET",
      "RequestBody": "",
      "RequestHeaders": {
        "User-Agent": [
          "FxVersion/4.6.25211.01",
          "Microsoft.Azure.Management.ResourceManager.Fluent.ResourceManagementClient/1.4.1.0",
          "MacAddressHash/8aacf6245de346f347b0601b2da7a93ac9072c00fb7b723a469bc615c87f34d2"
        ]
      },
      "ResponseBody": "",
      "ResponseHeaders": {
        "Content-Length": [
          "0"
        ],
        "Expires": [
          "-1"
        ],
        "Cache-Control": [
          "no-cache"
        ],
        "Date": [
          "Wed, 10 Jan 2018 06:55:30 GMT"
        ],
        "Pragma": [
          "no-cache"
        ],
        "Location": [
          "https://management.azure.com/subscriptions/0b1f6471-1bf0-4dda-aec3-cb9272f09590/operationresults/eyJqb2JJZCI6IlJFU09VUkNFR1JPVVBERUxFVElPTkpPQi1KQVZBU0JNUkc2Mzc0LUVBU1RVUyIsImpvYkxvY2F0aW9uIjoiZWFzdHVzIn0?api-version=2016-02-01"
        ],
        "Retry-After": [
          "15"
        ],
        "x-ms-ratelimit-remaining-subscription-reads": [
          "14991"
        ],
        "x-ms-request-id": [
          "492306f5-5b9c-46d6-86f4-a75b003f6cfd"
        ],
        "x-ms-correlation-request-id": [
          "492306f5-5b9c-46d6-86f4-a75b003f6cfd"
        ],
        "x-ms-routing-request-id": [
          "WESTUS2:20180110T065530Z:492306f5-5b9c-46d6-86f4-a75b003f6cfd"
        ],
        "Strict-Transport-Security": [
          "max-age=31536000; includeSubDomains"
        ]
      },
      "StatusCode": 202
    },
    {
      "RequestUri": "/subscriptions/0b1f6471-1bf0-4dda-aec3-cb9272f09590/operationresults/eyJqb2JJZCI6IlJFU09VUkNFR1JPVVBERUxFVElPTkpPQi1KQVZBU0JNUkc2Mzc0LUVBU1RVUyIsImpvYkxvY2F0aW9uIjoiZWFzdHVzIn0?api-version=2016-02-01",
      "EncodedRequestUri": "L3N1YnNjcmlwdGlvbnMvMGIxZjY0NzEtMWJmMC00ZGRhLWFlYzMtY2I5MjcyZjA5NTkwL29wZXJhdGlvbnJlc3VsdHMvZXlKcWIySkpaQ0k2SWxKRlUwOVZVa05GUjFKUFZWQkVSVXhGVkVsUFRrcFBRaTFLUVZaQlUwSk5Va2MyTXpjMExVVkJVMVJWVXlJc0ltcHZZa3h2WTJGMGFXOXVJam9pWldGemRIVnpJbjA/YXBpLXZlcnNpb249MjAxNi0wMi0wMQ==",
      "RequestMethod": "GET",
      "RequestBody": "",
      "RequestHeaders": {
        "User-Agent": [
          "FxVersion/4.6.25211.01",
          "Microsoft.Azure.Management.ResourceManager.Fluent.ResourceManagementClient/1.4.1.0",
          "MacAddressHash/8aacf6245de346f347b0601b2da7a93ac9072c00fb7b723a469bc615c87f34d2"
        ]
      },
      "ResponseBody": "",
      "ResponseHeaders": {
        "Content-Length": [
          "0"
        ],
        "Expires": [
          "-1"
        ],
        "Cache-Control": [
          "no-cache"
        ],
        "Date": [
          "Wed, 10 Jan 2018 06:55:46 GMT"
        ],
        "Pragma": [
          "no-cache"
        ],
        "Location": [
          "https://management.azure.com/subscriptions/0b1f6471-1bf0-4dda-aec3-cb9272f09590/operationresults/eyJqb2JJZCI6IlJFU09VUkNFR1JPVVBERUxFVElPTkpPQi1KQVZBU0JNUkc2Mzc0LUVBU1RVUyIsImpvYkxvY2F0aW9uIjoiZWFzdHVzIn0?api-version=2016-02-01"
        ],
        "Retry-After": [
          "15"
        ],
        "x-ms-ratelimit-remaining-subscription-reads": [
          "14990"
        ],
        "x-ms-request-id": [
          "d1ec8ea5-7d1d-4219-acc6-7908d637b400"
        ],
        "x-ms-correlation-request-id": [
          "d1ec8ea5-7d1d-4219-acc6-7908d637b400"
        ],
        "x-ms-routing-request-id": [
          "WESTUS2:20180110T065546Z:d1ec8ea5-7d1d-4219-acc6-7908d637b400"
        ],
        "Strict-Transport-Security": [
          "max-age=31536000; includeSubDomains"
        ]
      },
      "StatusCode": 202
    },
    {
      "RequestUri": "/subscriptions/0b1f6471-1bf0-4dda-aec3-cb9272f09590/operationresults/eyJqb2JJZCI6IlJFU09VUkNFR1JPVVBERUxFVElPTkpPQi1KQVZBU0JNUkc2Mzc0LUVBU1RVUyIsImpvYkxvY2F0aW9uIjoiZWFzdHVzIn0?api-version=2016-02-01",
      "EncodedRequestUri": "L3N1YnNjcmlwdGlvbnMvMGIxZjY0NzEtMWJmMC00ZGRhLWFlYzMtY2I5MjcyZjA5NTkwL29wZXJhdGlvbnJlc3VsdHMvZXlKcWIySkpaQ0k2SWxKRlUwOVZVa05GUjFKUFZWQkVSVXhGVkVsUFRrcFBRaTFLUVZaQlUwSk5Va2MyTXpjMExVVkJVMVJWVXlJc0ltcHZZa3h2WTJGMGFXOXVJam9pWldGemRIVnpJbjA/YXBpLXZlcnNpb249MjAxNi0wMi0wMQ==",
      "RequestMethod": "GET",
      "RequestBody": "",
      "RequestHeaders": {
        "User-Agent": [
          "FxVersion/4.6.25211.01",
          "Microsoft.Azure.Management.ResourceManager.Fluent.ResourceManagementClient/1.4.1.0",
          "MacAddressHash/8aacf6245de346f347b0601b2da7a93ac9072c00fb7b723a469bc615c87f34d2"
        ]
      },
      "ResponseBody": "",
      "ResponseHeaders": {
        "Content-Length": [
          "0"
        ],
        "Expires": [
          "-1"
        ],
        "Cache-Control": [
          "no-cache"
        ],
        "Date": [
          "Wed, 10 Jan 2018 06:56:01 GMT"
        ],
        "Pragma": [
          "no-cache"
        ],
        "Location": [
          "https://management.azure.com/subscriptions/0b1f6471-1bf0-4dda-aec3-cb9272f09590/operationresults/eyJqb2JJZCI6IlJFU09VUkNFR1JPVVBERUxFVElPTkpPQi1KQVZBU0JNUkc2Mzc0LUVBU1RVUyIsImpvYkxvY2F0aW9uIjoiZWFzdHVzIn0?api-version=2016-02-01"
        ],
        "Retry-After": [
          "15"
        ],
        "x-ms-ratelimit-remaining-subscription-reads": [
          "14989"
        ],
        "x-ms-request-id": [
          "a8fee937-19c6-459a-8afa-3e03026bff97"
        ],
        "x-ms-correlation-request-id": [
          "a8fee937-19c6-459a-8afa-3e03026bff97"
        ],
        "x-ms-routing-request-id": [
          "WESTUS2:20180110T065601Z:a8fee937-19c6-459a-8afa-3e03026bff97"
        ],
        "Strict-Transport-Security": [
          "max-age=31536000; includeSubDomains"
        ]
      },
      "StatusCode": 202
    },
    {
      "RequestUri": "/subscriptions/0b1f6471-1bf0-4dda-aec3-cb9272f09590/operationresults/eyJqb2JJZCI6IlJFU09VUkNFR1JPVVBERUxFVElPTkpPQi1KQVZBU0JNUkc2Mzc0LUVBU1RVUyIsImpvYkxvY2F0aW9uIjoiZWFzdHVzIn0?api-version=2016-02-01",
      "EncodedRequestUri": "L3N1YnNjcmlwdGlvbnMvMGIxZjY0NzEtMWJmMC00ZGRhLWFlYzMtY2I5MjcyZjA5NTkwL29wZXJhdGlvbnJlc3VsdHMvZXlKcWIySkpaQ0k2SWxKRlUwOVZVa05GUjFKUFZWQkVSVXhGVkVsUFRrcFBRaTFLUVZaQlUwSk5Va2MyTXpjMExVVkJVMVJWVXlJc0ltcHZZa3h2WTJGMGFXOXVJam9pWldGemRIVnpJbjA/YXBpLXZlcnNpb249MjAxNi0wMi0wMQ==",
      "RequestMethod": "GET",
      "RequestBody": "",
      "RequestHeaders": {
        "User-Agent": [
          "FxVersion/4.6.25211.01",
          "Microsoft.Azure.Management.ResourceManager.Fluent.ResourceManagementClient/1.4.1.0",
          "MacAddressHash/8aacf6245de346f347b0601b2da7a93ac9072c00fb7b723a469bc615c87f34d2"
        ]
      },
      "ResponseBody": "",
      "ResponseHeaders": {
        "Content-Length": [
          "0"
        ],
        "Expires": [
          "-1"
        ],
        "Cache-Control": [
          "no-cache"
        ],
        "Date": [
          "Wed, 10 Jan 2018 06:56:15 GMT"
        ],
        "Pragma": [
          "no-cache"
        ],
        "x-ms-ratelimit-remaining-subscription-reads": [
          "14988"
        ],
        "x-ms-request-id": [
          "4ffbf6c1-4de0-4bdb-a68f-1a5f385636cb"
        ],
        "x-ms-correlation-request-id": [
          "4ffbf6c1-4de0-4bdb-a68f-1a5f385636cb"
        ],
        "x-ms-routing-request-id": [
          "WESTUS2:20180110T065616Z:4ffbf6c1-4de0-4bdb-a68f-1a5f385636cb"
        ],
        "Strict-Transport-Security": [
          "max-age=31536000; includeSubDomains"
        ]
      },
      "StatusCode": 200
    }
  ],
  "Names": {
    "CanCRUDOnSimpleNamespace": [
      "javasbmrg6374",
      "jvsbns8349"
    ]
  },
  "Variables": {
    "ServicePrincipal": "a971e5df-eeb7-4481-9bf7-e72e66a2ba12",
    "AADTenant": "54826b22-38d6-4fb2-bad9-b7b93a3e9c5a",
    "SubscriptionId": "0b1f6471-1bf0-4dda-aec3-cb9272f09590"
  }
}