{
  "Entries": [
    {
      "RequestUri": "/subscriptions/c549f475-dee8-428c-bb19-829a55e52f77/resourcegroups/rg1270?api-version=2016-02-01",
      "EncodedRequestUri": "L3N1YnNjcmlwdGlvbnMvYzU0OWY0NzUtZGVlOC00MjhjLWJiMTktODI5YTU1ZTUyZjc3L3Jlc291cmNlZ3JvdXBzL3JnMTI3MD9hcGktdmVyc2lvbj0yMDE2LTAyLTAx",
      "RequestMethod": "PUT",
      "RequestBody": "{\r\n  \"location\": \"eastus\"\r\n}",
      "RequestHeaders": {
        "Content-Type": [
          "application/json; charset=utf-8"
        ],
        "Content-Length": [
          "28"
        ],
        "x-ms-client-request-id": [
          "56ec051d-ff62-4d0a-b408-3fd19e9431d3"
        ],
        "accept-language": [
          "en-US"
        ],
        "User-Agent": [
          "FxVersion/4.6.25211.01",
          "Microsoft.Azure.Management.ResourceManager.Fluent.ResourceManagementClient/1.2.0.0",
          "MacAddressHash/3270a997f9e7afffdd4282ff951f775d27066664b70f9a38e2a52a59d81aa109"
        ]
      },
      "ResponseBody": "{\r\n  \"id\": \"/subscriptions/c549f475-dee8-428c-bb19-829a55e52f77/resourceGroups/rg1270\",\r\n  \"name\": \"rg1270\",\r\n  \"location\": \"eastus\",\r\n  \"properties\": {\r\n    \"provisioningState\": \"Succeeded\"\r\n  }\r\n}",
      "ResponseHeaders": {
        "Content-Length": [
          "165"
        ],
        "Content-Type": [
          "application/json; charset=utf-8"
        ],
        "Expires": [
          "-1"
        ],
        "Cache-Control": [
          "no-cache"
        ],
        "Date": [
          "Tue, 12 Sep 2017 22:50:34 GMT"
        ],
        "Pragma": [
          "no-cache"
        ],
        "x-ms-ratelimit-remaining-subscription-writes": [
          "1197"
        ],
        "x-ms-request-id": [
          "a956342e-d56d-4a44-8449-60e999796e97"
        ],
        "x-ms-correlation-request-id": [
          "a956342e-d56d-4a44-8449-60e999796e97"
        ],
        "x-ms-routing-request-id": [
          "WESTUS2:20170912T225034Z:a956342e-d56d-4a44-8449-60e999796e97"
        ],
        "Strict-Transport-Security": [
          "max-age=31536000; includeSubDomains"
        ]
      },
      "StatusCode": 201
    },
    {
      "RequestUri": "/subscriptions/c549f475-dee8-428c-bb19-829a55e52f77/resourcegroups/rg1270?api-version=2016-02-01",
      "EncodedRequestUri": "L3N1YnNjcmlwdGlvbnMvYzU0OWY0NzUtZGVlOC00MjhjLWJiMTktODI5YTU1ZTUyZjc3L3Jlc291cmNlZ3JvdXBzL3JnMTI3MD9hcGktdmVyc2lvbj0yMDE2LTAyLTAx",
      "RequestMethod": "PUT",
      "RequestBody": "{\r\n  \"location\": \"eastus\"\r\n}",
      "RequestHeaders": {
        "Content-Type": [
          "application/json; charset=utf-8"
        ],
        "Content-Length": [
          "28"
        ],
        "x-ms-client-request-id": [
          "abd483ef-f6ba-46a0-ab71-e65e199d43be"
        ],
        "accept-language": [
          "en-US"
        ],
        "User-Agent": [
          "FxVersion/4.6.25211.01",
          "Microsoft.Azure.Management.ResourceManager.Fluent.ResourceManagementClient/1.2.0.0",
          "MacAddressHash/3270a997f9e7afffdd4282ff951f775d27066664b70f9a38e2a52a59d81aa109"
        ]
      },
      "ResponseBody": "{\r\n  \"id\": \"/subscriptions/c549f475-dee8-428c-bb19-829a55e52f77/resourceGroups/rg1270\",\r\n  \"name\": \"rg1270\",\r\n  \"location\": \"eastus\",\r\n  \"properties\": {\r\n    \"provisioningState\": \"Succeeded\"\r\n  }\r\n}",
      "ResponseHeaders": {
        "Content-Length": [
          "165"
        ],
        "Content-Type": [
          "application/json; charset=utf-8"
        ],
        "Expires": [
          "-1"
        ],
        "Cache-Control": [
          "no-cache"
        ],
        "Date": [
          "Tue, 12 Sep 2017 22:50:34 GMT"
        ],
        "Pragma": [
          "no-cache"
        ],
        "x-ms-ratelimit-remaining-subscription-writes": [
          "1199"
        ],
        "x-ms-request-id": [
          "9f658079-10b0-453f-bee5-4cd21fb74576"
        ],
        "x-ms-correlation-request-id": [
          "9f658079-10b0-453f-bee5-4cd21fb74576"
        ],
        "x-ms-routing-request-id": [
          "WESTUS2:20170912T225035Z:9f658079-10b0-453f-bee5-4cd21fb74576"
        ],
        "Strict-Transport-Security": [
          "max-age=31536000; includeSubDomains"
        ]
      },
      "StatusCode": 201
    },
    {
      "RequestUri": "/subscriptions/c549f475-dee8-428c-bb19-829a55e52f77/resourceGroups/rg1270/providers/Microsoft.Network/virtualNetworks/netB1270?api-version=2017-08-01",
      "EncodedRequestUri": "L3N1YnNjcmlwdGlvbnMvYzU0OWY0NzUtZGVlOC00MjhjLWJiMTktODI5YTU1ZTUyZjc3L3Jlc291cmNlR3JvdXBzL3JnMTI3MC9wcm92aWRlcnMvTWljcm9zb2Z0Lk5ldHdvcmsvdmlydHVhbE5ldHdvcmtzL25ldEIxMjcwP2FwaS12ZXJzaW9uPTIwMTctMDgtMDE=",
      "RequestMethod": "PUT",
      "RequestBody": "{\r\n  \"properties\": {\r\n    \"addressSpace\": {\r\n      \"addressPrefixes\": [\r\n        \"10.1.0.0/27\"\r\n      ]\r\n    },\r\n    \"dhcpOptions\": {\r\n      \"dnsServers\": []\r\n    },\r\n    \"subnets\": [\r\n      {\r\n        \"properties\": {\r\n          \"addressPrefix\": \"10.1.0.0/27\"\r\n        },\r\n        \"name\": \"subnet3\"\r\n      }\r\n    ]\r\n  },\r\n  \"location\": \"eastus\",\r\n  \"tags\": {}\r\n}",
      "RequestHeaders": {
        "Content-Type": [
          "application/json; charset=utf-8"
        ],
        "Content-Length": [
          "362"
        ],
        "x-ms-client-request-id": [
          "ccc6b147-7a48-4798-bfff-7edee6244667"
        ],
        "accept-language": [
          "en-US"
        ],
        "User-Agent": [
          "FxVersion/4.6.25211.01",
          "Microsoft.Azure.Management.Network.Fluent.NetworkManagementClient/1.2.0.0",
          "MacAddressHash/3270a997f9e7afffdd4282ff951f775d27066664b70f9a38e2a52a59d81aa109"
        ]
      },
      "ResponseBody": "{\r\n  \"name\": \"netB1270\",\r\n  \"id\": \"/subscriptions/c549f475-dee8-428c-bb19-829a55e52f77/resourceGroups/rg1270/providers/Microsoft.Network/virtualNetworks/netB1270\",\r\n  \"etag\": \"W/\\\"51c622bf-e4e9-4839-b7a6-7678ddbca73c\\\"\",\r\n  \"type\": \"Microsoft.Network/virtualNetworks\",\r\n  \"location\": \"eastus\",\r\n  \"tags\": {},\r\n  \"properties\": {\r\n    \"provisioningState\": \"Updating\",\r\n    \"resourceGuid\": \"f1c3cad0-b4ad-4482-b5b1-a82cad9bf65d\",\r\n    \"addressSpace\": {\r\n      \"addressPrefixes\": [\r\n        \"10.1.0.0/27\"\r\n      ]\r\n    },\r\n    \"dhcpOptions\": {\r\n      \"dnsServers\": []\r\n    },\r\n    \"subnets\": [\r\n      {\r\n        \"name\": \"subnet3\",\r\n        \"id\": \"/subscriptions/c549f475-dee8-428c-bb19-829a55e52f77/resourceGroups/rg1270/providers/Microsoft.Network/virtualNetworks/netB1270/subnets/subnet3\",\r\n        \"etag\": \"W/\\\"51c622bf-e4e9-4839-b7a6-7678ddbca73c\\\"\",\r\n        \"properties\": {\r\n          \"provisioningState\": \"Updating\",\r\n          \"addressPrefix\": \"10.1.0.0/27\"\r\n        }\r\n      }\r\n    ],\r\n    \"virtualNetworkPeerings\": [],\r\n    \"enableDdosProtection\": false,\r\n    \"enableVmProtection\": false\r\n  }\r\n}",
      "ResponseHeaders": {
        "Content-Length": [
          "1101"
        ],
        "Content-Type": [
          "application/json; charset=utf-8"
        ],
        "Expires": [
          "-1"
        ],
        "Cache-Control": [
          "no-cache"
        ],
        "Date": [
          "Tue, 12 Sep 2017 22:50:36 GMT"
        ],
        "Pragma": [
          "no-cache"
        ],
        "Retry-After": [
          "3"
        ],
        "Server": [
          "Microsoft-HTTPAPI/2.0",
          "Microsoft-HTTPAPI/2.0"
        ],
        "x-ms-request-id": [
          "c4af680e-a966-4ef4-90d0-c4222f39ec2f"
        ],
        "Azure-AsyncOperation": [
          "https://management.azure.com/subscriptions/c549f475-dee8-428c-bb19-829a55e52f77/providers/Microsoft.Network/locations/eastus/operations/c4af680e-a966-4ef4-90d0-c4222f39ec2f?api-version=2017-08-01"
        ],
        "Strict-Transport-Security": [
          "max-age=31536000; includeSubDomains"
        ],
        "x-ms-ratelimit-remaining-subscription-writes": [
          "1196"
        ],
        "x-ms-correlation-request-id": [
          "807753e3-96d2-434b-89ae-52fde325ebc0"
        ],
        "x-ms-routing-request-id": [
          "WESTUS2:20170912T225036Z:807753e3-96d2-434b-89ae-52fde325ebc0"
        ]
      },
      "StatusCode": 201
    },
    {
      "RequestUri": "/subscriptions/c549f475-dee8-428c-bb19-829a55e52f77/resourceGroups/rg1270/providers/Microsoft.Network/virtualNetworks/netA1270?api-version=2017-08-01",
      "EncodedRequestUri": "L3N1YnNjcmlwdGlvbnMvYzU0OWY0NzUtZGVlOC00MjhjLWJiMTktODI5YTU1ZTUyZjc3L3Jlc291cmNlR3JvdXBzL3JnMTI3MC9wcm92aWRlcnMvTWljcm9zb2Z0Lk5ldHdvcmsvdmlydHVhbE5ldHdvcmtzL25ldEExMjcwP2FwaS12ZXJzaW9uPTIwMTctMDgtMDE=",
      "RequestMethod": "PUT",
      "RequestBody": "{\r\n  \"properties\": {\r\n    \"addressSpace\": {\r\n      \"addressPrefixes\": [\r\n        \"10.0.0.0/27\"\r\n      ]\r\n    },\r\n    \"dhcpOptions\": {\r\n      \"dnsServers\": []\r\n    },\r\n    \"subnets\": [\r\n      {\r\n        \"properties\": {\r\n          \"addressPrefix\": \"10.0.0.0/28\"\r\n        },\r\n        \"name\": \"subnet1\"\r\n      },\r\n      {\r\n        \"properties\": {\r\n          \"addressPrefix\": \"10.0.0.16/28\"\r\n        },\r\n        \"name\": \"subnet2\"\r\n      }\r\n    ]\r\n  },\r\n  \"location\": \"eastus\",\r\n  \"tags\": {}\r\n}",
      "RequestHeaders": {
        "Content-Type": [
          "application/json; charset=utf-8"
        ],
        "Content-Length": [
          "488"
        ],
        "x-ms-client-request-id": [
          "8007336f-f80a-4f92-a372-7112d3fbe51d"
        ],
        "accept-language": [
          "en-US"
        ],
        "User-Agent": [
          "FxVersion/4.6.25211.01",
          "Microsoft.Azure.Management.Network.Fluent.NetworkManagementClient/1.2.0.0",
          "MacAddressHash/3270a997f9e7afffdd4282ff951f775d27066664b70f9a38e2a52a59d81aa109"
        ]
      },
      "ResponseBody": "{\r\n  \"name\": \"netA1270\",\r\n  \"id\": \"/subscriptions/c549f475-dee8-428c-bb19-829a55e52f77/resourceGroups/rg1270/providers/Microsoft.Network/virtualNetworks/netA1270\",\r\n  \"etag\": \"W/\\\"c81279a8-779f-46e9-92c9-7aea8a9ad4fa\\\"\",\r\n  \"type\": \"Microsoft.Network/virtualNetworks\",\r\n  \"location\": \"eastus\",\r\n  \"tags\": {},\r\n  \"properties\": {\r\n    \"provisioningState\": \"Updating\",\r\n    \"resourceGuid\": \"001a631d-f0e2-4494-b261-d86c21a3f284\",\r\n    \"addressSpace\": {\r\n      \"addressPrefixes\": [\r\n        \"10.0.0.0/27\"\r\n      ]\r\n    },\r\n    \"dhcpOptions\": {\r\n      \"dnsServers\": []\r\n    },\r\n    \"subnets\": [\r\n      {\r\n        \"name\": \"subnet1\",\r\n        \"id\": \"/subscriptions/c549f475-dee8-428c-bb19-829a55e52f77/resourceGroups/rg1270/providers/Microsoft.Network/virtualNetworks/netA1270/subnets/subnet1\",\r\n        \"etag\": \"W/\\\"c81279a8-779f-46e9-92c9-7aea8a9ad4fa\\\"\",\r\n        \"properties\": {\r\n          \"provisioningState\": \"Updating\",\r\n          \"addressPrefix\": \"10.0.0.0/28\"\r\n        }\r\n      },\r\n      {\r\n        \"name\": \"subnet2\",\r\n        \"id\": \"/subscriptions/c549f475-dee8-428c-bb19-829a55e52f77/resourceGroups/rg1270/providers/Microsoft.Network/virtualNetworks/netA1270/subnets/subnet2\",\r\n        \"etag\": \"W/\\\"c81279a8-779f-46e9-92c9-7aea8a9ad4fa\\\"\",\r\n        \"properties\": {\r\n          \"provisioningState\": \"Updating\",\r\n          \"addressPrefix\": \"10.0.0.16/28\"\r\n        }\r\n      }\r\n    ],\r\n    \"virtualNetworkPeerings\": [],\r\n    \"enableDdosProtection\": false,\r\n    \"enableVmProtection\": false\r\n  }\r\n}",
      "ResponseHeaders": {
        "Content-Length": [
          "1495"
        ],
        "Content-Type": [
          "application/json; charset=utf-8"
        ],
        "Expires": [
          "-1"
        ],
        "Cache-Control": [
          "no-cache"
        ],
        "Date": [
          "Tue, 12 Sep 2017 22:50:36 GMT"
        ],
        "Pragma": [
          "no-cache"
        ],
        "Retry-After": [
          "3"
        ],
        "Server": [
          "Microsoft-HTTPAPI/2.0",
          "Microsoft-HTTPAPI/2.0"
        ],
        "x-ms-request-id": [
          "6e02335c-df79-44e7-9a8f-3f18d27f1066"
        ],
        "Azure-AsyncOperation": [
          "https://management.azure.com/subscriptions/c549f475-dee8-428c-bb19-829a55e52f77/providers/Microsoft.Network/locations/eastus/operations/6e02335c-df79-44e7-9a8f-3f18d27f1066?api-version=2017-08-01"
        ],
        "Strict-Transport-Security": [
          "max-age=31536000; includeSubDomains"
        ],
        "x-ms-ratelimit-remaining-subscription-writes": [
          "1198"
        ],
        "x-ms-correlation-request-id": [
          "1473feb8-66ec-45fd-98e2-b56efd58022b"
        ],
        "x-ms-routing-request-id": [
          "WESTUS2:20170912T225036Z:1473feb8-66ec-45fd-98e2-b56efd58022b"
        ]
      },
      "StatusCode": 201
    },
    {
      "RequestUri": "/subscriptions/c549f475-dee8-428c-bb19-829a55e52f77/providers/Microsoft.Network/locations/eastus/operations/c4af680e-a966-4ef4-90d0-c4222f39ec2f?api-version=2017-08-01",
      "EncodedRequestUri": "L3N1YnNjcmlwdGlvbnMvYzU0OWY0NzUtZGVlOC00MjhjLWJiMTktODI5YTU1ZTUyZjc3L3Byb3ZpZGVycy9NaWNyb3NvZnQuTmV0d29yay9sb2NhdGlvbnMvZWFzdHVzL29wZXJhdGlvbnMvYzRhZjY4MGUtYTk2Ni00ZWY0LTkwZDAtYzQyMjJmMzllYzJmP2FwaS12ZXJzaW9uPTIwMTctMDgtMDE=",
      "RequestMethod": "GET",
      "RequestBody": "",
      "RequestHeaders": {
        "User-Agent": [
          "FxVersion/4.6.25211.01",
          "Microsoft.Azure.Management.Network.Fluent.NetworkManagementClient/1.2.0.0",
          "MacAddressHash/3270a997f9e7afffdd4282ff951f775d27066664b70f9a38e2a52a59d81aa109"
        ]
      },
      "ResponseBody": "{\r\n  \"status\": \"Succeeded\"\r\n}",
      "ResponseHeaders": {
        "Content-Type": [
          "application/json; charset=utf-8"
        ],
        "Expires": [
          "-1"
        ],
        "Cache-Control": [
          "no-cache"
        ],
        "Date": [
          "Tue, 12 Sep 2017 22:51:06 GMT"
        ],
        "Pragma": [
          "no-cache"
        ],
        "Transfer-Encoding": [
          "chunked"
        ],
        "Server": [
          "Microsoft-HTTPAPI/2.0",
          "Microsoft-HTTPAPI/2.0"
        ],
        "Vary": [
          "Accept-Encoding"
        ],
        "x-ms-request-id": [
          "73c7fc12-c8c2-4da1-86a3-dda72f5b4657"
        ],
        "Strict-Transport-Security": [
          "max-age=31536000; includeSubDomains"
        ],
        "x-ms-ratelimit-remaining-subscription-reads": [
          "14979"
        ],
        "x-ms-correlation-request-id": [
          "1de1187d-b2a5-489e-b28b-bf3b3a99fbf8"
        ],
        "x-ms-routing-request-id": [
          "WESTUS2:20170912T225106Z:1de1187d-b2a5-489e-b28b-bf3b3a99fbf8"
        ]
      },
      "StatusCode": 200
    },
    {
      "RequestUri": "/subscriptions/c549f475-dee8-428c-bb19-829a55e52f77/resourceGroups/rg1270/providers/Microsoft.Network/virtualNetworks/netB1270?api-version=2017-08-01",
      "EncodedRequestUri": "L3N1YnNjcmlwdGlvbnMvYzU0OWY0NzUtZGVlOC00MjhjLWJiMTktODI5YTU1ZTUyZjc3L3Jlc291cmNlR3JvdXBzL3JnMTI3MC9wcm92aWRlcnMvTWljcm9zb2Z0Lk5ldHdvcmsvdmlydHVhbE5ldHdvcmtzL25ldEIxMjcwP2FwaS12ZXJzaW9uPTIwMTctMDgtMDE=",
      "RequestMethod": "GET",
      "RequestBody": "",
      "RequestHeaders": {
        "User-Agent": [
          "FxVersion/4.6.25211.01",
          "Microsoft.Azure.Management.Network.Fluent.NetworkManagementClient/1.2.0.0",
          "MacAddressHash/3270a997f9e7afffdd4282ff951f775d27066664b70f9a38e2a52a59d81aa109"
        ]
      },
      "ResponseBody": "{\r\n  \"name\": \"netB1270\",\r\n  \"id\": \"/subscriptions/c549f475-dee8-428c-bb19-829a55e52f77/resourceGroups/rg1270/providers/Microsoft.Network/virtualNetworks/netB1270\",\r\n  \"etag\": \"W/\\\"11b88ded-2077-42d1-9a63-5e4d4a4b6e3e\\\"\",\r\n  \"type\": \"Microsoft.Network/virtualNetworks\",\r\n  \"location\": \"eastus\",\r\n  \"tags\": {},\r\n  \"properties\": {\r\n    \"provisioningState\": \"Succeeded\",\r\n    \"resourceGuid\": \"f1c3cad0-b4ad-4482-b5b1-a82cad9bf65d\",\r\n    \"addressSpace\": {\r\n      \"addressPrefixes\": [\r\n        \"10.1.0.0/27\"\r\n      ]\r\n    },\r\n    \"dhcpOptions\": {\r\n      \"dnsServers\": []\r\n    },\r\n    \"subnets\": [\r\n      {\r\n        \"name\": \"subnet3\",\r\n        \"id\": \"/subscriptions/c549f475-dee8-428c-bb19-829a55e52f77/resourceGroups/rg1270/providers/Microsoft.Network/virtualNetworks/netB1270/subnets/subnet3\",\r\n        \"etag\": \"W/\\\"11b88ded-2077-42d1-9a63-5e4d4a4b6e3e\\\"\",\r\n        \"properties\": {\r\n          \"provisioningState\": \"Succeeded\",\r\n          \"addressPrefix\": \"10.1.0.0/27\"\r\n        }\r\n      }\r\n    ],\r\n    \"virtualNetworkPeerings\": [],\r\n    \"enableDdosProtection\": false,\r\n    \"enableVmProtection\": false\r\n  }\r\n}",
      "ResponseHeaders": {
        "Content-Type": [
          "application/json; charset=utf-8"
        ],
        "Expires": [
          "-1"
        ],
        "Cache-Control": [
          "no-cache"
        ],
        "Date": [
          "Tue, 12 Sep 2017 22:51:06 GMT"
        ],
        "Pragma": [
          "no-cache"
        ],
        "Transfer-Encoding": [
          "chunked"
        ],
        "ETag": [
          "W/\"11b88ded-2077-42d1-9a63-5e4d4a4b6e3e\""
        ],
        "Server": [
          "Microsoft-HTTPAPI/2.0",
          "Microsoft-HTTPAPI/2.0"
        ],
        "Vary": [
          "Accept-Encoding"
        ],
        "x-ms-request-id": [
          "c72ec91d-6131-42c5-8b1c-fc95db9bebbf"
        ],
        "Strict-Transport-Security": [
          "max-age=31536000; includeSubDomains"
        ],
        "x-ms-ratelimit-remaining-subscription-reads": [
          "14978"
        ],
        "x-ms-correlation-request-id": [
          "3082096f-162c-4eb8-a00b-316feb2c0a44"
        ],
        "x-ms-routing-request-id": [
          "WESTUS2:20170912T225107Z:3082096f-162c-4eb8-a00b-316feb2c0a44"
        ]
      },
      "StatusCode": 200
    },
    {
      "RequestUri": "/subscriptions/c549f475-dee8-428c-bb19-829a55e52f77/resourceGroups/rg1270/providers/Microsoft.Network/virtualNetworks/netB1270?api-version=2017-08-01",
      "EncodedRequestUri": "L3N1YnNjcmlwdGlvbnMvYzU0OWY0NzUtZGVlOC00MjhjLWJiMTktODI5YTU1ZTUyZjc3L3Jlc291cmNlR3JvdXBzL3JnMTI3MC9wcm92aWRlcnMvTWljcm9zb2Z0Lk5ldHdvcmsvdmlydHVhbE5ldHdvcmtzL25ldEIxMjcwP2FwaS12ZXJzaW9uPTIwMTctMDgtMDE=",
      "RequestMethod": "GET",
      "RequestBody": "",
      "RequestHeaders": {
        "x-ms-client-request-id": [
          "897fdcba-4554-48da-9080-6dc722aeed87"
        ],
        "accept-language": [
          "en-US"
        ],
        "User-Agent": [
          "FxVersion/4.6.25211.01",
          "Microsoft.Azure.Management.Network.Fluent.NetworkManagementClient/1.2.0.0",
          "MacAddressHash/3270a997f9e7afffdd4282ff951f775d27066664b70f9a38e2a52a59d81aa109"
        ]
      },
      "ResponseBody": "{\r\n  \"name\": \"netB1270\",\r\n  \"id\": \"/subscriptions/c549f475-dee8-428c-bb19-829a55e52f77/resourceGroups/rg1270/providers/Microsoft.Network/virtualNetworks/netB1270\",\r\n  \"etag\": \"W/\\\"d1705e70-02d4-427d-a7e3-3aec24716e3e\\\"\",\r\n  \"type\": \"Microsoft.Network/virtualNetworks\",\r\n  \"location\": \"eastus\",\r\n  \"tags\": {},\r\n  \"properties\": {\r\n    \"provisioningState\": \"Succeeded\",\r\n    \"resourceGuid\": \"f1c3cad0-b4ad-4482-b5b1-a82cad9bf65d\",\r\n    \"addressSpace\": {\r\n      \"addressPrefixes\": [\r\n        \"10.1.0.0/27\"\r\n      ]\r\n    },\r\n    \"dhcpOptions\": {\r\n      \"dnsServers\": []\r\n    },\r\n    \"subnets\": [\r\n      {\r\n        \"name\": \"subnet3\",\r\n        \"id\": \"/subscriptions/c549f475-dee8-428c-bb19-829a55e52f77/resourceGroups/rg1270/providers/Microsoft.Network/virtualNetworks/netB1270/subnets/subnet3\",\r\n        \"etag\": \"W/\\\"d1705e70-02d4-427d-a7e3-3aec24716e3e\\\"\",\r\n        \"properties\": {\r\n          \"provisioningState\": \"Succeeded\",\r\n          \"addressPrefix\": \"10.1.0.0/27\"\r\n        }\r\n      }\r\n    ],\r\n    \"virtualNetworkPeerings\": [],\r\n    \"enableDdosProtection\": false,\r\n    \"enableVmProtection\": false\r\n  }\r\n}",
      "ResponseHeaders": {
        "Content-Type": [
          "application/json; charset=utf-8"
        ],
        "Expires": [
          "-1"
        ],
        "Cache-Control": [
          "no-cache"
        ],
        "Date": [
          "Tue, 12 Sep 2017 22:51:37 GMT"
        ],
        "Pragma": [
          "no-cache"
        ],
        "Transfer-Encoding": [
          "chunked"
        ],
        "ETag": [
          "W/\"d1705e70-02d4-427d-a7e3-3aec24716e3e\""
        ],
        "Server": [
          "Microsoft-HTTPAPI/2.0",
          "Microsoft-HTTPAPI/2.0"
        ],
        "Vary": [
          "Accept-Encoding"
        ],
        "x-ms-request-id": [
          "63a1b519-76f2-43f1-9d3d-9239ce1813c2"
        ],
        "Strict-Transport-Security": [
          "max-age=31536000; includeSubDomains"
        ],
        "x-ms-ratelimit-remaining-subscription-reads": [
          "14975"
        ],
        "x-ms-correlation-request-id": [
          "078c04f3-224e-44a7-8157-f16241099dcd"
        ],
        "x-ms-routing-request-id": [
          "WESTUS2:20170912T225138Z:078c04f3-224e-44a7-8157-f16241099dcd"
        ]
      },
      "StatusCode": 200
    },
    {
      "RequestUri": "/subscriptions/c549f475-dee8-428c-bb19-829a55e52f77/resourceGroups/rg1270/providers/Microsoft.Network/virtualNetworks/netB1270?api-version=2017-08-01",
      "EncodedRequestUri": "L3N1YnNjcmlwdGlvbnMvYzU0OWY0NzUtZGVlOC00MjhjLWJiMTktODI5YTU1ZTUyZjc3L3Jlc291cmNlR3JvdXBzL3JnMTI3MC9wcm92aWRlcnMvTWljcm9zb2Z0Lk5ldHdvcmsvdmlydHVhbE5ldHdvcmtzL25ldEIxMjcwP2FwaS12ZXJzaW9uPTIwMTctMDgtMDE=",
      "RequestMethod": "GET",
      "RequestBody": "",
      "RequestHeaders": {
        "x-ms-client-request-id": [
          "ea278e41-32c5-4a95-93d5-a01f1071bc0f"
        ],
        "accept-language": [
          "en-US"
        ],
        "User-Agent": [
          "FxVersion/4.6.25211.01",
          "Microsoft.Azure.Management.Network.Fluent.NetworkManagementClient/1.2.0.0",
          "MacAddressHash/3270a997f9e7afffdd4282ff951f775d27066664b70f9a38e2a52a59d81aa109"
        ]
      },
      "ResponseBody": "{\r\n  \"name\": \"netB1270\",\r\n  \"id\": \"/subscriptions/c549f475-dee8-428c-bb19-829a55e52f77/resourceGroups/rg1270/providers/Microsoft.Network/virtualNetworks/netB1270\",\r\n  \"etag\": \"W/\\\"35f9e76e-dcf0-4fd5-9628-13a7f7c65f0d\\\"\",\r\n  \"type\": \"Microsoft.Network/virtualNetworks\",\r\n  \"location\": \"eastus\",\r\n  \"tags\": {},\r\n  \"properties\": {\r\n    \"provisioningState\": \"Succeeded\",\r\n    \"resourceGuid\": \"f1c3cad0-b4ad-4482-b5b1-a82cad9bf65d\",\r\n    \"addressSpace\": {\r\n      \"addressPrefixes\": [\r\n        \"10.1.0.0/27\"\r\n      ]\r\n    },\r\n    \"dhcpOptions\": {\r\n      \"dnsServers\": []\r\n    },\r\n    \"subnets\": [\r\n      {\r\n        \"name\": \"subnet3\",\r\n        \"id\": \"/subscriptions/c549f475-dee8-428c-bb19-829a55e52f77/resourceGroups/rg1270/providers/Microsoft.Network/virtualNetworks/netB1270/subnets/subnet3\",\r\n        \"etag\": \"W/\\\"35f9e76e-dcf0-4fd5-9628-13a7f7c65f0d\\\"\",\r\n        \"properties\": {\r\n          \"provisioningState\": \"Succeeded\",\r\n          \"addressPrefix\": \"10.1.0.0/27\"\r\n        }\r\n      }\r\n    ],\r\n    \"virtualNetworkPeerings\": [\r\n      {\r\n        \"name\": \"peer0ab88481b\",\r\n        \"id\": \"/subscriptions/c549f475-dee8-428c-bb19-829a55e52f77/resourceGroups/rg1270/providers/Microsoft.Network/virtualNetworks/netB1270/virtualNetworkPeerings/peer0ab88481b\",\r\n        \"etag\": \"W/\\\"35f9e76e-dcf0-4fd5-9628-13a7f7c65f0d\\\"\",\r\n        \"properties\": {\r\n          \"provisioningState\": \"Succeeded\",\r\n          \"peeringState\": \"Connected\",\r\n          \"remoteVirtualNetwork\": {\r\n            \"id\": \"/subscriptions/c549f475-dee8-428c-bb19-829a55e52f77/resourceGroups/rg1270/providers/Microsoft.Network/virtualNetworks/netA1270\"\r\n          },\r\n          \"allowVirtualNetworkAccess\": false,\r\n          \"allowForwardedTraffic\": true,\r\n          \"allowGatewayTransit\": false,\r\n          \"useRemoteGateways\": false,\r\n          \"remoteAddressSpace\": {\r\n            \"addressPrefixes\": [\r\n              \"10.0.0.0/27\"\r\n            ]\r\n          }\r\n        }\r\n      }\r\n    ],\r\n    \"enableDdosProtection\": false,\r\n    \"enableVmProtection\": false\r\n  }\r\n}",
      "ResponseHeaders": {
        "Content-Type": [
          "application/json; charset=utf-8"
        ],
        "Expires": [
          "-1"
        ],
        "Cache-Control": [
          "no-cache"
        ],
        "Date": [
          "Tue, 12 Sep 2017 22:52:10 GMT"
        ],
        "Pragma": [
          "no-cache"
        ],
        "Transfer-Encoding": [
          "chunked"
        ],
        "ETag": [
          "W/\"35f9e76e-dcf0-4fd5-9628-13a7f7c65f0d\""
        ],
        "Server": [
          "Microsoft-HTTPAPI/2.0",
          "Microsoft-HTTPAPI/2.0"
        ],
        "Vary": [
          "Accept-Encoding"
        ],
        "x-ms-request-id": [
          "6c7e4f27-328f-42a7-a231-76462d4b8c79"
        ],
        "Strict-Transport-Security": [
          "max-age=31536000; includeSubDomains"
        ],
        "x-ms-ratelimit-remaining-subscription-reads": [
          "14992"
        ],
        "x-ms-correlation-request-id": [
          "b6f79bc4-947b-446f-b9b8-ab82d2367551"
        ],
        "x-ms-routing-request-id": [
          "WESTUS2:20170912T225210Z:b6f79bc4-947b-446f-b9b8-ab82d2367551"
        ]
      },
      "StatusCode": 200
    },
    {
      "RequestUri": "/subscriptions/c549f475-dee8-428c-bb19-829a55e52f77/resourceGroups/rg1270/providers/Microsoft.Network/virtualNetworks/netB1270?api-version=2017-08-01",
      "EncodedRequestUri": "L3N1YnNjcmlwdGlvbnMvYzU0OWY0NzUtZGVlOC00MjhjLWJiMTktODI5YTU1ZTUyZjc3L3Jlc291cmNlR3JvdXBzL3JnMTI3MC9wcm92aWRlcnMvTWljcm9zb2Z0Lk5ldHdvcmsvdmlydHVhbE5ldHdvcmtzL25ldEIxMjcwP2FwaS12ZXJzaW9uPTIwMTctMDgtMDE=",
      "RequestMethod": "GET",
      "RequestBody": "",
      "RequestHeaders": {
        "x-ms-client-request-id": [
          "24ba11c1-bed2-4e7c-99fa-01a32a05419e"
        ],
        "accept-language": [
          "en-US"
        ],
        "User-Agent": [
          "FxVersion/4.6.25211.01",
          "Microsoft.Azure.Management.Network.Fluent.NetworkManagementClient/1.2.0.0",
          "MacAddressHash/3270a997f9e7afffdd4282ff951f775d27066664b70f9a38e2a52a59d81aa109"
        ]
      },
      "ResponseBody": "{\r\n  \"name\": \"netB1270\",\r\n  \"id\": \"/subscriptions/c549f475-dee8-428c-bb19-829a55e52f77/resourceGroups/rg1270/providers/Microsoft.Network/virtualNetworks/netB1270\",\r\n  \"etag\": \"W/\\\"35f9e76e-dcf0-4fd5-9628-13a7f7c65f0d\\\"\",\r\n  \"type\": \"Microsoft.Network/virtualNetworks\",\r\n  \"location\": \"eastus\",\r\n  \"tags\": {},\r\n  \"properties\": {\r\n    \"provisioningState\": \"Succeeded\",\r\n    \"resourceGuid\": \"f1c3cad0-b4ad-4482-b5b1-a82cad9bf65d\",\r\n    \"addressSpace\": {\r\n      \"addressPrefixes\": [\r\n        \"10.1.0.0/27\"\r\n      ]\r\n    },\r\n    \"dhcpOptions\": {\r\n      \"dnsServers\": []\r\n    },\r\n    \"subnets\": [\r\n      {\r\n        \"name\": \"subnet3\",\r\n        \"id\": \"/subscriptions/c549f475-dee8-428c-bb19-829a55e52f77/resourceGroups/rg1270/providers/Microsoft.Network/virtualNetworks/netB1270/subnets/subnet3\",\r\n        \"etag\": \"W/\\\"35f9e76e-dcf0-4fd5-9628-13a7f7c65f0d\\\"\",\r\n        \"properties\": {\r\n          \"provisioningState\": \"Succeeded\",\r\n          \"addressPrefix\": \"10.1.0.0/27\"\r\n        }\r\n      }\r\n    ],\r\n    \"virtualNetworkPeerings\": [\r\n      {\r\n        \"name\": \"peer0ab88481b\",\r\n        \"id\": \"/subscriptions/c549f475-dee8-428c-bb19-829a55e52f77/resourceGroups/rg1270/providers/Microsoft.Network/virtualNetworks/netB1270/virtualNetworkPeerings/peer0ab88481b\",\r\n        \"etag\": \"W/\\\"35f9e76e-dcf0-4fd5-9628-13a7f7c65f0d\\\"\",\r\n        \"properties\": {\r\n          \"provisioningState\": \"Succeeded\",\r\n          \"peeringState\": \"Connected\",\r\n          \"remoteVirtualNetwork\": {\r\n            \"id\": \"/subscriptions/c549f475-dee8-428c-bb19-829a55e52f77/resourceGroups/rg1270/providers/Microsoft.Network/virtualNetworks/netA1270\"\r\n          },\r\n          \"allowVirtualNetworkAccess\": false,\r\n          \"allowForwardedTraffic\": true,\r\n          \"allowGatewayTransit\": false,\r\n          \"useRemoteGateways\": false,\r\n          \"remoteAddressSpace\": {\r\n            \"addressPrefixes\": [\r\n              \"10.0.0.0/27\"\r\n            ]\r\n          }\r\n        }\r\n      }\r\n    ],\r\n    \"enableDdosProtection\": false,\r\n    \"enableVmProtection\": false\r\n  }\r\n}",
      "ResponseHeaders": {
        "Content-Type": [
          "application/json; charset=utf-8"
        ],
        "Expires": [
          "-1"
        ],
        "Cache-Control": [
          "no-cache"
        ],
        "Date": [
          "Tue, 12 Sep 2017 22:52:11 GMT"
        ],
        "Pragma": [
          "no-cache"
        ],
        "Transfer-Encoding": [
          "chunked"
        ],
        "ETag": [
          "W/\"35f9e76e-dcf0-4fd5-9628-13a7f7c65f0d\""
        ],
        "Server": [
          "Microsoft-HTTPAPI/2.0",
          "Microsoft-HTTPAPI/2.0"
        ],
        "Vary": [
          "Accept-Encoding"
        ],
        "x-ms-request-id": [
          "26a2d73d-403f-42ce-a8f7-e634a89073d1"
        ],
        "Strict-Transport-Security": [
          "max-age=31536000; includeSubDomains"
        ],
        "x-ms-ratelimit-remaining-subscription-reads": [
          "14971"
        ],
        "x-ms-correlation-request-id": [
          "21443c32-bfbb-48da-90a9-a595e61f10b6"
        ],
        "x-ms-routing-request-id": [
          "WESTUS2:20170912T225211Z:21443c32-bfbb-48da-90a9-a595e61f10b6"
        ]
      },
      "StatusCode": 200
    },
    {
      "RequestUri": "/subscriptions/c549f475-dee8-428c-bb19-829a55e52f77/resourceGroups/rg1270/providers/Microsoft.Network/virtualNetworks/netB1270?api-version=2017-08-01",
      "EncodedRequestUri": "L3N1YnNjcmlwdGlvbnMvYzU0OWY0NzUtZGVlOC00MjhjLWJiMTktODI5YTU1ZTUyZjc3L3Jlc291cmNlR3JvdXBzL3JnMTI3MC9wcm92aWRlcnMvTWljcm9zb2Z0Lk5ldHdvcmsvdmlydHVhbE5ldHdvcmtzL25ldEIxMjcwP2FwaS12ZXJzaW9uPTIwMTctMDgtMDE=",
      "RequestMethod": "GET",
      "RequestBody": "",
      "RequestHeaders": {
        "x-ms-client-request-id": [
          "f14e69b7-09e2-40fa-9fea-7bb348bbacc2"
        ],
        "accept-language": [
          "en-US"
        ],
        "User-Agent": [
          "FxVersion/4.6.25211.01",
          "Microsoft.Azure.Management.Network.Fluent.NetworkManagementClient/1.2.0.0",
          "MacAddressHash/3270a997f9e7afffdd4282ff951f775d27066664b70f9a38e2a52a59d81aa109"
        ]
      },
      "ResponseBody": "{\r\n  \"name\": \"netB1270\",\r\n  \"id\": \"/subscriptions/c549f475-dee8-428c-bb19-829a55e52f77/resourceGroups/rg1270/providers/Microsoft.Network/virtualNetworks/netB1270\",\r\n  \"etag\": \"W/\\\"35f9e76e-dcf0-4fd5-9628-13a7f7c65f0d\\\"\",\r\n  \"type\": \"Microsoft.Network/virtualNetworks\",\r\n  \"location\": \"eastus\",\r\n  \"tags\": {},\r\n  \"properties\": {\r\n    \"provisioningState\": \"Succeeded\",\r\n    \"resourceGuid\": \"f1c3cad0-b4ad-4482-b5b1-a82cad9bf65d\",\r\n    \"addressSpace\": {\r\n      \"addressPrefixes\": [\r\n        \"10.1.0.0/27\"\r\n      ]\r\n    },\r\n    \"dhcpOptions\": {\r\n      \"dnsServers\": []\r\n    },\r\n    \"subnets\": [\r\n      {\r\n        \"name\": \"subnet3\",\r\n        \"id\": \"/subscriptions/c549f475-dee8-428c-bb19-829a55e52f77/resourceGroups/rg1270/providers/Microsoft.Network/virtualNetworks/netB1270/subnets/subnet3\",\r\n        \"etag\": \"W/\\\"35f9e76e-dcf0-4fd5-9628-13a7f7c65f0d\\\"\",\r\n        \"properties\": {\r\n          \"provisioningState\": \"Succeeded\",\r\n          \"addressPrefix\": \"10.1.0.0/27\"\r\n        }\r\n      }\r\n    ],\r\n    \"virtualNetworkPeerings\": [\r\n      {\r\n        \"name\": \"peer0ab88481b\",\r\n        \"id\": \"/subscriptions/c549f475-dee8-428c-bb19-829a55e52f77/resourceGroups/rg1270/providers/Microsoft.Network/virtualNetworks/netB1270/virtualNetworkPeerings/peer0ab88481b\",\r\n        \"etag\": \"W/\\\"35f9e76e-dcf0-4fd5-9628-13a7f7c65f0d\\\"\",\r\n        \"properties\": {\r\n          \"provisioningState\": \"Succeeded\",\r\n          \"peeringState\": \"Connected\",\r\n          \"remoteVirtualNetwork\": {\r\n            \"id\": \"/subscriptions/c549f475-dee8-428c-bb19-829a55e52f77/resourceGroups/rg1270/providers/Microsoft.Network/virtualNetworks/netA1270\"\r\n          },\r\n          \"allowVirtualNetworkAccess\": false,\r\n          \"allowForwardedTraffic\": true,\r\n          \"allowGatewayTransit\": false,\r\n          \"useRemoteGateways\": false,\r\n          \"remoteAddressSpace\": {\r\n            \"addressPrefixes\": [\r\n              \"10.0.0.0/27\"\r\n            ]\r\n          }\r\n        }\r\n      }\r\n    ],\r\n    \"enableDdosProtection\": false,\r\n    \"enableVmProtection\": false\r\n  }\r\n}",
      "ResponseHeaders": {
        "Content-Type": [
          "application/json; charset=utf-8"
        ],
        "Expires": [
          "-1"
        ],
        "Cache-Control": [
          "no-cache"
        ],
        "Date": [
          "Tue, 12 Sep 2017 22:52:11 GMT"
        ],
        "Pragma": [
          "no-cache"
        ],
        "Transfer-Encoding": [
          "chunked"
        ],
        "ETag": [
          "W/\"35f9e76e-dcf0-4fd5-9628-13a7f7c65f0d\""
        ],
        "Server": [
          "Microsoft-HTTPAPI/2.0",
          "Microsoft-HTTPAPI/2.0"
        ],
        "Vary": [
          "Accept-Encoding"
        ],
        "x-ms-request-id": [
          "19aaa928-1997-4bcb-a656-6ff47052f858"
        ],
        "Strict-Transport-Security": [
          "max-age=31536000; includeSubDomains"
        ],
        "x-ms-ratelimit-remaining-subscription-reads": [
          "14989"
        ],
        "x-ms-correlation-request-id": [
          "7abbe332-938f-4681-bd63-ff71b6a76606"
        ],
        "x-ms-routing-request-id": [
          "WESTUS2:20170912T225211Z:7abbe332-938f-4681-bd63-ff71b6a76606"
        ]
      },
      "StatusCode": 200
    },
    {
      "RequestUri": "/subscriptions/c549f475-dee8-428c-bb19-829a55e52f77/resourceGroups/rg1270/providers/Microsoft.Network/virtualNetworks/netB1270?api-version=2017-08-01",
      "EncodedRequestUri": "L3N1YnNjcmlwdGlvbnMvYzU0OWY0NzUtZGVlOC00MjhjLWJiMTktODI5YTU1ZTUyZjc3L3Jlc291cmNlR3JvdXBzL3JnMTI3MC9wcm92aWRlcnMvTWljcm9zb2Z0Lk5ldHdvcmsvdmlydHVhbE5ldHdvcmtzL25ldEIxMjcwP2FwaS12ZXJzaW9uPTIwMTctMDgtMDE=",
      "RequestMethod": "GET",
      "RequestBody": "",
      "RequestHeaders": {
        "x-ms-client-request-id": [
          "17ff45fe-a318-4574-833c-3380cc7a8965"
        ],
        "accept-language": [
          "en-US"
        ],
        "User-Agent": [
          "FxVersion/4.6.25211.01",
          "Microsoft.Azure.Management.Network.Fluent.NetworkManagementClient/1.2.0.0",
          "MacAddressHash/3270a997f9e7afffdd4282ff951f775d27066664b70f9a38e2a52a59d81aa109"
        ]
      },
      "ResponseBody": "{\r\n  \"name\": \"netB1270\",\r\n  \"id\": \"/subscriptions/c549f475-dee8-428c-bb19-829a55e52f77/resourceGroups/rg1270/providers/Microsoft.Network/virtualNetworks/netB1270\",\r\n  \"etag\": \"W/\\\"7abbc2e5-6660-489e-aafa-7a77b5ea44ca\\\"\",\r\n  \"type\": \"Microsoft.Network/virtualNetworks\",\r\n  \"location\": \"eastus\",\r\n  \"tags\": {},\r\n  \"properties\": {\r\n    \"provisioningState\": \"Succeeded\",\r\n    \"resourceGuid\": \"f1c3cad0-b4ad-4482-b5b1-a82cad9bf65d\",\r\n    \"addressSpace\": {\r\n      \"addressPrefixes\": [\r\n        \"10.1.0.0/27\"\r\n      ]\r\n    },\r\n    \"dhcpOptions\": {\r\n      \"dnsServers\": []\r\n    },\r\n    \"subnets\": [\r\n      {\r\n        \"name\": \"subnet3\",\r\n        \"id\": \"/subscriptions/c549f475-dee8-428c-bb19-829a55e52f77/resourceGroups/rg1270/providers/Microsoft.Network/virtualNetworks/netB1270/subnets/subnet3\",\r\n        \"etag\": \"W/\\\"7abbc2e5-6660-489e-aafa-7a77b5ea44ca\\\"\",\r\n        \"properties\": {\r\n          \"provisioningState\": \"Succeeded\",\r\n          \"addressPrefix\": \"10.1.0.0/27\"\r\n        }\r\n      }\r\n    ],\r\n    \"virtualNetworkPeerings\": [\r\n      {\r\n        \"name\": \"peer0ab88481b\",\r\n        \"id\": \"/subscriptions/c549f475-dee8-428c-bb19-829a55e52f77/resourceGroups/rg1270/providers/Microsoft.Network/virtualNetworks/netB1270/virtualNetworkPeerings/peer0ab88481b\",\r\n        \"etag\": \"W/\\\"7abbc2e5-6660-489e-aafa-7a77b5ea44ca\\\"\",\r\n        \"properties\": {\r\n          \"provisioningState\": \"Succeeded\",\r\n          \"peeringState\": \"Connected\",\r\n          \"remoteVirtualNetwork\": {\r\n            \"id\": \"/subscriptions/c549f475-dee8-428c-bb19-829a55e52f77/resourceGroups/rg1270/providers/Microsoft.Network/virtualNetworks/netA1270\"\r\n          },\r\n          \"allowVirtualNetworkAccess\": false,\r\n          \"allowForwardedTraffic\": true,\r\n          \"allowGatewayTransit\": false,\r\n          \"useRemoteGateways\": false,\r\n          \"remoteAddressSpace\": {\r\n            \"addressPrefixes\": [\r\n              \"10.0.0.0/27\"\r\n            ]\r\n          }\r\n        }\r\n      }\r\n    ],\r\n    \"enableDdosProtection\": false,\r\n    \"enableVmProtection\": false\r\n  }\r\n}",
      "ResponseHeaders": {
        "Content-Type": [
          "application/json; charset=utf-8"
        ],
        "Expires": [
          "-1"
        ],
        "Cache-Control": [
          "no-cache"
        ],
        "Date": [
          "Tue, 12 Sep 2017 22:52:42 GMT"
        ],
        "Pragma": [
          "no-cache"
        ],
        "Transfer-Encoding": [
          "chunked"
        ],
        "ETag": [
          "W/\"7abbc2e5-6660-489e-aafa-7a77b5ea44ca\""
        ],
        "Server": [
          "Microsoft-HTTPAPI/2.0",
          "Microsoft-HTTPAPI/2.0"
        ],
        "Vary": [
          "Accept-Encoding"
        ],
        "x-ms-request-id": [
          "be381404-09b9-454a-8b3a-07d8a0da33a0"
        ],
        "Strict-Transport-Security": [
          "max-age=31536000; includeSubDomains"
        ],
        "x-ms-ratelimit-remaining-subscription-reads": [
          "14986"
        ],
        "x-ms-correlation-request-id": [
          "10983af6-28ec-4286-9d34-6cd215b3ba0f"
        ],
        "x-ms-routing-request-id": [
          "WESTUS2:20170912T225243Z:10983af6-28ec-4286-9d34-6cd215b3ba0f"
        ]
      },
      "StatusCode": 200
    },
    {
      "RequestUri": "/subscriptions/c549f475-dee8-428c-bb19-829a55e52f77/resourceGroups/rg1270/providers/Microsoft.Network/virtualNetworks/netB1270?api-version=2017-08-01",
      "EncodedRequestUri": "L3N1YnNjcmlwdGlvbnMvYzU0OWY0NzUtZGVlOC00MjhjLWJiMTktODI5YTU1ZTUyZjc3L3Jlc291cmNlR3JvdXBzL3JnMTI3MC9wcm92aWRlcnMvTWljcm9zb2Z0Lk5ldHdvcmsvdmlydHVhbE5ldHdvcmtzL25ldEIxMjcwP2FwaS12ZXJzaW9uPTIwMTctMDgtMDE=",
      "RequestMethod": "GET",
      "RequestBody": "",
      "RequestHeaders": {
        "x-ms-client-request-id": [
          "f1c2717f-fa56-417c-8362-8ca21c96f58a"
        ],
        "accept-language": [
          "en-US"
        ],
        "User-Agent": [
          "FxVersion/4.6.25211.01",
          "Microsoft.Azure.Management.Network.Fluent.NetworkManagementClient/1.2.0.0",
          "MacAddressHash/3270a997f9e7afffdd4282ff951f775d27066664b70f9a38e2a52a59d81aa109"
        ]
      },
      "ResponseBody": "{\r\n  \"name\": \"netB1270\",\r\n  \"id\": \"/subscriptions/c549f475-dee8-428c-bb19-829a55e52f77/resourceGroups/rg1270/providers/Microsoft.Network/virtualNetworks/netB1270\",\r\n  \"etag\": \"W/\\\"62f6fb5a-a191-4e1a-bf6a-96f350b49773\\\"\",\r\n  \"type\": \"Microsoft.Network/virtualNetworks\",\r\n  \"location\": \"eastus\",\r\n  \"tags\": {},\r\n  \"properties\": {\r\n    \"provisioningState\": \"Succeeded\",\r\n    \"resourceGuid\": \"f1c3cad0-b4ad-4482-b5b1-a82cad9bf65d\",\r\n    \"addressSpace\": {\r\n      \"addressPrefixes\": [\r\n        \"10.1.0.0/27\"\r\n      ]\r\n    },\r\n    \"dhcpOptions\": {\r\n      \"dnsServers\": []\r\n    },\r\n    \"subnets\": [\r\n      {\r\n        \"name\": \"subnet3\",\r\n        \"id\": \"/subscriptions/c549f475-dee8-428c-bb19-829a55e52f77/resourceGroups/rg1270/providers/Microsoft.Network/virtualNetworks/netB1270/subnets/subnet3\",\r\n        \"etag\": \"W/\\\"62f6fb5a-a191-4e1a-bf6a-96f350b49773\\\"\",\r\n        \"properties\": {\r\n          \"provisioningState\": \"Succeeded\",\r\n          \"addressPrefix\": \"10.1.0.0/27\"\r\n        }\r\n      }\r\n    ],\r\n    \"virtualNetworkPeerings\": [\r\n      {\r\n        \"name\": \"peer0ab88481b\",\r\n        \"id\": \"/subscriptions/c549f475-dee8-428c-bb19-829a55e52f77/resourceGroups/rg1270/providers/Microsoft.Network/virtualNetworks/netB1270/virtualNetworkPeerings/peer0ab88481b\",\r\n        \"etag\": \"W/\\\"62f6fb5a-a191-4e1a-bf6a-96f350b49773\\\"\",\r\n        \"properties\": {\r\n          \"provisioningState\": \"Succeeded\",\r\n          \"peeringState\": \"Connected\",\r\n          \"remoteVirtualNetwork\": {\r\n            \"id\": \"/subscriptions/c549f475-dee8-428c-bb19-829a55e52f77/resourceGroups/rg1270/providers/Microsoft.Network/virtualNetworks/netA1270\"\r\n          },\r\n          \"allowVirtualNetworkAccess\": true,\r\n          \"allowForwardedTraffic\": false,\r\n          \"allowGatewayTransit\": false,\r\n          \"useRemoteGateways\": false,\r\n          \"remoteAddressSpace\": {\r\n            \"addressPrefixes\": [\r\n              \"10.0.0.0/27\"\r\n            ]\r\n          }\r\n        }\r\n      }\r\n    ],\r\n    \"enableDdosProtection\": false,\r\n    \"enableVmProtection\": false\r\n  }\r\n}",
      "ResponseHeaders": {
        "Content-Type": [
          "application/json; charset=utf-8"
        ],
        "Expires": [
          "-1"
        ],
        "Cache-Control": [
          "no-cache"
        ],
        "Date": [
          "Tue, 12 Sep 2017 22:53:15 GMT"
        ],
        "Pragma": [
          "no-cache"
        ],
        "Transfer-Encoding": [
          "chunked"
        ],
        "ETag": [
          "W/\"62f6fb5a-a191-4e1a-bf6a-96f350b49773\""
        ],
        "Server": [
          "Microsoft-HTTPAPI/2.0",
          "Microsoft-HTTPAPI/2.0"
        ],
        "Vary": [
          "Accept-Encoding"
        ],
        "x-ms-request-id": [
          "827d170e-92a9-47cf-ac03-f6dd18fba07c"
        ],
        "Strict-Transport-Security": [
          "max-age=31536000; includeSubDomains"
        ],
        "x-ms-ratelimit-remaining-subscription-reads": [
          "14964"
        ],
        "x-ms-correlation-request-id": [
          "ba63461c-a357-406f-a3dc-f0aa1cbaaf7c"
        ],
        "x-ms-routing-request-id": [
          "WESTUS2:20170912T225315Z:ba63461c-a357-406f-a3dc-f0aa1cbaaf7c"
        ]
      },
      "StatusCode": 200
    },
    {
      "RequestUri": "/subscriptions/c549f475-dee8-428c-bb19-829a55e52f77/resourceGroups/rg1270/providers/Microsoft.Network/virtualNetworks/netB1270?api-version=2017-08-01",
      "EncodedRequestUri": "L3N1YnNjcmlwdGlvbnMvYzU0OWY0NzUtZGVlOC00MjhjLWJiMTktODI5YTU1ZTUyZjc3L3Jlc291cmNlR3JvdXBzL3JnMTI3MC9wcm92aWRlcnMvTWljcm9zb2Z0Lk5ldHdvcmsvdmlydHVhbE5ldHdvcmtzL25ldEIxMjcwP2FwaS12ZXJzaW9uPTIwMTctMDgtMDE=",
      "RequestMethod": "GET",
      "RequestBody": "",
      "RequestHeaders": {
        "x-ms-client-request-id": [
          "1a802540-4c6f-4fb5-9c16-bff2a74a86fd"
        ],
        "accept-language": [
          "en-US"
        ],
        "User-Agent": [
          "FxVersion/4.6.25211.01",
          "Microsoft.Azure.Management.Network.Fluent.NetworkManagementClient/1.2.0.0",
          "MacAddressHash/3270a997f9e7afffdd4282ff951f775d27066664b70f9a38e2a52a59d81aa109"
        ]
      },
      "ResponseBody": "{\r\n  \"name\": \"netB1270\",\r\n  \"id\": \"/subscriptions/c549f475-dee8-428c-bb19-829a55e52f77/resourceGroups/rg1270/providers/Microsoft.Network/virtualNetworks/netB1270\",\r\n  \"etag\": \"W/\\\"62f6fb5a-a191-4e1a-bf6a-96f350b49773\\\"\",\r\n  \"type\": \"Microsoft.Network/virtualNetworks\",\r\n  \"location\": \"eastus\",\r\n  \"tags\": {},\r\n  \"properties\": {\r\n    \"provisioningState\": \"Succeeded\",\r\n    \"resourceGuid\": \"f1c3cad0-b4ad-4482-b5b1-a82cad9bf65d\",\r\n    \"addressSpace\": {\r\n      \"addressPrefixes\": [\r\n        \"10.1.0.0/27\"\r\n      ]\r\n    },\r\n    \"dhcpOptions\": {\r\n      \"dnsServers\": []\r\n    },\r\n    \"subnets\": [\r\n      {\r\n        \"name\": \"subnet3\",\r\n        \"id\": \"/subscriptions/c549f475-dee8-428c-bb19-829a55e52f77/resourceGroups/rg1270/providers/Microsoft.Network/virtualNetworks/netB1270/subnets/subnet3\",\r\n        \"etag\": \"W/\\\"62f6fb5a-a191-4e1a-bf6a-96f350b49773\\\"\",\r\n        \"properties\": {\r\n          \"provisioningState\": \"Succeeded\",\r\n          \"addressPrefix\": \"10.1.0.0/27\"\r\n        }\r\n      }\r\n    ],\r\n    \"virtualNetworkPeerings\": [\r\n      {\r\n        \"name\": \"peer0ab88481b\",\r\n        \"id\": \"/subscriptions/c549f475-dee8-428c-bb19-829a55e52f77/resourceGroups/rg1270/providers/Microsoft.Network/virtualNetworks/netB1270/virtualNetworkPeerings/peer0ab88481b\",\r\n        \"etag\": \"W/\\\"62f6fb5a-a191-4e1a-bf6a-96f350b49773\\\"\",\r\n        \"properties\": {\r\n          \"provisioningState\": \"Succeeded\",\r\n          \"peeringState\": \"Connected\",\r\n          \"remoteVirtualNetwork\": {\r\n            \"id\": \"/subscriptions/c549f475-dee8-428c-bb19-829a55e52f77/resourceGroups/rg1270/providers/Microsoft.Network/virtualNetworks/netA1270\"\r\n          },\r\n          \"allowVirtualNetworkAccess\": true,\r\n          \"allowForwardedTraffic\": false,\r\n          \"allowGatewayTransit\": false,\r\n          \"useRemoteGateways\": false,\r\n          \"remoteAddressSpace\": {\r\n            \"addressPrefixes\": [\r\n              \"10.0.0.0/27\"\r\n            ]\r\n          }\r\n        }\r\n      }\r\n    ],\r\n    \"enableDdosProtection\": false,\r\n    \"enableVmProtection\": false\r\n  }\r\n}",
      "ResponseHeaders": {
        "Content-Type": [
          "application/json; charset=utf-8"
        ],
        "Expires": [
          "-1"
        ],
        "Cache-Control": [
          "no-cache"
        ],
        "Date": [
          "Tue, 12 Sep 2017 22:53:16 GMT"
        ],
        "Pragma": [
          "no-cache"
        ],
        "Transfer-Encoding": [
          "chunked"
        ],
        "ETag": [
          "W/\"62f6fb5a-a191-4e1a-bf6a-96f350b49773\""
        ],
        "Server": [
          "Microsoft-HTTPAPI/2.0",
          "Microsoft-HTTPAPI/2.0"
        ],
        "Vary": [
          "Accept-Encoding"
        ],
        "x-ms-request-id": [
          "029c5c69-7aad-4980-be42-cfeb77541da7"
        ],
        "Strict-Transport-Security": [
          "max-age=31536000; includeSubDomains"
        ],
        "x-ms-ratelimit-remaining-subscription-reads": [
          "14963"
        ],
        "x-ms-correlation-request-id": [
          "2f56c35f-1c7d-44a0-ba47-19058f69f1c7"
        ],
        "x-ms-routing-request-id": [
          "WESTUS2:20170912T225316Z:2f56c35f-1c7d-44a0-ba47-19058f69f1c7"
        ]
      },
      "StatusCode": 200
    },
    {
      "RequestUri": "/subscriptions/c549f475-dee8-428c-bb19-829a55e52f77/resourceGroups/rg1270/providers/Microsoft.Network/virtualNetworks/netB1270?api-version=2017-08-01",
      "EncodedRequestUri": "L3N1YnNjcmlwdGlvbnMvYzU0OWY0NzUtZGVlOC00MjhjLWJiMTktODI5YTU1ZTUyZjc3L3Jlc291cmNlR3JvdXBzL3JnMTI3MC9wcm92aWRlcnMvTWljcm9zb2Z0Lk5ldHdvcmsvdmlydHVhbE5ldHdvcmtzL25ldEIxMjcwP2FwaS12ZXJzaW9uPTIwMTctMDgtMDE=",
      "RequestMethod": "GET",
      "RequestBody": "",
      "RequestHeaders": {
        "x-ms-client-request-id": [
          "60f5a5df-2ec8-4374-841e-1bd3cb7c5e90"
        ],
        "accept-language": [
          "en-US"
        ],
        "User-Agent": [
          "FxVersion/4.6.25211.01",
          "Microsoft.Azure.Management.Network.Fluent.NetworkManagementClient/1.2.0.0",
          "MacAddressHash/3270a997f9e7afffdd4282ff951f775d27066664b70f9a38e2a52a59d81aa109"
        ]
      },
      "ResponseBody": "{\r\n  \"name\": \"netB1270\",\r\n  \"id\": \"/subscriptions/c549f475-dee8-428c-bb19-829a55e52f77/resourceGroups/rg1270/providers/Microsoft.Network/virtualNetworks/netB1270\",\r\n  \"etag\": \"W/\\\"62f6fb5a-a191-4e1a-bf6a-96f350b49773\\\"\",\r\n  \"type\": \"Microsoft.Network/virtualNetworks\",\r\n  \"location\": \"eastus\",\r\n  \"tags\": {},\r\n  \"properties\": {\r\n    \"provisioningState\": \"Succeeded\",\r\n    \"resourceGuid\": \"f1c3cad0-b4ad-4482-b5b1-a82cad9bf65d\",\r\n    \"addressSpace\": {\r\n      \"addressPrefixes\": [\r\n        \"10.1.0.0/27\"\r\n      ]\r\n    },\r\n    \"dhcpOptions\": {\r\n      \"dnsServers\": []\r\n    },\r\n    \"subnets\": [\r\n      {\r\n        \"name\": \"subnet3\",\r\n        \"id\": \"/subscriptions/c549f475-dee8-428c-bb19-829a55e52f77/resourceGroups/rg1270/providers/Microsoft.Network/virtualNetworks/netB1270/subnets/subnet3\",\r\n        \"etag\": \"W/\\\"62f6fb5a-a191-4e1a-bf6a-96f350b49773\\\"\",\r\n        \"properties\": {\r\n          \"provisioningState\": \"Succeeded\",\r\n          \"addressPrefix\": \"10.1.0.0/27\"\r\n        }\r\n      }\r\n    ],\r\n    \"virtualNetworkPeerings\": [\r\n      {\r\n        \"name\": \"peer0ab88481b\",\r\n        \"id\": \"/subscriptions/c549f475-dee8-428c-bb19-829a55e52f77/resourceGroups/rg1270/providers/Microsoft.Network/virtualNetworks/netB1270/virtualNetworkPeerings/peer0ab88481b\",\r\n        \"etag\": \"W/\\\"62f6fb5a-a191-4e1a-bf6a-96f350b49773\\\"\",\r\n        \"properties\": {\r\n          \"provisioningState\": \"Succeeded\",\r\n          \"peeringState\": \"Connected\",\r\n          \"remoteVirtualNetwork\": {\r\n            \"id\": \"/subscriptions/c549f475-dee8-428c-bb19-829a55e52f77/resourceGroups/rg1270/providers/Microsoft.Network/virtualNetworks/netA1270\"\r\n          },\r\n          \"allowVirtualNetworkAccess\": true,\r\n          \"allowForwardedTraffic\": false,\r\n          \"allowGatewayTransit\": false,\r\n          \"useRemoteGateways\": false,\r\n          \"remoteAddressSpace\": {\r\n            \"addressPrefixes\": [\r\n              \"10.0.0.0/27\"\r\n            ]\r\n          }\r\n        }\r\n      }\r\n    ],\r\n    \"enableDdosProtection\": false,\r\n    \"enableVmProtection\": false\r\n  }\r\n}",
      "ResponseHeaders": {
        "Content-Type": [
          "application/json; charset=utf-8"
        ],
        "Expires": [
          "-1"
        ],
        "Cache-Control": [
          "no-cache"
        ],
        "Date": [
          "Tue, 12 Sep 2017 22:53:16 GMT"
        ],
        "Pragma": [
          "no-cache"
        ],
        "Transfer-Encoding": [
          "chunked"
        ],
        "ETag": [
          "W/\"62f6fb5a-a191-4e1a-bf6a-96f350b49773\""
        ],
        "Server": [
          "Microsoft-HTTPAPI/2.0",
          "Microsoft-HTTPAPI/2.0"
        ],
        "Vary": [
          "Accept-Encoding"
        ],
        "x-ms-request-id": [
          "281a3307-efe5-48f7-9655-47cdb08bc51e"
        ],
        "Strict-Transport-Security": [
          "max-age=31536000; includeSubDomains"
        ],
        "x-ms-ratelimit-remaining-subscription-reads": [
          "14962"
        ],
        "x-ms-correlation-request-id": [
          "66de27b7-6991-43d6-89f1-e919d4f43b9d"
        ],
        "x-ms-routing-request-id": [
          "WESTUS2:20170912T225316Z:66de27b7-6991-43d6-89f1-e919d4f43b9d"
        ]
      },
      "StatusCode": 200
    },
    {
      "RequestUri": "/subscriptions/c549f475-dee8-428c-bb19-829a55e52f77/providers/Microsoft.Network/locations/eastus/operations/6e02335c-df79-44e7-9a8f-3f18d27f1066?api-version=2017-08-01",
      "EncodedRequestUri": "L3N1YnNjcmlwdGlvbnMvYzU0OWY0NzUtZGVlOC00MjhjLWJiMTktODI5YTU1ZTUyZjc3L3Byb3ZpZGVycy9NaWNyb3NvZnQuTmV0d29yay9sb2NhdGlvbnMvZWFzdHVzL29wZXJhdGlvbnMvNmUwMjMzNWMtZGY3OS00NGU3LTlhOGYtM2YxOGQyN2YxMDY2P2FwaS12ZXJzaW9uPTIwMTctMDgtMDE=",
      "RequestMethod": "GET",
      "RequestBody": "",
      "RequestHeaders": {
        "User-Agent": [
          "FxVersion/4.6.25211.01",
          "Microsoft.Azure.Management.Network.Fluent.NetworkManagementClient/1.2.0.0",
          "MacAddressHash/3270a997f9e7afffdd4282ff951f775d27066664b70f9a38e2a52a59d81aa109"
        ]
      },
      "ResponseBody": "{\r\n  \"status\": \"Succeeded\"\r\n}",
      "ResponseHeaders": {
        "Content-Type": [
          "application/json; charset=utf-8"
        ],
        "Expires": [
          "-1"
        ],
        "Cache-Control": [
          "no-cache"
        ],
        "Date": [
          "Tue, 12 Sep 2017 22:51:07 GMT"
        ],
        "Pragma": [
          "no-cache"
        ],
        "Transfer-Encoding": [
          "chunked"
        ],
        "Server": [
          "Microsoft-HTTPAPI/2.0",
          "Microsoft-HTTPAPI/2.0"
        ],
        "Vary": [
          "Accept-Encoding"
        ],
        "x-ms-request-id": [
          "5c1026c4-f286-4e4e-87c4-c9072ca230fa"
        ],
        "Strict-Transport-Security": [
          "max-age=31536000; includeSubDomains"
        ],
        "x-ms-ratelimit-remaining-subscription-reads": [
          "14997"
        ],
        "x-ms-correlation-request-id": [
          "92d1442b-f8b5-428a-a6a6-e5433b386fa3"
        ],
        "x-ms-routing-request-id": [
          "WESTUS2:20170912T225107Z:92d1442b-f8b5-428a-a6a6-e5433b386fa3"
        ]
      },
      "StatusCode": 200
    },
    {
      "RequestUri": "/subscriptions/c549f475-dee8-428c-bb19-829a55e52f77/resourceGroups/rg1270/providers/Microsoft.Network/virtualNetworks/netA1270?api-version=2017-08-01",
      "EncodedRequestUri": "L3N1YnNjcmlwdGlvbnMvYzU0OWY0NzUtZGVlOC00MjhjLWJiMTktODI5YTU1ZTUyZjc3L3Jlc291cmNlR3JvdXBzL3JnMTI3MC9wcm92aWRlcnMvTWljcm9zb2Z0Lk5ldHdvcmsvdmlydHVhbE5ldHdvcmtzL25ldEExMjcwP2FwaS12ZXJzaW9uPTIwMTctMDgtMDE=",
      "RequestMethod": "GET",
      "RequestBody": "",
      "RequestHeaders": {
        "User-Agent": [
          "FxVersion/4.6.25211.01",
          "Microsoft.Azure.Management.Network.Fluent.NetworkManagementClient/1.2.0.0",
          "MacAddressHash/3270a997f9e7afffdd4282ff951f775d27066664b70f9a38e2a52a59d81aa109"
        ]
      },
      "ResponseBody": "{\r\n  \"name\": \"netA1270\",\r\n  \"id\": \"/subscriptions/c549f475-dee8-428c-bb19-829a55e52f77/resourceGroups/rg1270/providers/Microsoft.Network/virtualNetworks/netA1270\",\r\n  \"etag\": \"W/\\\"4b7f4aa4-d244-44c4-98fa-83402a2fb8db\\\"\",\r\n  \"type\": \"Microsoft.Network/virtualNetworks\",\r\n  \"location\": \"eastus\",\r\n  \"tags\": {},\r\n  \"properties\": {\r\n    \"provisioningState\": \"Succeeded\",\r\n    \"resourceGuid\": \"001a631d-f0e2-4494-b261-d86c21a3f284\",\r\n    \"addressSpace\": {\r\n      \"addressPrefixes\": [\r\n        \"10.0.0.0/27\"\r\n      ]\r\n    },\r\n    \"dhcpOptions\": {\r\n      \"dnsServers\": []\r\n    },\r\n    \"subnets\": [\r\n      {\r\n        \"name\": \"subnet1\",\r\n        \"id\": \"/subscriptions/c549f475-dee8-428c-bb19-829a55e52f77/resourceGroups/rg1270/providers/Microsoft.Network/virtualNetworks/netA1270/subnets/subnet1\",\r\n        \"etag\": \"W/\\\"4b7f4aa4-d244-44c4-98fa-83402a2fb8db\\\"\",\r\n        \"properties\": {\r\n          \"provisioningState\": \"Succeeded\",\r\n          \"addressPrefix\": \"10.0.0.0/28\"\r\n        }\r\n      },\r\n      {\r\n        \"name\": \"subnet2\",\r\n        \"id\": \"/subscriptions/c549f475-dee8-428c-bb19-829a55e52f77/resourceGroups/rg1270/providers/Microsoft.Network/virtualNetworks/netA1270/subnets/subnet2\",\r\n        \"etag\": \"W/\\\"4b7f4aa4-d244-44c4-98fa-83402a2fb8db\\\"\",\r\n        \"properties\": {\r\n          \"provisioningState\": \"Succeeded\",\r\n          \"addressPrefix\": \"10.0.0.16/28\"\r\n        }\r\n      }\r\n    ],\r\n    \"virtualNetworkPeerings\": [],\r\n    \"enableDdosProtection\": false,\r\n    \"enableVmProtection\": false\r\n  }\r\n}",
      "ResponseHeaders": {
        "Content-Type": [
          "application/json; charset=utf-8"
        ],
        "Expires": [
          "-1"
        ],
        "Cache-Control": [
          "no-cache"
        ],
        "Date": [
          "Tue, 12 Sep 2017 22:51:06 GMT"
        ],
        "Pragma": [
          "no-cache"
        ],
        "Transfer-Encoding": [
          "chunked"
        ],
        "ETag": [
          "W/\"4b7f4aa4-d244-44c4-98fa-83402a2fb8db\""
        ],
        "Server": [
          "Microsoft-HTTPAPI/2.0",
          "Microsoft-HTTPAPI/2.0"
        ],
        "Vary": [
          "Accept-Encoding"
        ],
        "x-ms-request-id": [
          "6762e377-f61a-4b5f-9513-551700ca2994"
        ],
        "Strict-Transport-Security": [
          "max-age=31536000; includeSubDomains"
        ],
        "x-ms-ratelimit-remaining-subscription-reads": [
          "14977"
        ],
        "x-ms-correlation-request-id": [
          "1ab0ea88-2389-4d28-9638-621716427a93"
        ],
        "x-ms-routing-request-id": [
          "WESTUS2:20170912T225107Z:1ab0ea88-2389-4d28-9638-621716427a93"
        ]
      },
      "StatusCode": 200
    },
    {
      "RequestUri": "/subscriptions/c549f475-dee8-428c-bb19-829a55e52f77/resourceGroups/rg1270/providers/Microsoft.Network/virtualNetworks/netA1270?api-version=2017-08-01",
      "EncodedRequestUri": "L3N1YnNjcmlwdGlvbnMvYzU0OWY0NzUtZGVlOC00MjhjLWJiMTktODI5YTU1ZTUyZjc3L3Jlc291cmNlR3JvdXBzL3JnMTI3MC9wcm92aWRlcnMvTWljcm9zb2Z0Lk5ldHdvcmsvdmlydHVhbE5ldHdvcmtzL25ldEExMjcwP2FwaS12ZXJzaW9uPTIwMTctMDgtMDE=",
      "RequestMethod": "GET",
      "RequestBody": "",
      "RequestHeaders": {
        "x-ms-client-request-id": [
          "88e60aa7-aed8-45ec-bd6a-5bb915d4530e"
        ],
        "accept-language": [
          "en-US"
        ],
        "User-Agent": [
          "FxVersion/4.6.25211.01",
          "Microsoft.Azure.Management.Network.Fluent.NetworkManagementClient/1.2.0.0",
          "MacAddressHash/3270a997f9e7afffdd4282ff951f775d27066664b70f9a38e2a52a59d81aa109"
        ]
      },
      "ResponseBody": "{\r\n  \"name\": \"netA1270\",\r\n  \"id\": \"/subscriptions/c549f475-dee8-428c-bb19-829a55e52f77/resourceGroups/rg1270/providers/Microsoft.Network/virtualNetworks/netA1270\",\r\n  \"etag\": \"W/\\\"7fd20d5e-e615-4bd4-bcc0-4189cfd31968\\\"\",\r\n  \"type\": \"Microsoft.Network/virtualNetworks\",\r\n  \"location\": \"eastus\",\r\n  \"tags\": {},\r\n  \"properties\": {\r\n    \"provisioningState\": \"Succeeded\",\r\n    \"resourceGuid\": \"001a631d-f0e2-4494-b261-d86c21a3f284\",\r\n    \"addressSpace\": {\r\n      \"addressPrefixes\": [\r\n        \"10.0.0.0/27\"\r\n      ]\r\n    },\r\n    \"dhcpOptions\": {\r\n      \"dnsServers\": []\r\n    },\r\n    \"subnets\": [\r\n      {\r\n        \"name\": \"subnet1\",\r\n        \"id\": \"/subscriptions/c549f475-dee8-428c-bb19-829a55e52f77/resourceGroups/rg1270/providers/Microsoft.Network/virtualNetworks/netA1270/subnets/subnet1\",\r\n        \"etag\": \"W/\\\"7fd20d5e-e615-4bd4-bcc0-4189cfd31968\\\"\",\r\n        \"properties\": {\r\n          \"provisioningState\": \"Succeeded\",\r\n          \"addressPrefix\": \"10.0.0.0/28\"\r\n        }\r\n      },\r\n      {\r\n        \"name\": \"subnet2\",\r\n        \"id\": \"/subscriptions/c549f475-dee8-428c-bb19-829a55e52f77/resourceGroups/rg1270/providers/Microsoft.Network/virtualNetworks/netA1270/subnets/subnet2\",\r\n        \"etag\": \"W/\\\"7fd20d5e-e615-4bd4-bcc0-4189cfd31968\\\"\",\r\n        \"properties\": {\r\n          \"provisioningState\": \"Succeeded\",\r\n          \"addressPrefix\": \"10.0.0.16/28\"\r\n        }\r\n      }\r\n    ],\r\n    \"virtualNetworkPeerings\": [\r\n      {\r\n        \"name\": \"peer0\",\r\n        \"id\": \"/subscriptions/c549f475-dee8-428c-bb19-829a55e52f77/resourceGroups/rg1270/providers/Microsoft.Network/virtualNetworks/netA1270/virtualNetworkPeerings/peer0\",\r\n        \"etag\": \"W/\\\"7fd20d5e-e615-4bd4-bcc0-4189cfd31968\\\"\",\r\n        \"properties\": {\r\n          \"provisioningState\": \"Succeeded\",\r\n          \"peeringState\": \"Connected\",\r\n          \"remoteVirtualNetwork\": {\r\n            \"id\": \"/subscriptions/c549f475-dee8-428c-bb19-829a55e52f77/resourceGroups/rg1270/providers/Microsoft.Network/virtualNetworks/netB1270\"\r\n          },\r\n          \"allowVirtualNetworkAccess\": false,\r\n          \"allowForwardedTraffic\": true,\r\n          \"allowGatewayTransit\": true,\r\n          \"useRemoteGateways\": false,\r\n          \"remoteAddressSpace\": {\r\n            \"addressPrefixes\": [\r\n              \"10.1.0.0/27\"\r\n            ]\r\n          }\r\n        }\r\n      }\r\n    ],\r\n    \"enableDdosProtection\": false,\r\n    \"enableVmProtection\": false\r\n  }\r\n}",
      "ResponseHeaders": {
        "Content-Type": [
          "application/json; charset=utf-8"
        ],
        "Expires": [
          "-1"
        ],
        "Cache-Control": [
          "no-cache"
        ],
        "Date": [
          "Tue, 12 Sep 2017 22:52:09 GMT"
        ],
        "Pragma": [
          "no-cache"
        ],
        "Transfer-Encoding": [
          "chunked"
        ],
        "ETag": [
          "W/\"7fd20d5e-e615-4bd4-bcc0-4189cfd31968\""
        ],
        "Server": [
          "Microsoft-HTTPAPI/2.0",
          "Microsoft-HTTPAPI/2.0"
        ],
        "Vary": [
          "Accept-Encoding"
        ],
        "x-ms-request-id": [
          "d47b97bf-b7c5-4acf-8a7d-002f8c3c2d0c"
        ],
        "Strict-Transport-Security": [
          "max-age=31536000; includeSubDomains"
        ],
        "x-ms-ratelimit-remaining-subscription-reads": [
          "14993"
        ],
        "x-ms-correlation-request-id": [
          "b15c3308-7faf-453e-957a-b5a530b176d8"
        ],
        "x-ms-routing-request-id": [
          "WESTUS2:20170912T225210Z:b15c3308-7faf-453e-957a-b5a530b176d8"
        ]
      },
      "StatusCode": 200
    },
    {
      "RequestUri": "/subscriptions/c549f475-dee8-428c-bb19-829a55e52f77/resourceGroups/rg1270/providers/Microsoft.Network/virtualNetworks/netA1270?api-version=2017-08-01",
      "EncodedRequestUri": "L3N1YnNjcmlwdGlvbnMvYzU0OWY0NzUtZGVlOC00MjhjLWJiMTktODI5YTU1ZTUyZjc3L3Jlc291cmNlR3JvdXBzL3JnMTI3MC9wcm92aWRlcnMvTWljcm9zb2Z0Lk5ldHdvcmsvdmlydHVhbE5ldHdvcmtzL25ldEExMjcwP2FwaS12ZXJzaW9uPTIwMTctMDgtMDE=",
      "RequestMethod": "GET",
      "RequestBody": "",
      "RequestHeaders": {
        "x-ms-client-request-id": [
          "2800b098-721e-465a-82a0-2a05f3b4e834"
        ],
        "accept-language": [
          "en-US"
        ],
        "User-Agent": [
          "FxVersion/4.6.25211.01",
          "Microsoft.Azure.Management.Network.Fluent.NetworkManagementClient/1.2.0.0",
          "MacAddressHash/3270a997f9e7afffdd4282ff951f775d27066664b70f9a38e2a52a59d81aa109"
        ]
      },
      "ResponseBody": "{\r\n  \"name\": \"netA1270\",\r\n  \"id\": \"/subscriptions/c549f475-dee8-428c-bb19-829a55e52f77/resourceGroups/rg1270/providers/Microsoft.Network/virtualNetworks/netA1270\",\r\n  \"etag\": \"W/\\\"c7cd87f3-7dab-46d6-997e-3bacffefcb95\\\"\",\r\n  \"type\": \"Microsoft.Network/virtualNetworks\",\r\n  \"location\": \"eastus\",\r\n  \"tags\": {},\r\n  \"properties\": {\r\n    \"provisioningState\": \"Succeeded\",\r\n    \"resourceGuid\": \"001a631d-f0e2-4494-b261-d86c21a3f284\",\r\n    \"addressSpace\": {\r\n      \"addressPrefixes\": [\r\n        \"10.0.0.0/27\"\r\n      ]\r\n    },\r\n    \"dhcpOptions\": {\r\n      \"dnsServers\": []\r\n    },\r\n    \"subnets\": [\r\n      {\r\n        \"name\": \"subnet1\",\r\n        \"id\": \"/subscriptions/c549f475-dee8-428c-bb19-829a55e52f77/resourceGroups/rg1270/providers/Microsoft.Network/virtualNetworks/netA1270/subnets/subnet1\",\r\n        \"etag\": \"W/\\\"c7cd87f3-7dab-46d6-997e-3bacffefcb95\\\"\",\r\n        \"properties\": {\r\n          \"provisioningState\": \"Succeeded\",\r\n          \"addressPrefix\": \"10.0.0.0/28\"\r\n        }\r\n      },\r\n      {\r\n        \"name\": \"subnet2\",\r\n        \"id\": \"/subscriptions/c549f475-dee8-428c-bb19-829a55e52f77/resourceGroups/rg1270/providers/Microsoft.Network/virtualNetworks/netA1270/subnets/subnet2\",\r\n        \"etag\": \"W/\\\"c7cd87f3-7dab-46d6-997e-3bacffefcb95\\\"\",\r\n        \"properties\": {\r\n          \"provisioningState\": \"Succeeded\",\r\n          \"addressPrefix\": \"10.0.0.16/28\"\r\n        }\r\n      }\r\n    ],\r\n    \"virtualNetworkPeerings\": [\r\n      {\r\n        \"name\": \"peer0\",\r\n        \"id\": \"/subscriptions/c549f475-dee8-428c-bb19-829a55e52f77/resourceGroups/rg1270/providers/Microsoft.Network/virtualNetworks/netA1270/virtualNetworkPeerings/peer0\",\r\n        \"etag\": \"W/\\\"c7cd87f3-7dab-46d6-997e-3bacffefcb95\\\"\",\r\n        \"properties\": {\r\n          \"provisioningState\": \"Succeeded\",\r\n          \"peeringState\": \"Connected\",\r\n          \"remoteVirtualNetwork\": {\r\n            \"id\": \"/subscriptions/c549f475-dee8-428c-bb19-829a55e52f77/resourceGroups/rg1270/providers/Microsoft.Network/virtualNetworks/netB1270\"\r\n          },\r\n          \"allowVirtualNetworkAccess\": true,\r\n          \"allowForwardedTraffic\": false,\r\n          \"allowGatewayTransit\": false,\r\n          \"useRemoteGateways\": false,\r\n          \"remoteAddressSpace\": {\r\n            \"addressPrefixes\": [\r\n              \"10.1.0.0/27\"\r\n            ]\r\n          }\r\n        }\r\n      }\r\n    ],\r\n    \"enableDdosProtection\": false,\r\n    \"enableVmProtection\": false\r\n  }\r\n}",
      "ResponseHeaders": {
        "Content-Type": [
          "application/json; charset=utf-8"
        ],
        "Expires": [
          "-1"
        ],
        "Cache-Control": [
          "no-cache"
        ],
        "Date": [
          "Tue, 12 Sep 2017 22:53:15 GMT"
        ],
        "Pragma": [
          "no-cache"
        ],
        "Transfer-Encoding": [
          "chunked"
        ],
        "ETag": [
          "W/\"c7cd87f3-7dab-46d6-997e-3bacffefcb95\""
        ],
        "Server": [
          "Microsoft-HTTPAPI/2.0",
          "Microsoft-HTTPAPI/2.0"
        ],
        "Vary": [
          "Accept-Encoding"
        ],
        "x-ms-request-id": [
          "d6a33d06-a423-48bf-a073-f5de09901fd2"
        ],
        "Strict-Transport-Security": [
          "max-age=31536000; includeSubDomains"
        ],
        "x-ms-ratelimit-remaining-subscription-reads": [
          "14965"
        ],
        "x-ms-correlation-request-id": [
          "7f9a71f1-db71-4a7a-a6cb-b6e68bba906c"
        ],
        "x-ms-routing-request-id": [
          "WESTUS2:20170912T225315Z:7f9a71f1-db71-4a7a-a6cb-b6e68bba906c"
        ]
      },
      "StatusCode": 200
    },
    {
      "RequestUri": "/subscriptions/c549f475-dee8-428c-bb19-829a55e52f77/resourceGroups/rg1270/providers/Microsoft.Network/virtualNetworks/netA1270?api-version=2017-08-01",
      "EncodedRequestUri": "L3N1YnNjcmlwdGlvbnMvYzU0OWY0NzUtZGVlOC00MjhjLWJiMTktODI5YTU1ZTUyZjc3L3Jlc291cmNlR3JvdXBzL3JnMTI3MC9wcm92aWRlcnMvTWljcm9zb2Z0Lk5ldHdvcmsvdmlydHVhbE5ldHdvcmtzL25ldEExMjcwP2FwaS12ZXJzaW9uPTIwMTctMDgtMDE=",
      "RequestMethod": "GET",
      "RequestBody": "",
      "RequestHeaders": {
        "x-ms-client-request-id": [
          "891c8785-db3a-46b7-b60c-78d2629275f2"
        ],
        "accept-language": [
          "en-US"
        ],
        "User-Agent": [
          "FxVersion/4.6.25211.01",
          "Microsoft.Azure.Management.Network.Fluent.NetworkManagementClient/1.2.0.0",
          "MacAddressHash/3270a997f9e7afffdd4282ff951f775d27066664b70f9a38e2a52a59d81aa109"
        ]
      },
      "ResponseBody": "{\r\n  \"name\": \"netA1270\",\r\n  \"id\": \"/subscriptions/c549f475-dee8-428c-bb19-829a55e52f77/resourceGroups/rg1270/providers/Microsoft.Network/virtualNetworks/netA1270\",\r\n  \"etag\": \"W/\\\"c7cd87f3-7dab-46d6-997e-3bacffefcb95\\\"\",\r\n  \"type\": \"Microsoft.Network/virtualNetworks\",\r\n  \"location\": \"eastus\",\r\n  \"tags\": {},\r\n  \"properties\": {\r\n    \"provisioningState\": \"Succeeded\",\r\n    \"resourceGuid\": \"001a631d-f0e2-4494-b261-d86c21a3f284\",\r\n    \"addressSpace\": {\r\n      \"addressPrefixes\": [\r\n        \"10.0.0.0/27\"\r\n      ]\r\n    },\r\n    \"dhcpOptions\": {\r\n      \"dnsServers\": []\r\n    },\r\n    \"subnets\": [\r\n      {\r\n        \"name\": \"subnet1\",\r\n        \"id\": \"/subscriptions/c549f475-dee8-428c-bb19-829a55e52f77/resourceGroups/rg1270/providers/Microsoft.Network/virtualNetworks/netA1270/subnets/subnet1\",\r\n        \"etag\": \"W/\\\"c7cd87f3-7dab-46d6-997e-3bacffefcb95\\\"\",\r\n        \"properties\": {\r\n          \"provisioningState\": \"Succeeded\",\r\n          \"addressPrefix\": \"10.0.0.0/28\"\r\n        }\r\n      },\r\n      {\r\n        \"name\": \"subnet2\",\r\n        \"id\": \"/subscriptions/c549f475-dee8-428c-bb19-829a55e52f77/resourceGroups/rg1270/providers/Microsoft.Network/virtualNetworks/netA1270/subnets/subnet2\",\r\n        \"etag\": \"W/\\\"c7cd87f3-7dab-46d6-997e-3bacffefcb95\\\"\",\r\n        \"properties\": {\r\n          \"provisioningState\": \"Succeeded\",\r\n          \"addressPrefix\": \"10.0.0.16/28\"\r\n        }\r\n      }\r\n    ],\r\n    \"virtualNetworkPeerings\": [\r\n      {\r\n        \"name\": \"peer0\",\r\n        \"id\": \"/subscriptions/c549f475-dee8-428c-bb19-829a55e52f77/resourceGroups/rg1270/providers/Microsoft.Network/virtualNetworks/netA1270/virtualNetworkPeerings/peer0\",\r\n        \"etag\": \"W/\\\"c7cd87f3-7dab-46d6-997e-3bacffefcb95\\\"\",\r\n        \"properties\": {\r\n          \"provisioningState\": \"Succeeded\",\r\n          \"peeringState\": \"Connected\",\r\n          \"remoteVirtualNetwork\": {\r\n            \"id\": \"/subscriptions/c549f475-dee8-428c-bb19-829a55e52f77/resourceGroups/rg1270/providers/Microsoft.Network/virtualNetworks/netB1270\"\r\n          },\r\n          \"allowVirtualNetworkAccess\": true,\r\n          \"allowForwardedTraffic\": false,\r\n          \"allowGatewayTransit\": false,\r\n          \"useRemoteGateways\": false,\r\n          \"remoteAddressSpace\": {\r\n            \"addressPrefixes\": [\r\n              \"10.1.0.0/27\"\r\n            ]\r\n          }\r\n        }\r\n      }\r\n    ],\r\n    \"enableDdosProtection\": false,\r\n    \"enableVmProtection\": false\r\n  }\r\n}",
      "ResponseHeaders": {
        "Content-Type": [
          "application/json; charset=utf-8"
        ],
        "Expires": [
          "-1"
        ],
        "Cache-Control": [
          "no-cache"
        ],
        "Date": [
          "Tue, 12 Sep 2017 22:53:15 GMT"
        ],
        "Pragma": [
          "no-cache"
        ],
        "Transfer-Encoding": [
          "chunked"
        ],
        "ETag": [
          "W/\"c7cd87f3-7dab-46d6-997e-3bacffefcb95\""
        ],
        "Server": [
          "Microsoft-HTTPAPI/2.0",
          "Microsoft-HTTPAPI/2.0"
        ],
        "Vary": [
          "Accept-Encoding"
        ],
        "x-ms-request-id": [
          "5d7bddab-f975-4e92-af93-3a3893dd99b4"
        ],
        "Strict-Transport-Security": [
          "max-age=31536000; includeSubDomains"
        ],
        "x-ms-ratelimit-remaining-subscription-reads": [
          "14983"
        ],
        "x-ms-correlation-request-id": [
          "bc6316e4-b77f-4934-bf7b-e76690113a89"
        ],
        "x-ms-routing-request-id": [
          "WESTUS2:20170912T225316Z:bc6316e4-b77f-4934-bf7b-e76690113a89"
        ]
      },
      "StatusCode": 200
    },
    {
      "RequestUri": "/subscriptions/c549f475-dee8-428c-bb19-829a55e52f77/resourceGroups/rg1270/providers/Microsoft.Network/virtualNetworks/netA1270?api-version=2017-08-01",
      "EncodedRequestUri": "L3N1YnNjcmlwdGlvbnMvYzU0OWY0NzUtZGVlOC00MjhjLWJiMTktODI5YTU1ZTUyZjc3L3Jlc291cmNlR3JvdXBzL3JnMTI3MC9wcm92aWRlcnMvTWljcm9zb2Z0Lk5ldHdvcmsvdmlydHVhbE5ldHdvcmtzL25ldEExMjcwP2FwaS12ZXJzaW9uPTIwMTctMDgtMDE=",
      "RequestMethod": "GET",
      "RequestBody": "",
      "RequestHeaders": {
        "x-ms-client-request-id": [
          "97b58a2a-8c64-41ab-b7e3-eda43a8493c1"
        ],
        "accept-language": [
          "en-US"
        ],
        "User-Agent": [
          "FxVersion/4.6.25211.01",
          "Microsoft.Azure.Management.Network.Fluent.NetworkManagementClient/1.2.0.0",
          "MacAddressHash/3270a997f9e7afffdd4282ff951f775d27066664b70f9a38e2a52a59d81aa109"
        ]
      },
      "ResponseBody": "{\r\n  \"name\": \"netA1270\",\r\n  \"id\": \"/subscriptions/c549f475-dee8-428c-bb19-829a55e52f77/resourceGroups/rg1270/providers/Microsoft.Network/virtualNetworks/netA1270\",\r\n  \"etag\": \"W/\\\"c7cd87f3-7dab-46d6-997e-3bacffefcb95\\\"\",\r\n  \"type\": \"Microsoft.Network/virtualNetworks\",\r\n  \"location\": \"eastus\",\r\n  \"tags\": {},\r\n  \"properties\": {\r\n    \"provisioningState\": \"Succeeded\",\r\n    \"resourceGuid\": \"001a631d-f0e2-4494-b261-d86c21a3f284\",\r\n    \"addressSpace\": {\r\n      \"addressPrefixes\": [\r\n        \"10.0.0.0/27\"\r\n      ]\r\n    },\r\n    \"dhcpOptions\": {\r\n      \"dnsServers\": []\r\n    },\r\n    \"subnets\": [\r\n      {\r\n        \"name\": \"subnet1\",\r\n        \"id\": \"/subscriptions/c549f475-dee8-428c-bb19-829a55e52f77/resourceGroups/rg1270/providers/Microsoft.Network/virtualNetworks/netA1270/subnets/subnet1\",\r\n        \"etag\": \"W/\\\"c7cd87f3-7dab-46d6-997e-3bacffefcb95\\\"\",\r\n        \"properties\": {\r\n          \"provisioningState\": \"Succeeded\",\r\n          \"addressPrefix\": \"10.0.0.0/28\"\r\n        }\r\n      },\r\n      {\r\n        \"name\": \"subnet2\",\r\n        \"id\": \"/subscriptions/c549f475-dee8-428c-bb19-829a55e52f77/resourceGroups/rg1270/providers/Microsoft.Network/virtualNetworks/netA1270/subnets/subnet2\",\r\n        \"etag\": \"W/\\\"c7cd87f3-7dab-46d6-997e-3bacffefcb95\\\"\",\r\n        \"properties\": {\r\n          \"provisioningState\": \"Succeeded\",\r\n          \"addressPrefix\": \"10.0.0.16/28\"\r\n        }\r\n      }\r\n    ],\r\n    \"virtualNetworkPeerings\": [\r\n      {\r\n        \"name\": \"peer0\",\r\n        \"id\": \"/subscriptions/c549f475-dee8-428c-bb19-829a55e52f77/resourceGroups/rg1270/providers/Microsoft.Network/virtualNetworks/netA1270/virtualNetworkPeerings/peer0\",\r\n        \"etag\": \"W/\\\"c7cd87f3-7dab-46d6-997e-3bacffefcb95\\\"\",\r\n        \"properties\": {\r\n          \"provisioningState\": \"Succeeded\",\r\n          \"peeringState\": \"Connected\",\r\n          \"remoteVirtualNetwork\": {\r\n            \"id\": \"/subscriptions/c549f475-dee8-428c-bb19-829a55e52f77/resourceGroups/rg1270/providers/Microsoft.Network/virtualNetworks/netB1270\"\r\n          },\r\n          \"allowVirtualNetworkAccess\": true,\r\n          \"allowForwardedTraffic\": false,\r\n          \"allowGatewayTransit\": false,\r\n          \"useRemoteGateways\": false,\r\n          \"remoteAddressSpace\": {\r\n            \"addressPrefixes\": [\r\n              \"10.1.0.0/27\"\r\n            ]\r\n          }\r\n        }\r\n      }\r\n    ],\r\n    \"enableDdosProtection\": false,\r\n    \"enableVmProtection\": false\r\n  }\r\n}",
      "ResponseHeaders": {
        "Content-Type": [
          "application/json; charset=utf-8"
        ],
        "Expires": [
          "-1"
        ],
        "Cache-Control": [
          "no-cache"
        ],
        "Date": [
          "Tue, 12 Sep 2017 22:53:16 GMT"
        ],
        "Pragma": [
          "no-cache"
        ],
        "Transfer-Encoding": [
          "chunked"
        ],
        "ETag": [
          "W/\"c7cd87f3-7dab-46d6-997e-3bacffefcb95\""
        ],
        "Server": [
          "Microsoft-HTTPAPI/2.0",
          "Microsoft-HTTPAPI/2.0"
        ],
        "Vary": [
          "Accept-Encoding"
        ],
        "x-ms-request-id": [
          "66179005-ce87-4b01-ab58-140f8125d3dd"
        ],
        "Strict-Transport-Security": [
          "max-age=31536000; includeSubDomains"
        ],
        "x-ms-ratelimit-remaining-subscription-reads": [
          "14961"
        ],
        "x-ms-correlation-request-id": [
          "cac91962-8c49-4339-8315-bf9f68e76edc"
        ],
        "x-ms-routing-request-id": [
          "WESTUS2:20170912T225317Z:cac91962-8c49-4339-8315-bf9f68e76edc"
        ]
      },
      "StatusCode": 200
    },
    {
      "RequestUri": "/subscriptions/c549f475-dee8-428c-bb19-829a55e52f77/resourceGroups/rg1270/providers/Microsoft.Network/virtualNetworks/netA1270/virtualNetworkPeerings/peer0?api-version=2017-08-01",
      "EncodedRequestUri": "L3N1YnNjcmlwdGlvbnMvYzU0OWY0NzUtZGVlOC00MjhjLWJiMTktODI5YTU1ZTUyZjc3L3Jlc291cmNlR3JvdXBzL3JnMTI3MC9wcm92aWRlcnMvTWljcm9zb2Z0Lk5ldHdvcmsvdmlydHVhbE5ldHdvcmtzL25ldEExMjcwL3ZpcnR1YWxOZXR3b3JrUGVlcmluZ3MvcGVlcjA/YXBpLXZlcnNpb249MjAxNy0wOC0wMQ==",
      "RequestMethod": "PUT",
      "RequestBody": "{\r\n  \"properties\": {\r\n    \"allowVirtualNetworkAccess\": false,\r\n    \"allowForwardedTraffic\": true,\r\n    \"allowGatewayTransit\": true,\r\n    \"useRemoteGateways\": false,\r\n    \"remoteVirtualNetwork\": {\r\n      \"id\": \"/subscriptions/c549f475-dee8-428c-bb19-829a55e52f77/resourceGroups/rg1270/providers/Microsoft.Network/virtualNetworks/netB1270\"\r\n    }\r\n  },\r\n  \"name\": \"peer0\"\r\n}",
      "RequestHeaders": {
        "Content-Type": [
          "application/json; charset=utf-8"
        ],
        "Content-Length": [
          "372"
        ],
        "x-ms-client-request-id": [
          "b59dc2e4-dd86-453e-ac52-e620ab83e24b"
        ],
        "accept-language": [
          "en-US"
        ],
        "User-Agent": [
          "FxVersion/4.6.25211.01",
          "Microsoft.Azure.Management.Network.Fluent.NetworkManagementClient/1.2.0.0",
          "MacAddressHash/3270a997f9e7afffdd4282ff951f775d27066664b70f9a38e2a52a59d81aa109"
        ]
      },
      "ResponseBody": "{\r\n  \"name\": \"peer0\",\r\n  \"id\": \"/subscriptions/c549f475-dee8-428c-bb19-829a55e52f77/resourceGroups/rg1270/providers/Microsoft.Network/virtualNetworks/netA1270/virtualNetworkPeerings/peer0\",\r\n  \"etag\": \"W/\\\"d7a5bfc6-24c3-4b69-8092-0744659d7b59\\\"\",\r\n  \"properties\": {\r\n    \"provisioningState\": \"Updating\",\r\n    \"peeringState\": \"Initiated\",\r\n    \"remoteVirtualNetwork\": {\r\n      \"id\": \"/subscriptions/c549f475-dee8-428c-bb19-829a55e52f77/resourceGroups/rg1270/providers/Microsoft.Network/virtualNetworks/netB1270\"\r\n    },\r\n    \"allowVirtualNetworkAccess\": false,\r\n    \"allowForwardedTraffic\": true,\r\n    \"allowGatewayTransit\": true,\r\n    \"useRemoteGateways\": false,\r\n    \"remoteAddressSpace\": {\r\n      \"addressPrefixes\": [\r\n        \"10.1.0.0/27\"\r\n      ]\r\n    }\r\n  }\r\n}",
      "ResponseHeaders": {
        "Content-Length": [
          "766"
        ],
        "Content-Type": [
          "application/json; charset=utf-8"
        ],
        "Expires": [
          "-1"
        ],
        "Cache-Control": [
          "no-cache"
        ],
        "Date": [
          "Tue, 12 Sep 2017 22:51:07 GMT"
        ],
        "Pragma": [
          "no-cache"
        ],
        "Retry-After": [
          "10"
        ],
        "Server": [
          "Microsoft-HTTPAPI/2.0",
          "Microsoft-HTTPAPI/2.0"
        ],
        "x-ms-request-id": [
          "ccadbadd-a5bd-4d51-b64c-ca2ec0ad56c1"
        ],
        "Azure-AsyncOperation": [
          "https://management.azure.com/subscriptions/c549f475-dee8-428c-bb19-829a55e52f77/providers/Microsoft.Network/locations/eastus/operations/ccadbadd-a5bd-4d51-b64c-ca2ec0ad56c1?api-version=2017-08-01"
        ],
        "Strict-Transport-Security": [
          "max-age=31536000; includeSubDomains"
        ],
        "x-ms-ratelimit-remaining-subscription-writes": [
          "1197"
        ],
        "x-ms-correlation-request-id": [
          "8f2d3559-c67a-4d22-afd6-49c769285191"
        ],
        "x-ms-routing-request-id": [
          "WESTUS2:20170912T225108Z:8f2d3559-c67a-4d22-afd6-49c769285191"
        ]
      },
      "StatusCode": 201
    },
    {
      "RequestUri": "/subscriptions/c549f475-dee8-428c-bb19-829a55e52f77/resourceGroups/rg1270/providers/Microsoft.Network/virtualNetworks/netA1270/virtualNetworkPeerings/peer0?api-version=2017-08-01",
      "EncodedRequestUri": "L3N1YnNjcmlwdGlvbnMvYzU0OWY0NzUtZGVlOC00MjhjLWJiMTktODI5YTU1ZTUyZjc3L3Jlc291cmNlR3JvdXBzL3JnMTI3MC9wcm92aWRlcnMvTWljcm9zb2Z0Lk5ldHdvcmsvdmlydHVhbE5ldHdvcmtzL25ldEExMjcwL3ZpcnR1YWxOZXR3b3JrUGVlcmluZ3MvcGVlcjA/YXBpLXZlcnNpb249MjAxNy0wOC0wMQ==",
      "RequestMethod": "PUT",
      "RequestBody": "{\r\n  \"properties\": {\r\n    \"allowVirtualNetworkAccess\": true,\r\n    \"allowForwardedTraffic\": false,\r\n    \"allowGatewayTransit\": false,\r\n    \"useRemoteGateways\": false,\r\n    \"remoteVirtualNetwork\": {\r\n      \"id\": \"/subscriptions/c549f475-dee8-428c-bb19-829a55e52f77/resourceGroups/rg1270/providers/Microsoft.Network/virtualNetworks/netB1270\"\r\n    },\r\n    \"peeringState\": \"Connected\",\r\n    \"provisioningState\": \"Succeeded\"\r\n  },\r\n  \"name\": \"peer0\",\r\n  \"etag\": \"W/\\\"7fd20d5e-e615-4bd4-bcc0-4189cfd31968\\\"\",\r\n  \"id\": \"/subscriptions/c549f475-dee8-428c-bb19-829a55e52f77/resourceGroups/rg1270/providers/Microsoft.Network/virtualNetworks/netA1270/virtualNetworkPeerings/peer0\"\r\n}",
      "RequestHeaders": {
        "Content-Type": [
          "application/json; charset=utf-8"
        ],
        "Content-Length": [
          "671"
        ],
        "x-ms-client-request-id": [
          "42762b9f-a7a2-41ab-8adf-3b97ad90db61"
        ],
        "accept-language": [
          "en-US"
        ],
        "User-Agent": [
          "FxVersion/4.6.25211.01",
          "Microsoft.Azure.Management.Network.Fluent.NetworkManagementClient/1.2.0.0",
          "MacAddressHash/3270a997f9e7afffdd4282ff951f775d27066664b70f9a38e2a52a59d81aa109"
        ]
      },
      "ResponseBody": "{\r\n  \"name\": \"peer0\",\r\n  \"id\": \"/subscriptions/c549f475-dee8-428c-bb19-829a55e52f77/resourceGroups/rg1270/providers/Microsoft.Network/virtualNetworks/netA1270/virtualNetworkPeerings/peer0\",\r\n  \"etag\": \"W/\\\"b4fcd38d-3a20-4a01-b9e0-bce8595aa86c\\\"\",\r\n  \"properties\": {\r\n    \"provisioningState\": \"Updating\",\r\n    \"peeringState\": \"Connected\",\r\n    \"remoteVirtualNetwork\": {\r\n      \"id\": \"/subscriptions/c549f475-dee8-428c-bb19-829a55e52f77/resourceGroups/rg1270/providers/Microsoft.Network/virtualNetworks/netB1270\"\r\n    },\r\n    \"allowVirtualNetworkAccess\": true,\r\n    \"allowForwardedTraffic\": false,\r\n    \"allowGatewayTransit\": false,\r\n    \"useRemoteGateways\": false,\r\n    \"remoteAddressSpace\": {\r\n      \"addressPrefixes\": [\r\n        \"10.1.0.0/27\"\r\n      ]\r\n    }\r\n  }\r\n}",
      "ResponseHeaders": {
        "Content-Type": [
          "application/json; charset=utf-8"
        ],
        "Expires": [
          "-1"
        ],
        "Cache-Control": [
          "no-cache"
        ],
        "Date": [
          "Tue, 12 Sep 2017 22:52:12 GMT"
        ],
        "Pragma": [
          "no-cache"
        ],
        "Transfer-Encoding": [
          "chunked"
        ],
        "Retry-After": [
          "10"
        ],
        "Server": [
          "Microsoft-HTTPAPI/2.0",
          "Microsoft-HTTPAPI/2.0"
        ],
        "Vary": [
          "Accept-Encoding"
        ],
        "x-ms-request-id": [
          "d343b164-53a1-45ce-94d0-01502b60065e"
        ],
        "Azure-AsyncOperation": [
          "https://management.azure.com/subscriptions/c549f475-dee8-428c-bb19-829a55e52f77/providers/Microsoft.Network/locations/eastus/operations/d343b164-53a1-45ce-94d0-01502b60065e?api-version=2017-08-01"
        ],
        "Strict-Transport-Security": [
          "max-age=31536000; includeSubDomains"
        ],
        "x-ms-ratelimit-remaining-subscription-writes": [
          "1194"
        ],
        "x-ms-correlation-request-id": [
          "260e6c5b-ce69-4537-86aa-fb802267e8c2"
        ],
        "x-ms-routing-request-id": [
          "WESTUS2:20170912T225212Z:260e6c5b-ce69-4537-86aa-fb802267e8c2"
        ]
      },
      "StatusCode": 200
    },
    {
      "RequestUri": "/subscriptions/c549f475-dee8-428c-bb19-829a55e52f77/providers/Microsoft.Network/locations/eastus/operations/ccadbadd-a5bd-4d51-b64c-ca2ec0ad56c1?api-version=2017-08-01",
      "EncodedRequestUri": "L3N1YnNjcmlwdGlvbnMvYzU0OWY0NzUtZGVlOC00MjhjLWJiMTktODI5YTU1ZTUyZjc3L3Byb3ZpZGVycy9NaWNyb3NvZnQuTmV0d29yay9sb2NhdGlvbnMvZWFzdHVzL29wZXJhdGlvbnMvY2NhZGJhZGQtYTViZC00ZDUxLWI2NGMtY2EyZWMwYWQ1NmMxP2FwaS12ZXJzaW9uPTIwMTctMDgtMDE=",
      "RequestMethod": "GET",
      "RequestBody": "",
      "RequestHeaders": {
        "User-Agent": [
          "FxVersion/4.6.25211.01",
          "Microsoft.Azure.Management.Network.Fluent.NetworkManagementClient/1.2.0.0",
          "MacAddressHash/3270a997f9e7afffdd4282ff951f775d27066664b70f9a38e2a52a59d81aa109"
        ]
      },
      "ResponseBody": "{\r\n  \"status\": \"Succeeded\"\r\n}",
      "ResponseHeaders": {
        "Content-Type": [
          "application/json; charset=utf-8"
        ],
        "Expires": [
          "-1"
        ],
        "Cache-Control": [
          "no-cache"
        ],
        "Date": [
          "Tue, 12 Sep 2017 22:51:37 GMT"
        ],
        "Pragma": [
          "no-cache"
        ],
        "Transfer-Encoding": [
          "chunked"
        ],
        "Server": [
          "Microsoft-HTTPAPI/2.0",
          "Microsoft-HTTPAPI/2.0"
        ],
        "Vary": [
          "Accept-Encoding"
        ],
        "x-ms-request-id": [
          "9af2b14a-b728-4919-b4cc-41c18441744f"
        ],
        "Strict-Transport-Security": [
          "max-age=31536000; includeSubDomains"
        ],
        "x-ms-ratelimit-remaining-subscription-reads": [
          "14976"
        ],
        "x-ms-correlation-request-id": [
          "2826e797-7894-4690-88f6-dc52a55def99"
        ],
        "x-ms-routing-request-id": [
          "WESTUS2:20170912T225138Z:2826e797-7894-4690-88f6-dc52a55def99"
        ]
      },
      "StatusCode": 200
    },
    {
      "RequestUri": "/subscriptions/c549f475-dee8-428c-bb19-829a55e52f77/resourceGroups/rg1270/providers/Microsoft.Network/virtualNetworks/netA1270/virtualNetworkPeerings/peer0?api-version=2017-08-01",
      "EncodedRequestUri": "L3N1YnNjcmlwdGlvbnMvYzU0OWY0NzUtZGVlOC00MjhjLWJiMTktODI5YTU1ZTUyZjc3L3Jlc291cmNlR3JvdXBzL3JnMTI3MC9wcm92aWRlcnMvTWljcm9zb2Z0Lk5ldHdvcmsvdmlydHVhbE5ldHdvcmtzL25ldEExMjcwL3ZpcnR1YWxOZXR3b3JrUGVlcmluZ3MvcGVlcjA/YXBpLXZlcnNpb249MjAxNy0wOC0wMQ==",
      "RequestMethod": "GET",
      "RequestBody": "",
      "RequestHeaders": {
        "User-Agent": [
          "FxVersion/4.6.25211.01",
          "Microsoft.Azure.Management.Network.Fluent.NetworkManagementClient/1.2.0.0",
          "MacAddressHash/3270a997f9e7afffdd4282ff951f775d27066664b70f9a38e2a52a59d81aa109"
        ]
      },
      "ResponseBody": "{\r\n  \"name\": \"peer0\",\r\n  \"id\": \"/subscriptions/c549f475-dee8-428c-bb19-829a55e52f77/resourceGroups/rg1270/providers/Microsoft.Network/virtualNetworks/netA1270/virtualNetworkPeerings/peer0\",\r\n  \"etag\": \"W/\\\"c63dd1c9-a41b-4572-ab6f-c442e5050f1e\\\"\",\r\n  \"properties\": {\r\n    \"provisioningState\": \"Succeeded\",\r\n    \"peeringState\": \"Initiated\",\r\n    \"remoteVirtualNetwork\": {\r\n      \"id\": \"/subscriptions/c549f475-dee8-428c-bb19-829a55e52f77/resourceGroups/rg1270/providers/Microsoft.Network/virtualNetworks/netB1270\"\r\n    },\r\n    \"allowVirtualNetworkAccess\": false,\r\n    \"allowForwardedTraffic\": true,\r\n    \"allowGatewayTransit\": true,\r\n    \"useRemoteGateways\": false,\r\n    \"remoteAddressSpace\": {\r\n      \"addressPrefixes\": [\r\n        \"10.1.0.0/27\"\r\n      ]\r\n    }\r\n  }\r\n}",
      "ResponseHeaders": {
        "Content-Type": [
          "application/json; charset=utf-8"
        ],
        "Expires": [
          "-1"
        ],
        "Cache-Control": [
          "no-cache"
        ],
        "Date": [
          "Tue, 12 Sep 2017 22:51:37 GMT"
        ],
        "Pragma": [
          "no-cache"
        ],
        "Transfer-Encoding": [
          "chunked"
        ],
        "ETag": [
          "W/\"c63dd1c9-a41b-4572-ab6f-c442e5050f1e\""
        ],
        "Server": [
          "Microsoft-HTTPAPI/2.0",
          "Microsoft-HTTPAPI/2.0"
        ],
        "Vary": [
          "Accept-Encoding"
        ],
        "x-ms-request-id": [
          "c4d2f360-a616-41f1-90ac-9b5574faf76c"
        ],
        "Strict-Transport-Security": [
          "max-age=31536000; includeSubDomains"
        ],
        "x-ms-ratelimit-remaining-subscription-reads": [
          "14996"
        ],
        "x-ms-correlation-request-id": [
          "b7e08593-09b6-4214-98b6-a45d46b7a017"
        ],
        "x-ms-routing-request-id": [
          "WESTUS2:20170912T225138Z:b7e08593-09b6-4214-98b6-a45d46b7a017"
        ]
      },
      "StatusCode": 200
    },
    {
      "RequestUri": "/subscriptions/c549f475-dee8-428c-bb19-829a55e52f77/resourceGroups/rg1270/providers/Microsoft.Network/virtualNetworks/netA1270/virtualNetworkPeerings/peer0?api-version=2017-08-01",
      "EncodedRequestUri": "L3N1YnNjcmlwdGlvbnMvYzU0OWY0NzUtZGVlOC00MjhjLWJiMTktODI5YTU1ZTUyZjc3L3Jlc291cmNlR3JvdXBzL3JnMTI3MC9wcm92aWRlcnMvTWljcm9zb2Z0Lk5ldHdvcmsvdmlydHVhbE5ldHdvcmtzL25ldEExMjcwL3ZpcnR1YWxOZXR3b3JrUGVlcmluZ3MvcGVlcjA/YXBpLXZlcnNpb249MjAxNy0wOC0wMQ==",
      "RequestMethod": "GET",
      "RequestBody": "",
      "RequestHeaders": {
        "User-Agent": [
          "FxVersion/4.6.25211.01",
          "Microsoft.Azure.Management.Network.Fluent.NetworkManagementClient/1.2.0.0",
          "MacAddressHash/3270a997f9e7afffdd4282ff951f775d27066664b70f9a38e2a52a59d81aa109"
        ]
      },
      "ResponseBody": "{\r\n  \"name\": \"peer0\",\r\n  \"id\": \"/subscriptions/c549f475-dee8-428c-bb19-829a55e52f77/resourceGroups/rg1270/providers/Microsoft.Network/virtualNetworks/netA1270/virtualNetworkPeerings/peer0\",\r\n  \"etag\": \"W/\\\"56252169-92e1-4cb2-ab01-950b3045d888\\\"\",\r\n  \"properties\": {\r\n    \"provisioningState\": \"Succeeded\",\r\n    \"peeringState\": \"Connected\",\r\n    \"remoteVirtualNetwork\": {\r\n      \"id\": \"/subscriptions/c549f475-dee8-428c-bb19-829a55e52f77/resourceGroups/rg1270/providers/Microsoft.Network/virtualNetworks/netB1270\"\r\n    },\r\n    \"allowVirtualNetworkAccess\": true,\r\n    \"allowForwardedTraffic\": false,\r\n    \"allowGatewayTransit\": false,\r\n    \"useRemoteGateways\": false,\r\n    \"remoteAddressSpace\": {\r\n      \"addressPrefixes\": [\r\n        \"10.1.0.0/27\"\r\n      ]\r\n    }\r\n  }\r\n}",
      "ResponseHeaders": {
        "Content-Type": [
          "application/json; charset=utf-8"
        ],
        "Expires": [
          "-1"
        ],
        "Cache-Control": [
          "no-cache"
        ],
        "Date": [
          "Tue, 12 Sep 2017 22:52:43 GMT"
        ],
        "Pragma": [
          "no-cache"
        ],
        "Transfer-Encoding": [
          "chunked"
        ],
        "ETag": [
          "W/\"56252169-92e1-4cb2-ab01-950b3045d888\""
        ],
        "Server": [
          "Microsoft-HTTPAPI/2.0",
          "Microsoft-HTTPAPI/2.0"
        ],
        "Vary": [
          "Accept-Encoding"
        ],
        "x-ms-request-id": [
          "65f4a689-0fca-48cd-b0ca-6badddcc23c9"
        ],
        "Strict-Transport-Security": [
          "max-age=31536000; includeSubDomains"
        ],
        "x-ms-ratelimit-remaining-subscription-reads": [
          "14968"
        ],
        "x-ms-correlation-request-id": [
          "b5103d31-a042-4e1d-aca5-eed6865bcd41"
        ],
        "x-ms-routing-request-id": [
          "WESTUS2:20170912T225243Z:b5103d31-a042-4e1d-aca5-eed6865bcd41"
        ]
      },
      "StatusCode": 200
    },
    {
      "RequestUri": "/subscriptions/c549f475-dee8-428c-bb19-829a55e52f77/resourceGroups/rg1270/providers/Microsoft.Network/virtualNetworks/netB1270/virtualNetworkPeerings?api-version=2017-08-01",
      "EncodedRequestUri": "L3N1YnNjcmlwdGlvbnMvYzU0OWY0NzUtZGVlOC00MjhjLWJiMTktODI5YTU1ZTUyZjc3L3Jlc291cmNlR3JvdXBzL3JnMTI3MC9wcm92aWRlcnMvTWljcm9zb2Z0Lk5ldHdvcmsvdmlydHVhbE5ldHdvcmtzL25ldEIxMjcwL3ZpcnR1YWxOZXR3b3JrUGVlcmluZ3M/YXBpLXZlcnNpb249MjAxNy0wOC0wMQ==",
      "RequestMethod": "GET",
      "RequestBody": "",
      "RequestHeaders": {
        "x-ms-client-request-id": [
          "3c32321c-e168-4a4d-a234-e1e9bc7afacd"
        ],
        "accept-language": [
          "en-US"
        ],
        "User-Agent": [
          "FxVersion/4.6.25211.01",
          "Microsoft.Azure.Management.Network.Fluent.NetworkManagementClient/1.2.0.0",
          "MacAddressHash/3270a997f9e7afffdd4282ff951f775d27066664b70f9a38e2a52a59d81aa109"
        ]
      },
      "ResponseBody": "{\r\n  \"value\": []\r\n}",
      "ResponseHeaders": {
        "Content-Type": [
          "application/json; charset=utf-8"
        ],
        "Expires": [
          "-1"
        ],
        "Cache-Control": [
          "no-cache"
        ],
        "Date": [
          "Tue, 12 Sep 2017 22:51:38 GMT"
        ],
        "Pragma": [
          "no-cache"
        ],
        "Transfer-Encoding": [
          "chunked"
        ],
        "Server": [
          "Microsoft-HTTPAPI/2.0",
          "Microsoft-HTTPAPI/2.0"
        ],
        "Vary": [
          "Accept-Encoding"
        ],
        "x-ms-request-id": [
          "bb7656b6-2803-44da-a668-4dd76c38e152"
        ],
        "Strict-Transport-Security": [
          "max-age=31536000; includeSubDomains"
        ],
        "x-ms-ratelimit-remaining-subscription-reads": [
          "14995"
        ],
        "x-ms-correlation-request-id": [
          "d5975f82-d8e4-4b14-bf28-b4acf1d87563"
        ],
        "x-ms-routing-request-id": [
          "WESTUS2:20170912T225139Z:d5975f82-d8e4-4b14-bf28-b4acf1d87563"
        ]
      },
      "StatusCode": 200
    },
    {
      "RequestUri": "/subscriptions/c549f475-dee8-428c-bb19-829a55e52f77/resourceGroups/rg1270/providers/Microsoft.Network/virtualNetworks/netB1270/virtualNetworkPeerings?api-version=2017-08-01",
      "EncodedRequestUri": "L3N1YnNjcmlwdGlvbnMvYzU0OWY0NzUtZGVlOC00MjhjLWJiMTktODI5YTU1ZTUyZjc3L3Jlc291cmNlR3JvdXBzL3JnMTI3MC9wcm92aWRlcnMvTWljcm9zb2Z0Lk5ldHdvcmsvdmlydHVhbE5ldHdvcmtzL25ldEIxMjcwL3ZpcnR1YWxOZXR3b3JrUGVlcmluZ3M/YXBpLXZlcnNpb249MjAxNy0wOC0wMQ==",
      "RequestMethod": "GET",
      "RequestBody": "",
      "RequestHeaders": {
        "x-ms-client-request-id": [
          "985ee913-174c-4bcd-8601-e55b05f1f85d"
        ],
        "accept-language": [
          "en-US"
        ],
        "User-Agent": [
          "FxVersion/4.6.25211.01",
          "Microsoft.Azure.Management.Network.Fluent.NetworkManagementClient/1.2.0.0",
          "MacAddressHash/3270a997f9e7afffdd4282ff951f775d27066664b70f9a38e2a52a59d81aa109"
        ]
      },
      "ResponseBody": "{\r\n  \"value\": [\r\n    {\r\n      \"name\": \"peer0ab88481b\",\r\n      \"id\": \"/subscriptions/c549f475-dee8-428c-bb19-829a55e52f77/resourceGroups/rg1270/providers/Microsoft.Network/virtualNetworks/netB1270/virtualNetworkPeerings/peer0ab88481b\",\r\n      \"etag\": \"W/\\\"35f9e76e-dcf0-4fd5-9628-13a7f7c65f0d\\\"\",\r\n      \"properties\": {\r\n        \"provisioningState\": \"Succeeded\",\r\n        \"peeringState\": \"Connected\",\r\n        \"remoteVirtualNetwork\": {\r\n          \"id\": \"/subscriptions/c549f475-dee8-428c-bb19-829a55e52f77/resourceGroups/rg1270/providers/Microsoft.Network/virtualNetworks/netA1270\"\r\n        },\r\n        \"allowVirtualNetworkAccess\": false,\r\n        \"allowForwardedTraffic\": true,\r\n        \"allowGatewayTransit\": false,\r\n        \"useRemoteGateways\": false,\r\n        \"remoteAddressSpace\": {\r\n          \"addressPrefixes\": [\r\n            \"10.0.0.0/27\"\r\n          ]\r\n        }\r\n      }\r\n    }\r\n  ]\r\n}",
      "ResponseHeaders": {
        "Content-Type": [
          "application/json; charset=utf-8"
        ],
        "Expires": [
          "-1"
        ],
        "Cache-Control": [
          "no-cache"
        ],
        "Date": [
          "Tue, 12 Sep 2017 22:52:10 GMT"
        ],
        "Pragma": [
          "no-cache"
        ],
        "Transfer-Encoding": [
          "chunked"
        ],
        "Server": [
          "Microsoft-HTTPAPI/2.0",
          "Microsoft-HTTPAPI/2.0"
        ],
        "Vary": [
          "Accept-Encoding"
        ],
        "x-ms-request-id": [
          "d5e8dfe2-5bbb-4011-a224-4cab5de6256d"
        ],
        "Strict-Transport-Security": [
          "max-age=31536000; includeSubDomains"
        ],
        "x-ms-ratelimit-remaining-subscription-reads": [
          "14991"
        ],
        "x-ms-correlation-request-id": [
          "803f2906-e1f9-4c02-8a2a-dd96befc3927"
        ],
        "x-ms-routing-request-id": [
          "WESTUS2:20170912T225211Z:803f2906-e1f9-4c02-8a2a-dd96befc3927"
        ]
      },
      "StatusCode": 200
    },
    {
      "RequestUri": "/subscriptions/c549f475-dee8-428c-bb19-829a55e52f77/resourceGroups/rg1270/providers/Microsoft.Network/virtualNetworks/netB1270/virtualNetworkPeerings?api-version=2017-08-01",
      "EncodedRequestUri": "L3N1YnNjcmlwdGlvbnMvYzU0OWY0NzUtZGVlOC00MjhjLWJiMTktODI5YTU1ZTUyZjc3L3Jlc291cmNlR3JvdXBzL3JnMTI3MC9wcm92aWRlcnMvTWljcm9zb2Z0Lk5ldHdvcmsvdmlydHVhbE5ldHdvcmtzL25ldEIxMjcwL3ZpcnR1YWxOZXR3b3JrUGVlcmluZ3M/YXBpLXZlcnNpb249MjAxNy0wOC0wMQ==",
      "RequestMethod": "GET",
      "RequestBody": "",
      "RequestHeaders": {
        "x-ms-client-request-id": [
          "235c93e8-5c01-4026-8ccf-de6ebe31e1ff"
        ],
        "accept-language": [
          "en-US"
        ],
        "User-Agent": [
          "FxVersion/4.6.25211.01",
          "Microsoft.Azure.Management.Network.Fluent.NetworkManagementClient/1.2.0.0",
          "MacAddressHash/3270a997f9e7afffdd4282ff951f775d27066664b70f9a38e2a52a59d81aa109"
        ]
      },
      "ResponseBody": "{\r\n  \"value\": [\r\n    {\r\n      \"name\": \"peer0ab88481b\",\r\n      \"id\": \"/subscriptions/c549f475-dee8-428c-bb19-829a55e52f77/resourceGroups/rg1270/providers/Microsoft.Network/virtualNetworks/netB1270/virtualNetworkPeerings/peer0ab88481b\",\r\n      \"etag\": \"W/\\\"35f9e76e-dcf0-4fd5-9628-13a7f7c65f0d\\\"\",\r\n      \"properties\": {\r\n        \"provisioningState\": \"Succeeded\",\r\n        \"peeringState\": \"Connected\",\r\n        \"remoteVirtualNetwork\": {\r\n          \"id\": \"/subscriptions/c549f475-dee8-428c-bb19-829a55e52f77/resourceGroups/rg1270/providers/Microsoft.Network/virtualNetworks/netA1270\"\r\n        },\r\n        \"allowVirtualNetworkAccess\": false,\r\n        \"allowForwardedTraffic\": true,\r\n        \"allowGatewayTransit\": false,\r\n        \"useRemoteGateways\": false,\r\n        \"remoteAddressSpace\": {\r\n          \"addressPrefixes\": [\r\n            \"10.0.0.0/27\"\r\n          ]\r\n        }\r\n      }\r\n    }\r\n  ]\r\n}",
      "ResponseHeaders": {
        "Content-Type": [
          "application/json; charset=utf-8"
        ],
        "Expires": [
          "-1"
        ],
        "Cache-Control": [
          "no-cache"
        ],
        "Date": [
          "Tue, 12 Sep 2017 22:52:11 GMT"
        ],
        "Pragma": [
          "no-cache"
        ],
        "Transfer-Encoding": [
          "chunked"
        ],
        "Server": [
          "Microsoft-HTTPAPI/2.0",
          "Microsoft-HTTPAPI/2.0"
        ],
        "Vary": [
          "Accept-Encoding"
        ],
        "x-ms-request-id": [
          "f32328f8-54f9-48b5-b761-93d285d5260b"
        ],
        "Strict-Transport-Security": [
          "max-age=31536000; includeSubDomains"
        ],
        "x-ms-ratelimit-remaining-subscription-reads": [
          "14990"
        ],
        "x-ms-correlation-request-id": [
          "76dd9840-f119-49e5-8f13-3fe89035a840"
        ],
        "x-ms-routing-request-id": [
          "WESTUS2:20170912T225211Z:76dd9840-f119-49e5-8f13-3fe89035a840"
        ]
      },
      "StatusCode": 200
    },
    {
      "RequestUri": "/subscriptions/c549f475-dee8-428c-bb19-829a55e52f77/resourceGroups/rg1270/providers/Microsoft.Network/virtualNetworks/netB1270/virtualNetworkPeerings?api-version=2017-08-01",
      "EncodedRequestUri": "L3N1YnNjcmlwdGlvbnMvYzU0OWY0NzUtZGVlOC00MjhjLWJiMTktODI5YTU1ZTUyZjc3L3Jlc291cmNlR3JvdXBzL3JnMTI3MC9wcm92aWRlcnMvTWljcm9zb2Z0Lk5ldHdvcmsvdmlydHVhbE5ldHdvcmtzL25ldEIxMjcwL3ZpcnR1YWxOZXR3b3JrUGVlcmluZ3M/YXBpLXZlcnNpb249MjAxNy0wOC0wMQ==",
      "RequestMethod": "GET",
      "RequestBody": "",
      "RequestHeaders": {
        "x-ms-client-request-id": [
          "60346f8f-e9e2-43db-a730-5e40b573bc1d"
        ],
        "accept-language": [
          "en-US"
        ],
        "User-Agent": [
          "FxVersion/4.6.25211.01",
          "Microsoft.Azure.Management.Network.Fluent.NetworkManagementClient/1.2.0.0",
          "MacAddressHash/3270a997f9e7afffdd4282ff951f775d27066664b70f9a38e2a52a59d81aa109"
        ]
      },
      "ResponseBody": "{\r\n  \"value\": [\r\n    {\r\n      \"name\": \"peer0ab88481b\",\r\n      \"id\": \"/subscriptions/c549f475-dee8-428c-bb19-829a55e52f77/resourceGroups/rg1270/providers/Microsoft.Network/virtualNetworks/netB1270/virtualNetworkPeerings/peer0ab88481b\",\r\n      \"etag\": \"W/\\\"7abbc2e5-6660-489e-aafa-7a77b5ea44ca\\\"\",\r\n      \"properties\": {\r\n        \"provisioningState\": \"Succeeded\",\r\n        \"peeringState\": \"Connected\",\r\n        \"remoteVirtualNetwork\": {\r\n          \"id\": \"/subscriptions/c549f475-dee8-428c-bb19-829a55e52f77/resourceGroups/rg1270/providers/Microsoft.Network/virtualNetworks/netA1270\"\r\n        },\r\n        \"allowVirtualNetworkAccess\": false,\r\n        \"allowForwardedTraffic\": true,\r\n        \"allowGatewayTransit\": false,\r\n        \"useRemoteGateways\": false,\r\n        \"remoteAddressSpace\": {\r\n          \"addressPrefixes\": [\r\n            \"10.0.0.0/27\"\r\n          ]\r\n        }\r\n      }\r\n    }\r\n  ]\r\n}",
      "ResponseHeaders": {
        "Content-Type": [
          "application/json; charset=utf-8"
        ],
        "Expires": [
          "-1"
        ],
        "Cache-Control": [
          "no-cache"
        ],
        "Date": [
          "Tue, 12 Sep 2017 22:52:44 GMT"
        ],
        "Pragma": [
          "no-cache"
        ],
        "Transfer-Encoding": [
          "chunked"
        ],
        "Server": [
          "Microsoft-HTTPAPI/2.0",
          "Microsoft-HTTPAPI/2.0"
        ],
        "Vary": [
          "Accept-Encoding"
        ],
        "x-ms-request-id": [
          "12a93d5d-a5b6-4419-9e4b-2531ab3e3fbc"
        ],
        "Strict-Transport-Security": [
          "max-age=31536000; includeSubDomains"
        ],
        "x-ms-ratelimit-remaining-subscription-reads": [
          "14967"
        ],
        "x-ms-correlation-request-id": [
          "20d8eb0c-48b4-4712-918c-583c5aca4af1"
        ],
        "x-ms-routing-request-id": [
          "WESTUS2:20170912T225244Z:20d8eb0c-48b4-4712-918c-583c5aca4af1"
        ]
      },
      "StatusCode": 200
    },
    {
      "RequestUri": "/subscriptions/c549f475-dee8-428c-bb19-829a55e52f77/resourceGroups/rg1270/providers/Microsoft.Network/virtualNetworks/netB1270/virtualNetworkPeerings?api-version=2017-08-01",
      "EncodedRequestUri": "L3N1YnNjcmlwdGlvbnMvYzU0OWY0NzUtZGVlOC00MjhjLWJiMTktODI5YTU1ZTUyZjc3L3Jlc291cmNlR3JvdXBzL3JnMTI3MC9wcm92aWRlcnMvTWljcm9zb2Z0Lk5ldHdvcmsvdmlydHVhbE5ldHdvcmtzL25ldEIxMjcwL3ZpcnR1YWxOZXR3b3JrUGVlcmluZ3M/YXBpLXZlcnNpb249MjAxNy0wOC0wMQ==",
      "RequestMethod": "GET",
      "RequestBody": "",
      "RequestHeaders": {
        "x-ms-client-request-id": [
          "166a3ae3-5000-4bc4-831c-c369c4e2eaf2"
        ],
        "accept-language": [
          "en-US"
        ],
        "User-Agent": [
          "FxVersion/4.6.25211.01",
          "Microsoft.Azure.Management.Network.Fluent.NetworkManagementClient/1.2.0.0",
          "MacAddressHash/3270a997f9e7afffdd4282ff951f775d27066664b70f9a38e2a52a59d81aa109"
        ]
      },
      "ResponseBody": "{\r\n  \"value\": [\r\n    {\r\n      \"name\": \"peer0ab88481b\",\r\n      \"id\": \"/subscriptions/c549f475-dee8-428c-bb19-829a55e52f77/resourceGroups/rg1270/providers/Microsoft.Network/virtualNetworks/netB1270/virtualNetworkPeerings/peer0ab88481b\",\r\n      \"etag\": \"W/\\\"62f6fb5a-a191-4e1a-bf6a-96f350b49773\\\"\",\r\n      \"properties\": {\r\n        \"provisioningState\": \"Succeeded\",\r\n        \"peeringState\": \"Connected\",\r\n        \"remoteVirtualNetwork\": {\r\n          \"id\": \"/subscriptions/c549f475-dee8-428c-bb19-829a55e52f77/resourceGroups/rg1270/providers/Microsoft.Network/virtualNetworks/netA1270\"\r\n        },\r\n        \"allowVirtualNetworkAccess\": true,\r\n        \"allowForwardedTraffic\": false,\r\n        \"allowGatewayTransit\": false,\r\n        \"useRemoteGateways\": false,\r\n        \"remoteAddressSpace\": {\r\n          \"addressPrefixes\": [\r\n            \"10.0.0.0/27\"\r\n          ]\r\n        }\r\n      }\r\n    }\r\n  ]\r\n}",
      "ResponseHeaders": {
        "Content-Type": [
          "application/json; charset=utf-8"
        ],
        "Expires": [
          "-1"
        ],
        "Cache-Control": [
          "no-cache"
        ],
        "Date": [
          "Tue, 12 Sep 2017 22:53:15 GMT"
        ],
        "Pragma": [
          "no-cache"
        ],
        "Transfer-Encoding": [
          "chunked"
        ],
        "Server": [
          "Microsoft-HTTPAPI/2.0",
          "Microsoft-HTTPAPI/2.0"
        ],
        "Vary": [
          "Accept-Encoding"
        ],
        "x-ms-request-id": [
          "fec04789-61df-43ac-9303-dffd158568b2"
        ],
        "Strict-Transport-Security": [
          "max-age=31536000; includeSubDomains"
        ],
        "x-ms-ratelimit-remaining-subscription-reads": [
          "14982"
        ],
        "x-ms-correlation-request-id": [
          "689d43ff-611a-4b2b-9219-d06f1beb5a79"
        ],
        "x-ms-routing-request-id": [
          "WESTUS2:20170912T225316Z:689d43ff-611a-4b2b-9219-d06f1beb5a79"
        ]
      },
      "StatusCode": 200
    },
    {
      "RequestUri": "/subscriptions/c549f475-dee8-428c-bb19-829a55e52f77/resourceGroups/rg1270/providers/Microsoft.Network/virtualNetworks/netB1270/virtualNetworkPeerings?api-version=2017-08-01",
      "EncodedRequestUri": "L3N1YnNjcmlwdGlvbnMvYzU0OWY0NzUtZGVlOC00MjhjLWJiMTktODI5YTU1ZTUyZjc3L3Jlc291cmNlR3JvdXBzL3JnMTI3MC9wcm92aWRlcnMvTWljcm9zb2Z0Lk5ldHdvcmsvdmlydHVhbE5ldHdvcmtzL25ldEIxMjcwL3ZpcnR1YWxOZXR3b3JrUGVlcmluZ3M/YXBpLXZlcnNpb249MjAxNy0wOC0wMQ==",
      "RequestMethod": "GET",
      "RequestBody": "",
      "RequestHeaders": {
        "x-ms-client-request-id": [
          "0770defb-4da0-4b98-8dd3-d09c51b7c737"
        ],
        "accept-language": [
          "en-US"
        ],
        "User-Agent": [
          "FxVersion/4.6.25211.01",
          "Microsoft.Azure.Management.Network.Fluent.NetworkManagementClient/1.2.0.0",
          "MacAddressHash/3270a997f9e7afffdd4282ff951f775d27066664b70f9a38e2a52a59d81aa109"
        ]
      },
      "ResponseBody": "{\r\n  \"value\": []\r\n}",
      "ResponseHeaders": {
        "Content-Type": [
          "application/json; charset=utf-8"
        ],
        "Expires": [
          "-1"
        ],
        "Cache-Control": [
          "no-cache"
        ],
        "Date": [
          "Tue, 12 Sep 2017 22:53:48 GMT"
        ],
        "Pragma": [
          "no-cache"
        ],
        "Transfer-Encoding": [
          "chunked"
        ],
        "Server": [
          "Microsoft-HTTPAPI/2.0",
          "Microsoft-HTTPAPI/2.0"
        ],
        "Vary": [
          "Accept-Encoding"
        ],
        "x-ms-request-id": [
          "176f4e86-b047-49b3-ab6e-a7e930ad74b1"
        ],
        "Strict-Transport-Security": [
          "max-age=31536000; includeSubDomains"
        ],
        "x-ms-ratelimit-remaining-subscription-reads": [
          "14977"
        ],
        "x-ms-correlation-request-id": [
          "f1dd3471-1773-4c3c-b2a5-065656662a64"
        ],
        "x-ms-routing-request-id": [
          "WESTUS2:20170912T225349Z:f1dd3471-1773-4c3c-b2a5-065656662a64"
        ]
      },
      "StatusCode": 200
    },
    {
      "RequestUri": "/subscriptions/c549f475-dee8-428c-bb19-829a55e52f77/resourceGroups/rg1270/providers/Microsoft.Network/virtualNetworks/netB1270/virtualNetworkPeerings/peer0ab88481b?api-version=2017-08-01",
      "EncodedRequestUri": "L3N1YnNjcmlwdGlvbnMvYzU0OWY0NzUtZGVlOC00MjhjLWJiMTktODI5YTU1ZTUyZjc3L3Jlc291cmNlR3JvdXBzL3JnMTI3MC9wcm92aWRlcnMvTWljcm9zb2Z0Lk5ldHdvcmsvdmlydHVhbE5ldHdvcmtzL25ldEIxMjcwL3ZpcnR1YWxOZXR3b3JrUGVlcmluZ3MvcGVlcjBhYjg4NDgxYj9hcGktdmVyc2lvbj0yMDE3LTA4LTAx",
      "RequestMethod": "PUT",
      "RequestBody": "{\r\n  \"properties\": {\r\n    \"allowVirtualNetworkAccess\": false,\r\n    \"allowForwardedTraffic\": true,\r\n    \"remoteVirtualNetwork\": {\r\n      \"id\": \"/subscriptions/c549f475-dee8-428c-bb19-829a55e52f77/resourceGroups/rg1270/providers/Microsoft.Network/virtualNetworks/netA1270\"\r\n    }\r\n  },\r\n  \"name\": \"peer0ab88481b\"\r\n}",
      "RequestHeaders": {
        "Content-Type": [
          "application/json; charset=utf-8"
        ],
        "Content-Length": [
          "313"
        ],
        "x-ms-client-request-id": [
          "f8c4f300-f5e4-4178-b820-a974c7a8616f"
        ],
        "accept-language": [
          "en-US"
        ],
        "User-Agent": [
          "FxVersion/4.6.25211.01",
          "Microsoft.Azure.Management.Network.Fluent.NetworkManagementClient/1.2.0.0",
          "MacAddressHash/3270a997f9e7afffdd4282ff951f775d27066664b70f9a38e2a52a59d81aa109"
        ]
      },
      "ResponseBody": "{\r\n  \"name\": \"peer0ab88481b\",\r\n  \"id\": \"/subscriptions/c549f475-dee8-428c-bb19-829a55e52f77/resourceGroups/rg1270/providers/Microsoft.Network/virtualNetworks/netB1270/virtualNetworkPeerings/peer0ab88481b\",\r\n  \"etag\": \"W/\\\"0ac26092-4c61-4685-a67b-3f8742bc072d\\\"\",\r\n  \"properties\": {\r\n    \"provisioningState\": \"Updating\",\r\n    \"peeringState\": \"Connected\",\r\n    \"remoteVirtualNetwork\": {\r\n      \"id\": \"/subscriptions/c549f475-dee8-428c-bb19-829a55e52f77/resourceGroups/rg1270/providers/Microsoft.Network/virtualNetworks/netA1270\"\r\n    },\r\n    \"allowVirtualNetworkAccess\": false,\r\n    \"allowForwardedTraffic\": true,\r\n    \"allowGatewayTransit\": false,\r\n    \"useRemoteGateways\": false,\r\n    \"remoteAddressSpace\": {\r\n      \"addressPrefixes\": [\r\n        \"10.0.0.0/27\"\r\n      ]\r\n    }\r\n  }\r\n}",
      "ResponseHeaders": {
        "Content-Length": [
          "783"
        ],
        "Content-Type": [
          "application/json; charset=utf-8"
        ],
        "Expires": [
          "-1"
        ],
        "Cache-Control": [
          "no-cache"
        ],
        "Date": [
          "Tue, 12 Sep 2017 22:51:38 GMT"
        ],
        "Pragma": [
          "no-cache"
        ],
        "Retry-After": [
          "10"
        ],
        "Server": [
          "Microsoft-HTTPAPI/2.0",
          "Microsoft-HTTPAPI/2.0"
        ],
        "x-ms-request-id": [
          "aea8d93f-cc4b-4c38-bbd8-74af280c8022"
        ],
        "Azure-AsyncOperation": [
          "https://management.azure.com/subscriptions/c549f475-dee8-428c-bb19-829a55e52f77/providers/Microsoft.Network/locations/eastus/operations/aea8d93f-cc4b-4c38-bbd8-74af280c8022?api-version=2017-08-01"
        ],
        "Strict-Transport-Security": [
          "max-age=31536000; includeSubDomains"
        ],
        "x-ms-ratelimit-remaining-subscription-writes": [
          "1195"
        ],
        "x-ms-correlation-request-id": [
          "2b8da936-6e81-44ea-9d58-650e188e91c7"
        ],
        "x-ms-routing-request-id": [
          "WESTUS2:20170912T225139Z:2b8da936-6e81-44ea-9d58-650e188e91c7"
        ]
      },
      "StatusCode": 201
    },
    {
      "RequestUri": "/subscriptions/c549f475-dee8-428c-bb19-829a55e52f77/resourceGroups/rg1270/providers/Microsoft.Network/virtualNetworks/netB1270/virtualNetworkPeerings/peer0ab88481b?api-version=2017-08-01",
      "EncodedRequestUri": "L3N1YnNjcmlwdGlvbnMvYzU0OWY0NzUtZGVlOC00MjhjLWJiMTktODI5YTU1ZTUyZjc3L3Jlc291cmNlR3JvdXBzL3JnMTI3MC9wcm92aWRlcnMvTWljcm9zb2Z0Lk5ldHdvcmsvdmlydHVhbE5ldHdvcmtzL25ldEIxMjcwL3ZpcnR1YWxOZXR3b3JrUGVlcmluZ3MvcGVlcjBhYjg4NDgxYj9hcGktdmVyc2lvbj0yMDE3LTA4LTAx",
      "RequestMethod": "PUT",
      "RequestBody": "{\r\n  \"properties\": {\r\n    \"allowVirtualNetworkAccess\": true,\r\n    \"allowForwardedTraffic\": false,\r\n    \"allowGatewayTransit\": false,\r\n    \"useRemoteGateways\": false,\r\n    \"remoteVirtualNetwork\": {\r\n      \"id\": \"/subscriptions/c549f475-dee8-428c-bb19-829a55e52f77/resourceGroups/rg1270/providers/Microsoft.Network/virtualNetworks/netA1270\"\r\n    },\r\n    \"peeringState\": \"Connected\",\r\n    \"provisioningState\": \"Succeeded\"\r\n  },\r\n  \"name\": \"peer0ab88481b\",\r\n  \"etag\": \"W/\\\"7abbc2e5-6660-489e-aafa-7a77b5ea44ca\\\"\",\r\n  \"id\": \"/subscriptions/c549f475-dee8-428c-bb19-829a55e52f77/resourceGroups/rg1270/providers/Microsoft.Network/virtualNetworks/netB1270/virtualNetworkPeerings/peer0ab88481b\"\r\n}",
      "RequestHeaders": {
        "Content-Type": [
          "application/json; charset=utf-8"
        ],
        "Content-Length": [
          "687"
        ],
        "x-ms-client-request-id": [
          "979e38fa-4e12-405a-ae9c-64a77fe43142"
        ],
        "accept-language": [
          "en-US"
        ],
        "User-Agent": [
          "FxVersion/4.6.25211.01",
          "Microsoft.Azure.Management.Network.Fluent.NetworkManagementClient/1.2.0.0",
          "MacAddressHash/3270a997f9e7afffdd4282ff951f775d27066664b70f9a38e2a52a59d81aa109"
        ]
      },
      "ResponseBody": "{\r\n  \"name\": \"peer0ab88481b\",\r\n  \"id\": \"/subscriptions/c549f475-dee8-428c-bb19-829a55e52f77/resourceGroups/rg1270/providers/Microsoft.Network/virtualNetworks/netB1270/virtualNetworkPeerings/peer0ab88481b\",\r\n  \"etag\": \"W/\\\"cbcdcb92-0fff-4efc-8a88-33b260427458\\\"\",\r\n  \"properties\": {\r\n    \"provisioningState\": \"Updating\",\r\n    \"peeringState\": \"Connected\",\r\n    \"remoteVirtualNetwork\": {\r\n      \"id\": \"/subscriptions/c549f475-dee8-428c-bb19-829a55e52f77/resourceGroups/rg1270/providers/Microsoft.Network/virtualNetworks/netA1270\"\r\n    },\r\n    \"allowVirtualNetworkAccess\": true,\r\n    \"allowForwardedTraffic\": false,\r\n    \"allowGatewayTransit\": false,\r\n    \"useRemoteGateways\": false,\r\n    \"remoteAddressSpace\": {\r\n      \"addressPrefixes\": [\r\n        \"10.0.0.0/27\"\r\n      ]\r\n    }\r\n  }\r\n}",
      "ResponseHeaders": {
        "Content-Type": [
          "application/json; charset=utf-8"
        ],
        "Expires": [
          "-1"
        ],
        "Cache-Control": [
          "no-cache"
        ],
        "Date": [
          "Tue, 12 Sep 2017 22:52:43 GMT"
        ],
        "Pragma": [
          "no-cache"
        ],
        "Transfer-Encoding": [
          "chunked"
        ],
        "Retry-After": [
          "10"
        ],
        "Server": [
          "Microsoft-HTTPAPI/2.0",
          "Microsoft-HTTPAPI/2.0"
        ],
        "Vary": [
          "Accept-Encoding"
        ],
        "x-ms-request-id": [
          "5bd3dc8d-18ff-433e-aaa0-a2959d5472af"
        ],
        "Azure-AsyncOperation": [
          "https://management.azure.com/subscriptions/c549f475-dee8-428c-bb19-829a55e52f77/providers/Microsoft.Network/locations/eastus/operations/5bd3dc8d-18ff-433e-aaa0-a2959d5472af?api-version=2017-08-01"
        ],
        "Strict-Transport-Security": [
          "max-age=31536000; includeSubDomains"
        ],
        "x-ms-ratelimit-remaining-subscription-writes": [
          "1196"
        ],
        "x-ms-correlation-request-id": [
          "a299452a-dda9-4a58-9f26-d8cc4e718034"
        ],
        "x-ms-routing-request-id": [
          "WESTUS2:20170912T225244Z:a299452a-dda9-4a58-9f26-d8cc4e718034"
        ]
      },
      "StatusCode": 200
    },
    {
      "RequestUri": "/subscriptions/c549f475-dee8-428c-bb19-829a55e52f77/providers/Microsoft.Network/locations/eastus/operations/aea8d93f-cc4b-4c38-bbd8-74af280c8022?api-version=2017-08-01",
      "EncodedRequestUri": "L3N1YnNjcmlwdGlvbnMvYzU0OWY0NzUtZGVlOC00MjhjLWJiMTktODI5YTU1ZTUyZjc3L3Byb3ZpZGVycy9NaWNyb3NvZnQuTmV0d29yay9sb2NhdGlvbnMvZWFzdHVzL29wZXJhdGlvbnMvYWVhOGQ5M2YtY2M0Yi00YzM4LWJiZDgtNzRhZjI4MGM4MDIyP2FwaS12ZXJzaW9uPTIwMTctMDgtMDE=",
      "RequestMethod": "GET",
      "RequestBody": "",
      "RequestHeaders": {
        "User-Agent": [
          "FxVersion/4.6.25211.01",
          "Microsoft.Azure.Management.Network.Fluent.NetworkManagementClient/1.2.0.0",
          "MacAddressHash/3270a997f9e7afffdd4282ff951f775d27066664b70f9a38e2a52a59d81aa109"
        ]
      },
      "ResponseBody": "{\r\n  \"status\": \"Succeeded\"\r\n}",
      "ResponseHeaders": {
        "Content-Type": [
          "application/json; charset=utf-8"
        ],
        "Expires": [
          "-1"
        ],
        "Cache-Control": [
          "no-cache"
        ],
        "Date": [
          "Tue, 12 Sep 2017 22:52:09 GMT"
        ],
        "Pragma": [
          "no-cache"
        ],
        "Transfer-Encoding": [
          "chunked"
        ],
        "Server": [
          "Microsoft-HTTPAPI/2.0",
          "Microsoft-HTTPAPI/2.0"
        ],
        "Vary": [
          "Accept-Encoding"
        ],
        "x-ms-request-id": [
          "2cf61fc4-43f2-427d-967c-60da9728d79c"
        ],
        "Strict-Transport-Security": [
          "max-age=31536000; includeSubDomains"
        ],
        "x-ms-ratelimit-remaining-subscription-reads": [
          "14994"
        ],
        "x-ms-correlation-request-id": [
          "4dbf2c00-457f-45be-8c0a-f02a0f8c733e"
        ],
        "x-ms-routing-request-id": [
          "WESTUS2:20170912T225209Z:4dbf2c00-457f-45be-8c0a-f02a0f8c733e"
        ]
      },
      "StatusCode": 200
    },
    {
      "RequestUri": "/subscriptions/c549f475-dee8-428c-bb19-829a55e52f77/resourceGroups/rg1270/providers/Microsoft.Network/virtualNetworks/netB1270/virtualNetworkPeerings/peer0ab88481b?api-version=2017-08-01",
      "EncodedRequestUri": "L3N1YnNjcmlwdGlvbnMvYzU0OWY0NzUtZGVlOC00MjhjLWJiMTktODI5YTU1ZTUyZjc3L3Jlc291cmNlR3JvdXBzL3JnMTI3MC9wcm92aWRlcnMvTWljcm9zb2Z0Lk5ldHdvcmsvdmlydHVhbE5ldHdvcmtzL25ldEIxMjcwL3ZpcnR1YWxOZXR3b3JrUGVlcmluZ3MvcGVlcjBhYjg4NDgxYj9hcGktdmVyc2lvbj0yMDE3LTA4LTAx",
      "RequestMethod": "GET",
      "RequestBody": "",
      "RequestHeaders": {
        "User-Agent": [
          "FxVersion/4.6.25211.01",
          "Microsoft.Azure.Management.Network.Fluent.NetworkManagementClient/1.2.0.0",
          "MacAddressHash/3270a997f9e7afffdd4282ff951f775d27066664b70f9a38e2a52a59d81aa109"
        ]
      },
      "ResponseBody": "{\r\n  \"name\": \"peer0ab88481b\",\r\n  \"id\": \"/subscriptions/c549f475-dee8-428c-bb19-829a55e52f77/resourceGroups/rg1270/providers/Microsoft.Network/virtualNetworks/netB1270/virtualNetworkPeerings/peer0ab88481b\",\r\n  \"etag\": \"W/\\\"35f9e76e-dcf0-4fd5-9628-13a7f7c65f0d\\\"\",\r\n  \"properties\": {\r\n    \"provisioningState\": \"Succeeded\",\r\n    \"peeringState\": \"Connected\",\r\n    \"remoteVirtualNetwork\": {\r\n      \"id\": \"/subscriptions/c549f475-dee8-428c-bb19-829a55e52f77/resourceGroups/rg1270/providers/Microsoft.Network/virtualNetworks/netA1270\"\r\n    },\r\n    \"allowVirtualNetworkAccess\": false,\r\n    \"allowForwardedTraffic\": true,\r\n    \"allowGatewayTransit\": false,\r\n    \"useRemoteGateways\": false,\r\n    \"remoteAddressSpace\": {\r\n      \"addressPrefixes\": [\r\n        \"10.0.0.0/27\"\r\n      ]\r\n    }\r\n  }\r\n}",
      "ResponseHeaders": {
        "Content-Type": [
          "application/json; charset=utf-8"
        ],
        "Expires": [
          "-1"
        ],
        "Cache-Control": [
          "no-cache"
        ],
        "Date": [
          "Tue, 12 Sep 2017 22:52:09 GMT"
        ],
        "Pragma": [
          "no-cache"
        ],
        "Transfer-Encoding": [
          "chunked"
        ],
        "ETag": [
          "W/\"35f9e76e-dcf0-4fd5-9628-13a7f7c65f0d\""
        ],
        "Server": [
          "Microsoft-HTTPAPI/2.0",
          "Microsoft-HTTPAPI/2.0"
        ],
        "Vary": [
          "Accept-Encoding"
        ],
        "x-ms-request-id": [
          "772c9992-1459-4609-bb6b-cf81f5089c98"
        ],
        "Strict-Transport-Security": [
          "max-age=31536000; includeSubDomains"
        ],
        "x-ms-ratelimit-remaining-subscription-reads": [
          "14974"
        ],
        "x-ms-correlation-request-id": [
          "9f926993-0049-48fc-8d8d-e4e908a0bb00"
        ],
        "x-ms-routing-request-id": [
          "WESTUS2:20170912T225210Z:9f926993-0049-48fc-8d8d-e4e908a0bb00"
        ]
      },
      "StatusCode": 200
    },
    {
      "RequestUri": "/subscriptions/c549f475-dee8-428c-bb19-829a55e52f77/resourceGroups/rg1270/providers/Microsoft.Network/virtualNetworks/netB1270/virtualNetworkPeerings/peer0ab88481b?api-version=2017-08-01",
      "EncodedRequestUri": "L3N1YnNjcmlwdGlvbnMvYzU0OWY0NzUtZGVlOC00MjhjLWJiMTktODI5YTU1ZTUyZjc3L3Jlc291cmNlR3JvdXBzL3JnMTI3MC9wcm92aWRlcnMvTWljcm9zb2Z0Lk5ldHdvcmsvdmlydHVhbE5ldHdvcmtzL25ldEIxMjcwL3ZpcnR1YWxOZXR3b3JrUGVlcmluZ3MvcGVlcjBhYjg4NDgxYj9hcGktdmVyc2lvbj0yMDE3LTA4LTAx",
      "RequestMethod": "GET",
      "RequestBody": "",
      "RequestHeaders": {
        "User-Agent": [
          "FxVersion/4.6.25211.01",
          "Microsoft.Azure.Management.Network.Fluent.NetworkManagementClient/1.2.0.0",
          "MacAddressHash/3270a997f9e7afffdd4282ff951f775d27066664b70f9a38e2a52a59d81aa109"
        ]
      },
      "ResponseBody": "{\r\n  \"name\": \"peer0ab88481b\",\r\n  \"id\": \"/subscriptions/c549f475-dee8-428c-bb19-829a55e52f77/resourceGroups/rg1270/providers/Microsoft.Network/virtualNetworks/netB1270/virtualNetworkPeerings/peer0ab88481b\",\r\n  \"etag\": \"W/\\\"62f6fb5a-a191-4e1a-bf6a-96f350b49773\\\"\",\r\n  \"properties\": {\r\n    \"provisioningState\": \"Succeeded\",\r\n    \"peeringState\": \"Connected\",\r\n    \"remoteVirtualNetwork\": {\r\n      \"id\": \"/subscriptions/c549f475-dee8-428c-bb19-829a55e52f77/resourceGroups/rg1270/providers/Microsoft.Network/virtualNetworks/netA1270\"\r\n    },\r\n    \"allowVirtualNetworkAccess\": true,\r\n    \"allowForwardedTraffic\": false,\r\n    \"allowGatewayTransit\": false,\r\n    \"useRemoteGateways\": false,\r\n    \"remoteAddressSpace\": {\r\n      \"addressPrefixes\": [\r\n        \"10.0.0.0/27\"\r\n      ]\r\n    }\r\n  }\r\n}",
      "ResponseHeaders": {
        "Content-Type": [
          "application/json; charset=utf-8"
        ],
        "Expires": [
          "-1"
        ],
        "Cache-Control": [
          "no-cache"
        ],
        "Date": [
          "Tue, 12 Sep 2017 22:53:14 GMT"
        ],
        "Pragma": [
          "no-cache"
        ],
        "Transfer-Encoding": [
          "chunked"
        ],
        "ETag": [
          "W/\"62f6fb5a-a191-4e1a-bf6a-96f350b49773\""
        ],
        "Server": [
          "Microsoft-HTTPAPI/2.0",
          "Microsoft-HTTPAPI/2.0"
        ],
        "Vary": [
          "Accept-Encoding"
        ],
        "x-ms-request-id": [
          "8cf6f518-1d78-47a6-b14b-9123f40a61ac"
        ],
        "Strict-Transport-Security": [
          "max-age=31536000; includeSubDomains"
        ],
        "x-ms-ratelimit-remaining-subscription-reads": [
          "14985"
        ],
        "x-ms-correlation-request-id": [
          "2973ffd7-5c77-4382-b21d-b09e92db9c7c"
        ],
        "x-ms-routing-request-id": [
          "WESTUS2:20170912T225315Z:2973ffd7-5c77-4382-b21d-b09e92db9c7c"
        ]
      },
      "StatusCode": 200
    },
    {
      "RequestUri": "/subscriptions/c549f475-dee8-428c-bb19-829a55e52f77/resourceGroups/rg1270/providers/Microsoft.Network/virtualNetworks/netB1270/virtualNetworkPeerings/peer0ab88481b?api-version=2017-08-01",
      "EncodedRequestUri": "L3N1YnNjcmlwdGlvbnMvYzU0OWY0NzUtZGVlOC00MjhjLWJiMTktODI5YTU1ZTUyZjc3L3Jlc291cmNlR3JvdXBzL3JnMTI3MC9wcm92aWRlcnMvTWljcm9zb2Z0Lk5ldHdvcmsvdmlydHVhbE5ldHdvcmtzL25ldEIxMjcwL3ZpcnR1YWxOZXR3b3JrUGVlcmluZ3MvcGVlcjBhYjg4NDgxYj9hcGktdmVyc2lvbj0yMDE3LTA4LTAx",
      "RequestMethod": "GET",
      "RequestBody": "",
      "RequestHeaders": {
        "x-ms-client-request-id": [
          "758610b8-306e-4ebb-bc63-e8e632b2366f"
        ],
        "accept-language": [
          "en-US"
        ],
        "User-Agent": [
          "FxVersion/4.6.25211.01",
          "Microsoft.Azure.Management.Network.Fluent.NetworkManagementClient/1.2.0.0",
          "MacAddressHash/3270a997f9e7afffdd4282ff951f775d27066664b70f9a38e2a52a59d81aa109"
        ]
      },
      "ResponseBody": "{\r\n  \"name\": \"peer0ab88481b\",\r\n  \"id\": \"/subscriptions/c549f475-dee8-428c-bb19-829a55e52f77/resourceGroups/rg1270/providers/Microsoft.Network/virtualNetworks/netB1270/virtualNetworkPeerings/peer0ab88481b\",\r\n  \"etag\": \"W/\\\"62f6fb5a-a191-4e1a-bf6a-96f350b49773\\\"\",\r\n  \"properties\": {\r\n    \"provisioningState\": \"Succeeded\",\r\n    \"peeringState\": \"Connected\",\r\n    \"remoteVirtualNetwork\": {\r\n      \"id\": \"/subscriptions/c549f475-dee8-428c-bb19-829a55e52f77/resourceGroups/rg1270/providers/Microsoft.Network/virtualNetworks/netA1270\"\r\n    },\r\n    \"allowVirtualNetworkAccess\": true,\r\n    \"allowForwardedTraffic\": false,\r\n    \"allowGatewayTransit\": false,\r\n    \"useRemoteGateways\": false,\r\n    \"remoteAddressSpace\": {\r\n      \"addressPrefixes\": [\r\n        \"10.0.0.0/27\"\r\n      ]\r\n    }\r\n  }\r\n}",
      "ResponseHeaders": {
        "Content-Type": [
          "application/json; charset=utf-8"
        ],
        "Expires": [
          "-1"
        ],
        "Cache-Control": [
          "no-cache"
        ],
        "Date": [
          "Tue, 12 Sep 2017 22:53:16 GMT"
        ],
        "Pragma": [
          "no-cache"
        ],
        "Transfer-Encoding": [
          "chunked"
        ],
        "ETag": [
          "W/\"62f6fb5a-a191-4e1a-bf6a-96f350b49773\""
        ],
        "Server": [
          "Microsoft-HTTPAPI/2.0",
          "Microsoft-HTTPAPI/2.0"
        ],
        "Vary": [
          "Accept-Encoding"
        ],
        "x-ms-request-id": [
          "1e265589-0e36-4e9f-86ef-6407b70f52f4"
        ],
        "Strict-Transport-Security": [
          "max-age=31536000; includeSubDomains"
        ],
        "x-ms-ratelimit-remaining-subscription-reads": [
          "14981"
        ],
        "x-ms-correlation-request-id": [
          "7b41b673-13cf-4e2e-ac9e-3f1642031cc3"
        ],
        "x-ms-routing-request-id": [
          "WESTUS2:20170912T225316Z:7b41b673-13cf-4e2e-ac9e-3f1642031cc3"
        ]
      },
      "StatusCode": 200
    },
    {
      "RequestUri": "/subscriptions/c549f475-dee8-428c-bb19-829a55e52f77/resourceGroups/rg1270/providers/Microsoft.Network/virtualNetworks/netA1270/virtualNetworkPeerings?api-version=2017-08-01",
      "EncodedRequestUri": "L3N1YnNjcmlwdGlvbnMvYzU0OWY0NzUtZGVlOC00MjhjLWJiMTktODI5YTU1ZTUyZjc3L3Jlc291cmNlR3JvdXBzL3JnMTI3MC9wcm92aWRlcnMvTWljcm9zb2Z0Lk5ldHdvcmsvdmlydHVhbE5ldHdvcmtzL25ldEExMjcwL3ZpcnR1YWxOZXR3b3JrUGVlcmluZ3M/YXBpLXZlcnNpb249MjAxNy0wOC0wMQ==",
      "RequestMethod": "GET",
      "RequestBody": "",
      "RequestHeaders": {
        "x-ms-client-request-id": [
          "1da3bb1a-ab35-470e-b3d6-665e1bac2150"
        ],
        "accept-language": [
          "en-US"
        ],
        "User-Agent": [
          "FxVersion/4.6.25211.01",
          "Microsoft.Azure.Management.Network.Fluent.NetworkManagementClient/1.2.0.0",
          "MacAddressHash/3270a997f9e7afffdd4282ff951f775d27066664b70f9a38e2a52a59d81aa109"
        ]
      },
      "ResponseBody": "{\r\n  \"value\": [\r\n    {\r\n      \"name\": \"peer0\",\r\n      \"id\": \"/subscriptions/c549f475-dee8-428c-bb19-829a55e52f77/resourceGroups/rg1270/providers/Microsoft.Network/virtualNetworks/netA1270/virtualNetworkPeerings/peer0\",\r\n      \"etag\": \"W/\\\"7fd20d5e-e615-4bd4-bcc0-4189cfd31968\\\"\",\r\n      \"properties\": {\r\n        \"provisioningState\": \"Succeeded\",\r\n        \"peeringState\": \"Connected\",\r\n        \"remoteVirtualNetwork\": {\r\n          \"id\": \"/subscriptions/c549f475-dee8-428c-bb19-829a55e52f77/resourceGroups/rg1270/providers/Microsoft.Network/virtualNetworks/netB1270\"\r\n        },\r\n        \"allowVirtualNetworkAccess\": false,\r\n        \"allowForwardedTraffic\": true,\r\n        \"allowGatewayTransit\": true,\r\n        \"useRemoteGateways\": false,\r\n        \"remoteAddressSpace\": {\r\n          \"addressPrefixes\": [\r\n            \"10.1.0.0/27\"\r\n          ]\r\n        }\r\n      }\r\n    }\r\n  ]\r\n}",
      "ResponseHeaders": {
        "Content-Type": [
          "application/json; charset=utf-8"
        ],
        "Expires": [
          "-1"
        ],
        "Cache-Control": [
          "no-cache"
        ],
        "Date": [
          "Tue, 12 Sep 2017 22:52:10 GMT"
        ],
        "Pragma": [
          "no-cache"
        ],
        "Transfer-Encoding": [
          "chunked"
        ],
        "Server": [
          "Microsoft-HTTPAPI/2.0",
          "Microsoft-HTTPAPI/2.0"
        ],
        "Vary": [
          "Accept-Encoding"
        ],
        "x-ms-request-id": [
          "4b405469-abc0-4b1b-9ace-471eaf883151"
        ],
        "Strict-Transport-Security": [
          "max-age=31536000; includeSubDomains"
        ],
        "x-ms-ratelimit-remaining-subscription-reads": [
          "14973"
        ],
        "x-ms-correlation-request-id": [
          "7d6cfa80-bb9c-4568-b2a1-2ba5bf9c7cdc"
        ],
        "x-ms-routing-request-id": [
          "WESTUS2:20170912T225210Z:7d6cfa80-bb9c-4568-b2a1-2ba5bf9c7cdc"
        ]
      },
      "StatusCode": 200
    },
    {
      "RequestUri": "/subscriptions/c549f475-dee8-428c-bb19-829a55e52f77/resourceGroups/rg1270/providers/Microsoft.Network/virtualNetworks/netA1270/virtualNetworkPeerings?api-version=2017-08-01",
      "EncodedRequestUri": "L3N1YnNjcmlwdGlvbnMvYzU0OWY0NzUtZGVlOC00MjhjLWJiMTktODI5YTU1ZTUyZjc3L3Jlc291cmNlR3JvdXBzL3JnMTI3MC9wcm92aWRlcnMvTWljcm9zb2Z0Lk5ldHdvcmsvdmlydHVhbE5ldHdvcmtzL25ldEExMjcwL3ZpcnR1YWxOZXR3b3JrUGVlcmluZ3M/YXBpLXZlcnNpb249MjAxNy0wOC0wMQ==",
      "RequestMethod": "GET",
      "RequestBody": "",
      "RequestHeaders": {
        "x-ms-client-request-id": [
          "3d5ce6a4-dc5e-4297-b757-64aeee12e211"
        ],
        "accept-language": [
          "en-US"
        ],
        "User-Agent": [
          "FxVersion/4.6.25211.01",
          "Microsoft.Azure.Management.Network.Fluent.NetworkManagementClient/1.2.0.0",
          "MacAddressHash/3270a997f9e7afffdd4282ff951f775d27066664b70f9a38e2a52a59d81aa109"
        ]
      },
      "ResponseBody": "{\r\n  \"value\": [\r\n    {\r\n      \"name\": \"peer0\",\r\n      \"id\": \"/subscriptions/c549f475-dee8-428c-bb19-829a55e52f77/resourceGroups/rg1270/providers/Microsoft.Network/virtualNetworks/netA1270/virtualNetworkPeerings/peer0\",\r\n      \"etag\": \"W/\\\"7fd20d5e-e615-4bd4-bcc0-4189cfd31968\\\"\",\r\n      \"properties\": {\r\n        \"provisioningState\": \"Succeeded\",\r\n        \"peeringState\": \"Connected\",\r\n        \"remoteVirtualNetwork\": {\r\n          \"id\": \"/subscriptions/c549f475-dee8-428c-bb19-829a55e52f77/resourceGroups/rg1270/providers/Microsoft.Network/virtualNetworks/netB1270\"\r\n        },\r\n        \"allowVirtualNetworkAccess\": false,\r\n        \"allowForwardedTraffic\": true,\r\n        \"allowGatewayTransit\": true,\r\n        \"useRemoteGateways\": false,\r\n        \"remoteAddressSpace\": {\r\n          \"addressPrefixes\": [\r\n            \"10.1.0.0/27\"\r\n          ]\r\n        }\r\n      }\r\n    }\r\n  ]\r\n}",
      "ResponseHeaders": {
        "Content-Type": [
          "application/json; charset=utf-8"
        ],
        "Expires": [
          "-1"
        ],
        "Cache-Control": [
          "no-cache"
        ],
        "Date": [
          "Tue, 12 Sep 2017 22:52:10 GMT"
        ],
        "Pragma": [
          "no-cache"
        ],
        "Transfer-Encoding": [
          "chunked"
        ],
        "Server": [
          "Microsoft-HTTPAPI/2.0",
          "Microsoft-HTTPAPI/2.0"
        ],
        "Vary": [
          "Accept-Encoding"
        ],
        "x-ms-request-id": [
          "2dc7f8a4-2bfe-4c14-ad75-d8af7a9c15f5"
        ],
        "Strict-Transport-Security": [
          "max-age=31536000; includeSubDomains"
        ],
        "x-ms-ratelimit-remaining-subscription-reads": [
          "14972"
        ],
        "x-ms-correlation-request-id": [
          "aa1e3edd-49a5-45a4-9f4d-1dc134f41860"
        ],
        "x-ms-routing-request-id": [
          "WESTUS2:20170912T225210Z:aa1e3edd-49a5-45a4-9f4d-1dc134f41860"
        ]
      },
      "StatusCode": 200
    },
    {
      "RequestUri": "/subscriptions/c549f475-dee8-428c-bb19-829a55e52f77/resourceGroups/rg1270/providers/Microsoft.Network/virtualNetworks/netA1270/virtualNetworkPeerings?api-version=2017-08-01",
      "EncodedRequestUri": "L3N1YnNjcmlwdGlvbnMvYzU0OWY0NzUtZGVlOC00MjhjLWJiMTktODI5YTU1ZTUyZjc3L3Jlc291cmNlR3JvdXBzL3JnMTI3MC9wcm92aWRlcnMvTWljcm9zb2Z0Lk5ldHdvcmsvdmlydHVhbE5ldHdvcmtzL25ldEExMjcwL3ZpcnR1YWxOZXR3b3JrUGVlcmluZ3M/YXBpLXZlcnNpb249MjAxNy0wOC0wMQ==",
      "RequestMethod": "GET",
      "RequestBody": "",
      "RequestHeaders": {
        "x-ms-client-request-id": [
          "2280e593-9513-4d7a-a63e-57f705d4e29f"
        ],
        "accept-language": [
          "en-US"
        ],
        "User-Agent": [
          "FxVersion/4.6.25211.01",
          "Microsoft.Azure.Management.Network.Fluent.NetworkManagementClient/1.2.0.0",
          "MacAddressHash/3270a997f9e7afffdd4282ff951f775d27066664b70f9a38e2a52a59d81aa109"
        ]
      },
      "ResponseBody": "{\r\n  \"value\": [\r\n    {\r\n      \"name\": \"peer0\",\r\n      \"id\": \"/subscriptions/c549f475-dee8-428c-bb19-829a55e52f77/resourceGroups/rg1270/providers/Microsoft.Network/virtualNetworks/netA1270/virtualNetworkPeerings/peer0\",\r\n      \"etag\": \"W/\\\"7fd20d5e-e615-4bd4-bcc0-4189cfd31968\\\"\",\r\n      \"properties\": {\r\n        \"provisioningState\": \"Succeeded\",\r\n        \"peeringState\": \"Connected\",\r\n        \"remoteVirtualNetwork\": {\r\n          \"id\": \"/subscriptions/c549f475-dee8-428c-bb19-829a55e52f77/resourceGroups/rg1270/providers/Microsoft.Network/virtualNetworks/netB1270\"\r\n        },\r\n        \"allowVirtualNetworkAccess\": false,\r\n        \"allowForwardedTraffic\": true,\r\n        \"allowGatewayTransit\": true,\r\n        \"useRemoteGateways\": false,\r\n        \"remoteAddressSpace\": {\r\n          \"addressPrefixes\": [\r\n            \"10.1.0.0/27\"\r\n          ]\r\n        }\r\n      }\r\n    }\r\n  ]\r\n}",
      "ResponseHeaders": {
        "Content-Type": [
          "application/json; charset=utf-8"
        ],
        "Expires": [
          "-1"
        ],
        "Cache-Control": [
          "no-cache"
        ],
        "Date": [
          "Tue, 12 Sep 2017 22:52:11 GMT"
        ],
        "Pragma": [
          "no-cache"
        ],
        "Transfer-Encoding": [
          "chunked"
        ],
        "Server": [
          "Microsoft-HTTPAPI/2.0",
          "Microsoft-HTTPAPI/2.0"
        ],
        "Vary": [
          "Accept-Encoding"
        ],
        "x-ms-request-id": [
          "9d637d7d-487e-4eed-82a5-120ff2c94a66"
        ],
        "Strict-Transport-Security": [
          "max-age=31536000; includeSubDomains"
        ],
        "x-ms-ratelimit-remaining-subscription-reads": [
          "14970"
        ],
        "x-ms-correlation-request-id": [
          "e514a602-5bd0-4334-acd8-36f8ac10c95f"
        ],
        "x-ms-routing-request-id": [
          "WESTUS2:20170912T225211Z:e514a602-5bd0-4334-acd8-36f8ac10c95f"
        ]
      },
      "StatusCode": 200
    },
    {
      "RequestUri": "/subscriptions/c549f475-dee8-428c-bb19-829a55e52f77/resourceGroups/rg1270/providers/Microsoft.Network/virtualNetworks/netA1270/virtualNetworkPeerings?api-version=2017-08-01",
      "EncodedRequestUri": "L3N1YnNjcmlwdGlvbnMvYzU0OWY0NzUtZGVlOC00MjhjLWJiMTktODI5YTU1ZTUyZjc3L3Jlc291cmNlR3JvdXBzL3JnMTI3MC9wcm92aWRlcnMvTWljcm9zb2Z0Lk5ldHdvcmsvdmlydHVhbE5ldHdvcmtzL25ldEExMjcwL3ZpcnR1YWxOZXR3b3JrUGVlcmluZ3M/YXBpLXZlcnNpb249MjAxNy0wOC0wMQ==",
      "RequestMethod": "GET",
      "RequestBody": "",
      "RequestHeaders": {
        "x-ms-client-request-id": [
          "9693bdff-1db6-42a0-a8c9-99e40351bf65"
        ],
        "accept-language": [
          "en-US"
        ],
        "User-Agent": [
          "FxVersion/4.6.25211.01",
          "Microsoft.Azure.Management.Network.Fluent.NetworkManagementClient/1.2.0.0",
          "MacAddressHash/3270a997f9e7afffdd4282ff951f775d27066664b70f9a38e2a52a59d81aa109"
        ]
      },
      "ResponseBody": "{\r\n  \"value\": [\r\n    {\r\n      \"name\": \"peer0\",\r\n      \"id\": \"/subscriptions/c549f475-dee8-428c-bb19-829a55e52f77/resourceGroups/rg1270/providers/Microsoft.Network/virtualNetworks/netA1270/virtualNetworkPeerings/peer0\",\r\n      \"etag\": \"W/\\\"c7cd87f3-7dab-46d6-997e-3bacffefcb95\\\"\",\r\n      \"properties\": {\r\n        \"provisioningState\": \"Succeeded\",\r\n        \"peeringState\": \"Connected\",\r\n        \"remoteVirtualNetwork\": {\r\n          \"id\": \"/subscriptions/c549f475-dee8-428c-bb19-829a55e52f77/resourceGroups/rg1270/providers/Microsoft.Network/virtualNetworks/netB1270\"\r\n        },\r\n        \"allowVirtualNetworkAccess\": true,\r\n        \"allowForwardedTraffic\": false,\r\n        \"allowGatewayTransit\": false,\r\n        \"useRemoteGateways\": false,\r\n        \"remoteAddressSpace\": {\r\n          \"addressPrefixes\": [\r\n            \"10.1.0.0/27\"\r\n          ]\r\n        }\r\n      }\r\n    }\r\n  ]\r\n}",
      "ResponseHeaders": {
        "Content-Type": [
          "application/json; charset=utf-8"
        ],
        "Expires": [
          "-1"
        ],
        "Cache-Control": [
          "no-cache"
        ],
        "Date": [
          "Tue, 12 Sep 2017 22:53:15 GMT"
        ],
        "Pragma": [
          "no-cache"
        ],
        "Transfer-Encoding": [
          "chunked"
        ],
        "Server": [
          "Microsoft-HTTPAPI/2.0",
          "Microsoft-HTTPAPI/2.0"
        ],
        "Vary": [
          "Accept-Encoding"
        ],
        "x-ms-request-id": [
          "2c8efd6a-8dda-4aa6-914d-0479e59d6b80"
        ],
        "Strict-Transport-Security": [
          "max-age=31536000; includeSubDomains"
        ],
        "x-ms-ratelimit-remaining-subscription-reads": [
          "14984"
        ],
        "x-ms-correlation-request-id": [
          "53409587-275a-4103-823d-4913127a95f1"
        ],
        "x-ms-routing-request-id": [
          "WESTUS2:20170912T225315Z:53409587-275a-4103-823d-4913127a95f1"
        ]
      },
      "StatusCode": 200
    },
    {
      "RequestUri": "/subscriptions/c549f475-dee8-428c-bb19-829a55e52f77/resourceGroups/rg1270/providers/Microsoft.Network/virtualNetworks/netA1270/virtualNetworkPeerings?api-version=2017-08-01",
      "EncodedRequestUri": "L3N1YnNjcmlwdGlvbnMvYzU0OWY0NzUtZGVlOC00MjhjLWJiMTktODI5YTU1ZTUyZjc3L3Jlc291cmNlR3JvdXBzL3JnMTI3MC9wcm92aWRlcnMvTWljcm9zb2Z0Lk5ldHdvcmsvdmlydHVhbE5ldHdvcmtzL25ldEExMjcwL3ZpcnR1YWxOZXR3b3JrUGVlcmluZ3M/YXBpLXZlcnNpb249MjAxNy0wOC0wMQ==",
      "RequestMethod": "GET",
      "RequestBody": "",
      "RequestHeaders": {
        "x-ms-client-request-id": [
          "31d85f6a-72b9-44e8-8711-9e35f1f684e8"
        ],
        "accept-language": [
          "en-US"
        ],
        "User-Agent": [
          "FxVersion/4.6.25211.01",
          "Microsoft.Azure.Management.Network.Fluent.NetworkManagementClient/1.2.0.0",
          "MacAddressHash/3270a997f9e7afffdd4282ff951f775d27066664b70f9a38e2a52a59d81aa109"
        ]
      },
      "ResponseBody": "{\r\n  \"value\": [\r\n    {\r\n      \"name\": \"peer0\",\r\n      \"id\": \"/subscriptions/c549f475-dee8-428c-bb19-829a55e52f77/resourceGroups/rg1270/providers/Microsoft.Network/virtualNetworks/netA1270/virtualNetworkPeerings/peer0\",\r\n      \"etag\": \"W/\\\"c7cd87f3-7dab-46d6-997e-3bacffefcb95\\\"\",\r\n      \"properties\": {\r\n        \"provisioningState\": \"Succeeded\",\r\n        \"peeringState\": \"Connected\",\r\n        \"remoteVirtualNetwork\": {\r\n          \"id\": \"/subscriptions/c549f475-dee8-428c-bb19-829a55e52f77/resourceGroups/rg1270/providers/Microsoft.Network/virtualNetworks/netB1270\"\r\n        },\r\n        \"allowVirtualNetworkAccess\": true,\r\n        \"allowForwardedTraffic\": false,\r\n        \"allowGatewayTransit\": false,\r\n        \"useRemoteGateways\": false,\r\n        \"remoteAddressSpace\": {\r\n          \"addressPrefixes\": [\r\n            \"10.1.0.0/27\"\r\n          ]\r\n        }\r\n      }\r\n    }\r\n  ]\r\n}",
      "ResponseHeaders": {
        "Content-Type": [
          "application/json; charset=utf-8"
        ],
        "Expires": [
          "-1"
        ],
        "Cache-Control": [
          "no-cache"
        ],
        "Date": [
          "Tue, 12 Sep 2017 22:53:16 GMT"
        ],
        "Pragma": [
          "no-cache"
        ],
        "Transfer-Encoding": [
          "chunked"
        ],
        "Server": [
          "Microsoft-HTTPAPI/2.0",
          "Microsoft-HTTPAPI/2.0"
        ],
        "Vary": [
          "Accept-Encoding"
        ],
        "x-ms-request-id": [
          "b9b1d6ac-7ae7-41f7-874b-b951ce8fd924"
        ],
        "Strict-Transport-Security": [
          "max-age=31536000; includeSubDomains"
        ],
        "x-ms-ratelimit-remaining-subscription-reads": [
          "14980"
        ],
        "x-ms-correlation-request-id": [
          "c2d695f8-0d6e-4933-99f9-cd8744644ae1"
        ],
        "x-ms-routing-request-id": [
          "WESTUS2:20170912T225317Z:c2d695f8-0d6e-4933-99f9-cd8744644ae1"
        ]
      },
      "StatusCode": 200
    },
    {
      "RequestUri": "/subscriptions/c549f475-dee8-428c-bb19-829a55e52f77/resourceGroups/rg1270/providers/Microsoft.Network/virtualNetworks/netA1270/virtualNetworkPeerings?api-version=2017-08-01",
      "EncodedRequestUri": "L3N1YnNjcmlwdGlvbnMvYzU0OWY0NzUtZGVlOC00MjhjLWJiMTktODI5YTU1ZTUyZjc3L3Jlc291cmNlR3JvdXBzL3JnMTI3MC9wcm92aWRlcnMvTWljcm9zb2Z0Lk5ldHdvcmsvdmlydHVhbE5ldHdvcmtzL25ldEExMjcwL3ZpcnR1YWxOZXR3b3JrUGVlcmluZ3M/YXBpLXZlcnNpb249MjAxNy0wOC0wMQ==",
      "RequestMethod": "GET",
      "RequestBody": "",
      "RequestHeaders": {
        "x-ms-client-request-id": [
          "ec2820ff-335f-4948-bd58-ba158a7907f4"
        ],
        "accept-language": [
          "en-US"
        ],
        "User-Agent": [
          "FxVersion/4.6.25211.01",
          "Microsoft.Azure.Management.Network.Fluent.NetworkManagementClient/1.2.0.0",
          "MacAddressHash/3270a997f9e7afffdd4282ff951f775d27066664b70f9a38e2a52a59d81aa109"
        ]
      },
      "ResponseBody": "{\r\n  \"value\": []\r\n}",
      "ResponseHeaders": {
        "Content-Type": [
          "application/json; charset=utf-8"
        ],
        "Expires": [
          "-1"
        ],
        "Cache-Control": [
          "no-cache"
        ],
        "Date": [
          "Tue, 12 Sep 2017 22:53:47 GMT"
        ],
        "Pragma": [
          "no-cache"
        ],
        "Transfer-Encoding": [
          "chunked"
        ],
        "Server": [
          "Microsoft-HTTPAPI/2.0",
          "Microsoft-HTTPAPI/2.0"
        ],
        "Vary": [
          "Accept-Encoding"
        ],
        "x-ms-request-id": [
          "9083ef26-a04e-48df-8702-6296dac907b6"
        ],
        "Strict-Transport-Security": [
          "max-age=31536000; includeSubDomains"
        ],
        "x-ms-ratelimit-remaining-subscription-reads": [
          "14959"
        ],
        "x-ms-correlation-request-id": [
          "c9f034f9-2954-497a-96c0-c5ead4d56d3b"
        ],
        "x-ms-routing-request-id": [
          "WESTUS2:20170912T225348Z:c9f034f9-2954-497a-96c0-c5ead4d56d3b"
        ]
      },
      "StatusCode": 200
    },
    {
      "RequestUri": "/subscriptions/c549f475-dee8-428c-bb19-829a55e52f77/resourceGroups/rg1270/providers/Microsoft.Network/virtualNetworks/netB1270/CheckIPAddressAvailability?ipAddress=10.1.0.0&api-version=2017-08-01",
      "EncodedRequestUri": "L3N1YnNjcmlwdGlvbnMvYzU0OWY0NzUtZGVlOC00MjhjLWJiMTktODI5YTU1ZTUyZjc3L3Jlc291cmNlR3JvdXBzL3JnMTI3MC9wcm92aWRlcnMvTWljcm9zb2Z0Lk5ldHdvcmsvdmlydHVhbE5ldHdvcmtzL25ldEIxMjcwL0NoZWNrSVBBZGRyZXNzQXZhaWxhYmlsaXR5P2lwQWRkcmVzcz0xMC4xLjAuMCZhcGktdmVyc2lvbj0yMDE3LTA4LTAx",
      "RequestMethod": "GET",
      "RequestBody": "",
      "RequestHeaders": {
        "x-ms-client-request-id": [
          "008ce8e2-62d3-4c1a-b706-d5b3ba188c40"
        ],
        "accept-language": [
          "en-US"
        ],
        "User-Agent": [
          "FxVersion/4.6.25211.01",
          "Microsoft.Azure.Management.Network.Fluent.NetworkManagementClient/1.2.0.0",
          "MacAddressHash/3270a997f9e7afffdd4282ff951f775d27066664b70f9a38e2a52a59d81aa109"
        ]
      },
      "ResponseBody": "{\r\n  \"available\": false,\r\n  \"availableIPAddresses\": [\r\n    \"10.1.0.4\",\r\n    \"10.1.0.5\",\r\n    \"10.1.0.6\",\r\n    \"10.1.0.7\",\r\n    \"10.1.0.8\"\r\n  ]\r\n}",
      "ResponseHeaders": {
        "Content-Type": [
          "application/json; charset=utf-8"
        ],
        "Expires": [
          "-1"
        ],
        "Cache-Control": [
          "no-cache"
        ],
        "Date": [
          "Tue, 12 Sep 2017 22:52:12 GMT"
        ],
        "Pragma": [
          "no-cache"
        ],
        "Transfer-Encoding": [
          "chunked"
        ],
        "Server": [
          "Microsoft-HTTPAPI/2.0",
          "Microsoft-HTTPAPI/2.0"
        ],
        "Vary": [
          "Accept-Encoding"
        ],
        "x-ms-request-id": [
          "dda64452-1cc3-461e-b161-432c703a6aae"
        ],
        "Strict-Transport-Security": [
          "max-age=31536000; includeSubDomains"
        ],
        "x-ms-ratelimit-remaining-subscription-reads": [
          "14969"
        ],
        "x-ms-correlation-request-id": [
          "99650f99-3857-45a8-a4e8-9c05aa3a084b"
        ],
        "x-ms-routing-request-id": [
          "WESTUS2:20170912T225212Z:99650f99-3857-45a8-a4e8-9c05aa3a084b"
        ]
      },
      "StatusCode": 200
    },
    {
      "RequestUri": "/subscriptions/c549f475-dee8-428c-bb19-829a55e52f77/resourceGroups/rg1270/providers/Microsoft.Network/virtualNetworks/netA1270/CheckIPAddressAvailability?ipAddress=10.1.0.4&api-version=2017-08-01",
      "EncodedRequestUri": "L3N1YnNjcmlwdGlvbnMvYzU0OWY0NzUtZGVlOC00MjhjLWJiMTktODI5YTU1ZTUyZjc3L3Jlc291cmNlR3JvdXBzL3JnMTI3MC9wcm92aWRlcnMvTWljcm9zb2Z0Lk5ldHdvcmsvdmlydHVhbE5ldHdvcmtzL25ldEExMjcwL0NoZWNrSVBBZGRyZXNzQXZhaWxhYmlsaXR5P2lwQWRkcmVzcz0xMC4xLjAuNCZhcGktdmVyc2lvbj0yMDE3LTA4LTAx",
      "RequestMethod": "GET",
      "RequestBody": "",
      "RequestHeaders": {
        "x-ms-client-request-id": [
          "ee9a72d8-311b-44ff-bdf8-c60549bf7e37"
        ],
        "accept-language": [
          "en-US"
        ],
        "User-Agent": [
          "FxVersion/4.6.25211.01",
          "Microsoft.Azure.Management.Network.Fluent.NetworkManagementClient/1.2.0.0",
          "MacAddressHash/3270a997f9e7afffdd4282ff951f775d27066664b70f9a38e2a52a59d81aa109"
        ]
      },
      "ResponseBody": "{\r\n  \"error\": {\r\n    \"code\": \"PrivateIPAddressNotInAnySubnet\",\r\n    \"message\": \"Private static IP address 10.1.0.4 does not belong to the range of any subnet in the virtual network /subscriptions/c549f475-dee8-428c-bb19-829a55e52f77/resourceGroups/rg1270/providers/Microsoft.Network/virtualNetworks/netA1270.\",\r\n    \"details\": []\r\n  }\r\n}",
      "ResponseHeaders": {
        "Content-Length": [
          "337"
        ],
        "Content-Type": [
          "application/json; charset=utf-8"
        ],
        "Expires": [
          "-1"
        ],
        "Cache-Control": [
          "no-cache"
        ],
        "Date": [
          "Tue, 12 Sep 2017 22:52:12 GMT"
        ],
        "Pragma": [
          "no-cache"
        ],
        "Server": [
          "Microsoft-HTTPAPI/2.0",
          "Microsoft-HTTPAPI/2.0"
        ],
        "x-ms-request-id": [
          "a5760697-5b78-4e45-9db3-8695c5aac301"
        ],
        "Strict-Transport-Security": [
          "max-age=31536000; includeSubDomains"
        ],
        "x-ms-ratelimit-remaining-subscription-reads": [
          "14988"
        ],
        "x-ms-correlation-request-id": [
          "cc1121f4-044e-4dbf-8249-297157919fad"
        ],
        "x-ms-routing-request-id": [
          "WESTUS2:20170912T225212Z:cc1121f4-044e-4dbf-8249-297157919fad"
        ]
      },
      "StatusCode": 400
    },
    {
      "RequestUri": "/subscriptions/c549f475-dee8-428c-bb19-829a55e52f77/providers/Microsoft.Network/locations/eastus/operations/d343b164-53a1-45ce-94d0-01502b60065e?api-version=2017-08-01",
      "EncodedRequestUri": "L3N1YnNjcmlwdGlvbnMvYzU0OWY0NzUtZGVlOC00MjhjLWJiMTktODI5YTU1ZTUyZjc3L3Byb3ZpZGVycy9NaWNyb3NvZnQuTmV0d29yay9sb2NhdGlvbnMvZWFzdHVzL29wZXJhdGlvbnMvZDM0M2IxNjQtNTNhMS00NWNlLTk0ZDAtMDE1MDJiNjAwNjVlP2FwaS12ZXJzaW9uPTIwMTctMDgtMDE=",
      "RequestMethod": "GET",
      "RequestBody": "",
      "RequestHeaders": {
        "User-Agent": [
          "FxVersion/4.6.25211.01",
          "Microsoft.Azure.Management.Network.Fluent.NetworkManagementClient/1.2.0.0",
          "MacAddressHash/3270a997f9e7afffdd4282ff951f775d27066664b70f9a38e2a52a59d81aa109"
        ]
      },
      "ResponseBody": "{\r\n  \"status\": \"Succeeded\"\r\n}",
      "ResponseHeaders": {
        "Content-Type": [
          "application/json; charset=utf-8"
        ],
        "Expires": [
          "-1"
        ],
        "Cache-Control": [
          "no-cache"
        ],
        "Date": [
          "Tue, 12 Sep 2017 22:52:42 GMT"
        ],
        "Pragma": [
          "no-cache"
        ],
        "Transfer-Encoding": [
          "chunked"
        ],
        "Server": [
          "Microsoft-HTTPAPI/2.0",
          "Microsoft-HTTPAPI/2.0"
        ],
        "Vary": [
          "Accept-Encoding"
        ],
        "x-ms-request-id": [
          "e60530b8-1a9c-49f5-a1f3-6fb11d4b490e"
        ],
        "Strict-Transport-Security": [
          "max-age=31536000; includeSubDomains"
        ],
        "x-ms-ratelimit-remaining-subscription-reads": [
          "14987"
        ],
        "x-ms-correlation-request-id": [
          "84d62fe1-252b-438c-a516-597a9780b83f"
        ],
        "x-ms-routing-request-id": [
          "WESTUS2:20170912T225243Z:84d62fe1-252b-438c-a516-597a9780b83f"
        ]
      },
      "StatusCode": 200
    },
    {
      "RequestUri": "/subscriptions/c549f475-dee8-428c-bb19-829a55e52f77/providers/Microsoft.Network/locations/eastus/operations/5bd3dc8d-18ff-433e-aaa0-a2959d5472af?api-version=2017-08-01",
      "EncodedRequestUri": "L3N1YnNjcmlwdGlvbnMvYzU0OWY0NzUtZGVlOC00MjhjLWJiMTktODI5YTU1ZTUyZjc3L3Byb3ZpZGVycy9NaWNyb3NvZnQuTmV0d29yay9sb2NhdGlvbnMvZWFzdHVzL29wZXJhdGlvbnMvNWJkM2RjOGQtMThmZi00MzNlLWFhYTAtYTI5NTlkNTQ3MmFmP2FwaS12ZXJzaW9uPTIwMTctMDgtMDE=",
      "RequestMethod": "GET",
      "RequestBody": "",
      "RequestHeaders": {
        "User-Agent": [
          "FxVersion/4.6.25211.01",
          "Microsoft.Azure.Management.Network.Fluent.NetworkManagementClient/1.2.0.0",
          "MacAddressHash/3270a997f9e7afffdd4282ff951f775d27066664b70f9a38e2a52a59d81aa109"
        ]
      },
      "ResponseBody": "{\r\n  \"status\": \"Succeeded\"\r\n}",
      "ResponseHeaders": {
        "Content-Type": [
          "application/json; charset=utf-8"
        ],
        "Expires": [
          "-1"
        ],
        "Cache-Control": [
          "no-cache"
        ],
        "Date": [
          "Tue, 12 Sep 2017 22:53:15 GMT"
        ],
        "Pragma": [
          "no-cache"
        ],
        "Transfer-Encoding": [
          "chunked"
        ],
        "Server": [
          "Microsoft-HTTPAPI/2.0",
          "Microsoft-HTTPAPI/2.0"
        ],
        "Vary": [
          "Accept-Encoding"
        ],
        "x-ms-request-id": [
          "a486b92f-473f-4a21-85ac-bf2e8dd9f964"
        ],
        "Strict-Transport-Security": [
          "max-age=31536000; includeSubDomains"
        ],
        "x-ms-ratelimit-remaining-subscription-reads": [
          "14966"
        ],
        "x-ms-correlation-request-id": [
          "4fb4cc1b-6de8-494a-85da-96d8dfe0b68f"
        ],
        "x-ms-routing-request-id": [
          "WESTUS2:20170912T225315Z:4fb4cc1b-6de8-494a-85da-96d8dfe0b68f"
        ]
      },
      "StatusCode": 200
    },
    {
      "RequestUri": "/subscriptions/c549f475-dee8-428c-bb19-829a55e52f77/resourceGroups/rg1270/providers/Microsoft.Network/virtualNetworks/netB1270/virtualNetworkPeerings/peer0ab88481b?api-version=2017-08-01",
      "EncodedRequestUri": "L3N1YnNjcmlwdGlvbnMvYzU0OWY0NzUtZGVlOC00MjhjLWJiMTktODI5YTU1ZTUyZjc3L3Jlc291cmNlR3JvdXBzL3JnMTI3MC9wcm92aWRlcnMvTWljcm9zb2Z0Lk5ldHdvcmsvdmlydHVhbE5ldHdvcmtzL25ldEIxMjcwL3ZpcnR1YWxOZXR3b3JrUGVlcmluZ3MvcGVlcjBhYjg4NDgxYj9hcGktdmVyc2lvbj0yMDE3LTA4LTAx",
      "RequestMethod": "DELETE",
      "RequestBody": "",
      "RequestHeaders": {
        "x-ms-client-request-id": [
          "f6e33fed-9189-4e21-8420-81dc97c664b9"
        ],
        "accept-language": [
          "en-US"
        ],
        "User-Agent": [
          "FxVersion/4.6.25211.01",
          "Microsoft.Azure.Management.Network.Fluent.NetworkManagementClient/1.2.0.0",
          "MacAddressHash/3270a997f9e7afffdd4282ff951f775d27066664b70f9a38e2a52a59d81aa109"
        ]
      },
      "ResponseBody": "",
      "ResponseHeaders": {
        "Content-Length": [
          "0"
        ],
        "Expires": [
          "-1"
        ],
        "Cache-Control": [
          "no-cache"
        ],
        "Date": [
          "Tue, 12 Sep 2017 22:53:17 GMT"
        ],
        "Pragma": [
          "no-cache"
        ],
        "Location": [
          "https://management.azure.com/subscriptions/c549f475-dee8-428c-bb19-829a55e52f77/providers/Microsoft.Network/locations/eastus/operationResults/7253c472-0400-47e8-bd8d-f51f9638c872?api-version=2017-08-01"
        ],
        "Retry-After": [
          "10"
        ],
        "Server": [
          "Microsoft-HTTPAPI/2.0",
          "Microsoft-HTTPAPI/2.0"
        ],
        "x-ms-request-id": [
          "7253c472-0400-47e8-bd8d-f51f9638c872"
        ],
        "Azure-AsyncOperation": [
          "https://management.azure.com/subscriptions/c549f475-dee8-428c-bb19-829a55e52f77/providers/Microsoft.Network/locations/eastus/operations/7253c472-0400-47e8-bd8d-f51f9638c872?api-version=2017-08-01"
        ],
        "Strict-Transport-Security": [
          "max-age=31536000; includeSubDomains"
        ],
        "x-ms-ratelimit-remaining-subscription-writes": [
          "1193"
        ],
        "x-ms-correlation-request-id": [
          "e3bac6aa-5f27-40a2-b5fe-13ab544159cf"
        ],
        "x-ms-routing-request-id": [
          "WESTUS2:20170912T225317Z:e3bac6aa-5f27-40a2-b5fe-13ab544159cf"
        ]
      },
      "StatusCode": 202
    },
    {
      "RequestUri": "/subscriptions/c549f475-dee8-428c-bb19-829a55e52f77/resourceGroups/rg1270/providers/Microsoft.Network/virtualNetworks/netA1270/virtualNetworkPeerings/peer0?api-version=2017-08-01",
      "EncodedRequestUri": "L3N1YnNjcmlwdGlvbnMvYzU0OWY0NzUtZGVlOC00MjhjLWJiMTktODI5YTU1ZTUyZjc3L3Jlc291cmNlR3JvdXBzL3JnMTI3MC9wcm92aWRlcnMvTWljcm9zb2Z0Lk5ldHdvcmsvdmlydHVhbE5ldHdvcmtzL25ldEExMjcwL3ZpcnR1YWxOZXR3b3JrUGVlcmluZ3MvcGVlcjA/YXBpLXZlcnNpb249MjAxNy0wOC0wMQ==",
      "RequestMethod": "DELETE",
      "RequestBody": "",
      "RequestHeaders": {
        "x-ms-client-request-id": [
          "b4c615a1-03bf-4ee9-ae27-7eb4fdc5ac9c"
        ],
        "accept-language": [
          "en-US"
        ],
        "User-Agent": [
          "FxVersion/4.6.25211.01",
          "Microsoft.Azure.Management.Network.Fluent.NetworkManagementClient/1.2.0.0",
          "MacAddressHash/3270a997f9e7afffdd4282ff951f775d27066664b70f9a38e2a52a59d81aa109"
        ]
      },
      "ResponseBody": "",
      "ResponseHeaders": {
        "Content-Length": [
          "0"
        ],
        "Expires": [
          "-1"
        ],
        "Cache-Control": [
          "no-cache"
        ],
        "Date": [
          "Tue, 12 Sep 2017 22:53:17 GMT"
        ],
        "Pragma": [
          "no-cache"
        ],
        "Location": [
          "https://management.azure.com/subscriptions/c549f475-dee8-428c-bb19-829a55e52f77/providers/Microsoft.Network/locations/eastus/operationResults/f5a631a9-0e3d-4fba-b72f-743798e125a1?api-version=2017-08-01"
        ],
        "Retry-After": [
          "10"
        ],
        "Server": [
          "Microsoft-HTTPAPI/2.0",
          "Microsoft-HTTPAPI/2.0"
        ],
        "x-ms-request-id": [
          "f5a631a9-0e3d-4fba-b72f-743798e125a1"
        ],
        "Azure-AsyncOperation": [
          "https://management.azure.com/subscriptions/c549f475-dee8-428c-bb19-829a55e52f77/providers/Microsoft.Network/locations/eastus/operations/f5a631a9-0e3d-4fba-b72f-743798e125a1?api-version=2017-08-01"
        ],
        "Strict-Transport-Security": [
          "max-age=31536000; includeSubDomains"
        ],
        "x-ms-ratelimit-remaining-subscription-writes": [
          "1195"
        ],
        "x-ms-correlation-request-id": [
          "0bd79d36-5006-4822-9f97-30a51f0a45f3"
        ],
        "x-ms-routing-request-id": [
          "WESTUS2:20170912T225317Z:0bd79d36-5006-4822-9f97-30a51f0a45f3"
        ]
      },
      "StatusCode": 202
    },
    {
      "RequestUri": "/subscriptions/c549f475-dee8-428c-bb19-829a55e52f77/providers/Microsoft.Network/locations/eastus/operations/7253c472-0400-47e8-bd8d-f51f9638c872?api-version=2017-08-01",
      "EncodedRequestUri": "L3N1YnNjcmlwdGlvbnMvYzU0OWY0NzUtZGVlOC00MjhjLWJiMTktODI5YTU1ZTUyZjc3L3Byb3ZpZGVycy9NaWNyb3NvZnQuTmV0d29yay9sb2NhdGlvbnMvZWFzdHVzL29wZXJhdGlvbnMvNzI1M2M0NzItMDQwMC00N2U4LWJkOGQtZjUxZjk2MzhjODcyP2FwaS12ZXJzaW9uPTIwMTctMDgtMDE=",
      "RequestMethod": "GET",
      "RequestBody": "",
      "RequestHeaders": {
        "User-Agent": [
          "FxVersion/4.6.25211.01",
          "Microsoft.Azure.Management.Network.Fluent.NetworkManagementClient/1.2.0.0",
          "MacAddressHash/3270a997f9e7afffdd4282ff951f775d27066664b70f9a38e2a52a59d81aa109"
        ]
      },
      "ResponseBody": "{\r\n  \"status\": \"Succeeded\"\r\n}",
      "ResponseHeaders": {
        "Content-Type": [
          "application/json; charset=utf-8"
        ],
        "Expires": [
          "-1"
        ],
        "Cache-Control": [
          "no-cache"
        ],
        "Date": [
          "Tue, 12 Sep 2017 22:53:47 GMT"
        ],
        "Pragma": [
          "no-cache"
        ],
        "Transfer-Encoding": [
          "chunked"
        ],
        "Server": [
          "Microsoft-HTTPAPI/2.0",
          "Microsoft-HTTPAPI/2.0"
        ],
        "Vary": [
          "Accept-Encoding"
        ],
        "x-ms-request-id": [
          "e5515edd-da7c-4f35-a7cf-6aadb3573c3f"
        ],
        "Strict-Transport-Security": [
          "max-age=31536000; includeSubDomains"
        ],
        "x-ms-ratelimit-remaining-subscription-reads": [
          "14960"
        ],
        "x-ms-correlation-request-id": [
          "5e63ed70-2872-4f8e-869d-3842ff040822"
        ],
        "x-ms-routing-request-id": [
          "WESTUS2:20170912T225348Z:5e63ed70-2872-4f8e-869d-3842ff040822"
        ]
      },
      "StatusCode": 200
    },
    {
      "RequestUri": "/subscriptions/c549f475-dee8-428c-bb19-829a55e52f77/providers/Microsoft.Network/locations/eastus/operations/f5a631a9-0e3d-4fba-b72f-743798e125a1?api-version=2017-08-01",
      "EncodedRequestUri": "L3N1YnNjcmlwdGlvbnMvYzU0OWY0NzUtZGVlOC00MjhjLWJiMTktODI5YTU1ZTUyZjc3L3Byb3ZpZGVycy9NaWNyb3NvZnQuTmV0d29yay9sb2NhdGlvbnMvZWFzdHVzL29wZXJhdGlvbnMvZjVhNjMxYTktMGUzZC00ZmJhLWI3MmYtNzQzNzk4ZTEyNWExP2FwaS12ZXJzaW9uPTIwMTctMDgtMDE=",
      "RequestMethod": "GET",
      "RequestBody": "",
      "RequestHeaders": {
        "User-Agent": [
          "FxVersion/4.6.25211.01",
          "Microsoft.Azure.Management.Network.Fluent.NetworkManagementClient/1.2.0.0",
          "MacAddressHash/3270a997f9e7afffdd4282ff951f775d27066664b70f9a38e2a52a59d81aa109"
        ]
      },
      "ResponseBody": "{\r\n  \"status\": \"Succeeded\"\r\n}",
      "ResponseHeaders": {
        "Content-Type": [
          "application/json; charset=utf-8"
        ],
        "Expires": [
          "-1"
        ],
        "Cache-Control": [
          "no-cache"
        ],
        "Date": [
          "Tue, 12 Sep 2017 22:53:48 GMT"
        ],
        "Pragma": [
          "no-cache"
        ],
        "Transfer-Encoding": [
          "chunked"
        ],
        "Server": [
          "Microsoft-HTTPAPI/2.0",
          "Microsoft-HTTPAPI/2.0"
        ],
        "Vary": [
          "Accept-Encoding"
        ],
        "x-ms-request-id": [
          "eb3daf4c-ee32-4478-a952-7e6cd45869a9"
        ],
        "Strict-Transport-Security": [
          "max-age=31536000; includeSubDomains"
        ],
        "x-ms-ratelimit-remaining-subscription-reads": [
          "14978"
        ],
        "x-ms-correlation-request-id": [
          "e000e6f5-a2a1-4f01-a4ef-a87083b11388"
        ],
        "x-ms-routing-request-id": [
          "WESTUS2:20170912T225348Z:e000e6f5-a2a1-4f01-a4ef-a87083b11388"
        ]
      },
      "StatusCode": 200
    },
    {
      "RequestUri": "/subscriptions/c549f475-dee8-428c-bb19-829a55e52f77/resourcegroups/rg1270?api-version=2016-02-01",
      "EncodedRequestUri": "L3N1YnNjcmlwdGlvbnMvYzU0OWY0NzUtZGVlOC00MjhjLWJiMTktODI5YTU1ZTUyZjc3L3Jlc291cmNlZ3JvdXBzL3JnMTI3MD9hcGktdmVyc2lvbj0yMDE2LTAyLTAx",
      "RequestMethod": "DELETE",
      "RequestBody": "",
      "RequestHeaders": {
        "x-ms-client-request-id": [
          "e6f49a71-0a19-4a23-bf64-f0c6177aead6"
        ],
        "accept-language": [
          "en-US"
        ],
        "User-Agent": [
          "FxVersion/4.6.25211.01",
          "Microsoft.Azure.Management.ResourceManager.Fluent.ResourceManagementClient/1.2.0.0",
          "MacAddressHash/3270a997f9e7afffdd4282ff951f775d27066664b70f9a38e2a52a59d81aa109"
        ]
      },
      "ResponseBody": "",
      "ResponseHeaders": {
        "Content-Length": [
          "0"
        ],
        "Expires": [
          "-1"
        ],
        "Cache-Control": [
          "no-cache"
        ],
        "Date": [
          "Tue, 12 Sep 2017 22:53:49 GMT"
        ],
        "Pragma": [
          "no-cache"
        ],
        "Location": [
          "https://management.azure.com/subscriptions/c549f475-dee8-428c-bb19-829a55e52f77/operationresults/eyJqb2JJZCI6IlJFU09VUkNFR1JPVVBERUxFVElPTkpPQi1SRzEyNzAtRUFTVFVTIiwiam9iTG9jYXRpb24iOiJlYXN0dXMifQ?api-version=2016-02-01"
        ],
        "Retry-After": [
          "15"
        ],
        "x-ms-ratelimit-remaining-subscription-writes": [
          "1192"
        ],
        "x-ms-request-id": [
          "2173b6b1-2202-4f13-baeb-f8c24c2db93b"
        ],
        "x-ms-correlation-request-id": [
          "2173b6b1-2202-4f13-baeb-f8c24c2db93b"
        ],
        "x-ms-routing-request-id": [
          "WESTUS2:20170912T225350Z:2173b6b1-2202-4f13-baeb-f8c24c2db93b"
        ],
        "Strict-Transport-Security": [
          "max-age=31536000; includeSubDomains"
        ]
      },
      "StatusCode": 202
    }
  ],
  "Names": {
    "CreateUpdatePeering": [
      "1270",
      "peer0ab88481b"
    ]
  },
  "Variables": {
    "ServicePrincipal": "4c660ecb-cff1-401f-9d6e-047022d2b5e3",
    "AADTenant": "72f988bf-86f1-41af-91ab-2d7cd011db47",
    "SubscriptionId": "c549f475-dee8-428c-bb19-829a55e52f77"
  }
}