{
  "Entries": [
    {
      "RequestUri": "/subscriptions/1c638cf4-608f-4ee6-b680-c329e824c3a8/resourcegroups/rgdnschash2963?api-version=2021-01-01",
      "EncodedRequestUri": "L3N1YnNjcmlwdGlvbnMvMWM2MzhjZjQtNjA4Zi00ZWU2LWI2ODAtYzMyOWU4MjRjM2E4L3Jlc291cmNlZ3JvdXBzL3JnZG5zY2hhc2gyOTYzP2FwaS12ZXJzaW9uPTIwMjEtMDEtMDE=",
      "RequestMethod": "PUT",
      "RequestBody": "{\r\n  \"location\": \"eastus\"\r\n}",
      "RequestHeaders": {
        "x-ms-client-request-id": [
          "88a32529-3d9b-4d39-8082-9b1ac670a6e7"
        ],
        "Accept-Language": [
          "en-US"
        ],
        "User-Agent": [
          "FxVersion/4.6.28008.01",
          "OSName/Windows",
          "OSVersion/Microsoft.Windows.10.0.18363.",
          "Microsoft.Azure.Management.ResourceManager.Fluent.ResourceManagementClient/1.0.0.61",
          "MacAddressHash/f198b50d7e3ef6510679efb9e4c9a1474fd2bf18cf1d6a2182c79b00464dbadd"
        ],
        "Content-Type": [
          "application/json; charset=utf-8"
        ],
        "Content-Length": [
          "28"
        ]
      },
      "ResponseHeaders": {
        "Cache-Control": [
          "no-cache"
        ],
        "Pragma": [
          "no-cache"
        ],
        "x-ms-ratelimit-remaining-subscription-writes": [
          "1196"
        ],
        "x-ms-request-id": [
          "c93fbafb-f902-4c3f-a167-cbadb729a764"
        ],
        "x-ms-correlation-request-id": [
          "c93fbafb-f902-4c3f-a167-cbadb729a764"
        ],
        "x-ms-routing-request-id": [
          "SOUTHEASTASIA:20191023T185008Z:c93fbafb-f902-4c3f-a167-cbadb729a764"
        ],
        "Strict-Transport-Security": [
          "max-age=31536000; includeSubDomains"
        ],
        "X-Content-Type-Options": [
          "nosniff"
        ],
        "Date": [
          "Wed, 23 Oct 2019 18:50:08 GMT"
        ],
        "Content-Length": [
          "225"
        ],
        "Content-Type": [
          "application/json; charset=utf-8"
        ],
        "Expires": [
          "-1"
        ]
      },
      "ResponseBody": "{\r\n  \"id\": \"/subscriptions/1c638cf4-608f-4ee6-b680-c329e824c3a8/resourceGroups/rgdnschash2963\",\r\n  \"name\": \"rgdnschash2963\",\r\n  \"type\": \"Microsoft.Resources/resourceGroups\",\r\n  \"location\": \"eastus\",\r\n  \"properties\": {\r\n    \"provisioningState\": \"Succeeded\"\r\n  }\r\n}",
      "StatusCode": 201
    },
    {
      "RequestUri": "/subscriptions/1c638cf4-608f-4ee6-b680-c329e824c3a8/resourcegroups/rgdnschash2963?api-version=2021-01-01",
      "EncodedRequestUri": "L3N1YnNjcmlwdGlvbnMvMWM2MzhjZjQtNjA4Zi00ZWU2LWI2ODAtYzMyOWU4MjRjM2E4L3Jlc291cmNlZ3JvdXBzL3JnZG5zY2hhc2gyOTYzP2FwaS12ZXJzaW9uPTIwMjEtMDEtMDE=",
      "RequestMethod": "PUT",
      "RequestBody": "{\r\n  \"location\": \"eastus\"\r\n}",
      "RequestHeaders": {
        "x-ms-client-request-id": [
          "20c60461-bf7e-43bd-b190-8adc509b3eab"
        ],
        "Accept-Language": [
          "en-US"
        ],
        "User-Agent": [
          "FxVersion/4.6.28008.01",
          "OSName/Windows",
          "OSVersion/Microsoft.Windows.10.0.18363.",
          "Microsoft.Azure.Management.ResourceManager.Fluent.ResourceManagementClient/1.0.0.61",
          "MacAddressHash/f198b50d7e3ef6510679efb9e4c9a1474fd2bf18cf1d6a2182c79b00464dbadd"
        ],
        "Content-Type": [
          "application/json; charset=utf-8"
        ],
        "Content-Length": [
          "28"
        ]
      },
      "ResponseHeaders": {
        "Cache-Control": [
          "no-cache"
        ],
        "Pragma": [
          "no-cache"
        ],
        "x-ms-ratelimit-remaining-subscription-writes": [
          "1195"
        ],
        "x-ms-request-id": [
          "13fe1869-8f26-4d7c-b564-8da1c78d5baf"
        ],
        "x-ms-correlation-request-id": [
          "13fe1869-8f26-4d7c-b564-8da1c78d5baf"
        ],
        "x-ms-routing-request-id": [
          "SOUTHEASTASIA:20191023T185021Z:13fe1869-8f26-4d7c-b564-8da1c78d5baf"
        ],
        "Strict-Transport-Security": [
          "max-age=31536000; includeSubDomains"
        ],
        "X-Content-Type-Options": [
          "nosniff"
        ],
        "Date": [
          "Wed, 23 Oct 2019 18:50:21 GMT"
        ],
        "Content-Length": [
          "225"
        ],
        "Content-Type": [
          "application/json; charset=utf-8"
        ],
        "Expires": [
          "-1"
        ]
      },
      "ResponseBody": "{\r\n  \"id\": \"/subscriptions/1c638cf4-608f-4ee6-b680-c329e824c3a8/resourceGroups/rgdnschash2963\",\r\n  \"name\": \"rgdnschash2963\",\r\n  \"type\": \"Microsoft.Resources/resourceGroups\",\r\n  \"location\": \"eastus\",\r\n  \"properties\": {\r\n    \"provisioningState\": \"Succeeded\"\r\n  }\r\n}",
      "StatusCode": 200
    },
    {
      "RequestUri": "/subscriptions/1c638cf4-608f-4ee6-b680-c329e824c3a8/resourceGroups/rgdnschash2963/providers/Microsoft.Network/dnsZones/www.contoso-3848.com?api-version=2018-03-01-preview",
      "EncodedRequestUri": "L3N1YnNjcmlwdGlvbnMvMWM2MzhjZjQtNjA4Zi00ZWU2LWI2ODAtYzMyOWU4MjRjM2E4L3Jlc291cmNlR3JvdXBzL3JnZG5zY2hhc2gyOTYzL3Byb3ZpZGVycy9NaWNyb3NvZnQuTmV0d29yay9kbnNab25lcy93d3cuY29udG9zby0zODQ4LmNvbT9hcGktdmVyc2lvbj0yMDE4LTAzLTAxLXByZXZpZXc=",
      "RequestMethod": "PUT",
      "RequestBody": "{\r\n  \"properties\": {\r\n    \"zoneType\": \"Private\"\r\n  },\r\n  \"location\": \"global\",\r\n  \"tags\": {}\r\n}",
      "RequestHeaders": {
        "x-ms-client-request-id": [
          "29f29fa0-0c0a-4eb6-82c3-1f947c893b3d"
        ],
        "Accept-Language": [
          "en-US"
        ],
        "User-Agent": [
          "FxVersion/4.6.28008.01",
          "OSName/Windows",
          "OSVersion/Microsoft.Windows.10.0.18363.",
          "Microsoft.Azure.Management.Dns.Fluent.DnsManagementClient/1.0.0.61",
          "MacAddressHash/f198b50d7e3ef6510679efb9e4c9a1474fd2bf18cf1d6a2182c79b00464dbadd"
        ],
        "Content-Type": [
          "application/json; charset=utf-8"
        ],
        "Content-Length": [
          "95"
        ]
      },
      "ResponseHeaders": {
        "Cache-Control": [
          "private"
        ],
        "ETag": [
          "00000002-0000-0000-c87a-66b3d289d501"
        ],
        "X-Content-Type-Options": [
          "nosniff"
        ],
        "Strict-Transport-Security": [
          "max-age=31536000; includeSubDomains"
        ],
        "x-ms-request-id": [
          "29f29fa0-0c0a-4eb6-82c3-1f947c893b3d"
        ],
        "Server": [
          "Microsoft-IIS/10.0"
        ],
        "X-Powered-By": [
          "ASP.NET"
        ],
        "x-ms-ratelimit-remaining-subscription-resource-requests": [
          "11999"
        ],
        "x-ms-correlation-request-id": [
          "238401a9-a0a2-453a-a341-7f7e9a1801dc"
        ],
        "x-ms-routing-request-id": [
          "SOUTHEASTASIA:20191023T185013Z:238401a9-a0a2-453a-a341-7f7e9a1801dc"
        ],
        "Date": [
          "Wed, 23 Oct 2019 18:50:13 GMT"
        ],
        "Content-Length": [
          "509"
        ],
        "Content-Type": [
          "application/json; charset=utf-8"
        ]
      },
      "ResponseBody": "{\r\n  \"id\": \"/subscriptions/1c638cf4-608f-4ee6-b680-c329e824c3a8/resourceGroups/rgdnschash2963/providers/Microsoft.Network/dnszones/www.contoso-3848.com\",\r\n  \"name\": \"www.contoso-3848.com\",\r\n  \"type\": \"Microsoft.Network/dnszones\",\r\n  \"etag\": \"00000002-0000-0000-c87a-66b3d289d501\",\r\n  \"location\": \"global\",\r\n  \"tags\": {},\r\n  \"properties\": {\r\n    \"maxNumberOfRecordSets\": 10000,\r\n    \"maxNumberOfRecordsPerRecordSet\": null,\r\n    \"nameServers\": null,\r\n    \"numberOfRecordSets\": 1,\r\n    \"registrationVirtualNetworks\": [],\r\n    \"resolutionVirtualNetworks\": [],\r\n    \"zoneType\": \"Private\"\r\n  }\r\n}",
      "StatusCode": 201
    },
    {
      "RequestUri": "/subscriptions/1c638cf4-608f-4ee6-b680-c329e824c3a8/resourceGroups/rgdnschash2963/providers/Microsoft.Network/dnsZones/www.contoso-3848.com?api-version=2018-03-01-preview",
      "EncodedRequestUri": "L3N1YnNjcmlwdGlvbnMvMWM2MzhjZjQtNjA4Zi00ZWU2LWI2ODAtYzMyOWU4MjRjM2E4L3Jlc291cmNlR3JvdXBzL3JnZG5zY2hhc2gyOTYzL3Byb3ZpZGVycy9NaWNyb3NvZnQuTmV0d29yay9kbnNab25lcy93d3cuY29udG9zby0zODQ4LmNvbT9hcGktdmVyc2lvbj0yMDE4LTAzLTAxLXByZXZpZXc=",
      "RequestMethod": "PUT",
      "RequestBody": "{\r\n  \"properties\": {\r\n    \"zoneType\": \"Private\"\r\n  },\r\n  \"location\": \"global\",\r\n  \"tags\": {}\r\n}",
      "RequestHeaders": {
        "x-ms-client-request-id": [
          "65179892-1e10-4278-bf69-94258272d1bb"
        ],
        "Accept-Language": [
          "en-US"
        ],
        "User-Agent": [
          "FxVersion/4.6.28008.01",
          "OSName/Windows",
          "OSVersion/Microsoft.Windows.10.0.18363.",
          "Microsoft.Azure.Management.Dns.Fluent.DnsManagementClient/1.0.0.61",
          "MacAddressHash/f198b50d7e3ef6510679efb9e4c9a1474fd2bf18cf1d6a2182c79b00464dbadd"
        ],
        "Content-Type": [
          "application/json; charset=utf-8"
        ],
        "Content-Length": [
          "95"
        ]
      },
      "ResponseHeaders": {
        "Cache-Control": [
          "private"
        ],
        "ETag": [
          "00000003-0000-0000-c87a-66b3d289d501"
        ],
        "X-Content-Type-Options": [
          "nosniff"
        ],
        "Strict-Transport-Security": [
          "max-age=31536000; includeSubDomains"
        ],
        "x-ms-request-id": [
          "65179892-1e10-4278-bf69-94258272d1bb"
        ],
        "Server": [
          "Microsoft-IIS/10.0"
        ],
        "X-Powered-By": [
          "ASP.NET"
        ],
        "x-ms-ratelimit-remaining-subscription-resource-requests": [
          "11999"
        ],
        "x-ms-correlation-request-id": [
          "8c408f80-a635-4c85-a906-c44a2897fdc0"
        ],
        "x-ms-routing-request-id": [
          "SOUTHEASTASIA:20191023T185024Z:8c408f80-a635-4c85-a906-c44a2897fdc0"
        ],
        "Date": [
          "Wed, 23 Oct 2019 18:50:23 GMT"
        ],
        "Content-Length": [
          "509"
        ],
        "Content-Type": [
          "application/json; charset=utf-8"
        ]
      },
      "ResponseBody": "{\r\n  \"id\": \"/subscriptions/1c638cf4-608f-4ee6-b680-c329e824c3a8/resourceGroups/rgdnschash2963/providers/Microsoft.Network/dnszones/www.contoso-3848.com\",\r\n  \"name\": \"www.contoso-3848.com\",\r\n  \"type\": \"Microsoft.Network/dnszones\",\r\n  \"etag\": \"00000003-0000-0000-c87a-66b3d289d501\",\r\n  \"location\": \"global\",\r\n  \"tags\": {},\r\n  \"properties\": {\r\n    \"maxNumberOfRecordSets\": 10000,\r\n    \"maxNumberOfRecordsPerRecordSet\": null,\r\n    \"nameServers\": null,\r\n    \"numberOfRecordSets\": 6,\r\n    \"registrationVirtualNetworks\": [],\r\n    \"resolutionVirtualNetworks\": [],\r\n    \"zoneType\": \"Private\"\r\n  }\r\n}",
      "StatusCode": 200
    },
    {
      "RequestUri": "/subscriptions/1c638cf4-608f-4ee6-b680-c329e824c3a8/resourceGroups/rgdnschash2963/providers/Microsoft.Network/dnsZones/www.contoso-3848.com/CNAME/userguide?api-version=2018-03-01-preview",
      "EncodedRequestUri": "L3N1YnNjcmlwdGlvbnMvMWM2MzhjZjQtNjA4Zi00ZWU2LWI2ODAtYzMyOWU4MjRjM2E4L3Jlc291cmNlR3JvdXBzL3JnZG5zY2hhc2gyOTYzL3Byb3ZpZGVycy9NaWNyb3NvZnQuTmV0d29yay9kbnNab25lcy93d3cuY29udG9zby0zODQ4LmNvbS9DTkFNRS91c2VyZ3VpZGU/YXBpLXZlcnNpb249MjAxOC0wMy0wMS1wcmV2aWV3",
      "RequestMethod": "PUT",
      "RequestBody": "{\r\n  \"properties\": {\r\n    \"TTL\": 3600,\r\n    \"CNAMERecord\": {\r\n      \"cname\": \"doc.contoso.com\"\r\n    }\r\n  }\r\n}",
      "RequestHeaders": {
        "x-ms-client-request-id": [
          "90098729-a56f-4030-8551-77867a1e9a28"
        ],
        "If-None-Match": [
          "*"
        ],
        "Accept-Language": [
          "en-US"
        ],
        "User-Agent": [
          "FxVersion/4.6.28008.01",
          "OSName/Windows",
          "OSVersion/Microsoft.Windows.10.0.18363.",
          "Microsoft.Azure.Management.Dns.Fluent.DnsManagementClient/1.0.0.61",
          "MacAddressHash/f198b50d7e3ef6510679efb9e4c9a1474fd2bf18cf1d6a2182c79b00464dbadd"
        ],
        "Content-Type": [
          "application/json; charset=utf-8"
        ],
        "Content-Length": [
          "109"
        ]
      },
      "ResponseHeaders": {
        "Cache-Control": [
          "private"
        ],
        "ETag": [
          "2ca50671-0399-4657-a8d8-3ab7e84f5ff0"
        ],
        "X-Content-Type-Options": [
          "nosniff"
        ],
        "Strict-Transport-Security": [
          "max-age=31536000; includeSubDomains"
        ],
        "x-ms-request-id": [
          "90098729-a56f-4030-8551-77867a1e9a28"
        ],
        "Server": [
          "Microsoft-IIS/10.0"
        ],
        "X-Powered-By": [
          "ASP.NET"
        ],
        "x-ms-ratelimit-remaining-subscription-resource-requests": [
          "11999"
        ],
        "x-ms-correlation-request-id": [
          "33122a87-792e-4bd4-b03e-1ac8e09b1abc"
        ],
        "x-ms-routing-request-id": [
          "SOUTHEASTASIA:20191023T185014Z:33122a87-792e-4bd4-b03e-1ac8e09b1abc"
        ],
        "Date": [
          "Wed, 23 Oct 2019 18:50:13 GMT"
        ],
        "Content-Length": [
          "392"
        ],
        "Content-Type": [
          "application/json; charset=utf-8"
        ]
      },
      "ResponseBody": "{\r\n  \"id\": \"/subscriptions/1c638cf4-608f-4ee6-b680-c329e824c3a8/resourceGroups/rgdnschash2963/providers/Microsoft.Network/dnszones/www.contoso-3848.com/CNAME/userguide\",\r\n  \"name\": \"userguide\",\r\n  \"type\": \"Microsoft.Network/dnszones/CNAME\",\r\n  \"etag\": \"2ca50671-0399-4657-a8d8-3ab7e84f5ff0\",\r\n  \"properties\": {\r\n    \"fqdn\": \"userguide.www.contoso-3848.com.\",\r\n    \"TTL\": 3600,\r\n    \"CNAMERecord\": {\r\n      \"cname\": \"doc.contoso.com\"\r\n    }\r\n  }\r\n}",
      "StatusCode": 201
    },
    {
      "RequestUri": "/subscriptions/1c638cf4-608f-4ee6-b680-c329e824c3a8/resourceGroups/rgdnschash2963/providers/Microsoft.Network/dnsZones/www.contoso-3848.com/CNAME/userguide?api-version=2018-03-01-preview",
      "EncodedRequestUri": "L3N1YnNjcmlwdGlvbnMvMWM2MzhjZjQtNjA4Zi00ZWU2LWI2ODAtYzMyOWU4MjRjM2E4L3Jlc291cmNlR3JvdXBzL3JnZG5zY2hhc2gyOTYzL3Byb3ZpZGVycy9NaWNyb3NvZnQuTmV0d29yay9kbnNab25lcy93d3cuY29udG9zby0zODQ4LmNvbS9DTkFNRS91c2VyZ3VpZGU/YXBpLXZlcnNpb249MjAxOC0wMy0wMS1wcmV2aWV3",
      "RequestMethod": "PUT",
      "RequestBody": "{\r\n  \"properties\": {\r\n    \"TTL\": 3600,\r\n    \"CNAMERecord\": {\r\n      \"cname\": \"doc.contoso.com\"\r\n    }\r\n  }\r\n}",
      "RequestHeaders": {
        "x-ms-client-request-id": [
          "e04a77e6-c97a-46e9-a77b-24ae4f29ba64"
        ],
        "If-None-Match": [
          "*"
        ],
        "Accept-Language": [
          "en-US"
        ],
        "User-Agent": [
          "FxVersion/4.6.28008.01",
          "OSName/Windows",
          "OSVersion/Microsoft.Windows.10.0.18363.",
          "Microsoft.Azure.Management.Dns.Fluent.DnsManagementClient/1.0.0.61",
          "MacAddressHash/f198b50d7e3ef6510679efb9e4c9a1474fd2bf18cf1d6a2182c79b00464dbadd"
        ],
        "Content-Type": [
          "application/json; charset=utf-8"
        ],
        "Content-Length": [
          "109"
        ]
      },
      "ResponseHeaders": {
        "Cache-Control": [
          "private"
        ],
        "X-Content-Type-Options": [
          "nosniff"
        ],
        "Strict-Transport-Security": [
          "max-age=31536000; includeSubDomains"
        ],
        "x-ms-request-id": [
          "e04a77e6-c97a-46e9-a77b-24ae4f29ba64"
        ],
        "Server": [
          "Microsoft-IIS/10.0"
        ],
        "X-Powered-By": [
          "ASP.NET"
        ],
        "x-ms-ratelimit-remaining-subscription-resource-requests": [
          "11999"
        ],
        "x-ms-correlation-request-id": [
          "eef748db-2adc-48db-98b3-1929d953ddd8"
        ],
        "x-ms-routing-request-id": [
          "SOUTHEASTASIA:20191023T185025Z:eef748db-2adc-48db-98b3-1929d953ddd8"
        ],
        "Date": [
          "Wed, 23 Oct 2019 18:50:24 GMT"
        ],
        "Content-Length": [
          "116"
        ],
        "Content-Type": [
          "application/json; charset=utf-8"
        ]
      },
      "ResponseBody": "{\r\n  \"code\": \"PreconditionFailed\",\r\n  \"message\": \"The Record set userguide exists already and hence cannot be created again.\"\r\n}",
      "StatusCode": 412
    },
    {
      "RequestUri": "/subscriptions/1c638cf4-608f-4ee6-b680-c329e824c3a8/resourceGroups/rgdnschash2963/providers/Microsoft.Network/dnsZones/www.contoso-3848.com/CNAME/documents?api-version=2018-03-01-preview",
      "EncodedRequestUri": "L3N1YnNjcmlwdGlvbnMvMWM2MzhjZjQtNjA4Zi00ZWU2LWI2ODAtYzMyOWU4MjRjM2E4L3Jlc291cmNlR3JvdXBzL3JnZG5zY2hhc2gyOTYzL3Byb3ZpZGVycy9NaWNyb3NvZnQuTmV0d29yay9kbnNab25lcy93d3cuY29udG9zby0zODQ4LmNvbS9DTkFNRS9kb2N1bWVudHM/YXBpLXZlcnNpb249MjAxOC0wMy0wMS1wcmV2aWV3",
      "RequestMethod": "PUT",
      "RequestBody": "{\r\n  \"properties\": {\r\n    \"TTL\": 3600,\r\n    \"CNAMERecord\": {\r\n      \"cname\": \"doc.contoso.com\"\r\n    }\r\n  }\r\n}",
      "RequestHeaders": {
        "x-ms-client-request-id": [
          "8e16ec76-9431-44e7-960e-10dc73718082"
        ],
        "If-None-Match": [
          "*"
        ],
        "Accept-Language": [
          "en-US"
        ],
        "User-Agent": [
          "FxVersion/4.6.28008.01",
          "OSName/Windows",
          "OSVersion/Microsoft.Windows.10.0.18363.",
          "Microsoft.Azure.Management.Dns.Fluent.DnsManagementClient/1.0.0.61",
          "MacAddressHash/f198b50d7e3ef6510679efb9e4c9a1474fd2bf18cf1d6a2182c79b00464dbadd"
        ],
        "Content-Type": [
          "application/json; charset=utf-8"
        ],
        "Content-Length": [
          "109"
        ]
      },
      "ResponseHeaders": {
        "Cache-Control": [
          "private"
        ],
        "ETag": [
          "06ea0ad2-2709-465e-a251-5fafa0cdc897"
        ],
        "X-Content-Type-Options": [
          "nosniff"
        ],
        "Strict-Transport-Security": [
          "max-age=31536000; includeSubDomains"
        ],
        "x-ms-request-id": [
          "8e16ec76-9431-44e7-960e-10dc73718082"
        ],
        "Server": [
          "Microsoft-IIS/10.0"
        ],
        "X-Powered-By": [
          "ASP.NET"
        ],
        "x-ms-ratelimit-remaining-subscription-resource-requests": [
          "11999"
        ],
        "x-ms-correlation-request-id": [
          "fe9fc3bc-d5fe-4bf1-916f-b01c78ba5653"
        ],
        "x-ms-routing-request-id": [
          "SOUTHEASTASIA:20191023T185014Z:fe9fc3bc-d5fe-4bf1-916f-b01c78ba5653"
        ],
        "Date": [
          "Wed, 23 Oct 2019 18:50:14 GMT"
        ],
        "Content-Length": [
          "392"
        ],
        "Content-Type": [
          "application/json; charset=utf-8"
        ]
      },
      "ResponseBody": "{\r\n  \"id\": \"/subscriptions/1c638cf4-608f-4ee6-b680-c329e824c3a8/resourceGroups/rgdnschash2963/providers/Microsoft.Network/dnszones/www.contoso-3848.com/CNAME/documents\",\r\n  \"name\": \"documents\",\r\n  \"type\": \"Microsoft.Network/dnszones/CNAME\",\r\n  \"etag\": \"06ea0ad2-2709-465e-a251-5fafa0cdc897\",\r\n  \"properties\": {\r\n    \"fqdn\": \"documents.www.contoso-3848.com.\",\r\n    \"TTL\": 3600,\r\n    \"CNAMERecord\": {\r\n      \"cname\": \"doc.contoso.com\"\r\n    }\r\n  }\r\n}",
      "StatusCode": 201
    },
    {
      "RequestUri": "/subscriptions/1c638cf4-608f-4ee6-b680-c329e824c3a8/resourceGroups/rgdnschash2963/providers/Microsoft.Network/dnsZones/www.contoso-3848.com/CNAME/documents?api-version=2018-03-01-preview",
      "EncodedRequestUri": "L3N1YnNjcmlwdGlvbnMvMWM2MzhjZjQtNjA4Zi00ZWU2LWI2ODAtYzMyOWU4MjRjM2E4L3Jlc291cmNlR3JvdXBzL3JnZG5zY2hhc2gyOTYzL3Byb3ZpZGVycy9NaWNyb3NvZnQuTmV0d29yay9kbnNab25lcy93d3cuY29udG9zby0zODQ4LmNvbS9DTkFNRS9kb2N1bWVudHM/YXBpLXZlcnNpb249MjAxOC0wMy0wMS1wcmV2aWV3",
      "RequestMethod": "PUT",
      "RequestBody": "{\r\n  \"properties\": {\r\n    \"TTL\": 3600,\r\n    \"CNAMERecord\": {\r\n      \"cname\": \"doc.contoso.com\"\r\n    }\r\n  }\r\n}",
      "RequestHeaders": {
        "x-ms-client-request-id": [
          "a6c3e972-4531-4a7c-aa99-c9e50fb07735"
        ],
        "If-None-Match": [
          "*"
        ],
        "Accept-Language": [
          "en-US"
        ],
        "User-Agent": [
          "FxVersion/4.6.28008.01",
          "OSName/Windows",
          "OSVersion/Microsoft.Windows.10.0.18363.",
          "Microsoft.Azure.Management.Dns.Fluent.DnsManagementClient/1.0.0.61",
          "MacAddressHash/f198b50d7e3ef6510679efb9e4c9a1474fd2bf18cf1d6a2182c79b00464dbadd"
        ],
        "Content-Type": [
          "application/json; charset=utf-8"
        ],
        "Content-Length": [
          "109"
        ]
      },
      "ResponseHeaders": {
        "Cache-Control": [
          "private"
        ],
        "X-Content-Type-Options": [
          "nosniff"
        ],
        "Strict-Transport-Security": [
          "max-age=31536000; includeSubDomains"
        ],
        "x-ms-request-id": [
          "a6c3e972-4531-4a7c-aa99-c9e50fb07735"
        ],
        "Server": [
          "Microsoft-IIS/10.0"
        ],
        "X-Powered-By": [
          "ASP.NET"
        ],
        "x-ms-ratelimit-remaining-subscription-resource-requests": [
          "11999"
        ],
        "x-ms-correlation-request-id": [
          "20253756-84c3-4842-98d9-97a11d21940e"
        ],
        "x-ms-routing-request-id": [
          "SOUTHEASTASIA:20191023T185025Z:20253756-84c3-4842-98d9-97a11d21940e"
        ],
        "Date": [
          "Wed, 23 Oct 2019 18:50:24 GMT"
        ],
        "Content-Length": [
          "116"
        ],
        "Content-Type": [
          "application/json; charset=utf-8"
        ]
      },
      "ResponseBody": "{\r\n  \"code\": \"PreconditionFailed\",\r\n  \"message\": \"The Record set documents exists already and hence cannot be created again.\"\r\n}",
      "StatusCode": 412
    },
    {
      "RequestUri": "/subscriptions/1c638cf4-608f-4ee6-b680-c329e824c3a8/resourceGroups/rgdnschash2963/providers/Microsoft.Network/dnsZones/www.contoso-3848.com/CAA/caaName?api-version=2018-03-01-preview",
      "EncodedRequestUri": "L3N1YnNjcmlwdGlvbnMvMWM2MzhjZjQtNjA4Zi00ZWU2LWI2ODAtYzMyOWU4MjRjM2E4L3Jlc291cmNlR3JvdXBzL3JnZG5zY2hhc2gyOTYzL3Byb3ZpZGVycy9NaWNyb3NvZnQuTmV0d29yay9kbnNab25lcy93d3cuY29udG9zby0zODQ4LmNvbS9DQUEvY2FhTmFtZT9hcGktdmVyc2lvbj0yMDE4LTAzLTAxLXByZXZpZXc=",
      "RequestMethod": "PUT",
      "RequestBody": "{\r\n  \"properties\": {\r\n    \"TTL\": 3600,\r\n    \"caaRecords\": [\r\n      {\r\n        \"flags\": 4,\r\n        \"tag\": \"sometag\",\r\n        \"value\": \"someValue\"\r\n      }\r\n    ]\r\n  }\r\n}",
      "RequestHeaders": {
        "x-ms-client-request-id": [
          "86831f5e-77cb-4f4e-8bb7-37b69c238a78"
        ],
        "Accept-Language": [
          "en-US"
        ],
        "User-Agent": [
          "FxVersion/4.6.28008.01",
          "OSName/Windows",
          "OSVersion/Microsoft.Windows.10.0.18363.",
          "Microsoft.Azure.Management.Dns.Fluent.DnsManagementClient/1.0.0.61",
          "MacAddressHash/f198b50d7e3ef6510679efb9e4c9a1474fd2bf18cf1d6a2182c79b00464dbadd"
        ],
        "Content-Type": [
          "application/json; charset=utf-8"
        ],
        "Content-Length": [
          "170"
        ]
      },
      "ResponseHeaders": {
        "Cache-Control": [
          "private"
        ],
        "ETag": [
          "cfc23146-c3d7-4323-9d8a-231eab8b30a7"
        ],
        "X-Content-Type-Options": [
          "nosniff"
        ],
        "Strict-Transport-Security": [
          "max-age=31536000; includeSubDomains"
        ],
        "x-ms-request-id": [
          "86831f5e-77cb-4f4e-8bb7-37b69c238a78"
        ],
        "Server": [
          "Microsoft-IIS/10.0"
        ],
        "X-Powered-By": [
          "ASP.NET"
        ],
        "x-ms-ratelimit-remaining-subscription-resource-requests": [
          "11999"
        ],
        "x-ms-correlation-request-id": [
          "5e7f83ec-d459-44ff-b5e9-8b9582bf7782"
        ],
        "x-ms-routing-request-id": [
          "SOUTHEASTASIA:20191023T185014Z:5e7f83ec-d459-44ff-b5e9-8b9582bf7782"
        ],
        "Date": [
          "Wed, 23 Oct 2019 18:50:14 GMT"
        ],
        "Content-Length": [
          "403"
        ],
        "Content-Type": [
          "application/json; charset=utf-8"
        ]
      },
      "ResponseBody": "{\r\n  \"id\": \"/subscriptions/1c638cf4-608f-4ee6-b680-c329e824c3a8/resourceGroups/rgdnschash2963/providers/Microsoft.Network/dnszones/www.contoso-3848.com/CAA/caaname\",\r\n  \"name\": \"caaname\",\r\n  \"type\": \"Microsoft.Network/dnszones/CAA\",\r\n  \"etag\": \"cfc23146-c3d7-4323-9d8a-231eab8b30a7\",\r\n  \"properties\": {\r\n    \"fqdn\": \"caaname.www.contoso-3848.com.\",\r\n    \"TTL\": 3600,\r\n    \"caaRecords\": [\r\n      {\r\n        \"flags\": 4,\r\n        \"tag\": \"sometag\",\r\n        \"value\": \"someValue\"\r\n      }\r\n    ]\r\n  }\r\n}",
      "StatusCode": 201
    },
    {
      "RequestUri": "/subscriptions/1c638cf4-608f-4ee6-b680-c329e824c3a8/resourceGroups/rgdnschash2963/providers/Microsoft.Network/dnsZones/www.contoso-3848.com/A/www?api-version=2018-03-01-preview",
      "EncodedRequestUri": "L3N1YnNjcmlwdGlvbnMvMWM2MzhjZjQtNjA4Zi00ZWU2LWI2ODAtYzMyOWU4MjRjM2E4L3Jlc291cmNlR3JvdXBzL3JnZG5zY2hhc2gyOTYzL3Byb3ZpZGVycy9NaWNyb3NvZnQuTmV0d29yay9kbnNab25lcy93d3cuY29udG9zby0zODQ4LmNvbS9BL3d3dz9hcGktdmVyc2lvbj0yMDE4LTAzLTAxLXByZXZpZXc=",
      "RequestMethod": "PUT",
      "RequestBody": "{\r\n  \"properties\": {\r\n    \"TTL\": 7200,\r\n    \"ARecords\": [\r\n      {\r\n        \"ipv4Address\": \"23.96.104.40\"\r\n      },\r\n      {\r\n        \"ipv4Address\": \"24.97.105.41\"\r\n      }\r\n    ]\r\n  }\r\n}",
      "RequestHeaders": {
        "x-ms-client-request-id": [
          "b4fd0dd5-d15d-4c7b-89fe-ab834a04ce1b"
        ],
        "If-None-Match": [
          "*"
        ],
        "Accept-Language": [
          "en-US"
        ],
        "User-Agent": [
          "FxVersion/4.6.28008.01",
          "OSName/Windows",
          "OSVersion/Microsoft.Windows.10.0.18363.",
          "Microsoft.Azure.Management.Dns.Fluent.DnsManagementClient/1.0.0.61",
          "MacAddressHash/f198b50d7e3ef6510679efb9e4c9a1474fd2bf18cf1d6a2182c79b00464dbadd"
        ],
        "Content-Type": [
          "application/json; charset=utf-8"
        ],
        "Content-Length": [
          "187"
        ]
      },
      "ResponseHeaders": {
        "Cache-Control": [
          "private"
        ],
        "ETag": [
          "1233e66d-5a0b-4184-ab11-eeefa0e4ec72"
        ],
        "X-Content-Type-Options": [
          "nosniff"
        ],
        "Strict-Transport-Security": [
          "max-age=31536000; includeSubDomains"
        ],
        "x-ms-request-id": [
          "b4fd0dd5-d15d-4c7b-89fe-ab834a04ce1b"
        ],
        "Server": [
          "Microsoft-IIS/10.0"
        ],
        "X-Powered-By": [
          "ASP.NET"
        ],
        "x-ms-ratelimit-remaining-subscription-resource-requests": [
          "11999"
        ],
        "x-ms-correlation-request-id": [
          "65ada43c-5e27-4048-a788-d35d6b0ae209"
        ],
        "x-ms-routing-request-id": [
          "SOUTHEASTASIA:20191023T185015Z:65ada43c-5e27-4048-a788-d35d6b0ae209"
        ],
        "Date": [
          "Wed, 23 Oct 2019 18:50:14 GMT"
        ],
        "Content-Length": [
          "399"
        ],
        "Content-Type": [
          "application/json; charset=utf-8"
        ]
      },
      "ResponseBody": "{\r\n  \"id\": \"/subscriptions/1c638cf4-608f-4ee6-b680-c329e824c3a8/resourceGroups/rgdnschash2963/providers/Microsoft.Network/dnszones/www.contoso-3848.com/A/www\",\r\n  \"name\": \"www\",\r\n  \"type\": \"Microsoft.Network/dnszones/A\",\r\n  \"etag\": \"1233e66d-5a0b-4184-ab11-eeefa0e4ec72\",\r\n  \"properties\": {\r\n    \"fqdn\": \"www.www.contoso-3848.com.\",\r\n    \"TTL\": 7200,\r\n    \"ARecords\": [\r\n      {\r\n        \"ipv4Address\": \"23.96.104.40\"\r\n      },\r\n      {\r\n        \"ipv4Address\": \"24.97.105.41\"\r\n      }\r\n    ]\r\n  }\r\n}",
      "StatusCode": 201
    },
    {
      "RequestUri": "/subscriptions/1c638cf4-608f-4ee6-b680-c329e824c3a8/resourceGroups/rgdnschash2963/providers/Microsoft.Network/dnsZones/www.contoso-3848.com/A/www?api-version=2018-03-01-preview",
      "EncodedRequestUri": "L3N1YnNjcmlwdGlvbnMvMWM2MzhjZjQtNjA4Zi00ZWU2LWI2ODAtYzMyOWU4MjRjM2E4L3Jlc291cmNlR3JvdXBzL3JnZG5zY2hhc2gyOTYzL3Byb3ZpZGVycy9NaWNyb3NvZnQuTmV0d29yay9kbnNab25lcy93d3cuY29udG9zby0zODQ4LmNvbS9BL3d3dz9hcGktdmVyc2lvbj0yMDE4LTAzLTAxLXByZXZpZXc=",
      "RequestMethod": "PUT",
      "RequestBody": "{\r\n  \"properties\": {\r\n    \"TTL\": 7200,\r\n    \"ARecords\": [\r\n      {\r\n        \"ipv4Address\": \"23.96.104.40\"\r\n      },\r\n      {\r\n        \"ipv4Address\": \"24.97.105.41\"\r\n      }\r\n    ]\r\n  }\r\n}",
      "RequestHeaders": {
        "x-ms-client-request-id": [
          "7542c657-8415-4828-afe4-b3f668e95b64"
        ],
        "If-None-Match": [
          "*"
        ],
        "Accept-Language": [
          "en-US"
        ],
        "User-Agent": [
          "FxVersion/4.6.28008.01",
          "OSName/Windows",
          "OSVersion/Microsoft.Windows.10.0.18363.",
          "Microsoft.Azure.Management.Dns.Fluent.DnsManagementClient/1.0.0.61",
          "MacAddressHash/f198b50d7e3ef6510679efb9e4c9a1474fd2bf18cf1d6a2182c79b00464dbadd"
        ],
        "Content-Type": [
          "application/json; charset=utf-8"
        ],
        "Content-Length": [
          "187"
        ]
      },
      "ResponseHeaders": {
        "Cache-Control": [
          "private"
        ],
        "X-Content-Type-Options": [
          "nosniff"
        ],
        "Strict-Transport-Security": [
          "max-age=31536000; includeSubDomains"
        ],
        "x-ms-request-id": [
          "7542c657-8415-4828-afe4-b3f668e95b64"
        ],
        "Server": [
          "Microsoft-IIS/10.0"
        ],
        "X-Powered-By": [
          "ASP.NET"
        ],
        "x-ms-ratelimit-remaining-subscription-resource-requests": [
          "11998"
        ],
        "x-ms-correlation-request-id": [
          "aef88917-0e2b-418c-9523-b4e25960e681"
        ],
        "x-ms-routing-request-id": [
          "SOUTHEASTASIA:20191023T185025Z:aef88917-0e2b-418c-9523-b4e25960e681"
        ],
        "Date": [
          "Wed, 23 Oct 2019 18:50:24 GMT"
        ],
        "Content-Length": [
          "110"
        ],
        "Content-Type": [
          "application/json; charset=utf-8"
        ]
      },
      "ResponseBody": "{\r\n  \"code\": \"PreconditionFailed\",\r\n  \"message\": \"The Record set www exists already and hence cannot be created again.\"\r\n}",
      "StatusCode": 412
    },
    {
      "RequestUri": "/subscriptions/1c638cf4-608f-4ee6-b680-c329e824c3a8/resourceGroups/rgdnschash2963/providers/Microsoft.Network/dnsZones/www.contoso-3848.com/AAAA/www?api-version=2018-03-01-preview",
      "EncodedRequestUri": "L3N1YnNjcmlwdGlvbnMvMWM2MzhjZjQtNjA4Zi00ZWU2LWI2ODAtYzMyOWU4MjRjM2E4L3Jlc291cmNlR3JvdXBzL3JnZG5zY2hhc2gyOTYzL3Byb3ZpZGVycy9NaWNyb3NvZnQuTmV0d29yay9kbnNab25lcy93d3cuY29udG9zby0zODQ4LmNvbS9BQUFBL3d3dz9hcGktdmVyc2lvbj0yMDE4LTAzLTAxLXByZXZpZXc=",
      "RequestMethod": "PUT",
      "RequestBody": "{\r\n  \"properties\": {\r\n    \"TTL\": 3600,\r\n    \"AAAARecords\": [\r\n      {\r\n        \"ipv6Address\": \"2001:0db8:85a3:0000:0000:8a2e:0370:7334\"\r\n      },\r\n      {\r\n        \"ipv6Address\": \"2002:0db9:85a4:0000:0000:8a2e:0371:7335\"\r\n      }\r\n    ]\r\n  }\r\n}",
      "RequestHeaders": {
        "x-ms-client-request-id": [
          "b8ddb436-cf21-4455-b582-4243bcdf8358"
        ],
        "If-None-Match": [
          "*"
        ],
        "Accept-Language": [
          "en-US"
        ],
        "User-Agent": [
          "FxVersion/4.6.28008.01",
          "OSName/Windows",
          "OSVersion/Microsoft.Windows.10.0.18363.",
          "Microsoft.Azure.Management.Dns.Fluent.DnsManagementClient/1.0.0.61",
          "MacAddressHash/f198b50d7e3ef6510679efb9e4c9a1474fd2bf18cf1d6a2182c79b00464dbadd"
        ],
        "Content-Type": [
          "application/json; charset=utf-8"
        ],
        "Content-Length": [
          "244"
        ]
      },
      "ResponseHeaders": {
        "Cache-Control": [
          "private"
        ],
        "ETag": [
          "6e711ef3-a3ca-4473-b547-c5f865532038"
        ],
        "X-Content-Type-Options": [
          "nosniff"
        ],
        "Strict-Transport-Security": [
          "max-age=31536000; includeSubDomains"
        ],
        "x-ms-request-id": [
          "b8ddb436-cf21-4455-b582-4243bcdf8358"
        ],
        "Server": [
          "Microsoft-IIS/10.0"
        ],
        "X-Powered-By": [
          "ASP.NET"
        ],
        "x-ms-ratelimit-remaining-subscription-resource-requests": [
          "11999"
        ],
        "x-ms-correlation-request-id": [
          "f4e0e7e5-67b1-4cd6-8159-8906d6c02b70"
        ],
        "x-ms-routing-request-id": [
          "SOUTHEASTASIA:20191023T185015Z:f4e0e7e5-67b1-4cd6-8159-8906d6c02b70"
        ],
        "Date": [
          "Wed, 23 Oct 2019 18:50:15 GMT"
        ],
        "Content-Length": [
          "462"
        ],
        "Content-Type": [
          "application/json; charset=utf-8"
        ]
      },
      "ResponseBody": "{\r\n  \"id\": \"/subscriptions/1c638cf4-608f-4ee6-b680-c329e824c3a8/resourceGroups/rgdnschash2963/providers/Microsoft.Network/dnszones/www.contoso-3848.com/AAAA/www\",\r\n  \"name\": \"www\",\r\n  \"type\": \"Microsoft.Network/dnszones/AAAA\",\r\n  \"etag\": \"6e711ef3-a3ca-4473-b547-c5f865532038\",\r\n  \"properties\": {\r\n    \"fqdn\": \"www.www.contoso-3848.com.\",\r\n    \"TTL\": 3600,\r\n    \"AAAARecords\": [\r\n      {\r\n        \"ipv6Address\": \"2001:0db8:85a3:0000:0000:8a2e:0370:7334\"\r\n      },\r\n      {\r\n        \"ipv6Address\": \"2002:0db9:85a4:0000:0000:8a2e:0371:7335\"\r\n      }\r\n    ]\r\n  }\r\n}",
      "StatusCode": 201
    },
    {
      "RequestUri": "/subscriptions/1c638cf4-608f-4ee6-b680-c329e824c3a8/resourceGroups/rgdnschash2963/providers/Microsoft.Network/dnsZones/www.contoso-3848.com/AAAA/www?api-version=2018-03-01-preview",
      "EncodedRequestUri": "L3N1YnNjcmlwdGlvbnMvMWM2MzhjZjQtNjA4Zi00ZWU2LWI2ODAtYzMyOWU4MjRjM2E4L3Jlc291cmNlR3JvdXBzL3JnZG5zY2hhc2gyOTYzL3Byb3ZpZGVycy9NaWNyb3NvZnQuTmV0d29yay9kbnNab25lcy93d3cuY29udG9zby0zODQ4LmNvbS9BQUFBL3d3dz9hcGktdmVyc2lvbj0yMDE4LTAzLTAxLXByZXZpZXc=",
      "RequestMethod": "PUT",
      "RequestBody": "{\r\n  \"properties\": {\r\n    \"TTL\": 3600,\r\n    \"AAAARecords\": [\r\n      {\r\n        \"ipv6Address\": \"2001:0db8:85a3:0000:0000:8a2e:0370:7334\"\r\n      },\r\n      {\r\n        \"ipv6Address\": \"2002:0db9:85a4:0000:0000:8a2e:0371:7335\"\r\n      }\r\n    ]\r\n  }\r\n}",
      "RequestHeaders": {
        "x-ms-client-request-id": [
          "8af8b08b-eb53-4f4a-ac1a-f5fd4991a1d8"
        ],
        "If-None-Match": [
          "*"
        ],
        "Accept-Language": [
          "en-US"
        ],
        "User-Agent": [
          "FxVersion/4.6.28008.01",
          "OSName/Windows",
          "OSVersion/Microsoft.Windows.10.0.18363.",
          "Microsoft.Azure.Management.Dns.Fluent.DnsManagementClient/1.0.0.61",
          "MacAddressHash/f198b50d7e3ef6510679efb9e4c9a1474fd2bf18cf1d6a2182c79b00464dbadd"
        ],
        "Content-Type": [
          "application/json; charset=utf-8"
        ],
        "Content-Length": [
          "244"
        ]
      },
      "ResponseHeaders": {
        "Cache-Control": [
          "private"
        ],
        "X-Content-Type-Options": [
          "nosniff"
        ],
        "Strict-Transport-Security": [
          "max-age=31536000; includeSubDomains"
        ],
        "x-ms-request-id": [
          "8af8b08b-eb53-4f4a-ac1a-f5fd4991a1d8"
        ],
        "Server": [
          "Microsoft-IIS/10.0"
        ],
        "X-Powered-By": [
          "ASP.NET"
        ],
        "x-ms-ratelimit-remaining-subscription-resource-requests": [
          "11999"
        ],
        "x-ms-correlation-request-id": [
          "fdfadff4-6e3a-43eb-b9cd-696041db29e6"
        ],
        "x-ms-routing-request-id": [
          "SOUTHEASTASIA:20191023T185025Z:fdfadff4-6e3a-43eb-b9cd-696041db29e6"
        ],
        "Date": [
          "Wed, 23 Oct 2019 18:50:24 GMT"
        ],
        "Content-Length": [
          "110"
        ],
        "Content-Type": [
          "application/json; charset=utf-8"
        ]
      },
      "ResponseBody": "{\r\n  \"code\": \"PreconditionFailed\",\r\n  \"message\": \"The Record set www exists already and hence cannot be created again.\"\r\n}",
      "StatusCode": 412
    },
    {
      "RequestUri": "/subscriptions/1c638cf4-608f-4ee6-b680-c329e824c3a8/resourceGroups/rgdnschash2963/providers/Microsoft.Network/dnsZones/www.contoso-3848.com/A?api-version=2018-03-01-preview",
      "EncodedRequestUri": "L3N1YnNjcmlwdGlvbnMvMWM2MzhjZjQtNjA4Zi00ZWU2LWI2ODAtYzMyOWU4MjRjM2E4L3Jlc291cmNlR3JvdXBzL3JnZG5zY2hhc2gyOTYzL3Byb3ZpZGVycy9NaWNyb3NvZnQuTmV0d29yay9kbnNab25lcy93d3cuY29udG9zby0zODQ4LmNvbS9BP2FwaS12ZXJzaW9uPTIwMTgtMDMtMDEtcHJldmlldw==",
      "RequestMethod": "GET",
      "RequestBody": "",
      "RequestHeaders": {
        "x-ms-client-request-id": [
          "dc15a9d1-78c1-4bc7-88f4-35527e3fb622"
        ],
        "Accept-Language": [
          "en-US"
        ],
        "User-Agent": [
          "FxVersion/4.6.28008.01",
          "OSName/Windows",
          "OSVersion/Microsoft.Windows.10.0.18363.",
          "Microsoft.Azure.Management.Dns.Fluent.DnsManagementClient/1.0.0.61",
          "MacAddressHash/f198b50d7e3ef6510679efb9e4c9a1474fd2bf18cf1d6a2182c79b00464dbadd"
        ]
      },
      "ResponseHeaders": {
        "Cache-Control": [
          "private"
        ],
        "X-Content-Type-Options": [
          "nosniff"
        ],
        "Strict-Transport-Security": [
          "max-age=31536000; includeSubDomains"
        ],
        "x-ms-request-id": [
          "dc15a9d1-78c1-4bc7-88f4-35527e3fb622"
        ],
        "Server": [
          "Microsoft-IIS/10.0"
        ],
        "X-Powered-By": [
          "ASP.NET"
        ],
        "x-ms-ratelimit-remaining-subscription-resource-requests": [
          "499"
        ],
        "x-ms-ratelimit-remaining-subscription-resource-entities-read": [
          "59999"
        ],
        "x-ms-correlation-request-id": [
          "9dbabd43-a062-49fa-afe3-08b8cd0833a2"
        ],
        "x-ms-routing-request-id": [
          "SOUTHEASTASIA:20191023T185016Z:9dbabd43-a062-49fa-afe3-08b8cd0833a2"
        ],
        "Date": [
          "Wed, 23 Oct 2019 18:50:15 GMT"
        ],
        "Content-Length": [
          "411"
        ],
        "Content-Type": [
          "application/json; charset=utf-8"
        ]
      },
      "ResponseBody": "{\r\n  \"value\": [\r\n    {\r\n      \"id\": \"/subscriptions/1c638cf4-608f-4ee6-b680-c329e824c3a8/resourceGroups/rgdnschash2963/providers/Microsoft.Network/dnszones/www.contoso-3848.com/A/www\",\r\n      \"name\": \"www\",\r\n      \"type\": \"Microsoft.Network/dnszones/A\",\r\n      \"etag\": \"1233e66d-5a0b-4184-ab11-eeefa0e4ec72\",\r\n      \"properties\": {\r\n        \"fqdn\": \"www.www.contoso-3848.com.\",\r\n        \"TTL\": 7200,\r\n        \"ARecords\": [\r\n          {\r\n            \"ipv4Address\": \"23.96.104.40\"\r\n          },\r\n          {\r\n            \"ipv4Address\": \"24.97.105.41\"\r\n          }\r\n        ]\r\n      }\r\n    }\r\n  ]\r\n}",
      "StatusCode": 200
    },
    {
      "RequestUri": "/subscriptions/1c638cf4-608f-4ee6-b680-c329e824c3a8/resourceGroups/rgdnschash2963/providers/Microsoft.Network/dnsZones/www.contoso-3848.com/AAAA?api-version=2018-03-01-preview",
      "EncodedRequestUri": "L3N1YnNjcmlwdGlvbnMvMWM2MzhjZjQtNjA4Zi00ZWU2LWI2ODAtYzMyOWU4MjRjM2E4L3Jlc291cmNlR3JvdXBzL3JnZG5zY2hhc2gyOTYzL3Byb3ZpZGVycy9NaWNyb3NvZnQuTmV0d29yay9kbnNab25lcy93d3cuY29udG9zby0zODQ4LmNvbS9BQUFBP2FwaS12ZXJzaW9uPTIwMTgtMDMtMDEtcHJldmlldw==",
      "RequestMethod": "GET",
      "RequestBody": "",
      "RequestHeaders": {
        "x-ms-client-request-id": [
          "4aadc51a-e5b5-43ec-9fbe-ec4295619d5a"
        ],
        "Accept-Language": [
          "en-US"
        ],
        "User-Agent": [
          "FxVersion/4.6.28008.01",
          "OSName/Windows",
          "OSVersion/Microsoft.Windows.10.0.18363.",
          "Microsoft.Azure.Management.Dns.Fluent.DnsManagementClient/1.0.0.61",
          "MacAddressHash/f198b50d7e3ef6510679efb9e4c9a1474fd2bf18cf1d6a2182c79b00464dbadd"
        ]
      },
      "ResponseHeaders": {
        "Cache-Control": [
          "private"
        ],
        "X-Content-Type-Options": [
          "nosniff"
        ],
        "Strict-Transport-Security": [
          "max-age=31536000; includeSubDomains"
        ],
        "x-ms-request-id": [
          "4aadc51a-e5b5-43ec-9fbe-ec4295619d5a"
        ],
        "Server": [
          "Microsoft-IIS/10.0"
        ],
        "X-Powered-By": [
          "ASP.NET"
        ],
        "x-ms-ratelimit-remaining-subscription-resource-requests": [
          "499"
        ],
        "x-ms-ratelimit-remaining-subscription-resource-entities-read": [
          "59999"
        ],
        "x-ms-correlation-request-id": [
          "2ff29f45-e823-47e2-a0ee-3c729e96c8fd"
        ],
        "x-ms-routing-request-id": [
          "SOUTHEASTASIA:20191023T185016Z:2ff29f45-e823-47e2-a0ee-3c729e96c8fd"
        ],
        "Date": [
          "Wed, 23 Oct 2019 18:50:16 GMT"
        ],
        "Content-Length": [
          "452"
        ],
        "Content-Type": [
          "application/json; charset=utf-8"
        ]
      },
      "ResponseBody": "{\r\n  \"value\": [\r\n    {\r\n      \"id\": \"/subscriptions/1c638cf4-608f-4ee6-b680-c329e824c3a8/resourceGroups/rgdnschash2963/providers/Microsoft.Network/dnszones/www.contoso-3848.com/AAAA/www\",\r\n      \"name\": \"www\",\r\n      \"type\": \"Microsoft.Network/dnszones/AAAA\",\r\n      \"etag\": \"6e711ef3-a3ca-4473-b547-c5f865532038\",\r\n      \"properties\": {\r\n        \"fqdn\": \"www.www.contoso-3848.com.\",\r\n        \"TTL\": 3600,\r\n        \"AAAARecords\": [\r\n          {\r\n            \"ipv6Address\": \"2001:db8:85a3::8a2e:370:7334\"\r\n          },\r\n          {\r\n            \"ipv6Address\": \"2002:db9:85a4::8a2e:371:7335\"\r\n          }\r\n        ]\r\n      }\r\n    }\r\n  ]\r\n}",
      "StatusCode": 200
    },
    {
      "RequestUri": "/subscriptions/1c638cf4-608f-4ee6-b680-c329e824c3a8/resourceGroups/rgdnschash2963/providers/Microsoft.Network/dnsZones/www.contoso-3848.com/CNAME?api-version=2018-03-01-preview",
      "EncodedRequestUri": "L3N1YnNjcmlwdGlvbnMvMWM2MzhjZjQtNjA4Zi00ZWU2LWI2ODAtYzMyOWU4MjRjM2E4L3Jlc291cmNlR3JvdXBzL3JnZG5zY2hhc2gyOTYzL3Byb3ZpZGVycy9NaWNyb3NvZnQuTmV0d29yay9kbnNab25lcy93d3cuY29udG9zby0zODQ4LmNvbS9DTkFNRT9hcGktdmVyc2lvbj0yMDE4LTAzLTAxLXByZXZpZXc=",
      "RequestMethod": "GET",
      "RequestBody": "",
      "RequestHeaders": {
        "x-ms-client-request-id": [
          "19f6adc3-a17e-4396-ac86-e3eb297e5af2"
        ],
        "Accept-Language": [
          "en-US"
        ],
        "User-Agent": [
          "FxVersion/4.6.28008.01",
          "OSName/Windows",
          "OSVersion/Microsoft.Windows.10.0.18363.",
          "Microsoft.Azure.Management.Dns.Fluent.DnsManagementClient/1.0.0.61",
          "MacAddressHash/f198b50d7e3ef6510679efb9e4c9a1474fd2bf18cf1d6a2182c79b00464dbadd"
        ]
      },
      "ResponseHeaders": {
        "Cache-Control": [
          "private"
        ],
        "X-Content-Type-Options": [
          "nosniff"
        ],
        "Strict-Transport-Security": [
          "max-age=31536000; includeSubDomains"
        ],
        "x-ms-request-id": [
          "19f6adc3-a17e-4396-ac86-e3eb297e5af2"
        ],
        "Server": [
          "Microsoft-IIS/10.0"
        ],
        "X-Powered-By": [
          "ASP.NET"
        ],
        "x-ms-ratelimit-remaining-subscription-resource-requests": [
          "499"
        ],
        "x-ms-ratelimit-remaining-subscription-resource-entities-read": [
          "59998"
        ],
        "x-ms-correlation-request-id": [
          "f7e5897f-d892-4efb-9a14-1ef2cd20a0fc"
        ],
        "x-ms-routing-request-id": [
          "SOUTHEASTASIA:20191023T185017Z:f7e5897f-d892-4efb-9a14-1ef2cd20a0fc"
        ],
        "Date": [
          "Wed, 23 Oct 2019 18:50:16 GMT"
        ],
        "Content-Length": [
          "797"
        ],
        "Content-Type": [
          "application/json; charset=utf-8"
        ]
      },
      "ResponseBody": "{\r\n  \"value\": [\r\n    {\r\n      \"id\": \"/subscriptions/1c638cf4-608f-4ee6-b680-c329e824c3a8/resourceGroups/rgdnschash2963/providers/Microsoft.Network/dnszones/www.contoso-3848.com/CNAME/documents\",\r\n      \"name\": \"documents\",\r\n      \"type\": \"Microsoft.Network/dnszones/CNAME\",\r\n      \"etag\": \"06ea0ad2-2709-465e-a251-5fafa0cdc897\",\r\n      \"properties\": {\r\n        \"fqdn\": \"documents.www.contoso-3848.com.\",\r\n        \"TTL\": 3600,\r\n        \"CNAMERecord\": {\r\n          \"cname\": \"doc.contoso.com\"\r\n        }\r\n      }\r\n    },\r\n    {\r\n      \"id\": \"/subscriptions/1c638cf4-608f-4ee6-b680-c329e824c3a8/resourceGroups/rgdnschash2963/providers/Microsoft.Network/dnszones/www.contoso-3848.com/CNAME/userguide\",\r\n      \"name\": \"userguide\",\r\n      \"type\": \"Microsoft.Network/dnszones/CNAME\",\r\n      \"etag\": \"2ca50671-0399-4657-a8d8-3ab7e84f5ff0\",\r\n      \"properties\": {\r\n        \"fqdn\": \"userguide.www.contoso-3848.com.\",\r\n        \"TTL\": 3600,\r\n        \"CNAMERecord\": {\r\n          \"cname\": \"doc.contoso.com\"\r\n        }\r\n      }\r\n    }\r\n  ]\r\n}",
      "StatusCode": 200
    },
    {
      "RequestUri": "/subscriptions/1c638cf4-608f-4ee6-b680-c329e824c3a8/resourceGroups/rgdnschash2963/providers/Microsoft.Network/dnsZones/www.contoso-3848.com/CAA?api-version=2018-03-01-preview",
      "EncodedRequestUri": "L3N1YnNjcmlwdGlvbnMvMWM2MzhjZjQtNjA4Zi00ZWU2LWI2ODAtYzMyOWU4MjRjM2E4L3Jlc291cmNlR3JvdXBzL3JnZG5zY2hhc2gyOTYzL3Byb3ZpZGVycy9NaWNyb3NvZnQuTmV0d29yay9kbnNab25lcy93d3cuY29udG9zby0zODQ4LmNvbS9DQUE/YXBpLXZlcnNpb249MjAxOC0wMy0wMS1wcmV2aWV3",
      "RequestMethod": "GET",
      "RequestBody": "",
      "RequestHeaders": {
        "x-ms-client-request-id": [
          "361e7fb5-c2f3-4e25-95db-2023bfa6b65f"
        ],
        "Accept-Language": [
          "en-US"
        ],
        "User-Agent": [
          "FxVersion/4.6.28008.01",
          "OSName/Windows",
          "OSVersion/Microsoft.Windows.10.0.18363.",
          "Microsoft.Azure.Management.Dns.Fluent.DnsManagementClient/1.0.0.61",
          "MacAddressHash/f198b50d7e3ef6510679efb9e4c9a1474fd2bf18cf1d6a2182c79b00464dbadd"
        ]
      },
      "ResponseHeaders": {
        "Cache-Control": [
          "private"
        ],
        "X-Content-Type-Options": [
          "nosniff"
        ],
        "Strict-Transport-Security": [
          "max-age=31536000; includeSubDomains"
        ],
        "x-ms-request-id": [
          "361e7fb5-c2f3-4e25-95db-2023bfa6b65f"
        ],
        "Server": [
          "Microsoft-IIS/10.0"
        ],
        "X-Powered-By": [
          "ASP.NET"
        ],
        "x-ms-ratelimit-remaining-subscription-resource-requests": [
          "499"
        ],
        "x-ms-ratelimit-remaining-subscription-resource-entities-read": [
          "59999"
        ],
        "x-ms-correlation-request-id": [
          "0ef3a58e-adce-45d8-bf1b-a7a266425a26"
        ],
        "x-ms-routing-request-id": [
          "SOUTHEASTASIA:20191023T185017Z:0ef3a58e-adce-45d8-bf1b-a7a266425a26"
        ],
        "Date": [
          "Wed, 23 Oct 2019 18:50:17 GMT"
        ],
        "Content-Length": [
          "415"
        ],
        "Content-Type": [
          "application/json; charset=utf-8"
        ]
      },
      "ResponseBody": "{\r\n  \"value\": [\r\n    {\r\n      \"id\": \"/subscriptions/1c638cf4-608f-4ee6-b680-c329e824c3a8/resourceGroups/rgdnschash2963/providers/Microsoft.Network/dnszones/www.contoso-3848.com/CAA/caaname\",\r\n      \"name\": \"caaname\",\r\n      \"type\": \"Microsoft.Network/dnszones/CAA\",\r\n      \"etag\": \"cfc23146-c3d7-4323-9d8a-231eab8b30a7\",\r\n      \"properties\": {\r\n        \"fqdn\": \"caaname.www.contoso-3848.com.\",\r\n        \"TTL\": 3600,\r\n        \"caaRecords\": [\r\n          {\r\n            \"flags\": 4,\r\n            \"tag\": \"sometag\",\r\n            \"value\": \"someValue\"\r\n          }\r\n        ]\r\n      }\r\n    }\r\n  ]\r\n}",
      "StatusCode": 200
    },
    {
      "RequestUri": "/subscriptions/1c638cf4-608f-4ee6-b680-c329e824c3a8/resourcegroups/rgdnschash2963?api-version=2021-01-01",
      "EncodedRequestUri": "L3N1YnNjcmlwdGlvbnMvMWM2MzhjZjQtNjA4Zi00ZWU2LWI2ODAtYzMyOWU4MjRjM2E4L3Jlc291cmNlZ3JvdXBzL3JnZG5zY2hhc2gyOTYzP2FwaS12ZXJzaW9uPTIwMjEtMDEtMDE=",
      "RequestMethod": "DELETE",
      "RequestBody": "",
      "RequestHeaders": {
        "x-ms-client-request-id": [
          "fc9a7d2d-f5ec-471b-b49b-6da7a5e17cef"
        ],
        "Accept-Language": [
          "en-US"
        ],
        "User-Agent": [
          "FxVersion/4.6.28008.01",
          "OSName/Windows",
          "OSVersion/Microsoft.Windows.10.0.18363.",
          "Microsoft.Azure.Management.ResourceManager.Fluent.ResourceManagementClient/1.0.0.61",
          "MacAddressHash/f198b50d7e3ef6510679efb9e4c9a1474fd2bf18cf1d6a2182c79b00464dbadd"
        ]
      },
      "ResponseHeaders": {
        "Cache-Control": [
          "no-cache"
        ],
        "Pragma": [
          "no-cache"
        ],
        "Location": [
          "https://management.azure.com/subscriptions/1c638cf4-608f-4ee6-b680-c329e824c3a8/operationresults/eyJqb2JJZCI6IlJFU09VUkNFR1JPVVBERUxFVElPTkpPQi1SR0ROU0NIQVNIMjk2My1FQVNUVVMiLCJqb2JMb2NhdGlvbiI6ImVhc3R1cyJ9?api-version=2019-08-01"
        ],
        "Retry-After": [
          "15"
        ],
        "x-ms-ratelimit-remaining-subscription-deletes": [
          "14999"
        ],
        "x-ms-request-id": [
          "a43d6eb8-d270-4e90-a608-f4116ab2e0ce"
        ],
        "x-ms-correlation-request-id": [
          "a43d6eb8-d270-4e90-a608-f4116ab2e0ce"
        ],
        "x-ms-routing-request-id": [
          "SOUTHEASTASIA:20191023T185033Z:a43d6eb8-d270-4e90-a608-f4116ab2e0ce"
        ],
        "Strict-Transport-Security": [
          "max-age=31536000; includeSubDomains"
        ],
        "X-Content-Type-Options": [
          "nosniff"
        ],
        "Date": [
          "Wed, 23 Oct 2019 18:50:32 GMT"
        ],
        "Expires": [
          "-1"
        ],
        "Content-Length": [
          "0"
        ]
      },
      "ResponseBody": "",
      "StatusCode": 202
    }
  ],
  "Names": {
    "CanCreateWithDefaultETag": [
      "rgdnschash2963",
      "www.contoso-3848"
    ]
  },
  "Variables": {
    "ServicePrincipal": "af519bfa-99e8-4193-b65b-e6cd2f8bde7f",
    "AADTenant": "72f988bf-86f1-41af-91ab-2d7cd011db47",
    "SubscriptionId": "1c638cf4-608f-4ee6-b680-c329e824c3a8"
  }
}