{
  "Entries": [
    {
      "RequestUri": "/subscriptions/0b1f6471-1bf0-4dda-aec3-cb9272f09590/resourcegroups/rgfluentchash-4040?api-version=2016-02-01",
      "EncodedRequestUri": "L3N1YnNjcmlwdGlvbnMvMGIxZjY0NzEtMWJmMC00ZGRhLWFlYzMtY2I5MjcyZjA5NTkwL3Jlc291cmNlZ3JvdXBzL3JnZmx1ZW50Y2hhc2gtNDA0MD9hcGktdmVyc2lvbj0yMDE2LTAyLTAx",
      "RequestMethod": "PUT",
      "RequestBody": "{\r\n  \"location\": \"eastus\"\r\n}",
      "RequestHeaders": {
        "Content-Type": [
          "application/json; charset=utf-8"
        ],
        "Content-Length": [
          "28"
        ],
        "x-ms-client-request-id": [
          "de9b0137-22f4-4ce8-8faa-e9c1998749e0"
        ],
        "accept-language": [
          "en-US"
        ],
        "User-Agent": [
          "FxVersion/4.6.25211.01",
          "Microsoft.Azure.Management.ResourceManager.Fluent.ResourceManagementClient/1.4.1.0",
          "MacAddressHash/9254a221412e5d3ef68e592d30236823a9c8f75cbf51c09c906f797cd005474a"
        ]
      },
      "ResponseBody": "{\r\n  \"id\": \"/subscriptions/0b1f6471-1bf0-4dda-aec3-cb9272f09590/resourceGroups/rgfluentchash-4040\",\r\n  \"name\": \"rgfluentchash-4040\",\r\n  \"location\": \"eastus\",\r\n  \"properties\": {\r\n    \"provisioningState\": \"Succeeded\"\r\n  }\r\n}",
      "ResponseHeaders": {
        "Content-Length": [
          "189"
        ],
        "Content-Type": [
          "application/json; charset=utf-8"
        ],
        "Expires": [
          "-1"
        ],
        "Cache-Control": [
          "no-cache"
        ],
        "Date": [
          "Sun, 24 Dec 2017 05:25:40 GMT"
        ],
        "Pragma": [
          "no-cache"
        ],
        "x-ms-ratelimit-remaining-subscription-writes": [
          "1198"
        ],
        "x-ms-request-id": [
          "09ba1b47-b7ae-42d8-a33c-d3d523c1a313"
        ],
        "x-ms-correlation-request-id": [
          "09ba1b47-b7ae-42d8-a33c-d3d523c1a313"
        ],
        "x-ms-routing-request-id": [
          "WESTUS2:20171224T052540Z:09ba1b47-b7ae-42d8-a33c-d3d523c1a313"
        ],
        "Strict-Transport-Security": [
          "max-age=31536000; includeSubDomains"
        ]
      },
      "StatusCode": 201
    },
    {
      "RequestUri": "/subscriptions/0b1f6471-1bf0-4dda-aec3-cb9272f09590/resourcegroups/rgfluentchash-4040?api-version=2016-02-01",
      "EncodedRequestUri": "L3N1YnNjcmlwdGlvbnMvMGIxZjY0NzEtMWJmMC00ZGRhLWFlYzMtY2I5MjcyZjA5NTkwL3Jlc291cmNlZ3JvdXBzL3JnZmx1ZW50Y2hhc2gtNDA0MD9hcGktdmVyc2lvbj0yMDE2LTAyLTAx",
      "RequestMethod": "PUT",
      "RequestBody": "{\r\n  \"location\": \"eastus\"\r\n}",
      "RequestHeaders": {
        "Content-Type": [
          "application/json; charset=utf-8"
        ],
        "Content-Length": [
          "28"
        ],
        "x-ms-client-request-id": [
          "d464062b-0e1c-49ed-9cc2-9cdb96a3900a"
        ],
        "accept-language": [
          "en-US"
        ],
        "User-Agent": [
          "FxVersion/4.6.25211.01",
          "Microsoft.Azure.Management.ResourceManager.Fluent.ResourceManagementClient/1.4.1.0",
          "MacAddressHash/9254a221412e5d3ef68e592d30236823a9c8f75cbf51c09c906f797cd005474a"
        ]
      },
      "ResponseBody": "{\r\n  \"id\": \"/subscriptions/0b1f6471-1bf0-4dda-aec3-cb9272f09590/resourceGroups/rgfluentchash-4040\",\r\n  \"name\": \"rgfluentchash-4040\",\r\n  \"location\": \"eastus\",\r\n  \"properties\": {\r\n    \"provisioningState\": \"Succeeded\"\r\n  }\r\n}",
      "ResponseHeaders": {
        "Content-Type": [
          "application/json; charset=utf-8"
        ],
        "Expires": [
          "-1"
        ],
        "Cache-Control": [
          "no-cache"
        ],
        "Date": [
          "Sun, 24 Dec 2017 05:30:18 GMT"
        ],
        "Pragma": [
          "no-cache"
        ],
        "Transfer-Encoding": [
          "chunked"
        ],
        "Vary": [
          "Accept-Encoding"
        ],
        "x-ms-ratelimit-remaining-subscription-writes": [
          "1195"
        ],
        "x-ms-request-id": [
          "d7d89eaa-9d11-42a6-9086-7d8002323214"
        ],
        "x-ms-correlation-request-id": [
          "d7d89eaa-9d11-42a6-9086-7d8002323214"
        ],
        "x-ms-routing-request-id": [
          "WESTUS2:20171224T053018Z:d7d89eaa-9d11-42a6-9086-7d8002323214"
        ],
        "Strict-Transport-Security": [
          "max-age=31536000; includeSubDomains"
        ]
      },
      "StatusCode": 200
    },
    {
      "RequestUri": "/subscriptions/0b1f6471-1bf0-4dda-aec3-cb9272f09590/resourceGroups/rgfluentchash-4040/providers/Microsoft.Network/virtualNetworks/vnet57a23863432e?api-version=2017-08-01",
      "EncodedRequestUri": "L3N1YnNjcmlwdGlvbnMvMGIxZjY0NzEtMWJmMC00ZGRhLWFlYzMtY2I5MjcyZjA5NTkwL3Jlc291cmNlR3JvdXBzL3JnZmx1ZW50Y2hhc2gtNDA0MC9wcm92aWRlcnMvTWljcm9zb2Z0Lk5ldHdvcmsvdmlydHVhbE5ldHdvcmtzL3ZuZXQ1N2EyMzg2MzQzMmU/YXBpLXZlcnNpb249MjAxNy0wOC0wMQ==",
      "RequestMethod": "PUT",
      "RequestBody": "{\r\n  \"properties\": {\r\n    \"addressSpace\": {\r\n      \"addressPrefixes\": [\r\n        \"10.0.0.0/28\"\r\n      ]\r\n    },\r\n    \"dhcpOptions\": {\r\n      \"dnsServers\": []\r\n    },\r\n    \"subnets\": [\r\n      {\r\n        \"properties\": {\r\n          \"addressPrefix\": \"10.0.0.0/28\"\r\n        },\r\n        \"name\": \"subnet1\"\r\n      }\r\n    ]\r\n  },\r\n  \"location\": \"eastus\",\r\n  \"tags\": {}\r\n}",
      "RequestHeaders": {
        "Content-Type": [
          "application/json; charset=utf-8"
        ],
        "Content-Length": [
          "362"
        ],
        "x-ms-client-request-id": [
          "b1a0de1f-7b1d-4788-b929-fb98d8d282c8"
        ],
        "accept-language": [
          "en-US"
        ],
        "User-Agent": [
          "FxVersion/4.6.25211.01",
          "Microsoft.Azure.Management.Network.Fluent.NetworkManagementClient/1.4.1.0",
          "MacAddressHash/9254a221412e5d3ef68e592d30236823a9c8f75cbf51c09c906f797cd005474a"
        ]
      },
      "ResponseBody": "{\r\n  \"name\": \"vnet57a23863432e\",\r\n  \"id\": \"/subscriptions/0b1f6471-1bf0-4dda-aec3-cb9272f09590/resourceGroups/rgfluentchash-4040/providers/Microsoft.Network/virtualNetworks/vnet57a23863432e\",\r\n  \"etag\": \"W/\\\"7b6e646f-fa44-4ba8-abbf-49ade5686779\\\"\",\r\n  \"type\": \"Microsoft.Network/virtualNetworks\",\r\n  \"location\": \"eastus\",\r\n  \"tags\": {},\r\n  \"properties\": {\r\n    \"provisioningState\": \"Updating\",\r\n    \"resourceGuid\": \"9f4cc1f6-3a82-43bc-aa0c-1a3f326cfd49\",\r\n    \"addressSpace\": {\r\n      \"addressPrefixes\": [\r\n        \"10.0.0.0/28\"\r\n      ]\r\n    },\r\n    \"dhcpOptions\": {\r\n      \"dnsServers\": []\r\n    },\r\n    \"subnets\": [\r\n      {\r\n        \"name\": \"subnet1\",\r\n        \"id\": \"/subscriptions/0b1f6471-1bf0-4dda-aec3-cb9272f09590/resourceGroups/rgfluentchash-4040/providers/Microsoft.Network/virtualNetworks/vnet57a23863432e/subnets/subnet1\",\r\n        \"etag\": \"W/\\\"7b6e646f-fa44-4ba8-abbf-49ade5686779\\\"\",\r\n        \"properties\": {\r\n          \"provisioningState\": \"Updating\",\r\n          \"addressPrefix\": \"10.0.0.0/28\"\r\n        }\r\n      }\r\n    ],\r\n    \"virtualNetworkPeerings\": [],\r\n    \"enableDdosProtection\": false,\r\n    \"enableVmProtection\": false\r\n  }\r\n}",
      "ResponseHeaders": {
        "Content-Length": [
          "1149"
        ],
        "Content-Type": [
          "application/json; charset=utf-8"
        ],
        "Expires": [
          "-1"
        ],
        "Cache-Control": [
          "no-cache"
        ],
        "Date": [
          "Sun, 24 Dec 2017 05:25:41 GMT"
        ],
        "Pragma": [
          "no-cache"
        ],
        "Retry-After": [
          "3"
        ],
        "Server": [
          "Microsoft-HTTPAPI/2.0",
          "Microsoft-HTTPAPI/2.0"
        ],
        "x-ms-request-id": [
          "72b12893-6ed2-4305-a266-801dd849babb"
        ],
        "Azure-AsyncOperation": [
          "https://management.azure.com/subscriptions/0b1f6471-1bf0-4dda-aec3-cb9272f09590/providers/Microsoft.Network/locations/eastus/operations/72b12893-6ed2-4305-a266-801dd849babb?api-version=2017-08-01"
        ],
        "Strict-Transport-Security": [
          "max-age=31536000; includeSubDomains"
        ],
        "x-ms-ratelimit-remaining-subscription-writes": [
          "1197"
        ],
        "x-ms-correlation-request-id": [
          "5344c693-0255-43d8-bbff-0c9a4df1349a"
        ],
        "x-ms-routing-request-id": [
          "WESTUS2:20171224T052542Z:5344c693-0255-43d8-bbff-0c9a4df1349a"
        ]
      },
      "StatusCode": 201
    },
    {
      "RequestUri": "/subscriptions/0b1f6471-1bf0-4dda-aec3-cb9272f09590/resourceGroups/rgfluentchash-4040/providers/Microsoft.Storage/storageAccounts/stg56698829934?api-version=2016-01-01",
      "EncodedRequestUri": "L3N1YnNjcmlwdGlvbnMvMGIxZjY0NzEtMWJmMC00ZGRhLWFlYzMtY2I5MjcyZjA5NTkwL3Jlc291cmNlR3JvdXBzL3JnZmx1ZW50Y2hhc2gtNDA0MC9wcm92aWRlcnMvTWljcm9zb2Z0LlN0b3JhZ2Uvc3RvcmFnZUFjY291bnRzL3N0ZzU2Njk4ODI5OTM0P2FwaS12ZXJzaW9uPTIwMTYtMDEtMDE=",
      "RequestMethod": "PUT",
      "RequestBody": "{\r\n  \"sku\": {\r\n    \"name\": \"Standard_GRS\"\r\n  },\r\n  \"kind\": \"Storage\",\r\n  \"location\": \"eastus\",\r\n  \"tags\": {}\r\n}",
      "RequestHeaders": {
        "Content-Type": [
          "application/json; charset=utf-8"
        ],
        "Content-Length": [
          "111"
        ],
        "x-ms-client-request-id": [
          "2d9d9f51-8b9b-4bf7-b8b7-eb1d06596310"
        ],
        "accept-language": [
          "en-US"
        ],
        "User-Agent": [
          "FxVersion/4.6.25211.01",
          "Microsoft.Azure.Management.Storage.Fluent.StorageManagementClient/1.4.1.0",
          "MacAddressHash/9254a221412e5d3ef68e592d30236823a9c8f75cbf51c09c906f797cd005474a"
        ]
      },
      "ResponseBody": "",
      "ResponseHeaders": {
        "Content-Length": [
          "0"
        ],
        "Expires": [
          "-1"
        ],
        "Cache-Control": [
          "no-cache"
        ],
        "Date": [
          "Sun, 24 Dec 2017 05:25:42 GMT"
        ],
        "Pragma": [
          "no-cache"
        ],
        "Location": [
          "https://management.azure.com/subscriptions/0b1f6471-1bf0-4dda-aec3-cb9272f09590/providers/Microsoft.Storage/locations/eastus/asyncoperations/832ab80b-f996-4260-9dc7-c16f758e44e9?monitor=true&api-version=2016-01-01"
        ],
        "Retry-After": [
          "17"
        ],
        "Server": [
          "Microsoft-Azure-Storage-Resource-Provider/1.0",
          "Microsoft-HTTPAPI/2.0"
        ],
        "x-ms-ratelimit-remaining-subscription-writes": [
          "1190"
        ],
        "x-ms-request-id": [
          "ab70a480-0404-4722-91c4-589ef27a6e3c"
        ],
        "x-ms-correlation-request-id": [
          "ab70a480-0404-4722-91c4-589ef27a6e3c"
        ],
        "x-ms-routing-request-id": [
          "WESTUS2:20171224T052542Z:ab70a480-0404-4722-91c4-589ef27a6e3c"
        ],
        "Strict-Transport-Security": [
          "max-age=31536000; includeSubDomains"
        ]
      },
      "StatusCode": 202
    },
    {
      "RequestUri": "/subscriptions/0b1f6471-1bf0-4dda-aec3-cb9272f09590/resourceGroups/rgfluentchash-4040/providers/Microsoft.Network/publicIPAddresses/pip12339fef?api-version=2017-08-01",
      "EncodedRequestUri": "L3N1YnNjcmlwdGlvbnMvMGIxZjY0NzEtMWJmMC00ZGRhLWFlYzMtY2I5MjcyZjA5NTkwL3Jlc291cmNlR3JvdXBzL3JnZmx1ZW50Y2hhc2gtNDA0MC9wcm92aWRlcnMvTWljcm9zb2Z0Lk5ldHdvcmsvcHVibGljSVBBZGRyZXNzZXMvcGlwMTIzMzlmZWY/YXBpLXZlcnNpb249MjAxNy0wOC0wMQ==",
      "RequestMethod": "PUT",
      "RequestBody": "{\r\n  \"properties\": {\r\n    \"dnsSettings\": {\r\n      \"domainNameLabel\": \"pipe2797287e91c\"\r\n    }\r\n  },\r\n  \"location\": \"eastus\",\r\n  \"tags\": {}\r\n}",
      "RequestHeaders": {
        "Content-Type": [
          "application/json; charset=utf-8"
        ],
        "Content-Length": [
          "141"
        ],
        "x-ms-client-request-id": [
          "62f3d706-c06d-4944-9b7b-4d1d61fdcd2e"
        ],
        "accept-language": [
          "en-US"
        ],
        "User-Agent": [
          "FxVersion/4.6.25211.01",
          "Microsoft.Azure.Management.Network.Fluent.NetworkManagementClient/1.4.1.0",
          "MacAddressHash/9254a221412e5d3ef68e592d30236823a9c8f75cbf51c09c906f797cd005474a"
        ]
      },
      "ResponseBody": "{\r\n  \"name\": \"pip12339fef\",\r\n  \"id\": \"/subscriptions/0b1f6471-1bf0-4dda-aec3-cb9272f09590/resourceGroups/rgfluentchash-4040/providers/Microsoft.Network/publicIPAddresses/pip12339fef\",\r\n  \"etag\": \"W/\\\"6c7e9e85-ab3d-40a1-9abf-2d602c44fdea\\\"\",\r\n  \"location\": \"eastus\",\r\n  \"tags\": {},\r\n  \"properties\": {\r\n    \"provisioningState\": \"Updating\",\r\n    \"resourceGuid\": \"b9db361c-0610-41e0-8bc0-3df6bbbf405f\",\r\n    \"publicIPAddressVersion\": \"IPv4\",\r\n    \"publicIPAllocationMethod\": \"Dynamic\",\r\n    \"idleTimeoutInMinutes\": 4,\r\n    \"dnsSettings\": {\r\n      \"domainNameLabel\": \"pipe2797287e91c\",\r\n      \"fqdn\": \"pipe2797287e91c.eastus.cloudapp.azure.com\"\r\n    }\r\n  },\r\n  \"type\": \"Microsoft.Network/publicIPAddresses\",\r\n  \"sku\": {\r\n    \"name\": \"Basic\"\r\n  }\r\n}",
      "ResponseHeaders": {
        "Content-Length": [
          "743"
        ],
        "Content-Type": [
          "application/json; charset=utf-8"
        ],
        "Expires": [
          "-1"
        ],
        "Cache-Control": [
          "no-cache"
        ],
        "Date": [
          "Sun, 24 Dec 2017 05:25:44 GMT"
        ],
        "Pragma": [
          "no-cache"
        ],
        "Retry-After": [
          "3"
        ],
        "Server": [
          "Microsoft-HTTPAPI/2.0",
          "Microsoft-HTTPAPI/2.0"
        ],
        "x-ms-request-id": [
          "87e8ce43-2ab8-4d7a-827d-315803599da2"
        ],
        "Azure-AsyncOperation": [
          "https://management.azure.com/subscriptions/0b1f6471-1bf0-4dda-aec3-cb9272f09590/providers/Microsoft.Network/locations/eastus/operations/87e8ce43-2ab8-4d7a-827d-315803599da2?api-version=2017-08-01"
        ],
        "Strict-Transport-Security": [
          "max-age=31536000; includeSubDomains"
        ],
        "x-ms-ratelimit-remaining-subscription-writes": [
          "1190"
        ],
        "x-ms-correlation-request-id": [
          "5b503fdd-fe19-43f7-bf6a-f5a8d61c2bb4"
        ],
        "x-ms-routing-request-id": [
          "WESTUS2:20171224T052544Z:5b503fdd-fe19-43f7-bf6a-f5a8d61c2bb4"
        ]
      },
      "StatusCode": 201
    },
    {
      "RequestUri": "/subscriptions/0b1f6471-1bf0-4dda-aec3-cb9272f09590/providers/Microsoft.Network/locations/eastus/operations/72b12893-6ed2-4305-a266-801dd849babb?api-version=2017-08-01",
      "EncodedRequestUri": "L3N1YnNjcmlwdGlvbnMvMGIxZjY0NzEtMWJmMC00ZGRhLWFlYzMtY2I5MjcyZjA5NTkwL3Byb3ZpZGVycy9NaWNyb3NvZnQuTmV0d29yay9sb2NhdGlvbnMvZWFzdHVzL29wZXJhdGlvbnMvNzJiMTI4OTMtNmVkMi00MzA1LWEyNjYtODAxZGQ4NDliYWJiP2FwaS12ZXJzaW9uPTIwMTctMDgtMDE=",
      "RequestMethod": "GET",
      "RequestBody": "",
      "RequestHeaders": {
        "User-Agent": [
          "FxVersion/4.6.25211.01",
          "Microsoft.Azure.Management.Network.Fluent.NetworkManagementClient/1.4.1.0",
          "MacAddressHash/9254a221412e5d3ef68e592d30236823a9c8f75cbf51c09c906f797cd005474a"
        ]
      },
      "ResponseBody": "{\r\n  \"status\": \"Succeeded\"\r\n}",
      "ResponseHeaders": {
        "Content-Type": [
          "application/json; charset=utf-8"
        ],
        "Expires": [
          "-1"
        ],
        "Cache-Control": [
          "no-cache"
        ],
        "Date": [
          "Sun, 24 Dec 2017 05:25:52 GMT"
        ],
        "Pragma": [
          "no-cache"
        ],
        "Transfer-Encoding": [
          "chunked"
        ],
        "Server": [
          "Microsoft-HTTPAPI/2.0",
          "Microsoft-HTTPAPI/2.0"
        ],
        "Vary": [
          "Accept-Encoding"
        ],
        "x-ms-request-id": [
          "72b38c0e-d74c-48fb-b60e-e325e7000ddf"
        ],
        "Strict-Transport-Security": [
          "max-age=31536000; includeSubDomains"
        ],
        "x-ms-ratelimit-remaining-subscription-reads": [
          "14991"
        ],
        "x-ms-correlation-request-id": [
          "67c676c9-ba29-4bb9-853d-2f5ebbd9f4be"
        ],
        "x-ms-routing-request-id": [
          "WESTUS2:20171224T052552Z:67c676c9-ba29-4bb9-853d-2f5ebbd9f4be"
        ]
      },
      "StatusCode": 200
    },
    {
      "RequestUri": "/subscriptions/0b1f6471-1bf0-4dda-aec3-cb9272f09590/resourceGroups/rgfluentchash-4040/providers/Microsoft.Network/virtualNetworks/vnet57a23863432e?api-version=2017-08-01",
      "EncodedRequestUri": "L3N1YnNjcmlwdGlvbnMvMGIxZjY0NzEtMWJmMC00ZGRhLWFlYzMtY2I5MjcyZjA5NTkwL3Jlc291cmNlR3JvdXBzL3JnZmx1ZW50Y2hhc2gtNDA0MC9wcm92aWRlcnMvTWljcm9zb2Z0Lk5ldHdvcmsvdmlydHVhbE5ldHdvcmtzL3ZuZXQ1N2EyMzg2MzQzMmU/YXBpLXZlcnNpb249MjAxNy0wOC0wMQ==",
      "RequestMethod": "GET",
      "RequestBody": "",
      "RequestHeaders": {
        "User-Agent": [
          "FxVersion/4.6.25211.01",
          "Microsoft.Azure.Management.Network.Fluent.NetworkManagementClient/1.4.1.0",
          "MacAddressHash/9254a221412e5d3ef68e592d30236823a9c8f75cbf51c09c906f797cd005474a"
        ]
      },
      "ResponseBody": "{\r\n  \"name\": \"vnet57a23863432e\",\r\n  \"id\": \"/subscriptions/0b1f6471-1bf0-4dda-aec3-cb9272f09590/resourceGroups/rgfluentchash-4040/providers/Microsoft.Network/virtualNetworks/vnet57a23863432e\",\r\n  \"etag\": \"W/\\\"bf35f283-abdc-4079-a299-9dee5f0525e4\\\"\",\r\n  \"type\": \"Microsoft.Network/virtualNetworks\",\r\n  \"location\": \"eastus\",\r\n  \"tags\": {},\r\n  \"properties\": {\r\n    \"provisioningState\": \"Succeeded\",\r\n    \"resourceGuid\": \"9f4cc1f6-3a82-43bc-aa0c-1a3f326cfd49\",\r\n    \"addressSpace\": {\r\n      \"addressPrefixes\": [\r\n        \"10.0.0.0/28\"\r\n      ]\r\n    },\r\n    \"dhcpOptions\": {\r\n      \"dnsServers\": []\r\n    },\r\n    \"subnets\": [\r\n      {\r\n        \"name\": \"subnet1\",\r\n        \"id\": \"/subscriptions/0b1f6471-1bf0-4dda-aec3-cb9272f09590/resourceGroups/rgfluentchash-4040/providers/Microsoft.Network/virtualNetworks/vnet57a23863432e/subnets/subnet1\",\r\n        \"etag\": \"W/\\\"bf35f283-abdc-4079-a299-9dee5f0525e4\\\"\",\r\n        \"properties\": {\r\n          \"provisioningState\": \"Succeeded\",\r\n          \"addressPrefix\": \"10.0.0.0/28\"\r\n        }\r\n      }\r\n    ],\r\n    \"virtualNetworkPeerings\": [],\r\n    \"enableDdosProtection\": false,\r\n    \"enableVmProtection\": false\r\n  }\r\n}",
      "ResponseHeaders": {
        "Content-Type": [
          "application/json; charset=utf-8"
        ],
        "Expires": [
          "-1"
        ],
        "Cache-Control": [
          "no-cache"
        ],
        "Date": [
          "Sun, 24 Dec 2017 05:25:52 GMT"
        ],
        "Pragma": [
          "no-cache"
        ],
        "Transfer-Encoding": [
          "chunked"
        ],
        "ETag": [
          "W/\"bf35f283-abdc-4079-a299-9dee5f0525e4\""
        ],
        "Server": [
          "Microsoft-HTTPAPI/2.0",
          "Microsoft-HTTPAPI/2.0"
        ],
        "Vary": [
          "Accept-Encoding"
        ],
        "x-ms-request-id": [
          "89802fa2-3509-47e6-b61d-235c33444799"
        ],
        "Strict-Transport-Security": [
          "max-age=31536000; includeSubDomains"
        ],
        "x-ms-ratelimit-remaining-subscription-reads": [
          "14486"
        ],
        "x-ms-correlation-request-id": [
          "7729daff-e4a8-44aa-97c5-850611836ee5"
        ],
        "x-ms-routing-request-id": [
          "WESTUS2:20171224T052553Z:7729daff-e4a8-44aa-97c5-850611836ee5"
        ]
      },
      "StatusCode": 200
    },
    {
      "RequestUri": "/subscriptions/0b1f6471-1bf0-4dda-aec3-cb9272f09590/providers/Microsoft.Network/locations/eastus/operations/87e8ce43-2ab8-4d7a-827d-315803599da2?api-version=2017-08-01",
      "EncodedRequestUri": "L3N1YnNjcmlwdGlvbnMvMGIxZjY0NzEtMWJmMC00ZGRhLWFlYzMtY2I5MjcyZjA5NTkwL3Byb3ZpZGVycy9NaWNyb3NvZnQuTmV0d29yay9sb2NhdGlvbnMvZWFzdHVzL29wZXJhdGlvbnMvODdlOGNlNDMtMmFiOC00ZDdhLTgyN2QtMzE1ODAzNTk5ZGEyP2FwaS12ZXJzaW9uPTIwMTctMDgtMDE=",
      "RequestMethod": "GET",
      "RequestBody": "",
      "RequestHeaders": {
        "User-Agent": [
          "FxVersion/4.6.25211.01",
          "Microsoft.Azure.Management.Network.Fluent.NetworkManagementClient/1.4.1.0",
          "MacAddressHash/9254a221412e5d3ef68e592d30236823a9c8f75cbf51c09c906f797cd005474a"
        ]
      },
      "ResponseBody": "{\r\n  \"status\": \"Succeeded\"\r\n}",
      "ResponseHeaders": {
        "Content-Type": [
          "application/json; charset=utf-8"
        ],
        "Expires": [
          "-1"
        ],
        "Cache-Control": [
          "no-cache"
        ],
        "Date": [
          "Sun, 24 Dec 2017 05:25:55 GMT"
        ],
        "Pragma": [
          "no-cache"
        ],
        "Transfer-Encoding": [
          "chunked"
        ],
        "Server": [
          "Microsoft-HTTPAPI/2.0",
          "Microsoft-HTTPAPI/2.0"
        ],
        "Vary": [
          "Accept-Encoding"
        ],
        "x-ms-request-id": [
          "48da52f6-6fe1-4e28-ac63-2455fd280a7d"
        ],
        "Strict-Transport-Security": [
          "max-age=31536000; includeSubDomains"
        ],
        "x-ms-ratelimit-remaining-subscription-reads": [
          "14979"
        ],
        "x-ms-correlation-request-id": [
          "97f8e04f-a471-4f79-86ed-f5df5b4462b6"
        ],
        "x-ms-routing-request-id": [
          "WESTUS2:20171224T052555Z:97f8e04f-a471-4f79-86ed-f5df5b4462b6"
        ]
      },
      "StatusCode": 200
    },
    {
      "RequestUri": "/subscriptions/0b1f6471-1bf0-4dda-aec3-cb9272f09590/resourceGroups/rgfluentchash-4040/providers/Microsoft.Network/publicIPAddresses/pip12339fef?api-version=2017-08-01",
      "EncodedRequestUri": "L3N1YnNjcmlwdGlvbnMvMGIxZjY0NzEtMWJmMC00ZGRhLWFlYzMtY2I5MjcyZjA5NTkwL3Jlc291cmNlR3JvdXBzL3JnZmx1ZW50Y2hhc2gtNDA0MC9wcm92aWRlcnMvTWljcm9zb2Z0Lk5ldHdvcmsvcHVibGljSVBBZGRyZXNzZXMvcGlwMTIzMzlmZWY/YXBpLXZlcnNpb249MjAxNy0wOC0wMQ==",
      "RequestMethod": "GET",
      "RequestBody": "",
      "RequestHeaders": {
        "User-Agent": [
          "FxVersion/4.6.25211.01",
          "Microsoft.Azure.Management.Network.Fluent.NetworkManagementClient/1.4.1.0",
          "MacAddressHash/9254a221412e5d3ef68e592d30236823a9c8f75cbf51c09c906f797cd005474a"
        ]
      },
      "ResponseBody": "{\r\n  \"name\": \"pip12339fef\",\r\n  \"id\": \"/subscriptions/0b1f6471-1bf0-4dda-aec3-cb9272f09590/resourceGroups/rgfluentchash-4040/providers/Microsoft.Network/publicIPAddresses/pip12339fef\",\r\n  \"etag\": \"W/\\\"63af1b64-6317-4273-9269-45fcd83a4d85\\\"\",\r\n  \"location\": \"eastus\",\r\n  \"tags\": {},\r\n  \"properties\": {\r\n    \"provisioningState\": \"Succeeded\",\r\n    \"resourceGuid\": \"b9db361c-0610-41e0-8bc0-3df6bbbf405f\",\r\n    \"publicIPAddressVersion\": \"IPv4\",\r\n    \"publicIPAllocationMethod\": \"Dynamic\",\r\n    \"idleTimeoutInMinutes\": 4,\r\n    \"dnsSettings\": {\r\n      \"domainNameLabel\": \"pipe2797287e91c\",\r\n      \"fqdn\": \"pipe2797287e91c.eastus.cloudapp.azure.com\"\r\n    }\r\n  },\r\n  \"type\": \"Microsoft.Network/publicIPAddresses\",\r\n  \"sku\": {\r\n    \"name\": \"Basic\"\r\n  }\r\n}",
      "ResponseHeaders": {
        "Content-Type": [
          "application/json; charset=utf-8"
        ],
        "Expires": [
          "-1"
        ],
        "Cache-Control": [
          "no-cache"
        ],
        "Date": [
          "Sun, 24 Dec 2017 05:25:55 GMT"
        ],
        "Pragma": [
          "no-cache"
        ],
        "Transfer-Encoding": [
          "chunked"
        ],
        "ETag": [
          "W/\"63af1b64-6317-4273-9269-45fcd83a4d85\""
        ],
        "Server": [
          "Microsoft-HTTPAPI/2.0",
          "Microsoft-HTTPAPI/2.0"
        ],
        "Vary": [
          "Accept-Encoding"
        ],
        "x-ms-request-id": [
          "233e1fd9-8584-46a3-8e63-034b76bff8e0"
        ],
        "Strict-Transport-Security": [
          "max-age=31536000; includeSubDomains"
        ],
        "x-ms-ratelimit-remaining-subscription-reads": [
          "14990"
        ],
        "x-ms-correlation-request-id": [
          "acef8f59-ca56-4ada-80a2-d8fa1d186d1f"
        ],
        "x-ms-routing-request-id": [
          "WESTUS2:20171224T052555Z:acef8f59-ca56-4ada-80a2-d8fa1d186d1f"
        ]
      },
      "StatusCode": 200
    },
    {
      "RequestUri": "/subscriptions/0b1f6471-1bf0-4dda-aec3-cb9272f09590/resourceGroups/rgfluentchash-4040/providers/Microsoft.Network/publicIPAddresses/pip12339fef?api-version=2017-08-01",
      "EncodedRequestUri": "L3N1YnNjcmlwdGlvbnMvMGIxZjY0NzEtMWJmMC00ZGRhLWFlYzMtY2I5MjcyZjA5NTkwL3Jlc291cmNlR3JvdXBzL3JnZmx1ZW50Y2hhc2gtNDA0MC9wcm92aWRlcnMvTWljcm9zb2Z0Lk5ldHdvcmsvcHVibGljSVBBZGRyZXNzZXMvcGlwMTIzMzlmZWY/YXBpLXZlcnNpb249MjAxNy0wOC0wMQ==",
      "RequestMethod": "GET",
      "RequestBody": "",
      "RequestHeaders": {
        "x-ms-client-request-id": [
          "868fe5ae-15e4-47f0-adb5-f07902f88dc6"
        ],
        "accept-language": [
          "en-US"
        ],
        "User-Agent": [
          "FxVersion/4.6.25211.01",
          "Microsoft.Azure.Management.Network.Fluent.NetworkManagementClient/1.4.1.0",
          "MacAddressHash/9254a221412e5d3ef68e592d30236823a9c8f75cbf51c09c906f797cd005474a"
        ]
      },
      "ResponseBody": "{\r\n  \"name\": \"pip12339fef\",\r\n  \"id\": \"/subscriptions/0b1f6471-1bf0-4dda-aec3-cb9272f09590/resourceGroups/rgfluentchash-4040/providers/Microsoft.Network/publicIPAddresses/pip12339fef\",\r\n  \"etag\": \"W/\\\"8ae5bc4c-39cd-420e-b46e-7b131da6adbc\\\"\",\r\n  \"location\": \"eastus\",\r\n  \"tags\": {},\r\n  \"properties\": {\r\n    \"provisioningState\": \"Succeeded\",\r\n    \"resourceGuid\": \"b9db361c-0610-41e0-8bc0-3df6bbbf405f\",\r\n    \"ipAddress\": \"52.168.81.164\",\r\n    \"publicIPAddressVersion\": \"IPv4\",\r\n    \"publicIPAllocationMethod\": \"Dynamic\",\r\n    \"idleTimeoutInMinutes\": 4,\r\n    \"dnsSettings\": {\r\n      \"domainNameLabel\": \"pipe2797287e91c\",\r\n      \"fqdn\": \"pipe2797287e91c.eastus.cloudapp.azure.com\"\r\n    },\r\n    \"ipConfiguration\": {\r\n      \"id\": \"/subscriptions/0b1f6471-1bf0-4dda-aec3-cb9272f09590/resourceGroups/rgfluentchash-4040/providers/Microsoft.Network/networkInterfaces/nic6483121a682/ipConfigurations/primary\"\r\n    }\r\n  },\r\n  \"type\": \"Microsoft.Network/publicIPAddresses\",\r\n  \"sku\": {\r\n    \"name\": \"Basic\"\r\n  }\r\n}",
      "ResponseHeaders": {
        "Content-Type": [
          "application/json; charset=utf-8"
        ],
        "Expires": [
          "-1"
        ],
        "Cache-Control": [
          "no-cache"
        ],
        "Date": [
          "Sun, 24 Dec 2017 05:28:07 GMT"
        ],
        "Pragma": [
          "no-cache"
        ],
        "Transfer-Encoding": [
          "chunked"
        ],
        "ETag": [
          "W/\"8ae5bc4c-39cd-420e-b46e-7b131da6adbc\""
        ],
        "Server": [
          "Microsoft-HTTPAPI/2.0",
          "Microsoft-HTTPAPI/2.0"
        ],
        "Vary": [
          "Accept-Encoding"
        ],
        "x-ms-request-id": [
          "de7ce51e-e842-4da1-a229-5bdf15c7c8f4"
        ],
        "Strict-Transport-Security": [
          "max-age=31536000; includeSubDomains"
        ],
        "x-ms-ratelimit-remaining-subscription-reads": [
          "14982"
        ],
        "x-ms-correlation-request-id": [
          "66c8a365-1aca-48b7-bec4-a37d2f15a4fb"
        ],
        "x-ms-routing-request-id": [
          "WESTUS2:20171224T052808Z:66c8a365-1aca-48b7-bec4-a37d2f15a4fb"
        ]
      },
      "StatusCode": 200
    },
    {
      "RequestUri": "/subscriptions/0b1f6471-1bf0-4dda-aec3-cb9272f09590/resourceGroups/rgfluentchash-4040/providers/Microsoft.Network/networkInterfaces/nic6483121a682?api-version=2017-08-01",
      "EncodedRequestUri": "L3N1YnNjcmlwdGlvbnMvMGIxZjY0NzEtMWJmMC00ZGRhLWFlYzMtY2I5MjcyZjA5NTkwL3Jlc291cmNlR3JvdXBzL3JnZmx1ZW50Y2hhc2gtNDA0MC9wcm92aWRlcnMvTWljcm9zb2Z0Lk5ldHdvcmsvbmV0d29ya0ludGVyZmFjZXMvbmljNjQ4MzEyMWE2ODI/YXBpLXZlcnNpb249MjAxNy0wOC0wMQ==",
      "RequestMethod": "PUT",
      "RequestBody": "{\r\n  \"properties\": {\r\n    \"ipConfigurations\": [\r\n      {\r\n        \"properties\": {\r\n          \"privateIPAllocationMethod\": \"Dynamic\",\r\n          \"subnet\": {\r\n            \"id\": \"/subscriptions/0b1f6471-1bf0-4dda-aec3-cb9272f09590/resourceGroups/rgfluentchash-4040/providers/Microsoft.Network/virtualNetworks/vnet57a23863432e/subnets/subnet1\"\r\n          },\r\n          \"primary\": true,\r\n          \"publicIPAddress\": {\r\n            \"id\": \"/subscriptions/0b1f6471-1bf0-4dda-aec3-cb9272f09590/resourceGroups/rgfluentchash-4040/providers/Microsoft.Network/publicIPAddresses/pip12339fef\"\r\n          }\r\n        },\r\n        \"name\": \"primary\"\r\n      }\r\n    ],\r\n    \"dnsSettings\": {}\r\n  },\r\n  \"location\": \"eastus\",\r\n  \"tags\": {}\r\n}",
      "RequestHeaders": {
        "Content-Type": [
          "application/json; charset=utf-8"
        ],
        "Content-Length": [
          "718"
        ],
        "x-ms-client-request-id": [
          "07ed81c4-ef8a-4939-9592-a028032278fe"
        ],
        "accept-language": [
          "en-US"
        ],
        "User-Agent": [
          "FxVersion/4.6.25211.01",
          "Microsoft.Azure.Management.Network.Fluent.NetworkManagementClient/1.4.1.0",
          "MacAddressHash/9254a221412e5d3ef68e592d30236823a9c8f75cbf51c09c906f797cd005474a"
        ]
      },
      "ResponseBody": "{\r\n  \"name\": \"nic6483121a682\",\r\n  \"id\": \"/subscriptions/0b1f6471-1bf0-4dda-aec3-cb9272f09590/resourceGroups/rgfluentchash-4040/providers/Microsoft.Network/networkInterfaces/nic6483121a682\",\r\n  \"etag\": \"W/\\\"8e83fed6-547e-4c08-b6ae-595f3cdf576a\\\"\",\r\n  \"location\": \"eastus\",\r\n  \"tags\": {},\r\n  \"properties\": {\r\n    \"provisioningState\": \"Succeeded\",\r\n    \"resourceGuid\": \"f2abc78c-4c8c-4e5c-ab9e-ada567db8dd9\",\r\n    \"ipConfigurations\": [\r\n      {\r\n        \"name\": \"primary\",\r\n        \"id\": \"/subscriptions/0b1f6471-1bf0-4dda-aec3-cb9272f09590/resourceGroups/rgfluentchash-4040/providers/Microsoft.Network/networkInterfaces/nic6483121a682/ipConfigurations/primary\",\r\n        \"etag\": \"W/\\\"8e83fed6-547e-4c08-b6ae-595f3cdf576a\\\"\",\r\n        \"properties\": {\r\n          \"provisioningState\": \"Succeeded\",\r\n          \"privateIPAddress\": \"10.0.0.4\",\r\n          \"privateIPAllocationMethod\": \"Dynamic\",\r\n          \"publicIPAddress\": {\r\n            \"id\": \"/subscriptions/0b1f6471-1bf0-4dda-aec3-cb9272f09590/resourceGroups/rgfluentchash-4040/providers/Microsoft.Network/publicIPAddresses/pip12339fef\"\r\n          },\r\n          \"subnet\": {\r\n            \"id\": \"/subscriptions/0b1f6471-1bf0-4dda-aec3-cb9272f09590/resourceGroups/rgfluentchash-4040/providers/Microsoft.Network/virtualNetworks/vnet57a23863432e/subnets/subnet1\"\r\n          },\r\n          \"primary\": true,\r\n          \"privateIPAddressVersion\": \"IPv4\"\r\n        }\r\n      }\r\n    ],\r\n    \"dnsSettings\": {\r\n      \"dnsServers\": [],\r\n      \"appliedDnsServers\": [],\r\n      \"internalDomainNameSuffix\": \"41auzh2chk4ehkqmdi5te1h3jb.bx.internal.cloudapp.net\"\r\n    },\r\n    \"enableAcceleratedNetworking\": false,\r\n    \"enableIPForwarding\": false\r\n  },\r\n  \"type\": \"Microsoft.Network/networkInterfaces\"\r\n}",
      "ResponseHeaders": {
        "Content-Length": [
          "1729"
        ],
        "Content-Type": [
          "application/json; charset=utf-8"
        ],
        "Expires": [
          "-1"
        ],
        "Cache-Control": [
          "no-cache"
        ],
        "Date": [
          "Sun, 24 Dec 2017 05:25:56 GMT"
        ],
        "Pragma": [
          "no-cache"
        ],
        "Server": [
          "Microsoft-HTTPAPI/2.0",
          "Microsoft-HTTPAPI/2.0"
        ],
        "x-ms-request-id": [
          "16727f77-9fb4-40e9-a6a8-ec369f87c74e"
        ],
        "Azure-AsyncOperation": [
          "https://management.azure.com/subscriptions/0b1f6471-1bf0-4dda-aec3-cb9272f09590/providers/Microsoft.Network/locations/eastus/operations/16727f77-9fb4-40e9-a6a8-ec369f87c74e?api-version=2017-08-01"
        ],
        "Strict-Transport-Security": [
          "max-age=31536000; includeSubDomains"
        ],
        "x-ms-ratelimit-remaining-subscription-writes": [
          "1189"
        ],
        "x-ms-correlation-request-id": [
          "ce455aee-5303-43d8-bbaf-fbc6d8361b69"
        ],
        "x-ms-routing-request-id": [
          "WESTUS2:20171224T052557Z:ce455aee-5303-43d8-bbaf-fbc6d8361b69"
        ]
      },
      "StatusCode": 201
    },
    {
      "RequestUri": "/subscriptions/0b1f6471-1bf0-4dda-aec3-cb9272f09590/resourceGroups/rgfluentchash-4040/providers/Microsoft.Network/networkInterfaces/nic6483121a682?api-version=2017-08-01",
      "EncodedRequestUri": "L3N1YnNjcmlwdGlvbnMvMGIxZjY0NzEtMWJmMC00ZGRhLWFlYzMtY2I5MjcyZjA5NTkwL3Jlc291cmNlR3JvdXBzL3JnZmx1ZW50Y2hhc2gtNDA0MC9wcm92aWRlcnMvTWljcm9zb2Z0Lk5ldHdvcmsvbmV0d29ya0ludGVyZmFjZXMvbmljNjQ4MzEyMWE2ODI/YXBpLXZlcnNpb249MjAxNy0wOC0wMQ==",
      "RequestMethod": "GET",
      "RequestBody": "",
      "RequestHeaders": {
        "User-Agent": [
          "FxVersion/4.6.25211.01",
          "Microsoft.Azure.Management.Network.Fluent.NetworkManagementClient/1.4.1.0",
          "MacAddressHash/9254a221412e5d3ef68e592d30236823a9c8f75cbf51c09c906f797cd005474a"
        ]
      },
      "ResponseBody": "{\r\n  \"name\": \"nic6483121a682\",\r\n  \"id\": \"/subscriptions/0b1f6471-1bf0-4dda-aec3-cb9272f09590/resourceGroups/rgfluentchash-4040/providers/Microsoft.Network/networkInterfaces/nic6483121a682\",\r\n  \"etag\": \"W/\\\"8e83fed6-547e-4c08-b6ae-595f3cdf576a\\\"\",\r\n  \"location\": \"eastus\",\r\n  \"tags\": {},\r\n  \"properties\": {\r\n    \"provisioningState\": \"Succeeded\",\r\n    \"resourceGuid\": \"f2abc78c-4c8c-4e5c-ab9e-ada567db8dd9\",\r\n    \"ipConfigurations\": [\r\n      {\r\n        \"name\": \"primary\",\r\n        \"id\": \"/subscriptions/0b1f6471-1bf0-4dda-aec3-cb9272f09590/resourceGroups/rgfluentchash-4040/providers/Microsoft.Network/networkInterfaces/nic6483121a682/ipConfigurations/primary\",\r\n        \"etag\": \"W/\\\"8e83fed6-547e-4c08-b6ae-595f3cdf576a\\\"\",\r\n        \"properties\": {\r\n          \"provisioningState\": \"Succeeded\",\r\n          \"privateIPAddress\": \"10.0.0.4\",\r\n          \"privateIPAllocationMethod\": \"Dynamic\",\r\n          \"publicIPAddress\": {\r\n            \"id\": \"/subscriptions/0b1f6471-1bf0-4dda-aec3-cb9272f09590/resourceGroups/rgfluentchash-4040/providers/Microsoft.Network/publicIPAddresses/pip12339fef\"\r\n          },\r\n          \"subnet\": {\r\n            \"id\": \"/subscriptions/0b1f6471-1bf0-4dda-aec3-cb9272f09590/resourceGroups/rgfluentchash-4040/providers/Microsoft.Network/virtualNetworks/vnet57a23863432e/subnets/subnet1\"\r\n          },\r\n          \"primary\": true,\r\n          \"privateIPAddressVersion\": \"IPv4\"\r\n        }\r\n      }\r\n    ],\r\n    \"dnsSettings\": {\r\n      \"dnsServers\": [],\r\n      \"appliedDnsServers\": [],\r\n      \"internalDomainNameSuffix\": \"41auzh2chk4ehkqmdi5te1h3jb.bx.internal.cloudapp.net\"\r\n    },\r\n    \"enableAcceleratedNetworking\": false,\r\n    \"enableIPForwarding\": false\r\n  },\r\n  \"type\": \"Microsoft.Network/networkInterfaces\"\r\n}",
      "ResponseHeaders": {
        "Content-Type": [
          "application/json; charset=utf-8"
        ],
        "Expires": [
          "-1"
        ],
        "Cache-Control": [
          "no-cache"
        ],
        "Date": [
          "Sun, 24 Dec 2017 05:25:57 GMT"
        ],
        "Pragma": [
          "no-cache"
        ],
        "Transfer-Encoding": [
          "chunked"
        ],
        "ETag": [
          "W/\"8e83fed6-547e-4c08-b6ae-595f3cdf576a\""
        ],
        "Server": [
          "Microsoft-HTTPAPI/2.0",
          "Microsoft-HTTPAPI/2.0"
        ],
        "Vary": [
          "Accept-Encoding"
        ],
        "x-ms-request-id": [
          "37be623a-1fec-4068-8e17-3a980a2236b9"
        ],
        "Strict-Transport-Security": [
          "max-age=31536000; includeSubDomains"
        ],
        "x-ms-ratelimit-remaining-subscription-reads": [
          "14978"
        ],
        "x-ms-correlation-request-id": [
          "2e1d4684-dc43-4d41-9d2a-1ec7fd361889"
        ],
        "x-ms-routing-request-id": [
          "WESTUS2:20171224T052557Z:2e1d4684-dc43-4d41-9d2a-1ec7fd361889"
        ]
      },
      "StatusCode": 200
    },
    {
      "RequestUri": "/subscriptions/0b1f6471-1bf0-4dda-aec3-cb9272f09590/resourceGroups/rgfluentchash-4040/providers/Microsoft.Network/networkInterfaces/nic6483121a682?api-version=2017-08-01",
      "EncodedRequestUri": "L3N1YnNjcmlwdGlvbnMvMGIxZjY0NzEtMWJmMC00ZGRhLWFlYzMtY2I5MjcyZjA5NTkwL3Jlc291cmNlR3JvdXBzL3JnZmx1ZW50Y2hhc2gtNDA0MC9wcm92aWRlcnMvTWljcm9zb2Z0Lk5ldHdvcmsvbmV0d29ya0ludGVyZmFjZXMvbmljNjQ4MzEyMWE2ODI/YXBpLXZlcnNpb249MjAxNy0wOC0wMQ==",
      "RequestMethod": "GET",
      "RequestBody": "",
      "RequestHeaders": {
        "x-ms-client-request-id": [
          "6dfd5f49-ad33-43f3-a301-485be5ac0879"
        ],
        "accept-language": [
          "en-US"
        ],
        "User-Agent": [
          "FxVersion/4.6.25211.01",
          "Microsoft.Azure.Management.Network.Fluent.NetworkManagementClient/1.4.1.0",
          "MacAddressHash/9254a221412e5d3ef68e592d30236823a9c8f75cbf51c09c906f797cd005474a"
        ]
      },
      "ResponseBody": "{\r\n  \"name\": \"nic6483121a682\",\r\n  \"id\": \"/subscriptions/0b1f6471-1bf0-4dda-aec3-cb9272f09590/resourceGroups/rgfluentchash-4040/providers/Microsoft.Network/networkInterfaces/nic6483121a682\",\r\n  \"etag\": \"W/\\\"dc524296-766b-4ecc-a695-68d692310c89\\\"\",\r\n  \"location\": \"eastus\",\r\n  \"tags\": {},\r\n  \"properties\": {\r\n    \"provisioningState\": \"Succeeded\",\r\n    \"resourceGuid\": \"f2abc78c-4c8c-4e5c-ab9e-ada567db8dd9\",\r\n    \"ipConfigurations\": [\r\n      {\r\n        \"name\": \"primary\",\r\n        \"id\": \"/subscriptions/0b1f6471-1bf0-4dda-aec3-cb9272f09590/resourceGroups/rgfluentchash-4040/providers/Microsoft.Network/networkInterfaces/nic6483121a682/ipConfigurations/primary\",\r\n        \"etag\": \"W/\\\"dc524296-766b-4ecc-a695-68d692310c89\\\"\",\r\n        \"properties\": {\r\n          \"provisioningState\": \"Succeeded\",\r\n          \"privateIPAddress\": \"10.0.0.4\",\r\n          \"privateIPAllocationMethod\": \"Dynamic\",\r\n          \"publicIPAddress\": {\r\n            \"id\": \"/subscriptions/0b1f6471-1bf0-4dda-aec3-cb9272f09590/resourceGroups/rgfluentchash-4040/providers/Microsoft.Network/publicIPAddresses/pip12339fef\"\r\n          },\r\n          \"subnet\": {\r\n            \"id\": \"/subscriptions/0b1f6471-1bf0-4dda-aec3-cb9272f09590/resourceGroups/rgfluentchash-4040/providers/Microsoft.Network/virtualNetworks/vnet57a23863432e/subnets/subnet1\"\r\n          },\r\n          \"primary\": true,\r\n          \"privateIPAddressVersion\": \"IPv4\"\r\n        }\r\n      }\r\n    ],\r\n    \"dnsSettings\": {\r\n      \"dnsServers\": [],\r\n      \"appliedDnsServers\": [],\r\n      \"internalDomainNameSuffix\": \"41auzh2chk4ehkqmdi5te1h3jb.bx.internal.cloudapp.net\"\r\n    },\r\n    \"macAddress\": \"00-0D-3A-1C-3A-0B\",\r\n    \"enableAcceleratedNetworking\": false,\r\n    \"enableIPForwarding\": false,\r\n    \"primary\": true,\r\n    \"virtualMachine\": {\r\n      \"id\": \"/subscriptions/0b1f6471-1bf0-4dda-aec3-cb9272f09590/resourceGroups/rgfluentchash-4040/providers/Microsoft.Compute/virtualMachines/vm67-8dd94347fbf\"\r\n    }\r\n  },\r\n  \"type\": \"Microsoft.Network/networkInterfaces\"\r\n}",
      "ResponseHeaders": {
        "Content-Type": [
          "application/json; charset=utf-8"
        ],
        "Expires": [
          "-1"
        ],
        "Cache-Control": [
          "no-cache"
        ],
        "Date": [
          "Sun, 24 Dec 2017 05:28:07 GMT"
        ],
        "Pragma": [
          "no-cache"
        ],
        "Transfer-Encoding": [
          "chunked"
        ],
        "ETag": [
          "W/\"dc524296-766b-4ecc-a695-68d692310c89\""
        ],
        "Server": [
          "Microsoft-HTTPAPI/2.0",
          "Microsoft-HTTPAPI/2.0"
        ],
        "Vary": [
          "Accept-Encoding"
        ],
        "x-ms-request-id": [
          "a96a52ee-014b-494c-b07b-cd51fabe62db"
        ],
        "Strict-Transport-Security": [
          "max-age=31536000; includeSubDomains"
        ],
        "x-ms-ratelimit-remaining-subscription-reads": [
          "14983"
        ],
        "x-ms-correlation-request-id": [
          "ae663316-18a8-4295-89ea-a82da2eec4ef"
        ],
        "x-ms-routing-request-id": [
          "WESTUS2:20171224T052807Z:ae663316-18a8-4295-89ea-a82da2eec4ef"
        ]
      },
      "StatusCode": 200
    },
    {
      "RequestUri": "/subscriptions/0b1f6471-1bf0-4dda-aec3-cb9272f09590/providers/Microsoft.Storage/locations/eastus/asyncoperations/832ab80b-f996-4260-9dc7-c16f758e44e9?monitor=true&api-version=2016-01-01",
      "EncodedRequestUri": "L3N1YnNjcmlwdGlvbnMvMGIxZjY0NzEtMWJmMC00ZGRhLWFlYzMtY2I5MjcyZjA5NTkwL3Byb3ZpZGVycy9NaWNyb3NvZnQuU3RvcmFnZS9sb2NhdGlvbnMvZWFzdHVzL2FzeW5jb3BlcmF0aW9ucy84MzJhYjgwYi1mOTk2LTQyNjAtOWRjNy1jMTZmNzU4ZTQ0ZTk/bW9uaXRvcj10cnVlJmFwaS12ZXJzaW9uPTIwMTYtMDEtMDE=",
      "RequestMethod": "GET",
      "RequestBody": "",
      "RequestHeaders": {
        "User-Agent": [
          "FxVersion/4.6.25211.01",
          "Microsoft.Azure.Management.Storage.Fluent.StorageManagementClient/1.4.1.0",
          "MacAddressHash/9254a221412e5d3ef68e592d30236823a9c8f75cbf51c09c906f797cd005474a"
        ]
      },
      "ResponseBody": "{\r\n  \"id\": \"/subscriptions/0b1f6471-1bf0-4dda-aec3-cb9272f09590/resourceGroups/rgfluentchash-4040/providers/Microsoft.Storage/storageAccounts/stg56698829934\",\r\n  \"kind\": \"Storage\",\r\n  \"location\": \"eastus\",\r\n  \"name\": \"stg56698829934\",\r\n  \"properties\": {\r\n    \"creationTime\": \"2017-12-24T05:25:43.0287254Z\",\r\n    \"encryption\": {\r\n      \"keySource\": \"Microsoft.Storage\",\r\n      \"services\": {\r\n        \"blob\": {\r\n          \"enabled\": true,\r\n          \"lastEnabledTime\": \"2017-12-24T05:25:43.0317123Z\"\r\n        }\r\n      }\r\n    },\r\n    \"primaryEndpoints\": {\r\n      \"blob\": \"https://stg56698829934.blob.core.windows.net/\",\r\n      \"file\": \"https://stg56698829934.file.core.windows.net/\",\r\n      \"queue\": \"https://stg56698829934.queue.core.windows.net/\",\r\n      \"table\": \"https://stg56698829934.table.core.windows.net/\"\r\n    },\r\n    \"primaryLocation\": \"eastus\",\r\n    \"provisioningState\": \"Succeeded\",\r\n    \"secondaryLocation\": \"westus\",\r\n    \"statusOfPrimary\": \"available\",\r\n    \"statusOfSecondary\": \"available\"\r\n  },\r\n  \"sku\": {\r\n    \"name\": \"Standard_GRS\",\r\n    \"tier\": \"Standard\"\r\n  },\r\n  \"tags\": {},\r\n  \"type\": \"Microsoft.Storage/storageAccounts\"\r\n}",
      "ResponseHeaders": {
        "Content-Type": [
          "application/json"
        ],
        "Expires": [
          "-1"
        ],
        "Cache-Control": [
          "no-cache"
        ],
        "Date": [
          "Sun, 24 Dec 2017 05:25:59 GMT"
        ],
        "Pragma": [
          "no-cache"
        ],
        "Transfer-Encoding": [
          "chunked"
        ],
        "Server": [
          "Microsoft-Azure-Storage-Resource-Provider/1.0",
          "Microsoft-HTTPAPI/2.0"
        ],
        "Vary": [
          "Accept-Encoding"
        ],
        "x-ms-request-id": [
          "707fcf7c-9de7-4c0a-ace3-5055053c3b2a"
        ],
        "x-ms-ratelimit-remaining-subscription-reads": [
          "14989"
        ],
        "x-ms-correlation-request-id": [
          "707fcf7c-9de7-4c0a-ace3-5055053c3b2a"
        ],
        "x-ms-routing-request-id": [
          "WESTUS2:20171224T052600Z:707fcf7c-9de7-4c0a-ace3-5055053c3b2a"
        ],
        "Strict-Transport-Security": [
          "max-age=31536000; includeSubDomains"
        ]
      },
      "StatusCode": 200
    },
    {
      "RequestUri": "/subscriptions/0b1f6471-1bf0-4dda-aec3-cb9272f09590/resourceGroups/rgfluentchash-4040/providers/Microsoft.Storage/storageAccounts/stg56698829934?api-version=2016-01-01",
      "EncodedRequestUri": "L3N1YnNjcmlwdGlvbnMvMGIxZjY0NzEtMWJmMC00ZGRhLWFlYzMtY2I5MjcyZjA5NTkwL3Jlc291cmNlR3JvdXBzL3JnZmx1ZW50Y2hhc2gtNDA0MC9wcm92aWRlcnMvTWljcm9zb2Z0LlN0b3JhZ2Uvc3RvcmFnZUFjY291bnRzL3N0ZzU2Njk4ODI5OTM0P2FwaS12ZXJzaW9uPTIwMTYtMDEtMDE=",
      "RequestMethod": "GET",
      "RequestBody": "",
      "RequestHeaders": {
        "x-ms-client-request-id": [
          "41dd7784-dd69-4fe7-8b4e-f3b04e70218d"
        ],
        "accept-language": [
          "en-US"
        ],
        "User-Agent": [
          "FxVersion/4.6.25211.01",
          "Microsoft.Azure.Management.Storage.Fluent.StorageManagementClient/1.4.1.0",
          "MacAddressHash/9254a221412e5d3ef68e592d30236823a9c8f75cbf51c09c906f797cd005474a"
        ]
      },
      "ResponseBody": "{\r\n  \"id\": \"/subscriptions/0b1f6471-1bf0-4dda-aec3-cb9272f09590/resourceGroups/rgfluentchash-4040/providers/Microsoft.Storage/storageAccounts/stg56698829934\",\r\n  \"kind\": \"Storage\",\r\n  \"location\": \"eastus\",\r\n  \"name\": \"stg56698829934\",\r\n  \"properties\": {\r\n    \"creationTime\": \"2017-12-24T05:25:43.0287254Z\",\r\n    \"encryption\": {\r\n      \"keySource\": \"Microsoft.Storage\",\r\n      \"services\": {\r\n        \"blob\": {\r\n          \"enabled\": true,\r\n          \"lastEnabledTime\": \"2017-12-24T05:25:43.0317123Z\"\r\n        }\r\n      }\r\n    },\r\n    \"primaryEndpoints\": {\r\n      \"blob\": \"https://stg56698829934.blob.core.windows.net/\",\r\n      \"file\": \"https://stg56698829934.file.core.windows.net/\",\r\n      \"queue\": \"https://stg56698829934.queue.core.windows.net/\",\r\n      \"table\": \"https://stg56698829934.table.core.windows.net/\"\r\n    },\r\n    \"primaryLocation\": \"eastus\",\r\n    \"provisioningState\": \"Succeeded\",\r\n    \"secondaryLocation\": \"westus\",\r\n    \"statusOfPrimary\": \"available\",\r\n    \"statusOfSecondary\": \"available\"\r\n  },\r\n  \"sku\": {\r\n    \"name\": \"Standard_GRS\",\r\n    \"tier\": \"Standard\"\r\n  },\r\n  \"tags\": {},\r\n  \"type\": \"Microsoft.Storage/storageAccounts\"\r\n}",
      "ResponseHeaders": {
        "Content-Type": [
          "application/json"
        ],
        "Expires": [
          "-1"
        ],
        "Cache-Control": [
          "no-cache"
        ],
        "Date": [
          "Sun, 24 Dec 2017 05:25:59 GMT"
        ],
        "Pragma": [
          "no-cache"
        ],
        "Transfer-Encoding": [
          "chunked"
        ],
        "Server": [
          "Microsoft-Azure-Storage-Resource-Provider/1.0",
          "Microsoft-HTTPAPI/2.0"
        ],
        "Vary": [
          "Accept-Encoding"
        ],
        "x-ms-request-id": [
          "fbfa7394-74d3-4058-af5d-b5d39b9cf3c1"
        ],
        "x-ms-ratelimit-remaining-subscription-reads": [
          "14485"
        ],
        "x-ms-correlation-request-id": [
          "fbfa7394-74d3-4058-af5d-b5d39b9cf3c1"
        ],
        "x-ms-routing-request-id": [
          "WESTUS2:20171224T052600Z:fbfa7394-74d3-4058-af5d-b5d39b9cf3c1"
        ],
        "Strict-Transport-Security": [
          "max-age=31536000; includeSubDomains"
        ]
      },
      "StatusCode": 200
    },
    {
      "RequestUri": "/subscriptions/0b1f6471-1bf0-4dda-aec3-cb9272f09590/resourceGroups/rgfluentchash-4040/providers/Microsoft.Compute/virtualMachines/vm67-8dd94347fbf?api-version=2017-12-01",
      "EncodedRequestUri": "L3N1YnNjcmlwdGlvbnMvMGIxZjY0NzEtMWJmMC00ZGRhLWFlYzMtY2I5MjcyZjA5NTkwL3Jlc291cmNlR3JvdXBzL3JnZmx1ZW50Y2hhc2gtNDA0MC9wcm92aWRlcnMvTWljcm9zb2Z0LkNvbXB1dGUvdmlydHVhbE1hY2hpbmVzL3ZtNjctOGRkOTQzNDdmYmY/YXBpLXZlcnNpb249MjAxNy0xMi0wMQ==",
      "RequestMethod": "PUT",
      "RequestBody": "{\r\n  \"properties\": {\r\n    \"hardwareProfile\": {\r\n      \"vmSize\": \"Standard_D5_v2\"\r\n    },\r\n    \"storageProfile\": {\r\n      \"imageReference\": {\r\n        \"publisher\": \"Canonical\",\r\n        \"offer\": \"UbuntuServer\",\r\n        \"sku\": \"16.04.0-LTS\",\r\n        \"version\": \"latest\"\r\n      },\r\n      \"osDisk\": {\r\n        \"name\": \"vm67-8dd94347fbf-os-disk\",\r\n        \"vhd\": {\r\n          \"uri\": \"https://stg56698829934.blob.core.windows.net/vhds/vm67-8dd94347fbf-os-disk-fca36d2b-e45a-4c28-8565-e6f6052db3bd.Vhd\"\r\n        },\r\n        \"caching\": \"ReadWrite\",\r\n        \"createOption\": \"FromImage\"\r\n      },\r\n      \"dataDisks\": [\r\n        {\r\n          \"lun\": 0,\r\n          \"name\": \"disk-1\",\r\n          \"vhd\": {\r\n            \"uri\": \"https://stg56698829934.blob.core.windows.net/vhds/vm67-8dd94347fbf-data-disk-0-25b58906-6de0-4d0c-965b-5fbe98dab53a.Vhd\"\r\n          },\r\n          \"caching\": \"ReadWrite\",\r\n          \"createOption\": \"Empty\",\r\n          \"diskSizeGB\": 30\r\n        },\r\n        {\r\n          \"lun\": 1,\r\n          \"name\": \"disk-2\",\r\n          \"vhd\": {\r\n            \"uri\": \"https://stg56698829934.blob.core.windows.net/vhds/vm67-8dd94347fbf-data-disk-1-df3ad9f3-e2c9-4ae5-a751-6ef009949e04.Vhd\"\r\n          },\r\n          \"caching\": \"ReadOnly\",\r\n          \"createOption\": \"Empty\",\r\n          \"diskSizeGB\": 60\r\n        }\r\n      ]\r\n    },\r\n    \"osProfile\": {\r\n      \"computerName\": \"vm8b06721494\",\r\n      \"adminUsername\": \"javauser\",\r\n      \"adminPassword\": \"12NewPA$$w0rd!\",\r\n      \"linuxConfiguration\": {\r\n        \"disablePasswordAuthentication\": false\r\n      }\r\n    },\r\n    \"networkProfile\": {\r\n      \"networkInterfaces\": [\r\n        {\r\n          \"properties\": {\r\n            \"primary\": true\r\n          },\r\n          \"id\": \"/subscriptions/0b1f6471-1bf0-4dda-aec3-cb9272f09590/resourceGroups/rgfluentchash-4040/providers/Microsoft.Network/networkInterfaces/nic6483121a682\"\r\n        }\r\n      ]\r\n    }\r\n  },\r\n  \"location\": \"eastus\",\r\n  \"tags\": {}\r\n}",
      "RequestHeaders": {
        "Content-Type": [
          "application/json; charset=utf-8"
        ],
        "Content-Length": [
          "1932"
        ],
        "x-ms-client-request-id": [
          "6925baaa-8b32-4a39-a3fa-55a92d750193"
        ],
        "accept-language": [
          "en-US"
        ],
        "User-Agent": [
          "FxVersion/4.6.25211.01",
          "Microsoft.Azure.Management.Compute.Fluent.ComputeManagementClient/1.4.1.0",
          "MacAddressHash/9254a221412e5d3ef68e592d30236823a9c8f75cbf51c09c906f797cd005474a"
        ]
      },
      "ResponseBody": "{\r\n  \"properties\": {\r\n    \"vmId\": \"afdd7220-1ade-4334-a2a4-ac8a93e4ef0f\",\r\n    \"hardwareProfile\": {\r\n      \"vmSize\": \"Standard_D5_v2\"\r\n    },\r\n    \"storageProfile\": {\r\n      \"imageReference\": {\r\n        \"publisher\": \"Canonical\",\r\n        \"offer\": \"UbuntuServer\",\r\n        \"sku\": \"16.04.0-LTS\",\r\n        \"version\": \"latest\"\r\n      },\r\n      \"osDisk\": {\r\n        \"osType\": \"Linux\",\r\n        \"name\": \"vm67-8dd94347fbf-os-disk\",\r\n        \"createOption\": \"FromImage\",\r\n        \"vhd\": {\r\n          \"uri\": \"https://stg56698829934.blob.core.windows.net/vhds/vm67-8dd94347fbf-os-disk-fca36d2b-e45a-4c28-8565-e6f6052db3bd.Vhd\"\r\n        },\r\n        \"caching\": \"ReadWrite\"\r\n      },\r\n      \"dataDisks\": [\r\n        {\r\n          \"lun\": 0,\r\n          \"name\": \"disk-1\",\r\n          \"createOption\": \"Empty\",\r\n          \"vhd\": {\r\n            \"uri\": \"https://stg56698829934.blob.core.windows.net/vhds/vm67-8dd94347fbf-data-disk-0-25b58906-6de0-4d0c-965b-5fbe98dab53a.Vhd\"\r\n          },\r\n          \"caching\": \"ReadWrite\",\r\n          \"diskSizeGB\": 30\r\n        },\r\n        {\r\n          \"lun\": 1,\r\n          \"name\": \"disk-2\",\r\n          \"createOption\": \"Empty\",\r\n          \"vhd\": {\r\n            \"uri\": \"https://stg56698829934.blob.core.windows.net/vhds/vm67-8dd94347fbf-data-disk-1-df3ad9f3-e2c9-4ae5-a751-6ef009949e04.Vhd\"\r\n          },\r\n          \"caching\": \"ReadOnly\",\r\n          \"diskSizeGB\": 60\r\n        }\r\n      ]\r\n    },\r\n    \"osProfile\": {\r\n      \"computerName\": \"vm8b06721494\",\r\n      \"adminUsername\": \"javauser\",\r\n      \"linuxConfiguration\": {\r\n        \"disablePasswordAuthentication\": false\r\n      },\r\n      \"secrets\": []\r\n    },\r\n    \"networkProfile\": {\r\n      \"networkInterfaces\": [\r\n        {\r\n          \"id\": \"/subscriptions/0b1f6471-1bf0-4dda-aec3-cb9272f09590/resourceGroups/rgfluentchash-4040/providers/Microsoft.Network/networkInterfaces/nic6483121a682\",\r\n          \"properties\": {\r\n            \"primary\": true\r\n          }\r\n        }\r\n      ]\r\n    },\r\n    \"provisioningState\": \"Creating\"\r\n  },\r\n  \"type\": \"Microsoft.Compute/virtualMachines\",\r\n  \"location\": \"eastus\",\r\n  \"tags\": {},\r\n  \"id\": \"/subscriptions/0b1f6471-1bf0-4dda-aec3-cb9272f09590/resourceGroups/rgfluentchash-4040/providers/Microsoft.Compute/virtualMachines/vm67-8dd94347fbf\",\r\n  \"name\": \"vm67-8dd94347fbf\"\r\n}",
      "ResponseHeaders": {
        "Content-Length": [
          "2173"
        ],
        "Content-Type": [
          "application/json; charset=utf-8"
        ],
        "Expires": [
          "-1"
        ],
        "Cache-Control": [
          "no-cache"
        ],
        "Date": [
          "Sun, 24 Dec 2017 05:26:01 GMT"
        ],
        "Pragma": [
          "no-cache"
        ],
        "Server": [
          "Microsoft-HTTPAPI/2.0",
          "Microsoft-HTTPAPI/2.0"
        ],
        "Azure-AsyncOperation": [
          "https://management.azure.com/subscriptions/0b1f6471-1bf0-4dda-aec3-cb9272f09590/providers/Microsoft.Compute/locations/eastus/operations/c2a84677-1198-4a69-9993-7d938a706452?api-version=2017-12-01"
        ],
        "x-ms-ratelimit-remaining-resource": [
          "Microsoft.Compute/PutVM3Min;239,Microsoft.Compute/PutVM30Min;1195"
        ],
        "Strict-Transport-Security": [
          "max-age=31536000; includeSubDomains"
        ],
        "x-ms-served-by": [
          "54253b73-cb53-496f-ab42-5e5ee19426f8_131584210031672236"
        ],
        "x-ms-request-id": [
          "c2a84677-1198-4a69-9993-7d938a706452"
        ],
        "x-ms-ratelimit-remaining-subscription-writes": [
          "1189"
        ],
        "x-ms-correlation-request-id": [
          "40d0a8a5-36e4-49b5-8708-b7a7d686762a"
        ],
        "x-ms-routing-request-id": [
          "WESTUS2:20171224T052601Z:40d0a8a5-36e4-49b5-8708-b7a7d686762a"
        ]
      },
      "StatusCode": 201
    },
    {
      "RequestUri": "/subscriptions/0b1f6471-1bf0-4dda-aec3-cb9272f09590/providers/Microsoft.Compute/locations/eastus/operations/c2a84677-1198-4a69-9993-7d938a706452?api-version=2017-12-01",
      "EncodedRequestUri": "L3N1YnNjcmlwdGlvbnMvMGIxZjY0NzEtMWJmMC00ZGRhLWFlYzMtY2I5MjcyZjA5NTkwL3Byb3ZpZGVycy9NaWNyb3NvZnQuQ29tcHV0ZS9sb2NhdGlvbnMvZWFzdHVzL29wZXJhdGlvbnMvYzJhODQ2NzctMTE5OC00YTY5LTk5OTMtN2Q5MzhhNzA2NDUyP2FwaS12ZXJzaW9uPTIwMTctMTItMDE=",
      "RequestMethod": "GET",
      "RequestBody": "",
      "RequestHeaders": {
        "User-Agent": [
          "FxVersion/4.6.25211.01",
          "Microsoft.Azure.Management.Compute.Fluent.ComputeManagementClient/1.4.1.0",
          "MacAddressHash/9254a221412e5d3ef68e592d30236823a9c8f75cbf51c09c906f797cd005474a"
        ]
      },
      "ResponseBody": "{\r\n  \"startTime\": \"2017-12-23T21:26:01.2369781-08:00\",\r\n  \"status\": \"InProgress\",\r\n  \"name\": \"c2a84677-1198-4a69-9993-7d938a706452\"\r\n}",
      "ResponseHeaders": {
        "Content-Type": [
          "application/json; charset=utf-8"
        ],
        "Expires": [
          "-1"
        ],
        "Cache-Control": [
          "no-cache"
        ],
        "Date": [
          "Sun, 24 Dec 2017 05:26:31 GMT"
        ],
        "Pragma": [
          "no-cache"
        ],
        "Transfer-Encoding": [
          "chunked"
        ],
        "Server": [
          "Microsoft-HTTPAPI/2.0",
          "Microsoft-HTTPAPI/2.0"
        ],
        "Vary": [
          "Accept-Encoding"
        ],
        "x-ms-ratelimit-remaining-resource": [
          "Microsoft.Compute/GetOperation3Min;11998,Microsoft.Compute/GetOperation30Min;23949"
        ],
        "Strict-Transport-Security": [
          "max-age=31536000; includeSubDomains"
        ],
        "x-ms-served-by": [
          "54253b73-cb53-496f-ab42-5e5ee19426f8_131584210031672236"
        ],
        "x-ms-request-id": [
          "edf03c01-cf45-41d1-875f-614b72380be1"
        ],
        "x-ms-ratelimit-remaining-subscription-reads": [
          "14988"
        ],
        "x-ms-correlation-request-id": [
          "33282db2-b466-4804-99a8-0459a8b1caf2"
        ],
        "x-ms-routing-request-id": [
          "WESTUS2:20171224T052632Z:33282db2-b466-4804-99a8-0459a8b1caf2"
        ]
      },
      "StatusCode": 200
    },
    {
      "RequestUri": "/subscriptions/0b1f6471-1bf0-4dda-aec3-cb9272f09590/providers/Microsoft.Compute/locations/eastus/operations/c2a84677-1198-4a69-9993-7d938a706452?api-version=2017-12-01",
      "EncodedRequestUri": "L3N1YnNjcmlwdGlvbnMvMGIxZjY0NzEtMWJmMC00ZGRhLWFlYzMtY2I5MjcyZjA5NTkwL3Byb3ZpZGVycy9NaWNyb3NvZnQuQ29tcHV0ZS9sb2NhdGlvbnMvZWFzdHVzL29wZXJhdGlvbnMvYzJhODQ2NzctMTE5OC00YTY5LTk5OTMtN2Q5MzhhNzA2NDUyP2FwaS12ZXJzaW9uPTIwMTctMTItMDE=",
      "RequestMethod": "GET",
      "RequestBody": "",
      "RequestHeaders": {
        "User-Agent": [
          "FxVersion/4.6.25211.01",
          "Microsoft.Azure.Management.Compute.Fluent.ComputeManagementClient/1.4.1.0",
          "MacAddressHash/9254a221412e5d3ef68e592d30236823a9c8f75cbf51c09c906f797cd005474a"
        ]
      },
      "ResponseBody": "{\r\n  \"startTime\": \"2017-12-23T21:26:01.2369781-08:00\",\r\n  \"status\": \"InProgress\",\r\n  \"name\": \"c2a84677-1198-4a69-9993-7d938a706452\"\r\n}",
      "ResponseHeaders": {
        "Content-Type": [
          "application/json; charset=utf-8"
        ],
        "Expires": [
          "-1"
        ],
        "Cache-Control": [
          "no-cache"
        ],
        "Date": [
          "Sun, 24 Dec 2017 05:27:01 GMT"
        ],
        "Pragma": [
          "no-cache"
        ],
        "Transfer-Encoding": [
          "chunked"
        ],
        "Server": [
          "Microsoft-HTTPAPI/2.0",
          "Microsoft-HTTPAPI/2.0"
        ],
        "Vary": [
          "Accept-Encoding"
        ],
        "x-ms-ratelimit-remaining-resource": [
          "Microsoft.Compute/GetOperation3Min;11995,Microsoft.Compute/GetOperation30Min;23946"
        ],
        "Strict-Transport-Security": [
          "max-age=31536000; includeSubDomains"
        ],
        "x-ms-served-by": [
          "54253b73-cb53-496f-ab42-5e5ee19426f8_131584210031672236"
        ],
        "x-ms-request-id": [
          "4b140d23-201a-4277-96f0-aff2a1dd936e"
        ],
        "x-ms-ratelimit-remaining-subscription-reads": [
          "14987"
        ],
        "x-ms-correlation-request-id": [
          "b0a54683-83f4-44ba-ba23-a6aa7d521537"
        ],
        "x-ms-routing-request-id": [
          "WESTUS2:20171224T052702Z:b0a54683-83f4-44ba-ba23-a6aa7d521537"
        ]
      },
      "StatusCode": 200
    },
    {
      "RequestUri": "/subscriptions/0b1f6471-1bf0-4dda-aec3-cb9272f09590/providers/Microsoft.Compute/locations/eastus/operations/c2a84677-1198-4a69-9993-7d938a706452?api-version=2017-12-01",
      "EncodedRequestUri": "L3N1YnNjcmlwdGlvbnMvMGIxZjY0NzEtMWJmMC00ZGRhLWFlYzMtY2I5MjcyZjA5NTkwL3Byb3ZpZGVycy9NaWNyb3NvZnQuQ29tcHV0ZS9sb2NhdGlvbnMvZWFzdHVzL29wZXJhdGlvbnMvYzJhODQ2NzctMTE5OC00YTY5LTk5OTMtN2Q5MzhhNzA2NDUyP2FwaS12ZXJzaW9uPTIwMTctMTItMDE=",
      "RequestMethod": "GET",
      "RequestBody": "",
      "RequestHeaders": {
        "User-Agent": [
          "FxVersion/4.6.25211.01",
          "Microsoft.Azure.Management.Compute.Fluent.ComputeManagementClient/1.4.1.0",
          "MacAddressHash/9254a221412e5d3ef68e592d30236823a9c8f75cbf51c09c906f797cd005474a"
        ]
      },
      "ResponseBody": "{\r\n  \"startTime\": \"2017-12-23T21:26:01.2369781-08:00\",\r\n  \"status\": \"InProgress\",\r\n  \"name\": \"c2a84677-1198-4a69-9993-7d938a706452\"\r\n}",
      "ResponseHeaders": {
        "Content-Type": [
          "application/json; charset=utf-8"
        ],
        "Expires": [
          "-1"
        ],
        "Cache-Control": [
          "no-cache"
        ],
        "Date": [
          "Sun, 24 Dec 2017 05:27:34 GMT"
        ],
        "Pragma": [
          "no-cache"
        ],
        "Transfer-Encoding": [
          "chunked"
        ],
        "Server": [
          "Microsoft-HTTPAPI/2.0",
          "Microsoft-HTTPAPI/2.0"
        ],
        "Vary": [
          "Accept-Encoding"
        ],
        "x-ms-ratelimit-remaining-resource": [
          "Microsoft.Compute/GetOperation3Min;11992,Microsoft.Compute/GetOperation30Min;23943"
        ],
        "Strict-Transport-Security": [
          "max-age=31536000; includeSubDomains"
        ],
        "x-ms-served-by": [
          "54253b73-cb53-496f-ab42-5e5ee19426f8_131584210031672236"
        ],
        "x-ms-request-id": [
          "ddf0e8d2-f62c-4b28-b8c2-ee1c8465d23b"
        ],
        "x-ms-ratelimit-remaining-subscription-reads": [
          "14986"
        ],
        "x-ms-correlation-request-id": [
          "9cd6cf4c-533b-4498-8e75-49f8f5c8d41b"
        ],
        "x-ms-routing-request-id": [
          "WESTUS2:20171224T052734Z:9cd6cf4c-533b-4498-8e75-49f8f5c8d41b"
        ]
      },
      "StatusCode": 200
    },
    {
      "RequestUri": "/subscriptions/0b1f6471-1bf0-4dda-aec3-cb9272f09590/providers/Microsoft.Compute/locations/eastus/operations/c2a84677-1198-4a69-9993-7d938a706452?api-version=2017-12-01",
      "EncodedRequestUri": "L3N1YnNjcmlwdGlvbnMvMGIxZjY0NzEtMWJmMC00ZGRhLWFlYzMtY2I5MjcyZjA5NTkwL3Byb3ZpZGVycy9NaWNyb3NvZnQuQ29tcHV0ZS9sb2NhdGlvbnMvZWFzdHVzL29wZXJhdGlvbnMvYzJhODQ2NzctMTE5OC00YTY5LTk5OTMtN2Q5MzhhNzA2NDUyP2FwaS12ZXJzaW9uPTIwMTctMTItMDE=",
      "RequestMethod": "GET",
      "RequestBody": "",
      "RequestHeaders": {
        "User-Agent": [
          "FxVersion/4.6.25211.01",
          "Microsoft.Azure.Management.Compute.Fluent.ComputeManagementClient/1.4.1.0",
          "MacAddressHash/9254a221412e5d3ef68e592d30236823a9c8f75cbf51c09c906f797cd005474a"
        ]
      },
      "ResponseBody": "{\r\n  \"startTime\": \"2017-12-23T21:26:01.2369781-08:00\",\r\n  \"endTime\": \"2017-12-23T21:27:36.268225-08:00\",\r\n  \"status\": \"Succeeded\",\r\n  \"name\": \"c2a84677-1198-4a69-9993-7d938a706452\"\r\n}",
      "ResponseHeaders": {
        "Content-Type": [
          "application/json; charset=utf-8"
        ],
        "Expires": [
          "-1"
        ],
        "Cache-Control": [
          "no-cache"
        ],
        "Date": [
          "Sun, 24 Dec 2017 05:28:04 GMT"
        ],
        "Pragma": [
          "no-cache"
        ],
        "Transfer-Encoding": [
          "chunked"
        ],
        "Server": [
          "Microsoft-HTTPAPI/2.0",
          "Microsoft-HTTPAPI/2.0"
        ],
        "Vary": [
          "Accept-Encoding"
        ],
        "x-ms-ratelimit-remaining-resource": [
          "Microsoft.Compute/GetOperation3Min;11990,Microsoft.Compute/GetOperation30Min;23941"
        ],
        "Strict-Transport-Security": [
          "max-age=31536000; includeSubDomains"
        ],
        "x-ms-served-by": [
          "54253b73-cb53-496f-ab42-5e5ee19426f8_131584210031672236"
        ],
        "x-ms-request-id": [
          "aece4618-4134-488d-9893-d672b4ba10db"
        ],
        "x-ms-ratelimit-remaining-subscription-reads": [
          "14985"
        ],
        "x-ms-correlation-request-id": [
          "e9e0bb71-16af-410a-a1ca-37650e123655"
        ],
        "x-ms-routing-request-id": [
          "WESTUS2:20171224T052804Z:e9e0bb71-16af-410a-a1ca-37650e123655"
        ]
      },
      "StatusCode": 200
    },
    {
      "RequestUri": "/subscriptions/0b1f6471-1bf0-4dda-aec3-cb9272f09590/resourceGroups/rgfluentchash-4040/providers/Microsoft.Compute/virtualMachines/vm67-8dd94347fbf?api-version=2017-12-01",
      "EncodedRequestUri": "L3N1YnNjcmlwdGlvbnMvMGIxZjY0NzEtMWJmMC00ZGRhLWFlYzMtY2I5MjcyZjA5NTkwL3Jlc291cmNlR3JvdXBzL3JnZmx1ZW50Y2hhc2gtNDA0MC9wcm92aWRlcnMvTWljcm9zb2Z0LkNvbXB1dGUvdmlydHVhbE1hY2hpbmVzL3ZtNjctOGRkOTQzNDdmYmY/YXBpLXZlcnNpb249MjAxNy0xMi0wMQ==",
      "RequestMethod": "GET",
      "RequestBody": "",
      "RequestHeaders": {
        "User-Agent": [
          "FxVersion/4.6.25211.01",
          "Microsoft.Azure.Management.Compute.Fluent.ComputeManagementClient/1.4.1.0",
          "MacAddressHash/9254a221412e5d3ef68e592d30236823a9c8f75cbf51c09c906f797cd005474a"
        ]
      },
      "ResponseBody": "{\r\n  \"properties\": {\r\n    \"vmId\": \"afdd7220-1ade-4334-a2a4-ac8a93e4ef0f\",\r\n    \"hardwareProfile\": {\r\n      \"vmSize\": \"Standard_D5_v2\"\r\n    },\r\n    \"storageProfile\": {\r\n      \"imageReference\": {\r\n        \"publisher\": \"Canonical\",\r\n        \"offer\": \"UbuntuServer\",\r\n        \"sku\": \"16.04.0-LTS\",\r\n        \"version\": \"latest\"\r\n      },\r\n      \"osDisk\": {\r\n        \"osType\": \"Linux\",\r\n        \"name\": \"vm67-8dd94347fbf-os-disk\",\r\n        \"createOption\": \"FromImage\",\r\n        \"vhd\": {\r\n          \"uri\": \"https://stg56698829934.blob.core.windows.net/vhds/vm67-8dd94347fbf-os-disk-fca36d2b-e45a-4c28-8565-e6f6052db3bd.Vhd\"\r\n        },\r\n        \"caching\": \"ReadWrite\",\r\n        \"diskSizeGB\": 29\r\n      },\r\n      \"dataDisks\": [\r\n        {\r\n          \"lun\": 0,\r\n          \"name\": \"disk-1\",\r\n          \"createOption\": \"Empty\",\r\n          \"vhd\": {\r\n            \"uri\": \"https://stg56698829934.blob.core.windows.net/vhds/vm67-8dd94347fbf-data-disk-0-25b58906-6de0-4d0c-965b-5fbe98dab53a.Vhd\"\r\n          },\r\n          \"caching\": \"ReadWrite\",\r\n          \"diskSizeGB\": 30\r\n        },\r\n        {\r\n          \"lun\": 1,\r\n          \"name\": \"disk-2\",\r\n          \"createOption\": \"Empty\",\r\n          \"vhd\": {\r\n            \"uri\": \"https://stg56698829934.blob.core.windows.net/vhds/vm67-8dd94347fbf-data-disk-1-df3ad9f3-e2c9-4ae5-a751-6ef009949e04.Vhd\"\r\n          },\r\n          \"caching\": \"ReadOnly\",\r\n          \"diskSizeGB\": 60\r\n        }\r\n      ]\r\n    },\r\n    \"osProfile\": {\r\n      \"computerName\": \"vm8b06721494\",\r\n      \"adminUsername\": \"javauser\",\r\n      \"linuxConfiguration\": {\r\n        \"disablePasswordAuthentication\": false\r\n      },\r\n      \"secrets\": []\r\n    },\r\n    \"networkProfile\": {\r\n      \"networkInterfaces\": [\r\n        {\r\n          \"id\": \"/subscriptions/0b1f6471-1bf0-4dda-aec3-cb9272f09590/resourceGroups/rgfluentchash-4040/providers/Microsoft.Network/networkInterfaces/nic6483121a682\",\r\n          \"properties\": {\r\n            \"primary\": true\r\n          }\r\n        }\r\n      ]\r\n    },\r\n    \"provisioningState\": \"Succeeded\"\r\n  },\r\n  \"type\": \"Microsoft.Compute/virtualMachines\",\r\n  \"location\": \"eastus\",\r\n  \"tags\": {},\r\n  \"id\": \"/subscriptions/0b1f6471-1bf0-4dda-aec3-cb9272f09590/resourceGroups/rgfluentchash-4040/providers/Microsoft.Compute/virtualMachines/vm67-8dd94347fbf\",\r\n  \"name\": \"vm67-8dd94347fbf\"\r\n}",
      "ResponseHeaders": {
        "Content-Type": [
          "application/json; charset=utf-8"
        ],
        "Expires": [
          "-1"
        ],
        "Cache-Control": [
          "no-cache"
        ],
        "Date": [
          "Sun, 24 Dec 2017 05:28:06 GMT"
        ],
        "Pragma": [
          "no-cache"
        ],
        "Transfer-Encoding": [
          "chunked"
        ],
        "Server": [
          "Microsoft-HTTPAPI/2.0",
          "Microsoft-HTTPAPI/2.0"
        ],
        "Vary": [
          "Accept-Encoding"
        ],
        "x-ms-ratelimit-remaining-resource": [
          "Microsoft.Compute/LowCostGet3Min;4796,Microsoft.Compute/LowCostGet30Min;38379"
        ],
        "Strict-Transport-Security": [
          "max-age=31536000; includeSubDomains"
        ],
        "x-ms-served-by": [
          "54253b73-cb53-496f-ab42-5e5ee19426f8_131584210031672236"
        ],
        "x-ms-request-id": [
          "959ebdfa-d88b-463d-a5a6-aafc5264535b"
        ],
        "x-ms-ratelimit-remaining-subscription-reads": [
          "14984"
        ],
        "x-ms-correlation-request-id": [
          "0a24f77b-18af-4c7f-853e-61b48b6f8093"
        ],
        "x-ms-routing-request-id": [
          "WESTUS2:20171224T052807Z:0a24f77b-18af-4c7f-853e-61b48b6f8093"
        ]
      },
      "StatusCode": 200
    },
    {
      "RequestUri": "/subscriptions/0b1f6471-1bf0-4dda-aec3-cb9272f09590/resourceGroups/rgfluentchash-4040/providers/Microsoft.Compute/virtualMachines/vm67-8dd94347fbf?api-version=2017-12-01",
      "EncodedRequestUri": "L3N1YnNjcmlwdGlvbnMvMGIxZjY0NzEtMWJmMC00ZGRhLWFlYzMtY2I5MjcyZjA5NTkwL3Jlc291cmNlR3JvdXBzL3JnZmx1ZW50Y2hhc2gtNDA0MC9wcm92aWRlcnMvTWljcm9zb2Z0LkNvbXB1dGUvdmlydHVhbE1hY2hpbmVzL3ZtNjctOGRkOTQzNDdmYmY/YXBpLXZlcnNpb249MjAxNy0xMi0wMQ==",
      "RequestMethod": "GET",
      "RequestBody": "",
      "RequestHeaders": {
        "x-ms-client-request-id": [
          "cb1f525a-4f1c-479b-936a-de572c9a1e7d"
        ],
        "accept-language": [
          "en-US"
        ],
        "User-Agent": [
          "FxVersion/4.6.25211.01",
          "Microsoft.Azure.Management.Compute.Fluent.ComputeManagementClient/1.4.1.0",
          "MacAddressHash/9254a221412e5d3ef68e592d30236823a9c8f75cbf51c09c906f797cd005474a"
        ]
      },
      "ResponseBody": "{\r\n  \"properties\": {\r\n    \"vmId\": \"afdd7220-1ade-4334-a2a4-ac8a93e4ef0f\",\r\n    \"hardwareProfile\": {\r\n      \"vmSize\": \"Standard_D5_v2\"\r\n    },\r\n    \"storageProfile\": {\r\n      \"imageReference\": {\r\n        \"publisher\": \"Canonical\",\r\n        \"offer\": \"UbuntuServer\",\r\n        \"sku\": \"16.04.0-LTS\",\r\n        \"version\": \"latest\"\r\n      },\r\n      \"osDisk\": {\r\n        \"osType\": \"Linux\",\r\n        \"name\": \"vm67-8dd94347fbf-os-disk\",\r\n        \"createOption\": \"FromImage\",\r\n        \"vhd\": {\r\n          \"uri\": \"https://stg56698829934.blob.core.windows.net/vhds/vm67-8dd94347fbf-os-disk-fca36d2b-e45a-4c28-8565-e6f6052db3bd.Vhd\"\r\n        },\r\n        \"caching\": \"ReadWrite\",\r\n        \"diskSizeGB\": 29\r\n      },\r\n      \"dataDisks\": [\r\n        {\r\n          \"lun\": 0,\r\n          \"name\": \"disk-1\",\r\n          \"createOption\": \"Empty\",\r\n          \"vhd\": {\r\n            \"uri\": \"https://stg56698829934.blob.core.windows.net/vhds/vm67-8dd94347fbf-data-disk-0-25b58906-6de0-4d0c-965b-5fbe98dab53a.Vhd\"\r\n          },\r\n          \"caching\": \"ReadWrite\",\r\n          \"diskSizeGB\": 30\r\n        },\r\n        {\r\n          \"lun\": 1,\r\n          \"name\": \"disk-2\",\r\n          \"createOption\": \"Empty\",\r\n          \"vhd\": {\r\n            \"uri\": \"https://stg56698829934.blob.core.windows.net/vhds/vm67-8dd94347fbf-data-disk-1-df3ad9f3-e2c9-4ae5-a751-6ef009949e04.Vhd\"\r\n          },\r\n          \"caching\": \"ReadOnly\",\r\n          \"diskSizeGB\": 60\r\n        }\r\n      ]\r\n    },\r\n    \"osProfile\": {\r\n      \"computerName\": \"vm8b06721494\",\r\n      \"adminUsername\": \"javauser\",\r\n      \"linuxConfiguration\": {\r\n        \"disablePasswordAuthentication\": false\r\n      },\r\n      \"secrets\": []\r\n    },\r\n    \"networkProfile\": {\r\n      \"networkInterfaces\": [\r\n        {\r\n          \"id\": \"/subscriptions/0b1f6471-1bf0-4dda-aec3-cb9272f09590/resourceGroups/rgfluentchash-4040/providers/Microsoft.Network/networkInterfaces/nic6483121a682\",\r\n          \"properties\": {\r\n            \"primary\": true\r\n          }\r\n        }\r\n      ]\r\n    },\r\n    \"provisioningState\": \"Succeeded\"\r\n  },\r\n  \"type\": \"Microsoft.Compute/virtualMachines\",\r\n  \"location\": \"eastus\",\r\n  \"tags\": {},\r\n  \"id\": \"/subscriptions/0b1f6471-1bf0-4dda-aec3-cb9272f09590/resourceGroups/rgfluentchash-4040/providers/Microsoft.Compute/virtualMachines/vm67-8dd94347fbf\",\r\n  \"name\": \"vm67-8dd94347fbf\"\r\n}",
      "ResponseHeaders": {
        "Content-Type": [
          "application/json; charset=utf-8"
        ],
        "Expires": [
          "-1"
        ],
        "Cache-Control": [
          "no-cache"
        ],
        "Date": [
          "Sun, 24 Dec 2017 05:30:16 GMT"
        ],
        "Pragma": [
          "no-cache"
        ],
        "Transfer-Encoding": [
          "chunked"
        ],
        "Server": [
          "Microsoft-HTTPAPI/2.0",
          "Microsoft-HTTPAPI/2.0"
        ],
        "Vary": [
          "Accept-Encoding"
        ],
        "x-ms-ratelimit-remaining-resource": [
          "Microsoft.Compute/LowCostGet3Min;4794,Microsoft.Compute/LowCostGet30Min;38378"
        ],
        "Strict-Transport-Security": [
          "max-age=31536000; includeSubDomains"
        ],
        "x-ms-served-by": [
          "54253b73-cb53-496f-ab42-5e5ee19426f8_131584210031672236"
        ],
        "x-ms-request-id": [
          "a196dab2-6c25-4f03-9bd5-24fc1fee60ac"
        ],
        "x-ms-ratelimit-remaining-subscription-reads": [
          "14981"
        ],
        "x-ms-correlation-request-id": [
          "3d377a2e-a30d-480c-8033-ed0c7ef1d017"
        ],
        "x-ms-routing-request-id": [
          "WESTUS2:20171224T053016Z:3d377a2e-a30d-480c-8033-ed0c7ef1d017"
        ]
      },
      "StatusCode": 200
    },
    {
      "RequestUri": "/subscriptions/0b1f6471-1bf0-4dda-aec3-cb9272f09590/resourceGroups/rgfluentchash-4040/providers/Microsoft.Compute/virtualMachines/vm67-8dd94347fbf/deallocate?api-version=2017-12-01",
      "EncodedRequestUri": "L3N1YnNjcmlwdGlvbnMvMGIxZjY0NzEtMWJmMC00ZGRhLWFlYzMtY2I5MjcyZjA5NTkwL3Jlc291cmNlR3JvdXBzL3JnZmx1ZW50Y2hhc2gtNDA0MC9wcm92aWRlcnMvTWljcm9zb2Z0LkNvbXB1dGUvdmlydHVhbE1hY2hpbmVzL3ZtNjctOGRkOTQzNDdmYmYvZGVhbGxvY2F0ZT9hcGktdmVyc2lvbj0yMDE3LTEyLTAx",
      "RequestMethod": "POST",
      "RequestBody": "",
      "RequestHeaders": {
        "x-ms-client-request-id": [
          "db91b3d4-a8a7-4a4c-9ad6-5012793f2f64"
        ],
        "accept-language": [
          "en-US"
        ],
        "User-Agent": [
          "FxVersion/4.6.25211.01",
          "Microsoft.Azure.Management.Compute.Fluent.ComputeManagementClient/1.4.1.0",
          "MacAddressHash/9254a221412e5d3ef68e592d30236823a9c8f75cbf51c09c906f797cd005474a"
        ]
      },
      "ResponseBody": "",
      "ResponseHeaders": {
        "Content-Length": [
          "0"
        ],
        "Expires": [
          "-1"
        ],
        "Cache-Control": [
          "no-cache"
        ],
        "Date": [
          "Sun, 24 Dec 2017 05:28:09 GMT"
        ],
        "Pragma": [
          "no-cache"
        ],
        "Location": [
          "https://management.azure.com/subscriptions/0b1f6471-1bf0-4dda-aec3-cb9272f09590/providers/Microsoft.Compute/locations/eastus/operations/35e191ce-8f90-4644-be10-43e3a4e12878?monitor=true&api-version=2017-12-01"
        ],
        "Server": [
          "Microsoft-HTTPAPI/2.0",
          "Microsoft-HTTPAPI/2.0"
        ],
        "Azure-AsyncOperation": [
          "https://management.azure.com/subscriptions/0b1f6471-1bf0-4dda-aec3-cb9272f09590/providers/Microsoft.Compute/locations/eastus/operations/35e191ce-8f90-4644-be10-43e3a4e12878?api-version=2017-12-01"
        ],
        "x-ms-ratelimit-remaining-resource": [
          "Microsoft.Compute/DeleteVM3Min;239,Microsoft.Compute/DeleteVM30Min;1195"
        ],
        "Strict-Transport-Security": [
          "max-age=31536000; includeSubDomains"
        ],
        "x-ms-served-by": [
          "54253b73-cb53-496f-ab42-5e5ee19426f8_131584210031672236"
        ],
        "x-ms-request-id": [
          "35e191ce-8f90-4644-be10-43e3a4e12878"
        ],
        "x-ms-ratelimit-remaining-subscription-writes": [
          "1196"
        ],
        "x-ms-correlation-request-id": [
          "2b952ee4-02b7-4b05-8403-b46e9cec0765"
        ],
        "x-ms-routing-request-id": [
          "WESTUS2:20171224T052810Z:2b952ee4-02b7-4b05-8403-b46e9cec0765"
        ]
      },
      "StatusCode": 202
    },
    {
      "RequestUri": "/subscriptions/0b1f6471-1bf0-4dda-aec3-cb9272f09590/providers/Microsoft.Compute/locations/eastus/operations/35e191ce-8f90-4644-be10-43e3a4e12878?api-version=2017-12-01",
      "EncodedRequestUri": "L3N1YnNjcmlwdGlvbnMvMGIxZjY0NzEtMWJmMC00ZGRhLWFlYzMtY2I5MjcyZjA5NTkwL3Byb3ZpZGVycy9NaWNyb3NvZnQuQ29tcHV0ZS9sb2NhdGlvbnMvZWFzdHVzL29wZXJhdGlvbnMvMzVlMTkxY2UtOGY5MC00NjQ0LWJlMTAtNDNlM2E0ZTEyODc4P2FwaS12ZXJzaW9uPTIwMTctMTItMDE=",
      "RequestMethod": "GET",
      "RequestBody": "",
      "RequestHeaders": {
        "User-Agent": [
          "FxVersion/4.6.25211.01",
          "Microsoft.Azure.Management.Compute.Fluent.ComputeManagementClient/1.4.1.0",
          "MacAddressHash/9254a221412e5d3ef68e592d30236823a9c8f75cbf51c09c906f797cd005474a"
        ]
      },
      "ResponseBody": "{\r\n  \"startTime\": \"2017-12-23T21:28:10.455719-08:00\",\r\n  \"status\": \"InProgress\",\r\n  \"name\": \"35e191ce-8f90-4644-be10-43e3a4e12878\"\r\n}",
      "ResponseHeaders": {
        "Content-Type": [
          "application/json; charset=utf-8"
        ],
        "Expires": [
          "-1"
        ],
        "Cache-Control": [
          "no-cache"
        ],
        "Date": [
          "Sun, 24 Dec 2017 05:28:40 GMT"
        ],
        "Pragma": [
          "no-cache"
        ],
        "Transfer-Encoding": [
          "chunked"
        ],
        "Server": [
          "Microsoft-HTTPAPI/2.0",
          "Microsoft-HTTPAPI/2.0"
        ],
        "Vary": [
          "Accept-Encoding"
        ],
        "x-ms-ratelimit-remaining-resource": [
          "Microsoft.Compute/GetOperation3Min;11988,Microsoft.Compute/GetOperation30Min;23939"
        ],
        "Strict-Transport-Security": [
          "max-age=31536000; includeSubDomains"
        ],
        "x-ms-served-by": [
          "54253b73-cb53-496f-ab42-5e5ee19426f8_131584210031672236"
        ],
        "x-ms-request-id": [
          "2fbbc3aa-4614-418f-94f7-e440e5b7df82"
        ],
        "x-ms-ratelimit-remaining-subscription-reads": [
          "14981"
        ],
        "x-ms-correlation-request-id": [
          "8e9ae56c-0135-48e2-b5f1-1184e3c14b9a"
        ],
        "x-ms-routing-request-id": [
          "WESTUS2:20171224T052840Z:8e9ae56c-0135-48e2-b5f1-1184e3c14b9a"
        ]
      },
      "StatusCode": 200
    },
    {
      "RequestUri": "/subscriptions/0b1f6471-1bf0-4dda-aec3-cb9272f09590/providers/Microsoft.Compute/locations/eastus/operations/35e191ce-8f90-4644-be10-43e3a4e12878?api-version=2017-12-01",
      "EncodedRequestUri": "L3N1YnNjcmlwdGlvbnMvMGIxZjY0NzEtMWJmMC00ZGRhLWFlYzMtY2I5MjcyZjA5NTkwL3Byb3ZpZGVycy9NaWNyb3NvZnQuQ29tcHV0ZS9sb2NhdGlvbnMvZWFzdHVzL29wZXJhdGlvbnMvMzVlMTkxY2UtOGY5MC00NjQ0LWJlMTAtNDNlM2E0ZTEyODc4P2FwaS12ZXJzaW9uPTIwMTctMTItMDE=",
      "RequestMethod": "GET",
      "RequestBody": "",
      "RequestHeaders": {
        "User-Agent": [
          "FxVersion/4.6.25211.01",
          "Microsoft.Azure.Management.Compute.Fluent.ComputeManagementClient/1.4.1.0",
          "MacAddressHash/9254a221412e5d3ef68e592d30236823a9c8f75cbf51c09c906f797cd005474a"
        ]
      },
      "ResponseBody": "{\r\n  \"startTime\": \"2017-12-23T21:28:10.455719-08:00\",\r\n  \"status\": \"InProgress\",\r\n  \"name\": \"35e191ce-8f90-4644-be10-43e3a4e12878\"\r\n}",
      "ResponseHeaders": {
        "Content-Type": [
          "application/json; charset=utf-8"
        ],
        "Expires": [
          "-1"
        ],
        "Cache-Control": [
          "no-cache"
        ],
        "Date": [
          "Sun, 24 Dec 2017 05:29:10 GMT"
        ],
        "Pragma": [
          "no-cache"
        ],
        "Transfer-Encoding": [
          "chunked"
        ],
        "Server": [
          "Microsoft-HTTPAPI/2.0",
          "Microsoft-HTTPAPI/2.0"
        ],
        "Vary": [
          "Accept-Encoding"
        ],
        "x-ms-ratelimit-remaining-resource": [
          "Microsoft.Compute/GetOperation3Min;11986,Microsoft.Compute/GetOperation30Min;23936"
        ],
        "Strict-Transport-Security": [
          "max-age=31536000; includeSubDomains"
        ],
        "x-ms-served-by": [
          "54253b73-cb53-496f-ab42-5e5ee19426f8_131584210031672236"
        ],
        "x-ms-request-id": [
          "492026ef-c0f2-4849-a99b-6c079421ac6d"
        ],
        "x-ms-ratelimit-remaining-subscription-reads": [
          "14980"
        ],
        "x-ms-correlation-request-id": [
          "41a120bb-782c-443f-a7ec-17edf1b161ea"
        ],
        "x-ms-routing-request-id": [
          "WESTUS2:20171224T052910Z:41a120bb-782c-443f-a7ec-17edf1b161ea"
        ]
      },
      "StatusCode": 200
    },
    {
      "RequestUri": "/subscriptions/0b1f6471-1bf0-4dda-aec3-cb9272f09590/providers/Microsoft.Compute/locations/eastus/operations/35e191ce-8f90-4644-be10-43e3a4e12878?api-version=2017-12-01",
      "EncodedRequestUri": "L3N1YnNjcmlwdGlvbnMvMGIxZjY0NzEtMWJmMC00ZGRhLWFlYzMtY2I5MjcyZjA5NTkwL3Byb3ZpZGVycy9NaWNyb3NvZnQuQ29tcHV0ZS9sb2NhdGlvbnMvZWFzdHVzL29wZXJhdGlvbnMvMzVlMTkxY2UtOGY5MC00NjQ0LWJlMTAtNDNlM2E0ZTEyODc4P2FwaS12ZXJzaW9uPTIwMTctMTItMDE=",
      "RequestMethod": "GET",
      "RequestBody": "",
      "RequestHeaders": {
        "User-Agent": [
          "FxVersion/4.6.25211.01",
          "Microsoft.Azure.Management.Compute.Fluent.ComputeManagementClient/1.4.1.0",
          "MacAddressHash/9254a221412e5d3ef68e592d30236823a9c8f75cbf51c09c906f797cd005474a"
        ]
      },
      "ResponseBody": "{\r\n  \"startTime\": \"2017-12-23T21:28:10.455719-08:00\",\r\n  \"status\": \"InProgress\",\r\n  \"name\": \"35e191ce-8f90-4644-be10-43e3a4e12878\"\r\n}",
      "ResponseHeaders": {
        "Content-Type": [
          "application/json; charset=utf-8"
        ],
        "Expires": [
          "-1"
        ],
        "Cache-Control": [
          "no-cache"
        ],
        "Date": [
          "Sun, 24 Dec 2017 05:29:43 GMT"
        ],
        "Pragma": [
          "no-cache"
        ],
        "Transfer-Encoding": [
          "chunked"
        ],
        "Server": [
          "Microsoft-HTTPAPI/2.0",
          "Microsoft-HTTPAPI/2.0"
        ],
        "Vary": [
          "Accept-Encoding"
        ],
        "x-ms-ratelimit-remaining-resource": [
          "Microsoft.Compute/GetOperation3Min;11986,Microsoft.Compute/GetOperation30Min;23933"
        ],
        "Strict-Transport-Security": [
          "max-age=31536000; includeSubDomains"
        ],
        "x-ms-served-by": [
          "54253b73-cb53-496f-ab42-5e5ee19426f8_131584210031672236"
        ],
        "x-ms-request-id": [
          "d3b7aa97-4afd-4cbb-b55c-aeda67fb82be"
        ],
        "x-ms-ratelimit-remaining-subscription-reads": [
          "14979"
        ],
        "x-ms-correlation-request-id": [
          "27827e1e-203c-4337-8e05-edd6aa6382b0"
        ],
        "x-ms-routing-request-id": [
          "WESTUS2:20171224T052943Z:27827e1e-203c-4337-8e05-edd6aa6382b0"
        ]
      },
      "StatusCode": 200
    },
    {
      "RequestUri": "/subscriptions/0b1f6471-1bf0-4dda-aec3-cb9272f09590/providers/Microsoft.Compute/locations/eastus/operations/35e191ce-8f90-4644-be10-43e3a4e12878?api-version=2017-12-01",
      "EncodedRequestUri": "L3N1YnNjcmlwdGlvbnMvMGIxZjY0NzEtMWJmMC00ZGRhLWFlYzMtY2I5MjcyZjA5NTkwL3Byb3ZpZGVycy9NaWNyb3NvZnQuQ29tcHV0ZS9sb2NhdGlvbnMvZWFzdHVzL29wZXJhdGlvbnMvMzVlMTkxY2UtOGY5MC00NjQ0LWJlMTAtNDNlM2E0ZTEyODc4P2FwaS12ZXJzaW9uPTIwMTctMTItMDE=",
      "RequestMethod": "GET",
      "RequestBody": "",
      "RequestHeaders": {
        "User-Agent": [
          "FxVersion/4.6.25211.01",
          "Microsoft.Azure.Management.Compute.Fluent.ComputeManagementClient/1.4.1.0",
          "MacAddressHash/9254a221412e5d3ef68e592d30236823a9c8f75cbf51c09c906f797cd005474a"
        ]
      },
      "ResponseBody": "{\r\n  \"startTime\": \"2017-12-23T21:28:10.455719-08:00\",\r\n  \"endTime\": \"2017-12-23T21:30:14.7835328-08:00\",\r\n  \"status\": \"Succeeded\",\r\n  \"name\": \"35e191ce-8f90-4644-be10-43e3a4e12878\"\r\n}",
      "ResponseHeaders": {
        "Content-Type": [
          "application/json; charset=utf-8"
        ],
        "Expires": [
          "-1"
        ],
        "Cache-Control": [
          "no-cache"
        ],
        "Date": [
          "Sun, 24 Dec 2017 05:30:16 GMT"
        ],
        "Pragma": [
          "no-cache"
        ],
        "Transfer-Encoding": [
          "chunked"
        ],
        "Server": [
          "Microsoft-HTTPAPI/2.0",
          "Microsoft-HTTPAPI/2.0"
        ],
        "Vary": [
          "Accept-Encoding"
        ],
        "x-ms-ratelimit-remaining-resource": [
          "Microsoft.Compute/GetOperation3Min;11986,Microsoft.Compute/GetOperation30Min;23930"
        ],
        "Strict-Transport-Security": [
          "max-age=31536000; includeSubDomains"
        ],
        "x-ms-served-by": [
          "54253b73-cb53-496f-ab42-5e5ee19426f8_131584210031672236"
        ],
        "x-ms-request-id": [
          "991fc3dc-5a7d-4bb0-b833-538fad1f9b45"
        ],
        "x-ms-ratelimit-remaining-subscription-reads": [
          "14982"
        ],
        "x-ms-correlation-request-id": [
          "b9fe4e40-8246-4091-8ba0-2353f7e589ef"
        ],
        "x-ms-routing-request-id": [
          "WESTUS2:20171224T053016Z:b9fe4e40-8246-4091-8ba0-2353f7e589ef"
        ]
      },
      "StatusCode": 200
    },
    {
      "RequestUri": "/subscriptions/0b1f6471-1bf0-4dda-aec3-cb9272f09590/resourceGroups/rgfluentchash-4040/providers/Microsoft.Compute/virtualMachines/vm67-8dd94347fbf/generalize?api-version=2017-12-01",
      "EncodedRequestUri": "L3N1YnNjcmlwdGlvbnMvMGIxZjY0NzEtMWJmMC00ZGRhLWFlYzMtY2I5MjcyZjA5NTkwL3Jlc291cmNlR3JvdXBzL3JnZmx1ZW50Y2hhc2gtNDA0MC9wcm92aWRlcnMvTWljcm9zb2Z0LkNvbXB1dGUvdmlydHVhbE1hY2hpbmVzL3ZtNjctOGRkOTQzNDdmYmYvZ2VuZXJhbGl6ZT9hcGktdmVyc2lvbj0yMDE3LTEyLTAx",
      "RequestMethod": "POST",
      "RequestBody": "",
      "RequestHeaders": {
        "x-ms-client-request-id": [
          "74391ea7-2ad6-4c7a-b80f-42d1fcdbb8d6"
        ],
        "accept-language": [
          "en-US"
        ],
        "User-Agent": [
          "FxVersion/4.6.25211.01",
          "Microsoft.Azure.Management.Compute.Fluent.ComputeManagementClient/1.4.1.0",
          "MacAddressHash/9254a221412e5d3ef68e592d30236823a9c8f75cbf51c09c906f797cd005474a"
        ]
      },
      "ResponseBody": "",
      "ResponseHeaders": {
        "Content-Length": [
          "0"
        ],
        "Expires": [
          "-1"
        ],
        "Cache-Control": [
          "no-cache"
        ],
        "Date": [
          "Sun, 24 Dec 2017 05:30:17 GMT"
        ],
        "Pragma": [
          "no-cache"
        ],
        "Server": [
          "Microsoft-HTTPAPI/2.0",
          "Microsoft-HTTPAPI/2.0"
        ],
        "x-ms-ratelimit-remaining-resource": [
          "Microsoft.Compute/UpdateVM3Min;239,Microsoft.Compute/UpdateVM30Min;1198"
        ],
        "Strict-Transport-Security": [
          "max-age=31536000; includeSubDomains"
        ],
        "x-ms-served-by": [
          "54253b73-cb53-496f-ab42-5e5ee19426f8_131584210031672236"
        ],
        "x-ms-request-id": [
          "8a80b372-56b4-4921-b154-b302fa5621c1"
        ],
        "x-ms-ratelimit-remaining-subscription-writes": [
          "1196"
        ],
        "x-ms-correlation-request-id": [
          "125d2bd7-dc64-4f18-a866-8e5ae1597997"
        ],
        "x-ms-routing-request-id": [
          "WESTUS2:20171224T053017Z:125d2bd7-dc64-4f18-a866-8e5ae1597997"
        ]
      },
      "StatusCode": 200
    },
    {
      "RequestUri": "/subscriptions/0b1f6471-1bf0-4dda-aec3-cb9272f09590/resourceGroups/rgfluentchash-4040/providers/Microsoft.Compute/images/img6ff486929b?api-version=2017-12-01",
      "EncodedRequestUri": "L3N1YnNjcmlwdGlvbnMvMGIxZjY0NzEtMWJmMC00ZGRhLWFlYzMtY2I5MjcyZjA5NTkwL3Jlc291cmNlR3JvdXBzL3JnZmx1ZW50Y2hhc2gtNDA0MC9wcm92aWRlcnMvTWljcm9zb2Z0LkNvbXB1dGUvaW1hZ2VzL2ltZzZmZjQ4NjkyOWI/YXBpLXZlcnNpb249MjAxNy0xMi0wMQ==",
      "RequestMethod": "PUT",
      "RequestBody": "{\r\n  \"properties\": {\r\n    \"sourceVirtualMachine\": {\r\n      \"id\": \"/subscriptions/0b1f6471-1bf0-4dda-aec3-cb9272f09590/resourceGroups/rgfluentchash-4040/providers/Microsoft.Compute/virtualMachines/vm67-8dd94347fbf\"\r\n    }\r\n  },\r\n  \"location\": \"eastus\",\r\n  \"tags\": {}\r\n}",
      "RequestHeaders": {
        "Content-Type": [
          "application/json; charset=utf-8"
        ],
        "Content-Length": [
          "268"
        ],
        "x-ms-client-request-id": [
          "3baedbfe-9f38-46ad-8040-1660c420d34e"
        ],
        "accept-language": [
          "en-US"
        ],
        "User-Agent": [
          "FxVersion/4.6.25211.01",
          "Microsoft.Azure.Management.Compute.Fluent.ComputeManagementClient/1.4.1.0",
          "MacAddressHash/9254a221412e5d3ef68e592d30236823a9c8f75cbf51c09c906f797cd005474a"
        ]
      },
      "ResponseBody": "{\r\n  \"properties\": {\r\n    \"sourceVirtualMachine\": {\r\n      \"id\": \"/subscriptions/0b1f6471-1bf0-4dda-aec3-cb9272f09590/resourceGroups/rgfluentchash-4040/providers/Microsoft.Compute/virtualMachines/vm67-8dd94347fbf\"\r\n    },\r\n    \"storageProfile\": {\r\n      \"osDisk\": {\r\n        \"osType\": \"Linux\",\r\n        \"osState\": \"Generalized\",\r\n        \"diskSizeGB\": 29,\r\n        \"blobUri\": \"https://stg56698829934.blob.core.windows.net/vhds/vm67-8dd94347fbf-os-disk-fca36d2b-e45a-4c28-8565-e6f6052db3bd.Vhd\",\r\n        \"caching\": \"ReadWrite\"\r\n      },\r\n      \"dataDisks\": [\r\n        {\r\n          \"lun\": 0,\r\n          \"diskSizeGB\": 30,\r\n          \"blobUri\": \"https://stg56698829934.blob.core.windows.net/vhds/vm67-8dd94347fbf-data-disk-0-25b58906-6de0-4d0c-965b-5fbe98dab53a.Vhd\",\r\n          \"caching\": \"ReadWrite\"\r\n        },\r\n        {\r\n          \"lun\": 1,\r\n          \"diskSizeGB\": 60,\r\n          \"blobUri\": \"https://stg56698829934.blob.core.windows.net/vhds/vm67-8dd94347fbf-data-disk-1-df3ad9f3-e2c9-4ae5-a751-6ef009949e04.Vhd\",\r\n          \"caching\": \"ReadOnly\"\r\n        }\r\n      ]\r\n    },\r\n    \"provisioningState\": \"Creating\"\r\n  },\r\n  \"type\": \"Microsoft.Compute/images\",\r\n  \"location\": \"eastus\",\r\n  \"tags\": {},\r\n  \"id\": \"/subscriptions/0b1f6471-1bf0-4dda-aec3-cb9272f09590/resourceGroups/rgfluentchash-4040/providers/Microsoft.Compute/images/img6ff486929b\",\r\n  \"name\": \"img6ff486929b\"\r\n}",
      "ResponseHeaders": {
        "Content-Length": [
          "1376"
        ],
        "Content-Type": [
          "application/json; charset=utf-8"
        ],
        "Expires": [
          "-1"
        ],
        "Cache-Control": [
          "no-cache"
        ],
        "Date": [
          "Sun, 24 Dec 2017 05:30:24 GMT"
        ],
        "Pragma": [
          "no-cache"
        ],
        "Server": [
          "Microsoft-HTTPAPI/2.0",
          "Microsoft-HTTPAPI/2.0"
        ],
        "Azure-AsyncOperation": [
          "https://management.azure.com/subscriptions/0b1f6471-1bf0-4dda-aec3-cb9272f09590/providers/Microsoft.Compute/locations/eastus/operations/bb9613e5-1fa1-4dcb-9eb0-230a8714da93?api-version=2017-12-01"
        ],
        "x-ms-ratelimit-remaining-resource": [
          "Microsoft.Compute/CreateImages3Min;39,Microsoft.Compute/CreateImages30Min;198"
        ],
        "Strict-Transport-Security": [
          "max-age=31536000; includeSubDomains"
        ],
        "x-ms-served-by": [
          "54253b73-cb53-496f-ab42-5e5ee19426f8_131584210031672236"
        ],
        "x-ms-request-id": [
          "bb9613e5-1fa1-4dcb-9eb0-230a8714da93"
        ],
        "x-ms-ratelimit-remaining-subscription-writes": [
          "1194"
        ],
        "x-ms-correlation-request-id": [
          "0dc4a387-6b4d-401b-aa51-1ca745392335"
        ],
        "x-ms-routing-request-id": [
          "WESTUS2:20171224T053025Z:0dc4a387-6b4d-401b-aa51-1ca745392335"
        ]
      },
      "StatusCode": 201
    },
    {
      "RequestUri": "/subscriptions/0b1f6471-1bf0-4dda-aec3-cb9272f09590/providers/Microsoft.Compute/locations/eastus/operations/bb9613e5-1fa1-4dcb-9eb0-230a8714da93?api-version=2017-12-01",
      "EncodedRequestUri": "L3N1YnNjcmlwdGlvbnMvMGIxZjY0NzEtMWJmMC00ZGRhLWFlYzMtY2I5MjcyZjA5NTkwL3Byb3ZpZGVycy9NaWNyb3NvZnQuQ29tcHV0ZS9sb2NhdGlvbnMvZWFzdHVzL29wZXJhdGlvbnMvYmI5NjEzZTUtMWZhMS00ZGNiLTllYjAtMjMwYTg3MTRkYTkzP2FwaS12ZXJzaW9uPTIwMTctMTItMDE=",
      "RequestMethod": "GET",
      "RequestBody": "",
      "RequestHeaders": {
        "User-Agent": [
          "FxVersion/4.6.25211.01",
          "Microsoft.Azure.Management.Compute.Fluent.ComputeManagementClient/1.4.1.0",
          "MacAddressHash/9254a221412e5d3ef68e592d30236823a9c8f75cbf51c09c906f797cd005474a"
        ]
      },
      "ResponseBody": "{\r\n  \"startTime\": \"2017-12-23T21:30:19.6585049-08:00\",\r\n  \"endTime\": \"2017-12-23T21:30:49.9083043-08:00\",\r\n  \"status\": \"Succeeded\",\r\n  \"name\": \"bb9613e5-1fa1-4dcb-9eb0-230a8714da93\"\r\n}",
      "ResponseHeaders": {
        "Content-Type": [
          "application/json; charset=utf-8"
        ],
        "Expires": [
          "-1"
        ],
        "Cache-Control": [
          "no-cache"
        ],
        "Date": [
          "Sun, 24 Dec 2017 05:30:54 GMT"
        ],
        "Pragma": [
          "no-cache"
        ],
        "Transfer-Encoding": [
          "chunked"
        ],
        "Server": [
          "Microsoft-HTTPAPI/2.0",
          "Microsoft-HTTPAPI/2.0"
        ],
        "Vary": [
          "Accept-Encoding"
        ],
        "x-ms-ratelimit-remaining-resource": [
          "Microsoft.Compute/GetOperation3Min;11985,Microsoft.Compute/GetOperation30Min;23927"
        ],
        "Strict-Transport-Security": [
          "max-age=31536000; includeSubDomains"
        ],
        "x-ms-served-by": [
          "54253b73-cb53-496f-ab42-5e5ee19426f8_131584210031672236"
        ],
        "x-ms-request-id": [
          "56e2a060-ac80-41a0-8a09-6ae416bbbaf1"
        ],
        "x-ms-ratelimit-remaining-subscription-reads": [
          "14979"
        ],
        "x-ms-correlation-request-id": [
          "7a193a2b-0c93-4a41-870d-d5b42321f236"
        ],
        "x-ms-routing-request-id": [
          "WESTUS2:20171224T053055Z:7a193a2b-0c93-4a41-870d-d5b42321f236"
        ]
      },
      "StatusCode": 200
    },
    {
      "RequestUri": "/subscriptions/0b1f6471-1bf0-4dda-aec3-cb9272f09590/resourceGroups/rgfluentchash-4040/providers/Microsoft.Compute/images/img6ff486929b?api-version=2017-12-01",
      "EncodedRequestUri": "L3N1YnNjcmlwdGlvbnMvMGIxZjY0NzEtMWJmMC00ZGRhLWFlYzMtY2I5MjcyZjA5NTkwL3Jlc291cmNlR3JvdXBzL3JnZmx1ZW50Y2hhc2gtNDA0MC9wcm92aWRlcnMvTWljcm9zb2Z0LkNvbXB1dGUvaW1hZ2VzL2ltZzZmZjQ4NjkyOWI/YXBpLXZlcnNpb249MjAxNy0xMi0wMQ==",
      "RequestMethod": "GET",
      "RequestBody": "",
      "RequestHeaders": {
        "User-Agent": [
          "FxVersion/4.6.25211.01",
          "Microsoft.Azure.Management.Compute.Fluent.ComputeManagementClient/1.4.1.0",
          "MacAddressHash/9254a221412e5d3ef68e592d30236823a9c8f75cbf51c09c906f797cd005474a"
        ]
      },
      "ResponseBody": "{\r\n  \"properties\": {\r\n    \"sourceVirtualMachine\": {\r\n      \"id\": \"/subscriptions/0b1f6471-1bf0-4dda-aec3-cb9272f09590/resourceGroups/rgfluentchash-4040/providers/Microsoft.Compute/virtualMachines/vm67-8dd94347fbf\"\r\n    },\r\n    \"storageProfile\": {\r\n      \"osDisk\": {\r\n        \"osType\": \"Linux\",\r\n        \"osState\": \"Generalized\",\r\n        \"diskSizeGB\": 29,\r\n        \"blobUri\": \"https://stg56698829934.blob.core.windows.net/vhds/vm67-8dd94347fbf-os-disk-fca36d2b-e45a-4c28-8565-e6f6052db3bd.Vhd\",\r\n        \"caching\": \"ReadWrite\",\r\n        \"storageAccountType\": \"Standard_LRS\"\r\n      },\r\n      \"dataDisks\": [\r\n        {\r\n          \"lun\": 0,\r\n          \"diskSizeGB\": 30,\r\n          \"blobUri\": \"https://stg56698829934.blob.core.windows.net/vhds/vm67-8dd94347fbf-data-disk-0-25b58906-6de0-4d0c-965b-5fbe98dab53a.Vhd\",\r\n          \"caching\": \"ReadWrite\",\r\n          \"storageAccountType\": \"Standard_LRS\"\r\n        },\r\n        {\r\n          \"lun\": 1,\r\n          \"diskSizeGB\": 60,\r\n          \"blobUri\": \"https://stg56698829934.blob.core.windows.net/vhds/vm67-8dd94347fbf-data-disk-1-df3ad9f3-e2c9-4ae5-a751-6ef009949e04.Vhd\",\r\n          \"caching\": \"ReadOnly\",\r\n          \"storageAccountType\": \"Standard_LRS\"\r\n        }\r\n      ]\r\n    },\r\n    \"provisioningState\": \"Succeeded\"\r\n  },\r\n  \"type\": \"Microsoft.Compute/images\",\r\n  \"location\": \"eastus\",\r\n  \"tags\": {},\r\n  \"id\": \"/subscriptions/0b1f6471-1bf0-4dda-aec3-cb9272f09590/resourceGroups/rgfluentchash-4040/providers/Microsoft.Compute/images/img6ff486929b\",\r\n  \"name\": \"img6ff486929b\"\r\n}",
      "ResponseHeaders": {
        "Content-Type": [
          "application/json; charset=utf-8"
        ],
        "Expires": [
          "-1"
        ],
        "Cache-Control": [
          "no-cache"
        ],
        "Date": [
          "Sun, 24 Dec 2017 05:30:54 GMT"
        ],
        "Pragma": [
          "no-cache"
        ],
        "Transfer-Encoding": [
          "chunked"
        ],
        "Server": [
          "Microsoft-HTTPAPI/2.0",
          "Microsoft-HTTPAPI/2.0"
        ],
        "Vary": [
          "Accept-Encoding"
        ],
        "x-ms-ratelimit-remaining-resource": [
          "Microsoft.Compute/GetImages3Min;359,Microsoft.Compute/GetImages30Min;1794"
        ],
        "Strict-Transport-Security": [
          "max-age=31536000; includeSubDomains"
        ],
        "x-ms-served-by": [
          "54253b73-cb53-496f-ab42-5e5ee19426f8_131584210031672236"
        ],
        "x-ms-request-id": [
          "d6d09027-457b-4d0f-96e4-975602101530"
        ],
        "x-ms-ratelimit-remaining-subscription-reads": [
          "14977"
        ],
        "x-ms-correlation-request-id": [
          "95359e75-7a68-4ba2-a999-359032575c18"
        ],
        "x-ms-routing-request-id": [
          "WESTUS2:20171224T053055Z:95359e75-7a68-4ba2-a999-359032575c18"
        ]
      },
      "StatusCode": 200
    },
    {
      "RequestUri": "/subscriptions/0b1f6471-1bf0-4dda-aec3-cb9272f09590/resourceGroups/rgfluentchash-4040/providers/Microsoft.Compute/images/img6ff486929b?api-version=2017-12-01",
      "EncodedRequestUri": "L3N1YnNjcmlwdGlvbnMvMGIxZjY0NzEtMWJmMC00ZGRhLWFlYzMtY2I5MjcyZjA5NTkwL3Jlc291cmNlR3JvdXBzL3JnZmx1ZW50Y2hhc2gtNDA0MC9wcm92aWRlcnMvTWljcm9zb2Z0LkNvbXB1dGUvaW1hZ2VzL2ltZzZmZjQ4NjkyOWI/YXBpLXZlcnNpb249MjAxNy0xMi0wMQ==",
      "RequestMethod": "GET",
      "RequestBody": "",
      "RequestHeaders": {
        "x-ms-client-request-id": [
          "e130cdef-3661-4441-aa40-320a2a6f40ce"
        ],
        "accept-language": [
          "en-US"
        ],
        "User-Agent": [
          "FxVersion/4.6.25211.01",
          "Microsoft.Azure.Management.Compute.Fluent.ComputeManagementClient/1.4.1.0",
          "MacAddressHash/9254a221412e5d3ef68e592d30236823a9c8f75cbf51c09c906f797cd005474a"
        ]
      },
      "ResponseBody": "{\r\n  \"properties\": {\r\n    \"sourceVirtualMachine\": {\r\n      \"id\": \"/subscriptions/0b1f6471-1bf0-4dda-aec3-cb9272f09590/resourceGroups/rgfluentchash-4040/providers/Microsoft.Compute/virtualMachines/vm67-8dd94347fbf\"\r\n    },\r\n    \"storageProfile\": {\r\n      \"osDisk\": {\r\n        \"osType\": \"Linux\",\r\n        \"osState\": \"Generalized\",\r\n        \"diskSizeGB\": 29,\r\n        \"blobUri\": \"https://stg56698829934.blob.core.windows.net/vhds/vm67-8dd94347fbf-os-disk-fca36d2b-e45a-4c28-8565-e6f6052db3bd.Vhd\",\r\n        \"caching\": \"ReadWrite\",\r\n        \"storageAccountType\": \"Standard_LRS\"\r\n      },\r\n      \"dataDisks\": [\r\n        {\r\n          \"lun\": 0,\r\n          \"diskSizeGB\": 30,\r\n          \"blobUri\": \"https://stg56698829934.blob.core.windows.net/vhds/vm67-8dd94347fbf-data-disk-0-25b58906-6de0-4d0c-965b-5fbe98dab53a.Vhd\",\r\n          \"caching\": \"ReadWrite\",\r\n          \"storageAccountType\": \"Standard_LRS\"\r\n        },\r\n        {\r\n          \"lun\": 1,\r\n          \"diskSizeGB\": 60,\r\n          \"blobUri\": \"https://stg56698829934.blob.core.windows.net/vhds/vm67-8dd94347fbf-data-disk-1-df3ad9f3-e2c9-4ae5-a751-6ef009949e04.Vhd\",\r\n          \"caching\": \"ReadOnly\",\r\n          \"storageAccountType\": \"Standard_LRS\"\r\n        }\r\n      ]\r\n    },\r\n    \"provisioningState\": \"Succeeded\"\r\n  },\r\n  \"type\": \"Microsoft.Compute/images\",\r\n  \"location\": \"eastus\",\r\n  \"tags\": {},\r\n  \"id\": \"/subscriptions/0b1f6471-1bf0-4dda-aec3-cb9272f09590/resourceGroups/rgfluentchash-4040/providers/Microsoft.Compute/images/img6ff486929b\",\r\n  \"name\": \"img6ff486929b\"\r\n}",
      "ResponseHeaders": {
        "Content-Type": [
          "application/json; charset=utf-8"
        ],
        "Expires": [
          "-1"
        ],
        "Cache-Control": [
          "no-cache"
        ],
        "Date": [
          "Sun, 24 Dec 2017 05:30:54 GMT"
        ],
        "Pragma": [
          "no-cache"
        ],
        "Transfer-Encoding": [
          "chunked"
        ],
        "Server": [
          "Microsoft-HTTPAPI/2.0",
          "Microsoft-HTTPAPI/2.0"
        ],
        "Vary": [
          "Accept-Encoding"
        ],
        "x-ms-ratelimit-remaining-resource": [
          "Microsoft.Compute/GetImages3Min;358,Microsoft.Compute/GetImages30Min;1793"
        ],
        "Strict-Transport-Security": [
          "max-age=31536000; includeSubDomains"
        ],
        "x-ms-served-by": [
          "54253b73-cb53-496f-ab42-5e5ee19426f8_131584210031672236"
        ],
        "x-ms-request-id": [
          "f91e91bd-77bb-41c9-a5ce-5aa16c974925"
        ],
        "x-ms-ratelimit-remaining-subscription-reads": [
          "14976"
        ],
        "x-ms-correlation-request-id": [
          "f898535a-47e7-43e1-bc09-3e131890af44"
        ],
        "x-ms-routing-request-id": [
          "WESTUS2:20171224T053055Z:f898535a-47e7-43e1-bc09-3e131890af44"
        ]
      },
      "StatusCode": 200
    },
    {
      "RequestUri": "/subscriptions/0b1f6471-1bf0-4dda-aec3-cb9272f09590/resourceGroups/rgfluentchash-4040/providers/Microsoft.Compute/images/img6ff486929b?api-version=2017-12-01",
      "EncodedRequestUri": "L3N1YnNjcmlwdGlvbnMvMGIxZjY0NzEtMWJmMC00ZGRhLWFlYzMtY2I5MjcyZjA5NTkwL3Jlc291cmNlR3JvdXBzL3JnZmx1ZW50Y2hhc2gtNDA0MC9wcm92aWRlcnMvTWljcm9zb2Z0LkNvbXB1dGUvaW1hZ2VzL2ltZzZmZjQ4NjkyOWI/YXBpLXZlcnNpb249MjAxNy0xMi0wMQ==",
      "RequestMethod": "DELETE",
      "RequestBody": "",
      "RequestHeaders": {
        "x-ms-client-request-id": [
          "932a2a48-4dea-4ab6-a271-58c75bf2a7f3"
        ],
        "accept-language": [
          "en-US"
        ],
        "User-Agent": [
          "FxVersion/4.6.25211.01",
          "Microsoft.Azure.Management.Compute.Fluent.ComputeManagementClient/1.4.1.0",
          "MacAddressHash/9254a221412e5d3ef68e592d30236823a9c8f75cbf51c09c906f797cd005474a"
        ]
      },
      "ResponseBody": "",
      "ResponseHeaders": {
        "Content-Length": [
          "0"
        ],
        "Expires": [
          "-1"
        ],
        "Cache-Control": [
          "no-cache"
        ],
        "Date": [
          "Sun, 24 Dec 2017 05:30:55 GMT"
        ],
        "Pragma": [
          "no-cache"
        ],
        "Location": [
          "https://management.azure.com/subscriptions/0b1f6471-1bf0-4dda-aec3-cb9272f09590/providers/Microsoft.Compute/locations/eastus/operations/c9830254-56aa-4be8-b950-471219127d41?monitor=true&api-version=2017-12-01"
        ],
        "Server": [
          "Microsoft-HTTPAPI/2.0",
          "Microsoft-HTTPAPI/2.0"
        ],
        "Azure-AsyncOperation": [
          "https://management.azure.com/subscriptions/0b1f6471-1bf0-4dda-aec3-cb9272f09590/providers/Microsoft.Compute/locations/eastus/operations/c9830254-56aa-4be8-b950-471219127d41?api-version=2017-12-01"
        ],
        "x-ms-ratelimit-remaining-resource": [
          "Microsoft.Compute/DeleteImages3Min;119,Microsoft.Compute/DeleteImages30Min;598"
        ],
        "Strict-Transport-Security": [
          "max-age=31536000; includeSubDomains"
        ],
        "x-ms-served-by": [
          "54253b73-cb53-496f-ab42-5e5ee19426f8_131584210031672236"
        ],
        "x-ms-request-id": [
          "c9830254-56aa-4be8-b950-471219127d41"
        ],
        "x-ms-ratelimit-remaining-subscription-writes": [
          "1190"
        ],
        "x-ms-correlation-request-id": [
          "c5fe0790-8baa-4291-a89d-bbe9662843c5"
        ],
        "x-ms-routing-request-id": [
          "WESTUS2:20171224T053056Z:c5fe0790-8baa-4291-a89d-bbe9662843c5"
        ]
      },
      "StatusCode": 202
    },
    {
      "RequestUri": "/subscriptions/0b1f6471-1bf0-4dda-aec3-cb9272f09590/providers/Microsoft.Compute/locations/eastus/operations/c9830254-56aa-4be8-b950-471219127d41?api-version=2017-12-01",
      "EncodedRequestUri": "L3N1YnNjcmlwdGlvbnMvMGIxZjY0NzEtMWJmMC00ZGRhLWFlYzMtY2I5MjcyZjA5NTkwL3Byb3ZpZGVycy9NaWNyb3NvZnQuQ29tcHV0ZS9sb2NhdGlvbnMvZWFzdHVzL29wZXJhdGlvbnMvYzk4MzAyNTQtNTZhYS00YmU4LWI5NTAtNDcxMjE5MTI3ZDQxP2FwaS12ZXJzaW9uPTIwMTctMTItMDE=",
      "RequestMethod": "GET",
      "RequestBody": "",
      "RequestHeaders": {
        "User-Agent": [
          "FxVersion/4.6.25211.01",
          "Microsoft.Azure.Management.Compute.Fluent.ComputeManagementClient/1.4.1.0",
          "MacAddressHash/9254a221412e5d3ef68e592d30236823a9c8f75cbf51c09c906f797cd005474a"
        ]
      },
      "ResponseBody": "{\r\n  \"startTime\": \"2017-12-23T21:30:56.1426484-08:00\",\r\n  \"endTime\": \"2017-12-23T21:31:01.2207591-08:00\",\r\n  \"status\": \"Succeeded\",\r\n  \"name\": \"c9830254-56aa-4be8-b950-471219127d41\"\r\n}",
      "ResponseHeaders": {
        "Content-Type": [
          "application/json; charset=utf-8"
        ],
        "Expires": [
          "-1"
        ],
        "Cache-Control": [
          "no-cache"
        ],
        "Date": [
          "Sun, 24 Dec 2017 05:31:26 GMT"
        ],
        "Pragma": [
          "no-cache"
        ],
        "Transfer-Encoding": [
          "chunked"
        ],
        "Server": [
          "Microsoft-HTTPAPI/2.0",
          "Microsoft-HTTPAPI/2.0"
        ],
        "Vary": [
          "Accept-Encoding"
        ],
        "x-ms-ratelimit-remaining-resource": [
          "Microsoft.Compute/GetOperation3Min;11984,Microsoft.Compute/GetOperation30Min;23924"
        ],
        "Strict-Transport-Security": [
          "max-age=31536000; includeSubDomains"
        ],
        "x-ms-served-by": [
          "54253b73-cb53-496f-ab42-5e5ee19426f8_131584210031672236"
        ],
        "x-ms-request-id": [
          "151ae461-e613-473f-8c32-31aea89b6e8b"
        ],
        "x-ms-ratelimit-remaining-subscription-reads": [
          "14972"
        ],
        "x-ms-correlation-request-id": [
          "45d7b26b-c2f2-4c97-91fe-4de442970c39"
        ],
        "x-ms-routing-request-id": [
          "WESTUS2:20171224T053126Z:45d7b26b-c2f2-4c97-91fe-4de442970c39"
        ]
      },
      "StatusCode": 200
    },
    {
      "RequestUri": "/subscriptions/0b1f6471-1bf0-4dda-aec3-cb9272f09590/resourcegroups/rgfluentchash-4040?api-version=2016-02-01",
      "EncodedRequestUri": "L3N1YnNjcmlwdGlvbnMvMGIxZjY0NzEtMWJmMC00ZGRhLWFlYzMtY2I5MjcyZjA5NTkwL3Jlc291cmNlZ3JvdXBzL3JnZmx1ZW50Y2hhc2gtNDA0MD9hcGktdmVyc2lvbj0yMDE2LTAyLTAx",
      "RequestMethod": "DELETE",
      "RequestBody": "",
      "RequestHeaders": {
        "x-ms-client-request-id": [
          "0839a73f-c66d-49f0-a235-20240582e0b0"
        ],
        "accept-language": [
          "en-US"
        ],
        "User-Agent": [
          "FxVersion/4.6.25211.01",
          "Microsoft.Azure.Management.ResourceManager.Fluent.ResourceManagementClient/1.4.1.0",
          "MacAddressHash/9254a221412e5d3ef68e592d30236823a9c8f75cbf51c09c906f797cd005474a"
        ]
      },
      "ResponseBody": "",
      "ResponseHeaders": {
        "Content-Length": [
          "0"
        ],
        "Expires": [
          "-1"
        ],
        "Cache-Control": [
          "no-cache"
        ],
        "Date": [
          "Sun, 24 Dec 2017 05:31:28 GMT"
        ],
        "Pragma": [
          "no-cache"
        ],
        "Location": [
          "https://management.azure.com/subscriptions/0b1f6471-1bf0-4dda-aec3-cb9272f09590/operationresults/eyJqb2JJZCI6IlJFU09VUkNFR1JPVVBERUxFVElPTkpPQi1SR0ZMVUVOVENIQVNIOjJENDA0MC1FQVNUVVMiLCJqb2JMb2NhdGlvbiI6ImVhc3R1cyJ9?api-version=2016-02-01"
        ],
        "Retry-After": [
          "15"
        ],
        "x-ms-ratelimit-remaining-subscription-writes": [
          "1199"
        ],
        "x-ms-request-id": [
          "46c1d0f3-c7a6-4a2c-933c-fe9b01ad6d39"
        ],
        "x-ms-correlation-request-id": [
          "46c1d0f3-c7a6-4a2c-933c-fe9b01ad6d39"
        ],
        "x-ms-routing-request-id": [
          "WESTUS2:20171224T053128Z:46c1d0f3-c7a6-4a2c-933c-fe9b01ad6d39"
        ],
        "Strict-Transport-Security": [
          "max-age=31536000; includeSubDomains"
        ]
      },
      "StatusCode": 202
    },
    {
      "RequestUri": "/subscriptions/0b1f6471-1bf0-4dda-aec3-cb9272f09590/operationresults/eyJqb2JJZCI6IlJFU09VUkNFR1JPVVBERUxFVElPTkpPQi1SR0ZMVUVOVENIQVNIOjJENDA0MC1FQVNUVVMiLCJqb2JMb2NhdGlvbiI6ImVhc3R1cyJ9?api-version=2016-02-01",
      "EncodedRequestUri": "L3N1YnNjcmlwdGlvbnMvMGIxZjY0NzEtMWJmMC00ZGRhLWFlYzMtY2I5MjcyZjA5NTkwL29wZXJhdGlvbnJlc3VsdHMvZXlKcWIySkpaQ0k2SWxKRlUwOVZVa05GUjFKUFZWQkVSVXhGVkVsUFRrcFBRaTFTUjBaTVZVVk9WRU5JUVZOSU9qSkVOREEwTUMxRlFWTlVWVk1pTENKcWIySk1iMk5oZEdsdmJpSTZJbVZoYzNSMWN5Sjk/YXBpLXZlcnNpb249MjAxNi0wMi0wMQ==",
      "RequestMethod": "GET",
      "RequestBody": "",
      "RequestHeaders": {
        "User-Agent": [
          "FxVersion/4.6.25211.01",
          "Microsoft.Azure.Management.ResourceManager.Fluent.ResourceManagementClient/1.4.1.0",
          "MacAddressHash/9254a221412e5d3ef68e592d30236823a9c8f75cbf51c09c906f797cd005474a"
        ]
      },
      "ResponseBody": "",
      "ResponseHeaders": {
        "Content-Length": [
          "0"
        ],
        "Expires": [
          "-1"
        ],
        "Cache-Control": [
          "no-cache"
        ],
        "Date": [
          "Sun, 24 Dec 2017 05:31:44 GMT"
        ],
        "Pragma": [
          "no-cache"
        ],
        "Location": [
          "https://management.azure.com/subscriptions/0b1f6471-1bf0-4dda-aec3-cb9272f09590/operationresults/eyJqb2JJZCI6IlJFU09VUkNFR1JPVVBERUxFVElPTkpPQi1SR0ZMVUVOVENIQVNIOjJENDA0MC1FQVNUVVMiLCJqb2JMb2NhdGlvbiI6ImVhc3R1cyJ9?api-version=2016-02-01"
        ],
        "Retry-After": [
          "15"
        ],
        "x-ms-ratelimit-remaining-subscription-reads": [
          "14998"
        ],
        "x-ms-request-id": [
          "218f5e5e-335f-46b9-80cd-e441681e1a7d"
        ],
        "x-ms-correlation-request-id": [
          "218f5e5e-335f-46b9-80cd-e441681e1a7d"
        ],
        "x-ms-routing-request-id": [
          "WESTUS2:20171224T053144Z:218f5e5e-335f-46b9-80cd-e441681e1a7d"
        ],
        "Strict-Transport-Security": [
          "max-age=31536000; includeSubDomains"
        ]
      },
      "StatusCode": 202
    },
    {
      "RequestUri": "/subscriptions/0b1f6471-1bf0-4dda-aec3-cb9272f09590/operationresults/eyJqb2JJZCI6IlJFU09VUkNFR1JPVVBERUxFVElPTkpPQi1SR0ZMVUVOVENIQVNIOjJENDA0MC1FQVNUVVMiLCJqb2JMb2NhdGlvbiI6ImVhc3R1cyJ9?api-version=2016-02-01",
      "EncodedRequestUri": "L3N1YnNjcmlwdGlvbnMvMGIxZjY0NzEtMWJmMC00ZGRhLWFlYzMtY2I5MjcyZjA5NTkwL29wZXJhdGlvbnJlc3VsdHMvZXlKcWIySkpaQ0k2SWxKRlUwOVZVa05GUjFKUFZWQkVSVXhGVkVsUFRrcFBRaTFTUjBaTVZVVk9WRU5JUVZOSU9qSkVOREEwTUMxRlFWTlVWVk1pTENKcWIySk1iMk5oZEdsdmJpSTZJbVZoYzNSMWN5Sjk/YXBpLXZlcnNpb249MjAxNi0wMi0wMQ==",
      "RequestMethod": "GET",
      "RequestBody": "",
      "RequestHeaders": {
        "User-Agent": [
          "FxVersion/4.6.25211.01",
          "Microsoft.Azure.Management.ResourceManager.Fluent.ResourceManagementClient/1.4.1.0",
          "MacAddressHash/9254a221412e5d3ef68e592d30236823a9c8f75cbf51c09c906f797cd005474a"
        ]
      },
      "ResponseBody": "",
      "ResponseHeaders": {
        "Content-Length": [
          "0"
        ],
        "Expires": [
          "-1"
        ],
        "Cache-Control": [
          "no-cache"
        ],
        "Date": [
          "Sun, 24 Dec 2017 05:31:59 GMT"
        ],
        "Pragma": [
          "no-cache"
        ],
        "Location": [
          "https://management.azure.com/subscriptions/0b1f6471-1bf0-4dda-aec3-cb9272f09590/operationresults/eyJqb2JJZCI6IlJFU09VUkNFR1JPVVBERUxFVElPTkpPQi1SR0ZMVUVOVENIQVNIOjJENDA0MC1FQVNUVVMiLCJqb2JMb2NhdGlvbiI6ImVhc3R1cyJ9?api-version=2016-02-01"
        ],
        "Retry-After": [
          "15"
        ],
        "x-ms-ratelimit-remaining-subscription-reads": [
          "14997"
        ],
        "x-ms-request-id": [
          "86611e7b-f4ee-4a3b-b62b-b178f86569f2"
        ],
        "x-ms-correlation-request-id": [
          "86611e7b-f4ee-4a3b-b62b-b178f86569f2"
        ],
        "x-ms-routing-request-id": [
          "WESTUS2:20171224T053159Z:86611e7b-f4ee-4a3b-b62b-b178f86569f2"
        ],
        "Strict-Transport-Security": [
          "max-age=31536000; includeSubDomains"
        ]
      },
      "StatusCode": 202
    },
    {
      "RequestUri": "/subscriptions/0b1f6471-1bf0-4dda-aec3-cb9272f09590/operationresults/eyJqb2JJZCI6IlJFU09VUkNFR1JPVVBERUxFVElPTkpPQi1SR0ZMVUVOVENIQVNIOjJENDA0MC1FQVNUVVMiLCJqb2JMb2NhdGlvbiI6ImVhc3R1cyJ9?api-version=2016-02-01",
      "EncodedRequestUri": "L3N1YnNjcmlwdGlvbnMvMGIxZjY0NzEtMWJmMC00ZGRhLWFlYzMtY2I5MjcyZjA5NTkwL29wZXJhdGlvbnJlc3VsdHMvZXlKcWIySkpaQ0k2SWxKRlUwOVZVa05GUjFKUFZWQkVSVXhGVkVsUFRrcFBRaTFTUjBaTVZVVk9WRU5JUVZOSU9qSkVOREEwTUMxRlFWTlVWVk1pTENKcWIySk1iMk5oZEdsdmJpSTZJbVZoYzNSMWN5Sjk/YXBpLXZlcnNpb249MjAxNi0wMi0wMQ==",
      "RequestMethod": "GET",
      "RequestBody": "",
      "RequestHeaders": {
        "User-Agent": [
          "FxVersion/4.6.25211.01",
          "Microsoft.Azure.Management.ResourceManager.Fluent.ResourceManagementClient/1.4.1.0",
          "MacAddressHash/9254a221412e5d3ef68e592d30236823a9c8f75cbf51c09c906f797cd005474a"
        ]
      },
      "ResponseBody": "",
      "ResponseHeaders": {
        "Content-Length": [
          "0"
        ],
        "Expires": [
          "-1"
        ],
        "Cache-Control": [
          "no-cache"
        ],
        "Date": [
          "Sun, 24 Dec 2017 05:32:14 GMT"
        ],
        "Pragma": [
          "no-cache"
        ],
        "Location": [
          "https://management.azure.com/subscriptions/0b1f6471-1bf0-4dda-aec3-cb9272f09590/operationresults/eyJqb2JJZCI6IlJFU09VUkNFR1JPVVBERUxFVElPTkpPQi1SR0ZMVUVOVENIQVNIOjJENDA0MC1FQVNUVVMiLCJqb2JMb2NhdGlvbiI6ImVhc3R1cyJ9?api-version=2016-02-01"
        ],
        "Retry-After": [
          "15"
        ],
        "x-ms-ratelimit-remaining-subscription-reads": [
          "14996"
        ],
        "x-ms-request-id": [
          "8c208d90-2513-4b13-b13d-6d43aa047417"
        ],
        "x-ms-correlation-request-id": [
          "8c208d90-2513-4b13-b13d-6d43aa047417"
        ],
        "x-ms-routing-request-id": [
          "WESTUS2:20171224T053214Z:8c208d90-2513-4b13-b13d-6d43aa047417"
        ],
        "Strict-Transport-Security": [
          "max-age=31536000; includeSubDomains"
        ]
      },
      "StatusCode": 202
    },
    {
      "RequestUri": "/subscriptions/0b1f6471-1bf0-4dda-aec3-cb9272f09590/operationresults/eyJqb2JJZCI6IlJFU09VUkNFR1JPVVBERUxFVElPTkpPQi1SR0ZMVUVOVENIQVNIOjJENDA0MC1FQVNUVVMiLCJqb2JMb2NhdGlvbiI6ImVhc3R1cyJ9?api-version=2016-02-01",
      "EncodedRequestUri": "L3N1YnNjcmlwdGlvbnMvMGIxZjY0NzEtMWJmMC00ZGRhLWFlYzMtY2I5MjcyZjA5NTkwL29wZXJhdGlvbnJlc3VsdHMvZXlKcWIySkpaQ0k2SWxKRlUwOVZVa05GUjFKUFZWQkVSVXhGVkVsUFRrcFBRaTFTUjBaTVZVVk9WRU5JUVZOSU9qSkVOREEwTUMxRlFWTlVWVk1pTENKcWIySk1iMk5oZEdsdmJpSTZJbVZoYzNSMWN5Sjk/YXBpLXZlcnNpb249MjAxNi0wMi0wMQ==",
      "RequestMethod": "GET",
      "RequestBody": "",
      "RequestHeaders": {
        "User-Agent": [
          "FxVersion/4.6.25211.01",
          "Microsoft.Azure.Management.ResourceManager.Fluent.ResourceManagementClient/1.4.1.0",
          "MacAddressHash/9254a221412e5d3ef68e592d30236823a9c8f75cbf51c09c906f797cd005474a"
        ]
      },
      "ResponseBody": "",
      "ResponseHeaders": {
        "Content-Length": [
          "0"
        ],
        "Expires": [
          "-1"
        ],
        "Cache-Control": [
          "no-cache"
        ],
        "Date": [
          "Sun, 24 Dec 2017 05:32:29 GMT"
        ],
        "Pragma": [
          "no-cache"
        ],
        "Location": [
          "https://management.azure.com/subscriptions/0b1f6471-1bf0-4dda-aec3-cb9272f09590/operationresults/eyJqb2JJZCI6IlJFU09VUkNFR1JPVVBERUxFVElPTkpPQi1SR0ZMVUVOVENIQVNIOjJENDA0MC1FQVNUVVMiLCJqb2JMb2NhdGlvbiI6ImVhc3R1cyJ9?api-version=2016-02-01"
        ],
        "Retry-After": [
          "15"
        ],
        "x-ms-ratelimit-remaining-subscription-reads": [
          "14995"
        ],
        "x-ms-request-id": [
          "91b3f467-40a1-406c-836a-79c324d07f02"
        ],
        "x-ms-correlation-request-id": [
          "91b3f467-40a1-406c-836a-79c324d07f02"
        ],
        "x-ms-routing-request-id": [
          "WESTUS2:20171224T053229Z:91b3f467-40a1-406c-836a-79c324d07f02"
        ],
        "Strict-Transport-Security": [
          "max-age=31536000; includeSubDomains"
        ]
      },
      "StatusCode": 202
    },
    {
      "RequestUri": "/subscriptions/0b1f6471-1bf0-4dda-aec3-cb9272f09590/operationresults/eyJqb2JJZCI6IlJFU09VUkNFR1JPVVBERUxFVElPTkpPQi1SR0ZMVUVOVENIQVNIOjJENDA0MC1FQVNUVVMiLCJqb2JMb2NhdGlvbiI6ImVhc3R1cyJ9?api-version=2016-02-01",
      "EncodedRequestUri": "L3N1YnNjcmlwdGlvbnMvMGIxZjY0NzEtMWJmMC00ZGRhLWFlYzMtY2I5MjcyZjA5NTkwL29wZXJhdGlvbnJlc3VsdHMvZXlKcWIySkpaQ0k2SWxKRlUwOVZVa05GUjFKUFZWQkVSVXhGVkVsUFRrcFBRaTFTUjBaTVZVVk9WRU5JUVZOSU9qSkVOREEwTUMxRlFWTlVWVk1pTENKcWIySk1iMk5oZEdsdmJpSTZJbVZoYzNSMWN5Sjk/YXBpLXZlcnNpb249MjAxNi0wMi0wMQ==",
      "RequestMethod": "GET",
      "RequestBody": "",
      "RequestHeaders": {
        "User-Agent": [
          "FxVersion/4.6.25211.01",
          "Microsoft.Azure.Management.ResourceManager.Fluent.ResourceManagementClient/1.4.1.0",
          "MacAddressHash/9254a221412e5d3ef68e592d30236823a9c8f75cbf51c09c906f797cd005474a"
        ]
      },
      "ResponseBody": "",
      "ResponseHeaders": {
        "Content-Length": [
          "0"
        ],
        "Expires": [
          "-1"
        ],
        "Cache-Control": [
          "no-cache"
        ],
        "Date": [
          "Sun, 24 Dec 2017 05:32:44 GMT"
        ],
        "Pragma": [
          "no-cache"
        ],
        "Location": [
          "https://management.azure.com/subscriptions/0b1f6471-1bf0-4dda-aec3-cb9272f09590/operationresults/eyJqb2JJZCI6IlJFU09VUkNFR1JPVVBERUxFVElPTkpPQi1SR0ZMVUVOVENIQVNIOjJENDA0MC1FQVNUVVMiLCJqb2JMb2NhdGlvbiI6ImVhc3R1cyJ9?api-version=2016-02-01"
        ],
        "Retry-After": [
          "15"
        ],
        "x-ms-ratelimit-remaining-subscription-reads": [
          "14994"
        ],
        "x-ms-request-id": [
          "f61acbfb-24fa-4f76-952c-a606e1b41521"
        ],
        "x-ms-correlation-request-id": [
          "f61acbfb-24fa-4f76-952c-a606e1b41521"
        ],
        "x-ms-routing-request-id": [
          "WESTUS2:20171224T053245Z:f61acbfb-24fa-4f76-952c-a606e1b41521"
        ],
        "Strict-Transport-Security": [
          "max-age=31536000; includeSubDomains"
        ]
      },
      "StatusCode": 202
    },
    {
      "RequestUri": "/subscriptions/0b1f6471-1bf0-4dda-aec3-cb9272f09590/operationresults/eyJqb2JJZCI6IlJFU09VUkNFR1JPVVBERUxFVElPTkpPQi1SR0ZMVUVOVENIQVNIOjJENDA0MC1FQVNUVVMiLCJqb2JMb2NhdGlvbiI6ImVhc3R1cyJ9?api-version=2016-02-01",
      "EncodedRequestUri": "L3N1YnNjcmlwdGlvbnMvMGIxZjY0NzEtMWJmMC00ZGRhLWFlYzMtY2I5MjcyZjA5NTkwL29wZXJhdGlvbnJlc3VsdHMvZXlKcWIySkpaQ0k2SWxKRlUwOVZVa05GUjFKUFZWQkVSVXhGVkVsUFRrcFBRaTFTUjBaTVZVVk9WRU5JUVZOSU9qSkVOREEwTUMxRlFWTlVWVk1pTENKcWIySk1iMk5oZEdsdmJpSTZJbVZoYzNSMWN5Sjk/YXBpLXZlcnNpb249MjAxNi0wMi0wMQ==",
      "RequestMethod": "GET",
      "RequestBody": "",
      "RequestHeaders": {
        "User-Agent": [
          "FxVersion/4.6.25211.01",
          "Microsoft.Azure.Management.ResourceManager.Fluent.ResourceManagementClient/1.4.1.0",
          "MacAddressHash/9254a221412e5d3ef68e592d30236823a9c8f75cbf51c09c906f797cd005474a"
        ]
      },
      "ResponseBody": "",
      "ResponseHeaders": {
        "Content-Length": [
          "0"
        ],
        "Expires": [
          "-1"
        ],
        "Cache-Control": [
          "no-cache"
        ],
        "Date": [
          "Sun, 24 Dec 2017 05:33:00 GMT"
        ],
        "Pragma": [
          "no-cache"
        ],
        "Location": [
          "https://management.azure.com/subscriptions/0b1f6471-1bf0-4dda-aec3-cb9272f09590/operationresults/eyJqb2JJZCI6IlJFU09VUkNFR1JPVVBERUxFVElPTkpPQi1SR0ZMVUVOVENIQVNIOjJENDA0MC1FQVNUVVMiLCJqb2JMb2NhdGlvbiI6ImVhc3R1cyJ9?api-version=2016-02-01"
        ],
        "Retry-After": [
          "15"
        ],
        "x-ms-ratelimit-remaining-subscription-reads": [
          "14993"
        ],
        "x-ms-request-id": [
          "8a27c88e-69e9-44a5-b263-9123eb8f012a"
        ],
        "x-ms-correlation-request-id": [
          "8a27c88e-69e9-44a5-b263-9123eb8f012a"
        ],
        "x-ms-routing-request-id": [
          "WESTUS2:20171224T053300Z:8a27c88e-69e9-44a5-b263-9123eb8f012a"
        ],
        "Strict-Transport-Security": [
          "max-age=31536000; includeSubDomains"
        ]
      },
      "StatusCode": 202
    },
    {
      "RequestUri": "/subscriptions/0b1f6471-1bf0-4dda-aec3-cb9272f09590/operationresults/eyJqb2JJZCI6IlJFU09VUkNFR1JPVVBERUxFVElPTkpPQi1SR0ZMVUVOVENIQVNIOjJENDA0MC1FQVNUVVMiLCJqb2JMb2NhdGlvbiI6ImVhc3R1cyJ9?api-version=2016-02-01",
      "EncodedRequestUri": "L3N1YnNjcmlwdGlvbnMvMGIxZjY0NzEtMWJmMC00ZGRhLWFlYzMtY2I5MjcyZjA5NTkwL29wZXJhdGlvbnJlc3VsdHMvZXlKcWIySkpaQ0k2SWxKRlUwOVZVa05GUjFKUFZWQkVSVXhGVkVsUFRrcFBRaTFTUjBaTVZVVk9WRU5JUVZOSU9qSkVOREEwTUMxRlFWTlVWVk1pTENKcWIySk1iMk5oZEdsdmJpSTZJbVZoYzNSMWN5Sjk/YXBpLXZlcnNpb249MjAxNi0wMi0wMQ==",
      "RequestMethod": "GET",
      "RequestBody": "",
      "RequestHeaders": {
        "User-Agent": [
          "FxVersion/4.6.25211.01",
          "Microsoft.Azure.Management.ResourceManager.Fluent.ResourceManagementClient/1.4.1.0",
          "MacAddressHash/9254a221412e5d3ef68e592d30236823a9c8f75cbf51c09c906f797cd005474a"
        ]
      },
      "ResponseBody": "",
      "ResponseHeaders": {
        "Content-Length": [
          "0"
        ],
        "Expires": [
          "-1"
        ],
        "Cache-Control": [
          "no-cache"
        ],
        "Date": [
          "Sun, 24 Dec 2017 05:33:15 GMT"
        ],
        "Pragma": [
          "no-cache"
        ],
        "Location": [
          "https://management.azure.com/subscriptions/0b1f6471-1bf0-4dda-aec3-cb9272f09590/operationresults/eyJqb2JJZCI6IlJFU09VUkNFR1JPVVBERUxFVElPTkpPQi1SR0ZMVUVOVENIQVNIOjJENDA0MC1FQVNUVVMiLCJqb2JMb2NhdGlvbiI6ImVhc3R1cyJ9?api-version=2016-02-01"
        ],
        "Retry-After": [
          "15"
        ],
        "x-ms-ratelimit-remaining-subscription-reads": [
          "14992"
        ],
        "x-ms-request-id": [
          "2614af33-942a-4dd0-b404-6e03369814d0"
        ],
        "x-ms-correlation-request-id": [
          "2614af33-942a-4dd0-b404-6e03369814d0"
        ],
        "x-ms-routing-request-id": [
          "WESTUS2:20171224T053315Z:2614af33-942a-4dd0-b404-6e03369814d0"
        ],
        "Strict-Transport-Security": [
          "max-age=31536000; includeSubDomains"
        ]
      },
      "StatusCode": 202
    },
    {
      "RequestUri": "/subscriptions/0b1f6471-1bf0-4dda-aec3-cb9272f09590/operationresults/eyJqb2JJZCI6IlJFU09VUkNFR1JPVVBERUxFVElPTkpPQi1SR0ZMVUVOVENIQVNIOjJENDA0MC1FQVNUVVMiLCJqb2JMb2NhdGlvbiI6ImVhc3R1cyJ9?api-version=2016-02-01",
      "EncodedRequestUri": "L3N1YnNjcmlwdGlvbnMvMGIxZjY0NzEtMWJmMC00ZGRhLWFlYzMtY2I5MjcyZjA5NTkwL29wZXJhdGlvbnJlc3VsdHMvZXlKcWIySkpaQ0k2SWxKRlUwOVZVa05GUjFKUFZWQkVSVXhGVkVsUFRrcFBRaTFTUjBaTVZVVk9WRU5JUVZOSU9qSkVOREEwTUMxRlFWTlVWVk1pTENKcWIySk1iMk5oZEdsdmJpSTZJbVZoYzNSMWN5Sjk/YXBpLXZlcnNpb249MjAxNi0wMi0wMQ==",
      "RequestMethod": "GET",
      "RequestBody": "",
      "RequestHeaders": {
        "User-Agent": [
          "FxVersion/4.6.25211.01",
          "Microsoft.Azure.Management.ResourceManager.Fluent.ResourceManagementClient/1.4.1.0",
          "MacAddressHash/9254a221412e5d3ef68e592d30236823a9c8f75cbf51c09c906f797cd005474a"
        ]
      },
      "ResponseBody": "",
      "ResponseHeaders": {
        "Content-Length": [
          "0"
        ],
        "Expires": [
          "-1"
        ],
        "Cache-Control": [
          "no-cache"
        ],
        "Date": [
          "Sun, 24 Dec 2017 05:33:30 GMT"
        ],
        "Pragma": [
          "no-cache"
        ],
        "Location": [
          "https://management.azure.com/subscriptions/0b1f6471-1bf0-4dda-aec3-cb9272f09590/operationresults/eyJqb2JJZCI6IlJFU09VUkNFR1JPVVBERUxFVElPTkpPQi1SR0ZMVUVOVENIQVNIOjJENDA0MC1FQVNUVVMiLCJqb2JMb2NhdGlvbiI6ImVhc3R1cyJ9?api-version=2016-02-01"
        ],
        "Retry-After": [
          "15"
        ],
        "x-ms-ratelimit-remaining-subscription-reads": [
          "14991"
        ],
        "x-ms-request-id": [
          "2278c10f-4ff0-4d60-b2aa-1e4f57dd2208"
        ],
        "x-ms-correlation-request-id": [
          "2278c10f-4ff0-4d60-b2aa-1e4f57dd2208"
        ],
        "x-ms-routing-request-id": [
          "WESTUS2:20171224T053330Z:2278c10f-4ff0-4d60-b2aa-1e4f57dd2208"
        ],
        "Strict-Transport-Security": [
          "max-age=31536000; includeSubDomains"
        ]
      },
      "StatusCode": 202
    },
    {
      "RequestUri": "/subscriptions/0b1f6471-1bf0-4dda-aec3-cb9272f09590/operationresults/eyJqb2JJZCI6IlJFU09VUkNFR1JPVVBERUxFVElPTkpPQi1SR0ZMVUVOVENIQVNIOjJENDA0MC1FQVNUVVMiLCJqb2JMb2NhdGlvbiI6ImVhc3R1cyJ9?api-version=2016-02-01",
      "EncodedRequestUri": "L3N1YnNjcmlwdGlvbnMvMGIxZjY0NzEtMWJmMC00ZGRhLWFlYzMtY2I5MjcyZjA5NTkwL29wZXJhdGlvbnJlc3VsdHMvZXlKcWIySkpaQ0k2SWxKRlUwOVZVa05GUjFKUFZWQkVSVXhGVkVsUFRrcFBRaTFTUjBaTVZVVk9WRU5JUVZOSU9qSkVOREEwTUMxRlFWTlVWVk1pTENKcWIySk1iMk5oZEdsdmJpSTZJbVZoYzNSMWN5Sjk/YXBpLXZlcnNpb249MjAxNi0wMi0wMQ==",
      "RequestMethod": "GET",
      "RequestBody": "",
      "RequestHeaders": {
        "User-Agent": [
          "FxVersion/4.6.25211.01",
          "Microsoft.Azure.Management.ResourceManager.Fluent.ResourceManagementClient/1.4.1.0",
          "MacAddressHash/9254a221412e5d3ef68e592d30236823a9c8f75cbf51c09c906f797cd005474a"
        ]
      },
      "ResponseBody": "",
      "ResponseHeaders": {
        "Content-Length": [
          "0"
        ],
        "Expires": [
          "-1"
        ],
        "Cache-Control": [
          "no-cache"
        ],
        "Date": [
          "Sun, 24 Dec 2017 05:33:45 GMT"
        ],
        "Pragma": [
          "no-cache"
        ],
        "Location": [
          "https://management.azure.com/subscriptions/0b1f6471-1bf0-4dda-aec3-cb9272f09590/operationresults/eyJqb2JJZCI6IlJFU09VUkNFR1JPVVBERUxFVElPTkpPQi1SR0ZMVUVOVENIQVNIOjJENDA0MC1FQVNUVVMiLCJqb2JMb2NhdGlvbiI6ImVhc3R1cyJ9?api-version=2016-02-01"
        ],
        "Retry-After": [
          "15"
        ],
        "x-ms-ratelimit-remaining-subscription-reads": [
          "14990"
        ],
        "x-ms-request-id": [
          "d7d4df33-1b54-4e47-9b15-7a99d1427d2f"
        ],
        "x-ms-correlation-request-id": [
          "d7d4df33-1b54-4e47-9b15-7a99d1427d2f"
        ],
        "x-ms-routing-request-id": [
          "WESTUS2:20171224T053346Z:d7d4df33-1b54-4e47-9b15-7a99d1427d2f"
        ],
        "Strict-Transport-Security": [
          "max-age=31536000; includeSubDomains"
        ]
      },
      "StatusCode": 202
    },
    {
      "RequestUri": "/subscriptions/0b1f6471-1bf0-4dda-aec3-cb9272f09590/operationresults/eyJqb2JJZCI6IlJFU09VUkNFR1JPVVBERUxFVElPTkpPQi1SR0ZMVUVOVENIQVNIOjJENDA0MC1FQVNUVVMiLCJqb2JMb2NhdGlvbiI6ImVhc3R1cyJ9?api-version=2016-02-01",
      "EncodedRequestUri": "L3N1YnNjcmlwdGlvbnMvMGIxZjY0NzEtMWJmMC00ZGRhLWFlYzMtY2I5MjcyZjA5NTkwL29wZXJhdGlvbnJlc3VsdHMvZXlKcWIySkpaQ0k2SWxKRlUwOVZVa05GUjFKUFZWQkVSVXhGVkVsUFRrcFBRaTFTUjBaTVZVVk9WRU5JUVZOSU9qSkVOREEwTUMxRlFWTlVWVk1pTENKcWIySk1iMk5oZEdsdmJpSTZJbVZoYzNSMWN5Sjk/YXBpLXZlcnNpb249MjAxNi0wMi0wMQ==",
      "RequestMethod": "GET",
      "RequestBody": "",
      "RequestHeaders": {
        "User-Agent": [
          "FxVersion/4.6.25211.01",
          "Microsoft.Azure.Management.ResourceManager.Fluent.ResourceManagementClient/1.4.1.0",
          "MacAddressHash/9254a221412e5d3ef68e592d30236823a9c8f75cbf51c09c906f797cd005474a"
        ]
      },
      "ResponseBody": "",
      "ResponseHeaders": {
        "Content-Length": [
          "0"
        ],
        "Expires": [
          "-1"
        ],
        "Cache-Control": [
          "no-cache"
        ],
        "Date": [
          "Sun, 24 Dec 2017 05:34:01 GMT"
        ],
        "Pragma": [
          "no-cache"
        ],
        "x-ms-ratelimit-remaining-subscription-reads": [
          "14989"
        ],
        "x-ms-request-id": [
          "cfb72b91-4529-46c6-86ad-af09cebb9012"
        ],
        "x-ms-correlation-request-id": [
          "cfb72b91-4529-46c6-86ad-af09cebb9012"
        ],
        "x-ms-routing-request-id": [
          "WESTUS2:20171224T053401Z:cfb72b91-4529-46c6-86ad-af09cebb9012"
        ],
        "Strict-Transport-Security": [
          "max-age=31536000; includeSubDomains"
        ]
      },
      "StatusCode": 200
    }
  ],
  "Names": {
    "CanCreateImageByCapturingVM": [
      "vm67-8dd94347fbf",
      "img6ff486929b",
      "rgfluentchash-4040",
      "pipe2797287e91c",
      "nic6483121a682",
      "vnet57a23863432e",
      "pip12339fef",
      "stg56698829934",
      "vm8b06721494"
    ]
  },
  "Variables": {
    "ServicePrincipal": "a971e5df-eeb7-4481-9bf7-e72e66a2ba12",
    "AADTenant": "54826b22-38d6-4fb2-bad9-b7b93a3e9c5a",
    "SubscriptionId": "0b1f6471-1bf0-4dda-aec3-cb9272f09590"
  }
}