{
  "Entries": [
    {
      "RequestUri": "/subscriptions/1c638cf4-608f-4ee6-b680-c329e824c3a8/resourcegroups/rgfluentchash-9390?api-version=2019-08-01",
      "EncodedRequestUri": "L3N1YnNjcmlwdGlvbnMvMWM2MzhjZjQtNjA4Zi00ZWU2LWI2ODAtYzMyOWU4MjRjM2E4L3Jlc291cmNlZ3JvdXBzL3JnZmx1ZW50Y2hhc2gtOTM5MD9hcGktdmVyc2lvbj0yMDE5LTA4LTAx",
      "RequestMethod": "PUT",
      "RequestBody": "{\r\n  \"location\": \"eastus\"\r\n}",
      "RequestHeaders": {
        "x-ms-client-request-id": [
          "90366422-8db2-45a1-b869-855d4be212d7"
        ],
        "Accept-Language": [
          "en-US"
        ],
        "User-Agent": [
          "FxVersion/4.6.28008.01",
          "OSName/Windows",
          "OSVersion/Microsoft.Windows.10.0.18363.",
          "Microsoft.Azure.Management.ResourceManager.Fluent.ResourceManagementClient/1.0.0.61",
          "MacAddressHash/f198b50d7e3ef6510679efb9e4c9a1474fd2bf18cf1d6a2182c79b00464dbadd"
        ],
        "Content-Type": [
          "application/json; charset=utf-8"
        ],
        "Content-Length": [
          "28"
        ]
      },
      "ResponseHeaders": {
        "Cache-Control": [
          "no-cache"
        ],
        "Pragma": [
          "no-cache"
        ],
        "x-ms-ratelimit-remaining-subscription-writes": [
          "1199"
        ],
        "x-ms-request-id": [
          "86fb4832-8d89-4a2f-abde-b916b5a6399d"
        ],
        "x-ms-correlation-request-id": [
          "86fb4832-8d89-4a2f-abde-b916b5a6399d"
        ],
        "x-ms-routing-request-id": [
          "SOUTHEASTASIA:20191023T082544Z:86fb4832-8d89-4a2f-abde-b916b5a6399d"
        ],
        "Strict-Transport-Security": [
          "max-age=31536000; includeSubDomains"
        ],
        "X-Content-Type-Options": [
          "nosniff"
        ],
        "Date": [
          "Wed, 23 Oct 2019 08:25:44 GMT"
        ],
        "Content-Length": [
          "233"
        ],
        "Content-Type": [
          "application/json; charset=utf-8"
        ],
        "Expires": [
          "-1"
        ]
      },
      "ResponseBody": "{\r\n  \"id\": \"/subscriptions/1c638cf4-608f-4ee6-b680-c329e824c3a8/resourceGroups/rgfluentchash-9390\",\r\n  \"name\": \"rgfluentchash-9390\",\r\n  \"type\": \"Microsoft.Resources/resourceGroups\",\r\n  \"location\": \"eastus\",\r\n  \"properties\": {\r\n    \"provisioningState\": \"Succeeded\"\r\n  }\r\n}",
      "StatusCode": 201
    },
    {
      "RequestUri": "/subscriptions/1c638cf4-608f-4ee6-b680-c329e824c3a8/resourcegroups/rgfluentchash-9390?api-version=2019-08-01",
      "EncodedRequestUri": "L3N1YnNjcmlwdGlvbnMvMWM2MzhjZjQtNjA4Zi00ZWU2LWI2ODAtYzMyOWU4MjRjM2E4L3Jlc291cmNlZ3JvdXBzL3JnZmx1ZW50Y2hhc2gtOTM5MD9hcGktdmVyc2lvbj0yMDE5LTA4LTAx",
      "RequestMethod": "PUT",
      "RequestBody": "{\r\n  \"location\": \"eastus\"\r\n}",
      "RequestHeaders": {
        "x-ms-client-request-id": [
          "5e12f2fb-7c2b-41f8-b36c-5a546601e87b"
        ],
        "Accept-Language": [
          "en-US"
        ],
        "User-Agent": [
          "FxVersion/4.6.28008.01",
          "OSName/Windows",
          "OSVersion/Microsoft.Windows.10.0.18363.",
          "Microsoft.Azure.Management.ResourceManager.Fluent.ResourceManagementClient/1.0.0.61",
          "MacAddressHash/f198b50d7e3ef6510679efb9e4c9a1474fd2bf18cf1d6a2182c79b00464dbadd"
        ],
        "Content-Type": [
          "application/json; charset=utf-8"
        ],
        "Content-Length": [
          "28"
        ]
      },
      "ResponseHeaders": {
        "Cache-Control": [
          "no-cache"
        ],
        "Pragma": [
          "no-cache"
        ],
        "x-ms-ratelimit-remaining-subscription-writes": [
          "1193"
        ],
        "x-ms-request-id": [
          "124ab4f9-46fb-4219-83bc-d7008d0c7037"
        ],
        "x-ms-correlation-request-id": [
          "124ab4f9-46fb-4219-83bc-d7008d0c7037"
        ],
        "x-ms-routing-request-id": [
          "SOUTHEASTASIA:20191023T082816Z:124ab4f9-46fb-4219-83bc-d7008d0c7037"
        ],
        "Strict-Transport-Security": [
          "max-age=31536000; includeSubDomains"
        ],
        "X-Content-Type-Options": [
          "nosniff"
        ],
        "Date": [
          "Wed, 23 Oct 2019 08:28:16 GMT"
        ],
        "Content-Length": [
          "233"
        ],
        "Content-Type": [
          "application/json; charset=utf-8"
        ],
        "Expires": [
          "-1"
        ]
      },
      "ResponseBody": "{\r\n  \"id\": \"/subscriptions/1c638cf4-608f-4ee6-b680-c329e824c3a8/resourceGroups/rgfluentchash-9390\",\r\n  \"name\": \"rgfluentchash-9390\",\r\n  \"type\": \"Microsoft.Resources/resourceGroups\",\r\n  \"location\": \"eastus\",\r\n  \"properties\": {\r\n    \"provisioningState\": \"Succeeded\"\r\n  }\r\n}",
      "StatusCode": 200
    },
    {
      "RequestUri": "/subscriptions/1c638cf4-608f-4ee6-b680-c329e824c3a8/resourceGroups/rgfluentchash-9390/providers/Microsoft.Network/virtualNetworks/vnet4da58164313f?api-version=2019-06-01",
      "EncodedRequestUri": "L3N1YnNjcmlwdGlvbnMvMWM2MzhjZjQtNjA4Zi00ZWU2LWI2ODAtYzMyOWU4MjRjM2E4L3Jlc291cmNlR3JvdXBzL3JnZmx1ZW50Y2hhc2gtOTM5MC9wcm92aWRlcnMvTWljcm9zb2Z0Lk5ldHdvcmsvdmlydHVhbE5ldHdvcmtzL3ZuZXQ0ZGE1ODE2NDMxM2Y/YXBpLXZlcnNpb249MjAxOS0wNi0wMQ==",
      "RequestMethod": "PUT",
      "RequestBody": "{\r\n  \"properties\": {\r\n    \"addressSpace\": {\r\n      \"addressPrefixes\": [\r\n        \"10.0.0.0/28\"\r\n      ]\r\n    },\r\n    \"dhcpOptions\": {\r\n      \"dnsServers\": []\r\n    },\r\n    \"subnets\": [\r\n      {\r\n        \"properties\": {\r\n          \"addressPrefix\": \"10.0.0.0/28\"\r\n        },\r\n        \"name\": \"subnet1\"\r\n      }\r\n    ]\r\n  },\r\n  \"location\": \"eastus\",\r\n  \"tags\": {}\r\n}",
      "RequestHeaders": {
        "x-ms-client-request-id": [
          "4778b621-be1c-4a8d-9d8c-0838147df953"
        ],
        "Accept-Language": [
          "en-US"
        ],
        "User-Agent": [
          "FxVersion/4.6.28008.01",
          "OSName/Windows",
          "OSVersion/Microsoft.Windows.10.0.18363.",
          "Microsoft.Azure.Management.Network.Fluent.NetworkManagementClient/1.0.0.61",
          "MacAddressHash/f198b50d7e3ef6510679efb9e4c9a1474fd2bf18cf1d6a2182c79b00464dbadd"
        ],
        "Content-Type": [
          "application/json; charset=utf-8"
        ],
        "Content-Length": [
          "362"
        ]
      },
      "ResponseHeaders": {
        "Cache-Control": [
          "no-cache"
        ],
        "Pragma": [
          "no-cache"
        ],
        "Retry-After": [
          "3"
        ],
        "x-ms-request-id": [
          "bb067c50-2413-45c9-953b-36f239743e5a"
        ],
        "Azure-AsyncOperation": [
          "https://management.azure.com/subscriptions/1c638cf4-608f-4ee6-b680-c329e824c3a8/providers/Microsoft.Network/locations/eastus/operations/bb067c50-2413-45c9-953b-36f239743e5a?api-version=2019-06-01"
        ],
        "x-ms-correlation-request-id": [
          "6699bbea-d7fd-4849-8ed0-af81c6f02ef8"
        ],
        "x-ms-arm-service-request-id": [
          "d4b21f4b-e17e-4bf5-8853-c22bf4425390"
        ],
        "Strict-Transport-Security": [
          "max-age=31536000; includeSubDomains"
        ],
        "Server": [
          "Microsoft-HTTPAPI/2.0",
          "Microsoft-HTTPAPI/2.0"
        ],
        "x-ms-ratelimit-remaining-subscription-writes": [
          "1198"
        ],
        "x-ms-routing-request-id": [
          "SOUTHEASTASIA:20191023T082547Z:6699bbea-d7fd-4849-8ed0-af81c6f02ef8"
        ],
        "X-Content-Type-Options": [
          "nosniff"
        ],
        "Date": [
          "Wed, 23 Oct 2019 08:25:47 GMT"
        ],
        "Content-Length": [
          "1356"
        ],
        "Content-Type": [
          "application/json; charset=utf-8"
        ],
        "Expires": [
          "-1"
        ]
      },
      "ResponseBody": "{\r\n  \"name\": \"vnet4da58164313f\",\r\n  \"id\": \"/subscriptions/1c638cf4-608f-4ee6-b680-c329e824c3a8/resourceGroups/rgfluentchash-9390/providers/Microsoft.Network/virtualNetworks/vnet4da58164313f\",\r\n  \"etag\": \"W/\\\"fa74451e-106a-40d8-a4ed-35be66f26be2\\\"\",\r\n  \"type\": \"Microsoft.Network/virtualNetworks\",\r\n  \"location\": \"eastus\",\r\n  \"tags\": {},\r\n  \"properties\": {\r\n    \"provisioningState\": \"Updating\",\r\n    \"resourceGuid\": \"337cb182-bf8c-42af-8106-ab7123963401\",\r\n    \"addressSpace\": {\r\n      \"addressPrefixes\": [\r\n        \"10.0.0.0/28\"\r\n      ]\r\n    },\r\n    \"dhcpOptions\": {\r\n      \"dnsServers\": []\r\n    },\r\n    \"subnets\": [\r\n      {\r\n        \"name\": \"subnet1\",\r\n        \"id\": \"/subscriptions/1c638cf4-608f-4ee6-b680-c329e824c3a8/resourceGroups/rgfluentchash-9390/providers/Microsoft.Network/virtualNetworks/vnet4da58164313f/subnets/subnet1\",\r\n        \"etag\": \"W/\\\"fa74451e-106a-40d8-a4ed-35be66f26be2\\\"\",\r\n        \"properties\": {\r\n          \"provisioningState\": \"Updating\",\r\n          \"addressPrefix\": \"10.0.0.0/28\",\r\n          \"delegations\": [],\r\n          \"privateEndpointNetworkPolicies\": \"Enabled\",\r\n          \"privateLinkServiceNetworkPolicies\": \"Enabled\"\r\n        },\r\n        \"type\": \"Microsoft.Network/virtualNetworks/subnets\"\r\n      }\r\n    ],\r\n    \"virtualNetworkPeerings\": [],\r\n    \"enableDdosProtection\": false,\r\n    \"enableVmProtection\": false\r\n  }\r\n}",
      "StatusCode": 201
    },
    {
      "RequestUri": "/subscriptions/1c638cf4-608f-4ee6-b680-c329e824c3a8/resourceGroups/rgfluentchash-9390/providers/Microsoft.Storage/storageAccounts/stg50b33202109?api-version=2018-11-01",
      "EncodedRequestUri": "L3N1YnNjcmlwdGlvbnMvMWM2MzhjZjQtNjA4Zi00ZWU2LWI2ODAtYzMyOWU4MjRjM2E4L3Jlc291cmNlR3JvdXBzL3JnZmx1ZW50Y2hhc2gtOTM5MC9wcm92aWRlcnMvTWljcm9zb2Z0LlN0b3JhZ2Uvc3RvcmFnZUFjY291bnRzL3N0ZzUwYjMzMjAyMTA5P2FwaS12ZXJzaW9uPTIwMTgtMTEtMDE=",
      "RequestMethod": "PUT",
      "RequestBody": "{\r\n  \"sku\": {\r\n    \"name\": \"Standard_GRS\"\r\n  },\r\n  \"kind\": \"Storage\",\r\n  \"location\": \"eastus\",\r\n  \"tags\": {}\r\n}",
      "RequestHeaders": {
        "x-ms-client-request-id": [
          "75ca717e-bc1f-4a5b-943b-5328b7ef1d90"
        ],
        "Accept-Language": [
          "en-US"
        ],
        "User-Agent": [
          "FxVersion/4.6.28008.01",
          "OSName/Windows",
          "OSVersion/Microsoft.Windows.10.0.18363.",
          "Microsoft.Azure.Management.Storage.Fluent.StorageManagementClient/1.0.0.61",
          "MacAddressHash/f198b50d7e3ef6510679efb9e4c9a1474fd2bf18cf1d6a2182c79b00464dbadd"
        ],
        "Content-Type": [
          "application/json; charset=utf-8"
        ],
        "Content-Length": [
          "111"
        ]
      },
      "ResponseHeaders": {
        "Cache-Control": [
          "no-cache"
        ],
        "Pragma": [
          "no-cache"
        ],
        "Location": [
          "https://management.azure.com/subscriptions/1c638cf4-608f-4ee6-b680-c329e824c3a8/providers/Microsoft.Storage/locations/eastus/asyncoperations/26c00038-1467-4137-b2b8-f8396cd0f6ef?monitor=true&api-version=2018-11-01"
        ],
        "Retry-After": [
          "17"
        ],
        "x-ms-request-id": [
          "26c00038-1467-4137-b2b8-f8396cd0f6ef"
        ],
        "Strict-Transport-Security": [
          "max-age=31536000; includeSubDomains"
        ],
        "x-ms-ratelimit-remaining-subscription-writes": [
          "1196"
        ],
        "Server": [
          "Microsoft-Azure-Storage-Resource-Provider/1.0,Microsoft-HTTPAPI/2.0 Microsoft-HTTPAPI/2.0"
        ],
        "x-ms-correlation-request-id": [
          "79797aca-e466-4f11-9519-419041760151"
        ],
        "x-ms-routing-request-id": [
          "SOUTHEASTASIA:20191023T082548Z:79797aca-e466-4f11-9519-419041760151"
        ],
        "X-Content-Type-Options": [
          "nosniff"
        ],
        "Date": [
          "Wed, 23 Oct 2019 08:25:47 GMT"
        ],
        "Content-Type": [
          "text/plain; charset=utf-8"
        ],
        "Expires": [
          "-1"
        ],
        "Content-Length": [
          "0"
        ]
      },
      "ResponseBody": "",
      "StatusCode": 202
    },
    {
      "RequestUri": "/subscriptions/1c638cf4-608f-4ee6-b680-c329e824c3a8/resourceGroups/rgfluentchash-9390/providers/Microsoft.Network/publicIPAddresses/pip42208e27?api-version=2019-06-01",
      "EncodedRequestUri": "L3N1YnNjcmlwdGlvbnMvMWM2MzhjZjQtNjA4Zi00ZWU2LWI2ODAtYzMyOWU4MjRjM2E4L3Jlc291cmNlR3JvdXBzL3JnZmx1ZW50Y2hhc2gtOTM5MC9wcm92aWRlcnMvTWljcm9zb2Z0Lk5ldHdvcmsvcHVibGljSVBBZGRyZXNzZXMvcGlwNDIyMDhlMjc/YXBpLXZlcnNpb249MjAxOS0wNi0wMQ==",
      "RequestMethod": "PUT",
      "RequestBody": "{\r\n  \"properties\": {\r\n    \"dnsSettings\": {\r\n      \"domainNameLabel\": \"pipde514291d156\"\r\n    }\r\n  },\r\n  \"location\": \"eastus\",\r\n  \"tags\": {}\r\n}",
      "RequestHeaders": {
        "x-ms-client-request-id": [
          "44a5da88-7f06-4b2a-a5ea-fd4e5c447bf0"
        ],
        "Accept-Language": [
          "en-US"
        ],
        "User-Agent": [
          "FxVersion/4.6.28008.01",
          "OSName/Windows",
          "OSVersion/Microsoft.Windows.10.0.18363.",
          "Microsoft.Azure.Management.Network.Fluent.NetworkManagementClient/1.0.0.61",
          "MacAddressHash/f198b50d7e3ef6510679efb9e4c9a1474fd2bf18cf1d6a2182c79b00464dbadd"
        ],
        "Content-Type": [
          "application/json; charset=utf-8"
        ],
        "Content-Length": [
          "141"
        ]
      },
      "ResponseHeaders": {
        "Cache-Control": [
          "no-cache"
        ],
        "Pragma": [
          "no-cache"
        ],
        "Retry-After": [
          "1"
        ],
        "x-ms-request-id": [
          "0861a494-800e-4853-be2d-45c1eb5eb00b"
        ],
        "Azure-AsyncOperation": [
          "https://management.azure.com/subscriptions/1c638cf4-608f-4ee6-b680-c329e824c3a8/providers/Microsoft.Network/locations/eastus/operations/0861a494-800e-4853-be2d-45c1eb5eb00b?api-version=2019-06-01"
        ],
        "x-ms-correlation-request-id": [
          "443264d6-4f73-40cf-a957-8d7875a281ae"
        ],
        "x-ms-arm-service-request-id": [
          "187781f0-6037-4b10-9a90-0f46aeb49536"
        ],
        "Strict-Transport-Security": [
          "max-age=31536000; includeSubDomains"
        ],
        "Server": [
          "Microsoft-HTTPAPI/2.0",
          "Microsoft-HTTPAPI/2.0"
        ],
        "x-ms-ratelimit-remaining-subscription-writes": [
          "1196"
        ],
        "x-ms-routing-request-id": [
          "SOUTHEASTASIA:20191023T082548Z:443264d6-4f73-40cf-a957-8d7875a281ae"
        ],
        "X-Content-Type-Options": [
          "nosniff"
        ],
        "Date": [
          "Wed, 23 Oct 2019 08:25:48 GMT"
        ],
        "Content-Length": [
          "787"
        ],
        "Content-Type": [
          "application/json; charset=utf-8"
        ],
        "Expires": [
          "-1"
        ]
      },
      "ResponseBody": "{\r\n  \"name\": \"pip42208e27\",\r\n  \"id\": \"/subscriptions/1c638cf4-608f-4ee6-b680-c329e824c3a8/resourceGroups/rgfluentchash-9390/providers/Microsoft.Network/publicIPAddresses/pip42208e27\",\r\n  \"etag\": \"W/\\\"4b9fc777-d2fa-412a-bd9e-fa58e1567729\\\"\",\r\n  \"location\": \"eastus\",\r\n  \"tags\": {},\r\n  \"properties\": {\r\n    \"provisioningState\": \"Updating\",\r\n    \"resourceGuid\": \"5398b5ae-f6bd-475b-8026-98e62d811eb3\",\r\n    \"publicIPAddressVersion\": \"IPv4\",\r\n    \"publicIPAllocationMethod\": \"Dynamic\",\r\n    \"idleTimeoutInMinutes\": 4,\r\n    \"dnsSettings\": {\r\n      \"domainNameLabel\": \"pipde514291d156\",\r\n      \"fqdn\": \"pipde514291d156.eastus.cloudapp.azure.com\"\r\n    },\r\n    \"ipTags\": []\r\n  },\r\n  \"type\": \"Microsoft.Network/publicIPAddresses\",\r\n  \"sku\": {\r\n    \"name\": \"Basic\",\r\n    \"tier\": \"Regional\"\r\n  }\r\n}",
      "StatusCode": 201
    },
    {
      "RequestUri": "/subscriptions/1c638cf4-608f-4ee6-b680-c329e824c3a8/providers/Microsoft.Network/locations/eastus/operations/0861a494-800e-4853-be2d-45c1eb5eb00b?api-version=2019-06-01",
      "EncodedRequestUri": "L3N1YnNjcmlwdGlvbnMvMWM2MzhjZjQtNjA4Zi00ZWU2LWI2ODAtYzMyOWU4MjRjM2E4L3Byb3ZpZGVycy9NaWNyb3NvZnQuTmV0d29yay9sb2NhdGlvbnMvZWFzdHVzL29wZXJhdGlvbnMvMDg2MWE0OTQtODAwZS00ODUzLWJlMmQtNDVjMWViNWViMDBiP2FwaS12ZXJzaW9uPTIwMTktMDYtMDE=",
      "RequestMethod": "GET",
      "RequestBody": "",
      "RequestHeaders": {
        "User-Agent": [
          "FxVersion/4.6.28008.01",
          "OSName/Windows",
          "OSVersion/Microsoft.Windows.10.0.18363.",
          "Microsoft.Azure.Management.Network.Fluent.NetworkManagementClient/1.0.0.61",
          "MacAddressHash/f198b50d7e3ef6510679efb9e4c9a1474fd2bf18cf1d6a2182c79b00464dbadd"
        ]
      },
      "ResponseHeaders": {
        "Cache-Control": [
          "no-cache"
        ],
        "Pragma": [
          "no-cache"
        ],
        "x-ms-request-id": [
          "81c17d3e-4f6d-48bf-928c-2c7aedc145b3"
        ],
        "x-ms-correlation-request-id": [
          "8eaa72f3-eb38-4002-b27f-8767540e0b15"
        ],
        "x-ms-arm-service-request-id": [
          "3723630b-4c44-45e7-afee-b38124d55500"
        ],
        "Strict-Transport-Security": [
          "max-age=31536000; includeSubDomains"
        ],
        "Server": [
          "Microsoft-HTTPAPI/2.0",
          "Microsoft-HTTPAPI/2.0"
        ],
        "x-ms-ratelimit-remaining-subscription-reads": [
          "11946"
        ],
        "x-ms-routing-request-id": [
          "SOUTHEASTASIA:20191023T082550Z:8eaa72f3-eb38-4002-b27f-8767540e0b15"
        ],
        "X-Content-Type-Options": [
          "nosniff"
        ],
        "Date": [
          "Wed, 23 Oct 2019 08:25:50 GMT"
        ],
        "Content-Length": [
          "29"
        ],
        "Content-Type": [
          "application/json; charset=utf-8"
        ],
        "Expires": [
          "-1"
        ]
      },
      "ResponseBody": "{\r\n  \"status\": \"Succeeded\"\r\n}",
      "StatusCode": 200
    },
    {
      "RequestUri": "/subscriptions/1c638cf4-608f-4ee6-b680-c329e824c3a8/resourceGroups/rgfluentchash-9390/providers/Microsoft.Network/publicIPAddresses/pip42208e27?api-version=2019-06-01",
      "EncodedRequestUri": "L3N1YnNjcmlwdGlvbnMvMWM2MzhjZjQtNjA4Zi00ZWU2LWI2ODAtYzMyOWU4MjRjM2E4L3Jlc291cmNlR3JvdXBzL3JnZmx1ZW50Y2hhc2gtOTM5MC9wcm92aWRlcnMvTWljcm9zb2Z0Lk5ldHdvcmsvcHVibGljSVBBZGRyZXNzZXMvcGlwNDIyMDhlMjc/YXBpLXZlcnNpb249MjAxOS0wNi0wMQ==",
      "RequestMethod": "GET",
      "RequestBody": "",
      "RequestHeaders": {
        "User-Agent": [
          "FxVersion/4.6.28008.01",
          "OSName/Windows",
          "OSVersion/Microsoft.Windows.10.0.18363.",
          "Microsoft.Azure.Management.Network.Fluent.NetworkManagementClient/1.0.0.61",
          "MacAddressHash/f198b50d7e3ef6510679efb9e4c9a1474fd2bf18cf1d6a2182c79b00464dbadd"
        ]
      },
      "ResponseHeaders": {
        "Cache-Control": [
          "no-cache"
        ],
        "Pragma": [
          "no-cache"
        ],
        "ETag": [
          "W/\"ed700f17-afe0-4340-b644-2273a642b254\""
        ],
        "x-ms-request-id": [
          "e65bea89-fc0a-4ab6-98d5-7c5075a654f7"
        ],
        "x-ms-correlation-request-id": [
          "bc2c2fee-ecf9-42b9-96b0-2e9e5441568c"
        ],
        "x-ms-arm-service-request-id": [
          "19b7d538-0764-4276-b35a-766b82ffd6fb"
        ],
        "Strict-Transport-Security": [
          "max-age=31536000; includeSubDomains"
        ],
        "Server": [
          "Microsoft-HTTPAPI/2.0",
          "Microsoft-HTTPAPI/2.0"
        ],
        "x-ms-ratelimit-remaining-subscription-reads": [
          "11945"
        ],
        "x-ms-routing-request-id": [
          "SOUTHEASTASIA:20191023T082550Z:bc2c2fee-ecf9-42b9-96b0-2e9e5441568c"
        ],
        "X-Content-Type-Options": [
          "nosniff"
        ],
        "Date": [
          "Wed, 23 Oct 2019 08:25:50 GMT"
        ],
        "Content-Length": [
          "788"
        ],
        "Content-Type": [
          "application/json; charset=utf-8"
        ],
        "Expires": [
          "-1"
        ]
      },
      "ResponseBody": "{\r\n  \"name\": \"pip42208e27\",\r\n  \"id\": \"/subscriptions/1c638cf4-608f-4ee6-b680-c329e824c3a8/resourceGroups/rgfluentchash-9390/providers/Microsoft.Network/publicIPAddresses/pip42208e27\",\r\n  \"etag\": \"W/\\\"ed700f17-afe0-4340-b644-2273a642b254\\\"\",\r\n  \"location\": \"eastus\",\r\n  \"tags\": {},\r\n  \"properties\": {\r\n    \"provisioningState\": \"Succeeded\",\r\n    \"resourceGuid\": \"5398b5ae-f6bd-475b-8026-98e62d811eb3\",\r\n    \"publicIPAddressVersion\": \"IPv4\",\r\n    \"publicIPAllocationMethod\": \"Dynamic\",\r\n    \"idleTimeoutInMinutes\": 4,\r\n    \"dnsSettings\": {\r\n      \"domainNameLabel\": \"pipde514291d156\",\r\n      \"fqdn\": \"pipde514291d156.eastus.cloudapp.azure.com\"\r\n    },\r\n    \"ipTags\": []\r\n  },\r\n  \"type\": \"Microsoft.Network/publicIPAddresses\",\r\n  \"sku\": {\r\n    \"name\": \"Basic\",\r\n    \"tier\": \"Regional\"\r\n  }\r\n}",
      "StatusCode": 200
    },
    {
      "RequestUri": "/subscriptions/1c638cf4-608f-4ee6-b680-c329e824c3a8/resourceGroups/rgfluentchash-9390/providers/Microsoft.Network/publicIPAddresses/pip42208e27?api-version=2019-06-01",
      "EncodedRequestUri": "L3N1YnNjcmlwdGlvbnMvMWM2MzhjZjQtNjA4Zi00ZWU2LWI2ODAtYzMyOWU4MjRjM2E4L3Jlc291cmNlR3JvdXBzL3JnZmx1ZW50Y2hhc2gtOTM5MC9wcm92aWRlcnMvTWljcm9zb2Z0Lk5ldHdvcmsvcHVibGljSVBBZGRyZXNzZXMvcGlwNDIyMDhlMjc/YXBpLXZlcnNpb249MjAxOS0wNi0wMQ==",
      "RequestMethod": "GET",
      "RequestBody": "",
      "RequestHeaders": {
        "x-ms-client-request-id": [
          "6e98a3c8-2dfc-4548-904a-4d10a4ed1794"
        ],
        "Accept-Language": [
          "en-US"
        ],
        "User-Agent": [
          "FxVersion/4.6.28008.01",
          "OSName/Windows",
          "OSVersion/Microsoft.Windows.10.0.18363.",
          "Microsoft.Azure.Management.Network.Fluent.NetworkManagementClient/1.0.0.61",
          "MacAddressHash/f198b50d7e3ef6510679efb9e4c9a1474fd2bf18cf1d6a2182c79b00464dbadd"
        ]
      },
      "ResponseHeaders": {
        "Cache-Control": [
          "no-cache"
        ],
        "Pragma": [
          "no-cache"
        ],
        "ETag": [
          "W/\"9452d083-3fc5-4c2e-a054-49094fd4f897\""
        ],
        "x-ms-request-id": [
          "b2ee0b0c-9c53-459c-81e9-6a779e9d9d5a"
        ],
        "x-ms-correlation-request-id": [
          "32adc1e4-b550-4126-bfa4-a5d0f4c8b234"
        ],
        "x-ms-arm-service-request-id": [
          "c1cddf16-628e-4704-ab8d-5f32373726bb"
        ],
        "Strict-Transport-Security": [
          "max-age=31536000; includeSubDomains"
        ],
        "Server": [
          "Microsoft-HTTPAPI/2.0",
          "Microsoft-HTTPAPI/2.0"
        ],
        "x-ms-ratelimit-remaining-subscription-reads": [
          "11929"
        ],
        "x-ms-routing-request-id": [
          "SOUTHEASTASIA:20191023T082720Z:32adc1e4-b550-4126-bfa4-a5d0f4c8b234"
        ],
        "X-Content-Type-Options": [
          "nosniff"
        ],
        "Date": [
          "Wed, 23 Oct 2019 08:27:20 GMT"
        ],
        "Content-Length": [
          "1042"
        ],
        "Content-Type": [
          "application/json; charset=utf-8"
        ],
        "Expires": [
          "-1"
        ]
      },
      "ResponseBody": "{\r\n  \"name\": \"pip42208e27\",\r\n  \"id\": \"/subscriptions/1c638cf4-608f-4ee6-b680-c329e824c3a8/resourceGroups/rgfluentchash-9390/providers/Microsoft.Network/publicIPAddresses/pip42208e27\",\r\n  \"etag\": \"W/\\\"9452d083-3fc5-4c2e-a054-49094fd4f897\\\"\",\r\n  \"location\": \"eastus\",\r\n  \"tags\": {},\r\n  \"properties\": {\r\n    \"provisioningState\": \"Succeeded\",\r\n    \"resourceGuid\": \"5398b5ae-f6bd-475b-8026-98e62d811eb3\",\r\n    \"ipAddress\": \"40.87.71.99\",\r\n    \"publicIPAddressVersion\": \"IPv4\",\r\n    \"publicIPAllocationMethod\": \"Dynamic\",\r\n    \"idleTimeoutInMinutes\": 4,\r\n    \"dnsSettings\": {\r\n      \"domainNameLabel\": \"pipde514291d156\",\r\n      \"fqdn\": \"pipde514291d156.eastus.cloudapp.azure.com\"\r\n    },\r\n    \"ipTags\": [],\r\n    \"ipConfiguration\": {\r\n      \"id\": \"/subscriptions/1c638cf4-608f-4ee6-b680-c329e824c3a8/resourceGroups/rgfluentchash-9390/providers/Microsoft.Network/networkInterfaces/nic46781a71fc3/ipConfigurations/primary\"\r\n    }\r\n  },\r\n  \"type\": \"Microsoft.Network/publicIPAddresses\",\r\n  \"sku\": {\r\n    \"name\": \"Basic\",\r\n    \"tier\": \"Regional\"\r\n  }\r\n}",
      "StatusCode": 200
    },
    {
      "RequestUri": "/subscriptions/1c638cf4-608f-4ee6-b680-c329e824c3a8/providers/Microsoft.Network/locations/eastus/operations/bb067c50-2413-45c9-953b-36f239743e5a?api-version=2019-06-01",
      "EncodedRequestUri": "L3N1YnNjcmlwdGlvbnMvMWM2MzhjZjQtNjA4Zi00ZWU2LWI2ODAtYzMyOWU4MjRjM2E4L3Byb3ZpZGVycy9NaWNyb3NvZnQuTmV0d29yay9sb2NhdGlvbnMvZWFzdHVzL29wZXJhdGlvbnMvYmIwNjdjNTAtMjQxMy00NWM5LTk1M2ItMzZmMjM5NzQzZTVhP2FwaS12ZXJzaW9uPTIwMTktMDYtMDE=",
      "RequestMethod": "GET",
      "RequestBody": "",
      "RequestHeaders": {
        "User-Agent": [
          "FxVersion/4.6.28008.01",
          "OSName/Windows",
          "OSVersion/Microsoft.Windows.10.0.18363.",
          "Microsoft.Azure.Management.Network.Fluent.NetworkManagementClient/1.0.0.61",
          "MacAddressHash/f198b50d7e3ef6510679efb9e4c9a1474fd2bf18cf1d6a2182c79b00464dbadd"
        ]
      },
      "ResponseHeaders": {
        "Cache-Control": [
          "no-cache"
        ],
        "Pragma": [
          "no-cache"
        ],
        "x-ms-request-id": [
          "429294dc-e6f2-41bb-bf72-b5fe6aa8a683"
        ],
        "x-ms-correlation-request-id": [
          "5c9574af-b13d-4b83-a13d-cad559bddd78"
        ],
        "x-ms-arm-service-request-id": [
          "3913a385-9579-40d0-8047-3e101cfc6ed4"
        ],
        "Strict-Transport-Security": [
          "max-age=31536000; includeSubDomains"
        ],
        "Server": [
          "Microsoft-HTTPAPI/2.0",
          "Microsoft-HTTPAPI/2.0"
        ],
        "x-ms-ratelimit-remaining-subscription-reads": [
          "11944"
        ],
        "x-ms-routing-request-id": [
          "SOUTHEASTASIA:20191023T082551Z:5c9574af-b13d-4b83-a13d-cad559bddd78"
        ],
        "X-Content-Type-Options": [
          "nosniff"
        ],
        "Date": [
          "Wed, 23 Oct 2019 08:25:50 GMT"
        ],
        "Content-Length": [
          "29"
        ],
        "Content-Type": [
          "application/json; charset=utf-8"
        ],
        "Expires": [
          "-1"
        ]
      },
      "ResponseBody": "{\r\n  \"status\": \"Succeeded\"\r\n}",
      "StatusCode": 200
    },
    {
      "RequestUri": "/subscriptions/1c638cf4-608f-4ee6-b680-c329e824c3a8/resourceGroups/rgfluentchash-9390/providers/Microsoft.Network/virtualNetworks/vnet4da58164313f?api-version=2019-06-01",
      "EncodedRequestUri": "L3N1YnNjcmlwdGlvbnMvMWM2MzhjZjQtNjA4Zi00ZWU2LWI2ODAtYzMyOWU4MjRjM2E4L3Jlc291cmNlR3JvdXBzL3JnZmx1ZW50Y2hhc2gtOTM5MC9wcm92aWRlcnMvTWljcm9zb2Z0Lk5ldHdvcmsvdmlydHVhbE5ldHdvcmtzL3ZuZXQ0ZGE1ODE2NDMxM2Y/YXBpLXZlcnNpb249MjAxOS0wNi0wMQ==",
      "RequestMethod": "GET",
      "RequestBody": "",
      "RequestHeaders": {
        "User-Agent": [
          "FxVersion/4.6.28008.01",
          "OSName/Windows",
          "OSVersion/Microsoft.Windows.10.0.18363.",
          "Microsoft.Azure.Management.Network.Fluent.NetworkManagementClient/1.0.0.61",
          "MacAddressHash/f198b50d7e3ef6510679efb9e4c9a1474fd2bf18cf1d6a2182c79b00464dbadd"
        ]
      },
      "ResponseHeaders": {
        "Cache-Control": [
          "no-cache"
        ],
        "Pragma": [
          "no-cache"
        ],
        "ETag": [
          "W/\"34510981-76a9-478d-83cd-1ffbd3bc7f92\""
        ],
        "x-ms-request-id": [
          "e6bc6433-61d0-4529-bb86-203f1a258adf"
        ],
        "x-ms-correlation-request-id": [
          "c5349521-0e95-4dcc-822e-083c62e38e8d"
        ],
        "x-ms-arm-service-request-id": [
          "ef464df5-ed12-4ddd-9012-f51823b6f80c"
        ],
        "Strict-Transport-Security": [
          "max-age=31536000; includeSubDomains"
        ],
        "Server": [
          "Microsoft-HTTPAPI/2.0",
          "Microsoft-HTTPAPI/2.0"
        ],
        "x-ms-ratelimit-remaining-subscription-reads": [
          "11943"
        ],
        "x-ms-routing-request-id": [
          "SOUTHEASTASIA:20191023T082551Z:c5349521-0e95-4dcc-822e-083c62e38e8d"
        ],
        "X-Content-Type-Options": [
          "nosniff"
        ],
        "Date": [
          "Wed, 23 Oct 2019 08:25:51 GMT"
        ],
        "Content-Length": [
          "1358"
        ],
        "Content-Type": [
          "application/json; charset=utf-8"
        ],
        "Expires": [
          "-1"
        ]
      },
      "ResponseBody": "{\r\n  \"name\": \"vnet4da58164313f\",\r\n  \"id\": \"/subscriptions/1c638cf4-608f-4ee6-b680-c329e824c3a8/resourceGroups/rgfluentchash-9390/providers/Microsoft.Network/virtualNetworks/vnet4da58164313f\",\r\n  \"etag\": \"W/\\\"34510981-76a9-478d-83cd-1ffbd3bc7f92\\\"\",\r\n  \"type\": \"Microsoft.Network/virtualNetworks\",\r\n  \"location\": \"eastus\",\r\n  \"tags\": {},\r\n  \"properties\": {\r\n    \"provisioningState\": \"Succeeded\",\r\n    \"resourceGuid\": \"337cb182-bf8c-42af-8106-ab7123963401\",\r\n    \"addressSpace\": {\r\n      \"addressPrefixes\": [\r\n        \"10.0.0.0/28\"\r\n      ]\r\n    },\r\n    \"dhcpOptions\": {\r\n      \"dnsServers\": []\r\n    },\r\n    \"subnets\": [\r\n      {\r\n        \"name\": \"subnet1\",\r\n        \"id\": \"/subscriptions/1c638cf4-608f-4ee6-b680-c329e824c3a8/resourceGroups/rgfluentchash-9390/providers/Microsoft.Network/virtualNetworks/vnet4da58164313f/subnets/subnet1\",\r\n        \"etag\": \"W/\\\"34510981-76a9-478d-83cd-1ffbd3bc7f92\\\"\",\r\n        \"properties\": {\r\n          \"provisioningState\": \"Succeeded\",\r\n          \"addressPrefix\": \"10.0.0.0/28\",\r\n          \"delegations\": [],\r\n          \"privateEndpointNetworkPolicies\": \"Enabled\",\r\n          \"privateLinkServiceNetworkPolicies\": \"Enabled\"\r\n        },\r\n        \"type\": \"Microsoft.Network/virtualNetworks/subnets\"\r\n      }\r\n    ],\r\n    \"virtualNetworkPeerings\": [],\r\n    \"enableDdosProtection\": false,\r\n    \"enableVmProtection\": false\r\n  }\r\n}",
      "StatusCode": 200
    },
    {
      "RequestUri": "/subscriptions/1c638cf4-608f-4ee6-b680-c329e824c3a8/resourceGroups/rgfluentchash-9390/providers/Microsoft.Network/networkInterfaces/nic46781a71fc3?api-version=2019-06-01",
      "EncodedRequestUri": "L3N1YnNjcmlwdGlvbnMvMWM2MzhjZjQtNjA4Zi00ZWU2LWI2ODAtYzMyOWU4MjRjM2E4L3Jlc291cmNlR3JvdXBzL3JnZmx1ZW50Y2hhc2gtOTM5MC9wcm92aWRlcnMvTWljcm9zb2Z0Lk5ldHdvcmsvbmV0d29ya0ludGVyZmFjZXMvbmljNDY3ODFhNzFmYzM/YXBpLXZlcnNpb249MjAxOS0wNi0wMQ==",
      "RequestMethod": "PUT",
      "RequestBody": "{\r\n  \"properties\": {\r\n    \"ipConfigurations\": [\r\n      {\r\n        \"properties\": {\r\n          \"privateIPAllocationMethod\": \"Dynamic\",\r\n          \"subnet\": {\r\n            \"id\": \"/subscriptions/1c638cf4-608f-4ee6-b680-c329e824c3a8/resourceGroups/rgfluentchash-9390/providers/Microsoft.Network/virtualNetworks/vnet4da58164313f/subnets/subnet1\"\r\n          },\r\n          \"primary\": true,\r\n          \"publicIPAddress\": {\r\n            \"id\": \"/subscriptions/1c638cf4-608f-4ee6-b680-c329e824c3a8/resourceGroups/rgfluentchash-9390/providers/Microsoft.Network/publicIPAddresses/pip42208e27\"\r\n          }\r\n        },\r\n        \"name\": \"primary\"\r\n      }\r\n    ],\r\n    \"dnsSettings\": {}\r\n  },\r\n  \"location\": \"eastus\",\r\n  \"tags\": {}\r\n}",
      "RequestHeaders": {
        "x-ms-client-request-id": [
          "075c48eb-afa3-47c1-b367-1ee7bf87d1b2"
        ],
        "Accept-Language": [
          "en-US"
        ],
        "User-Agent": [
          "FxVersion/4.6.28008.01",
          "OSName/Windows",
          "OSVersion/Microsoft.Windows.10.0.18363.",
          "Microsoft.Azure.Management.Network.Fluent.NetworkManagementClient/1.0.0.61",
          "MacAddressHash/f198b50d7e3ef6510679efb9e4c9a1474fd2bf18cf1d6a2182c79b00464dbadd"
        ],
        "Content-Type": [
          "application/json; charset=utf-8"
        ],
        "Content-Length": [
          "718"
        ]
      },
      "ResponseHeaders": {
        "Cache-Control": [
          "no-cache"
        ],
        "Pragma": [
          "no-cache"
        ],
        "x-ms-request-id": [
          "5b63a685-da1a-47fc-982e-0bdb58250edc"
        ],
        "Azure-AsyncOperation": [
          "https://management.azure.com/subscriptions/1c638cf4-608f-4ee6-b680-c329e824c3a8/providers/Microsoft.Network/locations/eastus/operations/5b63a685-da1a-47fc-982e-0bdb58250edc?api-version=2019-06-01"
        ],
        "x-ms-correlation-request-id": [
          "1d410e87-1f12-4265-9dd5-abec6b764a1f"
        ],
        "x-ms-arm-service-request-id": [
          "c79ce3e1-9633-48e2-9b29-970b9b8c605d"
        ],
        "Strict-Transport-Security": [
          "max-age=31536000; includeSubDomains"
        ],
        "Server": [
          "Microsoft-HTTPAPI/2.0",
          "Microsoft-HTTPAPI/2.0"
        ],
        "x-ms-ratelimit-remaining-subscription-writes": [
          "1195"
        ],
        "x-ms-routing-request-id": [
          "SOUTHEASTASIA:20191023T082553Z:1d410e87-1f12-4265-9dd5-abec6b764a1f"
        ],
        "X-Content-Type-Options": [
          "nosniff"
        ],
        "Date": [
          "Wed, 23 Oct 2019 08:25:53 GMT"
        ],
        "Content-Length": [
          "1860"
        ],
        "Content-Type": [
          "application/json; charset=utf-8"
        ],
        "Expires": [
          "-1"
        ]
      },
      "ResponseBody": "{\r\n  \"name\": \"nic46781a71fc3\",\r\n  \"id\": \"/subscriptions/1c638cf4-608f-4ee6-b680-c329e824c3a8/resourceGroups/rgfluentchash-9390/providers/Microsoft.Network/networkInterfaces/nic46781a71fc3\",\r\n  \"etag\": \"W/\\\"baba4a42-b262-47f3-abd6-ef8bb8e8db07\\\"\",\r\n  \"location\": \"eastus\",\r\n  \"tags\": {},\r\n  \"properties\": {\r\n    \"provisioningState\": \"Succeeded\",\r\n    \"resourceGuid\": \"050de861-8554-47d2-9f6e-db95a50bf741\",\r\n    \"ipConfigurations\": [\r\n      {\r\n        \"name\": \"primary\",\r\n        \"id\": \"/subscriptions/1c638cf4-608f-4ee6-b680-c329e824c3a8/resourceGroups/rgfluentchash-9390/providers/Microsoft.Network/networkInterfaces/nic46781a71fc3/ipConfigurations/primary\",\r\n        \"etag\": \"W/\\\"baba4a42-b262-47f3-abd6-ef8bb8e8db07\\\"\",\r\n        \"type\": \"Microsoft.Network/networkInterfaces/ipConfigurations\",\r\n        \"properties\": {\r\n          \"provisioningState\": \"Succeeded\",\r\n          \"privateIPAddress\": \"10.0.0.4\",\r\n          \"privateIPAllocationMethod\": \"Dynamic\",\r\n          \"publicIPAddress\": {\r\n            \"id\": \"/subscriptions/1c638cf4-608f-4ee6-b680-c329e824c3a8/resourceGroups/rgfluentchash-9390/providers/Microsoft.Network/publicIPAddresses/pip42208e27\"\r\n          },\r\n          \"subnet\": {\r\n            \"id\": \"/subscriptions/1c638cf4-608f-4ee6-b680-c329e824c3a8/resourceGroups/rgfluentchash-9390/providers/Microsoft.Network/virtualNetworks/vnet4da58164313f/subnets/subnet1\"\r\n          },\r\n          \"primary\": true,\r\n          \"privateIPAddressVersion\": \"IPv4\"\r\n        }\r\n      }\r\n    ],\r\n    \"dnsSettings\": {\r\n      \"dnsServers\": [],\r\n      \"appliedDnsServers\": [],\r\n      \"internalDomainNameSuffix\": \"qkyxym2mx4xufaigvnyshfruab.bx.internal.cloudapp.net\"\r\n    },\r\n    \"enableAcceleratedNetworking\": false,\r\n    \"enableIPForwarding\": false,\r\n    \"hostedWorkloads\": [],\r\n    \"tapConfigurations\": []\r\n  },\r\n  \"type\": \"Microsoft.Network/networkInterfaces\"\r\n}",
      "StatusCode": 201
    },
    {
      "RequestUri": "/subscriptions/1c638cf4-608f-4ee6-b680-c329e824c3a8/resourceGroups/rgfluentchash-9390/providers/Microsoft.Network/networkInterfaces/nic46781a71fc3?api-version=2019-06-01",
      "EncodedRequestUri": "L3N1YnNjcmlwdGlvbnMvMWM2MzhjZjQtNjA4Zi00ZWU2LWI2ODAtYzMyOWU4MjRjM2E4L3Jlc291cmNlR3JvdXBzL3JnZmx1ZW50Y2hhc2gtOTM5MC9wcm92aWRlcnMvTWljcm9zb2Z0Lk5ldHdvcmsvbmV0d29ya0ludGVyZmFjZXMvbmljNDY3ODFhNzFmYzM/YXBpLXZlcnNpb249MjAxOS0wNi0wMQ==",
      "RequestMethod": "GET",
      "RequestBody": "",
      "RequestHeaders": {
        "User-Agent": [
          "FxVersion/4.6.28008.01",
          "OSName/Windows",
          "OSVersion/Microsoft.Windows.10.0.18363.",
          "Microsoft.Azure.Management.Network.Fluent.NetworkManagementClient/1.0.0.61",
          "MacAddressHash/f198b50d7e3ef6510679efb9e4c9a1474fd2bf18cf1d6a2182c79b00464dbadd"
        ]
      },
      "ResponseHeaders": {
        "Cache-Control": [
          "no-cache"
        ],
        "Pragma": [
          "no-cache"
        ],
        "ETag": [
          "W/\"baba4a42-b262-47f3-abd6-ef8bb8e8db07\""
        ],
        "x-ms-request-id": [
          "1b343237-7ce5-4c82-8b87-fb85588b99de"
        ],
        "x-ms-correlation-request-id": [
          "0f4f2f81-addc-4c9c-a1cd-a604512a5e9b"
        ],
        "x-ms-arm-service-request-id": [
          "604a40e5-305a-4879-a0a3-129c88e4a8c7"
        ],
        "Strict-Transport-Security": [
          "max-age=31536000; includeSubDomains"
        ],
        "Server": [
          "Microsoft-HTTPAPI/2.0",
          "Microsoft-HTTPAPI/2.0"
        ],
        "x-ms-ratelimit-remaining-subscription-reads": [
          "11942"
        ],
        "x-ms-routing-request-id": [
          "SOUTHEASTASIA:20191023T082554Z:0f4f2f81-addc-4c9c-a1cd-a604512a5e9b"
        ],
        "X-Content-Type-Options": [
          "nosniff"
        ],
        "Date": [
          "Wed, 23 Oct 2019 08:25:53 GMT"
        ],
        "Content-Length": [
          "1860"
        ],
        "Content-Type": [
          "application/json; charset=utf-8"
        ],
        "Expires": [
          "-1"
        ]
      },
      "ResponseBody": "{\r\n  \"name\": \"nic46781a71fc3\",\r\n  \"id\": \"/subscriptions/1c638cf4-608f-4ee6-b680-c329e824c3a8/resourceGroups/rgfluentchash-9390/providers/Microsoft.Network/networkInterfaces/nic46781a71fc3\",\r\n  \"etag\": \"W/\\\"baba4a42-b262-47f3-abd6-ef8bb8e8db07\\\"\",\r\n  \"location\": \"eastus\",\r\n  \"tags\": {},\r\n  \"properties\": {\r\n    \"provisioningState\": \"Succeeded\",\r\n    \"resourceGuid\": \"050de861-8554-47d2-9f6e-db95a50bf741\",\r\n    \"ipConfigurations\": [\r\n      {\r\n        \"name\": \"primary\",\r\n        \"id\": \"/subscriptions/1c638cf4-608f-4ee6-b680-c329e824c3a8/resourceGroups/rgfluentchash-9390/providers/Microsoft.Network/networkInterfaces/nic46781a71fc3/ipConfigurations/primary\",\r\n        \"etag\": \"W/\\\"baba4a42-b262-47f3-abd6-ef8bb8e8db07\\\"\",\r\n        \"type\": \"Microsoft.Network/networkInterfaces/ipConfigurations\",\r\n        \"properties\": {\r\n          \"provisioningState\": \"Succeeded\",\r\n          \"privateIPAddress\": \"10.0.0.4\",\r\n          \"privateIPAllocationMethod\": \"Dynamic\",\r\n          \"publicIPAddress\": {\r\n            \"id\": \"/subscriptions/1c638cf4-608f-4ee6-b680-c329e824c3a8/resourceGroups/rgfluentchash-9390/providers/Microsoft.Network/publicIPAddresses/pip42208e27\"\r\n          },\r\n          \"subnet\": {\r\n            \"id\": \"/subscriptions/1c638cf4-608f-4ee6-b680-c329e824c3a8/resourceGroups/rgfluentchash-9390/providers/Microsoft.Network/virtualNetworks/vnet4da58164313f/subnets/subnet1\"\r\n          },\r\n          \"primary\": true,\r\n          \"privateIPAddressVersion\": \"IPv4\"\r\n        }\r\n      }\r\n    ],\r\n    \"dnsSettings\": {\r\n      \"dnsServers\": [],\r\n      \"appliedDnsServers\": [],\r\n      \"internalDomainNameSuffix\": \"qkyxym2mx4xufaigvnyshfruab.bx.internal.cloudapp.net\"\r\n    },\r\n    \"enableAcceleratedNetworking\": false,\r\n    \"enableIPForwarding\": false,\r\n    \"hostedWorkloads\": [],\r\n    \"tapConfigurations\": []\r\n  },\r\n  \"type\": \"Microsoft.Network/networkInterfaces\"\r\n}",
      "StatusCode": 200
    },
    {
      "RequestUri": "/subscriptions/1c638cf4-608f-4ee6-b680-c329e824c3a8/resourceGroups/rgfluentchash-9390/providers/Microsoft.Network/networkInterfaces/nic46781a71fc3?api-version=2019-06-01",
      "EncodedRequestUri": "L3N1YnNjcmlwdGlvbnMvMWM2MzhjZjQtNjA4Zi00ZWU2LWI2ODAtYzMyOWU4MjRjM2E4L3Jlc291cmNlR3JvdXBzL3JnZmx1ZW50Y2hhc2gtOTM5MC9wcm92aWRlcnMvTWljcm9zb2Z0Lk5ldHdvcmsvbmV0d29ya0ludGVyZmFjZXMvbmljNDY3ODFhNzFmYzM/YXBpLXZlcnNpb249MjAxOS0wNi0wMQ==",
      "RequestMethod": "GET",
      "RequestBody": "",
      "RequestHeaders": {
        "x-ms-client-request-id": [
          "b69150a0-28c4-43a8-887f-02e3f3bd94eb"
        ],
        "Accept-Language": [
          "en-US"
        ],
        "User-Agent": [
          "FxVersion/4.6.28008.01",
          "OSName/Windows",
          "OSVersion/Microsoft.Windows.10.0.18363.",
          "Microsoft.Azure.Management.Network.Fluent.NetworkManagementClient/1.0.0.61",
          "MacAddressHash/f198b50d7e3ef6510679efb9e4c9a1474fd2bf18cf1d6a2182c79b00464dbadd"
        ]
      },
      "ResponseHeaders": {
        "Cache-Control": [
          "no-cache"
        ],
        "Pragma": [
          "no-cache"
        ],
        "ETag": [
          "W/\"b612afac-27a2-4b56-9354-801777641503\""
        ],
        "x-ms-request-id": [
          "b5d40397-e756-4a46-99d6-7cf35beb740f"
        ],
        "x-ms-correlation-request-id": [
          "b87d9ded-2fab-4414-a123-7502bd5bcc07"
        ],
        "x-ms-arm-service-request-id": [
          "06fa5ece-fd27-4c12-a422-86aa3daad774"
        ],
        "Strict-Transport-Security": [
          "max-age=31536000; includeSubDomains"
        ],
        "Server": [
          "Microsoft-HTTPAPI/2.0",
          "Microsoft-HTTPAPI/2.0"
        ],
        "x-ms-ratelimit-remaining-subscription-reads": [
          "11931"
        ],
        "x-ms-routing-request-id": [
          "SOUTHEASTASIA:20191023T082719Z:b87d9ded-2fab-4414-a123-7502bd5bcc07"
        ],
        "X-Content-Type-Options": [
          "nosniff"
        ],
        "Date": [
          "Wed, 23 Oct 2019 08:27:19 GMT"
        ],
        "Content-Length": [
          "2117"
        ],
        "Content-Type": [
          "application/json; charset=utf-8"
        ],
        "Expires": [
          "-1"
        ]
      },
      "ResponseBody": "{\r\n  \"name\": \"nic46781a71fc3\",\r\n  \"id\": \"/subscriptions/1c638cf4-608f-4ee6-b680-c329e824c3a8/resourceGroups/rgfluentchash-9390/providers/Microsoft.Network/networkInterfaces/nic46781a71fc3\",\r\n  \"etag\": \"W/\\\"b612afac-27a2-4b56-9354-801777641503\\\"\",\r\n  \"location\": \"eastus\",\r\n  \"tags\": {},\r\n  \"properties\": {\r\n    \"provisioningState\": \"Succeeded\",\r\n    \"resourceGuid\": \"050de861-8554-47d2-9f6e-db95a50bf741\",\r\n    \"ipConfigurations\": [\r\n      {\r\n        \"name\": \"primary\",\r\n        \"id\": \"/subscriptions/1c638cf4-608f-4ee6-b680-c329e824c3a8/resourceGroups/rgfluentchash-9390/providers/Microsoft.Network/networkInterfaces/nic46781a71fc3/ipConfigurations/primary\",\r\n        \"etag\": \"W/\\\"b612afac-27a2-4b56-9354-801777641503\\\"\",\r\n        \"type\": \"Microsoft.Network/networkInterfaces/ipConfigurations\",\r\n        \"properties\": {\r\n          \"provisioningState\": \"Succeeded\",\r\n          \"privateIPAddress\": \"10.0.0.4\",\r\n          \"privateIPAllocationMethod\": \"Dynamic\",\r\n          \"publicIPAddress\": {\r\n            \"id\": \"/subscriptions/1c638cf4-608f-4ee6-b680-c329e824c3a8/resourceGroups/rgfluentchash-9390/providers/Microsoft.Network/publicIPAddresses/pip42208e27\"\r\n          },\r\n          \"subnet\": {\r\n            \"id\": \"/subscriptions/1c638cf4-608f-4ee6-b680-c329e824c3a8/resourceGroups/rgfluentchash-9390/providers/Microsoft.Network/virtualNetworks/vnet4da58164313f/subnets/subnet1\"\r\n          },\r\n          \"primary\": true,\r\n          \"privateIPAddressVersion\": \"IPv4\"\r\n        }\r\n      }\r\n    ],\r\n    \"dnsSettings\": {\r\n      \"dnsServers\": [],\r\n      \"appliedDnsServers\": [],\r\n      \"internalDomainNameSuffix\": \"qkyxym2mx4xufaigvnyshfruab.bx.internal.cloudapp.net\"\r\n    },\r\n    \"macAddress\": \"00-0D-3A-55-32-A5\",\r\n    \"enableAcceleratedNetworking\": false,\r\n    \"enableIPForwarding\": false,\r\n    \"primary\": true,\r\n    \"virtualMachine\": {\r\n      \"id\": \"/subscriptions/1c638cf4-608f-4ee6-b680-c329e824c3a8/resourceGroups/rgfluentchash-9390/providers/Microsoft.Compute/virtualMachines/vm67-9dd48642235\"\r\n    },\r\n    \"hostedWorkloads\": [],\r\n    \"tapConfigurations\": []\r\n  },\r\n  \"type\": \"Microsoft.Network/networkInterfaces\"\r\n}",
      "StatusCode": 200
    },
    {
      "RequestUri": "/subscriptions/1c638cf4-608f-4ee6-b680-c329e824c3a8/providers/Microsoft.Storage/locations/eastus/asyncoperations/26c00038-1467-4137-b2b8-f8396cd0f6ef?monitor=true&api-version=2018-11-01",
      "EncodedRequestUri": "L3N1YnNjcmlwdGlvbnMvMWM2MzhjZjQtNjA4Zi00ZWU2LWI2ODAtYzMyOWU4MjRjM2E4L3Byb3ZpZGVycy9NaWNyb3NvZnQuU3RvcmFnZS9sb2NhdGlvbnMvZWFzdHVzL2FzeW5jb3BlcmF0aW9ucy8yNmMwMDAzOC0xNDY3LTQxMzctYjJiOC1mODM5NmNkMGY2ZWY/bW9uaXRvcj10cnVlJmFwaS12ZXJzaW9uPTIwMTgtMTEtMDE=",
      "RequestMethod": "GET",
      "RequestBody": "",
      "RequestHeaders": {
        "User-Agent": [
          "FxVersion/4.6.28008.01",
          "OSName/Windows",
          "OSVersion/Microsoft.Windows.10.0.18363.",
          "Microsoft.Azure.Management.Storage.Fluent.StorageManagementClient/1.0.0.61",
          "MacAddressHash/f198b50d7e3ef6510679efb9e4c9a1474fd2bf18cf1d6a2182c79b00464dbadd"
        ]
      },
      "ResponseHeaders": {
        "Cache-Control": [
          "no-cache"
        ],
        "Pragma": [
          "no-cache"
        ],
        "x-ms-request-id": [
          "a23d1c08-5124-4cbf-9804-d214c5e701f1"
        ],
        "Strict-Transport-Security": [
          "max-age=31536000; includeSubDomains"
        ],
        "Server": [
          "Microsoft-Azure-Storage-Resource-Provider/1.0,Microsoft-HTTPAPI/2.0 Microsoft-HTTPAPI/2.0"
        ],
        "x-ms-ratelimit-remaining-subscription-reads": [
          "11940"
        ],
        "x-ms-correlation-request-id": [
          "e3c09643-490e-4cd4-a248-42847e7bd87b"
        ],
        "x-ms-routing-request-id": [
          "SOUTHEASTASIA:20191023T082605Z:e3c09643-490e-4cd4-a248-42847e7bd87b"
        ],
        "X-Content-Type-Options": [
          "nosniff"
        ],
        "Date": [
          "Wed, 23 Oct 2019 08:26:05 GMT"
        ],
        "Content-Length": [
          "1113"
        ],
        "Content-Type": [
          "application/json"
        ],
        "Expires": [
          "-1"
        ]
      },
      "ResponseBody": "{\r\n  \"sku\": {\r\n    \"name\": \"Standard_GRS\",\r\n    \"tier\": \"Standard\"\r\n  },\r\n  \"kind\": \"Storage\",\r\n  \"id\": \"/subscriptions/1c638cf4-608f-4ee6-b680-c329e824c3a8/resourceGroups/rgfluentchash-9390/providers/Microsoft.Storage/storageAccounts/stg50b33202109\",\r\n  \"name\": \"stg50b33202109\",\r\n  \"type\": \"Microsoft.Storage/storageAccounts\",\r\n  \"location\": \"eastus\",\r\n  \"tags\": {},\r\n  \"properties\": {\r\n    \"networkAcls\": {\r\n      \"bypass\": \"AzureServices\",\r\n      \"virtualNetworkRules\": [],\r\n      \"ipRules\": [],\r\n      \"defaultAction\": \"Allow\"\r\n    },\r\n    \"supportsHttpsTrafficOnly\": false,\r\n    \"encryption\": {\r\n      \"services\": {\r\n        \"file\": {\r\n          \"enabled\": true,\r\n          \"lastEnabledTime\": \"2019-10-23T08:25:47.7016436Z\"\r\n        },\r\n        \"blob\": {\r\n          \"enabled\": true,\r\n          \"lastEnabledTime\": \"2019-10-23T08:25:47.7016436Z\"\r\n        }\r\n      },\r\n      \"keySource\": \"Microsoft.Storage\"\r\n    },\r\n    \"provisioningState\": \"Succeeded\",\r\n    \"creationTime\": \"2019-10-23T08:25:47.6235418Z\",\r\n    \"primaryEndpoints\": {\r\n      \"blob\": \"https://stg50b33202109.blob.core.windows.net/\",\r\n      \"queue\": \"https://stg50b33202109.queue.core.windows.net/\",\r\n      \"table\": \"https://stg50b33202109.table.core.windows.net/\",\r\n      \"file\": \"https://stg50b33202109.file.core.windows.net/\"\r\n    },\r\n    \"primaryLocation\": \"eastus\",\r\n    \"statusOfPrimary\": \"available\",\r\n    \"secondaryLocation\": \"westus\",\r\n    \"statusOfSecondary\": \"available\"\r\n  }\r\n}",
      "StatusCode": 200
    },
    {
      "RequestUri": "/subscriptions/1c638cf4-608f-4ee6-b680-c329e824c3a8/resourceGroups/rgfluentchash-9390/providers/Microsoft.Storage/storageAccounts/stg50b33202109?api-version=2018-11-01",
      "EncodedRequestUri": "L3N1YnNjcmlwdGlvbnMvMWM2MzhjZjQtNjA4Zi00ZWU2LWI2ODAtYzMyOWU4MjRjM2E4L3Jlc291cmNlR3JvdXBzL3JnZmx1ZW50Y2hhc2gtOTM5MC9wcm92aWRlcnMvTWljcm9zb2Z0LlN0b3JhZ2Uvc3RvcmFnZUFjY291bnRzL3N0ZzUwYjMzMjAyMTA5P2FwaS12ZXJzaW9uPTIwMTgtMTEtMDE=",
      "RequestMethod": "GET",
      "RequestBody": "",
      "RequestHeaders": {
        "x-ms-client-request-id": [
          "e6ebcab6-4a2d-4e4a-8f96-55d5499ce843"
        ],
        "Accept-Language": [
          "en-US"
        ],
        "User-Agent": [
          "FxVersion/4.6.28008.01",
          "OSName/Windows",
          "OSVersion/Microsoft.Windows.10.0.18363.",
          "Microsoft.Azure.Management.Storage.Fluent.StorageManagementClient/1.0.0.61",
          "MacAddressHash/f198b50d7e3ef6510679efb9e4c9a1474fd2bf18cf1d6a2182c79b00464dbadd"
        ]
      },
      "ResponseHeaders": {
        "Cache-Control": [
          "no-cache"
        ],
        "Pragma": [
          "no-cache"
        ],
        "x-ms-request-id": [
          "129b83e6-18f4-4b47-8516-17352a3c2253"
        ],
        "Strict-Transport-Security": [
          "max-age=31536000; includeSubDomains"
        ],
        "Server": [
          "Microsoft-Azure-Storage-Resource-Provider/1.0,Microsoft-HTTPAPI/2.0 Microsoft-HTTPAPI/2.0"
        ],
        "x-ms-ratelimit-remaining-subscription-reads": [
          "11939"
        ],
        "x-ms-correlation-request-id": [
          "87cf78aa-b7f6-4784-95f3-76aa08724a53"
        ],
        "x-ms-routing-request-id": [
          "SOUTHEASTASIA:20191023T082605Z:87cf78aa-b7f6-4784-95f3-76aa08724a53"
        ],
        "X-Content-Type-Options": [
          "nosniff"
        ],
        "Date": [
          "Wed, 23 Oct 2019 08:26:05 GMT"
        ],
        "Content-Length": [
          "1113"
        ],
        "Content-Type": [
          "application/json"
        ],
        "Expires": [
          "-1"
        ]
      },
      "ResponseBody": "{\r\n  \"sku\": {\r\n    \"name\": \"Standard_GRS\",\r\n    \"tier\": \"Standard\"\r\n  },\r\n  \"kind\": \"Storage\",\r\n  \"id\": \"/subscriptions/1c638cf4-608f-4ee6-b680-c329e824c3a8/resourceGroups/rgfluentchash-9390/providers/Microsoft.Storage/storageAccounts/stg50b33202109\",\r\n  \"name\": \"stg50b33202109\",\r\n  \"type\": \"Microsoft.Storage/storageAccounts\",\r\n  \"location\": \"eastus\",\r\n  \"tags\": {},\r\n  \"properties\": {\r\n    \"networkAcls\": {\r\n      \"bypass\": \"AzureServices\",\r\n      \"virtualNetworkRules\": [],\r\n      \"ipRules\": [],\r\n      \"defaultAction\": \"Allow\"\r\n    },\r\n    \"supportsHttpsTrafficOnly\": false,\r\n    \"encryption\": {\r\n      \"services\": {\r\n        \"file\": {\r\n          \"enabled\": true,\r\n          \"lastEnabledTime\": \"2019-10-23T08:25:47.7016436Z\"\r\n        },\r\n        \"blob\": {\r\n          \"enabled\": true,\r\n          \"lastEnabledTime\": \"2019-10-23T08:25:47.7016436Z\"\r\n        }\r\n      },\r\n      \"keySource\": \"Microsoft.Storage\"\r\n    },\r\n    \"provisioningState\": \"Succeeded\",\r\n    \"creationTime\": \"2019-10-23T08:25:47.6235418Z\",\r\n    \"primaryEndpoints\": {\r\n      \"blob\": \"https://stg50b33202109.blob.core.windows.net/\",\r\n      \"queue\": \"https://stg50b33202109.queue.core.windows.net/\",\r\n      \"table\": \"https://stg50b33202109.table.core.windows.net/\",\r\n      \"file\": \"https://stg50b33202109.file.core.windows.net/\"\r\n    },\r\n    \"primaryLocation\": \"eastus\",\r\n    \"statusOfPrimary\": \"available\",\r\n    \"secondaryLocation\": \"westus\",\r\n    \"statusOfSecondary\": \"available\"\r\n  }\r\n}",
      "StatusCode": 200
    },
    {
      "RequestUri": "/subscriptions/1c638cf4-608f-4ee6-b680-c329e824c3a8/resourceGroups/rgfluentchash-9390/providers/Microsoft.Compute/virtualMachines/vm67-9dd48642235?api-version=2019-03-01",
      "EncodedRequestUri": "L3N1YnNjcmlwdGlvbnMvMWM2MzhjZjQtNjA4Zi00ZWU2LWI2ODAtYzMyOWU4MjRjM2E4L3Jlc291cmNlR3JvdXBzL3JnZmx1ZW50Y2hhc2gtOTM5MC9wcm92aWRlcnMvTWljcm9zb2Z0LkNvbXB1dGUvdmlydHVhbE1hY2hpbmVzL3ZtNjctOWRkNDg2NDIyMzU/YXBpLXZlcnNpb249MjAxOS0wMy0wMQ==",
      "RequestMethod": "PUT",
      "RequestBody": "{\r\n  \"properties\": {\r\n    \"hardwareProfile\": {\r\n      \"vmSize\": \"Standard_D5_v2\"\r\n    },\r\n    \"storageProfile\": {\r\n      \"imageReference\": {\r\n        \"publisher\": \"Canonical\",\r\n        \"offer\": \"UbuntuServer\",\r\n        \"sku\": \"16.04.0-LTS\",\r\n        \"version\": \"latest\"\r\n      },\r\n      \"osDisk\": {\r\n        \"name\": \"vm67-9dd48642235-os-disk\",\r\n        \"vhd\": {\r\n          \"uri\": \"https://stg50b33202109.blob.core.windows.net/vhds/vm67-9dd48642235-os-disk-2a13a516-68b7-4b93-a0da-cd32c005cf41.Vhd\"\r\n        },\r\n        \"caching\": \"ReadWrite\",\r\n        \"createOption\": \"FromImage\"\r\n      },\r\n      \"dataDisks\": [\r\n        {\r\n          \"lun\": 0,\r\n          \"name\": \"disk-1\",\r\n          \"vhd\": {\r\n            \"uri\": \"https://stg50b33202109.blob.core.windows.net/vhds/vm67-9dd48642235-data-disk-0-4fa72c5b-d343-49a3-af49-65f99a567972.Vhd\"\r\n          },\r\n          \"caching\": \"ReadWrite\",\r\n          \"createOption\": \"Empty\",\r\n          \"diskSizeGB\": 30\r\n        },\r\n        {\r\n          \"lun\": 1,\r\n          \"name\": \"disk-2\",\r\n          \"vhd\": {\r\n            \"uri\": \"https://stg50b33202109.blob.core.windows.net/vhds/vm67-9dd48642235-data-disk-1-6c51b67e-018a-405a-973c-baa90e739ab8.Vhd\"\r\n          },\r\n          \"caching\": \"ReadOnly\",\r\n          \"createOption\": \"Empty\",\r\n          \"diskSizeGB\": 60\r\n        }\r\n      ]\r\n    },\r\n    \"osProfile\": {\r\n      \"computerName\": \"vme1454091cb\",\r\n      \"adminUsername\": \"javauser\",\r\n      \"adminPassword\": \"12NewPA$$w0rd!\",\r\n      \"linuxConfiguration\": {\r\n        \"disablePasswordAuthentication\": false\r\n      }\r\n    },\r\n    \"networkProfile\": {\r\n      \"networkInterfaces\": [\r\n        {\r\n          \"properties\": {\r\n            \"primary\": true\r\n          },\r\n          \"id\": \"/subscriptions/1c638cf4-608f-4ee6-b680-c329e824c3a8/resourceGroups/rgfluentchash-9390/providers/Microsoft.Network/networkInterfaces/nic46781a71fc3\"\r\n        }\r\n      ]\r\n    }\r\n  },\r\n  \"location\": \"eastus\",\r\n  \"tags\": {}\r\n}",
      "RequestHeaders": {
        "x-ms-client-request-id": [
          "8fcb8708-f28e-483b-b375-6490e6684a72"
        ],
        "Accept-Language": [
          "en-US"
        ],
        "User-Agent": [
          "FxVersion/4.6.28008.01",
          "OSName/Windows",
          "OSVersion/Microsoft.Windows.10.0.18363.",
          "Microsoft.Azure.Management.Compute.Fluent.ComputeManagementClient/1.0.0.61",
          "MacAddressHash/f198b50d7e3ef6510679efb9e4c9a1474fd2bf18cf1d6a2182c79b00464dbadd"
        ],
        "Content-Type": [
          "application/json; charset=utf-8"
        ],
        "Content-Length": [
          "1932"
        ]
      },
      "ResponseHeaders": {
        "Cache-Control": [
          "no-cache"
        ],
        "Pragma": [
          "no-cache"
        ],
        "Retry-After": [
          "10"
        ],
        "Azure-AsyncOperation": [
          "https://management.azure.com/subscriptions/1c638cf4-608f-4ee6-b680-c329e824c3a8/providers/Microsoft.Compute/locations/eastus/operations/4f866531-fb66-45c8-916b-f82df7119271?api-version=2019-03-01"
        ],
        "Azure-AsyncNotification": [
          "Enabled"
        ],
        "x-ms-ratelimit-remaining-resource": [
          "Microsoft.Compute/PutVM3Min;239,Microsoft.Compute/PutVM30Min;1197"
        ],
        "Strict-Transport-Security": [
          "max-age=31536000; includeSubDomains"
        ],
        "x-ms-request-id": [
          "4f866531-fb66-45c8-916b-f82df7119271"
        ],
        "Server": [
          "Microsoft-HTTPAPI/2.0",
          "Microsoft-HTTPAPI/2.0"
        ],
        "x-ms-ratelimit-remaining-subscription-writes": [
          "1194"
        ],
        "x-ms-correlation-request-id": [
          "6556cdf6-acb0-4992-abdb-775b6fedfc6f"
        ],
        "x-ms-routing-request-id": [
          "SOUTHEASTASIA:20191023T082608Z:6556cdf6-acb0-4992-abdb-775b6fedfc6f"
        ],
        "X-Content-Type-Options": [
          "nosniff"
        ],
        "Date": [
          "Wed, 23 Oct 2019 08:26:07 GMT"
        ],
        "Content-Length": [
          "2361"
        ],
        "Content-Type": [
          "application/json; charset=utf-8"
        ],
        "Expires": [
          "-1"
        ]
      },
      "ResponseBody": "{\r\n  \"name\": \"vm67-9dd48642235\",\r\n  \"id\": \"/subscriptions/1c638cf4-608f-4ee6-b680-c329e824c3a8/resourceGroups/rgfluentchash-9390/providers/Microsoft.Compute/virtualMachines/vm67-9dd48642235\",\r\n  \"type\": \"Microsoft.Compute/virtualMachines\",\r\n  \"location\": \"eastus\",\r\n  \"tags\": {},\r\n  \"properties\": {\r\n    \"vmId\": \"e28d0f06-b159-4dc5-a41c-a0c620abe60b\",\r\n    \"hardwareProfile\": {\r\n      \"vmSize\": \"Standard_D5_v2\"\r\n    },\r\n    \"storageProfile\": {\r\n      \"imageReference\": {\r\n        \"publisher\": \"Canonical\",\r\n        \"offer\": \"UbuntuServer\",\r\n        \"sku\": \"16.04.0-LTS\",\r\n        \"version\": \"latest\"\r\n      },\r\n      \"osDisk\": {\r\n        \"osType\": \"Linux\",\r\n        \"name\": \"vm67-9dd48642235-os-disk\",\r\n        \"createOption\": \"FromImage\",\r\n        \"vhd\": {\r\n          \"uri\": \"https://stg50b33202109.blob.core.windows.net/vhds/vm67-9dd48642235-os-disk-2a13a516-68b7-4b93-a0da-cd32c005cf41.Vhd\"\r\n        },\r\n        \"caching\": \"ReadWrite\"\r\n      },\r\n      \"dataDisks\": [\r\n        {\r\n          \"lun\": 0,\r\n          \"name\": \"disk-1\",\r\n          \"createOption\": \"Empty\",\r\n          \"vhd\": {\r\n            \"uri\": \"https://stg50b33202109.blob.core.windows.net/vhds/vm67-9dd48642235-data-disk-0-4fa72c5b-d343-49a3-af49-65f99a567972.Vhd\"\r\n          },\r\n          \"caching\": \"ReadWrite\",\r\n          \"diskSizeGB\": 30,\r\n          \"toBeDetached\": false\r\n        },\r\n        {\r\n          \"lun\": 1,\r\n          \"name\": \"disk-2\",\r\n          \"createOption\": \"Empty\",\r\n          \"vhd\": {\r\n            \"uri\": \"https://stg50b33202109.blob.core.windows.net/vhds/vm67-9dd48642235-data-disk-1-6c51b67e-018a-405a-973c-baa90e739ab8.Vhd\"\r\n          },\r\n          \"caching\": \"ReadOnly\",\r\n          \"diskSizeGB\": 60,\r\n          \"toBeDetached\": false\r\n        }\r\n      ]\r\n    },\r\n    \"osProfile\": {\r\n      \"computerName\": \"vme1454091cb\",\r\n      \"adminUsername\": \"javauser\",\r\n      \"linuxConfiguration\": {\r\n        \"disablePasswordAuthentication\": false,\r\n        \"provisionVMAgent\": true\r\n      },\r\n      \"secrets\": [],\r\n      \"allowExtensionOperations\": true,\r\n      \"requireGuestProvisionSignal\": true\r\n    },\r\n    \"networkProfile\": {\r\n      \"networkInterfaces\": [\r\n        {\r\n          \"id\": \"/subscriptions/1c638cf4-608f-4ee6-b680-c329e824c3a8/resourceGroups/rgfluentchash-9390/providers/Microsoft.Network/networkInterfaces/nic46781a71fc3\",\r\n          \"properties\": {\r\n            \"primary\": true\r\n          }\r\n        }\r\n      ]\r\n    },\r\n    \"provisioningState\": \"Creating\"\r\n  }\r\n}",
      "StatusCode": 201
    },
    {
      "RequestUri": "/subscriptions/1c638cf4-608f-4ee6-b680-c329e824c3a8/providers/Microsoft.Compute/locations/eastus/operations/4f866531-fb66-45c8-916b-f82df7119271?api-version=2019-03-01",
      "EncodedRequestUri": "L3N1YnNjcmlwdGlvbnMvMWM2MzhjZjQtNjA4Zi00ZWU2LWI2ODAtYzMyOWU4MjRjM2E4L3Byb3ZpZGVycy9NaWNyb3NvZnQuQ29tcHV0ZS9sb2NhdGlvbnMvZWFzdHVzL29wZXJhdGlvbnMvNGY4NjY1MzEtZmI2Ni00NWM4LTkxNmItZjgyZGY3MTE5MjcxP2FwaS12ZXJzaW9uPTIwMTktMDMtMDE=",
      "RequestMethod": "GET",
      "RequestBody": "",
      "RequestHeaders": {
        "User-Agent": [
          "FxVersion/4.6.28008.01",
          "OSName/Windows",
          "OSVersion/Microsoft.Windows.10.0.18363.",
          "Microsoft.Azure.Management.Compute.Fluent.ComputeManagementClient/1.0.0.61",
          "MacAddressHash/f198b50d7e3ef6510679efb9e4c9a1474fd2bf18cf1d6a2182c79b00464dbadd"
        ]
      },
      "ResponseHeaders": {
        "Cache-Control": [
          "no-cache"
        ],
        "Pragma": [
          "no-cache"
        ],
        "Retry-After": [
          "30"
        ],
        "x-ms-ratelimit-remaining-resource": [
          "Microsoft.Compute/GetOperation3Min;14999,Microsoft.Compute/GetOperation30Min;29967"
        ],
        "Strict-Transport-Security": [
          "max-age=31536000; includeSubDomains"
        ],
        "x-ms-request-id": [
          "4734f982-d410-4064-a663-014fdf2efd25"
        ],
        "Server": [
          "Microsoft-HTTPAPI/2.0",
          "Microsoft-HTTPAPI/2.0"
        ],
        "x-ms-ratelimit-remaining-subscription-reads": [
          "11935"
        ],
        "x-ms-correlation-request-id": [
          "db165175-a3fd-45cb-808b-9c7ebdc0b770"
        ],
        "x-ms-routing-request-id": [
          "SOUTHEASTASIA:20191023T082618Z:db165175-a3fd-45cb-808b-9c7ebdc0b770"
        ],
        "X-Content-Type-Options": [
          "nosniff"
        ],
        "Date": [
          "Wed, 23 Oct 2019 08:26:18 GMT"
        ],
        "Content-Length": [
          "134"
        ],
        "Content-Type": [
          "application/json; charset=utf-8"
        ],
        "Expires": [
          "-1"
        ]
      },
      "ResponseBody": "{\r\n  \"startTime\": \"2019-10-23T16:26:07.2511431+08:00\",\r\n  \"status\": \"InProgress\",\r\n  \"name\": \"4f866531-fb66-45c8-916b-f82df7119271\"\r\n}",
      "StatusCode": 200
    },
    {
      "RequestUri": "/subscriptions/1c638cf4-608f-4ee6-b680-c329e824c3a8/providers/Microsoft.Compute/locations/eastus/operations/4f866531-fb66-45c8-916b-f82df7119271?api-version=2019-03-01",
      "EncodedRequestUri": "L3N1YnNjcmlwdGlvbnMvMWM2MzhjZjQtNjA4Zi00ZWU2LWI2ODAtYzMyOWU4MjRjM2E4L3Byb3ZpZGVycy9NaWNyb3NvZnQuQ29tcHV0ZS9sb2NhdGlvbnMvZWFzdHVzL29wZXJhdGlvbnMvNGY4NjY1MzEtZmI2Ni00NWM4LTkxNmItZjgyZGY3MTE5MjcxP2FwaS12ZXJzaW9uPTIwMTktMDMtMDE=",
      "RequestMethod": "GET",
      "RequestBody": "",
      "RequestHeaders": {
        "User-Agent": [
          "FxVersion/4.6.28008.01",
          "OSName/Windows",
          "OSVersion/Microsoft.Windows.10.0.18363.",
          "Microsoft.Azure.Management.Compute.Fluent.ComputeManagementClient/1.0.0.61",
          "MacAddressHash/f198b50d7e3ef6510679efb9e4c9a1474fd2bf18cf1d6a2182c79b00464dbadd"
        ]
      },
      "ResponseHeaders": {
        "Cache-Control": [
          "no-cache"
        ],
        "Pragma": [
          "no-cache"
        ],
        "x-ms-ratelimit-remaining-resource": [
          "Microsoft.Compute/GetOperation3Min;14998,Microsoft.Compute/GetOperation30Min;29966"
        ],
        "Strict-Transport-Security": [
          "max-age=31536000; includeSubDomains"
        ],
        "x-ms-request-id": [
          "fe260d02-b4d8-4199-b197-201b7d5443d1"
        ],
        "Server": [
          "Microsoft-HTTPAPI/2.0",
          "Microsoft-HTTPAPI/2.0"
        ],
        "x-ms-ratelimit-remaining-subscription-reads": [
          "11934"
        ],
        "x-ms-correlation-request-id": [
          "bc716e3b-0afc-45e9-acce-a8399c92bd47"
        ],
        "x-ms-routing-request-id": [
          "SOUTHEASTASIA:20191023T082648Z:bc716e3b-0afc-45e9-acce-a8399c92bd47"
        ],
        "X-Content-Type-Options": [
          "nosniff"
        ],
        "Date": [
          "Wed, 23 Oct 2019 08:26:48 GMT"
        ],
        "Content-Length": [
          "134"
        ],
        "Content-Type": [
          "application/json; charset=utf-8"
        ],
        "Expires": [
          "-1"
        ]
      },
      "ResponseBody": "{\r\n  \"startTime\": \"2019-10-23T16:26:07.2511431+08:00\",\r\n  \"status\": \"InProgress\",\r\n  \"name\": \"4f866531-fb66-45c8-916b-f82df7119271\"\r\n}",
      "StatusCode": 200
    },
    {
      "RequestUri": "/subscriptions/1c638cf4-608f-4ee6-b680-c329e824c3a8/providers/Microsoft.Compute/locations/eastus/operations/4f866531-fb66-45c8-916b-f82df7119271?api-version=2019-03-01",
      "EncodedRequestUri": "L3N1YnNjcmlwdGlvbnMvMWM2MzhjZjQtNjA4Zi00ZWU2LWI2ODAtYzMyOWU4MjRjM2E4L3Byb3ZpZGVycy9NaWNyb3NvZnQuQ29tcHV0ZS9sb2NhdGlvbnMvZWFzdHVzL29wZXJhdGlvbnMvNGY4NjY1MzEtZmI2Ni00NWM4LTkxNmItZjgyZGY3MTE5MjcxP2FwaS12ZXJzaW9uPTIwMTktMDMtMDE=",
      "RequestMethod": "GET",
      "RequestBody": "",
      "RequestHeaders": {
        "User-Agent": [
          "FxVersion/4.6.28008.01",
          "OSName/Windows",
          "OSVersion/Microsoft.Windows.10.0.18363.",
          "Microsoft.Azure.Management.Compute.Fluent.ComputeManagementClient/1.0.0.61",
          "MacAddressHash/f198b50d7e3ef6510679efb9e4c9a1474fd2bf18cf1d6a2182c79b00464dbadd"
        ]
      },
      "ResponseHeaders": {
        "Cache-Control": [
          "no-cache"
        ],
        "Pragma": [
          "no-cache"
        ],
        "x-ms-ratelimit-remaining-resource": [
          "Microsoft.Compute/GetOperation3Min;14996,Microsoft.Compute/GetOperation30Min;29964"
        ],
        "Strict-Transport-Security": [
          "max-age=31536000; includeSubDomains"
        ],
        "x-ms-request-id": [
          "6a27f6fa-de20-4405-9f34-3efae7f60e64"
        ],
        "Server": [
          "Microsoft-HTTPAPI/2.0",
          "Microsoft-HTTPAPI/2.0"
        ],
        "x-ms-ratelimit-remaining-subscription-reads": [
          "11933"
        ],
        "x-ms-correlation-request-id": [
          "bc298021-55b2-4930-9534-2e20da9d072a"
        ],
        "x-ms-routing-request-id": [
          "SOUTHEASTASIA:20191023T082719Z:bc298021-55b2-4930-9534-2e20da9d072a"
        ],
        "X-Content-Type-Options": [
          "nosniff"
        ],
        "Date": [
          "Wed, 23 Oct 2019 08:27:19 GMT"
        ],
        "Content-Length": [
          "184"
        ],
        "Content-Type": [
          "application/json; charset=utf-8"
        ],
        "Expires": [
          "-1"
        ]
      },
      "ResponseBody": "{\r\n  \"startTime\": \"2019-10-23T16:26:07.2511431+08:00\",\r\n  \"endTime\": \"2019-10-23T16:27:01.3608653+08:00\",\r\n  \"status\": \"Succeeded\",\r\n  \"name\": \"4f866531-fb66-45c8-916b-f82df7119271\"\r\n}",
      "StatusCode": 200
    },
    {
      "RequestUri": "/subscriptions/1c638cf4-608f-4ee6-b680-c329e824c3a8/resourceGroups/rgfluentchash-9390/providers/Microsoft.Compute/virtualMachines/vm67-9dd48642235?api-version=2019-03-01",
      "EncodedRequestUri": "L3N1YnNjcmlwdGlvbnMvMWM2MzhjZjQtNjA4Zi00ZWU2LWI2ODAtYzMyOWU4MjRjM2E4L3Jlc291cmNlR3JvdXBzL3JnZmx1ZW50Y2hhc2gtOTM5MC9wcm92aWRlcnMvTWljcm9zb2Z0LkNvbXB1dGUvdmlydHVhbE1hY2hpbmVzL3ZtNjctOWRkNDg2NDIyMzU/YXBpLXZlcnNpb249MjAxOS0wMy0wMQ==",
      "RequestMethod": "GET",
      "RequestBody": "",
      "RequestHeaders": {
        "User-Agent": [
          "FxVersion/4.6.28008.01",
          "OSName/Windows",
          "OSVersion/Microsoft.Windows.10.0.18363.",
          "Microsoft.Azure.Management.Compute.Fluent.ComputeManagementClient/1.0.0.61",
          "MacAddressHash/f198b50d7e3ef6510679efb9e4c9a1474fd2bf18cf1d6a2182c79b00464dbadd"
        ]
      },
      "ResponseHeaders": {
        "Cache-Control": [
          "no-cache"
        ],
        "Pragma": [
          "no-cache"
        ],
        "x-ms-ratelimit-remaining-resource": [
          "Microsoft.Compute/LowCostGet3Min;3995,Microsoft.Compute/LowCostGet30Min;31975"
        ],
        "Strict-Transport-Security": [
          "max-age=31536000; includeSubDomains"
        ],
        "x-ms-request-id": [
          "2fc1ef9f-a617-48f7-b76b-d9a0fdbdb971"
        ],
        "Server": [
          "Microsoft-HTTPAPI/2.0",
          "Microsoft-HTTPAPI/2.0"
        ],
        "x-ms-ratelimit-remaining-subscription-reads": [
          "11932"
        ],
        "x-ms-correlation-request-id": [
          "b86ef4f4-e18f-453f-87ce-b4be0b367f85"
        ],
        "x-ms-routing-request-id": [
          "SOUTHEASTASIA:20191023T082719Z:b86ef4f4-e18f-453f-87ce-b4be0b367f85"
        ],
        "X-Content-Type-Options": [
          "nosniff"
        ],
        "Date": [
          "Wed, 23 Oct 2019 08:27:19 GMT"
        ],
        "Content-Length": [
          "2389"
        ],
        "Content-Type": [
          "application/json; charset=utf-8"
        ],
        "Expires": [
          "-1"
        ]
      },
      "ResponseBody": "{\r\n  \"name\": \"vm67-9dd48642235\",\r\n  \"id\": \"/subscriptions/1c638cf4-608f-4ee6-b680-c329e824c3a8/resourceGroups/rgfluentchash-9390/providers/Microsoft.Compute/virtualMachines/vm67-9dd48642235\",\r\n  \"type\": \"Microsoft.Compute/virtualMachines\",\r\n  \"location\": \"eastus\",\r\n  \"tags\": {},\r\n  \"properties\": {\r\n    \"vmId\": \"e28d0f06-b159-4dc5-a41c-a0c620abe60b\",\r\n    \"hardwareProfile\": {\r\n      \"vmSize\": \"Standard_D5_v2\"\r\n    },\r\n    \"storageProfile\": {\r\n      \"imageReference\": {\r\n        \"publisher\": \"Canonical\",\r\n        \"offer\": \"UbuntuServer\",\r\n        \"sku\": \"16.04.0-LTS\",\r\n        \"version\": \"latest\"\r\n      },\r\n      \"osDisk\": {\r\n        \"osType\": \"Linux\",\r\n        \"name\": \"vm67-9dd48642235-os-disk\",\r\n        \"createOption\": \"FromImage\",\r\n        \"vhd\": {\r\n          \"uri\": \"https://stg50b33202109.blob.core.windows.net/vhds/vm67-9dd48642235-os-disk-2a13a516-68b7-4b93-a0da-cd32c005cf41.Vhd\"\r\n        },\r\n        \"caching\": \"ReadWrite\",\r\n        \"diskSizeGB\": 30\r\n      },\r\n      \"dataDisks\": [\r\n        {\r\n          \"lun\": 0,\r\n          \"name\": \"disk-1\",\r\n          \"createOption\": \"Empty\",\r\n          \"vhd\": {\r\n            \"uri\": \"https://stg50b33202109.blob.core.windows.net/vhds/vm67-9dd48642235-data-disk-0-4fa72c5b-d343-49a3-af49-65f99a567972.Vhd\"\r\n          },\r\n          \"caching\": \"ReadWrite\",\r\n          \"diskSizeGB\": 30,\r\n          \"toBeDetached\": false\r\n        },\r\n        {\r\n          \"lun\": 1,\r\n          \"name\": \"disk-2\",\r\n          \"createOption\": \"Empty\",\r\n          \"vhd\": {\r\n            \"uri\": \"https://stg50b33202109.blob.core.windows.net/vhds/vm67-9dd48642235-data-disk-1-6c51b67e-018a-405a-973c-baa90e739ab8.Vhd\"\r\n          },\r\n          \"caching\": \"ReadOnly\",\r\n          \"diskSizeGB\": 60,\r\n          \"toBeDetached\": false\r\n        }\r\n      ]\r\n    },\r\n    \"osProfile\": {\r\n      \"computerName\": \"vme1454091cb\",\r\n      \"adminUsername\": \"javauser\",\r\n      \"linuxConfiguration\": {\r\n        \"disablePasswordAuthentication\": false,\r\n        \"provisionVMAgent\": true\r\n      },\r\n      \"secrets\": [],\r\n      \"allowExtensionOperations\": true,\r\n      \"requireGuestProvisionSignal\": true\r\n    },\r\n    \"networkProfile\": {\r\n      \"networkInterfaces\": [\r\n        {\r\n          \"id\": \"/subscriptions/1c638cf4-608f-4ee6-b680-c329e824c3a8/resourceGroups/rgfluentchash-9390/providers/Microsoft.Network/networkInterfaces/nic46781a71fc3\",\r\n          \"properties\": {\r\n            \"primary\": true\r\n          }\r\n        }\r\n      ]\r\n    },\r\n    \"provisioningState\": \"Succeeded\"\r\n  }\r\n}",
      "StatusCode": 200
    },
    {
      "RequestUri": "/subscriptions/1c638cf4-608f-4ee6-b680-c329e824c3a8/resourceGroups/rgfluentchash-9390/providers/Microsoft.Compute/virtualMachines/vm67-9dd48642235/deallocate?api-version=2019-03-01",
      "EncodedRequestUri": "L3N1YnNjcmlwdGlvbnMvMWM2MzhjZjQtNjA4Zi00ZWU2LWI2ODAtYzMyOWU4MjRjM2E4L3Jlc291cmNlR3JvdXBzL3JnZmx1ZW50Y2hhc2gtOTM5MC9wcm92aWRlcnMvTWljcm9zb2Z0LkNvbXB1dGUvdmlydHVhbE1hY2hpbmVzL3ZtNjctOWRkNDg2NDIyMzUvZGVhbGxvY2F0ZT9hcGktdmVyc2lvbj0yMDE5LTAzLTAx",
      "RequestMethod": "POST",
      "RequestBody": "",
      "RequestHeaders": {
        "x-ms-client-request-id": [
          "0bc7124b-463f-4d4a-af54-41e312eede8f"
        ],
        "Accept-Language": [
          "en-US"
        ],
        "User-Agent": [
          "FxVersion/4.6.28008.01",
          "OSName/Windows",
          "OSVersion/Microsoft.Windows.10.0.18363.",
          "Microsoft.Azure.Management.Compute.Fluent.ComputeManagementClient/1.0.0.61",
          "MacAddressHash/f198b50d7e3ef6510679efb9e4c9a1474fd2bf18cf1d6a2182c79b00464dbadd"
        ]
      },
      "ResponseHeaders": {
        "Cache-Control": [
          "no-cache"
        ],
        "Pragma": [
          "no-cache"
        ],
        "Location": [
          "https://management.azure.com/subscriptions/1c638cf4-608f-4ee6-b680-c329e824c3a8/providers/Microsoft.Compute/locations/eastus/operations/c36a1298-9fdb-4376-86c6-7da95e4cc4ac?monitor=true&api-version=2019-03-01"
        ],
        "Retry-After": [
          "10"
        ],
        "Azure-AsyncOperation": [
          "https://management.azure.com/subscriptions/1c638cf4-608f-4ee6-b680-c329e824c3a8/providers/Microsoft.Compute/locations/eastus/operations/c36a1298-9fdb-4376-86c6-7da95e4cc4ac?api-version=2019-03-01"
        ],
        "x-ms-ratelimit-remaining-resource": [
          "Microsoft.Compute/DeleteVM3Min;239,Microsoft.Compute/DeleteVM30Min;1196"
        ],
        "Strict-Transport-Security": [
          "max-age=31536000; includeSubDomains"
        ],
        "x-ms-request-id": [
          "c36a1298-9fdb-4376-86c6-7da95e4cc4ac"
        ],
        "Server": [
          "Microsoft-HTTPAPI/2.0",
          "Microsoft-HTTPAPI/2.0"
        ],
        "x-ms-ratelimit-remaining-subscription-writes": [
          "1199"
        ],
        "x-ms-correlation-request-id": [
          "df73bbcf-c461-4cb4-9b5f-5ccc0195b62f"
        ],
        "x-ms-routing-request-id": [
          "SOUTHEASTASIA:20191023T082725Z:df73bbcf-c461-4cb4-9b5f-5ccc0195b62f"
        ],
        "X-Content-Type-Options": [
          "nosniff"
        ],
        "Date": [
          "Wed, 23 Oct 2019 08:27:25 GMT"
        ],
        "Expires": [
          "-1"
        ],
        "Content-Length": [
          "0"
        ]
      },
      "ResponseBody": "",
      "StatusCode": 202
    },
    {
      "RequestUri": "/subscriptions/1c638cf4-608f-4ee6-b680-c329e824c3a8/providers/Microsoft.Compute/locations/eastus/operations/c36a1298-9fdb-4376-86c6-7da95e4cc4ac?api-version=2019-03-01",
      "EncodedRequestUri": "L3N1YnNjcmlwdGlvbnMvMWM2MzhjZjQtNjA4Zi00ZWU2LWI2ODAtYzMyOWU4MjRjM2E4L3Byb3ZpZGVycy9NaWNyb3NvZnQuQ29tcHV0ZS9sb2NhdGlvbnMvZWFzdHVzL29wZXJhdGlvbnMvYzM2YTEyOTgtOWZkYi00Mzc2LTg2YzYtN2RhOTVlNGNjNGFjP2FwaS12ZXJzaW9uPTIwMTktMDMtMDE=",
      "RequestMethod": "GET",
      "RequestBody": "",
      "RequestHeaders": {
        "User-Agent": [
          "FxVersion/4.6.28008.01",
          "OSName/Windows",
          "OSVersion/Microsoft.Windows.10.0.18363.",
          "Microsoft.Azure.Management.Compute.Fluent.ComputeManagementClient/1.0.0.61",
          "MacAddressHash/f198b50d7e3ef6510679efb9e4c9a1474fd2bf18cf1d6a2182c79b00464dbadd"
        ]
      },
      "ResponseHeaders": {
        "Cache-Control": [
          "no-cache"
        ],
        "Pragma": [
          "no-cache"
        ],
        "Retry-After": [
          "36"
        ],
        "x-ms-ratelimit-remaining-resource": [
          "Microsoft.Compute/GetOperation3Min;14995,Microsoft.Compute/GetOperation30Min;29963"
        ],
        "Strict-Transport-Security": [
          "max-age=31536000; includeSubDomains"
        ],
        "x-ms-request-id": [
          "209e6c1f-9ccd-4dd3-827e-950dd27d79fe"
        ],
        "Server": [
          "Microsoft-HTTPAPI/2.0",
          "Microsoft-HTTPAPI/2.0"
        ],
        "x-ms-ratelimit-remaining-subscription-reads": [
          "11928"
        ],
        "x-ms-correlation-request-id": [
          "12f0f7eb-b23a-425a-a381-377ea211acbe"
        ],
        "x-ms-routing-request-id": [
          "SOUTHEASTASIA:20191023T082735Z:12f0f7eb-b23a-425a-a381-377ea211acbe"
        ],
        "X-Content-Type-Options": [
          "nosniff"
        ],
        "Date": [
          "Wed, 23 Oct 2019 08:27:35 GMT"
        ],
        "Content-Length": [
          "134"
        ],
        "Content-Type": [
          "application/json; charset=utf-8"
        ],
        "Expires": [
          "-1"
        ]
      },
      "ResponseBody": "{\r\n  \"startTime\": \"2019-10-23T16:27:25.0172867+08:00\",\r\n  \"status\": \"InProgress\",\r\n  \"name\": \"c36a1298-9fdb-4376-86c6-7da95e4cc4ac\"\r\n}",
      "StatusCode": 200
    },
    {
      "RequestUri": "/subscriptions/1c638cf4-608f-4ee6-b680-c329e824c3a8/providers/Microsoft.Compute/locations/eastus/operations/c36a1298-9fdb-4376-86c6-7da95e4cc4ac?api-version=2019-03-01",
      "EncodedRequestUri": "L3N1YnNjcmlwdGlvbnMvMWM2MzhjZjQtNjA4Zi00ZWU2LWI2ODAtYzMyOWU4MjRjM2E4L3Byb3ZpZGVycy9NaWNyb3NvZnQuQ29tcHV0ZS9sb2NhdGlvbnMvZWFzdHVzL29wZXJhdGlvbnMvYzM2YTEyOTgtOWZkYi00Mzc2LTg2YzYtN2RhOTVlNGNjNGFjP2FwaS12ZXJzaW9uPTIwMTktMDMtMDE=",
      "RequestMethod": "GET",
      "RequestBody": "",
      "RequestHeaders": {
        "User-Agent": [
          "FxVersion/4.6.28008.01",
          "OSName/Windows",
          "OSVersion/Microsoft.Windows.10.0.18363.",
          "Microsoft.Azure.Management.Compute.Fluent.ComputeManagementClient/1.0.0.61",
          "MacAddressHash/f198b50d7e3ef6510679efb9e4c9a1474fd2bf18cf1d6a2182c79b00464dbadd"
        ]
      },
      "ResponseHeaders": {
        "Cache-Control": [
          "no-cache"
        ],
        "Pragma": [
          "no-cache"
        ],
        "x-ms-ratelimit-remaining-resource": [
          "Microsoft.Compute/GetOperation3Min;14991,Microsoft.Compute/GetOperation30Min;29959"
        ],
        "Strict-Transport-Security": [
          "max-age=31536000; includeSubDomains"
        ],
        "x-ms-request-id": [
          "42a7172f-7c77-4daa-8463-b692720c1528"
        ],
        "Server": [
          "Microsoft-HTTPAPI/2.0",
          "Microsoft-HTTPAPI/2.0"
        ],
        "x-ms-ratelimit-remaining-subscription-reads": [
          "11927"
        ],
        "x-ms-correlation-request-id": [
          "2b2ec684-532e-4b59-b205-92d3a654ebf3"
        ],
        "x-ms-routing-request-id": [
          "SOUTHEASTASIA:20191023T082811Z:2b2ec684-532e-4b59-b205-92d3a654ebf3"
        ],
        "X-Content-Type-Options": [
          "nosniff"
        ],
        "Date": [
          "Wed, 23 Oct 2019 08:28:11 GMT"
        ],
        "Content-Length": [
          "184"
        ],
        "Content-Type": [
          "application/json; charset=utf-8"
        ],
        "Expires": [
          "-1"
        ]
      },
      "ResponseBody": "{\r\n  \"startTime\": \"2019-10-23T16:27:25.0172867+08:00\",\r\n  \"endTime\": \"2019-10-23T16:28:06.0644156+08:00\",\r\n  \"status\": \"Succeeded\",\r\n  \"name\": \"c36a1298-9fdb-4376-86c6-7da95e4cc4ac\"\r\n}",
      "StatusCode": 200
    },
    {
      "RequestUri": "/subscriptions/1c638cf4-608f-4ee6-b680-c329e824c3a8/providers/Microsoft.Compute/locations/eastus/operations/c36a1298-9fdb-4376-86c6-7da95e4cc4ac?monitor=true&api-version=2019-03-01",
      "EncodedRequestUri": "L3N1YnNjcmlwdGlvbnMvMWM2MzhjZjQtNjA4Zi00ZWU2LWI2ODAtYzMyOWU4MjRjM2E4L3Byb3ZpZGVycy9NaWNyb3NvZnQuQ29tcHV0ZS9sb2NhdGlvbnMvZWFzdHVzL29wZXJhdGlvbnMvYzM2YTEyOTgtOWZkYi00Mzc2LTg2YzYtN2RhOTVlNGNjNGFjP21vbml0b3I9dHJ1ZSZhcGktdmVyc2lvbj0yMDE5LTAzLTAx",
      "RequestMethod": "GET",
      "RequestBody": "",
      "RequestHeaders": {
        "User-Agent": [
          "FxVersion/4.6.28008.01",
          "OSName/Windows",
          "OSVersion/Microsoft.Windows.10.0.18363.",
          "Microsoft.Azure.Management.Compute.Fluent.ComputeManagementClient/1.0.0.61",
          "MacAddressHash/f198b50d7e3ef6510679efb9e4c9a1474fd2bf18cf1d6a2182c79b00464dbadd"
        ]
      },
      "ResponseHeaders": {
        "Cache-Control": [
          "no-cache"
        ],
        "Pragma": [
          "no-cache"
        ],
        "x-ms-ratelimit-remaining-resource": [
          "Microsoft.Compute/GetOperation3Min;14990,Microsoft.Compute/GetOperation30Min;29958"
        ],
        "Strict-Transport-Security": [
          "max-age=31536000; includeSubDomains"
        ],
        "x-ms-request-id": [
          "03d6929f-8e2d-4656-8a03-840f805150d9"
        ],
        "Server": [
          "Microsoft-HTTPAPI/2.0",
          "Microsoft-HTTPAPI/2.0"
        ],
        "x-ms-ratelimit-remaining-subscription-reads": [
          "11926"
        ],
        "x-ms-correlation-request-id": [
          "6dcecdf0-8c0c-4139-b21a-089e3d66ae39"
        ],
        "x-ms-routing-request-id": [
          "SOUTHEASTASIA:20191023T082812Z:6dcecdf0-8c0c-4139-b21a-089e3d66ae39"
        ],
        "X-Content-Type-Options": [
          "nosniff"
        ],
        "Date": [
          "Wed, 23 Oct 2019 08:28:11 GMT"
        ],
        "Expires": [
          "-1"
        ],
        "Content-Length": [
          "0"
        ]
      },
      "ResponseBody": "",
      "StatusCode": 200
    },
    {
      "RequestUri": "/subscriptions/1c638cf4-608f-4ee6-b680-c329e824c3a8/resourceGroups/rgfluentchash-9390/providers/Microsoft.Compute/virtualMachines/vm67-9dd48642235/generalize?api-version=2019-03-01",
      "EncodedRequestUri": "L3N1YnNjcmlwdGlvbnMvMWM2MzhjZjQtNjA4Zi00ZWU2LWI2ODAtYzMyOWU4MjRjM2E4L3Jlc291cmNlR3JvdXBzL3JnZmx1ZW50Y2hhc2gtOTM5MC9wcm92aWRlcnMvTWljcm9zb2Z0LkNvbXB1dGUvdmlydHVhbE1hY2hpbmVzL3ZtNjctOWRkNDg2NDIyMzUvZ2VuZXJhbGl6ZT9hcGktdmVyc2lvbj0yMDE5LTAzLTAx",
      "RequestMethod": "POST",
      "RequestBody": "",
      "RequestHeaders": {
        "x-ms-client-request-id": [
          "9c64bdfc-14de-496d-a000-63b24a11caa0"
        ],
        "Accept-Language": [
          "en-US"
        ],
        "User-Agent": [
          "FxVersion/4.6.28008.01",
          "OSName/Windows",
          "OSVersion/Microsoft.Windows.10.0.18363.",
          "Microsoft.Azure.Management.Compute.Fluent.ComputeManagementClient/1.0.0.61",
          "MacAddressHash/f198b50d7e3ef6510679efb9e4c9a1474fd2bf18cf1d6a2182c79b00464dbadd"
        ]
      },
      "ResponseHeaders": {
        "Cache-Control": [
          "no-cache"
        ],
        "Pragma": [
          "no-cache"
        ],
        "x-ms-ratelimit-remaining-resource": [
          "Microsoft.Compute/UpdateVM3Min;239,Microsoft.Compute/UpdateVM30Min;1198"
        ],
        "Strict-Transport-Security": [
          "max-age=31536000; includeSubDomains"
        ],
        "x-ms-request-id": [
          "22e58f3e-c607-448d-bbf1-0a1852632364"
        ],
        "x-ms-ratelimit-remaining-subscription-writes": [
          "1198"
        ],
        "Server": [
          "Microsoft-HTTPAPI/2.0",
          "Microsoft-HTTPAPI/2.0"
        ],
        "x-ms-correlation-request-id": [
          "d805a8c6-7511-47f7-83ad-8616535670fc"
        ],
        "x-ms-routing-request-id": [
          "SOUTHEASTASIA:20191023T082812Z:d805a8c6-7511-47f7-83ad-8616535670fc"
        ],
        "X-Content-Type-Options": [
          "nosniff"
        ],
        "Date": [
          "Wed, 23 Oct 2019 08:28:11 GMT"
        ],
        "Expires": [
          "-1"
        ],
        "Content-Length": [
          "0"
        ]
      },
      "ResponseBody": "",
      "StatusCode": 200
    },
    {
      "RequestUri": "/subscriptions/1c638cf4-608f-4ee6-b680-c329e824c3a8/resourceGroups/rgfluentchash-9390/providers/Microsoft.Compute/images/img0d13214111?api-version=2019-03-01",
      "EncodedRequestUri": "L3N1YnNjcmlwdGlvbnMvMWM2MzhjZjQtNjA4Zi00ZWU2LWI2ODAtYzMyOWU4MjRjM2E4L3Jlc291cmNlR3JvdXBzL3JnZmx1ZW50Y2hhc2gtOTM5MC9wcm92aWRlcnMvTWljcm9zb2Z0LkNvbXB1dGUvaW1hZ2VzL2ltZzBkMTMyMTQxMTE/YXBpLXZlcnNpb249MjAxOS0wMy0wMQ==",
      "RequestMethod": "PUT",
      "RequestBody": "{\r\n  \"properties\": {\r\n    \"sourceVirtualMachine\": {\r\n      \"id\": \"/subscriptions/1c638cf4-608f-4ee6-b680-c329e824c3a8/resourceGroups/rgfluentchash-9390/providers/Microsoft.Compute/virtualMachines/vm67-9dd48642235\"\r\n    },\r\n    \"hyperVGeneration\": \"V1\"\r\n  },\r\n  \"location\": \"eastus\",\r\n  \"tags\": {}\r\n}",
      "RequestHeaders": {
        "x-ms-client-request-id": [
          "379ee5e6-32f2-4c47-8eed-c25c87009460"
        ],
        "Accept-Language": [
          "en-US"
        ],
        "User-Agent": [
          "FxVersion/4.6.28008.01",
          "OSName/Windows",
          "OSVersion/Microsoft.Windows.10.0.18363.",
          "Microsoft.Azure.Management.Compute.Fluent.ComputeManagementClient/1.0.0.61",
          "MacAddressHash/f198b50d7e3ef6510679efb9e4c9a1474fd2bf18cf1d6a2182c79b00464dbadd"
        ],
        "Content-Type": [
          "application/json; charset=utf-8"
        ],
        "Content-Length": [
          "299"
        ]
      },
      "ResponseHeaders": {
        "Cache-Control": [
          "no-cache"
        ],
        "Pragma": [
          "no-cache"
        ],
        "Azure-AsyncOperation": [
          "https://management.azure.com/subscriptions/1c638cf4-608f-4ee6-b680-c329e824c3a8/providers/Microsoft.Compute/locations/eastus/operations/d52fc285-b959-439e-b384-621261a33b48?api-version=2019-03-01"
        ],
        "Azure-AsyncNotification": [
          "Enabled"
        ],
        "x-ms-ratelimit-remaining-resource": [
          "Microsoft.Compute/CreateImages3Min;39,Microsoft.Compute/CreateImages30Min;197"
        ],
        "Strict-Transport-Security": [
          "max-age=31536000; includeSubDomains"
        ],
        "x-ms-request-id": [
          "d52fc285-b959-439e-b384-621261a33b48"
        ],
        "Server": [
          "Microsoft-HTTPAPI/2.0",
          "Microsoft-HTTPAPI/2.0"
        ],
        "x-ms-ratelimit-remaining-subscription-writes": [
          "1192"
        ],
        "x-ms-correlation-request-id": [
          "ff2d37c5-aa8e-419a-882a-79e020dc3d3c"
        ],
        "x-ms-routing-request-id": [
          "SOUTHEASTASIA:20191023T082824Z:ff2d37c5-aa8e-419a-882a-79e020dc3d3c"
        ],
        "X-Content-Type-Options": [
          "nosniff"
        ],
        "Date": [
          "Wed, 23 Oct 2019 08:28:23 GMT"
        ],
        "Content-Length": [
          "1552"
        ],
        "Content-Type": [
          "application/json; charset=utf-8"
        ],
        "Expires": [
          "-1"
        ]
      },
      "ResponseBody": "{\r\n  \"name\": \"img0d13214111\",\r\n  \"id\": \"/subscriptions/1c638cf4-608f-4ee6-b680-c329e824c3a8/resourceGroups/rgfluentchash-9390/providers/Microsoft.Compute/images/img0d13214111\",\r\n  \"type\": \"Microsoft.Compute/images\",\r\n  \"location\": \"eastus\",\r\n  \"tags\": {},\r\n  \"properties\": {\r\n    \"sourceVirtualMachine\": {\r\n      \"id\": \"/subscriptions/1c638cf4-608f-4ee6-b680-c329e824c3a8/resourceGroups/rgfluentchash-9390/providers/Microsoft.Compute/virtualMachines/vm67-9dd48642235\"\r\n    },\r\n    \"storageProfile\": {\r\n      \"osDisk\": {\r\n        \"osType\": \"Linux\",\r\n        \"osState\": \"Generalized\",\r\n        \"diskSizeGB\": 30,\r\n        \"blobUri\": \"https://stg50b33202109.blob.core.windows.net/vhds/vm67-9dd48642235-os-disk-2a13a516-68b7-4b93-a0da-cd32c005cf41.Vhd\",\r\n        \"caching\": \"ReadWrite\",\r\n        \"storageAccountType\": \"Standard_LRS\"\r\n      },\r\n      \"dataDisks\": [\r\n        {\r\n          \"lun\": 0,\r\n          \"diskSizeGB\": 30,\r\n          \"blobUri\": \"https://stg50b33202109.blob.core.windows.net/vhds/vm67-9dd48642235-data-disk-0-4fa72c5b-d343-49a3-af49-65f99a567972.Vhd\",\r\n          \"caching\": \"ReadWrite\",\r\n          \"storageAccountType\": \"Standard_LRS\"\r\n        },\r\n        {\r\n          \"lun\": 1,\r\n          \"diskSizeGB\": 60,\r\n          \"blobUri\": \"https://stg50b33202109.blob.core.windows.net/vhds/vm67-9dd48642235-data-disk-1-6c51b67e-018a-405a-973c-baa90e739ab8.Vhd\",\r\n          \"caching\": \"ReadOnly\",\r\n          \"storageAccountType\": \"Standard_LRS\"\r\n        }\r\n      ]\r\n    },\r\n    \"provisioningState\": \"Creating\",\r\n    \"hyperVGeneration\": \"V1\"\r\n  }\r\n}",
      "StatusCode": 201
    },
    {
      "RequestUri": "/subscriptions/1c638cf4-608f-4ee6-b680-c329e824c3a8/providers/Microsoft.Compute/locations/eastus/operations/d52fc285-b959-439e-b384-621261a33b48?api-version=2019-03-01",
      "EncodedRequestUri": "L3N1YnNjcmlwdGlvbnMvMWM2MzhjZjQtNjA4Zi00ZWU2LWI2ODAtYzMyOWU4MjRjM2E4L3Byb3ZpZGVycy9NaWNyb3NvZnQuQ29tcHV0ZS9sb2NhdGlvbnMvZWFzdHVzL29wZXJhdGlvbnMvZDUyZmMyODUtYjk1OS00MzllLWIzODQtNjIxMjYxYTMzYjQ4P2FwaS12ZXJzaW9uPTIwMTktMDMtMDE=",
      "RequestMethod": "GET",
      "RequestBody": "",
      "RequestHeaders": {
        "User-Agent": [
          "FxVersion/4.6.28008.01",
          "OSName/Windows",
          "OSVersion/Microsoft.Windows.10.0.18363.",
          "Microsoft.Azure.Management.Compute.Fluent.ComputeManagementClient/1.0.0.61",
          "MacAddressHash/f198b50d7e3ef6510679efb9e4c9a1474fd2bf18cf1d6a2182c79b00464dbadd"
        ]
      },
      "ResponseHeaders": {
        "Cache-Control": [
          "no-cache"
        ],
        "Pragma": [
          "no-cache"
        ],
        "x-ms-ratelimit-remaining-resource": [
          "Microsoft.Compute/GetOperation3Min;14988,Microsoft.Compute/GetOperation30Min;29956"
        ],
        "Strict-Transport-Security": [
          "max-age=31536000; includeSubDomains"
        ],
        "x-ms-request-id": [
          "f5b45709-c8e6-4b73-9441-68f3e092461d"
        ],
        "Server": [
          "Microsoft-HTTPAPI/2.0",
          "Microsoft-HTTPAPI/2.0"
        ],
        "x-ms-ratelimit-remaining-subscription-reads": [
          "11925"
        ],
        "x-ms-correlation-request-id": [
          "6afef11b-27a8-4415-b715-87ac5d399d2a"
        ],
        "x-ms-routing-request-id": [
          "SOUTHEASTASIA:20191023T082854Z:6afef11b-27a8-4415-b715-87ac5d399d2a"
        ],
        "X-Content-Type-Options": [
          "nosniff"
        ],
        "Date": [
          "Wed, 23 Oct 2019 08:28:54 GMT"
        ],
        "Content-Length": [
          "184"
        ],
        "Content-Type": [
          "application/json; charset=utf-8"
        ],
        "Expires": [
          "-1"
        ]
      },
      "ResponseBody": "{\r\n  \"startTime\": \"2019-10-23T16:28:18.1582374+08:00\",\r\n  \"endTime\": \"2019-10-23T16:28:28.4083064+08:00\",\r\n  \"status\": \"Succeeded\",\r\n  \"name\": \"d52fc285-b959-439e-b384-621261a33b48\"\r\n}",
      "StatusCode": 200
    },
    {
      "RequestUri": "/subscriptions/1c638cf4-608f-4ee6-b680-c329e824c3a8/resourceGroups/rgfluentchash-9390/providers/Microsoft.Compute/images/img0d13214111?api-version=2019-03-01",
      "EncodedRequestUri": "L3N1YnNjcmlwdGlvbnMvMWM2MzhjZjQtNjA4Zi00ZWU2LWI2ODAtYzMyOWU4MjRjM2E4L3Jlc291cmNlR3JvdXBzL3JnZmx1ZW50Y2hhc2gtOTM5MC9wcm92aWRlcnMvTWljcm9zb2Z0LkNvbXB1dGUvaW1hZ2VzL2ltZzBkMTMyMTQxMTE/YXBpLXZlcnNpb249MjAxOS0wMy0wMQ==",
      "RequestMethod": "GET",
      "RequestBody": "",
      "RequestHeaders": {
        "User-Agent": [
          "FxVersion/4.6.28008.01",
          "OSName/Windows",
          "OSVersion/Microsoft.Windows.10.0.18363.",
          "Microsoft.Azure.Management.Compute.Fluent.ComputeManagementClient/1.0.0.61",
          "MacAddressHash/f198b50d7e3ef6510679efb9e4c9a1474fd2bf18cf1d6a2182c79b00464dbadd"
        ]
      },
      "ResponseHeaders": {
        "Cache-Control": [
          "no-cache"
        ],
        "Pragma": [
          "no-cache"
        ],
        "x-ms-ratelimit-remaining-resource": [
          "Microsoft.Compute/GetImages3Min;356,Microsoft.Compute/GetImages30Min;1789"
        ],
        "Strict-Transport-Security": [
          "max-age=31536000; includeSubDomains"
        ],
        "x-ms-request-id": [
          "b0723743-7350-4df8-8102-ec8340433b1c"
        ],
        "Server": [
          "Microsoft-HTTPAPI/2.0",
          "Microsoft-HTTPAPI/2.0"
        ],
        "x-ms-ratelimit-remaining-subscription-reads": [
          "11924"
        ],
        "x-ms-correlation-request-id": [
          "ca1d6784-5e8e-457c-bd66-a43b378f7ea4"
        ],
        "x-ms-routing-request-id": [
          "SOUTHEASTASIA:20191023T082855Z:ca1d6784-5e8e-457c-bd66-a43b378f7ea4"
        ],
        "X-Content-Type-Options": [
          "nosniff"
        ],
        "Date": [
          "Wed, 23 Oct 2019 08:28:55 GMT"
        ],
        "Content-Length": [
          "1553"
        ],
        "Content-Type": [
          "application/json; charset=utf-8"
        ],
        "Expires": [
          "-1"
        ]
      },
      "ResponseBody": "{\r\n  \"name\": \"img0d13214111\",\r\n  \"id\": \"/subscriptions/1c638cf4-608f-4ee6-b680-c329e824c3a8/resourceGroups/rgfluentchash-9390/providers/Microsoft.Compute/images/img0d13214111\",\r\n  \"type\": \"Microsoft.Compute/images\",\r\n  \"location\": \"eastus\",\r\n  \"tags\": {},\r\n  \"properties\": {\r\n    \"sourceVirtualMachine\": {\r\n      \"id\": \"/subscriptions/1c638cf4-608f-4ee6-b680-c329e824c3a8/resourceGroups/rgfluentchash-9390/providers/Microsoft.Compute/virtualMachines/vm67-9dd48642235\"\r\n    },\r\n    \"storageProfile\": {\r\n      \"osDisk\": {\r\n        \"osType\": \"Linux\",\r\n        \"osState\": \"Generalized\",\r\n        \"diskSizeGB\": 30,\r\n        \"blobUri\": \"https://stg50b33202109.blob.core.windows.net/vhds/vm67-9dd48642235-os-disk-2a13a516-68b7-4b93-a0da-cd32c005cf41.Vhd\",\r\n        \"caching\": \"ReadWrite\",\r\n        \"storageAccountType\": \"Standard_LRS\"\r\n      },\r\n      \"dataDisks\": [\r\n        {\r\n          \"lun\": 0,\r\n          \"diskSizeGB\": 30,\r\n          \"blobUri\": \"https://stg50b33202109.blob.core.windows.net/vhds/vm67-9dd48642235-data-disk-0-4fa72c5b-d343-49a3-af49-65f99a567972.Vhd\",\r\n          \"caching\": \"ReadWrite\",\r\n          \"storageAccountType\": \"Standard_LRS\"\r\n        },\r\n        {\r\n          \"lun\": 1,\r\n          \"diskSizeGB\": 60,\r\n          \"blobUri\": \"https://stg50b33202109.blob.core.windows.net/vhds/vm67-9dd48642235-data-disk-1-6c51b67e-018a-405a-973c-baa90e739ab8.Vhd\",\r\n          \"caching\": \"ReadOnly\",\r\n          \"storageAccountType\": \"Standard_LRS\"\r\n        }\r\n      ]\r\n    },\r\n    \"provisioningState\": \"Succeeded\",\r\n    \"hyperVGeneration\": \"V1\"\r\n  }\r\n}",
      "StatusCode": 200
    },
    {
      "RequestUri": "/subscriptions/1c638cf4-608f-4ee6-b680-c329e824c3a8/resourceGroups/rgfluentchash-9390/providers/Microsoft.Compute/images/img0d13214111?api-version=2019-03-01",
      "EncodedRequestUri": "L3N1YnNjcmlwdGlvbnMvMWM2MzhjZjQtNjA4Zi00ZWU2LWI2ODAtYzMyOWU4MjRjM2E4L3Jlc291cmNlR3JvdXBzL3JnZmx1ZW50Y2hhc2gtOTM5MC9wcm92aWRlcnMvTWljcm9zb2Z0LkNvbXB1dGUvaW1hZ2VzL2ltZzBkMTMyMTQxMTE/YXBpLXZlcnNpb249MjAxOS0wMy0wMQ==",
      "RequestMethod": "GET",
      "RequestBody": "",
      "RequestHeaders": {
        "x-ms-client-request-id": [
          "8151c66e-fafe-4800-a002-6d184fdd8a5a"
        ],
        "Accept-Language": [
          "en-US"
        ],
        "User-Agent": [
          "FxVersion/4.6.28008.01",
          "OSName/Windows",
          "OSVersion/Microsoft.Windows.10.0.18363.",
          "Microsoft.Azure.Management.Compute.Fluent.ComputeManagementClient/1.0.0.61",
          "MacAddressHash/f198b50d7e3ef6510679efb9e4c9a1474fd2bf18cf1d6a2182c79b00464dbadd"
        ]
      },
      "ResponseHeaders": {
        "Cache-Control": [
          "no-cache"
        ],
        "Pragma": [
          "no-cache"
        ],
        "x-ms-ratelimit-remaining-resource": [
          "Microsoft.Compute/GetImages3Min;355,Microsoft.Compute/GetImages30Min;1788"
        ],
        "Strict-Transport-Security": [
          "max-age=31536000; includeSubDomains"
        ],
        "x-ms-request-id": [
          "8e38c0c6-1f79-428a-9b2c-f64ba5846427"
        ],
        "Server": [
          "Microsoft-HTTPAPI/2.0",
          "Microsoft-HTTPAPI/2.0"
        ],
        "x-ms-ratelimit-remaining-subscription-reads": [
          "11923"
        ],
        "x-ms-correlation-request-id": [
          "7bbaad68-3ed5-4bcc-9027-41ffb7d5fbd7"
        ],
        "x-ms-routing-request-id": [
          "SOUTHEASTASIA:20191023T082855Z:7bbaad68-3ed5-4bcc-9027-41ffb7d5fbd7"
        ],
        "X-Content-Type-Options": [
          "nosniff"
        ],
        "Date": [
          "Wed, 23 Oct 2019 08:28:55 GMT"
        ],
        "Content-Length": [
          "1553"
        ],
        "Content-Type": [
          "application/json; charset=utf-8"
        ],
        "Expires": [
          "-1"
        ]
      },
      "ResponseBody": "{\r\n  \"name\": \"img0d13214111\",\r\n  \"id\": \"/subscriptions/1c638cf4-608f-4ee6-b680-c329e824c3a8/resourceGroups/rgfluentchash-9390/providers/Microsoft.Compute/images/img0d13214111\",\r\n  \"type\": \"Microsoft.Compute/images\",\r\n  \"location\": \"eastus\",\r\n  \"tags\": {},\r\n  \"properties\": {\r\n    \"sourceVirtualMachine\": {\r\n      \"id\": \"/subscriptions/1c638cf4-608f-4ee6-b680-c329e824c3a8/resourceGroups/rgfluentchash-9390/providers/Microsoft.Compute/virtualMachines/vm67-9dd48642235\"\r\n    },\r\n    \"storageProfile\": {\r\n      \"osDisk\": {\r\n        \"osType\": \"Linux\",\r\n        \"osState\": \"Generalized\",\r\n        \"diskSizeGB\": 30,\r\n        \"blobUri\": \"https://stg50b33202109.blob.core.windows.net/vhds/vm67-9dd48642235-os-disk-2a13a516-68b7-4b93-a0da-cd32c005cf41.Vhd\",\r\n        \"caching\": \"ReadWrite\",\r\n        \"storageAccountType\": \"Standard_LRS\"\r\n      },\r\n      \"dataDisks\": [\r\n        {\r\n          \"lun\": 0,\r\n          \"diskSizeGB\": 30,\r\n          \"blobUri\": \"https://stg50b33202109.blob.core.windows.net/vhds/vm67-9dd48642235-data-disk-0-4fa72c5b-d343-49a3-af49-65f99a567972.Vhd\",\r\n          \"caching\": \"ReadWrite\",\r\n          \"storageAccountType\": \"Standard_LRS\"\r\n        },\r\n        {\r\n          \"lun\": 1,\r\n          \"diskSizeGB\": 60,\r\n          \"blobUri\": \"https://stg50b33202109.blob.core.windows.net/vhds/vm67-9dd48642235-data-disk-1-6c51b67e-018a-405a-973c-baa90e739ab8.Vhd\",\r\n          \"caching\": \"ReadOnly\",\r\n          \"storageAccountType\": \"Standard_LRS\"\r\n        }\r\n      ]\r\n    },\r\n    \"provisioningState\": \"Succeeded\",\r\n    \"hyperVGeneration\": \"V1\"\r\n  }\r\n}",
      "StatusCode": 200
    },
    {
      "RequestUri": "/subscriptions/1c638cf4-608f-4ee6-b680-c329e824c3a8/resourceGroups/rgfluentchash-9390/providers/Microsoft.Compute/images/img0d13214111?api-version=2019-03-01",
      "EncodedRequestUri": "L3N1YnNjcmlwdGlvbnMvMWM2MzhjZjQtNjA4Zi00ZWU2LWI2ODAtYzMyOWU4MjRjM2E4L3Jlc291cmNlR3JvdXBzL3JnZmx1ZW50Y2hhc2gtOTM5MC9wcm92aWRlcnMvTWljcm9zb2Z0LkNvbXB1dGUvaW1hZ2VzL2ltZzBkMTMyMTQxMTE/YXBpLXZlcnNpb249MjAxOS0wMy0wMQ==",
      "RequestMethod": "DELETE",
      "RequestBody": "",
      "RequestHeaders": {
        "x-ms-client-request-id": [
          "b56fbca4-12ec-40f1-aab8-e5093bcd339c"
        ],
        "Accept-Language": [
          "en-US"
        ],
        "User-Agent": [
          "FxVersion/4.6.28008.01",
          "OSName/Windows",
          "OSVersion/Microsoft.Windows.10.0.18363.",
          "Microsoft.Azure.Management.Compute.Fluent.ComputeManagementClient/1.0.0.61",
          "MacAddressHash/f198b50d7e3ef6510679efb9e4c9a1474fd2bf18cf1d6a2182c79b00464dbadd"
        ]
      },
      "ResponseHeaders": {
        "Cache-Control": [
          "no-cache"
        ],
        "Pragma": [
          "no-cache"
        ],
        "Location": [
          "https://management.azure.com/subscriptions/1c638cf4-608f-4ee6-b680-c329e824c3a8/providers/Microsoft.Compute/locations/eastus/operations/e519a2bf-c080-4781-83e5-f5030aca1094?monitor=true&api-version=2019-03-01"
        ],
        "Azure-AsyncOperation": [
          "https://management.azure.com/subscriptions/1c638cf4-608f-4ee6-b680-c329e824c3a8/providers/Microsoft.Compute/locations/eastus/operations/e519a2bf-c080-4781-83e5-f5030aca1094?api-version=2019-03-01"
        ],
        "Azure-AsyncNotification": [
          "Enabled"
        ],
        "x-ms-ratelimit-remaining-resource": [
          "Microsoft.Compute/DeleteImages3Min;119,Microsoft.Compute/DeleteImages30Min;597"
        ],
        "Strict-Transport-Security": [
          "max-age=31536000; includeSubDomains"
        ],
        "x-ms-request-id": [
          "e519a2bf-c080-4781-83e5-f5030aca1094"
        ],
        "Server": [
          "Microsoft-HTTPAPI/2.0",
          "Microsoft-HTTPAPI/2.0"
        ],
        "x-ms-ratelimit-remaining-subscription-deletes": [
          "14996"
        ],
        "x-ms-correlation-request-id": [
          "5411314e-61cb-479d-8824-a35fef0b5858"
        ],
        "x-ms-routing-request-id": [
          "SOUTHEASTASIA:20191023T082856Z:5411314e-61cb-479d-8824-a35fef0b5858"
        ],
        "X-Content-Type-Options": [
          "nosniff"
        ],
        "Date": [
          "Wed, 23 Oct 2019 08:28:56 GMT"
        ],
        "Expires": [
          "-1"
        ],
        "Content-Length": [
          "0"
        ]
      },
      "ResponseBody": "",
      "StatusCode": 202
    },
    {
      "RequestUri": "/subscriptions/1c638cf4-608f-4ee6-b680-c329e824c3a8/providers/Microsoft.Compute/locations/eastus/operations/e519a2bf-c080-4781-83e5-f5030aca1094?api-version=2019-03-01",
      "EncodedRequestUri": "L3N1YnNjcmlwdGlvbnMvMWM2MzhjZjQtNjA4Zi00ZWU2LWI2ODAtYzMyOWU4MjRjM2E4L3Byb3ZpZGVycy9NaWNyb3NvZnQuQ29tcHV0ZS9sb2NhdGlvbnMvZWFzdHVzL29wZXJhdGlvbnMvZTUxOWEyYmYtYzA4MC00NzgxLTgzZTUtZjUwMzBhY2ExMDk0P2FwaS12ZXJzaW9uPTIwMTktMDMtMDE=",
      "RequestMethod": "GET",
      "RequestBody": "",
      "RequestHeaders": {
        "User-Agent": [
          "FxVersion/4.6.28008.01",
          "OSName/Windows",
          "OSVersion/Microsoft.Windows.10.0.18363.",
          "Microsoft.Azure.Management.Compute.Fluent.ComputeManagementClient/1.0.0.61",
          "MacAddressHash/f198b50d7e3ef6510679efb9e4c9a1474fd2bf18cf1d6a2182c79b00464dbadd"
        ]
      },
      "ResponseHeaders": {
        "Cache-Control": [
          "no-cache"
        ],
        "Pragma": [
          "no-cache"
        ],
        "x-ms-ratelimit-remaining-resource": [
          "Microsoft.Compute/GetOperation3Min;14987,Microsoft.Compute/GetOperation30Min;29954"
        ],
        "Strict-Transport-Security": [
          "max-age=31536000; includeSubDomains"
        ],
        "x-ms-request-id": [
          "22b6bfc7-d001-49a8-8268-f402007576bf"
        ],
        "Server": [
          "Microsoft-HTTPAPI/2.0",
          "Microsoft-HTTPAPI/2.0"
        ],
        "x-ms-ratelimit-remaining-subscription-reads": [
          "11922"
        ],
        "x-ms-correlation-request-id": [
          "40e7da74-6be0-40f2-8f78-f505d3e022e7"
        ],
        "x-ms-routing-request-id": [
          "SOUTHEASTASIA:20191023T082926Z:40e7da74-6be0-40f2-8f78-f505d3e022e7"
        ],
        "X-Content-Type-Options": [
          "nosniff"
        ],
        "Date": [
          "Wed, 23 Oct 2019 08:29:26 GMT"
        ],
        "Content-Length": [
          "181"
        ],
        "Content-Type": [
          "application/json; charset=utf-8"
        ],
        "Expires": [
          "-1"
        ]
      },
      "ResponseBody": "{\r\n  \"startTime\": \"2019-10-23T16:28:56.28348+08:00\",\r\n  \"endTime\": \"2019-10-23T16:29:01.424168+08:00\",\r\n  \"status\": \"Succeeded\",\r\n  \"name\": \"e519a2bf-c080-4781-83e5-f5030aca1094\"\r\n}",
      "StatusCode": 200
    },
    {
      "RequestUri": "/subscriptions/1c638cf4-608f-4ee6-b680-c329e824c3a8/providers/Microsoft.Compute/locations/eastus/operations/e519a2bf-c080-4781-83e5-f5030aca1094?monitor=true&api-version=2019-03-01",
      "EncodedRequestUri": "L3N1YnNjcmlwdGlvbnMvMWM2MzhjZjQtNjA4Zi00ZWU2LWI2ODAtYzMyOWU4MjRjM2E4L3Byb3ZpZGVycy9NaWNyb3NvZnQuQ29tcHV0ZS9sb2NhdGlvbnMvZWFzdHVzL29wZXJhdGlvbnMvZTUxOWEyYmYtYzA4MC00NzgxLTgzZTUtZjUwMzBhY2ExMDk0P21vbml0b3I9dHJ1ZSZhcGktdmVyc2lvbj0yMDE5LTAzLTAx",
      "RequestMethod": "GET",
      "RequestBody": "",
      "RequestHeaders": {
        "User-Agent": [
          "FxVersion/4.6.28008.01",
          "OSName/Windows",
          "OSVersion/Microsoft.Windows.10.0.18363.",
          "Microsoft.Azure.Management.Compute.Fluent.ComputeManagementClient/1.0.0.61",
          "MacAddressHash/f198b50d7e3ef6510679efb9e4c9a1474fd2bf18cf1d6a2182c79b00464dbadd"
        ]
      },
      "ResponseHeaders": {
        "Cache-Control": [
          "no-cache"
        ],
        "Pragma": [
          "no-cache"
        ],
        "x-ms-ratelimit-remaining-resource": [
          "Microsoft.Compute/GetOperation3Min;14986,Microsoft.Compute/GetOperation30Min;29953"
        ],
        "Strict-Transport-Security": [
          "max-age=31536000; includeSubDomains"
        ],
        "x-ms-request-id": [
          "f62b7e0e-bbfb-4b0b-93cc-de96946ea8b3"
        ],
        "Server": [
          "Microsoft-HTTPAPI/2.0",
          "Microsoft-HTTPAPI/2.0"
        ],
        "x-ms-ratelimit-remaining-subscription-reads": [
          "11921"
        ],
        "x-ms-correlation-request-id": [
          "c8c6b275-02b6-488d-9a7a-ee2287c25571"
        ],
        "x-ms-routing-request-id": [
          "SOUTHEASTASIA:20191023T082927Z:c8c6b275-02b6-488d-9a7a-ee2287c25571"
        ],
        "X-Content-Type-Options": [
          "nosniff"
        ],
        "Date": [
          "Wed, 23 Oct 2019 08:29:27 GMT"
        ],
        "Expires": [
          "-1"
        ],
        "Content-Length": [
          "0"
        ]
      },
      "ResponseBody": "",
      "StatusCode": 200
    },
    {
      "RequestUri": "/subscriptions/1c638cf4-608f-4ee6-b680-c329e824c3a8/resourcegroups/rgfluentchash-9390?api-version=2019-08-01",
      "EncodedRequestUri": "L3N1YnNjcmlwdGlvbnMvMWM2MzhjZjQtNjA4Zi00ZWU2LWI2ODAtYzMyOWU4MjRjM2E4L3Jlc291cmNlZ3JvdXBzL3JnZmx1ZW50Y2hhc2gtOTM5MD9hcGktdmVyc2lvbj0yMDE5LTA4LTAx",
      "RequestMethod": "DELETE",
      "RequestBody": "",
      "RequestHeaders": {
        "x-ms-client-request-id": [
          "12936e8a-eee2-458c-a318-9a8df751ee3e"
        ],
        "Accept-Language": [
          "en-US"
        ],
        "User-Agent": [
          "FxVersion/4.6.28008.01",
          "OSName/Windows",
          "OSVersion/Microsoft.Windows.10.0.18363.",
          "Microsoft.Azure.Management.ResourceManager.Fluent.ResourceManagementClient/1.0.0.61",
          "MacAddressHash/f198b50d7e3ef6510679efb9e4c9a1474fd2bf18cf1d6a2182c79b00464dbadd"
        ]
      },
      "ResponseHeaders": {
        "Cache-Control": [
          "no-cache"
        ],
        "Pragma": [
          "no-cache"
        ],
        "Location": [
          "https://management.azure.com/subscriptions/1c638cf4-608f-4ee6-b680-c329e824c3a8/operationresults/eyJqb2JJZCI6IlJFU09VUkNFR1JPVVBERUxFVElPTkpPQi1SR0ZMVUVOVENIQVNIOjJEOTM5MC1FQVNUVVMiLCJqb2JMb2NhdGlvbiI6ImVhc3R1cyJ9?api-version=2019-08-01"
        ],
        "Retry-After": [
          "15"
        ],
        "x-ms-ratelimit-remaining-subscription-deletes": [
          "14999"
        ],
        "x-ms-request-id": [
          "93879d54-cb68-4753-8265-6d73d9ba123a"
        ],
        "x-ms-correlation-request-id": [
          "93879d54-cb68-4753-8265-6d73d9ba123a"
        ],
        "x-ms-routing-request-id": [
          "SOUTHEASTASIA:20191023T082934Z:93879d54-cb68-4753-8265-6d73d9ba123a"
        ],
        "Strict-Transport-Security": [
          "max-age=31536000; includeSubDomains"
        ],
        "X-Content-Type-Options": [
          "nosniff"
        ],
        "Date": [
          "Wed, 23 Oct 2019 08:29:34 GMT"
        ],
        "Expires": [
          "-1"
        ],
        "Content-Length": [
          "0"
        ]
      },
      "ResponseBody": "",
      "StatusCode": 202
    },
    {
      "RequestUri": "/subscriptions/1c638cf4-608f-4ee6-b680-c329e824c3a8/operationresults/eyJqb2JJZCI6IlJFU09VUkNFR1JPVVBERUxFVElPTkpPQi1SR0ZMVUVOVENIQVNIOjJEOTM5MC1FQVNUVVMiLCJqb2JMb2NhdGlvbiI6ImVhc3R1cyJ9?api-version=2019-08-01",
      "EncodedRequestUri": "L3N1YnNjcmlwdGlvbnMvMWM2MzhjZjQtNjA4Zi00ZWU2LWI2ODAtYzMyOWU4MjRjM2E4L29wZXJhdGlvbnJlc3VsdHMvZXlKcWIySkpaQ0k2SWxKRlUwOVZVa05GUjFKUFZWQkVSVXhGVkVsUFRrcFBRaTFTUjBaTVZVVk9WRU5JUVZOSU9qSkVPVE01TUMxRlFWTlVWVk1pTENKcWIySk1iMk5oZEdsdmJpSTZJbVZoYzNSMWN5Sjk/YXBpLXZlcnNpb249MjAxOS0wOC0wMQ==",
      "RequestMethod": "GET",
      "RequestBody": "",
      "RequestHeaders": {
        "User-Agent": [
          "FxVersion/4.6.28008.01",
          "OSName/Windows",
          "OSVersion/Microsoft.Windows.10.0.18363.",
          "Microsoft.Azure.Management.ResourceManager.Fluent.ResourceManagementClient/1.0.0.61",
          "MacAddressHash/f198b50d7e3ef6510679efb9e4c9a1474fd2bf18cf1d6a2182c79b00464dbadd"
        ]
      },
      "ResponseHeaders": {
        "Cache-Control": [
          "no-cache"
        ],
        "Pragma": [
          "no-cache"
        ],
        "Location": [
          "https://management.azure.com/subscriptions/1c638cf4-608f-4ee6-b680-c329e824c3a8/operationresults/eyJqb2JJZCI6IlJFU09VUkNFR1JPVVBERUxFVElPTkpPQi1SR0ZMVUVOVENIQVNIOjJEOTM5MC1FQVNUVVMiLCJqb2JMb2NhdGlvbiI6ImVhc3R1cyJ9?api-version=2019-08-01"
        ],
        "Retry-After": [
          "15"
        ],
        "x-ms-ratelimit-remaining-subscription-reads": [
          "11997"
        ],
        "x-ms-request-id": [
          "12ecabaa-ee3f-47e6-a37f-e0394b36bf2a"
        ],
        "x-ms-correlation-request-id": [
          "12ecabaa-ee3f-47e6-a37f-e0394b36bf2a"
        ],
        "x-ms-routing-request-id": [
          "SOUTHEASTASIA:20191023T082949Z:12ecabaa-ee3f-47e6-a37f-e0394b36bf2a"
        ],
        "Strict-Transport-Security": [
          "max-age=31536000; includeSubDomains"
        ],
        "X-Content-Type-Options": [
          "nosniff"
        ],
        "Date": [
          "Wed, 23 Oct 2019 08:29:49 GMT"
        ],
        "Expires": [
          "-1"
        ],
        "Content-Length": [
          "0"
        ]
      },
      "ResponseBody": "",
      "StatusCode": 202
    },
    {
      "RequestUri": "/subscriptions/1c638cf4-608f-4ee6-b680-c329e824c3a8/operationresults/eyJqb2JJZCI6IlJFU09VUkNFR1JPVVBERUxFVElPTkpPQi1SR0ZMVUVOVENIQVNIOjJEOTM5MC1FQVNUVVMiLCJqb2JMb2NhdGlvbiI6ImVhc3R1cyJ9?api-version=2019-08-01",
      "EncodedRequestUri": "L3N1YnNjcmlwdGlvbnMvMWM2MzhjZjQtNjA4Zi00ZWU2LWI2ODAtYzMyOWU4MjRjM2E4L29wZXJhdGlvbnJlc3VsdHMvZXlKcWIySkpaQ0k2SWxKRlUwOVZVa05GUjFKUFZWQkVSVXhGVkVsUFRrcFBRaTFTUjBaTVZVVk9WRU5JUVZOSU9qSkVPVE01TUMxRlFWTlVWVk1pTENKcWIySk1iMk5oZEdsdmJpSTZJbVZoYzNSMWN5Sjk/YXBpLXZlcnNpb249MjAxOS0wOC0wMQ==",
      "RequestMethod": "GET",
      "RequestBody": "",
      "RequestHeaders": {
        "User-Agent": [
          "FxVersion/4.6.28008.01",
          "OSName/Windows",
          "OSVersion/Microsoft.Windows.10.0.18363.",
          "Microsoft.Azure.Management.ResourceManager.Fluent.ResourceManagementClient/1.0.0.61",
          "MacAddressHash/f198b50d7e3ef6510679efb9e4c9a1474fd2bf18cf1d6a2182c79b00464dbadd"
        ]
      },
      "ResponseHeaders": {
        "Cache-Control": [
          "no-cache"
        ],
        "Pragma": [
          "no-cache"
        ],
        "Location": [
          "https://management.azure.com/subscriptions/1c638cf4-608f-4ee6-b680-c329e824c3a8/operationresults/eyJqb2JJZCI6IlJFU09VUkNFR1JPVVBERUxFVElPTkpPQi1SR0ZMVUVOVENIQVNIOjJEOTM5MC1FQVNUVVMiLCJqb2JMb2NhdGlvbiI6ImVhc3R1cyJ9?api-version=2019-08-01"
        ],
        "Retry-After": [
          "15"
        ],
        "x-ms-ratelimit-remaining-subscription-reads": [
          "11996"
        ],
        "x-ms-request-id": [
          "4a13b499-8ff0-4474-bc7c-4c0aaf11f752"
        ],
        "x-ms-correlation-request-id": [
          "4a13b499-8ff0-4474-bc7c-4c0aaf11f752"
        ],
        "x-ms-routing-request-id": [
          "SOUTHEASTASIA:20191023T083005Z:4a13b499-8ff0-4474-bc7c-4c0aaf11f752"
        ],
        "Strict-Transport-Security": [
          "max-age=31536000; includeSubDomains"
        ],
        "X-Content-Type-Options": [
          "nosniff"
        ],
        "Date": [
          "Wed, 23 Oct 2019 08:30:04 GMT"
        ],
        "Expires": [
          "-1"
        ],
        "Content-Length": [
          "0"
        ]
      },
      "ResponseBody": "",
      "StatusCode": 202
    },
    {
      "RequestUri": "/subscriptions/1c638cf4-608f-4ee6-b680-c329e824c3a8/operationresults/eyJqb2JJZCI6IlJFU09VUkNFR1JPVVBERUxFVElPTkpPQi1SR0ZMVUVOVENIQVNIOjJEOTM5MC1FQVNUVVMiLCJqb2JMb2NhdGlvbiI6ImVhc3R1cyJ9?api-version=2019-08-01",
      "EncodedRequestUri": "L3N1YnNjcmlwdGlvbnMvMWM2MzhjZjQtNjA4Zi00ZWU2LWI2ODAtYzMyOWU4MjRjM2E4L29wZXJhdGlvbnJlc3VsdHMvZXlKcWIySkpaQ0k2SWxKRlUwOVZVa05GUjFKUFZWQkVSVXhGVkVsUFRrcFBRaTFTUjBaTVZVVk9WRU5JUVZOSU9qSkVPVE01TUMxRlFWTlVWVk1pTENKcWIySk1iMk5oZEdsdmJpSTZJbVZoYzNSMWN5Sjk/YXBpLXZlcnNpb249MjAxOS0wOC0wMQ==",
      "RequestMethod": "GET",
      "RequestBody": "",
      "RequestHeaders": {
        "User-Agent": [
          "FxVersion/4.6.28008.01",
          "OSName/Windows",
          "OSVersion/Microsoft.Windows.10.0.18363.",
          "Microsoft.Azure.Management.ResourceManager.Fluent.ResourceManagementClient/1.0.0.61",
          "MacAddressHash/f198b50d7e3ef6510679efb9e4c9a1474fd2bf18cf1d6a2182c79b00464dbadd"
        ]
      },
      "ResponseHeaders": {
        "Cache-Control": [
          "no-cache"
        ],
        "Pragma": [
          "no-cache"
        ],
        "Location": [
          "https://management.azure.com/subscriptions/1c638cf4-608f-4ee6-b680-c329e824c3a8/operationresults/eyJqb2JJZCI6IlJFU09VUkNFR1JPVVBERUxFVElPTkpPQi1SR0ZMVUVOVENIQVNIOjJEOTM5MC1FQVNUVVMiLCJqb2JMb2NhdGlvbiI6ImVhc3R1cyJ9?api-version=2019-08-01"
        ],
        "Retry-After": [
          "15"
        ],
        "x-ms-ratelimit-remaining-subscription-reads": [
          "11995"
        ],
        "x-ms-request-id": [
          "0f92f62c-69d7-46c2-9589-3c2946027865"
        ],
        "x-ms-correlation-request-id": [
          "0f92f62c-69d7-46c2-9589-3c2946027865"
        ],
        "x-ms-routing-request-id": [
          "SOUTHEASTASIA:20191023T083020Z:0f92f62c-69d7-46c2-9589-3c2946027865"
        ],
        "Strict-Transport-Security": [
          "max-age=31536000; includeSubDomains"
        ],
        "X-Content-Type-Options": [
          "nosniff"
        ],
        "Date": [
          "Wed, 23 Oct 2019 08:30:20 GMT"
        ],
        "Expires": [
          "-1"
        ],
        "Content-Length": [
          "0"
        ]
      },
      "ResponseBody": "",
      "StatusCode": 202
    },
    {
      "RequestUri": "/subscriptions/1c638cf4-608f-4ee6-b680-c329e824c3a8/operationresults/eyJqb2JJZCI6IlJFU09VUkNFR1JPVVBERUxFVElPTkpPQi1SR0ZMVUVOVENIQVNIOjJEOTM5MC1FQVNUVVMiLCJqb2JMb2NhdGlvbiI6ImVhc3R1cyJ9?api-version=2019-08-01",
      "EncodedRequestUri": "L3N1YnNjcmlwdGlvbnMvMWM2MzhjZjQtNjA4Zi00ZWU2LWI2ODAtYzMyOWU4MjRjM2E4L29wZXJhdGlvbnJlc3VsdHMvZXlKcWIySkpaQ0k2SWxKRlUwOVZVa05GUjFKUFZWQkVSVXhGVkVsUFRrcFBRaTFTUjBaTVZVVk9WRU5JUVZOSU9qSkVPVE01TUMxRlFWTlVWVk1pTENKcWIySk1iMk5oZEdsdmJpSTZJbVZoYzNSMWN5Sjk/YXBpLXZlcnNpb249MjAxOS0wOC0wMQ==",
      "RequestMethod": "GET",
      "RequestBody": "",
      "RequestHeaders": {
        "User-Agent": [
          "FxVersion/4.6.28008.01",
          "OSName/Windows",
          "OSVersion/Microsoft.Windows.10.0.18363.",
          "Microsoft.Azure.Management.ResourceManager.Fluent.ResourceManagementClient/1.0.0.61",
          "MacAddressHash/f198b50d7e3ef6510679efb9e4c9a1474fd2bf18cf1d6a2182c79b00464dbadd"
        ]
      },
      "ResponseHeaders": {
        "Cache-Control": [
          "no-cache"
        ],
        "Pragma": [
          "no-cache"
        ],
        "Location": [
          "https://management.azure.com/subscriptions/1c638cf4-608f-4ee6-b680-c329e824c3a8/operationresults/eyJqb2JJZCI6IlJFU09VUkNFR1JPVVBERUxFVElPTkpPQi1SR0ZMVUVOVENIQVNIOjJEOTM5MC1FQVNUVVMiLCJqb2JMb2NhdGlvbiI6ImVhc3R1cyJ9?api-version=2019-08-01"
        ],
        "Retry-After": [
          "15"
        ],
        "x-ms-ratelimit-remaining-subscription-reads": [
          "11994"
        ],
        "x-ms-request-id": [
          "34500d9c-f056-4338-8f22-b79d367545d6"
        ],
        "x-ms-correlation-request-id": [
          "34500d9c-f056-4338-8f22-b79d367545d6"
        ],
        "x-ms-routing-request-id": [
          "SOUTHEASTASIA:20191023T083036Z:34500d9c-f056-4338-8f22-b79d367545d6"
        ],
        "Strict-Transport-Security": [
          "max-age=31536000; includeSubDomains"
        ],
        "X-Content-Type-Options": [
          "nosniff"
        ],
        "Date": [
          "Wed, 23 Oct 2019 08:30:35 GMT"
        ],
        "Expires": [
          "-1"
        ],
        "Content-Length": [
          "0"
        ]
      },
      "ResponseBody": "",
      "StatusCode": 202
    },
    {
      "RequestUri": "/subscriptions/1c638cf4-608f-4ee6-b680-c329e824c3a8/operationresults/eyJqb2JJZCI6IlJFU09VUkNFR1JPVVBERUxFVElPTkpPQi1SR0ZMVUVOVENIQVNIOjJEOTM5MC1FQVNUVVMiLCJqb2JMb2NhdGlvbiI6ImVhc3R1cyJ9?api-version=2019-08-01",
      "EncodedRequestUri": "L3N1YnNjcmlwdGlvbnMvMWM2MzhjZjQtNjA4Zi00ZWU2LWI2ODAtYzMyOWU4MjRjM2E4L29wZXJhdGlvbnJlc3VsdHMvZXlKcWIySkpaQ0k2SWxKRlUwOVZVa05GUjFKUFZWQkVSVXhGVkVsUFRrcFBRaTFTUjBaTVZVVk9WRU5JUVZOSU9qSkVPVE01TUMxRlFWTlVWVk1pTENKcWIySk1iMk5oZEdsdmJpSTZJbVZoYzNSMWN5Sjk/YXBpLXZlcnNpb249MjAxOS0wOC0wMQ==",
      "RequestMethod": "GET",
      "RequestBody": "",
      "RequestHeaders": {
        "User-Agent": [
          "FxVersion/4.6.28008.01",
          "OSName/Windows",
          "OSVersion/Microsoft.Windows.10.0.18363.",
          "Microsoft.Azure.Management.ResourceManager.Fluent.ResourceManagementClient/1.0.0.61",
          "MacAddressHash/f198b50d7e3ef6510679efb9e4c9a1474fd2bf18cf1d6a2182c79b00464dbadd"
        ]
      },
      "ResponseHeaders": {
        "Cache-Control": [
          "no-cache"
        ],
        "Pragma": [
          "no-cache"
        ],
        "Location": [
          "https://management.azure.com/subscriptions/1c638cf4-608f-4ee6-b680-c329e824c3a8/operationresults/eyJqb2JJZCI6IlJFU09VUkNFR1JPVVBERUxFVElPTkpPQi1SR0ZMVUVOVENIQVNIOjJEOTM5MC1FQVNUVVMiLCJqb2JMb2NhdGlvbiI6ImVhc3R1cyJ9?api-version=2019-08-01"
        ],
        "Retry-After": [
          "15"
        ],
        "x-ms-ratelimit-remaining-subscription-reads": [
          "11993"
        ],
        "x-ms-request-id": [
          "a403328b-57b9-4596-b61b-033263289bbf"
        ],
        "x-ms-correlation-request-id": [
          "a403328b-57b9-4596-b61b-033263289bbf"
        ],
        "x-ms-routing-request-id": [
          "SOUTHEASTASIA:20191023T083051Z:a403328b-57b9-4596-b61b-033263289bbf"
        ],
        "Strict-Transport-Security": [
          "max-age=31536000; includeSubDomains"
        ],
        "X-Content-Type-Options": [
          "nosniff"
        ],
        "Date": [
          "Wed, 23 Oct 2019 08:30:51 GMT"
        ],
        "Expires": [
          "-1"
        ],
        "Content-Length": [
          "0"
        ]
      },
      "ResponseBody": "",
      "StatusCode": 202
    },
    {
      "RequestUri": "/subscriptions/1c638cf4-608f-4ee6-b680-c329e824c3a8/operationresults/eyJqb2JJZCI6IlJFU09VUkNFR1JPVVBERUxFVElPTkpPQi1SR0ZMVUVOVENIQVNIOjJEOTM5MC1FQVNUVVMiLCJqb2JMb2NhdGlvbiI6ImVhc3R1cyJ9?api-version=2019-08-01",
      "EncodedRequestUri": "L3N1YnNjcmlwdGlvbnMvMWM2MzhjZjQtNjA4Zi00ZWU2LWI2ODAtYzMyOWU4MjRjM2E4L29wZXJhdGlvbnJlc3VsdHMvZXlKcWIySkpaQ0k2SWxKRlUwOVZVa05GUjFKUFZWQkVSVXhGVkVsUFRrcFBRaTFTUjBaTVZVVk9WRU5JUVZOSU9qSkVPVE01TUMxRlFWTlVWVk1pTENKcWIySk1iMk5oZEdsdmJpSTZJbVZoYzNSMWN5Sjk/YXBpLXZlcnNpb249MjAxOS0wOC0wMQ==",
      "RequestMethod": "GET",
      "RequestBody": "",
      "RequestHeaders": {
        "User-Agent": [
          "FxVersion/4.6.28008.01",
          "OSName/Windows",
          "OSVersion/Microsoft.Windows.10.0.18363.",
          "Microsoft.Azure.Management.ResourceManager.Fluent.ResourceManagementClient/1.0.0.61",
          "MacAddressHash/f198b50d7e3ef6510679efb9e4c9a1474fd2bf18cf1d6a2182c79b00464dbadd"
        ]
      },
      "ResponseHeaders": {
        "Cache-Control": [
          "no-cache"
        ],
        "Pragma": [
          "no-cache"
        ],
        "Location": [
          "https://management.azure.com/subscriptions/1c638cf4-608f-4ee6-b680-c329e824c3a8/operationresults/eyJqb2JJZCI6IlJFU09VUkNFR1JPVVBERUxFVElPTkpPQi1SR0ZMVUVOVENIQVNIOjJEOTM5MC1FQVNUVVMiLCJqb2JMb2NhdGlvbiI6ImVhc3R1cyJ9?api-version=2019-08-01"
        ],
        "Retry-After": [
          "15"
        ],
        "x-ms-ratelimit-remaining-subscription-reads": [
          "11992"
        ],
        "x-ms-request-id": [
          "db60ef5b-49f1-48d1-9102-b765ed0dde04"
        ],
        "x-ms-correlation-request-id": [
          "db60ef5b-49f1-48d1-9102-b765ed0dde04"
        ],
        "x-ms-routing-request-id": [
          "SOUTHEASTASIA:20191023T083107Z:db60ef5b-49f1-48d1-9102-b765ed0dde04"
        ],
        "Strict-Transport-Security": [
          "max-age=31536000; includeSubDomains"
        ],
        "X-Content-Type-Options": [
          "nosniff"
        ],
        "Date": [
          "Wed, 23 Oct 2019 08:31:06 GMT"
        ],
        "Expires": [
          "-1"
        ],
        "Content-Length": [
          "0"
        ]
      },
      "ResponseBody": "",
      "StatusCode": 202
    },
    {
      "RequestUri": "/subscriptions/1c638cf4-608f-4ee6-b680-c329e824c3a8/operationresults/eyJqb2JJZCI6IlJFU09VUkNFR1JPVVBERUxFVElPTkpPQi1SR0ZMVUVOVENIQVNIOjJEOTM5MC1FQVNUVVMiLCJqb2JMb2NhdGlvbiI6ImVhc3R1cyJ9?api-version=2019-08-01",
      "EncodedRequestUri": "L3N1YnNjcmlwdGlvbnMvMWM2MzhjZjQtNjA4Zi00ZWU2LWI2ODAtYzMyOWU4MjRjM2E4L29wZXJhdGlvbnJlc3VsdHMvZXlKcWIySkpaQ0k2SWxKRlUwOVZVa05GUjFKUFZWQkVSVXhGVkVsUFRrcFBRaTFTUjBaTVZVVk9WRU5JUVZOSU9qSkVPVE01TUMxRlFWTlVWVk1pTENKcWIySk1iMk5oZEdsdmJpSTZJbVZoYzNSMWN5Sjk/YXBpLXZlcnNpb249MjAxOS0wOC0wMQ==",
      "RequestMethod": "GET",
      "RequestBody": "",
      "RequestHeaders": {
        "User-Agent": [
          "FxVersion/4.6.28008.01",
          "OSName/Windows",
          "OSVersion/Microsoft.Windows.10.0.18363.",
          "Microsoft.Azure.Management.ResourceManager.Fluent.ResourceManagementClient/1.0.0.61",
          "MacAddressHash/f198b50d7e3ef6510679efb9e4c9a1474fd2bf18cf1d6a2182c79b00464dbadd"
        ]
      },
      "ResponseHeaders": {
        "Cache-Control": [
          "no-cache"
        ],
        "Pragma": [
          "no-cache"
        ],
        "Location": [
          "https://management.azure.com/subscriptions/1c638cf4-608f-4ee6-b680-c329e824c3a8/operationresults/eyJqb2JJZCI6IlJFU09VUkNFR1JPVVBERUxFVElPTkpPQi1SR0ZMVUVOVENIQVNIOjJEOTM5MC1FQVNUVVMiLCJqb2JMb2NhdGlvbiI6ImVhc3R1cyJ9?api-version=2019-08-01"
        ],
        "Retry-After": [
          "15"
        ],
        "x-ms-ratelimit-remaining-subscription-reads": [
          "11991"
        ],
        "x-ms-request-id": [
          "a3440f21-e409-41be-bc3e-caa487dc521b"
        ],
        "x-ms-correlation-request-id": [
          "a3440f21-e409-41be-bc3e-caa487dc521b"
        ],
        "x-ms-routing-request-id": [
          "SOUTHEASTASIA:20191023T083122Z:a3440f21-e409-41be-bc3e-caa487dc521b"
        ],
        "Strict-Transport-Security": [
          "max-age=31536000; includeSubDomains"
        ],
        "X-Content-Type-Options": [
          "nosniff"
        ],
        "Date": [
          "Wed, 23 Oct 2019 08:31:21 GMT"
        ],
        "Expires": [
          "-1"
        ],
        "Content-Length": [
          "0"
        ]
      },
      "ResponseBody": "",
      "StatusCode": 202
    },
    {
      "RequestUri": "/subscriptions/1c638cf4-608f-4ee6-b680-c329e824c3a8/operationresults/eyJqb2JJZCI6IlJFU09VUkNFR1JPVVBERUxFVElPTkpPQi1SR0ZMVUVOVENIQVNIOjJEOTM5MC1FQVNUVVMiLCJqb2JMb2NhdGlvbiI6ImVhc3R1cyJ9?api-version=2019-08-01",
      "EncodedRequestUri": "L3N1YnNjcmlwdGlvbnMvMWM2MzhjZjQtNjA4Zi00ZWU2LWI2ODAtYzMyOWU4MjRjM2E4L29wZXJhdGlvbnJlc3VsdHMvZXlKcWIySkpaQ0k2SWxKRlUwOVZVa05GUjFKUFZWQkVSVXhGVkVsUFRrcFBRaTFTUjBaTVZVVk9WRU5JUVZOSU9qSkVPVE01TUMxRlFWTlVWVk1pTENKcWIySk1iMk5oZEdsdmJpSTZJbVZoYzNSMWN5Sjk/YXBpLXZlcnNpb249MjAxOS0wOC0wMQ==",
      "RequestMethod": "GET",
      "RequestBody": "",
      "RequestHeaders": {
        "User-Agent": [
          "FxVersion/4.6.28008.01",
          "OSName/Windows",
          "OSVersion/Microsoft.Windows.10.0.18363.",
          "Microsoft.Azure.Management.ResourceManager.Fluent.ResourceManagementClient/1.0.0.61",
          "MacAddressHash/f198b50d7e3ef6510679efb9e4c9a1474fd2bf18cf1d6a2182c79b00464dbadd"
        ]
      },
      "ResponseHeaders": {
        "Cache-Control": [
          "no-cache"
        ],
        "Pragma": [
          "no-cache"
        ],
        "Location": [
          "https://management.azure.com/subscriptions/1c638cf4-608f-4ee6-b680-c329e824c3a8/operationresults/eyJqb2JJZCI6IlJFU09VUkNFR1JPVVBERUxFVElPTkpPQi1SR0ZMVUVOVENIQVNIOjJEOTM5MC1FQVNUVVMiLCJqb2JMb2NhdGlvbiI6ImVhc3R1cyJ9?api-version=2019-08-01"
        ],
        "Retry-After": [
          "15"
        ],
        "x-ms-ratelimit-remaining-subscription-reads": [
          "11990"
        ],
        "x-ms-request-id": [
          "bc436782-b1a5-4092-8255-183a7a6f4721"
        ],
        "x-ms-correlation-request-id": [
          "bc436782-b1a5-4092-8255-183a7a6f4721"
        ],
        "x-ms-routing-request-id": [
          "SOUTHEASTASIA:20191023T083138Z:bc436782-b1a5-4092-8255-183a7a6f4721"
        ],
        "Strict-Transport-Security": [
          "max-age=31536000; includeSubDomains"
        ],
        "X-Content-Type-Options": [
          "nosniff"
        ],
        "Date": [
          "Wed, 23 Oct 2019 08:31:38 GMT"
        ],
        "Expires": [
          "-1"
        ],
        "Content-Length": [
          "0"
        ]
      },
      "ResponseBody": "",
      "StatusCode": 202
    },
    {
      "RequestUri": "/subscriptions/1c638cf4-608f-4ee6-b680-c329e824c3a8/operationresults/eyJqb2JJZCI6IlJFU09VUkNFR1JPVVBERUxFVElPTkpPQi1SR0ZMVUVOVENIQVNIOjJEOTM5MC1FQVNUVVMiLCJqb2JMb2NhdGlvbiI6ImVhc3R1cyJ9?api-version=2019-08-01",
      "EncodedRequestUri": "L3N1YnNjcmlwdGlvbnMvMWM2MzhjZjQtNjA4Zi00ZWU2LWI2ODAtYzMyOWU4MjRjM2E4L29wZXJhdGlvbnJlc3VsdHMvZXlKcWIySkpaQ0k2SWxKRlUwOVZVa05GUjFKUFZWQkVSVXhGVkVsUFRrcFBRaTFTUjBaTVZVVk9WRU5JUVZOSU9qSkVPVE01TUMxRlFWTlVWVk1pTENKcWIySk1iMk5oZEdsdmJpSTZJbVZoYzNSMWN5Sjk/YXBpLXZlcnNpb249MjAxOS0wOC0wMQ==",
      "RequestMethod": "GET",
      "RequestBody": "",
      "RequestHeaders": {
        "User-Agent": [
          "FxVersion/4.6.28008.01",
          "OSName/Windows",
          "OSVersion/Microsoft.Windows.10.0.18363.",
          "Microsoft.Azure.Management.ResourceManager.Fluent.ResourceManagementClient/1.0.0.61",
          "MacAddressHash/f198b50d7e3ef6510679efb9e4c9a1474fd2bf18cf1d6a2182c79b00464dbadd"
        ]
      },
      "ResponseHeaders": {
        "Cache-Control": [
          "no-cache"
        ],
        "Pragma": [
          "no-cache"
        ],
        "Location": [
          "https://management.azure.com/subscriptions/1c638cf4-608f-4ee6-b680-c329e824c3a8/operationresults/eyJqb2JJZCI6IlJFU09VUkNFR1JPVVBERUxFVElPTkpPQi1SR0ZMVUVOVENIQVNIOjJEOTM5MC1FQVNUVVMiLCJqb2JMb2NhdGlvbiI6ImVhc3R1cyJ9?api-version=2019-08-01"
        ],
        "Retry-After": [
          "15"
        ],
        "x-ms-ratelimit-remaining-subscription-reads": [
          "11989"
        ],
        "x-ms-request-id": [
          "13d53389-5340-40c4-b68d-6920cdedd342"
        ],
        "x-ms-correlation-request-id": [
          "13d53389-5340-40c4-b68d-6920cdedd342"
        ],
        "x-ms-routing-request-id": [
          "SOUTHEASTASIA:20191023T083153Z:13d53389-5340-40c4-b68d-6920cdedd342"
        ],
        "Strict-Transport-Security": [
          "max-age=31536000; includeSubDomains"
        ],
        "X-Content-Type-Options": [
          "nosniff"
        ],
        "Date": [
          "Wed, 23 Oct 2019 08:31:53 GMT"
        ],
        "Expires": [
          "-1"
        ],
        "Content-Length": [
          "0"
        ]
      },
      "ResponseBody": "",
      "StatusCode": 202
    },
    {
      "RequestUri": "/subscriptions/1c638cf4-608f-4ee6-b680-c329e824c3a8/operationresults/eyJqb2JJZCI6IlJFU09VUkNFR1JPVVBERUxFVElPTkpPQi1SR0ZMVUVOVENIQVNIOjJEOTM5MC1FQVNUVVMiLCJqb2JMb2NhdGlvbiI6ImVhc3R1cyJ9?api-version=2019-08-01",
      "EncodedRequestUri": "L3N1YnNjcmlwdGlvbnMvMWM2MzhjZjQtNjA4Zi00ZWU2LWI2ODAtYzMyOWU4MjRjM2E4L29wZXJhdGlvbnJlc3VsdHMvZXlKcWIySkpaQ0k2SWxKRlUwOVZVa05GUjFKUFZWQkVSVXhGVkVsUFRrcFBRaTFTUjBaTVZVVk9WRU5JUVZOSU9qSkVPVE01TUMxRlFWTlVWVk1pTENKcWIySk1iMk5oZEdsdmJpSTZJbVZoYzNSMWN5Sjk/YXBpLXZlcnNpb249MjAxOS0wOC0wMQ==",
      "RequestMethod": "GET",
      "RequestBody": "",
      "RequestHeaders": {
        "User-Agent": [
          "FxVersion/4.6.28008.01",
          "OSName/Windows",
          "OSVersion/Microsoft.Windows.10.0.18363.",
          "Microsoft.Azure.Management.ResourceManager.Fluent.ResourceManagementClient/1.0.0.61",
          "MacAddressHash/f198b50d7e3ef6510679efb9e4c9a1474fd2bf18cf1d6a2182c79b00464dbadd"
        ]
      },
      "ResponseHeaders": {
        "Cache-Control": [
          "no-cache"
        ],
        "Pragma": [
          "no-cache"
        ],
        "Location": [
          "https://management.azure.com/subscriptions/1c638cf4-608f-4ee6-b680-c329e824c3a8/operationresults/eyJqb2JJZCI6IlJFU09VUkNFR1JPVVBERUxFVElPTkpPQi1SR0ZMVUVOVENIQVNIOjJEOTM5MC1FQVNUVVMiLCJqb2JMb2NhdGlvbiI6ImVhc3R1cyJ9?api-version=2019-08-01"
        ],
        "Retry-After": [
          "15"
        ],
        "x-ms-ratelimit-remaining-subscription-reads": [
          "11988"
        ],
        "x-ms-request-id": [
          "faf8b0f1-c931-43a3-bd3f-cadcd7f694fe"
        ],
        "x-ms-correlation-request-id": [
          "faf8b0f1-c931-43a3-bd3f-cadcd7f694fe"
        ],
        "x-ms-routing-request-id": [
          "SOUTHEASTASIA:20191023T083209Z:faf8b0f1-c931-43a3-bd3f-cadcd7f694fe"
        ],
        "Strict-Transport-Security": [
          "max-age=31536000; includeSubDomains"
        ],
        "X-Content-Type-Options": [
          "nosniff"
        ],
        "Date": [
          "Wed, 23 Oct 2019 08:32:08 GMT"
        ],
        "Expires": [
          "-1"
        ],
        "Content-Length": [
          "0"
        ]
      },
      "ResponseBody": "",
      "StatusCode": 202
    },
    {
      "RequestUri": "/subscriptions/1c638cf4-608f-4ee6-b680-c329e824c3a8/operationresults/eyJqb2JJZCI6IlJFU09VUkNFR1JPVVBERUxFVElPTkpPQi1SR0ZMVUVOVENIQVNIOjJEOTM5MC1FQVNUVVMiLCJqb2JMb2NhdGlvbiI6ImVhc3R1cyJ9?api-version=2019-08-01",
      "EncodedRequestUri": "L3N1YnNjcmlwdGlvbnMvMWM2MzhjZjQtNjA4Zi00ZWU2LWI2ODAtYzMyOWU4MjRjM2E4L29wZXJhdGlvbnJlc3VsdHMvZXlKcWIySkpaQ0k2SWxKRlUwOVZVa05GUjFKUFZWQkVSVXhGVkVsUFRrcFBRaTFTUjBaTVZVVk9WRU5JUVZOSU9qSkVPVE01TUMxRlFWTlVWVk1pTENKcWIySk1iMk5oZEdsdmJpSTZJbVZoYzNSMWN5Sjk/YXBpLXZlcnNpb249MjAxOS0wOC0wMQ==",
      "RequestMethod": "GET",
      "RequestBody": "",
      "RequestHeaders": {
        "User-Agent": [
          "FxVersion/4.6.28008.01",
          "OSName/Windows",
          "OSVersion/Microsoft.Windows.10.0.18363.",
          "Microsoft.Azure.Management.ResourceManager.Fluent.ResourceManagementClient/1.0.0.61",
          "MacAddressHash/f198b50d7e3ef6510679efb9e4c9a1474fd2bf18cf1d6a2182c79b00464dbadd"
        ]
      },
      "ResponseHeaders": {
        "Cache-Control": [
          "no-cache"
        ],
        "Pragma": [
          "no-cache"
        ],
        "Location": [
          "https://management.azure.com/subscriptions/1c638cf4-608f-4ee6-b680-c329e824c3a8/operationresults/eyJqb2JJZCI6IlJFU09VUkNFR1JPVVBERUxFVElPTkpPQi1SR0ZMVUVOVENIQVNIOjJEOTM5MC1FQVNUVVMiLCJqb2JMb2NhdGlvbiI6ImVhc3R1cyJ9?api-version=2019-08-01"
        ],
        "Retry-After": [
          "15"
        ],
        "x-ms-ratelimit-remaining-subscription-reads": [
          "11987"
        ],
        "x-ms-request-id": [
          "c657dfa6-25d1-4639-9bba-63efefe21a8c"
        ],
        "x-ms-correlation-request-id": [
          "c657dfa6-25d1-4639-9bba-63efefe21a8c"
        ],
        "x-ms-routing-request-id": [
          "SOUTHEASTASIA:20191023T083224Z:c657dfa6-25d1-4639-9bba-63efefe21a8c"
        ],
        "Strict-Transport-Security": [
          "max-age=31536000; includeSubDomains"
        ],
        "X-Content-Type-Options": [
          "nosniff"
        ],
        "Date": [
          "Wed, 23 Oct 2019 08:32:24 GMT"
        ],
        "Expires": [
          "-1"
        ],
        "Content-Length": [
          "0"
        ]
      },
      "ResponseBody": "",
      "StatusCode": 202
    },
    {
      "RequestUri": "/subscriptions/1c638cf4-608f-4ee6-b680-c329e824c3a8/operationresults/eyJqb2JJZCI6IlJFU09VUkNFR1JPVVBERUxFVElPTkpPQi1SR0ZMVUVOVENIQVNIOjJEOTM5MC1FQVNUVVMiLCJqb2JMb2NhdGlvbiI6ImVhc3R1cyJ9?api-version=2019-08-01",
      "EncodedRequestUri": "L3N1YnNjcmlwdGlvbnMvMWM2MzhjZjQtNjA4Zi00ZWU2LWI2ODAtYzMyOWU4MjRjM2E4L29wZXJhdGlvbnJlc3VsdHMvZXlKcWIySkpaQ0k2SWxKRlUwOVZVa05GUjFKUFZWQkVSVXhGVkVsUFRrcFBRaTFTUjBaTVZVVk9WRU5JUVZOSU9qSkVPVE01TUMxRlFWTlVWVk1pTENKcWIySk1iMk5oZEdsdmJpSTZJbVZoYzNSMWN5Sjk/YXBpLXZlcnNpb249MjAxOS0wOC0wMQ==",
      "RequestMethod": "GET",
      "RequestBody": "",
      "RequestHeaders": {
        "User-Agent": [
          "FxVersion/4.6.28008.01",
          "OSName/Windows",
          "OSVersion/Microsoft.Windows.10.0.18363.",
          "Microsoft.Azure.Management.ResourceManager.Fluent.ResourceManagementClient/1.0.0.61",
          "MacAddressHash/f198b50d7e3ef6510679efb9e4c9a1474fd2bf18cf1d6a2182c79b00464dbadd"
        ]
      },
      "ResponseHeaders": {
        "Cache-Control": [
          "no-cache"
        ],
        "Pragma": [
          "no-cache"
        ],
        "Location": [
          "https://management.azure.com/subscriptions/1c638cf4-608f-4ee6-b680-c329e824c3a8/operationresults/eyJqb2JJZCI6IlJFU09VUkNFR1JPVVBERUxFVElPTkpPQi1SR0ZMVUVOVENIQVNIOjJEOTM5MC1FQVNUVVMiLCJqb2JMb2NhdGlvbiI6ImVhc3R1cyJ9?api-version=2019-08-01"
        ],
        "Retry-After": [
          "15"
        ],
        "x-ms-ratelimit-remaining-subscription-reads": [
          "11986"
        ],
        "x-ms-request-id": [
          "649962fa-49c9-49a0-aef6-2d1043da648b"
        ],
        "x-ms-correlation-request-id": [
          "649962fa-49c9-49a0-aef6-2d1043da648b"
        ],
        "x-ms-routing-request-id": [
          "SOUTHEASTASIA:20191023T083240Z:649962fa-49c9-49a0-aef6-2d1043da648b"
        ],
        "Strict-Transport-Security": [
          "max-age=31536000; includeSubDomains"
        ],
        "X-Content-Type-Options": [
          "nosniff"
        ],
        "Date": [
          "Wed, 23 Oct 2019 08:32:39 GMT"
        ],
        "Expires": [
          "-1"
        ],
        "Content-Length": [
          "0"
        ]
      },
      "ResponseBody": "",
      "StatusCode": 202
    },
    {
      "RequestUri": "/subscriptions/1c638cf4-608f-4ee6-b680-c329e824c3a8/operationresults/eyJqb2JJZCI6IlJFU09VUkNFR1JPVVBERUxFVElPTkpPQi1SR0ZMVUVOVENIQVNIOjJEOTM5MC1FQVNUVVMiLCJqb2JMb2NhdGlvbiI6ImVhc3R1cyJ9?api-version=2019-08-01",
      "EncodedRequestUri": "L3N1YnNjcmlwdGlvbnMvMWM2MzhjZjQtNjA4Zi00ZWU2LWI2ODAtYzMyOWU4MjRjM2E4L29wZXJhdGlvbnJlc3VsdHMvZXlKcWIySkpaQ0k2SWxKRlUwOVZVa05GUjFKUFZWQkVSVXhGVkVsUFRrcFBRaTFTUjBaTVZVVk9WRU5JUVZOSU9qSkVPVE01TUMxRlFWTlVWVk1pTENKcWIySk1iMk5oZEdsdmJpSTZJbVZoYzNSMWN5Sjk/YXBpLXZlcnNpb249MjAxOS0wOC0wMQ==",
      "RequestMethod": "GET",
      "RequestBody": "",
      "RequestHeaders": {
        "User-Agent": [
          "FxVersion/4.6.28008.01",
          "OSName/Windows",
          "OSVersion/Microsoft.Windows.10.0.18363.",
          "Microsoft.Azure.Management.ResourceManager.Fluent.ResourceManagementClient/1.0.0.61",
          "MacAddressHash/f198b50d7e3ef6510679efb9e4c9a1474fd2bf18cf1d6a2182c79b00464dbadd"
        ]
      },
      "ResponseHeaders": {
        "Cache-Control": [
          "no-cache"
        ],
        "Pragma": [
          "no-cache"
        ],
        "Location": [
          "https://management.azure.com/subscriptions/1c638cf4-608f-4ee6-b680-c329e824c3a8/operationresults/eyJqb2JJZCI6IlJFU09VUkNFR1JPVVBERUxFVElPTkpPQi1SR0ZMVUVOVENIQVNIOjJEOTM5MC1FQVNUVVMiLCJqb2JMb2NhdGlvbiI6ImVhc3R1cyJ9?api-version=2019-08-01"
        ],
        "Retry-After": [
          "15"
        ],
        "x-ms-ratelimit-remaining-subscription-reads": [
          "11985"
        ],
        "x-ms-request-id": [
          "ab53bec0-65d3-49fa-b681-0aaab97cdc4d"
        ],
        "x-ms-correlation-request-id": [
          "ab53bec0-65d3-49fa-b681-0aaab97cdc4d"
        ],
        "x-ms-routing-request-id": [
          "SOUTHEASTASIA:20191023T083255Z:ab53bec0-65d3-49fa-b681-0aaab97cdc4d"
        ],
        "Strict-Transport-Security": [
          "max-age=31536000; includeSubDomains"
        ],
        "X-Content-Type-Options": [
          "nosniff"
        ],
        "Date": [
          "Wed, 23 Oct 2019 08:32:54 GMT"
        ],
        "Expires": [
          "-1"
        ],
        "Content-Length": [
          "0"
        ]
      },
      "ResponseBody": "",
      "StatusCode": 202
    },
    {
      "RequestUri": "/subscriptions/1c638cf4-608f-4ee6-b680-c329e824c3a8/operationresults/eyJqb2JJZCI6IlJFU09VUkNFR1JPVVBERUxFVElPTkpPQi1SR0ZMVUVOVENIQVNIOjJEOTM5MC1FQVNUVVMiLCJqb2JMb2NhdGlvbiI6ImVhc3R1cyJ9?api-version=2019-08-01",
      "EncodedRequestUri": "L3N1YnNjcmlwdGlvbnMvMWM2MzhjZjQtNjA4Zi00ZWU2LWI2ODAtYzMyOWU4MjRjM2E4L29wZXJhdGlvbnJlc3VsdHMvZXlKcWIySkpaQ0k2SWxKRlUwOVZVa05GUjFKUFZWQkVSVXhGVkVsUFRrcFBRaTFTUjBaTVZVVk9WRU5JUVZOSU9qSkVPVE01TUMxRlFWTlVWVk1pTENKcWIySk1iMk5oZEdsdmJpSTZJbVZoYzNSMWN5Sjk/YXBpLXZlcnNpb249MjAxOS0wOC0wMQ==",
      "RequestMethod": "GET",
      "RequestBody": "",
      "RequestHeaders": {
        "User-Agent": [
          "FxVersion/4.6.28008.01",
          "OSName/Windows",
          "OSVersion/Microsoft.Windows.10.0.18363.",
          "Microsoft.Azure.Management.ResourceManager.Fluent.ResourceManagementClient/1.0.0.61",
          "MacAddressHash/f198b50d7e3ef6510679efb9e4c9a1474fd2bf18cf1d6a2182c79b00464dbadd"
        ]
      },
      "ResponseHeaders": {
        "Cache-Control": [
          "no-cache"
        ],
        "Pragma": [
          "no-cache"
        ],
        "Location": [
          "https://management.azure.com/subscriptions/1c638cf4-608f-4ee6-b680-c329e824c3a8/operationresults/eyJqb2JJZCI6IlJFU09VUkNFR1JPVVBERUxFVElPTkpPQi1SR0ZMVUVOVENIQVNIOjJEOTM5MC1FQVNUVVMiLCJqb2JMb2NhdGlvbiI6ImVhc3R1cyJ9?api-version=2019-08-01"
        ],
        "Retry-After": [
          "15"
        ],
        "x-ms-ratelimit-remaining-subscription-reads": [
          "11984"
        ],
        "x-ms-request-id": [
          "79397398-ef16-42da-9e01-b2ac18dff895"
        ],
        "x-ms-correlation-request-id": [
          "79397398-ef16-42da-9e01-b2ac18dff895"
        ],
        "x-ms-routing-request-id": [
          "SOUTHEASTASIA:20191023T083311Z:79397398-ef16-42da-9e01-b2ac18dff895"
        ],
        "Strict-Transport-Security": [
          "max-age=31536000; includeSubDomains"
        ],
        "X-Content-Type-Options": [
          "nosniff"
        ],
        "Date": [
          "Wed, 23 Oct 2019 08:33:11 GMT"
        ],
        "Expires": [
          "-1"
        ],
        "Content-Length": [
          "0"
        ]
      },
      "ResponseBody": "",
      "StatusCode": 202
    },
    {
      "RequestUri": "/subscriptions/1c638cf4-608f-4ee6-b680-c329e824c3a8/operationresults/eyJqb2JJZCI6IlJFU09VUkNFR1JPVVBERUxFVElPTkpPQi1SR0ZMVUVOVENIQVNIOjJEOTM5MC1FQVNUVVMiLCJqb2JMb2NhdGlvbiI6ImVhc3R1cyJ9?api-version=2019-08-01",
      "EncodedRequestUri": "L3N1YnNjcmlwdGlvbnMvMWM2MzhjZjQtNjA4Zi00ZWU2LWI2ODAtYzMyOWU4MjRjM2E4L29wZXJhdGlvbnJlc3VsdHMvZXlKcWIySkpaQ0k2SWxKRlUwOVZVa05GUjFKUFZWQkVSVXhGVkVsUFRrcFBRaTFTUjBaTVZVVk9WRU5JUVZOSU9qSkVPVE01TUMxRlFWTlVWVk1pTENKcWIySk1iMk5oZEdsdmJpSTZJbVZoYzNSMWN5Sjk/YXBpLXZlcnNpb249MjAxOS0wOC0wMQ==",
      "RequestMethod": "GET",
      "RequestBody": "",
      "RequestHeaders": {
        "User-Agent": [
          "FxVersion/4.6.28008.01",
          "OSName/Windows",
          "OSVersion/Microsoft.Windows.10.0.18363.",
          "Microsoft.Azure.Management.ResourceManager.Fluent.ResourceManagementClient/1.0.0.61",
          "MacAddressHash/f198b50d7e3ef6510679efb9e4c9a1474fd2bf18cf1d6a2182c79b00464dbadd"
        ]
      },
      "ResponseHeaders": {
        "Cache-Control": [
          "no-cache"
        ],
        "Pragma": [
          "no-cache"
        ],
        "Location": [
          "https://management.azure.com/subscriptions/1c638cf4-608f-4ee6-b680-c329e824c3a8/operationresults/eyJqb2JJZCI6IlJFU09VUkNFR1JPVVBERUxFVElPTkpPQi1SR0ZMVUVOVENIQVNIOjJEOTM5MC1FQVNUVVMiLCJqb2JMb2NhdGlvbiI6ImVhc3R1cyJ9?api-version=2019-08-01"
        ],
        "Retry-After": [
          "15"
        ],
        "x-ms-ratelimit-remaining-subscription-reads": [
          "11983"
        ],
        "x-ms-request-id": [
          "c3f840c2-ac31-42ed-a248-cbc189cdd1de"
        ],
        "x-ms-correlation-request-id": [
          "c3f840c2-ac31-42ed-a248-cbc189cdd1de"
        ],
        "x-ms-routing-request-id": [
          "SOUTHEASTASIA:20191023T083326Z:c3f840c2-ac31-42ed-a248-cbc189cdd1de"
        ],
        "Strict-Transport-Security": [
          "max-age=31536000; includeSubDomains"
        ],
        "X-Content-Type-Options": [
          "nosniff"
        ],
        "Date": [
          "Wed, 23 Oct 2019 08:33:26 GMT"
        ],
        "Expires": [
          "-1"
        ],
        "Content-Length": [
          "0"
        ]
      },
      "ResponseBody": "",
      "StatusCode": 202
    },
    {
      "RequestUri": "/subscriptions/1c638cf4-608f-4ee6-b680-c329e824c3a8/operationresults/eyJqb2JJZCI6IlJFU09VUkNFR1JPVVBERUxFVElPTkpPQi1SR0ZMVUVOVENIQVNIOjJEOTM5MC1FQVNUVVMiLCJqb2JMb2NhdGlvbiI6ImVhc3R1cyJ9?api-version=2019-08-01",
      "EncodedRequestUri": "L3N1YnNjcmlwdGlvbnMvMWM2MzhjZjQtNjA4Zi00ZWU2LWI2ODAtYzMyOWU4MjRjM2E4L29wZXJhdGlvbnJlc3VsdHMvZXlKcWIySkpaQ0k2SWxKRlUwOVZVa05GUjFKUFZWQkVSVXhGVkVsUFRrcFBRaTFTUjBaTVZVVk9WRU5JUVZOSU9qSkVPVE01TUMxRlFWTlVWVk1pTENKcWIySk1iMk5oZEdsdmJpSTZJbVZoYzNSMWN5Sjk/YXBpLXZlcnNpb249MjAxOS0wOC0wMQ==",
      "RequestMethod": "GET",
      "RequestBody": "",
      "RequestHeaders": {
        "User-Agent": [
          "FxVersion/4.6.28008.01",
          "OSName/Windows",
          "OSVersion/Microsoft.Windows.10.0.18363.",
          "Microsoft.Azure.Management.ResourceManager.Fluent.ResourceManagementClient/1.0.0.61",
          "MacAddressHash/f198b50d7e3ef6510679efb9e4c9a1474fd2bf18cf1d6a2182c79b00464dbadd"
        ]
      },
      "ResponseHeaders": {
        "Cache-Control": [
          "no-cache"
        ],
        "Pragma": [
          "no-cache"
        ],
        "Location": [
          "https://management.azure.com/subscriptions/1c638cf4-608f-4ee6-b680-c329e824c3a8/operationresults/eyJqb2JJZCI6IlJFU09VUkNFR1JPVVBERUxFVElPTkpPQi1SR0ZMVUVOVENIQVNIOjJEOTM5MC1FQVNUVVMiLCJqb2JMb2NhdGlvbiI6ImVhc3R1cyJ9?api-version=2019-08-01"
        ],
        "Retry-After": [
          "15"
        ],
        "x-ms-ratelimit-remaining-subscription-reads": [
          "11982"
        ],
        "x-ms-request-id": [
          "b4ebeaa2-66da-4a99-9a63-cb51555d1ad4"
        ],
        "x-ms-correlation-request-id": [
          "b4ebeaa2-66da-4a99-9a63-cb51555d1ad4"
        ],
        "x-ms-routing-request-id": [
          "SOUTHEASTASIA:20191023T083342Z:b4ebeaa2-66da-4a99-9a63-cb51555d1ad4"
        ],
        "Strict-Transport-Security": [
          "max-age=31536000; includeSubDomains"
        ],
        "X-Content-Type-Options": [
          "nosniff"
        ],
        "Date": [
          "Wed, 23 Oct 2019 08:33:42 GMT"
        ],
        "Expires": [
          "-1"
        ],
        "Content-Length": [
          "0"
        ]
      },
      "ResponseBody": "",
      "StatusCode": 202
    },
    {
      "RequestUri": "/subscriptions/1c638cf4-608f-4ee6-b680-c329e824c3a8/operationresults/eyJqb2JJZCI6IlJFU09VUkNFR1JPVVBERUxFVElPTkpPQi1SR0ZMVUVOVENIQVNIOjJEOTM5MC1FQVNUVVMiLCJqb2JMb2NhdGlvbiI6ImVhc3R1cyJ9?api-version=2019-08-01",
      "EncodedRequestUri": "L3N1YnNjcmlwdGlvbnMvMWM2MzhjZjQtNjA4Zi00ZWU2LWI2ODAtYzMyOWU4MjRjM2E4L29wZXJhdGlvbnJlc3VsdHMvZXlKcWIySkpaQ0k2SWxKRlUwOVZVa05GUjFKUFZWQkVSVXhGVkVsUFRrcFBRaTFTUjBaTVZVVk9WRU5JUVZOSU9qSkVPVE01TUMxRlFWTlVWVk1pTENKcWIySk1iMk5oZEdsdmJpSTZJbVZoYzNSMWN5Sjk/YXBpLXZlcnNpb249MjAxOS0wOC0wMQ==",
      "RequestMethod": "GET",
      "RequestBody": "",
      "RequestHeaders": {
        "User-Agent": [
          "FxVersion/4.6.28008.01",
          "OSName/Windows",
          "OSVersion/Microsoft.Windows.10.0.18363.",
          "Microsoft.Azure.Management.ResourceManager.Fluent.ResourceManagementClient/1.0.0.61",
          "MacAddressHash/f198b50d7e3ef6510679efb9e4c9a1474fd2bf18cf1d6a2182c79b00464dbadd"
        ]
      },
      "ResponseHeaders": {
        "Cache-Control": [
          "no-cache"
        ],
        "Pragma": [
          "no-cache"
        ],
        "Location": [
          "https://management.azure.com/subscriptions/1c638cf4-608f-4ee6-b680-c329e824c3a8/operationresults/eyJqb2JJZCI6IlJFU09VUkNFR1JPVVBERUxFVElPTkpPQi1SR0ZMVUVOVENIQVNIOjJEOTM5MC1FQVNUVVMiLCJqb2JMb2NhdGlvbiI6ImVhc3R1cyJ9?api-version=2019-08-01"
        ],
        "Retry-After": [
          "15"
        ],
        "x-ms-ratelimit-remaining-subscription-reads": [
          "11981"
        ],
        "x-ms-request-id": [
          "d9912311-413f-4893-9c09-76cf1a33a78a"
        ],
        "x-ms-correlation-request-id": [
          "d9912311-413f-4893-9c09-76cf1a33a78a"
        ],
        "x-ms-routing-request-id": [
          "SOUTHEASTASIA:20191023T083357Z:d9912311-413f-4893-9c09-76cf1a33a78a"
        ],
        "Strict-Transport-Security": [
          "max-age=31536000; includeSubDomains"
        ],
        "X-Content-Type-Options": [
          "nosniff"
        ],
        "Date": [
          "Wed, 23 Oct 2019 08:33:57 GMT"
        ],
        "Expires": [
          "-1"
        ],
        "Content-Length": [
          "0"
        ]
      },
      "ResponseBody": "",
      "StatusCode": 202
    },
    {
      "RequestUri": "/subscriptions/1c638cf4-608f-4ee6-b680-c329e824c3a8/operationresults/eyJqb2JJZCI6IlJFU09VUkNFR1JPVVBERUxFVElPTkpPQi1SR0ZMVUVOVENIQVNIOjJEOTM5MC1FQVNUVVMiLCJqb2JMb2NhdGlvbiI6ImVhc3R1cyJ9?api-version=2019-08-01",
      "EncodedRequestUri": "L3N1YnNjcmlwdGlvbnMvMWM2MzhjZjQtNjA4Zi00ZWU2LWI2ODAtYzMyOWU4MjRjM2E4L29wZXJhdGlvbnJlc3VsdHMvZXlKcWIySkpaQ0k2SWxKRlUwOVZVa05GUjFKUFZWQkVSVXhGVkVsUFRrcFBRaTFTUjBaTVZVVk9WRU5JUVZOSU9qSkVPVE01TUMxRlFWTlVWVk1pTENKcWIySk1iMk5oZEdsdmJpSTZJbVZoYzNSMWN5Sjk/YXBpLXZlcnNpb249MjAxOS0wOC0wMQ==",
      "RequestMethod": "GET",
      "RequestBody": "",
      "RequestHeaders": {
        "User-Agent": [
          "FxVersion/4.6.28008.01",
          "OSName/Windows",
          "OSVersion/Microsoft.Windows.10.0.18363.",
          "Microsoft.Azure.Management.ResourceManager.Fluent.ResourceManagementClient/1.0.0.61",
          "MacAddressHash/f198b50d7e3ef6510679efb9e4c9a1474fd2bf18cf1d6a2182c79b00464dbadd"
        ]
      },
      "ResponseHeaders": {
        "Cache-Control": [
          "no-cache"
        ],
        "Pragma": [
          "no-cache"
        ],
        "Location": [
          "https://management.azure.com/subscriptions/1c638cf4-608f-4ee6-b680-c329e824c3a8/operationresults/eyJqb2JJZCI6IlJFU09VUkNFR1JPVVBERUxFVElPTkpPQi1SR0ZMVUVOVENIQVNIOjJEOTM5MC1FQVNUVVMiLCJqb2JMb2NhdGlvbiI6ImVhc3R1cyJ9?api-version=2019-08-01"
        ],
        "Retry-After": [
          "15"
        ],
        "x-ms-ratelimit-remaining-subscription-reads": [
          "11980"
        ],
        "x-ms-request-id": [
          "e980f354-03c1-418d-a4b2-a8a7826b694a"
        ],
        "x-ms-correlation-request-id": [
          "e980f354-03c1-418d-a4b2-a8a7826b694a"
        ],
        "x-ms-routing-request-id": [
          "SOUTHEASTASIA:20191023T083413Z:e980f354-03c1-418d-a4b2-a8a7826b694a"
        ],
        "Strict-Transport-Security": [
          "max-age=31536000; includeSubDomains"
        ],
        "X-Content-Type-Options": [
          "nosniff"
        ],
        "Date": [
          "Wed, 23 Oct 2019 08:34:12 GMT"
        ],
        "Expires": [
          "-1"
        ],
        "Content-Length": [
          "0"
        ]
      },
      "ResponseBody": "",
      "StatusCode": 202
    },
    {
      "RequestUri": "/subscriptions/1c638cf4-608f-4ee6-b680-c329e824c3a8/operationresults/eyJqb2JJZCI6IlJFU09VUkNFR1JPVVBERUxFVElPTkpPQi1SR0ZMVUVOVENIQVNIOjJEOTM5MC1FQVNUVVMiLCJqb2JMb2NhdGlvbiI6ImVhc3R1cyJ9?api-version=2019-08-01",
      "EncodedRequestUri": "L3N1YnNjcmlwdGlvbnMvMWM2MzhjZjQtNjA4Zi00ZWU2LWI2ODAtYzMyOWU4MjRjM2E4L29wZXJhdGlvbnJlc3VsdHMvZXlKcWIySkpaQ0k2SWxKRlUwOVZVa05GUjFKUFZWQkVSVXhGVkVsUFRrcFBRaTFTUjBaTVZVVk9WRU5JUVZOSU9qSkVPVE01TUMxRlFWTlVWVk1pTENKcWIySk1iMk5oZEdsdmJpSTZJbVZoYzNSMWN5Sjk/YXBpLXZlcnNpb249MjAxOS0wOC0wMQ==",
      "RequestMethod": "GET",
      "RequestBody": "",
      "RequestHeaders": {
        "User-Agent": [
          "FxVersion/4.6.28008.01",
          "OSName/Windows",
          "OSVersion/Microsoft.Windows.10.0.18363.",
          "Microsoft.Azure.Management.ResourceManager.Fluent.ResourceManagementClient/1.0.0.61",
          "MacAddressHash/f198b50d7e3ef6510679efb9e4c9a1474fd2bf18cf1d6a2182c79b00464dbadd"
        ]
      },
      "ResponseHeaders": {
        "Cache-Control": [
          "no-cache"
        ],
        "Pragma": [
          "no-cache"
        ],
        "Location": [
          "https://management.azure.com/subscriptions/1c638cf4-608f-4ee6-b680-c329e824c3a8/operationresults/eyJqb2JJZCI6IlJFU09VUkNFR1JPVVBERUxFVElPTkpPQi1SR0ZMVUVOVENIQVNIOjJEOTM5MC1FQVNUVVMiLCJqb2JMb2NhdGlvbiI6ImVhc3R1cyJ9?api-version=2019-08-01"
        ],
        "Retry-After": [
          "15"
        ],
        "x-ms-ratelimit-remaining-subscription-reads": [
          "11979"
        ],
        "x-ms-request-id": [
          "40359251-2e4d-40ac-8c3c-30aeef8e9583"
        ],
        "x-ms-correlation-request-id": [
          "40359251-2e4d-40ac-8c3c-30aeef8e9583"
        ],
        "x-ms-routing-request-id": [
          "SOUTHEASTASIA:20191023T083429Z:40359251-2e4d-40ac-8c3c-30aeef8e9583"
        ],
        "Strict-Transport-Security": [
          "max-age=31536000; includeSubDomains"
        ],
        "X-Content-Type-Options": [
          "nosniff"
        ],
        "Date": [
          "Wed, 23 Oct 2019 08:34:28 GMT"
        ],
        "Expires": [
          "-1"
        ],
        "Content-Length": [
          "0"
        ]
      },
      "ResponseBody": "",
      "StatusCode": 202
    },
    {
      "RequestUri": "/subscriptions/1c638cf4-608f-4ee6-b680-c329e824c3a8/operationresults/eyJqb2JJZCI6IlJFU09VUkNFR1JPVVBERUxFVElPTkpPQi1SR0ZMVUVOVENIQVNIOjJEOTM5MC1FQVNUVVMiLCJqb2JMb2NhdGlvbiI6ImVhc3R1cyJ9?api-version=2019-08-01",
      "EncodedRequestUri": "L3N1YnNjcmlwdGlvbnMvMWM2MzhjZjQtNjA4Zi00ZWU2LWI2ODAtYzMyOWU4MjRjM2E4L29wZXJhdGlvbnJlc3VsdHMvZXlKcWIySkpaQ0k2SWxKRlUwOVZVa05GUjFKUFZWQkVSVXhGVkVsUFRrcFBRaTFTUjBaTVZVVk9WRU5JUVZOSU9qSkVPVE01TUMxRlFWTlVWVk1pTENKcWIySk1iMk5oZEdsdmJpSTZJbVZoYzNSMWN5Sjk/YXBpLXZlcnNpb249MjAxOS0wOC0wMQ==",
      "RequestMethod": "GET",
      "RequestBody": "",
      "RequestHeaders": {
        "User-Agent": [
          "FxVersion/4.6.28008.01",
          "OSName/Windows",
          "OSVersion/Microsoft.Windows.10.0.18363.",
          "Microsoft.Azure.Management.ResourceManager.Fluent.ResourceManagementClient/1.0.0.61",
          "MacAddressHash/f198b50d7e3ef6510679efb9e4c9a1474fd2bf18cf1d6a2182c79b00464dbadd"
        ]
      },
      "ResponseHeaders": {
        "Cache-Control": [
          "no-cache"
        ],
        "Pragma": [
          "no-cache"
        ],
        "Location": [
          "https://management.azure.com/subscriptions/1c638cf4-608f-4ee6-b680-c329e824c3a8/operationresults/eyJqb2JJZCI6IlJFU09VUkNFR1JPVVBERUxFVElPTkpPQi1SR0ZMVUVOVENIQVNIOjJEOTM5MC1FQVNUVVMiLCJqb2JMb2NhdGlvbiI6ImVhc3R1cyJ9?api-version=2019-08-01"
        ],
        "Retry-After": [
          "15"
        ],
        "x-ms-ratelimit-remaining-subscription-reads": [
          "11978"
        ],
        "x-ms-request-id": [
          "ef43cc42-1720-4c33-a3ef-445b5595b341"
        ],
        "x-ms-correlation-request-id": [
          "ef43cc42-1720-4c33-a3ef-445b5595b341"
        ],
        "x-ms-routing-request-id": [
          "SOUTHEASTASIA:20191023T083445Z:ef43cc42-1720-4c33-a3ef-445b5595b341"
        ],
        "Strict-Transport-Security": [
          "max-age=31536000; includeSubDomains"
        ],
        "X-Content-Type-Options": [
          "nosniff"
        ],
        "Date": [
          "Wed, 23 Oct 2019 08:34:44 GMT"
        ],
        "Expires": [
          "-1"
        ],
        "Content-Length": [
          "0"
        ]
      },
      "ResponseBody": "",
      "StatusCode": 202
    },
    {
      "RequestUri": "/subscriptions/1c638cf4-608f-4ee6-b680-c329e824c3a8/operationresults/eyJqb2JJZCI6IlJFU09VUkNFR1JPVVBERUxFVElPTkpPQi1SR0ZMVUVOVENIQVNIOjJEOTM5MC1FQVNUVVMiLCJqb2JMb2NhdGlvbiI6ImVhc3R1cyJ9?api-version=2019-08-01",
      "EncodedRequestUri": "L3N1YnNjcmlwdGlvbnMvMWM2MzhjZjQtNjA4Zi00ZWU2LWI2ODAtYzMyOWU4MjRjM2E4L29wZXJhdGlvbnJlc3VsdHMvZXlKcWIySkpaQ0k2SWxKRlUwOVZVa05GUjFKUFZWQkVSVXhGVkVsUFRrcFBRaTFTUjBaTVZVVk9WRU5JUVZOSU9qSkVPVE01TUMxRlFWTlVWVk1pTENKcWIySk1iMk5oZEdsdmJpSTZJbVZoYzNSMWN5Sjk/YXBpLXZlcnNpb249MjAxOS0wOC0wMQ==",
      "RequestMethod": "GET",
      "RequestBody": "",
      "RequestHeaders": {
        "User-Agent": [
          "FxVersion/4.6.28008.01",
          "OSName/Windows",
          "OSVersion/Microsoft.Windows.10.0.18363.",
          "Microsoft.Azure.Management.ResourceManager.Fluent.ResourceManagementClient/1.0.0.61",
          "MacAddressHash/f198b50d7e3ef6510679efb9e4c9a1474fd2bf18cf1d6a2182c79b00464dbadd"
        ]
      },
      "ResponseHeaders": {
        "Cache-Control": [
          "no-cache"
        ],
        "Pragma": [
          "no-cache"
        ],
        "Location": [
          "https://management.azure.com/subscriptions/1c638cf4-608f-4ee6-b680-c329e824c3a8/operationresults/eyJqb2JJZCI6IlJFU09VUkNFR1JPVVBERUxFVElPTkpPQi1SR0ZMVUVOVENIQVNIOjJEOTM5MC1FQVNUVVMiLCJqb2JMb2NhdGlvbiI6ImVhc3R1cyJ9?api-version=2019-08-01"
        ],
        "Retry-After": [
          "15"
        ],
        "x-ms-ratelimit-remaining-subscription-reads": [
          "11977"
        ],
        "x-ms-request-id": [
          "13b20a3b-2308-4202-8958-e3fdaa0a32a8"
        ],
        "x-ms-correlation-request-id": [
          "13b20a3b-2308-4202-8958-e3fdaa0a32a8"
        ],
        "x-ms-routing-request-id": [
          "SOUTHEASTASIA:20191023T083500Z:13b20a3b-2308-4202-8958-e3fdaa0a32a8"
        ],
        "Strict-Transport-Security": [
          "max-age=31536000; includeSubDomains"
        ],
        "X-Content-Type-Options": [
          "nosniff"
        ],
        "Date": [
          "Wed, 23 Oct 2019 08:35:00 GMT"
        ],
        "Expires": [
          "-1"
        ],
        "Content-Length": [
          "0"
        ]
      },
      "ResponseBody": "",
      "StatusCode": 202
    },
    {
      "RequestUri": "/subscriptions/1c638cf4-608f-4ee6-b680-c329e824c3a8/operationresults/eyJqb2JJZCI6IlJFU09VUkNFR1JPVVBERUxFVElPTkpPQi1SR0ZMVUVOVENIQVNIOjJEOTM5MC1FQVNUVVMiLCJqb2JMb2NhdGlvbiI6ImVhc3R1cyJ9?api-version=2019-08-01",
      "EncodedRequestUri": "L3N1YnNjcmlwdGlvbnMvMWM2MzhjZjQtNjA4Zi00ZWU2LWI2ODAtYzMyOWU4MjRjM2E4L29wZXJhdGlvbnJlc3VsdHMvZXlKcWIySkpaQ0k2SWxKRlUwOVZVa05GUjFKUFZWQkVSVXhGVkVsUFRrcFBRaTFTUjBaTVZVVk9WRU5JUVZOSU9qSkVPVE01TUMxRlFWTlVWVk1pTENKcWIySk1iMk5oZEdsdmJpSTZJbVZoYzNSMWN5Sjk/YXBpLXZlcnNpb249MjAxOS0wOC0wMQ==",
      "RequestMethod": "GET",
      "RequestBody": "",
      "RequestHeaders": {
        "User-Agent": [
          "FxVersion/4.6.28008.01",
          "OSName/Windows",
          "OSVersion/Microsoft.Windows.10.0.18363.",
          "Microsoft.Azure.Management.ResourceManager.Fluent.ResourceManagementClient/1.0.0.61",
          "MacAddressHash/f198b50d7e3ef6510679efb9e4c9a1474fd2bf18cf1d6a2182c79b00464dbadd"
        ]
      },
      "ResponseHeaders": {
        "Cache-Control": [
          "no-cache"
        ],
        "Pragma": [
          "no-cache"
        ],
        "Location": [
          "https://management.azure.com/subscriptions/1c638cf4-608f-4ee6-b680-c329e824c3a8/operationresults/eyJqb2JJZCI6IlJFU09VUkNFR1JPVVBERUxFVElPTkpPQi1SR0ZMVUVOVENIQVNIOjJEOTM5MC1FQVNUVVMiLCJqb2JMb2NhdGlvbiI6ImVhc3R1cyJ9?api-version=2019-08-01"
        ],
        "Retry-After": [
          "15"
        ],
        "x-ms-ratelimit-remaining-subscription-reads": [
          "11976"
        ],
        "x-ms-request-id": [
          "fe19c8ca-1064-4649-b0a6-24421f5d6101"
        ],
        "x-ms-correlation-request-id": [
          "fe19c8ca-1064-4649-b0a6-24421f5d6101"
        ],
        "x-ms-routing-request-id": [
          "SOUTHEASTASIA:20191023T083516Z:fe19c8ca-1064-4649-b0a6-24421f5d6101"
        ],
        "Strict-Transport-Security": [
          "max-age=31536000; includeSubDomains"
        ],
        "X-Content-Type-Options": [
          "nosniff"
        ],
        "Date": [
          "Wed, 23 Oct 2019 08:35:16 GMT"
        ],
        "Expires": [
          "-1"
        ],
        "Content-Length": [
          "0"
        ]
      },
      "ResponseBody": "",
      "StatusCode": 202
    },
    {
      "RequestUri": "/subscriptions/1c638cf4-608f-4ee6-b680-c329e824c3a8/operationresults/eyJqb2JJZCI6IlJFU09VUkNFR1JPVVBERUxFVElPTkpPQi1SR0ZMVUVOVENIQVNIOjJEOTM5MC1FQVNUVVMiLCJqb2JMb2NhdGlvbiI6ImVhc3R1cyJ9?api-version=2019-08-01",
      "EncodedRequestUri": "L3N1YnNjcmlwdGlvbnMvMWM2MzhjZjQtNjA4Zi00ZWU2LWI2ODAtYzMyOWU4MjRjM2E4L29wZXJhdGlvbnJlc3VsdHMvZXlKcWIySkpaQ0k2SWxKRlUwOVZVa05GUjFKUFZWQkVSVXhGVkVsUFRrcFBRaTFTUjBaTVZVVk9WRU5JUVZOSU9qSkVPVE01TUMxRlFWTlVWVk1pTENKcWIySk1iMk5oZEdsdmJpSTZJbVZoYzNSMWN5Sjk/YXBpLXZlcnNpb249MjAxOS0wOC0wMQ==",
      "RequestMethod": "GET",
      "RequestBody": "",
      "RequestHeaders": {
        "User-Agent": [
          "FxVersion/4.6.28008.01",
          "OSName/Windows",
          "OSVersion/Microsoft.Windows.10.0.18363.",
          "Microsoft.Azure.Management.ResourceManager.Fluent.ResourceManagementClient/1.0.0.61",
          "MacAddressHash/f198b50d7e3ef6510679efb9e4c9a1474fd2bf18cf1d6a2182c79b00464dbadd"
        ]
      },
      "ResponseHeaders": {
        "Cache-Control": [
          "no-cache"
        ],
        "Pragma": [
          "no-cache"
        ],
        "Location": [
          "https://management.azure.com/subscriptions/1c638cf4-608f-4ee6-b680-c329e824c3a8/operationresults/eyJqb2JJZCI6IlJFU09VUkNFR1JPVVBERUxFVElPTkpPQi1SR0ZMVUVOVENIQVNIOjJEOTM5MC1FQVNUVVMiLCJqb2JMb2NhdGlvbiI6ImVhc3R1cyJ9?api-version=2019-08-01"
        ],
        "Retry-After": [
          "15"
        ],
        "x-ms-ratelimit-remaining-subscription-reads": [
          "11975"
        ],
        "x-ms-request-id": [
          "68b8bddd-aab5-403e-b6af-174d31bc9105"
        ],
        "x-ms-correlation-request-id": [
          "68b8bddd-aab5-403e-b6af-174d31bc9105"
        ],
        "x-ms-routing-request-id": [
          "SOUTHEASTASIA:20191023T083531Z:68b8bddd-aab5-403e-b6af-174d31bc9105"
        ],
        "Strict-Transport-Security": [
          "max-age=31536000; includeSubDomains"
        ],
        "X-Content-Type-Options": [
          "nosniff"
        ],
        "Date": [
          "Wed, 23 Oct 2019 08:35:31 GMT"
        ],
        "Expires": [
          "-1"
        ],
        "Content-Length": [
          "0"
        ]
      },
      "ResponseBody": "",
      "StatusCode": 202
    },
    {
      "RequestUri": "/subscriptions/1c638cf4-608f-4ee6-b680-c329e824c3a8/operationresults/eyJqb2JJZCI6IlJFU09VUkNFR1JPVVBERUxFVElPTkpPQi1SR0ZMVUVOVENIQVNIOjJEOTM5MC1FQVNUVVMiLCJqb2JMb2NhdGlvbiI6ImVhc3R1cyJ9?api-version=2019-08-01",
      "EncodedRequestUri": "L3N1YnNjcmlwdGlvbnMvMWM2MzhjZjQtNjA4Zi00ZWU2LWI2ODAtYzMyOWU4MjRjM2E4L29wZXJhdGlvbnJlc3VsdHMvZXlKcWIySkpaQ0k2SWxKRlUwOVZVa05GUjFKUFZWQkVSVXhGVkVsUFRrcFBRaTFTUjBaTVZVVk9WRU5JUVZOSU9qSkVPVE01TUMxRlFWTlVWVk1pTENKcWIySk1iMk5oZEdsdmJpSTZJbVZoYzNSMWN5Sjk/YXBpLXZlcnNpb249MjAxOS0wOC0wMQ==",
      "RequestMethod": "GET",
      "RequestBody": "",
      "RequestHeaders": {
        "User-Agent": [
          "FxVersion/4.6.28008.01",
          "OSName/Windows",
          "OSVersion/Microsoft.Windows.10.0.18363.",
          "Microsoft.Azure.Management.ResourceManager.Fluent.ResourceManagementClient/1.0.0.61",
          "MacAddressHash/f198b50d7e3ef6510679efb9e4c9a1474fd2bf18cf1d6a2182c79b00464dbadd"
        ]
      },
      "ResponseHeaders": {
        "Cache-Control": [
          "no-cache"
        ],
        "Pragma": [
          "no-cache"
        ],
        "Location": [
          "https://management.azure.com/subscriptions/1c638cf4-608f-4ee6-b680-c329e824c3a8/operationresults/eyJqb2JJZCI6IlJFU09VUkNFR1JPVVBERUxFVElPTkpPQi1SR0ZMVUVOVENIQVNIOjJEOTM5MC1FQVNUVVMiLCJqb2JMb2NhdGlvbiI6ImVhc3R1cyJ9?api-version=2019-08-01"
        ],
        "Retry-After": [
          "15"
        ],
        "x-ms-ratelimit-remaining-subscription-reads": [
          "11974"
        ],
        "x-ms-request-id": [
          "25f31904-8965-4522-a4c2-96a20a34fb3e"
        ],
        "x-ms-correlation-request-id": [
          "25f31904-8965-4522-a4c2-96a20a34fb3e"
        ],
        "x-ms-routing-request-id": [
          "SOUTHEASTASIA:20191023T083547Z:25f31904-8965-4522-a4c2-96a20a34fb3e"
        ],
        "Strict-Transport-Security": [
          "max-age=31536000; includeSubDomains"
        ],
        "X-Content-Type-Options": [
          "nosniff"
        ],
        "Date": [
          "Wed, 23 Oct 2019 08:35:46 GMT"
        ],
        "Expires": [
          "-1"
        ],
        "Content-Length": [
          "0"
        ]
      },
      "ResponseBody": "",
      "StatusCode": 202
    },
    {
      "RequestUri": "/subscriptions/1c638cf4-608f-4ee6-b680-c329e824c3a8/operationresults/eyJqb2JJZCI6IlJFU09VUkNFR1JPVVBERUxFVElPTkpPQi1SR0ZMVUVOVENIQVNIOjJEOTM5MC1FQVNUVVMiLCJqb2JMb2NhdGlvbiI6ImVhc3R1cyJ9?api-version=2019-08-01",
      "EncodedRequestUri": "L3N1YnNjcmlwdGlvbnMvMWM2MzhjZjQtNjA4Zi00ZWU2LWI2ODAtYzMyOWU4MjRjM2E4L29wZXJhdGlvbnJlc3VsdHMvZXlKcWIySkpaQ0k2SWxKRlUwOVZVa05GUjFKUFZWQkVSVXhGVkVsUFRrcFBRaTFTUjBaTVZVVk9WRU5JUVZOSU9qSkVPVE01TUMxRlFWTlVWVk1pTENKcWIySk1iMk5oZEdsdmJpSTZJbVZoYzNSMWN5Sjk/YXBpLXZlcnNpb249MjAxOS0wOC0wMQ==",
      "RequestMethod": "GET",
      "RequestBody": "",
      "RequestHeaders": {
        "User-Agent": [
          "FxVersion/4.6.28008.01",
          "OSName/Windows",
          "OSVersion/Microsoft.Windows.10.0.18363.",
          "Microsoft.Azure.Management.ResourceManager.Fluent.ResourceManagementClient/1.0.0.61",
          "MacAddressHash/f198b50d7e3ef6510679efb9e4c9a1474fd2bf18cf1d6a2182c79b00464dbadd"
        ]
      },
      "ResponseHeaders": {
        "Cache-Control": [
          "no-cache"
        ],
        "Pragma": [
          "no-cache"
        ],
        "Location": [
          "https://management.azure.com/subscriptions/1c638cf4-608f-4ee6-b680-c329e824c3a8/operationresults/eyJqb2JJZCI6IlJFU09VUkNFR1JPVVBERUxFVElPTkpPQi1SR0ZMVUVOVENIQVNIOjJEOTM5MC1FQVNUVVMiLCJqb2JMb2NhdGlvbiI6ImVhc3R1cyJ9?api-version=2019-08-01"
        ],
        "Retry-After": [
          "15"
        ],
        "x-ms-ratelimit-remaining-subscription-reads": [
          "11973"
        ],
        "x-ms-request-id": [
          "169755ee-ed32-4be3-8fcc-a83f19553c4f"
        ],
        "x-ms-correlation-request-id": [
          "169755ee-ed32-4be3-8fcc-a83f19553c4f"
        ],
        "x-ms-routing-request-id": [
          "SOUTHEASTASIA:20191023T083602Z:169755ee-ed32-4be3-8fcc-a83f19553c4f"
        ],
        "Strict-Transport-Security": [
          "max-age=31536000; includeSubDomains"
        ],
        "X-Content-Type-Options": [
          "nosniff"
        ],
        "Date": [
          "Wed, 23 Oct 2019 08:36:02 GMT"
        ],
        "Expires": [
          "-1"
        ],
        "Content-Length": [
          "0"
        ]
      },
      "ResponseBody": "",
      "StatusCode": 202
    },
    {
      "RequestUri": "/subscriptions/1c638cf4-608f-4ee6-b680-c329e824c3a8/operationresults/eyJqb2JJZCI6IlJFU09VUkNFR1JPVVBERUxFVElPTkpPQi1SR0ZMVUVOVENIQVNIOjJEOTM5MC1FQVNUVVMiLCJqb2JMb2NhdGlvbiI6ImVhc3R1cyJ9?api-version=2019-08-01",
      "EncodedRequestUri": "L3N1YnNjcmlwdGlvbnMvMWM2MzhjZjQtNjA4Zi00ZWU2LWI2ODAtYzMyOWU4MjRjM2E4L29wZXJhdGlvbnJlc3VsdHMvZXlKcWIySkpaQ0k2SWxKRlUwOVZVa05GUjFKUFZWQkVSVXhGVkVsUFRrcFBRaTFTUjBaTVZVVk9WRU5JUVZOSU9qSkVPVE01TUMxRlFWTlVWVk1pTENKcWIySk1iMk5oZEdsdmJpSTZJbVZoYzNSMWN5Sjk/YXBpLXZlcnNpb249MjAxOS0wOC0wMQ==",
      "RequestMethod": "GET",
      "RequestBody": "",
      "RequestHeaders": {
        "User-Agent": [
          "FxVersion/4.6.28008.01",
          "OSName/Windows",
          "OSVersion/Microsoft.Windows.10.0.18363.",
          "Microsoft.Azure.Management.ResourceManager.Fluent.ResourceManagementClient/1.0.0.61",
          "MacAddressHash/f198b50d7e3ef6510679efb9e4c9a1474fd2bf18cf1d6a2182c79b00464dbadd"
        ]
      },
      "ResponseHeaders": {
        "Cache-Control": [
          "no-cache"
        ],
        "Pragma": [
          "no-cache"
        ],
        "Location": [
          "https://management.azure.com/subscriptions/1c638cf4-608f-4ee6-b680-c329e824c3a8/operationresults/eyJqb2JJZCI6IlJFU09VUkNFR1JPVVBERUxFVElPTkpPQi1SR0ZMVUVOVENIQVNIOjJEOTM5MC1FQVNUVVMiLCJqb2JMb2NhdGlvbiI6ImVhc3R1cyJ9?api-version=2019-08-01"
        ],
        "Retry-After": [
          "15"
        ],
        "x-ms-ratelimit-remaining-subscription-reads": [
          "11972"
        ],
        "x-ms-request-id": [
          "fbeaa6fd-540c-4385-a78c-f3aa0f0ca983"
        ],
        "x-ms-correlation-request-id": [
          "fbeaa6fd-540c-4385-a78c-f3aa0f0ca983"
        ],
        "x-ms-routing-request-id": [
          "SOUTHEASTASIA:20191023T083618Z:fbeaa6fd-540c-4385-a78c-f3aa0f0ca983"
        ],
        "Strict-Transport-Security": [
          "max-age=31536000; includeSubDomains"
        ],
        "X-Content-Type-Options": [
          "nosniff"
        ],
        "Date": [
          "Wed, 23 Oct 2019 08:36:17 GMT"
        ],
        "Expires": [
          "-1"
        ],
        "Content-Length": [
          "0"
        ]
      },
      "ResponseBody": "",
      "StatusCode": 202
    },
    {
      "RequestUri": "/subscriptions/1c638cf4-608f-4ee6-b680-c329e824c3a8/operationresults/eyJqb2JJZCI6IlJFU09VUkNFR1JPVVBERUxFVElPTkpPQi1SR0ZMVUVOVENIQVNIOjJEOTM5MC1FQVNUVVMiLCJqb2JMb2NhdGlvbiI6ImVhc3R1cyJ9?api-version=2019-08-01",
      "EncodedRequestUri": "L3N1YnNjcmlwdGlvbnMvMWM2MzhjZjQtNjA4Zi00ZWU2LWI2ODAtYzMyOWU4MjRjM2E4L29wZXJhdGlvbnJlc3VsdHMvZXlKcWIySkpaQ0k2SWxKRlUwOVZVa05GUjFKUFZWQkVSVXhGVkVsUFRrcFBRaTFTUjBaTVZVVk9WRU5JUVZOSU9qSkVPVE01TUMxRlFWTlVWVk1pTENKcWIySk1iMk5oZEdsdmJpSTZJbVZoYzNSMWN5Sjk/YXBpLXZlcnNpb249MjAxOS0wOC0wMQ==",
      "RequestMethod": "GET",
      "RequestBody": "",
      "RequestHeaders": {
        "User-Agent": [
          "FxVersion/4.6.28008.01",
          "OSName/Windows",
          "OSVersion/Microsoft.Windows.10.0.18363.",
          "Microsoft.Azure.Management.ResourceManager.Fluent.ResourceManagementClient/1.0.0.61",
          "MacAddressHash/f198b50d7e3ef6510679efb9e4c9a1474fd2bf18cf1d6a2182c79b00464dbadd"
        ]
      },
      "ResponseHeaders": {
        "Cache-Control": [
          "no-cache"
        ],
        "Pragma": [
          "no-cache"
        ],
        "Location": [
          "https://management.azure.com/subscriptions/1c638cf4-608f-4ee6-b680-c329e824c3a8/operationresults/eyJqb2JJZCI6IlJFU09VUkNFR1JPVVBERUxFVElPTkpPQi1SR0ZMVUVOVENIQVNIOjJEOTM5MC1FQVNUVVMiLCJqb2JMb2NhdGlvbiI6ImVhc3R1cyJ9?api-version=2019-08-01"
        ],
        "Retry-After": [
          "15"
        ],
        "x-ms-ratelimit-remaining-subscription-reads": [
          "11971"
        ],
        "x-ms-request-id": [
          "547187f1-eafa-4140-a07a-246cfa215e98"
        ],
        "x-ms-correlation-request-id": [
          "547187f1-eafa-4140-a07a-246cfa215e98"
        ],
        "x-ms-routing-request-id": [
          "SOUTHEASTASIA:20191023T083633Z:547187f1-eafa-4140-a07a-246cfa215e98"
        ],
        "Strict-Transport-Security": [
          "max-age=31536000; includeSubDomains"
        ],
        "X-Content-Type-Options": [
          "nosniff"
        ],
        "Date": [
          "Wed, 23 Oct 2019 08:36:32 GMT"
        ],
        "Expires": [
          "-1"
        ],
        "Content-Length": [
          "0"
        ]
      },
      "ResponseBody": "",
      "StatusCode": 202
    },
    {
      "RequestUri": "/subscriptions/1c638cf4-608f-4ee6-b680-c329e824c3a8/operationresults/eyJqb2JJZCI6IlJFU09VUkNFR1JPVVBERUxFVElPTkpPQi1SR0ZMVUVOVENIQVNIOjJEOTM5MC1FQVNUVVMiLCJqb2JMb2NhdGlvbiI6ImVhc3R1cyJ9?api-version=2019-08-01",
      "EncodedRequestUri": "L3N1YnNjcmlwdGlvbnMvMWM2MzhjZjQtNjA4Zi00ZWU2LWI2ODAtYzMyOWU4MjRjM2E4L29wZXJhdGlvbnJlc3VsdHMvZXlKcWIySkpaQ0k2SWxKRlUwOVZVa05GUjFKUFZWQkVSVXhGVkVsUFRrcFBRaTFTUjBaTVZVVk9WRU5JUVZOSU9qSkVPVE01TUMxRlFWTlVWVk1pTENKcWIySk1iMk5oZEdsdmJpSTZJbVZoYzNSMWN5Sjk/YXBpLXZlcnNpb249MjAxOS0wOC0wMQ==",
      "RequestMethod": "GET",
      "RequestBody": "",
      "RequestHeaders": {
        "User-Agent": [
          "FxVersion/4.6.28008.01",
          "OSName/Windows",
          "OSVersion/Microsoft.Windows.10.0.18363.",
          "Microsoft.Azure.Management.ResourceManager.Fluent.ResourceManagementClient/1.0.0.61",
          "MacAddressHash/f198b50d7e3ef6510679efb9e4c9a1474fd2bf18cf1d6a2182c79b00464dbadd"
        ]
      },
      "ResponseHeaders": {
        "Cache-Control": [
          "no-cache"
        ],
        "Pragma": [
          "no-cache"
        ],
        "x-ms-ratelimit-remaining-subscription-reads": [
          "11970"
        ],
        "x-ms-request-id": [
          "b0a51848-817d-4868-8b29-33376942135e"
        ],
        "x-ms-correlation-request-id": [
          "b0a51848-817d-4868-8b29-33376942135e"
        ],
        "x-ms-routing-request-id": [
          "SOUTHEASTASIA:20191023T083649Z:b0a51848-817d-4868-8b29-33376942135e"
        ],
        "Strict-Transport-Security": [
          "max-age=31536000; includeSubDomains"
        ],
        "X-Content-Type-Options": [
          "nosniff"
        ],
        "Date": [
          "Wed, 23 Oct 2019 08:36:49 GMT"
        ],
        "Expires": [
          "-1"
        ],
        "Content-Length": [
          "0"
        ]
      },
      "ResponseBody": "",
      "StatusCode": 200
    },
    {
      "RequestUri": "/subscriptions/1c638cf4-608f-4ee6-b680-c329e824c3a8/operationresults/eyJqb2JJZCI6IlJFU09VUkNFR1JPVVBERUxFVElPTkpPQi1SR0ZMVUVOVENIQVNIOjJEOTM5MC1FQVNUVVMiLCJqb2JMb2NhdGlvbiI6ImVhc3R1cyJ9?api-version=2019-08-01",
      "EncodedRequestUri": "L3N1YnNjcmlwdGlvbnMvMWM2MzhjZjQtNjA4Zi00ZWU2LWI2ODAtYzMyOWU4MjRjM2E4L29wZXJhdGlvbnJlc3VsdHMvZXlKcWIySkpaQ0k2SWxKRlUwOVZVa05GUjFKUFZWQkVSVXhGVkVsUFRrcFBRaTFTUjBaTVZVVk9WRU5JUVZOSU9qSkVPVE01TUMxRlFWTlVWVk1pTENKcWIySk1iMk5oZEdsdmJpSTZJbVZoYzNSMWN5Sjk/YXBpLXZlcnNpb249MjAxOS0wOC0wMQ==",
      "RequestMethod": "GET",
      "RequestBody": "",
      "RequestHeaders": {
        "User-Agent": [
          "FxVersion/4.6.28008.01",
          "OSName/Windows",
          "OSVersion/Microsoft.Windows.10.0.18363.",
          "Microsoft.Azure.Management.ResourceManager.Fluent.ResourceManagementClient/1.0.0.61",
          "MacAddressHash/f198b50d7e3ef6510679efb9e4c9a1474fd2bf18cf1d6a2182c79b00464dbadd"
        ]
      },
      "ResponseHeaders": {
        "Cache-Control": [
          "no-cache"
        ],
        "Pragma": [
          "no-cache"
        ],
        "x-ms-ratelimit-remaining-subscription-reads": [
          "11969"
        ],
        "x-ms-request-id": [
          "6721c42b-cbd3-48b3-a2e8-31aaf98d24cc"
        ],
        "x-ms-correlation-request-id": [
          "6721c42b-cbd3-48b3-a2e8-31aaf98d24cc"
        ],
        "x-ms-routing-request-id": [
          "SOUTHEASTASIA:20191023T083649Z:6721c42b-cbd3-48b3-a2e8-31aaf98d24cc"
        ],
        "Strict-Transport-Security": [
          "max-age=31536000; includeSubDomains"
        ],
        "X-Content-Type-Options": [
          "nosniff"
        ],
        "Date": [
          "Wed, 23 Oct 2019 08:36:49 GMT"
        ],
        "Expires": [
          "-1"
        ],
        "Content-Length": [
          "0"
        ]
      },
      "ResponseBody": "",
      "StatusCode": 200
    }
  ],
  "Names": {
    "CanCreateImageByCapturingVM": [
      "vm67-9dd48642235",
      "img0d13214111",
      "rgfluentchash-9390",
      "pipde514291d156",
      "nic46781a71fc3",
      "vnet4da58164313f",
      "pip42208e27",
      "stg50b33202109",
      "vme1454091cb"
    ]
  },
  "Variables": {
    "ServicePrincipal": "af519bfa-99e8-4193-b65b-e6cd2f8bde7f",
    "AADTenant": "72f988bf-86f1-41af-91ab-2d7cd011db47",
    "SubscriptionId": "1c638cf4-608f-4ee6-b680-c329e824c3a8"
  }
}