{
  "Entries": [
    {
      "RequestUri": "/subscriptions/0b1f6471-1bf0-4dda-aec3-cb9272f09590/resourcegroups/rgfluentchash-8823?api-version=2017-05-10",
      "EncodedRequestUri": "L3N1YnNjcmlwdGlvbnMvMGIxZjY0NzEtMWJmMC00ZGRhLWFlYzMtY2I5MjcyZjA5NTkwL3Jlc291cmNlZ3JvdXBzL3JnZmx1ZW50Y2hhc2gtODgyMz9hcGktdmVyc2lvbj0yMDE3LTA1LTEw",
      "RequestMethod": "PUT",
      "RequestBody": "{\r\n  \"location\": \"eastus\"\r\n}",
      "RequestHeaders": {
        "Content-Type": [
          "application/json; charset=utf-8"
        ],
        "Content-Length": [
          "28"
        ],
        "x-ms-client-request-id": [
          "0b8534f7-df44-43b8-8580-c51cadfc002c"
        ],
        "accept-language": [
          "en-US"
        ],
        "User-Agent": [
          "FxVersion/4.6.25211.01",
          "Microsoft.Azure.Management.ResourceManager.Fluent.ResourceManagementClient/1.8.0.0",
          "MacAddressHash/1a7db1f3023c8cc9a72984005b4db786d257d09f868c7e111d4bf514b71b7890"
        ]
      },
      "ResponseBody": "{\r\n  \"id\": \"/subscriptions/0b1f6471-1bf0-4dda-aec3-cb9272f09590/resourceGroups/rgfluentchash-8823\",\r\n  \"name\": \"rgfluentchash-8823\",\r\n  \"location\": \"eastus\",\r\n  \"properties\": {\r\n    \"provisioningState\": \"Succeeded\"\r\n  }\r\n}",
      "ResponseHeaders": {
        "Content-Length": [
          "189"
        ],
        "Content-Type": [
          "application/json; charset=utf-8"
        ],
        "Expires": [
          "-1"
        ],
        "Cache-Control": [
          "no-cache"
        ],
        "Date": [
          "Mon, 16 Apr 2018 17:44:36 GMT"
        ],
        "Pragma": [
          "no-cache"
        ],
        "x-ms-ratelimit-remaining-subscription-writes": [
          "1199"
        ],
        "x-ms-request-id": [
          "d27ad74a-2b2d-4f25-8f35-31aa3dd9ac34"
        ],
        "x-ms-correlation-request-id": [
          "d27ad74a-2b2d-4f25-8f35-31aa3dd9ac34"
        ],
        "x-ms-routing-request-id": [
          "WESTUS2:20180416T174436Z:d27ad74a-2b2d-4f25-8f35-31aa3dd9ac34"
        ],
        "Strict-Transport-Security": [
          "max-age=31536000; includeSubDomains"
        ],
        "X-Content-Type-Options": [
          "nosniff"
        ]
      },
      "StatusCode": 201
    },
    {
      "RequestUri": "/subscriptions/0b1f6471-1bf0-4dda-aec3-cb9272f09590/resourcegroups/rgfluentchash-8823?api-version=2017-05-10",
      "EncodedRequestUri": "L3N1YnNjcmlwdGlvbnMvMGIxZjY0NzEtMWJmMC00ZGRhLWFlYzMtY2I5MjcyZjA5NTkwL3Jlc291cmNlZ3JvdXBzL3JnZmx1ZW50Y2hhc2gtODgyMz9hcGktdmVyc2lvbj0yMDE3LTA1LTEw",
      "RequestMethod": "PUT",
      "RequestBody": "{\r\n  \"location\": \"eastus\"\r\n}",
      "RequestHeaders": {
        "Content-Type": [
          "application/json; charset=utf-8"
        ],
        "Content-Length": [
          "28"
        ],
        "x-ms-client-request-id": [
          "281535f2-f6ba-435c-b686-be724e6561da"
        ],
        "accept-language": [
          "en-US"
        ],
        "User-Agent": [
          "FxVersion/4.6.25211.01",
          "Microsoft.Azure.Management.ResourceManager.Fluent.ResourceManagementClient/1.8.0.0",
          "MacAddressHash/1a7db1f3023c8cc9a72984005b4db786d257d09f868c7e111d4bf514b71b7890"
        ]
      },
      "ResponseBody": "{\r\n  \"id\": \"/subscriptions/0b1f6471-1bf0-4dda-aec3-cb9272f09590/resourceGroups/rgfluentchash-8823\",\r\n  \"name\": \"rgfluentchash-8823\",\r\n  \"location\": \"eastus\",\r\n  \"properties\": {\r\n    \"provisioningState\": \"Succeeded\"\r\n  }\r\n}",
      "ResponseHeaders": {
        "Content-Type": [
          "application/json; charset=utf-8"
        ],
        "Expires": [
          "-1"
        ],
        "Cache-Control": [
          "no-cache"
        ],
        "Date": [
          "Mon, 16 Apr 2018 17:51:09 GMT"
        ],
        "Pragma": [
          "no-cache"
        ],
        "Transfer-Encoding": [
          "chunked"
        ],
        "Vary": [
          "Accept-Encoding"
        ],
        "x-ms-ratelimit-remaining-subscription-writes": [
          "1197"
        ],
        "x-ms-request-id": [
          "0d4cfa91-b576-4972-9650-c1f925123c83"
        ],
        "x-ms-correlation-request-id": [
          "0d4cfa91-b576-4972-9650-c1f925123c83"
        ],
        "x-ms-routing-request-id": [
          "WESTUS2:20180416T175110Z:0d4cfa91-b576-4972-9650-c1f925123c83"
        ],
        "Strict-Transport-Security": [
          "max-age=31536000; includeSubDomains"
        ],
        "X-Content-Type-Options": [
          "nosniff"
        ]
      },
      "StatusCode": 200
    },
    {
      "RequestUri": "/subscriptions/0b1f6471-1bf0-4dda-aec3-cb9272f09590/resourceGroups/rgfluentchash-8823/providers/Microsoft.Network/virtualNetworks/vnet369915847a8a?api-version=2018-02-01",
      "EncodedRequestUri": "L3N1YnNjcmlwdGlvbnMvMGIxZjY0NzEtMWJmMC00ZGRhLWFlYzMtY2I5MjcyZjA5NTkwL3Jlc291cmNlR3JvdXBzL3JnZmx1ZW50Y2hhc2gtODgyMy9wcm92aWRlcnMvTWljcm9zb2Z0Lk5ldHdvcmsvdmlydHVhbE5ldHdvcmtzL3ZuZXQzNjk5MTU4NDdhOGE/YXBpLXZlcnNpb249MjAxOC0wMi0wMQ==",
      "RequestMethod": "PUT",
      "RequestBody": "{\r\n  \"properties\": {\r\n    \"addressSpace\": {\r\n      \"addressPrefixes\": [\r\n        \"10.0.0.0/28\"\r\n      ]\r\n    },\r\n    \"dhcpOptions\": {\r\n      \"dnsServers\": []\r\n    },\r\n    \"subnets\": [\r\n      {\r\n        \"properties\": {\r\n          \"addressPrefix\": \"10.0.0.0/28\"\r\n        },\r\n        \"name\": \"subnet1\"\r\n      }\r\n    ]\r\n  },\r\n  \"location\": \"eastus\",\r\n  \"tags\": {}\r\n}",
      "RequestHeaders": {
        "Content-Type": [
          "application/json; charset=utf-8"
        ],
        "Content-Length": [
          "362"
        ],
        "x-ms-client-request-id": [
          "d5e0f820-b42b-4754-b37b-31ee2de40e8e"
        ],
        "accept-language": [
          "en-US"
        ],
        "User-Agent": [
          "FxVersion/4.6.25211.01",
          "Microsoft.Azure.Management.Network.Fluent.NetworkManagementClient/1.8.0.0",
          "MacAddressHash/1a7db1f3023c8cc9a72984005b4db786d257d09f868c7e111d4bf514b71b7890"
        ]
      },
      "ResponseBody": "{\r\n  \"name\": \"vnet369915847a8a\",\r\n  \"id\": \"/subscriptions/0b1f6471-1bf0-4dda-aec3-cb9272f09590/resourceGroups/rgfluentchash-8823/providers/Microsoft.Network/virtualNetworks/vnet369915847a8a\",\r\n  \"etag\": \"W/\\\"38a63d40-ed58-4b61-8301-5ab52c0b6be8\\\"\",\r\n  \"type\": \"Microsoft.Network/virtualNetworks\",\r\n  \"location\": \"eastus\",\r\n  \"tags\": {},\r\n  \"properties\": {\r\n    \"provisioningState\": \"Updating\",\r\n    \"resourceGuid\": \"add0f6ba-e8ac-400e-92ad-7b7a1e8f975f\",\r\n    \"addressSpace\": {\r\n      \"addressPrefixes\": [\r\n        \"10.0.0.0/28\"\r\n      ]\r\n    },\r\n    \"dhcpOptions\": {\r\n      \"dnsServers\": []\r\n    },\r\n    \"subnets\": [\r\n      {\r\n        \"name\": \"subnet1\",\r\n        \"id\": \"/subscriptions/0b1f6471-1bf0-4dda-aec3-cb9272f09590/resourceGroups/rgfluentchash-8823/providers/Microsoft.Network/virtualNetworks/vnet369915847a8a/subnets/subnet1\",\r\n        \"etag\": \"W/\\\"38a63d40-ed58-4b61-8301-5ab52c0b6be8\\\"\",\r\n        \"properties\": {\r\n          \"provisioningState\": \"Updating\",\r\n          \"addressPrefix\": \"10.0.0.0/28\"\r\n        }\r\n      }\r\n    ],\r\n    \"virtualNetworkPeerings\": [],\r\n    \"enableDdosProtection\": false,\r\n    \"enableVmProtection\": false\r\n  }\r\n}",
      "ResponseHeaders": {
        "Content-Length": [
          "1149"
        ],
        "Content-Type": [
          "application/json; charset=utf-8"
        ],
        "Expires": [
          "-1"
        ],
        "Cache-Control": [
          "no-cache"
        ],
        "Date": [
          "Mon, 16 Apr 2018 17:44:37 GMT"
        ],
        "Pragma": [
          "no-cache"
        ],
        "Retry-After": [
          "3"
        ],
        "Server": [
          "Microsoft-HTTPAPI/2.0",
          "Microsoft-HTTPAPI/2.0"
        ],
        "x-ms-request-id": [
          "5eb40054-a580-4d47-bdbd-42c589bf25df"
        ],
        "Azure-AsyncOperation": [
          "https://management.azure.com/subscriptions/0b1f6471-1bf0-4dda-aec3-cb9272f09590/providers/Microsoft.Network/locations/eastus/operations/5eb40054-a580-4d47-bdbd-42c589bf25df?api-version=2018-02-01"
        ],
        "Strict-Transport-Security": [
          "max-age=31536000; includeSubDomains"
        ],
        "x-ms-ratelimit-remaining-subscription-writes": [
          "1198"
        ],
        "x-ms-correlation-request-id": [
          "f9d9007b-eed8-4f82-a345-494134d3dbbf"
        ],
        "x-ms-routing-request-id": [
          "WESTUS2:20180416T174438Z:f9d9007b-eed8-4f82-a345-494134d3dbbf"
        ],
        "X-Content-Type-Options": [
          "nosniff"
        ]
      },
      "StatusCode": 201
    },
    {
      "RequestUri": "/subscriptions/0b1f6471-1bf0-4dda-aec3-cb9272f09590/resourceGroups/rgfluentchash-8823/providers/Microsoft.Storage/storageAccounts/stga9603837c91?api-version=2017-10-01",
      "EncodedRequestUri": "L3N1YnNjcmlwdGlvbnMvMGIxZjY0NzEtMWJmMC00ZGRhLWFlYzMtY2I5MjcyZjA5NTkwL3Jlc291cmNlR3JvdXBzL3JnZmx1ZW50Y2hhc2gtODgyMy9wcm92aWRlcnMvTWljcm9zb2Z0LlN0b3JhZ2Uvc3RvcmFnZUFjY291bnRzL3N0Z2E5NjAzODM3YzkxP2FwaS12ZXJzaW9uPTIwMTctMTAtMDE=",
      "RequestMethod": "PUT",
      "RequestBody": "{\r\n  \"sku\": {\r\n    \"name\": \"Standard_GRS\"\r\n  },\r\n  \"kind\": \"Storage\",\r\n  \"location\": \"eastus\",\r\n  \"tags\": {}\r\n}",
      "RequestHeaders": {
        "Content-Type": [
          "application/json; charset=utf-8"
        ],
        "Content-Length": [
          "111"
        ],
        "x-ms-client-request-id": [
          "c161f742-7969-4cc7-a74a-1a4e065cf348"
        ],
        "accept-language": [
          "en-US"
        ],
        "User-Agent": [
          "FxVersion/4.6.25211.01",
          "Microsoft.Azure.Management.Storage.Fluent.StorageManagementClient/1.8.0.0",
          "MacAddressHash/1a7db1f3023c8cc9a72984005b4db786d257d09f868c7e111d4bf514b71b7890"
        ]
      },
      "ResponseBody": "",
      "ResponseHeaders": {
        "Content-Length": [
          "0"
        ],
        "Content-Type": [
          "text/plain; charset=utf-8"
        ],
        "Expires": [
          "-1"
        ],
        "Cache-Control": [
          "no-cache"
        ],
        "Date": [
          "Mon, 16 Apr 2018 17:44:38 GMT"
        ],
        "Pragma": [
          "no-cache"
        ],
        "Location": [
          "https://management.azure.com/subscriptions/0b1f6471-1bf0-4dda-aec3-cb9272f09590/providers/Microsoft.Storage/locations/eastus/asyncoperations/b6448596-7701-4ff2-9017-1038003e018b?monitor=true&api-version=2017-10-01"
        ],
        "Retry-After": [
          "17"
        ],
        "Server": [
          "Microsoft-Azure-Storage-Resource-Provider/1.0,Microsoft-HTTPAPI/2.0 Microsoft-HTTPAPI/2.0"
        ],
        "x-ms-request-id": [
          "b6448596-7701-4ff2-9017-1038003e018b"
        ],
        "Strict-Transport-Security": [
          "max-age=31536000; includeSubDomains"
        ],
        "x-ms-ratelimit-remaining-subscription-writes": [
          "1195"
        ],
        "x-ms-correlation-request-id": [
          "935aebe9-ae4e-4b74-a6f5-d1f27bfd09c5"
        ],
        "x-ms-routing-request-id": [
          "WESTUS2:20180416T174438Z:935aebe9-ae4e-4b74-a6f5-d1f27bfd09c5"
        ],
        "X-Content-Type-Options": [
          "nosniff"
        ]
      },
      "StatusCode": 202
    },
    {
      "RequestUri": "/subscriptions/0b1f6471-1bf0-4dda-aec3-cb9272f09590/resourceGroups/rgfluentchash-8823/providers/Microsoft.Network/publicIPAddresses/pip58211cb1?api-version=2018-02-01",
      "EncodedRequestUri": "L3N1YnNjcmlwdGlvbnMvMGIxZjY0NzEtMWJmMC00ZGRhLWFlYzMtY2I5MjcyZjA5NTkwL3Jlc291cmNlR3JvdXBzL3JnZmx1ZW50Y2hhc2gtODgyMy9wcm92aWRlcnMvTWljcm9zb2Z0Lk5ldHdvcmsvcHVibGljSVBBZGRyZXNzZXMvcGlwNTgyMTFjYjE/YXBpLXZlcnNpb249MjAxOC0wMi0wMQ==",
      "RequestMethod": "PUT",
      "RequestBody": "{\r\n  \"properties\": {\r\n    \"dnsSettings\": {\r\n      \"domainNameLabel\": \"pipb76200794299\"\r\n    }\r\n  },\r\n  \"location\": \"eastus\",\r\n  \"tags\": {}\r\n}",
      "RequestHeaders": {
        "Content-Type": [
          "application/json; charset=utf-8"
        ],
        "Content-Length": [
          "141"
        ],
        "x-ms-client-request-id": [
          "5532efc2-da55-422e-8efc-0079708a577e"
        ],
        "accept-language": [
          "en-US"
        ],
        "User-Agent": [
          "FxVersion/4.6.25211.01",
          "Microsoft.Azure.Management.Network.Fluent.NetworkManagementClient/1.8.0.0",
          "MacAddressHash/1a7db1f3023c8cc9a72984005b4db786d257d09f868c7e111d4bf514b71b7890"
        ]
      },
      "ResponseBody": "{\r\n  \"name\": \"pip58211cb1\",\r\n  \"id\": \"/subscriptions/0b1f6471-1bf0-4dda-aec3-cb9272f09590/resourceGroups/rgfluentchash-8823/providers/Microsoft.Network/publicIPAddresses/pip58211cb1\",\r\n  \"etag\": \"W/\\\"f45bdcc2-a817-4ba2-a1aa-6211a592c1cf\\\"\",\r\n  \"location\": \"eastus\",\r\n  \"tags\": {},\r\n  \"properties\": {\r\n    \"provisioningState\": \"Updating\",\r\n    \"resourceGuid\": \"b6945330-e3d1-4732-aca9-3412c8012300\",\r\n    \"publicIPAddressVersion\": \"IPv4\",\r\n    \"publicIPAllocationMethod\": \"Dynamic\",\r\n    \"idleTimeoutInMinutes\": 4,\r\n    \"dnsSettings\": {\r\n      \"domainNameLabel\": \"pipb76200794299\",\r\n      \"fqdn\": \"pipb76200794299.eastus.cloudapp.azure.com\"\r\n    },\r\n    \"ipTags\": []\r\n  },\r\n  \"type\": \"Microsoft.Network/publicIPAddresses\",\r\n  \"sku\": {\r\n    \"name\": \"Basic\",\r\n    \"tier\": \"Regional\"\r\n  }\r\n}",
      "ResponseHeaders": {
        "Content-Length": [
          "787"
        ],
        "Content-Type": [
          "application/json; charset=utf-8"
        ],
        "Expires": [
          "-1"
        ],
        "Cache-Control": [
          "no-cache"
        ],
        "Date": [
          "Mon, 16 Apr 2018 17:44:38 GMT"
        ],
        "Pragma": [
          "no-cache"
        ],
        "Retry-After": [
          "3"
        ],
        "Server": [
          "Microsoft-HTTPAPI/2.0",
          "Microsoft-HTTPAPI/2.0"
        ],
        "x-ms-request-id": [
          "296f1e4a-c7ca-49a5-a858-ca61ac6fd899"
        ],
        "Azure-AsyncOperation": [
          "https://management.azure.com/subscriptions/0b1f6471-1bf0-4dda-aec3-cb9272f09590/providers/Microsoft.Network/locations/eastus/operations/296f1e4a-c7ca-49a5-a858-ca61ac6fd899?api-version=2018-02-01"
        ],
        "Strict-Transport-Security": [
          "max-age=31536000; includeSubDomains"
        ],
        "x-ms-ratelimit-remaining-subscription-writes": [
          "1199"
        ],
        "x-ms-correlation-request-id": [
          "f7be5dfb-da44-45ec-8fdd-414d59ea3c22"
        ],
        "x-ms-routing-request-id": [
          "WESTUS2:20180416T174439Z:f7be5dfb-da44-45ec-8fdd-414d59ea3c22"
        ],
        "X-Content-Type-Options": [
          "nosniff"
        ]
      },
      "StatusCode": 201
    },
    {
      "RequestUri": "/subscriptions/0b1f6471-1bf0-4dda-aec3-cb9272f09590/providers/Microsoft.Network/locations/eastus/operations/5eb40054-a580-4d47-bdbd-42c589bf25df?api-version=2018-02-01",
      "EncodedRequestUri": "L3N1YnNjcmlwdGlvbnMvMGIxZjY0NzEtMWJmMC00ZGRhLWFlYzMtY2I5MjcyZjA5NTkwL3Byb3ZpZGVycy9NaWNyb3NvZnQuTmV0d29yay9sb2NhdGlvbnMvZWFzdHVzL29wZXJhdGlvbnMvNWViNDAwNTQtYTU4MC00ZDQ3LWJkYmQtNDJjNTg5YmYyNWRmP2FwaS12ZXJzaW9uPTIwMTgtMDItMDE=",
      "RequestMethod": "GET",
      "RequestBody": "",
      "RequestHeaders": {
        "User-Agent": [
          "FxVersion/4.6.25211.01",
          "Microsoft.Azure.Management.Network.Fluent.NetworkManagementClient/1.8.0.0",
          "MacAddressHash/1a7db1f3023c8cc9a72984005b4db786d257d09f868c7e111d4bf514b71b7890"
        ]
      },
      "ResponseBody": "{\r\n  \"status\": \"InProgress\"\r\n}",
      "ResponseHeaders": {
        "Content-Type": [
          "application/json; charset=utf-8"
        ],
        "Expires": [
          "-1"
        ],
        "Cache-Control": [
          "no-cache"
        ],
        "Date": [
          "Mon, 16 Apr 2018 17:44:48 GMT"
        ],
        "Pragma": [
          "no-cache"
        ],
        "Transfer-Encoding": [
          "chunked"
        ],
        "Retry-After": [
          "10"
        ],
        "Server": [
          "Microsoft-HTTPAPI/2.0",
          "Microsoft-HTTPAPI/2.0"
        ],
        "Vary": [
          "Accept-Encoding"
        ],
        "x-ms-request-id": [
          "1883d656-3da0-42e2-9338-49d2b0dd3883"
        ],
        "Strict-Transport-Security": [
          "max-age=31536000; includeSubDomains"
        ],
        "x-ms-ratelimit-remaining-subscription-reads": [
          "14997"
        ],
        "x-ms-correlation-request-id": [
          "0a8402e7-238d-45c0-91f3-456c6078c178"
        ],
        "x-ms-routing-request-id": [
          "WESTUS2:20180416T174448Z:0a8402e7-238d-45c0-91f3-456c6078c178"
        ],
        "X-Content-Type-Options": [
          "nosniff"
        ]
      },
      "StatusCode": 200
    },
    {
      "RequestUri": "/subscriptions/0b1f6471-1bf0-4dda-aec3-cb9272f09590/providers/Microsoft.Network/locations/eastus/operations/5eb40054-a580-4d47-bdbd-42c589bf25df?api-version=2018-02-01",
      "EncodedRequestUri": "L3N1YnNjcmlwdGlvbnMvMGIxZjY0NzEtMWJmMC00ZGRhLWFlYzMtY2I5MjcyZjA5NTkwL3Byb3ZpZGVycy9NaWNyb3NvZnQuTmV0d29yay9sb2NhdGlvbnMvZWFzdHVzL29wZXJhdGlvbnMvNWViNDAwNTQtYTU4MC00ZDQ3LWJkYmQtNDJjNTg5YmYyNWRmP2FwaS12ZXJzaW9uPTIwMTgtMDItMDE=",
      "RequestMethod": "GET",
      "RequestBody": "",
      "RequestHeaders": {
        "User-Agent": [
          "FxVersion/4.6.25211.01",
          "Microsoft.Azure.Management.Network.Fluent.NetworkManagementClient/1.8.0.0",
          "MacAddressHash/1a7db1f3023c8cc9a72984005b4db786d257d09f868c7e111d4bf514b71b7890"
        ]
      },
      "ResponseBody": "{\r\n  \"status\": \"Succeeded\"\r\n}",
      "ResponseHeaders": {
        "Content-Type": [
          "application/json; charset=utf-8"
        ],
        "Expires": [
          "-1"
        ],
        "Cache-Control": [
          "no-cache"
        ],
        "Date": [
          "Mon, 16 Apr 2018 17:44:58 GMT"
        ],
        "Pragma": [
          "no-cache"
        ],
        "Transfer-Encoding": [
          "chunked"
        ],
        "Server": [
          "Microsoft-HTTPAPI/2.0",
          "Microsoft-HTTPAPI/2.0"
        ],
        "Vary": [
          "Accept-Encoding"
        ],
        "x-ms-request-id": [
          "db19954f-d40d-463b-8090-5f2877e0ebf8"
        ],
        "Strict-Transport-Security": [
          "max-age=31536000; includeSubDomains"
        ],
        "x-ms-ratelimit-remaining-subscription-reads": [
          "14995"
        ],
        "x-ms-correlation-request-id": [
          "deb72c35-4169-4081-b028-65091b458cdb"
        ],
        "x-ms-routing-request-id": [
          "WESTUS2:20180416T174459Z:deb72c35-4169-4081-b028-65091b458cdb"
        ],
        "X-Content-Type-Options": [
          "nosniff"
        ]
      },
      "StatusCode": 200
    },
    {
      "RequestUri": "/subscriptions/0b1f6471-1bf0-4dda-aec3-cb9272f09590/providers/Microsoft.Network/locations/eastus/operations/296f1e4a-c7ca-49a5-a858-ca61ac6fd899?api-version=2018-02-01",
      "EncodedRequestUri": "L3N1YnNjcmlwdGlvbnMvMGIxZjY0NzEtMWJmMC00ZGRhLWFlYzMtY2I5MjcyZjA5NTkwL3Byb3ZpZGVycy9NaWNyb3NvZnQuTmV0d29yay9sb2NhdGlvbnMvZWFzdHVzL29wZXJhdGlvbnMvMjk2ZjFlNGEtYzdjYS00OWE1LWE4NTgtY2E2MWFjNmZkODk5P2FwaS12ZXJzaW9uPTIwMTgtMDItMDE=",
      "RequestMethod": "GET",
      "RequestBody": "",
      "RequestHeaders": {
        "User-Agent": [
          "FxVersion/4.6.25211.01",
          "Microsoft.Azure.Management.Network.Fluent.NetworkManagementClient/1.8.0.0",
          "MacAddressHash/1a7db1f3023c8cc9a72984005b4db786d257d09f868c7e111d4bf514b71b7890"
        ]
      },
      "ResponseBody": "{\r\n  \"status\": \"Succeeded\"\r\n}",
      "ResponseHeaders": {
        "Content-Type": [
          "application/json; charset=utf-8"
        ],
        "Expires": [
          "-1"
        ],
        "Cache-Control": [
          "no-cache"
        ],
        "Date": [
          "Mon, 16 Apr 2018 17:44:48 GMT"
        ],
        "Pragma": [
          "no-cache"
        ],
        "Transfer-Encoding": [
          "chunked"
        ],
        "Server": [
          "Microsoft-HTTPAPI/2.0",
          "Microsoft-HTTPAPI/2.0"
        ],
        "Vary": [
          "Accept-Encoding"
        ],
        "x-ms-request-id": [
          "b1f9893c-1348-44b8-b57e-e1b153c2f5f3"
        ],
        "Strict-Transport-Security": [
          "max-age=31536000; includeSubDomains"
        ],
        "x-ms-ratelimit-remaining-subscription-reads": [
          "14986"
        ],
        "x-ms-correlation-request-id": [
          "850faf01-b985-4d81-9403-e65d6d213276"
        ],
        "x-ms-routing-request-id": [
          "WESTUS2:20180416T174449Z:850faf01-b985-4d81-9403-e65d6d213276"
        ],
        "X-Content-Type-Options": [
          "nosniff"
        ]
      },
      "StatusCode": 200
    },
    {
      "RequestUri": "/subscriptions/0b1f6471-1bf0-4dda-aec3-cb9272f09590/resourceGroups/rgfluentchash-8823/providers/Microsoft.Network/publicIPAddresses/pip58211cb1?api-version=2018-02-01",
      "EncodedRequestUri": "L3N1YnNjcmlwdGlvbnMvMGIxZjY0NzEtMWJmMC00ZGRhLWFlYzMtY2I5MjcyZjA5NTkwL3Jlc291cmNlR3JvdXBzL3JnZmx1ZW50Y2hhc2gtODgyMy9wcm92aWRlcnMvTWljcm9zb2Z0Lk5ldHdvcmsvcHVibGljSVBBZGRyZXNzZXMvcGlwNTgyMTFjYjE/YXBpLXZlcnNpb249MjAxOC0wMi0wMQ==",
      "RequestMethod": "GET",
      "RequestBody": "",
      "RequestHeaders": {
        "User-Agent": [
          "FxVersion/4.6.25211.01",
          "Microsoft.Azure.Management.Network.Fluent.NetworkManagementClient/1.8.0.0",
          "MacAddressHash/1a7db1f3023c8cc9a72984005b4db786d257d09f868c7e111d4bf514b71b7890"
        ]
      },
      "ResponseBody": "{\r\n  \"name\": \"pip58211cb1\",\r\n  \"id\": \"/subscriptions/0b1f6471-1bf0-4dda-aec3-cb9272f09590/resourceGroups/rgfluentchash-8823/providers/Microsoft.Network/publicIPAddresses/pip58211cb1\",\r\n  \"etag\": \"W/\\\"52843742-98f0-45f2-9711-a4a99c665712\\\"\",\r\n  \"location\": \"eastus\",\r\n  \"tags\": {},\r\n  \"properties\": {\r\n    \"provisioningState\": \"Succeeded\",\r\n    \"resourceGuid\": \"b6945330-e3d1-4732-aca9-3412c8012300\",\r\n    \"publicIPAddressVersion\": \"IPv4\",\r\n    \"publicIPAllocationMethod\": \"Dynamic\",\r\n    \"idleTimeoutInMinutes\": 4,\r\n    \"dnsSettings\": {\r\n      \"domainNameLabel\": \"pipb76200794299\",\r\n      \"fqdn\": \"pipb76200794299.eastus.cloudapp.azure.com\"\r\n    },\r\n    \"ipTags\": []\r\n  },\r\n  \"type\": \"Microsoft.Network/publicIPAddresses\",\r\n  \"sku\": {\r\n    \"name\": \"Basic\",\r\n    \"tier\": \"Regional\"\r\n  }\r\n}",
      "ResponseHeaders": {
        "Content-Type": [
          "application/json; charset=utf-8"
        ],
        "Expires": [
          "-1"
        ],
        "Cache-Control": [
          "no-cache"
        ],
        "Date": [
          "Mon, 16 Apr 2018 17:44:49 GMT"
        ],
        "Pragma": [
          "no-cache"
        ],
        "Transfer-Encoding": [
          "chunked"
        ],
        "ETag": [
          "W/\"52843742-98f0-45f2-9711-a4a99c665712\""
        ],
        "Server": [
          "Microsoft-HTTPAPI/2.0",
          "Microsoft-HTTPAPI/2.0"
        ],
        "Vary": [
          "Accept-Encoding"
        ],
        "x-ms-request-id": [
          "bc4e139b-5c6c-4547-b061-10ba678cd9a4"
        ],
        "Strict-Transport-Security": [
          "max-age=31536000; includeSubDomains"
        ],
        "x-ms-ratelimit-remaining-subscription-reads": [
          "14997"
        ],
        "x-ms-correlation-request-id": [
          "9c1e7123-e70e-4f5d-a004-90cf244ab6c3"
        ],
        "x-ms-routing-request-id": [
          "WESTUS2:20180416T174449Z:9c1e7123-e70e-4f5d-a004-90cf244ab6c3"
        ],
        "X-Content-Type-Options": [
          "nosniff"
        ]
      },
      "StatusCode": 200
    },
    {
      "RequestUri": "/subscriptions/0b1f6471-1bf0-4dda-aec3-cb9272f09590/resourceGroups/rgfluentchash-8823/providers/Microsoft.Network/publicIPAddresses/pip58211cb1?api-version=2018-02-01",
      "EncodedRequestUri": "L3N1YnNjcmlwdGlvbnMvMGIxZjY0NzEtMWJmMC00ZGRhLWFlYzMtY2I5MjcyZjA5NTkwL3Jlc291cmNlR3JvdXBzL3JnZmx1ZW50Y2hhc2gtODgyMy9wcm92aWRlcnMvTWljcm9zb2Z0Lk5ldHdvcmsvcHVibGljSVBBZGRyZXNzZXMvcGlwNTgyMTFjYjE/YXBpLXZlcnNpb249MjAxOC0wMi0wMQ==",
      "RequestMethod": "GET",
      "RequestBody": "",
      "RequestHeaders": {
        "x-ms-client-request-id": [
          "0536419c-d1f7-4800-aed7-f2030a735fa3"
        ],
        "accept-language": [
          "en-US"
        ],
        "User-Agent": [
          "FxVersion/4.6.25211.01",
          "Microsoft.Azure.Management.Network.Fluent.NetworkManagementClient/1.8.0.0",
          "MacAddressHash/1a7db1f3023c8cc9a72984005b4db786d257d09f868c7e111d4bf514b71b7890"
        ]
      },
      "ResponseBody": "{\r\n  \"name\": \"pip58211cb1\",\r\n  \"id\": \"/subscriptions/0b1f6471-1bf0-4dda-aec3-cb9272f09590/resourceGroups/rgfluentchash-8823/providers/Microsoft.Network/publicIPAddresses/pip58211cb1\",\r\n  \"etag\": \"W/\\\"43a2e913-8d5d-4374-aead-43fa9375cb0a\\\"\",\r\n  \"location\": \"eastus\",\r\n  \"tags\": {},\r\n  \"properties\": {\r\n    \"provisioningState\": \"Succeeded\",\r\n    \"resourceGuid\": \"b6945330-e3d1-4732-aca9-3412c8012300\",\r\n    \"ipAddress\": \"52.226.74.62\",\r\n    \"publicIPAddressVersion\": \"IPv4\",\r\n    \"publicIPAllocationMethod\": \"Dynamic\",\r\n    \"idleTimeoutInMinutes\": 4,\r\n    \"dnsSettings\": {\r\n      \"domainNameLabel\": \"pipb76200794299\",\r\n      \"fqdn\": \"pipb76200794299.eastus.cloudapp.azure.com\"\r\n    },\r\n    \"ipTags\": [],\r\n    \"ipConfiguration\": {\r\n      \"id\": \"/subscriptions/0b1f6471-1bf0-4dda-aec3-cb9272f09590/resourceGroups/rgfluentchash-8823/providers/Microsoft.Network/networkInterfaces/nic93249884ada/ipConfigurations/primary\"\r\n    }\r\n  },\r\n  \"type\": \"Microsoft.Network/publicIPAddresses\",\r\n  \"sku\": {\r\n    \"name\": \"Basic\",\r\n    \"tier\": \"Regional\"\r\n  }\r\n}",
      "ResponseHeaders": {
        "Content-Type": [
          "application/json; charset=utf-8"
        ],
        "Expires": [
          "-1"
        ],
        "Cache-Control": [
          "no-cache"
        ],
        "Date": [
          "Mon, 16 Apr 2018 17:49:07 GMT"
        ],
        "Pragma": [
          "no-cache"
        ],
        "Transfer-Encoding": [
          "chunked"
        ],
        "ETag": [
          "W/\"43a2e913-8d5d-4374-aead-43fa9375cb0a\""
        ],
        "Server": [
          "Microsoft-HTTPAPI/2.0",
          "Microsoft-HTTPAPI/2.0"
        ],
        "Vary": [
          "Accept-Encoding"
        ],
        "x-ms-request-id": [
          "8cf61c20-1404-4d49-9ac8-48cf5e7c6739"
        ],
        "Strict-Transport-Security": [
          "max-age=31536000; includeSubDomains"
        ],
        "x-ms-ratelimit-remaining-subscription-reads": [
          "14987"
        ],
        "x-ms-correlation-request-id": [
          "97aaa01e-dbf3-4aff-8b5b-8ce6570e64e9"
        ],
        "x-ms-routing-request-id": [
          "WESTUS2:20180416T174908Z:97aaa01e-dbf3-4aff-8b5b-8ce6570e64e9"
        ],
        "X-Content-Type-Options": [
          "nosniff"
        ]
      },
      "StatusCode": 200
    },
    {
      "RequestUri": "/subscriptions/0b1f6471-1bf0-4dda-aec3-cb9272f09590/providers/Microsoft.Storage/locations/eastus/asyncoperations/b6448596-7701-4ff2-9017-1038003e018b?monitor=true&api-version=2017-10-01",
      "EncodedRequestUri": "L3N1YnNjcmlwdGlvbnMvMGIxZjY0NzEtMWJmMC00ZGRhLWFlYzMtY2I5MjcyZjA5NTkwL3Byb3ZpZGVycy9NaWNyb3NvZnQuU3RvcmFnZS9sb2NhdGlvbnMvZWFzdHVzL2FzeW5jb3BlcmF0aW9ucy9iNjQ0ODU5Ni03NzAxLTRmZjItOTAxNy0xMDM4MDAzZTAxOGI/bW9uaXRvcj10cnVlJmFwaS12ZXJzaW9uPTIwMTctMTAtMDE=",
      "RequestMethod": "GET",
      "RequestBody": "",
      "RequestHeaders": {
        "User-Agent": [
          "FxVersion/4.6.25211.01",
          "Microsoft.Azure.Management.Storage.Fluent.StorageManagementClient/1.8.0.0",
          "MacAddressHash/1a7db1f3023c8cc9a72984005b4db786d257d09f868c7e111d4bf514b71b7890"
        ]
      },
      "ResponseBody": "{\r\n  \"sku\": {\r\n    \"name\": \"Standard_GRS\",\r\n    \"tier\": \"Standard\"\r\n  },\r\n  \"kind\": \"Storage\",\r\n  \"id\": \"/subscriptions/0b1f6471-1bf0-4dda-aec3-cb9272f09590/resourceGroups/rgfluentchash-8823/providers/Microsoft.Storage/storageAccounts/stga9603837c91\",\r\n  \"name\": \"stga9603837c91\",\r\n  \"type\": \"Microsoft.Storage/storageAccounts\",\r\n  \"location\": \"eastus\",\r\n  \"tags\": {},\r\n  \"properties\": {\r\n    \"networkAcls\": {\r\n      \"bypass\": \"AzureServices\",\r\n      \"virtualNetworkRules\": [],\r\n      \"ipRules\": [],\r\n      \"defaultAction\": \"Allow\"\r\n    },\r\n    \"trustedDirectories\": [\r\n      \"54826b22-38d6-4fb2-bad9-b7b93a3e9c5a\"\r\n    ],\r\n    \"supportsHttpsTrafficOnly\": false,\r\n    \"encryption\": {\r\n      \"services\": {\r\n        \"file\": {\r\n          \"enabled\": true,\r\n          \"lastEnabledTime\": \"2018-04-16T17:44:38.4622414Z\"\r\n        },\r\n        \"blob\": {\r\n          \"enabled\": true,\r\n          \"lastEnabledTime\": \"2018-04-16T17:44:38.4622414Z\"\r\n        }\r\n      },\r\n      \"keySource\": \"Microsoft.Storage\"\r\n    },\r\n    \"provisioningState\": \"Succeeded\",\r\n    \"creationTime\": \"2018-04-16T17:44:38.3997327Z\",\r\n    \"primaryEndpoints\": {\r\n      \"blob\": \"https://stga9603837c91.blob.core.windows.net/\",\r\n      \"queue\": \"https://stga9603837c91.queue.core.windows.net/\",\r\n      \"table\": \"https://stga9603837c91.table.core.windows.net/\",\r\n      \"file\": \"https://stga9603837c91.file.core.windows.net/\"\r\n    },\r\n    \"primaryLocation\": \"eastus\",\r\n    \"statusOfPrimary\": \"available\",\r\n    \"secondaryLocation\": \"westus\",\r\n    \"statusOfSecondary\": \"available\"\r\n  }\r\n}",
      "ResponseHeaders": {
        "Content-Type": [
          "application/json"
        ],
        "Expires": [
          "-1"
        ],
        "Cache-Control": [
          "no-cache"
        ],
        "Date": [
          "Mon, 16 Apr 2018 17:44:56 GMT"
        ],
        "Pragma": [
          "no-cache"
        ],
        "Transfer-Encoding": [
          "chunked"
        ],
        "Server": [
          "Microsoft-Azure-Storage-Resource-Provider/1.0,Microsoft-HTTPAPI/2.0 Microsoft-HTTPAPI/2.0"
        ],
        "Vary": [
          "Accept-Encoding"
        ],
        "x-ms-request-id": [
          "6a3a0c9d-4816-48e1-b4a2-8ffc8ddd0f76"
        ],
        "Strict-Transport-Security": [
          "max-age=31536000; includeSubDomains"
        ],
        "x-ms-ratelimit-remaining-subscription-reads": [
          "14996"
        ],
        "x-ms-correlation-request-id": [
          "71009cf5-3270-4bc7-b086-7e4e3257d945"
        ],
        "x-ms-routing-request-id": [
          "WESTUS2:20180416T174456Z:71009cf5-3270-4bc7-b086-7e4e3257d945"
        ],
        "X-Content-Type-Options": [
          "nosniff"
        ]
      },
      "StatusCode": 200
    },
    {
      "RequestUri": "/subscriptions/0b1f6471-1bf0-4dda-aec3-cb9272f09590/resourceGroups/rgfluentchash-8823/providers/Microsoft.Storage/storageAccounts/stga9603837c91?api-version=2017-10-01",
      "EncodedRequestUri": "L3N1YnNjcmlwdGlvbnMvMGIxZjY0NzEtMWJmMC00ZGRhLWFlYzMtY2I5MjcyZjA5NTkwL3Jlc291cmNlR3JvdXBzL3JnZmx1ZW50Y2hhc2gtODgyMy9wcm92aWRlcnMvTWljcm9zb2Z0LlN0b3JhZ2Uvc3RvcmFnZUFjY291bnRzL3N0Z2E5NjAzODM3YzkxP2FwaS12ZXJzaW9uPTIwMTctMTAtMDE=",
      "RequestMethod": "GET",
      "RequestBody": "",
      "RequestHeaders": {
        "x-ms-client-request-id": [
          "e9d61ca1-bea2-48e6-9a53-328a5b1daa31"
        ],
        "accept-language": [
          "en-US"
        ],
        "User-Agent": [
          "FxVersion/4.6.25211.01",
          "Microsoft.Azure.Management.Storage.Fluent.StorageManagementClient/1.8.0.0",
          "MacAddressHash/1a7db1f3023c8cc9a72984005b4db786d257d09f868c7e111d4bf514b71b7890"
        ]
      },
      "ResponseBody": "{\r\n  \"sku\": {\r\n    \"name\": \"Standard_GRS\",\r\n    \"tier\": \"Standard\"\r\n  },\r\n  \"kind\": \"Storage\",\r\n  \"id\": \"/subscriptions/0b1f6471-1bf0-4dda-aec3-cb9272f09590/resourceGroups/rgfluentchash-8823/providers/Microsoft.Storage/storageAccounts/stga9603837c91\",\r\n  \"name\": \"stga9603837c91\",\r\n  \"type\": \"Microsoft.Storage/storageAccounts\",\r\n  \"location\": \"eastus\",\r\n  \"tags\": {},\r\n  \"properties\": {\r\n    \"networkAcls\": {\r\n      \"bypass\": \"AzureServices\",\r\n      \"virtualNetworkRules\": [],\r\n      \"ipRules\": [],\r\n      \"defaultAction\": \"Allow\"\r\n    },\r\n    \"trustedDirectories\": [\r\n      \"54826b22-38d6-4fb2-bad9-b7b93a3e9c5a\"\r\n    ],\r\n    \"supportsHttpsTrafficOnly\": false,\r\n    \"encryption\": {\r\n      \"services\": {\r\n        \"file\": {\r\n          \"enabled\": true,\r\n          \"lastEnabledTime\": \"2018-04-16T17:44:38.4622414Z\"\r\n        },\r\n        \"blob\": {\r\n          \"enabled\": true,\r\n          \"lastEnabledTime\": \"2018-04-16T17:44:38.4622414Z\"\r\n        }\r\n      },\r\n      \"keySource\": \"Microsoft.Storage\"\r\n    },\r\n    \"provisioningState\": \"Succeeded\",\r\n    \"creationTime\": \"2018-04-16T17:44:38.3997327Z\",\r\n    \"primaryEndpoints\": {\r\n      \"blob\": \"https://stga9603837c91.blob.core.windows.net/\",\r\n      \"queue\": \"https://stga9603837c91.queue.core.windows.net/\",\r\n      \"table\": \"https://stga9603837c91.table.core.windows.net/\",\r\n      \"file\": \"https://stga9603837c91.file.core.windows.net/\"\r\n    },\r\n    \"primaryLocation\": \"eastus\",\r\n    \"statusOfPrimary\": \"available\",\r\n    \"secondaryLocation\": \"westus\",\r\n    \"statusOfSecondary\": \"available\"\r\n  }\r\n}",
      "ResponseHeaders": {
        "Content-Type": [
          "application/json"
        ],
        "Expires": [
          "-1"
        ],
        "Cache-Control": [
          "no-cache"
        ],
        "Date": [
          "Mon, 16 Apr 2018 17:44:55 GMT"
        ],
        "Pragma": [
          "no-cache"
        ],
        "Transfer-Encoding": [
          "chunked"
        ],
        "Server": [
          "Microsoft-Azure-Storage-Resource-Provider/1.0,Microsoft-HTTPAPI/2.0 Microsoft-HTTPAPI/2.0"
        ],
        "Vary": [
          "Accept-Encoding"
        ],
        "x-ms-request-id": [
          "69e409b8-1966-4392-93c0-25682a238eb5"
        ],
        "Strict-Transport-Security": [
          "max-age=31536000; includeSubDomains"
        ],
        "x-ms-ratelimit-remaining-subscription-reads": [
          "14985"
        ],
        "x-ms-correlation-request-id": [
          "8f908f1d-849b-4e8b-b940-ad19bd9a93a1"
        ],
        "x-ms-routing-request-id": [
          "WESTUS2:20180416T174456Z:8f908f1d-849b-4e8b-b940-ad19bd9a93a1"
        ],
        "X-Content-Type-Options": [
          "nosniff"
        ]
      },
      "StatusCode": 200
    },
    {
      "RequestUri": "/subscriptions/0b1f6471-1bf0-4dda-aec3-cb9272f09590/resourceGroups/rgfluentchash-8823/providers/Microsoft.Network/virtualNetworks/vnet369915847a8a?api-version=2018-02-01",
      "EncodedRequestUri": "L3N1YnNjcmlwdGlvbnMvMGIxZjY0NzEtMWJmMC00ZGRhLWFlYzMtY2I5MjcyZjA5NTkwL3Jlc291cmNlR3JvdXBzL3JnZmx1ZW50Y2hhc2gtODgyMy9wcm92aWRlcnMvTWljcm9zb2Z0Lk5ldHdvcmsvdmlydHVhbE5ldHdvcmtzL3ZuZXQzNjk5MTU4NDdhOGE/YXBpLXZlcnNpb249MjAxOC0wMi0wMQ==",
      "RequestMethod": "GET",
      "RequestBody": "",
      "RequestHeaders": {
        "User-Agent": [
          "FxVersion/4.6.25211.01",
          "Microsoft.Azure.Management.Network.Fluent.NetworkManagementClient/1.8.0.0",
          "MacAddressHash/1a7db1f3023c8cc9a72984005b4db786d257d09f868c7e111d4bf514b71b7890"
        ]
      },
      "ResponseBody": "{\r\n  \"name\": \"vnet369915847a8a\",\r\n  \"id\": \"/subscriptions/0b1f6471-1bf0-4dda-aec3-cb9272f09590/resourceGroups/rgfluentchash-8823/providers/Microsoft.Network/virtualNetworks/vnet369915847a8a\",\r\n  \"etag\": \"W/\\\"0c279e84-ada3-4e36-a0e2-0c99d78d3fa6\\\"\",\r\n  \"type\": \"Microsoft.Network/virtualNetworks\",\r\n  \"location\": \"eastus\",\r\n  \"tags\": {},\r\n  \"properties\": {\r\n    \"provisioningState\": \"Succeeded\",\r\n    \"resourceGuid\": \"add0f6ba-e8ac-400e-92ad-7b7a1e8f975f\",\r\n    \"addressSpace\": {\r\n      \"addressPrefixes\": [\r\n        \"10.0.0.0/28\"\r\n      ]\r\n    },\r\n    \"dhcpOptions\": {\r\n      \"dnsServers\": []\r\n    },\r\n    \"subnets\": [\r\n      {\r\n        \"name\": \"subnet1\",\r\n        \"id\": \"/subscriptions/0b1f6471-1bf0-4dda-aec3-cb9272f09590/resourceGroups/rgfluentchash-8823/providers/Microsoft.Network/virtualNetworks/vnet369915847a8a/subnets/subnet1\",\r\n        \"etag\": \"W/\\\"0c279e84-ada3-4e36-a0e2-0c99d78d3fa6\\\"\",\r\n        \"properties\": {\r\n          \"provisioningState\": \"Succeeded\",\r\n          \"addressPrefix\": \"10.0.0.0/28\"\r\n        }\r\n      }\r\n    ],\r\n    \"virtualNetworkPeerings\": [],\r\n    \"enableDdosProtection\": false,\r\n    \"enableVmProtection\": false\r\n  }\r\n}",
      "ResponseHeaders": {
        "Content-Type": [
          "application/json; charset=utf-8"
        ],
        "Expires": [
          "-1"
        ],
        "Cache-Control": [
          "no-cache"
        ],
        "Date": [
          "Mon, 16 Apr 2018 17:44:59 GMT"
        ],
        "Pragma": [
          "no-cache"
        ],
        "Transfer-Encoding": [
          "chunked"
        ],
        "ETag": [
          "W/\"0c279e84-ada3-4e36-a0e2-0c99d78d3fa6\""
        ],
        "Server": [
          "Microsoft-HTTPAPI/2.0",
          "Microsoft-HTTPAPI/2.0"
        ],
        "Vary": [
          "Accept-Encoding"
        ],
        "x-ms-request-id": [
          "09c5c2db-d16d-45ea-906f-28453b29e4f5"
        ],
        "Strict-Transport-Security": [
          "max-age=31536000; includeSubDomains"
        ],
        "x-ms-ratelimit-remaining-subscription-reads": [
          "14995"
        ],
        "x-ms-correlation-request-id": [
          "40ab83de-e960-41fe-bab1-2a26eb5ff45f"
        ],
        "x-ms-routing-request-id": [
          "WESTUS2:20180416T174459Z:40ab83de-e960-41fe-bab1-2a26eb5ff45f"
        ],
        "X-Content-Type-Options": [
          "nosniff"
        ]
      },
      "StatusCode": 200
    },
    {
      "RequestUri": "/subscriptions/0b1f6471-1bf0-4dda-aec3-cb9272f09590/resourceGroups/rgfluentchash-8823/providers/Microsoft.Network/networkInterfaces/nic93249884ada?api-version=2018-02-01",
      "EncodedRequestUri": "L3N1YnNjcmlwdGlvbnMvMGIxZjY0NzEtMWJmMC00ZGRhLWFlYzMtY2I5MjcyZjA5NTkwL3Jlc291cmNlR3JvdXBzL3JnZmx1ZW50Y2hhc2gtODgyMy9wcm92aWRlcnMvTWljcm9zb2Z0Lk5ldHdvcmsvbmV0d29ya0ludGVyZmFjZXMvbmljOTMyNDk4ODRhZGE/YXBpLXZlcnNpb249MjAxOC0wMi0wMQ==",
      "RequestMethod": "PUT",
      "RequestBody": "{\r\n  \"properties\": {\r\n    \"ipConfigurations\": [\r\n      {\r\n        \"properties\": {\r\n          \"privateIPAllocationMethod\": \"Dynamic\",\r\n          \"subnet\": {\r\n            \"id\": \"/subscriptions/0b1f6471-1bf0-4dda-aec3-cb9272f09590/resourceGroups/rgfluentchash-8823/providers/Microsoft.Network/virtualNetworks/vnet369915847a8a/subnets/subnet1\"\r\n          },\r\n          \"primary\": true,\r\n          \"publicIPAddress\": {\r\n            \"id\": \"/subscriptions/0b1f6471-1bf0-4dda-aec3-cb9272f09590/resourceGroups/rgfluentchash-8823/providers/Microsoft.Network/publicIPAddresses/pip58211cb1\"\r\n          }\r\n        },\r\n        \"name\": \"primary\"\r\n      }\r\n    ],\r\n    \"dnsSettings\": {}\r\n  },\r\n  \"location\": \"eastus\",\r\n  \"tags\": {}\r\n}",
      "RequestHeaders": {
        "Content-Type": [
          "application/json; charset=utf-8"
        ],
        "Content-Length": [
          "718"
        ],
        "x-ms-client-request-id": [
          "392600d6-2fc8-4391-a597-708428d8d6de"
        ],
        "accept-language": [
          "en-US"
        ],
        "User-Agent": [
          "FxVersion/4.6.25211.01",
          "Microsoft.Azure.Management.Network.Fluent.NetworkManagementClient/1.8.0.0",
          "MacAddressHash/1a7db1f3023c8cc9a72984005b4db786d257d09f868c7e111d4bf514b71b7890"
        ]
      },
      "ResponseBody": "{\r\n  \"name\": \"nic93249884ada\",\r\n  \"id\": \"/subscriptions/0b1f6471-1bf0-4dda-aec3-cb9272f09590/resourceGroups/rgfluentchash-8823/providers/Microsoft.Network/networkInterfaces/nic93249884ada\",\r\n  \"etag\": \"W/\\\"da0c35a6-aefe-452a-8896-b257a0b4cb8b\\\"\",\r\n  \"location\": \"eastus\",\r\n  \"tags\": {},\r\n  \"properties\": {\r\n    \"provisioningState\": \"Succeeded\",\r\n    \"resourceGuid\": \"0daa8dba-b64d-4914-b476-0d00d7295204\",\r\n    \"ipConfigurations\": [\r\n      {\r\n        \"name\": \"primary\",\r\n        \"id\": \"/subscriptions/0b1f6471-1bf0-4dda-aec3-cb9272f09590/resourceGroups/rgfluentchash-8823/providers/Microsoft.Network/networkInterfaces/nic93249884ada/ipConfigurations/primary\",\r\n        \"etag\": \"W/\\\"da0c35a6-aefe-452a-8896-b257a0b4cb8b\\\"\",\r\n        \"properties\": {\r\n          \"provisioningState\": \"Succeeded\",\r\n          \"privateIPAddress\": \"10.0.0.4\",\r\n          \"privateIPAllocationMethod\": \"Dynamic\",\r\n          \"publicIPAddress\": {\r\n            \"id\": \"/subscriptions/0b1f6471-1bf0-4dda-aec3-cb9272f09590/resourceGroups/rgfluentchash-8823/providers/Microsoft.Network/publicIPAddresses/pip58211cb1\"\r\n          },\r\n          \"subnet\": {\r\n            \"id\": \"/subscriptions/0b1f6471-1bf0-4dda-aec3-cb9272f09590/resourceGroups/rgfluentchash-8823/providers/Microsoft.Network/virtualNetworks/vnet369915847a8a/subnets/subnet1\"\r\n          },\r\n          \"primary\": true,\r\n          \"privateIPAddressVersion\": \"IPv4\",\r\n          \"isInUseWithService\": false\r\n        }\r\n      }\r\n    ],\r\n    \"dnsSettings\": {\r\n      \"dnsServers\": [],\r\n      \"appliedDnsServers\": [],\r\n      \"internalDomainNameSuffix\": \"xl1nblnm3ahebevnpn3b3d2xlh.bx.internal.cloudapp.net\"\r\n    },\r\n    \"enableAcceleratedNetworking\": false,\r\n    \"enableIPForwarding\": false,\r\n    \"virtualNetworkTapProvisioningState\": \"NotProvisioned\"\r\n  },\r\n  \"type\": \"Microsoft.Network/networkInterfaces\"\r\n}",
      "ResponseHeaders": {
        "Content-Length": [
          "1830"
        ],
        "Content-Type": [
          "application/json; charset=utf-8"
        ],
        "Expires": [
          "-1"
        ],
        "Cache-Control": [
          "no-cache"
        ],
        "Date": [
          "Mon, 16 Apr 2018 17:44:59 GMT"
        ],
        "Pragma": [
          "no-cache"
        ],
        "Server": [
          "Microsoft-HTTPAPI/2.0",
          "Microsoft-HTTPAPI/2.0"
        ],
        "x-ms-request-id": [
          "cf157fae-042b-4337-8b13-ba962fb13c86"
        ],
        "Azure-AsyncOperation": [
          "https://management.azure.com/subscriptions/0b1f6471-1bf0-4dda-aec3-cb9272f09590/providers/Microsoft.Network/locations/eastus/operations/cf157fae-042b-4337-8b13-ba962fb13c86?api-version=2018-02-01"
        ],
        "Strict-Transport-Security": [
          "max-age=31536000; includeSubDomains"
        ],
        "x-ms-ratelimit-remaining-subscription-writes": [
          "1194"
        ],
        "x-ms-correlation-request-id": [
          "9f591a71-5ad2-4369-a83a-e7bd94a9818b"
        ],
        "x-ms-routing-request-id": [
          "WESTUS2:20180416T174500Z:9f591a71-5ad2-4369-a83a-e7bd94a9818b"
        ],
        "X-Content-Type-Options": [
          "nosniff"
        ]
      },
      "StatusCode": 201
    },
    {
      "RequestUri": "/subscriptions/0b1f6471-1bf0-4dda-aec3-cb9272f09590/resourceGroups/rgfluentchash-8823/providers/Microsoft.Network/networkInterfaces/nic93249884ada?api-version=2018-02-01",
      "EncodedRequestUri": "L3N1YnNjcmlwdGlvbnMvMGIxZjY0NzEtMWJmMC00ZGRhLWFlYzMtY2I5MjcyZjA5NTkwL3Jlc291cmNlR3JvdXBzL3JnZmx1ZW50Y2hhc2gtODgyMy9wcm92aWRlcnMvTWljcm9zb2Z0Lk5ldHdvcmsvbmV0d29ya0ludGVyZmFjZXMvbmljOTMyNDk4ODRhZGE/YXBpLXZlcnNpb249MjAxOC0wMi0wMQ==",
      "RequestMethod": "GET",
      "RequestBody": "",
      "RequestHeaders": {
        "User-Agent": [
          "FxVersion/4.6.25211.01",
          "Microsoft.Azure.Management.Network.Fluent.NetworkManagementClient/1.8.0.0",
          "MacAddressHash/1a7db1f3023c8cc9a72984005b4db786d257d09f868c7e111d4bf514b71b7890"
        ]
      },
      "ResponseBody": "{\r\n  \"name\": \"nic93249884ada\",\r\n  \"id\": \"/subscriptions/0b1f6471-1bf0-4dda-aec3-cb9272f09590/resourceGroups/rgfluentchash-8823/providers/Microsoft.Network/networkInterfaces/nic93249884ada\",\r\n  \"etag\": \"W/\\\"da0c35a6-aefe-452a-8896-b257a0b4cb8b\\\"\",\r\n  \"location\": \"eastus\",\r\n  \"tags\": {},\r\n  \"properties\": {\r\n    \"provisioningState\": \"Succeeded\",\r\n    \"resourceGuid\": \"0daa8dba-b64d-4914-b476-0d00d7295204\",\r\n    \"ipConfigurations\": [\r\n      {\r\n        \"name\": \"primary\",\r\n        \"id\": \"/subscriptions/0b1f6471-1bf0-4dda-aec3-cb9272f09590/resourceGroups/rgfluentchash-8823/providers/Microsoft.Network/networkInterfaces/nic93249884ada/ipConfigurations/primary\",\r\n        \"etag\": \"W/\\\"da0c35a6-aefe-452a-8896-b257a0b4cb8b\\\"\",\r\n        \"properties\": {\r\n          \"provisioningState\": \"Succeeded\",\r\n          \"privateIPAddress\": \"10.0.0.4\",\r\n          \"privateIPAllocationMethod\": \"Dynamic\",\r\n          \"publicIPAddress\": {\r\n            \"id\": \"/subscriptions/0b1f6471-1bf0-4dda-aec3-cb9272f09590/resourceGroups/rgfluentchash-8823/providers/Microsoft.Network/publicIPAddresses/pip58211cb1\"\r\n          },\r\n          \"subnet\": {\r\n            \"id\": \"/subscriptions/0b1f6471-1bf0-4dda-aec3-cb9272f09590/resourceGroups/rgfluentchash-8823/providers/Microsoft.Network/virtualNetworks/vnet369915847a8a/subnets/subnet1\"\r\n          },\r\n          \"primary\": true,\r\n          \"privateIPAddressVersion\": \"IPv4\",\r\n          \"isInUseWithService\": false\r\n        }\r\n      }\r\n    ],\r\n    \"dnsSettings\": {\r\n      \"dnsServers\": [],\r\n      \"appliedDnsServers\": [],\r\n      \"internalDomainNameSuffix\": \"xl1nblnm3ahebevnpn3b3d2xlh.bx.internal.cloudapp.net\"\r\n    },\r\n    \"enableAcceleratedNetworking\": false,\r\n    \"enableIPForwarding\": false,\r\n    \"virtualNetworkTapProvisioningState\": \"NotProvisioned\"\r\n  },\r\n  \"type\": \"Microsoft.Network/networkInterfaces\"\r\n}",
      "ResponseHeaders": {
        "Content-Type": [
          "application/json; charset=utf-8"
        ],
        "Expires": [
          "-1"
        ],
        "Cache-Control": [
          "no-cache"
        ],
        "Date": [
          "Mon, 16 Apr 2018 17:45:00 GMT"
        ],
        "Pragma": [
          "no-cache"
        ],
        "Transfer-Encoding": [
          "chunked"
        ],
        "ETag": [
          "W/\"da0c35a6-aefe-452a-8896-b257a0b4cb8b\""
        ],
        "Server": [
          "Microsoft-HTTPAPI/2.0",
          "Microsoft-HTTPAPI/2.0"
        ],
        "Vary": [
          "Accept-Encoding"
        ],
        "x-ms-request-id": [
          "c095c582-65ab-461d-8f0a-2fb30b41196b"
        ],
        "Strict-Transport-Security": [
          "max-age=31536000; includeSubDomains"
        ],
        "x-ms-ratelimit-remaining-subscription-reads": [
          "14994"
        ],
        "x-ms-correlation-request-id": [
          "d4eb44ae-7a4a-43cc-ad64-ed97318a043f"
        ],
        "x-ms-routing-request-id": [
          "WESTUS2:20180416T174500Z:d4eb44ae-7a4a-43cc-ad64-ed97318a043f"
        ],
        "X-Content-Type-Options": [
          "nosniff"
        ]
      },
      "StatusCode": 200
    },
    {
      "RequestUri": "/subscriptions/0b1f6471-1bf0-4dda-aec3-cb9272f09590/resourceGroups/rgfluentchash-8823/providers/Microsoft.Network/networkInterfaces/nic93249884ada?api-version=2018-02-01",
      "EncodedRequestUri": "L3N1YnNjcmlwdGlvbnMvMGIxZjY0NzEtMWJmMC00ZGRhLWFlYzMtY2I5MjcyZjA5NTkwL3Jlc291cmNlR3JvdXBzL3JnZmx1ZW50Y2hhc2gtODgyMy9wcm92aWRlcnMvTWljcm9zb2Z0Lk5ldHdvcmsvbmV0d29ya0ludGVyZmFjZXMvbmljOTMyNDk4ODRhZGE/YXBpLXZlcnNpb249MjAxOC0wMi0wMQ==",
      "RequestMethod": "GET",
      "RequestBody": "",
      "RequestHeaders": {
        "x-ms-client-request-id": [
          "621094e2-432e-4d3d-b412-5183bec9c404"
        ],
        "accept-language": [
          "en-US"
        ],
        "User-Agent": [
          "FxVersion/4.6.25211.01",
          "Microsoft.Azure.Management.Network.Fluent.NetworkManagementClient/1.8.0.0",
          "MacAddressHash/1a7db1f3023c8cc9a72984005b4db786d257d09f868c7e111d4bf514b71b7890"
        ]
      },
      "ResponseBody": "{\r\n  \"name\": \"nic93249884ada\",\r\n  \"id\": \"/subscriptions/0b1f6471-1bf0-4dda-aec3-cb9272f09590/resourceGroups/rgfluentchash-8823/providers/Microsoft.Network/networkInterfaces/nic93249884ada\",\r\n  \"etag\": \"W/\\\"79997c54-0c60-4927-aff3-e222ef4ff169\\\"\",\r\n  \"location\": \"eastus\",\r\n  \"tags\": {},\r\n  \"properties\": {\r\n    \"provisioningState\": \"Succeeded\",\r\n    \"resourceGuid\": \"0daa8dba-b64d-4914-b476-0d00d7295204\",\r\n    \"ipConfigurations\": [\r\n      {\r\n        \"name\": \"primary\",\r\n        \"id\": \"/subscriptions/0b1f6471-1bf0-4dda-aec3-cb9272f09590/resourceGroups/rgfluentchash-8823/providers/Microsoft.Network/networkInterfaces/nic93249884ada/ipConfigurations/primary\",\r\n        \"etag\": \"W/\\\"79997c54-0c60-4927-aff3-e222ef4ff169\\\"\",\r\n        \"properties\": {\r\n          \"provisioningState\": \"Succeeded\",\r\n          \"privateIPAddress\": \"10.0.0.4\",\r\n          \"privateIPAllocationMethod\": \"Dynamic\",\r\n          \"publicIPAddress\": {\r\n            \"id\": \"/subscriptions/0b1f6471-1bf0-4dda-aec3-cb9272f09590/resourceGroups/rgfluentchash-8823/providers/Microsoft.Network/publicIPAddresses/pip58211cb1\"\r\n          },\r\n          \"subnet\": {\r\n            \"id\": \"/subscriptions/0b1f6471-1bf0-4dda-aec3-cb9272f09590/resourceGroups/rgfluentchash-8823/providers/Microsoft.Network/virtualNetworks/vnet369915847a8a/subnets/subnet1\"\r\n          },\r\n          \"primary\": true,\r\n          \"privateIPAddressVersion\": \"IPv4\",\r\n          \"isInUseWithService\": false\r\n        }\r\n      }\r\n    ],\r\n    \"dnsSettings\": {\r\n      \"dnsServers\": [],\r\n      \"appliedDnsServers\": [],\r\n      \"internalDomainNameSuffix\": \"xl1nblnm3ahebevnpn3b3d2xlh.bx.internal.cloudapp.net\"\r\n    },\r\n    \"macAddress\": \"00-0D-3A-12-0C-92\",\r\n    \"enableAcceleratedNetworking\": false,\r\n    \"enableIPForwarding\": false,\r\n    \"primary\": true,\r\n    \"virtualMachine\": {\r\n      \"id\": \"/subscriptions/0b1f6471-1bf0-4dda-aec3-cb9272f09590/resourceGroups/rgfluentchash-8823/providers/Microsoft.Compute/virtualMachines/vm67-aa937989a67\"\r\n    },\r\n    \"virtualNetworkTapProvisioningState\": \"NotProvisioned\"\r\n  },\r\n  \"type\": \"Microsoft.Network/networkInterfaces\"\r\n}",
      "ResponseHeaders": {
        "Content-Type": [
          "application/json; charset=utf-8"
        ],
        "Expires": [
          "-1"
        ],
        "Cache-Control": [
          "no-cache"
        ],
        "Date": [
          "Mon, 16 Apr 2018 17:49:07 GMT"
        ],
        "Pragma": [
          "no-cache"
        ],
        "Transfer-Encoding": [
          "chunked"
        ],
        "ETag": [
          "W/\"79997c54-0c60-4927-aff3-e222ef4ff169\""
        ],
        "Server": [
          "Microsoft-HTTPAPI/2.0",
          "Microsoft-HTTPAPI/2.0"
        ],
        "Vary": [
          "Accept-Encoding"
        ],
        "x-ms-request-id": [
          "e03f59ee-56cc-4bd3-ab88-8ccbb5c78603"
        ],
        "Strict-Transport-Security": [
          "max-age=31536000; includeSubDomains"
        ],
        "x-ms-ratelimit-remaining-subscription-reads": [
          "14978"
        ],
        "x-ms-correlation-request-id": [
          "1db7821f-8106-46b2-9490-89a2209f4dfe"
        ],
        "x-ms-routing-request-id": [
          "WESTUS2:20180416T174907Z:1db7821f-8106-46b2-9490-89a2209f4dfe"
        ],
        "X-Content-Type-Options": [
          "nosniff"
        ]
      },
      "StatusCode": 200
    },
    {
      "RequestUri": "/subscriptions/0b1f6471-1bf0-4dda-aec3-cb9272f09590/resourceGroups/rgfluentchash-8823/providers/Microsoft.Compute/virtualMachines/vm67-aa937989a67?api-version=2017-12-01",
      "EncodedRequestUri": "L3N1YnNjcmlwdGlvbnMvMGIxZjY0NzEtMWJmMC00ZGRhLWFlYzMtY2I5MjcyZjA5NTkwL3Jlc291cmNlR3JvdXBzL3JnZmx1ZW50Y2hhc2gtODgyMy9wcm92aWRlcnMvTWljcm9zb2Z0LkNvbXB1dGUvdmlydHVhbE1hY2hpbmVzL3ZtNjctYWE5Mzc5ODlhNjc/YXBpLXZlcnNpb249MjAxNy0xMi0wMQ==",
      "RequestMethod": "PUT",
      "RequestBody": "{\r\n  \"properties\": {\r\n    \"hardwareProfile\": {\r\n      \"vmSize\": \"Standard_D5_v2\"\r\n    },\r\n    \"storageProfile\": {\r\n      \"imageReference\": {\r\n        \"publisher\": \"Canonical\",\r\n        \"offer\": \"UbuntuServer\",\r\n        \"sku\": \"16.04.0-LTS\",\r\n        \"version\": \"latest\"\r\n      },\r\n      \"osDisk\": {\r\n        \"name\": \"vm67-aa937989a67-os-disk\",\r\n        \"vhd\": {\r\n          \"uri\": \"https://stga9603837c91.blob.core.windows.net/vhds/vm67-aa937989a67-os-disk-37036d2b-a1a8-4944-ba3c-9d8f0462e9c0.Vhd\"\r\n        },\r\n        \"caching\": \"ReadWrite\",\r\n        \"createOption\": \"FromImage\"\r\n      },\r\n      \"dataDisks\": [\r\n        {\r\n          \"lun\": 0,\r\n          \"name\": \"disk-1\",\r\n          \"vhd\": {\r\n            \"uri\": \"https://stga9603837c91.blob.core.windows.net/vhds/vm67-aa937989a67-data-disk-0-23ff5311-339a-4bae-b903-f0faa88b24ad.Vhd\"\r\n          },\r\n          \"caching\": \"ReadWrite\",\r\n          \"createOption\": \"Empty\",\r\n          \"diskSizeGB\": 30\r\n        },\r\n        {\r\n          \"lun\": 1,\r\n          \"name\": \"disk-2\",\r\n          \"vhd\": {\r\n            \"uri\": \"https://stga9603837c91.blob.core.windows.net/vhds/vm67-aa937989a67-data-disk-1-e7043829-79ef-44cc-a386-3aeccebc2891.Vhd\"\r\n          },\r\n          \"caching\": \"ReadOnly\",\r\n          \"createOption\": \"Empty\",\r\n          \"diskSizeGB\": 60\r\n        }\r\n      ]\r\n    },\r\n    \"osProfile\": {\r\n      \"computerName\": \"vm81f95009dc\",\r\n      \"adminUsername\": \"javauser\",\r\n      \"adminPassword\": \"12NewPA$$w0rd!\",\r\n      \"linuxConfiguration\": {\r\n        \"disablePasswordAuthentication\": false\r\n      }\r\n    },\r\n    \"networkProfile\": {\r\n      \"networkInterfaces\": [\r\n        {\r\n          \"properties\": {\r\n            \"primary\": true\r\n          },\r\n          \"id\": \"/subscriptions/0b1f6471-1bf0-4dda-aec3-cb9272f09590/resourceGroups/rgfluentchash-8823/providers/Microsoft.Network/networkInterfaces/nic93249884ada\"\r\n        }\r\n      ]\r\n    }\r\n  },\r\n  \"location\": \"eastus\",\r\n  \"tags\": {}\r\n}",
      "RequestHeaders": {
        "Content-Type": [
          "application/json; charset=utf-8"
        ],
        "Content-Length": [
          "1932"
        ],
        "x-ms-client-request-id": [
          "471f21a1-218e-4c6f-aa21-9b76cd37d5f4"
        ],
        "accept-language": [
          "en-US"
        ],
        "User-Agent": [
          "FxVersion/4.6.25211.01",
          "Microsoft.Azure.Management.Compute.Fluent.ComputeManagementClient/1.8.0.0",
          "MacAddressHash/1a7db1f3023c8cc9a72984005b4db786d257d09f868c7e111d4bf514b71b7890"
        ]
      },
      "ResponseBody": "{\r\n  \"properties\": {\r\n    \"vmId\": \"bbaee614-c026-42ed-8682-c228393d3170\",\r\n    \"hardwareProfile\": {\r\n      \"vmSize\": \"Standard_D5_v2\"\r\n    },\r\n    \"storageProfile\": {\r\n      \"imageReference\": {\r\n        \"publisher\": \"Canonical\",\r\n        \"offer\": \"UbuntuServer\",\r\n        \"sku\": \"16.04.0-LTS\",\r\n        \"version\": \"latest\"\r\n      },\r\n      \"osDisk\": {\r\n        \"osType\": \"Linux\",\r\n        \"name\": \"vm67-aa937989a67-os-disk\",\r\n        \"createOption\": \"FromImage\",\r\n        \"vhd\": {\r\n          \"uri\": \"https://stga9603837c91.blob.core.windows.net/vhds/vm67-aa937989a67-os-disk-37036d2b-a1a8-4944-ba3c-9d8f0462e9c0.Vhd\"\r\n        },\r\n        \"caching\": \"ReadWrite\"\r\n      },\r\n      \"dataDisks\": [\r\n        {\r\n          \"lun\": 0,\r\n          \"name\": \"disk-1\",\r\n          \"createOption\": \"Empty\",\r\n          \"vhd\": {\r\n            \"uri\": \"https://stga9603837c91.blob.core.windows.net/vhds/vm67-aa937989a67-data-disk-0-23ff5311-339a-4bae-b903-f0faa88b24ad.Vhd\"\r\n          },\r\n          \"caching\": \"ReadWrite\",\r\n          \"diskSizeGB\": 30\r\n        },\r\n        {\r\n          \"lun\": 1,\r\n          \"name\": \"disk-2\",\r\n          \"createOption\": \"Empty\",\r\n          \"vhd\": {\r\n            \"uri\": \"https://stga9603837c91.blob.core.windows.net/vhds/vm67-aa937989a67-data-disk-1-e7043829-79ef-44cc-a386-3aeccebc2891.Vhd\"\r\n          },\r\n          \"caching\": \"ReadOnly\",\r\n          \"diskSizeGB\": 60\r\n        }\r\n      ]\r\n    },\r\n    \"osProfile\": {\r\n      \"computerName\": \"vm81f95009dc\",\r\n      \"adminUsername\": \"javauser\",\r\n      \"linuxConfiguration\": {\r\n        \"disablePasswordAuthentication\": false\r\n      },\r\n      \"secrets\": []\r\n    },\r\n    \"networkProfile\": {\r\n      \"networkInterfaces\": [\r\n        {\r\n          \"id\": \"/subscriptions/0b1f6471-1bf0-4dda-aec3-cb9272f09590/resourceGroups/rgfluentchash-8823/providers/Microsoft.Network/networkInterfaces/nic93249884ada\",\r\n          \"properties\": {\r\n            \"primary\": true\r\n          }\r\n        }\r\n      ]\r\n    },\r\n    \"provisioningState\": \"Creating\"\r\n  },\r\n  \"type\": \"Microsoft.Compute/virtualMachines\",\r\n  \"location\": \"eastus\",\r\n  \"tags\": {},\r\n  \"id\": \"/subscriptions/0b1f6471-1bf0-4dda-aec3-cb9272f09590/resourceGroups/rgfluentchash-8823/providers/Microsoft.Compute/virtualMachines/vm67-aa937989a67\",\r\n  \"name\": \"vm67-aa937989a67\"\r\n}",
      "ResponseHeaders": {
        "Content-Length": [
          "2173"
        ],
        "Content-Type": [
          "application/json; charset=utf-8"
        ],
        "Expires": [
          "-1"
        ],
        "Cache-Control": [
          "no-cache"
        ],
        "Date": [
          "Mon, 16 Apr 2018 17:45:01 GMT"
        ],
        "Pragma": [
          "no-cache"
        ],
        "Retry-After": [
          "10"
        ],
        "Server": [
          "Microsoft-HTTPAPI/2.0",
          "Microsoft-HTTPAPI/2.0"
        ],
        "Azure-AsyncOperation": [
          "https://management.azure.com/subscriptions/0b1f6471-1bf0-4dda-aec3-cb9272f09590/providers/Microsoft.Compute/locations/eastus/operations/b3ab6186-3e22-41c5-bd6f-3f7791ea4f66?api-version=2017-12-01"
        ],
        "x-ms-ratelimit-remaining-resource": [
          "Microsoft.Compute/PutVM3Min;239,Microsoft.Compute/PutVM30Min;1195"
        ],
        "Strict-Transport-Security": [
          "max-age=31536000; includeSubDomains"
        ],
        "x-ms-served-by": [
          "54253b73-cb53-496f-ab42-5e5ee19426f8_131681049397523582"
        ],
        "x-ms-request-id": [
          "b3ab6186-3e22-41c5-bd6f-3f7791ea4f66"
        ],
        "x-ms-ratelimit-remaining-subscription-writes": [
          "1197"
        ],
        "x-ms-correlation-request-id": [
          "2b6954ee-79d4-43bd-88ae-137afa6025c4"
        ],
        "x-ms-routing-request-id": [
          "WESTUS2:20180416T174502Z:2b6954ee-79d4-43bd-88ae-137afa6025c4"
        ],
        "X-Content-Type-Options": [
          "nosniff"
        ]
      },
      "StatusCode": 201
    },
    {
      "RequestUri": "/subscriptions/0b1f6471-1bf0-4dda-aec3-cb9272f09590/providers/Microsoft.Compute/locations/eastus/operations/b3ab6186-3e22-41c5-bd6f-3f7791ea4f66?api-version=2017-12-01",
      "EncodedRequestUri": "L3N1YnNjcmlwdGlvbnMvMGIxZjY0NzEtMWJmMC00ZGRhLWFlYzMtY2I5MjcyZjA5NTkwL3Byb3ZpZGVycy9NaWNyb3NvZnQuQ29tcHV0ZS9sb2NhdGlvbnMvZWFzdHVzL29wZXJhdGlvbnMvYjNhYjYxODYtM2UyMi00MWM1LWJkNmYtM2Y3NzkxZWE0ZjY2P2FwaS12ZXJzaW9uPTIwMTctMTItMDE=",
      "RequestMethod": "GET",
      "RequestBody": "",
      "RequestHeaders": {
        "User-Agent": [
          "FxVersion/4.6.25211.01",
          "Microsoft.Azure.Management.Compute.Fluent.ComputeManagementClient/1.8.0.0",
          "MacAddressHash/1a7db1f3023c8cc9a72984005b4db786d257d09f868c7e111d4bf514b71b7890"
        ]
      },
      "ResponseBody": "{\r\n  \"startTime\": \"2018-04-16T10:45:01.457528-07:00\",\r\n  \"status\": \"InProgress\",\r\n  \"name\": \"b3ab6186-3e22-41c5-bd6f-3f7791ea4f66\"\r\n}",
      "ResponseHeaders": {
        "Content-Type": [
          "application/json; charset=utf-8"
        ],
        "Expires": [
          "-1"
        ],
        "Cache-Control": [
          "no-cache"
        ],
        "Date": [
          "Mon, 16 Apr 2018 17:45:19 GMT"
        ],
        "Pragma": [
          "no-cache"
        ],
        "Transfer-Encoding": [
          "chunked"
        ],
        "Server": [
          "Microsoft-HTTPAPI/2.0",
          "Microsoft-HTTPAPI/2.0"
        ],
        "Vary": [
          "Accept-Encoding"
        ],
        "x-ms-ratelimit-remaining-resource": [
          "Microsoft.Compute/GetOperation3Min;14995,Microsoft.Compute/GetOperation30Min;29862"
        ],
        "Strict-Transport-Security": [
          "max-age=31536000; includeSubDomains"
        ],
        "x-ms-served-by": [
          "54253b73-cb53-496f-ab42-5e5ee19426f8_131681049397523582"
        ],
        "x-ms-request-id": [
          "bbd8b11d-819f-4dc5-8d1c-d4391f71c3c1"
        ],
        "x-ms-ratelimit-remaining-subscription-reads": [
          "14984"
        ],
        "x-ms-correlation-request-id": [
          "53703931-ad93-4a18-860f-3d832fb0bd36"
        ],
        "x-ms-routing-request-id": [
          "WESTUS2:20180416T174519Z:53703931-ad93-4a18-860f-3d832fb0bd36"
        ],
        "X-Content-Type-Options": [
          "nosniff"
        ]
      },
      "StatusCode": 200
    },
    {
      "RequestUri": "/subscriptions/0b1f6471-1bf0-4dda-aec3-cb9272f09590/providers/Microsoft.Compute/locations/eastus/operations/b3ab6186-3e22-41c5-bd6f-3f7791ea4f66?api-version=2017-12-01",
      "EncodedRequestUri": "L3N1YnNjcmlwdGlvbnMvMGIxZjY0NzEtMWJmMC00ZGRhLWFlYzMtY2I5MjcyZjA5NTkwL3Byb3ZpZGVycy9NaWNyb3NvZnQuQ29tcHV0ZS9sb2NhdGlvbnMvZWFzdHVzL29wZXJhdGlvbnMvYjNhYjYxODYtM2UyMi00MWM1LWJkNmYtM2Y3NzkxZWE0ZjY2P2FwaS12ZXJzaW9uPTIwMTctMTItMDE=",
      "RequestMethod": "GET",
      "RequestBody": "",
      "RequestHeaders": {
        "User-Agent": [
          "FxVersion/4.6.25211.01",
          "Microsoft.Azure.Management.Compute.Fluent.ComputeManagementClient/1.8.0.0",
          "MacAddressHash/1a7db1f3023c8cc9a72984005b4db786d257d09f868c7e111d4bf514b71b7890"
        ]
      },
      "ResponseBody": "{\r\n  \"startTime\": \"2018-04-16T10:45:01.457528-07:00\",\r\n  \"status\": \"InProgress\",\r\n  \"name\": \"b3ab6186-3e22-41c5-bd6f-3f7791ea4f66\"\r\n}",
      "ResponseHeaders": {
        "Content-Type": [
          "application/json; charset=utf-8"
        ],
        "Expires": [
          "-1"
        ],
        "Cache-Control": [
          "no-cache"
        ],
        "Date": [
          "Mon, 16 Apr 2018 17:45:28 GMT"
        ],
        "Pragma": [
          "no-cache"
        ],
        "Transfer-Encoding": [
          "chunked"
        ],
        "Server": [
          "Microsoft-HTTPAPI/2.0",
          "Microsoft-HTTPAPI/2.0"
        ],
        "Vary": [
          "Accept-Encoding"
        ],
        "x-ms-ratelimit-remaining-resource": [
          "Microsoft.Compute/GetOperation3Min;14994,Microsoft.Compute/GetOperation30Min;29861"
        ],
        "Strict-Transport-Security": [
          "max-age=31536000; includeSubDomains"
        ],
        "x-ms-served-by": [
          "54253b73-cb53-496f-ab42-5e5ee19426f8_131681049397523582"
        ],
        "x-ms-request-id": [
          "1b0b33d7-89d4-46eb-8c67-99c43b30d21a"
        ],
        "x-ms-ratelimit-remaining-subscription-reads": [
          "14993"
        ],
        "x-ms-correlation-request-id": [
          "918b8ead-f215-47ca-933e-9334cf8123c2"
        ],
        "x-ms-routing-request-id": [
          "WESTUS2:20180416T174529Z:918b8ead-f215-47ca-933e-9334cf8123c2"
        ],
        "X-Content-Type-Options": [
          "nosniff"
        ]
      },
      "StatusCode": 200
    },
    {
      "RequestUri": "/subscriptions/0b1f6471-1bf0-4dda-aec3-cb9272f09590/providers/Microsoft.Compute/locations/eastus/operations/b3ab6186-3e22-41c5-bd6f-3f7791ea4f66?api-version=2017-12-01",
      "EncodedRequestUri": "L3N1YnNjcmlwdGlvbnMvMGIxZjY0NzEtMWJmMC00ZGRhLWFlYzMtY2I5MjcyZjA5NTkwL3Byb3ZpZGVycy9NaWNyb3NvZnQuQ29tcHV0ZS9sb2NhdGlvbnMvZWFzdHVzL29wZXJhdGlvbnMvYjNhYjYxODYtM2UyMi00MWM1LWJkNmYtM2Y3NzkxZWE0ZjY2P2FwaS12ZXJzaW9uPTIwMTctMTItMDE=",
      "RequestMethod": "GET",
      "RequestBody": "",
      "RequestHeaders": {
        "User-Agent": [
          "FxVersion/4.6.25211.01",
          "Microsoft.Azure.Management.Compute.Fluent.ComputeManagementClient/1.8.0.0",
          "MacAddressHash/1a7db1f3023c8cc9a72984005b4db786d257d09f868c7e111d4bf514b71b7890"
        ]
      },
      "ResponseBody": "{\r\n  \"startTime\": \"2018-04-16T10:45:01.457528-07:00\",\r\n  \"status\": \"InProgress\",\r\n  \"name\": \"b3ab6186-3e22-41c5-bd6f-3f7791ea4f66\"\r\n}",
      "ResponseHeaders": {
        "Content-Type": [
          "application/json; charset=utf-8"
        ],
        "Expires": [
          "-1"
        ],
        "Cache-Control": [
          "no-cache"
        ],
        "Date": [
          "Mon, 16 Apr 2018 17:45:39 GMT"
        ],
        "Pragma": [
          "no-cache"
        ],
        "Transfer-Encoding": [
          "chunked"
        ],
        "Server": [
          "Microsoft-HTTPAPI/2.0",
          "Microsoft-HTTPAPI/2.0"
        ],
        "Vary": [
          "Accept-Encoding"
        ],
        "x-ms-ratelimit-remaining-resource": [
          "Microsoft.Compute/GetOperation3Min;14995,Microsoft.Compute/GetOperation30Min;29860"
        ],
        "Strict-Transport-Security": [
          "max-age=31536000; includeSubDomains"
        ],
        "x-ms-served-by": [
          "54253b73-cb53-496f-ab42-5e5ee19426f8_131681049397523582"
        ],
        "x-ms-request-id": [
          "2bc2152d-ed77-4d36-9ee9-1ba74b219ccf"
        ],
        "x-ms-ratelimit-remaining-subscription-reads": [
          "14994"
        ],
        "x-ms-correlation-request-id": [
          "e4f1f804-0914-449e-97c4-a13f83b9cc04"
        ],
        "x-ms-routing-request-id": [
          "WESTUS2:20180416T174539Z:e4f1f804-0914-449e-97c4-a13f83b9cc04"
        ],
        "X-Content-Type-Options": [
          "nosniff"
        ]
      },
      "StatusCode": 200
    },
    {
      "RequestUri": "/subscriptions/0b1f6471-1bf0-4dda-aec3-cb9272f09590/providers/Microsoft.Compute/locations/eastus/operations/b3ab6186-3e22-41c5-bd6f-3f7791ea4f66?api-version=2017-12-01",
      "EncodedRequestUri": "L3N1YnNjcmlwdGlvbnMvMGIxZjY0NzEtMWJmMC00ZGRhLWFlYzMtY2I5MjcyZjA5NTkwL3Byb3ZpZGVycy9NaWNyb3NvZnQuQ29tcHV0ZS9sb2NhdGlvbnMvZWFzdHVzL29wZXJhdGlvbnMvYjNhYjYxODYtM2UyMi00MWM1LWJkNmYtM2Y3NzkxZWE0ZjY2P2FwaS12ZXJzaW9uPTIwMTctMTItMDE=",
      "RequestMethod": "GET",
      "RequestBody": "",
      "RequestHeaders": {
        "User-Agent": [
          "FxVersion/4.6.25211.01",
          "Microsoft.Azure.Management.Compute.Fluent.ComputeManagementClient/1.8.0.0",
          "MacAddressHash/1a7db1f3023c8cc9a72984005b4db786d257d09f868c7e111d4bf514b71b7890"
        ]
      },
      "ResponseBody": "{\r\n  \"startTime\": \"2018-04-16T10:45:01.457528-07:00\",\r\n  \"status\": \"InProgress\",\r\n  \"name\": \"b3ab6186-3e22-41c5-bd6f-3f7791ea4f66\"\r\n}",
      "ResponseHeaders": {
        "Content-Type": [
          "application/json; charset=utf-8"
        ],
        "Expires": [
          "-1"
        ],
        "Cache-Control": [
          "no-cache"
        ],
        "Date": [
          "Mon, 16 Apr 2018 17:45:53 GMT"
        ],
        "Pragma": [
          "no-cache"
        ],
        "Transfer-Encoding": [
          "chunked"
        ],
        "Server": [
          "Microsoft-HTTPAPI/2.0",
          "Microsoft-HTTPAPI/2.0"
        ],
        "Vary": [
          "Accept-Encoding"
        ],
        "x-ms-ratelimit-remaining-resource": [
          "Microsoft.Compute/GetOperation3Min;14993,Microsoft.Compute/GetOperation30Min;29858"
        ],
        "Strict-Transport-Security": [
          "max-age=31536000; includeSubDomains"
        ],
        "x-ms-served-by": [
          "54253b73-cb53-496f-ab42-5e5ee19426f8_131681049397523582"
        ],
        "x-ms-request-id": [
          "3908011c-e294-4c65-8993-596fed0ab8be"
        ],
        "x-ms-ratelimit-remaining-subscription-reads": [
          "14983"
        ],
        "x-ms-correlation-request-id": [
          "82981f59-9b53-4f43-88d0-411a356eb770"
        ],
        "x-ms-routing-request-id": [
          "WESTUS2:20180416T174553Z:82981f59-9b53-4f43-88d0-411a356eb770"
        ],
        "X-Content-Type-Options": [
          "nosniff"
        ]
      },
      "StatusCode": 200
    },
    {
      "RequestUri": "/subscriptions/0b1f6471-1bf0-4dda-aec3-cb9272f09590/providers/Microsoft.Compute/locations/eastus/operations/b3ab6186-3e22-41c5-bd6f-3f7791ea4f66?api-version=2017-12-01",
      "EncodedRequestUri": "L3N1YnNjcmlwdGlvbnMvMGIxZjY0NzEtMWJmMC00ZGRhLWFlYzMtY2I5MjcyZjA5NTkwL3Byb3ZpZGVycy9NaWNyb3NvZnQuQ29tcHV0ZS9sb2NhdGlvbnMvZWFzdHVzL29wZXJhdGlvbnMvYjNhYjYxODYtM2UyMi00MWM1LWJkNmYtM2Y3NzkxZWE0ZjY2P2FwaS12ZXJzaW9uPTIwMTctMTItMDE=",
      "RequestMethod": "GET",
      "RequestBody": "",
      "RequestHeaders": {
        "User-Agent": [
          "FxVersion/4.6.25211.01",
          "Microsoft.Azure.Management.Compute.Fluent.ComputeManagementClient/1.8.0.0",
          "MacAddressHash/1a7db1f3023c8cc9a72984005b4db786d257d09f868c7e111d4bf514b71b7890"
        ]
      },
      "ResponseBody": "{\r\n  \"startTime\": \"2018-04-16T10:45:01.457528-07:00\",\r\n  \"status\": \"InProgress\",\r\n  \"name\": \"b3ab6186-3e22-41c5-bd6f-3f7791ea4f66\"\r\n}",
      "ResponseHeaders": {
        "Content-Type": [
          "application/json; charset=utf-8"
        ],
        "Expires": [
          "-1"
        ],
        "Cache-Control": [
          "no-cache"
        ],
        "Date": [
          "Mon, 16 Apr 2018 17:46:08 GMT"
        ],
        "Pragma": [
          "no-cache"
        ],
        "Transfer-Encoding": [
          "chunked"
        ],
        "Server": [
          "Microsoft-HTTPAPI/2.0",
          "Microsoft-HTTPAPI/2.0"
        ],
        "Vary": [
          "Accept-Encoding"
        ],
        "x-ms-ratelimit-remaining-resource": [
          "Microsoft.Compute/GetOperation3Min;14992,Microsoft.Compute/GetOperation30Min;29856"
        ],
        "Strict-Transport-Security": [
          "max-age=31536000; includeSubDomains"
        ],
        "x-ms-served-by": [
          "54253b73-cb53-496f-ab42-5e5ee19426f8_131681049397523582"
        ],
        "x-ms-request-id": [
          "49cf81e7-2d4d-436f-a964-4206027aa9a4"
        ],
        "x-ms-ratelimit-remaining-subscription-reads": [
          "14992"
        ],
        "x-ms-correlation-request-id": [
          "246310bf-25b6-4794-8a51-e6d3b31fc034"
        ],
        "x-ms-routing-request-id": [
          "WESTUS2:20180416T174609Z:246310bf-25b6-4794-8a51-e6d3b31fc034"
        ],
        "X-Content-Type-Options": [
          "nosniff"
        ]
      },
      "StatusCode": 200
    },
    {
      "RequestUri": "/subscriptions/0b1f6471-1bf0-4dda-aec3-cb9272f09590/providers/Microsoft.Compute/locations/eastus/operations/b3ab6186-3e22-41c5-bd6f-3f7791ea4f66?api-version=2017-12-01",
      "EncodedRequestUri": "L3N1YnNjcmlwdGlvbnMvMGIxZjY0NzEtMWJmMC00ZGRhLWFlYzMtY2I5MjcyZjA5NTkwL3Byb3ZpZGVycy9NaWNyb3NvZnQuQ29tcHV0ZS9sb2NhdGlvbnMvZWFzdHVzL29wZXJhdGlvbnMvYjNhYjYxODYtM2UyMi00MWM1LWJkNmYtM2Y3NzkxZWE0ZjY2P2FwaS12ZXJzaW9uPTIwMTctMTItMDE=",
      "RequestMethod": "GET",
      "RequestBody": "",
      "RequestHeaders": {
        "User-Agent": [
          "FxVersion/4.6.25211.01",
          "Microsoft.Azure.Management.Compute.Fluent.ComputeManagementClient/1.8.0.0",
          "MacAddressHash/1a7db1f3023c8cc9a72984005b4db786d257d09f868c7e111d4bf514b71b7890"
        ]
      },
      "ResponseBody": "{\r\n  \"startTime\": \"2018-04-16T10:45:01.457528-07:00\",\r\n  \"status\": \"InProgress\",\r\n  \"name\": \"b3ab6186-3e22-41c5-bd6f-3f7791ea4f66\"\r\n}",
      "ResponseHeaders": {
        "Content-Type": [
          "application/json; charset=utf-8"
        ],
        "Expires": [
          "-1"
        ],
        "Cache-Control": [
          "no-cache"
        ],
        "Date": [
          "Mon, 16 Apr 2018 17:46:25 GMT"
        ],
        "Pragma": [
          "no-cache"
        ],
        "Transfer-Encoding": [
          "chunked"
        ],
        "Server": [
          "Microsoft-HTTPAPI/2.0",
          "Microsoft-HTTPAPI/2.0"
        ],
        "Vary": [
          "Accept-Encoding"
        ],
        "x-ms-ratelimit-remaining-resource": [
          "Microsoft.Compute/GetOperation3Min;14990,Microsoft.Compute/GetOperation30Min;29854"
        ],
        "Strict-Transport-Security": [
          "max-age=31536000; includeSubDomains"
        ],
        "x-ms-served-by": [
          "54253b73-cb53-496f-ab42-5e5ee19426f8_131681049397523582"
        ],
        "x-ms-request-id": [
          "fcb9f462-6c74-4d26-b1a1-78538e8a8c26"
        ],
        "x-ms-ratelimit-remaining-subscription-reads": [
          "14993"
        ],
        "x-ms-correlation-request-id": [
          "1c403ff7-5fcf-43a5-9c75-ffad717210b7"
        ],
        "x-ms-routing-request-id": [
          "WESTUS2:20180416T174625Z:1c403ff7-5fcf-43a5-9c75-ffad717210b7"
        ],
        "X-Content-Type-Options": [
          "nosniff"
        ]
      },
      "StatusCode": 200
    },
    {
      "RequestUri": "/subscriptions/0b1f6471-1bf0-4dda-aec3-cb9272f09590/providers/Microsoft.Compute/locations/eastus/operations/b3ab6186-3e22-41c5-bd6f-3f7791ea4f66?api-version=2017-12-01",
      "EncodedRequestUri": "L3N1YnNjcmlwdGlvbnMvMGIxZjY0NzEtMWJmMC00ZGRhLWFlYzMtY2I5MjcyZjA5NTkwL3Byb3ZpZGVycy9NaWNyb3NvZnQuQ29tcHV0ZS9sb2NhdGlvbnMvZWFzdHVzL29wZXJhdGlvbnMvYjNhYjYxODYtM2UyMi00MWM1LWJkNmYtM2Y3NzkxZWE0ZjY2P2FwaS12ZXJzaW9uPTIwMTctMTItMDE=",
      "RequestMethod": "GET",
      "RequestBody": "",
      "RequestHeaders": {
        "User-Agent": [
          "FxVersion/4.6.25211.01",
          "Microsoft.Azure.Management.Compute.Fluent.ComputeManagementClient/1.8.0.0",
          "MacAddressHash/1a7db1f3023c8cc9a72984005b4db786d257d09f868c7e111d4bf514b71b7890"
        ]
      },
      "ResponseBody": "{\r\n  \"startTime\": \"2018-04-16T10:45:01.457528-07:00\",\r\n  \"status\": \"InProgress\",\r\n  \"name\": \"b3ab6186-3e22-41c5-bd6f-3f7791ea4f66\"\r\n}",
      "ResponseHeaders": {
        "Content-Type": [
          "application/json; charset=utf-8"
        ],
        "Expires": [
          "-1"
        ],
        "Cache-Control": [
          "no-cache"
        ],
        "Date": [
          "Mon, 16 Apr 2018 17:46:41 GMT"
        ],
        "Pragma": [
          "no-cache"
        ],
        "Transfer-Encoding": [
          "chunked"
        ],
        "Server": [
          "Microsoft-HTTPAPI/2.0",
          "Microsoft-HTTPAPI/2.0"
        ],
        "Vary": [
          "Accept-Encoding"
        ],
        "x-ms-ratelimit-remaining-resource": [
          "Microsoft.Compute/GetOperation3Min;14988,Microsoft.Compute/GetOperation30Min;29852"
        ],
        "Strict-Transport-Security": [
          "max-age=31536000; includeSubDomains"
        ],
        "x-ms-served-by": [
          "54253b73-cb53-496f-ab42-5e5ee19426f8_131681049397523582"
        ],
        "x-ms-request-id": [
          "110c0c8e-4cda-470e-929a-7ceafac13291"
        ],
        "x-ms-ratelimit-remaining-subscription-reads": [
          "14982"
        ],
        "x-ms-correlation-request-id": [
          "02cc614c-3e1f-42e5-aef5-3f252c49d685"
        ],
        "x-ms-routing-request-id": [
          "WESTUS2:20180416T174641Z:02cc614c-3e1f-42e5-aef5-3f252c49d685"
        ],
        "X-Content-Type-Options": [
          "nosniff"
        ]
      },
      "StatusCode": 200
    },
    {
      "RequestUri": "/subscriptions/0b1f6471-1bf0-4dda-aec3-cb9272f09590/providers/Microsoft.Compute/locations/eastus/operations/b3ab6186-3e22-41c5-bd6f-3f7791ea4f66?api-version=2017-12-01",
      "EncodedRequestUri": "L3N1YnNjcmlwdGlvbnMvMGIxZjY0NzEtMWJmMC00ZGRhLWFlYzMtY2I5MjcyZjA5NTkwL3Byb3ZpZGVycy9NaWNyb3NvZnQuQ29tcHV0ZS9sb2NhdGlvbnMvZWFzdHVzL29wZXJhdGlvbnMvYjNhYjYxODYtM2UyMi00MWM1LWJkNmYtM2Y3NzkxZWE0ZjY2P2FwaS12ZXJzaW9uPTIwMTctMTItMDE=",
      "RequestMethod": "GET",
      "RequestBody": "",
      "RequestHeaders": {
        "User-Agent": [
          "FxVersion/4.6.25211.01",
          "Microsoft.Azure.Management.Compute.Fluent.ComputeManagementClient/1.8.0.0",
          "MacAddressHash/1a7db1f3023c8cc9a72984005b4db786d257d09f868c7e111d4bf514b71b7890"
        ]
      },
      "ResponseBody": "{\r\n  \"startTime\": \"2018-04-16T10:45:01.457528-07:00\",\r\n  \"status\": \"InProgress\",\r\n  \"name\": \"b3ab6186-3e22-41c5-bd6f-3f7791ea4f66\"\r\n}",
      "ResponseHeaders": {
        "Content-Type": [
          "application/json; charset=utf-8"
        ],
        "Expires": [
          "-1"
        ],
        "Cache-Control": [
          "no-cache"
        ],
        "Date": [
          "Mon, 16 Apr 2018 17:46:51 GMT"
        ],
        "Pragma": [
          "no-cache"
        ],
        "Transfer-Encoding": [
          "chunked"
        ],
        "Server": [
          "Microsoft-HTTPAPI/2.0",
          "Microsoft-HTTPAPI/2.0"
        ],
        "Vary": [
          "Accept-Encoding"
        ],
        "x-ms-ratelimit-remaining-resource": [
          "Microsoft.Compute/GetOperation3Min;14987,Microsoft.Compute/GetOperation30Min;29851"
        ],
        "Strict-Transport-Security": [
          "max-age=31536000; includeSubDomains"
        ],
        "x-ms-served-by": [
          "54253b73-cb53-496f-ab42-5e5ee19426f8_131681049397523582"
        ],
        "x-ms-request-id": [
          "6fcfcb6f-e387-4a12-a494-137e05bba22f"
        ],
        "x-ms-ratelimit-remaining-subscription-reads": [
          "14991"
        ],
        "x-ms-correlation-request-id": [
          "4e129725-2fe0-43d0-a761-e1a18a8c981c"
        ],
        "x-ms-routing-request-id": [
          "WESTUS2:20180416T174651Z:4e129725-2fe0-43d0-a761-e1a18a8c981c"
        ],
        "X-Content-Type-Options": [
          "nosniff"
        ]
      },
      "StatusCode": 200
    },
    {
      "RequestUri": "/subscriptions/0b1f6471-1bf0-4dda-aec3-cb9272f09590/providers/Microsoft.Compute/locations/eastus/operations/b3ab6186-3e22-41c5-bd6f-3f7791ea4f66?api-version=2017-12-01",
      "EncodedRequestUri": "L3N1YnNjcmlwdGlvbnMvMGIxZjY0NzEtMWJmMC00ZGRhLWFlYzMtY2I5MjcyZjA5NTkwL3Byb3ZpZGVycy9NaWNyb3NvZnQuQ29tcHV0ZS9sb2NhdGlvbnMvZWFzdHVzL29wZXJhdGlvbnMvYjNhYjYxODYtM2UyMi00MWM1LWJkNmYtM2Y3NzkxZWE0ZjY2P2FwaS12ZXJzaW9uPTIwMTctMTItMDE=",
      "RequestMethod": "GET",
      "RequestBody": "",
      "RequestHeaders": {
        "User-Agent": [
          "FxVersion/4.6.25211.01",
          "Microsoft.Azure.Management.Compute.Fluent.ComputeManagementClient/1.8.0.0",
          "MacAddressHash/1a7db1f3023c8cc9a72984005b4db786d257d09f868c7e111d4bf514b71b7890"
        ]
      },
      "ResponseBody": "{\r\n  \"startTime\": \"2018-04-16T10:45:01.457528-07:00\",\r\n  \"status\": \"InProgress\",\r\n  \"name\": \"b3ab6186-3e22-41c5-bd6f-3f7791ea4f66\"\r\n}",
      "ResponseHeaders": {
        "Content-Type": [
          "application/json; charset=utf-8"
        ],
        "Expires": [
          "-1"
        ],
        "Cache-Control": [
          "no-cache"
        ],
        "Date": [
          "Mon, 16 Apr 2018 17:47:05 GMT"
        ],
        "Pragma": [
          "no-cache"
        ],
        "Transfer-Encoding": [
          "chunked"
        ],
        "Server": [
          "Microsoft-HTTPAPI/2.0",
          "Microsoft-HTTPAPI/2.0"
        ],
        "Vary": [
          "Accept-Encoding"
        ],
        "x-ms-ratelimit-remaining-resource": [
          "Microsoft.Compute/GetOperation3Min;14985,Microsoft.Compute/GetOperation30Min;29849"
        ],
        "Strict-Transport-Security": [
          "max-age=31536000; includeSubDomains"
        ],
        "x-ms-served-by": [
          "54253b73-cb53-496f-ab42-5e5ee19426f8_131681049397523582"
        ],
        "x-ms-request-id": [
          "9b31d404-e19b-4184-9c53-8922f282a130"
        ],
        "x-ms-ratelimit-remaining-subscription-reads": [
          "14992"
        ],
        "x-ms-correlation-request-id": [
          "c1d944fb-3c0c-4351-af49-2c8891dff764"
        ],
        "x-ms-routing-request-id": [
          "WESTUS2:20180416T174705Z:c1d944fb-3c0c-4351-af49-2c8891dff764"
        ],
        "X-Content-Type-Options": [
          "nosniff"
        ]
      },
      "StatusCode": 200
    },
    {
      "RequestUri": "/subscriptions/0b1f6471-1bf0-4dda-aec3-cb9272f09590/providers/Microsoft.Compute/locations/eastus/operations/b3ab6186-3e22-41c5-bd6f-3f7791ea4f66?api-version=2017-12-01",
      "EncodedRequestUri": "L3N1YnNjcmlwdGlvbnMvMGIxZjY0NzEtMWJmMC00ZGRhLWFlYzMtY2I5MjcyZjA5NTkwL3Byb3ZpZGVycy9NaWNyb3NvZnQuQ29tcHV0ZS9sb2NhdGlvbnMvZWFzdHVzL29wZXJhdGlvbnMvYjNhYjYxODYtM2UyMi00MWM1LWJkNmYtM2Y3NzkxZWE0ZjY2P2FwaS12ZXJzaW9uPTIwMTctMTItMDE=",
      "RequestMethod": "GET",
      "RequestBody": "",
      "RequestHeaders": {
        "User-Agent": [
          "FxVersion/4.6.25211.01",
          "Microsoft.Azure.Management.Compute.Fluent.ComputeManagementClient/1.8.0.0",
          "MacAddressHash/1a7db1f3023c8cc9a72984005b4db786d257d09f868c7e111d4bf514b71b7890"
        ]
      },
      "ResponseBody": "{\r\n  \"startTime\": \"2018-04-16T10:45:01.457528-07:00\",\r\n  \"status\": \"InProgress\",\r\n  \"name\": \"b3ab6186-3e22-41c5-bd6f-3f7791ea4f66\"\r\n}",
      "ResponseHeaders": {
        "Content-Type": [
          "application/json; charset=utf-8"
        ],
        "Expires": [
          "-1"
        ],
        "Cache-Control": [
          "no-cache"
        ],
        "Date": [
          "Mon, 16 Apr 2018 17:47:21 GMT"
        ],
        "Pragma": [
          "no-cache"
        ],
        "Transfer-Encoding": [
          "chunked"
        ],
        "Server": [
          "Microsoft-HTTPAPI/2.0",
          "Microsoft-HTTPAPI/2.0"
        ],
        "Vary": [
          "Accept-Encoding"
        ],
        "x-ms-ratelimit-remaining-resource": [
          "Microsoft.Compute/GetOperation3Min;14983,Microsoft.Compute/GetOperation30Min;29847"
        ],
        "Strict-Transport-Security": [
          "max-age=31536000; includeSubDomains"
        ],
        "x-ms-served-by": [
          "54253b73-cb53-496f-ab42-5e5ee19426f8_131681049397523582"
        ],
        "x-ms-request-id": [
          "a0a25fa5-ff87-4325-8fa5-e5b80dd0d099"
        ],
        "x-ms-ratelimit-remaining-subscription-reads": [
          "14981"
        ],
        "x-ms-correlation-request-id": [
          "00c92c3b-840e-4803-a8df-cd0caed0a7bb"
        ],
        "x-ms-routing-request-id": [
          "WESTUS2:20180416T174721Z:00c92c3b-840e-4803-a8df-cd0caed0a7bb"
        ],
        "X-Content-Type-Options": [
          "nosniff"
        ]
      },
      "StatusCode": 200
    },
    {
      "RequestUri": "/subscriptions/0b1f6471-1bf0-4dda-aec3-cb9272f09590/providers/Microsoft.Compute/locations/eastus/operations/b3ab6186-3e22-41c5-bd6f-3f7791ea4f66?api-version=2017-12-01",
      "EncodedRequestUri": "L3N1YnNjcmlwdGlvbnMvMGIxZjY0NzEtMWJmMC00ZGRhLWFlYzMtY2I5MjcyZjA5NTkwL3Byb3ZpZGVycy9NaWNyb3NvZnQuQ29tcHV0ZS9sb2NhdGlvbnMvZWFzdHVzL29wZXJhdGlvbnMvYjNhYjYxODYtM2UyMi00MWM1LWJkNmYtM2Y3NzkxZWE0ZjY2P2FwaS12ZXJzaW9uPTIwMTctMTItMDE=",
      "RequestMethod": "GET",
      "RequestBody": "",
      "RequestHeaders": {
        "User-Agent": [
          "FxVersion/4.6.25211.01",
          "Microsoft.Azure.Management.Compute.Fluent.ComputeManagementClient/1.8.0.0",
          "MacAddressHash/1a7db1f3023c8cc9a72984005b4db786d257d09f868c7e111d4bf514b71b7890"
        ]
      },
      "ResponseBody": "{\r\n  \"startTime\": \"2018-04-16T10:45:01.457528-07:00\",\r\n  \"status\": \"InProgress\",\r\n  \"name\": \"b3ab6186-3e22-41c5-bd6f-3f7791ea4f66\"\r\n}",
      "ResponseHeaders": {
        "Content-Type": [
          "application/json; charset=utf-8"
        ],
        "Expires": [
          "-1"
        ],
        "Cache-Control": [
          "no-cache"
        ],
        "Date": [
          "Mon, 16 Apr 2018 17:47:36 GMT"
        ],
        "Pragma": [
          "no-cache"
        ],
        "Transfer-Encoding": [
          "chunked"
        ],
        "Server": [
          "Microsoft-HTTPAPI/2.0",
          "Microsoft-HTTPAPI/2.0"
        ],
        "Vary": [
          "Accept-Encoding"
        ],
        "x-ms-ratelimit-remaining-resource": [
          "Microsoft.Compute/GetOperation3Min;14981,Microsoft.Compute/GetOperation30Min;29845"
        ],
        "Strict-Transport-Security": [
          "max-age=31536000; includeSubDomains"
        ],
        "x-ms-served-by": [
          "54253b73-cb53-496f-ab42-5e5ee19426f8_131681049397523582"
        ],
        "x-ms-request-id": [
          "0d12e3f6-a5dc-4520-bb49-a1365b8eef5f"
        ],
        "x-ms-ratelimit-remaining-subscription-reads": [
          "14990"
        ],
        "x-ms-correlation-request-id": [
          "e24f2c58-7d93-4e2c-b2e4-62b407cb9537"
        ],
        "x-ms-routing-request-id": [
          "WESTUS2:20180416T174737Z:e24f2c58-7d93-4e2c-b2e4-62b407cb9537"
        ],
        "X-Content-Type-Options": [
          "nosniff"
        ]
      },
      "StatusCode": 200
    },
    {
      "RequestUri": "/subscriptions/0b1f6471-1bf0-4dda-aec3-cb9272f09590/providers/Microsoft.Compute/locations/eastus/operations/b3ab6186-3e22-41c5-bd6f-3f7791ea4f66?api-version=2017-12-01",
      "EncodedRequestUri": "L3N1YnNjcmlwdGlvbnMvMGIxZjY0NzEtMWJmMC00ZGRhLWFlYzMtY2I5MjcyZjA5NTkwL3Byb3ZpZGVycy9NaWNyb3NvZnQuQ29tcHV0ZS9sb2NhdGlvbnMvZWFzdHVzL29wZXJhdGlvbnMvYjNhYjYxODYtM2UyMi00MWM1LWJkNmYtM2Y3NzkxZWE0ZjY2P2FwaS12ZXJzaW9uPTIwMTctMTItMDE=",
      "RequestMethod": "GET",
      "RequestBody": "",
      "RequestHeaders": {
        "User-Agent": [
          "FxVersion/4.6.25211.01",
          "Microsoft.Azure.Management.Compute.Fluent.ComputeManagementClient/1.8.0.0",
          "MacAddressHash/1a7db1f3023c8cc9a72984005b4db786d257d09f868c7e111d4bf514b71b7890"
        ]
      },
      "ResponseBody": "{\r\n  \"startTime\": \"2018-04-16T10:45:01.457528-07:00\",\r\n  \"status\": \"InProgress\",\r\n  \"name\": \"b3ab6186-3e22-41c5-bd6f-3f7791ea4f66\"\r\n}",
      "ResponseHeaders": {
        "Content-Type": [
          "application/json; charset=utf-8"
        ],
        "Expires": [
          "-1"
        ],
        "Cache-Control": [
          "no-cache"
        ],
        "Date": [
          "Mon, 16 Apr 2018 17:47:54 GMT"
        ],
        "Pragma": [
          "no-cache"
        ],
        "Transfer-Encoding": [
          "chunked"
        ],
        "Server": [
          "Microsoft-HTTPAPI/2.0",
          "Microsoft-HTTPAPI/2.0"
        ],
        "Vary": [
          "Accept-Encoding"
        ],
        "x-ms-ratelimit-remaining-resource": [
          "Microsoft.Compute/GetOperation3Min;14979,Microsoft.Compute/GetOperation30Min;29843"
        ],
        "Strict-Transport-Security": [
          "max-age=31536000; includeSubDomains"
        ],
        "x-ms-served-by": [
          "54253b73-cb53-496f-ab42-5e5ee19426f8_131681049397523582"
        ],
        "x-ms-request-id": [
          "591fd619-60cb-4f5b-98f1-fdd19d2f8256"
        ],
        "x-ms-ratelimit-remaining-subscription-reads": [
          "14991"
        ],
        "x-ms-correlation-request-id": [
          "324d8bd5-b6e0-4d4b-8bb7-428617878efc"
        ],
        "x-ms-routing-request-id": [
          "WESTUS2:20180416T174754Z:324d8bd5-b6e0-4d4b-8bb7-428617878efc"
        ],
        "X-Content-Type-Options": [
          "nosniff"
        ]
      },
      "StatusCode": 200
    },
    {
      "RequestUri": "/subscriptions/0b1f6471-1bf0-4dda-aec3-cb9272f09590/providers/Microsoft.Compute/locations/eastus/operations/b3ab6186-3e22-41c5-bd6f-3f7791ea4f66?api-version=2017-12-01",
      "EncodedRequestUri": "L3N1YnNjcmlwdGlvbnMvMGIxZjY0NzEtMWJmMC00ZGRhLWFlYzMtY2I5MjcyZjA5NTkwL3Byb3ZpZGVycy9NaWNyb3NvZnQuQ29tcHV0ZS9sb2NhdGlvbnMvZWFzdHVzL29wZXJhdGlvbnMvYjNhYjYxODYtM2UyMi00MWM1LWJkNmYtM2Y3NzkxZWE0ZjY2P2FwaS12ZXJzaW9uPTIwMTctMTItMDE=",
      "RequestMethod": "GET",
      "RequestBody": "",
      "RequestHeaders": {
        "User-Agent": [
          "FxVersion/4.6.25211.01",
          "Microsoft.Azure.Management.Compute.Fluent.ComputeManagementClient/1.8.0.0",
          "MacAddressHash/1a7db1f3023c8cc9a72984005b4db786d257d09f868c7e111d4bf514b71b7890"
        ]
      },
      "ResponseBody": "{\r\n  \"startTime\": \"2018-04-16T10:45:01.457528-07:00\",\r\n  \"status\": \"InProgress\",\r\n  \"name\": \"b3ab6186-3e22-41c5-bd6f-3f7791ea4f66\"\r\n}",
      "ResponseHeaders": {
        "Content-Type": [
          "application/json; charset=utf-8"
        ],
        "Expires": [
          "-1"
        ],
        "Cache-Control": [
          "no-cache"
        ],
        "Date": [
          "Mon, 16 Apr 2018 17:48:09 GMT"
        ],
        "Pragma": [
          "no-cache"
        ],
        "Transfer-Encoding": [
          "chunked"
        ],
        "Server": [
          "Microsoft-HTTPAPI/2.0",
          "Microsoft-HTTPAPI/2.0"
        ],
        "Vary": [
          "Accept-Encoding"
        ],
        "x-ms-ratelimit-remaining-resource": [
          "Microsoft.Compute/GetOperation3Min;14980,Microsoft.Compute/GetOperation30Min;29841"
        ],
        "Strict-Transport-Security": [
          "max-age=31536000; includeSubDomains"
        ],
        "x-ms-served-by": [
          "54253b73-cb53-496f-ab42-5e5ee19426f8_131681049397523582"
        ],
        "x-ms-request-id": [
          "d0ca0eec-ce6c-4414-905a-f64e4048a88c"
        ],
        "x-ms-ratelimit-remaining-subscription-reads": [
          "14980"
        ],
        "x-ms-correlation-request-id": [
          "deddfdf0-dfc6-4528-8e53-c015b7ea3455"
        ],
        "x-ms-routing-request-id": [
          "WESTUS2:20180416T174810Z:deddfdf0-dfc6-4528-8e53-c015b7ea3455"
        ],
        "X-Content-Type-Options": [
          "nosniff"
        ]
      },
      "StatusCode": 200
    },
    {
      "RequestUri": "/subscriptions/0b1f6471-1bf0-4dda-aec3-cb9272f09590/providers/Microsoft.Compute/locations/eastus/operations/b3ab6186-3e22-41c5-bd6f-3f7791ea4f66?api-version=2017-12-01",
      "EncodedRequestUri": "L3N1YnNjcmlwdGlvbnMvMGIxZjY0NzEtMWJmMC00ZGRhLWFlYzMtY2I5MjcyZjA5NTkwL3Byb3ZpZGVycy9NaWNyb3NvZnQuQ29tcHV0ZS9sb2NhdGlvbnMvZWFzdHVzL29wZXJhdGlvbnMvYjNhYjYxODYtM2UyMi00MWM1LWJkNmYtM2Y3NzkxZWE0ZjY2P2FwaS12ZXJzaW9uPTIwMTctMTItMDE=",
      "RequestMethod": "GET",
      "RequestBody": "",
      "RequestHeaders": {
        "User-Agent": [
          "FxVersion/4.6.25211.01",
          "Microsoft.Azure.Management.Compute.Fluent.ComputeManagementClient/1.8.0.0",
          "MacAddressHash/1a7db1f3023c8cc9a72984005b4db786d257d09f868c7e111d4bf514b71b7890"
        ]
      },
      "ResponseBody": "{\r\n  \"startTime\": \"2018-04-16T10:45:01.457528-07:00\",\r\n  \"status\": \"InProgress\",\r\n  \"name\": \"b3ab6186-3e22-41c5-bd6f-3f7791ea4f66\"\r\n}",
      "ResponseHeaders": {
        "Content-Type": [
          "application/json; charset=utf-8"
        ],
        "Expires": [
          "-1"
        ],
        "Cache-Control": [
          "no-cache"
        ],
        "Date": [
          "Mon, 16 Apr 2018 17:48:25 GMT"
        ],
        "Pragma": [
          "no-cache"
        ],
        "Transfer-Encoding": [
          "chunked"
        ],
        "Server": [
          "Microsoft-HTTPAPI/2.0",
          "Microsoft-HTTPAPI/2.0"
        ],
        "Vary": [
          "Accept-Encoding"
        ],
        "x-ms-ratelimit-remaining-resource": [
          "Microsoft.Compute/GetOperation3Min;14978,Microsoft.Compute/GetOperation30Min;29839"
        ],
        "Strict-Transport-Security": [
          "max-age=31536000; includeSubDomains"
        ],
        "x-ms-served-by": [
          "54253b73-cb53-496f-ab42-5e5ee19426f8_131681049397523582"
        ],
        "x-ms-request-id": [
          "af143908-2e19-414a-8db8-9ad574d416b4"
        ],
        "x-ms-ratelimit-remaining-subscription-reads": [
          "14989"
        ],
        "x-ms-correlation-request-id": [
          "44c775ba-f38b-4adc-a29c-ce8a21d427ae"
        ],
        "x-ms-routing-request-id": [
          "WESTUS2:20180416T174825Z:44c775ba-f38b-4adc-a29c-ce8a21d427ae"
        ],
        "X-Content-Type-Options": [
          "nosniff"
        ]
      },
      "StatusCode": 200
    },
    {
      "RequestUri": "/subscriptions/0b1f6471-1bf0-4dda-aec3-cb9272f09590/providers/Microsoft.Compute/locations/eastus/operations/b3ab6186-3e22-41c5-bd6f-3f7791ea4f66?api-version=2017-12-01",
      "EncodedRequestUri": "L3N1YnNjcmlwdGlvbnMvMGIxZjY0NzEtMWJmMC00ZGRhLWFlYzMtY2I5MjcyZjA5NTkwL3Byb3ZpZGVycy9NaWNyb3NvZnQuQ29tcHV0ZS9sb2NhdGlvbnMvZWFzdHVzL29wZXJhdGlvbnMvYjNhYjYxODYtM2UyMi00MWM1LWJkNmYtM2Y3NzkxZWE0ZjY2P2FwaS12ZXJzaW9uPTIwMTctMTItMDE=",
      "RequestMethod": "GET",
      "RequestBody": "",
      "RequestHeaders": {
        "User-Agent": [
          "FxVersion/4.6.25211.01",
          "Microsoft.Azure.Management.Compute.Fluent.ComputeManagementClient/1.8.0.0",
          "MacAddressHash/1a7db1f3023c8cc9a72984005b4db786d257d09f868c7e111d4bf514b71b7890"
        ]
      },
      "ResponseBody": "{\r\n  \"startTime\": \"2018-04-16T10:45:01.457528-07:00\",\r\n  \"status\": \"InProgress\",\r\n  \"name\": \"b3ab6186-3e22-41c5-bd6f-3f7791ea4f66\"\r\n}",
      "ResponseHeaders": {
        "Content-Type": [
          "application/json; charset=utf-8"
        ],
        "Expires": [
          "-1"
        ],
        "Cache-Control": [
          "no-cache"
        ],
        "Date": [
          "Mon, 16 Apr 2018 17:48:41 GMT"
        ],
        "Pragma": [
          "no-cache"
        ],
        "Transfer-Encoding": [
          "chunked"
        ],
        "Server": [
          "Microsoft-HTTPAPI/2.0",
          "Microsoft-HTTPAPI/2.0"
        ],
        "Vary": [
          "Accept-Encoding"
        ],
        "x-ms-ratelimit-remaining-resource": [
          "Microsoft.Compute/GetOperation3Min;14979,Microsoft.Compute/GetOperation30Min;29837"
        ],
        "Strict-Transport-Security": [
          "max-age=31536000; includeSubDomains"
        ],
        "x-ms-served-by": [
          "54253b73-cb53-496f-ab42-5e5ee19426f8_131681049397523582"
        ],
        "x-ms-request-id": [
          "4aebda85-900e-442c-9b44-d28c8ac8c7c5"
        ],
        "x-ms-ratelimit-remaining-subscription-reads": [
          "14990"
        ],
        "x-ms-correlation-request-id": [
          "fd1360f4-2c14-4657-81b6-e36495319bdb"
        ],
        "x-ms-routing-request-id": [
          "WESTUS2:20180416T174841Z:fd1360f4-2c14-4657-81b6-e36495319bdb"
        ],
        "X-Content-Type-Options": [
          "nosniff"
        ]
      },
      "StatusCode": 200
    },
    {
      "RequestUri": "/subscriptions/0b1f6471-1bf0-4dda-aec3-cb9272f09590/providers/Microsoft.Compute/locations/eastus/operations/b3ab6186-3e22-41c5-bd6f-3f7791ea4f66?api-version=2017-12-01",
      "EncodedRequestUri": "L3N1YnNjcmlwdGlvbnMvMGIxZjY0NzEtMWJmMC00ZGRhLWFlYzMtY2I5MjcyZjA5NTkwL3Byb3ZpZGVycy9NaWNyb3NvZnQuQ29tcHV0ZS9sb2NhdGlvbnMvZWFzdHVzL29wZXJhdGlvbnMvYjNhYjYxODYtM2UyMi00MWM1LWJkNmYtM2Y3NzkxZWE0ZjY2P2FwaS12ZXJzaW9uPTIwMTctMTItMDE=",
      "RequestMethod": "GET",
      "RequestBody": "",
      "RequestHeaders": {
        "User-Agent": [
          "FxVersion/4.6.25211.01",
          "Microsoft.Azure.Management.Compute.Fluent.ComputeManagementClient/1.8.0.0",
          "MacAddressHash/1a7db1f3023c8cc9a72984005b4db786d257d09f868c7e111d4bf514b71b7890"
        ]
      },
      "ResponseBody": "{\r\n  \"startTime\": \"2018-04-16T10:45:01.457528-07:00\",\r\n  \"status\": \"InProgress\",\r\n  \"name\": \"b3ab6186-3e22-41c5-bd6f-3f7791ea4f66\"\r\n}",
      "ResponseHeaders": {
        "Content-Type": [
          "application/json; charset=utf-8"
        ],
        "Expires": [
          "-1"
        ],
        "Cache-Control": [
          "no-cache"
        ],
        "Date": [
          "Mon, 16 Apr 2018 17:48:57 GMT"
        ],
        "Pragma": [
          "no-cache"
        ],
        "Transfer-Encoding": [
          "chunked"
        ],
        "Server": [
          "Microsoft-HTTPAPI/2.0",
          "Microsoft-HTTPAPI/2.0"
        ],
        "Vary": [
          "Accept-Encoding"
        ],
        "x-ms-ratelimit-remaining-resource": [
          "Microsoft.Compute/GetOperation3Min;14977,Microsoft.Compute/GetOperation30Min;29835"
        ],
        "Strict-Transport-Security": [
          "max-age=31536000; includeSubDomains"
        ],
        "x-ms-served-by": [
          "54253b73-cb53-496f-ab42-5e5ee19426f8_131681049397523582"
        ],
        "x-ms-request-id": [
          "0bf9012f-1a17-414a-8f8d-677fbd66b91e"
        ],
        "x-ms-ratelimit-remaining-subscription-reads": [
          "14979"
        ],
        "x-ms-correlation-request-id": [
          "666eb124-7868-40f9-ae3f-7d4176ec495e"
        ],
        "x-ms-routing-request-id": [
          "WESTUS2:20180416T174857Z:666eb124-7868-40f9-ae3f-7d4176ec495e"
        ],
        "X-Content-Type-Options": [
          "nosniff"
        ]
      },
      "StatusCode": 200
    },
    {
      "RequestUri": "/subscriptions/0b1f6471-1bf0-4dda-aec3-cb9272f09590/providers/Microsoft.Compute/locations/eastus/operations/b3ab6186-3e22-41c5-bd6f-3f7791ea4f66?api-version=2017-12-01",
      "EncodedRequestUri": "L3N1YnNjcmlwdGlvbnMvMGIxZjY0NzEtMWJmMC00ZGRhLWFlYzMtY2I5MjcyZjA5NTkwL3Byb3ZpZGVycy9NaWNyb3NvZnQuQ29tcHV0ZS9sb2NhdGlvbnMvZWFzdHVzL29wZXJhdGlvbnMvYjNhYjYxODYtM2UyMi00MWM1LWJkNmYtM2Y3NzkxZWE0ZjY2P2FwaS12ZXJzaW9uPTIwMTctMTItMDE=",
      "RequestMethod": "GET",
      "RequestBody": "",
      "RequestHeaders": {
        "User-Agent": [
          "FxVersion/4.6.25211.01",
          "Microsoft.Azure.Management.Compute.Fluent.ComputeManagementClient/1.8.0.0",
          "MacAddressHash/1a7db1f3023c8cc9a72984005b4db786d257d09f868c7e111d4bf514b71b7890"
        ]
      },
      "ResponseBody": "{\r\n  \"startTime\": \"2018-04-16T10:45:01.457528-07:00\",\r\n  \"endTime\": \"2018-04-16T10:49:01.0215629-07:00\",\r\n  \"status\": \"Succeeded\",\r\n  \"name\": \"b3ab6186-3e22-41c5-bd6f-3f7791ea4f66\"\r\n}",
      "ResponseHeaders": {
        "Content-Type": [
          "application/json; charset=utf-8"
        ],
        "Expires": [
          "-1"
        ],
        "Cache-Control": [
          "no-cache"
        ],
        "Date": [
          "Mon, 16 Apr 2018 17:49:07 GMT"
        ],
        "Pragma": [
          "no-cache"
        ],
        "Transfer-Encoding": [
          "chunked"
        ],
        "Server": [
          "Microsoft-HTTPAPI/2.0",
          "Microsoft-HTTPAPI/2.0"
        ],
        "Vary": [
          "Accept-Encoding"
        ],
        "x-ms-ratelimit-remaining-resource": [
          "Microsoft.Compute/GetOperation3Min;14979,Microsoft.Compute/GetOperation30Min;29833"
        ],
        "Strict-Transport-Security": [
          "max-age=31536000; includeSubDomains"
        ],
        "x-ms-served-by": [
          "54253b73-cb53-496f-ab42-5e5ee19426f8_131681049397523582"
        ],
        "x-ms-request-id": [
          "b2ea6503-4661-4441-ae8e-1e67bd33ee7c"
        ],
        "x-ms-ratelimit-remaining-subscription-reads": [
          "14988"
        ],
        "x-ms-correlation-request-id": [
          "50ba77d4-c9f3-4f34-ba25-8a09177c9ecf"
        ],
        "x-ms-routing-request-id": [
          "WESTUS2:20180416T174907Z:50ba77d4-c9f3-4f34-ba25-8a09177c9ecf"
        ],
        "X-Content-Type-Options": [
          "nosniff"
        ]
      },
      "StatusCode": 200
    },
    {
      "RequestUri": "/subscriptions/0b1f6471-1bf0-4dda-aec3-cb9272f09590/resourceGroups/rgfluentchash-8823/providers/Microsoft.Compute/virtualMachines/vm67-aa937989a67?api-version=2017-12-01",
      "EncodedRequestUri": "L3N1YnNjcmlwdGlvbnMvMGIxZjY0NzEtMWJmMC00ZGRhLWFlYzMtY2I5MjcyZjA5NTkwL3Jlc291cmNlR3JvdXBzL3JnZmx1ZW50Y2hhc2gtODgyMy9wcm92aWRlcnMvTWljcm9zb2Z0LkNvbXB1dGUvdmlydHVhbE1hY2hpbmVzL3ZtNjctYWE5Mzc5ODlhNjc/YXBpLXZlcnNpb249MjAxNy0xMi0wMQ==",
      "RequestMethod": "GET",
      "RequestBody": "",
      "RequestHeaders": {
        "User-Agent": [
          "FxVersion/4.6.25211.01",
          "Microsoft.Azure.Management.Compute.Fluent.ComputeManagementClient/1.8.0.0",
          "MacAddressHash/1a7db1f3023c8cc9a72984005b4db786d257d09f868c7e111d4bf514b71b7890"
        ]
      },
      "ResponseBody": "{\r\n  \"properties\": {\r\n    \"vmId\": \"bbaee614-c026-42ed-8682-c228393d3170\",\r\n    \"hardwareProfile\": {\r\n      \"vmSize\": \"Standard_D5_v2\"\r\n    },\r\n    \"storageProfile\": {\r\n      \"imageReference\": {\r\n        \"publisher\": \"Canonical\",\r\n        \"offer\": \"UbuntuServer\",\r\n        \"sku\": \"16.04.0-LTS\",\r\n        \"version\": \"latest\"\r\n      },\r\n      \"osDisk\": {\r\n        \"osType\": \"Linux\",\r\n        \"name\": \"vm67-aa937989a67-os-disk\",\r\n        \"createOption\": \"FromImage\",\r\n        \"vhd\": {\r\n          \"uri\": \"https://stga9603837c91.blob.core.windows.net/vhds/vm67-aa937989a67-os-disk-37036d2b-a1a8-4944-ba3c-9d8f0462e9c0.Vhd\"\r\n        },\r\n        \"caching\": \"ReadWrite\",\r\n        \"diskSizeGB\": 30\r\n      },\r\n      \"dataDisks\": [\r\n        {\r\n          \"lun\": 0,\r\n          \"name\": \"disk-1\",\r\n          \"createOption\": \"Empty\",\r\n          \"vhd\": {\r\n            \"uri\": \"https://stga9603837c91.blob.core.windows.net/vhds/vm67-aa937989a67-data-disk-0-23ff5311-339a-4bae-b903-f0faa88b24ad.Vhd\"\r\n          },\r\n          \"caching\": \"ReadWrite\",\r\n          \"diskSizeGB\": 30\r\n        },\r\n        {\r\n          \"lun\": 1,\r\n          \"name\": \"disk-2\",\r\n          \"createOption\": \"Empty\",\r\n          \"vhd\": {\r\n            \"uri\": \"https://stga9603837c91.blob.core.windows.net/vhds/vm67-aa937989a67-data-disk-1-e7043829-79ef-44cc-a386-3aeccebc2891.Vhd\"\r\n          },\r\n          \"caching\": \"ReadOnly\",\r\n          \"diskSizeGB\": 60\r\n        }\r\n      ]\r\n    },\r\n    \"osProfile\": {\r\n      \"computerName\": \"vm81f95009dc\",\r\n      \"adminUsername\": \"javauser\",\r\n      \"linuxConfiguration\": {\r\n        \"disablePasswordAuthentication\": false\r\n      },\r\n      \"secrets\": []\r\n    },\r\n    \"networkProfile\": {\r\n      \"networkInterfaces\": [\r\n        {\r\n          \"id\": \"/subscriptions/0b1f6471-1bf0-4dda-aec3-cb9272f09590/resourceGroups/rgfluentchash-8823/providers/Microsoft.Network/networkInterfaces/nic93249884ada\",\r\n          \"properties\": {\r\n            \"primary\": true\r\n          }\r\n        }\r\n      ]\r\n    },\r\n    \"provisioningState\": \"Succeeded\"\r\n  },\r\n  \"type\": \"Microsoft.Compute/virtualMachines\",\r\n  \"location\": \"eastus\",\r\n  \"tags\": {},\r\n  \"id\": \"/subscriptions/0b1f6471-1bf0-4dda-aec3-cb9272f09590/resourceGroups/rgfluentchash-8823/providers/Microsoft.Compute/virtualMachines/vm67-aa937989a67\",\r\n  \"name\": \"vm67-aa937989a67\"\r\n}",
      "ResponseHeaders": {
        "Content-Type": [
          "application/json; charset=utf-8"
        ],
        "Expires": [
          "-1"
        ],
        "Cache-Control": [
          "no-cache"
        ],
        "Date": [
          "Mon, 16 Apr 2018 17:49:07 GMT"
        ],
        "Pragma": [
          "no-cache"
        ],
        "Transfer-Encoding": [
          "chunked"
        ],
        "Server": [
          "Microsoft-HTTPAPI/2.0",
          "Microsoft-HTTPAPI/2.0"
        ],
        "Vary": [
          "Accept-Encoding"
        ],
        "x-ms-ratelimit-remaining-resource": [
          "Microsoft.Compute/LowCostGet3Min;4188,Microsoft.Compute/LowCostGet30Min;33424"
        ],
        "Strict-Transport-Security": [
          "max-age=31536000; includeSubDomains"
        ],
        "x-ms-served-by": [
          "54253b73-cb53-496f-ab42-5e5ee19426f8_131681049397523582"
        ],
        "x-ms-request-id": [
          "95e9a806-80ee-4e35-bf0e-bb67a08aab69"
        ],
        "x-ms-ratelimit-remaining-subscription-reads": [
          "14989"
        ],
        "x-ms-correlation-request-id": [
          "9c28cf06-9ae1-4d32-b9b2-5b7ecaa29768"
        ],
        "x-ms-routing-request-id": [
          "WESTUS2:20180416T174907Z:9c28cf06-9ae1-4d32-b9b2-5b7ecaa29768"
        ],
        "X-Content-Type-Options": [
          "nosniff"
        ]
      },
      "StatusCode": 200
    },
    {
      "RequestUri": "/subscriptions/0b1f6471-1bf0-4dda-aec3-cb9272f09590/resourceGroups/rgfluentchash-8823/providers/Microsoft.Compute/virtualMachines/vm67-aa937989a67?api-version=2017-12-01",
      "EncodedRequestUri": "L3N1YnNjcmlwdGlvbnMvMGIxZjY0NzEtMWJmMC00ZGRhLWFlYzMtY2I5MjcyZjA5NTkwL3Jlc291cmNlR3JvdXBzL3JnZmx1ZW50Y2hhc2gtODgyMy9wcm92aWRlcnMvTWljcm9zb2Z0LkNvbXB1dGUvdmlydHVhbE1hY2hpbmVzL3ZtNjctYWE5Mzc5ODlhNjc/YXBpLXZlcnNpb249MjAxNy0xMi0wMQ==",
      "RequestMethod": "GET",
      "RequestBody": "",
      "RequestHeaders": {
        "x-ms-client-request-id": [
          "42f65c40-3045-4c02-8fbe-5fc4c3c537f6"
        ],
        "accept-language": [
          "en-US"
        ],
        "User-Agent": [
          "FxVersion/4.6.25211.01",
          "Microsoft.Azure.Management.Compute.Fluent.ComputeManagementClient/1.8.0.0",
          "MacAddressHash/1a7db1f3023c8cc9a72984005b4db786d257d09f868c7e111d4bf514b71b7890"
        ]
      },
      "ResponseBody": "{\r\n  \"properties\": {\r\n    \"vmId\": \"bbaee614-c026-42ed-8682-c228393d3170\",\r\n    \"hardwareProfile\": {\r\n      \"vmSize\": \"Standard_D5_v2\"\r\n    },\r\n    \"storageProfile\": {\r\n      \"imageReference\": {\r\n        \"publisher\": \"Canonical\",\r\n        \"offer\": \"UbuntuServer\",\r\n        \"sku\": \"16.04.0-LTS\",\r\n        \"version\": \"latest\"\r\n      },\r\n      \"osDisk\": {\r\n        \"osType\": \"Linux\",\r\n        \"name\": \"vm67-aa937989a67-os-disk\",\r\n        \"createOption\": \"FromImage\",\r\n        \"vhd\": {\r\n          \"uri\": \"https://stga9603837c91.blob.core.windows.net/vhds/vm67-aa937989a67-os-disk-37036d2b-a1a8-4944-ba3c-9d8f0462e9c0.Vhd\"\r\n        },\r\n        \"caching\": \"ReadWrite\",\r\n        \"diskSizeGB\": 30\r\n      },\r\n      \"dataDisks\": [\r\n        {\r\n          \"lun\": 0,\r\n          \"name\": \"disk-1\",\r\n          \"createOption\": \"Empty\",\r\n          \"vhd\": {\r\n            \"uri\": \"https://stga9603837c91.blob.core.windows.net/vhds/vm67-aa937989a67-data-disk-0-23ff5311-339a-4bae-b903-f0faa88b24ad.Vhd\"\r\n          },\r\n          \"caching\": \"ReadWrite\",\r\n          \"diskSizeGB\": 30\r\n        },\r\n        {\r\n          \"lun\": 1,\r\n          \"name\": \"disk-2\",\r\n          \"createOption\": \"Empty\",\r\n          \"vhd\": {\r\n            \"uri\": \"https://stga9603837c91.blob.core.windows.net/vhds/vm67-aa937989a67-data-disk-1-e7043829-79ef-44cc-a386-3aeccebc2891.Vhd\"\r\n          },\r\n          \"caching\": \"ReadOnly\",\r\n          \"diskSizeGB\": 60\r\n        }\r\n      ]\r\n    },\r\n    \"osProfile\": {\r\n      \"computerName\": \"vm81f95009dc\",\r\n      \"adminUsername\": \"javauser\",\r\n      \"linuxConfiguration\": {\r\n        \"disablePasswordAuthentication\": false\r\n      },\r\n      \"secrets\": []\r\n    },\r\n    \"networkProfile\": {\r\n      \"networkInterfaces\": [\r\n        {\r\n          \"id\": \"/subscriptions/0b1f6471-1bf0-4dda-aec3-cb9272f09590/resourceGroups/rgfluentchash-8823/providers/Microsoft.Network/networkInterfaces/nic93249884ada\",\r\n          \"properties\": {\r\n            \"primary\": true\r\n          }\r\n        }\r\n      ]\r\n    },\r\n    \"provisioningState\": \"Succeeded\"\r\n  },\r\n  \"type\": \"Microsoft.Compute/virtualMachines\",\r\n  \"location\": \"eastus\",\r\n  \"tags\": {},\r\n  \"id\": \"/subscriptions/0b1f6471-1bf0-4dda-aec3-cb9272f09590/resourceGroups/rgfluentchash-8823/providers/Microsoft.Compute/virtualMachines/vm67-aa937989a67\",\r\n  \"name\": \"vm67-aa937989a67\"\r\n}",
      "ResponseHeaders": {
        "Content-Type": [
          "application/json; charset=utf-8"
        ],
        "Expires": [
          "-1"
        ],
        "Cache-Control": [
          "no-cache"
        ],
        "Date": [
          "Mon, 16 Apr 2018 17:51:08 GMT"
        ],
        "Pragma": [
          "no-cache"
        ],
        "Transfer-Encoding": [
          "chunked"
        ],
        "Server": [
          "Microsoft-HTTPAPI/2.0",
          "Microsoft-HTTPAPI/2.0"
        ],
        "Vary": [
          "Accept-Encoding"
        ],
        "x-ms-ratelimit-remaining-resource": [
          "Microsoft.Compute/LowCostGet3Min;4191,Microsoft.Compute/LowCostGet30Min;33432"
        ],
        "Strict-Transport-Security": [
          "max-age=31536000; includeSubDomains"
        ],
        "x-ms-served-by": [
          "54253b73-cb53-496f-ab42-5e5ee19426f8_131681049397523582"
        ],
        "x-ms-request-id": [
          "fb81ff05-7297-4733-a3fe-e3a4b4b2d936"
        ],
        "x-ms-ratelimit-remaining-subscription-reads": [
          "14983"
        ],
        "x-ms-correlation-request-id": [
          "3424e957-d12b-49af-840b-93fba1e8f0ba"
        ],
        "x-ms-routing-request-id": [
          "WESTUS2:20180416T175109Z:3424e957-d12b-49af-840b-93fba1e8f0ba"
        ],
        "X-Content-Type-Options": [
          "nosniff"
        ]
      },
      "StatusCode": 200
    },
    {
      "RequestUri": "/subscriptions/0b1f6471-1bf0-4dda-aec3-cb9272f09590/resourceGroups/rgfluentchash-8823/providers/Microsoft.Compute/virtualMachines/vm67-aa937989a67/deallocate?api-version=2017-12-01",
      "EncodedRequestUri": "L3N1YnNjcmlwdGlvbnMvMGIxZjY0NzEtMWJmMC00ZGRhLWFlYzMtY2I5MjcyZjA5NTkwL3Jlc291cmNlR3JvdXBzL3JnZmx1ZW50Y2hhc2gtODgyMy9wcm92aWRlcnMvTWljcm9zb2Z0LkNvbXB1dGUvdmlydHVhbE1hY2hpbmVzL3ZtNjctYWE5Mzc5ODlhNjcvZGVhbGxvY2F0ZT9hcGktdmVyc2lvbj0yMDE3LTEyLTAx",
      "RequestMethod": "POST",
      "RequestBody": "",
      "RequestHeaders": {
        "x-ms-client-request-id": [
          "9a837acc-9b6f-4d57-a3b7-8191724b875c"
        ],
        "accept-language": [
          "en-US"
        ],
        "User-Agent": [
          "FxVersion/4.6.25211.01",
          "Microsoft.Azure.Management.Compute.Fluent.ComputeManagementClient/1.8.0.0",
          "MacAddressHash/1a7db1f3023c8cc9a72984005b4db786d257d09f868c7e111d4bf514b71b7890"
        ]
      },
      "ResponseBody": "",
      "ResponseHeaders": {
        "Content-Length": [
          "0"
        ],
        "Expires": [
          "-1"
        ],
        "Cache-Control": [
          "no-cache"
        ],
        "Date": [
          "Mon, 16 Apr 2018 17:49:10 GMT"
        ],
        "Pragma": [
          "no-cache"
        ],
        "Location": [
          "https://management.azure.com/subscriptions/0b1f6471-1bf0-4dda-aec3-cb9272f09590/providers/Microsoft.Compute/locations/eastus/operations/d0b550e2-c985-4393-a936-0313ef88c559?monitor=true&api-version=2017-12-01"
        ],
        "Retry-After": [
          "10"
        ],
        "Server": [
          "Microsoft-HTTPAPI/2.0",
          "Microsoft-HTTPAPI/2.0"
        ],
        "Azure-AsyncOperation": [
          "https://management.azure.com/subscriptions/0b1f6471-1bf0-4dda-aec3-cb9272f09590/providers/Microsoft.Compute/locations/eastus/operations/d0b550e2-c985-4393-a936-0313ef88c559?api-version=2017-12-01"
        ],
        "x-ms-ratelimit-remaining-resource": [
          "Microsoft.Compute/DeleteVM3Min;239,Microsoft.Compute/DeleteVM30Min;1196"
        ],
        "Strict-Transport-Security": [
          "max-age=31536000; includeSubDomains"
        ],
        "x-ms-served-by": [
          "54253b73-cb53-496f-ab42-5e5ee19426f8_131681049397523582"
        ],
        "x-ms-request-id": [
          "d0b550e2-c985-4393-a936-0313ef88c559"
        ],
        "x-ms-ratelimit-remaining-subscription-writes": [
          "1196"
        ],
        "x-ms-correlation-request-id": [
          "1d16fb04-2b96-4871-a12b-27ba79083359"
        ],
        "x-ms-routing-request-id": [
          "WESTUS2:20180416T174910Z:1d16fb04-2b96-4871-a12b-27ba79083359"
        ],
        "X-Content-Type-Options": [
          "nosniff"
        ]
      },
      "StatusCode": 202
    },
    {
      "RequestUri": "/subscriptions/0b1f6471-1bf0-4dda-aec3-cb9272f09590/providers/Microsoft.Compute/locations/eastus/operations/d0b550e2-c985-4393-a936-0313ef88c559?api-version=2017-12-01",
      "EncodedRequestUri": "L3N1YnNjcmlwdGlvbnMvMGIxZjY0NzEtMWJmMC00ZGRhLWFlYzMtY2I5MjcyZjA5NTkwL3Byb3ZpZGVycy9NaWNyb3NvZnQuQ29tcHV0ZS9sb2NhdGlvbnMvZWFzdHVzL29wZXJhdGlvbnMvZDBiNTUwZTItYzk4NS00MzkzLWE5MzYtMDMxM2VmODhjNTU5P2FwaS12ZXJzaW9uPTIwMTctMTItMDE=",
      "RequestMethod": "GET",
      "RequestBody": "",
      "RequestHeaders": {
        "User-Agent": [
          "FxVersion/4.6.25211.01",
          "Microsoft.Azure.Management.Compute.Fluent.ComputeManagementClient/1.8.0.0",
          "MacAddressHash/1a7db1f3023c8cc9a72984005b4db786d257d09f868c7e111d4bf514b71b7890"
        ]
      },
      "ResponseBody": "{\r\n  \"startTime\": \"2018-04-16T10:49:10.5372477-07:00\",\r\n  \"status\": \"InProgress\",\r\n  \"name\": \"d0b550e2-c985-4393-a936-0313ef88c559\"\r\n}",
      "ResponseHeaders": {
        "Content-Type": [
          "application/json; charset=utf-8"
        ],
        "Expires": [
          "-1"
        ],
        "Cache-Control": [
          "no-cache"
        ],
        "Date": [
          "Mon, 16 Apr 2018 17:49:20 GMT"
        ],
        "Pragma": [
          "no-cache"
        ],
        "Transfer-Encoding": [
          "chunked"
        ],
        "Retry-After": [
          "36"
        ],
        "Server": [
          "Microsoft-HTTPAPI/2.0",
          "Microsoft-HTTPAPI/2.0"
        ],
        "Vary": [
          "Accept-Encoding"
        ],
        "x-ms-ratelimit-remaining-resource": [
          "Microsoft.Compute/GetOperation3Min;14978,Microsoft.Compute/GetOperation30Min;29832"
        ],
        "Strict-Transport-Security": [
          "max-age=31536000; includeSubDomains"
        ],
        "x-ms-served-by": [
          "54253b73-cb53-496f-ab42-5e5ee19426f8_131681049397523582"
        ],
        "x-ms-request-id": [
          "8a7f59c4-090d-4cc5-9252-be58b04cdaaf"
        ],
        "x-ms-ratelimit-remaining-subscription-reads": [
          "14977"
        ],
        "x-ms-correlation-request-id": [
          "6b295441-51c8-4d61-b6e4-59e5a90e664e"
        ],
        "x-ms-routing-request-id": [
          "WESTUS2:20180416T174920Z:6b295441-51c8-4d61-b6e4-59e5a90e664e"
        ],
        "X-Content-Type-Options": [
          "nosniff"
        ]
      },
      "StatusCode": 200
    },
    {
      "RequestUri": "/subscriptions/0b1f6471-1bf0-4dda-aec3-cb9272f09590/providers/Microsoft.Compute/locations/eastus/operations/d0b550e2-c985-4393-a936-0313ef88c559?api-version=2017-12-01",
      "EncodedRequestUri": "L3N1YnNjcmlwdGlvbnMvMGIxZjY0NzEtMWJmMC00ZGRhLWFlYzMtY2I5MjcyZjA5NTkwL3Byb3ZpZGVycy9NaWNyb3NvZnQuQ29tcHV0ZS9sb2NhdGlvbnMvZWFzdHVzL29wZXJhdGlvbnMvZDBiNTUwZTItYzk4NS00MzkzLWE5MzYtMDMxM2VmODhjNTU5P2FwaS12ZXJzaW9uPTIwMTctMTItMDE=",
      "RequestMethod": "GET",
      "RequestBody": "",
      "RequestHeaders": {
        "User-Agent": [
          "FxVersion/4.6.25211.01",
          "Microsoft.Azure.Management.Compute.Fluent.ComputeManagementClient/1.8.0.0",
          "MacAddressHash/1a7db1f3023c8cc9a72984005b4db786d257d09f868c7e111d4bf514b71b7890"
        ]
      },
      "ResponseBody": "{\r\n  \"startTime\": \"2018-04-16T10:49:10.5372477-07:00\",\r\n  \"status\": \"InProgress\",\r\n  \"name\": \"d0b550e2-c985-4393-a936-0313ef88c559\"\r\n}",
      "ResponseHeaders": {
        "Content-Type": [
          "application/json; charset=utf-8"
        ],
        "Expires": [
          "-1"
        ],
        "Cache-Control": [
          "no-cache"
        ],
        "Date": [
          "Mon, 16 Apr 2018 17:49:56 GMT"
        ],
        "Pragma": [
          "no-cache"
        ],
        "Transfer-Encoding": [
          "chunked"
        ],
        "Server": [
          "Microsoft-HTTPAPI/2.0",
          "Microsoft-HTTPAPI/2.0"
        ],
        "Vary": [
          "Accept-Encoding"
        ],
        "x-ms-ratelimit-remaining-resource": [
          "Microsoft.Compute/GetOperation3Min;14979,Microsoft.Compute/GetOperation30Min;29829"
        ],
        "Strict-Transport-Security": [
          "max-age=31536000; includeSubDomains"
        ],
        "x-ms-served-by": [
          "54253b73-cb53-496f-ab42-5e5ee19426f8_131681049397523582"
        ],
        "x-ms-request-id": [
          "e0e56316-ca91-4afa-b595-2063368504a2"
        ],
        "x-ms-ratelimit-remaining-subscription-reads": [
          "14986"
        ],
        "x-ms-correlation-request-id": [
          "bbacba17-7174-406c-8d81-b493a7818464"
        ],
        "x-ms-routing-request-id": [
          "WESTUS2:20180416T174956Z:bbacba17-7174-406c-8d81-b493a7818464"
        ],
        "X-Content-Type-Options": [
          "nosniff"
        ]
      },
      "StatusCode": 200
    },
    {
      "RequestUri": "/subscriptions/0b1f6471-1bf0-4dda-aec3-cb9272f09590/providers/Microsoft.Compute/locations/eastus/operations/d0b550e2-c985-4393-a936-0313ef88c559?api-version=2017-12-01",
      "EncodedRequestUri": "L3N1YnNjcmlwdGlvbnMvMGIxZjY0NzEtMWJmMC00ZGRhLWFlYzMtY2I5MjcyZjA5NTkwL3Byb3ZpZGVycy9NaWNyb3NvZnQuQ29tcHV0ZS9sb2NhdGlvbnMvZWFzdHVzL29wZXJhdGlvbnMvZDBiNTUwZTItYzk4NS00MzkzLWE5MzYtMDMxM2VmODhjNTU5P2FwaS12ZXJzaW9uPTIwMTctMTItMDE=",
      "RequestMethod": "GET",
      "RequestBody": "",
      "RequestHeaders": {
        "User-Agent": [
          "FxVersion/4.6.25211.01",
          "Microsoft.Azure.Management.Compute.Fluent.ComputeManagementClient/1.8.0.0",
          "MacAddressHash/1a7db1f3023c8cc9a72984005b4db786d257d09f868c7e111d4bf514b71b7890"
        ]
      },
      "ResponseBody": "{\r\n  \"startTime\": \"2018-04-16T10:49:10.5372477-07:00\",\r\n  \"status\": \"InProgress\",\r\n  \"name\": \"d0b550e2-c985-4393-a936-0313ef88c559\"\r\n}",
      "ResponseHeaders": {
        "Content-Type": [
          "application/json; charset=utf-8"
        ],
        "Expires": [
          "-1"
        ],
        "Cache-Control": [
          "no-cache"
        ],
        "Date": [
          "Mon, 16 Apr 2018 17:50:32 GMT"
        ],
        "Pragma": [
          "no-cache"
        ],
        "Transfer-Encoding": [
          "chunked"
        ],
        "Server": [
          "Microsoft-HTTPAPI/2.0",
          "Microsoft-HTTPAPI/2.0"
        ],
        "Vary": [
          "Accept-Encoding"
        ],
        "x-ms-ratelimit-remaining-resource": [
          "Microsoft.Compute/GetOperation3Min;14983,Microsoft.Compute/GetOperation30Min;29852"
        ],
        "Strict-Transport-Security": [
          "max-age=31536000; includeSubDomains"
        ],
        "x-ms-served-by": [
          "54253b73-cb53-496f-ab42-5e5ee19426f8_131681049397523582"
        ],
        "x-ms-request-id": [
          "dca438e2-bf36-4f39-a8d1-9fcaa1ef53ed"
        ],
        "x-ms-ratelimit-remaining-subscription-reads": [
          "14985"
        ],
        "x-ms-correlation-request-id": [
          "7f2f2da0-c328-4b84-8ecd-5ae00e4c7989"
        ],
        "x-ms-routing-request-id": [
          "WESTUS2:20180416T175032Z:7f2f2da0-c328-4b84-8ecd-5ae00e4c7989"
        ],
        "X-Content-Type-Options": [
          "nosniff"
        ]
      },
      "StatusCode": 200
    },
    {
      "RequestUri": "/subscriptions/0b1f6471-1bf0-4dda-aec3-cb9272f09590/providers/Microsoft.Compute/locations/eastus/operations/d0b550e2-c985-4393-a936-0313ef88c559?api-version=2017-12-01",
      "EncodedRequestUri": "L3N1YnNjcmlwdGlvbnMvMGIxZjY0NzEtMWJmMC00ZGRhLWFlYzMtY2I5MjcyZjA5NTkwL3Byb3ZpZGVycy9NaWNyb3NvZnQuQ29tcHV0ZS9sb2NhdGlvbnMvZWFzdHVzL29wZXJhdGlvbnMvZDBiNTUwZTItYzk4NS00MzkzLWE5MzYtMDMxM2VmODhjNTU5P2FwaS12ZXJzaW9uPTIwMTctMTItMDE=",
      "RequestMethod": "GET",
      "RequestBody": "",
      "RequestHeaders": {
        "User-Agent": [
          "FxVersion/4.6.25211.01",
          "Microsoft.Azure.Management.Compute.Fluent.ComputeManagementClient/1.8.0.0",
          "MacAddressHash/1a7db1f3023c8cc9a72984005b4db786d257d09f868c7e111d4bf514b71b7890"
        ]
      },
      "ResponseBody": "{\r\n  \"startTime\": \"2018-04-16T10:49:10.5372477-07:00\",\r\n  \"endTime\": \"2018-04-16T10:50:55.7566814-07:00\",\r\n  \"status\": \"Succeeded\",\r\n  \"name\": \"d0b550e2-c985-4393-a936-0313ef88c559\"\r\n}",
      "ResponseHeaders": {
        "Content-Type": [
          "application/json; charset=utf-8"
        ],
        "Expires": [
          "-1"
        ],
        "Cache-Control": [
          "no-cache"
        ],
        "Date": [
          "Mon, 16 Apr 2018 17:51:08 GMT"
        ],
        "Pragma": [
          "no-cache"
        ],
        "Transfer-Encoding": [
          "chunked"
        ],
        "Server": [
          "Microsoft-HTTPAPI/2.0",
          "Microsoft-HTTPAPI/2.0"
        ],
        "Vary": [
          "Accept-Encoding"
        ],
        "x-ms-ratelimit-remaining-resource": [
          "Microsoft.Compute/GetOperation3Min;14984,Microsoft.Compute/GetOperation30Min;29849"
        ],
        "Strict-Transport-Security": [
          "max-age=31536000; includeSubDomains"
        ],
        "x-ms-served-by": [
          "54253b73-cb53-496f-ab42-5e5ee19426f8_131681049397523582"
        ],
        "x-ms-request-id": [
          "6f8af1c4-c4dd-4845-9e29-8f62844f2f2f"
        ],
        "x-ms-ratelimit-remaining-subscription-reads": [
          "14984"
        ],
        "x-ms-correlation-request-id": [
          "261a464b-ecea-4fa7-8ddc-d2a5f29a0fa3"
        ],
        "x-ms-routing-request-id": [
          "WESTUS2:20180416T175109Z:261a464b-ecea-4fa7-8ddc-d2a5f29a0fa3"
        ],
        "X-Content-Type-Options": [
          "nosniff"
        ]
      },
      "StatusCode": 200
    },
    {
      "RequestUri": "/subscriptions/0b1f6471-1bf0-4dda-aec3-cb9272f09590/resourceGroups/rgfluentchash-8823/providers/Microsoft.Compute/virtualMachines/vm67-aa937989a67/generalize?api-version=2017-12-01",
      "EncodedRequestUri": "L3N1YnNjcmlwdGlvbnMvMGIxZjY0NzEtMWJmMC00ZGRhLWFlYzMtY2I5MjcyZjA5NTkwL3Jlc291cmNlR3JvdXBzL3JnZmx1ZW50Y2hhc2gtODgyMy9wcm92aWRlcnMvTWljcm9zb2Z0LkNvbXB1dGUvdmlydHVhbE1hY2hpbmVzL3ZtNjctYWE5Mzc5ODlhNjcvZ2VuZXJhbGl6ZT9hcGktdmVyc2lvbj0yMDE3LTEyLTAx",
      "RequestMethod": "POST",
      "RequestBody": "",
      "RequestHeaders": {
        "x-ms-client-request-id": [
          "ec77a0dd-1f68-4098-969a-41836641900b"
        ],
        "accept-language": [
          "en-US"
        ],
        "User-Agent": [
          "FxVersion/4.6.25211.01",
          "Microsoft.Azure.Management.Compute.Fluent.ComputeManagementClient/1.8.0.0",
          "MacAddressHash/1a7db1f3023c8cc9a72984005b4db786d257d09f868c7e111d4bf514b71b7890"
        ]
      },
      "ResponseBody": "",
      "ResponseHeaders": {
        "Content-Length": [
          "0"
        ],
        "Expires": [
          "-1"
        ],
        "Cache-Control": [
          "no-cache"
        ],
        "Date": [
          "Mon, 16 Apr 2018 17:51:08 GMT"
        ],
        "Pragma": [
          "no-cache"
        ],
        "Server": [
          "Microsoft-HTTPAPI/2.0",
          "Microsoft-HTTPAPI/2.0"
        ],
        "x-ms-ratelimit-remaining-resource": [
          "Microsoft.Compute/UpdateVM3Min;239,Microsoft.Compute/UpdateVM30Min;1196"
        ],
        "Strict-Transport-Security": [
          "max-age=31536000; includeSubDomains"
        ],
        "x-ms-served-by": [
          "54253b73-cb53-496f-ab42-5e5ee19426f8_131681049397523582"
        ],
        "x-ms-request-id": [
          "b9689f26-c359-41f1-96b3-4fca1e85fef1"
        ],
        "x-ms-ratelimit-remaining-subscription-writes": [
          "1198"
        ],
        "x-ms-correlation-request-id": [
          "d8c0a210-f97a-4b1a-ad87-15aa23f36e10"
        ],
        "x-ms-routing-request-id": [
          "WESTUS2:20180416T175109Z:d8c0a210-f97a-4b1a-ad87-15aa23f36e10"
        ],
        "X-Content-Type-Options": [
          "nosniff"
        ]
      },
      "StatusCode": 200
    },
    {
      "RequestUri": "/subscriptions/0b1f6471-1bf0-4dda-aec3-cb9272f09590/resourceGroups/rgfluentchash-8823/providers/Microsoft.Compute/images/img6f379338dc?api-version=2017-12-01",
      "EncodedRequestUri": "L3N1YnNjcmlwdGlvbnMvMGIxZjY0NzEtMWJmMC00ZGRhLWFlYzMtY2I5MjcyZjA5NTkwL3Jlc291cmNlR3JvdXBzL3JnZmx1ZW50Y2hhc2gtODgyMy9wcm92aWRlcnMvTWljcm9zb2Z0LkNvbXB1dGUvaW1hZ2VzL2ltZzZmMzc5MzM4ZGM/YXBpLXZlcnNpb249MjAxNy0xMi0wMQ==",
      "RequestMethod": "PUT",
      "RequestBody": "{\r\n  \"properties\": {\r\n    \"sourceVirtualMachine\": {\r\n      \"id\": \"/subscriptions/0b1f6471-1bf0-4dda-aec3-cb9272f09590/resourceGroups/rgfluentchash-8823/providers/Microsoft.Compute/virtualMachines/vm67-aa937989a67\"\r\n    }\r\n  },\r\n  \"location\": \"eastus\",\r\n  \"tags\": {}\r\n}",
      "RequestHeaders": {
        "Content-Type": [
          "application/json; charset=utf-8"
        ],
        "Content-Length": [
          "268"
        ],
        "x-ms-client-request-id": [
          "3d694f46-2864-4dae-a38e-dfcf3ad01e0a"
        ],
        "accept-language": [
          "en-US"
        ],
        "User-Agent": [
          "FxVersion/4.6.25211.01",
          "Microsoft.Azure.Management.Compute.Fluent.ComputeManagementClient/1.8.0.0",
          "MacAddressHash/1a7db1f3023c8cc9a72984005b4db786d257d09f868c7e111d4bf514b71b7890"
        ]
      },
      "ResponseBody": "{\r\n  \"properties\": {\r\n    \"sourceVirtualMachine\": {\r\n      \"id\": \"/subscriptions/0b1f6471-1bf0-4dda-aec3-cb9272f09590/resourceGroups/rgfluentchash-8823/providers/Microsoft.Compute/virtualMachines/vm67-aa937989a67\"\r\n    },\r\n    \"storageProfile\": {\r\n      \"osDisk\": {\r\n        \"osType\": \"Linux\",\r\n        \"osState\": \"Generalized\",\r\n        \"diskSizeGB\": 30,\r\n        \"blobUri\": \"https://stga9603837c91.blob.core.windows.net/vhds/vm67-aa937989a67-os-disk-37036d2b-a1a8-4944-ba3c-9d8f0462e9c0.Vhd\",\r\n        \"caching\": \"ReadWrite\",\r\n        \"storageAccountType\": \"Standard_LRS\"\r\n      },\r\n      \"dataDisks\": [\r\n        {\r\n          \"lun\": 0,\r\n          \"diskSizeGB\": 30,\r\n          \"blobUri\": \"https://stga9603837c91.blob.core.windows.net/vhds/vm67-aa937989a67-data-disk-0-23ff5311-339a-4bae-b903-f0faa88b24ad.Vhd\",\r\n          \"caching\": \"ReadWrite\",\r\n          \"storageAccountType\": \"Standard_LRS\"\r\n        },\r\n        {\r\n          \"lun\": 1,\r\n          \"diskSizeGB\": 60,\r\n          \"blobUri\": \"https://stga9603837c91.blob.core.windows.net/vhds/vm67-aa937989a67-data-disk-1-e7043829-79ef-44cc-a386-3aeccebc2891.Vhd\",\r\n          \"caching\": \"ReadOnly\",\r\n          \"storageAccountType\": \"Standard_LRS\"\r\n        }\r\n      ]\r\n    },\r\n    \"provisioningState\": \"Creating\"\r\n  },\r\n  \"type\": \"Microsoft.Compute/images\",\r\n  \"location\": \"eastus\",\r\n  \"tags\": {},\r\n  \"id\": \"/subscriptions/0b1f6471-1bf0-4dda-aec3-cb9272f09590/resourceGroups/rgfluentchash-8823/providers/Microsoft.Compute/images/img6f379338dc\",\r\n  \"name\": \"img6f379338dc\"\r\n}",
      "ResponseHeaders": {
        "Content-Length": [
          "1521"
        ],
        "Content-Type": [
          "application/json; charset=utf-8"
        ],
        "Expires": [
          "-1"
        ],
        "Cache-Control": [
          "no-cache"
        ],
        "Date": [
          "Mon, 16 Apr 2018 17:51:16 GMT"
        ],
        "Pragma": [
          "no-cache"
        ],
        "Server": [
          "Microsoft-HTTPAPI/2.0",
          "Microsoft-HTTPAPI/2.0"
        ],
        "Azure-AsyncOperation": [
          "https://management.azure.com/subscriptions/0b1f6471-1bf0-4dda-aec3-cb9272f09590/providers/Microsoft.Compute/locations/eastus/operations/8b5a3eee-e892-430f-96ed-6b17065e972a?api-version=2017-12-01"
        ],
        "x-ms-ratelimit-remaining-resource": [
          "Microsoft.Compute/CreateImages3Min;39,Microsoft.Compute/CreateImages30Min;198"
        ],
        "Strict-Transport-Security": [
          "max-age=31536000; includeSubDomains"
        ],
        "x-ms-served-by": [
          "54253b73-cb53-496f-ab42-5e5ee19426f8_131681049397523582"
        ],
        "x-ms-request-id": [
          "8b5a3eee-e892-430f-96ed-6b17065e972a"
        ],
        "x-ms-ratelimit-remaining-subscription-writes": [
          "1196"
        ],
        "x-ms-correlation-request-id": [
          "e7f7e11f-0ddf-4fb5-84bc-1ec6b813a262"
        ],
        "x-ms-routing-request-id": [
          "WESTUS2:20180416T175116Z:e7f7e11f-0ddf-4fb5-84bc-1ec6b813a262"
        ],
        "X-Content-Type-Options": [
          "nosniff"
        ]
      },
      "StatusCode": 201
    },
    {
      "RequestUri": "/subscriptions/0b1f6471-1bf0-4dda-aec3-cb9272f09590/providers/Microsoft.Compute/locations/eastus/operations/8b5a3eee-e892-430f-96ed-6b17065e972a?api-version=2017-12-01",
      "EncodedRequestUri": "L3N1YnNjcmlwdGlvbnMvMGIxZjY0NzEtMWJmMC00ZGRhLWFlYzMtY2I5MjcyZjA5NTkwL3Byb3ZpZGVycy9NaWNyb3NvZnQuQ29tcHV0ZS9sb2NhdGlvbnMvZWFzdHVzL29wZXJhdGlvbnMvOGI1YTNlZWUtZTg5Mi00MzBmLTk2ZWQtNmIxNzA2NWU5NzJhP2FwaS12ZXJzaW9uPTIwMTctMTItMDE=",
      "RequestMethod": "GET",
      "RequestBody": "",
      "RequestHeaders": {
        "User-Agent": [
          "FxVersion/4.6.25211.01",
          "Microsoft.Azure.Management.Compute.Fluent.ComputeManagementClient/1.8.0.0",
          "MacAddressHash/1a7db1f3023c8cc9a72984005b4db786d257d09f868c7e111d4bf514b71b7890"
        ]
      },
      "ResponseBody": "{\r\n  \"startTime\": \"2018-04-16T10:51:10.9911446-07:00\",\r\n  \"endTime\": \"2018-04-16T10:51:21.1474656-07:00\",\r\n  \"status\": \"Succeeded\",\r\n  \"name\": \"8b5a3eee-e892-430f-96ed-6b17065e972a\"\r\n}",
      "ResponseHeaders": {
        "Content-Type": [
          "application/json; charset=utf-8"
        ],
        "Expires": [
          "-1"
        ],
        "Cache-Control": [
          "no-cache"
        ],
        "Date": [
          "Mon, 16 Apr 2018 17:51:46 GMT"
        ],
        "Pragma": [
          "no-cache"
        ],
        "Transfer-Encoding": [
          "chunked"
        ],
        "Server": [
          "Microsoft-HTTPAPI/2.0",
          "Microsoft-HTTPAPI/2.0"
        ],
        "Vary": [
          "Accept-Encoding"
        ],
        "x-ms-ratelimit-remaining-resource": [
          "Microsoft.Compute/GetOperation3Min;14986,Microsoft.Compute/GetOperation30Min;29847"
        ],
        "Strict-Transport-Security": [
          "max-age=31536000; includeSubDomains"
        ],
        "x-ms-served-by": [
          "54253b73-cb53-496f-ab42-5e5ee19426f8_131681049397523582"
        ],
        "x-ms-request-id": [
          "e49de964-0e30-49dc-9058-c0d494dcf24d"
        ],
        "x-ms-ratelimit-remaining-subscription-reads": [
          "14982"
        ],
        "x-ms-correlation-request-id": [
          "9c73972b-de1d-4373-8723-6fc50786649b"
        ],
        "x-ms-routing-request-id": [
          "WESTUS2:20180416T175146Z:9c73972b-de1d-4373-8723-6fc50786649b"
        ],
        "X-Content-Type-Options": [
          "nosniff"
        ]
      },
      "StatusCode": 200
    },
    {
      "RequestUri": "/subscriptions/0b1f6471-1bf0-4dda-aec3-cb9272f09590/resourceGroups/rgfluentchash-8823/providers/Microsoft.Compute/images/img6f379338dc?api-version=2017-12-01",
      "EncodedRequestUri": "L3N1YnNjcmlwdGlvbnMvMGIxZjY0NzEtMWJmMC00ZGRhLWFlYzMtY2I5MjcyZjA5NTkwL3Jlc291cmNlR3JvdXBzL3JnZmx1ZW50Y2hhc2gtODgyMy9wcm92aWRlcnMvTWljcm9zb2Z0LkNvbXB1dGUvaW1hZ2VzL2ltZzZmMzc5MzM4ZGM/YXBpLXZlcnNpb249MjAxNy0xMi0wMQ==",
      "RequestMethod": "GET",
      "RequestBody": "",
      "RequestHeaders": {
        "User-Agent": [
          "FxVersion/4.6.25211.01",
          "Microsoft.Azure.Management.Compute.Fluent.ComputeManagementClient/1.8.0.0",
          "MacAddressHash/1a7db1f3023c8cc9a72984005b4db786d257d09f868c7e111d4bf514b71b7890"
        ]
      },
      "ResponseBody": "{\r\n  \"properties\": {\r\n    \"sourceVirtualMachine\": {\r\n      \"id\": \"/subscriptions/0b1f6471-1bf0-4dda-aec3-cb9272f09590/resourceGroups/rgfluentchash-8823/providers/Microsoft.Compute/virtualMachines/vm67-aa937989a67\"\r\n    },\r\n    \"storageProfile\": {\r\n      \"osDisk\": {\r\n        \"osType\": \"Linux\",\r\n        \"osState\": \"Generalized\",\r\n        \"diskSizeGB\": 30,\r\n        \"blobUri\": \"https://stga9603837c91.blob.core.windows.net/vhds/vm67-aa937989a67-os-disk-37036d2b-a1a8-4944-ba3c-9d8f0462e9c0.Vhd\",\r\n        \"caching\": \"ReadWrite\",\r\n        \"storageAccountType\": \"Standard_LRS\"\r\n      },\r\n      \"dataDisks\": [\r\n        {\r\n          \"lun\": 0,\r\n          \"diskSizeGB\": 30,\r\n          \"blobUri\": \"https://stga9603837c91.blob.core.windows.net/vhds/vm67-aa937989a67-data-disk-0-23ff5311-339a-4bae-b903-f0faa88b24ad.Vhd\",\r\n          \"caching\": \"ReadWrite\",\r\n          \"storageAccountType\": \"Standard_LRS\"\r\n        },\r\n        {\r\n          \"lun\": 1,\r\n          \"diskSizeGB\": 60,\r\n          \"blobUri\": \"https://stga9603837c91.blob.core.windows.net/vhds/vm67-aa937989a67-data-disk-1-e7043829-79ef-44cc-a386-3aeccebc2891.Vhd\",\r\n          \"caching\": \"ReadOnly\",\r\n          \"storageAccountType\": \"Standard_LRS\"\r\n        }\r\n      ]\r\n    },\r\n    \"provisioningState\": \"Succeeded\"\r\n  },\r\n  \"type\": \"Microsoft.Compute/images\",\r\n  \"location\": \"eastus\",\r\n  \"tags\": {},\r\n  \"id\": \"/subscriptions/0b1f6471-1bf0-4dda-aec3-cb9272f09590/resourceGroups/rgfluentchash-8823/providers/Microsoft.Compute/images/img6f379338dc\",\r\n  \"name\": \"img6f379338dc\"\r\n}",
      "ResponseHeaders": {
        "Content-Type": [
          "application/json; charset=utf-8"
        ],
        "Expires": [
          "-1"
        ],
        "Cache-Control": [
          "no-cache"
        ],
        "Date": [
          "Mon, 16 Apr 2018 17:51:46 GMT"
        ],
        "Pragma": [
          "no-cache"
        ],
        "Transfer-Encoding": [
          "chunked"
        ],
        "Server": [
          "Microsoft-HTTPAPI/2.0",
          "Microsoft-HTTPAPI/2.0"
        ],
        "Vary": [
          "Accept-Encoding"
        ],
        "x-ms-ratelimit-remaining-resource": [
          "Microsoft.Compute/GetImages3Min;358,Microsoft.Compute/GetImages30Min;1791"
        ],
        "Strict-Transport-Security": [
          "max-age=31536000; includeSubDomains"
        ],
        "x-ms-served-by": [
          "54253b73-cb53-496f-ab42-5e5ee19426f8_131681049397523582"
        ],
        "x-ms-request-id": [
          "9bd5034c-0fc0-4753-b161-8d22fea963b0"
        ],
        "x-ms-ratelimit-remaining-subscription-reads": [
          "14981"
        ],
        "x-ms-correlation-request-id": [
          "bf4dd893-08a6-4972-8f49-b6086cdf72a4"
        ],
        "x-ms-routing-request-id": [
          "WESTUS2:20180416T175146Z:bf4dd893-08a6-4972-8f49-b6086cdf72a4"
        ],
        "X-Content-Type-Options": [
          "nosniff"
        ]
      },
      "StatusCode": 200
    },
    {
      "RequestUri": "/subscriptions/0b1f6471-1bf0-4dda-aec3-cb9272f09590/resourceGroups/rgfluentchash-8823/providers/Microsoft.Compute/images/img6f379338dc?api-version=2017-12-01",
      "EncodedRequestUri": "L3N1YnNjcmlwdGlvbnMvMGIxZjY0NzEtMWJmMC00ZGRhLWFlYzMtY2I5MjcyZjA5NTkwL3Jlc291cmNlR3JvdXBzL3JnZmx1ZW50Y2hhc2gtODgyMy9wcm92aWRlcnMvTWljcm9zb2Z0LkNvbXB1dGUvaW1hZ2VzL2ltZzZmMzc5MzM4ZGM/YXBpLXZlcnNpb249MjAxNy0xMi0wMQ==",
      "RequestMethod": "GET",
      "RequestBody": "",
      "RequestHeaders": {
        "x-ms-client-request-id": [
          "045f0539-a503-4ae6-b355-08753d8d1317"
        ],
        "accept-language": [
          "en-US"
        ],
        "User-Agent": [
          "FxVersion/4.6.25211.01",
          "Microsoft.Azure.Management.Compute.Fluent.ComputeManagementClient/1.8.0.0",
          "MacAddressHash/1a7db1f3023c8cc9a72984005b4db786d257d09f868c7e111d4bf514b71b7890"
        ]
      },
      "ResponseBody": "{\r\n  \"properties\": {\r\n    \"sourceVirtualMachine\": {\r\n      \"id\": \"/subscriptions/0b1f6471-1bf0-4dda-aec3-cb9272f09590/resourceGroups/rgfluentchash-8823/providers/Microsoft.Compute/virtualMachines/vm67-aa937989a67\"\r\n    },\r\n    \"storageProfile\": {\r\n      \"osDisk\": {\r\n        \"osType\": \"Linux\",\r\n        \"osState\": \"Generalized\",\r\n        \"diskSizeGB\": 30,\r\n        \"blobUri\": \"https://stga9603837c91.blob.core.windows.net/vhds/vm67-aa937989a67-os-disk-37036d2b-a1a8-4944-ba3c-9d8f0462e9c0.Vhd\",\r\n        \"caching\": \"ReadWrite\",\r\n        \"storageAccountType\": \"Standard_LRS\"\r\n      },\r\n      \"dataDisks\": [\r\n        {\r\n          \"lun\": 0,\r\n          \"diskSizeGB\": 30,\r\n          \"blobUri\": \"https://stga9603837c91.blob.core.windows.net/vhds/vm67-aa937989a67-data-disk-0-23ff5311-339a-4bae-b903-f0faa88b24ad.Vhd\",\r\n          \"caching\": \"ReadWrite\",\r\n          \"storageAccountType\": \"Standard_LRS\"\r\n        },\r\n        {\r\n          \"lun\": 1,\r\n          \"diskSizeGB\": 60,\r\n          \"blobUri\": \"https://stga9603837c91.blob.core.windows.net/vhds/vm67-aa937989a67-data-disk-1-e7043829-79ef-44cc-a386-3aeccebc2891.Vhd\",\r\n          \"caching\": \"ReadOnly\",\r\n          \"storageAccountType\": \"Standard_LRS\"\r\n        }\r\n      ]\r\n    },\r\n    \"provisioningState\": \"Succeeded\"\r\n  },\r\n  \"type\": \"Microsoft.Compute/images\",\r\n  \"location\": \"eastus\",\r\n  \"tags\": {},\r\n  \"id\": \"/subscriptions/0b1f6471-1bf0-4dda-aec3-cb9272f09590/resourceGroups/rgfluentchash-8823/providers/Microsoft.Compute/images/img6f379338dc\",\r\n  \"name\": \"img6f379338dc\"\r\n}",
      "ResponseHeaders": {
        "Content-Type": [
          "application/json; charset=utf-8"
        ],
        "Expires": [
          "-1"
        ],
        "Cache-Control": [
          "no-cache"
        ],
        "Date": [
          "Mon, 16 Apr 2018 17:51:46 GMT"
        ],
        "Pragma": [
          "no-cache"
        ],
        "Transfer-Encoding": [
          "chunked"
        ],
        "Server": [
          "Microsoft-HTTPAPI/2.0",
          "Microsoft-HTTPAPI/2.0"
        ],
        "Vary": [
          "Accept-Encoding"
        ],
        "x-ms-ratelimit-remaining-resource": [
          "Microsoft.Compute/GetImages3Min;357,Microsoft.Compute/GetImages30Min;1790"
        ],
        "Strict-Transport-Security": [
          "max-age=31536000; includeSubDomains"
        ],
        "x-ms-served-by": [
          "54253b73-cb53-496f-ab42-5e5ee19426f8_131681049397523582"
        ],
        "x-ms-request-id": [
          "4ee1eeef-9bc1-4795-ab33-b4209cdfaf67"
        ],
        "x-ms-ratelimit-remaining-subscription-reads": [
          "14980"
        ],
        "x-ms-correlation-request-id": [
          "fd871835-c80c-4d0e-bef6-d69a9004fbab"
        ],
        "x-ms-routing-request-id": [
          "WESTUS2:20180416T175146Z:fd871835-c80c-4d0e-bef6-d69a9004fbab"
        ],
        "X-Content-Type-Options": [
          "nosniff"
        ]
      },
      "StatusCode": 200
    },
    {
      "RequestUri": "/subscriptions/0b1f6471-1bf0-4dda-aec3-cb9272f09590/resourceGroups/rgfluentchash-8823/providers/Microsoft.Compute/images/img6f379338dc?api-version=2017-12-01",
      "EncodedRequestUri": "L3N1YnNjcmlwdGlvbnMvMGIxZjY0NzEtMWJmMC00ZGRhLWFlYzMtY2I5MjcyZjA5NTkwL3Jlc291cmNlR3JvdXBzL3JnZmx1ZW50Y2hhc2gtODgyMy9wcm92aWRlcnMvTWljcm9zb2Z0LkNvbXB1dGUvaW1hZ2VzL2ltZzZmMzc5MzM4ZGM/YXBpLXZlcnNpb249MjAxNy0xMi0wMQ==",
      "RequestMethod": "DELETE",
      "RequestBody": "",
      "RequestHeaders": {
        "x-ms-client-request-id": [
          "b9791bc4-199f-447e-9f8d-a0423718c02f"
        ],
        "accept-language": [
          "en-US"
        ],
        "User-Agent": [
          "FxVersion/4.6.25211.01",
          "Microsoft.Azure.Management.Compute.Fluent.ComputeManagementClient/1.8.0.0",
          "MacAddressHash/1a7db1f3023c8cc9a72984005b4db786d257d09f868c7e111d4bf514b71b7890"
        ]
      },
      "ResponseBody": "",
      "ResponseHeaders": {
        "Content-Length": [
          "0"
        ],
        "Expires": [
          "-1"
        ],
        "Cache-Control": [
          "no-cache"
        ],
        "Date": [
          "Mon, 16 Apr 2018 17:51:46 GMT"
        ],
        "Pragma": [
          "no-cache"
        ],
        "Location": [
          "https://management.azure.com/subscriptions/0b1f6471-1bf0-4dda-aec3-cb9272f09590/providers/Microsoft.Compute/locations/eastus/operations/5afde2a0-7af9-49af-bd85-9d685cf302d2?monitor=true&api-version=2017-12-01"
        ],
        "Server": [
          "Microsoft-HTTPAPI/2.0",
          "Microsoft-HTTPAPI/2.0"
        ],
        "Azure-AsyncOperation": [
          "https://management.azure.com/subscriptions/0b1f6471-1bf0-4dda-aec3-cb9272f09590/providers/Microsoft.Compute/locations/eastus/operations/5afde2a0-7af9-49af-bd85-9d685cf302d2?api-version=2017-12-01"
        ],
        "x-ms-ratelimit-remaining-resource": [
          "Microsoft.Compute/DeleteImages3Min;119,Microsoft.Compute/DeleteImages30Min;598"
        ],
        "Strict-Transport-Security": [
          "max-age=31536000; includeSubDomains"
        ],
        "x-ms-served-by": [
          "54253b73-cb53-496f-ab42-5e5ee19426f8_131681049397523582"
        ],
        "x-ms-request-id": [
          "5afde2a0-7af9-49af-bd85-9d685cf302d2"
        ],
        "x-ms-ratelimit-remaining-subscription-writes": [
          "1195"
        ],
        "x-ms-correlation-request-id": [
          "3ec92b17-f4f1-4aa2-a02c-7720488247ac"
        ],
        "x-ms-routing-request-id": [
          "WESTUS2:20180416T175147Z:3ec92b17-f4f1-4aa2-a02c-7720488247ac"
        ],
        "X-Content-Type-Options": [
          "nosniff"
        ]
      },
      "StatusCode": 202
    },
    {
      "RequestUri": "/subscriptions/0b1f6471-1bf0-4dda-aec3-cb9272f09590/providers/Microsoft.Compute/locations/eastus/operations/5afde2a0-7af9-49af-bd85-9d685cf302d2?api-version=2017-12-01",
      "EncodedRequestUri": "L3N1YnNjcmlwdGlvbnMvMGIxZjY0NzEtMWJmMC00ZGRhLWFlYzMtY2I5MjcyZjA5NTkwL3Byb3ZpZGVycy9NaWNyb3NvZnQuQ29tcHV0ZS9sb2NhdGlvbnMvZWFzdHVzL29wZXJhdGlvbnMvNWFmZGUyYTAtN2FmOS00OWFmLWJkODUtOWQ2ODVjZjMwMmQyP2FwaS12ZXJzaW9uPTIwMTctMTItMDE=",
      "RequestMethod": "GET",
      "RequestBody": "",
      "RequestHeaders": {
        "User-Agent": [
          "FxVersion/4.6.25211.01",
          "Microsoft.Azure.Management.Compute.Fluent.ComputeManagementClient/1.8.0.0",
          "MacAddressHash/1a7db1f3023c8cc9a72984005b4db786d257d09f868c7e111d4bf514b71b7890"
        ]
      },
      "ResponseBody": "{\r\n  \"startTime\": \"2018-04-16T10:51:47.1164663-07:00\",\r\n  \"endTime\": \"2018-04-16T10:51:52.1946945-07:00\",\r\n  \"status\": \"Succeeded\",\r\n  \"name\": \"5afde2a0-7af9-49af-bd85-9d685cf302d2\"\r\n}",
      "ResponseHeaders": {
        "Content-Type": [
          "application/json; charset=utf-8"
        ],
        "Expires": [
          "-1"
        ],
        "Cache-Control": [
          "no-cache"
        ],
        "Date": [
          "Mon, 16 Apr 2018 17:52:17 GMT"
        ],
        "Pragma": [
          "no-cache"
        ],
        "Transfer-Encoding": [
          "chunked"
        ],
        "Server": [
          "Microsoft-HTTPAPI/2.0",
          "Microsoft-HTTPAPI/2.0"
        ],
        "Vary": [
          "Accept-Encoding"
        ],
        "x-ms-ratelimit-remaining-resource": [
          "Microsoft.Compute/GetOperation3Min;14988,Microsoft.Compute/GetOperation30Min;29845"
        ],
        "Strict-Transport-Security": [
          "max-age=31536000; includeSubDomains"
        ],
        "x-ms-served-by": [
          "54253b73-cb53-496f-ab42-5e5ee19426f8_131681049397523582"
        ],
        "x-ms-request-id": [
          "c47da198-23ea-4429-870d-e155578c5918"
        ],
        "x-ms-ratelimit-remaining-subscription-reads": [
          "14979"
        ],
        "x-ms-correlation-request-id": [
          "9cdf8d16-5e71-425e-8be1-07cd6630ddd4"
        ],
        "x-ms-routing-request-id": [
          "WESTUS2:20180416T175217Z:9cdf8d16-5e71-425e-8be1-07cd6630ddd4"
        ],
        "X-Content-Type-Options": [
          "nosniff"
        ]
      },
      "StatusCode": 200
    },
    {
      "RequestUri": "/subscriptions/0b1f6471-1bf0-4dda-aec3-cb9272f09590/resourcegroups/rgfluentchash-8823?api-version=2017-05-10",
      "EncodedRequestUri": "L3N1YnNjcmlwdGlvbnMvMGIxZjY0NzEtMWJmMC00ZGRhLWFlYzMtY2I5MjcyZjA5NTkwL3Jlc291cmNlZ3JvdXBzL3JnZmx1ZW50Y2hhc2gtODgyMz9hcGktdmVyc2lvbj0yMDE3LTA1LTEw",
      "RequestMethod": "DELETE",
      "RequestBody": "",
      "RequestHeaders": {
        "x-ms-client-request-id": [
          "eb65e64d-871a-49d1-8086-33c611a5a393"
        ],
        "accept-language": [
          "en-US"
        ],
        "User-Agent": [
          "FxVersion/4.6.25211.01",
          "Microsoft.Azure.Management.ResourceManager.Fluent.ResourceManagementClient/1.8.0.0",
          "MacAddressHash/1a7db1f3023c8cc9a72984005b4db786d257d09f868c7e111d4bf514b71b7890"
        ]
      },
      "ResponseBody": "",
      "ResponseHeaders": {
        "Content-Length": [
          "0"
        ],
        "Expires": [
          "-1"
        ],
        "Cache-Control": [
          "no-cache"
        ],
        "Date": [
          "Mon, 16 Apr 2018 17:52:18 GMT"
        ],
        "Pragma": [
          "no-cache"
        ],
        "Location": [
          "https://management.azure.com/subscriptions/0b1f6471-1bf0-4dda-aec3-cb9272f09590/operationresults/eyJqb2JJZCI6IlJFU09VUkNFR1JPVVBERUxFVElPTkpPQi1SR0ZMVUVOVENIQVNIOjJEODgyMy1FQVNUVVMiLCJqb2JMb2NhdGlvbiI6ImVhc3R1cyJ9?api-version=2017-05-10"
        ],
        "Retry-After": [
          "15"
        ],
        "x-ms-ratelimit-remaining-subscription-writes": [
          "1199"
        ],
        "x-ms-request-id": [
          "25c008bf-9359-43dd-b2e1-19a93efdcb0a"
        ],
        "x-ms-correlation-request-id": [
          "25c008bf-9359-43dd-b2e1-19a93efdcb0a"
        ],
        "x-ms-routing-request-id": [
          "WESTUS2:20180416T175219Z:25c008bf-9359-43dd-b2e1-19a93efdcb0a"
        ],
        "Strict-Transport-Security": [
          "max-age=31536000; includeSubDomains"
        ],
        "X-Content-Type-Options": [
          "nosniff"
        ]
      },
      "StatusCode": 202
    },
    {
      "RequestUri": "/subscriptions/0b1f6471-1bf0-4dda-aec3-cb9272f09590/operationresults/eyJqb2JJZCI6IlJFU09VUkNFR1JPVVBERUxFVElPTkpPQi1SR0ZMVUVOVENIQVNIOjJEODgyMy1FQVNUVVMiLCJqb2JMb2NhdGlvbiI6ImVhc3R1cyJ9?api-version=2017-05-10",
      "EncodedRequestUri": "L3N1YnNjcmlwdGlvbnMvMGIxZjY0NzEtMWJmMC00ZGRhLWFlYzMtY2I5MjcyZjA5NTkwL29wZXJhdGlvbnJlc3VsdHMvZXlKcWIySkpaQ0k2SWxKRlUwOVZVa05GUjFKUFZWQkVSVXhGVkVsUFRrcFBRaTFTUjBaTVZVVk9WRU5JUVZOSU9qSkVPRGd5TXkxRlFWTlVWVk1pTENKcWIySk1iMk5oZEdsdmJpSTZJbVZoYzNSMWN5Sjk/YXBpLXZlcnNpb249MjAxNy0wNS0xMA==",
      "RequestMethod": "GET",
      "RequestBody": "",
      "RequestHeaders": {
        "User-Agent": [
          "FxVersion/4.6.25211.01",
          "Microsoft.Azure.Management.ResourceManager.Fluent.ResourceManagementClient/1.8.0.0",
          "MacAddressHash/1a7db1f3023c8cc9a72984005b4db786d257d09f868c7e111d4bf514b71b7890"
        ]
      },
      "ResponseBody": "",
      "ResponseHeaders": {
        "Content-Length": [
          "0"
        ],
        "Expires": [
          "-1"
        ],
        "Cache-Control": [
          "no-cache"
        ],
        "Date": [
          "Mon, 16 Apr 2018 17:52:33 GMT"
        ],
        "Pragma": [
          "no-cache"
        ],
        "Location": [
          "https://management.azure.com/subscriptions/0b1f6471-1bf0-4dda-aec3-cb9272f09590/operationresults/eyJqb2JJZCI6IlJFU09VUkNFR1JPVVBERUxFVElPTkpPQi1SR0ZMVUVOVENIQVNIOjJEODgyMy1FQVNUVVMiLCJqb2JMb2NhdGlvbiI6ImVhc3R1cyJ9?api-version=2017-05-10"
        ],
        "Retry-After": [
          "15"
        ],
        "x-ms-ratelimit-remaining-subscription-reads": [
          "14997"
        ],
        "x-ms-request-id": [
          "48237127-553b-4225-9925-dafffb7a7d05"
        ],
        "x-ms-correlation-request-id": [
          "48237127-553b-4225-9925-dafffb7a7d05"
        ],
        "x-ms-routing-request-id": [
          "WESTUS2:20180416T175234Z:48237127-553b-4225-9925-dafffb7a7d05"
        ],
        "Strict-Transport-Security": [
          "max-age=31536000; includeSubDomains"
        ],
        "X-Content-Type-Options": [
          "nosniff"
        ]
      },
      "StatusCode": 202
    },
    {
      "RequestUri": "/subscriptions/0b1f6471-1bf0-4dda-aec3-cb9272f09590/operationresults/eyJqb2JJZCI6IlJFU09VUkNFR1JPVVBERUxFVElPTkpPQi1SR0ZMVUVOVENIQVNIOjJEODgyMy1FQVNUVVMiLCJqb2JMb2NhdGlvbiI6ImVhc3R1cyJ9?api-version=2017-05-10",
      "EncodedRequestUri": "L3N1YnNjcmlwdGlvbnMvMGIxZjY0NzEtMWJmMC00ZGRhLWFlYzMtY2I5MjcyZjA5NTkwL29wZXJhdGlvbnJlc3VsdHMvZXlKcWIySkpaQ0k2SWxKRlUwOVZVa05GUjFKUFZWQkVSVXhGVkVsUFRrcFBRaTFTUjBaTVZVVk9WRU5JUVZOSU9qSkVPRGd5TXkxRlFWTlVWVk1pTENKcWIySk1iMk5oZEdsdmJpSTZJbVZoYzNSMWN5Sjk/YXBpLXZlcnNpb249MjAxNy0wNS0xMA==",
      "RequestMethod": "GET",
      "RequestBody": "",
      "RequestHeaders": {
        "User-Agent": [
          "FxVersion/4.6.25211.01",
          "Microsoft.Azure.Management.ResourceManager.Fluent.ResourceManagementClient/1.8.0.0",
          "MacAddressHash/1a7db1f3023c8cc9a72984005b4db786d257d09f868c7e111d4bf514b71b7890"
        ]
      },
      "ResponseBody": "",
      "ResponseHeaders": {
        "Content-Length": [
          "0"
        ],
        "Expires": [
          "-1"
        ],
        "Cache-Control": [
          "no-cache"
        ],
        "Date": [
          "Mon, 16 Apr 2018 17:52:49 GMT"
        ],
        "Pragma": [
          "no-cache"
        ],
        "Location": [
          "https://management.azure.com/subscriptions/0b1f6471-1bf0-4dda-aec3-cb9272f09590/operationresults/eyJqb2JJZCI6IlJFU09VUkNFR1JPVVBERUxFVElPTkpPQi1SR0ZMVUVOVENIQVNIOjJEODgyMy1FQVNUVVMiLCJqb2JMb2NhdGlvbiI6ImVhc3R1cyJ9?api-version=2017-05-10"
        ],
        "Retry-After": [
          "15"
        ],
        "x-ms-ratelimit-remaining-subscription-reads": [
          "14996"
        ],
        "x-ms-request-id": [
          "18858839-0f00-4bff-9dad-d0ec0591cb2f"
        ],
        "x-ms-correlation-request-id": [
          "18858839-0f00-4bff-9dad-d0ec0591cb2f"
        ],
        "x-ms-routing-request-id": [
          "WESTUS2:20180416T175249Z:18858839-0f00-4bff-9dad-d0ec0591cb2f"
        ],
        "Strict-Transport-Security": [
          "max-age=31536000; includeSubDomains"
        ],
        "X-Content-Type-Options": [
          "nosniff"
        ]
      },
      "StatusCode": 202
    },
    {
      "RequestUri": "/subscriptions/0b1f6471-1bf0-4dda-aec3-cb9272f09590/operationresults/eyJqb2JJZCI6IlJFU09VUkNFR1JPVVBERUxFVElPTkpPQi1SR0ZMVUVOVENIQVNIOjJEODgyMy1FQVNUVVMiLCJqb2JMb2NhdGlvbiI6ImVhc3R1cyJ9?api-version=2017-05-10",
      "EncodedRequestUri": "L3N1YnNjcmlwdGlvbnMvMGIxZjY0NzEtMWJmMC00ZGRhLWFlYzMtY2I5MjcyZjA5NTkwL29wZXJhdGlvbnJlc3VsdHMvZXlKcWIySkpaQ0k2SWxKRlUwOVZVa05GUjFKUFZWQkVSVXhGVkVsUFRrcFBRaTFTUjBaTVZVVk9WRU5JUVZOSU9qSkVPRGd5TXkxRlFWTlVWVk1pTENKcWIySk1iMk5oZEdsdmJpSTZJbVZoYzNSMWN5Sjk/YXBpLXZlcnNpb249MjAxNy0wNS0xMA==",
      "RequestMethod": "GET",
      "RequestBody": "",
      "RequestHeaders": {
        "User-Agent": [
          "FxVersion/4.6.25211.01",
          "Microsoft.Azure.Management.ResourceManager.Fluent.ResourceManagementClient/1.8.0.0",
          "MacAddressHash/1a7db1f3023c8cc9a72984005b4db786d257d09f868c7e111d4bf514b71b7890"
        ]
      },
      "ResponseBody": "",
      "ResponseHeaders": {
        "Content-Length": [
          "0"
        ],
        "Expires": [
          "-1"
        ],
        "Cache-Control": [
          "no-cache"
        ],
        "Date": [
          "Mon, 16 Apr 2018 17:53:03 GMT"
        ],
        "Pragma": [
          "no-cache"
        ],
        "Location": [
          "https://management.azure.com/subscriptions/0b1f6471-1bf0-4dda-aec3-cb9272f09590/operationresults/eyJqb2JJZCI6IlJFU09VUkNFR1JPVVBERUxFVElPTkpPQi1SR0ZMVUVOVENIQVNIOjJEODgyMy1FQVNUVVMiLCJqb2JMb2NhdGlvbiI6ImVhc3R1cyJ9?api-version=2017-05-10"
        ],
        "Retry-After": [
          "15"
        ],
        "x-ms-ratelimit-remaining-subscription-reads": [
          "14995"
        ],
        "x-ms-request-id": [
          "52e88add-eddb-451e-a149-26515eefdd17"
        ],
        "x-ms-correlation-request-id": [
          "52e88add-eddb-451e-a149-26515eefdd17"
        ],
        "x-ms-routing-request-id": [
          "WESTUS2:20180416T175304Z:52e88add-eddb-451e-a149-26515eefdd17"
        ],
        "Strict-Transport-Security": [
          "max-age=31536000; includeSubDomains"
        ],
        "X-Content-Type-Options": [
          "nosniff"
        ]
      },
      "StatusCode": 202
    },
    {
      "RequestUri": "/subscriptions/0b1f6471-1bf0-4dda-aec3-cb9272f09590/operationresults/eyJqb2JJZCI6IlJFU09VUkNFR1JPVVBERUxFVElPTkpPQi1SR0ZMVUVOVENIQVNIOjJEODgyMy1FQVNUVVMiLCJqb2JMb2NhdGlvbiI6ImVhc3R1cyJ9?api-version=2017-05-10",
      "EncodedRequestUri": "L3N1YnNjcmlwdGlvbnMvMGIxZjY0NzEtMWJmMC00ZGRhLWFlYzMtY2I5MjcyZjA5NTkwL29wZXJhdGlvbnJlc3VsdHMvZXlKcWIySkpaQ0k2SWxKRlUwOVZVa05GUjFKUFZWQkVSVXhGVkVsUFRrcFBRaTFTUjBaTVZVVk9WRU5JUVZOSU9qSkVPRGd5TXkxRlFWTlVWVk1pTENKcWIySk1iMk5oZEdsdmJpSTZJbVZoYzNSMWN5Sjk/YXBpLXZlcnNpb249MjAxNy0wNS0xMA==",
      "RequestMethod": "GET",
      "RequestBody": "",
      "RequestHeaders": {
        "User-Agent": [
          "FxVersion/4.6.25211.01",
          "Microsoft.Azure.Management.ResourceManager.Fluent.ResourceManagementClient/1.8.0.0",
          "MacAddressHash/1a7db1f3023c8cc9a72984005b4db786d257d09f868c7e111d4bf514b71b7890"
        ]
      },
      "ResponseBody": "",
      "ResponseHeaders": {
        "Content-Length": [
          "0"
        ],
        "Expires": [
          "-1"
        ],
        "Cache-Control": [
          "no-cache"
        ],
        "Date": [
          "Mon, 16 Apr 2018 17:53:19 GMT"
        ],
        "Pragma": [
          "no-cache"
        ],
        "Location": [
          "https://management.azure.com/subscriptions/0b1f6471-1bf0-4dda-aec3-cb9272f09590/operationresults/eyJqb2JJZCI6IlJFU09VUkNFR1JPVVBERUxFVElPTkpPQi1SR0ZMVUVOVENIQVNIOjJEODgyMy1FQVNUVVMiLCJqb2JMb2NhdGlvbiI6ImVhc3R1cyJ9?api-version=2017-05-10"
        ],
        "Retry-After": [
          "15"
        ],
        "x-ms-ratelimit-remaining-subscription-reads": [
          "14994"
        ],
        "x-ms-request-id": [
          "a35d1618-0001-46e7-9a69-debf4c2b2c5b"
        ],
        "x-ms-correlation-request-id": [
          "a35d1618-0001-46e7-9a69-debf4c2b2c5b"
        ],
        "x-ms-routing-request-id": [
          "WESTUS2:20180416T175320Z:a35d1618-0001-46e7-9a69-debf4c2b2c5b"
        ],
        "Strict-Transport-Security": [
          "max-age=31536000; includeSubDomains"
        ],
        "X-Content-Type-Options": [
          "nosniff"
        ]
      },
      "StatusCode": 202
    },
    {
      "RequestUri": "/subscriptions/0b1f6471-1bf0-4dda-aec3-cb9272f09590/operationresults/eyJqb2JJZCI6IlJFU09VUkNFR1JPVVBERUxFVElPTkpPQi1SR0ZMVUVOVENIQVNIOjJEODgyMy1FQVNUVVMiLCJqb2JMb2NhdGlvbiI6ImVhc3R1cyJ9?api-version=2017-05-10",
      "EncodedRequestUri": "L3N1YnNjcmlwdGlvbnMvMGIxZjY0NzEtMWJmMC00ZGRhLWFlYzMtY2I5MjcyZjA5NTkwL29wZXJhdGlvbnJlc3VsdHMvZXlKcWIySkpaQ0k2SWxKRlUwOVZVa05GUjFKUFZWQkVSVXhGVkVsUFRrcFBRaTFTUjBaTVZVVk9WRU5JUVZOSU9qSkVPRGd5TXkxRlFWTlVWVk1pTENKcWIySk1iMk5oZEdsdmJpSTZJbVZoYzNSMWN5Sjk/YXBpLXZlcnNpb249MjAxNy0wNS0xMA==",
      "RequestMethod": "GET",
      "RequestBody": "",
      "RequestHeaders": {
        "User-Agent": [
          "FxVersion/4.6.25211.01",
          "Microsoft.Azure.Management.ResourceManager.Fluent.ResourceManagementClient/1.8.0.0",
          "MacAddressHash/1a7db1f3023c8cc9a72984005b4db786d257d09f868c7e111d4bf514b71b7890"
        ]
      },
      "ResponseBody": "",
      "ResponseHeaders": {
        "Content-Length": [
          "0"
        ],
        "Expires": [
          "-1"
        ],
        "Cache-Control": [
          "no-cache"
        ],
        "Date": [
          "Mon, 16 Apr 2018 17:53:34 GMT"
        ],
        "Pragma": [
          "no-cache"
        ],
        "Location": [
          "https://management.azure.com/subscriptions/0b1f6471-1bf0-4dda-aec3-cb9272f09590/operationresults/eyJqb2JJZCI6IlJFU09VUkNFR1JPVVBERUxFVElPTkpPQi1SR0ZMVUVOVENIQVNIOjJEODgyMy1FQVNUVVMiLCJqb2JMb2NhdGlvbiI6ImVhc3R1cyJ9?api-version=2017-05-10"
        ],
        "Retry-After": [
          "15"
        ],
        "x-ms-ratelimit-remaining-subscription-reads": [
          "14993"
        ],
        "x-ms-request-id": [
          "5ccb39c6-f85f-42be-99a2-e96d2316b03c"
        ],
        "x-ms-correlation-request-id": [
          "5ccb39c6-f85f-42be-99a2-e96d2316b03c"
        ],
        "x-ms-routing-request-id": [
          "WESTUS2:20180416T175335Z:5ccb39c6-f85f-42be-99a2-e96d2316b03c"
        ],
        "Strict-Transport-Security": [
          "max-age=31536000; includeSubDomains"
        ],
        "X-Content-Type-Options": [
          "nosniff"
        ]
      },
      "StatusCode": 202
    },
    {
      "RequestUri": "/subscriptions/0b1f6471-1bf0-4dda-aec3-cb9272f09590/operationresults/eyJqb2JJZCI6IlJFU09VUkNFR1JPVVBERUxFVElPTkpPQi1SR0ZMVUVOVENIQVNIOjJEODgyMy1FQVNUVVMiLCJqb2JMb2NhdGlvbiI6ImVhc3R1cyJ9?api-version=2017-05-10",
      "EncodedRequestUri": "L3N1YnNjcmlwdGlvbnMvMGIxZjY0NzEtMWJmMC00ZGRhLWFlYzMtY2I5MjcyZjA5NTkwL29wZXJhdGlvbnJlc3VsdHMvZXlKcWIySkpaQ0k2SWxKRlUwOVZVa05GUjFKUFZWQkVSVXhGVkVsUFRrcFBRaTFTUjBaTVZVVk9WRU5JUVZOSU9qSkVPRGd5TXkxRlFWTlVWVk1pTENKcWIySk1iMk5oZEdsdmJpSTZJbVZoYzNSMWN5Sjk/YXBpLXZlcnNpb249MjAxNy0wNS0xMA==",
      "RequestMethod": "GET",
      "RequestBody": "",
      "RequestHeaders": {
        "User-Agent": [
          "FxVersion/4.6.25211.01",
          "Microsoft.Azure.Management.ResourceManager.Fluent.ResourceManagementClient/1.8.0.0",
          "MacAddressHash/1a7db1f3023c8cc9a72984005b4db786d257d09f868c7e111d4bf514b71b7890"
        ]
      },
      "ResponseBody": "",
      "ResponseHeaders": {
        "Content-Length": [
          "0"
        ],
        "Expires": [
          "-1"
        ],
        "Cache-Control": [
          "no-cache"
        ],
        "Date": [
          "Mon, 16 Apr 2018 17:53:49 GMT"
        ],
        "Pragma": [
          "no-cache"
        ],
        "Location": [
          "https://management.azure.com/subscriptions/0b1f6471-1bf0-4dda-aec3-cb9272f09590/operationresults/eyJqb2JJZCI6IlJFU09VUkNFR1JPVVBERUxFVElPTkpPQi1SR0ZMVUVOVENIQVNIOjJEODgyMy1FQVNUVVMiLCJqb2JMb2NhdGlvbiI6ImVhc3R1cyJ9?api-version=2017-05-10"
        ],
        "Retry-After": [
          "15"
        ],
        "x-ms-ratelimit-remaining-subscription-reads": [
          "14992"
        ],
        "x-ms-request-id": [
          "dab34cf9-a97c-416f-aaec-71ce80467a1e"
        ],
        "x-ms-correlation-request-id": [
          "dab34cf9-a97c-416f-aaec-71ce80467a1e"
        ],
        "x-ms-routing-request-id": [
          "WESTUS2:20180416T175350Z:dab34cf9-a97c-416f-aaec-71ce80467a1e"
        ],
        "Strict-Transport-Security": [
          "max-age=31536000; includeSubDomains"
        ],
        "X-Content-Type-Options": [
          "nosniff"
        ]
      },
      "StatusCode": 202
    },
    {
      "RequestUri": "/subscriptions/0b1f6471-1bf0-4dda-aec3-cb9272f09590/operationresults/eyJqb2JJZCI6IlJFU09VUkNFR1JPVVBERUxFVElPTkpPQi1SR0ZMVUVOVENIQVNIOjJEODgyMy1FQVNUVVMiLCJqb2JMb2NhdGlvbiI6ImVhc3R1cyJ9?api-version=2017-05-10",
      "EncodedRequestUri": "L3N1YnNjcmlwdGlvbnMvMGIxZjY0NzEtMWJmMC00ZGRhLWFlYzMtY2I5MjcyZjA5NTkwL29wZXJhdGlvbnJlc3VsdHMvZXlKcWIySkpaQ0k2SWxKRlUwOVZVa05GUjFKUFZWQkVSVXhGVkVsUFRrcFBRaTFTUjBaTVZVVk9WRU5JUVZOSU9qSkVPRGd5TXkxRlFWTlVWVk1pTENKcWIySk1iMk5oZEdsdmJpSTZJbVZoYzNSMWN5Sjk/YXBpLXZlcnNpb249MjAxNy0wNS0xMA==",
      "RequestMethod": "GET",
      "RequestBody": "",
      "RequestHeaders": {
        "User-Agent": [
          "FxVersion/4.6.25211.01",
          "Microsoft.Azure.Management.ResourceManager.Fluent.ResourceManagementClient/1.8.0.0",
          "MacAddressHash/1a7db1f3023c8cc9a72984005b4db786d257d09f868c7e111d4bf514b71b7890"
        ]
      },
      "ResponseBody": "",
      "ResponseHeaders": {
        "Content-Length": [
          "0"
        ],
        "Expires": [
          "-1"
        ],
        "Cache-Control": [
          "no-cache"
        ],
        "Date": [
          "Mon, 16 Apr 2018 17:54:04 GMT"
        ],
        "Pragma": [
          "no-cache"
        ],
        "Location": [
          "https://management.azure.com/subscriptions/0b1f6471-1bf0-4dda-aec3-cb9272f09590/operationresults/eyJqb2JJZCI6IlJFU09VUkNFR1JPVVBERUxFVElPTkpPQi1SR0ZMVUVOVENIQVNIOjJEODgyMy1FQVNUVVMiLCJqb2JMb2NhdGlvbiI6ImVhc3R1cyJ9?api-version=2017-05-10"
        ],
        "Retry-After": [
          "15"
        ],
        "x-ms-ratelimit-remaining-subscription-reads": [
          "14991"
        ],
        "x-ms-request-id": [
          "bc517c35-392e-4f22-8c42-1b52211b9a32"
        ],
        "x-ms-correlation-request-id": [
          "bc517c35-392e-4f22-8c42-1b52211b9a32"
        ],
        "x-ms-routing-request-id": [
          "WESTUS2:20180416T175405Z:bc517c35-392e-4f22-8c42-1b52211b9a32"
        ],
        "Strict-Transport-Security": [
          "max-age=31536000; includeSubDomains"
        ],
        "X-Content-Type-Options": [
          "nosniff"
        ]
      },
      "StatusCode": 202
    },
    {
      "RequestUri": "/subscriptions/0b1f6471-1bf0-4dda-aec3-cb9272f09590/operationresults/eyJqb2JJZCI6IlJFU09VUkNFR1JPVVBERUxFVElPTkpPQi1SR0ZMVUVOVENIQVNIOjJEODgyMy1FQVNUVVMiLCJqb2JMb2NhdGlvbiI6ImVhc3R1cyJ9?api-version=2017-05-10",
      "EncodedRequestUri": "L3N1YnNjcmlwdGlvbnMvMGIxZjY0NzEtMWJmMC00ZGRhLWFlYzMtY2I5MjcyZjA5NTkwL29wZXJhdGlvbnJlc3VsdHMvZXlKcWIySkpaQ0k2SWxKRlUwOVZVa05GUjFKUFZWQkVSVXhGVkVsUFRrcFBRaTFTUjBaTVZVVk9WRU5JUVZOSU9qSkVPRGd5TXkxRlFWTlVWVk1pTENKcWIySk1iMk5oZEdsdmJpSTZJbVZoYzNSMWN5Sjk/YXBpLXZlcnNpb249MjAxNy0wNS0xMA==",
      "RequestMethod": "GET",
      "RequestBody": "",
      "RequestHeaders": {
        "User-Agent": [
          "FxVersion/4.6.25211.01",
          "Microsoft.Azure.Management.ResourceManager.Fluent.ResourceManagementClient/1.8.0.0",
          "MacAddressHash/1a7db1f3023c8cc9a72984005b4db786d257d09f868c7e111d4bf514b71b7890"
        ]
      },
      "ResponseBody": "",
      "ResponseHeaders": {
        "Content-Length": [
          "0"
        ],
        "Expires": [
          "-1"
        ],
        "Cache-Control": [
          "no-cache"
        ],
        "Date": [
          "Mon, 16 Apr 2018 17:54:20 GMT"
        ],
        "Pragma": [
          "no-cache"
        ],
        "Location": [
          "https://management.azure.com/subscriptions/0b1f6471-1bf0-4dda-aec3-cb9272f09590/operationresults/eyJqb2JJZCI6IlJFU09VUkNFR1JPVVBERUxFVElPTkpPQi1SR0ZMVUVOVENIQVNIOjJEODgyMy1FQVNUVVMiLCJqb2JMb2NhdGlvbiI6ImVhc3R1cyJ9?api-version=2017-05-10"
        ],
        "Retry-After": [
          "15"
        ],
        "x-ms-ratelimit-remaining-subscription-reads": [
          "14990"
        ],
        "x-ms-request-id": [
          "be6cb035-5a64-4ed4-91dd-1ed87d429c84"
        ],
        "x-ms-correlation-request-id": [
          "be6cb035-5a64-4ed4-91dd-1ed87d429c84"
        ],
        "x-ms-routing-request-id": [
          "WESTUS2:20180416T175420Z:be6cb035-5a64-4ed4-91dd-1ed87d429c84"
        ],
        "Strict-Transport-Security": [
          "max-age=31536000; includeSubDomains"
        ],
        "X-Content-Type-Options": [
          "nosniff"
        ]
      },
      "StatusCode": 202
    },
    {
      "RequestUri": "/subscriptions/0b1f6471-1bf0-4dda-aec3-cb9272f09590/operationresults/eyJqb2JJZCI6IlJFU09VUkNFR1JPVVBERUxFVElPTkpPQi1SR0ZMVUVOVENIQVNIOjJEODgyMy1FQVNUVVMiLCJqb2JMb2NhdGlvbiI6ImVhc3R1cyJ9?api-version=2017-05-10",
      "EncodedRequestUri": "L3N1YnNjcmlwdGlvbnMvMGIxZjY0NzEtMWJmMC00ZGRhLWFlYzMtY2I5MjcyZjA5NTkwL29wZXJhdGlvbnJlc3VsdHMvZXlKcWIySkpaQ0k2SWxKRlUwOVZVa05GUjFKUFZWQkVSVXhGVkVsUFRrcFBRaTFTUjBaTVZVVk9WRU5JUVZOSU9qSkVPRGd5TXkxRlFWTlVWVk1pTENKcWIySk1iMk5oZEdsdmJpSTZJbVZoYzNSMWN5Sjk/YXBpLXZlcnNpb249MjAxNy0wNS0xMA==",
      "RequestMethod": "GET",
      "RequestBody": "",
      "RequestHeaders": {
        "User-Agent": [
          "FxVersion/4.6.25211.01",
          "Microsoft.Azure.Management.ResourceManager.Fluent.ResourceManagementClient/1.8.0.0",
          "MacAddressHash/1a7db1f3023c8cc9a72984005b4db786d257d09f868c7e111d4bf514b71b7890"
        ]
      },
      "ResponseBody": "",
      "ResponseHeaders": {
        "Content-Length": [
          "0"
        ],
        "Expires": [
          "-1"
        ],
        "Cache-Control": [
          "no-cache"
        ],
        "Date": [
          "Mon, 16 Apr 2018 17:54:35 GMT"
        ],
        "Pragma": [
          "no-cache"
        ],
        "Location": [
          "https://management.azure.com/subscriptions/0b1f6471-1bf0-4dda-aec3-cb9272f09590/operationresults/eyJqb2JJZCI6IlJFU09VUkNFR1JPVVBERUxFVElPTkpPQi1SR0ZMVUVOVENIQVNIOjJEODgyMy1FQVNUVVMiLCJqb2JMb2NhdGlvbiI6ImVhc3R1cyJ9?api-version=2017-05-10"
        ],
        "Retry-After": [
          "15"
        ],
        "x-ms-ratelimit-remaining-subscription-reads": [
          "14989"
        ],
        "x-ms-request-id": [
          "17a72ea4-fb5a-4269-8668-724372e31727"
        ],
        "x-ms-correlation-request-id": [
          "17a72ea4-fb5a-4269-8668-724372e31727"
        ],
        "x-ms-routing-request-id": [
          "WESTUS2:20180416T175435Z:17a72ea4-fb5a-4269-8668-724372e31727"
        ],
        "Strict-Transport-Security": [
          "max-age=31536000; includeSubDomains"
        ],
        "X-Content-Type-Options": [
          "nosniff"
        ]
      },
      "StatusCode": 202
    },
    {
      "RequestUri": "/subscriptions/0b1f6471-1bf0-4dda-aec3-cb9272f09590/operationresults/eyJqb2JJZCI6IlJFU09VUkNFR1JPVVBERUxFVElPTkpPQi1SR0ZMVUVOVENIQVNIOjJEODgyMy1FQVNUVVMiLCJqb2JMb2NhdGlvbiI6ImVhc3R1cyJ9?api-version=2017-05-10",
      "EncodedRequestUri": "L3N1YnNjcmlwdGlvbnMvMGIxZjY0NzEtMWJmMC00ZGRhLWFlYzMtY2I5MjcyZjA5NTkwL29wZXJhdGlvbnJlc3VsdHMvZXlKcWIySkpaQ0k2SWxKRlUwOVZVa05GUjFKUFZWQkVSVXhGVkVsUFRrcFBRaTFTUjBaTVZVVk9WRU5JUVZOSU9qSkVPRGd5TXkxRlFWTlVWVk1pTENKcWIySk1iMk5oZEdsdmJpSTZJbVZoYzNSMWN5Sjk/YXBpLXZlcnNpb249MjAxNy0wNS0xMA==",
      "RequestMethod": "GET",
      "RequestBody": "",
      "RequestHeaders": {
        "User-Agent": [
          "FxVersion/4.6.25211.01",
          "Microsoft.Azure.Management.ResourceManager.Fluent.ResourceManagementClient/1.8.0.0",
          "MacAddressHash/1a7db1f3023c8cc9a72984005b4db786d257d09f868c7e111d4bf514b71b7890"
        ]
      },
      "ResponseBody": "",
      "ResponseHeaders": {
        "Content-Length": [
          "0"
        ],
        "Expires": [
          "-1"
        ],
        "Cache-Control": [
          "no-cache"
        ],
        "Date": [
          "Mon, 16 Apr 2018 17:54:50 GMT"
        ],
        "Pragma": [
          "no-cache"
        ],
        "Location": [
          "https://management.azure.com/subscriptions/0b1f6471-1bf0-4dda-aec3-cb9272f09590/operationresults/eyJqb2JJZCI6IlJFU09VUkNFR1JPVVBERUxFVElPTkpPQi1SR0ZMVUVOVENIQVNIOjJEODgyMy1FQVNUVVMiLCJqb2JMb2NhdGlvbiI6ImVhc3R1cyJ9?api-version=2017-05-10"
        ],
        "Retry-After": [
          "15"
        ],
        "x-ms-ratelimit-remaining-subscription-reads": [
          "14988"
        ],
        "x-ms-request-id": [
          "41705e14-49a3-4ba1-aac8-41807134f55c"
        ],
        "x-ms-correlation-request-id": [
          "41705e14-49a3-4ba1-aac8-41807134f55c"
        ],
        "x-ms-routing-request-id": [
          "WESTUS2:20180416T175451Z:41705e14-49a3-4ba1-aac8-41807134f55c"
        ],
        "Strict-Transport-Security": [
          "max-age=31536000; includeSubDomains"
        ],
        "X-Content-Type-Options": [
          "nosniff"
        ]
      },
      "StatusCode": 202
    },
    {
      "RequestUri": "/subscriptions/0b1f6471-1bf0-4dda-aec3-cb9272f09590/operationresults/eyJqb2JJZCI6IlJFU09VUkNFR1JPVVBERUxFVElPTkpPQi1SR0ZMVUVOVENIQVNIOjJEODgyMy1FQVNUVVMiLCJqb2JMb2NhdGlvbiI6ImVhc3R1cyJ9?api-version=2017-05-10",
      "EncodedRequestUri": "L3N1YnNjcmlwdGlvbnMvMGIxZjY0NzEtMWJmMC00ZGRhLWFlYzMtY2I5MjcyZjA5NTkwL29wZXJhdGlvbnJlc3VsdHMvZXlKcWIySkpaQ0k2SWxKRlUwOVZVa05GUjFKUFZWQkVSVXhGVkVsUFRrcFBRaTFTUjBaTVZVVk9WRU5JUVZOSU9qSkVPRGd5TXkxRlFWTlVWVk1pTENKcWIySk1iMk5oZEdsdmJpSTZJbVZoYzNSMWN5Sjk/YXBpLXZlcnNpb249MjAxNy0wNS0xMA==",
      "RequestMethod": "GET",
      "RequestBody": "",
      "RequestHeaders": {
        "User-Agent": [
          "FxVersion/4.6.25211.01",
          "Microsoft.Azure.Management.ResourceManager.Fluent.ResourceManagementClient/1.8.0.0",
          "MacAddressHash/1a7db1f3023c8cc9a72984005b4db786d257d09f868c7e111d4bf514b71b7890"
        ]
      },
      "ResponseBody": "",
      "ResponseHeaders": {
        "Content-Length": [
          "0"
        ],
        "Expires": [
          "-1"
        ],
        "Cache-Control": [
          "no-cache"
        ],
        "Date": [
          "Mon, 16 Apr 2018 17:55:05 GMT"
        ],
        "Pragma": [
          "no-cache"
        ],
        "Location": [
          "https://management.azure.com/subscriptions/0b1f6471-1bf0-4dda-aec3-cb9272f09590/operationresults/eyJqb2JJZCI6IlJFU09VUkNFR1JPVVBERUxFVElPTkpPQi1SR0ZMVUVOVENIQVNIOjJEODgyMy1FQVNUVVMiLCJqb2JMb2NhdGlvbiI6ImVhc3R1cyJ9?api-version=2017-05-10"
        ],
        "Retry-After": [
          "15"
        ],
        "x-ms-ratelimit-remaining-subscription-reads": [
          "14987"
        ],
        "x-ms-request-id": [
          "4c4916d8-c876-4a62-a722-54832c4c8681"
        ],
        "x-ms-correlation-request-id": [
          "4c4916d8-c876-4a62-a722-54832c4c8681"
        ],
        "x-ms-routing-request-id": [
          "WESTUS2:20180416T175506Z:4c4916d8-c876-4a62-a722-54832c4c8681"
        ],
        "Strict-Transport-Security": [
          "max-age=31536000; includeSubDomains"
        ],
        "X-Content-Type-Options": [
          "nosniff"
        ]
      },
      "StatusCode": 202
    },
    {
      "RequestUri": "/subscriptions/0b1f6471-1bf0-4dda-aec3-cb9272f09590/operationresults/eyJqb2JJZCI6IlJFU09VUkNFR1JPVVBERUxFVElPTkpPQi1SR0ZMVUVOVENIQVNIOjJEODgyMy1FQVNUVVMiLCJqb2JMb2NhdGlvbiI6ImVhc3R1cyJ9?api-version=2017-05-10",
      "EncodedRequestUri": "L3N1YnNjcmlwdGlvbnMvMGIxZjY0NzEtMWJmMC00ZGRhLWFlYzMtY2I5MjcyZjA5NTkwL29wZXJhdGlvbnJlc3VsdHMvZXlKcWIySkpaQ0k2SWxKRlUwOVZVa05GUjFKUFZWQkVSVXhGVkVsUFRrcFBRaTFTUjBaTVZVVk9WRU5JUVZOSU9qSkVPRGd5TXkxRlFWTlVWVk1pTENKcWIySk1iMk5oZEdsdmJpSTZJbVZoYzNSMWN5Sjk/YXBpLXZlcnNpb249MjAxNy0wNS0xMA==",
      "RequestMethod": "GET",
      "RequestBody": "",
      "RequestHeaders": {
        "User-Agent": [
          "FxVersion/4.6.25211.01",
          "Microsoft.Azure.Management.ResourceManager.Fluent.ResourceManagementClient/1.8.0.0",
          "MacAddressHash/1a7db1f3023c8cc9a72984005b4db786d257d09f868c7e111d4bf514b71b7890"
        ]
      },
      "ResponseBody": "",
      "ResponseHeaders": {
        "Content-Length": [
          "0"
        ],
        "Expires": [
          "-1"
        ],
        "Cache-Control": [
          "no-cache"
        ],
        "Date": [
          "Mon, 16 Apr 2018 17:55:20 GMT"
        ],
        "Pragma": [
          "no-cache"
        ],
        "Location": [
          "https://management.azure.com/subscriptions/0b1f6471-1bf0-4dda-aec3-cb9272f09590/operationresults/eyJqb2JJZCI6IlJFU09VUkNFR1JPVVBERUxFVElPTkpPQi1SR0ZMVUVOVENIQVNIOjJEODgyMy1FQVNUVVMiLCJqb2JMb2NhdGlvbiI6ImVhc3R1cyJ9?api-version=2017-05-10"
        ],
        "Retry-After": [
          "15"
        ],
        "x-ms-ratelimit-remaining-subscription-reads": [
          "14986"
        ],
        "x-ms-request-id": [
          "ea9c71c1-b15a-4247-ab2b-4e522a28b266"
        ],
        "x-ms-correlation-request-id": [
          "ea9c71c1-b15a-4247-ab2b-4e522a28b266"
        ],
        "x-ms-routing-request-id": [
          "WESTUS2:20180416T175521Z:ea9c71c1-b15a-4247-ab2b-4e522a28b266"
        ],
        "Strict-Transport-Security": [
          "max-age=31536000; includeSubDomains"
        ],
        "X-Content-Type-Options": [
          "nosniff"
        ]
      },
      "StatusCode": 202
    },
    {
      "RequestUri": "/subscriptions/0b1f6471-1bf0-4dda-aec3-cb9272f09590/operationresults/eyJqb2JJZCI6IlJFU09VUkNFR1JPVVBERUxFVElPTkpPQi1SR0ZMVUVOVENIQVNIOjJEODgyMy1FQVNUVVMiLCJqb2JMb2NhdGlvbiI6ImVhc3R1cyJ9?api-version=2017-05-10",
      "EncodedRequestUri": "L3N1YnNjcmlwdGlvbnMvMGIxZjY0NzEtMWJmMC00ZGRhLWFlYzMtY2I5MjcyZjA5NTkwL29wZXJhdGlvbnJlc3VsdHMvZXlKcWIySkpaQ0k2SWxKRlUwOVZVa05GUjFKUFZWQkVSVXhGVkVsUFRrcFBRaTFTUjBaTVZVVk9WRU5JUVZOSU9qSkVPRGd5TXkxRlFWTlVWVk1pTENKcWIySk1iMk5oZEdsdmJpSTZJbVZoYzNSMWN5Sjk/YXBpLXZlcnNpb249MjAxNy0wNS0xMA==",
      "RequestMethod": "GET",
      "RequestBody": "",
      "RequestHeaders": {
        "User-Agent": [
          "FxVersion/4.6.25211.01",
          "Microsoft.Azure.Management.ResourceManager.Fluent.ResourceManagementClient/1.8.0.0",
          "MacAddressHash/1a7db1f3023c8cc9a72984005b4db786d257d09f868c7e111d4bf514b71b7890"
        ]
      },
      "ResponseBody": "",
      "ResponseHeaders": {
        "Content-Length": [
          "0"
        ],
        "Expires": [
          "-1"
        ],
        "Cache-Control": [
          "no-cache"
        ],
        "Date": [
          "Mon, 16 Apr 2018 17:55:36 GMT"
        ],
        "Pragma": [
          "no-cache"
        ],
        "Location": [
          "https://management.azure.com/subscriptions/0b1f6471-1bf0-4dda-aec3-cb9272f09590/operationresults/eyJqb2JJZCI6IlJFU09VUkNFR1JPVVBERUxFVElPTkpPQi1SR0ZMVUVOVENIQVNIOjJEODgyMy1FQVNUVVMiLCJqb2JMb2NhdGlvbiI6ImVhc3R1cyJ9?api-version=2017-05-10"
        ],
        "Retry-After": [
          "15"
        ],
        "x-ms-ratelimit-remaining-subscription-reads": [
          "14985"
        ],
        "x-ms-request-id": [
          "311ae29c-3f82-4ce3-96ea-3e22fcdc8179"
        ],
        "x-ms-correlation-request-id": [
          "311ae29c-3f82-4ce3-96ea-3e22fcdc8179"
        ],
        "x-ms-routing-request-id": [
          "WESTUS2:20180416T175536Z:311ae29c-3f82-4ce3-96ea-3e22fcdc8179"
        ],
        "Strict-Transport-Security": [
          "max-age=31536000; includeSubDomains"
        ],
        "X-Content-Type-Options": [
          "nosniff"
        ]
      },
      "StatusCode": 202
    },
    {
      "RequestUri": "/subscriptions/0b1f6471-1bf0-4dda-aec3-cb9272f09590/operationresults/eyJqb2JJZCI6IlJFU09VUkNFR1JPVVBERUxFVElPTkpPQi1SR0ZMVUVOVENIQVNIOjJEODgyMy1FQVNUVVMiLCJqb2JMb2NhdGlvbiI6ImVhc3R1cyJ9?api-version=2017-05-10",
      "EncodedRequestUri": "L3N1YnNjcmlwdGlvbnMvMGIxZjY0NzEtMWJmMC00ZGRhLWFlYzMtY2I5MjcyZjA5NTkwL29wZXJhdGlvbnJlc3VsdHMvZXlKcWIySkpaQ0k2SWxKRlUwOVZVa05GUjFKUFZWQkVSVXhGVkVsUFRrcFBRaTFTUjBaTVZVVk9WRU5JUVZOSU9qSkVPRGd5TXkxRlFWTlVWVk1pTENKcWIySk1iMk5oZEdsdmJpSTZJbVZoYzNSMWN5Sjk/YXBpLXZlcnNpb249MjAxNy0wNS0xMA==",
      "RequestMethod": "GET",
      "RequestBody": "",
      "RequestHeaders": {
        "User-Agent": [
          "FxVersion/4.6.25211.01",
          "Microsoft.Azure.Management.ResourceManager.Fluent.ResourceManagementClient/1.8.0.0",
          "MacAddressHash/1a7db1f3023c8cc9a72984005b4db786d257d09f868c7e111d4bf514b71b7890"
        ]
      },
      "ResponseBody": "",
      "ResponseHeaders": {
        "Content-Length": [
          "0"
        ],
        "Expires": [
          "-1"
        ],
        "Cache-Control": [
          "no-cache"
        ],
        "Date": [
          "Mon, 16 Apr 2018 17:55:51 GMT"
        ],
        "Pragma": [
          "no-cache"
        ],
        "x-ms-ratelimit-remaining-subscription-reads": [
          "14984"
        ],
        "x-ms-request-id": [
          "7ac8abfc-9968-446b-a142-806937fc0aaa"
        ],
        "x-ms-correlation-request-id": [
          "7ac8abfc-9968-446b-a142-806937fc0aaa"
        ],
        "x-ms-routing-request-id": [
          "WESTUS2:20180416T175551Z:7ac8abfc-9968-446b-a142-806937fc0aaa"
        ],
        "Strict-Transport-Security": [
          "max-age=31536000; includeSubDomains"
        ],
        "X-Content-Type-Options": [
          "nosniff"
        ]
      },
      "StatusCode": 200
    }
  ],
  "Names": {
    "CanCreateImageByCapturingVM": [
      "vm67-aa937989a67",
      "img6f379338dc",
      "rgfluentchash-8823",
      "pipb76200794299",
      "nic93249884ada",
      "vnet369915847a8a",
      "pip58211cb1",
      "stga9603837c91",
      "vm81f95009dc"
    ]
  },
  "Variables": {
    "ServicePrincipal": "39e3d217-cb72-4b90-8532-394a7e784d93",
    "AADTenant": "54826b22-38d6-4fb2-bad9-b7b93a3e9c5a",
    "SubscriptionId": "0b1f6471-1bf0-4dda-aec3-cb9272f09590"
  }
}