{
  "Entries": [
    {
      "RequestUri": "/subscriptions/00000000-0000-0000-0000-000000000000/resourcegroups/rgacsb02087703?api-version=2017-05-10",
      "RequestMethod": "PUT",
      "RequestBody": "{\r\n  \"location\": \"eastus\"\r\n}",
      "RequestHeaders": {
        "Content-Type": [
          "application/json; charset=utf-8"
        ],
        "Content-Length": [
          "28"
        ],
        "x-ms-client-request-id": [
          "a68a6479-6e01-4333-8e62-e0fc7ae60d5f"
        ],
        "accept-language": [
          "en-US"
        ],
        "User-Agent": [
          "FxVersion/4.6.25211.01",
          "Microsoft.Azure.Management.ResourceManager.Fluent.ResourceManagementClient/1.3.0.0",
          "MacAddressHash/89b2dc800b8b5b63ad322a81e1c8ff182912c66d60f3a7424549b566713c5ae0"
        ]
      },
      "ResponseBody": "{\r\n  \"id\": \"/subscriptions/00000000-0000-0000-0000-000000000000/resourceGroups/rgacsb02087703\",\r\n  \"name\": \"rgacsb02087703\",\r\n  \"location\": \"eastus\",\r\n  \"properties\": {\r\n    \"provisioningState\": \"Succeeded\"\r\n  }\r\n}",
      "ResponseHeaders": {
        "Content-Length": [
          "181"
        ],
        "Content-Type": [
          "application/json; charset=utf-8"
        ],
        "Expires": [
          "-1"
        ],
        "Cache-Control": [
          "no-cache"
        ],
        "Date": [
          "Thu, 16 Nov 2017 23:53:32 GMT"
        ],
        "Pragma": [
          "no-cache"
        ],
        "x-ms-ratelimit-remaining-subscription-writes": [
          "1199"
        ],
        "x-ms-request-id": [
          "c76d8a8b-7c5a-4553-a955-e3a51d72842d"
        ],
        "x-ms-correlation-request-id": [
          "c76d8a8b-7c5a-4553-a955-e3a51d72842d"
        ],
        "x-ms-routing-request-id": [
          "WESTUS2:20171116T235332Z:c76d8a8b-7c5a-4553-a955-e3a51d72842d"
        ],
        "Strict-Transport-Security": [
          "max-age=31536000; includeSubDomains"
        ]
      },
      "StatusCode": 201
    },
    {
      "RequestUri": "/subscriptions/00000000-0000-0000-0000-000000000000/resourceGroups/rgacsb02087703/providers/Microsoft.ContainerService/containerServices/acssamplecdd28486a33aae?api-version=2017-07-01",
      "RequestMethod": "PUT",
      "RequestBody": "{\r\n  \"properties\": {\r\n    \"orchestratorProfile\": {\r\n      \"orchestratorType\": \"Swarm\"\r\n    },\r\n    \"masterProfile\": {\r\n      \"count\": 1,\r\n      \"dnsPrefix\": \"dns-acssamplecdd28486a33aae\",\r\n      \"vmSize\": \"Standard_D2_v2\"\r\n    },\r\n    \"agentPoolProfiles\": [\r\n      {\r\n        \"name\": \"agentpool\",\r\n        \"count\": 1,\r\n        \"vmSize\": \"Standard_D1_v2\",\r\n        \"dnsPrefix\": \"dns-ap-acssamplecdd28486a33aae\"\r\n      }\r\n    ],\r\n    \"linuxProfile\": {\r\n      \"adminUsername\": \"acsuser\",\r\n      \"ssh\": {\r\n        \"publicKeys\": [\r\n          {\r\n            \"keyData\": \"ssh-rsa AAAAB3NzaC1yc2EAAAADAQABAAABAQCyhPdNuJUmTeLsaZL83vARuSVlN5qbKs7jCm723fqH85rIRQHgwEUXJbENEgZT0cXEgz4h36bQLMYT3/30fRnxYl8U6gRn27zFiMwaDstOjc9EofStODbiHx9AY1XYStjegdf+LNa5tmRv8dZEdj47XDxosSG3JKHpSuf0fXr4u7NjgAxdYOxyMSPAEcfXQctA+ybHkGDLdjLHT7q5C4RXlQT7S9v5z532C3KuUSQW7n3QBP3xw/bC8aKcJafwZUYjYnw7owkBnv4TsZVva2le7maYkrtLH6w+XbhfHY4WwKY2Xxl1TxSGkb8tDsa6XgTmGfAKcDpnIe0DASJD8wFF dotnet.sample@azure.com\"\r\n          }\r\n        ]\r\n      }\r\n    }\r\n  },\r\n  \"location\": \"eastus\",\r\n  \"tags\": {}\r\n}",
      "RequestHeaders": {
        "Content-Type": [
          "application/json; charset=utf-8"
        ],
        "Content-Length": [
          "1057"
        ],
        "x-ms-client-request-id": [
          "902959b7-916e-440d-897e-53d152af4c86"
        ],
        "accept-language": [
          "en-US"
        ],
        "User-Agent": [
          "FxVersion/4.6.25211.01",
          "Microsoft.Azure.Management.ContainerService.Fluent.ContainerServiceManagementClient/1.3.0.0",
          "MacAddressHash/89b2dc800b8b5b63ad322a81e1c8ff182912c66d60f3a7424549b566713c5ae0"
        ]
      },
      "ResponseBody": "{\r\n  \"type\": \"Microsoft.ContainerService/ContainerServices\",\r\n  \"location\": \"eastus\",\r\n  \"tags\": {},\r\n  \"id\": \"/subscriptions/00000000-0000-0000-0000-000000000000/resourceGroups/rgacsb02087703/providers/Microsoft.ContainerService/containerServices/acssamplecdd28486a33aae\",\r\n  \"name\": \"acssamplecdd28486a33aae\",\r\n  \"properties\": {\r\n    \"provisioningState\": \"Creating\",\r\n    \"orchestratorProfile\": {\r\n      \"orchestratorType\": \"Swarm\"\r\n    },\r\n    \"masterProfile\": {\r\n      \"count\": 1,\r\n      \"dnsPrefix\": \"dns-acssamplecdd28486a33aae\",\r\n      \"vmSize\": \"Standard_D2_v2\"\r\n    },\r\n    \"agentPoolProfiles\": [\r\n      {\r\n        \"name\": \"agentpool\",\r\n        \"count\": 1,\r\n        \"vmSize\": \"Standard_D1_v2\",\r\n        \"dnsPrefix\": \"dns-ap-acssamplecdd28486a33aae\",\r\n        \"osType\": \"Linux\"\r\n      }\r\n    ],\r\n    \"linuxProfile\": {\r\n      \"ssh\": {\r\n        \"publicKeys\": [\r\n          {\r\n            \"keyData\": \"ssh-rsa AAAAB3NzaC1yc2EAAAADAQABAAABAQCyhPdNuJUmTeLsaZL83vARuSVlN5qbKs7jCm723fqH85rIRQHgwEUXJbENEgZT0cXEgz4h36bQLMYT3/30fRnxYl8U6gRn27zFiMwaDstOjc9EofStODbiHx9AY1XYStjegdf+LNa5tmRv8dZEdj47XDxosSG3JKHpSuf0fXr4u7NjgAxdYOxyMSPAEcfXQctA+ybHkGDLdjLHT7q5C4RXlQT7S9v5z532C3KuUSQW7n3QBP3xw/bC8aKcJafwZUYjYnw7owkBnv4TsZVva2le7maYkrtLH6w+XbhfHY4WwKY2Xxl1TxSGkb8tDsa6XgTmGfAKcDpnIe0DASJD8wFF dotnet.sample@azure.com\"\r\n          }\r\n        ]\r\n      },\r\n      \"adminUsername\": \"acsuser\"\r\n    },\r\n    \"diagnosticsProfile\": {\r\n      \"vmDiagnostics\": {\r\n        \"enabled\": true\r\n      }\r\n    }\r\n  }\r\n}",
      "ResponseHeaders": {
        "Content-Length": [
          "1490"
        ],
        "Content-Type": [
          "application/json; charset=utf-8"
        ],
        "Expires": [
          "-1"
        ],
        "Cache-Control": [
          "no-cache"
        ],
        "Date": [
          "Thu, 16 Nov 2017 23:53:38 GMT"
        ],
        "Pragma": [
          "no-cache"
        ],
        "Server": [
          "Microsoft-HTTPAPI/2.0",
          "Microsoft-HTTPAPI/2.0"
        ],
        "Azure-AsyncOperation": [
          "https://management.azure.com/subscriptions/00000000-0000-0000-0000-000000000000/providers/Microsoft.ContainerService/locations/eastus/operations/6fee6117-ab65-4869-95fa-b997367b10fa?api-version=2017-01-31"
        ],
        "Strict-Transport-Security": [
          "max-age=31536000; includeSubDomains"
        ],
        "x-ms-served-by": [
          "c68dba12-c54f-4cf6-bdfd-53fff57a526c_131330967087279325"
        ],
        "x-ms-request-id": [
          "6fee6117-ab65-4869-95fa-b997367b10fa"
        ],
        "x-ms-ratelimit-remaining-subscription-writes": [
          "1198"
        ],
        "x-ms-correlation-request-id": [
          "232d9117-7005-4866-aab7-f94d1e107f02"
        ],
        "x-ms-routing-request-id": [
          "WESTUS2:20171116T235338Z:232d9117-7005-4866-aab7-f94d1e107f02"
        ]
      },
      "StatusCode": 201
    },
    {
      "RequestUri": "/subscriptions/00000000-0000-0000-0000-000000000000/resourceGroups/rgacsb02087703/providers/Microsoft.ContainerService/containerServices/acssamplecdd28486a33aae?api-version=2017-07-01",
      "RequestMethod": "PUT",
      "RequestBody": "{\r\n  \"properties\": {\r\n    \"orchestratorProfile\": {\r\n      \"orchestratorType\": \"Swarm\"\r\n    },\r\n    \"masterProfile\": {\r\n      \"count\": 1,\r\n      \"dnsPrefix\": \"dns-acssamplecdd28486a33aae\",\r\n      \"vmSize\": \"Standard_D2_v2\"\r\n    },\r\n    \"agentPoolProfiles\": [\r\n      {\r\n        \"name\": \"agentpool\",\r\n        \"count\": 2,\r\n        \"vmSize\": \"Standard_D1_v2\",\r\n        \"dnsPrefix\": \"dns-ap-acssamplecdd28486a33aae\",\r\n        \"osType\": \"Linux\"\r\n      }\r\n    ],\r\n    \"linuxProfile\": {\r\n      \"adminUsername\": \"acsuser\",\r\n      \"ssh\": {\r\n        \"publicKeys\": [\r\n          {\r\n            \"keyData\": \"ssh-rsa AAAAB3NzaC1yc2EAAAADAQABAAABAQCyhPdNuJUmTeLsaZL83vARuSVlN5qbKs7jCm723fqH85rIRQHgwEUXJbENEgZT0cXEgz4h36bQLMYT3/30fRnxYl8U6gRn27zFiMwaDstOjc9EofStODbiHx9AY1XYStjegdf+LNa5tmRv8dZEdj47XDxosSG3JKHpSuf0fXr4u7NjgAxdYOxyMSPAEcfXQctA+ybHkGDLdjLHT7q5C4RXlQT7S9v5z532C3KuUSQW7n3QBP3xw/bC8aKcJafwZUYjYnw7owkBnv4TsZVva2le7maYkrtLH6w+XbhfHY4WwKY2Xxl1TxSGkb8tDsa6XgTmGfAKcDpnIe0DASJD8wFF dotnet.sample@azure.com\"\r\n          }\r\n        ]\r\n      }\r\n    },\r\n    \"diagnosticsProfile\": {\r\n      \"vmDiagnostics\": {\r\n        \"enabled\": true\r\n      }\r\n    }\r\n  },\r\n  \"location\": \"eastus\",\r\n  \"tags\": {}\r\n}",
      "RequestHeaders": {
        "Content-Type": [
          "application/json; charset=utf-8"
        ],
        "Content-Length": [
          "1182"
        ],
        "x-ms-client-request-id": [
          "6762893b-d207-447c-b066-d62405ef3f4b"
        ],
        "accept-language": [
          "en-US"
        ],
        "User-Agent": [
          "FxVersion/4.6.25211.01",
          "Microsoft.Azure.Management.ContainerService.Fluent.ContainerServiceManagementClient/1.3.0.0",
          "MacAddressHash/89b2dc800b8b5b63ad322a81e1c8ff182912c66d60f3a7424549b566713c5ae0"
        ]
      },
      "ResponseBody": "{\r\n  \"type\": \"Microsoft.ContainerService/ContainerServices\",\r\n  \"location\": \"eastus\",\r\n  \"tags\": {},\r\n  \"id\": \"/subscriptions/00000000-0000-0000-0000-000000000000/resourceGroups/rgacsb02087703/providers/Microsoft.ContainerService/containerServices/acssamplecdd28486a33aae\",\r\n  \"name\": \"acssamplecdd28486a33aae\",\r\n  \"properties\": {\r\n    \"provisioningState\": \"Updating\",\r\n    \"orchestratorProfile\": {\r\n      \"orchestratorType\": \"Swarm\"\r\n    },\r\n    \"masterProfile\": {\r\n      \"count\": 1,\r\n      \"dnsPrefix\": \"dns-acssamplecdd28486a33aae\",\r\n      \"vmSize\": \"Standard_D2_v2\"\r\n    },\r\n    \"agentPoolProfiles\": [\r\n      {\r\n        \"name\": \"agentpool\",\r\n        \"count\": 2,\r\n        \"vmSize\": \"Standard_D1_v2\",\r\n        \"dnsPrefix\": \"dns-ap-acssamplecdd28486a33aae\",\r\n        \"osType\": \"Linux\"\r\n      }\r\n    ],\r\n    \"linuxProfile\": {\r\n      \"ssh\": {\r\n        \"publicKeys\": [\r\n          {\r\n            \"keyData\": \"ssh-rsa AAAAB3NzaC1yc2EAAAADAQABAAABAQCyhPdNuJUmTeLsaZL83vARuSVlN5qbKs7jCm723fqH85rIRQHgwEUXJbENEgZT0cXEgz4h36bQLMYT3/30fRnxYl8U6gRn27zFiMwaDstOjc9EofStODbiHx9AY1XYStjegdf+LNa5tmRv8dZEdj47XDxosSG3JKHpSuf0fXr4u7NjgAxdYOxyMSPAEcfXQctA+ybHkGDLdjLHT7q5C4RXlQT7S9v5z532C3KuUSQW7n3QBP3xw/bC8aKcJafwZUYjYnw7owkBnv4TsZVva2le7maYkrtLH6w+XbhfHY4WwKY2Xxl1TxSGkb8tDsa6XgTmGfAKcDpnIe0DASJD8wFF dotnet.sample@azure.com\"\r\n          }\r\n        ]\r\n      },\r\n      \"adminUsername\": \"acsuser\"\r\n    },\r\n    \"diagnosticsProfile\": {\r\n      \"vmDiagnostics\": {\r\n        \"enabled\": true,\r\n        \"storageUri\": \"https://3uaroze6p4a64swarmdiag0.blob.core.windows.net/\"\r\n      }\r\n    }\r\n  }\r\n}",
      "ResponseHeaders": {
        "Content-Type": [
          "application/json; charset=utf-8"
        ],
        "Expires": [
          "-1"
        ],
        "Cache-Control": [
          "no-cache"
        ],
        "Date": [
          "Fri, 17 Nov 2017 00:01:15 GMT"
        ],
        "Pragma": [
          "no-cache"
        ],
        "Transfer-Encoding": [
          "chunked"
        ],
        "Server": [
          "Microsoft-HTTPAPI/2.0",
          "Microsoft-HTTPAPI/2.0"
        ],
        "Vary": [
          "Accept-Encoding"
        ],
        "Azure-AsyncOperation": [
          "https://management.azure.com/subscriptions/00000000-0000-0000-0000-000000000000/providers/Microsoft.ContainerService/locations/eastus/operations/0dad7854-660a-404a-a9e8-1cc26c3eb7ec?api-version=2017-01-31"
        ],
        "Strict-Transport-Security": [
          "max-age=31536000; includeSubDomains"
        ],
        "x-ms-served-by": [
          "c68dba12-c54f-4cf6-bdfd-53fff57a526c_131330967087279325"
        ],
        "x-ms-request-id": [
          "0dad7854-660a-404a-a9e8-1cc26c3eb7ec"
        ],
        "x-ms-ratelimit-remaining-subscription-writes": [
          "1197"
        ],
        "x-ms-correlation-request-id": [
          "f47a4600-f749-411c-99df-958cfd55ba67"
        ],
        "x-ms-routing-request-id": [
          "WESTUS2:20171117T000116Z:f47a4600-f749-411c-99df-958cfd55ba67"
        ]
      },
      "StatusCode": 200
    },
    {
      "RequestUri": "/subscriptions/00000000-0000-0000-0000-000000000000/providers/Microsoft.ContainerService/locations/eastus/operations/6fee6117-ab65-4869-95fa-b997367b10fa?api-version=2017-01-31",
      "RequestMethod": "GET",
      "RequestBody": "",
      "RequestHeaders": {
        "User-Agent": [
          "FxVersion/4.6.25211.01",
          "Microsoft.Azure.Management.ContainerService.Fluent.ContainerServiceManagementClient/1.3.0.0",
          "MacAddressHash/89b2dc800b8b5b63ad322a81e1c8ff182912c66d60f3a7424549b566713c5ae0"
        ]
      },
      "ResponseBody": "{\r\n  \"startTime\": \"2017-11-16T15:53:34.9615481-08:00\",\r\n  \"status\": \"InProgress\",\r\n  \"name\": \"6fee6117-ab65-4869-95fa-b997367b10fa\"\r\n}",
      "ResponseHeaders": {
        "Content-Type": [
          "application/json; charset=utf-8"
        ],
        "Expires": [
          "-1"
        ],
        "Cache-Control": [
          "no-cache"
        ],
        "Date": [
          "Thu, 16 Nov 2017 23:54:09 GMT"
        ],
        "Pragma": [
          "no-cache"
        ],
        "Transfer-Encoding": [
          "chunked"
        ],
        "Server": [
          "Microsoft-HTTPAPI/2.0",
          "Microsoft-HTTPAPI/2.0"
        ],
        "Vary": [
          "Accept-Encoding"
        ],
        "Strict-Transport-Security": [
          "max-age=31536000; includeSubDomains"
        ],
        "x-ms-served-by": [
          "c68dba12-c54f-4cf6-bdfd-53fff57a526c_131330967087279325"
        ],
        "x-ms-request-id": [
          "a31efa92-4509-4e25-92ab-9e39dc57abde"
        ],
        "x-ms-ratelimit-remaining-subscription-reads": [
          "14991"
        ],
        "x-ms-correlation-request-id": [
          "aaac60ff-cd48-4603-99e9-077bdd7c20fe"
        ],
        "x-ms-routing-request-id": [
          "WESTUS2:20171116T235409Z:aaac60ff-cd48-4603-99e9-077bdd7c20fe"
        ]
      },
      "StatusCode": 200
    },
    {
      "RequestUri": "/subscriptions/00000000-0000-0000-0000-000000000000/providers/Microsoft.ContainerService/locations/eastus/operations/6fee6117-ab65-4869-95fa-b997367b10fa?api-version=2017-01-31",
      "RequestMethod": "GET",
      "RequestBody": "",
      "RequestHeaders": {
        "User-Agent": [
          "FxVersion/4.6.25211.01",
          "Microsoft.Azure.Management.ContainerService.Fluent.ContainerServiceManagementClient/1.3.0.0",
          "MacAddressHash/89b2dc800b8b5b63ad322a81e1c8ff182912c66d60f3a7424549b566713c5ae0"
        ]
      },
      "ResponseBody": "{\r\n  \"startTime\": \"2017-11-16T15:53:34.9615481-08:00\",\r\n  \"status\": \"InProgress\",\r\n  \"name\": \"6fee6117-ab65-4869-95fa-b997367b10fa\"\r\n}",
      "ResponseHeaders": {
        "Content-Type": [
          "application/json; charset=utf-8"
        ],
        "Expires": [
          "-1"
        ],
        "Cache-Control": [
          "no-cache"
        ],
        "Date": [
          "Thu, 16 Nov 2017 23:54:38 GMT"
        ],
        "Pragma": [
          "no-cache"
        ],
        "Transfer-Encoding": [
          "chunked"
        ],
        "Server": [
          "Microsoft-HTTPAPI/2.0",
          "Microsoft-HTTPAPI/2.0"
        ],
        "Vary": [
          "Accept-Encoding"
        ],
        "Strict-Transport-Security": [
          "max-age=31536000; includeSubDomains"
        ],
        "x-ms-served-by": [
          "c68dba12-c54f-4cf6-bdfd-53fff57a526c_131330967087279325"
        ],
        "x-ms-request-id": [
          "b13771de-e442-4bc1-b40e-a9e6486bbc3e"
        ],
        "x-ms-ratelimit-remaining-subscription-reads": [
          "14990"
        ],
        "x-ms-correlation-request-id": [
          "798510ec-e286-4522-a7d3-0dff7152c33e"
        ],
        "x-ms-routing-request-id": [
          "WESTUS2:20171116T235439Z:798510ec-e286-4522-a7d3-0dff7152c33e"
        ]
      },
      "StatusCode": 200
    },
    {
      "RequestUri": "/subscriptions/00000000-0000-0000-0000-000000000000/providers/Microsoft.ContainerService/locations/eastus/operations/6fee6117-ab65-4869-95fa-b997367b10fa?api-version=2017-01-31",
      "RequestMethod": "GET",
      "RequestBody": "",
      "RequestHeaders": {
        "User-Agent": [
          "FxVersion/4.6.25211.01",
          "Microsoft.Azure.Management.ContainerService.Fluent.ContainerServiceManagementClient/1.3.0.0",
          "MacAddressHash/89b2dc800b8b5b63ad322a81e1c8ff182912c66d60f3a7424549b566713c5ae0"
        ]
      },
      "ResponseBody": "{\r\n  \"startTime\": \"2017-11-16T15:53:34.9615481-08:00\",\r\n  \"status\": \"InProgress\",\r\n  \"name\": \"6fee6117-ab65-4869-95fa-b997367b10fa\"\r\n}",
      "ResponseHeaders": {
        "Content-Type": [
          "application/json; charset=utf-8"
        ],
        "Expires": [
          "-1"
        ],
        "Cache-Control": [
          "no-cache"
        ],
        "Date": [
          "Thu, 16 Nov 2017 23:55:09 GMT"
        ],
        "Pragma": [
          "no-cache"
        ],
        "Transfer-Encoding": [
          "chunked"
        ],
        "Server": [
          "Microsoft-HTTPAPI/2.0",
          "Microsoft-HTTPAPI/2.0"
        ],
        "Vary": [
          "Accept-Encoding"
        ],
        "Strict-Transport-Security": [
          "max-age=31536000; includeSubDomains"
        ],
        "x-ms-served-by": [
          "c68dba12-c54f-4cf6-bdfd-53fff57a526c_131330967087279325"
        ],
        "x-ms-request-id": [
          "9136e3c0-1fd1-41fa-b405-2a26857a2dbf"
        ],
        "x-ms-ratelimit-remaining-subscription-reads": [
          "14990"
        ],
        "x-ms-correlation-request-id": [
          "cc19f8b2-7675-4df1-9456-ba60c0d20849"
        ],
        "x-ms-routing-request-id": [
          "WESTUS2:20171116T235510Z:cc19f8b2-7675-4df1-9456-ba60c0d20849"
        ]
      },
      "StatusCode": 200
    },
    {
      "RequestUri": "/subscriptions/00000000-0000-0000-0000-000000000000/providers/Microsoft.ContainerService/locations/eastus/operations/6fee6117-ab65-4869-95fa-b997367b10fa?api-version=2017-01-31",
      "RequestMethod": "GET",
      "RequestBody": "",
      "RequestHeaders": {
        "User-Agent": [
          "FxVersion/4.6.25211.01",
          "Microsoft.Azure.Management.ContainerService.Fluent.ContainerServiceManagementClient/1.3.0.0",
          "MacAddressHash/89b2dc800b8b5b63ad322a81e1c8ff182912c66d60f3a7424549b566713c5ae0"
        ]
      },
      "ResponseBody": "{\r\n  \"startTime\": \"2017-11-16T15:53:34.9615481-08:00\",\r\n  \"status\": \"InProgress\",\r\n  \"name\": \"6fee6117-ab65-4869-95fa-b997367b10fa\"\r\n}",
      "ResponseHeaders": {
        "Content-Type": [
          "application/json; charset=utf-8"
        ],
        "Expires": [
          "-1"
        ],
        "Cache-Control": [
          "no-cache"
        ],
        "Date": [
          "Thu, 16 Nov 2017 23:55:40 GMT"
        ],
        "Pragma": [
          "no-cache"
        ],
        "Transfer-Encoding": [
          "chunked"
        ],
        "Server": [
          "Microsoft-HTTPAPI/2.0",
          "Microsoft-HTTPAPI/2.0"
        ],
        "Vary": [
          "Accept-Encoding"
        ],
        "Strict-Transport-Security": [
          "max-age=31536000; includeSubDomains"
        ],
        "x-ms-served-by": [
          "c68dba12-c54f-4cf6-bdfd-53fff57a526c_131330967087279325"
        ],
        "x-ms-request-id": [
          "c32869e5-8085-49fe-b297-4ae908099cc8"
        ],
        "x-ms-ratelimit-remaining-subscription-reads": [
          "14989"
        ],
        "x-ms-correlation-request-id": [
          "daca019d-38e0-4eca-a872-e0a1ee6a96be"
        ],
        "x-ms-routing-request-id": [
          "WESTUS2:20171116T235540Z:daca019d-38e0-4eca-a872-e0a1ee6a96be"
        ]
      },
      "StatusCode": 200
    },
    {
      "RequestUri": "/subscriptions/00000000-0000-0000-0000-000000000000/providers/Microsoft.ContainerService/locations/eastus/operations/6fee6117-ab65-4869-95fa-b997367b10fa?api-version=2017-01-31",
      "RequestMethod": "GET",
      "RequestBody": "",
      "RequestHeaders": {
        "User-Agent": [
          "FxVersion/4.6.25211.01",
          "Microsoft.Azure.Management.ContainerService.Fluent.ContainerServiceManagementClient/1.3.0.0",
          "MacAddressHash/89b2dc800b8b5b63ad322a81e1c8ff182912c66d60f3a7424549b566713c5ae0"
        ]
      },
      "ResponseBody": "{\r\n  \"startTime\": \"2017-11-16T15:53:34.9615481-08:00\",\r\n  \"status\": \"InProgress\",\r\n  \"name\": \"6fee6117-ab65-4869-95fa-b997367b10fa\"\r\n}",
      "ResponseHeaders": {
        "Content-Type": [
          "application/json; charset=utf-8"
        ],
        "Expires": [
          "-1"
        ],
        "Cache-Control": [
          "no-cache"
        ],
        "Date": [
          "Thu, 16 Nov 2017 23:56:10 GMT"
        ],
        "Pragma": [
          "no-cache"
        ],
        "Transfer-Encoding": [
          "chunked"
        ],
        "Server": [
          "Microsoft-HTTPAPI/2.0",
          "Microsoft-HTTPAPI/2.0"
        ],
        "Vary": [
          "Accept-Encoding"
        ],
        "Strict-Transport-Security": [
          "max-age=31536000; includeSubDomains"
        ],
        "x-ms-served-by": [
          "c68dba12-c54f-4cf6-bdfd-53fff57a526c_131330967087279325"
        ],
        "x-ms-request-id": [
          "59faede6-ba5b-4e51-b9fc-31393af34814"
        ],
        "x-ms-ratelimit-remaining-subscription-reads": [
          "14988"
        ],
        "x-ms-correlation-request-id": [
          "2b4df9d0-5357-4891-a355-4dc25cd7bc73"
        ],
        "x-ms-routing-request-id": [
          "WESTUS2:20171116T235610Z:2b4df9d0-5357-4891-a355-4dc25cd7bc73"
        ]
      },
      "StatusCode": 200
    },
    {
      "RequestUri": "/subscriptions/00000000-0000-0000-0000-000000000000/providers/Microsoft.ContainerService/locations/eastus/operations/6fee6117-ab65-4869-95fa-b997367b10fa?api-version=2017-01-31",
      "RequestMethod": "GET",
      "RequestBody": "",
      "RequestHeaders": {
        "User-Agent": [
          "FxVersion/4.6.25211.01",
          "Microsoft.Azure.Management.ContainerService.Fluent.ContainerServiceManagementClient/1.3.0.0",
          "MacAddressHash/89b2dc800b8b5b63ad322a81e1c8ff182912c66d60f3a7424549b566713c5ae0"
        ]
      },
      "ResponseBody": "{\r\n  \"startTime\": \"2017-11-16T15:53:34.9615481-08:00\",\r\n  \"status\": \"InProgress\",\r\n  \"name\": \"6fee6117-ab65-4869-95fa-b997367b10fa\"\r\n}",
      "ResponseHeaders": {
        "Content-Type": [
          "application/json; charset=utf-8"
        ],
        "Expires": [
          "-1"
        ],
        "Cache-Control": [
          "no-cache"
        ],
        "Date": [
          "Thu, 16 Nov 2017 23:56:40 GMT"
        ],
        "Pragma": [
          "no-cache"
        ],
        "Transfer-Encoding": [
          "chunked"
        ],
        "Server": [
          "Microsoft-HTTPAPI/2.0",
          "Microsoft-HTTPAPI/2.0"
        ],
        "Vary": [
          "Accept-Encoding"
        ],
        "Strict-Transport-Security": [
          "max-age=31536000; includeSubDomains"
        ],
        "x-ms-served-by": [
          "c68dba12-c54f-4cf6-bdfd-53fff57a526c_131330967087279325"
        ],
        "x-ms-request-id": [
          "d575e0d2-0d62-47ed-a670-393a6251b7da"
        ],
        "x-ms-ratelimit-remaining-subscription-reads": [
          "14987"
        ],
        "x-ms-correlation-request-id": [
          "de95f8c9-30ea-49df-920a-8166891c4895"
        ],
        "x-ms-routing-request-id": [
          "WESTUS2:20171116T235640Z:de95f8c9-30ea-49df-920a-8166891c4895"
        ]
      },
      "StatusCode": 200
    },
    {
      "RequestUri": "/subscriptions/00000000-0000-0000-0000-000000000000/providers/Microsoft.ContainerService/locations/eastus/operations/6fee6117-ab65-4869-95fa-b997367b10fa?api-version=2017-01-31",
      "RequestMethod": "GET",
      "RequestBody": "",
      "RequestHeaders": {
        "User-Agent": [
          "FxVersion/4.6.25211.01",
          "Microsoft.Azure.Management.ContainerService.Fluent.ContainerServiceManagementClient/1.3.0.0",
          "MacAddressHash/89b2dc800b8b5b63ad322a81e1c8ff182912c66d60f3a7424549b566713c5ae0"
        ]
      },
      "ResponseBody": "{\r\n  \"startTime\": \"2017-11-16T15:53:34.9615481-08:00\",\r\n  \"status\": \"InProgress\",\r\n  \"name\": \"6fee6117-ab65-4869-95fa-b997367b10fa\"\r\n}",
      "ResponseHeaders": {
        "Content-Type": [
          "application/json; charset=utf-8"
        ],
        "Expires": [
          "-1"
        ],
        "Cache-Control": [
          "no-cache"
        ],
        "Date": [
          "Thu, 16 Nov 2017 23:57:10 GMT"
        ],
        "Pragma": [
          "no-cache"
        ],
        "Transfer-Encoding": [
          "chunked"
        ],
        "Server": [
          "Microsoft-HTTPAPI/2.0",
          "Microsoft-HTTPAPI/2.0"
        ],
        "Vary": [
          "Accept-Encoding"
        ],
        "Strict-Transport-Security": [
          "max-age=31536000; includeSubDomains"
        ],
        "x-ms-served-by": [
          "c68dba12-c54f-4cf6-bdfd-53fff57a526c_131330967087279325"
        ],
        "x-ms-request-id": [
          "ba43681a-a9fa-4b5f-95a5-00ea375aea9e"
        ],
        "x-ms-ratelimit-remaining-subscription-reads": [
          "14986"
        ],
        "x-ms-correlation-request-id": [
          "0f76ca94-6d13-4823-b3f2-c2e8198a5db5"
        ],
        "x-ms-routing-request-id": [
          "WESTUS2:20171116T235711Z:0f76ca94-6d13-4823-b3f2-c2e8198a5db5"
        ]
      },
      "StatusCode": 200
    },
    {
      "RequestUri": "/subscriptions/00000000-0000-0000-0000-000000000000/providers/Microsoft.ContainerService/locations/eastus/operations/6fee6117-ab65-4869-95fa-b997367b10fa?api-version=2017-01-31",
      "RequestMethod": "GET",
      "RequestBody": "",
      "RequestHeaders": {
        "User-Agent": [
          "FxVersion/4.6.25211.01",
          "Microsoft.Azure.Management.ContainerService.Fluent.ContainerServiceManagementClient/1.3.0.0",
          "MacAddressHash/89b2dc800b8b5b63ad322a81e1c8ff182912c66d60f3a7424549b566713c5ae0"
        ]
      },
      "ResponseBody": "{\r\n  \"startTime\": \"2017-11-16T15:53:34.9615481-08:00\",\r\n  \"status\": \"InProgress\",\r\n  \"name\": \"6fee6117-ab65-4869-95fa-b997367b10fa\"\r\n}",
      "ResponseHeaders": {
        "Content-Type": [
          "application/json; charset=utf-8"
        ],
        "Expires": [
          "-1"
        ],
        "Cache-Control": [
          "no-cache"
        ],
        "Date": [
          "Thu, 16 Nov 2017 23:57:41 GMT"
        ],
        "Pragma": [
          "no-cache"
        ],
        "Transfer-Encoding": [
          "chunked"
        ],
        "Server": [
          "Microsoft-HTTPAPI/2.0",
          "Microsoft-HTTPAPI/2.0"
        ],
        "Vary": [
          "Accept-Encoding"
        ],
        "Strict-Transport-Security": [
          "max-age=31536000; includeSubDomains"
        ],
        "x-ms-served-by": [
          "c68dba12-c54f-4cf6-bdfd-53fff57a526c_131330967087279325"
        ],
        "x-ms-request-id": [
          "e559515f-ef92-4d2f-99ca-34d4a99b30e0"
        ],
        "x-ms-ratelimit-remaining-subscription-reads": [
          "14985"
        ],
        "x-ms-correlation-request-id": [
          "fa2eb95f-e657-4d58-bcea-8afc2f229bbd"
        ],
        "x-ms-routing-request-id": [
          "WESTUS2:20171116T235741Z:fa2eb95f-e657-4d58-bcea-8afc2f229bbd"
        ]
      },
      "StatusCode": 200
    },
    {
      "RequestUri": "/subscriptions/00000000-0000-0000-0000-000000000000/providers/Microsoft.ContainerService/locations/eastus/operations/6fee6117-ab65-4869-95fa-b997367b10fa?api-version=2017-01-31",
      "RequestMethod": "GET",
      "RequestBody": "",
      "RequestHeaders": {
        "User-Agent": [
          "FxVersion/4.6.25211.01",
          "Microsoft.Azure.Management.ContainerService.Fluent.ContainerServiceManagementClient/1.3.0.0",
          "MacAddressHash/89b2dc800b8b5b63ad322a81e1c8ff182912c66d60f3a7424549b566713c5ae0"
        ]
      },
      "ResponseBody": "{\r\n  \"startTime\": \"2017-11-16T15:53:34.9615481-08:00\",\r\n  \"status\": \"InProgress\",\r\n  \"name\": \"6fee6117-ab65-4869-95fa-b997367b10fa\"\r\n}",
      "ResponseHeaders": {
        "Content-Type": [
          "application/json; charset=utf-8"
        ],
        "Expires": [
          "-1"
        ],
        "Cache-Control": [
          "no-cache"
        ],
        "Date": [
          "Thu, 16 Nov 2017 23:58:11 GMT"
        ],
        "Pragma": [
          "no-cache"
        ],
        "Transfer-Encoding": [
          "chunked"
        ],
        "Server": [
          "Microsoft-HTTPAPI/2.0",
          "Microsoft-HTTPAPI/2.0"
        ],
        "Vary": [
          "Accept-Encoding"
        ],
        "Strict-Transport-Security": [
          "max-age=31536000; includeSubDomains"
        ],
        "x-ms-served-by": [
          "c68dba12-c54f-4cf6-bdfd-53fff57a526c_131330967087279325"
        ],
        "x-ms-request-id": [
          "1b0bae46-fd43-41f8-8049-f02190453703"
        ],
        "x-ms-ratelimit-remaining-subscription-reads": [
          "14984"
        ],
        "x-ms-correlation-request-id": [
          "489d78ac-08fe-475c-bbc4-3cc1367d0d6f"
        ],
        "x-ms-routing-request-id": [
          "WESTUS2:20171116T235811Z:489d78ac-08fe-475c-bbc4-3cc1367d0d6f"
        ]
      },
      "StatusCode": 200
    },
    {
      "RequestUri": "/subscriptions/00000000-0000-0000-0000-000000000000/providers/Microsoft.ContainerService/locations/eastus/operations/6fee6117-ab65-4869-95fa-b997367b10fa?api-version=2017-01-31",
      "RequestMethod": "GET",
      "RequestBody": "",
      "RequestHeaders": {
        "User-Agent": [
          "FxVersion/4.6.25211.01",
          "Microsoft.Azure.Management.ContainerService.Fluent.ContainerServiceManagementClient/1.3.0.0",
          "MacAddressHash/89b2dc800b8b5b63ad322a81e1c8ff182912c66d60f3a7424549b566713c5ae0"
        ]
      },
      "ResponseBody": "{\r\n  \"startTime\": \"2017-11-16T15:53:34.9615481-08:00\",\r\n  \"status\": \"InProgress\",\r\n  \"name\": \"6fee6117-ab65-4869-95fa-b997367b10fa\"\r\n}",
      "ResponseHeaders": {
        "Content-Type": [
          "application/json; charset=utf-8"
        ],
        "Expires": [
          "-1"
        ],
        "Cache-Control": [
          "no-cache"
        ],
        "Date": [
          "Thu, 16 Nov 2017 23:58:40 GMT"
        ],
        "Pragma": [
          "no-cache"
        ],
        "Transfer-Encoding": [
          "chunked"
        ],
        "Server": [
          "Microsoft-HTTPAPI/2.0",
          "Microsoft-HTTPAPI/2.0"
        ],
        "Vary": [
          "Accept-Encoding"
        ],
        "Strict-Transport-Security": [
          "max-age=31536000; includeSubDomains"
        ],
        "x-ms-served-by": [
          "c68dba12-c54f-4cf6-bdfd-53fff57a526c_131330967087279325"
        ],
        "x-ms-request-id": [
          "24277516-9389-4551-a488-01db580a6b68"
        ],
        "x-ms-ratelimit-remaining-subscription-reads": [
          "14983"
        ],
        "x-ms-correlation-request-id": [
          "27188b7f-26c2-4f86-9da8-9e180974368a"
        ],
        "x-ms-routing-request-id": [
          "WESTUS2:20171116T235841Z:27188b7f-26c2-4f86-9da8-9e180974368a"
        ]
      },
      "StatusCode": 200
    },
    {
      "RequestUri": "/subscriptions/00000000-0000-0000-0000-000000000000/providers/Microsoft.ContainerService/locations/eastus/operations/6fee6117-ab65-4869-95fa-b997367b10fa?api-version=2017-01-31",
      "RequestMethod": "GET",
      "RequestBody": "",
      "RequestHeaders": {
        "User-Agent": [
          "FxVersion/4.6.25211.01",
          "Microsoft.Azure.Management.ContainerService.Fluent.ContainerServiceManagementClient/1.3.0.0",
          "MacAddressHash/89b2dc800b8b5b63ad322a81e1c8ff182912c66d60f3a7424549b566713c5ae0"
        ]
      },
      "ResponseBody": "{\r\n  \"startTime\": \"2017-11-16T15:53:34.9615481-08:00\",\r\n  \"status\": \"InProgress\",\r\n  \"name\": \"6fee6117-ab65-4869-95fa-b997367b10fa\"\r\n}",
      "ResponseHeaders": {
        "Content-Type": [
          "application/json; charset=utf-8"
        ],
        "Expires": [
          "-1"
        ],
        "Cache-Control": [
          "no-cache"
        ],
        "Date": [
          "Thu, 16 Nov 2017 23:59:11 GMT"
        ],
        "Pragma": [
          "no-cache"
        ],
        "Transfer-Encoding": [
          "chunked"
        ],
        "Server": [
          "Microsoft-HTTPAPI/2.0",
          "Microsoft-HTTPAPI/2.0"
        ],
        "Vary": [
          "Accept-Encoding"
        ],
        "Strict-Transport-Security": [
          "max-age=31536000; includeSubDomains"
        ],
        "x-ms-served-by": [
          "c68dba12-c54f-4cf6-bdfd-53fff57a526c_131330967087279325"
        ],
        "x-ms-request-id": [
          "74303c04-61fb-43bf-a1b0-cbf589c46d9d"
        ],
        "x-ms-ratelimit-remaining-subscription-reads": [
          "14982"
        ],
        "x-ms-correlation-request-id": [
          "b823668b-d301-4072-89f4-ac038430827b"
        ],
        "x-ms-routing-request-id": [
          "WESTUS2:20171116T235912Z:b823668b-d301-4072-89f4-ac038430827b"
        ]
      },
      "StatusCode": 200
    },
    {
      "RequestUri": "/subscriptions/00000000-0000-0000-0000-000000000000/providers/Microsoft.ContainerService/locations/eastus/operations/6fee6117-ab65-4869-95fa-b997367b10fa?api-version=2017-01-31",
      "RequestMethod": "GET",
      "RequestBody": "",
      "RequestHeaders": {
        "User-Agent": [
          "FxVersion/4.6.25211.01",
          "Microsoft.Azure.Management.ContainerService.Fluent.ContainerServiceManagementClient/1.3.0.0",
          "MacAddressHash/89b2dc800b8b5b63ad322a81e1c8ff182912c66d60f3a7424549b566713c5ae0"
        ]
      },
      "ResponseBody": "{\r\n  \"startTime\": \"2017-11-16T15:53:34.9615481-08:00\",\r\n  \"status\": \"InProgress\",\r\n  \"name\": \"6fee6117-ab65-4869-95fa-b997367b10fa\"\r\n}",
      "ResponseHeaders": {
        "Content-Type": [
          "application/json; charset=utf-8"
        ],
        "Expires": [
          "-1"
        ],
        "Cache-Control": [
          "no-cache"
        ],
        "Date": [
          "Thu, 16 Nov 2017 23:59:42 GMT"
        ],
        "Pragma": [
          "no-cache"
        ],
        "Transfer-Encoding": [
          "chunked"
        ],
        "Server": [
          "Microsoft-HTTPAPI/2.0",
          "Microsoft-HTTPAPI/2.0"
        ],
        "Vary": [
          "Accept-Encoding"
        ],
        "Strict-Transport-Security": [
          "max-age=31536000; includeSubDomains"
        ],
        "x-ms-served-by": [
          "c68dba12-c54f-4cf6-bdfd-53fff57a526c_131330967087279325"
        ],
        "x-ms-request-id": [
          "f606b43d-91ac-407e-a912-c33774df0696"
        ],
        "x-ms-ratelimit-remaining-subscription-reads": [
          "14981"
        ],
        "x-ms-correlation-request-id": [
          "44b58203-0090-41bc-a5a6-08ac743c5603"
        ],
        "x-ms-routing-request-id": [
          "WESTUS2:20171116T235942Z:44b58203-0090-41bc-a5a6-08ac743c5603"
        ]
      },
      "StatusCode": 200
    },
    {
      "RequestUri": "/subscriptions/00000000-0000-0000-0000-000000000000/providers/Microsoft.ContainerService/locations/eastus/operations/6fee6117-ab65-4869-95fa-b997367b10fa?api-version=2017-01-31",
      "RequestMethod": "GET",
      "RequestBody": "",
      "RequestHeaders": {
        "User-Agent": [
          "FxVersion/4.6.25211.01",
          "Microsoft.Azure.Management.ContainerService.Fluent.ContainerServiceManagementClient/1.3.0.0",
          "MacAddressHash/89b2dc800b8b5b63ad322a81e1c8ff182912c66d60f3a7424549b566713c5ae0"
        ]
      },
      "ResponseBody": "{\r\n  \"startTime\": \"2017-11-16T15:53:34.9615481-08:00\",\r\n  \"status\": \"InProgress\",\r\n  \"name\": \"6fee6117-ab65-4869-95fa-b997367b10fa\"\r\n}",
      "ResponseHeaders": {
        "Content-Type": [
          "application/json; charset=utf-8"
        ],
        "Expires": [
          "-1"
        ],
        "Cache-Control": [
          "no-cache"
        ],
        "Date": [
          "Fri, 17 Nov 2017 00:00:11 GMT"
        ],
        "Pragma": [
          "no-cache"
        ],
        "Transfer-Encoding": [
          "chunked"
        ],
        "Server": [
          "Microsoft-HTTPAPI/2.0",
          "Microsoft-HTTPAPI/2.0"
        ],
        "Vary": [
          "Accept-Encoding"
        ],
        "Strict-Transport-Security": [
          "max-age=31536000; includeSubDomains"
        ],
        "x-ms-served-by": [
          "c68dba12-c54f-4cf6-bdfd-53fff57a526c_131330967087279325"
        ],
        "x-ms-request-id": [
          "8a52eb14-3447-4a61-9480-3d3d4a0e95f6"
        ],
        "x-ms-ratelimit-remaining-subscription-reads": [
          "14980"
        ],
        "x-ms-correlation-request-id": [
          "0c68976c-2a6c-41e4-868a-1fc30ecf1c25"
        ],
        "x-ms-routing-request-id": [
          "WESTUS2:20171117T000012Z:0c68976c-2a6c-41e4-868a-1fc30ecf1c25"
        ]
      },
      "StatusCode": 200
    },
    {
      "RequestUri": "/subscriptions/00000000-0000-0000-0000-000000000000/providers/Microsoft.ContainerService/locations/eastus/operations/6fee6117-ab65-4869-95fa-b997367b10fa?api-version=2017-01-31",
      "RequestMethod": "GET",
      "RequestBody": "",
      "RequestHeaders": {
        "User-Agent": [
          "FxVersion/4.6.25211.01",
          "Microsoft.Azure.Management.ContainerService.Fluent.ContainerServiceManagementClient/1.3.0.0",
          "MacAddressHash/89b2dc800b8b5b63ad322a81e1c8ff182912c66d60f3a7424549b566713c5ae0"
        ]
      },
      "ResponseBody": "{\r\n  \"startTime\": \"2017-11-16T15:53:34.9615481-08:00\",\r\n  \"status\": \"InProgress\",\r\n  \"name\": \"6fee6117-ab65-4869-95fa-b997367b10fa\"\r\n}",
      "ResponseHeaders": {
        "Content-Type": [
          "application/json; charset=utf-8"
        ],
        "Expires": [
          "-1"
        ],
        "Cache-Control": [
          "no-cache"
        ],
        "Date": [
          "Fri, 17 Nov 2017 00:00:42 GMT"
        ],
        "Pragma": [
          "no-cache"
        ],
        "Transfer-Encoding": [
          "chunked"
        ],
        "Server": [
          "Microsoft-HTTPAPI/2.0",
          "Microsoft-HTTPAPI/2.0"
        ],
        "Vary": [
          "Accept-Encoding"
        ],
        "Strict-Transport-Security": [
          "max-age=31536000; includeSubDomains"
        ],
        "x-ms-served-by": [
          "c68dba12-c54f-4cf6-bdfd-53fff57a526c_131330967087279325"
        ],
        "x-ms-request-id": [
          "7835b004-862c-4615-b6bc-670745c51578"
        ],
        "x-ms-ratelimit-remaining-subscription-reads": [
          "14979"
        ],
        "x-ms-correlation-request-id": [
          "f37008b6-9114-4201-be2e-44691ceab270"
        ],
        "x-ms-routing-request-id": [
          "WESTUS2:20171117T000042Z:f37008b6-9114-4201-be2e-44691ceab270"
        ]
      },
      "StatusCode": 200
    },
    {
      "RequestUri": "/subscriptions/00000000-0000-0000-0000-000000000000/providers/Microsoft.ContainerService/locations/eastus/operations/6fee6117-ab65-4869-95fa-b997367b10fa?api-version=2017-01-31",
      "RequestMethod": "GET",
      "RequestBody": "",
      "RequestHeaders": {
        "User-Agent": [
          "FxVersion/4.6.25211.01",
          "Microsoft.Azure.Management.ContainerService.Fluent.ContainerServiceManagementClient/1.3.0.0",
          "MacAddressHash/89b2dc800b8b5b63ad322a81e1c8ff182912c66d60f3a7424549b566713c5ae0"
        ]
      },
      "ResponseBody": "{\r\n  \"startTime\": \"2017-11-16T15:53:34.9615481-08:00\",\r\n  \"endTime\": \"2017-11-16T16:01:03.788861-08:00\",\r\n  \"status\": \"Succeeded\",\r\n  \"name\": \"6fee6117-ab65-4869-95fa-b997367b10fa\"\r\n}",
      "ResponseHeaders": {
        "Content-Type": [
          "application/json; charset=utf-8"
        ],
        "Expires": [
          "-1"
        ],
        "Cache-Control": [
          "no-cache"
        ],
        "Date": [
          "Fri, 17 Nov 2017 00:01:12 GMT"
        ],
        "Pragma": [
          "no-cache"
        ],
        "Transfer-Encoding": [
          "chunked"
        ],
        "Server": [
          "Microsoft-HTTPAPI/2.0",
          "Microsoft-HTTPAPI/2.0"
        ],
        "Vary": [
          "Accept-Encoding"
        ],
        "Strict-Transport-Security": [
          "max-age=31536000; includeSubDomains"
        ],
        "x-ms-served-by": [
          "c68dba12-c54f-4cf6-bdfd-53fff57a526c_131330967087279325"
        ],
        "x-ms-request-id": [
          "b732fa31-577f-48f4-8158-6047a7287c90"
        ],
        "x-ms-ratelimit-remaining-subscription-reads": [
          "14978"
        ],
        "x-ms-correlation-request-id": [
          "1baa9dd7-cb63-4c26-a877-a0f8135eafc8"
        ],
        "x-ms-routing-request-id": [
          "WESTUS2:20171117T000112Z:1baa9dd7-cb63-4c26-a877-a0f8135eafc8"
        ]
      },
      "StatusCode": 200
    },
    {
      "RequestUri": "/subscriptions/00000000-0000-0000-0000-000000000000/resourceGroups/rgacsb02087703/providers/Microsoft.ContainerService/containerServices/acssamplecdd28486a33aae?api-version=2017-07-01",
      "RequestMethod": "GET",
      "RequestBody": "",
      "RequestHeaders": {
        "User-Agent": [
          "FxVersion/4.6.25211.01",
          "Microsoft.Azure.Management.ContainerService.Fluent.ContainerServiceManagementClient/1.3.0.0",
          "MacAddressHash/89b2dc800b8b5b63ad322a81e1c8ff182912c66d60f3a7424549b566713c5ae0"
        ]
      },
      "ResponseBody": "{\r\n  \"type\": \"Microsoft.ContainerService/ContainerServices\",\r\n  \"location\": \"eastus\",\r\n  \"tags\": {},\r\n  \"id\": \"/subscriptions/00000000-0000-0000-0000-000000000000/resourceGroups/rgacsb02087703/providers/Microsoft.ContainerService/containerServices/acssamplecdd28486a33aae\",\r\n  \"name\": \"acssamplecdd28486a33aae\",\r\n  \"properties\": {\r\n    \"provisioningState\": \"Succeeded\",\r\n    \"orchestratorProfile\": {\r\n      \"orchestratorType\": \"Swarm\"\r\n    },\r\n    \"masterProfile\": {\r\n      \"count\": 1,\r\n      \"dnsPrefix\": \"dns-acssamplecdd28486a33aae\",\r\n      \"fqdn\": \"dns-acssamplecdd28486a33aae.eastus.cloudapp.azure.com\",\r\n      \"vmSize\": \"Standard_D2_v2\"\r\n    },\r\n    \"agentPoolProfiles\": [\r\n      {\r\n        \"name\": \"agentpool\",\r\n        \"count\": 1,\r\n        \"vmSize\": \"Standard_D1_v2\",\r\n        \"dnsPrefix\": \"dns-ap-acssamplecdd28486a33aae\",\r\n        \"fqdn\": \"dns-ap-acssamplecdd28486a33aae.eastus.cloudapp.azure.com\",\r\n        \"osType\": \"Linux\"\r\n      }\r\n    ],\r\n    \"linuxProfile\": {\r\n      \"ssh\": {\r\n        \"publicKeys\": [\r\n          {\r\n            \"keyData\": \"ssh-rsa AAAAB3NzaC1yc2EAAAADAQABAAABAQCyhPdNuJUmTeLsaZL83vARuSVlN5qbKs7jCm723fqH85rIRQHgwEUXJbENEgZT0cXEgz4h36bQLMYT3/30fRnxYl8U6gRn27zFiMwaDstOjc9EofStODbiHx9AY1XYStjegdf+LNa5tmRv8dZEdj47XDxosSG3JKHpSuf0fXr4u7NjgAxdYOxyMSPAEcfXQctA+ybHkGDLdjLHT7q5C4RXlQT7S9v5z532C3KuUSQW7n3QBP3xw/bC8aKcJafwZUYjYnw7owkBnv4TsZVva2le7maYkrtLH6w+XbhfHY4WwKY2Xxl1TxSGkb8tDsa6XgTmGfAKcDpnIe0DASJD8wFF dotnet.sample@azure.com\"\r\n          }\r\n        ]\r\n      },\r\n      \"adminUsername\": \"acsuser\"\r\n    },\r\n    \"diagnosticsProfile\": {\r\n      \"vmDiagnostics\": {\r\n        \"enabled\": true,\r\n        \"storageUri\": \"https://3uaroze6p4a64swarmdiag0.blob.core.windows.net/\"\r\n      }\r\n    }\r\n  }\r\n}",
      "ResponseHeaders": {
        "Content-Type": [
          "application/json; charset=utf-8"
        ],
        "Expires": [
          "-1"
        ],
        "Cache-Control": [
          "no-cache"
        ],
        "Date": [
          "Fri, 17 Nov 2017 00:01:12 GMT"
        ],
        "Pragma": [
          "no-cache"
        ],
        "Transfer-Encoding": [
          "chunked"
        ],
        "Server": [
          "Microsoft-HTTPAPI/2.0",
          "Microsoft-HTTPAPI/2.0"
        ],
        "Vary": [
          "Accept-Encoding"
        ],
        "Strict-Transport-Security": [
          "max-age=31536000; includeSubDomains"
        ],
        "x-ms-served-by": [
          "c68dba12-c54f-4cf6-bdfd-53fff57a526c_131330967087279325"
        ],
        "x-ms-request-id": [
          "143f5e16-0a0c-4b10-a1e2-8a2e0283b915"
        ],
        "x-ms-ratelimit-remaining-subscription-reads": [
          "14977"
        ],
        "x-ms-correlation-request-id": [
          "5b0512c9-7b52-4235-9c7e-3e56d66eb957"
        ],
        "x-ms-routing-request-id": [
          "WESTUS2:20171117T000113Z:5b0512c9-7b52-4235-9c7e-3e56d66eb957"
        ]
      },
      "StatusCode": 200
    },
    {
      "RequestUri": "/subscriptions/00000000-0000-0000-0000-000000000000/resourceGroups/rgacsb02087703/providers/Microsoft.ContainerService/containerServices/acssamplecdd28486a33aae?api-version=2017-07-01",
      "RequestMethod": "GET",
      "RequestBody": "",
      "RequestHeaders": {
        "User-Agent": [
          "FxVersion/4.6.25211.01",
          "Microsoft.Azure.Management.ContainerService.Fluent.ContainerServiceManagementClient/1.3.0.0",
          "MacAddressHash/89b2dc800b8b5b63ad322a81e1c8ff182912c66d60f3a7424549b566713c5ae0"
        ]
      },
      "ResponseBody": "{\r\n  \"type\": \"Microsoft.ContainerService/ContainerServices\",\r\n  \"location\": \"eastus\",\r\n  \"tags\": {},\r\n  \"id\": \"/subscriptions/00000000-0000-0000-0000-000000000000/resourceGroups/rgacsb02087703/providers/Microsoft.ContainerService/containerServices/acssamplecdd28486a33aae\",\r\n  \"name\": \"acssamplecdd28486a33aae\",\r\n  \"properties\": {\r\n    \"provisioningState\": \"Succeeded\",\r\n    \"orchestratorProfile\": {\r\n      \"orchestratorType\": \"Swarm\"\r\n    },\r\n    \"masterProfile\": {\r\n      \"count\": 1,\r\n      \"dnsPrefix\": \"dns-acssamplecdd28486a33aae\",\r\n      \"fqdn\": \"dns-acssamplecdd28486a33aae.eastus.cloudapp.azure.com\",\r\n      \"vmSize\": \"Standard_D2_v2\"\r\n    },\r\n    \"agentPoolProfiles\": [\r\n      {\r\n        \"name\": \"agentpool\",\r\n        \"count\": 2,\r\n        \"vmSize\": \"Standard_D1_v2\",\r\n        \"dnsPrefix\": \"dns-ap-acssamplecdd28486a33aae\",\r\n        \"fqdn\": \"dns-ap-acssamplecdd28486a33aae.eastus.cloudapp.azure.com\",\r\n        \"osType\": \"Linux\"\r\n      }\r\n    ],\r\n    \"linuxProfile\": {\r\n      \"ssh\": {\r\n        \"publicKeys\": [\r\n          {\r\n            \"keyData\": \"ssh-rsa AAAAB3NzaC1yc2EAAAADAQABAAABAQCyhPdNuJUmTeLsaZL83vARuSVlN5qbKs7jCm723fqH85rIRQHgwEUXJbENEgZT0cXEgz4h36bQLMYT3/30fRnxYl8U6gRn27zFiMwaDstOjc9EofStODbiHx9AY1XYStjegdf+LNa5tmRv8dZEdj47XDxosSG3JKHpSuf0fXr4u7NjgAxdYOxyMSPAEcfXQctA+ybHkGDLdjLHT7q5C4RXlQT7S9v5z532C3KuUSQW7n3QBP3xw/bC8aKcJafwZUYjYnw7owkBnv4TsZVva2le7maYkrtLH6w+XbhfHY4WwKY2Xxl1TxSGkb8tDsa6XgTmGfAKcDpnIe0DASJD8wFF dotnet.sample@azure.com\"\r\n          }\r\n        ]\r\n      },\r\n      \"adminUsername\": \"acsuser\"\r\n    },\r\n    \"diagnosticsProfile\": {\r\n      \"vmDiagnostics\": {\r\n        \"enabled\": true,\r\n        \"storageUri\": \"https://3uaroze6p4a64swarmdiag0.blob.core.windows.net/\"\r\n      }\r\n    }\r\n  }\r\n}",
      "ResponseHeaders": {
        "Content-Type": [
          "application/json; charset=utf-8"
        ],
        "Expires": [
          "-1"
        ],
        "Cache-Control": [
          "no-cache"
        ],
        "Date": [
          "Fri, 17 Nov 2017 00:03:45 GMT"
        ],
        "Pragma": [
          "no-cache"
        ],
        "Transfer-Encoding": [
          "chunked"
        ],
        "Server": [
          "Microsoft-HTTPAPI/2.0",
          "Microsoft-HTTPAPI/2.0"
        ],
        "Vary": [
          "Accept-Encoding"
        ],
        "Strict-Transport-Security": [
          "max-age=31536000; includeSubDomains"
        ],
        "x-ms-served-by": [
          "c68dba12-c54f-4cf6-bdfd-53fff57a526c_131330967087279325"
        ],
        "x-ms-request-id": [
          "1af32b8a-7e3c-4949-a923-d030a60be1af"
        ],
        "x-ms-ratelimit-remaining-subscription-reads": [
          "14971"
        ],
        "x-ms-correlation-request-id": [
          "dbcda389-0822-4bdc-9798-42ed94c7d5a9"
        ],
        "x-ms-routing-request-id": [
          "WESTUS2:20171117T000346Z:dbcda389-0822-4bdc-9798-42ed94c7d5a9"
        ]
      },
      "StatusCode": 200
    },
    {
      "RequestUri": "/subscriptions/00000000-0000-0000-0000-000000000000/providers/Microsoft.ContainerService/locations/eastus/operations/0dad7854-660a-404a-a9e8-1cc26c3eb7ec?api-version=2017-01-31",
      "RequestMethod": "GET",
      "RequestBody": "",
      "RequestHeaders": {
        "User-Agent": [
          "FxVersion/4.6.25211.01",
          "Microsoft.Azure.Management.ContainerService.Fluent.ContainerServiceManagementClient/1.3.0.0",
          "MacAddressHash/89b2dc800b8b5b63ad322a81e1c8ff182912c66d60f3a7424549b566713c5ae0"
        ]
      },
      "ResponseBody": "{\r\n  \"startTime\": \"2017-11-16T16:01:13.3044357-08:00\",\r\n  \"status\": \"InProgress\",\r\n  \"name\": \"0dad7854-660a-404a-a9e8-1cc26c3eb7ec\"\r\n}",
      "ResponseHeaders": {
        "Content-Type": [
          "application/json; charset=utf-8"
        ],
        "Expires": [
          "-1"
        ],
        "Cache-Control": [
          "no-cache"
        ],
        "Date": [
          "Fri, 17 Nov 2017 00:01:45 GMT"
        ],
        "Pragma": [
          "no-cache"
        ],
        "Transfer-Encoding": [
          "chunked"
        ],
        "Server": [
          "Microsoft-HTTPAPI/2.0",
          "Microsoft-HTTPAPI/2.0"
        ],
        "Vary": [
          "Accept-Encoding"
        ],
        "Strict-Transport-Security": [
          "max-age=31536000; includeSubDomains"
        ],
        "x-ms-served-by": [
          "c68dba12-c54f-4cf6-bdfd-53fff57a526c_131330967087279325"
        ],
        "x-ms-request-id": [
          "cf66ef55-95af-49cc-8331-c5c9f447a0c3"
        ],
        "x-ms-ratelimit-remaining-subscription-reads": [
          "14976"
        ],
        "x-ms-correlation-request-id": [
          "d8fd53d0-bae7-405d-b851-08d87c9dd99b"
        ],
        "x-ms-routing-request-id": [
          "WESTUS2:20171117T000146Z:d8fd53d0-bae7-405d-b851-08d87c9dd99b"
        ]
      },
      "StatusCode": 200
    },
    {
      "RequestUri": "/subscriptions/00000000-0000-0000-0000-000000000000/providers/Microsoft.ContainerService/locations/eastus/operations/0dad7854-660a-404a-a9e8-1cc26c3eb7ec?api-version=2017-01-31",
      "RequestMethod": "GET",
      "RequestBody": "",
      "RequestHeaders": {
        "User-Agent": [
          "FxVersion/4.6.25211.01",
          "Microsoft.Azure.Management.ContainerService.Fluent.ContainerServiceManagementClient/1.3.0.0",
          "MacAddressHash/89b2dc800b8b5b63ad322a81e1c8ff182912c66d60f3a7424549b566713c5ae0"
        ]
      },
      "ResponseBody": "{\r\n  \"startTime\": \"2017-11-16T16:01:13.3044357-08:00\",\r\n  \"status\": \"InProgress\",\r\n  \"name\": \"0dad7854-660a-404a-a9e8-1cc26c3eb7ec\"\r\n}",
      "ResponseHeaders": {
        "Content-Type": [
          "application/json; charset=utf-8"
        ],
        "Expires": [
          "-1"
        ],
        "Cache-Control": [
          "no-cache"
        ],
        "Date": [
          "Fri, 17 Nov 2017 00:02:15 GMT"
        ],
        "Pragma": [
          "no-cache"
        ],
        "Transfer-Encoding": [
          "chunked"
        ],
        "Server": [
          "Microsoft-HTTPAPI/2.0",
          "Microsoft-HTTPAPI/2.0"
        ],
        "Vary": [
          "Accept-Encoding"
        ],
        "Strict-Transport-Security": [
          "max-age=31536000; includeSubDomains"
        ],
        "x-ms-served-by": [
          "c68dba12-c54f-4cf6-bdfd-53fff57a526c_131330967087279325"
        ],
        "x-ms-request-id": [
          "0b3eb5bd-6d96-4a01-8eb8-4e077e3d6cac"
        ],
        "x-ms-ratelimit-remaining-subscription-reads": [
          "14975"
        ],
        "x-ms-correlation-request-id": [
          "406c244d-de71-4d50-aaa0-4c7cf7b32235"
        ],
        "x-ms-routing-request-id": [
          "WESTUS2:20171117T000216Z:406c244d-de71-4d50-aaa0-4c7cf7b32235"
        ]
      },
      "StatusCode": 200
    },
    {
      "RequestUri": "/subscriptions/00000000-0000-0000-0000-000000000000/providers/Microsoft.ContainerService/locations/eastus/operations/0dad7854-660a-404a-a9e8-1cc26c3eb7ec?api-version=2017-01-31",
      "RequestMethod": "GET",
      "RequestBody": "",
      "RequestHeaders": {
        "User-Agent": [
          "FxVersion/4.6.25211.01",
          "Microsoft.Azure.Management.ContainerService.Fluent.ContainerServiceManagementClient/1.3.0.0",
          "MacAddressHash/89b2dc800b8b5b63ad322a81e1c8ff182912c66d60f3a7424549b566713c5ae0"
        ]
      },
      "ResponseBody": "{\r\n  \"startTime\": \"2017-11-16T16:01:13.3044357-08:00\",\r\n  \"status\": \"InProgress\",\r\n  \"name\": \"0dad7854-660a-404a-a9e8-1cc26c3eb7ec\"\r\n}",
      "ResponseHeaders": {
        "Content-Type": [
          "application/json; charset=utf-8"
        ],
        "Expires": [
          "-1"
        ],
        "Cache-Control": [
          "no-cache"
        ],
        "Date": [
          "Fri, 17 Nov 2017 00:02:45 GMT"
        ],
        "Pragma": [
          "no-cache"
        ],
        "Transfer-Encoding": [
          "chunked"
        ],
        "Server": [
          "Microsoft-HTTPAPI/2.0",
          "Microsoft-HTTPAPI/2.0"
        ],
        "Vary": [
          "Accept-Encoding"
        ],
        "Strict-Transport-Security": [
          "max-age=31536000; includeSubDomains"
        ],
        "x-ms-served-by": [
          "c68dba12-c54f-4cf6-bdfd-53fff57a526c_131330967087279325"
        ],
        "x-ms-request-id": [
          "4f98dd7a-e2dc-4052-8f2c-e112a1867dd4"
        ],
        "x-ms-ratelimit-remaining-subscription-reads": [
          "14974"
        ],
        "x-ms-correlation-request-id": [
          "2f540d1b-c1de-4ef1-9a8f-af78fce616dd"
        ],
        "x-ms-routing-request-id": [
          "WESTUS2:20171117T000246Z:2f540d1b-c1de-4ef1-9a8f-af78fce616dd"
        ]
      },
      "StatusCode": 200
    },
    {
      "RequestUri": "/subscriptions/00000000-0000-0000-0000-000000000000/providers/Microsoft.ContainerService/locations/eastus/operations/0dad7854-660a-404a-a9e8-1cc26c3eb7ec?api-version=2017-01-31",
      "RequestMethod": "GET",
      "RequestBody": "",
      "RequestHeaders": {
        "User-Agent": [
          "FxVersion/4.6.25211.01",
          "Microsoft.Azure.Management.ContainerService.Fluent.ContainerServiceManagementClient/1.3.0.0",
          "MacAddressHash/89b2dc800b8b5b63ad322a81e1c8ff182912c66d60f3a7424549b566713c5ae0"
        ]
      },
      "ResponseBody": "{\r\n  \"startTime\": \"2017-11-16T16:01:13.3044357-08:00\",\r\n  \"status\": \"InProgress\",\r\n  \"name\": \"0dad7854-660a-404a-a9e8-1cc26c3eb7ec\"\r\n}",
      "ResponseHeaders": {
        "Content-Type": [
          "application/json; charset=utf-8"
        ],
        "Expires": [
          "-1"
        ],
        "Cache-Control": [
          "no-cache"
        ],
        "Date": [
          "Fri, 17 Nov 2017 00:03:15 GMT"
        ],
        "Pragma": [
          "no-cache"
        ],
        "Transfer-Encoding": [
          "chunked"
        ],
        "Server": [
          "Microsoft-HTTPAPI/2.0",
          "Microsoft-HTTPAPI/2.0"
        ],
        "Vary": [
          "Accept-Encoding"
        ],
        "Strict-Transport-Security": [
          "max-age=31536000; includeSubDomains"
        ],
        "x-ms-served-by": [
          "c68dba12-c54f-4cf6-bdfd-53fff57a526c_131330967087279325"
        ],
        "x-ms-request-id": [
          "3e66d58e-672a-4a11-b7fb-d9f4033e28f2"
        ],
        "x-ms-ratelimit-remaining-subscription-reads": [
          "14973"
        ],
        "x-ms-correlation-request-id": [
          "ac1d6925-d52d-4084-8fad-72a5d68c6dfb"
        ],
        "x-ms-routing-request-id": [
          "WESTUS2:20171117T000316Z:ac1d6925-d52d-4084-8fad-72a5d68c6dfb"
        ]
      },
      "StatusCode": 200
    },
    {
      "RequestUri": "/subscriptions/00000000-0000-0000-0000-000000000000/providers/Microsoft.ContainerService/locations/eastus/operations/0dad7854-660a-404a-a9e8-1cc26c3eb7ec?api-version=2017-01-31",
      "RequestMethod": "GET",
      "RequestBody": "",
      "RequestHeaders": {
        "User-Agent": [
          "FxVersion/4.6.25211.01",
          "Microsoft.Azure.Management.ContainerService.Fluent.ContainerServiceManagementClient/1.3.0.0",
          "MacAddressHash/89b2dc800b8b5b63ad322a81e1c8ff182912c66d60f3a7424549b566713c5ae0"
        ]
      },
      "ResponseBody": "{\r\n  \"startTime\": \"2017-11-16T16:01:13.3044357-08:00\",\r\n  \"endTime\": \"2017-11-16T16:03:41.2660975-08:00\",\r\n  \"status\": \"Succeeded\",\r\n  \"name\": \"0dad7854-660a-404a-a9e8-1cc26c3eb7ec\"\r\n}",
      "ResponseHeaders": {
        "Content-Type": [
          "application/json; charset=utf-8"
        ],
        "Expires": [
          "-1"
        ],
        "Cache-Control": [
          "no-cache"
        ],
        "Date": [
          "Fri, 17 Nov 2017 00:03:45 GMT"
        ],
        "Pragma": [
          "no-cache"
        ],
        "Transfer-Encoding": [
          "chunked"
        ],
        "Server": [
          "Microsoft-HTTPAPI/2.0",
          "Microsoft-HTTPAPI/2.0"
        ],
        "Vary": [
          "Accept-Encoding"
        ],
        "Strict-Transport-Security": [
          "max-age=31536000; includeSubDomains"
        ],
        "x-ms-served-by": [
          "c68dba12-c54f-4cf6-bdfd-53fff57a526c_131330967087279325"
        ],
        "x-ms-request-id": [
          "862f39df-5729-4946-9546-286500a017c0"
        ],
        "x-ms-ratelimit-remaining-subscription-reads": [
          "14972"
        ],
        "x-ms-correlation-request-id": [
          "cc553c9a-f31e-461a-87bb-b650615dd599"
        ],
        "x-ms-routing-request-id": [
          "WESTUS2:20171117T000346Z:cc553c9a-f31e-461a-87bb-b650615dd599"
        ]
      },
      "StatusCode": 200
    },
    {
      "RequestUri": "/subscriptions/00000000-0000-0000-0000-000000000000/resourcegroups/rgacsb02087703?api-version=2017-05-10",
      "RequestMethod": "DELETE",
      "RequestBody": "",
      "RequestHeaders": {
        "x-ms-client-request-id": [
          "59ef2c79-1f31-4d41-8056-9b0d68db42a7"
        ],
        "accept-language": [
          "en-US"
        ],
        "User-Agent": [
          "FxVersion/4.6.25211.01",
          "Microsoft.Azure.Management.ResourceManager.Fluent.ResourceManagementClient/1.3.0.0",
          "MacAddressHash/89b2dc800b8b5b63ad322a81e1c8ff182912c66d60f3a7424549b566713c5ae0"
        ]
      },
      "ResponseBody": "",
      "ResponseHeaders": {
        "Content-Length": [
          "0"
        ],
        "Expires": [
          "-1"
        ],
        "Cache-Control": [
          "no-cache"
        ],
        "Date": [
          "Fri, 17 Nov 2017 00:03:47 GMT"
        ],
        "Pragma": [
          "no-cache"
        ],
        "Location": [
          "https://management.azure.com/subscriptions/00000000-0000-0000-0000-000000000000/operationresults/eyJqb2JJZCI6IlJFU09VUkNFR1JPVVBERUxFVElPTkpPQi1SR0FDU0IwMjA4NzcwMy1FQVNUVVMiLCJqb2JMb2NhdGlvbiI6ImVhc3R1cyJ9?api-version=2016-02-01"
        ],
        "Retry-After": [
          "15"
        ],
        "x-ms-ratelimit-remaining-subscription-writes": [
          "1196"
        ],
        "x-ms-request-id": [
          "14a5cff3-f6f1-4344-8929-997d6d427454"
        ],
        "x-ms-correlation-request-id": [
          "14a5cff3-f6f1-4344-8929-997d6d427454"
        ],
        "x-ms-routing-request-id": [
          "WESTUS2:20171117T000348Z:14a5cff3-f6f1-4344-8929-997d6d427454"
        ],
        "Strict-Transport-Security": [
          "max-age=31536000; includeSubDomains"
        ]
      },
      "StatusCode": 202
    }
  ],
  "Names": {
    "ManageContainerServiceWithDockerSwarmOrchestratorTest": [
      "rgacsb02087703",
      "acssamplecdd28486a33aae"
    ]
  },
  "Variables": {
    "ServicePrincipal": "spClientId",
    "AADTenant": "72f988bf-86f1-41af-91ab-2d7cd011db47",
    "SubscriptionId": "00000000-0000-0000-0000-000000000000"
  }
}