{
  "Entries": [
    {
      "RequestUri": "/subscriptions/c549f475-dee8-428c-bb19-829a55e52f77/resourcegroups/rgstg6797?api-version=2016-02-01",
      "EncodedRequestUri": "L3N1YnNjcmlwdGlvbnMvYzU0OWY0NzUtZGVlOC00MjhjLWJiMTktODI5YTU1ZTUyZjc3L3Jlc291cmNlZ3JvdXBzL3Jnc3RnNjc5Nz9hcGktdmVyc2lvbj0yMDE2LTAyLTAx",
      "RequestMethod": "PUT",
      "RequestBody": "{\r\n  \"location\": \"eastasia\"\r\n}",
      "RequestHeaders": {
        "Content-Type": [
          "application/json; charset=utf-8"
        ],
        "Content-Length": [
          "30"
        ],
        "x-ms-client-request-id": [
          "41b9f21c-4a46-452e-8930-23c8a26a3ca7"
        ],
        "accept-language": [
          "en-US"
        ],
        "User-Agent": [
          "FxVersion/4.6.25211.01",
          "Microsoft.Azure.Management.ResourceManager.Fluent.ResourceManagementClient/1.2.0.0",
          "MacAddressHash/a2f3915311cd096504c6ee9e881fdd3a8a3bab508b6d90033e6e1c1d58b62fed"
        ]
      },
      "ResponseBody": "{\r\n  \"id\": \"/subscriptions/c549f475-dee8-428c-bb19-829a55e52f77/resourceGroups/rgstg6797\",\r\n  \"name\": \"rgstg6797\",\r\n  \"location\": \"eastasia\",\r\n  \"properties\": {\r\n    \"provisioningState\": \"Succeeded\"\r\n  }\r\n}",
      "ResponseHeaders": {
        "Content-Length": [
          "173"
        ],
        "Content-Type": [
          "application/json; charset=utf-8"
        ],
        "Expires": [
          "-1"
        ],
        "Cache-Control": [
          "no-cache"
        ],
        "Date": [
          "Mon, 11 Sep 2017 18:34:42 GMT"
        ],
        "Pragma": [
          "no-cache"
        ],
        "x-ms-ratelimit-remaining-subscription-writes": [
          "1199"
        ],
        "x-ms-request-id": [
          "c5a8575e-bdd2-4a83-be17-4c445b742163"
        ],
        "x-ms-correlation-request-id": [
          "c5a8575e-bdd2-4a83-be17-4c445b742163"
        ],
        "x-ms-routing-request-id": [
          "WESTUS2:20170911T183443Z:c5a8575e-bdd2-4a83-be17-4c445b742163"
        ],
        "Strict-Transport-Security": [
          "max-age=31536000; includeSubDomains"
        ]
      },
      "StatusCode": 201
    },
    {
      "RequestUri": "/subscriptions/c549f475-dee8-428c-bb19-829a55e52f77/resourceGroups/rgstg6797/providers/Microsoft.Batch/batchAccounts/batchaccount9633?api-version=2017-05-01",
      "EncodedRequestUri": "L3N1YnNjcmlwdGlvbnMvYzU0OWY0NzUtZGVlOC00MjhjLWJiMTktODI5YTU1ZTUyZjc3L3Jlc291cmNlR3JvdXBzL3Jnc3RnNjc5Ny9wcm92aWRlcnMvTWljcm9zb2Z0LkJhdGNoL2JhdGNoQWNjb3VudHMvYmF0Y2hhY2NvdW50OTYzMz9hcGktdmVyc2lvbj0yMDE3LTA1LTAx",
      "RequestMethod": "PUT",
      "RequestBody": "{\r\n  \"location\": \"eastasia\",\r\n  \"tags\": {}\r\n}",
      "RequestHeaders": {
        "Content-Type": [
          "application/json; charset=utf-8"
        ],
        "Content-Length": [
          "45"
        ],
        "x-ms-client-request-id": [
          "333a2c0c-366c-44e9-9afb-5eb96cd12d76"
        ],
        "accept-language": [
          "en-US"
        ],
        "User-Agent": [
          "FxVersion/4.6.25211.01",
          "Microsoft.Azure.Management.Batch.Fluent.BatchManagementClient/1.2.0.0",
          "MacAddressHash/a2f3915311cd096504c6ee9e881fdd3a8a3bab508b6d90033e6e1c1d58b62fed"
        ]
      },
      "ResponseBody": "",
      "ResponseHeaders": {
        "Content-Length": [
          "0"
        ],
        "Expires": [
          "-1"
        ],
        "Cache-Control": [
          "no-cache"
        ],
        "Date": [
          "Mon, 11 Sep 2017 18:34:45 GMT"
        ],
        "Pragma": [
          "no-cache"
        ],
        "Location": [
          "https://management.azure.com/subscriptions/c549f475-dee8-428c-bb19-829a55e52f77/resourceGroups/rgstg6797/providers/Microsoft.Batch/batchAccounts/batchaccount9633/operationResults/67051fc0-5e7c-47a3-98b4-6eb07adc5152?api-version=2017-05-01"
        ],
        "Retry-After": [
          "15"
        ],
        "Server": [
          "Microsoft-HTTPAPI/2.0"
        ],
        "x-ms-request-id": [
          "67051fc0-5e7c-47a3-98b4-6eb07adc5152"
        ],
        "Strict-Transport-Security": [
          "max-age=31536000; includeSubDomains"
        ],
        "X-Content-Type-Options": [
          "nosniff"
        ],
        "x-ms-ratelimit-remaining-subscription-writes": [
          "1198"
        ],
        "x-ms-correlation-request-id": [
          "2c5c226a-2e43-4871-bf17-c3d9720d51d1"
        ],
        "x-ms-routing-request-id": [
          "WESTUS2:20170911T183446Z:2c5c226a-2e43-4871-bf17-c3d9720d51d1"
        ]
      },
      "StatusCode": 202
    },
    {
      "RequestUri": "/subscriptions/c549f475-dee8-428c-bb19-829a55e52f77/resourceGroups/rgstg6797/providers/Microsoft.Batch/batchAccounts/batchaccount9633?api-version=2017-05-01",
      "EncodedRequestUri": "L3N1YnNjcmlwdGlvbnMvYzU0OWY0NzUtZGVlOC00MjhjLWJiMTktODI5YTU1ZTUyZjc3L3Jlc291cmNlR3JvdXBzL3Jnc3RnNjc5Ny9wcm92aWRlcnMvTWljcm9zb2Z0LkJhdGNoL2JhdGNoQWNjb3VudHMvYmF0Y2hhY2NvdW50OTYzMz9hcGktdmVyc2lvbj0yMDE3LTA1LTAx",
      "RequestMethod": "PUT",
      "RequestBody": "{\r\n  \"location\": \"eastasia\",\r\n  \"tags\": {},\r\n  \"properties\": {\r\n    \"autoStorage\": {\r\n      \"storageAccountId\": \"/subscriptions/c549f475-dee8-428c-bb19-829a55e52f77/resourceGroups/rgstg6797/providers/Microsoft.Storage/storageAccounts/sa9090\"\r\n    }\r\n  }\r\n}",
      "RequestHeaders": {
        "Content-Type": [
          "application/json; charset=utf-8"
        ],
        "Content-Length": [
          "256"
        ],
        "x-ms-client-request-id": [
          "50ece570-b495-446b-97c6-b98264e13faf"
        ],
        "accept-language": [
          "en-US"
        ],
        "User-Agent": [
          "FxVersion/4.6.25211.01",
          "Microsoft.Azure.Management.Batch.Fluent.BatchManagementClient/1.2.0.0",
          "MacAddressHash/a2f3915311cd096504c6ee9e881fdd3a8a3bab508b6d90033e6e1c1d58b62fed"
        ]
      },
      "ResponseBody": "{\r\n  \"id\": \"/subscriptions/c549f475-dee8-428c-bb19-829a55e52f77/resourceGroups/rgstg6797/providers/Microsoft.Batch/batchAccounts/batchaccount9633\",\r\n  \"name\": \"batchaccount9633\",\r\n  \"type\": \"Microsoft.Batch/batchAccounts\",\r\n  \"location\": \"eastasia\",\r\n  \"properties\": {\r\n    \"accountEndpoint\": \"batchaccount9633.eastasia.batch.azure.com\",\r\n    \"provisioningState\": \"Succeeded\",\r\n    \"dedicatedCoreQuota\": 20,\r\n    \"lowPriorityCoreQuota\": 50,\r\n    \"poolQuota\": 20,\r\n    \"activeJobAndJobScheduleQuota\": 20,\r\n    \"autoStorage\": {\r\n      \"storageAccountId\": \"/subscriptions/c549f475-dee8-428c-bb19-829a55e52f77/resourceGroups/rgstg6797/providers/Microsoft.Storage/storageAccounts/sa9090\",\r\n      \"lastKeySync\": \"2017-09-11T18:35:52.274104Z\"\r\n    },\r\n    \"poolAllocationMode\": \"batchservice\"\r\n  }\r\n}",
      "ResponseHeaders": {
        "Content-Type": [
          "application/json; charset=utf-8"
        ],
        "Expires": [
          "-1"
        ],
        "Last-Modified": [
          "Mon, 11 Sep 2017 18:35:52 GMT"
        ],
        "Cache-Control": [
          "no-cache"
        ],
        "Date": [
          "Mon, 11 Sep 2017 18:35:52 GMT"
        ],
        "Pragma": [
          "no-cache"
        ],
        "Transfer-Encoding": [
          "chunked"
        ],
        "ETag": [
          "\"0x8D4F943EE6AC03C\""
        ],
        "Server": [
          "Microsoft-HTTPAPI/2.0"
        ],
        "Vary": [
          "Accept-Encoding"
        ],
        "x-ms-ratelimit-remaining-subscription-writes": [
          "1194"
        ],
        "x-ms-request-id": [
          "f1c47d88-93f0-461f-bec4-9ff29d62a937"
        ],
        "Strict-Transport-Security": [
          "max-age=31536000; includeSubDomains"
        ],
        "X-Content-Type-Options": [
          "nosniff"
        ],
        "x-ms-correlation-request-id": [
          "6d8bddc1-f45f-4336-8e2b-561c0e62ae64"
        ],
        "x-ms-routing-request-id": [
          "WESTUS2:20170911T183552Z:6d8bddc1-f45f-4336-8e2b-561c0e62ae64"
        ]
      },
      "StatusCode": 200
    },
    {
      "RequestUri": "/subscriptions/c549f475-dee8-428c-bb19-829a55e52f77/resourceGroups/rgstg6797/providers/Microsoft.Batch/batchAccounts/batchaccount9633?api-version=2017-05-01",
      "EncodedRequestUri": "L3N1YnNjcmlwdGlvbnMvYzU0OWY0NzUtZGVlOC00MjhjLWJiMTktODI5YTU1ZTUyZjc3L3Jlc291cmNlR3JvdXBzL3Jnc3RnNjc5Ny9wcm92aWRlcnMvTWljcm9zb2Z0LkJhdGNoL2JhdGNoQWNjb3VudHMvYmF0Y2hhY2NvdW50OTYzMz9hcGktdmVyc2lvbj0yMDE3LTA1LTAx",
      "RequestMethod": "PUT",
      "RequestBody": "{\r\n  \"location\": \"eastasia\",\r\n  \"properties\": {\r\n    \"autoStorage\": {\r\n      \"storageAccountId\": \"/subscriptions/c549f475-dee8-428c-bb19-829a55e52f77/resourceGroups/rgstg6797/providers/Microsoft.Storage/storageAccounts/sa9090\"\r\n    }\r\n  }\r\n}",
      "RequestHeaders": {
        "Content-Type": [
          "application/json; charset=utf-8"
        ],
        "Content-Length": [
          "241"
        ],
        "x-ms-client-request-id": [
          "06f93f90-f682-4e93-9df1-37c68b082d7b"
        ],
        "accept-language": [
          "en-US"
        ],
        "User-Agent": [
          "FxVersion/4.6.25211.01",
          "Microsoft.Azure.Management.Batch.Fluent.BatchManagementClient/1.2.0.0",
          "MacAddressHash/a2f3915311cd096504c6ee9e881fdd3a8a3bab508b6d90033e6e1c1d58b62fed"
        ]
      },
      "ResponseBody": "{\r\n  \"id\": \"/subscriptions/c549f475-dee8-428c-bb19-829a55e52f77/resourceGroups/rgstg6797/providers/Microsoft.Batch/batchAccounts/batchaccount9633\",\r\n  \"name\": \"batchaccount9633\",\r\n  \"type\": \"Microsoft.Batch/batchAccounts\",\r\n  \"location\": \"eastasia\",\r\n  \"properties\": {\r\n    \"accountEndpoint\": \"batchaccount9633.eastasia.batch.azure.com\",\r\n    \"provisioningState\": \"Succeeded\",\r\n    \"dedicatedCoreQuota\": 20,\r\n    \"lowPriorityCoreQuota\": 50,\r\n    \"poolQuota\": 20,\r\n    \"activeJobAndJobScheduleQuota\": 20,\r\n    \"autoStorage\": {\r\n      \"storageAccountId\": \"/subscriptions/c549f475-dee8-428c-bb19-829a55e52f77/resourceGroups/rgstg6797/providers/Microsoft.Storage/storageAccounts/sa9090\",\r\n      \"lastKeySync\": \"2017-09-11T18:35:55.2314688Z\"\r\n    },\r\n    \"poolAllocationMode\": \"batchservice\"\r\n  }\r\n}",
      "ResponseHeaders": {
        "Content-Type": [
          "application/json; charset=utf-8"
        ],
        "Expires": [
          "-1"
        ],
        "Last-Modified": [
          "Mon, 11 Sep 2017 18:35:55 GMT"
        ],
        "Cache-Control": [
          "no-cache"
        ],
        "Date": [
          "Mon, 11 Sep 2017 18:35:54 GMT"
        ],
        "Pragma": [
          "no-cache"
        ],
        "Transfer-Encoding": [
          "chunked"
        ],
        "ETag": [
          "\"0x8D4F943F02DA856\""
        ],
        "Server": [
          "Microsoft-HTTPAPI/2.0"
        ],
        "Vary": [
          "Accept-Encoding"
        ],
        "x-ms-ratelimit-remaining-subscription-writes": [
          "1192"
        ],
        "x-ms-request-id": [
          "cf53c51b-f8d0-4e26-96f5-9d9ad4b14742"
        ],
        "Strict-Transport-Security": [
          "max-age=31536000; includeSubDomains"
        ],
        "X-Content-Type-Options": [
          "nosniff"
        ],
        "x-ms-correlation-request-id": [
          "bc59131a-c6a5-41c0-953d-07061c0b9ec4"
        ],
        "x-ms-routing-request-id": [
          "WESTUS2:20170911T183555Z:bc59131a-c6a5-41c0-953d-07061c0b9ec4"
        ]
      },
      "StatusCode": 200
    },
    {
      "RequestUri": "/subscriptions/c549f475-dee8-428c-bb19-829a55e52f77/resourceGroups/rgstg6797/providers/Microsoft.Batch/batchAccounts/batchaccount9633?api-version=2017-05-01",
      "EncodedRequestUri": "L3N1YnNjcmlwdGlvbnMvYzU0OWY0NzUtZGVlOC00MjhjLWJiMTktODI5YTU1ZTUyZjc3L3Jlc291cmNlR3JvdXBzL3Jnc3RnNjc5Ny9wcm92aWRlcnMvTWljcm9zb2Z0LkJhdGNoL2JhdGNoQWNjb3VudHMvYmF0Y2hhY2NvdW50OTYzMz9hcGktdmVyc2lvbj0yMDE3LTA1LTAx",
      "RequestMethod": "PUT",
      "RequestBody": "{\r\n  \"location\": \"eastasia\",\r\n  \"properties\": {\r\n    \"autoStorage\": {\r\n      \"storageAccountId\": \"/subscriptions/c549f475-dee8-428c-bb19-829a55e52f77/resourceGroups/rgstg6797/providers/Microsoft.Storage/storageAccounts/sa9090\"\r\n    }\r\n  }\r\n}",
      "RequestHeaders": {
        "Content-Type": [
          "application/json; charset=utf-8"
        ],
        "Content-Length": [
          "241"
        ],
        "x-ms-client-request-id": [
          "5875121f-5dfb-4faf-a621-df34a5cb4f5b"
        ],
        "accept-language": [
          "en-US"
        ],
        "User-Agent": [
          "FxVersion/4.6.25211.01",
          "Microsoft.Azure.Management.Batch.Fluent.BatchManagementClient/1.2.0.0",
          "MacAddressHash/a2f3915311cd096504c6ee9e881fdd3a8a3bab508b6d90033e6e1c1d58b62fed"
        ]
      },
      "ResponseBody": "{\r\n  \"id\": \"/subscriptions/c549f475-dee8-428c-bb19-829a55e52f77/resourceGroups/rgstg6797/providers/Microsoft.Batch/batchAccounts/batchaccount9633\",\r\n  \"name\": \"batchaccount9633\",\r\n  \"type\": \"Microsoft.Batch/batchAccounts\",\r\n  \"location\": \"eastasia\",\r\n  \"properties\": {\r\n    \"accountEndpoint\": \"batchaccount9633.eastasia.batch.azure.com\",\r\n    \"provisioningState\": \"Succeeded\",\r\n    \"dedicatedCoreQuota\": 20,\r\n    \"lowPriorityCoreQuota\": 50,\r\n    \"poolQuota\": 20,\r\n    \"activeJobAndJobScheduleQuota\": 20,\r\n    \"autoStorage\": {\r\n      \"storageAccountId\": \"/subscriptions/c549f475-dee8-428c-bb19-829a55e52f77/resourceGroups/rgstg6797/providers/Microsoft.Storage/storageAccounts/sa9090\",\r\n      \"lastKeySync\": \"2017-09-11T18:35:59.3418573Z\"\r\n    },\r\n    \"poolAllocationMode\": \"batchservice\"\r\n  }\r\n}",
      "ResponseHeaders": {
        "Content-Type": [
          "application/json; charset=utf-8"
        ],
        "Expires": [
          "-1"
        ],
        "Last-Modified": [
          "Mon, 11 Sep 2017 18:35:59 GMT"
        ],
        "Cache-Control": [
          "no-cache"
        ],
        "Date": [
          "Mon, 11 Sep 2017 18:35:58 GMT"
        ],
        "Pragma": [
          "no-cache"
        ],
        "Transfer-Encoding": [
          "chunked"
        ],
        "ETag": [
          "\"0x8D4F943F2A0EA12\""
        ],
        "Server": [
          "Microsoft-HTTPAPI/2.0"
        ],
        "Vary": [
          "Accept-Encoding"
        ],
        "x-ms-ratelimit-remaining-subscription-writes": [
          "1188"
        ],
        "x-ms-request-id": [
          "ff61b13b-9c00-40c9-90e7-e496481f8c39"
        ],
        "Strict-Transport-Security": [
          "max-age=31536000; includeSubDomains"
        ],
        "X-Content-Type-Options": [
          "nosniff"
        ],
        "x-ms-correlation-request-id": [
          "70d8b415-3a5c-41f9-a5d1-b29fe60b48f1"
        ],
        "x-ms-routing-request-id": [
          "WESTUS2:20170911T183559Z:70d8b415-3a5c-41f9-a5d1-b29fe60b48f1"
        ]
      },
      "StatusCode": 200
    },
    {
      "RequestUri": "/subscriptions/c549f475-dee8-428c-bb19-829a55e52f77/resourceGroups/rgstg6797/providers/Microsoft.Batch/batchAccounts/batchaccount9633?api-version=2017-05-01",
      "EncodedRequestUri": "L3N1YnNjcmlwdGlvbnMvYzU0OWY0NzUtZGVlOC00MjhjLWJiMTktODI5YTU1ZTUyZjc3L3Jlc291cmNlR3JvdXBzL3Jnc3RnNjc5Ny9wcm92aWRlcnMvTWljcm9zb2Z0LkJhdGNoL2JhdGNoQWNjb3VudHMvYmF0Y2hhY2NvdW50OTYzMz9hcGktdmVyc2lvbj0yMDE3LTA1LTAx",
      "RequestMethod": "PUT",
      "RequestBody": "{\r\n  \"location\": \"eastasia\",\r\n  \"properties\": {\r\n    \"autoStorage\": {\r\n      \"storageAccountId\": \"/subscriptions/c549f475-dee8-428c-bb19-829a55e52f77/resourceGroups/rgstg6797/providers/Microsoft.Storage/storageAccounts/sa9090\"\r\n    }\r\n  }\r\n}",
      "RequestHeaders": {
        "Content-Type": [
          "application/json; charset=utf-8"
        ],
        "Content-Length": [
          "241"
        ],
        "x-ms-client-request-id": [
          "c9c5a648-e927-4e4d-a036-91a8bbf53bed"
        ],
        "accept-language": [
          "en-US"
        ],
        "User-Agent": [
          "FxVersion/4.6.25211.01",
          "Microsoft.Azure.Management.Batch.Fluent.BatchManagementClient/1.2.0.0",
          "MacAddressHash/a2f3915311cd096504c6ee9e881fdd3a8a3bab508b6d90033e6e1c1d58b62fed"
        ]
      },
      "ResponseBody": "{\r\n  \"id\": \"/subscriptions/c549f475-dee8-428c-bb19-829a55e52f77/resourceGroups/rgstg6797/providers/Microsoft.Batch/batchAccounts/batchaccount9633\",\r\n  \"name\": \"batchaccount9633\",\r\n  \"type\": \"Microsoft.Batch/batchAccounts\",\r\n  \"location\": \"eastasia\",\r\n  \"properties\": {\r\n    \"accountEndpoint\": \"batchaccount9633.eastasia.batch.azure.com\",\r\n    \"provisioningState\": \"Succeeded\",\r\n    \"dedicatedCoreQuota\": 20,\r\n    \"lowPriorityCoreQuota\": 50,\r\n    \"poolQuota\": 20,\r\n    \"activeJobAndJobScheduleQuota\": 20,\r\n    \"autoStorage\": {\r\n      \"storageAccountId\": \"/subscriptions/c549f475-dee8-428c-bb19-829a55e52f77/resourceGroups/rgstg6797/providers/Microsoft.Storage/storageAccounts/sa9090\",\r\n      \"lastKeySync\": \"2017-09-11T18:36:01.8000011Z\"\r\n    },\r\n    \"poolAllocationMode\": \"batchservice\"\r\n  }\r\n}",
      "ResponseHeaders": {
        "Content-Type": [
          "application/json; charset=utf-8"
        ],
        "Expires": [
          "-1"
        ],
        "Last-Modified": [
          "Mon, 11 Sep 2017 18:36:01 GMT"
        ],
        "Cache-Control": [
          "no-cache"
        ],
        "Date": [
          "Mon, 11 Sep 2017 18:36:01 GMT"
        ],
        "Pragma": [
          "no-cache"
        ],
        "Transfer-Encoding": [
          "chunked"
        ],
        "ETag": [
          "\"0x8D4F943F418C8FB\""
        ],
        "Server": [
          "Microsoft-HTTPAPI/2.0"
        ],
        "Vary": [
          "Accept-Encoding"
        ],
        "x-ms-ratelimit-remaining-subscription-writes": [
          "1186"
        ],
        "x-ms-request-id": [
          "14871f6d-896c-4be9-b45e-2a6f49496231"
        ],
        "Strict-Transport-Security": [
          "max-age=31536000; includeSubDomains"
        ],
        "X-Content-Type-Options": [
          "nosniff"
        ],
        "x-ms-correlation-request-id": [
          "fa640f2c-c131-49db-b8c3-7b3e075b882a"
        ],
        "x-ms-routing-request-id": [
          "WESTUS2:20170911T183601Z:fa640f2c-c131-49db-b8c3-7b3e075b882a"
        ]
      },
      "StatusCode": 200
    },
    {
      "RequestUri": "/subscriptions/c549f475-dee8-428c-bb19-829a55e52f77/resourceGroups/rgstg6797/providers/Microsoft.Batch/batchAccounts/batchaccount9633?api-version=2017-05-01",
      "EncodedRequestUri": "L3N1YnNjcmlwdGlvbnMvYzU0OWY0NzUtZGVlOC00MjhjLWJiMTktODI5YTU1ZTUyZjc3L3Jlc291cmNlR3JvdXBzL3Jnc3RnNjc5Ny9wcm92aWRlcnMvTWljcm9zb2Z0LkJhdGNoL2JhdGNoQWNjb3VudHMvYmF0Y2hhY2NvdW50OTYzMz9hcGktdmVyc2lvbj0yMDE3LTA1LTAx",
      "RequestMethod": "PUT",
      "RequestBody": "{\r\n  \"location\": \"eastasia\",\r\n  \"properties\": {\r\n    \"autoStorage\": {\r\n      \"storageAccountId\": \"/subscriptions/c549f475-dee8-428c-bb19-829a55e52f77/resourceGroups/rgstg6797/providers/Microsoft.Storage/storageAccounts/sa9090\"\r\n    }\r\n  }\r\n}",
      "RequestHeaders": {
        "Content-Type": [
          "application/json; charset=utf-8"
        ],
        "Content-Length": [
          "241"
        ],
        "x-ms-client-request-id": [
          "73f2e610-f3f9-46f6-b0d6-96425fa07fd3"
        ],
        "accept-language": [
          "en-US"
        ],
        "User-Agent": [
          "FxVersion/4.6.25211.01",
          "Microsoft.Azure.Management.Batch.Fluent.BatchManagementClient/1.2.0.0",
          "MacAddressHash/a2f3915311cd096504c6ee9e881fdd3a8a3bab508b6d90033e6e1c1d58b62fed"
        ]
      },
      "ResponseBody": "{\r\n  \"id\": \"/subscriptions/c549f475-dee8-428c-bb19-829a55e52f77/resourceGroups/rgstg6797/providers/Microsoft.Batch/batchAccounts/batchaccount9633\",\r\n  \"name\": \"batchaccount9633\",\r\n  \"type\": \"Microsoft.Batch/batchAccounts\",\r\n  \"location\": \"eastasia\",\r\n  \"properties\": {\r\n    \"accountEndpoint\": \"batchaccount9633.eastasia.batch.azure.com\",\r\n    \"provisioningState\": \"Succeeded\",\r\n    \"dedicatedCoreQuota\": 20,\r\n    \"lowPriorityCoreQuota\": 50,\r\n    \"poolQuota\": 20,\r\n    \"activeJobAndJobScheduleQuota\": 20,\r\n    \"autoStorage\": {\r\n      \"storageAccountId\": \"/subscriptions/c549f475-dee8-428c-bb19-829a55e52f77/resourceGroups/rgstg6797/providers/Microsoft.Storage/storageAccounts/sa9090\",\r\n      \"lastKeySync\": \"2017-09-11T18:36:36.9333318Z\"\r\n    },\r\n    \"poolAllocationMode\": \"batchservice\"\r\n  }\r\n}",
      "ResponseHeaders": {
        "Content-Type": [
          "application/json; charset=utf-8"
        ],
        "Expires": [
          "-1"
        ],
        "Last-Modified": [
          "Mon, 11 Sep 2017 18:36:37 GMT"
        ],
        "Cache-Control": [
          "no-cache"
        ],
        "Date": [
          "Mon, 11 Sep 2017 18:36:36 GMT"
        ],
        "Pragma": [
          "no-cache"
        ],
        "Transfer-Encoding": [
          "chunked"
        ],
        "ETag": [
          "\"0x8D4F94409097C0C\""
        ],
        "Server": [
          "Microsoft-HTTPAPI/2.0"
        ],
        "Vary": [
          "Accept-Encoding"
        ],
        "x-ms-ratelimit-remaining-subscription-writes": [
          "1191"
        ],
        "x-ms-request-id": [
          "9944645a-13e0-46b5-9852-c2519162ba77"
        ],
        "Strict-Transport-Security": [
          "max-age=31536000; includeSubDomains"
        ],
        "X-Content-Type-Options": [
          "nosniff"
        ],
        "x-ms-correlation-request-id": [
          "3bc62d90-63a7-4c84-ac50-cdb6c422093a"
        ],
        "x-ms-routing-request-id": [
          "WESTUS2:20170911T183637Z:3bc62d90-63a7-4c84-ac50-cdb6c422093a"
        ]
      },
      "StatusCode": 200
    },
    {
      "RequestUri": "/subscriptions/c549f475-dee8-428c-bb19-829a55e52f77/resourceGroups/rgstg6797/providers/Microsoft.Batch/batchAccounts/batchaccount9633?api-version=2017-05-01",
      "EncodedRequestUri": "L3N1YnNjcmlwdGlvbnMvYzU0OWY0NzUtZGVlOC00MjhjLWJiMTktODI5YTU1ZTUyZjc3L3Jlc291cmNlR3JvdXBzL3Jnc3RnNjc5Ny9wcm92aWRlcnMvTWljcm9zb2Z0LkJhdGNoL2JhdGNoQWNjb3VudHMvYmF0Y2hhY2NvdW50OTYzMz9hcGktdmVyc2lvbj0yMDE3LTA1LTAx",
      "RequestMethod": "PUT",
      "RequestBody": "{\r\n  \"location\": \"eastasia\",\r\n  \"properties\": {\r\n    \"autoStorage\": {\r\n      \"storageAccountId\": \"/subscriptions/c549f475-dee8-428c-bb19-829a55e52f77/resourceGroups/rgstg6797/providers/Microsoft.Storage/storageAccounts/sa9090\"\r\n    }\r\n  }\r\n}",
      "RequestHeaders": {
        "Content-Type": [
          "application/json; charset=utf-8"
        ],
        "Content-Length": [
          "241"
        ],
        "x-ms-client-request-id": [
          "e5267de6-0679-4ae1-823f-08b023799164"
        ],
        "accept-language": [
          "en-US"
        ],
        "User-Agent": [
          "FxVersion/4.6.25211.01",
          "Microsoft.Azure.Management.Batch.Fluent.BatchManagementClient/1.2.0.0",
          "MacAddressHash/a2f3915311cd096504c6ee9e881fdd3a8a3bab508b6d90033e6e1c1d58b62fed"
        ]
      },
      "ResponseBody": "{\r\n  \"id\": \"/subscriptions/c549f475-dee8-428c-bb19-829a55e52f77/resourceGroups/rgstg6797/providers/Microsoft.Batch/batchAccounts/batchaccount9633\",\r\n  \"name\": \"batchaccount9633\",\r\n  \"type\": \"Microsoft.Batch/batchAccounts\",\r\n  \"location\": \"eastasia\",\r\n  \"properties\": {\r\n    \"accountEndpoint\": \"batchaccount9633.eastasia.batch.azure.com\",\r\n    \"provisioningState\": \"Succeeded\",\r\n    \"dedicatedCoreQuota\": 20,\r\n    \"lowPriorityCoreQuota\": 50,\r\n    \"poolQuota\": 20,\r\n    \"activeJobAndJobScheduleQuota\": 20,\r\n    \"autoStorage\": {\r\n      \"storageAccountId\": \"/subscriptions/c549f475-dee8-428c-bb19-829a55e52f77/resourceGroups/rgstg6797/providers/Microsoft.Storage/storageAccounts/sa9090\",\r\n      \"lastKeySync\": \"2017-09-11T18:36:39.6463748Z\"\r\n    },\r\n    \"poolAllocationMode\": \"batchservice\"\r\n  }\r\n}",
      "ResponseHeaders": {
        "Content-Type": [
          "application/json; charset=utf-8"
        ],
        "Expires": [
          "-1"
        ],
        "Last-Modified": [
          "Mon, 11 Sep 2017 18:36:39 GMT"
        ],
        "Cache-Control": [
          "no-cache"
        ],
        "Date": [
          "Mon, 11 Sep 2017 18:36:39 GMT"
        ],
        "Pragma": [
          "no-cache"
        ],
        "Transfer-Encoding": [
          "chunked"
        ],
        "ETag": [
          "\"0x8D4F9440AA65F95\""
        ],
        "Server": [
          "Microsoft-HTTPAPI/2.0"
        ],
        "Vary": [
          "Accept-Encoding"
        ],
        "x-ms-ratelimit-remaining-subscription-writes": [
          "1188"
        ],
        "x-ms-request-id": [
          "ea07331a-df98-4779-82dc-2f4d36b76c7a"
        ],
        "Strict-Transport-Security": [
          "max-age=31536000; includeSubDomains"
        ],
        "X-Content-Type-Options": [
          "nosniff"
        ],
        "x-ms-correlation-request-id": [
          "03ca4a6d-027a-48d2-97c3-c97577bf833f"
        ],
        "x-ms-routing-request-id": [
          "WESTUS2:20170911T183639Z:03ca4a6d-027a-48d2-97c3-c97577bf833f"
        ]
      },
      "StatusCode": 200
    },
    {
      "RequestUri": "/subscriptions/c549f475-dee8-428c-bb19-829a55e52f77/resourceGroups/rgstg6797/providers/Microsoft.Batch/batchAccounts/batchaccount9633/operationResults/67051fc0-5e7c-47a3-98b4-6eb07adc5152?api-version=2017-05-01",
      "EncodedRequestUri": "L3N1YnNjcmlwdGlvbnMvYzU0OWY0NzUtZGVlOC00MjhjLWJiMTktODI5YTU1ZTUyZjc3L3Jlc291cmNlR3JvdXBzL3Jnc3RnNjc5Ny9wcm92aWRlcnMvTWljcm9zb2Z0LkJhdGNoL2JhdGNoQWNjb3VudHMvYmF0Y2hhY2NvdW50OTYzMy9vcGVyYXRpb25SZXN1bHRzLzY3MDUxZmMwLTVlN2MtNDdhMy05OGI0LTZlYjA3YWRjNTE1Mj9hcGktdmVyc2lvbj0yMDE3LTA1LTAx",
      "RequestMethod": "GET",
      "RequestBody": "",
      "RequestHeaders": {
        "User-Agent": [
          "FxVersion/4.6.25211.01",
          "Microsoft.Azure.Management.Batch.Fluent.BatchManagementClient/1.2.0.0",
          "MacAddressHash/a2f3915311cd096504c6ee9e881fdd3a8a3bab508b6d90033e6e1c1d58b62fed"
        ]
      },
      "ResponseBody": "{\r\n  \"id\": \"/subscriptions/c549f475-dee8-428c-bb19-829a55e52f77/resourceGroups/rgstg6797/providers/Microsoft.Batch/batchAccounts/batchaccount9633\",\r\n  \"name\": \"batchaccount9633\",\r\n  \"type\": \"Microsoft.Batch/batchAccounts\",\r\n  \"location\": \"eastasia\",\r\n  \"properties\": {\r\n    \"accountEndpoint\": \"batchaccount9633.eastasia.batch.azure.com\",\r\n    \"provisioningState\": \"Succeeded\",\r\n    \"dedicatedCoreQuota\": 20,\r\n    \"lowPriorityCoreQuota\": 50,\r\n    \"poolQuota\": 20,\r\n    \"activeJobAndJobScheduleQuota\": 20,\r\n    \"poolAllocationMode\": \"batchservice\"\r\n  }\r\n}",
      "ResponseHeaders": {
        "Content-Type": [
          "application/json; charset=utf-8"
        ],
        "Expires": [
          "-1"
        ],
        "Last-Modified": [
          "Mon, 11 Sep 2017 18:35:16 GMT"
        ],
        "Cache-Control": [
          "no-cache"
        ],
        "Date": [
          "Mon, 11 Sep 2017 18:35:16 GMT"
        ],
        "Pragma": [
          "no-cache"
        ],
        "Transfer-Encoding": [
          "chunked"
        ],
        "ETag": [
          "\"0x8D4F943D93A5A89\""
        ],
        "Server": [
          "Microsoft-HTTPAPI/2.0"
        ],
        "Vary": [
          "Accept-Encoding"
        ],
        "x-ms-ratelimit-remaining-subscription-reads": [
          "14990"
        ],
        "x-ms-request-id": [
          "35105d13-28c1-48d4-a18a-3798258d15cf"
        ],
        "Strict-Transport-Security": [
          "max-age=31536000; includeSubDomains"
        ],
        "X-Content-Type-Options": [
          "nosniff"
        ],
        "x-ms-correlation-request-id": [
          "0fe20796-703f-4661-a470-6813dced96cc"
        ],
        "x-ms-routing-request-id": [
          "WESTUS2:20170911T183516Z:0fe20796-703f-4661-a470-6813dced96cc"
        ]
      },
      "StatusCode": 200
    },
    {
      "RequestUri": "/subscriptions/c549f475-dee8-428c-bb19-829a55e52f77/resourceGroups/rgstg6797/providers/Microsoft.Batch/batchAccounts?api-version=2017-05-01",
      "EncodedRequestUri": "L3N1YnNjcmlwdGlvbnMvYzU0OWY0NzUtZGVlOC00MjhjLWJiMTktODI5YTU1ZTUyZjc3L3Jlc291cmNlR3JvdXBzL3Jnc3RnNjc5Ny9wcm92aWRlcnMvTWljcm9zb2Z0LkJhdGNoL2JhdGNoQWNjb3VudHM/YXBpLXZlcnNpb249MjAxNy0wNS0wMQ==",
      "RequestMethod": "GET",
      "RequestBody": "",
      "RequestHeaders": {
        "x-ms-client-request-id": [
          "0031ebcb-9bab-4dc6-8b5a-32faa5274ab9"
        ],
        "accept-language": [
          "en-US"
        ],
        "User-Agent": [
          "FxVersion/4.6.25211.01",
          "Microsoft.Azure.Management.Batch.Fluent.BatchManagementClient/1.2.0.0",
          "MacAddressHash/a2f3915311cd096504c6ee9e881fdd3a8a3bab508b6d90033e6e1c1d58b62fed"
        ]
      },
      "ResponseBody": "{\r\n  \"value\": [\r\n    {\r\n      \"id\": \"/subscriptions/c549f475-dee8-428c-bb19-829a55e52f77/resourceGroups/rgstg6797/providers/Microsoft.Batch/batchAccounts/batchaccount9633\",\r\n      \"name\": \"batchaccount9633\",\r\n      \"type\": \"Microsoft.Batch/batchAccounts\",\r\n      \"location\": \"eastasia\",\r\n      \"properties\": {\r\n        \"accountEndpoint\": \"batchaccount9633.eastasia.batch.azure.com\",\r\n        \"provisioningState\": \"Succeeded\",\r\n        \"dedicatedCoreQuota\": 20,\r\n        \"lowPriorityCoreQuota\": 50,\r\n        \"poolQuota\": 20,\r\n        \"activeJobAndJobScheduleQuota\": 20,\r\n        \"poolAllocationMode\": \"batchservice\"\r\n      }\r\n    }\r\n  ]\r\n}",
      "ResponseHeaders": {
        "Content-Type": [
          "application/json; charset=utf-8"
        ],
        "Expires": [
          "-1"
        ],
        "Cache-Control": [
          "no-cache"
        ],
        "Date": [
          "Mon, 11 Sep 2017 18:35:16 GMT"
        ],
        "Pragma": [
          "no-cache"
        ],
        "Transfer-Encoding": [
          "chunked"
        ],
        "Server": [
          "Microsoft-HTTPAPI/2.0"
        ],
        "Vary": [
          "Accept-Encoding"
        ],
        "x-ms-ratelimit-remaining-subscription-reads": [
          "14989"
        ],
        "x-ms-request-id": [
          "8e6b2dce-aeb3-4811-b275-7916af1e59cd"
        ],
        "Strict-Transport-Security": [
          "max-age=31536000; includeSubDomains"
        ],
        "X-Content-Type-Options": [
          "nosniff"
        ],
        "x-ms-correlation-request-id": [
          "f87c9213-4a85-4396-aa0a-07f5d4a74124"
        ],
        "x-ms-routing-request-id": [
          "WESTUS2:20170911T183517Z:f87c9213-4a85-4396-aa0a-07f5d4a74124"
        ]
      },
      "StatusCode": 200
    },
    {
      "RequestUri": "/subscriptions/c549f475-dee8-428c-bb19-829a55e52f77/resourceGroups/rgstg6797/providers/Microsoft.Batch/batchAccounts?api-version=2017-05-01",
      "EncodedRequestUri": "L3N1YnNjcmlwdGlvbnMvYzU0OWY0NzUtZGVlOC00MjhjLWJiMTktODI5YTU1ZTUyZjc3L3Jlc291cmNlR3JvdXBzL3Jnc3RnNjc5Ny9wcm92aWRlcnMvTWljcm9zb2Z0LkJhdGNoL2JhdGNoQWNjb3VudHM/YXBpLXZlcnNpb249MjAxNy0wNS0wMQ==",
      "RequestMethod": "GET",
      "RequestBody": "",
      "RequestHeaders": {
        "x-ms-client-request-id": [
          "7928dfc5-0932-4225-b068-aad5a882e955"
        ],
        "accept-language": [
          "en-US"
        ],
        "User-Agent": [
          "FxVersion/4.6.25211.01",
          "Microsoft.Azure.Management.Batch.Fluent.BatchManagementClient/1.2.0.0",
          "MacAddressHash/a2f3915311cd096504c6ee9e881fdd3a8a3bab508b6d90033e6e1c1d58b62fed"
        ]
      },
      "ResponseBody": "{\r\n  \"value\": []\r\n}",
      "ResponseHeaders": {
        "Content-Type": [
          "application/json; charset=utf-8"
        ],
        "Expires": [
          "-1"
        ],
        "Cache-Control": [
          "no-cache"
        ],
        "Date": [
          "Mon, 11 Sep 2017 18:37:11 GMT"
        ],
        "Pragma": [
          "no-cache"
        ],
        "Vary": [
          "Accept-Encoding"
        ],
        "x-ms-ratelimit-remaining-subscription-reads": [
          "14975"
        ],
        "x-ms-request-id": [
          "82e84948-5357-4d34-90db-3e4e64e320d8"
        ],
        "x-ms-correlation-request-id": [
          "82e84948-5357-4d34-90db-3e4e64e320d8"
        ],
        "x-ms-routing-request-id": [
          "WESTUS2:20170911T183712Z:82e84948-5357-4d34-90db-3e4e64e320d8"
        ],
        "Strict-Transport-Security": [
          "max-age=31536000; includeSubDomains"
        ]
      },
      "StatusCode": 200
    },
    {
      "RequestUri": "/subscriptions/c549f475-dee8-428c-bb19-829a55e52f77/resourceGroups/rgstg6797/providers/Microsoft.Batch/batchAccounts/batchaccount9633?api-version=2017-05-01",
      "EncodedRequestUri": "L3N1YnNjcmlwdGlvbnMvYzU0OWY0NzUtZGVlOC00MjhjLWJiMTktODI5YTU1ZTUyZjc3L3Jlc291cmNlR3JvdXBzL3Jnc3RnNjc5Ny9wcm92aWRlcnMvTWljcm9zb2Z0LkJhdGNoL2JhdGNoQWNjb3VudHMvYmF0Y2hhY2NvdW50OTYzMz9hcGktdmVyc2lvbj0yMDE3LTA1LTAx",
      "RequestMethod": "GET",
      "RequestBody": "",
      "RequestHeaders": {
        "x-ms-client-request-id": [
          "a2ce003f-51bf-477b-b323-91fe8efa67de"
        ],
        "accept-language": [
          "en-US"
        ],
        "User-Agent": [
          "FxVersion/4.6.25211.01",
          "Microsoft.Azure.Management.Batch.Fluent.BatchManagementClient/1.2.0.0",
          "MacAddressHash/a2f3915311cd096504c6ee9e881fdd3a8a3bab508b6d90033e6e1c1d58b62fed"
        ]
      },
      "ResponseBody": "{\r\n  \"id\": \"/subscriptions/c549f475-dee8-428c-bb19-829a55e52f77/resourceGroups/rgstg6797/providers/Microsoft.Batch/batchAccounts/batchaccount9633\",\r\n  \"name\": \"batchaccount9633\",\r\n  \"type\": \"Microsoft.Batch/batchAccounts\",\r\n  \"location\": \"eastasia\",\r\n  \"properties\": {\r\n    \"accountEndpoint\": \"batchaccount9633.eastasia.batch.azure.com\",\r\n    \"provisioningState\": \"Succeeded\",\r\n    \"dedicatedCoreQuota\": 20,\r\n    \"lowPriorityCoreQuota\": 50,\r\n    \"poolQuota\": 20,\r\n    \"activeJobAndJobScheduleQuota\": 20,\r\n    \"poolAllocationMode\": \"batchservice\"\r\n  }\r\n}",
      "ResponseHeaders": {
        "Content-Type": [
          "application/json; charset=utf-8"
        ],
        "Expires": [
          "-1"
        ],
        "Last-Modified": [
          "Mon, 11 Sep 2017 18:34:46 GMT"
        ],
        "Cache-Control": [
          "no-cache"
        ],
        "Date": [
          "Mon, 11 Sep 2017 18:35:17 GMT"
        ],
        "Pragma": [
          "no-cache"
        ],
        "Transfer-Encoding": [
          "chunked"
        ],
        "ETag": [
          "\"0x8D4F943C70A92E5\""
        ],
        "Server": [
          "Microsoft-HTTPAPI/2.0"
        ],
        "Vary": [
          "Accept-Encoding"
        ],
        "x-ms-ratelimit-remaining-subscription-reads": [
          "14988"
        ],
        "x-ms-request-id": [
          "cc711494-7d81-4397-ae51-953bcb5ecb59"
        ],
        "Strict-Transport-Security": [
          "max-age=31536000; includeSubDomains"
        ],
        "X-Content-Type-Options": [
          "nosniff"
        ],
        "x-ms-correlation-request-id": [
          "4a6f182a-14cd-41d4-9fc9-bafce7ee6c4f"
        ],
        "x-ms-routing-request-id": [
          "WESTUS2:20170911T183517Z:4a6f182a-14cd-41d4-9fc9-bafce7ee6c4f"
        ]
      },
      "StatusCode": 200
    },
    {
      "RequestUri": "/subscriptions/c549f475-dee8-428c-bb19-829a55e52f77/resourceGroups/rgstg6797/providers/Microsoft.Batch/batchAccounts/batchaccount9633?api-version=2017-05-01",
      "EncodedRequestUri": "L3N1YnNjcmlwdGlvbnMvYzU0OWY0NzUtZGVlOC00MjhjLWJiMTktODI5YTU1ZTUyZjc3L3Jlc291cmNlR3JvdXBzL3Jnc3RnNjc5Ny9wcm92aWRlcnMvTWljcm9zb2Z0LkJhdGNoL2JhdGNoQWNjb3VudHMvYmF0Y2hhY2NvdW50OTYzMz9hcGktdmVyc2lvbj0yMDE3LTA1LTAx",
      "RequestMethod": "GET",
      "RequestBody": "",
      "RequestHeaders": {
        "x-ms-client-request-id": [
          "3d0488a5-5ad6-4848-b246-1d85699d11b1"
        ],
        "accept-language": [
          "en-US"
        ],
        "User-Agent": [
          "FxVersion/4.6.25211.01",
          "Microsoft.Azure.Management.Batch.Fluent.BatchManagementClient/1.2.0.0",
          "MacAddressHash/a2f3915311cd096504c6ee9e881fdd3a8a3bab508b6d90033e6e1c1d58b62fed"
        ]
      },
      "ResponseBody": "{\r\n  \"id\": \"/subscriptions/c549f475-dee8-428c-bb19-829a55e52f77/resourceGroups/rgstg6797/providers/Microsoft.Batch/batchAccounts/batchaccount9633\",\r\n  \"name\": \"batchaccount9633\",\r\n  \"type\": \"Microsoft.Batch/batchAccounts\",\r\n  \"location\": \"eastasia\",\r\n  \"properties\": {\r\n    \"accountEndpoint\": \"batchaccount9633.eastasia.batch.azure.com\",\r\n    \"provisioningState\": \"Succeeded\",\r\n    \"dedicatedCoreQuota\": 20,\r\n    \"lowPriorityCoreQuota\": 50,\r\n    \"poolQuota\": 20,\r\n    \"activeJobAndJobScheduleQuota\": 20,\r\n    \"autoStorage\": {\r\n      \"storageAccountId\": \"/subscriptions/c549f475-dee8-428c-bb19-829a55e52f77/resourceGroups/rgstg6797/providers/Microsoft.Storage/storageAccounts/sa9090\",\r\n      \"lastKeySync\": \"2017-09-11T18:35:53.3317434Z\"\r\n    },\r\n    \"poolAllocationMode\": \"batchservice\"\r\n  }\r\n}",
      "ResponseHeaders": {
        "Content-Type": [
          "application/json; charset=utf-8"
        ],
        "Expires": [
          "-1"
        ],
        "Last-Modified": [
          "Mon, 11 Sep 2017 18:35:53 GMT"
        ],
        "Cache-Control": [
          "no-cache"
        ],
        "Date": [
          "Mon, 11 Sep 2017 18:35:53 GMT"
        ],
        "Pragma": [
          "no-cache"
        ],
        "Transfer-Encoding": [
          "chunked"
        ],
        "ETag": [
          "\"0x8D4F943EEF6293A\""
        ],
        "Server": [
          "Microsoft-HTTPAPI/2.0"
        ],
        "Vary": [
          "Accept-Encoding"
        ],
        "x-ms-ratelimit-remaining-subscription-reads": [
          "14985"
        ],
        "x-ms-request-id": [
          "f9608317-b140-44fa-a307-dcbebc7f414b"
        ],
        "Strict-Transport-Security": [
          "max-age=31536000; includeSubDomains"
        ],
        "X-Content-Type-Options": [
          "nosniff"
        ],
        "x-ms-correlation-request-id": [
          "254c6d9d-726a-4b9b-97e4-0481ab5e553a"
        ],
        "x-ms-routing-request-id": [
          "WESTUS2:20170911T183553Z:254c6d9d-726a-4b9b-97e4-0481ab5e553a"
        ]
      },
      "StatusCode": 200
    },
    {
      "RequestUri": "/subscriptions/c549f475-dee8-428c-bb19-829a55e52f77/resourceGroups/rgstg6797/providers/Microsoft.Batch/batchAccounts/batchaccount9633?api-version=2017-05-01",
      "EncodedRequestUri": "L3N1YnNjcmlwdGlvbnMvYzU0OWY0NzUtZGVlOC00MjhjLWJiMTktODI5YTU1ZTUyZjc3L3Jlc291cmNlR3JvdXBzL3Jnc3RnNjc5Ny9wcm92aWRlcnMvTWljcm9zb2Z0LkJhdGNoL2JhdGNoQWNjb3VudHMvYmF0Y2hhY2NvdW50OTYzMz9hcGktdmVyc2lvbj0yMDE3LTA1LTAx",
      "RequestMethod": "GET",
      "RequestBody": "",
      "RequestHeaders": {
        "x-ms-client-request-id": [
          "69869072-db20-4791-a41c-8f5bdbf6630e"
        ],
        "accept-language": [
          "en-US"
        ],
        "User-Agent": [
          "FxVersion/4.6.25211.01",
          "Microsoft.Azure.Management.Batch.Fluent.BatchManagementClient/1.2.0.0",
          "MacAddressHash/a2f3915311cd096504c6ee9e881fdd3a8a3bab508b6d90033e6e1c1d58b62fed"
        ]
      },
      "ResponseBody": "{\r\n  \"id\": \"/subscriptions/c549f475-dee8-428c-bb19-829a55e52f77/resourceGroups/rgstg6797/providers/Microsoft.Batch/batchAccounts/batchaccount9633\",\r\n  \"name\": \"batchaccount9633\",\r\n  \"type\": \"Microsoft.Batch/batchAccounts\",\r\n  \"location\": \"eastasia\",\r\n  \"properties\": {\r\n    \"accountEndpoint\": \"batchaccount9633.eastasia.batch.azure.com\",\r\n    \"provisioningState\": \"Succeeded\",\r\n    \"dedicatedCoreQuota\": 20,\r\n    \"lowPriorityCoreQuota\": 50,\r\n    \"poolQuota\": 20,\r\n    \"activeJobAndJobScheduleQuota\": 20,\r\n    \"autoStorage\": {\r\n      \"storageAccountId\": \"/subscriptions/c549f475-dee8-428c-bb19-829a55e52f77/resourceGroups/rgstg6797/providers/Microsoft.Storage/storageAccounts/sa9090\",\r\n      \"lastKeySync\": \"2017-09-11T18:35:55.2314688Z\"\r\n    },\r\n    \"poolAllocationMode\": \"batchservice\"\r\n  }\r\n}",
      "ResponseHeaders": {
        "Content-Type": [
          "application/json; charset=utf-8"
        ],
        "Expires": [
          "-1"
        ],
        "Last-Modified": [
          "Mon, 11 Sep 2017 18:35:55 GMT"
        ],
        "Cache-Control": [
          "no-cache"
        ],
        "Date": [
          "Mon, 11 Sep 2017 18:35:56 GMT"
        ],
        "Pragma": [
          "no-cache"
        ],
        "Transfer-Encoding": [
          "chunked"
        ],
        "ETag": [
          "\"0x8D4F943F0180940\""
        ],
        "Server": [
          "Microsoft-HTTPAPI/2.0"
        ],
        "Vary": [
          "Accept-Encoding"
        ],
        "x-ms-ratelimit-remaining-subscription-reads": [
          "14983"
        ],
        "x-ms-request-id": [
          "d34d0efb-ee1f-4625-b19f-fc92832c3de4"
        ],
        "Strict-Transport-Security": [
          "max-age=31536000; includeSubDomains"
        ],
        "X-Content-Type-Options": [
          "nosniff"
        ],
        "x-ms-correlation-request-id": [
          "8658204e-90a2-4c94-b031-c5ea83e21f27"
        ],
        "x-ms-routing-request-id": [
          "WESTUS2:20170911T183556Z:8658204e-90a2-4c94-b031-c5ea83e21f27"
        ]
      },
      "StatusCode": 200
    },
    {
      "RequestUri": "/subscriptions/c549f475-dee8-428c-bb19-829a55e52f77/resourceGroups/rgstg6797/providers/Microsoft.Batch/batchAccounts/batchaccount9633?api-version=2017-05-01",
      "EncodedRequestUri": "L3N1YnNjcmlwdGlvbnMvYzU0OWY0NzUtZGVlOC00MjhjLWJiMTktODI5YTU1ZTUyZjc3L3Jlc291cmNlR3JvdXBzL3Jnc3RnNjc5Ny9wcm92aWRlcnMvTWljcm9zb2Z0LkJhdGNoL2JhdGNoQWNjb3VudHMvYmF0Y2hhY2NvdW50OTYzMz9hcGktdmVyc2lvbj0yMDE3LTA1LTAx",
      "RequestMethod": "GET",
      "RequestBody": "",
      "RequestHeaders": {
        "x-ms-client-request-id": [
          "471e0fb5-4245-46a1-ac70-33bcf1678290"
        ],
        "accept-language": [
          "en-US"
        ],
        "User-Agent": [
          "FxVersion/4.6.25211.01",
          "Microsoft.Azure.Management.Batch.Fluent.BatchManagementClient/1.2.0.0",
          "MacAddressHash/a2f3915311cd096504c6ee9e881fdd3a8a3bab508b6d90033e6e1c1d58b62fed"
        ]
      },
      "ResponseBody": "{\r\n  \"id\": \"/subscriptions/c549f475-dee8-428c-bb19-829a55e52f77/resourceGroups/rgstg6797/providers/Microsoft.Batch/batchAccounts/batchaccount9633\",\r\n  \"name\": \"batchaccount9633\",\r\n  \"type\": \"Microsoft.Batch/batchAccounts\",\r\n  \"location\": \"eastasia\",\r\n  \"properties\": {\r\n    \"accountEndpoint\": \"batchaccount9633.eastasia.batch.azure.com\",\r\n    \"provisioningState\": \"Succeeded\",\r\n    \"dedicatedCoreQuota\": 20,\r\n    \"lowPriorityCoreQuota\": 50,\r\n    \"poolQuota\": 20,\r\n    \"activeJobAndJobScheduleQuota\": 20,\r\n    \"autoStorage\": {\r\n      \"storageAccountId\": \"/subscriptions/c549f475-dee8-428c-bb19-829a55e52f77/resourceGroups/rgstg6797/providers/Microsoft.Storage/storageAccounts/sa9090\",\r\n      \"lastKeySync\": \"2017-09-11T18:35:59.3418573Z\"\r\n    },\r\n    \"poolAllocationMode\": \"batchservice\"\r\n  }\r\n}",
      "ResponseHeaders": {
        "Content-Type": [
          "application/json; charset=utf-8"
        ],
        "Expires": [
          "-1"
        ],
        "Last-Modified": [
          "Mon, 11 Sep 2017 18:35:59 GMT"
        ],
        "Cache-Control": [
          "no-cache"
        ],
        "Date": [
          "Mon, 11 Sep 2017 18:35:59 GMT"
        ],
        "Pragma": [
          "no-cache"
        ],
        "Transfer-Encoding": [
          "chunked"
        ],
        "ETag": [
          "\"0x8D4F943F28B3B4D\""
        ],
        "Server": [
          "Microsoft-HTTPAPI/2.0"
        ],
        "Vary": [
          "Accept-Encoding"
        ],
        "x-ms-ratelimit-remaining-subscription-reads": [
          "14981"
        ],
        "x-ms-request-id": [
          "6362df5f-5270-42c5-8df8-ffe336883809"
        ],
        "Strict-Transport-Security": [
          "max-age=31536000; includeSubDomains"
        ],
        "X-Content-Type-Options": [
          "nosniff"
        ],
        "x-ms-correlation-request-id": [
          "bac5a255-a4e3-4b01-a775-899633202924"
        ],
        "x-ms-routing-request-id": [
          "WESTUS2:20170911T183600Z:bac5a255-a4e3-4b01-a775-899633202924"
        ]
      },
      "StatusCode": 200
    },
    {
      "RequestUri": "/subscriptions/c549f475-dee8-428c-bb19-829a55e52f77/resourceGroups/rgstg6797/providers/Microsoft.Batch/batchAccounts/batchaccount9633?api-version=2017-05-01",
      "EncodedRequestUri": "L3N1YnNjcmlwdGlvbnMvYzU0OWY0NzUtZGVlOC00MjhjLWJiMTktODI5YTU1ZTUyZjc3L3Jlc291cmNlR3JvdXBzL3Jnc3RnNjc5Ny9wcm92aWRlcnMvTWljcm9zb2Z0LkJhdGNoL2JhdGNoQWNjb3VudHMvYmF0Y2hhY2NvdW50OTYzMz9hcGktdmVyc2lvbj0yMDE3LTA1LTAx",
      "RequestMethod": "GET",
      "RequestBody": "",
      "RequestHeaders": {
        "x-ms-client-request-id": [
          "f08bf977-86ad-4496-ab8d-8352093bd40c"
        ],
        "accept-language": [
          "en-US"
        ],
        "User-Agent": [
          "FxVersion/4.6.25211.01",
          "Microsoft.Azure.Management.Batch.Fluent.BatchManagementClient/1.2.0.0",
          "MacAddressHash/a2f3915311cd096504c6ee9e881fdd3a8a3bab508b6d90033e6e1c1d58b62fed"
        ]
      },
      "ResponseBody": "{\r\n  \"id\": \"/subscriptions/c549f475-dee8-428c-bb19-829a55e52f77/resourceGroups/rgstg6797/providers/Microsoft.Batch/batchAccounts/batchaccount9633\",\r\n  \"name\": \"batchaccount9633\",\r\n  \"type\": \"Microsoft.Batch/batchAccounts\",\r\n  \"location\": \"eastasia\",\r\n  \"properties\": {\r\n    \"accountEndpoint\": \"batchaccount9633.eastasia.batch.azure.com\",\r\n    \"provisioningState\": \"Succeeded\",\r\n    \"dedicatedCoreQuota\": 20,\r\n    \"lowPriorityCoreQuota\": 50,\r\n    \"poolQuota\": 20,\r\n    \"activeJobAndJobScheduleQuota\": 20,\r\n    \"autoStorage\": {\r\n      \"storageAccountId\": \"/subscriptions/c549f475-dee8-428c-bb19-829a55e52f77/resourceGroups/rgstg6797/providers/Microsoft.Storage/storageAccounts/sa9090\",\r\n      \"lastKeySync\": \"2017-09-11T18:36:36.9333318Z\"\r\n    },\r\n    \"poolAllocationMode\": \"batchservice\"\r\n  }\r\n}",
      "ResponseHeaders": {
        "Content-Type": [
          "application/json; charset=utf-8"
        ],
        "Expires": [
          "-1"
        ],
        "Last-Modified": [
          "Mon, 11 Sep 2017 18:36:36 GMT"
        ],
        "Cache-Control": [
          "no-cache"
        ],
        "Date": [
          "Mon, 11 Sep 2017 18:36:37 GMT"
        ],
        "Pragma": [
          "no-cache"
        ],
        "Transfer-Encoding": [
          "chunked"
        ],
        "ETag": [
          "\"0x8D4F94408F33C46\""
        ],
        "Server": [
          "Microsoft-HTTPAPI/2.0"
        ],
        "Vary": [
          "Accept-Encoding"
        ],
        "x-ms-ratelimit-remaining-subscription-reads": [
          "14978"
        ],
        "x-ms-request-id": [
          "b8173b1a-c11c-4f45-8849-d8e8449bd015"
        ],
        "Strict-Transport-Security": [
          "max-age=31536000; includeSubDomains"
        ],
        "X-Content-Type-Options": [
          "nosniff"
        ],
        "x-ms-correlation-request-id": [
          "3963a231-727d-4071-afdd-21bd4c285295"
        ],
        "x-ms-routing-request-id": [
          "WESTUS2:20170911T183638Z:3963a231-727d-4071-afdd-21bd4c285295"
        ]
      },
      "StatusCode": 200
    },
    {
      "RequestUri": "/subscriptions/c549f475-dee8-428c-bb19-829a55e52f77/resourceGroups/rgstg6797/providers/Microsoft.Batch/batchAccounts/batchaccount9633/listKeys?api-version=2017-05-01",
      "EncodedRequestUri": "L3N1YnNjcmlwdGlvbnMvYzU0OWY0NzUtZGVlOC00MjhjLWJiMTktODI5YTU1ZTUyZjc3L3Jlc291cmNlR3JvdXBzL3Jnc3RnNjc5Ny9wcm92aWRlcnMvTWljcm9zb2Z0LkJhdGNoL2JhdGNoQWNjb3VudHMvYmF0Y2hhY2NvdW50OTYzMy9saXN0S2V5cz9hcGktdmVyc2lvbj0yMDE3LTA1LTAx",
      "RequestMethod": "POST",
      "RequestBody": "",
      "RequestHeaders": {
        "x-ms-client-request-id": [
          "bb933fed-11e1-44b2-8c3c-0abec255013e"
        ],
        "accept-language": [
          "en-US"
        ],
        "User-Agent": [
          "FxVersion/4.6.25211.01",
          "Microsoft.Azure.Management.Batch.Fluent.BatchManagementClient/1.2.0.0",
          "MacAddressHash/a2f3915311cd096504c6ee9e881fdd3a8a3bab508b6d90033e6e1c1d58b62fed"
        ]
      },
      "ResponseBody": "{\r\n  \"accountName\": \"batchaccount9633\",\r\n  \"primary\": \"vOIybA9lGCmBKJSi/fQHDjJpkA0jLclqM7AyQ7R3aQlU9QGSWirD6cQB/PZitT/rKcItrBf7AsfIRjnHLP5xZQ==\",\r\n  \"secondary\": \"H/uPvbaMxTkjaUsalbkA/ybZmgB/Sr0W2VbrVwpWfNX83u9/2zbXtWbXYnXJkFK3RHfTFANUStpultMMZ1hiZw==\"\r\n}",
      "ResponseHeaders": {
        "Content-Type": [
          "application/json; charset=utf-8"
        ],
        "Expires": [
          "-1"
        ],
        "Cache-Control": [
          "no-cache"
        ],
        "Date": [
          "Mon, 11 Sep 2017 18:35:17 GMT"
        ],
        "Pragma": [
          "no-cache"
        ],
        "Transfer-Encoding": [
          "chunked"
        ],
        "Server": [
          "Microsoft-HTTPAPI/2.0"
        ],
        "Vary": [
          "Accept-Encoding"
        ],
        "x-ms-ratelimit-remaining-subscription-writes": [
          "1197"
        ],
        "x-ms-request-id": [
          "0fdb9c4a-f946-4bf5-aff5-581b4b9eaf58"
        ],
        "Strict-Transport-Security": [
          "max-age=31536000; includeSubDomains"
        ],
        "X-Content-Type-Options": [
          "nosniff"
        ],
        "x-ms-correlation-request-id": [
          "f0c7b35b-b9ac-439f-b04f-39981782da50"
        ],
        "x-ms-routing-request-id": [
          "WESTUS2:20170911T183517Z:f0c7b35b-b9ac-439f-b04f-39981782da50"
        ]
      },
      "StatusCode": 200
    },
    {
      "RequestUri": "/subscriptions/c549f475-dee8-428c-bb19-829a55e52f77/resourceGroups/rgstg6797/providers/Microsoft.Batch/batchAccounts/batchaccount9633/regenerateKeys?api-version=2017-05-01",
      "EncodedRequestUri": "L3N1YnNjcmlwdGlvbnMvYzU0OWY0NzUtZGVlOC00MjhjLWJiMTktODI5YTU1ZTUyZjc3L3Jlc291cmNlR3JvdXBzL3Jnc3RnNjc5Ny9wcm92aWRlcnMvTWljcm9zb2Z0LkJhdGNoL2JhdGNoQWNjb3VudHMvYmF0Y2hhY2NvdW50OTYzMy9yZWdlbmVyYXRlS2V5cz9hcGktdmVyc2lvbj0yMDE3LTA1LTAx",
      "RequestMethod": "POST",
      "RequestBody": "{\r\n  \"keyName\": \"Primary\"\r\n}",
      "RequestHeaders": {
        "Content-Type": [
          "application/json; charset=utf-8"
        ],
        "Content-Length": [
          "28"
        ],
        "x-ms-client-request-id": [
          "227b97bf-b5d7-49ce-8560-88cb392d3918"
        ],
        "accept-language": [
          "en-US"
        ],
        "User-Agent": [
          "FxVersion/4.6.25211.01",
          "Microsoft.Azure.Management.Batch.Fluent.BatchManagementClient/1.2.0.0",
          "MacAddressHash/a2f3915311cd096504c6ee9e881fdd3a8a3bab508b6d90033e6e1c1d58b62fed"
        ]
      },
      "ResponseBody": "{\r\n  \"accountName\": \"batchaccount9633\",\r\n  \"primary\": \"teMHD/dbWCfMvKqQwxi2TLcvqE0tezBipLTCnSbdidyUCY8AKwltoUd5j+tx4/mVJbxa18wvNqXuTqmuIMgbOw==\",\r\n  \"secondary\": \"H/uPvbaMxTkjaUsalbkA/ybZmgB/Sr0W2VbrVwpWfNX83u9/2zbXtWbXYnXJkFK3RHfTFANUStpultMMZ1hiZw==\"\r\n}",
      "ResponseHeaders": {
        "Content-Type": [
          "application/json; charset=utf-8"
        ],
        "Expires": [
          "-1"
        ],
        "Cache-Control": [
          "no-cache"
        ],
        "Date": [
          "Mon, 11 Sep 2017 18:35:18 GMT"
        ],
        "Pragma": [
          "no-cache"
        ],
        "Transfer-Encoding": [
          "chunked"
        ],
        "Server": [
          "Microsoft-HTTPAPI/2.0"
        ],
        "Vary": [
          "Accept-Encoding"
        ],
        "x-ms-ratelimit-remaining-subscription-writes": [
          "1196"
        ],
        "x-ms-request-id": [
          "893567de-e7f0-4a0f-9aa8-d1a9e7f3647c"
        ],
        "Strict-Transport-Security": [
          "max-age=31536000; includeSubDomains"
        ],
        "X-Content-Type-Options": [
          "nosniff"
        ],
        "x-ms-correlation-request-id": [
          "cd4d1fdd-bde3-4b3c-a39d-1a9f0c14b1ea"
        ],
        "x-ms-routing-request-id": [
          "WESTUS2:20170911T183518Z:cd4d1fdd-bde3-4b3c-a39d-1a9f0c14b1ea"
        ]
      },
      "StatusCode": 200
    },
    {
      "RequestUri": "/subscriptions/c549f475-dee8-428c-bb19-829a55e52f77/resourceGroups/rgstg6797/providers/Microsoft.Storage/storageAccounts/sa9090?api-version=2016-01-01",
      "EncodedRequestUri": "L3N1YnNjcmlwdGlvbnMvYzU0OWY0NzUtZGVlOC00MjhjLWJiMTktODI5YTU1ZTUyZjc3L3Jlc291cmNlR3JvdXBzL3Jnc3RnNjc5Ny9wcm92aWRlcnMvTWljcm9zb2Z0LlN0b3JhZ2Uvc3RvcmFnZUFjY291bnRzL3NhOTA5MD9hcGktdmVyc2lvbj0yMDE2LTAxLTAx",
      "RequestMethod": "PUT",
      "RequestBody": "{\r\n  \"sku\": {\r\n    \"name\": \"Standard_GRS\"\r\n  },\r\n  \"kind\": \"Storage\",\r\n  \"location\": \"eastasia\",\r\n  \"tags\": {}\r\n}",
      "RequestHeaders": {
        "Content-Type": [
          "application/json; charset=utf-8"
        ],
        "Content-Length": [
          "113"
        ],
        "x-ms-client-request-id": [
          "86113d35-4535-4c7b-88d1-72b95d14ef90"
        ],
        "accept-language": [
          "en-US"
        ],
        "User-Agent": [
          "FxVersion/4.6.25211.01",
          "Microsoft.Azure.Management.Storage.Fluent.StorageManagementClient/1.2.0.0",
          "MacAddressHash/a2f3915311cd096504c6ee9e881fdd3a8a3bab508b6d90033e6e1c1d58b62fed"
        ]
      },
      "ResponseBody": "",
      "ResponseHeaders": {
        "Content-Length": [
          "0"
        ],
        "Expires": [
          "-1"
        ],
        "Cache-Control": [
          "no-cache"
        ],
        "Date": [
          "Mon, 11 Sep 2017 18:35:19 GMT"
        ],
        "Pragma": [
          "no-cache"
        ],
        "Location": [
          "https://management.azure.com/subscriptions/c549f475-dee8-428c-bb19-829a55e52f77/providers/Microsoft.Storage/locations/eastasia/asyncoperations/420d91e2-6801-4e81-b846-b6e7e2b0351d?monitor=true&api-version=2016-01-01"
        ],
        "Retry-After": [
          "17"
        ],
        "Server": [
          "Microsoft-Azure-Storage-Resource-Provider/1.0",
          "Microsoft-HTTPAPI/2.0"
        ],
        "x-ms-ratelimit-remaining-subscription-writes": [
          "1195"
        ],
        "x-ms-request-id": [
          "9803c864-316f-4c0d-a99c-6a82182d905c"
        ],
        "x-ms-correlation-request-id": [
          "9803c864-316f-4c0d-a99c-6a82182d905c"
        ],
        "x-ms-routing-request-id": [
          "WESTUS2:20170911T183520Z:9803c864-316f-4c0d-a99c-6a82182d905c"
        ],
        "Strict-Transport-Security": [
          "max-age=31536000; includeSubDomains"
        ]
      },
      "StatusCode": 202
    },
    {
      "RequestUri": "/subscriptions/c549f475-dee8-428c-bb19-829a55e52f77/providers/Microsoft.Storage/locations/eastasia/asyncoperations/420d91e2-6801-4e81-b846-b6e7e2b0351d?monitor=true&api-version=2016-01-01",
      "EncodedRequestUri": "L3N1YnNjcmlwdGlvbnMvYzU0OWY0NzUtZGVlOC00MjhjLWJiMTktODI5YTU1ZTUyZjc3L3Byb3ZpZGVycy9NaWNyb3NvZnQuU3RvcmFnZS9sb2NhdGlvbnMvZWFzdGFzaWEvYXN5bmNvcGVyYXRpb25zLzQyMGQ5MWUyLTY4MDEtNGU4MS1iODQ2LWI2ZTdlMmIwMzUxZD9tb25pdG9yPXRydWUmYXBpLXZlcnNpb249MjAxNi0wMS0wMQ==",
      "RequestMethod": "GET",
      "RequestBody": "",
      "RequestHeaders": {
        "User-Agent": [
          "FxVersion/4.6.25211.01",
          "Microsoft.Azure.Management.Storage.Fluent.StorageManagementClient/1.2.0.0",
          "MacAddressHash/a2f3915311cd096504c6ee9e881fdd3a8a3bab508b6d90033e6e1c1d58b62fed"
        ]
      },
      "ResponseBody": "{\r\n  \"id\": \"/subscriptions/c549f475-dee8-428c-bb19-829a55e52f77/resourceGroups/rgstg6797/providers/Microsoft.Storage/storageAccounts/sa9090\",\r\n  \"kind\": \"Storage\",\r\n  \"location\": \"eastasia\",\r\n  \"name\": \"sa9090\",\r\n  \"properties\": {\r\n    \"creationTime\": \"2017-09-11T18:35:19.8921057Z\",\r\n    \"primaryEndpoints\": {\r\n      \"blob\": \"https://sa9090.blob.core.windows.net/\",\r\n      \"file\": \"https://sa9090.file.core.windows.net/\",\r\n      \"queue\": \"https://sa9090.queue.core.windows.net/\",\r\n      \"table\": \"https://sa9090.table.core.windows.net/\"\r\n    },\r\n    \"primaryLocation\": \"eastasia\",\r\n    \"provisioningState\": \"Succeeded\",\r\n    \"secondaryLocation\": \"southeastasia\",\r\n    \"statusOfPrimary\": \"available\",\r\n    \"statusOfSecondary\": \"available\"\r\n  },\r\n  \"sku\": {\r\n    \"name\": \"Standard_GRS\",\r\n    \"tier\": \"Standard\"\r\n  },\r\n  \"tags\": {},\r\n  \"type\": \"Microsoft.Storage/storageAccounts\"\r\n}",
      "ResponseHeaders": {
        "Content-Type": [
          "application/json"
        ],
        "Expires": [
          "-1"
        ],
        "Cache-Control": [
          "no-cache"
        ],
        "Date": [
          "Mon, 11 Sep 2017 18:35:49 GMT"
        ],
        "Pragma": [
          "no-cache"
        ],
        "Transfer-Encoding": [
          "chunked"
        ],
        "Server": [
          "Microsoft-Azure-Storage-Resource-Provider/1.0",
          "Microsoft-HTTPAPI/2.0"
        ],
        "Vary": [
          "Accept-Encoding"
        ],
        "x-ms-request-id": [
          "01d03d06-da54-409d-ab11-c4f1bbae1dff"
        ],
        "x-ms-ratelimit-remaining-subscription-reads": [
          "14987"
        ],
        "x-ms-correlation-request-id": [
          "01d03d06-da54-409d-ab11-c4f1bbae1dff"
        ],
        "x-ms-routing-request-id": [
          "WESTUS2:20170911T183550Z:01d03d06-da54-409d-ab11-c4f1bbae1dff"
        ],
        "Strict-Transport-Security": [
          "max-age=31536000; includeSubDomains"
        ]
      },
      "StatusCode": 200
    },
    {
      "RequestUri": "/subscriptions/c549f475-dee8-428c-bb19-829a55e52f77/resourceGroups/rgstg6797/providers/Microsoft.Storage/storageAccounts/sa9090?api-version=2016-01-01",
      "EncodedRequestUri": "L3N1YnNjcmlwdGlvbnMvYzU0OWY0NzUtZGVlOC00MjhjLWJiMTktODI5YTU1ZTUyZjc3L3Jlc291cmNlR3JvdXBzL3Jnc3RnNjc5Ny9wcm92aWRlcnMvTWljcm9zb2Z0LlN0b3JhZ2Uvc3RvcmFnZUFjY291bnRzL3NhOTA5MD9hcGktdmVyc2lvbj0yMDE2LTAxLTAx",
      "RequestMethod": "GET",
      "RequestBody": "",
      "RequestHeaders": {
        "x-ms-client-request-id": [
          "652a0df0-de23-42d1-9a29-279bd168b484"
        ],
        "accept-language": [
          "en-US"
        ],
        "User-Agent": [
          "FxVersion/4.6.25211.01",
          "Microsoft.Azure.Management.Storage.Fluent.StorageManagementClient/1.2.0.0",
          "MacAddressHash/a2f3915311cd096504c6ee9e881fdd3a8a3bab508b6d90033e6e1c1d58b62fed"
        ]
      },
      "ResponseBody": "{\r\n  \"id\": \"/subscriptions/c549f475-dee8-428c-bb19-829a55e52f77/resourceGroups/rgstg6797/providers/Microsoft.Storage/storageAccounts/sa9090\",\r\n  \"kind\": \"Storage\",\r\n  \"location\": \"eastasia\",\r\n  \"name\": \"sa9090\",\r\n  \"properties\": {\r\n    \"creationTime\": \"2017-09-11T18:35:19.8921057Z\",\r\n    \"primaryEndpoints\": {\r\n      \"blob\": \"https://sa9090.blob.core.windows.net/\",\r\n      \"file\": \"https://sa9090.file.core.windows.net/\",\r\n      \"queue\": \"https://sa9090.queue.core.windows.net/\",\r\n      \"table\": \"https://sa9090.table.core.windows.net/\"\r\n    },\r\n    \"primaryLocation\": \"eastasia\",\r\n    \"provisioningState\": \"Succeeded\",\r\n    \"secondaryLocation\": \"southeastasia\",\r\n    \"statusOfPrimary\": \"available\",\r\n    \"statusOfSecondary\": \"available\"\r\n  },\r\n  \"sku\": {\r\n    \"name\": \"Standard_GRS\",\r\n    \"tier\": \"Standard\"\r\n  },\r\n  \"tags\": {},\r\n  \"type\": \"Microsoft.Storage/storageAccounts\"\r\n}",
      "ResponseHeaders": {
        "Content-Type": [
          "application/json"
        ],
        "Expires": [
          "-1"
        ],
        "Cache-Control": [
          "no-cache"
        ],
        "Date": [
          "Mon, 11 Sep 2017 18:35:50 GMT"
        ],
        "Pragma": [
          "no-cache"
        ],
        "Transfer-Encoding": [
          "chunked"
        ],
        "Server": [
          "Microsoft-Azure-Storage-Resource-Provider/1.0",
          "Microsoft-HTTPAPI/2.0"
        ],
        "Vary": [
          "Accept-Encoding"
        ],
        "x-ms-request-id": [
          "97473d78-21e9-40dd-9bcd-e5b694071cc8"
        ],
        "x-ms-ratelimit-remaining-subscription-reads": [
          "14986"
        ],
        "x-ms-correlation-request-id": [
          "97473d78-21e9-40dd-9bcd-e5b694071cc8"
        ],
        "x-ms-routing-request-id": [
          "WESTUS2:20170911T183550Z:97473d78-21e9-40dd-9bcd-e5b694071cc8"
        ],
        "Strict-Transport-Security": [
          "max-age=31536000; includeSubDomains"
        ]
      },
      "StatusCode": 200
    },
    {
      "RequestUri": "/subscriptions/c549f475-dee8-428c-bb19-829a55e52f77/resourceGroups/rgstg6797/providers/Microsoft.Batch/batchAccounts/batchaccount9633/syncAutoStorageKeys?api-version=2017-05-01",
      "EncodedRequestUri": "L3N1YnNjcmlwdGlvbnMvYzU0OWY0NzUtZGVlOC00MjhjLWJiMTktODI5YTU1ZTUyZjc3L3Jlc291cmNlR3JvdXBzL3Jnc3RnNjc5Ny9wcm92aWRlcnMvTWljcm9zb2Z0LkJhdGNoL2JhdGNoQWNjb3VudHMvYmF0Y2hhY2NvdW50OTYzMy9zeW5jQXV0b1N0b3JhZ2VLZXlzP2FwaS12ZXJzaW9uPTIwMTctMDUtMDE=",
      "RequestMethod": "POST",
      "RequestBody": "",
      "RequestHeaders": {
        "x-ms-client-request-id": [
          "800e628d-b333-419b-b1e5-54e54bf2f330"
        ],
        "accept-language": [
          "en-US"
        ],
        "User-Agent": [
          "FxVersion/4.6.25211.01",
          "Microsoft.Azure.Management.Batch.Fluent.BatchManagementClient/1.2.0.0",
          "MacAddressHash/a2f3915311cd096504c6ee9e881fdd3a8a3bab508b6d90033e6e1c1d58b62fed"
        ]
      },
      "ResponseBody": "",
      "ResponseHeaders": {
        "Content-Length": [
          "0"
        ],
        "Expires": [
          "-1"
        ],
        "Cache-Control": [
          "no-cache"
        ],
        "Date": [
          "Mon, 11 Sep 2017 18:35:53 GMT"
        ],
        "Pragma": [
          "no-cache"
        ],
        "Server": [
          "Microsoft-HTTPAPI/2.0"
        ],
        "x-ms-request-id": [
          "e1ff9b1c-e4b9-4367-b887-0bc39c18ce5c"
        ],
        "Strict-Transport-Security": [
          "max-age=31536000; includeSubDomains"
        ],
        "X-Content-Type-Options": [
          "nosniff"
        ],
        "x-ms-ratelimit-remaining-subscription-writes": [
          "1193"
        ],
        "x-ms-correlation-request-id": [
          "dc0668ad-7dc7-491b-aff6-598f8fedbc62"
        ],
        "x-ms-routing-request-id": [
          "WESTUS2:20170911T183553Z:dc0668ad-7dc7-491b-aff6-598f8fedbc62"
        ]
      },
      "StatusCode": 204
    },
    {
      "RequestUri": "/subscriptions/c549f475-dee8-428c-bb19-829a55e52f77/resourceGroups/rgstg6797/providers/Microsoft.Batch/batchAccounts/batchaccount9633/applications?api-version=2017-05-01",
      "EncodedRequestUri": "L3N1YnNjcmlwdGlvbnMvYzU0OWY0NzUtZGVlOC00MjhjLWJiMTktODI5YTU1ZTUyZjc3L3Jlc291cmNlR3JvdXBzL3Jnc3RnNjc5Ny9wcm92aWRlcnMvTWljcm9zb2Z0LkJhdGNoL2JhdGNoQWNjb3VudHMvYmF0Y2hhY2NvdW50OTYzMy9hcHBsaWNhdGlvbnM/YXBpLXZlcnNpb249MjAxNy0wNS0wMQ==",
      "RequestMethod": "GET",
      "RequestBody": "",
      "RequestHeaders": {
        "x-ms-client-request-id": [
          "d49db535-19ed-4bf9-be31-bf5bb5484ddc"
        ],
        "accept-language": [
          "en-US"
        ],
        "User-Agent": [
          "FxVersion/4.6.25211.01",
          "Microsoft.Azure.Management.Batch.Fluent.BatchManagementClient/1.2.0.0",
          "MacAddressHash/a2f3915311cd096504c6ee9e881fdd3a8a3bab508b6d90033e6e1c1d58b62fed"
        ]
      },
      "ResponseBody": "{\r\n  \"value\": []\r\n}",
      "ResponseHeaders": {
        "Content-Type": [
          "application/json; charset=utf-8"
        ],
        "Expires": [
          "-1"
        ],
        "Cache-Control": [
          "no-cache"
        ],
        "Date": [
          "Mon, 11 Sep 2017 18:35:53 GMT"
        ],
        "Pragma": [
          "no-cache"
        ],
        "Transfer-Encoding": [
          "chunked"
        ],
        "Server": [
          "Microsoft-HTTPAPI/2.0"
        ],
        "Vary": [
          "Accept-Encoding"
        ],
        "x-ms-ratelimit-remaining-subscription-reads": [
          "14984"
        ],
        "x-ms-request-id": [
          "ba8c62df-296d-4ab0-ba11-869636fcb7ef"
        ],
        "Strict-Transport-Security": [
          "max-age=31536000; includeSubDomains"
        ],
        "X-Content-Type-Options": [
          "nosniff"
        ],
        "x-ms-correlation-request-id": [
          "eaf2cd5d-e802-442a-9aef-23abc80e16d2"
        ],
        "x-ms-routing-request-id": [
          "WESTUS2:20170911T183554Z:eaf2cd5d-e802-442a-9aef-23abc80e16d2"
        ]
      },
      "StatusCode": 200
    },
    {
      "RequestUri": "/subscriptions/c549f475-dee8-428c-bb19-829a55e52f77/resourceGroups/rgstg6797/providers/Microsoft.Batch/batchAccounts/batchaccount9633/applications?api-version=2017-05-01",
      "EncodedRequestUri": "L3N1YnNjcmlwdGlvbnMvYzU0OWY0NzUtZGVlOC00MjhjLWJiMTktODI5YTU1ZTUyZjc3L3Jlc291cmNlR3JvdXBzL3Jnc3RnNjc5Ny9wcm92aWRlcnMvTWljcm9zb2Z0LkJhdGNoL2JhdGNoQWNjb3VudHMvYmF0Y2hhY2NvdW50OTYzMy9hcHBsaWNhdGlvbnM/YXBpLXZlcnNpb249MjAxNy0wNS0wMQ==",
      "RequestMethod": "GET",
      "RequestBody": "",
      "RequestHeaders": {
        "x-ms-client-request-id": [
          "ce6ee7ef-fb83-4e68-982e-0c58a4f6efa8"
        ],
        "accept-language": [
          "en-US"
        ],
        "User-Agent": [
          "FxVersion/4.6.25211.01",
          "Microsoft.Azure.Management.Batch.Fluent.BatchManagementClient/1.2.0.0",
          "MacAddressHash/a2f3915311cd096504c6ee9e881fdd3a8a3bab508b6d90033e6e1c1d58b62fed"
        ]
      },
      "ResponseBody": "{\r\n  \"value\": [\r\n    {\r\n      \"id\": \"myApplication\",\r\n      \"displayName\": \"displayName\",\r\n      \"packages\": [\r\n        {\r\n          \"version\": \"applicationPackage\",\r\n          \"state\": \"pending\"\r\n        }\r\n      ],\r\n      \"allowUpdates\": true\r\n    }\r\n  ]\r\n}",
      "ResponseHeaders": {
        "Content-Type": [
          "application/json; charset=utf-8"
        ],
        "Expires": [
          "-1"
        ],
        "Cache-Control": [
          "no-cache"
        ],
        "Date": [
          "Mon, 11 Sep 2017 18:35:56 GMT"
        ],
        "Pragma": [
          "no-cache"
        ],
        "Transfer-Encoding": [
          "chunked"
        ],
        "Server": [
          "Microsoft-HTTPAPI/2.0"
        ],
        "Vary": [
          "Accept-Encoding"
        ],
        "x-ms-ratelimit-remaining-subscription-reads": [
          "14982"
        ],
        "x-ms-request-id": [
          "d30ce7e0-272b-4014-ad6a-2691dbc717b6"
        ],
        "Strict-Transport-Security": [
          "max-age=31536000; includeSubDomains"
        ],
        "X-Content-Type-Options": [
          "nosniff"
        ],
        "x-ms-correlation-request-id": [
          "1eba9b27-1841-4a15-a70a-3cf1807df19b"
        ],
        "x-ms-routing-request-id": [
          "WESTUS2:20170911T183557Z:1eba9b27-1841-4a15-a70a-3cf1807df19b"
        ]
      },
      "StatusCode": 200
    },
    {
      "RequestUri": "/subscriptions/c549f475-dee8-428c-bb19-829a55e52f77/resourceGroups/rgstg6797/providers/Microsoft.Batch/batchAccounts/batchaccount9633/applications?api-version=2017-05-01",
      "EncodedRequestUri": "L3N1YnNjcmlwdGlvbnMvYzU0OWY0NzUtZGVlOC00MjhjLWJiMTktODI5YTU1ZTUyZjc3L3Jlc291cmNlR3JvdXBzL3Jnc3RnNjc5Ny9wcm92aWRlcnMvTWljcm9zb2Z0LkJhdGNoL2JhdGNoQWNjb3VudHMvYmF0Y2hhY2NvdW50OTYzMy9hcHBsaWNhdGlvbnM/YXBpLXZlcnNpb249MjAxNy0wNS0wMQ==",
      "RequestMethod": "GET",
      "RequestBody": "",
      "RequestHeaders": {
        "x-ms-client-request-id": [
          "33ac530e-db78-4cde-8a4d-773dcba439fb"
        ],
        "accept-language": [
          "en-US"
        ],
        "User-Agent": [
          "FxVersion/4.6.25211.01",
          "Microsoft.Azure.Management.Batch.Fluent.BatchManagementClient/1.2.0.0",
          "MacAddressHash/a2f3915311cd096504c6ee9e881fdd3a8a3bab508b6d90033e6e1c1d58b62fed"
        ]
      },
      "ResponseBody": "{\r\n  \"value\": []\r\n}",
      "ResponseHeaders": {
        "Content-Type": [
          "application/json; charset=utf-8"
        ],
        "Expires": [
          "-1"
        ],
        "Cache-Control": [
          "no-cache"
        ],
        "Date": [
          "Mon, 11 Sep 2017 18:35:59 GMT"
        ],
        "Pragma": [
          "no-cache"
        ],
        "Transfer-Encoding": [
          "chunked"
        ],
        "Server": [
          "Microsoft-HTTPAPI/2.0"
        ],
        "Vary": [
          "Accept-Encoding"
        ],
        "x-ms-ratelimit-remaining-subscription-reads": [
          "14980"
        ],
        "x-ms-request-id": [
          "402e31e7-a3a4-4b24-a055-154eaab37d19"
        ],
        "Strict-Transport-Security": [
          "max-age=31536000; includeSubDomains"
        ],
        "X-Content-Type-Options": [
          "nosniff"
        ],
        "x-ms-correlation-request-id": [
          "4df3d31e-ba51-4b0b-8b78-a0462310b072"
        ],
        "x-ms-routing-request-id": [
          "WESTUS2:20170911T183600Z:4df3d31e-ba51-4b0b-8b78-a0462310b072"
        ]
      },
      "StatusCode": 200
    },
    {
      "RequestUri": "/subscriptions/c549f475-dee8-428c-bb19-829a55e52f77/resourceGroups/rgstg6797/providers/Microsoft.Batch/batchAccounts/batchaccount9633/applications?api-version=2017-05-01",
      "EncodedRequestUri": "L3N1YnNjcmlwdGlvbnMvYzU0OWY0NzUtZGVlOC00MjhjLWJiMTktODI5YTU1ZTUyZjc3L3Jlc291cmNlR3JvdXBzL3Jnc3RnNjc5Ny9wcm92aWRlcnMvTWljcm9zb2Z0LkJhdGNoL2JhdGNoQWNjb3VudHMvYmF0Y2hhY2NvdW50OTYzMy9hcHBsaWNhdGlvbnM/YXBpLXZlcnNpb249MjAxNy0wNS0wMQ==",
      "RequestMethod": "GET",
      "RequestBody": "",
      "RequestHeaders": {
        "x-ms-client-request-id": [
          "325c5435-d3da-4cce-ae97-f84c32ff3c62"
        ],
        "accept-language": [
          "en-US"
        ],
        "User-Agent": [
          "FxVersion/4.6.25211.01",
          "Microsoft.Azure.Management.Batch.Fluent.BatchManagementClient/1.2.0.0",
          "MacAddressHash/a2f3915311cd096504c6ee9e881fdd3a8a3bab508b6d90033e6e1c1d58b62fed"
        ]
      },
      "ResponseBody": "{\r\n  \"value\": [\r\n    {\r\n      \"id\": \"myApplication\",\r\n      \"displayName\": \"newApplicationDisplayName\",\r\n      \"packages\": [\r\n        {\r\n          \"version\": \"applicationPackage1\",\r\n          \"state\": \"pending\"\r\n        }\r\n      ],\r\n      \"allowUpdates\": true\r\n    }\r\n  ]\r\n}",
      "ResponseHeaders": {
        "Content-Type": [
          "application/json; charset=utf-8"
        ],
        "Expires": [
          "-1"
        ],
        "Cache-Control": [
          "no-cache"
        ],
        "Date": [
          "Mon, 11 Sep 2017 18:36:37 GMT"
        ],
        "Pragma": [
          "no-cache"
        ],
        "Transfer-Encoding": [
          "chunked"
        ],
        "Server": [
          "Microsoft-HTTPAPI/2.0"
        ],
        "Vary": [
          "Accept-Encoding"
        ],
        "x-ms-ratelimit-remaining-subscription-reads": [
          "14977"
        ],
        "x-ms-request-id": [
          "d68ebd0d-7076-4b03-ab10-b3fb3c75bd80"
        ],
        "Strict-Transport-Security": [
          "max-age=31536000; includeSubDomains"
        ],
        "X-Content-Type-Options": [
          "nosniff"
        ],
        "x-ms-correlation-request-id": [
          "e015683b-997f-4d00-97d4-288ab3a55b85"
        ],
        "x-ms-routing-request-id": [
          "WESTUS2:20170911T183638Z:e015683b-997f-4d00-97d4-288ab3a55b85"
        ]
      },
      "StatusCode": 200
    },
    {
      "RequestUri": "/subscriptions/c549f475-dee8-428c-bb19-829a55e52f77/resourceGroups/rgstg6797/providers/Microsoft.Batch/batchAccounts/batchaccount9633/applications/myApplication?api-version=2017-05-01",
      "EncodedRequestUri": "L3N1YnNjcmlwdGlvbnMvYzU0OWY0NzUtZGVlOC00MjhjLWJiMTktODI5YTU1ZTUyZjc3L3Jlc291cmNlR3JvdXBzL3Jnc3RnNjc5Ny9wcm92aWRlcnMvTWljcm9zb2Z0LkJhdGNoL2JhdGNoQWNjb3VudHMvYmF0Y2hhY2NvdW50OTYzMy9hcHBsaWNhdGlvbnMvbXlBcHBsaWNhdGlvbj9hcGktdmVyc2lvbj0yMDE3LTA1LTAx",
      "RequestMethod": "PUT",
      "RequestBody": "{\r\n  \"allowUpdates\": true,\r\n  \"displayName\": \"displayName\"\r\n}",
      "RequestHeaders": {
        "Content-Type": [
          "application/json; charset=utf-8"
        ],
        "Content-Length": [
          "61"
        ],
        "x-ms-client-request-id": [
          "8ac27c7d-1b54-43e0-b340-86038ca21db3"
        ],
        "accept-language": [
          "en-US"
        ],
        "User-Agent": [
          "FxVersion/4.6.25211.01",
          "Microsoft.Azure.Management.Batch.Fluent.BatchManagementClient/1.2.0.0",
          "MacAddressHash/a2f3915311cd096504c6ee9e881fdd3a8a3bab508b6d90033e6e1c1d58b62fed"
        ]
      },
      "ResponseBody": "{\r\n  \"id\": \"myApplication\",\r\n  \"displayName\": \"displayName\",\r\n  \"packages\": [],\r\n  \"allowUpdates\": true\r\n}",
      "ResponseHeaders": {
        "Content-Length": [
          "84"
        ],
        "Content-Type": [
          "application/json; charset=utf-8"
        ],
        "Expires": [
          "-1"
        ],
        "Cache-Control": [
          "no-cache"
        ],
        "Date": [
          "Mon, 11 Sep 2017 18:35:55 GMT"
        ],
        "Pragma": [
          "no-cache"
        ],
        "Server": [
          "Microsoft-HTTPAPI/2.0"
        ],
        "x-ms-ratelimit-remaining-subscription-writes": [
          "1191"
        ],
        "x-ms-request-id": [
          "4fe689c8-5d12-4c0b-b9c8-fec6bc7c6ade"
        ],
        "Strict-Transport-Security": [
          "max-age=31536000; includeSubDomains"
        ],
        "X-Content-Type-Options": [
          "nosniff"
        ],
        "x-ms-correlation-request-id": [
          "8ca262f0-26e4-438c-9300-500de0bf8239"
        ],
        "x-ms-routing-request-id": [
          "WESTUS2:20170911T183555Z:8ca262f0-26e4-438c-9300-500de0bf8239"
        ]
      },
      "StatusCode": 201
    },
    {
      "RequestUri": "/subscriptions/c549f475-dee8-428c-bb19-829a55e52f77/resourceGroups/rgstg6797/providers/Microsoft.Batch/batchAccounts/batchaccount9633/applications/myApplication?api-version=2017-05-01",
      "EncodedRequestUri": "L3N1YnNjcmlwdGlvbnMvYzU0OWY0NzUtZGVlOC00MjhjLWJiMTktODI5YTU1ZTUyZjc3L3Jlc291cmNlR3JvdXBzL3Jnc3RnNjc5Ny9wcm92aWRlcnMvTWljcm9zb2Z0LkJhdGNoL2JhdGNoQWNjb3VudHMvYmF0Y2hhY2NvdW50OTYzMy9hcHBsaWNhdGlvbnMvbXlBcHBsaWNhdGlvbj9hcGktdmVyc2lvbj0yMDE3LTA1LTAx",
      "RequestMethod": "PUT",
      "RequestBody": "{\r\n  \"allowUpdates\": true,\r\n  \"displayName\": \"displayName\"\r\n}",
      "RequestHeaders": {
        "Content-Type": [
          "application/json; charset=utf-8"
        ],
        "Content-Length": [
          "61"
        ],
        "x-ms-client-request-id": [
          "8405d2fe-bf1f-49f3-b8d0-169c2dd27cda"
        ],
        "accept-language": [
          "en-US"
        ],
        "User-Agent": [
          "FxVersion/4.6.25211.01",
          "Microsoft.Azure.Management.Batch.Fluent.BatchManagementClient/1.2.0.0",
          "MacAddressHash/a2f3915311cd096504c6ee9e881fdd3a8a3bab508b6d90033e6e1c1d58b62fed"
        ]
      },
      "ResponseBody": "{\r\n  \"id\": \"myApplication\",\r\n  \"displayName\": \"displayName\",\r\n  \"packages\": [],\r\n  \"allowUpdates\": true\r\n}",
      "ResponseHeaders": {
        "Content-Length": [
          "84"
        ],
        "Content-Type": [
          "application/json; charset=utf-8"
        ],
        "Expires": [
          "-1"
        ],
        "Cache-Control": [
          "no-cache"
        ],
        "Date": [
          "Mon, 11 Sep 2017 18:36:01 GMT"
        ],
        "Pragma": [
          "no-cache"
        ],
        "Server": [
          "Microsoft-HTTPAPI/2.0"
        ],
        "x-ms-ratelimit-remaining-subscription-writes": [
          "1185"
        ],
        "x-ms-request-id": [
          "a4d25143-87aa-4ef5-9560-559462dd45e4"
        ],
        "Strict-Transport-Security": [
          "max-age=31536000; includeSubDomains"
        ],
        "X-Content-Type-Options": [
          "nosniff"
        ],
        "x-ms-correlation-request-id": [
          "6bc42fb5-49b7-4892-b2ed-b69f27c71a0a"
        ],
        "x-ms-routing-request-id": [
          "WESTUS2:20170911T183602Z:6bc42fb5-49b7-4892-b2ed-b69f27c71a0a"
        ]
      },
      "StatusCode": 201
    },
    {
      "RequestUri": "/subscriptions/c549f475-dee8-428c-bb19-829a55e52f77/resourceGroups/rgstg6797/providers/Microsoft.Batch/batchAccounts/batchaccount9633/applications/myApplication/versions/applicationPackage?api-version=2017-05-01",
      "EncodedRequestUri": "L3N1YnNjcmlwdGlvbnMvYzU0OWY0NzUtZGVlOC00MjhjLWJiMTktODI5YTU1ZTUyZjc3L3Jlc291cmNlR3JvdXBzL3Jnc3RnNjc5Ny9wcm92aWRlcnMvTWljcm9zb2Z0LkJhdGNoL2JhdGNoQWNjb3VudHMvYmF0Y2hhY2NvdW50OTYzMy9hcHBsaWNhdGlvbnMvbXlBcHBsaWNhdGlvbi92ZXJzaW9ucy9hcHBsaWNhdGlvblBhY2thZ2U/YXBpLXZlcnNpb249MjAxNy0wNS0wMQ==",
      "RequestMethod": "PUT",
      "RequestBody": "",
      "RequestHeaders": {
        "x-ms-client-request-id": [
          "6b54edf1-2510-4d5c-9582-0997d9ee3041"
        ],
        "accept-language": [
          "en-US"
        ],
        "User-Agent": [
          "FxVersion/4.6.25211.01",
          "Microsoft.Azure.Management.Batch.Fluent.BatchManagementClient/1.2.0.0",
          "MacAddressHash/a2f3915311cd096504c6ee9e881fdd3a8a3bab508b6d90033e6e1c1d58b62fed"
        ]
      },
      "ResponseBody": "{\r\n  \"id\": \"myApplication\",\r\n  \"version\": \"applicationPackage\",\r\n  \"storageUrl\": \"https://sa9090.blob.core.windows.net/app-myapplication-58941bdf5d17e4b6b8bd407d3bd127c6f87e653d/myapplication-applicationpackage-0e669792-2b77-4387-bd9d-fe62668426ed?sv=2015-04-05&sr=b&sig=jg6u1NH2ouzLlUXWa0MJ1Wukf5FSXUBSYv3ovIpVIeU%3D&st=2017-09-11T18%3A30%3A56Z&se=2017-09-11T22%3A35%3A56Z&sp=rw\",\r\n  \"storageUrlExpiry\": \"2017-09-11T22:35:56.283223Z\",\r\n  \"state\": \"pending\"\r\n}",
      "ResponseHeaders": {
        "Content-Length": [
          "433"
        ],
        "Content-Type": [
          "application/json; charset=utf-8"
        ],
        "Expires": [
          "-1"
        ],
        "Cache-Control": [
          "no-cache"
        ],
        "Date": [
          "Mon, 11 Sep 2017 18:35:55 GMT"
        ],
        "Pragma": [
          "no-cache"
        ],
        "Server": [
          "Microsoft-HTTPAPI/2.0"
        ],
        "x-ms-ratelimit-remaining-subscription-writes": [
          "1190"
        ],
        "x-ms-request-id": [
          "081e397b-fcce-4718-9dc5-0a6a6e78763c"
        ],
        "Strict-Transport-Security": [
          "max-age=31536000; includeSubDomains"
        ],
        "X-Content-Type-Options": [
          "nosniff"
        ],
        "x-ms-correlation-request-id": [
          "785eefd0-ca04-4d6e-8990-6f87c13439f8"
        ],
        "x-ms-routing-request-id": [
          "WESTUS2:20170911T183556Z:785eefd0-ca04-4d6e-8990-6f87c13439f8"
        ]
      },
      "StatusCode": 201
    },
    {
      "RequestUri": "/subscriptions/c549f475-dee8-428c-bb19-829a55e52f77/resourceGroups/rgstg6797/providers/Microsoft.Batch/batchAccounts/batchaccount9633/applications/myApplication/versions/applicationPackage?api-version=2017-05-01",
      "EncodedRequestUri": "L3N1YnNjcmlwdGlvbnMvYzU0OWY0NzUtZGVlOC00MjhjLWJiMTktODI5YTU1ZTUyZjc3L3Jlc291cmNlR3JvdXBzL3Jnc3RnNjc5Ny9wcm92aWRlcnMvTWljcm9zb2Z0LkJhdGNoL2JhdGNoQWNjb3VudHMvYmF0Y2hhY2NvdW50OTYzMy9hcHBsaWNhdGlvbnMvbXlBcHBsaWNhdGlvbi92ZXJzaW9ucy9hcHBsaWNhdGlvblBhY2thZ2U/YXBpLXZlcnNpb249MjAxNy0wNS0wMQ==",
      "RequestMethod": "DELETE",
      "RequestBody": "",
      "RequestHeaders": {
        "x-ms-client-request-id": [
          "18a6621e-5912-472c-a00a-4fb85a9f0950"
        ],
        "accept-language": [
          "en-US"
        ],
        "User-Agent": [
          "FxVersion/4.6.25211.01",
          "Microsoft.Azure.Management.Batch.Fluent.BatchManagementClient/1.2.0.0",
          "MacAddressHash/a2f3915311cd096504c6ee9e881fdd3a8a3bab508b6d90033e6e1c1d58b62fed"
        ]
      },
      "ResponseBody": "",
      "ResponseHeaders": {
        "Content-Length": [
          "0"
        ],
        "Expires": [
          "-1"
        ],
        "Cache-Control": [
          "no-cache"
        ],
        "Date": [
          "Mon, 11 Sep 2017 18:35:57 GMT"
        ],
        "Pragma": [
          "no-cache"
        ],
        "Server": [
          "Microsoft-HTTPAPI/2.0"
        ],
        "x-ms-request-id": [
          "d15b4998-ec58-4595-9314-032d5cd3c98d"
        ],
        "Strict-Transport-Security": [
          "max-age=31536000; includeSubDomains"
        ],
        "X-Content-Type-Options": [
          "nosniff"
        ],
        "x-ms-ratelimit-remaining-subscription-writes": [
          "1189"
        ],
        "x-ms-correlation-request-id": [
          "a423e112-ce21-448c-80dd-fdaf1e0ffda0"
        ],
        "x-ms-routing-request-id": [
          "WESTUS2:20170911T183557Z:a423e112-ce21-448c-80dd-fdaf1e0ffda0"
        ]
      },
      "StatusCode": 204
    },
    {
      "RequestUri": "/subscriptions/c549f475-dee8-428c-bb19-829a55e52f77/resourceGroups/rgstg6797/providers/Microsoft.Batch/batchAccounts/batchaccount9633/applications/myApplication?api-version=2017-05-01",
      "EncodedRequestUri": "L3N1YnNjcmlwdGlvbnMvYzU0OWY0NzUtZGVlOC00MjhjLWJiMTktODI5YTU1ZTUyZjc3L3Jlc291cmNlR3JvdXBzL3Jnc3RnNjc5Ny9wcm92aWRlcnMvTWljcm9zb2Z0LkJhdGNoL2JhdGNoQWNjb3VudHMvYmF0Y2hhY2NvdW50OTYzMy9hcHBsaWNhdGlvbnMvbXlBcHBsaWNhdGlvbj9hcGktdmVyc2lvbj0yMDE3LTA1LTAx",
      "RequestMethod": "DELETE",
      "RequestBody": "",
      "RequestHeaders": {
        "x-ms-client-request-id": [
          "f12b5102-55b4-4b98-86de-7b32b84f4d0a"
        ],
        "accept-language": [
          "en-US"
        ],
        "User-Agent": [
          "FxVersion/4.6.25211.01",
          "Microsoft.Azure.Management.Batch.Fluent.BatchManagementClient/1.2.0.0",
          "MacAddressHash/a2f3915311cd096504c6ee9e881fdd3a8a3bab508b6d90033e6e1c1d58b62fed"
        ]
      },
      "ResponseBody": "",
      "ResponseHeaders": {
        "Content-Length": [
          "0"
        ],
        "Expires": [
          "-1"
        ],
        "Cache-Control": [
          "no-cache"
        ],
        "Date": [
          "Mon, 11 Sep 2017 18:35:59 GMT"
        ],
        "Pragma": [
          "no-cache"
        ],
        "Server": [
          "Microsoft-HTTPAPI/2.0"
        ],
        "x-ms-request-id": [
          "73b0f74f-dfa2-4edb-97f9-b6b858bf2128"
        ],
        "Strict-Transport-Security": [
          "max-age=31536000; includeSubDomains"
        ],
        "X-Content-Type-Options": [
          "nosniff"
        ],
        "x-ms-ratelimit-remaining-subscription-writes": [
          "1187"
        ],
        "x-ms-correlation-request-id": [
          "5f368e2c-ccfc-426c-9f5b-d387b8503a6f"
        ],
        "x-ms-routing-request-id": [
          "WESTUS2:20170911T183600Z:5f368e2c-ccfc-426c-9f5b-d387b8503a6f"
        ]
      },
      "StatusCode": 204
    },
    {
      "RequestUri": "/subscriptions/c549f475-dee8-428c-bb19-829a55e52f77/resourceGroups/rgstg6797/providers/Microsoft.Batch/batchAccounts/batchaccount9633/applications/myApplication/versions/applicationPackage1?api-version=2017-05-01",
      "EncodedRequestUri": "L3N1YnNjcmlwdGlvbnMvYzU0OWY0NzUtZGVlOC00MjhjLWJiMTktODI5YTU1ZTUyZjc3L3Jlc291cmNlR3JvdXBzL3Jnc3RnNjc5Ny9wcm92aWRlcnMvTWljcm9zb2Z0LkJhdGNoL2JhdGNoQWNjb3VudHMvYmF0Y2hhY2NvdW50OTYzMy9hcHBsaWNhdGlvbnMvbXlBcHBsaWNhdGlvbi92ZXJzaW9ucy9hcHBsaWNhdGlvblBhY2thZ2UxP2FwaS12ZXJzaW9uPTIwMTctMDUtMDE=",
      "RequestMethod": "PUT",
      "RequestBody": "",
      "RequestHeaders": {
        "x-ms-client-request-id": [
          "8dd6b4de-f963-46b9-bccd-78da611cadd9"
        ],
        "accept-language": [
          "en-US"
        ],
        "User-Agent": [
          "FxVersion/4.6.25211.01",
          "Microsoft.Azure.Management.Batch.Fluent.BatchManagementClient/1.2.0.0",
          "MacAddressHash/a2f3915311cd096504c6ee9e881fdd3a8a3bab508b6d90033e6e1c1d58b62fed"
        ]
      },
      "ResponseBody": "{\r\n  \"id\": \"myApplication\",\r\n  \"version\": \"applicationPackage1\",\r\n  \"storageUrl\": \"https://sa9090.blob.core.windows.net/app-myapplication-58941bdf5d17e4b6b8bd407d3bd127c6f87e653d/myapplication-applicationpackage1-096b7199-23d4-4933-80da-a96d8f6560ce?sv=2015-04-05&sr=b&sig=5%2B6vExHS2vB8RZIM4F5v44JW2VIyu9GP11WyRZZBmSI%3D&st=2017-09-11T18%3A31%3A34Z&se=2017-09-11T22%3A36%3A34Z&sp=rw\",\r\n  \"storageUrlExpiry\": \"2017-09-11T22:36:34.5587277Z\",\r\n  \"state\": \"pending\"\r\n}",
      "ResponseHeaders": {
        "Content-Length": [
          "438"
        ],
        "Content-Type": [
          "application/json; charset=utf-8"
        ],
        "Expires": [
          "-1"
        ],
        "Cache-Control": [
          "no-cache"
        ],
        "Date": [
          "Mon, 11 Sep 2017 18:36:34 GMT"
        ],
        "Pragma": [
          "no-cache"
        ],
        "Server": [
          "Microsoft-HTTPAPI/2.0"
        ],
        "x-ms-ratelimit-remaining-subscription-writes": [
          "1193"
        ],
        "x-ms-request-id": [
          "fca3a3c4-9641-4dc6-9245-1e9de74be256"
        ],
        "Strict-Transport-Security": [
          "max-age=31536000; includeSubDomains"
        ],
        "X-Content-Type-Options": [
          "nosniff"
        ],
        "x-ms-correlation-request-id": [
          "bf66ca89-eb22-4598-837f-f8146acae78f"
        ],
        "x-ms-routing-request-id": [
          "WESTUS2:20170911T183634Z:bf66ca89-eb22-4598-837f-f8146acae78f"
        ]
      },
      "StatusCode": 201
    },
    {
      "RequestUri": "/subscriptions/c549f475-dee8-428c-bb19-829a55e52f77/resourceGroups/rgstg6797/providers/Microsoft.Batch/batchAccounts/batchaccount9633/applications/myApplication/versions/applicationPackage2?api-version=2017-05-01",
      "EncodedRequestUri": "L3N1YnNjcmlwdGlvbnMvYzU0OWY0NzUtZGVlOC00MjhjLWJiMTktODI5YTU1ZTUyZjc3L3Jlc291cmNlR3JvdXBzL3Jnc3RnNjc5Ny9wcm92aWRlcnMvTWljcm9zb2Z0LkJhdGNoL2JhdGNoQWNjb3VudHMvYmF0Y2hhY2NvdW50OTYzMy9hcHBsaWNhdGlvbnMvbXlBcHBsaWNhdGlvbi92ZXJzaW9ucy9hcHBsaWNhdGlvblBhY2thZ2UyP2FwaS12ZXJzaW9uPTIwMTctMDUtMDE=",
      "RequestMethod": "PUT",
      "RequestBody": "",
      "RequestHeaders": {
        "x-ms-client-request-id": [
          "057d67d8-4170-4ffa-84ba-36d7b54c344f"
        ],
        "accept-language": [
          "en-US"
        ],
        "User-Agent": [
          "FxVersion/4.6.25211.01",
          "Microsoft.Azure.Management.Batch.Fluent.BatchManagementClient/1.2.0.0",
          "MacAddressHash/a2f3915311cd096504c6ee9e881fdd3a8a3bab508b6d90033e6e1c1d58b62fed"
        ]
      },
      "ResponseBody": "{\r\n  \"id\": \"myApplication\",\r\n  \"version\": \"applicationPackage2\",\r\n  \"storageUrl\": \"https://sa9090.blob.core.windows.net/app-myapplication-58941bdf5d17e4b6b8bd407d3bd127c6f87e653d/myapplication-applicationpackage2-7c843557-b1fe-47d8-b028-f1c8a4b04154?sv=2015-04-05&sr=b&sig=WA6O%2BHb0QoEjkQhhGjLn1Iz%2B7pMJvF6bU5oYFnH6tks%3D&st=2017-09-11T18%3A31%3A35Z&se=2017-09-11T22%3A36%3A35Z&sp=rw\",\r\n  \"storageUrlExpiry\": \"2017-09-11T22:36:35.1394565Z\",\r\n  \"state\": \"pending\"\r\n}",
      "ResponseHeaders": {
        "Content-Length": [
          "440"
        ],
        "Content-Type": [
          "application/json; charset=utf-8"
        ],
        "Expires": [
          "-1"
        ],
        "Cache-Control": [
          "no-cache"
        ],
        "Date": [
          "Mon, 11 Sep 2017 18:36:34 GMT"
        ],
        "Pragma": [
          "no-cache"
        ],
        "Server": [
          "Microsoft-HTTPAPI/2.0"
        ],
        "x-ms-ratelimit-remaining-subscription-writes": [
          "1192"
        ],
        "x-ms-request-id": [
          "543aa1a1-bdb1-4a47-84c1-c012e9453c60"
        ],
        "Strict-Transport-Security": [
          "max-age=31536000; includeSubDomains"
        ],
        "X-Content-Type-Options": [
          "nosniff"
        ],
        "x-ms-correlation-request-id": [
          "3c382089-df53-4a6d-9398-aa5bf04649eb"
        ],
        "x-ms-routing-request-id": [
          "WESTUS2:20170911T183635Z:3c382089-df53-4a6d-9398-aa5bf04649eb"
        ]
      },
      "StatusCode": 201
    },
    {
      "RequestUri": "/subscriptions/c549f475-dee8-428c-bb19-829a55e52f77/resourceGroups/rgstg6797/providers/Microsoft.Batch/batchAccounts/batchaccount9633/applications/myApplication?api-version=2017-05-01",
      "EncodedRequestUri": "L3N1YnNjcmlwdGlvbnMvYzU0OWY0NzUtZGVlOC00MjhjLWJiMTktODI5YTU1ZTUyZjc3L3Jlc291cmNlR3JvdXBzL3Jnc3RnNjc5Ny9wcm92aWRlcnMvTWljcm9zb2Z0LkJhdGNoL2JhdGNoQWNjb3VudHMvYmF0Y2hhY2NvdW50OTYzMy9hcHBsaWNhdGlvbnMvbXlBcHBsaWNhdGlvbj9hcGktdmVyc2lvbj0yMDE3LTA1LTAx",
      "RequestMethod": "GET",
      "RequestBody": "",
      "RequestHeaders": {
        "x-ms-client-request-id": [
          "7ee23362-c468-47b8-9312-6580712e9616"
        ],
        "accept-language": [
          "en-US"
        ],
        "User-Agent": [
          "FxVersion/4.6.25211.01",
          "Microsoft.Azure.Management.Batch.Fluent.BatchManagementClient/1.2.0.0",
          "MacAddressHash/a2f3915311cd096504c6ee9e881fdd3a8a3bab508b6d90033e6e1c1d58b62fed"
        ]
      },
      "ResponseBody": "{\r\n  \"id\": \"myApplication\",\r\n  \"displayName\": \"displayName\",\r\n  \"packages\": [\r\n    {\r\n      \"version\": \"applicationPackage1\",\r\n      \"state\": \"pending\"\r\n    },\r\n    {\r\n      \"version\": \"applicationPackage2\",\r\n      \"state\": \"pending\"\r\n    }\r\n  ],\r\n  \"allowUpdates\": true\r\n}",
      "ResponseHeaders": {
        "Content-Type": [
          "application/json; charset=utf-8"
        ],
        "Expires": [
          "-1"
        ],
        "Last-Modified": [
          "Mon, 11 Sep 2017 18:36:02 GMT"
        ],
        "Cache-Control": [
          "no-cache"
        ],
        "Date": [
          "Mon, 11 Sep 2017 18:36:35 GMT"
        ],
        "Pragma": [
          "no-cache"
        ],
        "Transfer-Encoding": [
          "chunked"
        ],
        "ETag": [
          "\"0x8D4F943F435DDD1\""
        ],
        "Server": [
          "Microsoft-HTTPAPI/2.0"
        ],
        "Vary": [
          "Accept-Encoding"
        ],
        "x-ms-ratelimit-remaining-subscription-reads": [
          "14979"
        ],
        "x-ms-request-id": [
          "27cdf49f-b7d2-401f-8a3f-f2969b1400b2"
        ],
        "Strict-Transport-Security": [
          "max-age=31536000; includeSubDomains"
        ],
        "X-Content-Type-Options": [
          "nosniff"
        ],
        "x-ms-correlation-request-id": [
          "bda0c4bd-8f68-4a9b-a291-7d95019b00d7"
        ],
        "x-ms-routing-request-id": [
          "WESTUS2:20170911T183635Z:bda0c4bd-8f68-4a9b-a291-7d95019b00d7"
        ]
      },
      "StatusCode": 200
    },
    {
      "RequestUri": "/subscriptions/c549f475-dee8-428c-bb19-829a55e52f77/resourceGroups/rgstg6797/providers/Microsoft.Batch/batchAccounts/batchaccount9633/applications/myApplication?api-version=2017-05-01",
      "EncodedRequestUri": "L3N1YnNjcmlwdGlvbnMvYzU0OWY0NzUtZGVlOC00MjhjLWJiMTktODI5YTU1ZTUyZjc3L3Jlc291cmNlR3JvdXBzL3Jnc3RnNjc5Ny9wcm92aWRlcnMvTWljcm9zb2Z0LkJhdGNoL2JhdGNoQWNjb3VudHMvYmF0Y2hhY2NvdW50OTYzMy9hcHBsaWNhdGlvbnMvbXlBcHBsaWNhdGlvbj9hcGktdmVyc2lvbj0yMDE3LTA1LTAx",
      "RequestMethod": "PATCH",
      "RequestBody": "{\r\n  \"allowUpdates\": true,\r\n  \"displayName\": \"newApplicationDisplayName\"\r\n}",
      "RequestHeaders": {
        "Content-Type": [
          "application/json; charset=utf-8"
        ],
        "Content-Length": [
          "75"
        ],
        "x-ms-client-request-id": [
          "8ae6879b-ec76-4bbc-812b-9cdf382fab54"
        ],
        "accept-language": [
          "en-US"
        ],
        "User-Agent": [
          "FxVersion/4.6.25211.01",
          "Microsoft.Azure.Management.Batch.Fluent.BatchManagementClient/1.2.0.0",
          "MacAddressHash/a2f3915311cd096504c6ee9e881fdd3a8a3bab508b6d90033e6e1c1d58b62fed"
        ]
      },
      "ResponseBody": "",
      "ResponseHeaders": {
        "Content-Length": [
          "0"
        ],
        "Expires": [
          "-1"
        ],
        "Last-Modified": [
          "Mon, 11 Sep 2017 18:36:02 GMT"
        ],
        "Cache-Control": [
          "no-cache"
        ],
        "Date": [
          "Mon, 11 Sep 2017 18:36:36 GMT"
        ],
        "Pragma": [
          "no-cache"
        ],
        "ETag": [
          "\"0x8D4F943F435DDD1\""
        ],
        "Server": [
          "Microsoft-HTTPAPI/2.0"
        ],
        "x-ms-request-id": [
          "702e11b7-4624-4a03-8693-9caa933f41d2"
        ],
        "Strict-Transport-Security": [
          "max-age=31536000; includeSubDomains"
        ],
        "X-Content-Type-Options": [
          "nosniff"
        ],
        "x-ms-ratelimit-remaining-subscription-writes": [
          "1190"
        ],
        "x-ms-correlation-request-id": [
          "cd703c35-6297-4dd8-bcd0-a1d4cf24e14b"
        ],
        "x-ms-routing-request-id": [
          "WESTUS2:20170911T183637Z:cd703c35-6297-4dd8-bcd0-a1d4cf24e14b"
        ]
      },
      "StatusCode": 204
    },
    {
      "RequestUri": "/subscriptions/c549f475-dee8-428c-bb19-829a55e52f77/resourceGroups/rgstg6797/providers/Microsoft.Batch/batchAccounts/batchaccount9633/applications/myApplication?api-version=2017-05-01",
      "EncodedRequestUri": "L3N1YnNjcmlwdGlvbnMvYzU0OWY0NzUtZGVlOC00MjhjLWJiMTktODI5YTU1ZTUyZjc3L3Jlc291cmNlR3JvdXBzL3Jnc3RnNjc5Ny9wcm92aWRlcnMvTWljcm9zb2Z0LkJhdGNoL2JhdGNoQWNjb3VudHMvYmF0Y2hhY2NvdW50OTYzMy9hcHBsaWNhdGlvbnMvbXlBcHBsaWNhdGlvbj9hcGktdmVyc2lvbj0yMDE3LTA1LTAx",
      "RequestMethod": "PATCH",
      "RequestBody": "{\r\n  \"allowUpdates\": true,\r\n  \"displayName\": \"newApplicationDisplayName\"\r\n}",
      "RequestHeaders": {
        "Content-Type": [
          "application/json; charset=utf-8"
        ],
        "Content-Length": [
          "75"
        ],
        "x-ms-client-request-id": [
          "28d82507-3c1a-48d1-9bb0-a27b00b717b2"
        ],
        "accept-language": [
          "en-US"
        ],
        "User-Agent": [
          "FxVersion/4.6.25211.01",
          "Microsoft.Azure.Management.Batch.Fluent.BatchManagementClient/1.2.0.0",
          "MacAddressHash/a2f3915311cd096504c6ee9e881fdd3a8a3bab508b6d90033e6e1c1d58b62fed"
        ]
      },
      "ResponseBody": "",
      "ResponseHeaders": {
        "Content-Length": [
          "0"
        ],
        "Expires": [
          "-1"
        ],
        "Last-Modified": [
          "Mon, 11 Sep 2017 18:36:37 GMT"
        ],
        "Cache-Control": [
          "no-cache"
        ],
        "Date": [
          "Mon, 11 Sep 2017 18:36:39 GMT"
        ],
        "Pragma": [
          "no-cache"
        ],
        "ETag": [
          "\"0x8D4F944092A51A5\""
        ],
        "Server": [
          "Microsoft-HTTPAPI/2.0"
        ],
        "x-ms-request-id": [
          "a91693f8-24d7-4187-aafc-2089d67bd3a6"
        ],
        "Strict-Transport-Security": [
          "max-age=31536000; includeSubDomains"
        ],
        "X-Content-Type-Options": [
          "nosniff"
        ],
        "x-ms-ratelimit-remaining-subscription-writes": [
          "1187"
        ],
        "x-ms-correlation-request-id": [
          "0a5d5be0-d30f-433d-9f0f-e9c8ff037dc6"
        ],
        "x-ms-routing-request-id": [
          "WESTUS2:20170911T183640Z:0a5d5be0-d30f-433d-9f0f-e9c8ff037dc6"
        ]
      },
      "StatusCode": 204
    },
    {
      "RequestUri": "/subscriptions/c549f475-dee8-428c-bb19-829a55e52f77/resourceGroups/rgstg6797/providers/Microsoft.Batch/batchAccounts/batchaccount9633/applications/myApplication/versions/applicationPackage2?api-version=2017-05-01",
      "EncodedRequestUri": "L3N1YnNjcmlwdGlvbnMvYzU0OWY0NzUtZGVlOC00MjhjLWJiMTktODI5YTU1ZTUyZjc3L3Jlc291cmNlR3JvdXBzL3Jnc3RnNjc5Ny9wcm92aWRlcnMvTWljcm9zb2Z0LkJhdGNoL2JhdGNoQWNjb3VudHMvYmF0Y2hhY2NvdW50OTYzMy9hcHBsaWNhdGlvbnMvbXlBcHBsaWNhdGlvbi92ZXJzaW9ucy9hcHBsaWNhdGlvblBhY2thZ2UyP2FwaS12ZXJzaW9uPTIwMTctMDUtMDE=",
      "RequestMethod": "DELETE",
      "RequestBody": "",
      "RequestHeaders": {
        "x-ms-client-request-id": [
          "a372ceea-aa93-47f8-a0ad-d309fa6cb0f4"
        ],
        "accept-language": [
          "en-US"
        ],
        "User-Agent": [
          "FxVersion/4.6.25211.01",
          "Microsoft.Azure.Management.Batch.Fluent.BatchManagementClient/1.2.0.0",
          "MacAddressHash/a2f3915311cd096504c6ee9e881fdd3a8a3bab508b6d90033e6e1c1d58b62fed"
        ]
      },
      "ResponseBody": "",
      "ResponseHeaders": {
        "Content-Length": [
          "0"
        ],
        "Expires": [
          "-1"
        ],
        "Cache-Control": [
          "no-cache"
        ],
        "Date": [
          "Mon, 11 Sep 2017 18:36:37 GMT"
        ],
        "Pragma": [
          "no-cache"
        ],
        "Server": [
          "Microsoft-HTTPAPI/2.0"
        ],
        "x-ms-request-id": [
          "78fd20cb-8cf4-40d4-9528-be192e32b565"
        ],
        "Strict-Transport-Security": [
          "max-age=31536000; includeSubDomains"
        ],
        "X-Content-Type-Options": [
          "nosniff"
        ],
        "x-ms-ratelimit-remaining-subscription-writes": [
          "1189"
        ],
        "x-ms-correlation-request-id": [
          "8c470dfd-8bb6-4145-b8cb-73b05b498fe0"
        ],
        "x-ms-routing-request-id": [
          "WESTUS2:20170911T183637Z:8c470dfd-8bb6-4145-b8cb-73b05b498fe0"
        ]
      },
      "StatusCode": 204
    },
    {
      "RequestUri": "/subscriptions/c549f475-dee8-428c-bb19-829a55e52f77/resourceGroups/rgstg6797/providers/Microsoft.Batch/batchAccounts/batchaccount9633/applications/myApplication/versions/applicationPackage1?api-version=2017-05-01",
      "EncodedRequestUri": "L3N1YnNjcmlwdGlvbnMvYzU0OWY0NzUtZGVlOC00MjhjLWJiMTktODI5YTU1ZTUyZjc3L3Jlc291cmNlR3JvdXBzL3Jnc3RnNjc5Ny9wcm92aWRlcnMvTWljcm9zb2Z0LkJhdGNoL2JhdGNoQWNjb3VudHMvYmF0Y2hhY2NvdW50OTYzMy9hcHBsaWNhdGlvbnMvbXlBcHBsaWNhdGlvbi92ZXJzaW9ucy9hcHBsaWNhdGlvblBhY2thZ2UxP2FwaS12ZXJzaW9uPTIwMTctMDUtMDE=",
      "RequestMethod": "DELETE",
      "RequestBody": "",
      "RequestHeaders": {
        "x-ms-client-request-id": [
          "fd6cd657-ec26-42f9-a558-dabaa5be9622"
        ],
        "accept-language": [
          "en-US"
        ],
        "User-Agent": [
          "FxVersion/4.6.25211.01",
          "Microsoft.Azure.Management.Batch.Fluent.BatchManagementClient/1.2.0.0",
          "MacAddressHash/a2f3915311cd096504c6ee9e881fdd3a8a3bab508b6d90033e6e1c1d58b62fed"
        ]
      },
      "ResponseBody": "",
      "ResponseHeaders": {
        "Content-Length": [
          "0"
        ],
        "Expires": [
          "-1"
        ],
        "Cache-Control": [
          "no-cache"
        ],
        "Date": [
          "Mon, 11 Sep 2017 18:36:39 GMT"
        ],
        "Pragma": [
          "no-cache"
        ],
        "Server": [
          "Microsoft-HTTPAPI/2.0"
        ],
        "x-ms-request-id": [
          "932f9f63-581e-46a1-8fc2-23a1015326ff"
        ],
        "Strict-Transport-Security": [
          "max-age=31536000; includeSubDomains"
        ],
        "X-Content-Type-Options": [
          "nosniff"
        ],
        "x-ms-ratelimit-remaining-subscription-writes": [
          "1186"
        ],
        "x-ms-correlation-request-id": [
          "2fb2cd2c-f967-4b3d-b525-e5e0ad936d6f"
        ],
        "x-ms-routing-request-id": [
          "WESTUS2:20170911T183640Z:2fb2cd2c-f967-4b3d-b525-e5e0ad936d6f"
        ]
      },
      "StatusCode": 204
    },
    {
      "RequestUri": "/subscriptions/c549f475-dee8-428c-bb19-829a55e52f77/resourceGroups/rgstg6797/providers/Microsoft.Batch/batchAccounts/batchaccount9633?api-version=2017-05-01",
      "EncodedRequestUri": "L3N1YnNjcmlwdGlvbnMvYzU0OWY0NzUtZGVlOC00MjhjLWJiMTktODI5YTU1ZTUyZjc3L3Jlc291cmNlR3JvdXBzL3Jnc3RnNjc5Ny9wcm92aWRlcnMvTWljcm9zb2Z0LkJhdGNoL2JhdGNoQWNjb3VudHMvYmF0Y2hhY2NvdW50OTYzMz9hcGktdmVyc2lvbj0yMDE3LTA1LTAx",
      "RequestMethod": "DELETE",
      "RequestBody": "",
      "RequestHeaders": {
        "x-ms-client-request-id": [
          "ef333d07-dd6c-4a33-83dd-619887ce0ea7"
        ],
        "accept-language": [
          "en-US"
        ],
        "User-Agent": [
          "FxVersion/4.6.25211.01",
          "Microsoft.Azure.Management.Batch.Fluent.BatchManagementClient/1.2.0.0",
          "MacAddressHash/a2f3915311cd096504c6ee9e881fdd3a8a3bab508b6d90033e6e1c1d58b62fed"
        ]
      },
      "ResponseBody": "",
      "ResponseHeaders": {
        "Content-Length": [
          "0"
        ],
        "Expires": [
          "-1"
        ],
        "Cache-Control": [
          "no-cache"
        ],
        "Date": [
          "Mon, 11 Sep 2017 18:36:41 GMT"
        ],
        "Pragma": [
          "no-cache"
        ],
        "Location": [
          "https://management.azure.com/subscriptions/c549f475-dee8-428c-bb19-829a55e52f77/resourceGroups/rgstg6797/providers/Microsoft.Batch/batchAccounts/batchaccount9633/operationResults/d0f9044b-88cd-4d33-a13d-953cb72d9be6?api-version=2017-05-01"
        ],
        "Retry-After": [
          "15"
        ],
        "Server": [
          "Microsoft-HTTPAPI/2.0"
        ],
        "x-ms-request-id": [
          "d0f9044b-88cd-4d33-a13d-953cb72d9be6"
        ],
        "Strict-Transport-Security": [
          "max-age=31536000; includeSubDomains"
        ],
        "X-Content-Type-Options": [
          "nosniff"
        ],
        "x-ms-ratelimit-remaining-subscription-writes": [
          "1185"
        ],
        "x-ms-correlation-request-id": [
          "b4755192-7288-4a8f-b008-5333b5ce2187"
        ],
        "x-ms-routing-request-id": [
          "WESTUS2:20170911T183641Z:b4755192-7288-4a8f-b008-5333b5ce2187"
        ]
      },
      "StatusCode": 202
    },
    {
      "RequestUri": "/subscriptions/c549f475-dee8-428c-bb19-829a55e52f77/resourceGroups/rgstg6797/providers/Microsoft.Batch/batchAccounts/batchaccount9633/operationResults/d0f9044b-88cd-4d33-a13d-953cb72d9be6?api-version=2017-05-01",
      "EncodedRequestUri": "L3N1YnNjcmlwdGlvbnMvYzU0OWY0NzUtZGVlOC00MjhjLWJiMTktODI5YTU1ZTUyZjc3L3Jlc291cmNlR3JvdXBzL3Jnc3RnNjc5Ny9wcm92aWRlcnMvTWljcm9zb2Z0LkJhdGNoL2JhdGNoQWNjb3VudHMvYmF0Y2hhY2NvdW50OTYzMy9vcGVyYXRpb25SZXN1bHRzL2QwZjkwNDRiLTg4Y2QtNGQzMy1hMTNkLTk1M2NiNzJkOWJlNj9hcGktdmVyc2lvbj0yMDE3LTA1LTAx",
      "RequestMethod": "GET",
      "RequestBody": "",
      "RequestHeaders": {
        "User-Agent": [
          "FxVersion/4.6.25211.01",
          "Microsoft.Azure.Management.Batch.Fluent.BatchManagementClient/1.2.0.0",
          "MacAddressHash/a2f3915311cd096504c6ee9e881fdd3a8a3bab508b6d90033e6e1c1d58b62fed"
        ]
      },
      "ResponseBody": "{\r\n  \"error\": {\r\n    \"code\": \"ResourceNotFound\",\r\n    \"message\": \"The Resource 'Microsoft.Batch/batchAccounts/batchaccount9633' under resource group 'rgstg6797' was not found.\"\r\n  }\r\n}",
      "ResponseHeaders": {
        "Content-Length": [
          "159"
        ],
        "Content-Type": [
          "application/json; charset=utf-8"
        ],
        "Expires": [
          "-1"
        ],
        "Cache-Control": [
          "no-cache"
        ],
        "Date": [
          "Mon, 11 Sep 2017 18:37:11 GMT"
        ],
        "Pragma": [
          "no-cache"
        ],
        "x-ms-failure-cause": [
          "gateway"
        ],
        "x-ms-request-id": [
          "0f2d3855-79c9-404f-90ba-8244a4c8ce26"
        ],
        "x-ms-correlation-request-id": [
          "0f2d3855-79c9-404f-90ba-8244a4c8ce26"
        ],
        "x-ms-routing-request-id": [
          "WESTUS2:20170911T183712Z:0f2d3855-79c9-404f-90ba-8244a4c8ce26"
        ],
        "Strict-Transport-Security": [
          "max-age=31536000; includeSubDomains"
        ]
      },
      "StatusCode": 404
    },
    {
      "RequestUri": "/subscriptions/c549f475-dee8-428c-bb19-829a55e52f77/resourcegroups/rgstg6797?api-version=2016-02-01",
      "EncodedRequestUri": "L3N1YnNjcmlwdGlvbnMvYzU0OWY0NzUtZGVlOC00MjhjLWJiMTktODI5YTU1ZTUyZjc3L3Jlc291cmNlZ3JvdXBzL3Jnc3RnNjc5Nz9hcGktdmVyc2lvbj0yMDE2LTAyLTAx",
      "RequestMethod": "DELETE",
      "RequestBody": "",
      "RequestHeaders": {
        "x-ms-client-request-id": [
          "242410e8-49a1-456a-b3e2-5c4e98a0f645"
        ],
        "accept-language": [
          "en-US"
        ],
        "User-Agent": [
          "FxVersion/4.6.25211.01",
          "Microsoft.Azure.Management.ResourceManager.Fluent.ResourceManagementClient/1.2.0.0",
          "MacAddressHash/a2f3915311cd096504c6ee9e881fdd3a8a3bab508b6d90033e6e1c1d58b62fed"
        ]
      },
      "ResponseBody": "",
      "ResponseHeaders": {
        "Content-Length": [
          "0"
        ],
        "Expires": [
          "-1"
        ],
        "Cache-Control": [
          "no-cache"
        ],
        "Date": [
          "Mon, 11 Sep 2017 18:37:14 GMT"
        ],
        "Pragma": [
          "no-cache"
        ],
        "Location": [
          "https://management.azure.com/subscriptions/c549f475-dee8-428c-bb19-829a55e52f77/operationresults/eyJqb2JJZCI6IlJFU09VUkNFR1JPVVBERUxFVElPTkpPQi1SR1NURzY3OTctRUFTVEFTSUEiLCJqb2JMb2NhdGlvbiI6ImVhc3Rhc2lhIn0?api-version=2016-02-01"
        ],
        "Retry-After": [
          "15"
        ],
        "x-ms-ratelimit-remaining-subscription-writes": [
          "1199"
        ],
        "x-ms-request-id": [
          "86043d06-486d-443b-85db-503937a1131d"
        ],
        "x-ms-correlation-request-id": [
          "86043d06-486d-443b-85db-503937a1131d"
        ],
        "x-ms-routing-request-id": [
          "WESTUS:20170911T183715Z:86043d06-486d-443b-85db-503937a1131d"
        ],
        "Strict-Transport-Security": [
          "max-age=31536000; includeSubDomains"
        ]
      },
      "StatusCode": 202
    },
    {
      "RequestUri": "/subscriptions/c549f475-dee8-428c-bb19-829a55e52f77/operationresults/eyJqb2JJZCI6IlJFU09VUkNFR1JPVVBERUxFVElPTkpPQi1SR1NURzY3OTctRUFTVEFTSUEiLCJqb2JMb2NhdGlvbiI6ImVhc3Rhc2lhIn0?api-version=2016-02-01",
      "EncodedRequestUri": "L3N1YnNjcmlwdGlvbnMvYzU0OWY0NzUtZGVlOC00MjhjLWJiMTktODI5YTU1ZTUyZjc3L29wZXJhdGlvbnJlc3VsdHMvZXlKcWIySkpaQ0k2SWxKRlUwOVZVa05GUjFKUFZWQkVSVXhGVkVsUFRrcFBRaTFTUjFOVVJ6WTNPVGN0UlVGVFZFRlRTVUVpTENKcWIySk1iMk5oZEdsdmJpSTZJbVZoYzNSaGMybGhJbjA/YXBpLXZlcnNpb249MjAxNi0wMi0wMQ==",
      "RequestMethod": "GET",
      "RequestBody": "",
      "RequestHeaders": {
        "User-Agent": [
          "FxVersion/4.6.25211.01",
          "Microsoft.Azure.Management.ResourceManager.Fluent.ResourceManagementClient/1.2.0.0",
          "MacAddressHash/a2f3915311cd096504c6ee9e881fdd3a8a3bab508b6d90033e6e1c1d58b62fed"
        ]
      },
      "ResponseBody": "",
      "ResponseHeaders": {
        "Content-Length": [
          "0"
        ],
        "Expires": [
          "-1"
        ],
        "Cache-Control": [
          "no-cache"
        ],
        "Date": [
          "Mon, 11 Sep 2017 18:37:44 GMT"
        ],
        "Pragma": [
          "no-cache"
        ],
        "Location": [
          "https://management.azure.com/subscriptions/c549f475-dee8-428c-bb19-829a55e52f77/operationresults/eyJqb2JJZCI6IlJFU09VUkNFR1JPVVBERUxFVElPTkpPQi1SR1NURzY3OTctRUFTVEFTSUEiLCJqb2JMb2NhdGlvbiI6ImVhc3Rhc2lhIn0?api-version=2016-02-01"
        ],
        "Retry-After": [
          "15"
        ],
        "x-ms-ratelimit-remaining-subscription-reads": [
          "14993"
        ],
        "x-ms-request-id": [
          "0eeb14b1-5b50-4c87-bb8b-9298cdea8f74"
        ],
        "x-ms-correlation-request-id": [
          "0eeb14b1-5b50-4c87-bb8b-9298cdea8f74"
        ],
        "x-ms-routing-request-id": [
          "WESTUS:20170911T183745Z:0eeb14b1-5b50-4c87-bb8b-9298cdea8f74"
        ],
        "Strict-Transport-Security": [
          "max-age=31536000; includeSubDomains"
        ]
      },
      "StatusCode": 202
    },
    {
      "RequestUri": "/subscriptions/c549f475-dee8-428c-bb19-829a55e52f77/operationresults/eyJqb2JJZCI6IlJFU09VUkNFR1JPVVBERUxFVElPTkpPQi1SR1NURzY3OTctRUFTVEFTSUEiLCJqb2JMb2NhdGlvbiI6ImVhc3Rhc2lhIn0?api-version=2016-02-01",
      "EncodedRequestUri": "L3N1YnNjcmlwdGlvbnMvYzU0OWY0NzUtZGVlOC00MjhjLWJiMTktODI5YTU1ZTUyZjc3L29wZXJhdGlvbnJlc3VsdHMvZXlKcWIySkpaQ0k2SWxKRlUwOVZVa05GUjFKUFZWQkVSVXhGVkVsUFRrcFBRaTFTUjFOVVJ6WTNPVGN0UlVGVFZFRlRTVUVpTENKcWIySk1iMk5oZEdsdmJpSTZJbVZoYzNSaGMybGhJbjA/YXBpLXZlcnNpb249MjAxNi0wMi0wMQ==",
      "RequestMethod": "GET",
      "RequestBody": "",
      "RequestHeaders": {
        "User-Agent": [
          "FxVersion/4.6.25211.01",
          "Microsoft.Azure.Management.ResourceManager.Fluent.ResourceManagementClient/1.2.0.0",
          "MacAddressHash/a2f3915311cd096504c6ee9e881fdd3a8a3bab508b6d90033e6e1c1d58b62fed"
        ]
      },
      "ResponseBody": "",
      "ResponseHeaders": {
        "Content-Length": [
          "0"
        ],
        "Expires": [
          "-1"
        ],
        "Cache-Control": [
          "no-cache"
        ],
        "Date": [
          "Mon, 11 Sep 2017 18:38:15 GMT"
        ],
        "Pragma": [
          "no-cache"
        ],
        "Location": [
          "https://management.azure.com/subscriptions/c549f475-dee8-428c-bb19-829a55e52f77/operationresults/eyJqb2JJZCI6IlJFU09VUkNFR1JPVVBERUxFVElPTkpPQi1SR1NURzY3OTctRUFTVEFTSUEiLCJqb2JMb2NhdGlvbiI6ImVhc3Rhc2lhIn0?api-version=2016-02-01"
        ],
        "Retry-After": [
          "15"
        ],
        "x-ms-ratelimit-remaining-subscription-reads": [
          "14992"
        ],
        "x-ms-request-id": [
          "fd0d2bcf-0ca9-4466-a293-565dedc75cab"
        ],
        "x-ms-correlation-request-id": [
          "fd0d2bcf-0ca9-4466-a293-565dedc75cab"
        ],
        "x-ms-routing-request-id": [
          "WESTUS:20170911T183815Z:fd0d2bcf-0ca9-4466-a293-565dedc75cab"
        ],
        "Strict-Transport-Security": [
          "max-age=31536000; includeSubDomains"
        ]
      },
      "StatusCode": 202
    },
    {
      "RequestUri": "/subscriptions/c549f475-dee8-428c-bb19-829a55e52f77/operationresults/eyJqb2JJZCI6IlJFU09VUkNFR1JPVVBERUxFVElPTkpPQi1SR1NURzY3OTctRUFTVEFTSUEiLCJqb2JMb2NhdGlvbiI6ImVhc3Rhc2lhIn0?api-version=2016-02-01",
      "EncodedRequestUri": "L3N1YnNjcmlwdGlvbnMvYzU0OWY0NzUtZGVlOC00MjhjLWJiMTktODI5YTU1ZTUyZjc3L29wZXJhdGlvbnJlc3VsdHMvZXlKcWIySkpaQ0k2SWxKRlUwOVZVa05GUjFKUFZWQkVSVXhGVkVsUFRrcFBRaTFTUjFOVVJ6WTNPVGN0UlVGVFZFRlRTVUVpTENKcWIySk1iMk5oZEdsdmJpSTZJbVZoYzNSaGMybGhJbjA/YXBpLXZlcnNpb249MjAxNi0wMi0wMQ==",
      "RequestMethod": "GET",
      "RequestBody": "",
      "RequestHeaders": {
        "User-Agent": [
          "FxVersion/4.6.25211.01",
          "Microsoft.Azure.Management.ResourceManager.Fluent.ResourceManagementClient/1.2.0.0",
          "MacAddressHash/a2f3915311cd096504c6ee9e881fdd3a8a3bab508b6d90033e6e1c1d58b62fed"
        ]
      },
      "ResponseBody": "",
      "ResponseHeaders": {
        "Content-Length": [
          "0"
        ],
        "Expires": [
          "-1"
        ],
        "Cache-Control": [
          "no-cache"
        ],
        "Date": [
          "Mon, 11 Sep 2017 18:38:45 GMT"
        ],
        "Pragma": [
          "no-cache"
        ],
        "Location": [
          "https://management.azure.com/subscriptions/c549f475-dee8-428c-bb19-829a55e52f77/operationresults/eyJqb2JJZCI6IlJFU09VUkNFR1JPVVBERUxFVElPTkpPQi1SR1NURzY3OTctRUFTVEFTSUEiLCJqb2JMb2NhdGlvbiI6ImVhc3Rhc2lhIn0?api-version=2016-02-01"
        ],
        "Retry-After": [
          "15"
        ],
        "x-ms-ratelimit-remaining-subscription-reads": [
          "14990"
        ],
        "x-ms-request-id": [
          "db7a3497-66c7-467a-8e6f-119fc5d18a7b"
        ],
        "x-ms-correlation-request-id": [
          "db7a3497-66c7-467a-8e6f-119fc5d18a7b"
        ],
        "x-ms-routing-request-id": [
          "WESTUS:20170911T183846Z:db7a3497-66c7-467a-8e6f-119fc5d18a7b"
        ],
        "Strict-Transport-Security": [
          "max-age=31536000; includeSubDomains"
        ]
      },
      "StatusCode": 202
    },
    {
      "RequestUri": "/subscriptions/c549f475-dee8-428c-bb19-829a55e52f77/operationresults/eyJqb2JJZCI6IlJFU09VUkNFR1JPVVBERUxFVElPTkpPQi1SR1NURzY3OTctRUFTVEFTSUEiLCJqb2JMb2NhdGlvbiI6ImVhc3Rhc2lhIn0?api-version=2016-02-01",
      "EncodedRequestUri": "L3N1YnNjcmlwdGlvbnMvYzU0OWY0NzUtZGVlOC00MjhjLWJiMTktODI5YTU1ZTUyZjc3L29wZXJhdGlvbnJlc3VsdHMvZXlKcWIySkpaQ0k2SWxKRlUwOVZVa05GUjFKUFZWQkVSVXhGVkVsUFRrcFBRaTFTUjFOVVJ6WTNPVGN0UlVGVFZFRlRTVUVpTENKcWIySk1iMk5oZEdsdmJpSTZJbVZoYzNSaGMybGhJbjA/YXBpLXZlcnNpb249MjAxNi0wMi0wMQ==",
      "RequestMethod": "GET",
      "RequestBody": "",
      "RequestHeaders": {
        "User-Agent": [
          "FxVersion/4.6.25211.01",
          "Microsoft.Azure.Management.ResourceManager.Fluent.ResourceManagementClient/1.2.0.0",
          "MacAddressHash/a2f3915311cd096504c6ee9e881fdd3a8a3bab508b6d90033e6e1c1d58b62fed"
        ]
      },
      "ResponseBody": "",
      "ResponseHeaders": {
        "Content-Length": [
          "0"
        ],
        "Expires": [
          "-1"
        ],
        "Cache-Control": [
          "no-cache"
        ],
        "Date": [
          "Mon, 11 Sep 2017 18:39:16 GMT"
        ],
        "Pragma": [
          "no-cache"
        ],
        "x-ms-ratelimit-remaining-subscription-reads": [
          "14989"
        ],
        "x-ms-request-id": [
          "4f040086-8619-4729-a0ee-621aa88784c7"
        ],
        "x-ms-correlation-request-id": [
          "4f040086-8619-4729-a0ee-621aa88784c7"
        ],
        "x-ms-routing-request-id": [
          "WESTUS:20170911T183916Z:4f040086-8619-4729-a0ee-621aa88784c7"
        ],
        "Strict-Transport-Security": [
          "max-age=31536000; includeSubDomains"
        ]
      },
      "StatusCode": 200
    }
  ],
  "Names": {
    "CanCRUDBatchAccounts": [
      "rgstg6797",
      "batchaccount9633",
      "sa9090"
    ]
  },
  "Variables": {
    "ServicePrincipal": "4c660ecb-cff1-401f-9d6e-047022d2b5e3",
    "AADTenant": "72f988bf-86f1-41af-91ab-2d7cd011db47",
    "SubscriptionId": "c549f475-dee8-428c-bb19-829a55e52f77"
  }
}