{
  "Entries": [
    {
      "RequestUri": "/subscriptions/1c638cf4-608f-4ee6-b680-c329e824c3a8/resourcegroups/rg3bd2803135?api-version=2017-05-10",
      "EncodedRequestUri": "L3N1YnNjcmlwdGlvbnMvMWM2MzhjZjQtNjA4Zi00ZWU2LWI2ODAtYzMyOWU4MjRjM2E4L3Jlc291cmNlZ3JvdXBzL3JnM2JkMjgwMzEzNT9hcGktdmVyc2lvbj0yMDE3LTA1LTEw",
      "RequestMethod": "PUT",
      "RequestBody": "{\r\n  \"location\": \"eastus\"\r\n}",
      "RequestHeaders": {
        "x-ms-client-request-id": [
          "034498c7-6dcc-4425-8e76-ab5bd7f47ee4"
        ],
        "Accept-Language": [
          "en-US"
        ],
        "User-Agent": [
          "FxVersion/4.6.27817.01",
          "OSName/Windows",
          "OSVersion/Microsoft.Windows.10.0.18362.",
          "Microsoft.Azure.Management.ResourceManager.Fluent.ResourceManagementClient/1.0.0.60",
          "MacAddressHash/2b019342529cf08e23dc59175b92f4f300dd563beaff92e2305c16e4d94ed825"
        ],
        "Content-Type": [
          "application/json; charset=utf-8"
        ],
        "Content-Length": [
          "28"
        ]
      },
      "ResponseHeaders": {
        "Cache-Control": [
          "no-cache"
        ],
        "Pragma": [
          "no-cache"
        ],
        "x-ms-ratelimit-remaining-subscription-writes": [
          "1197"
        ],
        "x-ms-request-id": [
          "7ad9c895-eb08-490c-8655-baf89860109a"
        ],
        "x-ms-correlation-request-id": [
          "7ad9c895-eb08-490c-8655-baf89860109a"
        ],
        "x-ms-routing-request-id": [
          "SOUTHEASTASIA:20190718T015842Z:7ad9c895-eb08-490c-8655-baf89860109a"
        ],
        "Strict-Transport-Security": [
          "max-age=31536000; includeSubDomains"
        ],
        "X-Content-Type-Options": [
          "nosniff"
        ],
        "Date": [
          "Thu, 18 Jul 2019 01:58:42 GMT"
        ],
        "Content-Length": [
          "177"
        ],
        "Content-Type": [
          "application/json; charset=utf-8"
        ],
        "Expires": [
          "-1"
        ]
      },
      "ResponseBody": "{\r\n  \"id\": \"/subscriptions/1c638cf4-608f-4ee6-b680-c329e824c3a8/resourceGroups/rg3bd2803135\",\r\n  \"name\": \"rg3bd2803135\",\r\n  \"location\": \"eastus\",\r\n  \"properties\": {\r\n    \"provisioningState\": \"Succeeded\"\r\n  }\r\n}",
      "StatusCode": 201
    },
    {
      "RequestUri": "/subscriptions/1c638cf4-608f-4ee6-b680-c329e824c3a8/resourceGroups/rg3bd2803135/providers/Microsoft.Compute/disks/dsk7b39395375?api-version=2018-09-30",
      "EncodedRequestUri": "L3N1YnNjcmlwdGlvbnMvMWM2MzhjZjQtNjA4Zi00ZWU2LWI2ODAtYzMyOWU4MjRjM2E4L3Jlc291cmNlR3JvdXBzL3JnM2JkMjgwMzEzNS9wcm92aWRlcnMvTWljcm9zb2Z0LkNvbXB1dGUvZGlza3MvZHNrN2IzOTM5NTM3NT9hcGktdmVyc2lvbj0yMDE4LTA5LTMw",
      "RequestMethod": "PUT",
      "RequestBody": "{\r\n  \"properties\": {\r\n    \"creationData\": {\r\n      \"createOption\": \"Empty\"\r\n    },\r\n    \"diskSizeGB\": 100\r\n  },\r\n  \"location\": \"eastus\",\r\n  \"tags\": {}\r\n}",
      "RequestHeaders": {
        "x-ms-client-request-id": [
          "f5aa5c8c-1111-4950-8129-549e78987756"
        ],
        "Accept-Language": [
          "en-US"
        ],
        "User-Agent": [
          "FxVersion/4.6.27817.01",
          "OSName/Windows",
          "OSVersion/Microsoft.Windows.10.0.18362.",
          "Microsoft.Azure.Management.Compute.Fluent.ComputeManagementClient/1.0.0.60",
          "MacAddressHash/2b019342529cf08e23dc59175b92f4f300dd563beaff92e2305c16e4d94ed825"
        ],
        "Content-Type": [
          "application/json; charset=utf-8"
        ],
        "Content-Length": [
          "153"
        ]
      },
      "ResponseHeaders": {
        "Cache-Control": [
          "no-cache"
        ],
        "Pragma": [
          "no-cache"
        ],
        "Location": [
          "https://management.azure.com/subscriptions/1c638cf4-608f-4ee6-b680-c329e824c3a8/providers/Microsoft.Compute/locations/eastus/DiskOperations/478a77c0-c320-4a31-911d-e768b496a32d?monitor=true&api-version=2018-09-30"
        ],
        "Azure-AsyncOperation": [
          "https://management.azure.com/subscriptions/1c638cf4-608f-4ee6-b680-c329e824c3a8/providers/Microsoft.Compute/locations/eastus/DiskOperations/478a77c0-c320-4a31-911d-e768b496a32d?api-version=2018-09-30"
        ],
        "x-ms-ratelimit-remaining-resource": [
          "Microsoft.Compute/CreateUpdateDisks3Min;999,Microsoft.Compute/CreateUpdateDisks30Min;7997"
        ],
        "Strict-Transport-Security": [
          "max-age=31536000; includeSubDomains"
        ],
        "x-ms-served-by": [
          "e84f52be-7482-4745-a859-3ed3483699e0_132064309001940026"
        ],
        "x-ms-request-id": [
          "478a77c0-c320-4a31-911d-e768b496a32d"
        ],
        "Server": [
          "Microsoft-HTTPAPI/2.0",
          "Microsoft-HTTPAPI/2.0"
        ],
        "x-ms-ratelimit-remaining-subscription-writes": [
          "1196"
        ],
        "x-ms-correlation-request-id": [
          "a848e43e-dae6-4b49-8c27-90c2ba967750"
        ],
        "x-ms-routing-request-id": [
          "SOUTHEASTASIA:20190718T015844Z:a848e43e-dae6-4b49-8c27-90c2ba967750"
        ],
        "X-Content-Type-Options": [
          "nosniff"
        ],
        "Date": [
          "Thu, 18 Jul 2019 01:58:44 GMT"
        ],
        "Content-Length": [
          "247"
        ],
        "Content-Type": [
          "application/json; charset=utf-8"
        ],
        "Expires": [
          "-1"
        ]
      },
      "ResponseBody": "{\r\n  \"properties\": {\r\n    \"creationData\": {\r\n      \"createOption\": \"Empty\"\r\n    },\r\n    \"diskSizeGB\": 100,\r\n    \"provisioningState\": \"Updating\",\r\n    \"isArmResource\": true\r\n  },\r\n  \"location\": \"eastus\",\r\n  \"tags\": {},\r\n  \"name\": \"dsk7b39395375\"\r\n}",
      "StatusCode": 202
    },
    {
      "RequestUri": "/subscriptions/1c638cf4-608f-4ee6-b680-c329e824c3a8/resourceGroups/rg3bd2803135/providers/Microsoft.Storage/storageAccounts/st78c5840149?api-version=2018-11-01",
      "EncodedRequestUri": "L3N1YnNjcmlwdGlvbnMvMWM2MzhjZjQtNjA4Zi00ZWU2LWI2ODAtYzMyOWU4MjRjM2E4L3Jlc291cmNlR3JvdXBzL3JnM2JkMjgwMzEzNS9wcm92aWRlcnMvTWljcm9zb2Z0LlN0b3JhZ2Uvc3RvcmFnZUFjY291bnRzL3N0NzhjNTg0MDE0OT9hcGktdmVyc2lvbj0yMDE4LTExLTAx",
      "RequestMethod": "PUT",
      "RequestBody": "{\r\n  \"sku\": {\r\n    \"name\": \"Standard_GRS\"\r\n  },\r\n  \"kind\": \"Storage\",\r\n  \"location\": \"eastus\",\r\n  \"tags\": {}\r\n}",
      "RequestHeaders": {
        "x-ms-client-request-id": [
          "7133f5d4-e6f7-4421-ac7b-2205dff65442"
        ],
        "Accept-Language": [
          "en-US"
        ],
        "User-Agent": [
          "FxVersion/4.6.27817.01",
          "OSName/Windows",
          "OSVersion/Microsoft.Windows.10.0.18362.",
          "Microsoft.Azure.Management.Storage.Fluent.StorageManagementClient/1.0.0.60",
          "MacAddressHash/2b019342529cf08e23dc59175b92f4f300dd563beaff92e2305c16e4d94ed825"
        ],
        "Content-Type": [
          "application/json; charset=utf-8"
        ],
        "Content-Length": [
          "111"
        ]
      },
      "ResponseHeaders": {
        "Cache-Control": [
          "no-cache"
        ],
        "Pragma": [
          "no-cache"
        ],
        "Location": [
          "https://management.azure.com/subscriptions/1c638cf4-608f-4ee6-b680-c329e824c3a8/providers/Microsoft.Storage/locations/eastus/asyncoperations/12f6743b-a056-4e5a-8642-325a0e01494d?monitor=true&api-version=2018-11-01"
        ],
        "Retry-After": [
          "17"
        ],
        "x-ms-request-id": [
          "12f6743b-a056-4e5a-8642-325a0e01494d"
        ],
        "Strict-Transport-Security": [
          "max-age=31536000; includeSubDomains"
        ],
        "Server": [
          "Microsoft-Azure-Storage-Resource-Provider/1.0,Microsoft-HTTPAPI/2.0 Microsoft-HTTPAPI/2.0"
        ],
        "x-ms-ratelimit-remaining-subscription-writes": [
          "1196"
        ],
        "x-ms-correlation-request-id": [
          "d72a9550-82bf-42ea-bd99-f7236a87f5f1"
        ],
        "x-ms-routing-request-id": [
          "SOUTHEASTASIA:20190718T015846Z:d72a9550-82bf-42ea-bd99-f7236a87f5f1"
        ],
        "X-Content-Type-Options": [
          "nosniff"
        ],
        "Date": [
          "Thu, 18 Jul 2019 01:58:45 GMT"
        ],
        "Content-Type": [
          "text/plain; charset=utf-8"
        ],
        "Expires": [
          "-1"
        ],
        "Content-Length": [
          "0"
        ]
      },
      "ResponseBody": "",
      "StatusCode": 202
    },
    {
      "RequestUri": "/subscriptions/1c638cf4-608f-4ee6-b680-c329e824c3a8/resourceGroups/rg3bd2803135/providers/Microsoft.Network/virtualNetworks/netfd864377b6?api-version=2018-04-01",
      "EncodedRequestUri": "L3N1YnNjcmlwdGlvbnMvMWM2MzhjZjQtNjA4Zi00ZWU2LWI2ODAtYzMyOWU4MjRjM2E4L3Jlc291cmNlR3JvdXBzL3JnM2JkMjgwMzEzNS9wcm92aWRlcnMvTWljcm9zb2Z0Lk5ldHdvcmsvdmlydHVhbE5ldHdvcmtzL25ldGZkODY0Mzc3YjY/YXBpLXZlcnNpb249MjAxOC0wNC0wMQ==",
      "RequestMethod": "PUT",
      "RequestBody": "{\r\n  \"properties\": {\r\n    \"addressSpace\": {\r\n      \"addressPrefixes\": [\r\n        \"10.0.0.0/28\"\r\n      ]\r\n    },\r\n    \"dhcpOptions\": {\r\n      \"dnsServers\": []\r\n    },\r\n    \"subnets\": [\r\n      {\r\n        \"properties\": {\r\n          \"addressPrefix\": \"10.0.0.0/28\"\r\n        },\r\n        \"name\": \"subnet1\"\r\n      }\r\n    ]\r\n  },\r\n  \"location\": \"eastus\",\r\n  \"tags\": {}\r\n}",
      "RequestHeaders": {
        "x-ms-client-request-id": [
          "b285cd54-f611-4485-aa2c-92aaa8710fdb"
        ],
        "Accept-Language": [
          "en-US"
        ],
        "User-Agent": [
          "FxVersion/4.6.27817.01",
          "OSName/Windows",
          "OSVersion/Microsoft.Windows.10.0.18362.",
          "Microsoft.Azure.Management.Network.Fluent.NetworkManagementClient/1.0.0.60",
          "MacAddressHash/2b019342529cf08e23dc59175b92f4f300dd563beaff92e2305c16e4d94ed825"
        ],
        "Content-Type": [
          "application/json; charset=utf-8"
        ],
        "Content-Length": [
          "362"
        ]
      },
      "ResponseHeaders": {
        "Cache-Control": [
          "no-cache"
        ],
        "Pragma": [
          "no-cache"
        ],
        "Retry-After": [
          "3"
        ],
        "x-ms-request-id": [
          "e2bb6139-f687-4e13-9dd3-0ff75f49c196"
        ],
        "Azure-AsyncOperation": [
          "https://management.azure.com/subscriptions/1c638cf4-608f-4ee6-b680-c329e824c3a8/providers/Microsoft.Network/locations/eastus/operations/e2bb6139-f687-4e13-9dd3-0ff75f49c196?api-version=2018-04-01"
        ],
        "x-ms-correlation-request-id": [
          "0db9ae59-d815-4451-928a-71a9ea932bc0"
        ],
        "x-ms-arm-service-request-id": [
          "9aee747c-5198-49b6-99c6-43e29acc5a02"
        ],
        "Strict-Transport-Security": [
          "max-age=31536000; includeSubDomains"
        ],
        "Server": [
          "Microsoft-HTTPAPI/2.0",
          "Microsoft-HTTPAPI/2.0"
        ],
        "x-ms-ratelimit-remaining-subscription-writes": [
          "1195"
        ],
        "x-ms-routing-request-id": [
          "SOUTHEASTASIA:20190718T015846Z:0db9ae59-d815-4451-928a-71a9ea932bc0"
        ],
        "X-Content-Type-Options": [
          "nosniff"
        ],
        "Date": [
          "Thu, 18 Jul 2019 01:58:46 GMT"
        ],
        "Content-Length": [
          "1220"
        ],
        "Content-Type": [
          "application/json; charset=utf-8"
        ],
        "Expires": [
          "-1"
        ]
      },
      "ResponseBody": "{\r\n  \"name\": \"netfd864377b6\",\r\n  \"id\": \"/subscriptions/1c638cf4-608f-4ee6-b680-c329e824c3a8/resourceGroups/rg3bd2803135/providers/Microsoft.Network/virtualNetworks/netfd864377b6\",\r\n  \"etag\": \"W/\\\"bb1840fa-7c64-4ce5-81ea-d1adf1a31acd\\\"\",\r\n  \"type\": \"Microsoft.Network/virtualNetworks\",\r\n  \"location\": \"eastus\",\r\n  \"tags\": {},\r\n  \"properties\": {\r\n    \"provisioningState\": \"Updating\",\r\n    \"resourceGuid\": \"5c6b0e0e-7809-4191-a59c-5d84156705e8\",\r\n    \"addressSpace\": {\r\n      \"addressPrefixes\": [\r\n        \"10.0.0.0/28\"\r\n      ]\r\n    },\r\n    \"dhcpOptions\": {\r\n      \"dnsServers\": []\r\n    },\r\n    \"subnets\": [\r\n      {\r\n        \"name\": \"subnet1\",\r\n        \"id\": \"/subscriptions/1c638cf4-608f-4ee6-b680-c329e824c3a8/resourceGroups/rg3bd2803135/providers/Microsoft.Network/virtualNetworks/netfd864377b6/subnets/subnet1\",\r\n        \"etag\": \"W/\\\"bb1840fa-7c64-4ce5-81ea-d1adf1a31acd\\\"\",\r\n        \"properties\": {\r\n          \"provisioningState\": \"Updating\",\r\n          \"addressPrefix\": \"10.0.0.0/28\",\r\n          \"delegations\": []\r\n        },\r\n        \"type\": \"Microsoft.Network/virtualNetworks/subnets\"\r\n      }\r\n    ],\r\n    \"virtualNetworkPeerings\": [],\r\n    \"enableDdosProtection\": false,\r\n    \"enableVmProtection\": false\r\n  }\r\n}",
      "StatusCode": 201
    },
    {
      "RequestUri": "/subscriptions/1c638cf4-608f-4ee6-b680-c329e824c3a8/providers/Microsoft.Network/locations/eastus/operations/e2bb6139-f687-4e13-9dd3-0ff75f49c196?api-version=2018-04-01",
      "EncodedRequestUri": "L3N1YnNjcmlwdGlvbnMvMWM2MzhjZjQtNjA4Zi00ZWU2LWI2ODAtYzMyOWU4MjRjM2E4L3Byb3ZpZGVycy9NaWNyb3NvZnQuTmV0d29yay9sb2NhdGlvbnMvZWFzdHVzL29wZXJhdGlvbnMvZTJiYjYxMzktZjY4Ny00ZTEzLTlkZDMtMGZmNzVmNDljMTk2P2FwaS12ZXJzaW9uPTIwMTgtMDQtMDE=",
      "RequestMethod": "GET",
      "RequestBody": "",
      "RequestHeaders": {
        "User-Agent": [
          "FxVersion/4.6.27817.01",
          "OSName/Windows",
          "OSVersion/Microsoft.Windows.10.0.18362.",
          "Microsoft.Azure.Management.Network.Fluent.NetworkManagementClient/1.0.0.60",
          "MacAddressHash/2b019342529cf08e23dc59175b92f4f300dd563beaff92e2305c16e4d94ed825"
        ]
      },
      "ResponseHeaders": {
        "Cache-Control": [
          "no-cache"
        ],
        "Pragma": [
          "no-cache"
        ],
        "x-ms-request-id": [
          "8d50b9a9-5016-4358-ae36-27fc5dd92ab6"
        ],
        "x-ms-correlation-request-id": [
          "82b2ca03-7a48-4274-8aed-6c46bc02b57b"
        ],
        "x-ms-arm-service-request-id": [
          "69ff35e8-1f5f-4a48-acb3-4bb28fcc4e5a"
        ],
        "Strict-Transport-Security": [
          "max-age=31536000; includeSubDomains"
        ],
        "Server": [
          "Microsoft-HTTPAPI/2.0",
          "Microsoft-HTTPAPI/2.0"
        ],
        "x-ms-ratelimit-remaining-subscription-reads": [
          "11993"
        ],
        "x-ms-routing-request-id": [
          "SOUTHEASTASIA:20190718T015850Z:82b2ca03-7a48-4274-8aed-6c46bc02b57b"
        ],
        "X-Content-Type-Options": [
          "nosniff"
        ],
        "Date": [
          "Thu, 18 Jul 2019 01:58:50 GMT"
        ],
        "Content-Length": [
          "29"
        ],
        "Content-Type": [
          "application/json; charset=utf-8"
        ],
        "Expires": [
          "-1"
        ]
      },
      "ResponseBody": "{\r\n  \"status\": \"Succeeded\"\r\n}",
      "StatusCode": 200
    },
    {
      "RequestUri": "/subscriptions/1c638cf4-608f-4ee6-b680-c329e824c3a8/resourceGroups/rg3bd2803135/providers/Microsoft.Network/virtualNetworks/netfd864377b6?api-version=2018-04-01",
      "EncodedRequestUri": "L3N1YnNjcmlwdGlvbnMvMWM2MzhjZjQtNjA4Zi00ZWU2LWI2ODAtYzMyOWU4MjRjM2E4L3Jlc291cmNlR3JvdXBzL3JnM2JkMjgwMzEzNS9wcm92aWRlcnMvTWljcm9zb2Z0Lk5ldHdvcmsvdmlydHVhbE5ldHdvcmtzL25ldGZkODY0Mzc3YjY/YXBpLXZlcnNpb249MjAxOC0wNC0wMQ==",
      "RequestMethod": "GET",
      "RequestBody": "",
      "RequestHeaders": {
        "User-Agent": [
          "FxVersion/4.6.27817.01",
          "OSName/Windows",
          "OSVersion/Microsoft.Windows.10.0.18362.",
          "Microsoft.Azure.Management.Network.Fluent.NetworkManagementClient/1.0.0.60",
          "MacAddressHash/2b019342529cf08e23dc59175b92f4f300dd563beaff92e2305c16e4d94ed825"
        ]
      },
      "ResponseHeaders": {
        "Cache-Control": [
          "no-cache"
        ],
        "Pragma": [
          "no-cache"
        ],
        "ETag": [
          "W/\"fb75becd-dbf6-4b6c-84eb-edbd28f3f476\""
        ],
        "x-ms-request-id": [
          "2cf5e2d4-f2a6-4be0-845d-f770cd5718be"
        ],
        "x-ms-correlation-request-id": [
          "41a5b2b1-8d3c-4c1f-a903-e3f37ac6d8ca"
        ],
        "x-ms-arm-service-request-id": [
          "c21c3f5f-b7b1-4ae0-984a-7533f71fa390"
        ],
        "Strict-Transport-Security": [
          "max-age=31536000; includeSubDomains"
        ],
        "Server": [
          "Microsoft-HTTPAPI/2.0",
          "Microsoft-HTTPAPI/2.0"
        ],
        "x-ms-ratelimit-remaining-subscription-reads": [
          "11992"
        ],
        "x-ms-routing-request-id": [
          "SOUTHEASTASIA:20190718T015851Z:41a5b2b1-8d3c-4c1f-a903-e3f37ac6d8ca"
        ],
        "X-Content-Type-Options": [
          "nosniff"
        ],
        "Date": [
          "Thu, 18 Jul 2019 01:58:50 GMT"
        ],
        "Content-Length": [
          "1222"
        ],
        "Content-Type": [
          "application/json; charset=utf-8"
        ],
        "Expires": [
          "-1"
        ]
      },
      "ResponseBody": "{\r\n  \"name\": \"netfd864377b6\",\r\n  \"id\": \"/subscriptions/1c638cf4-608f-4ee6-b680-c329e824c3a8/resourceGroups/rg3bd2803135/providers/Microsoft.Network/virtualNetworks/netfd864377b6\",\r\n  \"etag\": \"W/\\\"fb75becd-dbf6-4b6c-84eb-edbd28f3f476\\\"\",\r\n  \"type\": \"Microsoft.Network/virtualNetworks\",\r\n  \"location\": \"eastus\",\r\n  \"tags\": {},\r\n  \"properties\": {\r\n    \"provisioningState\": \"Succeeded\",\r\n    \"resourceGuid\": \"5c6b0e0e-7809-4191-a59c-5d84156705e8\",\r\n    \"addressSpace\": {\r\n      \"addressPrefixes\": [\r\n        \"10.0.0.0/28\"\r\n      ]\r\n    },\r\n    \"dhcpOptions\": {\r\n      \"dnsServers\": []\r\n    },\r\n    \"subnets\": [\r\n      {\r\n        \"name\": \"subnet1\",\r\n        \"id\": \"/subscriptions/1c638cf4-608f-4ee6-b680-c329e824c3a8/resourceGroups/rg3bd2803135/providers/Microsoft.Network/virtualNetworks/netfd864377b6/subnets/subnet1\",\r\n        \"etag\": \"W/\\\"fb75becd-dbf6-4b6c-84eb-edbd28f3f476\\\"\",\r\n        \"properties\": {\r\n          \"provisioningState\": \"Succeeded\",\r\n          \"addressPrefix\": \"10.0.0.0/28\",\r\n          \"delegations\": []\r\n        },\r\n        \"type\": \"Microsoft.Network/virtualNetworks/subnets\"\r\n      }\r\n    ],\r\n    \"virtualNetworkPeerings\": [],\r\n    \"enableDdosProtection\": false,\r\n    \"enableVmProtection\": false\r\n  }\r\n}",
      "StatusCode": 200
    },
    {
      "RequestUri": "/subscriptions/1c638cf4-608f-4ee6-b680-c329e824c3a8/resourceGroups/rg3bd2803135/providers/Microsoft.Network/virtualNetworks/netfd864377b6?api-version=2018-04-01",
      "EncodedRequestUri": "L3N1YnNjcmlwdGlvbnMvMWM2MzhjZjQtNjA4Zi00ZWU2LWI2ODAtYzMyOWU4MjRjM2E4L3Jlc291cmNlR3JvdXBzL3JnM2JkMjgwMzEzNS9wcm92aWRlcnMvTWljcm9zb2Z0Lk5ldHdvcmsvdmlydHVhbE5ldHdvcmtzL25ldGZkODY0Mzc3YjY/YXBpLXZlcnNpb249MjAxOC0wNC0wMQ==",
      "RequestMethod": "GET",
      "RequestBody": "",
      "RequestHeaders": {
        "x-ms-client-request-id": [
          "3cf36965-8c31-408f-9834-d52fff3c0838"
        ],
        "Accept-Language": [
          "en-US"
        ],
        "User-Agent": [
          "FxVersion/4.6.27817.01",
          "OSName/Windows",
          "OSVersion/Microsoft.Windows.10.0.18362.",
          "Microsoft.Azure.Management.Network.Fluent.NetworkManagementClient/1.0.0.60",
          "MacAddressHash/2b019342529cf08e23dc59175b92f4f300dd563beaff92e2305c16e4d94ed825"
        ]
      },
      "ResponseHeaders": {
        "Cache-Control": [
          "no-cache"
        ],
        "Pragma": [
          "no-cache"
        ],
        "ETag": [
          "W/\"341bf87e-8b1e-4ff9-8e2b-8072af38167c\""
        ],
        "x-ms-request-id": [
          "baf2cb02-f420-4849-bf13-4d13c4c59568"
        ],
        "x-ms-correlation-request-id": [
          "04384ded-c17d-49bb-90ec-492efdd6576d"
        ],
        "x-ms-arm-service-request-id": [
          "648ad04a-2cc4-496a-bc7f-5ed9afc99ca7"
        ],
        "Strict-Transport-Security": [
          "max-age=31536000; includeSubDomains"
        ],
        "Server": [
          "Microsoft-HTTPAPI/2.0",
          "Microsoft-HTTPAPI/2.0"
        ],
        "x-ms-ratelimit-remaining-subscription-reads": [
          "11987"
        ],
        "x-ms-routing-request-id": [
          "SOUTHEASTASIA:20190718T020241Z:04384ded-c17d-49bb-90ec-492efdd6576d"
        ],
        "X-Content-Type-Options": [
          "nosniff"
        ],
        "Date": [
          "Thu, 18 Jul 2019 02:02:41 GMT"
        ],
        "Content-Length": [
          "1715"
        ],
        "Content-Type": [
          "application/json; charset=utf-8"
        ],
        "Expires": [
          "-1"
        ]
      },
      "ResponseBody": "{\r\n  \"name\": \"netfd864377b6\",\r\n  \"id\": \"/subscriptions/1c638cf4-608f-4ee6-b680-c329e824c3a8/resourceGroups/rg3bd2803135/providers/Microsoft.Network/virtualNetworks/netfd864377b6\",\r\n  \"etag\": \"W/\\\"341bf87e-8b1e-4ff9-8e2b-8072af38167c\\\"\",\r\n  \"type\": \"Microsoft.Network/virtualNetworks\",\r\n  \"location\": \"eastus\",\r\n  \"tags\": {},\r\n  \"properties\": {\r\n    \"provisioningState\": \"Succeeded\",\r\n    \"resourceGuid\": \"5c6b0e0e-7809-4191-a59c-5d84156705e8\",\r\n    \"addressSpace\": {\r\n      \"addressPrefixes\": [\r\n        \"10.0.0.0/28\"\r\n      ]\r\n    },\r\n    \"dhcpOptions\": {\r\n      \"dnsServers\": []\r\n    },\r\n    \"subnets\": [\r\n      {\r\n        \"name\": \"subnet1\",\r\n        \"id\": \"/subscriptions/1c638cf4-608f-4ee6-b680-c329e824c3a8/resourceGroups/rg3bd2803135/providers/Microsoft.Network/virtualNetworks/netfd864377b6/subnets/subnet1\",\r\n        \"etag\": \"W/\\\"341bf87e-8b1e-4ff9-8e2b-8072af38167c\\\"\",\r\n        \"properties\": {\r\n          \"provisioningState\": \"Succeeded\",\r\n          \"addressPrefix\": \"10.0.0.0/28\",\r\n          \"networkSecurityGroup\": {\r\n            \"id\": \"/subscriptions/1c638cf4-608f-4ee6-b680-c329e824c3a8/resourceGroups/cleanupservice/providers/Microsoft.Network/networkSecurityGroups/rg-cleanupservice-nsg1\"\r\n          },\r\n          \"ipConfigurations\": [\r\n            {\r\n              \"id\": \"/subscriptions/1c638cf4-608f-4ee6-b680-c329e824c3a8/resourceGroups/rg3bd2803135/providers/Microsoft.Network/networkInterfaces/nic5539048a73a/ipConfigurations/primary\"\r\n            }\r\n          ],\r\n          \"delegations\": []\r\n        },\r\n        \"type\": \"Microsoft.Network/virtualNetworks/subnets\"\r\n      }\r\n    ],\r\n    \"virtualNetworkPeerings\": [],\r\n    \"enableDdosProtection\": false,\r\n    \"enableVmProtection\": false\r\n  }\r\n}",
      "StatusCode": 200
    },
    {
      "RequestUri": "/subscriptions/1c638cf4-608f-4ee6-b680-c329e824c3a8/resourceGroups/rg3bd2803135/providers/Microsoft.Network/networkInterfaces/nic5539048a73a?api-version=2018-04-01",
      "EncodedRequestUri": "L3N1YnNjcmlwdGlvbnMvMWM2MzhjZjQtNjA4Zi00ZWU2LWI2ODAtYzMyOWU4MjRjM2E4L3Jlc291cmNlR3JvdXBzL3JnM2JkMjgwMzEzNS9wcm92aWRlcnMvTWljcm9zb2Z0Lk5ldHdvcmsvbmV0d29ya0ludGVyZmFjZXMvbmljNTUzOTA0OGE3M2E/YXBpLXZlcnNpb249MjAxOC0wNC0wMQ==",
      "RequestMethod": "PUT",
      "RequestBody": "{\r\n  \"properties\": {\r\n    \"ipConfigurations\": [\r\n      {\r\n        \"properties\": {\r\n          \"privateIPAllocationMethod\": \"Dynamic\",\r\n          \"subnet\": {\r\n            \"id\": \"/subscriptions/1c638cf4-608f-4ee6-b680-c329e824c3a8/resourceGroups/rg3bd2803135/providers/Microsoft.Network/virtualNetworks/netfd864377b6/subnets/subnet1\"\r\n          },\r\n          \"primary\": true\r\n        },\r\n        \"name\": \"primary\"\r\n      }\r\n    ],\r\n    \"dnsSettings\": {}\r\n  },\r\n  \"location\": \"eastus\",\r\n  \"tags\": {}\r\n}",
      "RequestHeaders": {
        "x-ms-client-request-id": [
          "e778646f-6ea1-4751-80df-cbbf45facfe2"
        ],
        "Accept-Language": [
          "en-US"
        ],
        "User-Agent": [
          "FxVersion/4.6.27817.01",
          "OSName/Windows",
          "OSVersion/Microsoft.Windows.10.0.18362.",
          "Microsoft.Azure.Management.Network.Fluent.NetworkManagementClient/1.0.0.60",
          "MacAddressHash/2b019342529cf08e23dc59175b92f4f300dd563beaff92e2305c16e4d94ed825"
        ],
        "Content-Type": [
          "application/json; charset=utf-8"
        ],
        "Content-Length": [
          "498"
        ]
      },
      "ResponseHeaders": {
        "Cache-Control": [
          "no-cache"
        ],
        "Pragma": [
          "no-cache"
        ],
        "x-ms-request-id": [
          "ea567a4f-dc85-412e-802b-e0d417fc72db"
        ],
        "Azure-AsyncOperation": [
          "https://management.azure.com/subscriptions/1c638cf4-608f-4ee6-b680-c329e824c3a8/providers/Microsoft.Network/locations/eastus/operations/ea567a4f-dc85-412e-802b-e0d417fc72db?api-version=2018-04-01"
        ],
        "x-ms-correlation-request-id": [
          "47498d81-354c-4b0e-958f-49aeaaac5b86"
        ],
        "x-ms-arm-service-request-id": [
          "a493958d-58ad-402a-931f-192c7600c43e"
        ],
        "Strict-Transport-Security": [
          "max-age=31536000; includeSubDomains"
        ],
        "Server": [
          "Microsoft-HTTPAPI/2.0",
          "Microsoft-HTTPAPI/2.0"
        ],
        "x-ms-ratelimit-remaining-subscription-writes": [
          "1195"
        ],
        "x-ms-routing-request-id": [
          "SOUTHEASTASIA:20190718T015853Z:47498d81-354c-4b0e-958f-49aeaaac5b86"
        ],
        "X-Content-Type-Options": [
          "nosniff"
        ],
        "Date": [
          "Thu, 18 Jul 2019 01:58:53 GMT"
        ],
        "Content-Length": [
          "1570"
        ],
        "Content-Type": [
          "application/json; charset=utf-8"
        ],
        "Expires": [
          "-1"
        ]
      },
      "ResponseBody": "{\r\n  \"name\": \"nic5539048a73a\",\r\n  \"id\": \"/subscriptions/1c638cf4-608f-4ee6-b680-c329e824c3a8/resourceGroups/rg3bd2803135/providers/Microsoft.Network/networkInterfaces/nic5539048a73a\",\r\n  \"etag\": \"W/\\\"e5f2b51a-8144-4706-8f4f-0879a910c60c\\\"\",\r\n  \"location\": \"eastus\",\r\n  \"tags\": {},\r\n  \"properties\": {\r\n    \"provisioningState\": \"Succeeded\",\r\n    \"resourceGuid\": \"092b5649-30c4-41f2-9528-a58f164e5194\",\r\n    \"ipConfigurations\": [\r\n      {\r\n        \"name\": \"primary\",\r\n        \"id\": \"/subscriptions/1c638cf4-608f-4ee6-b680-c329e824c3a8/resourceGroups/rg3bd2803135/providers/Microsoft.Network/networkInterfaces/nic5539048a73a/ipConfigurations/primary\",\r\n        \"etag\": \"W/\\\"e5f2b51a-8144-4706-8f4f-0879a910c60c\\\"\",\r\n        \"type\": \"Microsoft.Network/networkInterfaces/ipConfigurations\",\r\n        \"properties\": {\r\n          \"provisioningState\": \"Succeeded\",\r\n          \"privateIPAddress\": \"10.0.0.4\",\r\n          \"privateIPAllocationMethod\": \"Dynamic\",\r\n          \"subnet\": {\r\n            \"id\": \"/subscriptions/1c638cf4-608f-4ee6-b680-c329e824c3a8/resourceGroups/rg3bd2803135/providers/Microsoft.Network/virtualNetworks/netfd864377b6/subnets/subnet1\"\r\n          },\r\n          \"primary\": true,\r\n          \"privateIPAddressVersion\": \"IPv4\"\r\n        }\r\n      }\r\n    ],\r\n    \"dnsSettings\": {\r\n      \"dnsServers\": [],\r\n      \"appliedDnsServers\": [],\r\n      \"internalDomainNameSuffix\": \"byhgwxajpciudjm2lwcbkzyf3a.bx.internal.cloudapp.net\"\r\n    },\r\n    \"enableAcceleratedNetworking\": false,\r\n    \"enableIPForwarding\": false\r\n  },\r\n  \"type\": \"Microsoft.Network/networkInterfaces\"\r\n}",
      "StatusCode": 201
    },
    {
      "RequestUri": "/subscriptions/1c638cf4-608f-4ee6-b680-c329e824c3a8/resourceGroups/rg3bd2803135/providers/Microsoft.Network/networkInterfaces/nic5539048a73a?api-version=2018-04-01",
      "EncodedRequestUri": "L3N1YnNjcmlwdGlvbnMvMWM2MzhjZjQtNjA4Zi00ZWU2LWI2ODAtYzMyOWU4MjRjM2E4L3Jlc291cmNlR3JvdXBzL3JnM2JkMjgwMzEzNS9wcm92aWRlcnMvTWljcm9zb2Z0Lk5ldHdvcmsvbmV0d29ya0ludGVyZmFjZXMvbmljNTUzOTA0OGE3M2E/YXBpLXZlcnNpb249MjAxOC0wNC0wMQ==",
      "RequestMethod": "GET",
      "RequestBody": "",
      "RequestHeaders": {
        "User-Agent": [
          "FxVersion/4.6.27817.01",
          "OSName/Windows",
          "OSVersion/Microsoft.Windows.10.0.18362.",
          "Microsoft.Azure.Management.Network.Fluent.NetworkManagementClient/1.0.0.60",
          "MacAddressHash/2b019342529cf08e23dc59175b92f4f300dd563beaff92e2305c16e4d94ed825"
        ]
      },
      "ResponseHeaders": {
        "Cache-Control": [
          "no-cache"
        ],
        "Pragma": [
          "no-cache"
        ],
        "ETag": [
          "W/\"e5f2b51a-8144-4706-8f4f-0879a910c60c\""
        ],
        "x-ms-request-id": [
          "175b19b7-f90a-4143-9b22-16c23450bf7e"
        ],
        "x-ms-correlation-request-id": [
          "7a8f139d-1420-4d78-9ed7-b409b51dd89b"
        ],
        "x-ms-arm-service-request-id": [
          "81bc5108-41f2-47d1-b9d7-e7dc1feb4b61"
        ],
        "Strict-Transport-Security": [
          "max-age=31536000; includeSubDomains"
        ],
        "Server": [
          "Microsoft-HTTPAPI/2.0",
          "Microsoft-HTTPAPI/2.0"
        ],
        "x-ms-ratelimit-remaining-subscription-reads": [
          "11996"
        ],
        "x-ms-routing-request-id": [
          "SOUTHEASTASIA:20190718T015854Z:7a8f139d-1420-4d78-9ed7-b409b51dd89b"
        ],
        "X-Content-Type-Options": [
          "nosniff"
        ],
        "Date": [
          "Thu, 18 Jul 2019 01:58:53 GMT"
        ],
        "Content-Length": [
          "1570"
        ],
        "Content-Type": [
          "application/json; charset=utf-8"
        ],
        "Expires": [
          "-1"
        ]
      },
      "ResponseBody": "{\r\n  \"name\": \"nic5539048a73a\",\r\n  \"id\": \"/subscriptions/1c638cf4-608f-4ee6-b680-c329e824c3a8/resourceGroups/rg3bd2803135/providers/Microsoft.Network/networkInterfaces/nic5539048a73a\",\r\n  \"etag\": \"W/\\\"e5f2b51a-8144-4706-8f4f-0879a910c60c\\\"\",\r\n  \"location\": \"eastus\",\r\n  \"tags\": {},\r\n  \"properties\": {\r\n    \"provisioningState\": \"Succeeded\",\r\n    \"resourceGuid\": \"092b5649-30c4-41f2-9528-a58f164e5194\",\r\n    \"ipConfigurations\": [\r\n      {\r\n        \"name\": \"primary\",\r\n        \"id\": \"/subscriptions/1c638cf4-608f-4ee6-b680-c329e824c3a8/resourceGroups/rg3bd2803135/providers/Microsoft.Network/networkInterfaces/nic5539048a73a/ipConfigurations/primary\",\r\n        \"etag\": \"W/\\\"e5f2b51a-8144-4706-8f4f-0879a910c60c\\\"\",\r\n        \"type\": \"Microsoft.Network/networkInterfaces/ipConfigurations\",\r\n        \"properties\": {\r\n          \"provisioningState\": \"Succeeded\",\r\n          \"privateIPAddress\": \"10.0.0.4\",\r\n          \"privateIPAllocationMethod\": \"Dynamic\",\r\n          \"subnet\": {\r\n            \"id\": \"/subscriptions/1c638cf4-608f-4ee6-b680-c329e824c3a8/resourceGroups/rg3bd2803135/providers/Microsoft.Network/virtualNetworks/netfd864377b6/subnets/subnet1\"\r\n          },\r\n          \"primary\": true,\r\n          \"privateIPAddressVersion\": \"IPv4\"\r\n        }\r\n      }\r\n    ],\r\n    \"dnsSettings\": {\r\n      \"dnsServers\": [],\r\n      \"appliedDnsServers\": [],\r\n      \"internalDomainNameSuffix\": \"byhgwxajpciudjm2lwcbkzyf3a.bx.internal.cloudapp.net\"\r\n    },\r\n    \"enableAcceleratedNetworking\": false,\r\n    \"enableIPForwarding\": false\r\n  },\r\n  \"type\": \"Microsoft.Network/networkInterfaces\"\r\n}",
      "StatusCode": 200
    },
    {
      "RequestUri": "/subscriptions/1c638cf4-608f-4ee6-b680-c329e824c3a8/resourceGroups/rg3bd2803135/providers/Microsoft.Network/networkInterfaces/nic5539048a73a?api-version=2018-04-01",
      "EncodedRequestUri": "L3N1YnNjcmlwdGlvbnMvMWM2MzhjZjQtNjA4Zi00ZWU2LWI2ODAtYzMyOWU4MjRjM2E4L3Jlc291cmNlR3JvdXBzL3JnM2JkMjgwMzEzNS9wcm92aWRlcnMvTWljcm9zb2Z0Lk5ldHdvcmsvbmV0d29ya0ludGVyZmFjZXMvbmljNTUzOTA0OGE3M2E/YXBpLXZlcnNpb249MjAxOC0wNC0wMQ==",
      "RequestMethod": "GET",
      "RequestBody": "",
      "RequestHeaders": {
        "x-ms-client-request-id": [
          "59820fa9-2437-43e9-90dd-7e33b9935086"
        ],
        "Accept-Language": [
          "en-US"
        ],
        "User-Agent": [
          "FxVersion/4.6.27817.01",
          "OSName/Windows",
          "OSVersion/Microsoft.Windows.10.0.18362.",
          "Microsoft.Azure.Management.Network.Fluent.NetworkManagementClient/1.0.0.60",
          "MacAddressHash/2b019342529cf08e23dc59175b92f4f300dd563beaff92e2305c16e4d94ed825"
        ]
      },
      "ResponseHeaders": {
        "Cache-Control": [
          "no-cache"
        ],
        "Pragma": [
          "no-cache"
        ],
        "ETag": [
          "W/\"54649258-acde-47c6-a9d1-9963b0df8fff\""
        ],
        "x-ms-request-id": [
          "1a8f84cd-1bea-4552-8f8d-ab04db99042f"
        ],
        "x-ms-correlation-request-id": [
          "c71243fb-4189-4d7c-8719-da318fd3eeaf"
        ],
        "x-ms-arm-service-request-id": [
          "f433fc0d-ebdb-4e0e-95fa-e05de561890b"
        ],
        "Strict-Transport-Security": [
          "max-age=31536000; includeSubDomains"
        ],
        "Server": [
          "Microsoft-HTTPAPI/2.0",
          "Microsoft-HTTPAPI/2.0"
        ],
        "x-ms-ratelimit-remaining-subscription-reads": [
          "11988"
        ],
        "x-ms-routing-request-id": [
          "SOUTHEASTASIA:20190718T020241Z:c71243fb-4189-4d7c-8719-da318fd3eeaf"
        ],
        "X-Content-Type-Options": [
          "nosniff"
        ],
        "Date": [
          "Thu, 18 Jul 2019 02:02:40 GMT"
        ],
        "Content-Length": [
          "1817"
        ],
        "Content-Type": [
          "application/json; charset=utf-8"
        ],
        "Expires": [
          "-1"
        ]
      },
      "ResponseBody": "{\r\n  \"name\": \"nic5539048a73a\",\r\n  \"id\": \"/subscriptions/1c638cf4-608f-4ee6-b680-c329e824c3a8/resourceGroups/rg3bd2803135/providers/Microsoft.Network/networkInterfaces/nic5539048a73a\",\r\n  \"etag\": \"W/\\\"54649258-acde-47c6-a9d1-9963b0df8fff\\\"\",\r\n  \"location\": \"eastus\",\r\n  \"tags\": {},\r\n  \"properties\": {\r\n    \"provisioningState\": \"Succeeded\",\r\n    \"resourceGuid\": \"092b5649-30c4-41f2-9528-a58f164e5194\",\r\n    \"ipConfigurations\": [\r\n      {\r\n        \"name\": \"primary\",\r\n        \"id\": \"/subscriptions/1c638cf4-608f-4ee6-b680-c329e824c3a8/resourceGroups/rg3bd2803135/providers/Microsoft.Network/networkInterfaces/nic5539048a73a/ipConfigurations/primary\",\r\n        \"etag\": \"W/\\\"54649258-acde-47c6-a9d1-9963b0df8fff\\\"\",\r\n        \"type\": \"Microsoft.Network/networkInterfaces/ipConfigurations\",\r\n        \"properties\": {\r\n          \"provisioningState\": \"Succeeded\",\r\n          \"privateIPAddress\": \"10.0.0.4\",\r\n          \"privateIPAllocationMethod\": \"Dynamic\",\r\n          \"subnet\": {\r\n            \"id\": \"/subscriptions/1c638cf4-608f-4ee6-b680-c329e824c3a8/resourceGroups/rg3bd2803135/providers/Microsoft.Network/virtualNetworks/netfd864377b6/subnets/subnet1\"\r\n          },\r\n          \"primary\": true,\r\n          \"privateIPAddressVersion\": \"IPv4\"\r\n        }\r\n      }\r\n    ],\r\n    \"dnsSettings\": {\r\n      \"dnsServers\": [],\r\n      \"appliedDnsServers\": [],\r\n      \"internalDomainNameSuffix\": \"byhgwxajpciudjm2lwcbkzyf3a.bx.internal.cloudapp.net\"\r\n    },\r\n    \"macAddress\": \"00-0D-3A-4E-D1-52\",\r\n    \"enableAcceleratedNetworking\": false,\r\n    \"enableIPForwarding\": false,\r\n    \"primary\": true,\r\n    \"virtualMachine\": {\r\n      \"id\": \"/subscriptions/1c638cf4-608f-4ee6-b680-c329e824c3a8/resourceGroups/rg3bd2803135/providers/Microsoft.Compute/virtualMachines/vm6086872948\"\r\n    }\r\n  },\r\n  \"type\": \"Microsoft.Network/networkInterfaces\"\r\n}",
      "StatusCode": 200
    },
    {
      "RequestUri": "/subscriptions/1c638cf4-608f-4ee6-b680-c329e824c3a8/resourceGroups/rg3bd2803135/providers/Microsoft.Compute/virtualMachines/vm6086872948?api-version=2019-03-01",
      "EncodedRequestUri": "L3N1YnNjcmlwdGlvbnMvMWM2MzhjZjQtNjA4Zi00ZWU2LWI2ODAtYzMyOWU4MjRjM2E4L3Jlc291cmNlR3JvdXBzL3JnM2JkMjgwMzEzNS9wcm92aWRlcnMvTWljcm9zb2Z0LkNvbXB1dGUvdmlydHVhbE1hY2hpbmVzL3ZtNjA4Njg3Mjk0OD9hcGktdmVyc2lvbj0yMDE5LTAzLTAx",
      "RequestMethod": "PUT",
      "RequestBody": "{\r\n  \"properties\": {\r\n    \"hardwareProfile\": {\r\n      \"vmSize\": \"Basic_A1\"\r\n    },\r\n    \"storageProfile\": {\r\n      \"imageReference\": {\r\n        \"publisher\": \"MicrosoftWindowsServer\",\r\n        \"offer\": \"WindowsServer\",\r\n        \"sku\": \"2012-R2-Datacenter\",\r\n        \"version\": \"latest\"\r\n      },\r\n      \"osDisk\": {\r\n        \"caching\": \"ReadWrite\",\r\n        \"createOption\": \"FromImage\",\r\n        \"managedDisk\": {\r\n          \"storageAccountType\": \"Standard_LRS\"\r\n        }\r\n      }\r\n    },\r\n    \"osProfile\": {\r\n      \"computerName\": \"vm6086872948\",\r\n      \"adminUsername\": \"tester\",\r\n      \"adminPassword\": \"p@s90b18158b\",\r\n      \"windowsConfiguration\": {\r\n        \"provisionVMAgent\": true,\r\n        \"enableAutomaticUpdates\": true\r\n      }\r\n    },\r\n    \"networkProfile\": {\r\n      \"networkInterfaces\": [\r\n        {\r\n          \"properties\": {\r\n            \"primary\": true\r\n          },\r\n          \"id\": \"/subscriptions/1c638cf4-608f-4ee6-b680-c329e824c3a8/resourceGroups/rg3bd2803135/providers/Microsoft.Network/networkInterfaces/nic5539048a73a\"\r\n        }\r\n      ]\r\n    }\r\n  },\r\n  \"location\": \"eastus\",\r\n  \"tags\": {}\r\n}",
      "RequestHeaders": {
        "x-ms-client-request-id": [
          "a3efdbc4-e9fe-43da-9d05-eec4dcd001c2"
        ],
        "Accept-Language": [
          "en-US"
        ],
        "User-Agent": [
          "FxVersion/4.6.27817.01",
          "OSName/Windows",
          "OSVersion/Microsoft.Windows.10.0.18362.",
          "Microsoft.Azure.Management.Compute.Fluent.ComputeManagementClient/1.0.0.60",
          "MacAddressHash/2b019342529cf08e23dc59175b92f4f300dd563beaff92e2305c16e4d94ed825"
        ],
        "Content-Type": [
          "application/json; charset=utf-8"
        ],
        "Content-Length": [
          "1115"
        ]
      },
      "ResponseHeaders": {
        "Cache-Control": [
          "no-cache"
        ],
        "Pragma": [
          "no-cache"
        ],
        "Retry-After": [
          "10"
        ],
        "Azure-AsyncOperation": [
          "https://management.azure.com/subscriptions/1c638cf4-608f-4ee6-b680-c329e824c3a8/providers/Microsoft.Compute/locations/eastus/operations/dfe0722d-2759-4837-8adc-c9d84181737d?api-version=2019-03-01"
        ],
        "Azure-AsyncNotification": [
          "Enabled"
        ],
        "x-ms-ratelimit-remaining-resource": [
          "Microsoft.Compute/PutVM3Min;239,Microsoft.Compute/PutVM30Min;1197"
        ],
        "Strict-Transport-Security": [
          "max-age=31536000; includeSubDomains"
        ],
        "x-ms-request-id": [
          "dfe0722d-2759-4837-8adc-c9d84181737d"
        ],
        "Server": [
          "Microsoft-HTTPAPI/2.0",
          "Microsoft-HTTPAPI/2.0"
        ],
        "x-ms-ratelimit-remaining-subscription-writes": [
          "1194"
        ],
        "x-ms-correlation-request-id": [
          "3a68ed18-ffde-4951-9612-c775396e0a83"
        ],
        "x-ms-routing-request-id": [
          "SOUTHEASTASIA:20190718T015857Z:3a68ed18-ffde-4951-9612-c775396e0a83"
        ],
        "X-Content-Type-Options": [
          "nosniff"
        ],
        "Date": [
          "Thu, 18 Jul 2019 01:58:57 GMT"
        ],
        "Content-Length": [
          "1455"
        ],
        "Content-Type": [
          "application/json; charset=utf-8"
        ],
        "Expires": [
          "-1"
        ]
      },
      "ResponseBody": "{\r\n  \"name\": \"vm6086872948\",\r\n  \"id\": \"/subscriptions/1c638cf4-608f-4ee6-b680-c329e824c3a8/resourceGroups/rg3bd2803135/providers/Microsoft.Compute/virtualMachines/vm6086872948\",\r\n  \"type\": \"Microsoft.Compute/virtualMachines\",\r\n  \"location\": \"eastus\",\r\n  \"tags\": {},\r\n  \"properties\": {\r\n    \"vmId\": \"6aa87c90-32c1-4300-94f3-a33be406fee9\",\r\n    \"hardwareProfile\": {\r\n      \"vmSize\": \"Basic_A1\"\r\n    },\r\n    \"storageProfile\": {\r\n      \"imageReference\": {\r\n        \"publisher\": \"MicrosoftWindowsServer\",\r\n        \"offer\": \"WindowsServer\",\r\n        \"sku\": \"2012-R2-Datacenter\",\r\n        \"version\": \"latest\"\r\n      },\r\n      \"osDisk\": {\r\n        \"osType\": \"Windows\",\r\n        \"createOption\": \"FromImage\",\r\n        \"caching\": \"ReadWrite\",\r\n        \"managedDisk\": {\r\n          \"storageAccountType\": \"Standard_LRS\"\r\n        }\r\n      },\r\n      \"dataDisks\": []\r\n    },\r\n    \"osProfile\": {\r\n      \"computerName\": \"vm6086872948\",\r\n      \"adminUsername\": \"tester\",\r\n      \"windowsConfiguration\": {\r\n        \"provisionVMAgent\": true,\r\n        \"enableAutomaticUpdates\": true\r\n      },\r\n      \"secrets\": [],\r\n      \"allowExtensionOperations\": true,\r\n      \"requireGuestProvisionSignal\": true\r\n    },\r\n    \"networkProfile\": {\r\n      \"networkInterfaces\": [\r\n        {\r\n          \"id\": \"/subscriptions/1c638cf4-608f-4ee6-b680-c329e824c3a8/resourceGroups/rg3bd2803135/providers/Microsoft.Network/networkInterfaces/nic5539048a73a\",\r\n          \"properties\": {\r\n            \"primary\": true\r\n          }\r\n        }\r\n      ]\r\n    },\r\n    \"provisioningState\": \"Creating\"\r\n  }\r\n}",
      "StatusCode": 201
    },
    {
      "RequestUri": "/subscriptions/1c638cf4-608f-4ee6-b680-c329e824c3a8/providers/Microsoft.Storage/locations/eastus/asyncoperations/12f6743b-a056-4e5a-8642-325a0e01494d?monitor=true&api-version=2018-11-01",
      "EncodedRequestUri": "L3N1YnNjcmlwdGlvbnMvMWM2MzhjZjQtNjA4Zi00ZWU2LWI2ODAtYzMyOWU4MjRjM2E4L3Byb3ZpZGVycy9NaWNyb3NvZnQuU3RvcmFnZS9sb2NhdGlvbnMvZWFzdHVzL2FzeW5jb3BlcmF0aW9ucy8xMmY2NzQzYi1hMDU2LTRlNWEtODY0Mi0zMjVhMGUwMTQ5NGQ/bW9uaXRvcj10cnVlJmFwaS12ZXJzaW9uPTIwMTgtMTEtMDE=",
      "RequestMethod": "GET",
      "RequestBody": "",
      "RequestHeaders": {
        "User-Agent": [
          "FxVersion/4.6.27817.01",
          "OSName/Windows",
          "OSVersion/Microsoft.Windows.10.0.18362.",
          "Microsoft.Azure.Management.Storage.Fluent.StorageManagementClient/1.0.0.60",
          "MacAddressHash/2b019342529cf08e23dc59175b92f4f300dd563beaff92e2305c16e4d94ed825"
        ]
      },
      "ResponseHeaders": {
        "Cache-Control": [
          "no-cache"
        ],
        "Pragma": [
          "no-cache"
        ],
        "x-ms-request-id": [
          "69e99ec2-b273-47ee-810b-b12604534906"
        ],
        "Strict-Transport-Security": [
          "max-age=31536000; includeSubDomains"
        ],
        "Server": [
          "Microsoft-Azure-Storage-Resource-Provider/1.0,Microsoft-HTTPAPI/2.0 Microsoft-HTTPAPI/2.0"
        ],
        "x-ms-ratelimit-remaining-subscription-reads": [
          "11993"
        ],
        "x-ms-correlation-request-id": [
          "9c6b5ca2-431e-49e0-bc96-1467e9dc23c8"
        ],
        "x-ms-routing-request-id": [
          "SOUTHEASTASIA:20190718T015903Z:9c6b5ca2-431e-49e0-bc96-1467e9dc23c8"
        ],
        "X-Content-Type-Options": [
          "nosniff"
        ],
        "Date": [
          "Thu, 18 Jul 2019 01:59:02 GMT"
        ],
        "Content-Length": [
          "1095"
        ],
        "Content-Type": [
          "application/json"
        ],
        "Expires": [
          "-1"
        ]
      },
      "ResponseBody": "{\r\n  \"sku\": {\r\n    \"name\": \"Standard_GRS\",\r\n    \"tier\": \"Standard\"\r\n  },\r\n  \"kind\": \"Storage\",\r\n  \"id\": \"/subscriptions/1c638cf4-608f-4ee6-b680-c329e824c3a8/resourceGroups/rg3bd2803135/providers/Microsoft.Storage/storageAccounts/st78c5840149\",\r\n  \"name\": \"st78c5840149\",\r\n  \"type\": \"Microsoft.Storage/storageAccounts\",\r\n  \"location\": \"eastus\",\r\n  \"tags\": {},\r\n  \"properties\": {\r\n    \"networkAcls\": {\r\n      \"bypass\": \"AzureServices\",\r\n      \"virtualNetworkRules\": [],\r\n      \"ipRules\": [],\r\n      \"defaultAction\": \"Allow\"\r\n    },\r\n    \"supportsHttpsTrafficOnly\": false,\r\n    \"encryption\": {\r\n      \"services\": {\r\n        \"file\": {\r\n          \"enabled\": true,\r\n          \"lastEnabledTime\": \"2019-07-18T01:58:45.7263571Z\"\r\n        },\r\n        \"blob\": {\r\n          \"enabled\": true,\r\n          \"lastEnabledTime\": \"2019-07-18T01:58:45.7263571Z\"\r\n        }\r\n      },\r\n      \"keySource\": \"Microsoft.Storage\"\r\n    },\r\n    \"provisioningState\": \"Succeeded\",\r\n    \"creationTime\": \"2019-07-18T01:58:45.5701211Z\",\r\n    \"primaryEndpoints\": {\r\n      \"blob\": \"https://st78c5840149.blob.core.windows.net/\",\r\n      \"queue\": \"https://st78c5840149.queue.core.windows.net/\",\r\n      \"table\": \"https://st78c5840149.table.core.windows.net/\",\r\n      \"file\": \"https://st78c5840149.file.core.windows.net/\"\r\n    },\r\n    \"primaryLocation\": \"eastus\",\r\n    \"statusOfPrimary\": \"available\",\r\n    \"secondaryLocation\": \"westus\",\r\n    \"statusOfSecondary\": \"available\"\r\n  }\r\n}",
      "StatusCode": 200
    },
    {
      "RequestUri": "/subscriptions/1c638cf4-608f-4ee6-b680-c329e824c3a8/resourceGroups/rg3bd2803135/providers/Microsoft.Storage/storageAccounts/st78c5840149?api-version=2018-11-01",
      "EncodedRequestUri": "L3N1YnNjcmlwdGlvbnMvMWM2MzhjZjQtNjA4Zi00ZWU2LWI2ODAtYzMyOWU4MjRjM2E4L3Jlc291cmNlR3JvdXBzL3JnM2JkMjgwMzEzNS9wcm92aWRlcnMvTWljcm9zb2Z0LlN0b3JhZ2Uvc3RvcmFnZUFjY291bnRzL3N0NzhjNTg0MDE0OT9hcGktdmVyc2lvbj0yMDE4LTExLTAx",
      "RequestMethod": "GET",
      "RequestBody": "",
      "RequestHeaders": {
        "x-ms-client-request-id": [
          "22ad1d01-7eb3-4fa6-8840-8aa18619a040"
        ],
        "Accept-Language": [
          "en-US"
        ],
        "User-Agent": [
          "FxVersion/4.6.27817.01",
          "OSName/Windows",
          "OSVersion/Microsoft.Windows.10.0.18362.",
          "Microsoft.Azure.Management.Storage.Fluent.StorageManagementClient/1.0.0.60",
          "MacAddressHash/2b019342529cf08e23dc59175b92f4f300dd563beaff92e2305c16e4d94ed825"
        ]
      },
      "ResponseHeaders": {
        "Cache-Control": [
          "no-cache"
        ],
        "Pragma": [
          "no-cache"
        ],
        "x-ms-request-id": [
          "57b14cf8-ae2c-40e4-9f11-98fd9e5d4e29"
        ],
        "Strict-Transport-Security": [
          "max-age=31536000; includeSubDomains"
        ],
        "Server": [
          "Microsoft-Azure-Storage-Resource-Provider/1.0,Microsoft-HTTPAPI/2.0 Microsoft-HTTPAPI/2.0"
        ],
        "x-ms-ratelimit-remaining-subscription-reads": [
          "11992"
        ],
        "x-ms-correlation-request-id": [
          "2d17fe0d-52d5-4f61-ab0d-0c2c36af12f0"
        ],
        "x-ms-routing-request-id": [
          "SOUTHEASTASIA:20190718T015903Z:2d17fe0d-52d5-4f61-ab0d-0c2c36af12f0"
        ],
        "X-Content-Type-Options": [
          "nosniff"
        ],
        "Date": [
          "Thu, 18 Jul 2019 01:59:02 GMT"
        ],
        "Content-Length": [
          "1095"
        ],
        "Content-Type": [
          "application/json"
        ],
        "Expires": [
          "-1"
        ]
      },
      "ResponseBody": "{\r\n  \"sku\": {\r\n    \"name\": \"Standard_GRS\",\r\n    \"tier\": \"Standard\"\r\n  },\r\n  \"kind\": \"Storage\",\r\n  \"id\": \"/subscriptions/1c638cf4-608f-4ee6-b680-c329e824c3a8/resourceGroups/rg3bd2803135/providers/Microsoft.Storage/storageAccounts/st78c5840149\",\r\n  \"name\": \"st78c5840149\",\r\n  \"type\": \"Microsoft.Storage/storageAccounts\",\r\n  \"location\": \"eastus\",\r\n  \"tags\": {},\r\n  \"properties\": {\r\n    \"networkAcls\": {\r\n      \"bypass\": \"AzureServices\",\r\n      \"virtualNetworkRules\": [],\r\n      \"ipRules\": [],\r\n      \"defaultAction\": \"Allow\"\r\n    },\r\n    \"supportsHttpsTrafficOnly\": false,\r\n    \"encryption\": {\r\n      \"services\": {\r\n        \"file\": {\r\n          \"enabled\": true,\r\n          \"lastEnabledTime\": \"2019-07-18T01:58:45.7263571Z\"\r\n        },\r\n        \"blob\": {\r\n          \"enabled\": true,\r\n          \"lastEnabledTime\": \"2019-07-18T01:58:45.7263571Z\"\r\n        }\r\n      },\r\n      \"keySource\": \"Microsoft.Storage\"\r\n    },\r\n    \"provisioningState\": \"Succeeded\",\r\n    \"creationTime\": \"2019-07-18T01:58:45.5701211Z\",\r\n    \"primaryEndpoints\": {\r\n      \"blob\": \"https://st78c5840149.blob.core.windows.net/\",\r\n      \"queue\": \"https://st78c5840149.queue.core.windows.net/\",\r\n      \"table\": \"https://st78c5840149.table.core.windows.net/\",\r\n      \"file\": \"https://st78c5840149.file.core.windows.net/\"\r\n    },\r\n    \"primaryLocation\": \"eastus\",\r\n    \"statusOfPrimary\": \"available\",\r\n    \"secondaryLocation\": \"westus\",\r\n    \"statusOfSecondary\": \"available\"\r\n  }\r\n}",
      "StatusCode": 200
    },
    {
      "RequestUri": "/subscriptions/1c638cf4-608f-4ee6-b680-c329e824c3a8/providers/Microsoft.Compute/locations/eastus/operations/dfe0722d-2759-4837-8adc-c9d84181737d?api-version=2019-03-01",
      "EncodedRequestUri": "L3N1YnNjcmlwdGlvbnMvMWM2MzhjZjQtNjA4Zi00ZWU2LWI2ODAtYzMyOWU4MjRjM2E4L3Byb3ZpZGVycy9NaWNyb3NvZnQuQ29tcHV0ZS9sb2NhdGlvbnMvZWFzdHVzL29wZXJhdGlvbnMvZGZlMDcyMmQtMjc1OS00ODM3LThhZGMtYzlkODQxODE3MzdkP2FwaS12ZXJzaW9uPTIwMTktMDMtMDE=",
      "RequestMethod": "GET",
      "RequestBody": "",
      "RequestHeaders": {
        "User-Agent": [
          "FxVersion/4.6.27817.01",
          "OSName/Windows",
          "OSVersion/Microsoft.Windows.10.0.18362.",
          "Microsoft.Azure.Management.Compute.Fluent.ComputeManagementClient/1.0.0.60",
          "MacAddressHash/2b019342529cf08e23dc59175b92f4f300dd563beaff92e2305c16e4d94ed825"
        ]
      },
      "ResponseHeaders": {
        "Cache-Control": [
          "no-cache"
        ],
        "Pragma": [
          "no-cache"
        ],
        "Retry-After": [
          "70"
        ],
        "x-ms-ratelimit-remaining-resource": [
          "Microsoft.Compute/GetOperation3Min;14996,Microsoft.Compute/GetOperation30Min;29961"
        ],
        "Strict-Transport-Security": [
          "max-age=31536000; includeSubDomains"
        ],
        "x-ms-request-id": [
          "f1fd6337-e2e9-4191-9787-a1185ea599f2"
        ],
        "Server": [
          "Microsoft-HTTPAPI/2.0",
          "Microsoft-HTTPAPI/2.0"
        ],
        "x-ms-ratelimit-remaining-subscription-reads": [
          "11995"
        ],
        "x-ms-correlation-request-id": [
          "c57ee115-dc84-4c94-b7f9-4063f73efe21"
        ],
        "x-ms-routing-request-id": [
          "SOUTHEASTASIA:20190718T015907Z:c57ee115-dc84-4c94-b7f9-4063f73efe21"
        ],
        "X-Content-Type-Options": [
          "nosniff"
        ],
        "Date": [
          "Thu, 18 Jul 2019 01:59:07 GMT"
        ],
        "Content-Length": [
          "134"
        ],
        "Content-Type": [
          "application/json; charset=utf-8"
        ],
        "Expires": [
          "-1"
        ]
      },
      "ResponseBody": "{\r\n  \"startTime\": \"2019-07-18T09:58:56.3200214+08:00\",\r\n  \"status\": \"InProgress\",\r\n  \"name\": \"dfe0722d-2759-4837-8adc-c9d84181737d\"\r\n}",
      "StatusCode": 200
    },
    {
      "RequestUri": "/subscriptions/1c638cf4-608f-4ee6-b680-c329e824c3a8/providers/Microsoft.Compute/locations/eastus/operations/dfe0722d-2759-4837-8adc-c9d84181737d?api-version=2019-03-01",
      "EncodedRequestUri": "L3N1YnNjcmlwdGlvbnMvMWM2MzhjZjQtNjA4Zi00ZWU2LWI2ODAtYzMyOWU4MjRjM2E4L3Byb3ZpZGVycy9NaWNyb3NvZnQuQ29tcHV0ZS9sb2NhdGlvbnMvZWFzdHVzL29wZXJhdGlvbnMvZGZlMDcyMmQtMjc1OS00ODM3LThhZGMtYzlkODQxODE3MzdkP2FwaS12ZXJzaW9uPTIwMTktMDMtMDE=",
      "RequestMethod": "GET",
      "RequestBody": "",
      "RequestHeaders": {
        "User-Agent": [
          "FxVersion/4.6.27817.01",
          "OSName/Windows",
          "OSVersion/Microsoft.Windows.10.0.18362.",
          "Microsoft.Azure.Management.Compute.Fluent.ComputeManagementClient/1.0.0.60",
          "MacAddressHash/2b019342529cf08e23dc59175b92f4f300dd563beaff92e2305c16e4d94ed825"
        ]
      },
      "ResponseHeaders": {
        "Cache-Control": [
          "no-cache"
        ],
        "Pragma": [
          "no-cache"
        ],
        "x-ms-ratelimit-remaining-resource": [
          "Microsoft.Compute/GetOperation3Min;14994,Microsoft.Compute/GetOperation30Min;29960"
        ],
        "Strict-Transport-Security": [
          "max-age=31536000; includeSubDomains"
        ],
        "x-ms-request-id": [
          "006ae1a1-2299-4473-82c5-007c0b568d8e"
        ],
        "Server": [
          "Microsoft-HTTPAPI/2.0",
          "Microsoft-HTTPAPI/2.0"
        ],
        "x-ms-ratelimit-remaining-subscription-reads": [
          "11992"
        ],
        "x-ms-correlation-request-id": [
          "a73310ba-6342-4804-89be-4363fecf0f75"
        ],
        "x-ms-routing-request-id": [
          "SOUTHEASTASIA:20190718T020018Z:a73310ba-6342-4804-89be-4363fecf0f75"
        ],
        "X-Content-Type-Options": [
          "nosniff"
        ],
        "Date": [
          "Thu, 18 Jul 2019 02:00:18 GMT"
        ],
        "Content-Length": [
          "134"
        ],
        "Content-Type": [
          "application/json; charset=utf-8"
        ],
        "Expires": [
          "-1"
        ]
      },
      "ResponseBody": "{\r\n  \"startTime\": \"2019-07-18T09:58:56.3200214+08:00\",\r\n  \"status\": \"InProgress\",\r\n  \"name\": \"dfe0722d-2759-4837-8adc-c9d84181737d\"\r\n}",
      "StatusCode": 200
    },
    {
      "RequestUri": "/subscriptions/1c638cf4-608f-4ee6-b680-c329e824c3a8/providers/Microsoft.Compute/locations/eastus/operations/dfe0722d-2759-4837-8adc-c9d84181737d?api-version=2019-03-01",
      "EncodedRequestUri": "L3N1YnNjcmlwdGlvbnMvMWM2MzhjZjQtNjA4Zi00ZWU2LWI2ODAtYzMyOWU4MjRjM2E4L3Byb3ZpZGVycy9NaWNyb3NvZnQuQ29tcHV0ZS9sb2NhdGlvbnMvZWFzdHVzL29wZXJhdGlvbnMvZGZlMDcyMmQtMjc1OS00ODM3LThhZGMtYzlkODQxODE3MzdkP2FwaS12ZXJzaW9uPTIwMTktMDMtMDE=",
      "RequestMethod": "GET",
      "RequestBody": "",
      "RequestHeaders": {
        "User-Agent": [
          "FxVersion/4.6.27817.01",
          "OSName/Windows",
          "OSVersion/Microsoft.Windows.10.0.18362.",
          "Microsoft.Azure.Management.Compute.Fluent.ComputeManagementClient/1.0.0.60",
          "MacAddressHash/2b019342529cf08e23dc59175b92f4f300dd563beaff92e2305c16e4d94ed825"
        ]
      },
      "ResponseHeaders": {
        "Cache-Control": [
          "no-cache"
        ],
        "Pragma": [
          "no-cache"
        ],
        "x-ms-ratelimit-remaining-resource": [
          "Microsoft.Compute/GetOperation3Min;14993,Microsoft.Compute/GetOperation30Min;29957"
        ],
        "Strict-Transport-Security": [
          "max-age=31536000; includeSubDomains"
        ],
        "x-ms-request-id": [
          "4e7ee00b-ffa2-4226-ab1e-6ee951d49fd7"
        ],
        "Server": [
          "Microsoft-HTTPAPI/2.0",
          "Microsoft-HTTPAPI/2.0"
        ],
        "x-ms-ratelimit-remaining-subscription-reads": [
          "11991"
        ],
        "x-ms-correlation-request-id": [
          "e359befc-597e-4053-9dc7-6d3c42df9e7c"
        ],
        "x-ms-routing-request-id": [
          "SOUTHEASTASIA:20190718T020129Z:e359befc-597e-4053-9dc7-6d3c42df9e7c"
        ],
        "X-Content-Type-Options": [
          "nosniff"
        ],
        "Date": [
          "Thu, 18 Jul 2019 02:01:28 GMT"
        ],
        "Content-Length": [
          "134"
        ],
        "Content-Type": [
          "application/json; charset=utf-8"
        ],
        "Expires": [
          "-1"
        ]
      },
      "ResponseBody": "{\r\n  \"startTime\": \"2019-07-18T09:58:56.3200214+08:00\",\r\n  \"status\": \"InProgress\",\r\n  \"name\": \"dfe0722d-2759-4837-8adc-c9d84181737d\"\r\n}",
      "StatusCode": 200
    },
    {
      "RequestUri": "/subscriptions/1c638cf4-608f-4ee6-b680-c329e824c3a8/providers/Microsoft.Compute/locations/eastus/operations/dfe0722d-2759-4837-8adc-c9d84181737d?api-version=2019-03-01",
      "EncodedRequestUri": "L3N1YnNjcmlwdGlvbnMvMWM2MzhjZjQtNjA4Zi00ZWU2LWI2ODAtYzMyOWU4MjRjM2E4L3Byb3ZpZGVycy9NaWNyb3NvZnQuQ29tcHV0ZS9sb2NhdGlvbnMvZWFzdHVzL29wZXJhdGlvbnMvZGZlMDcyMmQtMjc1OS00ODM3LThhZGMtYzlkODQxODE3MzdkP2FwaS12ZXJzaW9uPTIwMTktMDMtMDE=",
      "RequestMethod": "GET",
      "RequestBody": "",
      "RequestHeaders": {
        "User-Agent": [
          "FxVersion/4.6.27817.01",
          "OSName/Windows",
          "OSVersion/Microsoft.Windows.10.0.18362.",
          "Microsoft.Azure.Management.Compute.Fluent.ComputeManagementClient/1.0.0.60",
          "MacAddressHash/2b019342529cf08e23dc59175b92f4f300dd563beaff92e2305c16e4d94ed825"
        ]
      },
      "ResponseHeaders": {
        "Cache-Control": [
          "no-cache"
        ],
        "Pragma": [
          "no-cache"
        ],
        "x-ms-ratelimit-remaining-resource": [
          "Microsoft.Compute/GetOperation3Min;14989,Microsoft.Compute/GetOperation30Min;29951"
        ],
        "Strict-Transport-Security": [
          "max-age=31536000; includeSubDomains"
        ],
        "x-ms-request-id": [
          "52bc98c6-862d-4f1c-b2ec-de1bc99a58a3"
        ],
        "Server": [
          "Microsoft-HTTPAPI/2.0",
          "Microsoft-HTTPAPI/2.0"
        ],
        "x-ms-ratelimit-remaining-subscription-reads": [
          "11990"
        ],
        "x-ms-correlation-request-id": [
          "3930d3d7-b674-45ed-9c20-20755d1c2afa"
        ],
        "x-ms-routing-request-id": [
          "SOUTHEASTASIA:20190718T020239Z:3930d3d7-b674-45ed-9c20-20755d1c2afa"
        ],
        "X-Content-Type-Options": [
          "nosniff"
        ],
        "Date": [
          "Thu, 18 Jul 2019 02:02:39 GMT"
        ],
        "Content-Length": [
          "184"
        ],
        "Content-Type": [
          "application/json; charset=utf-8"
        ],
        "Expires": [
          "-1"
        ]
      },
      "ResponseBody": "{\r\n  \"startTime\": \"2019-07-18T09:58:56.3200214+08:00\",\r\n  \"endTime\": \"2019-07-18T10:02:20.2744674+08:00\",\r\n  \"status\": \"Succeeded\",\r\n  \"name\": \"dfe0722d-2759-4837-8adc-c9d84181737d\"\r\n}",
      "StatusCode": 200
    },
    {
      "RequestUri": "/subscriptions/1c638cf4-608f-4ee6-b680-c329e824c3a8/providers/Microsoft.Compute/locations/eastus/DiskOperations/478a77c0-c320-4a31-911d-e768b496a32d?api-version=2018-09-30",
      "EncodedRequestUri": "L3N1YnNjcmlwdGlvbnMvMWM2MzhjZjQtNjA4Zi00ZWU2LWI2ODAtYzMyOWU4MjRjM2E4L3Byb3ZpZGVycy9NaWNyb3NvZnQuQ29tcHV0ZS9sb2NhdGlvbnMvZWFzdHVzL0Rpc2tPcGVyYXRpb25zLzQ3OGE3N2MwLWMzMjAtNGEzMS05MTFkLWU3NjhiNDk2YTMyZD9hcGktdmVyc2lvbj0yMDE4LTA5LTMw",
      "RequestMethod": "GET",
      "RequestBody": "",
      "RequestHeaders": {
        "User-Agent": [
          "FxVersion/4.6.27817.01",
          "OSName/Windows",
          "OSVersion/Microsoft.Windows.10.0.18362.",
          "Microsoft.Azure.Management.Compute.Fluent.ComputeManagementClient/1.0.0.60",
          "MacAddressHash/2b019342529cf08e23dc59175b92f4f300dd563beaff92e2305c16e4d94ed825"
        ]
      },
      "ResponseHeaders": {
        "Cache-Control": [
          "no-cache"
        ],
        "Pragma": [
          "no-cache"
        ],
        "x-ms-ratelimit-remaining-resource": [
          "Microsoft.Compute/GetOperation3Min;49996,Microsoft.Compute/GetOperation30Min;399984"
        ],
        "Strict-Transport-Security": [
          "max-age=31536000; includeSubDomains"
        ],
        "x-ms-served-by": [
          "e84f52be-7482-4745-a859-3ed3483699e0_132064309001940026"
        ],
        "x-ms-request-id": [
          "85919286-706e-49a0-a507-ac6f488d4912"
        ],
        "Server": [
          "Microsoft-HTTPAPI/2.0",
          "Microsoft-HTTPAPI/2.0"
        ],
        "x-ms-ratelimit-remaining-subscription-reads": [
          "11994"
        ],
        "x-ms-correlation-request-id": [
          "a2cdfb24-693b-4151-b207-c97ed219939c"
        ],
        "x-ms-routing-request-id": [
          "SOUTHEASTASIA:20190718T015915Z:a2cdfb24-693b-4151-b207-c97ed219939c"
        ],
        "X-Content-Type-Options": [
          "nosniff"
        ],
        "Date": [
          "Thu, 18 Jul 2019 01:59:14 GMT"
        ],
        "Content-Length": [
          "721"
        ],
        "Content-Type": [
          "application/json; charset=utf-8"
        ],
        "Expires": [
          "-1"
        ]
      },
      "ResponseBody": "{\r\n  \"startTime\": \"2019-07-18T09:58:44.6321737+08:00\",\r\n  \"endTime\": \"2019-07-18T09:58:44.7415299+08:00\",\r\n  \"status\": \"Succeeded\",\r\n  \"properties\": {\r\n    \"output\": {\r\n      \"sku\": {\r\n        \"name\": \"Standard_LRS\",\r\n        \"tier\": \"Standard\"\r\n      },\r\n      \"properties\": {\r\n        \"creationData\": {\r\n          \"createOption\": \"Empty\"\r\n        },\r\n        \"diskSizeGB\": 100,\r\n        \"diskIOPSReadWrite\": 500,\r\n        \"diskMBpsReadWrite\": 60,\r\n        \"timeCreated\": \"2019-07-18T09:58:44.6321737+08:00\",\r\n        \"provisioningState\": \"Succeeded\",\r\n        \"diskState\": \"Unattached\"\r\n      },\r\n      \"type\": \"Microsoft.Compute/disks\",\r\n      \"location\": \"eastus\",\r\n      \"tags\": {},\r\n      \"id\": \"/subscriptions/1c638cf4-608f-4ee6-b680-c329e824c3a8/resourceGroups/rg3bd2803135/providers/Microsoft.Compute/disks/dsk7b39395375\",\r\n      \"name\": \"dsk7b39395375\"\r\n    }\r\n  },\r\n  \"name\": \"478a77c0-c320-4a31-911d-e768b496a32d\"\r\n}",
      "StatusCode": 200
    },
    {
      "RequestUri": "/subscriptions/1c638cf4-608f-4ee6-b680-c329e824c3a8/resourceGroups/rg3bd2803135/providers/Microsoft.Compute/disks/dsk7b39395375?api-version=2018-09-30",
      "EncodedRequestUri": "L3N1YnNjcmlwdGlvbnMvMWM2MzhjZjQtNjA4Zi00ZWU2LWI2ODAtYzMyOWU4MjRjM2E4L3Jlc291cmNlR3JvdXBzL3JnM2JkMjgwMzEzNS9wcm92aWRlcnMvTWljcm9zb2Z0LkNvbXB1dGUvZGlza3MvZHNrN2IzOTM5NTM3NT9hcGktdmVyc2lvbj0yMDE4LTA5LTMw",
      "RequestMethod": "GET",
      "RequestBody": "",
      "RequestHeaders": {
        "User-Agent": [
          "FxVersion/4.6.27817.01",
          "OSName/Windows",
          "OSVersion/Microsoft.Windows.10.0.18362.",
          "Microsoft.Azure.Management.Compute.Fluent.ComputeManagementClient/1.0.0.60",
          "MacAddressHash/2b019342529cf08e23dc59175b92f4f300dd563beaff92e2305c16e4d94ed825"
        ]
      },
      "ResponseHeaders": {
        "Cache-Control": [
          "no-cache"
        ],
        "Pragma": [
          "no-cache"
        ],
        "x-ms-ratelimit-remaining-resource": [
          "Microsoft.Compute/LowCostGet3Min;4995,Microsoft.Compute/LowCostGet30Min;39973"
        ],
        "Strict-Transport-Security": [
          "max-age=31536000; includeSubDomains"
        ],
        "x-ms-served-by": [
          "e84f52be-7482-4745-a859-3ed3483699e0_132064309001940026"
        ],
        "x-ms-request-id": [
          "be723a90-e16e-4b25-bd2c-522ffa8190d0"
        ],
        "Server": [
          "Microsoft-HTTPAPI/2.0",
          "Microsoft-HTTPAPI/2.0"
        ],
        "x-ms-ratelimit-remaining-subscription-reads": [
          "11993"
        ],
        "x-ms-correlation-request-id": [
          "0e265ae5-f0af-4e80-927d-1fa0a8e424f0"
        ],
        "x-ms-routing-request-id": [
          "SOUTHEASTASIA:20190718T015915Z:0e265ae5-f0af-4e80-927d-1fa0a8e424f0"
        ],
        "X-Content-Type-Options": [
          "nosniff"
        ],
        "Date": [
          "Thu, 18 Jul 2019 01:59:15 GMT"
        ],
        "Content-Length": [
          "619"
        ],
        "Content-Type": [
          "application/json; charset=utf-8"
        ],
        "Expires": [
          "-1"
        ]
      },
      "ResponseBody": "{\r\n  \"sku\": {\r\n    \"name\": \"Standard_LRS\",\r\n    \"tier\": \"Standard\"\r\n  },\r\n  \"properties\": {\r\n    \"creationData\": {\r\n      \"createOption\": \"Empty\"\r\n    },\r\n    \"diskSizeGB\": 100,\r\n    \"diskIOPSReadWrite\": 500,\r\n    \"diskMBpsReadWrite\": 60,\r\n    \"timeCreated\": \"2019-07-18T09:58:44.6321737+08:00\",\r\n    \"provisioningState\": \"Succeeded\",\r\n    \"diskState\": \"Unattached\"\r\n  },\r\n  \"type\": \"Microsoft.Compute/disks\",\r\n  \"location\": \"eastus\",\r\n  \"tags\": {},\r\n  \"id\": \"/subscriptions/1c638cf4-608f-4ee6-b680-c329e824c3a8/resourceGroups/rg3bd2803135/providers/Microsoft.Compute/disks/dsk7b39395375\",\r\n  \"name\": \"dsk7b39395375\"\r\n}",
      "StatusCode": 200
    },
    {
      "RequestUri": "/subscriptions/1c638cf4-608f-4ee6-b680-c329e824c3a8/resourceGroups/rg3bd2803135/providers/Microsoft.Compute/virtualMachines/vm6086872948?api-version=2019-03-01",
      "EncodedRequestUri": "L3N1YnNjcmlwdGlvbnMvMWM2MzhjZjQtNjA4Zi00ZWU2LWI2ODAtYzMyOWU4MjRjM2E4L3Jlc291cmNlR3JvdXBzL3JnM2JkMjgwMzEzNS9wcm92aWRlcnMvTWljcm9zb2Z0LkNvbXB1dGUvdmlydHVhbE1hY2hpbmVzL3ZtNjA4Njg3Mjk0OD9hcGktdmVyc2lvbj0yMDE5LTAzLTAx",
      "RequestMethod": "GET",
      "RequestBody": "",
      "RequestHeaders": {
        "User-Agent": [
          "FxVersion/4.6.27817.01",
          "OSName/Windows",
          "OSVersion/Microsoft.Windows.10.0.18362.",
          "Microsoft.Azure.Management.Compute.Fluent.ComputeManagementClient/1.0.0.60",
          "MacAddressHash/2b019342529cf08e23dc59175b92f4f300dd563beaff92e2305c16e4d94ed825"
        ]
      },
      "ResponseHeaders": {
        "Cache-Control": [
          "no-cache"
        ],
        "Pragma": [
          "no-cache"
        ],
        "x-ms-ratelimit-remaining-resource": [
          "Microsoft.Compute/LowCostGet3Min;3994,Microsoft.Compute/LowCostGet30Min;31967"
        ],
        "Strict-Transport-Security": [
          "max-age=31536000; includeSubDomains"
        ],
        "x-ms-request-id": [
          "a84e15c7-01b7-490b-97b2-f078f5b507b2"
        ],
        "Server": [
          "Microsoft-HTTPAPI/2.0",
          "Microsoft-HTTPAPI/2.0"
        ],
        "x-ms-ratelimit-remaining-subscription-reads": [
          "11989"
        ],
        "x-ms-correlation-request-id": [
          "67530e58-574f-47fa-9273-8a446d27842f"
        ],
        "x-ms-routing-request-id": [
          "SOUTHEASTASIA:20190718T020240Z:67530e58-574f-47fa-9273-8a446d27842f"
        ],
        "X-Content-Type-Options": [
          "nosniff"
        ],
        "Date": [
          "Thu, 18 Jul 2019 02:02:39 GMT"
        ],
        "Content-Length": [
          "1748"
        ],
        "Content-Type": [
          "application/json; charset=utf-8"
        ],
        "Expires": [
          "-1"
        ]
      },
      "ResponseBody": "{\r\n  \"name\": \"vm6086872948\",\r\n  \"id\": \"/subscriptions/1c638cf4-608f-4ee6-b680-c329e824c3a8/resourceGroups/rg3bd2803135/providers/Microsoft.Compute/virtualMachines/vm6086872948\",\r\n  \"type\": \"Microsoft.Compute/virtualMachines\",\r\n  \"location\": \"eastus\",\r\n  \"tags\": {},\r\n  \"properties\": {\r\n    \"vmId\": \"6aa87c90-32c1-4300-94f3-a33be406fee9\",\r\n    \"hardwareProfile\": {\r\n      \"vmSize\": \"Basic_A1\"\r\n    },\r\n    \"storageProfile\": {\r\n      \"imageReference\": {\r\n        \"publisher\": \"MicrosoftWindowsServer\",\r\n        \"offer\": \"WindowsServer\",\r\n        \"sku\": \"2012-R2-Datacenter\",\r\n        \"version\": \"latest\"\r\n      },\r\n      \"osDisk\": {\r\n        \"osType\": \"Windows\",\r\n        \"name\": \"vm6086872948_OsDisk_1_27f8ff1dd02d4f0686fbe89e8a578a2c\",\r\n        \"createOption\": \"FromImage\",\r\n        \"caching\": \"ReadWrite\",\r\n        \"managedDisk\": {\r\n          \"storageAccountType\": \"Standard_LRS\",\r\n          \"id\": \"/subscriptions/1c638cf4-608f-4ee6-b680-c329e824c3a8/resourceGroups/rg3bd2803135/providers/Microsoft.Compute/disks/vm6086872948_OsDisk_1_27f8ff1dd02d4f0686fbe89e8a578a2c\"\r\n        },\r\n        \"diskSizeGB\": 127\r\n      },\r\n      \"dataDisks\": []\r\n    },\r\n    \"osProfile\": {\r\n      \"computerName\": \"vm6086872948\",\r\n      \"adminUsername\": \"tester\",\r\n      \"windowsConfiguration\": {\r\n        \"provisionVMAgent\": true,\r\n        \"enableAutomaticUpdates\": true\r\n      },\r\n      \"secrets\": [],\r\n      \"allowExtensionOperations\": true,\r\n      \"requireGuestProvisionSignal\": true\r\n    },\r\n    \"networkProfile\": {\r\n      \"networkInterfaces\": [\r\n        {\r\n          \"id\": \"/subscriptions/1c638cf4-608f-4ee6-b680-c329e824c3a8/resourceGroups/rg3bd2803135/providers/Microsoft.Network/networkInterfaces/nic5539048a73a\",\r\n          \"properties\": {\r\n            \"primary\": true\r\n          }\r\n        }\r\n      ]\r\n    },\r\n    \"provisioningState\": \"Succeeded\"\r\n  }\r\n}",
      "StatusCode": 200
    },
    {
      "RequestUri": "/%2Fsubscriptions%2F1c638cf4-608f-4ee6-b680-c329e824c3a8%2FresourceGroups%2Frg3bd2803135/providers/Microsoft.Authorization/locks/rglock?api-version=2016-09-01",
      "EncodedRequestUri": "LyUyRnN1YnNjcmlwdGlvbnMlMkYxYzYzOGNmNC02MDhmLTRlZTYtYjY4MC1jMzI5ZTgyNGMzYTglMkZyZXNvdXJjZUdyb3VwcyUyRnJnM2JkMjgwMzEzNS9wcm92aWRlcnMvTWljcm9zb2Z0LkF1dGhvcml6YXRpb24vbG9ja3Mvcmdsb2NrP2FwaS12ZXJzaW9uPTIwMTYtMDktMDE=",
      "RequestMethod": "PUT",
      "RequestBody": "{\r\n  \"properties\": {\r\n    \"level\": \"CanNotDelete\"\r\n  }\r\n}",
      "RequestHeaders": {
        "x-ms-client-request-id": [
          "f0b98f0b-9f4d-4fee-b504-d503dbc442da"
        ],
        "Accept-Language": [
          "en-US"
        ],
        "User-Agent": [
          "FxVersion/4.6.27817.01",
          "OSName/Windows",
          "OSVersion/Microsoft.Windows.10.0.18362.",
          "Microsoft.Azure.Management.Locks.Fluent.ManagementLockClient/1.0.0.60",
          "MacAddressHash/2b019342529cf08e23dc59175b92f4f300dd563beaff92e2305c16e4d94ed825"
        ],
        "Content-Type": [
          "application/json; charset=utf-8"
        ],
        "Content-Length": [
          "57"
        ]
      },
      "ResponseHeaders": {
        "Cache-Control": [
          "no-cache"
        ],
        "Pragma": [
          "no-cache"
        ],
        "x-ms-request-id": [
          "southeastasia:53ad26fb-e28c-4952-9b26-cd7d26637154"
        ],
        "x-ms-ratelimit-remaining-subscription-writes": [
          "1197"
        ],
        "x-ms-correlation-request-id": [
          "6c60c6b5-085f-46e6-89f5-f515496da7e9"
        ],
        "x-ms-routing-request-id": [
          "SOUTHEASTASIA:20190718T020242Z:6c60c6b5-085f-46e6-89f5-f515496da7e9"
        ],
        "Strict-Transport-Security": [
          "max-age=31536000; includeSubDomains"
        ],
        "X-Content-Type-Options": [
          "nosniff"
        ],
        "Date": [
          "Thu, 18 Jul 2019 02:02:41 GMT"
        ],
        "Content-Length": [
          "228"
        ],
        "Content-Type": [
          "application/json; charset=utf-8"
        ],
        "Expires": [
          "-1"
        ]
      },
      "ResponseBody": "{\r\n  \"properties\": {\r\n    \"level\": \"CanNotDelete\"\r\n  },\r\n  \"id\": \"/subscriptions/1c638cf4-608f-4ee6-b680-c329e824c3a8/resourceGroups/rg3bd2803135/providers/Microsoft.Authorization/locks/rglock\",\r\n  \"type\": \"Microsoft.Authorization/locks\",\r\n  \"name\": \"rglock\"\r\n}",
      "StatusCode": 201
    },
    {
      "RequestUri": "/%2Fsubscriptions%2F1c638cf4-608f-4ee6-b680-c329e824c3a8%2FresourceGroups%2Frg3bd2803135%2Fproviders%2FMicrosoft.Storage%2FstorageAccounts%2Fst78c5840149/providers/Microsoft.Authorization/locks/stLock?api-version=2016-09-01",
      "EncodedRequestUri": "LyUyRnN1YnNjcmlwdGlvbnMlMkYxYzYzOGNmNC02MDhmLTRlZTYtYjY4MC1jMzI5ZTgyNGMzYTglMkZyZXNvdXJjZUdyb3VwcyUyRnJnM2JkMjgwMzEzNSUyRnByb3ZpZGVycyUyRk1pY3Jvc29mdC5TdG9yYWdlJTJGc3RvcmFnZUFjY291bnRzJTJGc3Q3OGM1ODQwMTQ5L3Byb3ZpZGVycy9NaWNyb3NvZnQuQXV0aG9yaXphdGlvbi9sb2Nrcy9zdExvY2s/YXBpLXZlcnNpb249MjAxNi0wOS0wMQ==",
      "RequestMethod": "PUT",
      "RequestBody": "{\r\n  \"properties\": {\r\n    \"level\": \"CanNotDelete\"\r\n  }\r\n}",
      "RequestHeaders": {
        "x-ms-client-request-id": [
          "2750bdda-090c-4f00-8ebc-616290052f92"
        ],
        "Accept-Language": [
          "en-US"
        ],
        "User-Agent": [
          "FxVersion/4.6.27817.01",
          "OSName/Windows",
          "OSVersion/Microsoft.Windows.10.0.18362.",
          "Microsoft.Azure.Management.Locks.Fluent.ManagementLockClient/1.0.0.60",
          "MacAddressHash/2b019342529cf08e23dc59175b92f4f300dd563beaff92e2305c16e4d94ed825"
        ],
        "Content-Type": [
          "application/json; charset=utf-8"
        ],
        "Content-Length": [
          "57"
        ]
      },
      "ResponseHeaders": {
        "Cache-Control": [
          "no-cache"
        ],
        "Pragma": [
          "no-cache"
        ],
        "x-ms-request-id": [
          "southeastasia:4afed180-8dc5-4952-b512-c33af2f049a4"
        ],
        "x-ms-ratelimit-remaining-subscription-writes": [
          "1194"
        ],
        "x-ms-correlation-request-id": [
          "faf6a27a-f702-41bc-8b69-1f35e2c358d2"
        ],
        "x-ms-routing-request-id": [
          "SOUTHEASTASIA:20190718T020242Z:faf6a27a-f702-41bc-8b69-1f35e2c358d2"
        ],
        "Strict-Transport-Security": [
          "max-age=31536000; includeSubDomains"
        ],
        "X-Content-Type-Options": [
          "nosniff"
        ],
        "Date": [
          "Thu, 18 Jul 2019 02:02:42 GMT"
        ],
        "Content-Length": [
          "285"
        ],
        "Content-Type": [
          "application/json; charset=utf-8"
        ],
        "Expires": [
          "-1"
        ]
      },
      "ResponseBody": "{\r\n  \"properties\": {\r\n    \"level\": \"CanNotDelete\"\r\n  },\r\n  \"id\": \"/subscriptions/1c638cf4-608f-4ee6-b680-c329e824c3a8/resourceGroups/rg3bd2803135/providers/Microsoft.Storage/storageAccounts/st78c5840149/providers/Microsoft.Authorization/locks/stLock\",\r\n  \"type\": \"Microsoft.Authorization/locks\",\r\n  \"name\": \"stLock\"\r\n}",
      "StatusCode": 201
    },
    {
      "RequestUri": "/%2Fsubscriptions%2F1c638cf4-608f-4ee6-b680-c329e824c3a8%2FresourceGroups%2Frg3bd2803135%2Fproviders%2FMicrosoft.Compute%2FvirtualMachines%2Fvm6086872948/providers/Microsoft.Authorization/locks/vmlock?api-version=2016-09-01",
      "EncodedRequestUri": "LyUyRnN1YnNjcmlwdGlvbnMlMkYxYzYzOGNmNC02MDhmLTRlZTYtYjY4MC1jMzI5ZTgyNGMzYTglMkZyZXNvdXJjZUdyb3VwcyUyRnJnM2JkMjgwMzEzNSUyRnByb3ZpZGVycyUyRk1pY3Jvc29mdC5Db21wdXRlJTJGdmlydHVhbE1hY2hpbmVzJTJGdm02MDg2ODcyOTQ4L3Byb3ZpZGVycy9NaWNyb3NvZnQuQXV0aG9yaXphdGlvbi9sb2Nrcy92bWxvY2s/YXBpLXZlcnNpb249MjAxNi0wOS0wMQ==",
      "RequestMethod": "PUT",
      "RequestBody": "{\r\n  \"properties\": {\r\n    \"level\": \"ReadOnly\",\r\n    \"notes\": \"vm readonly lock\"\r\n  }\r\n}",
      "RequestHeaders": {
        "x-ms-client-request-id": [
          "aabe0a66-2b05-48ee-af9d-5345ec070a51"
        ],
        "Accept-Language": [
          "en-US"
        ],
        "User-Agent": [
          "FxVersion/4.6.27817.01",
          "OSName/Windows",
          "OSVersion/Microsoft.Windows.10.0.18362.",
          "Microsoft.Azure.Management.Locks.Fluent.ManagementLockClient/1.0.0.60",
          "MacAddressHash/2b019342529cf08e23dc59175b92f4f300dd563beaff92e2305c16e4d94ed825"
        ],
        "Content-Type": [
          "application/json; charset=utf-8"
        ],
        "Content-Length": [
          "87"
        ]
      },
      "ResponseHeaders": {
        "Cache-Control": [
          "no-cache"
        ],
        "Pragma": [
          "no-cache"
        ],
        "x-ms-request-id": [
          "southeastasia:72eb2653-2f5a-41f8-a84d-6fe89b0f77b4"
        ],
        "x-ms-ratelimit-remaining-subscription-writes": [
          "1197"
        ],
        "x-ms-correlation-request-id": [
          "9e503c4e-081d-4040-9f84-5f1809e0373d"
        ],
        "x-ms-routing-request-id": [
          "SOUTHEASTASIA:20190718T020242Z:9e503c4e-081d-4040-9f84-5f1809e0373d"
        ],
        "Strict-Transport-Security": [
          "max-age=31536000; includeSubDomains"
        ],
        "X-Content-Type-Options": [
          "nosniff"
        ],
        "Date": [
          "Thu, 18 Jul 2019 02:02:41 GMT"
        ],
        "Content-Length": [
          "308"
        ],
        "Content-Type": [
          "application/json; charset=utf-8"
        ],
        "Expires": [
          "-1"
        ]
      },
      "ResponseBody": "{\r\n  \"properties\": {\r\n    \"level\": \"ReadOnly\",\r\n    \"notes\": \"vm readonly lock\"\r\n  },\r\n  \"id\": \"/subscriptions/1c638cf4-608f-4ee6-b680-c329e824c3a8/resourceGroups/rg3bd2803135/providers/Microsoft.Compute/virtualMachines/vm6086872948/providers/Microsoft.Authorization/locks/vmlock\",\r\n  \"type\": \"Microsoft.Authorization/locks\",\r\n  \"name\": \"vmlock\"\r\n}",
      "StatusCode": 201
    },
    {
      "RequestUri": "/%2Fsubscriptions%2F1c638cf4-608f-4ee6-b680-c329e824c3a8%2FresourceGroups%2Frg3bd2803135%2Fproviders%2FMicrosoft.Network%2FvirtualNetworks%2Fnetfd864377b6%2Fsubnets%2Fsubnet1/providers/Microsoft.Authorization/locks/subnetLock?api-version=2016-09-01",
      "EncodedRequestUri": "LyUyRnN1YnNjcmlwdGlvbnMlMkYxYzYzOGNmNC02MDhmLTRlZTYtYjY4MC1jMzI5ZTgyNGMzYTglMkZyZXNvdXJjZUdyb3VwcyUyRnJnM2JkMjgwMzEzNSUyRnByb3ZpZGVycyUyRk1pY3Jvc29mdC5OZXR3b3JrJTJGdmlydHVhbE5ldHdvcmtzJTJGbmV0ZmQ4NjQzNzdiNiUyRnN1Ym5ldHMlMkZzdWJuZXQxL3Byb3ZpZGVycy9NaWNyb3NvZnQuQXV0aG9yaXphdGlvbi9sb2Nrcy9zdWJuZXRMb2NrP2FwaS12ZXJzaW9uPTIwMTYtMDktMDE=",
      "RequestMethod": "PUT",
      "RequestBody": "{\r\n  \"properties\": {\r\n    \"level\": \"ReadOnly\"\r\n  }\r\n}",
      "RequestHeaders": {
        "x-ms-client-request-id": [
          "ddb7d57d-4ab0-42c6-a6ac-1d9469bfa0ae"
        ],
        "Accept-Language": [
          "en-US"
        ],
        "User-Agent": [
          "FxVersion/4.6.27817.01",
          "OSName/Windows",
          "OSVersion/Microsoft.Windows.10.0.18362.",
          "Microsoft.Azure.Management.Locks.Fluent.ManagementLockClient/1.0.0.60",
          "MacAddressHash/2b019342529cf08e23dc59175b92f4f300dd563beaff92e2305c16e4d94ed825"
        ],
        "Content-Type": [
          "application/json; charset=utf-8"
        ],
        "Content-Length": [
          "53"
        ]
      },
      "ResponseHeaders": {
        "Cache-Control": [
          "no-cache"
        ],
        "Pragma": [
          "no-cache"
        ],
        "x-ms-request-id": [
          "southeastasia:e295954f-9529-4599-a3ff-53389ceac772"
        ],
        "x-ms-ratelimit-remaining-subscription-writes": [
          "1195"
        ],
        "x-ms-correlation-request-id": [
          "18459644-91ad-48a5-948e-9b1b2460f2fe"
        ],
        "x-ms-routing-request-id": [
          "SOUTHEASTASIA:20190718T020242Z:18459644-91ad-48a5-948e-9b1b2460f2fe"
        ],
        "Strict-Transport-Security": [
          "max-age=31536000; includeSubDomains"
        ],
        "X-Content-Type-Options": [
          "nosniff"
        ],
        "Date": [
          "Thu, 18 Jul 2019 02:02:42 GMT"
        ],
        "Content-Length": [
          "306"
        ],
        "Content-Type": [
          "application/json; charset=utf-8"
        ],
        "Expires": [
          "-1"
        ]
      },
      "ResponseBody": "{\r\n  \"properties\": {\r\n    \"level\": \"ReadOnly\"\r\n  },\r\n  \"id\": \"/subscriptions/1c638cf4-608f-4ee6-b680-c329e824c3a8/resourceGroups/rg3bd2803135/providers/Microsoft.Network/virtualNetworks/netfd864377b6/subnets/subnet1/providers/Microsoft.Authorization/locks/subnetLock\",\r\n  \"type\": \"Microsoft.Authorization/locks\",\r\n  \"name\": \"subnetLock\"\r\n}",
      "StatusCode": 201
    },
    {
      "RequestUri": "/%2Fsubscriptions%2F1c638cf4-608f-4ee6-b680-c329e824c3a8%2FresourceGroups%2Frg3bd2803135%2Fproviders%2FMicrosoft.Compute%2Fdisks%2Fdsk7b39395375/providers/Microsoft.Authorization/locks/diskLockRO?api-version=2016-09-01",
      "EncodedRequestUri": "LyUyRnN1YnNjcmlwdGlvbnMlMkYxYzYzOGNmNC02MDhmLTRlZTYtYjY4MC1jMzI5ZTgyNGMzYTglMkZyZXNvdXJjZUdyb3VwcyUyRnJnM2JkMjgwMzEzNSUyRnByb3ZpZGVycyUyRk1pY3Jvc29mdC5Db21wdXRlJTJGZGlza3MlMkZkc2s3YjM5Mzk1Mzc1L3Byb3ZpZGVycy9NaWNyb3NvZnQuQXV0aG9yaXphdGlvbi9sb2Nrcy9kaXNrTG9ja1JPP2FwaS12ZXJzaW9uPTIwMTYtMDktMDE=",
      "RequestMethod": "PUT",
      "RequestBody": "{\r\n  \"properties\": {\r\n    \"level\": \"ReadOnly\"\r\n  }\r\n}",
      "RequestHeaders": {
        "x-ms-client-request-id": [
          "486df12b-4c34-4377-a859-9e5f20f4f4ed"
        ],
        "Accept-Language": [
          "en-US"
        ],
        "User-Agent": [
          "FxVersion/4.6.27817.01",
          "OSName/Windows",
          "OSVersion/Microsoft.Windows.10.0.18362.",
          "Microsoft.Azure.Management.Locks.Fluent.ManagementLockClient/1.0.0.60",
          "MacAddressHash/2b019342529cf08e23dc59175b92f4f300dd563beaff92e2305c16e4d94ed825"
        ],
        "Content-Type": [
          "application/json; charset=utf-8"
        ],
        "Content-Length": [
          "53"
        ]
      },
      "ResponseHeaders": {
        "Cache-Control": [
          "no-cache"
        ],
        "Pragma": [
          "no-cache"
        ],
        "x-ms-request-id": [
          "southeastasia:ae330950-a931-4dde-b632-128246370d8b"
        ],
        "x-ms-ratelimit-remaining-subscription-writes": [
          "1194"
        ],
        "x-ms-correlation-request-id": [
          "8910869e-9450-4412-a411-3963ac11b47f"
        ],
        "x-ms-routing-request-id": [
          "SOUTHEASTASIA:20190718T020242Z:8910869e-9450-4412-a411-3963ac11b47f"
        ],
        "Strict-Transport-Security": [
          "max-age=31536000; includeSubDomains"
        ],
        "X-Content-Type-Options": [
          "nosniff"
        ],
        "Date": [
          "Thu, 18 Jul 2019 02:02:42 GMT"
        ],
        "Content-Length": [
          "280"
        ],
        "Content-Type": [
          "application/json; charset=utf-8"
        ],
        "Expires": [
          "-1"
        ]
      },
      "ResponseBody": "{\r\n  \"properties\": {\r\n    \"level\": \"ReadOnly\"\r\n  },\r\n  \"id\": \"/subscriptions/1c638cf4-608f-4ee6-b680-c329e824c3a8/resourceGroups/rg3bd2803135/providers/Microsoft.Compute/disks/dsk7b39395375/providers/Microsoft.Authorization/locks/diskLockRO\",\r\n  \"type\": \"Microsoft.Authorization/locks\",\r\n  \"name\": \"diskLockRO\"\r\n}",
      "StatusCode": 201
    },
    {
      "RequestUri": "/%2Fsubscriptions%2F1c638cf4-608f-4ee6-b680-c329e824c3a8%2FresourceGroups%2Frg3bd2803135%2Fproviders%2FMicrosoft.Compute%2Fdisks%2Fdsk7b39395375/providers/Microsoft.Authorization/locks/diskLockDel?api-version=2016-09-01",
      "EncodedRequestUri": "LyUyRnN1YnNjcmlwdGlvbnMlMkYxYzYzOGNmNC02MDhmLTRlZTYtYjY4MC1jMzI5ZTgyNGMzYTglMkZyZXNvdXJjZUdyb3VwcyUyRnJnM2JkMjgwMzEzNSUyRnByb3ZpZGVycyUyRk1pY3Jvc29mdC5Db21wdXRlJTJGZGlza3MlMkZkc2s3YjM5Mzk1Mzc1L3Byb3ZpZGVycy9NaWNyb3NvZnQuQXV0aG9yaXphdGlvbi9sb2Nrcy9kaXNrTG9ja0RlbD9hcGktdmVyc2lvbj0yMDE2LTA5LTAx",
      "RequestMethod": "PUT",
      "RequestBody": "{\r\n  \"properties\": {\r\n    \"level\": \"CanNotDelete\"\r\n  }\r\n}",
      "RequestHeaders": {
        "x-ms-client-request-id": [
          "4d6d2883-ea93-4bf5-8552-6c96abc87add"
        ],
        "Accept-Language": [
          "en-US"
        ],
        "User-Agent": [
          "FxVersion/4.6.27817.01",
          "OSName/Windows",
          "OSVersion/Microsoft.Windows.10.0.18362.",
          "Microsoft.Azure.Management.Locks.Fluent.ManagementLockClient/1.0.0.60",
          "MacAddressHash/2b019342529cf08e23dc59175b92f4f300dd563beaff92e2305c16e4d94ed825"
        ],
        "Content-Type": [
          "application/json; charset=utf-8"
        ],
        "Content-Length": [
          "57"
        ]
      },
      "ResponseHeaders": {
        "Cache-Control": [
          "no-cache"
        ],
        "Pragma": [
          "no-cache"
        ],
        "x-ms-request-id": [
          "southeastasia:e05c770a-1db9-4eb7-ac50-06f76a63f49b"
        ],
        "x-ms-ratelimit-remaining-subscription-writes": [
          "1193"
        ],
        "x-ms-correlation-request-id": [
          "695b015a-30af-46ac-9b1a-81e2e5582790"
        ],
        "x-ms-routing-request-id": [
          "SOUTHEASTASIA:20190718T020243Z:695b015a-30af-46ac-9b1a-81e2e5582790"
        ],
        "Strict-Transport-Security": [
          "max-age=31536000; includeSubDomains"
        ],
        "X-Content-Type-Options": [
          "nosniff"
        ],
        "Date": [
          "Thu, 18 Jul 2019 02:02:42 GMT"
        ],
        "Content-Length": [
          "286"
        ],
        "Content-Type": [
          "application/json; charset=utf-8"
        ],
        "Expires": [
          "-1"
        ]
      },
      "ResponseBody": "{\r\n  \"properties\": {\r\n    \"level\": \"CanNotDelete\"\r\n  },\r\n  \"id\": \"/subscriptions/1c638cf4-608f-4ee6-b680-c329e824c3a8/resourceGroups/rg3bd2803135/providers/Microsoft.Compute/disks/dsk7b39395375/providers/Microsoft.Authorization/locks/diskLockDel\",\r\n  \"type\": \"Microsoft.Authorization/locks\",\r\n  \"name\": \"diskLockDel\"\r\n}",
      "StatusCode": 201
    },
    {
      "RequestUri": "/subscriptions/1c638cf4-608f-4ee6-b680-c329e824c3a8/resourcegroups/rg3bd2803135/providers/Microsoft.Compute//virtualMachines/vm6086872948/providers/Microsoft.Authorization/locks?api-version=2016-09-01",
      "EncodedRequestUri": "L3N1YnNjcmlwdGlvbnMvMWM2MzhjZjQtNjA4Zi00ZWU2LWI2ODAtYzMyOWU4MjRjM2E4L3Jlc291cmNlZ3JvdXBzL3JnM2JkMjgwMzEzNS9wcm92aWRlcnMvTWljcm9zb2Z0LkNvbXB1dGUvL3ZpcnR1YWxNYWNoaW5lcy92bTYwODY4NzI5NDgvcHJvdmlkZXJzL01pY3Jvc29mdC5BdXRob3JpemF0aW9uL2xvY2tzP2FwaS12ZXJzaW9uPTIwMTYtMDktMDE=",
      "RequestMethod": "GET",
      "RequestBody": "",
      "RequestHeaders": {
        "x-ms-client-request-id": [
          "9f31b99e-da27-4982-8d09-43f0e7259a6c"
        ],
        "Accept-Language": [
          "en-US"
        ],
        "User-Agent": [
          "FxVersion/4.6.27817.01",
          "OSName/Windows",
          "OSVersion/Microsoft.Windows.10.0.18362.",
          "Microsoft.Azure.Management.Locks.Fluent.ManagementLockClient/1.0.0.60",
          "MacAddressHash/2b019342529cf08e23dc59175b92f4f300dd563beaff92e2305c16e4d94ed825"
        ]
      },
      "ResponseHeaders": {
        "Cache-Control": [
          "no-cache"
        ],
        "Pragma": [
          "no-cache"
        ],
        "Vary": [
          "Accept-Encoding"
        ],
        "x-ms-request-id": [
          "southeastasia:8075fa54-d69b-4a50-84c9-7d341d63ad75"
        ],
        "x-ms-ratelimit-remaining-subscription-reads": [
          "11991"
        ],
        "x-ms-correlation-request-id": [
          "de570975-290a-464d-8157-e39a370112b8"
        ],
        "x-ms-routing-request-id": [
          "SOUTHEASTASIA:20190718T020243Z:de570975-290a-464d-8157-e39a370112b8"
        ],
        "Strict-Transport-Security": [
          "max-age=31536000; includeSubDomains"
        ],
        "X-Content-Type-Options": [
          "nosniff"
        ],
        "Date": [
          "Thu, 18 Jul 2019 02:02:42 GMT"
        ],
        "Content-Length": [
          "549"
        ],
        "Content-Type": [
          "application/json; charset=utf-8"
        ],
        "Expires": [
          "-1"
        ]
      },
      "ResponseBody": "{\r\n  \"value\": [\r\n    {\r\n      \"properties\": {\r\n        \"level\": \"CanNotDelete\"\r\n      },\r\n      \"id\": \"/subscriptions/1c638cf4-608f-4ee6-b680-c329e824c3a8/resourceGroups/rg3bd2803135/providers/Microsoft.Authorization/locks/rglock\",\r\n      \"type\": \"Microsoft.Authorization/locks\",\r\n      \"name\": \"rglock\"\r\n    },\r\n    {\r\n      \"properties\": {\r\n        \"level\": \"ReadOnly\",\r\n        \"notes\": \"vm readonly lock\"\r\n      },\r\n      \"id\": \"/subscriptions/1c638cf4-608f-4ee6-b680-c329e824c3a8/resourceGroups/rg3bd2803135/providers/Microsoft.Compute/virtualMachines/vm6086872948/providers/Microsoft.Authorization/locks/vmlock\",\r\n      \"type\": \"Microsoft.Authorization/locks\",\r\n      \"name\": \"vmlock\"\r\n    }\r\n  ]\r\n}",
      "StatusCode": 200
    },
    {
      "RequestUri": "/%2Fsubscriptions%2F1c638cf4-608f-4ee6-b680-c329e824c3a8%2FresourceGroups%2Frg3bd2803135%2Fproviders%2FMicrosoft.Compute%2FvirtualMachines%2Fvm6086872948/providers/Microsoft.Authorization/locks/vmlock?api-version=2016-09-01",
      "EncodedRequestUri": "LyUyRnN1YnNjcmlwdGlvbnMlMkYxYzYzOGNmNC02MDhmLTRlZTYtYjY4MC1jMzI5ZTgyNGMzYTglMkZyZXNvdXJjZUdyb3VwcyUyRnJnM2JkMjgwMzEzNSUyRnByb3ZpZGVycyUyRk1pY3Jvc29mdC5Db21wdXRlJTJGdmlydHVhbE1hY2hpbmVzJTJGdm02MDg2ODcyOTQ4L3Byb3ZpZGVycy9NaWNyb3NvZnQuQXV0aG9yaXphdGlvbi9sb2Nrcy92bWxvY2s/YXBpLXZlcnNpb249MjAxNi0wOS0wMQ==",
      "RequestMethod": "GET",
      "RequestBody": "",
      "RequestHeaders": {
        "x-ms-client-request-id": [
          "50f8a44c-afc1-4dbe-b19e-9e5d123d4884"
        ],
        "Accept-Language": [
          "en-US"
        ],
        "User-Agent": [
          "FxVersion/4.6.27817.01",
          "OSName/Windows",
          "OSVersion/Microsoft.Windows.10.0.18362.",
          "Microsoft.Azure.Management.Locks.Fluent.ManagementLockClient/1.0.0.60",
          "MacAddressHash/2b019342529cf08e23dc59175b92f4f300dd563beaff92e2305c16e4d94ed825"
        ]
      },
      "ResponseHeaders": {
        "Cache-Control": [
          "no-cache"
        ],
        "Pragma": [
          "no-cache"
        ],
        "Vary": [
          "Accept-Encoding"
        ],
        "x-ms-request-id": [
          "southeastasia:b783d5be-1937-4ca0-ab09-bda24549ce18"
        ],
        "x-ms-ratelimit-remaining-subscription-reads": [
          "11990"
        ],
        "x-ms-correlation-request-id": [
          "31db5b87-3fe7-4241-81ed-8ea337bdd4b2"
        ],
        "x-ms-routing-request-id": [
          "SOUTHEASTASIA:20190718T020243Z:31db5b87-3fe7-4241-81ed-8ea337bdd4b2"
        ],
        "Strict-Transport-Security": [
          "max-age=31536000; includeSubDomains"
        ],
        "X-Content-Type-Options": [
          "nosniff"
        ],
        "Date": [
          "Thu, 18 Jul 2019 02:02:42 GMT"
        ],
        "Content-Length": [
          "308"
        ],
        "Content-Type": [
          "application/json; charset=utf-8"
        ],
        "Expires": [
          "-1"
        ]
      },
      "ResponseBody": "{\r\n  \"properties\": {\r\n    \"level\": \"ReadOnly\",\r\n    \"notes\": \"vm readonly lock\"\r\n  },\r\n  \"id\": \"/subscriptions/1c638cf4-608f-4ee6-b680-c329e824c3a8/resourceGroups/rg3bd2803135/providers/Microsoft.Compute/virtualMachines/vm6086872948/providers/Microsoft.Authorization/locks/vmlock\",\r\n  \"type\": \"Microsoft.Authorization/locks\",\r\n  \"name\": \"vmlock\"\r\n}",
      "StatusCode": 200
    },
    {
      "RequestUri": "/subscriptions/1c638cf4-608f-4ee6-b680-c329e824c3a8/resourceGroups/rg3bd2803135/providers/Microsoft.Authorization/locks/rglock?api-version=2016-09-01",
      "EncodedRequestUri": "L3N1YnNjcmlwdGlvbnMvMWM2MzhjZjQtNjA4Zi00ZWU2LWI2ODAtYzMyOWU4MjRjM2E4L3Jlc291cmNlR3JvdXBzL3JnM2JkMjgwMzEzNS9wcm92aWRlcnMvTWljcm9zb2Z0LkF1dGhvcml6YXRpb24vbG9ja3Mvcmdsb2NrP2FwaS12ZXJzaW9uPTIwMTYtMDktMDE=",
      "RequestMethod": "GET",
      "RequestBody": "",
      "RequestHeaders": {
        "x-ms-client-request-id": [
          "59d23eeb-289b-408c-a9e3-832764e50715"
        ],
        "Accept-Language": [
          "en-US"
        ],
        "User-Agent": [
          "FxVersion/4.6.27817.01",
          "OSName/Windows",
          "OSVersion/Microsoft.Windows.10.0.18362.",
          "Microsoft.Azure.Management.Locks.Fluent.ManagementLockClient/1.0.0.60",
          "MacAddressHash/2b019342529cf08e23dc59175b92f4f300dd563beaff92e2305c16e4d94ed825"
        ]
      },
      "ResponseHeaders": {
        "Cache-Control": [
          "no-cache"
        ],
        "Pragma": [
          "no-cache"
        ],
        "Vary": [
          "Accept-Encoding"
        ],
        "x-ms-request-id": [
          "southeastasia:b935644c-eca4-43a6-9aeb-326f7494b8c3"
        ],
        "x-ms-ratelimit-remaining-subscription-reads": [
          "11989"
        ],
        "x-ms-correlation-request-id": [
          "211047d0-35e6-4977-ac1d-42e90c888b05"
        ],
        "x-ms-routing-request-id": [
          "SOUTHEASTASIA:20190718T020243Z:211047d0-35e6-4977-ac1d-42e90c888b05"
        ],
        "Strict-Transport-Security": [
          "max-age=31536000; includeSubDomains"
        ],
        "X-Content-Type-Options": [
          "nosniff"
        ],
        "Date": [
          "Thu, 18 Jul 2019 02:02:42 GMT"
        ],
        "Content-Length": [
          "228"
        ],
        "Content-Type": [
          "application/json; charset=utf-8"
        ],
        "Expires": [
          "-1"
        ]
      },
      "ResponseBody": "{\r\n  \"properties\": {\r\n    \"level\": \"CanNotDelete\"\r\n  },\r\n  \"id\": \"/subscriptions/1c638cf4-608f-4ee6-b680-c329e824c3a8/resourceGroups/rg3bd2803135/providers/Microsoft.Authorization/locks/rglock\",\r\n  \"type\": \"Microsoft.Authorization/locks\",\r\n  \"name\": \"rglock\"\r\n}",
      "StatusCode": 200
    },
    {
      "RequestUri": "/subscriptions/1c638cf4-608f-4ee6-b680-c329e824c3a8/resourcegroups/rg3bd2803135/providers/Microsoft.Storage//storageAccounts/st78c5840149/providers/Microsoft.Authorization/locks?api-version=2016-09-01",
      "EncodedRequestUri": "L3N1YnNjcmlwdGlvbnMvMWM2MzhjZjQtNjA4Zi00ZWU2LWI2ODAtYzMyOWU4MjRjM2E4L3Jlc291cmNlZ3JvdXBzL3JnM2JkMjgwMzEzNS9wcm92aWRlcnMvTWljcm9zb2Z0LlN0b3JhZ2UvL3N0b3JhZ2VBY2NvdW50cy9zdDc4YzU4NDAxNDkvcHJvdmlkZXJzL01pY3Jvc29mdC5BdXRob3JpemF0aW9uL2xvY2tzP2FwaS12ZXJzaW9uPTIwMTYtMDktMDE=",
      "RequestMethod": "GET",
      "RequestBody": "",
      "RequestHeaders": {
        "x-ms-client-request-id": [
          "34b5282f-6827-4f69-89ce-afbe75738480"
        ],
        "Accept-Language": [
          "en-US"
        ],
        "User-Agent": [
          "FxVersion/4.6.27817.01",
          "OSName/Windows",
          "OSVersion/Microsoft.Windows.10.0.18362.",
          "Microsoft.Azure.Management.Locks.Fluent.ManagementLockClient/1.0.0.60",
          "MacAddressHash/2b019342529cf08e23dc59175b92f4f300dd563beaff92e2305c16e4d94ed825"
        ]
      },
      "ResponseHeaders": {
        "Cache-Control": [
          "no-cache"
        ],
        "Pragma": [
          "no-cache"
        ],
        "Vary": [
          "Accept-Encoding"
        ],
        "x-ms-request-id": [
          "southeastasia:2a601cde-3e4d-4f83-8c82-a0b312d41eb6"
        ],
        "x-ms-ratelimit-remaining-subscription-reads": [
          "11988"
        ],
        "x-ms-correlation-request-id": [
          "818675b1-6b45-4cbf-85a6-d21faf2c7538"
        ],
        "x-ms-routing-request-id": [
          "SOUTHEASTASIA:20190718T020243Z:818675b1-6b45-4cbf-85a6-d21faf2c7538"
        ],
        "Strict-Transport-Security": [
          "max-age=31536000; includeSubDomains"
        ],
        "X-Content-Type-Options": [
          "nosniff"
        ],
        "Date": [
          "Thu, 18 Jul 2019 02:02:42 GMT"
        ],
        "Content-Length": [
          "526"
        ],
        "Content-Type": [
          "application/json; charset=utf-8"
        ],
        "Expires": [
          "-1"
        ]
      },
      "ResponseBody": "{\r\n  \"value\": [\r\n    {\r\n      \"properties\": {\r\n        \"level\": \"CanNotDelete\"\r\n      },\r\n      \"id\": \"/subscriptions/1c638cf4-608f-4ee6-b680-c329e824c3a8/resourceGroups/rg3bd2803135/providers/Microsoft.Authorization/locks/rglock\",\r\n      \"type\": \"Microsoft.Authorization/locks\",\r\n      \"name\": \"rglock\"\r\n    },\r\n    {\r\n      \"properties\": {\r\n        \"level\": \"CanNotDelete\"\r\n      },\r\n      \"id\": \"/subscriptions/1c638cf4-608f-4ee6-b680-c329e824c3a8/resourceGroups/rg3bd2803135/providers/Microsoft.Storage/storageAccounts/st78c5840149/providers/Microsoft.Authorization/locks/stLock\",\r\n      \"type\": \"Microsoft.Authorization/locks\",\r\n      \"name\": \"stLock\"\r\n    }\r\n  ]\r\n}",
      "StatusCode": 200
    },
    {
      "RequestUri": "/%2Fsubscriptions%2F1c638cf4-608f-4ee6-b680-c329e824c3a8%2FresourceGroups%2Frg3bd2803135%2Fproviders%2FMicrosoft.Storage%2FstorageAccounts%2Fst78c5840149/providers/Microsoft.Authorization/locks/stLock?api-version=2016-09-01",
      "EncodedRequestUri": "LyUyRnN1YnNjcmlwdGlvbnMlMkYxYzYzOGNmNC02MDhmLTRlZTYtYjY4MC1jMzI5ZTgyNGMzYTglMkZyZXNvdXJjZUdyb3VwcyUyRnJnM2JkMjgwMzEzNSUyRnByb3ZpZGVycyUyRk1pY3Jvc29mdC5TdG9yYWdlJTJGc3RvcmFnZUFjY291bnRzJTJGc3Q3OGM1ODQwMTQ5L3Byb3ZpZGVycy9NaWNyb3NvZnQuQXV0aG9yaXphdGlvbi9sb2Nrcy9zdExvY2s/YXBpLXZlcnNpb249MjAxNi0wOS0wMQ==",
      "RequestMethod": "GET",
      "RequestBody": "",
      "RequestHeaders": {
        "x-ms-client-request-id": [
          "8b780d9d-9b53-49cb-84be-2a4339e173f8"
        ],
        "Accept-Language": [
          "en-US"
        ],
        "User-Agent": [
          "FxVersion/4.6.27817.01",
          "OSName/Windows",
          "OSVersion/Microsoft.Windows.10.0.18362.",
          "Microsoft.Azure.Management.Locks.Fluent.ManagementLockClient/1.0.0.60",
          "MacAddressHash/2b019342529cf08e23dc59175b92f4f300dd563beaff92e2305c16e4d94ed825"
        ]
      },
      "ResponseHeaders": {
        "Cache-Control": [
          "no-cache"
        ],
        "Pragma": [
          "no-cache"
        ],
        "Vary": [
          "Accept-Encoding"
        ],
        "x-ms-request-id": [
          "southeastasia:e793f48d-80f8-40bf-89aa-c48da1b25778"
        ],
        "x-ms-ratelimit-remaining-subscription-reads": [
          "11987"
        ],
        "x-ms-correlation-request-id": [
          "7bb0c47f-7e27-4e0b-a751-dfd92af9d06c"
        ],
        "x-ms-routing-request-id": [
          "SOUTHEASTASIA:20190718T020243Z:7bb0c47f-7e27-4e0b-a751-dfd92af9d06c"
        ],
        "Strict-Transport-Security": [
          "max-age=31536000; includeSubDomains"
        ],
        "X-Content-Type-Options": [
          "nosniff"
        ],
        "Date": [
          "Thu, 18 Jul 2019 02:02:43 GMT"
        ],
        "Content-Length": [
          "285"
        ],
        "Content-Type": [
          "application/json; charset=utf-8"
        ],
        "Expires": [
          "-1"
        ]
      },
      "ResponseBody": "{\r\n  \"properties\": {\r\n    \"level\": \"CanNotDelete\"\r\n  },\r\n  \"id\": \"/subscriptions/1c638cf4-608f-4ee6-b680-c329e824c3a8/resourceGroups/rg3bd2803135/providers/Microsoft.Storage/storageAccounts/st78c5840149/providers/Microsoft.Authorization/locks/stLock\",\r\n  \"type\": \"Microsoft.Authorization/locks\",\r\n  \"name\": \"stLock\"\r\n}",
      "StatusCode": 200
    },
    {
      "RequestUri": "/subscriptions/1c638cf4-608f-4ee6-b680-c329e824c3a8/resourcegroups/rg3bd2803135/providers/Microsoft.Compute//disks/dsk7b39395375/providers/Microsoft.Authorization/locks?api-version=2016-09-01",
      "EncodedRequestUri": "L3N1YnNjcmlwdGlvbnMvMWM2MzhjZjQtNjA4Zi00ZWU2LWI2ODAtYzMyOWU4MjRjM2E4L3Jlc291cmNlZ3JvdXBzL3JnM2JkMjgwMzEzNS9wcm92aWRlcnMvTWljcm9zb2Z0LkNvbXB1dGUvL2Rpc2tzL2RzazdiMzkzOTUzNzUvcHJvdmlkZXJzL01pY3Jvc29mdC5BdXRob3JpemF0aW9uL2xvY2tzP2FwaS12ZXJzaW9uPTIwMTYtMDktMDE=",
      "RequestMethod": "GET",
      "RequestBody": "",
      "RequestHeaders": {
        "x-ms-client-request-id": [
          "b1839aa2-bdf5-4b5a-98af-d25535b8ed63"
        ],
        "Accept-Language": [
          "en-US"
        ],
        "User-Agent": [
          "FxVersion/4.6.27817.01",
          "OSName/Windows",
          "OSVersion/Microsoft.Windows.10.0.18362.",
          "Microsoft.Azure.Management.Locks.Fluent.ManagementLockClient/1.0.0.60",
          "MacAddressHash/2b019342529cf08e23dc59175b92f4f300dd563beaff92e2305c16e4d94ed825"
        ]
      },
      "ResponseHeaders": {
        "Cache-Control": [
          "no-cache"
        ],
        "Pragma": [
          "no-cache"
        ],
        "Vary": [
          "Accept-Encoding"
        ],
        "x-ms-request-id": [
          "southeastasia:7909f460-f94b-49f6-ae92-3f4dec93130a"
        ],
        "x-ms-ratelimit-remaining-subscription-reads": [
          "11986"
        ],
        "x-ms-correlation-request-id": [
          "b70c2445-c69b-45a6-ad15-9a75411d44e2"
        ],
        "x-ms-routing-request-id": [
          "SOUTHEASTASIA:20190718T020243Z:b70c2445-c69b-45a6-ad15-9a75411d44e2"
        ],
        "Strict-Transport-Security": [
          "max-age=31536000; includeSubDomains"
        ],
        "X-Content-Type-Options": [
          "nosniff"
        ],
        "Date": [
          "Thu, 18 Jul 2019 02:02:43 GMT"
        ],
        "Content-Length": [
          "808"
        ],
        "Content-Type": [
          "application/json; charset=utf-8"
        ],
        "Expires": [
          "-1"
        ]
      },
      "ResponseBody": "{\r\n  \"value\": [\r\n    {\r\n      \"properties\": {\r\n        \"level\": \"CanNotDelete\"\r\n      },\r\n      \"id\": \"/subscriptions/1c638cf4-608f-4ee6-b680-c329e824c3a8/resourceGroups/rg3bd2803135/providers/Microsoft.Authorization/locks/rglock\",\r\n      \"type\": \"Microsoft.Authorization/locks\",\r\n      \"name\": \"rglock\"\r\n    },\r\n    {\r\n      \"properties\": {\r\n        \"level\": \"CanNotDelete\"\r\n      },\r\n      \"id\": \"/subscriptions/1c638cf4-608f-4ee6-b680-c329e824c3a8/resourceGroups/rg3bd2803135/providers/Microsoft.Compute/disks/dsk7b39395375/providers/Microsoft.Authorization/locks/diskLockDel\",\r\n      \"type\": \"Microsoft.Authorization/locks\",\r\n      \"name\": \"diskLockDel\"\r\n    },\r\n    {\r\n      \"properties\": {\r\n        \"level\": \"ReadOnly\"\r\n      },\r\n      \"id\": \"/subscriptions/1c638cf4-608f-4ee6-b680-c329e824c3a8/resourceGroups/rg3bd2803135/providers/Microsoft.Compute/disks/dsk7b39395375/providers/Microsoft.Authorization/locks/diskLockRO\",\r\n      \"type\": \"Microsoft.Authorization/locks\",\r\n      \"name\": \"diskLockRO\"\r\n    }\r\n  ]\r\n}",
      "StatusCode": 200
    },
    {
      "RequestUri": "/%2Fsubscriptions%2F1c638cf4-608f-4ee6-b680-c329e824c3a8%2FresourceGroups%2Frg3bd2803135%2Fproviders%2FMicrosoft.Compute%2Fdisks%2Fdsk7b39395375/providers/Microsoft.Authorization/locks/diskLockRO?api-version=2016-09-01",
      "EncodedRequestUri": "LyUyRnN1YnNjcmlwdGlvbnMlMkYxYzYzOGNmNC02MDhmLTRlZTYtYjY4MC1jMzI5ZTgyNGMzYTglMkZyZXNvdXJjZUdyb3VwcyUyRnJnM2JkMjgwMzEzNSUyRnByb3ZpZGVycyUyRk1pY3Jvc29mdC5Db21wdXRlJTJGZGlza3MlMkZkc2s3YjM5Mzk1Mzc1L3Byb3ZpZGVycy9NaWNyb3NvZnQuQXV0aG9yaXphdGlvbi9sb2Nrcy9kaXNrTG9ja1JPP2FwaS12ZXJzaW9uPTIwMTYtMDktMDE=",
      "RequestMethod": "GET",
      "RequestBody": "",
      "RequestHeaders": {
        "x-ms-client-request-id": [
          "e62931bd-9e55-4241-81f6-bd8b1545710a"
        ],
        "Accept-Language": [
          "en-US"
        ],
        "User-Agent": [
          "FxVersion/4.6.27817.01",
          "OSName/Windows",
          "OSVersion/Microsoft.Windows.10.0.18362.",
          "Microsoft.Azure.Management.Locks.Fluent.ManagementLockClient/1.0.0.60",
          "MacAddressHash/2b019342529cf08e23dc59175b92f4f300dd563beaff92e2305c16e4d94ed825"
        ]
      },
      "ResponseHeaders": {
        "Cache-Control": [
          "no-cache"
        ],
        "Pragma": [
          "no-cache"
        ],
        "Vary": [
          "Accept-Encoding"
        ],
        "x-ms-request-id": [
          "southeastasia:9e29ad22-eb6b-4db6-b583-46d0b6634515"
        ],
        "x-ms-ratelimit-remaining-subscription-reads": [
          "11985"
        ],
        "x-ms-correlation-request-id": [
          "18d96ec8-9bfa-4eb7-bc2b-eb421203948b"
        ],
        "x-ms-routing-request-id": [
          "SOUTHEASTASIA:20190718T020243Z:18d96ec8-9bfa-4eb7-bc2b-eb421203948b"
        ],
        "Strict-Transport-Security": [
          "max-age=31536000; includeSubDomains"
        ],
        "X-Content-Type-Options": [
          "nosniff"
        ],
        "Date": [
          "Thu, 18 Jul 2019 02:02:43 GMT"
        ],
        "Content-Length": [
          "280"
        ],
        "Content-Type": [
          "application/json; charset=utf-8"
        ],
        "Expires": [
          "-1"
        ]
      },
      "ResponseBody": "{\r\n  \"properties\": {\r\n    \"level\": \"ReadOnly\"\r\n  },\r\n  \"id\": \"/subscriptions/1c638cf4-608f-4ee6-b680-c329e824c3a8/resourceGroups/rg3bd2803135/providers/Microsoft.Compute/disks/dsk7b39395375/providers/Microsoft.Authorization/locks/diskLockRO\",\r\n  \"type\": \"Microsoft.Authorization/locks\",\r\n  \"name\": \"diskLockRO\"\r\n}",
      "StatusCode": 200
    },
    {
      "RequestUri": "/%2Fsubscriptions%2F1c638cf4-608f-4ee6-b680-c329e824c3a8%2FresourceGroups%2Frg3bd2803135%2Fproviders%2FMicrosoft.Compute%2Fdisks%2Fdsk7b39395375/providers/Microsoft.Authorization/locks/diskLockDel?api-version=2016-09-01",
      "EncodedRequestUri": "LyUyRnN1YnNjcmlwdGlvbnMlMkYxYzYzOGNmNC02MDhmLTRlZTYtYjY4MC1jMzI5ZTgyNGMzYTglMkZyZXNvdXJjZUdyb3VwcyUyRnJnM2JkMjgwMzEzNSUyRnByb3ZpZGVycyUyRk1pY3Jvc29mdC5Db21wdXRlJTJGZGlza3MlMkZkc2s3YjM5Mzk1Mzc1L3Byb3ZpZGVycy9NaWNyb3NvZnQuQXV0aG9yaXphdGlvbi9sb2Nrcy9kaXNrTG9ja0RlbD9hcGktdmVyc2lvbj0yMDE2LTA5LTAx",
      "RequestMethod": "GET",
      "RequestBody": "",
      "RequestHeaders": {
        "x-ms-client-request-id": [
          "2cffc47a-872a-41a5-96db-9ed3e63c436f"
        ],
        "Accept-Language": [
          "en-US"
        ],
        "User-Agent": [
          "FxVersion/4.6.27817.01",
          "OSName/Windows",
          "OSVersion/Microsoft.Windows.10.0.18362.",
          "Microsoft.Azure.Management.Locks.Fluent.ManagementLockClient/1.0.0.60",
          "MacAddressHash/2b019342529cf08e23dc59175b92f4f300dd563beaff92e2305c16e4d94ed825"
        ]
      },
      "ResponseHeaders": {
        "Cache-Control": [
          "no-cache"
        ],
        "Pragma": [
          "no-cache"
        ],
        "Vary": [
          "Accept-Encoding"
        ],
        "x-ms-request-id": [
          "southeastasia:952cfcf4-d17c-44f2-ae94-d43701c61e73"
        ],
        "x-ms-ratelimit-remaining-subscription-reads": [
          "11984"
        ],
        "x-ms-correlation-request-id": [
          "611fa6d5-4a72-4d6f-bf77-873fe583f863"
        ],
        "x-ms-routing-request-id": [
          "SOUTHEASTASIA:20190718T020243Z:611fa6d5-4a72-4d6f-bf77-873fe583f863"
        ],
        "Strict-Transport-Security": [
          "max-age=31536000; includeSubDomains"
        ],
        "X-Content-Type-Options": [
          "nosniff"
        ],
        "Date": [
          "Thu, 18 Jul 2019 02:02:43 GMT"
        ],
        "Content-Length": [
          "286"
        ],
        "Content-Type": [
          "application/json; charset=utf-8"
        ],
        "Expires": [
          "-1"
        ]
      },
      "ResponseBody": "{\r\n  \"properties\": {\r\n    \"level\": \"CanNotDelete\"\r\n  },\r\n  \"id\": \"/subscriptions/1c638cf4-608f-4ee6-b680-c329e824c3a8/resourceGroups/rg3bd2803135/providers/Microsoft.Compute/disks/dsk7b39395375/providers/Microsoft.Authorization/locks/diskLockDel\",\r\n  \"type\": \"Microsoft.Authorization/locks\",\r\n  \"name\": \"diskLockDel\"\r\n}",
      "StatusCode": 200
    },
    {
      "RequestUri": "/subscriptions/1c638cf4-608f-4ee6-b680-c329e824c3a8/resourcegroups/rg3bd2803135/providers/Microsoft.Network//virtualNetworks/netfd864377b6/providers/Microsoft.Authorization/locks?api-version=2016-09-01",
      "EncodedRequestUri": "L3N1YnNjcmlwdGlvbnMvMWM2MzhjZjQtNjA4Zi00ZWU2LWI2ODAtYzMyOWU4MjRjM2E4L3Jlc291cmNlZ3JvdXBzL3JnM2JkMjgwMzEzNS9wcm92aWRlcnMvTWljcm9zb2Z0Lk5ldHdvcmsvL3ZpcnR1YWxOZXR3b3Jrcy9uZXRmZDg2NDM3N2I2L3Byb3ZpZGVycy9NaWNyb3NvZnQuQXV0aG9yaXphdGlvbi9sb2Nrcz9hcGktdmVyc2lvbj0yMDE2LTA5LTAx",
      "RequestMethod": "GET",
      "RequestBody": "",
      "RequestHeaders": {
        "x-ms-client-request-id": [
          "6d49d0e7-034b-46eb-9e02-008a36e131bd"
        ],
        "Accept-Language": [
          "en-US"
        ],
        "User-Agent": [
          "FxVersion/4.6.27817.01",
          "OSName/Windows",
          "OSVersion/Microsoft.Windows.10.0.18362.",
          "Microsoft.Azure.Management.Locks.Fluent.ManagementLockClient/1.0.0.60",
          "MacAddressHash/2b019342529cf08e23dc59175b92f4f300dd563beaff92e2305c16e4d94ed825"
        ]
      },
      "ResponseHeaders": {
        "Cache-Control": [
          "no-cache"
        ],
        "Pragma": [
          "no-cache"
        ],
        "Vary": [
          "Accept-Encoding"
        ],
        "x-ms-request-id": [
          "southeastasia:88a6b5cf-ccc8-4ede-8bf0-b0895d62a8f1"
        ],
        "x-ms-ratelimit-remaining-subscription-reads": [
          "11983"
        ],
        "x-ms-correlation-request-id": [
          "1b8e77fe-c98d-4066-9012-07e73029096c"
        ],
        "x-ms-routing-request-id": [
          "SOUTHEASTASIA:20190718T020243Z:1b8e77fe-c98d-4066-9012-07e73029096c"
        ],
        "Strict-Transport-Security": [
          "max-age=31536000; includeSubDomains"
        ],
        "X-Content-Type-Options": [
          "nosniff"
        ],
        "Date": [
          "Thu, 18 Jul 2019 02:02:43 GMT"
        ],
        "Content-Length": [
          "547"
        ],
        "Content-Type": [
          "application/json; charset=utf-8"
        ],
        "Expires": [
          "-1"
        ]
      },
      "ResponseBody": "{\r\n  \"value\": [\r\n    {\r\n      \"properties\": {\r\n        \"level\": \"CanNotDelete\"\r\n      },\r\n      \"id\": \"/subscriptions/1c638cf4-608f-4ee6-b680-c329e824c3a8/resourceGroups/rg3bd2803135/providers/Microsoft.Authorization/locks/rglock\",\r\n      \"type\": \"Microsoft.Authorization/locks\",\r\n      \"name\": \"rglock\"\r\n    },\r\n    {\r\n      \"properties\": {\r\n        \"level\": \"ReadOnly\"\r\n      },\r\n      \"id\": \"/subscriptions/1c638cf4-608f-4ee6-b680-c329e824c3a8/resourceGroups/rg3bd2803135/providers/Microsoft.Network/virtualNetworks/netfd864377b6/subnets/subnet1/providers/Microsoft.Authorization/locks/subnetLock\",\r\n      \"type\": \"Microsoft.Authorization/locks\",\r\n      \"name\": \"subnetLock\"\r\n    }\r\n  ]\r\n}",
      "StatusCode": 200
    },
    {
      "RequestUri": "/%2Fsubscriptions%2F1c638cf4-608f-4ee6-b680-c329e824c3a8%2FresourceGroups%2Frg3bd2803135%2Fproviders%2FMicrosoft.Network%2FvirtualNetworks%2Fnetfd864377b6%2Fsubnets%2Fsubnet1/providers/Microsoft.Authorization/locks/subnetLock?api-version=2016-09-01",
      "EncodedRequestUri": "LyUyRnN1YnNjcmlwdGlvbnMlMkYxYzYzOGNmNC02MDhmLTRlZTYtYjY4MC1jMzI5ZTgyNGMzYTglMkZyZXNvdXJjZUdyb3VwcyUyRnJnM2JkMjgwMzEzNSUyRnByb3ZpZGVycyUyRk1pY3Jvc29mdC5OZXR3b3JrJTJGdmlydHVhbE5ldHdvcmtzJTJGbmV0ZmQ4NjQzNzdiNiUyRnN1Ym5ldHMlMkZzdWJuZXQxL3Byb3ZpZGVycy9NaWNyb3NvZnQuQXV0aG9yaXphdGlvbi9sb2Nrcy9zdWJuZXRMb2NrP2FwaS12ZXJzaW9uPTIwMTYtMDktMDE=",
      "RequestMethod": "GET",
      "RequestBody": "",
      "RequestHeaders": {
        "x-ms-client-request-id": [
          "d9e74805-d4bc-4301-ae61-cf02d9c9e2cd"
        ],
        "Accept-Language": [
          "en-US"
        ],
        "User-Agent": [
          "FxVersion/4.6.27817.01",
          "OSName/Windows",
          "OSVersion/Microsoft.Windows.10.0.18362.",
          "Microsoft.Azure.Management.Locks.Fluent.ManagementLockClient/1.0.0.60",
          "MacAddressHash/2b019342529cf08e23dc59175b92f4f300dd563beaff92e2305c16e4d94ed825"
        ]
      },
      "ResponseHeaders": {
        "Cache-Control": [
          "no-cache"
        ],
        "Pragma": [
          "no-cache"
        ],
        "Vary": [
          "Accept-Encoding"
        ],
        "x-ms-request-id": [
          "southeastasia:97a89867-76c7-4f84-a34d-3286fd91ea27"
        ],
        "x-ms-ratelimit-remaining-subscription-reads": [
          "11982"
        ],
        "x-ms-correlation-request-id": [
          "f46e8f82-766a-4b46-bbf4-3bb07a6bd94f"
        ],
        "x-ms-routing-request-id": [
          "SOUTHEASTASIA:20190718T020244Z:f46e8f82-766a-4b46-bbf4-3bb07a6bd94f"
        ],
        "Strict-Transport-Security": [
          "max-age=31536000; includeSubDomains"
        ],
        "X-Content-Type-Options": [
          "nosniff"
        ],
        "Date": [
          "Thu, 18 Jul 2019 02:02:43 GMT"
        ],
        "Content-Length": [
          "306"
        ],
        "Content-Type": [
          "application/json; charset=utf-8"
        ],
        "Expires": [
          "-1"
        ]
      },
      "ResponseBody": "{\r\n  \"properties\": {\r\n    \"level\": \"ReadOnly\"\r\n  },\r\n  \"id\": \"/subscriptions/1c638cf4-608f-4ee6-b680-c329e824c3a8/resourceGroups/rg3bd2803135/providers/Microsoft.Network/virtualNetworks/netfd864377b6/subnets/subnet1/providers/Microsoft.Authorization/locks/subnetLock\",\r\n  \"type\": \"Microsoft.Authorization/locks\",\r\n  \"name\": \"subnetLock\"\r\n}",
      "StatusCode": 200
    },
    {
      "RequestUri": "/subscriptions/1c638cf4-608f-4ee6-b680-c329e824c3a8/providers/Microsoft.Authorization/locks?api-version=2016-09-01",
      "EncodedRequestUri": "L3N1YnNjcmlwdGlvbnMvMWM2MzhjZjQtNjA4Zi00ZWU2LWI2ODAtYzMyOWU4MjRjM2E4L3Byb3ZpZGVycy9NaWNyb3NvZnQuQXV0aG9yaXphdGlvbi9sb2Nrcz9hcGktdmVyc2lvbj0yMDE2LTA5LTAx",
      "RequestMethod": "GET",
      "RequestBody": "",
      "RequestHeaders": {
        "x-ms-client-request-id": [
          "d38fff16-e14f-4b22-8f1f-bc648653d718"
        ],
        "Accept-Language": [
          "en-US"
        ],
        "User-Agent": [
          "FxVersion/4.6.27817.01",
          "OSName/Windows",
          "OSVersion/Microsoft.Windows.10.0.18362.",
          "Microsoft.Azure.Management.Locks.Fluent.ManagementLockClient/1.0.0.60",
          "MacAddressHash/2b019342529cf08e23dc59175b92f4f300dd563beaff92e2305c16e4d94ed825"
        ]
      },
      "ResponseHeaders": {
        "Cache-Control": [
          "no-cache"
        ],
        "Pragma": [
          "no-cache"
        ],
        "Vary": [
          "Accept-Encoding"
        ],
        "x-ms-request-id": [
          "southeastasia:94a59f67-62b6-421a-829b-d985850cd9c8"
        ],
        "x-ms-ratelimit-remaining-subscription-reads": [
          "11981"
        ],
        "x-ms-correlation-request-id": [
          "f0361a17-1747-418f-875d-d0eb15a77d5d"
        ],
        "x-ms-routing-request-id": [
          "SOUTHEASTASIA:20190718T020244Z:f0361a17-1747-418f-875d-d0eb15a77d5d"
        ],
        "Strict-Transport-Security": [
          "max-age=31536000; includeSubDomains"
        ],
        "X-Content-Type-Options": [
          "nosniff"
        ],
        "Date": [
          "Thu, 18 Jul 2019 02:02:43 GMT"
        ],
        "Content-Length": [
          "11037"
        ],
        "Content-Type": [
          "application/json; charset=utf-8"
        ],
        "Expires": [
          "-1"
        ]
      },
      "ResponseBody": "{\r\n  \"value\": [\r\n    {\r\n      \"properties\": {\r\n        \"level\": \"CanNotDelete\",\r\n        \"notes\": \"\"\r\n      },\r\n      \"id\": \"/subscriptions/1c638cf4-608f-4ee6-b680-c329e824c3a8/resourceGroups/rg46678/providers/Microsoft.Network/expressRouteCircuits/erc54276e/providers/Microsoft.Authorization/locks/erctestlena\",\r\n      \"type\": \"Microsoft.Authorization/locks\",\r\n      \"name\": \"erctestlena\"\r\n    },\r\n    {\r\n      \"properties\": {\r\n        \"level\": \"CanNotDelete\",\r\n        \"notes\": \"For SpringOne demos\"\r\n      },\r\n      \"id\": \"/subscriptions/1c638cf4-608f-4ee6-b680-c329e824c3a8/resourceGroups/jianghaospring/providers/Microsoft.Authorization/locks/springlock\",\r\n      \"type\": \"Microsoft.Authorization/locks\",\r\n      \"name\": \"springlock\"\r\n    },\r\n    {\r\n      \"properties\": {\r\n        \"level\": \"CanNotDelete\",\r\n        \"notes\": \"Storage account contains test resources for Java SDK runtime.\"\r\n      },\r\n      \"id\": \"/subscriptions/1c638cf4-608f-4ee6-b680-c329e824c3a8/resourceGroups/javasdktest/providers/Microsoft.Storage/storageAccounts/javasdktest/providers/Microsoft.Authorization/locks/javasdktest\",\r\n      \"type\": \"Microsoft.Authorization/locks\",\r\n      \"name\": \"javasdktest\"\r\n    },\r\n    {\r\n      \"properties\": {\r\n        \"level\": \"CanNotDelete\",\r\n        \"notes\": \"One or more function apps were linked to this storage account. You can see all the function apps linked to the account under 'files' or 'shares'.\"\r\n      },\r\n      \"id\": \"/subscriptions/1c638cf4-608f-4ee6-b680-c329e824c3a8/resourcegroups/squarerg/providers/Microsoft.Storage/storageAccounts/functionc89f982d8b36/providers/Microsoft.Authorization/locks/functionc89f982d8b36\",\r\n      \"type\": \"Microsoft.Authorization/locks\",\r\n      \"name\": \"functionc89f982d8b36\"\r\n    },\r\n    {\r\n      \"properties\": {\r\n        \"level\": \"CanNotDelete\"\r\n      },\r\n      \"id\": \"/subscriptions/1c638cf4-608f-4ee6-b680-c329e824c3a8/resourceGroups/rg3bd2803135/providers/Microsoft.Authorization/locks/rglock\",\r\n      \"type\": \"Microsoft.Authorization/locks\",\r\n      \"name\": \"rglock\"\r\n    },\r\n    {\r\n      \"properties\": {\r\n        \"level\": \"CanNotDelete\"\r\n      },\r\n      \"id\": \"/subscriptions/1c638cf4-608f-4ee6-b680-c329e824c3a8/resourceGroups/rg3bd2803135/providers/Microsoft.Storage/storageAccounts/st78c5840149/providers/Microsoft.Authorization/locks/stLock\",\r\n      \"type\": \"Microsoft.Authorization/locks\",\r\n      \"name\": \"stLock\"\r\n    },\r\n    {\r\n      \"properties\": {\r\n        \"level\": \"CanNotDelete\"\r\n      },\r\n      \"id\": \"/subscriptions/1c638cf4-608f-4ee6-b680-c329e824c3a8/resourceGroups/rg3bd2803135/providers/Microsoft.Compute/disks/dsk7b39395375/providers/Microsoft.Authorization/locks/diskLockDel\",\r\n      \"type\": \"Microsoft.Authorization/locks\",\r\n      \"name\": \"diskLockDel\"\r\n    },\r\n    {\r\n      \"properties\": {\r\n        \"level\": \"ReadOnly\"\r\n      },\r\n      \"id\": \"/subscriptions/1c638cf4-608f-4ee6-b680-c329e824c3a8/resourceGroups/rg3bd2803135/providers/Microsoft.Compute/disks/dsk7b39395375/providers/Microsoft.Authorization/locks/diskLockRO\",\r\n      \"type\": \"Microsoft.Authorization/locks\",\r\n      \"name\": \"diskLockRO\"\r\n    },\r\n    {\r\n      \"properties\": {\r\n        \"level\": \"ReadOnly\",\r\n        \"notes\": \"vm readonly lock\"\r\n      },\r\n      \"id\": \"/subscriptions/1c638cf4-608f-4ee6-b680-c329e824c3a8/resourceGroups/rg3bd2803135/providers/Microsoft.Compute/virtualMachines/vm6086872948/providers/Microsoft.Authorization/locks/vmlock\",\r\n      \"type\": \"Microsoft.Authorization/locks\",\r\n      \"name\": \"vmlock\"\r\n    },\r\n    {\r\n      \"properties\": {\r\n        \"level\": \"ReadOnly\"\r\n      },\r\n      \"id\": \"/subscriptions/1c638cf4-608f-4ee6-b680-c329e824c3a8/resourceGroups/rg3bd2803135/providers/Microsoft.Network/virtualNetworks/netfd864377b6/subnets/subnet1/providers/Microsoft.Authorization/locks/subnetLock\",\r\n      \"type\": \"Microsoft.Authorization/locks\",\r\n      \"name\": \"subnetLock\"\r\n    },\r\n    {\r\n      \"properties\": {\r\n        \"level\": \"CanNotDelete\",\r\n        \"notes\": \"This is being tracked in ICM as a proof of an app service issue.\"\r\n      },\r\n      \"id\": \"/subscriptions/1c638cf4-608f-4ee6-b680-c329e824c3a8/resourcegroups/javacsmrgbb127984f/providers/Microsoft.Authorization/locks/trackedinicm\",\r\n      \"type\": \"Microsoft.Authorization/locks\",\r\n      \"name\": \"trackedinicm\"\r\n    },\r\n    {\r\n      \"properties\": {\r\n        \"level\": \"CanNotDelete\",\r\n        \"notes\": \"One or more function apps were linked to this storage account. You can see all the function apps linked to the account under 'files' or 'shares'.\"\r\n      },\r\n      \"id\": \"/subscriptions/1c638cf4-608f-4ee6-b680-c329e824c3a8/resourcegroups/rg-webapp-170317114541/providers/Microsoft.Storage/storageAccounts/function8e3b544594c8/providers/Microsoft.Authorization/locks/function8e3b544594c8\",\r\n      \"type\": \"Microsoft.Authorization/locks\",\r\n      \"name\": \"function8e3b544594c8\"\r\n    },\r\n    {\r\n      \"properties\": {\r\n        \"level\": \"CanNotDelete\",\r\n        \"notes\": \"One or more function apps were linked to this storage account. You can see all the function apps linked to the account under 'files' or 'shares'.\"\r\n      },\r\n      \"id\": \"/subscriptions/1c638cf4-608f-4ee6-b680-c329e824c3a8/resourcegroups/linux-rg/providers/Microsoft.Storage/storageAccounts/function299901fe9127/providers/Microsoft.Authorization/locks/function299901fe9127\",\r\n      \"type\": \"Microsoft.Authorization/locks\",\r\n      \"name\": \"function299901fe9127\"\r\n    },\r\n    {\r\n      \"properties\": {\r\n        \"level\": \"CanNotDelete\"\r\n      },\r\n      \"id\": \"/subscriptions/1c638cf4-608f-4ee6-b680-c329e824c3a8/resourceGroups/rg2ef55650b0/providers/Microsoft.Authorization/locks/rglock\",\r\n      \"type\": \"Microsoft.Authorization/locks\",\r\n      \"name\": \"rglock\"\r\n    },\r\n    {\r\n      \"properties\": {\r\n        \"level\": \"CanNotDelete\"\r\n      },\r\n      \"id\": \"/subscriptions/1c638cf4-608f-4ee6-b680-c329e824c3a8/resourceGroups/rg2ef55650b0/providers/Microsoft.Storage/storageAccounts/std7d35479fc/providers/Microsoft.Authorization/locks/stLock\",\r\n      \"type\": \"Microsoft.Authorization/locks\",\r\n      \"name\": \"stLock\"\r\n    },\r\n    {\r\n      \"properties\": {\r\n        \"level\": \"CanNotDelete\"\r\n      },\r\n      \"id\": \"/subscriptions/1c638cf4-608f-4ee6-b680-c329e824c3a8/resourceGroups/rg2ef55650b0/providers/Microsoft.Compute/disks/dsk7a27034375/providers/Microsoft.Authorization/locks/diskLockDel\",\r\n      \"type\": \"Microsoft.Authorization/locks\",\r\n      \"name\": \"diskLockDel\"\r\n    },\r\n    {\r\n      \"properties\": {\r\n        \"level\": \"ReadOnly\"\r\n      },\r\n      \"id\": \"/subscriptions/1c638cf4-608f-4ee6-b680-c329e824c3a8/resourceGroups/rg2ef55650b0/providers/Microsoft.Compute/disks/dsk7a27034375/providers/Microsoft.Authorization/locks/diskLockRO\",\r\n      \"type\": \"Microsoft.Authorization/locks\",\r\n      \"name\": \"diskLockRO\"\r\n    },\r\n    {\r\n      \"properties\": {\r\n        \"level\": \"ReadOnly\",\r\n        \"notes\": \"vm readonly lock\"\r\n      },\r\n      \"id\": \"/subscriptions/1c638cf4-608f-4ee6-b680-c329e824c3a8/resourceGroups/rg2ef55650b0/providers/Microsoft.Compute/virtualMachines/vm3300045278/providers/Microsoft.Authorization/locks/vmlock\",\r\n      \"type\": \"Microsoft.Authorization/locks\",\r\n      \"name\": \"vmlock\"\r\n    },\r\n    {\r\n      \"properties\": {\r\n        \"level\": \"CanNotDelete\"\r\n      },\r\n      \"id\": \"/subscriptions/1c638cf4-608f-4ee6-b680-c329e824c3a8/resourceGroups/rg4f74576805/providers/Microsoft.Compute/disks/dsk9511978374/providers/Microsoft.Authorization/locks/diskLockDel\",\r\n      \"type\": \"Microsoft.Authorization/locks\",\r\n      \"name\": \"diskLockDel\"\r\n    },\r\n    {\r\n      \"properties\": {\r\n        \"level\": \"CanNotDelete\"\r\n      },\r\n      \"id\": \"/subscriptions/1c638cf4-608f-4ee6-b680-c329e824c3a8/resourceGroups/rg140507379b/providers/Microsoft.Authorization/locks/rglock\",\r\n      \"type\": \"Microsoft.Authorization/locks\",\r\n      \"name\": \"rglock\"\r\n    },\r\n    {\r\n      \"properties\": {\r\n        \"level\": \"CanNotDelete\"\r\n      },\r\n      \"id\": \"/subscriptions/1c638cf4-608f-4ee6-b680-c329e824c3a8/resourceGroups/rg140507379b/providers/Microsoft.Storage/storageAccounts/st6de7032139/providers/Microsoft.Authorization/locks/stLock\",\r\n      \"type\": \"Microsoft.Authorization/locks\",\r\n      \"name\": \"stLock\"\r\n    },\r\n    {\r\n      \"properties\": {\r\n        \"level\": \"CanNotDelete\"\r\n      },\r\n      \"id\": \"/subscriptions/1c638cf4-608f-4ee6-b680-c329e824c3a8/resourceGroups/rg140507379b/providers/Microsoft.Compute/disks/dsk0e395591ee/providers/Microsoft.Authorization/locks/diskLockDel\",\r\n      \"type\": \"Microsoft.Authorization/locks\",\r\n      \"name\": \"diskLockDel\"\r\n    },\r\n    {\r\n      \"properties\": {\r\n        \"level\": \"ReadOnly\"\r\n      },\r\n      \"id\": \"/subscriptions/1c638cf4-608f-4ee6-b680-c329e824c3a8/resourceGroups/rg140507379b/providers/Microsoft.Compute/disks/dsk0e395591ee/providers/Microsoft.Authorization/locks/diskLockRO\",\r\n      \"type\": \"Microsoft.Authorization/locks\",\r\n      \"name\": \"diskLockRO\"\r\n    },\r\n    {\r\n      \"properties\": {\r\n        \"level\": \"ReadOnly\",\r\n        \"notes\": \"vm readonly lock\"\r\n      },\r\n      \"id\": \"/subscriptions/1c638cf4-608f-4ee6-b680-c329e824c3a8/resourceGroups/rg140507379b/providers/Microsoft.Compute/virtualMachines/vm7593743002/providers/Microsoft.Authorization/locks/vmlock\",\r\n      \"type\": \"Microsoft.Authorization/locks\",\r\n      \"name\": \"vmlock\"\r\n    },\r\n    {\r\n      \"properties\": {\r\n        \"level\": \"ReadOnly\"\r\n      },\r\n      \"id\": \"/subscriptions/1c638cf4-608f-4ee6-b680-c329e824c3a8/resourceGroups/rg140507379b/providers/Microsoft.Network/virtualNetworks/net9a36056667/subnets/subnet1/providers/Microsoft.Authorization/locks/subnetLock\",\r\n      \"type\": \"Microsoft.Authorization/locks\",\r\n      \"name\": \"subnetLock\"\r\n    },\r\n    {\r\n      \"properties\": {\r\n        \"level\": \"CanNotDelete\",\r\n        \"notes\": \"One or more function apps were linked to this storage account. You can see all the function apps linked to the account under 'files' or 'shares'.\"\r\n      },\r\n      \"id\": \"/subscriptions/1c638cf4-608f-4ee6-b680-c329e824c3a8/resourcegroups/rgtodelete/providers/Microsoft.Storage/storageAccounts/functiona5ad20a69881/providers/Microsoft.Authorization/locks/functiona5ad20a69881\",\r\n      \"type\": \"Microsoft.Authorization/locks\",\r\n      \"name\": \"functiona5ad20a69881\"\r\n    },\r\n    {\r\n      \"properties\": {\r\n        \"level\": \"CanNotDelete\",\r\n        \"notes\": \"pending support ticket.\"\r\n      },\r\n      \"id\": \"/subscriptions/1c638cf4-608f-4ee6-b680-c329e824c3a8/resourceGroups/rg2delete/providers/Microsoft.Authorization/locks/nottodelete\",\r\n      \"type\": \"Microsoft.Authorization/locks\",\r\n      \"name\": \"nottodelete\"\r\n    },\r\n    {\r\n      \"properties\": {\r\n        \"level\": \"CanNotDelete\"\r\n      },\r\n      \"id\": \"/subscriptions/1c638cf4-608f-4ee6-b680-c329e824c3a8/resourceGroups/rgcb812565f1/providers/Microsoft.Authorization/locks/rglock\",\r\n      \"type\": \"Microsoft.Authorization/locks\",\r\n      \"name\": \"rglock\"\r\n    },\r\n    {\r\n      \"properties\": {\r\n        \"level\": \"CanNotDelete\"\r\n      },\r\n      \"id\": \"/subscriptions/1c638cf4-608f-4ee6-b680-c329e824c3a8/resourceGroups/rgcb812565f1/providers/Microsoft.Storage/storageAccounts/st5890565701/providers/Microsoft.Authorization/locks/stLock\",\r\n      \"type\": \"Microsoft.Authorization/locks\",\r\n      \"name\": \"stLock\"\r\n    },\r\n    {\r\n      \"properties\": {\r\n        \"level\": \"CanNotDelete\"\r\n      },\r\n      \"id\": \"/subscriptions/1c638cf4-608f-4ee6-b680-c329e824c3a8/resourceGroups/rgcb812565f1/providers/Microsoft.Compute/disks/dsk2c226658cb/providers/Microsoft.Authorization/locks/diskLockDel\",\r\n      \"type\": \"Microsoft.Authorization/locks\",\r\n      \"name\": \"diskLockDel\"\r\n    },\r\n    {\r\n      \"properties\": {\r\n        \"level\": \"ReadOnly\"\r\n      },\r\n      \"id\": \"/subscriptions/1c638cf4-608f-4ee6-b680-c329e824c3a8/resourceGroups/rgcb812565f1/providers/Microsoft.Compute/disks/dsk2c226658cb/providers/Microsoft.Authorization/locks/diskLockRO\",\r\n      \"type\": \"Microsoft.Authorization/locks\",\r\n      \"name\": \"diskLockRO\"\r\n    },\r\n    {\r\n      \"properties\": {\r\n        \"level\": \"ReadOnly\",\r\n        \"notes\": \"vm readonly lock\"\r\n      },\r\n      \"id\": \"/subscriptions/1c638cf4-608f-4ee6-b680-c329e824c3a8/resourceGroups/rgcb812565f1/providers/Microsoft.Compute/virtualMachines/vmdfc8001643/providers/Microsoft.Authorization/locks/vmlock\",\r\n      \"type\": \"Microsoft.Authorization/locks\",\r\n      \"name\": \"vmlock\"\r\n    },\r\n    {\r\n      \"properties\": {\r\n        \"level\": \"ReadOnly\"\r\n      },\r\n      \"id\": \"/subscriptions/1c638cf4-608f-4ee6-b680-c329e824c3a8/resourceGroups/rg04d79378ea/providers/Microsoft.Compute/disks/dsk25c01697e9/providers/Microsoft.Authorization/locks/diskLockRO\",\r\n      \"type\": \"Microsoft.Authorization/locks\",\r\n      \"name\": \"diskLockRO\"\r\n    },\r\n    {\r\n      \"properties\": {\r\n        \"level\": \"CanNotDelete\",\r\n        \"notes\": \"testing import-export database implementation\"\r\n      },\r\n      \"id\": \"/subscriptions/1c638cf4-608f-4ee6-b680-c329e824c3a8/resourceGroups/a1-test-sql/providers/Microsoft.Storage/storageAccounts/my11223344/providers/Microsoft.Authorization/locks/SQL-testing\",\r\n      \"type\": \"Microsoft.Authorization/locks\",\r\n      \"name\": \"SQL-testing\"\r\n    },\r\n    {\r\n      \"properties\": {\r\n        \"level\": \"CanNotDelete\",\r\n        \"notes\": \"One or more function apps were linked to this storage account. You can see all the function apps linked to the account under 'files' or 'shares'.\"\r\n      },\r\n      \"id\": \"/subscriptions/1c638cf4-608f-4ee6-b680-c329e824c3a8/resourcegroups/javacsmrg0fb824152/providers/Microsoft.Storage/storageAccounts/function02fb9210bf2f/providers/Microsoft.Authorization/locks/function02fb9210bf2f\",\r\n      \"type\": \"Microsoft.Authorization/locks\",\r\n      \"name\": \"function02fb9210bf2f\"\r\n    }\r\n  ]\r\n}",
      "StatusCode": 200
    },
    {
      "RequestUri": "/subscriptions/1c638cf4-608f-4ee6-b680-c329e824c3a8/resourceGroups/rg3bd2803135/providers/Microsoft.Authorization/locks?api-version=2016-09-01",
      "EncodedRequestUri": "L3N1YnNjcmlwdGlvbnMvMWM2MzhjZjQtNjA4Zi00ZWU2LWI2ODAtYzMyOWU4MjRjM2E4L3Jlc291cmNlR3JvdXBzL3JnM2JkMjgwMzEzNS9wcm92aWRlcnMvTWljcm9zb2Z0LkF1dGhvcml6YXRpb24vbG9ja3M/YXBpLXZlcnNpb249MjAxNi0wOS0wMQ==",
      "RequestMethod": "GET",
      "RequestBody": "",
      "RequestHeaders": {
        "x-ms-client-request-id": [
          "2168bb95-f953-4224-9124-6bd5db5f3de2"
        ],
        "Accept-Language": [
          "en-US"
        ],
        "User-Agent": [
          "FxVersion/4.6.27817.01",
          "OSName/Windows",
          "OSVersion/Microsoft.Windows.10.0.18362.",
          "Microsoft.Azure.Management.Locks.Fluent.ManagementLockClient/1.0.0.60",
          "MacAddressHash/2b019342529cf08e23dc59175b92f4f300dd563beaff92e2305c16e4d94ed825"
        ]
      },
      "ResponseHeaders": {
        "Cache-Control": [
          "no-cache"
        ],
        "Pragma": [
          "no-cache"
        ],
        "Vary": [
          "Accept-Encoding"
        ],
        "x-ms-request-id": [
          "southeastasia:9f8c2d34-d305-4e0e-8701-880df1a4623c"
        ],
        "x-ms-ratelimit-remaining-subscription-reads": [
          "11980"
        ],
        "x-ms-correlation-request-id": [
          "07e35298-3676-4a27-b6ed-fcf27abe0ee6"
        ],
        "x-ms-routing-request-id": [
          "SOUTHEASTASIA:20190718T020244Z:07e35298-3676-4a27-b6ed-fcf27abe0ee6"
        ],
        "Strict-Transport-Security": [
          "max-age=31536000; includeSubDomains"
        ],
        "X-Content-Type-Options": [
          "nosniff"
        ],
        "Date": [
          "Thu, 18 Jul 2019 02:02:43 GMT"
        ],
        "Content-Length": [
          "1710"
        ],
        "Content-Type": [
          "application/json; charset=utf-8"
        ],
        "Expires": [
          "-1"
        ]
      },
      "ResponseBody": "{\r\n  \"value\": [\r\n    {\r\n      \"properties\": {\r\n        \"level\": \"CanNotDelete\"\r\n      },\r\n      \"id\": \"/subscriptions/1c638cf4-608f-4ee6-b680-c329e824c3a8/resourceGroups/rg3bd2803135/providers/Microsoft.Authorization/locks/rglock\",\r\n      \"type\": \"Microsoft.Authorization/locks\",\r\n      \"name\": \"rglock\"\r\n    },\r\n    {\r\n      \"properties\": {\r\n        \"level\": \"CanNotDelete\"\r\n      },\r\n      \"id\": \"/subscriptions/1c638cf4-608f-4ee6-b680-c329e824c3a8/resourceGroups/rg3bd2803135/providers/Microsoft.Storage/storageAccounts/st78c5840149/providers/Microsoft.Authorization/locks/stLock\",\r\n      \"type\": \"Microsoft.Authorization/locks\",\r\n      \"name\": \"stLock\"\r\n    },\r\n    {\r\n      \"properties\": {\r\n        \"level\": \"CanNotDelete\"\r\n      },\r\n      \"id\": \"/subscriptions/1c638cf4-608f-4ee6-b680-c329e824c3a8/resourceGroups/rg3bd2803135/providers/Microsoft.Compute/disks/dsk7b39395375/providers/Microsoft.Authorization/locks/diskLockDel\",\r\n      \"type\": \"Microsoft.Authorization/locks\",\r\n      \"name\": \"diskLockDel\"\r\n    },\r\n    {\r\n      \"properties\": {\r\n        \"level\": \"ReadOnly\"\r\n      },\r\n      \"id\": \"/subscriptions/1c638cf4-608f-4ee6-b680-c329e824c3a8/resourceGroups/rg3bd2803135/providers/Microsoft.Compute/disks/dsk7b39395375/providers/Microsoft.Authorization/locks/diskLockRO\",\r\n      \"type\": \"Microsoft.Authorization/locks\",\r\n      \"name\": \"diskLockRO\"\r\n    },\r\n    {\r\n      \"properties\": {\r\n        \"level\": \"ReadOnly\",\r\n        \"notes\": \"vm readonly lock\"\r\n      },\r\n      \"id\": \"/subscriptions/1c638cf4-608f-4ee6-b680-c329e824c3a8/resourceGroups/rg3bd2803135/providers/Microsoft.Compute/virtualMachines/vm6086872948/providers/Microsoft.Authorization/locks/vmlock\",\r\n      \"type\": \"Microsoft.Authorization/locks\",\r\n      \"name\": \"vmlock\"\r\n    },\r\n    {\r\n      \"properties\": {\r\n        \"level\": \"ReadOnly\"\r\n      },\r\n      \"id\": \"/subscriptions/1c638cf4-608f-4ee6-b680-c329e824c3a8/resourceGroups/rg3bd2803135/providers/Microsoft.Network/virtualNetworks/netfd864377b6/subnets/subnet1/providers/Microsoft.Authorization/locks/subnetLock\",\r\n      \"type\": \"Microsoft.Authorization/locks\",\r\n      \"name\": \"subnetLock\"\r\n    }\r\n  ]\r\n}",
      "StatusCode": 200
    },
    {
      "RequestUri": "/%2Fsubscriptions%2F1c638cf4-608f-4ee6-b680-c329e824c3a8%2FresourceGroups%2Frg3bd2803135/providers/Microsoft.Authorization/locks/rglock?api-version=2016-09-01",
      "EncodedRequestUri": "LyUyRnN1YnNjcmlwdGlvbnMlMkYxYzYzOGNmNC02MDhmLTRlZTYtYjY4MC1jMzI5ZTgyNGMzYTglMkZyZXNvdXJjZUdyb3VwcyUyRnJnM2JkMjgwMzEzNS9wcm92aWRlcnMvTWljcm9zb2Z0LkF1dGhvcml6YXRpb24vbG9ja3Mvcmdsb2NrP2FwaS12ZXJzaW9uPTIwMTYtMDktMDE=",
      "RequestMethod": "DELETE",
      "RequestBody": "",
      "RequestHeaders": {
        "x-ms-client-request-id": [
          "f89b6a92-e525-4b83-9aec-a2e6b57945f3"
        ],
        "Accept-Language": [
          "en-US"
        ],
        "User-Agent": [
          "FxVersion/4.6.27817.01",
          "OSName/Windows",
          "OSVersion/Microsoft.Windows.10.0.18362.",
          "Microsoft.Azure.Management.Locks.Fluent.ManagementLockClient/1.0.0.60",
          "MacAddressHash/2b019342529cf08e23dc59175b92f4f300dd563beaff92e2305c16e4d94ed825"
        ]
      },
      "ResponseHeaders": {
        "Cache-Control": [
          "no-cache"
        ],
        "Pragma": [
          "no-cache"
        ],
        "x-ms-request-id": [
          "southeastasia:91f7ab62-04f9-4ee7-a089-7a128b86eea9"
        ],
        "x-ms-ratelimit-remaining-subscription-deletes": [
          "14996"
        ],
        "x-ms-correlation-request-id": [
          "b5fcb845-ef6a-4a9d-b0f4-e0b17ea549b3"
        ],
        "x-ms-routing-request-id": [
          "SOUTHEASTASIA:20190718T020244Z:b5fcb845-ef6a-4a9d-b0f4-e0b17ea549b3"
        ],
        "Strict-Transport-Security": [
          "max-age=31536000; includeSubDomains"
        ],
        "X-Content-Type-Options": [
          "nosniff"
        ],
        "Date": [
          "Thu, 18 Jul 2019 02:02:43 GMT"
        ],
        "Expires": [
          "-1"
        ],
        "Content-Length": [
          "0"
        ]
      },
      "ResponseBody": "",
      "StatusCode": 200
    },
    {
      "RequestUri": "/%2Fsubscriptions%2F1c638cf4-608f-4ee6-b680-c329e824c3a8%2FresourceGroups%2Frg3bd2803135%2Fproviders%2FMicrosoft.Compute%2FvirtualMachines%2Fvm6086872948/providers/Microsoft.Authorization/locks/vmlock?api-version=2016-09-01",
      "EncodedRequestUri": "LyUyRnN1YnNjcmlwdGlvbnMlMkYxYzYzOGNmNC02MDhmLTRlZTYtYjY4MC1jMzI5ZTgyNGMzYTglMkZyZXNvdXJjZUdyb3VwcyUyRnJnM2JkMjgwMzEzNSUyRnByb3ZpZGVycyUyRk1pY3Jvc29mdC5Db21wdXRlJTJGdmlydHVhbE1hY2hpbmVzJTJGdm02MDg2ODcyOTQ4L3Byb3ZpZGVycy9NaWNyb3NvZnQuQXV0aG9yaXphdGlvbi9sb2Nrcy92bWxvY2s/YXBpLXZlcnNpb249MjAxNi0wOS0wMQ==",
      "RequestMethod": "DELETE",
      "RequestBody": "",
      "RequestHeaders": {
        "x-ms-client-request-id": [
          "efd0bd05-2720-4ffb-a171-f11d63e14b41"
        ],
        "Accept-Language": [
          "en-US"
        ],
        "User-Agent": [
          "FxVersion/4.6.27817.01",
          "OSName/Windows",
          "OSVersion/Microsoft.Windows.10.0.18362.",
          "Microsoft.Azure.Management.Locks.Fluent.ManagementLockClient/1.0.0.60",
          "MacAddressHash/2b019342529cf08e23dc59175b92f4f300dd563beaff92e2305c16e4d94ed825"
        ]
      },
      "ResponseHeaders": {
        "Cache-Control": [
          "no-cache"
        ],
        "Pragma": [
          "no-cache"
        ],
        "x-ms-request-id": [
          "southeastasia:766f55f4-fe1f-4fb3-b17d-becdd5e8b6a3"
        ],
        "x-ms-ratelimit-remaining-subscription-deletes": [
          "14995"
        ],
        "x-ms-correlation-request-id": [
          "7ef9d9fe-c095-41ff-8dfc-f3945952931d"
        ],
        "x-ms-routing-request-id": [
          "SOUTHEASTASIA:20190718T020244Z:7ef9d9fe-c095-41ff-8dfc-f3945952931d"
        ],
        "Strict-Transport-Security": [
          "max-age=31536000; includeSubDomains"
        ],
        "X-Content-Type-Options": [
          "nosniff"
        ],
        "Date": [
          "Thu, 18 Jul 2019 02:02:44 GMT"
        ],
        "Expires": [
          "-1"
        ],
        "Content-Length": [
          "0"
        ]
      },
      "ResponseBody": "",
      "StatusCode": 200
    },
    {
      "RequestUri": "/%2Fsubscriptions%2F1c638cf4-608f-4ee6-b680-c329e824c3a8%2FresourceGroups%2Frg3bd2803135%2Fproviders%2FMicrosoft.Compute%2Fdisks%2Fdsk7b39395375/providers/Microsoft.Authorization/locks/diskLockRO?api-version=2016-09-01",
      "EncodedRequestUri": "LyUyRnN1YnNjcmlwdGlvbnMlMkYxYzYzOGNmNC02MDhmLTRlZTYtYjY4MC1jMzI5ZTgyNGMzYTglMkZyZXNvdXJjZUdyb3VwcyUyRnJnM2JkMjgwMzEzNSUyRnByb3ZpZGVycyUyRk1pY3Jvc29mdC5Db21wdXRlJTJGZGlza3MlMkZkc2s3YjM5Mzk1Mzc1L3Byb3ZpZGVycy9NaWNyb3NvZnQuQXV0aG9yaXphdGlvbi9sb2Nrcy9kaXNrTG9ja1JPP2FwaS12ZXJzaW9uPTIwMTYtMDktMDE=",
      "RequestMethod": "DELETE",
      "RequestBody": "",
      "RequestHeaders": {
        "x-ms-client-request-id": [
          "6787aaf4-1812-4359-842d-901944826cdc"
        ],
        "Accept-Language": [
          "en-US"
        ],
        "User-Agent": [
          "FxVersion/4.6.27817.01",
          "OSName/Windows",
          "OSVersion/Microsoft.Windows.10.0.18362.",
          "Microsoft.Azure.Management.Locks.Fluent.ManagementLockClient/1.0.0.60",
          "MacAddressHash/2b019342529cf08e23dc59175b92f4f300dd563beaff92e2305c16e4d94ed825"
        ]
      },
      "ResponseHeaders": {
        "Cache-Control": [
          "no-cache"
        ],
        "Pragma": [
          "no-cache"
        ],
        "x-ms-request-id": [
          "southeastasia:42385e99-23a1-4076-a7fa-62426962083e"
        ],
        "x-ms-ratelimit-remaining-subscription-deletes": [
          "14994"
        ],
        "x-ms-correlation-request-id": [
          "1397d9fb-9fd2-4f12-a32c-311549069232"
        ],
        "x-ms-routing-request-id": [
          "SOUTHEASTASIA:20190718T020244Z:1397d9fb-9fd2-4f12-a32c-311549069232"
        ],
        "Strict-Transport-Security": [
          "max-age=31536000; includeSubDomains"
        ],
        "X-Content-Type-Options": [
          "nosniff"
        ],
        "Date": [
          "Thu, 18 Jul 2019 02:02:44 GMT"
        ],
        "Expires": [
          "-1"
        ],
        "Content-Length": [
          "0"
        ]
      },
      "ResponseBody": "",
      "StatusCode": 200
    },
    {
      "RequestUri": "/%2Fsubscriptions%2F1c638cf4-608f-4ee6-b680-c329e824c3a8%2FresourceGroups%2Frg3bd2803135%2Fproviders%2FMicrosoft.Compute%2Fdisks%2Fdsk7b39395375/providers/Microsoft.Authorization/locks/diskLockDel?api-version=2016-09-01",
      "EncodedRequestUri": "LyUyRnN1YnNjcmlwdGlvbnMlMkYxYzYzOGNmNC02MDhmLTRlZTYtYjY4MC1jMzI5ZTgyNGMzYTglMkZyZXNvdXJjZUdyb3VwcyUyRnJnM2JkMjgwMzEzNSUyRnByb3ZpZGVycyUyRk1pY3Jvc29mdC5Db21wdXRlJTJGZGlza3MlMkZkc2s3YjM5Mzk1Mzc1L3Byb3ZpZGVycy9NaWNyb3NvZnQuQXV0aG9yaXphdGlvbi9sb2Nrcy9kaXNrTG9ja0RlbD9hcGktdmVyc2lvbj0yMDE2LTA5LTAx",
      "RequestMethod": "DELETE",
      "RequestBody": "",
      "RequestHeaders": {
        "x-ms-client-request-id": [
          "dca96d9b-3182-49b5-871d-0efdae9c73dd"
        ],
        "Accept-Language": [
          "en-US"
        ],
        "User-Agent": [
          "FxVersion/4.6.27817.01",
          "OSName/Windows",
          "OSVersion/Microsoft.Windows.10.0.18362.",
          "Microsoft.Azure.Management.Locks.Fluent.ManagementLockClient/1.0.0.60",
          "MacAddressHash/2b019342529cf08e23dc59175b92f4f300dd563beaff92e2305c16e4d94ed825"
        ]
      },
      "ResponseHeaders": {
        "Cache-Control": [
          "no-cache"
        ],
        "Pragma": [
          "no-cache"
        ],
        "x-ms-request-id": [
          "southeastasia:a883c26b-7904-4d9f-afe0-8ff66a70b639"
        ],
        "x-ms-ratelimit-remaining-subscription-deletes": [
          "14993"
        ],
        "x-ms-correlation-request-id": [
          "29628d9b-891d-4d19-b91a-76fc1024e266"
        ],
        "x-ms-routing-request-id": [
          "SOUTHEASTASIA:20190718T020244Z:29628d9b-891d-4d19-b91a-76fc1024e266"
        ],
        "Strict-Transport-Security": [
          "max-age=31536000; includeSubDomains"
        ],
        "X-Content-Type-Options": [
          "nosniff"
        ],
        "Date": [
          "Thu, 18 Jul 2019 02:02:44 GMT"
        ],
        "Expires": [
          "-1"
        ],
        "Content-Length": [
          "0"
        ]
      },
      "ResponseBody": "",
      "StatusCode": 200
    },
    {
      "RequestUri": "/%2Fsubscriptions%2F1c638cf4-608f-4ee6-b680-c329e824c3a8%2FresourceGroups%2Frg3bd2803135%2Fproviders%2FMicrosoft.Storage%2FstorageAccounts%2Fst78c5840149/providers/Microsoft.Authorization/locks/stLock?api-version=2016-09-01",
      "EncodedRequestUri": "LyUyRnN1YnNjcmlwdGlvbnMlMkYxYzYzOGNmNC02MDhmLTRlZTYtYjY4MC1jMzI5ZTgyNGMzYTglMkZyZXNvdXJjZUdyb3VwcyUyRnJnM2JkMjgwMzEzNSUyRnByb3ZpZGVycyUyRk1pY3Jvc29mdC5TdG9yYWdlJTJGc3RvcmFnZUFjY291bnRzJTJGc3Q3OGM1ODQwMTQ5L3Byb3ZpZGVycy9NaWNyb3NvZnQuQXV0aG9yaXphdGlvbi9sb2Nrcy9zdExvY2s/YXBpLXZlcnNpb249MjAxNi0wOS0wMQ==",
      "RequestMethod": "DELETE",
      "RequestBody": "",
      "RequestHeaders": {
        "x-ms-client-request-id": [
          "e33490f7-6033-4043-81f6-18353c4c66e2"
        ],
        "Accept-Language": [
          "en-US"
        ],
        "User-Agent": [
          "FxVersion/4.6.27817.01",
          "OSName/Windows",
          "OSVersion/Microsoft.Windows.10.0.18362.",
          "Microsoft.Azure.Management.Locks.Fluent.ManagementLockClient/1.0.0.60",
          "MacAddressHash/2b019342529cf08e23dc59175b92f4f300dd563beaff92e2305c16e4d94ed825"
        ]
      },
      "ResponseHeaders": {
        "Cache-Control": [
          "no-cache"
        ],
        "Pragma": [
          "no-cache"
        ],
        "x-ms-request-id": [
          "southeastasia:3e8e4047-65f6-462d-959d-72748cf4b0b5"
        ],
        "x-ms-ratelimit-remaining-subscription-deletes": [
          "14992"
        ],
        "x-ms-correlation-request-id": [
          "3a2dbfd4-ff54-47f5-bf9f-9a86f8cd6531"
        ],
        "x-ms-routing-request-id": [
          "SOUTHEASTASIA:20190718T020244Z:3a2dbfd4-ff54-47f5-bf9f-9a86f8cd6531"
        ],
        "Strict-Transport-Security": [
          "max-age=31536000; includeSubDomains"
        ],
        "X-Content-Type-Options": [
          "nosniff"
        ],
        "Date": [
          "Thu, 18 Jul 2019 02:02:44 GMT"
        ],
        "Expires": [
          "-1"
        ],
        "Content-Length": [
          "0"
        ]
      },
      "ResponseBody": "",
      "StatusCode": 200
    },
    {
      "RequestUri": "/%2Fsubscriptions%2F1c638cf4-608f-4ee6-b680-c329e824c3a8%2FresourceGroups%2Frg3bd2803135%2Fproviders%2FMicrosoft.Network%2FvirtualNetworks%2Fnetfd864377b6%2Fsubnets%2Fsubnet1/providers/Microsoft.Authorization/locks/subnetLock?api-version=2016-09-01",
      "EncodedRequestUri": "LyUyRnN1YnNjcmlwdGlvbnMlMkYxYzYzOGNmNC02MDhmLTRlZTYtYjY4MC1jMzI5ZTgyNGMzYTglMkZyZXNvdXJjZUdyb3VwcyUyRnJnM2JkMjgwMzEzNSUyRnByb3ZpZGVycyUyRk1pY3Jvc29mdC5OZXR3b3JrJTJGdmlydHVhbE5ldHdvcmtzJTJGbmV0ZmQ4NjQzNzdiNiUyRnN1Ym5ldHMlMkZzdWJuZXQxL3Byb3ZpZGVycy9NaWNyb3NvZnQuQXV0aG9yaXphdGlvbi9sb2Nrcy9zdWJuZXRMb2NrP2FwaS12ZXJzaW9uPTIwMTYtMDktMDE=",
      "RequestMethod": "DELETE",
      "RequestBody": "",
      "RequestHeaders": {
        "x-ms-client-request-id": [
          "eff18aa3-f2aa-49de-bf8b-7b3ab7fc8f11"
        ],
        "Accept-Language": [
          "en-US"
        ],
        "User-Agent": [
          "FxVersion/4.6.27817.01",
          "OSName/Windows",
          "OSVersion/Microsoft.Windows.10.0.18362.",
          "Microsoft.Azure.Management.Locks.Fluent.ManagementLockClient/1.0.0.60",
          "MacAddressHash/2b019342529cf08e23dc59175b92f4f300dd563beaff92e2305c16e4d94ed825"
        ]
      },
      "ResponseHeaders": {
        "Cache-Control": [
          "no-cache"
        ],
        "Pragma": [
          "no-cache"
        ],
        "x-ms-request-id": [
          "southeastasia:3510c267-90e3-420e-98f8-1c611c635c92"
        ],
        "x-ms-ratelimit-remaining-subscription-deletes": [
          "14991"
        ],
        "x-ms-correlation-request-id": [
          "e086b602-8901-403a-b9e0-588f2c9a2c1b"
        ],
        "x-ms-routing-request-id": [
          "SOUTHEASTASIA:20190718T020245Z:e086b602-8901-403a-b9e0-588f2c9a2c1b"
        ],
        "Strict-Transport-Security": [
          "max-age=31536000; includeSubDomains"
        ],
        "X-Content-Type-Options": [
          "nosniff"
        ],
        "Date": [
          "Thu, 18 Jul 2019 02:02:44 GMT"
        ],
        "Expires": [
          "-1"
        ],
        "Content-Length": [
          "0"
        ]
      },
      "ResponseBody": "",
      "StatusCode": 200
    },
    {
      "RequestUri": "/subscriptions/1c638cf4-608f-4ee6-b680-c329e824c3a8/resourcegroups/rg3bd2803135?api-version=2017-05-10",
      "EncodedRequestUri": "L3N1YnNjcmlwdGlvbnMvMWM2MzhjZjQtNjA4Zi00ZWU2LWI2ODAtYzMyOWU4MjRjM2E4L3Jlc291cmNlZ3JvdXBzL3JnM2JkMjgwMzEzNT9hcGktdmVyc2lvbj0yMDE3LTA1LTEw",
      "RequestMethod": "DELETE",
      "RequestBody": "",
      "RequestHeaders": {
        "x-ms-client-request-id": [
          "11ea5e86-9510-42f7-8e75-f93cd57a785b"
        ],
        "Accept-Language": [
          "en-US"
        ],
        "User-Agent": [
          "FxVersion/4.6.27817.01",
          "OSName/Windows",
          "OSVersion/Microsoft.Windows.10.0.18362.",
          "Microsoft.Azure.Management.ResourceManager.Fluent.ResourceManagementClient/1.0.0.60",
          "MacAddressHash/2b019342529cf08e23dc59175b92f4f300dd563beaff92e2305c16e4d94ed825"
        ]
      },
      "ResponseHeaders": {
        "Cache-Control": [
          "no-cache"
        ],
        "Pragma": [
          "no-cache"
        ],
        "Location": [
          "https://management.azure.com/subscriptions/1c638cf4-608f-4ee6-b680-c329e824c3a8/operationresults/eyJqb2JJZCI6IlJFU09VUkNFR1JPVVBERUxFVElPTkpPQi1SRzNCRDI4MDMxMzUtRUFTVFVTIiwiam9iTG9jYXRpb24iOiJlYXN0dXMifQ?api-version=2017-05-10"
        ],
        "Retry-After": [
          "15"
        ],
        "x-ms-ratelimit-remaining-subscription-deletes": [
          "14998"
        ],
        "x-ms-request-id": [
          "43d4a762-f199-4bf0-9926-f9b81c3b6f52"
        ],
        "x-ms-correlation-request-id": [
          "43d4a762-f199-4bf0-9926-f9b81c3b6f52"
        ],
        "x-ms-routing-request-id": [
          "SOUTHEASTASIA:20190718T020251Z:43d4a762-f199-4bf0-9926-f9b81c3b6f52"
        ],
        "Strict-Transport-Security": [
          "max-age=31536000; includeSubDomains"
        ],
        "X-Content-Type-Options": [
          "nosniff"
        ],
        "Date": [
          "Thu, 18 Jul 2019 02:02:50 GMT"
        ],
        "Expires": [
          "-1"
        ],
        "Content-Length": [
          "0"
        ]
      },
      "ResponseBody": "",
      "StatusCode": 202
    }
  ],
  "Names": {
    "CanCRUDLocks": [
      "p@s90b18158b",
      "rg3bd2803135",
      "vm6086872948",
      "st78c5840149",
      "dsk7b39395375",
      "netfd864377b6",
      "nic5539048a73a"
    ]
  },
  "Variables": {
    "ServicePrincipal": "ad38138c-4c27-4cc1-bc68-b74f4f9780cc",
    "AADTenant": "72f988bf-86f1-41af-91ab-2d7cd011db47",
    "SubscriptionId": "1c638cf4-608f-4ee6-b680-c329e824c3a8"
  }
}