{
  "Entries": [
    {
      "RequestUri": "/subscriptions/0b1f6471-1bf0-4dda-aec3-cb9272f09590/resourcegroups/rg71c383847c?api-version=2017-05-10",
      "EncodedRequestUri": "L3N1YnNjcmlwdGlvbnMvMGIxZjY0NzEtMWJmMC00ZGRhLWFlYzMtY2I5MjcyZjA5NTkwL3Jlc291cmNlZ3JvdXBzL3JnNzFjMzgzODQ3Yz9hcGktdmVyc2lvbj0yMDE3LTA1LTEw",
      "RequestMethod": "PUT",
      "RequestBody": "{\r\n  \"location\": \"eastus\"\r\n}",
      "RequestHeaders": {
        "x-ms-client-request-id": [
          "3f7fc260-cf80-4220-884f-7faa0d2e9e1a"
        ],
        "Accept-Language": [
          "en-US"
        ],
        "User-Agent": [
          "FxVersion/4.6.26725.06",
          "OSName/Windows",
          "OSVersion/Microsoft.Windows.10.0.17763.",
          "Microsoft.Azure.Management.ResourceManager.Fluent.ResourceManagementClient/1.19.0.0",
          "MacAddressHash/1706214d8731cf2405675fdf5fb8b4bf75f06e7a9bb34e8d93f8f4a5d61acc28"
        ],
        "Content-Type": [
          "application/json; charset=utf-8"
        ],
        "Content-Length": [
          "28"
        ]
      },
      "ResponseHeaders": {
        "Cache-Control": [
          "no-cache"
        ],
        "Pragma": [
          "no-cache"
        ],
        "x-ms-ratelimit-remaining-subscription-writes": [
          "1199"
        ],
        "x-ms-request-id": [
          "7c440883-1e56-4a29-acd4-da1ef0a071b2"
        ],
        "x-ms-correlation-request-id": [
          "7c440883-1e56-4a29-acd4-da1ef0a071b2"
        ],
        "x-ms-routing-request-id": [
          "WESTUS2:20190228T235132Z:7c440883-1e56-4a29-acd4-da1ef0a071b2"
        ],
        "Strict-Transport-Security": [
          "max-age=31536000; includeSubDomains"
        ],
        "X-Content-Type-Options": [
          "nosniff"
        ],
        "Date": [
          "Thu, 28 Feb 2019 23:51:31 GMT"
        ],
        "Content-Length": [
          "177"
        ],
        "Content-Type": [
          "application/json; charset=utf-8"
        ],
        "Expires": [
          "-1"
        ]
      },
      "ResponseBody": "{\r\n  \"id\": \"/subscriptions/0b1f6471-1bf0-4dda-aec3-cb9272f09590/resourceGroups/rg71c383847c\",\r\n  \"name\": \"rg71c383847c\",\r\n  \"location\": \"eastus\",\r\n  \"properties\": {\r\n    \"provisioningState\": \"Succeeded\"\r\n  }\r\n}",
      "StatusCode": 201
    },
    {
      "RequestUri": "/subscriptions/0b1f6471-1bf0-4dda-aec3-cb9272f09590/resourceGroups/rg71c383847c/providers/Microsoft.Compute/disks/dskc59200396e?api-version=2018-06-01",
      "EncodedRequestUri": "L3N1YnNjcmlwdGlvbnMvMGIxZjY0NzEtMWJmMC00ZGRhLWFlYzMtY2I5MjcyZjA5NTkwL3Jlc291cmNlR3JvdXBzL3JnNzFjMzgzODQ3Yy9wcm92aWRlcnMvTWljcm9zb2Z0LkNvbXB1dGUvZGlza3MvZHNrYzU5MjAwMzk2ZT9hcGktdmVyc2lvbj0yMDE4LTA2LTAx",
      "RequestMethod": "PUT",
      "RequestBody": "{\r\n  \"properties\": {\r\n    \"creationData\": {\r\n      \"createOption\": \"Empty\"\r\n    },\r\n    \"diskSizeGB\": 100\r\n  },\r\n  \"location\": \"eastus\",\r\n  \"tags\": {}\r\n}",
      "RequestHeaders": {
        "x-ms-client-request-id": [
          "80aa43f1-a934-4f5c-817e-bf2c97176445"
        ],
        "Accept-Language": [
          "en-US"
        ],
        "User-Agent": [
          "FxVersion/4.6.26725.06",
          "OSName/Windows",
          "OSVersion/Microsoft.Windows.10.0.17763.",
          "Microsoft.Azure.Management.Compute.Fluent.ComputeManagementClient/1.19.0.0",
          "MacAddressHash/1706214d8731cf2405675fdf5fb8b4bf75f06e7a9bb34e8d93f8f4a5d61acc28"
        ],
        "Content-Type": [
          "application/json; charset=utf-8"
        ],
        "Content-Length": [
          "153"
        ]
      },
      "ResponseHeaders": {
        "Cache-Control": [
          "no-cache"
        ],
        "Pragma": [
          "no-cache"
        ],
        "Location": [
          "https://management.azure.com/subscriptions/0b1f6471-1bf0-4dda-aec3-cb9272f09590/providers/Microsoft.Compute/locations/eastus/DiskOperations/ee0c91ed-2aba-44d5-a42d-05fb5992b237?monitor=true&api-version=2018-06-01"
        ],
        "Azure-AsyncOperation": [
          "https://management.azure.com/subscriptions/0b1f6471-1bf0-4dda-aec3-cb9272f09590/providers/Microsoft.Compute/locations/eastus/DiskOperations/ee0c91ed-2aba-44d5-a42d-05fb5992b237?api-version=2018-06-01"
        ],
        "x-ms-ratelimit-remaining-resource": [
          "Microsoft.Compute/CreateUpdateDisks3Min;999,Microsoft.Compute/CreateUpdateDisks30Min;7999"
        ],
        "Strict-Transport-Security": [
          "max-age=31536000; includeSubDomains"
        ],
        "x-ms-served-by": [
          "36ee1309-094c-4cec-b989-37cf5e794c1b_131880572205253447"
        ],
        "x-ms-request-id": [
          "ee0c91ed-2aba-44d5-a42d-05fb5992b237"
        ],
        "Server": [
          "Microsoft-HTTPAPI/2.0",
          "Microsoft-HTTPAPI/2.0"
        ],
        "x-ms-ratelimit-remaining-subscription-writes": [
          "1198"
        ],
        "x-ms-correlation-request-id": [
          "33c876ff-141b-4085-8078-75a0fe4fb0d2"
        ],
        "x-ms-routing-request-id": [
          "WESTUS2:20190228T235133Z:33c876ff-141b-4085-8078-75a0fe4fb0d2"
        ],
        "X-Content-Type-Options": [
          "nosniff"
        ],
        "Date": [
          "Thu, 28 Feb 2019 23:51:33 GMT"
        ],
        "Content-Length": [
          "247"
        ],
        "Content-Type": [
          "application/json; charset=utf-8"
        ],
        "Expires": [
          "-1"
        ]
      },
      "ResponseBody": "{\r\n  \"properties\": {\r\n    \"creationData\": {\r\n      \"createOption\": \"Empty\"\r\n    },\r\n    \"diskSizeGB\": 100,\r\n    \"provisioningState\": \"Updating\",\r\n    \"isArmResource\": true\r\n  },\r\n  \"location\": \"eastus\",\r\n  \"tags\": {},\r\n  \"name\": \"dskc59200396e\"\r\n}",
      "StatusCode": 202
    },
    {
      "RequestUri": "/subscriptions/0b1f6471-1bf0-4dda-aec3-cb9272f09590/resourceGroups/rg71c383847c/providers/Microsoft.Storage/storageAccounts/stb758830048?api-version=2017-10-01",
      "EncodedRequestUri": "L3N1YnNjcmlwdGlvbnMvMGIxZjY0NzEtMWJmMC00ZGRhLWFlYzMtY2I5MjcyZjA5NTkwL3Jlc291cmNlR3JvdXBzL3JnNzFjMzgzODQ3Yy9wcm92aWRlcnMvTWljcm9zb2Z0LlN0b3JhZ2Uvc3RvcmFnZUFjY291bnRzL3N0Yjc1ODgzMDA0OD9hcGktdmVyc2lvbj0yMDE3LTEwLTAx",
      "RequestMethod": "PUT",
      "RequestBody": "{\r\n  \"sku\": {\r\n    \"name\": \"Standard_GRS\"\r\n  },\r\n  \"kind\": \"Storage\",\r\n  \"location\": \"eastus\",\r\n  \"tags\": {}\r\n}",
      "RequestHeaders": {
        "x-ms-client-request-id": [
          "b48192d5-7124-4fe8-9bfd-f43048fc084d"
        ],
        "Accept-Language": [
          "en-US"
        ],
        "User-Agent": [
          "FxVersion/4.6.26725.06",
          "OSName/Windows",
          "OSVersion/Microsoft.Windows.10.0.17763.",
          "Microsoft.Azure.Management.Storage.Fluent.StorageManagementClient/1.19.0.0",
          "MacAddressHash/1706214d8731cf2405675fdf5fb8b4bf75f06e7a9bb34e8d93f8f4a5d61acc28"
        ],
        "Content-Type": [
          "application/json; charset=utf-8"
        ],
        "Content-Length": [
          "111"
        ]
      },
      "ResponseHeaders": {
        "Cache-Control": [
          "no-cache"
        ],
        "Pragma": [
          "no-cache"
        ],
        "Location": [
          "https://management.azure.com/subscriptions/0b1f6471-1bf0-4dda-aec3-cb9272f09590/providers/Microsoft.Storage/locations/eastus/asyncoperations/0aa3e5f1-bd90-4ffb-a428-7c1d8c80e2f7?monitor=true&api-version=2017-10-01"
        ],
        "Retry-After": [
          "17"
        ],
        "x-ms-request-id": [
          "0aa3e5f1-bd90-4ffb-a428-7c1d8c80e2f7"
        ],
        "Strict-Transport-Security": [
          "max-age=31536000; includeSubDomains"
        ],
        "Server": [
          "Microsoft-Azure-Storage-Resource-Provider/1.0,Microsoft-HTTPAPI/2.0 Microsoft-HTTPAPI/2.0"
        ],
        "x-ms-ratelimit-remaining-subscription-writes": [
          "1199"
        ],
        "x-ms-correlation-request-id": [
          "2d0bacb3-82a3-4d22-9bd8-e7252921d9e2"
        ],
        "x-ms-routing-request-id": [
          "WESTUS2:20190228T235134Z:2d0bacb3-82a3-4d22-9bd8-e7252921d9e2"
        ],
        "X-Content-Type-Options": [
          "nosniff"
        ],
        "Date": [
          "Thu, 28 Feb 2019 23:51:34 GMT"
        ],
        "Content-Type": [
          "text/plain; charset=utf-8"
        ],
        "Expires": [
          "-1"
        ],
        "Content-Length": [
          "0"
        ]
      },
      "ResponseBody": "",
      "StatusCode": 202
    },
    {
      "RequestUri": "/subscriptions/0b1f6471-1bf0-4dda-aec3-cb9272f09590/resourceGroups/rg71c383847c/providers/Microsoft.Network/virtualNetworks/net84e8091005?api-version=2018-04-01",
      "EncodedRequestUri": "L3N1YnNjcmlwdGlvbnMvMGIxZjY0NzEtMWJmMC00ZGRhLWFlYzMtY2I5MjcyZjA5NTkwL3Jlc291cmNlR3JvdXBzL3JnNzFjMzgzODQ3Yy9wcm92aWRlcnMvTWljcm9zb2Z0Lk5ldHdvcmsvdmlydHVhbE5ldHdvcmtzL25ldDg0ZTgwOTEwMDU/YXBpLXZlcnNpb249MjAxOC0wNC0wMQ==",
      "RequestMethod": "PUT",
      "RequestBody": "{\r\n  \"properties\": {\r\n    \"addressSpace\": {\r\n      \"addressPrefixes\": [\r\n        \"10.0.0.0/28\"\r\n      ]\r\n    },\r\n    \"dhcpOptions\": {\r\n      \"dnsServers\": []\r\n    },\r\n    \"subnets\": [\r\n      {\r\n        \"properties\": {\r\n          \"addressPrefix\": \"10.0.0.0/28\"\r\n        },\r\n        \"name\": \"subnet1\"\r\n      }\r\n    ]\r\n  },\r\n  \"location\": \"eastus\",\r\n  \"tags\": {}\r\n}",
      "RequestHeaders": {
        "x-ms-client-request-id": [
          "4b779f31-3276-476e-8bf2-be014af11ed4"
        ],
        "Accept-Language": [
          "en-US"
        ],
        "User-Agent": [
          "FxVersion/4.6.26725.06",
          "OSName/Windows",
          "OSVersion/Microsoft.Windows.10.0.17763.",
          "Microsoft.Azure.Management.Network.Fluent.NetworkManagementClient/1.19.0.0",
          "MacAddressHash/1706214d8731cf2405675fdf5fb8b4bf75f06e7a9bb34e8d93f8f4a5d61acc28"
        ],
        "Content-Type": [
          "application/json; charset=utf-8"
        ],
        "Content-Length": [
          "362"
        ]
      },
      "ResponseHeaders": {
        "Cache-Control": [
          "no-cache"
        ],
        "Pragma": [
          "no-cache"
        ],
        "Retry-After": [
          "3"
        ],
        "x-ms-request-id": [
          "c97a77c9-9f55-45de-99e2-272a07dc160b"
        ],
        "Azure-AsyncOperation": [
          "https://management.azure.com/subscriptions/0b1f6471-1bf0-4dda-aec3-cb9272f09590/providers/Microsoft.Network/locations/eastus/operations/c97a77c9-9f55-45de-99e2-272a07dc160b?api-version=2018-04-01"
        ],
        "x-ms-correlation-request-id": [
          "4f9353e5-e442-4460-aa1e-11b6d4d89947"
        ],
        "Strict-Transport-Security": [
          "max-age=31536000; includeSubDomains"
        ],
        "Server": [
          "Microsoft-HTTPAPI/2.0",
          "Microsoft-HTTPAPI/2.0"
        ],
        "x-ms-ratelimit-remaining-subscription-writes": [
          "1199"
        ],
        "x-ms-routing-request-id": [
          "WESTUS2:20190228T235135Z:4f9353e5-e442-4460-aa1e-11b6d4d89947"
        ],
        "X-Content-Type-Options": [
          "nosniff"
        ],
        "Date": [
          "Thu, 28 Feb 2019 23:51:34 GMT"
        ],
        "Content-Length": [
          "1220"
        ],
        "Content-Type": [
          "application/json; charset=utf-8"
        ],
        "Expires": [
          "-1"
        ]
      },
      "ResponseBody": "{\r\n  \"name\": \"net84e8091005\",\r\n  \"id\": \"/subscriptions/0b1f6471-1bf0-4dda-aec3-cb9272f09590/resourceGroups/rg71c383847c/providers/Microsoft.Network/virtualNetworks/net84e8091005\",\r\n  \"etag\": \"W/\\\"def6127f-4214-4c43-a7f0-8c3846997e8b\\\"\",\r\n  \"type\": \"Microsoft.Network/virtualNetworks\",\r\n  \"location\": \"eastus\",\r\n  \"tags\": {},\r\n  \"properties\": {\r\n    \"provisioningState\": \"Updating\",\r\n    \"resourceGuid\": \"65215d6a-b032-4642-8700-d001d6225261\",\r\n    \"addressSpace\": {\r\n      \"addressPrefixes\": [\r\n        \"10.0.0.0/28\"\r\n      ]\r\n    },\r\n    \"dhcpOptions\": {\r\n      \"dnsServers\": []\r\n    },\r\n    \"subnets\": [\r\n      {\r\n        \"name\": \"subnet1\",\r\n        \"id\": \"/subscriptions/0b1f6471-1bf0-4dda-aec3-cb9272f09590/resourceGroups/rg71c383847c/providers/Microsoft.Network/virtualNetworks/net84e8091005/subnets/subnet1\",\r\n        \"etag\": \"W/\\\"def6127f-4214-4c43-a7f0-8c3846997e8b\\\"\",\r\n        \"properties\": {\r\n          \"provisioningState\": \"Updating\",\r\n          \"addressPrefix\": \"10.0.0.0/28\",\r\n          \"delegations\": []\r\n        },\r\n        \"type\": \"Microsoft.Network/virtualNetworks/subnets\"\r\n      }\r\n    ],\r\n    \"virtualNetworkPeerings\": [],\r\n    \"enableDdosProtection\": false,\r\n    \"enableVmProtection\": false\r\n  }\r\n}",
      "StatusCode": 201
    },
    {
      "RequestUri": "/subscriptions/0b1f6471-1bf0-4dda-aec3-cb9272f09590/providers/Microsoft.Network/locations/eastus/operations/c97a77c9-9f55-45de-99e2-272a07dc160b?api-version=2018-04-01",
      "EncodedRequestUri": "L3N1YnNjcmlwdGlvbnMvMGIxZjY0NzEtMWJmMC00ZGRhLWFlYzMtY2I5MjcyZjA5NTkwL3Byb3ZpZGVycy9NaWNyb3NvZnQuTmV0d29yay9sb2NhdGlvbnMvZWFzdHVzL29wZXJhdGlvbnMvYzk3YTc3YzktOWY1NS00NWRlLTk5ZTItMjcyYTA3ZGMxNjBiP2FwaS12ZXJzaW9uPTIwMTgtMDQtMDE=",
      "RequestMethod": "GET",
      "RequestBody": "",
      "RequestHeaders": {
        "User-Agent": [
          "FxVersion/4.6.26725.06",
          "OSName/Windows",
          "OSVersion/Microsoft.Windows.10.0.17763.",
          "Microsoft.Azure.Management.Network.Fluent.NetworkManagementClient/1.19.0.0",
          "MacAddressHash/1706214d8731cf2405675fdf5fb8b4bf75f06e7a9bb34e8d93f8f4a5d61acc28"
        ]
      },
      "ResponseHeaders": {
        "Cache-Control": [
          "no-cache"
        ],
        "Pragma": [
          "no-cache"
        ],
        "x-ms-request-id": [
          "5560227f-b491-48a3-9468-094a86e98ada"
        ],
        "x-ms-correlation-request-id": [
          "e2362b9c-afdc-4a4d-8af0-19d528920fcb"
        ],
        "Strict-Transport-Security": [
          "max-age=31536000; includeSubDomains"
        ],
        "Server": [
          "Microsoft-HTTPAPI/2.0",
          "Microsoft-HTTPAPI/2.0"
        ],
        "x-ms-ratelimit-remaining-subscription-reads": [
          "11999"
        ],
        "x-ms-routing-request-id": [
          "WESTUS2:20190228T235138Z:e2362b9c-afdc-4a4d-8af0-19d528920fcb"
        ],
        "X-Content-Type-Options": [
          "nosniff"
        ],
        "Date": [
          "Thu, 28 Feb 2019 23:51:38 GMT"
        ],
        "Content-Length": [
          "29"
        ],
        "Content-Type": [
          "application/json; charset=utf-8"
        ],
        "Expires": [
          "-1"
        ]
      },
      "ResponseBody": "{\r\n  \"status\": \"Succeeded\"\r\n}",
      "StatusCode": 200
    },
    {
      "RequestUri": "/subscriptions/0b1f6471-1bf0-4dda-aec3-cb9272f09590/resourceGroups/rg71c383847c/providers/Microsoft.Network/virtualNetworks/net84e8091005?api-version=2018-04-01",
      "EncodedRequestUri": "L3N1YnNjcmlwdGlvbnMvMGIxZjY0NzEtMWJmMC00ZGRhLWFlYzMtY2I5MjcyZjA5NTkwL3Jlc291cmNlR3JvdXBzL3JnNzFjMzgzODQ3Yy9wcm92aWRlcnMvTWljcm9zb2Z0Lk5ldHdvcmsvdmlydHVhbE5ldHdvcmtzL25ldDg0ZTgwOTEwMDU/YXBpLXZlcnNpb249MjAxOC0wNC0wMQ==",
      "RequestMethod": "GET",
      "RequestBody": "",
      "RequestHeaders": {
        "User-Agent": [
          "FxVersion/4.6.26725.06",
          "OSName/Windows",
          "OSVersion/Microsoft.Windows.10.0.17763.",
          "Microsoft.Azure.Management.Network.Fluent.NetworkManagementClient/1.19.0.0",
          "MacAddressHash/1706214d8731cf2405675fdf5fb8b4bf75f06e7a9bb34e8d93f8f4a5d61acc28"
        ]
      },
      "ResponseHeaders": {
        "Cache-Control": [
          "no-cache"
        ],
        "Pragma": [
          "no-cache"
        ],
        "ETag": [
          "W/\"b1cecdc1-250e-41ce-937f-c5c7eaf96718\""
        ],
        "x-ms-request-id": [
          "b0127edb-ac6b-487c-8182-8be34cfae6fe"
        ],
        "x-ms-correlation-request-id": [
          "11e0da4e-6e7d-4831-8044-719540794180"
        ],
        "Strict-Transport-Security": [
          "max-age=31536000; includeSubDomains"
        ],
        "Server": [
          "Microsoft-HTTPAPI/2.0",
          "Microsoft-HTTPAPI/2.0"
        ],
        "x-ms-ratelimit-remaining-subscription-reads": [
          "11998"
        ],
        "x-ms-routing-request-id": [
          "WESTUS2:20190228T235138Z:11e0da4e-6e7d-4831-8044-719540794180"
        ],
        "X-Content-Type-Options": [
          "nosniff"
        ],
        "Date": [
          "Thu, 28 Feb 2019 23:51:38 GMT"
        ],
        "Content-Length": [
          "1222"
        ],
        "Content-Type": [
          "application/json; charset=utf-8"
        ],
        "Expires": [
          "-1"
        ]
      },
      "ResponseBody": "{\r\n  \"name\": \"net84e8091005\",\r\n  \"id\": \"/subscriptions/0b1f6471-1bf0-4dda-aec3-cb9272f09590/resourceGroups/rg71c383847c/providers/Microsoft.Network/virtualNetworks/net84e8091005\",\r\n  \"etag\": \"W/\\\"b1cecdc1-250e-41ce-937f-c5c7eaf96718\\\"\",\r\n  \"type\": \"Microsoft.Network/virtualNetworks\",\r\n  \"location\": \"eastus\",\r\n  \"tags\": {},\r\n  \"properties\": {\r\n    \"provisioningState\": \"Succeeded\",\r\n    \"resourceGuid\": \"65215d6a-b032-4642-8700-d001d6225261\",\r\n    \"addressSpace\": {\r\n      \"addressPrefixes\": [\r\n        \"10.0.0.0/28\"\r\n      ]\r\n    },\r\n    \"dhcpOptions\": {\r\n      \"dnsServers\": []\r\n    },\r\n    \"subnets\": [\r\n      {\r\n        \"name\": \"subnet1\",\r\n        \"id\": \"/subscriptions/0b1f6471-1bf0-4dda-aec3-cb9272f09590/resourceGroups/rg71c383847c/providers/Microsoft.Network/virtualNetworks/net84e8091005/subnets/subnet1\",\r\n        \"etag\": \"W/\\\"b1cecdc1-250e-41ce-937f-c5c7eaf96718\\\"\",\r\n        \"properties\": {\r\n          \"provisioningState\": \"Succeeded\",\r\n          \"addressPrefix\": \"10.0.0.0/28\",\r\n          \"delegations\": []\r\n        },\r\n        \"type\": \"Microsoft.Network/virtualNetworks/subnets\"\r\n      }\r\n    ],\r\n    \"virtualNetworkPeerings\": [],\r\n    \"enableDdosProtection\": false,\r\n    \"enableVmProtection\": false\r\n  }\r\n}",
      "StatusCode": 200
    },
    {
      "RequestUri": "/subscriptions/0b1f6471-1bf0-4dda-aec3-cb9272f09590/resourceGroups/rg71c383847c/providers/Microsoft.Network/virtualNetworks/net84e8091005?api-version=2018-04-01",
      "EncodedRequestUri": "L3N1YnNjcmlwdGlvbnMvMGIxZjY0NzEtMWJmMC00ZGRhLWFlYzMtY2I5MjcyZjA5NTkwL3Jlc291cmNlR3JvdXBzL3JnNzFjMzgzODQ3Yy9wcm92aWRlcnMvTWljcm9zb2Z0Lk5ldHdvcmsvdmlydHVhbE5ldHdvcmtzL25ldDg0ZTgwOTEwMDU/YXBpLXZlcnNpb249MjAxOC0wNC0wMQ==",
      "RequestMethod": "GET",
      "RequestBody": "",
      "RequestHeaders": {
        "x-ms-client-request-id": [
          "b06cb096-69e2-4901-bc52-5ea2893288c2"
        ],
        "Accept-Language": [
          "en-US"
        ],
        "User-Agent": [
          "FxVersion/4.6.26725.06",
          "OSName/Windows",
          "OSVersion/Microsoft.Windows.10.0.17763.",
          "Microsoft.Azure.Management.Network.Fluent.NetworkManagementClient/1.19.0.0",
          "MacAddressHash/1706214d8731cf2405675fdf5fb8b4bf75f06e7a9bb34e8d93f8f4a5d61acc28"
        ]
      },
      "ResponseHeaders": {
        "Cache-Control": [
          "no-cache"
        ],
        "Pragma": [
          "no-cache"
        ],
        "ETag": [
          "W/\"26773ab7-fa1e-4414-806b-0c834e4e9d30\""
        ],
        "x-ms-request-id": [
          "511899a5-0fb3-4d08-b343-218667e77c2e"
        ],
        "x-ms-correlation-request-id": [
          "79a8c9b3-bc90-41e0-b233-658a2e497cc5"
        ],
        "Strict-Transport-Security": [
          "max-age=31536000; includeSubDomains"
        ],
        "Server": [
          "Microsoft-HTTPAPI/2.0",
          "Microsoft-HTTPAPI/2.0"
        ],
        "x-ms-ratelimit-remaining-subscription-reads": [
          "11994"
        ],
        "x-ms-routing-request-id": [
          "WESTUS2:20190228T235750Z:79a8c9b3-bc90-41e0-b233-658a2e497cc5"
        ],
        "X-Content-Type-Options": [
          "nosniff"
        ],
        "Date": [
          "Thu, 28 Feb 2019 23:57:50 GMT"
        ],
        "Content-Length": [
          "1488"
        ],
        "Content-Type": [
          "application/json; charset=utf-8"
        ],
        "Expires": [
          "-1"
        ]
      },
      "ResponseBody": "{\r\n  \"name\": \"net84e8091005\",\r\n  \"id\": \"/subscriptions/0b1f6471-1bf0-4dda-aec3-cb9272f09590/resourceGroups/rg71c383847c/providers/Microsoft.Network/virtualNetworks/net84e8091005\",\r\n  \"etag\": \"W/\\\"26773ab7-fa1e-4414-806b-0c834e4e9d30\\\"\",\r\n  \"type\": \"Microsoft.Network/virtualNetworks\",\r\n  \"location\": \"eastus\",\r\n  \"tags\": {},\r\n  \"properties\": {\r\n    \"provisioningState\": \"Succeeded\",\r\n    \"resourceGuid\": \"65215d6a-b032-4642-8700-d001d6225261\",\r\n    \"addressSpace\": {\r\n      \"addressPrefixes\": [\r\n        \"10.0.0.0/28\"\r\n      ]\r\n    },\r\n    \"dhcpOptions\": {\r\n      \"dnsServers\": []\r\n    },\r\n    \"subnets\": [\r\n      {\r\n        \"name\": \"subnet1\",\r\n        \"id\": \"/subscriptions/0b1f6471-1bf0-4dda-aec3-cb9272f09590/resourceGroups/rg71c383847c/providers/Microsoft.Network/virtualNetworks/net84e8091005/subnets/subnet1\",\r\n        \"etag\": \"W/\\\"26773ab7-fa1e-4414-806b-0c834e4e9d30\\\"\",\r\n        \"properties\": {\r\n          \"provisioningState\": \"Succeeded\",\r\n          \"addressPrefix\": \"10.0.0.0/28\",\r\n          \"ipConfigurations\": [\r\n            {\r\n              \"id\": \"/subscriptions/0b1f6471-1bf0-4dda-aec3-cb9272f09590/resourceGroups/rg71c383847c/providers/Microsoft.Network/networkInterfaces/nic750732ab2c8/ipConfigurations/primary\"\r\n            }\r\n          ],\r\n          \"delegations\": []\r\n        },\r\n        \"type\": \"Microsoft.Network/virtualNetworks/subnets\"\r\n      }\r\n    ],\r\n    \"virtualNetworkPeerings\": [],\r\n    \"enableDdosProtection\": false,\r\n    \"enableVmProtection\": false\r\n  }\r\n}",
      "StatusCode": 200
    },
    {
      "RequestUri": "/subscriptions/0b1f6471-1bf0-4dda-aec3-cb9272f09590/resourceGroups/rg71c383847c/providers/Microsoft.Network/networkInterfaces/nic750732ab2c8?api-version=2018-04-01",
      "EncodedRequestUri": "L3N1YnNjcmlwdGlvbnMvMGIxZjY0NzEtMWJmMC00ZGRhLWFlYzMtY2I5MjcyZjA5NTkwL3Jlc291cmNlR3JvdXBzL3JnNzFjMzgzODQ3Yy9wcm92aWRlcnMvTWljcm9zb2Z0Lk5ldHdvcmsvbmV0d29ya0ludGVyZmFjZXMvbmljNzUwNzMyYWIyYzg/YXBpLXZlcnNpb249MjAxOC0wNC0wMQ==",
      "RequestMethod": "PUT",
      "RequestBody": "{\r\n  \"properties\": {\r\n    \"ipConfigurations\": [\r\n      {\r\n        \"properties\": {\r\n          \"privateIPAllocationMethod\": \"Dynamic\",\r\n          \"subnet\": {\r\n            \"id\": \"/subscriptions/0b1f6471-1bf0-4dda-aec3-cb9272f09590/resourceGroups/rg71c383847c/providers/Microsoft.Network/virtualNetworks/net84e8091005/subnets/subnet1\"\r\n          },\r\n          \"primary\": true\r\n        },\r\n        \"name\": \"primary\"\r\n      }\r\n    ],\r\n    \"dnsSettings\": {}\r\n  },\r\n  \"location\": \"eastus\",\r\n  \"tags\": {}\r\n}",
      "RequestHeaders": {
        "x-ms-client-request-id": [
          "9e635361-9829-4d7e-8d02-ce12cad81306"
        ],
        "Accept-Language": [
          "en-US"
        ],
        "User-Agent": [
          "FxVersion/4.6.26725.06",
          "OSName/Windows",
          "OSVersion/Microsoft.Windows.10.0.17763.",
          "Microsoft.Azure.Management.Network.Fluent.NetworkManagementClient/1.19.0.0",
          "MacAddressHash/1706214d8731cf2405675fdf5fb8b4bf75f06e7a9bb34e8d93f8f4a5d61acc28"
        ],
        "Content-Type": [
          "application/json; charset=utf-8"
        ],
        "Content-Length": [
          "498"
        ]
      },
      "ResponseHeaders": {
        "Cache-Control": [
          "no-cache"
        ],
        "Pragma": [
          "no-cache"
        ],
        "x-ms-request-id": [
          "ec8ac69a-b386-46b3-84ac-0b5dd7797e12"
        ],
        "Azure-AsyncOperation": [
          "https://management.azure.com/subscriptions/0b1f6471-1bf0-4dda-aec3-cb9272f09590/providers/Microsoft.Network/locations/eastus/operations/ec8ac69a-b386-46b3-84ac-0b5dd7797e12?api-version=2018-04-01"
        ],
        "x-ms-correlation-request-id": [
          "9bc9fb77-29c3-4493-84b9-fe938d9ce06d"
        ],
        "Strict-Transport-Security": [
          "max-age=31536000; includeSubDomains"
        ],
        "Server": [
          "Microsoft-HTTPAPI/2.0",
          "Microsoft-HTTPAPI/2.0"
        ],
        "x-ms-ratelimit-remaining-subscription-writes": [
          "1197"
        ],
        "x-ms-routing-request-id": [
          "WESTUS2:20190228T235140Z:9bc9fb77-29c3-4493-84b9-fe938d9ce06d"
        ],
        "X-Content-Type-Options": [
          "nosniff"
        ],
        "Date": [
          "Thu, 28 Feb 2019 23:51:39 GMT"
        ],
        "Content-Length": [
          "1570"
        ],
        "Content-Type": [
          "application/json; charset=utf-8"
        ],
        "Expires": [
          "-1"
        ]
      },
      "ResponseBody": "{\r\n  \"name\": \"nic750732ab2c8\",\r\n  \"id\": \"/subscriptions/0b1f6471-1bf0-4dda-aec3-cb9272f09590/resourceGroups/rg71c383847c/providers/Microsoft.Network/networkInterfaces/nic750732ab2c8\",\r\n  \"etag\": \"W/\\\"f7528041-4969-4547-82c4-470f2fe651e5\\\"\",\r\n  \"location\": \"eastus\",\r\n  \"tags\": {},\r\n  \"properties\": {\r\n    \"provisioningState\": \"Succeeded\",\r\n    \"resourceGuid\": \"838b112c-0dc8-46dc-b555-8ca8e68ea0bd\",\r\n    \"ipConfigurations\": [\r\n      {\r\n        \"name\": \"primary\",\r\n        \"id\": \"/subscriptions/0b1f6471-1bf0-4dda-aec3-cb9272f09590/resourceGroups/rg71c383847c/providers/Microsoft.Network/networkInterfaces/nic750732ab2c8/ipConfigurations/primary\",\r\n        \"etag\": \"W/\\\"f7528041-4969-4547-82c4-470f2fe651e5\\\"\",\r\n        \"type\": \"Microsoft.Network/networkInterfaces/ipConfigurations\",\r\n        \"properties\": {\r\n          \"provisioningState\": \"Succeeded\",\r\n          \"privateIPAddress\": \"10.0.0.4\",\r\n          \"privateIPAllocationMethod\": \"Dynamic\",\r\n          \"subnet\": {\r\n            \"id\": \"/subscriptions/0b1f6471-1bf0-4dda-aec3-cb9272f09590/resourceGroups/rg71c383847c/providers/Microsoft.Network/virtualNetworks/net84e8091005/subnets/subnet1\"\r\n          },\r\n          \"primary\": true,\r\n          \"privateIPAddressVersion\": \"IPv4\"\r\n        }\r\n      }\r\n    ],\r\n    \"dnsSettings\": {\r\n      \"dnsServers\": [],\r\n      \"appliedDnsServers\": [],\r\n      \"internalDomainNameSuffix\": \"njosczjswbbenbya0aa3missmb.bx.internal.cloudapp.net\"\r\n    },\r\n    \"enableAcceleratedNetworking\": false,\r\n    \"enableIPForwarding\": false\r\n  },\r\n  \"type\": \"Microsoft.Network/networkInterfaces\"\r\n}",
      "StatusCode": 201
    },
    {
      "RequestUri": "/subscriptions/0b1f6471-1bf0-4dda-aec3-cb9272f09590/resourceGroups/rg71c383847c/providers/Microsoft.Network/networkInterfaces/nic750732ab2c8?api-version=2018-04-01",
      "EncodedRequestUri": "L3N1YnNjcmlwdGlvbnMvMGIxZjY0NzEtMWJmMC00ZGRhLWFlYzMtY2I5MjcyZjA5NTkwL3Jlc291cmNlR3JvdXBzL3JnNzFjMzgzODQ3Yy9wcm92aWRlcnMvTWljcm9zb2Z0Lk5ldHdvcmsvbmV0d29ya0ludGVyZmFjZXMvbmljNzUwNzMyYWIyYzg/YXBpLXZlcnNpb249MjAxOC0wNC0wMQ==",
      "RequestMethod": "GET",
      "RequestBody": "",
      "RequestHeaders": {
        "User-Agent": [
          "FxVersion/4.6.26725.06",
          "OSName/Windows",
          "OSVersion/Microsoft.Windows.10.0.17763.",
          "Microsoft.Azure.Management.Network.Fluent.NetworkManagementClient/1.19.0.0",
          "MacAddressHash/1706214d8731cf2405675fdf5fb8b4bf75f06e7a9bb34e8d93f8f4a5d61acc28"
        ]
      },
      "ResponseHeaders": {
        "Cache-Control": [
          "no-cache"
        ],
        "Pragma": [
          "no-cache"
        ],
        "ETag": [
          "W/\"f7528041-4969-4547-82c4-470f2fe651e5\""
        ],
        "x-ms-request-id": [
          "3ecb1b00-f8e1-4d0a-bfc3-953324f21098"
        ],
        "x-ms-correlation-request-id": [
          "599927bd-299d-444a-97c7-2cadffdfa705"
        ],
        "Strict-Transport-Security": [
          "max-age=31536000; includeSubDomains"
        ],
        "Server": [
          "Microsoft-HTTPAPI/2.0",
          "Microsoft-HTTPAPI/2.0"
        ],
        "x-ms-ratelimit-remaining-subscription-reads": [
          "11999"
        ],
        "x-ms-routing-request-id": [
          "WESTUS2:20190228T235140Z:599927bd-299d-444a-97c7-2cadffdfa705"
        ],
        "X-Content-Type-Options": [
          "nosniff"
        ],
        "Date": [
          "Thu, 28 Feb 2019 23:51:39 GMT"
        ],
        "Content-Length": [
          "1570"
        ],
        "Content-Type": [
          "application/json; charset=utf-8"
        ],
        "Expires": [
          "-1"
        ]
      },
      "ResponseBody": "{\r\n  \"name\": \"nic750732ab2c8\",\r\n  \"id\": \"/subscriptions/0b1f6471-1bf0-4dda-aec3-cb9272f09590/resourceGroups/rg71c383847c/providers/Microsoft.Network/networkInterfaces/nic750732ab2c8\",\r\n  \"etag\": \"W/\\\"f7528041-4969-4547-82c4-470f2fe651e5\\\"\",\r\n  \"location\": \"eastus\",\r\n  \"tags\": {},\r\n  \"properties\": {\r\n    \"provisioningState\": \"Succeeded\",\r\n    \"resourceGuid\": \"838b112c-0dc8-46dc-b555-8ca8e68ea0bd\",\r\n    \"ipConfigurations\": [\r\n      {\r\n        \"name\": \"primary\",\r\n        \"id\": \"/subscriptions/0b1f6471-1bf0-4dda-aec3-cb9272f09590/resourceGroups/rg71c383847c/providers/Microsoft.Network/networkInterfaces/nic750732ab2c8/ipConfigurations/primary\",\r\n        \"etag\": \"W/\\\"f7528041-4969-4547-82c4-470f2fe651e5\\\"\",\r\n        \"type\": \"Microsoft.Network/networkInterfaces/ipConfigurations\",\r\n        \"properties\": {\r\n          \"provisioningState\": \"Succeeded\",\r\n          \"privateIPAddress\": \"10.0.0.4\",\r\n          \"privateIPAllocationMethod\": \"Dynamic\",\r\n          \"subnet\": {\r\n            \"id\": \"/subscriptions/0b1f6471-1bf0-4dda-aec3-cb9272f09590/resourceGroups/rg71c383847c/providers/Microsoft.Network/virtualNetworks/net84e8091005/subnets/subnet1\"\r\n          },\r\n          \"primary\": true,\r\n          \"privateIPAddressVersion\": \"IPv4\"\r\n        }\r\n      }\r\n    ],\r\n    \"dnsSettings\": {\r\n      \"dnsServers\": [],\r\n      \"appliedDnsServers\": [],\r\n      \"internalDomainNameSuffix\": \"njosczjswbbenbya0aa3missmb.bx.internal.cloudapp.net\"\r\n    },\r\n    \"enableAcceleratedNetworking\": false,\r\n    \"enableIPForwarding\": false\r\n  },\r\n  \"type\": \"Microsoft.Network/networkInterfaces\"\r\n}",
      "StatusCode": 200
    },
    {
      "RequestUri": "/subscriptions/0b1f6471-1bf0-4dda-aec3-cb9272f09590/resourceGroups/rg71c383847c/providers/Microsoft.Network/networkInterfaces/nic750732ab2c8?api-version=2018-04-01",
      "EncodedRequestUri": "L3N1YnNjcmlwdGlvbnMvMGIxZjY0NzEtMWJmMC00ZGRhLWFlYzMtY2I5MjcyZjA5NTkwL3Jlc291cmNlR3JvdXBzL3JnNzFjMzgzODQ3Yy9wcm92aWRlcnMvTWljcm9zb2Z0Lk5ldHdvcmsvbmV0d29ya0ludGVyZmFjZXMvbmljNzUwNzMyYWIyYzg/YXBpLXZlcnNpb249MjAxOC0wNC0wMQ==",
      "RequestMethod": "GET",
      "RequestBody": "",
      "RequestHeaders": {
        "x-ms-client-request-id": [
          "68052d87-4222-42cb-99fb-fd4086f7b121"
        ],
        "Accept-Language": [
          "en-US"
        ],
        "User-Agent": [
          "FxVersion/4.6.26725.06",
          "OSName/Windows",
          "OSVersion/Microsoft.Windows.10.0.17763.",
          "Microsoft.Azure.Management.Network.Fluent.NetworkManagementClient/1.19.0.0",
          "MacAddressHash/1706214d8731cf2405675fdf5fb8b4bf75f06e7a9bb34e8d93f8f4a5d61acc28"
        ]
      },
      "ResponseHeaders": {
        "Cache-Control": [
          "no-cache"
        ],
        "Pragma": [
          "no-cache"
        ],
        "ETag": [
          "W/\"2899c59b-e563-48ae-87c6-98b78d42a37d\""
        ],
        "x-ms-request-id": [
          "7029dbca-e990-4f79-9ed9-3b13dbcaabcb"
        ],
        "x-ms-correlation-request-id": [
          "0e6eb755-c4de-4838-9b6c-a99e4c84ae4c"
        ],
        "Strict-Transport-Security": [
          "max-age=31536000; includeSubDomains"
        ],
        "Server": [
          "Microsoft-HTTPAPI/2.0",
          "Microsoft-HTTPAPI/2.0"
        ],
        "x-ms-ratelimit-remaining-subscription-reads": [
          "11995"
        ],
        "x-ms-routing-request-id": [
          "WESTUS2:20190228T235750Z:0e6eb755-c4de-4838-9b6c-a99e4c84ae4c"
        ],
        "X-Content-Type-Options": [
          "nosniff"
        ],
        "Date": [
          "Thu, 28 Feb 2019 23:57:49 GMT"
        ],
        "Content-Length": [
          "1817"
        ],
        "Content-Type": [
          "application/json; charset=utf-8"
        ],
        "Expires": [
          "-1"
        ]
      },
      "ResponseBody": "{\r\n  \"name\": \"nic750732ab2c8\",\r\n  \"id\": \"/subscriptions/0b1f6471-1bf0-4dda-aec3-cb9272f09590/resourceGroups/rg71c383847c/providers/Microsoft.Network/networkInterfaces/nic750732ab2c8\",\r\n  \"etag\": \"W/\\\"2899c59b-e563-48ae-87c6-98b78d42a37d\\\"\",\r\n  \"location\": \"eastus\",\r\n  \"tags\": {},\r\n  \"properties\": {\r\n    \"provisioningState\": \"Succeeded\",\r\n    \"resourceGuid\": \"838b112c-0dc8-46dc-b555-8ca8e68ea0bd\",\r\n    \"ipConfigurations\": [\r\n      {\r\n        \"name\": \"primary\",\r\n        \"id\": \"/subscriptions/0b1f6471-1bf0-4dda-aec3-cb9272f09590/resourceGroups/rg71c383847c/providers/Microsoft.Network/networkInterfaces/nic750732ab2c8/ipConfigurations/primary\",\r\n        \"etag\": \"W/\\\"2899c59b-e563-48ae-87c6-98b78d42a37d\\\"\",\r\n        \"type\": \"Microsoft.Network/networkInterfaces/ipConfigurations\",\r\n        \"properties\": {\r\n          \"provisioningState\": \"Succeeded\",\r\n          \"privateIPAddress\": \"10.0.0.4\",\r\n          \"privateIPAllocationMethod\": \"Dynamic\",\r\n          \"subnet\": {\r\n            \"id\": \"/subscriptions/0b1f6471-1bf0-4dda-aec3-cb9272f09590/resourceGroups/rg71c383847c/providers/Microsoft.Network/virtualNetworks/net84e8091005/subnets/subnet1\"\r\n          },\r\n          \"primary\": true,\r\n          \"privateIPAddressVersion\": \"IPv4\"\r\n        }\r\n      }\r\n    ],\r\n    \"dnsSettings\": {\r\n      \"dnsServers\": [],\r\n      \"appliedDnsServers\": [],\r\n      \"internalDomainNameSuffix\": \"njosczjswbbenbya0aa3missmb.bx.internal.cloudapp.net\"\r\n    },\r\n    \"macAddress\": \"00-0D-3A-14-55-85\",\r\n    \"enableAcceleratedNetworking\": false,\r\n    \"enableIPForwarding\": false,\r\n    \"primary\": true,\r\n    \"virtualMachine\": {\r\n      \"id\": \"/subscriptions/0b1f6471-1bf0-4dda-aec3-cb9272f09590/resourceGroups/rg71c383847c/providers/Microsoft.Compute/virtualMachines/vmd665308635\"\r\n    }\r\n  },\r\n  \"type\": \"Microsoft.Network/networkInterfaces\"\r\n}",
      "StatusCode": 200
    },
    {
      "RequestUri": "/subscriptions/0b1f6471-1bf0-4dda-aec3-cb9272f09590/resourceGroups/rg71c383847c/providers/Microsoft.Compute/virtualMachines/vmd665308635?api-version=2018-10-01",
      "EncodedRequestUri": "L3N1YnNjcmlwdGlvbnMvMGIxZjY0NzEtMWJmMC00ZGRhLWFlYzMtY2I5MjcyZjA5NTkwL3Jlc291cmNlR3JvdXBzL3JnNzFjMzgzODQ3Yy9wcm92aWRlcnMvTWljcm9zb2Z0LkNvbXB1dGUvdmlydHVhbE1hY2hpbmVzL3ZtZDY2NTMwODYzNT9hcGktdmVyc2lvbj0yMDE4LTEwLTAx",
      "RequestMethod": "PUT",
      "RequestBody": "{\r\n  \"properties\": {\r\n    \"hardwareProfile\": {\r\n      \"vmSize\": \"Basic_A1\"\r\n    },\r\n    \"storageProfile\": {\r\n      \"imageReference\": {\r\n        \"publisher\": \"MicrosoftWindowsServer\",\r\n        \"offer\": \"WindowsServer\",\r\n        \"sku\": \"2012-R2-Datacenter\",\r\n        \"version\": \"latest\"\r\n      },\r\n      \"osDisk\": {\r\n        \"caching\": \"ReadWrite\",\r\n        \"createOption\": \"FromImage\",\r\n        \"managedDisk\": {\r\n          \"storageAccountType\": \"Standard_LRS\"\r\n        }\r\n      }\r\n    },\r\n    \"osProfile\": {\r\n      \"computerName\": \"vmd665308635\",\r\n      \"adminUsername\": \"tester\",\r\n      \"adminPassword\": \"p@s01a369262\",\r\n      \"windowsConfiguration\": {\r\n        \"provisionVMAgent\": true,\r\n        \"enableAutomaticUpdates\": true\r\n      }\r\n    },\r\n    \"networkProfile\": {\r\n      \"networkInterfaces\": [\r\n        {\r\n          \"properties\": {\r\n            \"primary\": true\r\n          },\r\n          \"id\": \"/subscriptions/0b1f6471-1bf0-4dda-aec3-cb9272f09590/resourceGroups/rg71c383847c/providers/Microsoft.Network/networkInterfaces/nic750732ab2c8\"\r\n        }\r\n      ]\r\n    }\r\n  },\r\n  \"location\": \"eastus\",\r\n  \"tags\": {}\r\n}",
      "RequestHeaders": {
        "x-ms-client-request-id": [
          "fa9150e9-ec44-4396-9c6c-83f14ce4fdb8"
        ],
        "Accept-Language": [
          "en-US"
        ],
        "User-Agent": [
          "FxVersion/4.6.26725.06",
          "OSName/Windows",
          "OSVersion/Microsoft.Windows.10.0.17763.",
          "Microsoft.Azure.Management.Compute.Fluent.ComputeManagementClient/1.19.0.0",
          "MacAddressHash/1706214d8731cf2405675fdf5fb8b4bf75f06e7a9bb34e8d93f8f4a5d61acc28"
        ],
        "Content-Type": [
          "application/json; charset=utf-8"
        ],
        "Content-Length": [
          "1115"
        ]
      },
      "ResponseHeaders": {
        "Cache-Control": [
          "no-cache"
        ],
        "Pragma": [
          "no-cache"
        ],
        "Retry-After": [
          "10"
        ],
        "Azure-AsyncOperation": [
          "https://management.azure.com/subscriptions/0b1f6471-1bf0-4dda-aec3-cb9272f09590/providers/Microsoft.Compute/locations/eastus/operations/9c1495aa-ee89-4874-bbbd-24278bbf9b5a?api-version=2018-10-01"
        ],
        "Azure-AsyncNotification": [
          "Enabled"
        ],
        "x-ms-ratelimit-remaining-resource": [
          "Microsoft.Compute/PutVM3Min;743,Microsoft.Compute/PutVM30Min;3719"
        ],
        "Strict-Transport-Security": [
          "max-age=31536000; includeSubDomains"
        ],
        "x-ms-request-id": [
          "9c1495aa-ee89-4874-bbbd-24278bbf9b5a"
        ],
        "Server": [
          "Microsoft-HTTPAPI/2.0",
          "Microsoft-HTTPAPI/2.0"
        ],
        "x-ms-ratelimit-remaining-subscription-writes": [
          "1196"
        ],
        "x-ms-correlation-request-id": [
          "4b8d8913-1ae0-415a-9622-8a397da736e4"
        ],
        "x-ms-routing-request-id": [
          "WESTUS2:20190228T235141Z:4b8d8913-1ae0-415a-9622-8a397da736e4"
        ],
        "X-Content-Type-Options": [
          "nosniff"
        ],
        "Date": [
          "Thu, 28 Feb 2019 23:51:40 GMT"
        ],
        "Content-Length": [
          "1455"
        ],
        "Content-Type": [
          "application/json; charset=utf-8"
        ],
        "Expires": [
          "-1"
        ]
      },
      "ResponseBody": "{\r\n  \"properties\": {\r\n    \"vmId\": \"0bc3b7b9-fff4-4e2b-b4c9-328288326690\",\r\n    \"hardwareProfile\": {\r\n      \"vmSize\": \"Basic_A1\"\r\n    },\r\n    \"storageProfile\": {\r\n      \"imageReference\": {\r\n        \"publisher\": \"MicrosoftWindowsServer\",\r\n        \"offer\": \"WindowsServer\",\r\n        \"sku\": \"2012-R2-Datacenter\",\r\n        \"version\": \"latest\"\r\n      },\r\n      \"osDisk\": {\r\n        \"osType\": \"Windows\",\r\n        \"createOption\": \"FromImage\",\r\n        \"caching\": \"ReadWrite\",\r\n        \"managedDisk\": {\r\n          \"storageAccountType\": \"Standard_LRS\"\r\n        }\r\n      },\r\n      \"dataDisks\": []\r\n    },\r\n    \"osProfile\": {\r\n      \"computerName\": \"vmd665308635\",\r\n      \"adminUsername\": \"tester\",\r\n      \"windowsConfiguration\": {\r\n        \"provisionVMAgent\": true,\r\n        \"enableAutomaticUpdates\": true\r\n      },\r\n      \"secrets\": [],\r\n      \"allowExtensionOperations\": true,\r\n      \"requireGuestProvisionSignal\": true\r\n    },\r\n    \"networkProfile\": {\r\n      \"networkInterfaces\": [\r\n        {\r\n          \"id\": \"/subscriptions/0b1f6471-1bf0-4dda-aec3-cb9272f09590/resourceGroups/rg71c383847c/providers/Microsoft.Network/networkInterfaces/nic750732ab2c8\",\r\n          \"properties\": {\r\n            \"primary\": true\r\n          }\r\n        }\r\n      ]\r\n    },\r\n    \"provisioningState\": \"Creating\"\r\n  },\r\n  \"type\": \"Microsoft.Compute/virtualMachines\",\r\n  \"location\": \"eastus\",\r\n  \"tags\": {},\r\n  \"id\": \"/subscriptions/0b1f6471-1bf0-4dda-aec3-cb9272f09590/resourceGroups/rg71c383847c/providers/Microsoft.Compute/virtualMachines/vmd665308635\",\r\n  \"name\": \"vmd665308635\"\r\n}",
      "StatusCode": 201
    },
    {
      "RequestUri": "/subscriptions/0b1f6471-1bf0-4dda-aec3-cb9272f09590/providers/Microsoft.Compute/locations/eastus/operations/9c1495aa-ee89-4874-bbbd-24278bbf9b5a?api-version=2018-10-01",
      "EncodedRequestUri": "L3N1YnNjcmlwdGlvbnMvMGIxZjY0NzEtMWJmMC00ZGRhLWFlYzMtY2I5MjcyZjA5NTkwL3Byb3ZpZGVycy9NaWNyb3NvZnQuQ29tcHV0ZS9sb2NhdGlvbnMvZWFzdHVzL29wZXJhdGlvbnMvOWMxNDk1YWEtZWU4OS00ODc0LWJiYmQtMjQyNzhiYmY5YjVhP2FwaS12ZXJzaW9uPTIwMTgtMTAtMDE=",
      "RequestMethod": "GET",
      "RequestBody": "",
      "RequestHeaders": {
        "User-Agent": [
          "FxVersion/4.6.26725.06",
          "OSName/Windows",
          "OSVersion/Microsoft.Windows.10.0.17763.",
          "Microsoft.Azure.Management.Compute.Fluent.ComputeManagementClient/1.19.0.0",
          "MacAddressHash/1706214d8731cf2405675fdf5fb8b4bf75f06e7a9bb34e8d93f8f4a5d61acc28"
        ]
      },
      "ResponseHeaders": {
        "Cache-Control": [
          "no-cache"
        ],
        "Pragma": [
          "no-cache"
        ],
        "Retry-After": [
          "70"
        ],
        "x-ms-ratelimit-remaining-resource": [
          "Microsoft.Compute/GetOperation3Min;14999,Microsoft.Compute/GetOperation30Min;29998"
        ],
        "Strict-Transport-Security": [
          "max-age=31536000; includeSubDomains"
        ],
        "x-ms-request-id": [
          "c099624c-a577-41fb-a932-fb0dde079a66"
        ],
        "Server": [
          "Microsoft-HTTPAPI/2.0",
          "Microsoft-HTTPAPI/2.0"
        ],
        "x-ms-ratelimit-remaining-subscription-reads": [
          "11998"
        ],
        "x-ms-correlation-request-id": [
          "1bfc9a2c-a57b-4df0-b4d6-3f40cfbca806"
        ],
        "x-ms-routing-request-id": [
          "WESTUS2:20190228T235151Z:1bfc9a2c-a57b-4df0-b4d6-3f40cfbca806"
        ],
        "X-Content-Type-Options": [
          "nosniff"
        ],
        "Date": [
          "Thu, 28 Feb 2019 23:51:50 GMT"
        ],
        "Content-Length": [
          "134"
        ],
        "Content-Type": [
          "application/json; charset=utf-8"
        ],
        "Expires": [
          "-1"
        ]
      },
      "ResponseBody": "{\r\n  \"startTime\": \"2019-02-28T15:51:40.7886215-08:00\",\r\n  \"status\": \"InProgress\",\r\n  \"name\": \"9c1495aa-ee89-4874-bbbd-24278bbf9b5a\"\r\n}",
      "StatusCode": 200
    },
    {
      "RequestUri": "/subscriptions/0b1f6471-1bf0-4dda-aec3-cb9272f09590/providers/Microsoft.Compute/locations/eastus/operations/9c1495aa-ee89-4874-bbbd-24278bbf9b5a?api-version=2018-10-01",
      "EncodedRequestUri": "L3N1YnNjcmlwdGlvbnMvMGIxZjY0NzEtMWJmMC00ZGRhLWFlYzMtY2I5MjcyZjA5NTkwL3Byb3ZpZGVycy9NaWNyb3NvZnQuQ29tcHV0ZS9sb2NhdGlvbnMvZWFzdHVzL29wZXJhdGlvbnMvOWMxNDk1YWEtZWU4OS00ODc0LWJiYmQtMjQyNzhiYmY5YjVhP2FwaS12ZXJzaW9uPTIwMTgtMTAtMDE=",
      "RequestMethod": "GET",
      "RequestBody": "",
      "RequestHeaders": {
        "User-Agent": [
          "FxVersion/4.6.26725.06",
          "OSName/Windows",
          "OSVersion/Microsoft.Windows.10.0.17763.",
          "Microsoft.Azure.Management.Compute.Fluent.ComputeManagementClient/1.19.0.0",
          "MacAddressHash/1706214d8731cf2405675fdf5fb8b4bf75f06e7a9bb34e8d93f8f4a5d61acc28"
        ]
      },
      "ResponseHeaders": {
        "Cache-Control": [
          "no-cache"
        ],
        "Pragma": [
          "no-cache"
        ],
        "x-ms-ratelimit-remaining-resource": [
          "Microsoft.Compute/GetOperation3Min;14998,Microsoft.Compute/GetOperation30Min;29997"
        ],
        "Strict-Transport-Security": [
          "max-age=31536000; includeSubDomains"
        ],
        "x-ms-request-id": [
          "4dae6c84-efeb-4138-8786-c2bf29b72165"
        ],
        "Server": [
          "Microsoft-HTTPAPI/2.0",
          "Microsoft-HTTPAPI/2.0"
        ],
        "x-ms-ratelimit-remaining-subscription-reads": [
          "11995"
        ],
        "x-ms-correlation-request-id": [
          "caa94119-9646-4755-8f8e-bc09bcef271f"
        ],
        "x-ms-routing-request-id": [
          "WESTUS2:20190228T235301Z:caa94119-9646-4755-8f8e-bc09bcef271f"
        ],
        "X-Content-Type-Options": [
          "nosniff"
        ],
        "Date": [
          "Thu, 28 Feb 2019 23:53:01 GMT"
        ],
        "Content-Length": [
          "134"
        ],
        "Content-Type": [
          "application/json; charset=utf-8"
        ],
        "Expires": [
          "-1"
        ]
      },
      "ResponseBody": "{\r\n  \"startTime\": \"2019-02-28T15:51:40.7886215-08:00\",\r\n  \"status\": \"InProgress\",\r\n  \"name\": \"9c1495aa-ee89-4874-bbbd-24278bbf9b5a\"\r\n}",
      "StatusCode": 200
    },
    {
      "RequestUri": "/subscriptions/0b1f6471-1bf0-4dda-aec3-cb9272f09590/providers/Microsoft.Compute/locations/eastus/operations/9c1495aa-ee89-4874-bbbd-24278bbf9b5a?api-version=2018-10-01",
      "EncodedRequestUri": "L3N1YnNjcmlwdGlvbnMvMGIxZjY0NzEtMWJmMC00ZGRhLWFlYzMtY2I5MjcyZjA5NTkwL3Byb3ZpZGVycy9NaWNyb3NvZnQuQ29tcHV0ZS9sb2NhdGlvbnMvZWFzdHVzL29wZXJhdGlvbnMvOWMxNDk1YWEtZWU4OS00ODc0LWJiYmQtMjQyNzhiYmY5YjVhP2FwaS12ZXJzaW9uPTIwMTgtMTAtMDE=",
      "RequestMethod": "GET",
      "RequestBody": "",
      "RequestHeaders": {
        "User-Agent": [
          "FxVersion/4.6.26725.06",
          "OSName/Windows",
          "OSVersion/Microsoft.Windows.10.0.17763.",
          "Microsoft.Azure.Management.Compute.Fluent.ComputeManagementClient/1.19.0.0",
          "MacAddressHash/1706214d8731cf2405675fdf5fb8b4bf75f06e7a9bb34e8d93f8f4a5d61acc28"
        ]
      },
      "ResponseHeaders": {
        "Cache-Control": [
          "no-cache"
        ],
        "Pragma": [
          "no-cache"
        ],
        "x-ms-ratelimit-remaining-resource": [
          "Microsoft.Compute/GetOperation3Min;14995,Microsoft.Compute/GetOperation30Min;29994"
        ],
        "Strict-Transport-Security": [
          "max-age=31536000; includeSubDomains"
        ],
        "x-ms-request-id": [
          "c2ae81d2-a218-4b07-b210-e1fbea35e839"
        ],
        "Server": [
          "Microsoft-HTTPAPI/2.0",
          "Microsoft-HTTPAPI/2.0"
        ],
        "x-ms-ratelimit-remaining-subscription-reads": [
          "11994"
        ],
        "x-ms-correlation-request-id": [
          "32206cc1-da64-4d77-a294-6fd589ab7f81"
        ],
        "x-ms-routing-request-id": [
          "WESTUS2:20190228T235411Z:32206cc1-da64-4d77-a294-6fd589ab7f81"
        ],
        "X-Content-Type-Options": [
          "nosniff"
        ],
        "Date": [
          "Thu, 28 Feb 2019 23:54:11 GMT"
        ],
        "Content-Length": [
          "134"
        ],
        "Content-Type": [
          "application/json; charset=utf-8"
        ],
        "Expires": [
          "-1"
        ]
      },
      "ResponseBody": "{\r\n  \"startTime\": \"2019-02-28T15:51:40.7886215-08:00\",\r\n  \"status\": \"InProgress\",\r\n  \"name\": \"9c1495aa-ee89-4874-bbbd-24278bbf9b5a\"\r\n}",
      "StatusCode": 200
    },
    {
      "RequestUri": "/subscriptions/0b1f6471-1bf0-4dda-aec3-cb9272f09590/providers/Microsoft.Compute/locations/eastus/operations/9c1495aa-ee89-4874-bbbd-24278bbf9b5a?api-version=2018-10-01",
      "EncodedRequestUri": "L3N1YnNjcmlwdGlvbnMvMGIxZjY0NzEtMWJmMC00ZGRhLWFlYzMtY2I5MjcyZjA5NTkwL3Byb3ZpZGVycy9NaWNyb3NvZnQuQ29tcHV0ZS9sb2NhdGlvbnMvZWFzdHVzL29wZXJhdGlvbnMvOWMxNDk1YWEtZWU4OS00ODc0LWJiYmQtMjQyNzhiYmY5YjVhP2FwaS12ZXJzaW9uPTIwMTgtMTAtMDE=",
      "RequestMethod": "GET",
      "RequestBody": "",
      "RequestHeaders": {
        "User-Agent": [
          "FxVersion/4.6.26725.06",
          "OSName/Windows",
          "OSVersion/Microsoft.Windows.10.0.17763.",
          "Microsoft.Azure.Management.Compute.Fluent.ComputeManagementClient/1.19.0.0",
          "MacAddressHash/1706214d8731cf2405675fdf5fb8b4bf75f06e7a9bb34e8d93f8f4a5d61acc28"
        ]
      },
      "ResponseHeaders": {
        "Cache-Control": [
          "no-cache"
        ],
        "Pragma": [
          "no-cache"
        ],
        "x-ms-ratelimit-remaining-resource": [
          "Microsoft.Compute/GetOperation3Min;14990,Microsoft.Compute/GetOperation30Min;29989"
        ],
        "Strict-Transport-Security": [
          "max-age=31536000; includeSubDomains"
        ],
        "x-ms-request-id": [
          "2d897005-7d42-4b03-8b19-c7659dabca57"
        ],
        "Server": [
          "Microsoft-HTTPAPI/2.0",
          "Microsoft-HTTPAPI/2.0"
        ],
        "x-ms-ratelimit-remaining-subscription-reads": [
          "11999"
        ],
        "x-ms-correlation-request-id": [
          "fc9a8d47-1d3a-4fd8-ba49-34f2a3974e11"
        ],
        "x-ms-routing-request-id": [
          "WESTUS2:20190228T235529Z:fc9a8d47-1d3a-4fd8-ba49-34f2a3974e11"
        ],
        "X-Content-Type-Options": [
          "nosniff"
        ],
        "Date": [
          "Thu, 28 Feb 2019 23:55:29 GMT"
        ],
        "Content-Length": [
          "134"
        ],
        "Content-Type": [
          "application/json; charset=utf-8"
        ],
        "Expires": [
          "-1"
        ]
      },
      "ResponseBody": "{\r\n  \"startTime\": \"2019-02-28T15:51:40.7886215-08:00\",\r\n  \"status\": \"InProgress\",\r\n  \"name\": \"9c1495aa-ee89-4874-bbbd-24278bbf9b5a\"\r\n}",
      "StatusCode": 200
    },
    {
      "RequestUri": "/subscriptions/0b1f6471-1bf0-4dda-aec3-cb9272f09590/providers/Microsoft.Compute/locations/eastus/operations/9c1495aa-ee89-4874-bbbd-24278bbf9b5a?api-version=2018-10-01",
      "EncodedRequestUri": "L3N1YnNjcmlwdGlvbnMvMGIxZjY0NzEtMWJmMC00ZGRhLWFlYzMtY2I5MjcyZjA5NTkwL3Byb3ZpZGVycy9NaWNyb3NvZnQuQ29tcHV0ZS9sb2NhdGlvbnMvZWFzdHVzL29wZXJhdGlvbnMvOWMxNDk1YWEtZWU4OS00ODc0LWJiYmQtMjQyNzhiYmY5YjVhP2FwaS12ZXJzaW9uPTIwMTgtMTAtMDE=",
      "RequestMethod": "GET",
      "RequestBody": "",
      "RequestHeaders": {
        "User-Agent": [
          "FxVersion/4.6.26725.06",
          "OSName/Windows",
          "OSVersion/Microsoft.Windows.10.0.17763.",
          "Microsoft.Azure.Management.Compute.Fluent.ComputeManagementClient/1.19.0.0",
          "MacAddressHash/1706214d8731cf2405675fdf5fb8b4bf75f06e7a9bb34e8d93f8f4a5d61acc28"
        ]
      },
      "ResponseHeaders": {
        "Cache-Control": [
          "no-cache"
        ],
        "Pragma": [
          "no-cache"
        ],
        "x-ms-ratelimit-remaining-resource": [
          "Microsoft.Compute/GetOperation3Min;14987,Microsoft.Compute/GetOperation30Min;29983"
        ],
        "Strict-Transport-Security": [
          "max-age=31536000; includeSubDomains"
        ],
        "x-ms-request-id": [
          "01bedc3d-af3c-4a6e-91fb-cce0e1ce823a"
        ],
        "Server": [
          "Microsoft-HTTPAPI/2.0",
          "Microsoft-HTTPAPI/2.0"
        ],
        "x-ms-ratelimit-remaining-subscription-reads": [
          "11998"
        ],
        "x-ms-correlation-request-id": [
          "1f0e2c1c-6d4f-4053-99a4-461104f575cf"
        ],
        "x-ms-routing-request-id": [
          "WESTUS2:20190228T235639Z:1f0e2c1c-6d4f-4053-99a4-461104f575cf"
        ],
        "X-Content-Type-Options": [
          "nosniff"
        ],
        "Date": [
          "Thu, 28 Feb 2019 23:56:39 GMT"
        ],
        "Content-Length": [
          "134"
        ],
        "Content-Type": [
          "application/json; charset=utf-8"
        ],
        "Expires": [
          "-1"
        ]
      },
      "ResponseBody": "{\r\n  \"startTime\": \"2019-02-28T15:51:40.7886215-08:00\",\r\n  \"status\": \"InProgress\",\r\n  \"name\": \"9c1495aa-ee89-4874-bbbd-24278bbf9b5a\"\r\n}",
      "StatusCode": 200
    },
    {
      "RequestUri": "/subscriptions/0b1f6471-1bf0-4dda-aec3-cb9272f09590/providers/Microsoft.Compute/locations/eastus/operations/9c1495aa-ee89-4874-bbbd-24278bbf9b5a?api-version=2018-10-01",
      "EncodedRequestUri": "L3N1YnNjcmlwdGlvbnMvMGIxZjY0NzEtMWJmMC00ZGRhLWFlYzMtY2I5MjcyZjA5NTkwL3Byb3ZpZGVycy9NaWNyb3NvZnQuQ29tcHV0ZS9sb2NhdGlvbnMvZWFzdHVzL29wZXJhdGlvbnMvOWMxNDk1YWEtZWU4OS00ODc0LWJiYmQtMjQyNzhiYmY5YjVhP2FwaS12ZXJzaW9uPTIwMTgtMTAtMDE=",
      "RequestMethod": "GET",
      "RequestBody": "",
      "RequestHeaders": {
        "User-Agent": [
          "FxVersion/4.6.26725.06",
          "OSName/Windows",
          "OSVersion/Microsoft.Windows.10.0.17763.",
          "Microsoft.Azure.Management.Compute.Fluent.ComputeManagementClient/1.19.0.0",
          "MacAddressHash/1706214d8731cf2405675fdf5fb8b4bf75f06e7a9bb34e8d93f8f4a5d61acc28"
        ]
      },
      "ResponseHeaders": {
        "Cache-Control": [
          "no-cache"
        ],
        "Pragma": [
          "no-cache"
        ],
        "x-ms-ratelimit-remaining-resource": [
          "Microsoft.Compute/GetOperation3Min;14988,Microsoft.Compute/GetOperation30Min;29980"
        ],
        "Strict-Transport-Security": [
          "max-age=31536000; includeSubDomains"
        ],
        "x-ms-request-id": [
          "2eba733f-4357-40c4-a68c-076bb9b0dc44"
        ],
        "Server": [
          "Microsoft-HTTPAPI/2.0",
          "Microsoft-HTTPAPI/2.0"
        ],
        "x-ms-ratelimit-remaining-subscription-reads": [
          "11997"
        ],
        "x-ms-correlation-request-id": [
          "923e5a9d-b092-41db-82c4-4c752c79c449"
        ],
        "x-ms-routing-request-id": [
          "WESTUS2:20190228T235750Z:923e5a9d-b092-41db-82c4-4c752c79c449"
        ],
        "X-Content-Type-Options": [
          "nosniff"
        ],
        "Date": [
          "Thu, 28 Feb 2019 23:57:49 GMT"
        ],
        "Content-Length": [
          "184"
        ],
        "Content-Type": [
          "application/json; charset=utf-8"
        ],
        "Expires": [
          "-1"
        ]
      },
      "ResponseBody": "{\r\n  \"startTime\": \"2019-02-28T15:51:40.7886215-08:00\",\r\n  \"endTime\": \"2019-02-28T15:57:04.4297634-08:00\",\r\n  \"status\": \"Succeeded\",\r\n  \"name\": \"9c1495aa-ee89-4874-bbbd-24278bbf9b5a\"\r\n}",
      "StatusCode": 200
    },
    {
      "RequestUri": "/subscriptions/0b1f6471-1bf0-4dda-aec3-cb9272f09590/providers/Microsoft.Storage/locations/eastus/asyncoperations/0aa3e5f1-bd90-4ffb-a428-7c1d8c80e2f7?monitor=true&api-version=2017-10-01",
      "EncodedRequestUri": "L3N1YnNjcmlwdGlvbnMvMGIxZjY0NzEtMWJmMC00ZGRhLWFlYzMtY2I5MjcyZjA5NTkwL3Byb3ZpZGVycy9NaWNyb3NvZnQuU3RvcmFnZS9sb2NhdGlvbnMvZWFzdHVzL2FzeW5jb3BlcmF0aW9ucy8wYWEzZTVmMS1iZDkwLTRmZmItYTQyOC03YzFkOGM4MGUyZjc/bW9uaXRvcj10cnVlJmFwaS12ZXJzaW9uPTIwMTctMTAtMDE=",
      "RequestMethod": "GET",
      "RequestBody": "",
      "RequestHeaders": {
        "User-Agent": [
          "FxVersion/4.6.26725.06",
          "OSName/Windows",
          "OSVersion/Microsoft.Windows.10.0.17763.",
          "Microsoft.Azure.Management.Storage.Fluent.StorageManagementClient/1.19.0.0",
          "MacAddressHash/1706214d8731cf2405675fdf5fb8b4bf75f06e7a9bb34e8d93f8f4a5d61acc28"
        ]
      },
      "ResponseHeaders": {
        "Cache-Control": [
          "no-cache"
        ],
        "Pragma": [
          "no-cache"
        ],
        "x-ms-request-id": [
          "9a8c5b68-87b5-4029-9597-5a7e83e20199"
        ],
        "Strict-Transport-Security": [
          "max-age=31536000; includeSubDomains"
        ],
        "Server": [
          "Microsoft-Azure-Storage-Resource-Provider/1.0,Microsoft-HTTPAPI/2.0 Microsoft-HTTPAPI/2.0"
        ],
        "x-ms-ratelimit-remaining-subscription-reads": [
          "11999"
        ],
        "x-ms-correlation-request-id": [
          "dfedec0f-33cc-4b2a-a375-d1c72c2f569a"
        ],
        "x-ms-routing-request-id": [
          "WESTUS2:20190228T235151Z:dfedec0f-33cc-4b2a-a375-d1c72c2f569a"
        ],
        "X-Content-Type-Options": [
          "nosniff"
        ],
        "Date": [
          "Thu, 28 Feb 2019 23:51:51 GMT"
        ],
        "Content-Length": [
          "1095"
        ],
        "Content-Type": [
          "application/json"
        ],
        "Expires": [
          "-1"
        ]
      },
      "ResponseBody": "{\r\n  \"sku\": {\r\n    \"name\": \"Standard_GRS\",\r\n    \"tier\": \"Standard\"\r\n  },\r\n  \"kind\": \"Storage\",\r\n  \"id\": \"/subscriptions/0b1f6471-1bf0-4dda-aec3-cb9272f09590/resourceGroups/rg71c383847c/providers/Microsoft.Storage/storageAccounts/stb758830048\",\r\n  \"name\": \"stb758830048\",\r\n  \"type\": \"Microsoft.Storage/storageAccounts\",\r\n  \"location\": \"eastus\",\r\n  \"tags\": {},\r\n  \"properties\": {\r\n    \"networkAcls\": {\r\n      \"bypass\": \"AzureServices\",\r\n      \"virtualNetworkRules\": [],\r\n      \"ipRules\": [],\r\n      \"defaultAction\": \"Allow\"\r\n    },\r\n    \"supportsHttpsTrafficOnly\": false,\r\n    \"encryption\": {\r\n      \"services\": {\r\n        \"file\": {\r\n          \"enabled\": true,\r\n          \"lastEnabledTime\": \"2019-02-28T23:51:34.3862385Z\"\r\n        },\r\n        \"blob\": {\r\n          \"enabled\": true,\r\n          \"lastEnabledTime\": \"2019-02-28T23:51:34.3862385Z\"\r\n        }\r\n      },\r\n      \"keySource\": \"Microsoft.Storage\"\r\n    },\r\n    \"provisioningState\": \"Succeeded\",\r\n    \"creationTime\": \"2019-02-28T23:51:34.2768401Z\",\r\n    \"primaryEndpoints\": {\r\n      \"blob\": \"https://stb758830048.blob.core.windows.net/\",\r\n      \"queue\": \"https://stb758830048.queue.core.windows.net/\",\r\n      \"table\": \"https://stb758830048.table.core.windows.net/\",\r\n      \"file\": \"https://stb758830048.file.core.windows.net/\"\r\n    },\r\n    \"primaryLocation\": \"eastus\",\r\n    \"statusOfPrimary\": \"available\",\r\n    \"secondaryLocation\": \"westus\",\r\n    \"statusOfSecondary\": \"available\"\r\n  }\r\n}",
      "StatusCode": 200
    },
    {
      "RequestUri": "/subscriptions/0b1f6471-1bf0-4dda-aec3-cb9272f09590/resourceGroups/rg71c383847c/providers/Microsoft.Storage/storageAccounts/stb758830048?api-version=2017-10-01",
      "EncodedRequestUri": "L3N1YnNjcmlwdGlvbnMvMGIxZjY0NzEtMWJmMC00ZGRhLWFlYzMtY2I5MjcyZjA5NTkwL3Jlc291cmNlR3JvdXBzL3JnNzFjMzgzODQ3Yy9wcm92aWRlcnMvTWljcm9zb2Z0LlN0b3JhZ2Uvc3RvcmFnZUFjY291bnRzL3N0Yjc1ODgzMDA0OD9hcGktdmVyc2lvbj0yMDE3LTEwLTAx",
      "RequestMethod": "GET",
      "RequestBody": "",
      "RequestHeaders": {
        "x-ms-client-request-id": [
          "3a7db009-7dc2-4417-a9bf-bacf73a2ab50"
        ],
        "Accept-Language": [
          "en-US"
        ],
        "User-Agent": [
          "FxVersion/4.6.26725.06",
          "OSName/Windows",
          "OSVersion/Microsoft.Windows.10.0.17763.",
          "Microsoft.Azure.Management.Storage.Fluent.StorageManagementClient/1.19.0.0",
          "MacAddressHash/1706214d8731cf2405675fdf5fb8b4bf75f06e7a9bb34e8d93f8f4a5d61acc28"
        ]
      },
      "ResponseHeaders": {
        "Cache-Control": [
          "no-cache"
        ],
        "Pragma": [
          "no-cache"
        ],
        "x-ms-request-id": [
          "e6e995b0-a94c-4a34-8822-c13e57689d4b"
        ],
        "Strict-Transport-Security": [
          "max-age=31536000; includeSubDomains"
        ],
        "Server": [
          "Microsoft-Azure-Storage-Resource-Provider/1.0,Microsoft-HTTPAPI/2.0 Microsoft-HTTPAPI/2.0"
        ],
        "x-ms-ratelimit-remaining-subscription-reads": [
          "11998"
        ],
        "x-ms-correlation-request-id": [
          "53932338-9e45-4390-ab7e-90b8f5d0b0e9"
        ],
        "x-ms-routing-request-id": [
          "WESTUS2:20190228T235152Z:53932338-9e45-4390-ab7e-90b8f5d0b0e9"
        ],
        "X-Content-Type-Options": [
          "nosniff"
        ],
        "Date": [
          "Thu, 28 Feb 2019 23:51:51 GMT"
        ],
        "Content-Length": [
          "1095"
        ],
        "Content-Type": [
          "application/json"
        ],
        "Expires": [
          "-1"
        ]
      },
      "ResponseBody": "{\r\n  \"sku\": {\r\n    \"name\": \"Standard_GRS\",\r\n    \"tier\": \"Standard\"\r\n  },\r\n  \"kind\": \"Storage\",\r\n  \"id\": \"/subscriptions/0b1f6471-1bf0-4dda-aec3-cb9272f09590/resourceGroups/rg71c383847c/providers/Microsoft.Storage/storageAccounts/stb758830048\",\r\n  \"name\": \"stb758830048\",\r\n  \"type\": \"Microsoft.Storage/storageAccounts\",\r\n  \"location\": \"eastus\",\r\n  \"tags\": {},\r\n  \"properties\": {\r\n    \"networkAcls\": {\r\n      \"bypass\": \"AzureServices\",\r\n      \"virtualNetworkRules\": [],\r\n      \"ipRules\": [],\r\n      \"defaultAction\": \"Allow\"\r\n    },\r\n    \"supportsHttpsTrafficOnly\": false,\r\n    \"encryption\": {\r\n      \"services\": {\r\n        \"file\": {\r\n          \"enabled\": true,\r\n          \"lastEnabledTime\": \"2019-02-28T23:51:34.3862385Z\"\r\n        },\r\n        \"blob\": {\r\n          \"enabled\": true,\r\n          \"lastEnabledTime\": \"2019-02-28T23:51:34.3862385Z\"\r\n        }\r\n      },\r\n      \"keySource\": \"Microsoft.Storage\"\r\n    },\r\n    \"provisioningState\": \"Succeeded\",\r\n    \"creationTime\": \"2019-02-28T23:51:34.2768401Z\",\r\n    \"primaryEndpoints\": {\r\n      \"blob\": \"https://stb758830048.blob.core.windows.net/\",\r\n      \"queue\": \"https://stb758830048.queue.core.windows.net/\",\r\n      \"table\": \"https://stb758830048.table.core.windows.net/\",\r\n      \"file\": \"https://stb758830048.file.core.windows.net/\"\r\n    },\r\n    \"primaryLocation\": \"eastus\",\r\n    \"statusOfPrimary\": \"available\",\r\n    \"secondaryLocation\": \"westus\",\r\n    \"statusOfSecondary\": \"available\"\r\n  }\r\n}",
      "StatusCode": 200
    },
    {
      "RequestUri": "/subscriptions/0b1f6471-1bf0-4dda-aec3-cb9272f09590/providers/Microsoft.Compute/locations/eastus/DiskOperations/ee0c91ed-2aba-44d5-a42d-05fb5992b237?api-version=2018-06-01",
      "EncodedRequestUri": "L3N1YnNjcmlwdGlvbnMvMGIxZjY0NzEtMWJmMC00ZGRhLWFlYzMtY2I5MjcyZjA5NTkwL3Byb3ZpZGVycy9NaWNyb3NvZnQuQ29tcHV0ZS9sb2NhdGlvbnMvZWFzdHVzL0Rpc2tPcGVyYXRpb25zL2VlMGM5MWVkLTJhYmEtNDRkNS1hNDJkLTA1ZmI1OTkyYjIzNz9hcGktdmVyc2lvbj0yMDE4LTA2LTAx",
      "RequestMethod": "GET",
      "RequestBody": "",
      "RequestHeaders": {
        "User-Agent": [
          "FxVersion/4.6.26725.06",
          "OSName/Windows",
          "OSVersion/Microsoft.Windows.10.0.17763.",
          "Microsoft.Azure.Management.Compute.Fluent.ComputeManagementClient/1.19.0.0",
          "MacAddressHash/1706214d8731cf2405675fdf5fb8b4bf75f06e7a9bb34e8d93f8f4a5d61acc28"
        ]
      },
      "ResponseHeaders": {
        "Cache-Control": [
          "no-cache"
        ],
        "Pragma": [
          "no-cache"
        ],
        "x-ms-ratelimit-remaining-resource": [
          "Microsoft.Compute/GetOperation3Min;49998,Microsoft.Compute/GetOperation30Min;399995"
        ],
        "Strict-Transport-Security": [
          "max-age=31536000; includeSubDomains"
        ],
        "x-ms-served-by": [
          "36ee1309-094c-4cec-b989-37cf5e794c1b_131880572205253447"
        ],
        "x-ms-request-id": [
          "385c2d80-0077-4041-8eb2-6420384aaec3"
        ],
        "Server": [
          "Microsoft-HTTPAPI/2.0",
          "Microsoft-HTTPAPI/2.0"
        ],
        "x-ms-ratelimit-remaining-subscription-reads": [
          "11997"
        ],
        "x-ms-correlation-request-id": [
          "b3286d1b-eee3-4547-a538-23428d0712b6"
        ],
        "x-ms-routing-request-id": [
          "WESTUS2:20190228T235204Z:b3286d1b-eee3-4547-a538-23428d0712b6"
        ],
        "X-Content-Type-Options": [
          "nosniff"
        ],
        "Date": [
          "Thu, 28 Feb 2019 23:52:03 GMT"
        ],
        "Content-Length": [
          "721"
        ],
        "Content-Type": [
          "application/json; charset=utf-8"
        ],
        "Expires": [
          "-1"
        ]
      },
      "ResponseBody": "{\r\n  \"startTime\": \"2019-02-28T15:51:33.6642969-08:00\",\r\n  \"endTime\": \"2019-02-28T15:51:33.8830447-08:00\",\r\n  \"status\": \"Succeeded\",\r\n  \"properties\": {\r\n    \"output\": {\r\n      \"sku\": {\r\n        \"name\": \"Standard_LRS\",\r\n        \"tier\": \"Standard\"\r\n      },\r\n      \"properties\": {\r\n        \"creationData\": {\r\n          \"createOption\": \"Empty\"\r\n        },\r\n        \"diskSizeGB\": 100,\r\n        \"diskIOPSReadWrite\": 500,\r\n        \"diskMBpsReadWrite\": 60,\r\n        \"timeCreated\": \"2019-02-28T15:51:33.6799086-08:00\",\r\n        \"provisioningState\": \"Succeeded\",\r\n        \"diskState\": \"Unattached\"\r\n      },\r\n      \"type\": \"Microsoft.Compute/disks\",\r\n      \"location\": \"eastus\",\r\n      \"tags\": {},\r\n      \"id\": \"/subscriptions/0b1f6471-1bf0-4dda-aec3-cb9272f09590/resourceGroups/rg71c383847c/providers/Microsoft.Compute/disks/dskc59200396e\",\r\n      \"name\": \"dskc59200396e\"\r\n    }\r\n  },\r\n  \"name\": \"ee0c91ed-2aba-44d5-a42d-05fb5992b237\"\r\n}",
      "StatusCode": 200
    },
    {
      "RequestUri": "/subscriptions/0b1f6471-1bf0-4dda-aec3-cb9272f09590/resourceGroups/rg71c383847c/providers/Microsoft.Compute/disks/dskc59200396e?api-version=2018-06-01",
      "EncodedRequestUri": "L3N1YnNjcmlwdGlvbnMvMGIxZjY0NzEtMWJmMC00ZGRhLWFlYzMtY2I5MjcyZjA5NTkwL3Jlc291cmNlR3JvdXBzL3JnNzFjMzgzODQ3Yy9wcm92aWRlcnMvTWljcm9zb2Z0LkNvbXB1dGUvZGlza3MvZHNrYzU5MjAwMzk2ZT9hcGktdmVyc2lvbj0yMDE4LTA2LTAx",
      "RequestMethod": "GET",
      "RequestBody": "",
      "RequestHeaders": {
        "User-Agent": [
          "FxVersion/4.6.26725.06",
          "OSName/Windows",
          "OSVersion/Microsoft.Windows.10.0.17763.",
          "Microsoft.Azure.Management.Compute.Fluent.ComputeManagementClient/1.19.0.0",
          "MacAddressHash/1706214d8731cf2405675fdf5fb8b4bf75f06e7a9bb34e8d93f8f4a5d61acc28"
        ]
      },
      "ResponseHeaders": {
        "Cache-Control": [
          "no-cache"
        ],
        "Pragma": [
          "no-cache"
        ],
        "x-ms-ratelimit-remaining-resource": [
          "Microsoft.Compute/LowCostGet3Min;4996,Microsoft.Compute/LowCostGet30Min;39991"
        ],
        "Strict-Transport-Security": [
          "max-age=31536000; includeSubDomains"
        ],
        "x-ms-served-by": [
          "36ee1309-094c-4cec-b989-37cf5e794c1b_131880572205253447"
        ],
        "x-ms-request-id": [
          "f24ed92c-ac93-4b5a-b897-cd9d1d440a65"
        ],
        "Server": [
          "Microsoft-HTTPAPI/2.0",
          "Microsoft-HTTPAPI/2.0"
        ],
        "x-ms-ratelimit-remaining-subscription-reads": [
          "11996"
        ],
        "x-ms-correlation-request-id": [
          "c6b9211d-e689-47ad-ad3d-04fc34174c56"
        ],
        "x-ms-routing-request-id": [
          "WESTUS2:20190228T235204Z:c6b9211d-e689-47ad-ad3d-04fc34174c56"
        ],
        "X-Content-Type-Options": [
          "nosniff"
        ],
        "Date": [
          "Thu, 28 Feb 2019 23:52:03 GMT"
        ],
        "Content-Length": [
          "619"
        ],
        "Content-Type": [
          "application/json; charset=utf-8"
        ],
        "Expires": [
          "-1"
        ]
      },
      "ResponseBody": "{\r\n  \"sku\": {\r\n    \"name\": \"Standard_LRS\",\r\n    \"tier\": \"Standard\"\r\n  },\r\n  \"properties\": {\r\n    \"creationData\": {\r\n      \"createOption\": \"Empty\"\r\n    },\r\n    \"diskSizeGB\": 100,\r\n    \"diskIOPSReadWrite\": 500,\r\n    \"diskMBpsReadWrite\": 60,\r\n    \"timeCreated\": \"2019-02-28T15:51:33.6799086-08:00\",\r\n    \"provisioningState\": \"Succeeded\",\r\n    \"diskState\": \"Unattached\"\r\n  },\r\n  \"type\": \"Microsoft.Compute/disks\",\r\n  \"location\": \"eastus\",\r\n  \"tags\": {},\r\n  \"id\": \"/subscriptions/0b1f6471-1bf0-4dda-aec3-cb9272f09590/resourceGroups/rg71c383847c/providers/Microsoft.Compute/disks/dskc59200396e\",\r\n  \"name\": \"dskc59200396e\"\r\n}",
      "StatusCode": 200
    },
    {
      "RequestUri": "/subscriptions/0b1f6471-1bf0-4dda-aec3-cb9272f09590/resourceGroups/rg71c383847c/providers/Microsoft.Compute/virtualMachines/vmd665308635?api-version=2018-10-01",
      "EncodedRequestUri": "L3N1YnNjcmlwdGlvbnMvMGIxZjY0NzEtMWJmMC00ZGRhLWFlYzMtY2I5MjcyZjA5NTkwL3Jlc291cmNlR3JvdXBzL3JnNzFjMzgzODQ3Yy9wcm92aWRlcnMvTWljcm9zb2Z0LkNvbXB1dGUvdmlydHVhbE1hY2hpbmVzL3ZtZDY2NTMwODYzNT9hcGktdmVyc2lvbj0yMDE4LTEwLTAx",
      "RequestMethod": "GET",
      "RequestBody": "",
      "RequestHeaders": {
        "User-Agent": [
          "FxVersion/4.6.26725.06",
          "OSName/Windows",
          "OSVersion/Microsoft.Windows.10.0.17763.",
          "Microsoft.Azure.Management.Compute.Fluent.ComputeManagementClient/1.19.0.0",
          "MacAddressHash/1706214d8731cf2405675fdf5fb8b4bf75f06e7a9bb34e8d93f8f4a5d61acc28"
        ]
      },
      "ResponseHeaders": {
        "Cache-Control": [
          "no-cache"
        ],
        "Pragma": [
          "no-cache"
        ],
        "x-ms-ratelimit-remaining-resource": [
          "Microsoft.Compute/LowCostGet3Min;3994,Microsoft.Compute/LowCostGet30Min;31990"
        ],
        "Strict-Transport-Security": [
          "max-age=31536000; includeSubDomains"
        ],
        "x-ms-request-id": [
          "6fa641e3-31ed-488a-adec-15ffc49e9357"
        ],
        "Server": [
          "Microsoft-HTTPAPI/2.0",
          "Microsoft-HTTPAPI/2.0"
        ],
        "x-ms-ratelimit-remaining-subscription-reads": [
          "11996"
        ],
        "x-ms-correlation-request-id": [
          "59d2642a-44d6-4e54-9552-ccef442b8285"
        ],
        "x-ms-routing-request-id": [
          "WESTUS2:20190228T235750Z:59d2642a-44d6-4e54-9552-ccef442b8285"
        ],
        "X-Content-Type-Options": [
          "nosniff"
        ],
        "Date": [
          "Thu, 28 Feb 2019 23:57:49 GMT"
        ],
        "Content-Length": [
          "1748"
        ],
        "Content-Type": [
          "application/json; charset=utf-8"
        ],
        "Expires": [
          "-1"
        ]
      },
      "ResponseBody": "{\r\n  \"properties\": {\r\n    \"vmId\": \"0bc3b7b9-fff4-4e2b-b4c9-328288326690\",\r\n    \"hardwareProfile\": {\r\n      \"vmSize\": \"Basic_A1\"\r\n    },\r\n    \"storageProfile\": {\r\n      \"imageReference\": {\r\n        \"publisher\": \"MicrosoftWindowsServer\",\r\n        \"offer\": \"WindowsServer\",\r\n        \"sku\": \"2012-R2-Datacenter\",\r\n        \"version\": \"latest\"\r\n      },\r\n      \"osDisk\": {\r\n        \"osType\": \"Windows\",\r\n        \"name\": \"vmd665308635_OsDisk_1_e02ee588dd084b18953ab88f23d1a121\",\r\n        \"createOption\": \"FromImage\",\r\n        \"caching\": \"ReadWrite\",\r\n        \"managedDisk\": {\r\n          \"storageAccountType\": \"Standard_LRS\",\r\n          \"id\": \"/subscriptions/0b1f6471-1bf0-4dda-aec3-cb9272f09590/resourceGroups/rg71c383847c/providers/Microsoft.Compute/disks/vmd665308635_OsDisk_1_e02ee588dd084b18953ab88f23d1a121\"\r\n        },\r\n        \"diskSizeGB\": 127\r\n      },\r\n      \"dataDisks\": []\r\n    },\r\n    \"osProfile\": {\r\n      \"computerName\": \"vmd665308635\",\r\n      \"adminUsername\": \"tester\",\r\n      \"windowsConfiguration\": {\r\n        \"provisionVMAgent\": true,\r\n        \"enableAutomaticUpdates\": true\r\n      },\r\n      \"secrets\": [],\r\n      \"allowExtensionOperations\": true,\r\n      \"requireGuestProvisionSignal\": true\r\n    },\r\n    \"networkProfile\": {\r\n      \"networkInterfaces\": [\r\n        {\r\n          \"id\": \"/subscriptions/0b1f6471-1bf0-4dda-aec3-cb9272f09590/resourceGroups/rg71c383847c/providers/Microsoft.Network/networkInterfaces/nic750732ab2c8\",\r\n          \"properties\": {\r\n            \"primary\": true\r\n          }\r\n        }\r\n      ]\r\n    },\r\n    \"provisioningState\": \"Succeeded\"\r\n  },\r\n  \"type\": \"Microsoft.Compute/virtualMachines\",\r\n  \"location\": \"eastus\",\r\n  \"tags\": {},\r\n  \"id\": \"/subscriptions/0b1f6471-1bf0-4dda-aec3-cb9272f09590/resourceGroups/rg71c383847c/providers/Microsoft.Compute/virtualMachines/vmd665308635\",\r\n  \"name\": \"vmd665308635\"\r\n}",
      "StatusCode": 200
    },
    {
      "RequestUri": "/%2Fsubscriptions%2F0b1f6471-1bf0-4dda-aec3-cb9272f09590%2FresourceGroups%2Frg71c383847c/providers/Microsoft.Authorization/locks/rglock?api-version=2016-09-01",
      "EncodedRequestUri": "LyUyRnN1YnNjcmlwdGlvbnMlMkYwYjFmNjQ3MS0xYmYwLTRkZGEtYWVjMy1jYjkyNzJmMDk1OTAlMkZyZXNvdXJjZUdyb3VwcyUyRnJnNzFjMzgzODQ3Yy9wcm92aWRlcnMvTWljcm9zb2Z0LkF1dGhvcml6YXRpb24vbG9ja3Mvcmdsb2NrP2FwaS12ZXJzaW9uPTIwMTYtMDktMDE=",
      "RequestMethod": "PUT",
      "RequestBody": "{\r\n  \"properties\": {\r\n    \"level\": \"CanNotDelete\"\r\n  }\r\n}",
      "RequestHeaders": {
        "x-ms-client-request-id": [
          "518e1f3a-9bf5-4d64-8f04-bd156e8b7a30"
        ],
        "Accept-Language": [
          "en-US"
        ],
        "User-Agent": [
          "FxVersion/4.6.26725.06",
          "OSName/Windows",
          "OSVersion/Microsoft.Windows.10.0.17763.",
          "Microsoft.Azure.Management.Locks.Fluent.ManagementLockClient/1.19.0.0",
          "MacAddressHash/1706214d8731cf2405675fdf5fb8b4bf75f06e7a9bb34e8d93f8f4a5d61acc28"
        ],
        "Content-Type": [
          "application/json; charset=utf-8"
        ],
        "Content-Length": [
          "57"
        ]
      },
      "ResponseHeaders": {
        "Cache-Control": [
          "no-cache"
        ],
        "Pragma": [
          "no-cache"
        ],
        "x-ms-request-id": [
          "westus2:76b09c06-4466-46e5-943c-d193223c8e9a"
        ],
        "x-ms-ratelimit-remaining-subscription-writes": [
          "1199"
        ],
        "x-ms-correlation-request-id": [
          "2f4dcc87-f956-4cb7-a1ab-a1ae5a5dc129"
        ],
        "x-ms-routing-request-id": [
          "WESTUS2:20190228T235751Z:2f4dcc87-f956-4cb7-a1ab-a1ae5a5dc129"
        ],
        "Strict-Transport-Security": [
          "max-age=31536000; includeSubDomains"
        ],
        "X-Content-Type-Options": [
          "nosniff"
        ],
        "Date": [
          "Thu, 28 Feb 2019 23:57:51 GMT"
        ],
        "Content-Length": [
          "228"
        ],
        "Content-Type": [
          "application/json; charset=utf-8"
        ],
        "Expires": [
          "-1"
        ]
      },
      "ResponseBody": "{\r\n  \"properties\": {\r\n    \"level\": \"CanNotDelete\"\r\n  },\r\n  \"id\": \"/subscriptions/0b1f6471-1bf0-4dda-aec3-cb9272f09590/resourceGroups/rg71c383847c/providers/Microsoft.Authorization/locks/rglock\",\r\n  \"type\": \"Microsoft.Authorization/locks\",\r\n  \"name\": \"rglock\"\r\n}",
      "StatusCode": 201
    },
    {
      "RequestUri": "/%2Fsubscriptions%2F0b1f6471-1bf0-4dda-aec3-cb9272f09590%2FresourceGroups%2Frg71c383847c%2Fproviders%2FMicrosoft.Compute%2FvirtualMachines%2Fvmd665308635/providers/Microsoft.Authorization/locks/vmlock?api-version=2016-09-01",
      "EncodedRequestUri": "LyUyRnN1YnNjcmlwdGlvbnMlMkYwYjFmNjQ3MS0xYmYwLTRkZGEtYWVjMy1jYjkyNzJmMDk1OTAlMkZyZXNvdXJjZUdyb3VwcyUyRnJnNzFjMzgzODQ3YyUyRnByb3ZpZGVycyUyRk1pY3Jvc29mdC5Db21wdXRlJTJGdmlydHVhbE1hY2hpbmVzJTJGdm1kNjY1MzA4NjM1L3Byb3ZpZGVycy9NaWNyb3NvZnQuQXV0aG9yaXphdGlvbi9sb2Nrcy92bWxvY2s/YXBpLXZlcnNpb249MjAxNi0wOS0wMQ==",
      "RequestMethod": "PUT",
      "RequestBody": "{\r\n  \"properties\": {\r\n    \"level\": \"ReadOnly\",\r\n    \"notes\": \"vm readonly lock\"\r\n  }\r\n}",
      "RequestHeaders": {
        "x-ms-client-request-id": [
          "1a93b3b1-8b6e-48c7-b49f-969e9a563324"
        ],
        "Accept-Language": [
          "en-US"
        ],
        "User-Agent": [
          "FxVersion/4.6.26725.06",
          "OSName/Windows",
          "OSVersion/Microsoft.Windows.10.0.17763.",
          "Microsoft.Azure.Management.Locks.Fluent.ManagementLockClient/1.19.0.0",
          "MacAddressHash/1706214d8731cf2405675fdf5fb8b4bf75f06e7a9bb34e8d93f8f4a5d61acc28"
        ],
        "Content-Type": [
          "application/json; charset=utf-8"
        ],
        "Content-Length": [
          "87"
        ]
      },
      "ResponseHeaders": {
        "Cache-Control": [
          "no-cache"
        ],
        "Pragma": [
          "no-cache"
        ],
        "x-ms-request-id": [
          "westus2:a4f958fc-de2b-4463-bd50-35c55f714a4e"
        ],
        "x-ms-ratelimit-remaining-subscription-writes": [
          "1199"
        ],
        "x-ms-correlation-request-id": [
          "a5651fa3-c222-4cd2-a34c-381eea0965b4"
        ],
        "x-ms-routing-request-id": [
          "WESTUS2:20190228T235751Z:a5651fa3-c222-4cd2-a34c-381eea0965b4"
        ],
        "Strict-Transport-Security": [
          "max-age=31536000; includeSubDomains"
        ],
        "X-Content-Type-Options": [
          "nosniff"
        ],
        "Date": [
          "Thu, 28 Feb 2019 23:57:51 GMT"
        ],
        "Content-Length": [
          "308"
        ],
        "Content-Type": [
          "application/json; charset=utf-8"
        ],
        "Expires": [
          "-1"
        ]
      },
      "ResponseBody": "{\r\n  \"properties\": {\r\n    \"level\": \"ReadOnly\",\r\n    \"notes\": \"vm readonly lock\"\r\n  },\r\n  \"id\": \"/subscriptions/0b1f6471-1bf0-4dda-aec3-cb9272f09590/resourceGroups/rg71c383847c/providers/Microsoft.Compute/virtualMachines/vmd665308635/providers/Microsoft.Authorization/locks/vmlock\",\r\n  \"type\": \"Microsoft.Authorization/locks\",\r\n  \"name\": \"vmlock\"\r\n}",
      "StatusCode": 201
    },
    {
      "RequestUri": "/%2Fsubscriptions%2F0b1f6471-1bf0-4dda-aec3-cb9272f09590%2FresourceGroups%2Frg71c383847c%2Fproviders%2FMicrosoft.Storage%2FstorageAccounts%2Fstb758830048/providers/Microsoft.Authorization/locks/stLock?api-version=2016-09-01",
      "EncodedRequestUri": "LyUyRnN1YnNjcmlwdGlvbnMlMkYwYjFmNjQ3MS0xYmYwLTRkZGEtYWVjMy1jYjkyNzJmMDk1OTAlMkZyZXNvdXJjZUdyb3VwcyUyRnJnNzFjMzgzODQ3YyUyRnByb3ZpZGVycyUyRk1pY3Jvc29mdC5TdG9yYWdlJTJGc3RvcmFnZUFjY291bnRzJTJGc3RiNzU4ODMwMDQ4L3Byb3ZpZGVycy9NaWNyb3NvZnQuQXV0aG9yaXphdGlvbi9sb2Nrcy9zdExvY2s/YXBpLXZlcnNpb249MjAxNi0wOS0wMQ==",
      "RequestMethod": "PUT",
      "RequestBody": "{\r\n  \"properties\": {\r\n    \"level\": \"CanNotDelete\"\r\n  }\r\n}",
      "RequestHeaders": {
        "x-ms-client-request-id": [
          "0274e66f-028e-4e88-8946-2e408435607b"
        ],
        "Accept-Language": [
          "en-US"
        ],
        "User-Agent": [
          "FxVersion/4.6.26725.06",
          "OSName/Windows",
          "OSVersion/Microsoft.Windows.10.0.17763.",
          "Microsoft.Azure.Management.Locks.Fluent.ManagementLockClient/1.19.0.0",
          "MacAddressHash/1706214d8731cf2405675fdf5fb8b4bf75f06e7a9bb34e8d93f8f4a5d61acc28"
        ],
        "Content-Type": [
          "application/json; charset=utf-8"
        ],
        "Content-Length": [
          "57"
        ]
      },
      "ResponseHeaders": {
        "Cache-Control": [
          "no-cache"
        ],
        "Pragma": [
          "no-cache"
        ],
        "x-ms-request-id": [
          "westus2:74f27b69-3c95-49b7-8708-3154bf789639"
        ],
        "x-ms-ratelimit-remaining-subscription-writes": [
          "1199"
        ],
        "x-ms-correlation-request-id": [
          "4cc967c2-6b6e-46a2-903b-eb994854542c"
        ],
        "x-ms-routing-request-id": [
          "WESTUS2:20190228T235751Z:4cc967c2-6b6e-46a2-903b-eb994854542c"
        ],
        "Strict-Transport-Security": [
          "max-age=31536000; includeSubDomains"
        ],
        "X-Content-Type-Options": [
          "nosniff"
        ],
        "Date": [
          "Thu, 28 Feb 2019 23:57:51 GMT"
        ],
        "Content-Length": [
          "285"
        ],
        "Content-Type": [
          "application/json; charset=utf-8"
        ],
        "Expires": [
          "-1"
        ]
      },
      "ResponseBody": "{\r\n  \"properties\": {\r\n    \"level\": \"CanNotDelete\"\r\n  },\r\n  \"id\": \"/subscriptions/0b1f6471-1bf0-4dda-aec3-cb9272f09590/resourceGroups/rg71c383847c/providers/Microsoft.Storage/storageAccounts/stb758830048/providers/Microsoft.Authorization/locks/stLock\",\r\n  \"type\": \"Microsoft.Authorization/locks\",\r\n  \"name\": \"stLock\"\r\n}",
      "StatusCode": 201
    },
    {
      "RequestUri": "/%2Fsubscriptions%2F0b1f6471-1bf0-4dda-aec3-cb9272f09590%2FresourceGroups%2Frg71c383847c%2Fproviders%2FMicrosoft.Network%2FvirtualNetworks%2Fnet84e8091005%2Fsubnets%2Fsubnet1/providers/Microsoft.Authorization/locks/subnetLock?api-version=2016-09-01",
      "EncodedRequestUri": "LyUyRnN1YnNjcmlwdGlvbnMlMkYwYjFmNjQ3MS0xYmYwLTRkZGEtYWVjMy1jYjkyNzJmMDk1OTAlMkZyZXNvdXJjZUdyb3VwcyUyRnJnNzFjMzgzODQ3YyUyRnByb3ZpZGVycyUyRk1pY3Jvc29mdC5OZXR3b3JrJTJGdmlydHVhbE5ldHdvcmtzJTJGbmV0ODRlODA5MTAwNSUyRnN1Ym5ldHMlMkZzdWJuZXQxL3Byb3ZpZGVycy9NaWNyb3NvZnQuQXV0aG9yaXphdGlvbi9sb2Nrcy9zdWJuZXRMb2NrP2FwaS12ZXJzaW9uPTIwMTYtMDktMDE=",
      "RequestMethod": "PUT",
      "RequestBody": "{\r\n  \"properties\": {\r\n    \"level\": \"ReadOnly\"\r\n  }\r\n}",
      "RequestHeaders": {
        "x-ms-client-request-id": [
          "c98fc753-a185-4337-9a93-9d69b18d9641"
        ],
        "Accept-Language": [
          "en-US"
        ],
        "User-Agent": [
          "FxVersion/4.6.26725.06",
          "OSName/Windows",
          "OSVersion/Microsoft.Windows.10.0.17763.",
          "Microsoft.Azure.Management.Locks.Fluent.ManagementLockClient/1.19.0.0",
          "MacAddressHash/1706214d8731cf2405675fdf5fb8b4bf75f06e7a9bb34e8d93f8f4a5d61acc28"
        ],
        "Content-Type": [
          "application/json; charset=utf-8"
        ],
        "Content-Length": [
          "53"
        ]
      },
      "ResponseHeaders": {
        "Cache-Control": [
          "no-cache"
        ],
        "Pragma": [
          "no-cache"
        ],
        "x-ms-request-id": [
          "westus2:91141104-8586-4e00-b89b-dc5766d6555f"
        ],
        "x-ms-ratelimit-remaining-subscription-writes": [
          "1199"
        ],
        "x-ms-correlation-request-id": [
          "9d1476c5-5d9a-4a98-a7f8-f37e56be8ca3"
        ],
        "x-ms-routing-request-id": [
          "WESTUS2:20190228T235751Z:9d1476c5-5d9a-4a98-a7f8-f37e56be8ca3"
        ],
        "Strict-Transport-Security": [
          "max-age=31536000; includeSubDomains"
        ],
        "X-Content-Type-Options": [
          "nosniff"
        ],
        "Date": [
          "Thu, 28 Feb 2019 23:57:51 GMT"
        ],
        "Content-Length": [
          "306"
        ],
        "Content-Type": [
          "application/json; charset=utf-8"
        ],
        "Expires": [
          "-1"
        ]
      },
      "ResponseBody": "{\r\n  \"properties\": {\r\n    \"level\": \"ReadOnly\"\r\n  },\r\n  \"id\": \"/subscriptions/0b1f6471-1bf0-4dda-aec3-cb9272f09590/resourceGroups/rg71c383847c/providers/Microsoft.Network/virtualNetworks/net84e8091005/subnets/subnet1/providers/Microsoft.Authorization/locks/subnetLock\",\r\n  \"type\": \"Microsoft.Authorization/locks\",\r\n  \"name\": \"subnetLock\"\r\n}",
      "StatusCode": 201
    },
    {
      "RequestUri": "/%2Fsubscriptions%2F0b1f6471-1bf0-4dda-aec3-cb9272f09590%2FresourceGroups%2Frg71c383847c%2Fproviders%2FMicrosoft.Compute%2Fdisks%2Fdskc59200396e/providers/Microsoft.Authorization/locks/diskLockRO?api-version=2016-09-01",
      "EncodedRequestUri": "LyUyRnN1YnNjcmlwdGlvbnMlMkYwYjFmNjQ3MS0xYmYwLTRkZGEtYWVjMy1jYjkyNzJmMDk1OTAlMkZyZXNvdXJjZUdyb3VwcyUyRnJnNzFjMzgzODQ3YyUyRnByb3ZpZGVycyUyRk1pY3Jvc29mdC5Db21wdXRlJTJGZGlza3MlMkZkc2tjNTkyMDAzOTZlL3Byb3ZpZGVycy9NaWNyb3NvZnQuQXV0aG9yaXphdGlvbi9sb2Nrcy9kaXNrTG9ja1JPP2FwaS12ZXJzaW9uPTIwMTYtMDktMDE=",
      "RequestMethod": "PUT",
      "RequestBody": "{\r\n  \"properties\": {\r\n    \"level\": \"ReadOnly\"\r\n  }\r\n}",
      "RequestHeaders": {
        "x-ms-client-request-id": [
          "e148eadc-15cf-4d1c-817e-2673ed7f4ff0"
        ],
        "Accept-Language": [
          "en-US"
        ],
        "User-Agent": [
          "FxVersion/4.6.26725.06",
          "OSName/Windows",
          "OSVersion/Microsoft.Windows.10.0.17763.",
          "Microsoft.Azure.Management.Locks.Fluent.ManagementLockClient/1.19.0.0",
          "MacAddressHash/1706214d8731cf2405675fdf5fb8b4bf75f06e7a9bb34e8d93f8f4a5d61acc28"
        ],
        "Content-Type": [
          "application/json; charset=utf-8"
        ],
        "Content-Length": [
          "53"
        ]
      },
      "ResponseHeaders": {
        "Cache-Control": [
          "no-cache"
        ],
        "Pragma": [
          "no-cache"
        ],
        "x-ms-request-id": [
          "westus2:d7f6e94d-b758-4c11-8fa7-09d4b8a0e6e7"
        ],
        "x-ms-ratelimit-remaining-subscription-writes": [
          "1198"
        ],
        "x-ms-correlation-request-id": [
          "902b2e05-164f-4a01-9040-3149017a331d"
        ],
        "x-ms-routing-request-id": [
          "WESTUS2:20190228T235752Z:902b2e05-164f-4a01-9040-3149017a331d"
        ],
        "Strict-Transport-Security": [
          "max-age=31536000; includeSubDomains"
        ],
        "X-Content-Type-Options": [
          "nosniff"
        ],
        "Date": [
          "Thu, 28 Feb 2019 23:57:51 GMT"
        ],
        "Content-Length": [
          "280"
        ],
        "Content-Type": [
          "application/json; charset=utf-8"
        ],
        "Expires": [
          "-1"
        ]
      },
      "ResponseBody": "{\r\n  \"properties\": {\r\n    \"level\": \"ReadOnly\"\r\n  },\r\n  \"id\": \"/subscriptions/0b1f6471-1bf0-4dda-aec3-cb9272f09590/resourceGroups/rg71c383847c/providers/Microsoft.Compute/disks/dskc59200396e/providers/Microsoft.Authorization/locks/diskLockRO\",\r\n  \"type\": \"Microsoft.Authorization/locks\",\r\n  \"name\": \"diskLockRO\"\r\n}",
      "StatusCode": 201
    },
    {
      "RequestUri": "/%2Fsubscriptions%2F0b1f6471-1bf0-4dda-aec3-cb9272f09590%2FresourceGroups%2Frg71c383847c%2Fproviders%2FMicrosoft.Compute%2Fdisks%2Fdskc59200396e/providers/Microsoft.Authorization/locks/diskLockDel?api-version=2016-09-01",
      "EncodedRequestUri": "LyUyRnN1YnNjcmlwdGlvbnMlMkYwYjFmNjQ3MS0xYmYwLTRkZGEtYWVjMy1jYjkyNzJmMDk1OTAlMkZyZXNvdXJjZUdyb3VwcyUyRnJnNzFjMzgzODQ3YyUyRnByb3ZpZGVycyUyRk1pY3Jvc29mdC5Db21wdXRlJTJGZGlza3MlMkZkc2tjNTkyMDAzOTZlL3Byb3ZpZGVycy9NaWNyb3NvZnQuQXV0aG9yaXphdGlvbi9sb2Nrcy9kaXNrTG9ja0RlbD9hcGktdmVyc2lvbj0yMDE2LTA5LTAx",
      "RequestMethod": "PUT",
      "RequestBody": "{\r\n  \"properties\": {\r\n    \"level\": \"CanNotDelete\"\r\n  }\r\n}",
      "RequestHeaders": {
        "x-ms-client-request-id": [
          "7fb339ea-4115-4ddb-bb4b-2af340cddf8e"
        ],
        "Accept-Language": [
          "en-US"
        ],
        "User-Agent": [
          "FxVersion/4.6.26725.06",
          "OSName/Windows",
          "OSVersion/Microsoft.Windows.10.0.17763.",
          "Microsoft.Azure.Management.Locks.Fluent.ManagementLockClient/1.19.0.0",
          "MacAddressHash/1706214d8731cf2405675fdf5fb8b4bf75f06e7a9bb34e8d93f8f4a5d61acc28"
        ],
        "Content-Type": [
          "application/json; charset=utf-8"
        ],
        "Content-Length": [
          "57"
        ]
      },
      "ResponseHeaders": {
        "Cache-Control": [
          "no-cache"
        ],
        "Pragma": [
          "no-cache"
        ],
        "x-ms-request-id": [
          "westus2:65eb8803-39a7-4071-b6cd-8a0799f9f6fa"
        ],
        "x-ms-ratelimit-remaining-subscription-writes": [
          "1197"
        ],
        "x-ms-correlation-request-id": [
          "42bb6a55-da56-472e-8998-bc4b5639c5d9"
        ],
        "x-ms-routing-request-id": [
          "WESTUS2:20190228T235752Z:42bb6a55-da56-472e-8998-bc4b5639c5d9"
        ],
        "Strict-Transport-Security": [
          "max-age=31536000; includeSubDomains"
        ],
        "X-Content-Type-Options": [
          "nosniff"
        ],
        "Date": [
          "Thu, 28 Feb 2019 23:57:52 GMT"
        ],
        "Content-Length": [
          "286"
        ],
        "Content-Type": [
          "application/json; charset=utf-8"
        ],
        "Expires": [
          "-1"
        ]
      },
      "ResponseBody": "{\r\n  \"properties\": {\r\n    \"level\": \"CanNotDelete\"\r\n  },\r\n  \"id\": \"/subscriptions/0b1f6471-1bf0-4dda-aec3-cb9272f09590/resourceGroups/rg71c383847c/providers/Microsoft.Compute/disks/dskc59200396e/providers/Microsoft.Authorization/locks/diskLockDel\",\r\n  \"type\": \"Microsoft.Authorization/locks\",\r\n  \"name\": \"diskLockDel\"\r\n}",
      "StatusCode": 201
    },
    {
      "RequestUri": "/subscriptions/0b1f6471-1bf0-4dda-aec3-cb9272f09590/resourcegroups/rg71c383847c/providers/Microsoft.Compute//virtualMachines/vmd665308635/providers/Microsoft.Authorization/locks?api-version=2016-09-01",
      "EncodedRequestUri": "L3N1YnNjcmlwdGlvbnMvMGIxZjY0NzEtMWJmMC00ZGRhLWFlYzMtY2I5MjcyZjA5NTkwL3Jlc291cmNlZ3JvdXBzL3JnNzFjMzgzODQ3Yy9wcm92aWRlcnMvTWljcm9zb2Z0LkNvbXB1dGUvL3ZpcnR1YWxNYWNoaW5lcy92bWQ2NjUzMDg2MzUvcHJvdmlkZXJzL01pY3Jvc29mdC5BdXRob3JpemF0aW9uL2xvY2tzP2FwaS12ZXJzaW9uPTIwMTYtMDktMDE=",
      "RequestMethod": "GET",
      "RequestBody": "",
      "RequestHeaders": {
        "x-ms-client-request-id": [
          "9a7bcf56-82b7-469d-a26b-53cbf4105b5d"
        ],
        "Accept-Language": [
          "en-US"
        ],
        "User-Agent": [
          "FxVersion/4.6.26725.06",
          "OSName/Windows",
          "OSVersion/Microsoft.Windows.10.0.17763.",
          "Microsoft.Azure.Management.Locks.Fluent.ManagementLockClient/1.19.0.0",
          "MacAddressHash/1706214d8731cf2405675fdf5fb8b4bf75f06e7a9bb34e8d93f8f4a5d61acc28"
        ]
      },
      "ResponseHeaders": {
        "Cache-Control": [
          "no-cache"
        ],
        "Pragma": [
          "no-cache"
        ],
        "Vary": [
          "Accept-Encoding"
        ],
        "x-ms-request-id": [
          "westus2:6f878f23-e532-4c9b-87a5-3534e93302ac"
        ],
        "x-ms-ratelimit-remaining-subscription-reads": [
          "11999"
        ],
        "x-ms-correlation-request-id": [
          "28e9a36d-c6cb-4ffe-aa4d-0d3c15a8f50a"
        ],
        "x-ms-routing-request-id": [
          "WESTUS2:20190228T235752Z:28e9a36d-c6cb-4ffe-aa4d-0d3c15a8f50a"
        ],
        "Strict-Transport-Security": [
          "max-age=31536000; includeSubDomains"
        ],
        "X-Content-Type-Options": [
          "nosniff"
        ],
        "Date": [
          "Thu, 28 Feb 2019 23:57:52 GMT"
        ],
        "Content-Length": [
          "549"
        ],
        "Content-Type": [
          "application/json; charset=utf-8"
        ],
        "Expires": [
          "-1"
        ]
      },
      "ResponseBody": "{\r\n  \"value\": [\r\n    {\r\n      \"properties\": {\r\n        \"level\": \"CanNotDelete\"\r\n      },\r\n      \"id\": \"/subscriptions/0b1f6471-1bf0-4dda-aec3-cb9272f09590/resourceGroups/rg71c383847c/providers/Microsoft.Authorization/locks/rglock\",\r\n      \"type\": \"Microsoft.Authorization/locks\",\r\n      \"name\": \"rglock\"\r\n    },\r\n    {\r\n      \"properties\": {\r\n        \"level\": \"ReadOnly\",\r\n        \"notes\": \"vm readonly lock\"\r\n      },\r\n      \"id\": \"/subscriptions/0b1f6471-1bf0-4dda-aec3-cb9272f09590/resourceGroups/rg71c383847c/providers/Microsoft.Compute/virtualMachines/vmd665308635/providers/Microsoft.Authorization/locks/vmlock\",\r\n      \"type\": \"Microsoft.Authorization/locks\",\r\n      \"name\": \"vmlock\"\r\n    }\r\n  ]\r\n}",
      "StatusCode": 200
    },
    {
      "RequestUri": "/%2Fsubscriptions%2F0b1f6471-1bf0-4dda-aec3-cb9272f09590%2FresourceGroups%2Frg71c383847c%2Fproviders%2FMicrosoft.Compute%2FvirtualMachines%2Fvmd665308635/providers/Microsoft.Authorization/locks/vmlock?api-version=2016-09-01",
      "EncodedRequestUri": "LyUyRnN1YnNjcmlwdGlvbnMlMkYwYjFmNjQ3MS0xYmYwLTRkZGEtYWVjMy1jYjkyNzJmMDk1OTAlMkZyZXNvdXJjZUdyb3VwcyUyRnJnNzFjMzgzODQ3YyUyRnByb3ZpZGVycyUyRk1pY3Jvc29mdC5Db21wdXRlJTJGdmlydHVhbE1hY2hpbmVzJTJGdm1kNjY1MzA4NjM1L3Byb3ZpZGVycy9NaWNyb3NvZnQuQXV0aG9yaXphdGlvbi9sb2Nrcy92bWxvY2s/YXBpLXZlcnNpb249MjAxNi0wOS0wMQ==",
      "RequestMethod": "GET",
      "RequestBody": "",
      "RequestHeaders": {
        "x-ms-client-request-id": [
          "d9160c78-621e-4680-af20-9ecdcbccf244"
        ],
        "Accept-Language": [
          "en-US"
        ],
        "User-Agent": [
          "FxVersion/4.6.26725.06",
          "OSName/Windows",
          "OSVersion/Microsoft.Windows.10.0.17763.",
          "Microsoft.Azure.Management.Locks.Fluent.ManagementLockClient/1.19.0.0",
          "MacAddressHash/1706214d8731cf2405675fdf5fb8b4bf75f06e7a9bb34e8d93f8f4a5d61acc28"
        ]
      },
      "ResponseHeaders": {
        "Cache-Control": [
          "no-cache"
        ],
        "Pragma": [
          "no-cache"
        ],
        "Vary": [
          "Accept-Encoding"
        ],
        "x-ms-request-id": [
          "westus2:9abfd5c1-c065-4649-a84f-73c728181354"
        ],
        "x-ms-ratelimit-remaining-subscription-reads": [
          "11998"
        ],
        "x-ms-correlation-request-id": [
          "b13fd73f-aca9-4bb2-90ee-4599c4d72ebe"
        ],
        "x-ms-routing-request-id": [
          "WESTUS2:20190228T235752Z:b13fd73f-aca9-4bb2-90ee-4599c4d72ebe"
        ],
        "Strict-Transport-Security": [
          "max-age=31536000; includeSubDomains"
        ],
        "X-Content-Type-Options": [
          "nosniff"
        ],
        "Date": [
          "Thu, 28 Feb 2019 23:57:52 GMT"
        ],
        "Content-Length": [
          "308"
        ],
        "Content-Type": [
          "application/json; charset=utf-8"
        ],
        "Expires": [
          "-1"
        ]
      },
      "ResponseBody": "{\r\n  \"properties\": {\r\n    \"level\": \"ReadOnly\",\r\n    \"notes\": \"vm readonly lock\"\r\n  },\r\n  \"id\": \"/subscriptions/0b1f6471-1bf0-4dda-aec3-cb9272f09590/resourceGroups/rg71c383847c/providers/Microsoft.Compute/virtualMachines/vmd665308635/providers/Microsoft.Authorization/locks/vmlock\",\r\n  \"type\": \"Microsoft.Authorization/locks\",\r\n  \"name\": \"vmlock\"\r\n}",
      "StatusCode": 200
    },
    {
      "RequestUri": "/subscriptions/0b1f6471-1bf0-4dda-aec3-cb9272f09590/resourceGroups/rg71c383847c/providers/Microsoft.Authorization/locks/rglock?api-version=2016-09-01",
      "EncodedRequestUri": "L3N1YnNjcmlwdGlvbnMvMGIxZjY0NzEtMWJmMC00ZGRhLWFlYzMtY2I5MjcyZjA5NTkwL3Jlc291cmNlR3JvdXBzL3JnNzFjMzgzODQ3Yy9wcm92aWRlcnMvTWljcm9zb2Z0LkF1dGhvcml6YXRpb24vbG9ja3Mvcmdsb2NrP2FwaS12ZXJzaW9uPTIwMTYtMDktMDE=",
      "RequestMethod": "GET",
      "RequestBody": "",
      "RequestHeaders": {
        "x-ms-client-request-id": [
          "169b5a35-759b-4df7-8daa-9b7fa4ff7b5e"
        ],
        "Accept-Language": [
          "en-US"
        ],
        "User-Agent": [
          "FxVersion/4.6.26725.06",
          "OSName/Windows",
          "OSVersion/Microsoft.Windows.10.0.17763.",
          "Microsoft.Azure.Management.Locks.Fluent.ManagementLockClient/1.19.0.0",
          "MacAddressHash/1706214d8731cf2405675fdf5fb8b4bf75f06e7a9bb34e8d93f8f4a5d61acc28"
        ]
      },
      "ResponseHeaders": {
        "Cache-Control": [
          "no-cache"
        ],
        "Pragma": [
          "no-cache"
        ],
        "Vary": [
          "Accept-Encoding"
        ],
        "x-ms-request-id": [
          "westus2:3c7734bb-041b-4f36-aa70-526350ceb906"
        ],
        "x-ms-ratelimit-remaining-subscription-reads": [
          "11997"
        ],
        "x-ms-correlation-request-id": [
          "ddd1ab4b-56a3-4565-9806-08fb822f10a3"
        ],
        "x-ms-routing-request-id": [
          "WESTUS2:20190228T235752Z:ddd1ab4b-56a3-4565-9806-08fb822f10a3"
        ],
        "Strict-Transport-Security": [
          "max-age=31536000; includeSubDomains"
        ],
        "X-Content-Type-Options": [
          "nosniff"
        ],
        "Date": [
          "Thu, 28 Feb 2019 23:57:52 GMT"
        ],
        "Content-Length": [
          "228"
        ],
        "Content-Type": [
          "application/json; charset=utf-8"
        ],
        "Expires": [
          "-1"
        ]
      },
      "ResponseBody": "{\r\n  \"properties\": {\r\n    \"level\": \"CanNotDelete\"\r\n  },\r\n  \"id\": \"/subscriptions/0b1f6471-1bf0-4dda-aec3-cb9272f09590/resourceGroups/rg71c383847c/providers/Microsoft.Authorization/locks/rglock\",\r\n  \"type\": \"Microsoft.Authorization/locks\",\r\n  \"name\": \"rglock\"\r\n}",
      "StatusCode": 200
    },
    {
      "RequestUri": "/subscriptions/0b1f6471-1bf0-4dda-aec3-cb9272f09590/resourcegroups/rg71c383847c/providers/Microsoft.Storage//storageAccounts/stb758830048/providers/Microsoft.Authorization/locks?api-version=2016-09-01",
      "EncodedRequestUri": "L3N1YnNjcmlwdGlvbnMvMGIxZjY0NzEtMWJmMC00ZGRhLWFlYzMtY2I5MjcyZjA5NTkwL3Jlc291cmNlZ3JvdXBzL3JnNzFjMzgzODQ3Yy9wcm92aWRlcnMvTWljcm9zb2Z0LlN0b3JhZ2UvL3N0b3JhZ2VBY2NvdW50cy9zdGI3NTg4MzAwNDgvcHJvdmlkZXJzL01pY3Jvc29mdC5BdXRob3JpemF0aW9uL2xvY2tzP2FwaS12ZXJzaW9uPTIwMTYtMDktMDE=",
      "RequestMethod": "GET",
      "RequestBody": "",
      "RequestHeaders": {
        "x-ms-client-request-id": [
          "f369186e-253d-4e32-bb1a-a85c41534344"
        ],
        "Accept-Language": [
          "en-US"
        ],
        "User-Agent": [
          "FxVersion/4.6.26725.06",
          "OSName/Windows",
          "OSVersion/Microsoft.Windows.10.0.17763.",
          "Microsoft.Azure.Management.Locks.Fluent.ManagementLockClient/1.19.0.0",
          "MacAddressHash/1706214d8731cf2405675fdf5fb8b4bf75f06e7a9bb34e8d93f8f4a5d61acc28"
        ]
      },
      "ResponseHeaders": {
        "Cache-Control": [
          "no-cache"
        ],
        "Pragma": [
          "no-cache"
        ],
        "Vary": [
          "Accept-Encoding"
        ],
        "x-ms-request-id": [
          "westus2:fea32c1b-b805-4db5-8028-3c4de7964b1a"
        ],
        "x-ms-ratelimit-remaining-subscription-reads": [
          "11996"
        ],
        "x-ms-correlation-request-id": [
          "2adc0fa1-0a40-4527-be7c-bde41d22184d"
        ],
        "x-ms-routing-request-id": [
          "WESTUS2:20190228T235752Z:2adc0fa1-0a40-4527-be7c-bde41d22184d"
        ],
        "Strict-Transport-Security": [
          "max-age=31536000; includeSubDomains"
        ],
        "X-Content-Type-Options": [
          "nosniff"
        ],
        "Date": [
          "Thu, 28 Feb 2019 23:57:52 GMT"
        ],
        "Content-Length": [
          "526"
        ],
        "Content-Type": [
          "application/json; charset=utf-8"
        ],
        "Expires": [
          "-1"
        ]
      },
      "ResponseBody": "{\r\n  \"value\": [\r\n    {\r\n      \"properties\": {\r\n        \"level\": \"CanNotDelete\"\r\n      },\r\n      \"id\": \"/subscriptions/0b1f6471-1bf0-4dda-aec3-cb9272f09590/resourceGroups/rg71c383847c/providers/Microsoft.Authorization/locks/rglock\",\r\n      \"type\": \"Microsoft.Authorization/locks\",\r\n      \"name\": \"rglock\"\r\n    },\r\n    {\r\n      \"properties\": {\r\n        \"level\": \"CanNotDelete\"\r\n      },\r\n      \"id\": \"/subscriptions/0b1f6471-1bf0-4dda-aec3-cb9272f09590/resourceGroups/rg71c383847c/providers/Microsoft.Storage/storageAccounts/stb758830048/providers/Microsoft.Authorization/locks/stLock\",\r\n      \"type\": \"Microsoft.Authorization/locks\",\r\n      \"name\": \"stLock\"\r\n    }\r\n  ]\r\n}",
      "StatusCode": 200
    },
    {
      "RequestUri": "/%2Fsubscriptions%2F0b1f6471-1bf0-4dda-aec3-cb9272f09590%2FresourceGroups%2Frg71c383847c%2Fproviders%2FMicrosoft.Storage%2FstorageAccounts%2Fstb758830048/providers/Microsoft.Authorization/locks/stLock?api-version=2016-09-01",
      "EncodedRequestUri": "LyUyRnN1YnNjcmlwdGlvbnMlMkYwYjFmNjQ3MS0xYmYwLTRkZGEtYWVjMy1jYjkyNzJmMDk1OTAlMkZyZXNvdXJjZUdyb3VwcyUyRnJnNzFjMzgzODQ3YyUyRnByb3ZpZGVycyUyRk1pY3Jvc29mdC5TdG9yYWdlJTJGc3RvcmFnZUFjY291bnRzJTJGc3RiNzU4ODMwMDQ4L3Byb3ZpZGVycy9NaWNyb3NvZnQuQXV0aG9yaXphdGlvbi9sb2Nrcy9zdExvY2s/YXBpLXZlcnNpb249MjAxNi0wOS0wMQ==",
      "RequestMethod": "GET",
      "RequestBody": "",
      "RequestHeaders": {
        "x-ms-client-request-id": [
          "85c52b4a-3a04-4c19-95d5-cb2892253a43"
        ],
        "Accept-Language": [
          "en-US"
        ],
        "User-Agent": [
          "FxVersion/4.6.26725.06",
          "OSName/Windows",
          "OSVersion/Microsoft.Windows.10.0.17763.",
          "Microsoft.Azure.Management.Locks.Fluent.ManagementLockClient/1.19.0.0",
          "MacAddressHash/1706214d8731cf2405675fdf5fb8b4bf75f06e7a9bb34e8d93f8f4a5d61acc28"
        ]
      },
      "ResponseHeaders": {
        "Cache-Control": [
          "no-cache"
        ],
        "Pragma": [
          "no-cache"
        ],
        "Vary": [
          "Accept-Encoding"
        ],
        "x-ms-request-id": [
          "westus2:37c39a03-9062-4f07-97a2-918a18fc1ea2"
        ],
        "x-ms-ratelimit-remaining-subscription-reads": [
          "11995"
        ],
        "x-ms-correlation-request-id": [
          "78d230f6-6ef4-4c17-b60a-5964d74f1a88"
        ],
        "x-ms-routing-request-id": [
          "WESTUS2:20190228T235752Z:78d230f6-6ef4-4c17-b60a-5964d74f1a88"
        ],
        "Strict-Transport-Security": [
          "max-age=31536000; includeSubDomains"
        ],
        "X-Content-Type-Options": [
          "nosniff"
        ],
        "Date": [
          "Thu, 28 Feb 2019 23:57:52 GMT"
        ],
        "Content-Length": [
          "285"
        ],
        "Content-Type": [
          "application/json; charset=utf-8"
        ],
        "Expires": [
          "-1"
        ]
      },
      "ResponseBody": "{\r\n  \"properties\": {\r\n    \"level\": \"CanNotDelete\"\r\n  },\r\n  \"id\": \"/subscriptions/0b1f6471-1bf0-4dda-aec3-cb9272f09590/resourceGroups/rg71c383847c/providers/Microsoft.Storage/storageAccounts/stb758830048/providers/Microsoft.Authorization/locks/stLock\",\r\n  \"type\": \"Microsoft.Authorization/locks\",\r\n  \"name\": \"stLock\"\r\n}",
      "StatusCode": 200
    },
    {
      "RequestUri": "/subscriptions/0b1f6471-1bf0-4dda-aec3-cb9272f09590/resourcegroups/rg71c383847c/providers/Microsoft.Compute//disks/dskc59200396e/providers/Microsoft.Authorization/locks?api-version=2016-09-01",
      "EncodedRequestUri": "L3N1YnNjcmlwdGlvbnMvMGIxZjY0NzEtMWJmMC00ZGRhLWFlYzMtY2I5MjcyZjA5NTkwL3Jlc291cmNlZ3JvdXBzL3JnNzFjMzgzODQ3Yy9wcm92aWRlcnMvTWljcm9zb2Z0LkNvbXB1dGUvL2Rpc2tzL2Rza2M1OTIwMDM5NmUvcHJvdmlkZXJzL01pY3Jvc29mdC5BdXRob3JpemF0aW9uL2xvY2tzP2FwaS12ZXJzaW9uPTIwMTYtMDktMDE=",
      "RequestMethod": "GET",
      "RequestBody": "",
      "RequestHeaders": {
        "x-ms-client-request-id": [
          "41de546c-0eac-4cdb-be1c-c12c603d93a3"
        ],
        "Accept-Language": [
          "en-US"
        ],
        "User-Agent": [
          "FxVersion/4.6.26725.06",
          "OSName/Windows",
          "OSVersion/Microsoft.Windows.10.0.17763.",
          "Microsoft.Azure.Management.Locks.Fluent.ManagementLockClient/1.19.0.0",
          "MacAddressHash/1706214d8731cf2405675fdf5fb8b4bf75f06e7a9bb34e8d93f8f4a5d61acc28"
        ]
      },
      "ResponseHeaders": {
        "Cache-Control": [
          "no-cache"
        ],
        "Pragma": [
          "no-cache"
        ],
        "Vary": [
          "Accept-Encoding"
        ],
        "x-ms-request-id": [
          "westus2:047d3707-54f0-4b5a-b287-c618fc8ed354"
        ],
        "x-ms-ratelimit-remaining-subscription-reads": [
          "11994"
        ],
        "x-ms-correlation-request-id": [
          "e074bb03-ba4a-40a7-bcc8-e58d5e6705eb"
        ],
        "x-ms-routing-request-id": [
          "WESTUS2:20190228T235752Z:e074bb03-ba4a-40a7-bcc8-e58d5e6705eb"
        ],
        "Strict-Transport-Security": [
          "max-age=31536000; includeSubDomains"
        ],
        "X-Content-Type-Options": [
          "nosniff"
        ],
        "Date": [
          "Thu, 28 Feb 2019 23:57:52 GMT"
        ],
        "Content-Length": [
          "808"
        ],
        "Content-Type": [
          "application/json; charset=utf-8"
        ],
        "Expires": [
          "-1"
        ]
      },
      "ResponseBody": "{\r\n  \"value\": [\r\n    {\r\n      \"properties\": {\r\n        \"level\": \"CanNotDelete\"\r\n      },\r\n      \"id\": \"/subscriptions/0b1f6471-1bf0-4dda-aec3-cb9272f09590/resourceGroups/rg71c383847c/providers/Microsoft.Authorization/locks/rglock\",\r\n      \"type\": \"Microsoft.Authorization/locks\",\r\n      \"name\": \"rglock\"\r\n    },\r\n    {\r\n      \"properties\": {\r\n        \"level\": \"CanNotDelete\"\r\n      },\r\n      \"id\": \"/subscriptions/0b1f6471-1bf0-4dda-aec3-cb9272f09590/resourceGroups/rg71c383847c/providers/Microsoft.Compute/disks/dskc59200396e/providers/Microsoft.Authorization/locks/diskLockDel\",\r\n      \"type\": \"Microsoft.Authorization/locks\",\r\n      \"name\": \"diskLockDel\"\r\n    },\r\n    {\r\n      \"properties\": {\r\n        \"level\": \"ReadOnly\"\r\n      },\r\n      \"id\": \"/subscriptions/0b1f6471-1bf0-4dda-aec3-cb9272f09590/resourceGroups/rg71c383847c/providers/Microsoft.Compute/disks/dskc59200396e/providers/Microsoft.Authorization/locks/diskLockRO\",\r\n      \"type\": \"Microsoft.Authorization/locks\",\r\n      \"name\": \"diskLockRO\"\r\n    }\r\n  ]\r\n}",
      "StatusCode": 200
    },
    {
      "RequestUri": "/%2Fsubscriptions%2F0b1f6471-1bf0-4dda-aec3-cb9272f09590%2FresourceGroups%2Frg71c383847c%2Fproviders%2FMicrosoft.Compute%2Fdisks%2Fdskc59200396e/providers/Microsoft.Authorization/locks/diskLockRO?api-version=2016-09-01",
      "EncodedRequestUri": "LyUyRnN1YnNjcmlwdGlvbnMlMkYwYjFmNjQ3MS0xYmYwLTRkZGEtYWVjMy1jYjkyNzJmMDk1OTAlMkZyZXNvdXJjZUdyb3VwcyUyRnJnNzFjMzgzODQ3YyUyRnByb3ZpZGVycyUyRk1pY3Jvc29mdC5Db21wdXRlJTJGZGlza3MlMkZkc2tjNTkyMDAzOTZlL3Byb3ZpZGVycy9NaWNyb3NvZnQuQXV0aG9yaXphdGlvbi9sb2Nrcy9kaXNrTG9ja1JPP2FwaS12ZXJzaW9uPTIwMTYtMDktMDE=",
      "RequestMethod": "GET",
      "RequestBody": "",
      "RequestHeaders": {
        "x-ms-client-request-id": [
          "a52f8cdc-71a5-41b3-af7e-9f3d38fe8ae2"
        ],
        "Accept-Language": [
          "en-US"
        ],
        "User-Agent": [
          "FxVersion/4.6.26725.06",
          "OSName/Windows",
          "OSVersion/Microsoft.Windows.10.0.17763.",
          "Microsoft.Azure.Management.Locks.Fluent.ManagementLockClient/1.19.0.0",
          "MacAddressHash/1706214d8731cf2405675fdf5fb8b4bf75f06e7a9bb34e8d93f8f4a5d61acc28"
        ]
      },
      "ResponseHeaders": {
        "Cache-Control": [
          "no-cache"
        ],
        "Pragma": [
          "no-cache"
        ],
        "Vary": [
          "Accept-Encoding"
        ],
        "x-ms-request-id": [
          "westus2:944071cc-e3b2-417f-b5f2-ed3524c5c397"
        ],
        "x-ms-ratelimit-remaining-subscription-reads": [
          "11993"
        ],
        "x-ms-correlation-request-id": [
          "6809d30c-abaf-4f83-a31f-c0cf17cfb2ac"
        ],
        "x-ms-routing-request-id": [
          "WESTUS2:20190228T235752Z:6809d30c-abaf-4f83-a31f-c0cf17cfb2ac"
        ],
        "Strict-Transport-Security": [
          "max-age=31536000; includeSubDomains"
        ],
        "X-Content-Type-Options": [
          "nosniff"
        ],
        "Date": [
          "Thu, 28 Feb 2019 23:57:52 GMT"
        ],
        "Content-Length": [
          "280"
        ],
        "Content-Type": [
          "application/json; charset=utf-8"
        ],
        "Expires": [
          "-1"
        ]
      },
      "ResponseBody": "{\r\n  \"properties\": {\r\n    \"level\": \"ReadOnly\"\r\n  },\r\n  \"id\": \"/subscriptions/0b1f6471-1bf0-4dda-aec3-cb9272f09590/resourceGroups/rg71c383847c/providers/Microsoft.Compute/disks/dskc59200396e/providers/Microsoft.Authorization/locks/diskLockRO\",\r\n  \"type\": \"Microsoft.Authorization/locks\",\r\n  \"name\": \"diskLockRO\"\r\n}",
      "StatusCode": 200
    },
    {
      "RequestUri": "/%2Fsubscriptions%2F0b1f6471-1bf0-4dda-aec3-cb9272f09590%2FresourceGroups%2Frg71c383847c%2Fproviders%2FMicrosoft.Compute%2Fdisks%2Fdskc59200396e/providers/Microsoft.Authorization/locks/diskLockDel?api-version=2016-09-01",
      "EncodedRequestUri": "LyUyRnN1YnNjcmlwdGlvbnMlMkYwYjFmNjQ3MS0xYmYwLTRkZGEtYWVjMy1jYjkyNzJmMDk1OTAlMkZyZXNvdXJjZUdyb3VwcyUyRnJnNzFjMzgzODQ3YyUyRnByb3ZpZGVycyUyRk1pY3Jvc29mdC5Db21wdXRlJTJGZGlza3MlMkZkc2tjNTkyMDAzOTZlL3Byb3ZpZGVycy9NaWNyb3NvZnQuQXV0aG9yaXphdGlvbi9sb2Nrcy9kaXNrTG9ja0RlbD9hcGktdmVyc2lvbj0yMDE2LTA5LTAx",
      "RequestMethod": "GET",
      "RequestBody": "",
      "RequestHeaders": {
        "x-ms-client-request-id": [
          "72caddc2-68a5-4b30-b8ac-471458d91b8c"
        ],
        "Accept-Language": [
          "en-US"
        ],
        "User-Agent": [
          "FxVersion/4.6.26725.06",
          "OSName/Windows",
          "OSVersion/Microsoft.Windows.10.0.17763.",
          "Microsoft.Azure.Management.Locks.Fluent.ManagementLockClient/1.19.0.0",
          "MacAddressHash/1706214d8731cf2405675fdf5fb8b4bf75f06e7a9bb34e8d93f8f4a5d61acc28"
        ]
      },
      "ResponseHeaders": {
        "Cache-Control": [
          "no-cache"
        ],
        "Pragma": [
          "no-cache"
        ],
        "Vary": [
          "Accept-Encoding"
        ],
        "x-ms-request-id": [
          "westus2:35f2e766-89f5-4330-a771-6c0ea779335b"
        ],
        "x-ms-ratelimit-remaining-subscription-reads": [
          "11992"
        ],
        "x-ms-correlation-request-id": [
          "1d0adba8-7146-4c3c-a035-6914bb96b3d9"
        ],
        "x-ms-routing-request-id": [
          "WESTUS2:20190228T235752Z:1d0adba8-7146-4c3c-a035-6914bb96b3d9"
        ],
        "Strict-Transport-Security": [
          "max-age=31536000; includeSubDomains"
        ],
        "X-Content-Type-Options": [
          "nosniff"
        ],
        "Date": [
          "Thu, 28 Feb 2019 23:57:52 GMT"
        ],
        "Content-Length": [
          "286"
        ],
        "Content-Type": [
          "application/json; charset=utf-8"
        ],
        "Expires": [
          "-1"
        ]
      },
      "ResponseBody": "{\r\n  \"properties\": {\r\n    \"level\": \"CanNotDelete\"\r\n  },\r\n  \"id\": \"/subscriptions/0b1f6471-1bf0-4dda-aec3-cb9272f09590/resourceGroups/rg71c383847c/providers/Microsoft.Compute/disks/dskc59200396e/providers/Microsoft.Authorization/locks/diskLockDel\",\r\n  \"type\": \"Microsoft.Authorization/locks\",\r\n  \"name\": \"diskLockDel\"\r\n}",
      "StatusCode": 200
    },
    {
      "RequestUri": "/subscriptions/0b1f6471-1bf0-4dda-aec3-cb9272f09590/resourcegroups/rg71c383847c/providers/Microsoft.Network//virtualNetworks/net84e8091005/providers/Microsoft.Authorization/locks?api-version=2016-09-01",
      "EncodedRequestUri": "L3N1YnNjcmlwdGlvbnMvMGIxZjY0NzEtMWJmMC00ZGRhLWFlYzMtY2I5MjcyZjA5NTkwL3Jlc291cmNlZ3JvdXBzL3JnNzFjMzgzODQ3Yy9wcm92aWRlcnMvTWljcm9zb2Z0Lk5ldHdvcmsvL3ZpcnR1YWxOZXR3b3Jrcy9uZXQ4NGU4MDkxMDA1L3Byb3ZpZGVycy9NaWNyb3NvZnQuQXV0aG9yaXphdGlvbi9sb2Nrcz9hcGktdmVyc2lvbj0yMDE2LTA5LTAx",
      "RequestMethod": "GET",
      "RequestBody": "",
      "RequestHeaders": {
        "x-ms-client-request-id": [
          "5043835a-3511-43d5-98f8-5434a137055c"
        ],
        "Accept-Language": [
          "en-US"
        ],
        "User-Agent": [
          "FxVersion/4.6.26725.06",
          "OSName/Windows",
          "OSVersion/Microsoft.Windows.10.0.17763.",
          "Microsoft.Azure.Management.Locks.Fluent.ManagementLockClient/1.19.0.0",
          "MacAddressHash/1706214d8731cf2405675fdf5fb8b4bf75f06e7a9bb34e8d93f8f4a5d61acc28"
        ]
      },
      "ResponseHeaders": {
        "Cache-Control": [
          "no-cache"
        ],
        "Pragma": [
          "no-cache"
        ],
        "Vary": [
          "Accept-Encoding"
        ],
        "x-ms-request-id": [
          "westus2:574f9ba1-3d99-4f40-b6a0-fc0b1bd3103a"
        ],
        "x-ms-ratelimit-remaining-subscription-reads": [
          "11991"
        ],
        "x-ms-correlation-request-id": [
          "d4228afa-9b5b-4640-aedd-c3a16bb6fd88"
        ],
        "x-ms-routing-request-id": [
          "WESTUS2:20190228T235752Z:d4228afa-9b5b-4640-aedd-c3a16bb6fd88"
        ],
        "Strict-Transport-Security": [
          "max-age=31536000; includeSubDomains"
        ],
        "X-Content-Type-Options": [
          "nosniff"
        ],
        "Date": [
          "Thu, 28 Feb 2019 23:57:52 GMT"
        ],
        "Content-Length": [
          "547"
        ],
        "Content-Type": [
          "application/json; charset=utf-8"
        ],
        "Expires": [
          "-1"
        ]
      },
      "ResponseBody": "{\r\n  \"value\": [\r\n    {\r\n      \"properties\": {\r\n        \"level\": \"CanNotDelete\"\r\n      },\r\n      \"id\": \"/subscriptions/0b1f6471-1bf0-4dda-aec3-cb9272f09590/resourceGroups/rg71c383847c/providers/Microsoft.Authorization/locks/rglock\",\r\n      \"type\": \"Microsoft.Authorization/locks\",\r\n      \"name\": \"rglock\"\r\n    },\r\n    {\r\n      \"properties\": {\r\n        \"level\": \"ReadOnly\"\r\n      },\r\n      \"id\": \"/subscriptions/0b1f6471-1bf0-4dda-aec3-cb9272f09590/resourceGroups/rg71c383847c/providers/Microsoft.Network/virtualNetworks/net84e8091005/subnets/subnet1/providers/Microsoft.Authorization/locks/subnetLock\",\r\n      \"type\": \"Microsoft.Authorization/locks\",\r\n      \"name\": \"subnetLock\"\r\n    }\r\n  ]\r\n}",
      "StatusCode": 200
    },
    {
      "RequestUri": "/%2Fsubscriptions%2F0b1f6471-1bf0-4dda-aec3-cb9272f09590%2FresourceGroups%2Frg71c383847c%2Fproviders%2FMicrosoft.Network%2FvirtualNetworks%2Fnet84e8091005%2Fsubnets%2Fsubnet1/providers/Microsoft.Authorization/locks/subnetLock?api-version=2016-09-01",
      "EncodedRequestUri": "LyUyRnN1YnNjcmlwdGlvbnMlMkYwYjFmNjQ3MS0xYmYwLTRkZGEtYWVjMy1jYjkyNzJmMDk1OTAlMkZyZXNvdXJjZUdyb3VwcyUyRnJnNzFjMzgzODQ3YyUyRnByb3ZpZGVycyUyRk1pY3Jvc29mdC5OZXR3b3JrJTJGdmlydHVhbE5ldHdvcmtzJTJGbmV0ODRlODA5MTAwNSUyRnN1Ym5ldHMlMkZzdWJuZXQxL3Byb3ZpZGVycy9NaWNyb3NvZnQuQXV0aG9yaXphdGlvbi9sb2Nrcy9zdWJuZXRMb2NrP2FwaS12ZXJzaW9uPTIwMTYtMDktMDE=",
      "RequestMethod": "GET",
      "RequestBody": "",
      "RequestHeaders": {
        "x-ms-client-request-id": [
          "2e627934-6d0e-434b-aec3-d08e3c2dfca0"
        ],
        "Accept-Language": [
          "en-US"
        ],
        "User-Agent": [
          "FxVersion/4.6.26725.06",
          "OSName/Windows",
          "OSVersion/Microsoft.Windows.10.0.17763.",
          "Microsoft.Azure.Management.Locks.Fluent.ManagementLockClient/1.19.0.0",
          "MacAddressHash/1706214d8731cf2405675fdf5fb8b4bf75f06e7a9bb34e8d93f8f4a5d61acc28"
        ]
      },
      "ResponseHeaders": {
        "Cache-Control": [
          "no-cache"
        ],
        "Pragma": [
          "no-cache"
        ],
        "Vary": [
          "Accept-Encoding"
        ],
        "x-ms-request-id": [
          "westus2:3e0d5f17-eaed-4736-93f9-f9ec8bdb56f8"
        ],
        "x-ms-ratelimit-remaining-subscription-reads": [
          "11990"
        ],
        "x-ms-correlation-request-id": [
          "7d8ac51e-71b8-4de8-bbb2-2824ba9a98fb"
        ],
        "x-ms-routing-request-id": [
          "WESTUS2:20190228T235752Z:7d8ac51e-71b8-4de8-bbb2-2824ba9a98fb"
        ],
        "Strict-Transport-Security": [
          "max-age=31536000; includeSubDomains"
        ],
        "X-Content-Type-Options": [
          "nosniff"
        ],
        "Date": [
          "Thu, 28 Feb 2019 23:57:52 GMT"
        ],
        "Content-Length": [
          "306"
        ],
        "Content-Type": [
          "application/json; charset=utf-8"
        ],
        "Expires": [
          "-1"
        ]
      },
      "ResponseBody": "{\r\n  \"properties\": {\r\n    \"level\": \"ReadOnly\"\r\n  },\r\n  \"id\": \"/subscriptions/0b1f6471-1bf0-4dda-aec3-cb9272f09590/resourceGroups/rg71c383847c/providers/Microsoft.Network/virtualNetworks/net84e8091005/subnets/subnet1/providers/Microsoft.Authorization/locks/subnetLock\",\r\n  \"type\": \"Microsoft.Authorization/locks\",\r\n  \"name\": \"subnetLock\"\r\n}",
      "StatusCode": 200
    },
    {
      "RequestUri": "/subscriptions/0b1f6471-1bf0-4dda-aec3-cb9272f09590/providers/Microsoft.Authorization/locks?api-version=2016-09-01",
      "EncodedRequestUri": "L3N1YnNjcmlwdGlvbnMvMGIxZjY0NzEtMWJmMC00ZGRhLWFlYzMtY2I5MjcyZjA5NTkwL3Byb3ZpZGVycy9NaWNyb3NvZnQuQXV0aG9yaXphdGlvbi9sb2Nrcz9hcGktdmVyc2lvbj0yMDE2LTA5LTAx",
      "RequestMethod": "GET",
      "RequestBody": "",
      "RequestHeaders": {
        "x-ms-client-request-id": [
          "3d778a19-c845-43a6-a4f4-d023b1d53d3d"
        ],
        "Accept-Language": [
          "en-US"
        ],
        "User-Agent": [
          "FxVersion/4.6.26725.06",
          "OSName/Windows",
          "OSVersion/Microsoft.Windows.10.0.17763.",
          "Microsoft.Azure.Management.Locks.Fluent.ManagementLockClient/1.19.0.0",
          "MacAddressHash/1706214d8731cf2405675fdf5fb8b4bf75f06e7a9bb34e8d93f8f4a5d61acc28"
        ]
      },
      "ResponseHeaders": {
        "Cache-Control": [
          "no-cache"
        ],
        "Pragma": [
          "no-cache"
        ],
        "Vary": [
          "Accept-Encoding"
        ],
        "x-ms-request-id": [
          "westus2:0abee889-12b5-47f4-be36-ae63a3eeae90"
        ],
        "x-ms-ratelimit-remaining-subscription-reads": [
          "11989"
        ],
        "x-ms-correlation-request-id": [
          "efd9f389-a104-42b5-80e2-2d377ae8a2a2"
        ],
        "x-ms-routing-request-id": [
          "WESTUS2:20190228T235752Z:efd9f389-a104-42b5-80e2-2d377ae8a2a2"
        ],
        "Strict-Transport-Security": [
          "max-age=31536000; includeSubDomains"
        ],
        "X-Content-Type-Options": [
          "nosniff"
        ],
        "Date": [
          "Thu, 28 Feb 2019 23:57:52 GMT"
        ],
        "Content-Length": [
          "2860"
        ],
        "Content-Type": [
          "application/json; charset=utf-8"
        ],
        "Expires": [
          "-1"
        ]
      },
      "ResponseBody": "{\r\n  \"value\": [\r\n    {\r\n      \"properties\": {\r\n        \"level\": \"CanNotDelete\"\r\n      },\r\n      \"id\": \"/subscriptions/0b1f6471-1bf0-4dda-aec3-cb9272f09590/resourceGroups/rg71c383847c/providers/Microsoft.Authorization/locks/rglock\",\r\n      \"type\": \"Microsoft.Authorization/locks\",\r\n      \"name\": \"rglock\"\r\n    },\r\n    {\r\n      \"properties\": {\r\n        \"level\": \"CanNotDelete\"\r\n      },\r\n      \"id\": \"/subscriptions/0b1f6471-1bf0-4dda-aec3-cb9272f09590/resourceGroups/rg71c383847c/providers/Microsoft.Storage/storageAccounts/stb758830048/providers/Microsoft.Authorization/locks/stLock\",\r\n      \"type\": \"Microsoft.Authorization/locks\",\r\n      \"name\": \"stLock\"\r\n    },\r\n    {\r\n      \"properties\": {\r\n        \"level\": \"CanNotDelete\"\r\n      },\r\n      \"id\": \"/subscriptions/0b1f6471-1bf0-4dda-aec3-cb9272f09590/resourceGroups/rg71c383847c/providers/Microsoft.Compute/disks/dskc59200396e/providers/Microsoft.Authorization/locks/diskLockDel\",\r\n      \"type\": \"Microsoft.Authorization/locks\",\r\n      \"name\": \"diskLockDel\"\r\n    },\r\n    {\r\n      \"properties\": {\r\n        \"level\": \"ReadOnly\"\r\n      },\r\n      \"id\": \"/subscriptions/0b1f6471-1bf0-4dda-aec3-cb9272f09590/resourceGroups/rg71c383847c/providers/Microsoft.Compute/disks/dskc59200396e/providers/Microsoft.Authorization/locks/diskLockRO\",\r\n      \"type\": \"Microsoft.Authorization/locks\",\r\n      \"name\": \"diskLockRO\"\r\n    },\r\n    {\r\n      \"properties\": {\r\n        \"level\": \"ReadOnly\",\r\n        \"notes\": \"vm readonly lock\"\r\n      },\r\n      \"id\": \"/subscriptions/0b1f6471-1bf0-4dda-aec3-cb9272f09590/resourceGroups/rg71c383847c/providers/Microsoft.Compute/virtualMachines/vmd665308635/providers/Microsoft.Authorization/locks/vmlock\",\r\n      \"type\": \"Microsoft.Authorization/locks\",\r\n      \"name\": \"vmlock\"\r\n    },\r\n    {\r\n      \"properties\": {\r\n        \"level\": \"ReadOnly\"\r\n      },\r\n      \"id\": \"/subscriptions/0b1f6471-1bf0-4dda-aec3-cb9272f09590/resourceGroups/rg71c383847c/providers/Microsoft.Network/virtualNetworks/net84e8091005/subnets/subnet1/providers/Microsoft.Authorization/locks/subnetLock\",\r\n      \"type\": \"Microsoft.Authorization/locks\",\r\n      \"name\": \"subnetLock\"\r\n    },\r\n    {\r\n      \"properties\": {\r\n        \"level\": \"CanNotDelete\",\r\n        \"notes\": \"\"\r\n      },\r\n      \"id\": \"/subscriptions/0b1f6471-1bf0-4dda-aec3-cb9272f09590/resourceGroups/new-experiences/providers/Microsoft.Authorization/locks/No-DELETE\",\r\n      \"type\": \"Microsoft.Authorization/locks\",\r\n      \"name\": \"No-DELETE\"\r\n    },\r\n    {\r\n      \"properties\": {\r\n        \"level\": \"CanNotDelete\",\r\n        \"notes\": \"Machine needed for a few days\"\r\n      },\r\n      \"id\": \"/subscriptions/0b1f6471-1bf0-4dda-aec3-cb9272f09590/resourceGroups/mccancel01/providers/Microsoft.Compute/virtualMachines/mccancel01/providers/Microsoft.Authorization/locks/mc-cancel-test-01\",\r\n      \"type\": \"Microsoft.Authorization/locks\",\r\n      \"name\": \"mc-cancel-test-01\"\r\n    },\r\n    {\r\n      \"properties\": {\r\n        \"level\": \"CanNotDelete\",\r\n        \"notes\": \"for customer issue repro  (snowflake)\"\r\n      },\r\n      \"id\": \"/subscriptions/0b1f6471-1bf0-4dda-aec3-cb9272f09590/resourcegroups/storage-v2rt-repro/providers/Microsoft.Authorization/locks/DontDelete\",\r\n      \"type\": \"Microsoft.Authorization/locks\",\r\n      \"name\": \"DontDelete\"\r\n    },\r\n    {\r\n      \"properties\": {\r\n        \"level\": \"CanNotDelete\",\r\n        \"notes\": \"Prevent removing vm\"\r\n      },\r\n      \"id\": \"/subscriptions/0b1f6471-1bf0-4dda-aec3-cb9272f09590/resourceGroups/mccivalid/providers/Microsoft.Authorization/locks/mccivalidrg\",\r\n      \"type\": \"Microsoft.Authorization/locks\",\r\n      \"name\": \"mccivalidrg\"\r\n    }\r\n  ]\r\n}",
      "StatusCode": 200
    },
    {
      "RequestUri": "/subscriptions/0b1f6471-1bf0-4dda-aec3-cb9272f09590/resourceGroups/rg71c383847c/providers/Microsoft.Authorization/locks?api-version=2016-09-01",
      "EncodedRequestUri": "L3N1YnNjcmlwdGlvbnMvMGIxZjY0NzEtMWJmMC00ZGRhLWFlYzMtY2I5MjcyZjA5NTkwL3Jlc291cmNlR3JvdXBzL3JnNzFjMzgzODQ3Yy9wcm92aWRlcnMvTWljcm9zb2Z0LkF1dGhvcml6YXRpb24vbG9ja3M/YXBpLXZlcnNpb249MjAxNi0wOS0wMQ==",
      "RequestMethod": "GET",
      "RequestBody": "",
      "RequestHeaders": {
        "x-ms-client-request-id": [
          "c2d3afc7-6519-4176-a9f8-71dea6b1c01f"
        ],
        "Accept-Language": [
          "en-US"
        ],
        "User-Agent": [
          "FxVersion/4.6.26725.06",
          "OSName/Windows",
          "OSVersion/Microsoft.Windows.10.0.17763.",
          "Microsoft.Azure.Management.Locks.Fluent.ManagementLockClient/1.19.0.0",
          "MacAddressHash/1706214d8731cf2405675fdf5fb8b4bf75f06e7a9bb34e8d93f8f4a5d61acc28"
        ]
      },
      "ResponseHeaders": {
        "Cache-Control": [
          "no-cache"
        ],
        "Pragma": [
          "no-cache"
        ],
        "Vary": [
          "Accept-Encoding"
        ],
        "x-ms-request-id": [
          "westus2:bff541e4-4360-49bb-b296-a63d21c2cbbd"
        ],
        "x-ms-ratelimit-remaining-subscription-reads": [
          "11988"
        ],
        "x-ms-correlation-request-id": [
          "ca96b0d2-9fba-4eef-b8c4-af5d31b181d5"
        ],
        "x-ms-routing-request-id": [
          "WESTUS2:20190228T235752Z:ca96b0d2-9fba-4eef-b8c4-af5d31b181d5"
        ],
        "Strict-Transport-Security": [
          "max-age=31536000; includeSubDomains"
        ],
        "X-Content-Type-Options": [
          "nosniff"
        ],
        "Date": [
          "Thu, 28 Feb 2019 23:57:52 GMT"
        ],
        "Content-Length": [
          "1710"
        ],
        "Content-Type": [
          "application/json; charset=utf-8"
        ],
        "Expires": [
          "-1"
        ]
      },
      "ResponseBody": "{\r\n  \"value\": [\r\n    {\r\n      \"properties\": {\r\n        \"level\": \"CanNotDelete\"\r\n      },\r\n      \"id\": \"/subscriptions/0b1f6471-1bf0-4dda-aec3-cb9272f09590/resourceGroups/rg71c383847c/providers/Microsoft.Authorization/locks/rglock\",\r\n      \"type\": \"Microsoft.Authorization/locks\",\r\n      \"name\": \"rglock\"\r\n    },\r\n    {\r\n      \"properties\": {\r\n        \"level\": \"CanNotDelete\"\r\n      },\r\n      \"id\": \"/subscriptions/0b1f6471-1bf0-4dda-aec3-cb9272f09590/resourceGroups/rg71c383847c/providers/Microsoft.Storage/storageAccounts/stb758830048/providers/Microsoft.Authorization/locks/stLock\",\r\n      \"type\": \"Microsoft.Authorization/locks\",\r\n      \"name\": \"stLock\"\r\n    },\r\n    {\r\n      \"properties\": {\r\n        \"level\": \"CanNotDelete\"\r\n      },\r\n      \"id\": \"/subscriptions/0b1f6471-1bf0-4dda-aec3-cb9272f09590/resourceGroups/rg71c383847c/providers/Microsoft.Compute/disks/dskc59200396e/providers/Microsoft.Authorization/locks/diskLockDel\",\r\n      \"type\": \"Microsoft.Authorization/locks\",\r\n      \"name\": \"diskLockDel\"\r\n    },\r\n    {\r\n      \"properties\": {\r\n        \"level\": \"ReadOnly\"\r\n      },\r\n      \"id\": \"/subscriptions/0b1f6471-1bf0-4dda-aec3-cb9272f09590/resourceGroups/rg71c383847c/providers/Microsoft.Compute/disks/dskc59200396e/providers/Microsoft.Authorization/locks/diskLockRO\",\r\n      \"type\": \"Microsoft.Authorization/locks\",\r\n      \"name\": \"diskLockRO\"\r\n    },\r\n    {\r\n      \"properties\": {\r\n        \"level\": \"ReadOnly\",\r\n        \"notes\": \"vm readonly lock\"\r\n      },\r\n      \"id\": \"/subscriptions/0b1f6471-1bf0-4dda-aec3-cb9272f09590/resourceGroups/rg71c383847c/providers/Microsoft.Compute/virtualMachines/vmd665308635/providers/Microsoft.Authorization/locks/vmlock\",\r\n      \"type\": \"Microsoft.Authorization/locks\",\r\n      \"name\": \"vmlock\"\r\n    },\r\n    {\r\n      \"properties\": {\r\n        \"level\": \"ReadOnly\"\r\n      },\r\n      \"id\": \"/subscriptions/0b1f6471-1bf0-4dda-aec3-cb9272f09590/resourceGroups/rg71c383847c/providers/Microsoft.Network/virtualNetworks/net84e8091005/subnets/subnet1/providers/Microsoft.Authorization/locks/subnetLock\",\r\n      \"type\": \"Microsoft.Authorization/locks\",\r\n      \"name\": \"subnetLock\"\r\n    }\r\n  ]\r\n}",
      "StatusCode": 200
    },
    {
      "RequestUri": "/%2Fsubscriptions%2F0b1f6471-1bf0-4dda-aec3-cb9272f09590%2FresourceGroups%2Frg71c383847c/providers/Microsoft.Authorization/locks/rglock?api-version=2016-09-01",
      "EncodedRequestUri": "LyUyRnN1YnNjcmlwdGlvbnMlMkYwYjFmNjQ3MS0xYmYwLTRkZGEtYWVjMy1jYjkyNzJmMDk1OTAlMkZyZXNvdXJjZUdyb3VwcyUyRnJnNzFjMzgzODQ3Yy9wcm92aWRlcnMvTWljcm9zb2Z0LkF1dGhvcml6YXRpb24vbG9ja3Mvcmdsb2NrP2FwaS12ZXJzaW9uPTIwMTYtMDktMDE=",
      "RequestMethod": "DELETE",
      "RequestBody": "",
      "RequestHeaders": {
        "x-ms-client-request-id": [
          "2b9474ca-027f-41d0-9ce9-837b818641c7"
        ],
        "Accept-Language": [
          "en-US"
        ],
        "User-Agent": [
          "FxVersion/4.6.26725.06",
          "OSName/Windows",
          "OSVersion/Microsoft.Windows.10.0.17763.",
          "Microsoft.Azure.Management.Locks.Fluent.ManagementLockClient/1.19.0.0",
          "MacAddressHash/1706214d8731cf2405675fdf5fb8b4bf75f06e7a9bb34e8d93f8f4a5d61acc28"
        ]
      },
      "ResponseHeaders": {
        "Cache-Control": [
          "no-cache"
        ],
        "Pragma": [
          "no-cache"
        ],
        "x-ms-request-id": [
          "westus2:d2ceef9a-4eff-4d0e-9fe2-edd651411d62"
        ],
        "x-ms-ratelimit-remaining-subscription-deletes": [
          "14999"
        ],
        "x-ms-correlation-request-id": [
          "34ff27f3-d3df-4658-9b48-d85b6c5acc48"
        ],
        "x-ms-routing-request-id": [
          "WESTUS2:20190228T235753Z:34ff27f3-d3df-4658-9b48-d85b6c5acc48"
        ],
        "Strict-Transport-Security": [
          "max-age=31536000; includeSubDomains"
        ],
        "X-Content-Type-Options": [
          "nosniff"
        ],
        "Date": [
          "Thu, 28 Feb 2019 23:57:52 GMT"
        ],
        "Expires": [
          "-1"
        ],
        "Content-Length": [
          "0"
        ]
      },
      "ResponseBody": "",
      "StatusCode": 200
    },
    {
      "RequestUri": "/%2Fsubscriptions%2F0b1f6471-1bf0-4dda-aec3-cb9272f09590%2FresourceGroups%2Frg71c383847c%2Fproviders%2FMicrosoft.Compute%2FvirtualMachines%2Fvmd665308635/providers/Microsoft.Authorization/locks/vmlock?api-version=2016-09-01",
      "EncodedRequestUri": "LyUyRnN1YnNjcmlwdGlvbnMlMkYwYjFmNjQ3MS0xYmYwLTRkZGEtYWVjMy1jYjkyNzJmMDk1OTAlMkZyZXNvdXJjZUdyb3VwcyUyRnJnNzFjMzgzODQ3YyUyRnByb3ZpZGVycyUyRk1pY3Jvc29mdC5Db21wdXRlJTJGdmlydHVhbE1hY2hpbmVzJTJGdm1kNjY1MzA4NjM1L3Byb3ZpZGVycy9NaWNyb3NvZnQuQXV0aG9yaXphdGlvbi9sb2Nrcy92bWxvY2s/YXBpLXZlcnNpb249MjAxNi0wOS0wMQ==",
      "RequestMethod": "DELETE",
      "RequestBody": "",
      "RequestHeaders": {
        "x-ms-client-request-id": [
          "0341f057-09cd-40fc-8cd0-ce4caa68c037"
        ],
        "Accept-Language": [
          "en-US"
        ],
        "User-Agent": [
          "FxVersion/4.6.26725.06",
          "OSName/Windows",
          "OSVersion/Microsoft.Windows.10.0.17763.",
          "Microsoft.Azure.Management.Locks.Fluent.ManagementLockClient/1.19.0.0",
          "MacAddressHash/1706214d8731cf2405675fdf5fb8b4bf75f06e7a9bb34e8d93f8f4a5d61acc28"
        ]
      },
      "ResponseHeaders": {
        "Cache-Control": [
          "no-cache"
        ],
        "Pragma": [
          "no-cache"
        ],
        "x-ms-request-id": [
          "westus2:22e65fd2-efd7-404d-8c5a-69cbd66a2031"
        ],
        "x-ms-ratelimit-remaining-subscription-deletes": [
          "14998"
        ],
        "x-ms-correlation-request-id": [
          "3870c243-6f29-4dc2-ba99-26f189474b5f"
        ],
        "x-ms-routing-request-id": [
          "WESTUS2:20190228T235753Z:3870c243-6f29-4dc2-ba99-26f189474b5f"
        ],
        "Strict-Transport-Security": [
          "max-age=31536000; includeSubDomains"
        ],
        "X-Content-Type-Options": [
          "nosniff"
        ],
        "Date": [
          "Thu, 28 Feb 2019 23:57:53 GMT"
        ],
        "Expires": [
          "-1"
        ],
        "Content-Length": [
          "0"
        ]
      },
      "ResponseBody": "",
      "StatusCode": 200
    },
    {
      "RequestUri": "/%2Fsubscriptions%2F0b1f6471-1bf0-4dda-aec3-cb9272f09590%2FresourceGroups%2Frg71c383847c%2Fproviders%2FMicrosoft.Compute%2Fdisks%2Fdskc59200396e/providers/Microsoft.Authorization/locks/diskLockRO?api-version=2016-09-01",
      "EncodedRequestUri": "LyUyRnN1YnNjcmlwdGlvbnMlMkYwYjFmNjQ3MS0xYmYwLTRkZGEtYWVjMy1jYjkyNzJmMDk1OTAlMkZyZXNvdXJjZUdyb3VwcyUyRnJnNzFjMzgzODQ3YyUyRnByb3ZpZGVycyUyRk1pY3Jvc29mdC5Db21wdXRlJTJGZGlza3MlMkZkc2tjNTkyMDAzOTZlL3Byb3ZpZGVycy9NaWNyb3NvZnQuQXV0aG9yaXphdGlvbi9sb2Nrcy9kaXNrTG9ja1JPP2FwaS12ZXJzaW9uPTIwMTYtMDktMDE=",
      "RequestMethod": "DELETE",
      "RequestBody": "",
      "RequestHeaders": {
        "x-ms-client-request-id": [
          "a9cccc3d-ac06-4d17-9eb0-3d0e2f147877"
        ],
        "Accept-Language": [
          "en-US"
        ],
        "User-Agent": [
          "FxVersion/4.6.26725.06",
          "OSName/Windows",
          "OSVersion/Microsoft.Windows.10.0.17763.",
          "Microsoft.Azure.Management.Locks.Fluent.ManagementLockClient/1.19.0.0",
          "MacAddressHash/1706214d8731cf2405675fdf5fb8b4bf75f06e7a9bb34e8d93f8f4a5d61acc28"
        ]
      },
      "ResponseHeaders": {
        "Cache-Control": [
          "no-cache"
        ],
        "Pragma": [
          "no-cache"
        ],
        "x-ms-request-id": [
          "westus2:7a7cf112-3d88-4847-8396-2f08c958186d"
        ],
        "x-ms-ratelimit-remaining-subscription-deletes": [
          "14997"
        ],
        "x-ms-correlation-request-id": [
          "c7f7465f-a64d-4085-a504-f3a58eb9b2e3"
        ],
        "x-ms-routing-request-id": [
          "WESTUS2:20190228T235753Z:c7f7465f-a64d-4085-a504-f3a58eb9b2e3"
        ],
        "Strict-Transport-Security": [
          "max-age=31536000; includeSubDomains"
        ],
        "X-Content-Type-Options": [
          "nosniff"
        ],
        "Date": [
          "Thu, 28 Feb 2019 23:57:53 GMT"
        ],
        "Expires": [
          "-1"
        ],
        "Content-Length": [
          "0"
        ]
      },
      "ResponseBody": "",
      "StatusCode": 200
    },
    {
      "RequestUri": "/%2Fsubscriptions%2F0b1f6471-1bf0-4dda-aec3-cb9272f09590%2FresourceGroups%2Frg71c383847c%2Fproviders%2FMicrosoft.Compute%2Fdisks%2Fdskc59200396e/providers/Microsoft.Authorization/locks/diskLockDel?api-version=2016-09-01",
      "EncodedRequestUri": "LyUyRnN1YnNjcmlwdGlvbnMlMkYwYjFmNjQ3MS0xYmYwLTRkZGEtYWVjMy1jYjkyNzJmMDk1OTAlMkZyZXNvdXJjZUdyb3VwcyUyRnJnNzFjMzgzODQ3YyUyRnByb3ZpZGVycyUyRk1pY3Jvc29mdC5Db21wdXRlJTJGZGlza3MlMkZkc2tjNTkyMDAzOTZlL3Byb3ZpZGVycy9NaWNyb3NvZnQuQXV0aG9yaXphdGlvbi9sb2Nrcy9kaXNrTG9ja0RlbD9hcGktdmVyc2lvbj0yMDE2LTA5LTAx",
      "RequestMethod": "DELETE",
      "RequestBody": "",
      "RequestHeaders": {
        "x-ms-client-request-id": [
          "19865b1a-420b-4ef9-a84b-b984cc6c5f8c"
        ],
        "Accept-Language": [
          "en-US"
        ],
        "User-Agent": [
          "FxVersion/4.6.26725.06",
          "OSName/Windows",
          "OSVersion/Microsoft.Windows.10.0.17763.",
          "Microsoft.Azure.Management.Locks.Fluent.ManagementLockClient/1.19.0.0",
          "MacAddressHash/1706214d8731cf2405675fdf5fb8b4bf75f06e7a9bb34e8d93f8f4a5d61acc28"
        ]
      },
      "ResponseHeaders": {
        "Cache-Control": [
          "no-cache"
        ],
        "Pragma": [
          "no-cache"
        ],
        "x-ms-request-id": [
          "westus2:8b6c21ad-42a6-40a6-ba62-81fd53816b03"
        ],
        "x-ms-ratelimit-remaining-subscription-deletes": [
          "14996"
        ],
        "x-ms-correlation-request-id": [
          "986e6269-93ba-48c4-97e2-93ef79ab2a1f"
        ],
        "x-ms-routing-request-id": [
          "WESTUS2:20190228T235753Z:986e6269-93ba-48c4-97e2-93ef79ab2a1f"
        ],
        "Strict-Transport-Security": [
          "max-age=31536000; includeSubDomains"
        ],
        "X-Content-Type-Options": [
          "nosniff"
        ],
        "Date": [
          "Thu, 28 Feb 2019 23:57:53 GMT"
        ],
        "Expires": [
          "-1"
        ],
        "Content-Length": [
          "0"
        ]
      },
      "ResponseBody": "",
      "StatusCode": 200
    },
    {
      "RequestUri": "/%2Fsubscriptions%2F0b1f6471-1bf0-4dda-aec3-cb9272f09590%2FresourceGroups%2Frg71c383847c%2Fproviders%2FMicrosoft.Storage%2FstorageAccounts%2Fstb758830048/providers/Microsoft.Authorization/locks/stLock?api-version=2016-09-01",
      "EncodedRequestUri": "LyUyRnN1YnNjcmlwdGlvbnMlMkYwYjFmNjQ3MS0xYmYwLTRkZGEtYWVjMy1jYjkyNzJmMDk1OTAlMkZyZXNvdXJjZUdyb3VwcyUyRnJnNzFjMzgzODQ3YyUyRnByb3ZpZGVycyUyRk1pY3Jvc29mdC5TdG9yYWdlJTJGc3RvcmFnZUFjY291bnRzJTJGc3RiNzU4ODMwMDQ4L3Byb3ZpZGVycy9NaWNyb3NvZnQuQXV0aG9yaXphdGlvbi9sb2Nrcy9zdExvY2s/YXBpLXZlcnNpb249MjAxNi0wOS0wMQ==",
      "RequestMethod": "DELETE",
      "RequestBody": "",
      "RequestHeaders": {
        "x-ms-client-request-id": [
          "8c1e7e62-26e5-46a1-98b3-eed993ea73e3"
        ],
        "Accept-Language": [
          "en-US"
        ],
        "User-Agent": [
          "FxVersion/4.6.26725.06",
          "OSName/Windows",
          "OSVersion/Microsoft.Windows.10.0.17763.",
          "Microsoft.Azure.Management.Locks.Fluent.ManagementLockClient/1.19.0.0",
          "MacAddressHash/1706214d8731cf2405675fdf5fb8b4bf75f06e7a9bb34e8d93f8f4a5d61acc28"
        ]
      },
      "ResponseHeaders": {
        "Cache-Control": [
          "no-cache"
        ],
        "Pragma": [
          "no-cache"
        ],
        "x-ms-request-id": [
          "westus2:02d13133-963b-402c-98c3-5cc9a82ba9cc"
        ],
        "x-ms-ratelimit-remaining-subscription-deletes": [
          "14995"
        ],
        "x-ms-correlation-request-id": [
          "cc8b4472-0dc6-4a32-b31b-d8249aa83d97"
        ],
        "x-ms-routing-request-id": [
          "WESTUS2:20190228T235753Z:cc8b4472-0dc6-4a32-b31b-d8249aa83d97"
        ],
        "Strict-Transport-Security": [
          "max-age=31536000; includeSubDomains"
        ],
        "X-Content-Type-Options": [
          "nosniff"
        ],
        "Date": [
          "Thu, 28 Feb 2019 23:57:53 GMT"
        ],
        "Expires": [
          "-1"
        ],
        "Content-Length": [
          "0"
        ]
      },
      "ResponseBody": "",
      "StatusCode": 200
    },
    {
      "RequestUri": "/%2Fsubscriptions%2F0b1f6471-1bf0-4dda-aec3-cb9272f09590%2FresourceGroups%2Frg71c383847c%2Fproviders%2FMicrosoft.Network%2FvirtualNetworks%2Fnet84e8091005%2Fsubnets%2Fsubnet1/providers/Microsoft.Authorization/locks/subnetLock?api-version=2016-09-01",
      "EncodedRequestUri": "LyUyRnN1YnNjcmlwdGlvbnMlMkYwYjFmNjQ3MS0xYmYwLTRkZGEtYWVjMy1jYjkyNzJmMDk1OTAlMkZyZXNvdXJjZUdyb3VwcyUyRnJnNzFjMzgzODQ3YyUyRnByb3ZpZGVycyUyRk1pY3Jvc29mdC5OZXR3b3JrJTJGdmlydHVhbE5ldHdvcmtzJTJGbmV0ODRlODA5MTAwNSUyRnN1Ym5ldHMlMkZzdWJuZXQxL3Byb3ZpZGVycy9NaWNyb3NvZnQuQXV0aG9yaXphdGlvbi9sb2Nrcy9zdWJuZXRMb2NrP2FwaS12ZXJzaW9uPTIwMTYtMDktMDE=",
      "RequestMethod": "DELETE",
      "RequestBody": "",
      "RequestHeaders": {
        "x-ms-client-request-id": [
          "ccbe648b-fbeb-406c-9cff-2dc34c7cb4b7"
        ],
        "Accept-Language": [
          "en-US"
        ],
        "User-Agent": [
          "FxVersion/4.6.26725.06",
          "OSName/Windows",
          "OSVersion/Microsoft.Windows.10.0.17763.",
          "Microsoft.Azure.Management.Locks.Fluent.ManagementLockClient/1.19.0.0",
          "MacAddressHash/1706214d8731cf2405675fdf5fb8b4bf75f06e7a9bb34e8d93f8f4a5d61acc28"
        ]
      },
      "ResponseHeaders": {
        "Cache-Control": [
          "no-cache"
        ],
        "Pragma": [
          "no-cache"
        ],
        "x-ms-request-id": [
          "westus2:b3a75dc1-5ca3-4c0d-a84b-f172a1469390"
        ],
        "x-ms-ratelimit-remaining-subscription-deletes": [
          "14994"
        ],
        "x-ms-correlation-request-id": [
          "d9f37822-842d-496f-b108-f2a2764bae30"
        ],
        "x-ms-routing-request-id": [
          "WESTUS2:20190228T235753Z:d9f37822-842d-496f-b108-f2a2764bae30"
        ],
        "Strict-Transport-Security": [
          "max-age=31536000; includeSubDomains"
        ],
        "X-Content-Type-Options": [
          "nosniff"
        ],
        "Date": [
          "Thu, 28 Feb 2019 23:57:53 GMT"
        ],
        "Expires": [
          "-1"
        ],
        "Content-Length": [
          "0"
        ]
      },
      "ResponseBody": "",
      "StatusCode": 200
    },
    {
      "RequestUri": "/subscriptions/0b1f6471-1bf0-4dda-aec3-cb9272f09590/resourcegroups/rg71c383847c?api-version=2017-05-10",
      "EncodedRequestUri": "L3N1YnNjcmlwdGlvbnMvMGIxZjY0NzEtMWJmMC00ZGRhLWFlYzMtY2I5MjcyZjA5NTkwL3Jlc291cmNlZ3JvdXBzL3JnNzFjMzgzODQ3Yz9hcGktdmVyc2lvbj0yMDE3LTA1LTEw",
      "RequestMethod": "DELETE",
      "RequestBody": "",
      "RequestHeaders": {
        "x-ms-client-request-id": [
          "ba3cb55a-8463-4500-8230-a6833948f07d"
        ],
        "Accept-Language": [
          "en-US"
        ],
        "User-Agent": [
          "FxVersion/4.6.26725.06",
          "OSName/Windows",
          "OSVersion/Microsoft.Windows.10.0.17763.",
          "Microsoft.Azure.Management.ResourceManager.Fluent.ResourceManagementClient/1.19.0.0",
          "MacAddressHash/1706214d8731cf2405675fdf5fb8b4bf75f06e7a9bb34e8d93f8f4a5d61acc28"
        ]
      },
      "ResponseHeaders": {
        "Cache-Control": [
          "no-cache"
        ],
        "Pragma": [
          "no-cache"
        ],
        "Location": [
          "https://management.azure.com/subscriptions/0b1f6471-1bf0-4dda-aec3-cb9272f09590/operationresults/eyJqb2JJZCI6IlJFU09VUkNFR1JPVVBERUxFVElPTkpPQi1SRzcxQzM4Mzg0N0MtRUFTVFVTIiwiam9iTG9jYXRpb24iOiJlYXN0dXMifQ?api-version=2017-05-10"
        ],
        "Retry-After": [
          "15"
        ],
        "x-ms-ratelimit-remaining-subscription-deletes": [
          "14999"
        ],
        "x-ms-request-id": [
          "1ea4e762-5b25-4f7b-92a3-6c272bbcf88e"
        ],
        "x-ms-correlation-request-id": [
          "1ea4e762-5b25-4f7b-92a3-6c272bbcf88e"
        ],
        "x-ms-routing-request-id": [
          "WESTUS2:20190228T235755Z:1ea4e762-5b25-4f7b-92a3-6c272bbcf88e"
        ],
        "Strict-Transport-Security": [
          "max-age=31536000; includeSubDomains"
        ],
        "X-Content-Type-Options": [
          "nosniff"
        ],
        "Date": [
          "Thu, 28 Feb 2019 23:57:54 GMT"
        ],
        "Expires": [
          "-1"
        ],
        "Content-Length": [
          "0"
        ]
      },
      "ResponseBody": "",
      "StatusCode": 202
    }
  ],
  "Names": {
    "CanCRUDLocks": [
      "p@s01a369262",
      "rg71c383847c",
      "vmd665308635",
      "stb758830048",
      "dskc59200396e",
      "net84e8091005",
      "nic750732ab2c8"
    ]
  },
  "Variables": {
    "ServicePrincipal": "39e3d217-cb72-4b90-8532-394a7e784d93",
    "AADTenant": "54826b22-38d6-4fb2-bad9-b7b93a3e9c5a",
    "SubscriptionId": "0b1f6471-1bf0-4dda-aec3-cb9272f09590"
  }
}