{
  "Entries": [
    {
      "RequestUri": "/subscriptions/0b1f6471-1bf0-4dda-aec3-cb9272f09590/resourcegroups/rgcomv00200?api-version=2017-05-10",
      "EncodedRequestUri": "L3N1YnNjcmlwdGlvbnMvMGIxZjY0NzEtMWJmMC00ZGRhLWFlYzMtY2I5MjcyZjA5NTkwL3Jlc291cmNlZ3JvdXBzL3JnY29tdjAwMjAwP2FwaS12ZXJzaW9uPTIwMTctMDUtMTA=",
      "RequestMethod": "PUT",
      "RequestBody": "{\r\n  \"location\": \"westus\"\r\n}",
      "RequestHeaders": {
        "Content-Type": [
          "application/json; charset=utf-8"
        ],
        "Content-Length": [
          "28"
        ],
        "x-ms-client-request-id": [
          "e5f3c9d8-becc-45fd-86a0-12ae75193577"
        ],
        "accept-language": [
          "en-US"
        ],
        "User-Agent": [
          "FxVersion/4.6.25211.01",
          "Microsoft.Azure.Management.ResourceManager.Fluent.ResourceManagementClient/1.11.1.0",
          "MacAddressHash/cc0dc995bd7689190d87305dca6418746f27065181fa649f43731fb8fc5f1b10"
        ]
      },
      "ResponseBody": "{\r\n  \"id\": \"/subscriptions/0b1f6471-1bf0-4dda-aec3-cb9272f09590/resourceGroups/rgcomv00200\",\r\n  \"name\": \"rgcomv00200\",\r\n  \"location\": \"westus\",\r\n  \"properties\": {\r\n    \"provisioningState\": \"Succeeded\"\r\n  }\r\n}",
      "ResponseHeaders": {
        "Content-Length": [
          "175"
        ],
        "Content-Type": [
          "application/json; charset=utf-8"
        ],
        "Expires": [
          "-1"
        ],
        "Cache-Control": [
          "no-cache"
        ],
        "Date": [
          "Fri, 20 Jul 2018 00:00:45 GMT"
        ],
        "Pragma": [
          "no-cache"
        ],
        "x-ms-ratelimit-remaining-subscription-writes": [
          "1199"
        ],
        "x-ms-request-id": [
          "f30cd2b1-e4f1-4615-91b5-cb579098e596"
        ],
        "x-ms-correlation-request-id": [
          "f30cd2b1-e4f1-4615-91b5-cb579098e596"
        ],
        "x-ms-routing-request-id": [
          "WESTUS2:20180720T000046Z:f30cd2b1-e4f1-4615-91b5-cb579098e596"
        ],
        "Strict-Transport-Security": [
          "max-age=31536000; includeSubDomains"
        ],
        "X-Content-Type-Options": [
          "nosniff"
        ]
      },
      "StatusCode": 201
    },
    {
      "RequestUri": "/subscriptions/0b1f6471-1bf0-4dda-aec3-cb9272f09590/resourceGroups/rgcomv00200/providers/Microsoft.Network/virtualNetworks/vnetac5576018208?api-version=2018-04-01",
      "EncodedRequestUri": "L3N1YnNjcmlwdGlvbnMvMGIxZjY0NzEtMWJmMC00ZGRhLWFlYzMtY2I5MjcyZjA5NTkwL3Jlc291cmNlR3JvdXBzL3JnY29tdjAwMjAwL3Byb3ZpZGVycy9NaWNyb3NvZnQuTmV0d29yay92aXJ0dWFsTmV0d29ya3Mvdm5ldGFjNTU3NjAxODIwOD9hcGktdmVyc2lvbj0yMDE4LTA0LTAx",
      "RequestMethod": "PUT",
      "RequestBody": "{\r\n  \"properties\": {\r\n    \"addressSpace\": {\r\n      \"addressPrefixes\": [\r\n        \"10.0.0.0/28\"\r\n      ]\r\n    },\r\n    \"dhcpOptions\": {\r\n      \"dnsServers\": []\r\n    },\r\n    \"subnets\": [\r\n      {\r\n        \"properties\": {\r\n          \"addressPrefix\": \"10.0.0.0/28\"\r\n        },\r\n        \"name\": \"subnet1\"\r\n      }\r\n    ]\r\n  },\r\n  \"location\": \"westus\",\r\n  \"tags\": {}\r\n}",
      "RequestHeaders": {
        "Content-Type": [
          "application/json; charset=utf-8"
        ],
        "Content-Length": [
          "362"
        ],
        "x-ms-client-request-id": [
          "5d8e58a1-7428-45b0-809a-c8ca3f71f65a"
        ],
        "accept-language": [
          "en-US"
        ],
        "User-Agent": [
          "FxVersion/4.6.25211.01",
          "Microsoft.Azure.Management.Network.Fluent.NetworkManagementClient/1.11.1.0",
          "MacAddressHash/cc0dc995bd7689190d87305dca6418746f27065181fa649f43731fb8fc5f1b10"
        ]
      },
      "ResponseBody": "{\r\n  \"name\": \"vnetac5576018208\",\r\n  \"id\": \"/subscriptions/0b1f6471-1bf0-4dda-aec3-cb9272f09590/resourceGroups/rgcomv00200/providers/Microsoft.Network/virtualNetworks/vnetac5576018208\",\r\n  \"etag\": \"W/\\\"e386799c-edc0-42d2-be9e-afe6900d762b\\\"\",\r\n  \"type\": \"Microsoft.Network/virtualNetworks\",\r\n  \"location\": \"westus\",\r\n  \"tags\": {},\r\n  \"properties\": {\r\n    \"provisioningState\": \"Updating\",\r\n    \"resourceGuid\": \"e4c73640-d363-4fc3-8535-1355d9f59c07\",\r\n    \"addressSpace\": {\r\n      \"addressPrefixes\": [\r\n        \"10.0.0.0/28\"\r\n      ]\r\n    },\r\n    \"dhcpOptions\": {\r\n      \"dnsServers\": []\r\n    },\r\n    \"subnets\": [\r\n      {\r\n        \"name\": \"subnet1\",\r\n        \"id\": \"/subscriptions/0b1f6471-1bf0-4dda-aec3-cb9272f09590/resourceGroups/rgcomv00200/providers/Microsoft.Network/virtualNetworks/vnetac5576018208/subnets/subnet1\",\r\n        \"etag\": \"W/\\\"e386799c-edc0-42d2-be9e-afe6900d762b\\\"\",\r\n        \"properties\": {\r\n          \"provisioningState\": \"Updating\",\r\n          \"addressPrefix\": \"10.0.0.0/28\",\r\n          \"delegations\": []\r\n        }\r\n      }\r\n    ],\r\n    \"virtualNetworkPeerings\": [],\r\n    \"enableDdosProtection\": false,\r\n    \"enableVmProtection\": false\r\n  }\r\n}",
      "ResponseHeaders": {
        "Content-Length": [
          "1165"
        ],
        "Content-Type": [
          "application/json; charset=utf-8"
        ],
        "Expires": [
          "-1"
        ],
        "Cache-Control": [
          "no-cache"
        ],
        "Date": [
          "Fri, 20 Jul 2018 00:00:50 GMT"
        ],
        "Pragma": [
          "no-cache"
        ],
        "Retry-After": [
          "3"
        ],
        "Server": [
          "Microsoft-HTTPAPI/2.0",
          "Microsoft-HTTPAPI/2.0"
        ],
        "x-ms-request-id": [
          "de5daea6-9c53-420e-8397-fd37fa459657"
        ],
        "Azure-AsyncOperation": [
          "https://management.azure.com/subscriptions/0b1f6471-1bf0-4dda-aec3-cb9272f09590/providers/Microsoft.Network/locations/westus/operations/de5daea6-9c53-420e-8397-fd37fa459657?api-version=2018-04-01"
        ],
        "x-ms-correlation-request-id": [
          "d55ca7ba-7ddb-4b88-8a75-991b8d8762ac"
        ],
        "Strict-Transport-Security": [
          "max-age=31536000; includeSubDomains"
        ],
        "x-ms-ratelimit-remaining-subscription-writes": [
          "1198"
        ],
        "x-ms-routing-request-id": [
          "WESTUS2:20180720T000050Z:d55ca7ba-7ddb-4b88-8a75-991b8d8762ac"
        ],
        "X-Content-Type-Options": [
          "nosniff"
        ]
      },
      "StatusCode": 201
    },
    {
      "RequestUri": "/subscriptions/0b1f6471-1bf0-4dda-aec3-cb9272f09590/resourceGroups/rgcomv00200/providers/Microsoft.Network/publicIPAddresses/pip7997100f?api-version=2018-04-01",
      "EncodedRequestUri": "L3N1YnNjcmlwdGlvbnMvMGIxZjY0NzEtMWJmMC00ZGRhLWFlYzMtY2I5MjcyZjA5NTkwL3Jlc291cmNlR3JvdXBzL3JnY29tdjAwMjAwL3Byb3ZpZGVycy9NaWNyb3NvZnQuTmV0d29yay9wdWJsaWNJUEFkZHJlc3Nlcy9waXA3OTk3MTAwZj9hcGktdmVyc2lvbj0yMDE4LTA0LTAx",
      "RequestMethod": "PUT",
      "RequestBody": "{\r\n  \"properties\": {\r\n    \"dnsSettings\": {\r\n      \"domainNameLabel\": \"pip511758\"\r\n    }\r\n  },\r\n  \"location\": \"westus\",\r\n  \"tags\": {}\r\n}",
      "RequestHeaders": {
        "Content-Type": [
          "application/json; charset=utf-8"
        ],
        "Content-Length": [
          "135"
        ],
        "x-ms-client-request-id": [
          "4bceb979-57be-4135-acf5-3a8e2a11a85d"
        ],
        "accept-language": [
          "en-US"
        ],
        "User-Agent": [
          "FxVersion/4.6.25211.01",
          "Microsoft.Azure.Management.Network.Fluent.NetworkManagementClient/1.11.1.0",
          "MacAddressHash/cc0dc995bd7689190d87305dca6418746f27065181fa649f43731fb8fc5f1b10"
        ]
      },
      "ResponseBody": "{\r\n  \"name\": \"pip7997100f\",\r\n  \"id\": \"/subscriptions/0b1f6471-1bf0-4dda-aec3-cb9272f09590/resourceGroups/rgcomv00200/providers/Microsoft.Network/publicIPAddresses/pip7997100f\",\r\n  \"etag\": \"W/\\\"6d4b5c26-0db4-4a32-8b6f-7aeaa1bcc827\\\"\",\r\n  \"location\": \"westus\",\r\n  \"tags\": {},\r\n  \"properties\": {\r\n    \"provisioningState\": \"Updating\",\r\n    \"resourceGuid\": \"4877ea97-1c40-4dbb-9afa-86b5f03e6c6a\",\r\n    \"publicIPAddressVersion\": \"IPv4\",\r\n    \"publicIPAllocationMethod\": \"Dynamic\",\r\n    \"idleTimeoutInMinutes\": 4,\r\n    \"dnsSettings\": {\r\n      \"domainNameLabel\": \"pip511758\",\r\n      \"fqdn\": \"pip511758.westus.cloudapp.azure.com\"\r\n    },\r\n    \"ipTags\": []\r\n  },\r\n  \"type\": \"Microsoft.Network/publicIPAddresses\",\r\n  \"sku\": {\r\n    \"name\": \"Basic\",\r\n    \"tier\": \"Regional\"\r\n  }\r\n}",
      "ResponseHeaders": {
        "Content-Length": [
          "768"
        ],
        "Content-Type": [
          "application/json; charset=utf-8"
        ],
        "Expires": [
          "-1"
        ],
        "Cache-Control": [
          "no-cache"
        ],
        "Date": [
          "Fri, 20 Jul 2018 00:00:52 GMT"
        ],
        "Pragma": [
          "no-cache"
        ],
        "Retry-After": [
          "3"
        ],
        "Server": [
          "Microsoft-HTTPAPI/2.0",
          "Microsoft-HTTPAPI/2.0"
        ],
        "x-ms-request-id": [
          "1cdc8b9a-936c-46a9-bfad-2d595f0f00ae"
        ],
        "Azure-AsyncOperation": [
          "https://management.azure.com/subscriptions/0b1f6471-1bf0-4dda-aec3-cb9272f09590/providers/Microsoft.Network/locations/westus/operations/1cdc8b9a-936c-46a9-bfad-2d595f0f00ae?api-version=2018-04-01"
        ],
        "x-ms-correlation-request-id": [
          "a3c40136-82bb-4354-826b-87a1ee96aa2e"
        ],
        "Strict-Transport-Security": [
          "max-age=31536000; includeSubDomains"
        ],
        "x-ms-ratelimit-remaining-subscription-writes": [
          "1199"
        ],
        "x-ms-routing-request-id": [
          "WESTUS2:20180720T000053Z:a3c40136-82bb-4354-826b-87a1ee96aa2e"
        ],
        "X-Content-Type-Options": [
          "nosniff"
        ]
      },
      "StatusCode": 201
    },
    {
      "RequestUri": "/subscriptions/0b1f6471-1bf0-4dda-aec3-cb9272f09590/providers/Microsoft.Network/locations/westus/operations/de5daea6-9c53-420e-8397-fd37fa459657?api-version=2018-04-01",
      "EncodedRequestUri": "L3N1YnNjcmlwdGlvbnMvMGIxZjY0NzEtMWJmMC00ZGRhLWFlYzMtY2I5MjcyZjA5NTkwL3Byb3ZpZGVycy9NaWNyb3NvZnQuTmV0d29yay9sb2NhdGlvbnMvd2VzdHVzL29wZXJhdGlvbnMvZGU1ZGFlYTYtOWM1My00MjBlLTgzOTctZmQzN2ZhNDU5NjU3P2FwaS12ZXJzaW9uPTIwMTgtMDQtMDE=",
      "RequestMethod": "GET",
      "RequestBody": "",
      "RequestHeaders": {
        "User-Agent": [
          "FxVersion/4.6.25211.01",
          "Microsoft.Azure.Management.Network.Fluent.NetworkManagementClient/1.11.1.0",
          "MacAddressHash/cc0dc995bd7689190d87305dca6418746f27065181fa649f43731fb8fc5f1b10"
        ]
      },
      "ResponseBody": "{\r\n  \"status\": \"Succeeded\"\r\n}",
      "ResponseHeaders": {
        "Content-Type": [
          "application/json; charset=utf-8"
        ],
        "Expires": [
          "-1"
        ],
        "Cache-Control": [
          "no-cache"
        ],
        "Date": [
          "Fri, 20 Jul 2018 00:01:00 GMT"
        ],
        "Pragma": [
          "no-cache"
        ],
        "Transfer-Encoding": [
          "chunked"
        ],
        "Server": [
          "Microsoft-HTTPAPI/2.0",
          "Microsoft-HTTPAPI/2.0"
        ],
        "Vary": [
          "Accept-Encoding"
        ],
        "x-ms-request-id": [
          "e55e481f-8030-4808-b76f-90ca38ae6ade"
        ],
        "x-ms-correlation-request-id": [
          "02eb4ba7-8e73-4acb-ad6c-6d1fc4a1450b"
        ],
        "Strict-Transport-Security": [
          "max-age=31536000; includeSubDomains"
        ],
        "x-ms-ratelimit-remaining-subscription-reads": [
          "14999"
        ],
        "x-ms-routing-request-id": [
          "WESTUS2:20180720T000100Z:02eb4ba7-8e73-4acb-ad6c-6d1fc4a1450b"
        ],
        "X-Content-Type-Options": [
          "nosniff"
        ]
      },
      "StatusCode": 200
    },
    {
      "RequestUri": "/subscriptions/0b1f6471-1bf0-4dda-aec3-cb9272f09590/resourceGroups/rgcomv00200/providers/Microsoft.Network/virtualNetworks/vnetac5576018208?api-version=2018-04-01",
      "EncodedRequestUri": "L3N1YnNjcmlwdGlvbnMvMGIxZjY0NzEtMWJmMC00ZGRhLWFlYzMtY2I5MjcyZjA5NTkwL3Jlc291cmNlR3JvdXBzL3JnY29tdjAwMjAwL3Byb3ZpZGVycy9NaWNyb3NvZnQuTmV0d29yay92aXJ0dWFsTmV0d29ya3Mvdm5ldGFjNTU3NjAxODIwOD9hcGktdmVyc2lvbj0yMDE4LTA0LTAx",
      "RequestMethod": "GET",
      "RequestBody": "",
      "RequestHeaders": {
        "User-Agent": [
          "FxVersion/4.6.25211.01",
          "Microsoft.Azure.Management.Network.Fluent.NetworkManagementClient/1.11.1.0",
          "MacAddressHash/cc0dc995bd7689190d87305dca6418746f27065181fa649f43731fb8fc5f1b10"
        ]
      },
      "ResponseBody": "{\r\n  \"name\": \"vnetac5576018208\",\r\n  \"id\": \"/subscriptions/0b1f6471-1bf0-4dda-aec3-cb9272f09590/resourceGroups/rgcomv00200/providers/Microsoft.Network/virtualNetworks/vnetac5576018208\",\r\n  \"etag\": \"W/\\\"f983bf23-6670-4954-a594-ccd883202381\\\"\",\r\n  \"type\": \"Microsoft.Network/virtualNetworks\",\r\n  \"location\": \"westus\",\r\n  \"tags\": {},\r\n  \"properties\": {\r\n    \"provisioningState\": \"Succeeded\",\r\n    \"resourceGuid\": \"e4c73640-d363-4fc3-8535-1355d9f59c07\",\r\n    \"addressSpace\": {\r\n      \"addressPrefixes\": [\r\n        \"10.0.0.0/28\"\r\n      ]\r\n    },\r\n    \"dhcpOptions\": {\r\n      \"dnsServers\": []\r\n    },\r\n    \"subnets\": [\r\n      {\r\n        \"name\": \"subnet1\",\r\n        \"id\": \"/subscriptions/0b1f6471-1bf0-4dda-aec3-cb9272f09590/resourceGroups/rgcomv00200/providers/Microsoft.Network/virtualNetworks/vnetac5576018208/subnets/subnet1\",\r\n        \"etag\": \"W/\\\"f983bf23-6670-4954-a594-ccd883202381\\\"\",\r\n        \"properties\": {\r\n          \"provisioningState\": \"Succeeded\",\r\n          \"addressPrefix\": \"10.0.0.0/28\",\r\n          \"delegations\": []\r\n        }\r\n      }\r\n    ],\r\n    \"virtualNetworkPeerings\": [],\r\n    \"enableDdosProtection\": false,\r\n    \"enableVmProtection\": false\r\n  }\r\n}",
      "ResponseHeaders": {
        "Content-Type": [
          "application/json; charset=utf-8"
        ],
        "Expires": [
          "-1"
        ],
        "Cache-Control": [
          "no-cache"
        ],
        "Date": [
          "Fri, 20 Jul 2018 00:00:59 GMT"
        ],
        "Pragma": [
          "no-cache"
        ],
        "Transfer-Encoding": [
          "chunked"
        ],
        "ETag": [
          "W/\"f983bf23-6670-4954-a594-ccd883202381\""
        ],
        "Server": [
          "Microsoft-HTTPAPI/2.0",
          "Microsoft-HTTPAPI/2.0"
        ],
        "Vary": [
          "Accept-Encoding"
        ],
        "x-ms-request-id": [
          "1e661466-4eb0-4016-ac57-d2b37b2b5133"
        ],
        "x-ms-correlation-request-id": [
          "426168be-5823-4aef-9a13-8bbce6803514"
        ],
        "Strict-Transport-Security": [
          "max-age=31536000; includeSubDomains"
        ],
        "x-ms-ratelimit-remaining-subscription-reads": [
          "14999"
        ],
        "x-ms-routing-request-id": [
          "WESTUS2:20180720T000100Z:426168be-5823-4aef-9a13-8bbce6803514"
        ],
        "X-Content-Type-Options": [
          "nosniff"
        ]
      },
      "StatusCode": 200
    },
    {
      "RequestUri": "/subscriptions/0b1f6471-1bf0-4dda-aec3-cb9272f09590/providers/Microsoft.Network/locations/westus/operations/1cdc8b9a-936c-46a9-bfad-2d595f0f00ae?api-version=2018-04-01",
      "EncodedRequestUri": "L3N1YnNjcmlwdGlvbnMvMGIxZjY0NzEtMWJmMC00ZGRhLWFlYzMtY2I5MjcyZjA5NTkwL3Byb3ZpZGVycy9NaWNyb3NvZnQuTmV0d29yay9sb2NhdGlvbnMvd2VzdHVzL29wZXJhdGlvbnMvMWNkYzhiOWEtOTM2Yy00NmE5LWJmYWQtMmQ1OTVmMGYwMGFlP2FwaS12ZXJzaW9uPTIwMTgtMDQtMDE=",
      "RequestMethod": "GET",
      "RequestBody": "",
      "RequestHeaders": {
        "User-Agent": [
          "FxVersion/4.6.25211.01",
          "Microsoft.Azure.Management.Network.Fluent.NetworkManagementClient/1.11.1.0",
          "MacAddressHash/cc0dc995bd7689190d87305dca6418746f27065181fa649f43731fb8fc5f1b10"
        ]
      },
      "ResponseBody": "{\r\n  \"status\": \"Succeeded\"\r\n}",
      "ResponseHeaders": {
        "Content-Type": [
          "application/json; charset=utf-8"
        ],
        "Expires": [
          "-1"
        ],
        "Cache-Control": [
          "no-cache"
        ],
        "Date": [
          "Fri, 20 Jul 2018 00:01:03 GMT"
        ],
        "Pragma": [
          "no-cache"
        ],
        "Transfer-Encoding": [
          "chunked"
        ],
        "Server": [
          "Microsoft-HTTPAPI/2.0",
          "Microsoft-HTTPAPI/2.0"
        ],
        "Vary": [
          "Accept-Encoding"
        ],
        "x-ms-request-id": [
          "79689c49-f7a2-41b4-a8c8-1c1a589dd8e7"
        ],
        "x-ms-correlation-request-id": [
          "79452cea-a449-43dd-8a4e-0954c9360fd4"
        ],
        "Strict-Transport-Security": [
          "max-age=31536000; includeSubDomains"
        ],
        "x-ms-ratelimit-remaining-subscription-reads": [
          "14998"
        ],
        "x-ms-routing-request-id": [
          "WESTUS2:20180720T000103Z:79452cea-a449-43dd-8a4e-0954c9360fd4"
        ],
        "X-Content-Type-Options": [
          "nosniff"
        ]
      },
      "StatusCode": 200
    },
    {
      "RequestUri": "/subscriptions/0b1f6471-1bf0-4dda-aec3-cb9272f09590/resourceGroups/rgcomv00200/providers/Microsoft.Network/publicIPAddresses/pip7997100f?api-version=2018-04-01",
      "EncodedRequestUri": "L3N1YnNjcmlwdGlvbnMvMGIxZjY0NzEtMWJmMC00ZGRhLWFlYzMtY2I5MjcyZjA5NTkwL3Jlc291cmNlR3JvdXBzL3JnY29tdjAwMjAwL3Byb3ZpZGVycy9NaWNyb3NvZnQuTmV0d29yay9wdWJsaWNJUEFkZHJlc3Nlcy9waXA3OTk3MTAwZj9hcGktdmVyc2lvbj0yMDE4LTA0LTAx",
      "RequestMethod": "GET",
      "RequestBody": "",
      "RequestHeaders": {
        "User-Agent": [
          "FxVersion/4.6.25211.01",
          "Microsoft.Azure.Management.Network.Fluent.NetworkManagementClient/1.11.1.0",
          "MacAddressHash/cc0dc995bd7689190d87305dca6418746f27065181fa649f43731fb8fc5f1b10"
        ]
      },
      "ResponseBody": "{\r\n  \"name\": \"pip7997100f\",\r\n  \"id\": \"/subscriptions/0b1f6471-1bf0-4dda-aec3-cb9272f09590/resourceGroups/rgcomv00200/providers/Microsoft.Network/publicIPAddresses/pip7997100f\",\r\n  \"etag\": \"W/\\\"81da4192-57e0-44a1-bfda-898aeeef4e8a\\\"\",\r\n  \"location\": \"westus\",\r\n  \"tags\": {},\r\n  \"properties\": {\r\n    \"provisioningState\": \"Succeeded\",\r\n    \"resourceGuid\": \"4877ea97-1c40-4dbb-9afa-86b5f03e6c6a\",\r\n    \"publicIPAddressVersion\": \"IPv4\",\r\n    \"publicIPAllocationMethod\": \"Dynamic\",\r\n    \"idleTimeoutInMinutes\": 4,\r\n    \"dnsSettings\": {\r\n      \"domainNameLabel\": \"pip511758\",\r\n      \"fqdn\": \"pip511758.westus.cloudapp.azure.com\"\r\n    },\r\n    \"ipTags\": []\r\n  },\r\n  \"type\": \"Microsoft.Network/publicIPAddresses\",\r\n  \"sku\": {\r\n    \"name\": \"Basic\",\r\n    \"tier\": \"Regional\"\r\n  }\r\n}",
      "ResponseHeaders": {
        "Content-Type": [
          "application/json; charset=utf-8"
        ],
        "Expires": [
          "-1"
        ],
        "Cache-Control": [
          "no-cache"
        ],
        "Date": [
          "Fri, 20 Jul 2018 00:01:02 GMT"
        ],
        "Pragma": [
          "no-cache"
        ],
        "Transfer-Encoding": [
          "chunked"
        ],
        "ETag": [
          "W/\"81da4192-57e0-44a1-bfda-898aeeef4e8a\""
        ],
        "Server": [
          "Microsoft-HTTPAPI/2.0",
          "Microsoft-HTTPAPI/2.0"
        ],
        "Vary": [
          "Accept-Encoding"
        ],
        "x-ms-request-id": [
          "61f2401a-3369-49e2-85f2-405f42655728"
        ],
        "x-ms-correlation-request-id": [
          "8ee524fd-51f6-41c4-ba7f-4aac7f1114fa"
        ],
        "Strict-Transport-Security": [
          "max-age=31536000; includeSubDomains"
        ],
        "x-ms-ratelimit-remaining-subscription-reads": [
          "14998"
        ],
        "x-ms-routing-request-id": [
          "WESTUS2:20180720T000103Z:8ee524fd-51f6-41c4-ba7f-4aac7f1114fa"
        ],
        "X-Content-Type-Options": [
          "nosniff"
        ]
      },
      "StatusCode": 200
    },
    {
      "RequestUri": "/subscriptions/0b1f6471-1bf0-4dda-aec3-cb9272f09590/resourceGroups/rgcomv00200/providers/Microsoft.Network/publicIPAddresses/pip7997100f?api-version=2018-04-01",
      "EncodedRequestUri": "L3N1YnNjcmlwdGlvbnMvMGIxZjY0NzEtMWJmMC00ZGRhLWFlYzMtY2I5MjcyZjA5NTkwL3Jlc291cmNlR3JvdXBzL3JnY29tdjAwMjAwL3Byb3ZpZGVycy9NaWNyb3NvZnQuTmV0d29yay9wdWJsaWNJUEFkZHJlc3Nlcy9waXA3OTk3MTAwZj9hcGktdmVyc2lvbj0yMDE4LTA0LTAx",
      "RequestMethod": "GET",
      "RequestBody": "",
      "RequestHeaders": {
        "x-ms-client-request-id": [
          "75c27ddc-d907-4c87-b820-dc61c902034d"
        ],
        "accept-language": [
          "en-US"
        ],
        "User-Agent": [
          "FxVersion/4.6.25211.01",
          "Microsoft.Azure.Management.Network.Fluent.NetworkManagementClient/1.11.1.0",
          "MacAddressHash/cc0dc995bd7689190d87305dca6418746f27065181fa649f43731fb8fc5f1b10"
        ]
      },
      "ResponseBody": "{\r\n  \"name\": \"pip7997100f\",\r\n  \"id\": \"/subscriptions/0b1f6471-1bf0-4dda-aec3-cb9272f09590/resourceGroups/rgcomv00200/providers/Microsoft.Network/publicIPAddresses/pip7997100f\",\r\n  \"etag\": \"W/\\\"a59b07be-27ea-4015-8d11-0d7415d88719\\\"\",\r\n  \"location\": \"westus\",\r\n  \"tags\": {},\r\n  \"properties\": {\r\n    \"provisioningState\": \"Succeeded\",\r\n    \"resourceGuid\": \"4877ea97-1c40-4dbb-9afa-86b5f03e6c6a\",\r\n    \"ipAddress\": \"40.112.174.154\",\r\n    \"publicIPAddressVersion\": \"IPv4\",\r\n    \"publicIPAllocationMethod\": \"Dynamic\",\r\n    \"idleTimeoutInMinutes\": 4,\r\n    \"dnsSettings\": {\r\n      \"domainNameLabel\": \"pip511758\",\r\n      \"fqdn\": \"pip511758.westus.cloudapp.azure.com\"\r\n    },\r\n    \"ipTags\": [],\r\n    \"ipConfiguration\": {\r\n      \"id\": \"/subscriptions/0b1f6471-1bf0-4dda-aec3-cb9272f09590/resourceGroups/rgcomv00200/providers/Microsoft.Network/networkInterfaces/nicvm132047d0b271572/ipConfigurations/primary\"\r\n    }\r\n  },\r\n  \"type\": \"Microsoft.Network/publicIPAddresses\",\r\n  \"sku\": {\r\n    \"name\": \"Basic\",\r\n    \"tier\": \"Regional\"\r\n  }\r\n}",
      "ResponseHeaders": {
        "Content-Type": [
          "application/json; charset=utf-8"
        ],
        "Expires": [
          "-1"
        ],
        "Cache-Control": [
          "no-cache"
        ],
        "Date": [
          "Fri, 20 Jul 2018 00:04:07 GMT"
        ],
        "Pragma": [
          "no-cache"
        ],
        "Transfer-Encoding": [
          "chunked"
        ],
        "ETag": [
          "W/\"a59b07be-27ea-4015-8d11-0d7415d88719\""
        ],
        "Server": [
          "Microsoft-HTTPAPI/2.0",
          "Microsoft-HTTPAPI/2.0"
        ],
        "Vary": [
          "Accept-Encoding"
        ],
        "x-ms-request-id": [
          "0422472e-1688-4904-a1b8-128ec4e51e49"
        ],
        "x-ms-correlation-request-id": [
          "76b53e9a-5c50-459c-9c19-07c77a8fe7b1"
        ],
        "Strict-Transport-Security": [
          "max-age=31536000; includeSubDomains"
        ],
        "x-ms-ratelimit-remaining-subscription-reads": [
          "14986"
        ],
        "x-ms-routing-request-id": [
          "WESTUS2:20180720T000408Z:76b53e9a-5c50-459c-9c19-07c77a8fe7b1"
        ],
        "X-Content-Type-Options": [
          "nosniff"
        ]
      },
      "StatusCode": 200
    },
    {
      "RequestUri": "/subscriptions/0b1f6471-1bf0-4dda-aec3-cb9272f09590/resourceGroups/rgcomv00200/providers/Microsoft.Network/networkInterfaces/nicvm132047d0b271572?api-version=2018-04-01",
      "EncodedRequestUri": "L3N1YnNjcmlwdGlvbnMvMGIxZjY0NzEtMWJmMC00ZGRhLWFlYzMtY2I5MjcyZjA5NTkwL3Jlc291cmNlR3JvdXBzL3JnY29tdjAwMjAwL3Byb3ZpZGVycy9NaWNyb3NvZnQuTmV0d29yay9uZXR3b3JrSW50ZXJmYWNlcy9uaWN2bTEzMjA0N2QwYjI3MTU3Mj9hcGktdmVyc2lvbj0yMDE4LTA0LTAx",
      "RequestMethod": "PUT",
      "RequestBody": "{\r\n  \"properties\": {\r\n    \"ipConfigurations\": [\r\n      {\r\n        \"properties\": {\r\n          \"privateIPAllocationMethod\": \"Dynamic\",\r\n          \"subnet\": {\r\n            \"id\": \"/subscriptions/0b1f6471-1bf0-4dda-aec3-cb9272f09590/resourceGroups/rgcomv00200/providers/Microsoft.Network/virtualNetworks/vnetac5576018208/subnets/subnet1\"\r\n          },\r\n          \"primary\": true,\r\n          \"publicIPAddress\": {\r\n            \"id\": \"/subscriptions/0b1f6471-1bf0-4dda-aec3-cb9272f09590/resourceGroups/rgcomv00200/providers/Microsoft.Network/publicIPAddresses/pip7997100f\"\r\n          }\r\n        },\r\n        \"name\": \"primary\"\r\n      }\r\n    ],\r\n    \"dnsSettings\": {}\r\n  },\r\n  \"location\": \"westus\",\r\n  \"tags\": {}\r\n}",
      "RequestHeaders": {
        "Content-Type": [
          "application/json; charset=utf-8"
        ],
        "Content-Length": [
          "704"
        ],
        "x-ms-client-request-id": [
          "16420157-7c9d-430c-844a-83fc811292aa"
        ],
        "accept-language": [
          "en-US"
        ],
        "User-Agent": [
          "FxVersion/4.6.25211.01",
          "Microsoft.Azure.Management.Network.Fluent.NetworkManagementClient/1.11.1.0",
          "MacAddressHash/cc0dc995bd7689190d87305dca6418746f27065181fa649f43731fb8fc5f1b10"
        ]
      },
      "ResponseBody": "{\r\n  \"name\": \"nicvm132047d0b271572\",\r\n  \"id\": \"/subscriptions/0b1f6471-1bf0-4dda-aec3-cb9272f09590/resourceGroups/rgcomv00200/providers/Microsoft.Network/networkInterfaces/nicvm132047d0b271572\",\r\n  \"etag\": \"W/\\\"3a27c9c7-c0bc-4bc5-83eb-1c1bde5c1e96\\\"\",\r\n  \"location\": \"westus\",\r\n  \"tags\": {},\r\n  \"properties\": {\r\n    \"provisioningState\": \"Succeeded\",\r\n    \"resourceGuid\": \"18128688-6e92-4d1d-abb9-81d26499613b\",\r\n    \"ipConfigurations\": [\r\n      {\r\n        \"name\": \"primary\",\r\n        \"id\": \"/subscriptions/0b1f6471-1bf0-4dda-aec3-cb9272f09590/resourceGroups/rgcomv00200/providers/Microsoft.Network/networkInterfaces/nicvm132047d0b271572/ipConfigurations/primary\",\r\n        \"etag\": \"W/\\\"3a27c9c7-c0bc-4bc5-83eb-1c1bde5c1e96\\\"\",\r\n        \"properties\": {\r\n          \"provisioningState\": \"Succeeded\",\r\n          \"privateIPAddress\": \"10.0.0.4\",\r\n          \"privateIPAllocationMethod\": \"Dynamic\",\r\n          \"publicIPAddress\": {\r\n            \"id\": \"/subscriptions/0b1f6471-1bf0-4dda-aec3-cb9272f09590/resourceGroups/rgcomv00200/providers/Microsoft.Network/publicIPAddresses/pip7997100f\"\r\n          },\r\n          \"subnet\": {\r\n            \"id\": \"/subscriptions/0b1f6471-1bf0-4dda-aec3-cb9272f09590/resourceGroups/rgcomv00200/providers/Microsoft.Network/virtualNetworks/vnetac5576018208/subnets/subnet1\"\r\n          },\r\n          \"primary\": true,\r\n          \"privateIPAddressVersion\": \"IPv4\",\r\n          \"isInUseWithService\": false\r\n        }\r\n      }\r\n    ],\r\n    \"dnsSettings\": {\r\n      \"dnsServers\": [],\r\n      \"appliedDnsServers\": [],\r\n      \"internalDomainNameSuffix\": \"ia1mpzdd0pbu5bjvcnk3t3m2ah.dx.internal.cloudapp.net\"\r\n    },\r\n    \"enableAcceleratedNetworking\": false,\r\n    \"enableIPForwarding\": false,\r\n    \"services\": null,\r\n    \"virtualNetworkTapProvisioningState\": \"NotProvisioned\"\r\n  },\r\n  \"type\": \"Microsoft.Network/networkInterfaces\"\r\n}",
      "ResponseHeaders": {
        "Content-Length": [
          "1843"
        ],
        "Content-Type": [
          "application/json; charset=utf-8"
        ],
        "Expires": [
          "-1"
        ],
        "Cache-Control": [
          "no-cache"
        ],
        "Date": [
          "Fri, 20 Jul 2018 00:01:05 GMT"
        ],
        "Pragma": [
          "no-cache"
        ],
        "Server": [
          "Microsoft-HTTPAPI/2.0",
          "Microsoft-HTTPAPI/2.0"
        ],
        "x-ms-request-id": [
          "bdc085b5-8e8b-4989-8555-0f4368561f8a"
        ],
        "Azure-AsyncOperation": [
          "https://management.azure.com/subscriptions/0b1f6471-1bf0-4dda-aec3-cb9272f09590/providers/Microsoft.Network/locations/westus/operations/bdc085b5-8e8b-4989-8555-0f4368561f8a?api-version=2018-04-01"
        ],
        "x-ms-correlation-request-id": [
          "187b540d-55c4-452d-917b-b8027f16ff11"
        ],
        "Strict-Transport-Security": [
          "max-age=31536000; includeSubDomains"
        ],
        "x-ms-ratelimit-remaining-subscription-writes": [
          "1197"
        ],
        "x-ms-routing-request-id": [
          "WESTUS2:20180720T000105Z:187b540d-55c4-452d-917b-b8027f16ff11"
        ],
        "X-Content-Type-Options": [
          "nosniff"
        ]
      },
      "StatusCode": 201
    },
    {
      "RequestUri": "/subscriptions/0b1f6471-1bf0-4dda-aec3-cb9272f09590/resourceGroups/rgcomv00200/providers/Microsoft.Network/networkInterfaces/nicvm132047d0b271572?api-version=2018-04-01",
      "EncodedRequestUri": "L3N1YnNjcmlwdGlvbnMvMGIxZjY0NzEtMWJmMC00ZGRhLWFlYzMtY2I5MjcyZjA5NTkwL3Jlc291cmNlR3JvdXBzL3JnY29tdjAwMjAwL3Byb3ZpZGVycy9NaWNyb3NvZnQuTmV0d29yay9uZXR3b3JrSW50ZXJmYWNlcy9uaWN2bTEzMjA0N2QwYjI3MTU3Mj9hcGktdmVyc2lvbj0yMDE4LTA0LTAx",
      "RequestMethod": "GET",
      "RequestBody": "",
      "RequestHeaders": {
        "User-Agent": [
          "FxVersion/4.6.25211.01",
          "Microsoft.Azure.Management.Network.Fluent.NetworkManagementClient/1.11.1.0",
          "MacAddressHash/cc0dc995bd7689190d87305dca6418746f27065181fa649f43731fb8fc5f1b10"
        ]
      },
      "ResponseBody": "{\r\n  \"name\": \"nicvm132047d0b271572\",\r\n  \"id\": \"/subscriptions/0b1f6471-1bf0-4dda-aec3-cb9272f09590/resourceGroups/rgcomv00200/providers/Microsoft.Network/networkInterfaces/nicvm132047d0b271572\",\r\n  \"etag\": \"W/\\\"3a27c9c7-c0bc-4bc5-83eb-1c1bde5c1e96\\\"\",\r\n  \"location\": \"westus\",\r\n  \"tags\": {},\r\n  \"properties\": {\r\n    \"provisioningState\": \"Succeeded\",\r\n    \"resourceGuid\": \"18128688-6e92-4d1d-abb9-81d26499613b\",\r\n    \"ipConfigurations\": [\r\n      {\r\n        \"name\": \"primary\",\r\n        \"id\": \"/subscriptions/0b1f6471-1bf0-4dda-aec3-cb9272f09590/resourceGroups/rgcomv00200/providers/Microsoft.Network/networkInterfaces/nicvm132047d0b271572/ipConfigurations/primary\",\r\n        \"etag\": \"W/\\\"3a27c9c7-c0bc-4bc5-83eb-1c1bde5c1e96\\\"\",\r\n        \"properties\": {\r\n          \"provisioningState\": \"Succeeded\",\r\n          \"privateIPAddress\": \"10.0.0.4\",\r\n          \"privateIPAllocationMethod\": \"Dynamic\",\r\n          \"publicIPAddress\": {\r\n            \"id\": \"/subscriptions/0b1f6471-1bf0-4dda-aec3-cb9272f09590/resourceGroups/rgcomv00200/providers/Microsoft.Network/publicIPAddresses/pip7997100f\"\r\n          },\r\n          \"subnet\": {\r\n            \"id\": \"/subscriptions/0b1f6471-1bf0-4dda-aec3-cb9272f09590/resourceGroups/rgcomv00200/providers/Microsoft.Network/virtualNetworks/vnetac5576018208/subnets/subnet1\"\r\n          },\r\n          \"primary\": true,\r\n          \"privateIPAddressVersion\": \"IPv4\",\r\n          \"isInUseWithService\": false\r\n        }\r\n      }\r\n    ],\r\n    \"dnsSettings\": {\r\n      \"dnsServers\": [],\r\n      \"appliedDnsServers\": [],\r\n      \"internalDomainNameSuffix\": \"ia1mpzdd0pbu5bjvcnk3t3m2ah.dx.internal.cloudapp.net\"\r\n    },\r\n    \"enableAcceleratedNetworking\": false,\r\n    \"enableIPForwarding\": false,\r\n    \"services\": null,\r\n    \"virtualNetworkTapProvisioningState\": \"NotProvisioned\"\r\n  },\r\n  \"type\": \"Microsoft.Network/networkInterfaces\"\r\n}",
      "ResponseHeaders": {
        "Content-Type": [
          "application/json; charset=utf-8"
        ],
        "Expires": [
          "-1"
        ],
        "Cache-Control": [
          "no-cache"
        ],
        "Date": [
          "Fri, 20 Jul 2018 00:01:04 GMT"
        ],
        "Pragma": [
          "no-cache"
        ],
        "Transfer-Encoding": [
          "chunked"
        ],
        "ETag": [
          "W/\"3a27c9c7-c0bc-4bc5-83eb-1c1bde5c1e96\""
        ],
        "Server": [
          "Microsoft-HTTPAPI/2.0",
          "Microsoft-HTTPAPI/2.0"
        ],
        "Vary": [
          "Accept-Encoding"
        ],
        "x-ms-request-id": [
          "23a03596-6192-4812-96a2-cde51c66980d"
        ],
        "x-ms-correlation-request-id": [
          "b736d61c-231f-4051-8e73-6f62685ecefd"
        ],
        "Strict-Transport-Security": [
          "max-age=31536000; includeSubDomains"
        ],
        "x-ms-ratelimit-remaining-subscription-reads": [
          "14997"
        ],
        "x-ms-routing-request-id": [
          "WESTUS2:20180720T000105Z:b736d61c-231f-4051-8e73-6f62685ecefd"
        ],
        "X-Content-Type-Options": [
          "nosniff"
        ]
      },
      "StatusCode": 200
    },
    {
      "RequestUri": "/subscriptions/0b1f6471-1bf0-4dda-aec3-cb9272f09590/resourceGroups/rgcomv00200/providers/Microsoft.Network/networkInterfaces/nicvm132047d0b271572?api-version=2018-04-01",
      "EncodedRequestUri": "L3N1YnNjcmlwdGlvbnMvMGIxZjY0NzEtMWJmMC00ZGRhLWFlYzMtY2I5MjcyZjA5NTkwL3Jlc291cmNlR3JvdXBzL3JnY29tdjAwMjAwL3Byb3ZpZGVycy9NaWNyb3NvZnQuTmV0d29yay9uZXR3b3JrSW50ZXJmYWNlcy9uaWN2bTEzMjA0N2QwYjI3MTU3Mj9hcGktdmVyc2lvbj0yMDE4LTA0LTAx",
      "RequestMethod": "GET",
      "RequestBody": "",
      "RequestHeaders": {
        "x-ms-client-request-id": [
          "93c39b4c-27ca-41d8-a26c-d8a4a6fa78c2"
        ],
        "accept-language": [
          "en-US"
        ],
        "User-Agent": [
          "FxVersion/4.6.25211.01",
          "Microsoft.Azure.Management.Network.Fluent.NetworkManagementClient/1.11.1.0",
          "MacAddressHash/cc0dc995bd7689190d87305dca6418746f27065181fa649f43731fb8fc5f1b10"
        ]
      },
      "ResponseBody": "{\r\n  \"name\": \"nicvm132047d0b271572\",\r\n  \"id\": \"/subscriptions/0b1f6471-1bf0-4dda-aec3-cb9272f09590/resourceGroups/rgcomv00200/providers/Microsoft.Network/networkInterfaces/nicvm132047d0b271572\",\r\n  \"etag\": \"W/\\\"de704ab7-72e2-4a0d-ba91-1015799fea40\\\"\",\r\n  \"location\": \"westus\",\r\n  \"tags\": {},\r\n  \"properties\": {\r\n    \"provisioningState\": \"Succeeded\",\r\n    \"resourceGuid\": \"18128688-6e92-4d1d-abb9-81d26499613b\",\r\n    \"ipConfigurations\": [\r\n      {\r\n        \"name\": \"primary\",\r\n        \"id\": \"/subscriptions/0b1f6471-1bf0-4dda-aec3-cb9272f09590/resourceGroups/rgcomv00200/providers/Microsoft.Network/networkInterfaces/nicvm132047d0b271572/ipConfigurations/primary\",\r\n        \"etag\": \"W/\\\"de704ab7-72e2-4a0d-ba91-1015799fea40\\\"\",\r\n        \"properties\": {\r\n          \"provisioningState\": \"Succeeded\",\r\n          \"privateIPAddress\": \"10.0.0.4\",\r\n          \"privateIPAllocationMethod\": \"Dynamic\",\r\n          \"publicIPAddress\": {\r\n            \"id\": \"/subscriptions/0b1f6471-1bf0-4dda-aec3-cb9272f09590/resourceGroups/rgcomv00200/providers/Microsoft.Network/publicIPAddresses/pip7997100f\"\r\n          },\r\n          \"subnet\": {\r\n            \"id\": \"/subscriptions/0b1f6471-1bf0-4dda-aec3-cb9272f09590/resourceGroups/rgcomv00200/providers/Microsoft.Network/virtualNetworks/vnetac5576018208/subnets/subnet1\"\r\n          },\r\n          \"primary\": true,\r\n          \"privateIPAddressVersion\": \"IPv4\",\r\n          \"isInUseWithService\": false\r\n        }\r\n      }\r\n    ],\r\n    \"dnsSettings\": {\r\n      \"dnsServers\": [],\r\n      \"appliedDnsServers\": [],\r\n      \"internalDomainNameSuffix\": \"ia1mpzdd0pbu5bjvcnk3t3m2ah.dx.internal.cloudapp.net\"\r\n    },\r\n    \"macAddress\": \"00-0D-3A-3A-E0-9D\",\r\n    \"enableAcceleratedNetworking\": false,\r\n    \"enableIPForwarding\": false,\r\n    \"services\": null,\r\n    \"primary\": true,\r\n    \"virtualMachine\": {\r\n      \"id\": \"/subscriptions/0b1f6471-1bf0-4dda-aec3-cb9272f09590/resourceGroups/rgcomv00200/providers/Microsoft.Compute/virtualMachines/vm132047d\"\r\n    },\r\n    \"virtualNetworkTapProvisioningState\": \"NotProvisioned\"\r\n  },\r\n  \"type\": \"Microsoft.Network/networkInterfaces\"\r\n}",
      "ResponseHeaders": {
        "Content-Type": [
          "application/json; charset=utf-8"
        ],
        "Expires": [
          "-1"
        ],
        "Cache-Control": [
          "no-cache"
        ],
        "Date": [
          "Fri, 20 Jul 2018 00:04:07 GMT"
        ],
        "Pragma": [
          "no-cache"
        ],
        "Transfer-Encoding": [
          "chunked"
        ],
        "ETag": [
          "W/\"de704ab7-72e2-4a0d-ba91-1015799fea40\""
        ],
        "Server": [
          "Microsoft-HTTPAPI/2.0",
          "Microsoft-HTTPAPI/2.0"
        ],
        "Vary": [
          "Accept-Encoding"
        ],
        "x-ms-request-id": [
          "677347fe-9513-4781-bb14-9b97a3743d0a"
        ],
        "x-ms-correlation-request-id": [
          "596cdf91-9ecc-43de-8b0b-32cafb600933"
        ],
        "Strict-Transport-Security": [
          "max-age=31536000; includeSubDomains"
        ],
        "x-ms-ratelimit-remaining-subscription-reads": [
          "14987"
        ],
        "x-ms-routing-request-id": [
          "WESTUS2:20180720T000408Z:596cdf91-9ecc-43de-8b0b-32cafb600933"
        ],
        "X-Content-Type-Options": [
          "nosniff"
        ]
      },
      "StatusCode": 200
    },
    {
      "RequestUri": "/subscriptions/0b1f6471-1bf0-4dda-aec3-cb9272f09590/resourceGroups/rgcomv00200/providers/Microsoft.Storage/storageAccounts/stgvm132047d0b29959749?api-version=2017-10-01",
      "EncodedRequestUri": "L3N1YnNjcmlwdGlvbnMvMGIxZjY0NzEtMWJmMC00ZGRhLWFlYzMtY2I5MjcyZjA5NTkwL3Jlc291cmNlR3JvdXBzL3JnY29tdjAwMjAwL3Byb3ZpZGVycy9NaWNyb3NvZnQuU3RvcmFnZS9zdG9yYWdlQWNjb3VudHMvc3Rndm0xMzIwNDdkMGIyOTk1OTc0OT9hcGktdmVyc2lvbj0yMDE3LTEwLTAx",
      "RequestMethod": "PUT",
      "RequestBody": "{\r\n  \"sku\": {\r\n    \"name\": \"Standard_GRS\"\r\n  },\r\n  \"kind\": \"Storage\",\r\n  \"location\": \"westus\",\r\n  \"tags\": {}\r\n}",
      "RequestHeaders": {
        "Content-Type": [
          "application/json; charset=utf-8"
        ],
        "Content-Length": [
          "111"
        ],
        "x-ms-client-request-id": [
          "c51148af-0723-4a45-a324-cf255f7b834a"
        ],
        "accept-language": [
          "en-US"
        ],
        "User-Agent": [
          "FxVersion/4.6.25211.01",
          "Microsoft.Azure.Management.Storage.Fluent.StorageManagementClient/1.11.1.0",
          "MacAddressHash/cc0dc995bd7689190d87305dca6418746f27065181fa649f43731fb8fc5f1b10"
        ]
      },
      "ResponseBody": "",
      "ResponseHeaders": {
        "Content-Length": [
          "0"
        ],
        "Content-Type": [
          "text/plain; charset=utf-8"
        ],
        "Expires": [
          "-1"
        ],
        "Cache-Control": [
          "no-cache"
        ],
        "Date": [
          "Fri, 20 Jul 2018 00:01:07 GMT"
        ],
        "Pragma": [
          "no-cache"
        ],
        "Location": [
          "https://management.azure.com/subscriptions/0b1f6471-1bf0-4dda-aec3-cb9272f09590/providers/Microsoft.Storage/locations/westus/asyncoperations/117dc190-c2a6-43cd-9365-db8c22bfbc4a?monitor=true&api-version=2017-10-01"
        ],
        "Retry-After": [
          "17"
        ],
        "Server": [
          "Microsoft-Azure-Storage-Resource-Provider/1.0,Microsoft-HTTPAPI/2.0 Microsoft-HTTPAPI/2.0"
        ],
        "x-ms-request-id": [
          "117dc190-c2a6-43cd-9365-db8c22bfbc4a"
        ],
        "Strict-Transport-Security": [
          "max-age=31536000; includeSubDomains"
        ],
        "x-ms-ratelimit-remaining-subscription-writes": [
          "1196"
        ],
        "x-ms-correlation-request-id": [
          "9ffe9cda-8202-4348-a2b1-00093512d017"
        ],
        "x-ms-routing-request-id": [
          "WESTUS2:20180720T000107Z:9ffe9cda-8202-4348-a2b1-00093512d017"
        ],
        "X-Content-Type-Options": [
          "nosniff"
        ]
      },
      "StatusCode": 202
    },
    {
      "RequestUri": "/subscriptions/0b1f6471-1bf0-4dda-aec3-cb9272f09590/providers/Microsoft.Storage/locations/westus/asyncoperations/117dc190-c2a6-43cd-9365-db8c22bfbc4a?monitor=true&api-version=2017-10-01",
      "EncodedRequestUri": "L3N1YnNjcmlwdGlvbnMvMGIxZjY0NzEtMWJmMC00ZGRhLWFlYzMtY2I5MjcyZjA5NTkwL3Byb3ZpZGVycy9NaWNyb3NvZnQuU3RvcmFnZS9sb2NhdGlvbnMvd2VzdHVzL2FzeW5jb3BlcmF0aW9ucy8xMTdkYzE5MC1jMmE2LTQzY2QtOTM2NS1kYjhjMjJiZmJjNGE/bW9uaXRvcj10cnVlJmFwaS12ZXJzaW9uPTIwMTctMTAtMDE=",
      "RequestMethod": "GET",
      "RequestBody": "",
      "RequestHeaders": {
        "User-Agent": [
          "FxVersion/4.6.25211.01",
          "Microsoft.Azure.Management.Storage.Fluent.StorageManagementClient/1.11.1.0",
          "MacAddressHash/cc0dc995bd7689190d87305dca6418746f27065181fa649f43731fb8fc5f1b10"
        ]
      },
      "ResponseBody": "{\r\n  \"sku\": {\r\n    \"name\": \"Standard_GRS\",\r\n    \"tier\": \"Standard\"\r\n  },\r\n  \"kind\": \"Storage\",\r\n  \"id\": \"/subscriptions/0b1f6471-1bf0-4dda-aec3-cb9272f09590/resourceGroups/rgcomv00200/providers/Microsoft.Storage/storageAccounts/stgvm132047d0b29959749\",\r\n  \"name\": \"stgvm132047d0b29959749\",\r\n  \"type\": \"Microsoft.Storage/storageAccounts\",\r\n  \"location\": \"westus\",\r\n  \"tags\": {},\r\n  \"properties\": {\r\n    \"networkAcls\": {\r\n      \"bypass\": \"AzureServices\",\r\n      \"virtualNetworkRules\": [],\r\n      \"ipRules\": [],\r\n      \"defaultAction\": \"Allow\"\r\n    },\r\n    \"trustedDirectories\": [\r\n      \"54826b22-38d6-4fb2-bad9-b7b93a3e9c5a\"\r\n    ],\r\n    \"supportsHttpsTrafficOnly\": false,\r\n    \"encryption\": {\r\n      \"services\": {\r\n        \"file\": {\r\n          \"enabled\": true,\r\n          \"lastEnabledTime\": \"2018-07-20T00:01:06.6434827Z\"\r\n        },\r\n        \"blob\": {\r\n          \"enabled\": true,\r\n          \"lastEnabledTime\": \"2018-07-20T00:01:06.6434827Z\"\r\n        }\r\n      },\r\n      \"keySource\": \"Microsoft.Storage\"\r\n    },\r\n    \"provisioningState\": \"Succeeded\",\r\n    \"creationTime\": \"2018-07-20T00:01:06.4872367Z\",\r\n    \"primaryEndpoints\": {\r\n      \"blob\": \"https://stgvm132047d0b29959749.blob.core.windows.net/\",\r\n      \"queue\": \"https://stgvm132047d0b29959749.queue.core.windows.net/\",\r\n      \"table\": \"https://stgvm132047d0b29959749.table.core.windows.net/\",\r\n      \"file\": \"https://stgvm132047d0b29959749.file.core.windows.net/\"\r\n    },\r\n    \"primaryLocation\": \"westus\",\r\n    \"statusOfPrimary\": \"available\",\r\n    \"secondaryLocation\": \"eastus\",\r\n    \"statusOfSecondary\": \"available\"\r\n  }\r\n}",
      "ResponseHeaders": {
        "Content-Type": [
          "application/json"
        ],
        "Expires": [
          "-1"
        ],
        "Cache-Control": [
          "no-cache"
        ],
        "Date": [
          "Fri, 20 Jul 2018 00:01:24 GMT"
        ],
        "Pragma": [
          "no-cache"
        ],
        "Transfer-Encoding": [
          "chunked"
        ],
        "Server": [
          "Microsoft-Azure-Storage-Resource-Provider/1.0,Microsoft-HTTPAPI/2.0 Microsoft-HTTPAPI/2.0"
        ],
        "Vary": [
          "Accept-Encoding"
        ],
        "x-ms-request-id": [
          "c9c3e9f3-9dff-4a57-b8c6-70fb9de68aa3"
        ],
        "Strict-Transport-Security": [
          "max-age=31536000; includeSubDomains"
        ],
        "x-ms-ratelimit-remaining-subscription-reads": [
          "14996"
        ],
        "x-ms-correlation-request-id": [
          "9aa33131-72bf-45d8-96bf-a8cbc457b23e"
        ],
        "x-ms-routing-request-id": [
          "WESTUS2:20180720T000124Z:9aa33131-72bf-45d8-96bf-a8cbc457b23e"
        ],
        "X-Content-Type-Options": [
          "nosniff"
        ]
      },
      "StatusCode": 200
    },
    {
      "RequestUri": "/subscriptions/0b1f6471-1bf0-4dda-aec3-cb9272f09590/resourceGroups/rgcomv00200/providers/Microsoft.Storage/storageAccounts/stgvm132047d0b29959749?api-version=2017-10-01",
      "EncodedRequestUri": "L3N1YnNjcmlwdGlvbnMvMGIxZjY0NzEtMWJmMC00ZGRhLWFlYzMtY2I5MjcyZjA5NTkwL3Jlc291cmNlR3JvdXBzL3JnY29tdjAwMjAwL3Byb3ZpZGVycy9NaWNyb3NvZnQuU3RvcmFnZS9zdG9yYWdlQWNjb3VudHMvc3Rndm0xMzIwNDdkMGIyOTk1OTc0OT9hcGktdmVyc2lvbj0yMDE3LTEwLTAx",
      "RequestMethod": "GET",
      "RequestBody": "",
      "RequestHeaders": {
        "x-ms-client-request-id": [
          "aafcc351-5695-4086-8c25-f1151d58693f"
        ],
        "accept-language": [
          "en-US"
        ],
        "User-Agent": [
          "FxVersion/4.6.25211.01",
          "Microsoft.Azure.Management.Storage.Fluent.StorageManagementClient/1.11.1.0",
          "MacAddressHash/cc0dc995bd7689190d87305dca6418746f27065181fa649f43731fb8fc5f1b10"
        ]
      },
      "ResponseBody": "{\r\n  \"sku\": {\r\n    \"name\": \"Standard_GRS\",\r\n    \"tier\": \"Standard\"\r\n  },\r\n  \"kind\": \"Storage\",\r\n  \"id\": \"/subscriptions/0b1f6471-1bf0-4dda-aec3-cb9272f09590/resourceGroups/rgcomv00200/providers/Microsoft.Storage/storageAccounts/stgvm132047d0b29959749\",\r\n  \"name\": \"stgvm132047d0b29959749\",\r\n  \"type\": \"Microsoft.Storage/storageAccounts\",\r\n  \"location\": \"westus\",\r\n  \"tags\": {},\r\n  \"properties\": {\r\n    \"networkAcls\": {\r\n      \"bypass\": \"AzureServices\",\r\n      \"virtualNetworkRules\": [],\r\n      \"ipRules\": [],\r\n      \"defaultAction\": \"Allow\"\r\n    },\r\n    \"trustedDirectories\": [\r\n      \"54826b22-38d6-4fb2-bad9-b7b93a3e9c5a\"\r\n    ],\r\n    \"supportsHttpsTrafficOnly\": false,\r\n    \"encryption\": {\r\n      \"services\": {\r\n        \"file\": {\r\n          \"enabled\": true,\r\n          \"lastEnabledTime\": \"2018-07-20T00:01:06.6434827Z\"\r\n        },\r\n        \"blob\": {\r\n          \"enabled\": true,\r\n          \"lastEnabledTime\": \"2018-07-20T00:01:06.6434827Z\"\r\n        }\r\n      },\r\n      \"keySource\": \"Microsoft.Storage\"\r\n    },\r\n    \"provisioningState\": \"Succeeded\",\r\n    \"creationTime\": \"2018-07-20T00:01:06.4872367Z\",\r\n    \"primaryEndpoints\": {\r\n      \"blob\": \"https://stgvm132047d0b29959749.blob.core.windows.net/\",\r\n      \"queue\": \"https://stgvm132047d0b29959749.queue.core.windows.net/\",\r\n      \"table\": \"https://stgvm132047d0b29959749.table.core.windows.net/\",\r\n      \"file\": \"https://stgvm132047d0b29959749.file.core.windows.net/\"\r\n    },\r\n    \"primaryLocation\": \"westus\",\r\n    \"statusOfPrimary\": \"available\",\r\n    \"secondaryLocation\": \"eastus\",\r\n    \"statusOfSecondary\": \"available\"\r\n  }\r\n}",
      "ResponseHeaders": {
        "Content-Type": [
          "application/json"
        ],
        "Expires": [
          "-1"
        ],
        "Cache-Control": [
          "no-cache"
        ],
        "Date": [
          "Fri, 20 Jul 2018 00:01:24 GMT"
        ],
        "Pragma": [
          "no-cache"
        ],
        "Transfer-Encoding": [
          "chunked"
        ],
        "Server": [
          "Microsoft-Azure-Storage-Resource-Provider/1.0,Microsoft-HTTPAPI/2.0 Microsoft-HTTPAPI/2.0"
        ],
        "Vary": [
          "Accept-Encoding"
        ],
        "x-ms-request-id": [
          "c0350683-1d07-411f-9f56-f86623d25f27"
        ],
        "Strict-Transport-Security": [
          "max-age=31536000; includeSubDomains"
        ],
        "x-ms-ratelimit-remaining-subscription-reads": [
          "14997"
        ],
        "x-ms-correlation-request-id": [
          "a6590531-f8dc-428e-9d97-697bb0eaf2de"
        ],
        "x-ms-routing-request-id": [
          "WESTUS2:20180720T000124Z:a6590531-f8dc-428e-9d97-697bb0eaf2de"
        ],
        "X-Content-Type-Options": [
          "nosniff"
        ]
      },
      "StatusCode": 200
    },
    {
      "RequestUri": "/subscriptions/0b1f6471-1bf0-4dda-aec3-cb9272f09590/resourceGroups/rgcomv00200/providers/Microsoft.Compute/virtualMachines/vm132047d?api-version=2018-04-01",
      "EncodedRequestUri": "L3N1YnNjcmlwdGlvbnMvMGIxZjY0NzEtMWJmMC00ZGRhLWFlYzMtY2I5MjcyZjA5NTkwL3Jlc291cmNlR3JvdXBzL3JnY29tdjAwMjAwL3Byb3ZpZGVycy9NaWNyb3NvZnQuQ29tcHV0ZS92aXJ0dWFsTWFjaGluZXMvdm0xMzIwNDdkP2FwaS12ZXJzaW9uPTIwMTgtMDQtMDE=",
      "RequestMethod": "PUT",
      "RequestBody": "{\r\n  \"properties\": {\r\n    \"hardwareProfile\": {\r\n      \"vmSize\": \"Standard_D3_v2\"\r\n    },\r\n    \"storageProfile\": {\r\n      \"imageReference\": {\r\n        \"publisher\": \"Canonical\",\r\n        \"offer\": \"UbuntuServer\",\r\n        \"sku\": \"16.04.0-LTS\",\r\n        \"version\": \"latest\"\r\n      },\r\n      \"osDisk\": {\r\n        \"name\": \"vm132047d-os-disk\",\r\n        \"vhd\": {\r\n          \"uri\": \"https://stgvm132047d0b29959749.blob.core.windows.net/vhds/vm132047d-os-disk-6bf5ced1-7c34-4dce-9a90-c960c2db0272.Vhd\"\r\n        },\r\n        \"caching\": \"ReadWrite\",\r\n        \"createOption\": \"FromImage\"\r\n      },\r\n      \"dataDisks\": []\r\n    },\r\n    \"osProfile\": {\r\n      \"computerName\": \"vm132047d\",\r\n      \"adminUsername\": \"tirekicker\",\r\n      \"adminPassword\": \"12NewPA$$w0rd!\",\r\n      \"linuxConfiguration\": {\r\n        \"disablePasswordAuthentication\": false\r\n      }\r\n    },\r\n    \"networkProfile\": {\r\n      \"networkInterfaces\": [\r\n        {\r\n          \"properties\": {\r\n            \"primary\": true\r\n          },\r\n          \"id\": \"/subscriptions/0b1f6471-1bf0-4dda-aec3-cb9272f09590/resourceGroups/rgcomv00200/providers/Microsoft.Network/networkInterfaces/nicvm132047d0b271572\"\r\n        }\r\n      ]\r\n    }\r\n  },\r\n  \"location\": \"westus\",\r\n  \"tags\": {}\r\n}",
      "RequestHeaders": {
        "Content-Type": [
          "application/json; charset=utf-8"
        ],
        "Content-Length": [
          "1222"
        ],
        "x-ms-client-request-id": [
          "cbb0cf45-6a5e-43fd-8612-a352bf2441d7"
        ],
        "accept-language": [
          "en-US"
        ],
        "User-Agent": [
          "FxVersion/4.6.25211.01",
          "Microsoft.Azure.Management.Compute.Fluent.ComputeManagementClient/1.11.1.0",
          "MacAddressHash/cc0dc995bd7689190d87305dca6418746f27065181fa649f43731fb8fc5f1b10"
        ]
      },
      "ResponseBody": "{\r\n  \"properties\": {\r\n    \"vmId\": \"2f4f6d85-4df3-4d52-a0d4-8690eb45f366\",\r\n    \"hardwareProfile\": {\r\n      \"vmSize\": \"Standard_D3_v2\"\r\n    },\r\n    \"storageProfile\": {\r\n      \"imageReference\": {\r\n        \"publisher\": \"Canonical\",\r\n        \"offer\": \"UbuntuServer\",\r\n        \"sku\": \"16.04.0-LTS\",\r\n        \"version\": \"latest\"\r\n      },\r\n      \"osDisk\": {\r\n        \"osType\": \"Linux\",\r\n        \"name\": \"vm132047d-os-disk\",\r\n        \"createOption\": \"FromImage\",\r\n        \"vhd\": {\r\n          \"uri\": \"https://stgvm132047d0b29959749.blob.core.windows.net/vhds/vm132047d-os-disk-6bf5ced1-7c34-4dce-9a90-c960c2db0272.Vhd\"\r\n        },\r\n        \"caching\": \"ReadWrite\"\r\n      },\r\n      \"dataDisks\": []\r\n    },\r\n    \"osProfile\": {\r\n      \"computerName\": \"vm132047d\",\r\n      \"adminUsername\": \"tirekicker\",\r\n      \"linuxConfiguration\": {\r\n        \"disablePasswordAuthentication\": false\r\n      },\r\n      \"secrets\": []\r\n    },\r\n    \"networkProfile\": {\r\n      \"networkInterfaces\": [\r\n        {\r\n          \"id\": \"/subscriptions/0b1f6471-1bf0-4dda-aec3-cb9272f09590/resourceGroups/rgcomv00200/providers/Microsoft.Network/networkInterfaces/nicvm132047d0b271572\",\r\n          \"properties\": {\r\n            \"primary\": true\r\n          }\r\n        }\r\n      ]\r\n    },\r\n    \"provisioningState\": \"Creating\"\r\n  },\r\n  \"type\": \"Microsoft.Compute/virtualMachines\",\r\n  \"location\": \"westus\",\r\n  \"tags\": {},\r\n  \"id\": \"/subscriptions/0b1f6471-1bf0-4dda-aec3-cb9272f09590/resourceGroups/rgcomv00200/providers/Microsoft.Compute/virtualMachines/vm132047d\",\r\n  \"name\": \"vm132047d\"\r\n}",
      "ResponseHeaders": {
        "Content-Length": [
          "1442"
        ],
        "Content-Type": [
          "application/json; charset=utf-8"
        ],
        "Expires": [
          "-1"
        ],
        "Cache-Control": [
          "no-cache"
        ],
        "Date": [
          "Fri, 20 Jul 2018 00:01:25 GMT"
        ],
        "Pragma": [
          "no-cache"
        ],
        "Retry-After": [
          "10"
        ],
        "Server": [
          "Microsoft-HTTPAPI/2.0",
          "Microsoft-HTTPAPI/2.0"
        ],
        "Azure-AsyncOperation": [
          "https://management.azure.com/subscriptions/0b1f6471-1bf0-4dda-aec3-cb9272f09590/providers/Microsoft.Compute/locations/westus/operations/40f049fa-26e1-4139-a562-0fba86b5ba43?api-version=2018-04-01"
        ],
        "x-ms-ratelimit-remaining-resource": [
          "Microsoft.Compute/PutVM3Min;238,Microsoft.Compute/PutVM30Min;1196"
        ],
        "Strict-Transport-Security": [
          "max-age=31536000; includeSubDomains"
        ],
        "x-ms-served-by": [
          "571046f6-b640-41c1-86f7-f9f044b5adf9_131751581145050469"
        ],
        "x-ms-request-id": [
          "40f049fa-26e1-4139-a562-0fba86b5ba43"
        ],
        "x-ms-ratelimit-remaining-subscription-writes": [
          "1198"
        ],
        "x-ms-correlation-request-id": [
          "1d15625b-7bd4-4129-bbe6-de69d5c5f75b"
        ],
        "x-ms-routing-request-id": [
          "WESTUS2:20180720T000125Z:1d15625b-7bd4-4129-bbe6-de69d5c5f75b"
        ],
        "X-Content-Type-Options": [
          "nosniff"
        ]
      },
      "StatusCode": 201
    },
    {
      "RequestUri": "/subscriptions/0b1f6471-1bf0-4dda-aec3-cb9272f09590/providers/Microsoft.Compute/locations/westus/operations/40f049fa-26e1-4139-a562-0fba86b5ba43?api-version=2018-04-01",
      "EncodedRequestUri": "L3N1YnNjcmlwdGlvbnMvMGIxZjY0NzEtMWJmMC00ZGRhLWFlYzMtY2I5MjcyZjA5NTkwL3Byb3ZpZGVycy9NaWNyb3NvZnQuQ29tcHV0ZS9sb2NhdGlvbnMvd2VzdHVzL29wZXJhdGlvbnMvNDBmMDQ5ZmEtMjZlMS00MTM5LWE1NjItMGZiYTg2YjViYTQzP2FwaS12ZXJzaW9uPTIwMTgtMDQtMDE=",
      "RequestMethod": "GET",
      "RequestBody": "",
      "RequestHeaders": {
        "User-Agent": [
          "FxVersion/4.6.25211.01",
          "Microsoft.Azure.Management.Compute.Fluent.ComputeManagementClient/1.11.1.0",
          "MacAddressHash/cc0dc995bd7689190d87305dca6418746f27065181fa649f43731fb8fc5f1b10"
        ]
      },
      "ResponseBody": "{\r\n  \"startTime\": \"2018-07-19T17:01:25.6362881-07:00\",\r\n  \"status\": \"InProgress\",\r\n  \"name\": \"40f049fa-26e1-4139-a562-0fba86b5ba43\"\r\n}",
      "ResponseHeaders": {
        "Content-Type": [
          "application/json; charset=utf-8"
        ],
        "Expires": [
          "-1"
        ],
        "Cache-Control": [
          "no-cache"
        ],
        "Date": [
          "Fri, 20 Jul 2018 00:01:35 GMT"
        ],
        "Pragma": [
          "no-cache"
        ],
        "Transfer-Encoding": [
          "chunked"
        ],
        "Retry-After": [
          "30"
        ],
        "Server": [
          "Microsoft-HTTPAPI/2.0",
          "Microsoft-HTTPAPI/2.0"
        ],
        "Vary": [
          "Accept-Encoding"
        ],
        "x-ms-ratelimit-remaining-resource": [
          "Microsoft.Compute/GetOperation3Min;14986,Microsoft.Compute/GetOperation30Min;29941"
        ],
        "Strict-Transport-Security": [
          "max-age=31536000; includeSubDomains"
        ],
        "x-ms-served-by": [
          "571046f6-b640-41c1-86f7-f9f044b5adf9_131751581145050469"
        ],
        "x-ms-request-id": [
          "9fff82d4-3b4f-44ec-84a3-6e26d5bef599"
        ],
        "x-ms-ratelimit-remaining-subscription-reads": [
          "14996"
        ],
        "x-ms-correlation-request-id": [
          "afb90875-b525-425f-9149-4968599d4dd7"
        ],
        "x-ms-routing-request-id": [
          "WESTUS2:20180720T000136Z:afb90875-b525-425f-9149-4968599d4dd7"
        ],
        "X-Content-Type-Options": [
          "nosniff"
        ]
      },
      "StatusCode": 200
    },
    {
      "RequestUri": "/subscriptions/0b1f6471-1bf0-4dda-aec3-cb9272f09590/providers/Microsoft.Compute/locations/westus/operations/40f049fa-26e1-4139-a562-0fba86b5ba43?api-version=2018-04-01",
      "EncodedRequestUri": "L3N1YnNjcmlwdGlvbnMvMGIxZjY0NzEtMWJmMC00ZGRhLWFlYzMtY2I5MjcyZjA5NTkwL3Byb3ZpZGVycy9NaWNyb3NvZnQuQ29tcHV0ZS9sb2NhdGlvbnMvd2VzdHVzL29wZXJhdGlvbnMvNDBmMDQ5ZmEtMjZlMS00MTM5LWE1NjItMGZiYTg2YjViYTQzP2FwaS12ZXJzaW9uPTIwMTgtMDQtMDE=",
      "RequestMethod": "GET",
      "RequestBody": "",
      "RequestHeaders": {
        "User-Agent": [
          "FxVersion/4.6.25211.01",
          "Microsoft.Azure.Management.Compute.Fluent.ComputeManagementClient/1.11.1.0",
          "MacAddressHash/cc0dc995bd7689190d87305dca6418746f27065181fa649f43731fb8fc5f1b10"
        ]
      },
      "ResponseBody": "{\r\n  \"startTime\": \"2018-07-19T17:01:25.6362881-07:00\",\r\n  \"status\": \"InProgress\",\r\n  \"name\": \"40f049fa-26e1-4139-a562-0fba86b5ba43\"\r\n}",
      "ResponseHeaders": {
        "Content-Type": [
          "application/json; charset=utf-8"
        ],
        "Expires": [
          "-1"
        ],
        "Cache-Control": [
          "no-cache"
        ],
        "Date": [
          "Fri, 20 Jul 2018 00:02:06 GMT"
        ],
        "Pragma": [
          "no-cache"
        ],
        "Transfer-Encoding": [
          "chunked"
        ],
        "Server": [
          "Microsoft-HTTPAPI/2.0",
          "Microsoft-HTTPAPI/2.0"
        ],
        "Vary": [
          "Accept-Encoding"
        ],
        "x-ms-ratelimit-remaining-resource": [
          "Microsoft.Compute/GetOperation3Min;14984,Microsoft.Compute/GetOperation30Min;29938"
        ],
        "Strict-Transport-Security": [
          "max-age=31536000; includeSubDomains"
        ],
        "x-ms-served-by": [
          "571046f6-b640-41c1-86f7-f9f044b5adf9_131751581145050469"
        ],
        "x-ms-request-id": [
          "1f32466a-5b86-4748-a1ea-437485b81417"
        ],
        "x-ms-ratelimit-remaining-subscription-reads": [
          "14995"
        ],
        "x-ms-correlation-request-id": [
          "58af5522-290c-422f-aedb-8648736d62df"
        ],
        "x-ms-routing-request-id": [
          "WESTUS2:20180720T000206Z:58af5522-290c-422f-aedb-8648736d62df"
        ],
        "X-Content-Type-Options": [
          "nosniff"
        ]
      },
      "StatusCode": 200
    },
    {
      "RequestUri": "/subscriptions/0b1f6471-1bf0-4dda-aec3-cb9272f09590/providers/Microsoft.Compute/locations/westus/operations/40f049fa-26e1-4139-a562-0fba86b5ba43?api-version=2018-04-01",
      "EncodedRequestUri": "L3N1YnNjcmlwdGlvbnMvMGIxZjY0NzEtMWJmMC00ZGRhLWFlYzMtY2I5MjcyZjA5NTkwL3Byb3ZpZGVycy9NaWNyb3NvZnQuQ29tcHV0ZS9sb2NhdGlvbnMvd2VzdHVzL29wZXJhdGlvbnMvNDBmMDQ5ZmEtMjZlMS00MTM5LWE1NjItMGZiYTg2YjViYTQzP2FwaS12ZXJzaW9uPTIwMTgtMDQtMDE=",
      "RequestMethod": "GET",
      "RequestBody": "",
      "RequestHeaders": {
        "User-Agent": [
          "FxVersion/4.6.25211.01",
          "Microsoft.Azure.Management.Compute.Fluent.ComputeManagementClient/1.11.1.0",
          "MacAddressHash/cc0dc995bd7689190d87305dca6418746f27065181fa649f43731fb8fc5f1b10"
        ]
      },
      "ResponseBody": "{\r\n  \"startTime\": \"2018-07-19T17:01:25.6362881-07:00\",\r\n  \"endTime\": \"2018-07-19T17:02:17.8530721-07:00\",\r\n  \"status\": \"Succeeded\",\r\n  \"name\": \"40f049fa-26e1-4139-a562-0fba86b5ba43\"\r\n}",
      "ResponseHeaders": {
        "Content-Type": [
          "application/json; charset=utf-8"
        ],
        "Expires": [
          "-1"
        ],
        "Cache-Control": [
          "no-cache"
        ],
        "Date": [
          "Fri, 20 Jul 2018 00:02:35 GMT"
        ],
        "Pragma": [
          "no-cache"
        ],
        "Transfer-Encoding": [
          "chunked"
        ],
        "Server": [
          "Microsoft-HTTPAPI/2.0",
          "Microsoft-HTTPAPI/2.0"
        ],
        "Vary": [
          "Accept-Encoding"
        ],
        "x-ms-ratelimit-remaining-resource": [
          "Microsoft.Compute/GetOperation3Min;14981,Microsoft.Compute/GetOperation30Min;29933"
        ],
        "Strict-Transport-Security": [
          "max-age=31536000; includeSubDomains"
        ],
        "x-ms-served-by": [
          "571046f6-b640-41c1-86f7-f9f044b5adf9_131751581145050469"
        ],
        "x-ms-request-id": [
          "ecb15080-7ebe-4f1f-84c7-cb85b5a845c0"
        ],
        "x-ms-ratelimit-remaining-subscription-reads": [
          "14994"
        ],
        "x-ms-correlation-request-id": [
          "f603851b-6ecd-4950-913f-6df85c6871c9"
        ],
        "x-ms-routing-request-id": [
          "WESTUS2:20180720T000236Z:f603851b-6ecd-4950-913f-6df85c6871c9"
        ],
        "X-Content-Type-Options": [
          "nosniff"
        ]
      },
      "StatusCode": 200
    },
    {
      "RequestUri": "/subscriptions/0b1f6471-1bf0-4dda-aec3-cb9272f09590/resourceGroups/rgcomv00200/providers/Microsoft.Compute/virtualMachines/vm132047d?api-version=2018-04-01",
      "EncodedRequestUri": "L3N1YnNjcmlwdGlvbnMvMGIxZjY0NzEtMWJmMC00ZGRhLWFlYzMtY2I5MjcyZjA5NTkwL3Jlc291cmNlR3JvdXBzL3JnY29tdjAwMjAwL3Byb3ZpZGVycy9NaWNyb3NvZnQuQ29tcHV0ZS92aXJ0dWFsTWFjaGluZXMvdm0xMzIwNDdkP2FwaS12ZXJzaW9uPTIwMTgtMDQtMDE=",
      "RequestMethod": "GET",
      "RequestBody": "",
      "RequestHeaders": {
        "User-Agent": [
          "FxVersion/4.6.25211.01",
          "Microsoft.Azure.Management.Compute.Fluent.ComputeManagementClient/1.11.1.0",
          "MacAddressHash/cc0dc995bd7689190d87305dca6418746f27065181fa649f43731fb8fc5f1b10"
        ]
      },
      "ResponseBody": "{\r\n  \"properties\": {\r\n    \"vmId\": \"2f4f6d85-4df3-4d52-a0d4-8690eb45f366\",\r\n    \"hardwareProfile\": {\r\n      \"vmSize\": \"Standard_D3_v2\"\r\n    },\r\n    \"storageProfile\": {\r\n      \"imageReference\": {\r\n        \"publisher\": \"Canonical\",\r\n        \"offer\": \"UbuntuServer\",\r\n        \"sku\": \"16.04.0-LTS\",\r\n        \"version\": \"latest\"\r\n      },\r\n      \"osDisk\": {\r\n        \"osType\": \"Linux\",\r\n        \"name\": \"vm132047d-os-disk\",\r\n        \"createOption\": \"FromImage\",\r\n        \"vhd\": {\r\n          \"uri\": \"https://stgvm132047d0b29959749.blob.core.windows.net/vhds/vm132047d-os-disk-6bf5ced1-7c34-4dce-9a90-c960c2db0272.Vhd\"\r\n        },\r\n        \"caching\": \"ReadWrite\",\r\n        \"diskSizeGB\": 30\r\n      },\r\n      \"dataDisks\": []\r\n    },\r\n    \"osProfile\": {\r\n      \"computerName\": \"vm132047d\",\r\n      \"adminUsername\": \"tirekicker\",\r\n      \"linuxConfiguration\": {\r\n        \"disablePasswordAuthentication\": false\r\n      },\r\n      \"secrets\": []\r\n    },\r\n    \"networkProfile\": {\r\n      \"networkInterfaces\": [\r\n        {\r\n          \"id\": \"/subscriptions/0b1f6471-1bf0-4dda-aec3-cb9272f09590/resourceGroups/rgcomv00200/providers/Microsoft.Network/networkInterfaces/nicvm132047d0b271572\",\r\n          \"properties\": {\r\n            \"primary\": true\r\n          }\r\n        }\r\n      ]\r\n    },\r\n    \"provisioningState\": \"Succeeded\"\r\n  },\r\n  \"type\": \"Microsoft.Compute/virtualMachines\",\r\n  \"location\": \"westus\",\r\n  \"tags\": {},\r\n  \"id\": \"/subscriptions/0b1f6471-1bf0-4dda-aec3-cb9272f09590/resourceGroups/rgcomv00200/providers/Microsoft.Compute/virtualMachines/vm132047d\",\r\n  \"name\": \"vm132047d\"\r\n}",
      "ResponseHeaders": {
        "Content-Type": [
          "application/json; charset=utf-8"
        ],
        "Expires": [
          "-1"
        ],
        "Cache-Control": [
          "no-cache"
        ],
        "Date": [
          "Fri, 20 Jul 2018 00:02:35 GMT"
        ],
        "Pragma": [
          "no-cache"
        ],
        "Transfer-Encoding": [
          "chunked"
        ],
        "Server": [
          "Microsoft-HTTPAPI/2.0",
          "Microsoft-HTTPAPI/2.0"
        ],
        "Vary": [
          "Accept-Encoding"
        ],
        "x-ms-ratelimit-remaining-resource": [
          "Microsoft.Compute/LowCostGet3Min;4191,Microsoft.Compute/LowCostGet30Min;33568"
        ],
        "Strict-Transport-Security": [
          "max-age=31536000; includeSubDomains"
        ],
        "x-ms-served-by": [
          "571046f6-b640-41c1-86f7-f9f044b5adf9_131751581145050469"
        ],
        "x-ms-request-id": [
          "3f4f45e6-bdc1-4ad5-8882-facd9a079ec6"
        ],
        "x-ms-ratelimit-remaining-subscription-reads": [
          "14993"
        ],
        "x-ms-correlation-request-id": [
          "8b3c6427-30c8-47e5-9231-f495eb679167"
        ],
        "x-ms-routing-request-id": [
          "WESTUS2:20180720T000236Z:8b3c6427-30c8-47e5-9231-f495eb679167"
        ],
        "X-Content-Type-Options": [
          "nosniff"
        ]
      },
      "StatusCode": 200
    },
    {
      "RequestUri": "/subscriptions/0b1f6471-1bf0-4dda-aec3-cb9272f09590/resourceGroups/rgcomv00200/providers/Microsoft.Compute/virtualMachines/vm132047d?api-version=2018-04-01",
      "EncodedRequestUri": "L3N1YnNjcmlwdGlvbnMvMGIxZjY0NzEtMWJmMC00ZGRhLWFlYzMtY2I5MjcyZjA5NTkwL3Jlc291cmNlR3JvdXBzL3JnY29tdjAwMjAwL3Byb3ZpZGVycy9NaWNyb3NvZnQuQ29tcHV0ZS92aXJ0dWFsTWFjaGluZXMvdm0xMzIwNDdkP2FwaS12ZXJzaW9uPTIwMTgtMDQtMDE=",
      "RequestMethod": "GET",
      "RequestBody": "",
      "RequestHeaders": {
        "x-ms-client-request-id": [
          "0261b4b4-34af-4c54-9054-55aa6c979a17"
        ],
        "accept-language": [
          "en-US"
        ],
        "User-Agent": [
          "FxVersion/4.6.25211.01",
          "Microsoft.Azure.Management.Compute.Fluent.ComputeManagementClient/1.11.1.0",
          "MacAddressHash/cc0dc995bd7689190d87305dca6418746f27065181fa649f43731fb8fc5f1b10"
        ]
      },
      "ResponseBody": "{\r\n  \"properties\": {\r\n    \"vmId\": \"2f4f6d85-4df3-4d52-a0d4-8690eb45f366\",\r\n    \"hardwareProfile\": {\r\n      \"vmSize\": \"Standard_D3_v2\"\r\n    },\r\n    \"storageProfile\": {\r\n      \"imageReference\": {\r\n        \"publisher\": \"Canonical\",\r\n        \"offer\": \"UbuntuServer\",\r\n        \"sku\": \"16.04.0-LTS\",\r\n        \"version\": \"latest\"\r\n      },\r\n      \"osDisk\": {\r\n        \"osType\": \"Linux\",\r\n        \"name\": \"vm132047d-os-disk\",\r\n        \"createOption\": \"FromImage\",\r\n        \"vhd\": {\r\n          \"uri\": \"https://stgvm132047d0b29959749.blob.core.windows.net/vhds/vm132047d-os-disk-6bf5ced1-7c34-4dce-9a90-c960c2db0272.Vhd\"\r\n        },\r\n        \"caching\": \"ReadWrite\",\r\n        \"diskSizeGB\": 30\r\n      },\r\n      \"dataDisks\": []\r\n    },\r\n    \"osProfile\": {\r\n      \"computerName\": \"vm132047d\",\r\n      \"adminUsername\": \"tirekicker\",\r\n      \"linuxConfiguration\": {\r\n        \"disablePasswordAuthentication\": false\r\n      },\r\n      \"secrets\": []\r\n    },\r\n    \"networkProfile\": {\r\n      \"networkInterfaces\": [\r\n        {\r\n          \"id\": \"/subscriptions/0b1f6471-1bf0-4dda-aec3-cb9272f09590/resourceGroups/rgcomv00200/providers/Microsoft.Network/networkInterfaces/nicvm132047d0b271572\",\r\n          \"properties\": {\r\n            \"primary\": true\r\n          }\r\n        }\r\n      ]\r\n    },\r\n    \"provisioningState\": \"Succeeded\"\r\n  },\r\n  \"resources\": [\r\n    {\r\n      \"properties\": {\r\n        \"autoUpgradeMinorVersion\": true,\r\n        \"settings\": {\r\n          \"fileUris\": [\r\n            \"https://raw.githubusercontent.com/Azure/azure-libraries-for-net/master/Samples/Asset/install_apache.sh\"\r\n          ],\r\n          \"commandToExecute\": \"bash install_apache.sh\"\r\n        },\r\n        \"provisioningState\": \"Succeeded\",\r\n        \"publisher\": \"Microsoft.OSTCExtensions\",\r\n        \"type\": \"CustomScriptForLinux\",\r\n        \"typeHandlerVersion\": \"1.4\"\r\n      },\r\n      \"type\": \"Microsoft.Compute/virtualMachines/extensions\",\r\n      \"location\": \"westus\",\r\n      \"id\": \"/subscriptions/0b1f6471-1bf0-4dda-aec3-cb9272f09590/resourceGroups/rgcomv00200/providers/Microsoft.Compute/virtualMachines/vm132047d/extensions/CustomScriptForLinux\",\r\n      \"name\": \"CustomScriptForLinux\"\r\n    }\r\n  ],\r\n  \"type\": \"Microsoft.Compute/virtualMachines\",\r\n  \"location\": \"westus\",\r\n  \"tags\": {},\r\n  \"id\": \"/subscriptions/0b1f6471-1bf0-4dda-aec3-cb9272f09590/resourceGroups/rgcomv00200/providers/Microsoft.Compute/virtualMachines/vm132047d\",\r\n  \"name\": \"vm132047d\"\r\n}",
      "ResponseHeaders": {
        "Content-Type": [
          "application/json; charset=utf-8"
        ],
        "Expires": [
          "-1"
        ],
        "Cache-Control": [
          "no-cache"
        ],
        "Date": [
          "Fri, 20 Jul 2018 00:04:07 GMT"
        ],
        "Pragma": [
          "no-cache"
        ],
        "Transfer-Encoding": [
          "chunked"
        ],
        "Server": [
          "Microsoft-HTTPAPI/2.0",
          "Microsoft-HTTPAPI/2.0"
        ],
        "Vary": [
          "Accept-Encoding"
        ],
        "x-ms-ratelimit-remaining-resource": [
          "Microsoft.Compute/LowCostGet3Min;4185,Microsoft.Compute/LowCostGet30Min;33557"
        ],
        "Strict-Transport-Security": [
          "max-age=31536000; includeSubDomains"
        ],
        "x-ms-served-by": [
          "571046f6-b640-41c1-86f7-f9f044b5adf9_131751581145050469"
        ],
        "x-ms-request-id": [
          "967a59fc-47d0-47d8-84bc-ff1d37317b0f"
        ],
        "x-ms-ratelimit-remaining-subscription-reads": [
          "14988"
        ],
        "x-ms-correlation-request-id": [
          "611675e4-c65f-4c88-ac67-db488b44ed4a"
        ],
        "x-ms-routing-request-id": [
          "WESTUS2:20180720T000407Z:611675e4-c65f-4c88-ac67-db488b44ed4a"
        ],
        "X-Content-Type-Options": [
          "nosniff"
        ]
      },
      "StatusCode": 200
    },
    {
      "RequestUri": "/subscriptions/0b1f6471-1bf0-4dda-aec3-cb9272f09590/resourceGroups/rgcomv00200/providers/Microsoft.Compute/virtualMachines/vm132047d?api-version=2018-04-01",
      "EncodedRequestUri": "L3N1YnNjcmlwdGlvbnMvMGIxZjY0NzEtMWJmMC00ZGRhLWFlYzMtY2I5MjcyZjA5NTkwL3Jlc291cmNlR3JvdXBzL3JnY29tdjAwMjAwL3Byb3ZpZGVycy9NaWNyb3NvZnQuQ29tcHV0ZS92aXJ0dWFsTWFjaGluZXMvdm0xMzIwNDdkP2FwaS12ZXJzaW9uPTIwMTgtMDQtMDE=",
      "RequestMethod": "GET",
      "RequestBody": "",
      "RequestHeaders": {
        "x-ms-client-request-id": [
          "21f6cf3a-21aa-4736-b637-1d35a7b91ced"
        ],
        "accept-language": [
          "en-US"
        ],
        "User-Agent": [
          "FxVersion/4.6.25211.01",
          "Microsoft.Azure.Management.Compute.Fluent.ComputeManagementClient/1.11.1.0",
          "MacAddressHash/cc0dc995bd7689190d87305dca6418746f27065181fa649f43731fb8fc5f1b10"
        ]
      },
      "ResponseBody": "{\r\n  \"properties\": {\r\n    \"vmId\": \"2f4f6d85-4df3-4d52-a0d4-8690eb45f366\",\r\n    \"hardwareProfile\": {\r\n      \"vmSize\": \"Standard_D3_v2\"\r\n    },\r\n    \"storageProfile\": {\r\n      \"imageReference\": {\r\n        \"publisher\": \"Canonical\",\r\n        \"offer\": \"UbuntuServer\",\r\n        \"sku\": \"16.04.0-LTS\",\r\n        \"version\": \"latest\"\r\n      },\r\n      \"osDisk\": {\r\n        \"osType\": \"Linux\",\r\n        \"name\": \"vm132047d-os-disk\",\r\n        \"createOption\": \"FromImage\",\r\n        \"vhd\": {\r\n          \"uri\": \"https://stgvm132047d0b29959749.blob.core.windows.net/vhds/vm132047d-os-disk-6bf5ced1-7c34-4dce-9a90-c960c2db0272.Vhd\"\r\n        },\r\n        \"caching\": \"ReadWrite\",\r\n        \"diskSizeGB\": 30\r\n      },\r\n      \"dataDisks\": []\r\n    },\r\n    \"osProfile\": {\r\n      \"computerName\": \"vm132047d\",\r\n      \"adminUsername\": \"tirekicker\",\r\n      \"linuxConfiguration\": {\r\n        \"disablePasswordAuthentication\": false\r\n      },\r\n      \"secrets\": []\r\n    },\r\n    \"networkProfile\": {\r\n      \"networkInterfaces\": [\r\n        {\r\n          \"id\": \"/subscriptions/0b1f6471-1bf0-4dda-aec3-cb9272f09590/resourceGroups/rgcomv00200/providers/Microsoft.Network/networkInterfaces/nicvm132047d0b271572\",\r\n          \"properties\": {\r\n            \"primary\": true\r\n          }\r\n        }\r\n      ]\r\n    },\r\n    \"provisioningState\": \"Succeeded\"\r\n  },\r\n  \"resources\": [\r\n    {\r\n      \"properties\": {\r\n        \"autoUpgradeMinorVersion\": true,\r\n        \"settings\": {\r\n          \"fileUris\": [\r\n            \"https://raw.githubusercontent.com/Azure/azure-libraries-for-net/master/Samples/Asset/install_apache.sh\"\r\n          ],\r\n          \"commandToExecute\": \"bash install_apache.sh\"\r\n        },\r\n        \"provisioningState\": \"Succeeded\",\r\n        \"publisher\": \"Microsoft.OSTCExtensions\",\r\n        \"type\": \"CustomScriptForLinux\",\r\n        \"typeHandlerVersion\": \"1.4\"\r\n      },\r\n      \"type\": \"Microsoft.Compute/virtualMachines/extensions\",\r\n      \"location\": \"westus\",\r\n      \"id\": \"/subscriptions/0b1f6471-1bf0-4dda-aec3-cb9272f09590/resourceGroups/rgcomv00200/providers/Microsoft.Compute/virtualMachines/vm132047d/extensions/CustomScriptForLinux\",\r\n      \"name\": \"CustomScriptForLinux\"\r\n    }\r\n  ],\r\n  \"type\": \"Microsoft.Compute/virtualMachines\",\r\n  \"location\": \"westus\",\r\n  \"tags\": {},\r\n  \"id\": \"/subscriptions/0b1f6471-1bf0-4dda-aec3-cb9272f09590/resourceGroups/rgcomv00200/providers/Microsoft.Compute/virtualMachines/vm132047d\",\r\n  \"name\": \"vm132047d\"\r\n}",
      "ResponseHeaders": {
        "Content-Type": [
          "application/json; charset=utf-8"
        ],
        "Expires": [
          "-1"
        ],
        "Cache-Control": [
          "no-cache"
        ],
        "Date": [
          "Fri, 20 Jul 2018 00:06:08 GMT"
        ],
        "Pragma": [
          "no-cache"
        ],
        "Transfer-Encoding": [
          "chunked"
        ],
        "Server": [
          "Microsoft-HTTPAPI/2.0",
          "Microsoft-HTTPAPI/2.0"
        ],
        "Vary": [
          "Accept-Encoding"
        ],
        "x-ms-ratelimit-remaining-resource": [
          "Microsoft.Compute/LowCostGet3Min;4188,Microsoft.Compute/LowCostGet30Min;33561"
        ],
        "Strict-Transport-Security": [
          "max-age=31536000; includeSubDomains"
        ],
        "x-ms-served-by": [
          "571046f6-b640-41c1-86f7-f9f044b5adf9_131751581145050469"
        ],
        "x-ms-request-id": [
          "17b74e1c-936f-4b51-8a3f-4a5b35e1a38c"
        ],
        "x-ms-ratelimit-remaining-subscription-reads": [
          "14981"
        ],
        "x-ms-correlation-request-id": [
          "9c9b27c4-08b1-437b-8812-68d91aa04902"
        ],
        "x-ms-routing-request-id": [
          "WESTUS2:20180720T000608Z:9c9b27c4-08b1-437b-8812-68d91aa04902"
        ],
        "X-Content-Type-Options": [
          "nosniff"
        ]
      },
      "StatusCode": 200
    },
    {
      "RequestUri": "/subscriptions/0b1f6471-1bf0-4dda-aec3-cb9272f09590/resourceGroups/rgcomv00200/providers/Microsoft.Compute/virtualMachines/vm132047d/extensions/CustomScriptForLinux?api-version=2018-04-01",
      "EncodedRequestUri": "L3N1YnNjcmlwdGlvbnMvMGIxZjY0NzEtMWJmMC00ZGRhLWFlYzMtY2I5MjcyZjA5NTkwL3Jlc291cmNlR3JvdXBzL3JnY29tdjAwMjAwL3Byb3ZpZGVycy9NaWNyb3NvZnQuQ29tcHV0ZS92aXJ0dWFsTWFjaGluZXMvdm0xMzIwNDdkL2V4dGVuc2lvbnMvQ3VzdG9tU2NyaXB0Rm9yTGludXg/YXBpLXZlcnNpb249MjAxOC0wNC0wMQ==",
      "RequestMethod": "PUT",
      "RequestBody": "{\r\n  \"properties\": {\r\n    \"publisher\": \"Microsoft.OSTCExtensions\",\r\n    \"type\": \"CustomScriptForLinux\",\r\n    \"typeHandlerVersion\": \"1.4\",\r\n    \"autoUpgradeMinorVersion\": true,\r\n    \"settings\": {\r\n      \"fileUris\": [\r\n        \"https://raw.githubusercontent.com/Azure/azure-libraries-for-net/master/Samples/Asset/install_apache.sh\"\r\n      ],\r\n      \"commandToExecute\": \"bash install_apache.sh\"\r\n    }\r\n  },\r\n  \"location\": \"westus\"\r\n}",
      "RequestHeaders": {
        "Content-Type": [
          "application/json; charset=utf-8"
        ],
        "Content-Length": [
          "431"
        ],
        "x-ms-client-request-id": [
          "5c38aefb-a72f-4284-9baf-85bc46db0990"
        ],
        "accept-language": [
          "en-US"
        ],
        "User-Agent": [
          "FxVersion/4.6.25211.01",
          "Microsoft.Azure.Management.Compute.Fluent.ComputeManagementClient/1.11.1.0",
          "MacAddressHash/cc0dc995bd7689190d87305dca6418746f27065181fa649f43731fb8fc5f1b10"
        ]
      },
      "ResponseBody": "{\r\n  \"properties\": {\r\n    \"autoUpgradeMinorVersion\": true,\r\n    \"settings\": {\r\n      \"fileUris\": [\r\n        \"https://raw.githubusercontent.com/Azure/azure-libraries-for-net/master/Samples/Asset/install_apache.sh\"\r\n      ],\r\n      \"commandToExecute\": \"bash install_apache.sh\"\r\n    },\r\n    \"provisioningState\": \"Creating\",\r\n    \"publisher\": \"Microsoft.OSTCExtensions\",\r\n    \"type\": \"CustomScriptForLinux\",\r\n    \"typeHandlerVersion\": \"1.4\"\r\n  },\r\n  \"type\": \"Microsoft.Compute/virtualMachines/extensions\",\r\n  \"location\": \"westus\",\r\n  \"id\": \"/subscriptions/0b1f6471-1bf0-4dda-aec3-cb9272f09590/resourceGroups/rgcomv00200/providers/Microsoft.Compute/virtualMachines/vm132047d/extensions/CustomScriptForLinux\",\r\n  \"name\": \"CustomScriptForLinux\"\r\n}",
      "ResponseHeaders": {
        "Content-Length": [
          "698"
        ],
        "Content-Type": [
          "application/json; charset=utf-8"
        ],
        "Expires": [
          "-1"
        ],
        "Cache-Control": [
          "no-cache"
        ],
        "Date": [
          "Fri, 20 Jul 2018 00:02:36 GMT"
        ],
        "Pragma": [
          "no-cache"
        ],
        "Server": [
          "Microsoft-HTTPAPI/2.0",
          "Microsoft-HTTPAPI/2.0"
        ],
        "Azure-AsyncOperation": [
          "https://management.azure.com/subscriptions/0b1f6471-1bf0-4dda-aec3-cb9272f09590/providers/Microsoft.Compute/locations/westus/operations/0ded5774-eeb9-4c57-ba55-9cc69204b464?api-version=2018-04-01"
        ],
        "x-ms-ratelimit-remaining-resource": [
          "Microsoft.Compute/UpdateVM3Min;239,Microsoft.Compute/UpdateVM30Min;1196"
        ],
        "Strict-Transport-Security": [
          "max-age=31536000; includeSubDomains"
        ],
        "x-ms-served-by": [
          "571046f6-b640-41c1-86f7-f9f044b5adf9_131751581145050469"
        ],
        "x-ms-request-id": [
          "0ded5774-eeb9-4c57-ba55-9cc69204b464"
        ],
        "x-ms-ratelimit-remaining-subscription-writes": [
          "1197"
        ],
        "x-ms-correlation-request-id": [
          "d4e613ee-0ccb-4137-bd77-e79bc36af420"
        ],
        "x-ms-routing-request-id": [
          "WESTUS2:20180720T000237Z:d4e613ee-0ccb-4137-bd77-e79bc36af420"
        ],
        "X-Content-Type-Options": [
          "nosniff"
        ]
      },
      "StatusCode": 201
    },
    {
      "RequestUri": "/subscriptions/0b1f6471-1bf0-4dda-aec3-cb9272f09590/providers/Microsoft.Compute/locations/westus/operations/0ded5774-eeb9-4c57-ba55-9cc69204b464?api-version=2018-04-01",
      "EncodedRequestUri": "L3N1YnNjcmlwdGlvbnMvMGIxZjY0NzEtMWJmMC00ZGRhLWFlYzMtY2I5MjcyZjA5NTkwL3Byb3ZpZGVycy9NaWNyb3NvZnQuQ29tcHV0ZS9sb2NhdGlvbnMvd2VzdHVzL29wZXJhdGlvbnMvMGRlZDU3NzQtZWViOS00YzU3LWJhNTUtOWNjNjkyMDRiNDY0P2FwaS12ZXJzaW9uPTIwMTgtMDQtMDE=",
      "RequestMethod": "GET",
      "RequestBody": "",
      "RequestHeaders": {
        "User-Agent": [
          "FxVersion/4.6.25211.01",
          "Microsoft.Azure.Management.Compute.Fluent.ComputeManagementClient/1.11.1.0",
          "MacAddressHash/cc0dc995bd7689190d87305dca6418746f27065181fa649f43731fb8fc5f1b10"
        ]
      },
      "ResponseBody": "{\r\n  \"startTime\": \"2018-07-19T17:02:37.3761275-07:00\",\r\n  \"status\": \"InProgress\",\r\n  \"name\": \"0ded5774-eeb9-4c57-ba55-9cc69204b464\"\r\n}",
      "ResponseHeaders": {
        "Content-Type": [
          "application/json; charset=utf-8"
        ],
        "Expires": [
          "-1"
        ],
        "Cache-Control": [
          "no-cache"
        ],
        "Date": [
          "Fri, 20 Jul 2018 00:03:07 GMT"
        ],
        "Pragma": [
          "no-cache"
        ],
        "Transfer-Encoding": [
          "chunked"
        ],
        "Server": [
          "Microsoft-HTTPAPI/2.0",
          "Microsoft-HTTPAPI/2.0"
        ],
        "Vary": [
          "Accept-Encoding"
        ],
        "x-ms-ratelimit-remaining-resource": [
          "Microsoft.Compute/GetOperation3Min;14979,Microsoft.Compute/GetOperation30Min;29929"
        ],
        "Strict-Transport-Security": [
          "max-age=31536000; includeSubDomains"
        ],
        "x-ms-served-by": [
          "571046f6-b640-41c1-86f7-f9f044b5adf9_131751581145050469"
        ],
        "x-ms-request-id": [
          "5068c13e-2994-4c87-8252-d74b3cc690eb"
        ],
        "x-ms-ratelimit-remaining-subscription-reads": [
          "14992"
        ],
        "x-ms-correlation-request-id": [
          "a2fd914b-d8f3-4689-8675-56c053efdfc9"
        ],
        "x-ms-routing-request-id": [
          "WESTUS2:20180720T000307Z:a2fd914b-d8f3-4689-8675-56c053efdfc9"
        ],
        "X-Content-Type-Options": [
          "nosniff"
        ]
      },
      "StatusCode": 200
    },
    {
      "RequestUri": "/subscriptions/0b1f6471-1bf0-4dda-aec3-cb9272f09590/providers/Microsoft.Compute/locations/westus/operations/0ded5774-eeb9-4c57-ba55-9cc69204b464?api-version=2018-04-01",
      "EncodedRequestUri": "L3N1YnNjcmlwdGlvbnMvMGIxZjY0NzEtMWJmMC00ZGRhLWFlYzMtY2I5MjcyZjA5NTkwL3Byb3ZpZGVycy9NaWNyb3NvZnQuQ29tcHV0ZS9sb2NhdGlvbnMvd2VzdHVzL29wZXJhdGlvbnMvMGRlZDU3NzQtZWViOS00YzU3LWJhNTUtOWNjNjkyMDRiNDY0P2FwaS12ZXJzaW9uPTIwMTgtMDQtMDE=",
      "RequestMethod": "GET",
      "RequestBody": "",
      "RequestHeaders": {
        "User-Agent": [
          "FxVersion/4.6.25211.01",
          "Microsoft.Azure.Management.Compute.Fluent.ComputeManagementClient/1.11.1.0",
          "MacAddressHash/cc0dc995bd7689190d87305dca6418746f27065181fa649f43731fb8fc5f1b10"
        ]
      },
      "ResponseBody": "{\r\n  \"startTime\": \"2018-07-19T17:02:37.3761275-07:00\",\r\n  \"status\": \"InProgress\",\r\n  \"name\": \"0ded5774-eeb9-4c57-ba55-9cc69204b464\"\r\n}",
      "ResponseHeaders": {
        "Content-Type": [
          "application/json; charset=utf-8"
        ],
        "Expires": [
          "-1"
        ],
        "Cache-Control": [
          "no-cache"
        ],
        "Date": [
          "Fri, 20 Jul 2018 00:03:37 GMT"
        ],
        "Pragma": [
          "no-cache"
        ],
        "Transfer-Encoding": [
          "chunked"
        ],
        "Server": [
          "Microsoft-HTTPAPI/2.0",
          "Microsoft-HTTPAPI/2.0"
        ],
        "Vary": [
          "Accept-Encoding"
        ],
        "x-ms-ratelimit-remaining-resource": [
          "Microsoft.Compute/GetOperation3Min;14976,Microsoft.Compute/GetOperation30Min;29922"
        ],
        "Strict-Transport-Security": [
          "max-age=31536000; includeSubDomains"
        ],
        "x-ms-served-by": [
          "571046f6-b640-41c1-86f7-f9f044b5adf9_131751581145050469"
        ],
        "x-ms-request-id": [
          "e80b1e87-9d68-496d-a581-c7bf84dd85d6"
        ],
        "x-ms-ratelimit-remaining-subscription-reads": [
          "14991"
        ],
        "x-ms-correlation-request-id": [
          "9aff45c3-b0ca-42a5-a3ed-2caa00f893f2"
        ],
        "x-ms-routing-request-id": [
          "WESTUS2:20180720T000337Z:9aff45c3-b0ca-42a5-a3ed-2caa00f893f2"
        ],
        "X-Content-Type-Options": [
          "nosniff"
        ]
      },
      "StatusCode": 200
    },
    {
      "RequestUri": "/subscriptions/0b1f6471-1bf0-4dda-aec3-cb9272f09590/providers/Microsoft.Compute/locations/westus/operations/0ded5774-eeb9-4c57-ba55-9cc69204b464?api-version=2018-04-01",
      "EncodedRequestUri": "L3N1YnNjcmlwdGlvbnMvMGIxZjY0NzEtMWJmMC00ZGRhLWFlYzMtY2I5MjcyZjA5NTkwL3Byb3ZpZGVycy9NaWNyb3NvZnQuQ29tcHV0ZS9sb2NhdGlvbnMvd2VzdHVzL29wZXJhdGlvbnMvMGRlZDU3NzQtZWViOS00YzU3LWJhNTUtOWNjNjkyMDRiNDY0P2FwaS12ZXJzaW9uPTIwMTgtMDQtMDE=",
      "RequestMethod": "GET",
      "RequestBody": "",
      "RequestHeaders": {
        "User-Agent": [
          "FxVersion/4.6.25211.01",
          "Microsoft.Azure.Management.Compute.Fluent.ComputeManagementClient/1.11.1.0",
          "MacAddressHash/cc0dc995bd7689190d87305dca6418746f27065181fa649f43731fb8fc5f1b10"
        ]
      },
      "ResponseBody": "{\r\n  \"startTime\": \"2018-07-19T17:02:37.3761275-07:00\",\r\n  \"endTime\": \"2018-07-19T17:03:51.126308-07:00\",\r\n  \"status\": \"Succeeded\",\r\n  \"name\": \"0ded5774-eeb9-4c57-ba55-9cc69204b464\"\r\n}",
      "ResponseHeaders": {
        "Content-Type": [
          "application/json; charset=utf-8"
        ],
        "Expires": [
          "-1"
        ],
        "Cache-Control": [
          "no-cache"
        ],
        "Date": [
          "Fri, 20 Jul 2018 00:04:07 GMT"
        ],
        "Pragma": [
          "no-cache"
        ],
        "Transfer-Encoding": [
          "chunked"
        ],
        "Server": [
          "Microsoft-HTTPAPI/2.0",
          "Microsoft-HTTPAPI/2.0"
        ],
        "Vary": [
          "Accept-Encoding"
        ],
        "x-ms-ratelimit-remaining-resource": [
          "Microsoft.Compute/GetOperation3Min;14975,Microsoft.Compute/GetOperation30Min;29917"
        ],
        "Strict-Transport-Security": [
          "max-age=31536000; includeSubDomains"
        ],
        "x-ms-served-by": [
          "571046f6-b640-41c1-86f7-f9f044b5adf9_131751581145050469"
        ],
        "x-ms-request-id": [
          "0d9816ee-6162-4d2c-856e-073307adfb49"
        ],
        "x-ms-ratelimit-remaining-subscription-reads": [
          "14990"
        ],
        "x-ms-correlation-request-id": [
          "5b8d4fb6-e1b7-4ef3-827e-b9d29776eda0"
        ],
        "x-ms-routing-request-id": [
          "WESTUS2:20180720T000407Z:5b8d4fb6-e1b7-4ef3-827e-b9d29776eda0"
        ],
        "X-Content-Type-Options": [
          "nosniff"
        ]
      },
      "StatusCode": 200
    },
    {
      "RequestUri": "/subscriptions/0b1f6471-1bf0-4dda-aec3-cb9272f09590/resourceGroups/rgcomv00200/providers/Microsoft.Compute/virtualMachines/vm132047d/extensions/CustomScriptForLinux?api-version=2018-04-01",
      "EncodedRequestUri": "L3N1YnNjcmlwdGlvbnMvMGIxZjY0NzEtMWJmMC00ZGRhLWFlYzMtY2I5MjcyZjA5NTkwL3Jlc291cmNlR3JvdXBzL3JnY29tdjAwMjAwL3Byb3ZpZGVycy9NaWNyb3NvZnQuQ29tcHV0ZS92aXJ0dWFsTWFjaGluZXMvdm0xMzIwNDdkL2V4dGVuc2lvbnMvQ3VzdG9tU2NyaXB0Rm9yTGludXg/YXBpLXZlcnNpb249MjAxOC0wNC0wMQ==",
      "RequestMethod": "GET",
      "RequestBody": "",
      "RequestHeaders": {
        "User-Agent": [
          "FxVersion/4.6.25211.01",
          "Microsoft.Azure.Management.Compute.Fluent.ComputeManagementClient/1.11.1.0",
          "MacAddressHash/cc0dc995bd7689190d87305dca6418746f27065181fa649f43731fb8fc5f1b10"
        ]
      },
      "ResponseBody": "{\r\n  \"properties\": {\r\n    \"autoUpgradeMinorVersion\": true,\r\n    \"settings\": {\r\n      \"fileUris\": [\r\n        \"https://raw.githubusercontent.com/Azure/azure-libraries-for-net/master/Samples/Asset/install_apache.sh\"\r\n      ],\r\n      \"commandToExecute\": \"bash install_apache.sh\"\r\n    },\r\n    \"provisioningState\": \"Succeeded\",\r\n    \"publisher\": \"Microsoft.OSTCExtensions\",\r\n    \"type\": \"CustomScriptForLinux\",\r\n    \"typeHandlerVersion\": \"1.4\"\r\n  },\r\n  \"type\": \"Microsoft.Compute/virtualMachines/extensions\",\r\n  \"location\": \"westus\",\r\n  \"id\": \"/subscriptions/0b1f6471-1bf0-4dda-aec3-cb9272f09590/resourceGroups/rgcomv00200/providers/Microsoft.Compute/virtualMachines/vm132047d/extensions/CustomScriptForLinux\",\r\n  \"name\": \"CustomScriptForLinux\"\r\n}",
      "ResponseHeaders": {
        "Content-Type": [
          "application/json; charset=utf-8"
        ],
        "Expires": [
          "-1"
        ],
        "Cache-Control": [
          "no-cache"
        ],
        "Date": [
          "Fri, 20 Jul 2018 00:04:07 GMT"
        ],
        "Pragma": [
          "no-cache"
        ],
        "Transfer-Encoding": [
          "chunked"
        ],
        "Server": [
          "Microsoft-HTTPAPI/2.0",
          "Microsoft-HTTPAPI/2.0"
        ],
        "Vary": [
          "Accept-Encoding"
        ],
        "x-ms-ratelimit-remaining-resource": [
          "Microsoft.Compute/LowCostGet3Min;4186,Microsoft.Compute/LowCostGet30Min;33558"
        ],
        "Strict-Transport-Security": [
          "max-age=31536000; includeSubDomains"
        ],
        "x-ms-served-by": [
          "571046f6-b640-41c1-86f7-f9f044b5adf9_131751581145050469"
        ],
        "x-ms-request-id": [
          "26d710a3-308e-4aed-93f6-113b4346126f"
        ],
        "x-ms-ratelimit-remaining-subscription-reads": [
          "14989"
        ],
        "x-ms-correlation-request-id": [
          "2ef048e4-5ae9-468a-a33f-edbdba82baa6"
        ],
        "x-ms-routing-request-id": [
          "WESTUS2:20180720T000407Z:2ef048e4-5ae9-468a-a33f-edbdba82baa6"
        ],
        "X-Content-Type-Options": [
          "nosniff"
        ]
      },
      "StatusCode": 200
    },
    {
      "RequestUri": "/subscriptions/0b1f6471-1bf0-4dda-aec3-cb9272f09590/resourceGroups/rgcomv00200/providers/Microsoft.Compute/virtualMachines/vm132047d/deallocate?api-version=2018-04-01",
      "EncodedRequestUri": "L3N1YnNjcmlwdGlvbnMvMGIxZjY0NzEtMWJmMC00ZGRhLWFlYzMtY2I5MjcyZjA5NTkwL3Jlc291cmNlR3JvdXBzL3JnY29tdjAwMjAwL3Byb3ZpZGVycy9NaWNyb3NvZnQuQ29tcHV0ZS92aXJ0dWFsTWFjaGluZXMvdm0xMzIwNDdkL2RlYWxsb2NhdGU/YXBpLXZlcnNpb249MjAxOC0wNC0wMQ==",
      "RequestMethod": "POST",
      "RequestBody": "",
      "RequestHeaders": {
        "x-ms-client-request-id": [
          "c4ed8a70-08d9-49b0-a6f6-0598e9fc6ffc"
        ],
        "accept-language": [
          "en-US"
        ],
        "User-Agent": [
          "FxVersion/4.6.25211.01",
          "Microsoft.Azure.Management.Compute.Fluent.ComputeManagementClient/1.11.1.0",
          "MacAddressHash/cc0dc995bd7689190d87305dca6418746f27065181fa649f43731fb8fc5f1b10"
        ]
      },
      "ResponseBody": "",
      "ResponseHeaders": {
        "Content-Length": [
          "0"
        ],
        "Expires": [
          "-1"
        ],
        "Cache-Control": [
          "no-cache"
        ],
        "Date": [
          "Fri, 20 Jul 2018 00:04:09 GMT"
        ],
        "Pragma": [
          "no-cache"
        ],
        "Location": [
          "https://management.azure.com/subscriptions/0b1f6471-1bf0-4dda-aec3-cb9272f09590/providers/Microsoft.Compute/locations/westus/operations/bb0f2eaf-bd18-409e-9b12-b147097c8c47?monitor=true&api-version=2018-04-01"
        ],
        "Retry-After": [
          "10"
        ],
        "Server": [
          "Microsoft-HTTPAPI/2.0",
          "Microsoft-HTTPAPI/2.0"
        ],
        "Azure-AsyncOperation": [
          "https://management.azure.com/subscriptions/0b1f6471-1bf0-4dda-aec3-cb9272f09590/providers/Microsoft.Compute/locations/westus/operations/bb0f2eaf-bd18-409e-9b12-b147097c8c47?api-version=2018-04-01"
        ],
        "x-ms-ratelimit-remaining-resource": [
          "Microsoft.Compute/DeleteVM3Min;239,Microsoft.Compute/DeleteVM30Min;1196"
        ],
        "Strict-Transport-Security": [
          "max-age=31536000; includeSubDomains"
        ],
        "x-ms-served-by": [
          "571046f6-b640-41c1-86f7-f9f044b5adf9_131751581145050469"
        ],
        "x-ms-request-id": [
          "bb0f2eaf-bd18-409e-9b12-b147097c8c47"
        ],
        "x-ms-ratelimit-remaining-subscription-writes": [
          "1196"
        ],
        "x-ms-correlation-request-id": [
          "7a09b168-ef91-48dc-b495-90c96cef9729"
        ],
        "x-ms-routing-request-id": [
          "WESTUS2:20180720T000410Z:7a09b168-ef91-48dc-b495-90c96cef9729"
        ],
        "X-Content-Type-Options": [
          "nosniff"
        ]
      },
      "StatusCode": 202
    },
    {
      "RequestUri": "/subscriptions/0b1f6471-1bf0-4dda-aec3-cb9272f09590/providers/Microsoft.Compute/locations/westus/operations/bb0f2eaf-bd18-409e-9b12-b147097c8c47?api-version=2018-04-01",
      "EncodedRequestUri": "L3N1YnNjcmlwdGlvbnMvMGIxZjY0NzEtMWJmMC00ZGRhLWFlYzMtY2I5MjcyZjA5NTkwL3Byb3ZpZGVycy9NaWNyb3NvZnQuQ29tcHV0ZS9sb2NhdGlvbnMvd2VzdHVzL29wZXJhdGlvbnMvYmIwZjJlYWYtYmQxOC00MDllLTliMTItYjE0NzA5N2M4YzQ3P2FwaS12ZXJzaW9uPTIwMTgtMDQtMDE=",
      "RequestMethod": "GET",
      "RequestBody": "",
      "RequestHeaders": {
        "User-Agent": [
          "FxVersion/4.6.25211.01",
          "Microsoft.Azure.Management.Compute.Fluent.ComputeManagementClient/1.11.1.0",
          "MacAddressHash/cc0dc995bd7689190d87305dca6418746f27065181fa649f43731fb8fc5f1b10"
        ]
      },
      "ResponseBody": "{\r\n  \"startTime\": \"2018-07-19T17:04:09.8016844-07:00\",\r\n  \"status\": \"InProgress\",\r\n  \"name\": \"bb0f2eaf-bd18-409e-9b12-b147097c8c47\"\r\n}",
      "ResponseHeaders": {
        "Content-Type": [
          "application/json; charset=utf-8"
        ],
        "Expires": [
          "-1"
        ],
        "Cache-Control": [
          "no-cache"
        ],
        "Date": [
          "Fri, 20 Jul 2018 00:04:19 GMT"
        ],
        "Pragma": [
          "no-cache"
        ],
        "Transfer-Encoding": [
          "chunked"
        ],
        "Retry-After": [
          "36"
        ],
        "Server": [
          "Microsoft-HTTPAPI/2.0",
          "Microsoft-HTTPAPI/2.0"
        ],
        "Vary": [
          "Accept-Encoding"
        ],
        "x-ms-ratelimit-remaining-resource": [
          "Microsoft.Compute/GetOperation3Min;14973,Microsoft.Compute/GetOperation30Min;29915"
        ],
        "Strict-Transport-Security": [
          "max-age=31536000; includeSubDomains"
        ],
        "x-ms-served-by": [
          "571046f6-b640-41c1-86f7-f9f044b5adf9_131751581145050469"
        ],
        "x-ms-request-id": [
          "6143f01c-03d0-4012-aad6-c046a930d90f"
        ],
        "x-ms-ratelimit-remaining-subscription-reads": [
          "14985"
        ],
        "x-ms-correlation-request-id": [
          "769f7ce7-8bc1-4d57-9903-9f225ce3e75f"
        ],
        "x-ms-routing-request-id": [
          "WESTUS2:20180720T000420Z:769f7ce7-8bc1-4d57-9903-9f225ce3e75f"
        ],
        "X-Content-Type-Options": [
          "nosniff"
        ]
      },
      "StatusCode": 200
    },
    {
      "RequestUri": "/subscriptions/0b1f6471-1bf0-4dda-aec3-cb9272f09590/providers/Microsoft.Compute/locations/westus/operations/bb0f2eaf-bd18-409e-9b12-b147097c8c47?api-version=2018-04-01",
      "EncodedRequestUri": "L3N1YnNjcmlwdGlvbnMvMGIxZjY0NzEtMWJmMC00ZGRhLWFlYzMtY2I5MjcyZjA5NTkwL3Byb3ZpZGVycy9NaWNyb3NvZnQuQ29tcHV0ZS9sb2NhdGlvbnMvd2VzdHVzL29wZXJhdGlvbnMvYmIwZjJlYWYtYmQxOC00MDllLTliMTItYjE0NzA5N2M4YzQ3P2FwaS12ZXJzaW9uPTIwMTgtMDQtMDE=",
      "RequestMethod": "GET",
      "RequestBody": "",
      "RequestHeaders": {
        "User-Agent": [
          "FxVersion/4.6.25211.01",
          "Microsoft.Azure.Management.Compute.Fluent.ComputeManagementClient/1.11.1.0",
          "MacAddressHash/cc0dc995bd7689190d87305dca6418746f27065181fa649f43731fb8fc5f1b10"
        ]
      },
      "ResponseBody": "{\r\n  \"startTime\": \"2018-07-19T17:04:09.8016844-07:00\",\r\n  \"status\": \"InProgress\",\r\n  \"name\": \"bb0f2eaf-bd18-409e-9b12-b147097c8c47\"\r\n}",
      "ResponseHeaders": {
        "Content-Type": [
          "application/json; charset=utf-8"
        ],
        "Expires": [
          "-1"
        ],
        "Cache-Control": [
          "no-cache"
        ],
        "Date": [
          "Fri, 20 Jul 2018 00:04:56 GMT"
        ],
        "Pragma": [
          "no-cache"
        ],
        "Transfer-Encoding": [
          "chunked"
        ],
        "Server": [
          "Microsoft-HTTPAPI/2.0",
          "Microsoft-HTTPAPI/2.0"
        ],
        "Vary": [
          "Accept-Encoding"
        ],
        "x-ms-ratelimit-remaining-resource": [
          "Microsoft.Compute/GetOperation3Min;14971,Microsoft.Compute/GetOperation30Min;29910"
        ],
        "Strict-Transport-Security": [
          "max-age=31536000; includeSubDomains"
        ],
        "x-ms-served-by": [
          "571046f6-b640-41c1-86f7-f9f044b5adf9_131751581145050469"
        ],
        "x-ms-request-id": [
          "c5bab70a-b776-4324-ac10-36f2a76446c0"
        ],
        "x-ms-ratelimit-remaining-subscription-reads": [
          "14984"
        ],
        "x-ms-correlation-request-id": [
          "53d58dd9-1679-4ffc-ae2d-28d53cea4a99"
        ],
        "x-ms-routing-request-id": [
          "WESTUS2:20180720T000456Z:53d58dd9-1679-4ffc-ae2d-28d53cea4a99"
        ],
        "X-Content-Type-Options": [
          "nosniff"
        ]
      },
      "StatusCode": 200
    },
    {
      "RequestUri": "/subscriptions/0b1f6471-1bf0-4dda-aec3-cb9272f09590/providers/Microsoft.Compute/locations/westus/operations/bb0f2eaf-bd18-409e-9b12-b147097c8c47?api-version=2018-04-01",
      "EncodedRequestUri": "L3N1YnNjcmlwdGlvbnMvMGIxZjY0NzEtMWJmMC00ZGRhLWFlYzMtY2I5MjcyZjA5NTkwL3Byb3ZpZGVycy9NaWNyb3NvZnQuQ29tcHV0ZS9sb2NhdGlvbnMvd2VzdHVzL29wZXJhdGlvbnMvYmIwZjJlYWYtYmQxOC00MDllLTliMTItYjE0NzA5N2M4YzQ3P2FwaS12ZXJzaW9uPTIwMTgtMDQtMDE=",
      "RequestMethod": "GET",
      "RequestBody": "",
      "RequestHeaders": {
        "User-Agent": [
          "FxVersion/4.6.25211.01",
          "Microsoft.Azure.Management.Compute.Fluent.ComputeManagementClient/1.11.1.0",
          "MacAddressHash/cc0dc995bd7689190d87305dca6418746f27065181fa649f43731fb8fc5f1b10"
        ]
      },
      "ResponseBody": "{\r\n  \"startTime\": \"2018-07-19T17:04:09.8016844-07:00\",\r\n  \"status\": \"InProgress\",\r\n  \"name\": \"bb0f2eaf-bd18-409e-9b12-b147097c8c47\"\r\n}",
      "ResponseHeaders": {
        "Content-Type": [
          "application/json; charset=utf-8"
        ],
        "Expires": [
          "-1"
        ],
        "Cache-Control": [
          "no-cache"
        ],
        "Date": [
          "Fri, 20 Jul 2018 00:05:31 GMT"
        ],
        "Pragma": [
          "no-cache"
        ],
        "Transfer-Encoding": [
          "chunked"
        ],
        "Server": [
          "Microsoft-HTTPAPI/2.0",
          "Microsoft-HTTPAPI/2.0"
        ],
        "Vary": [
          "Accept-Encoding"
        ],
        "x-ms-ratelimit-remaining-resource": [
          "Microsoft.Compute/GetOperation3Min;14974,Microsoft.Compute/GetOperation30Min;29917"
        ],
        "Strict-Transport-Security": [
          "max-age=31536000; includeSubDomains"
        ],
        "x-ms-served-by": [
          "571046f6-b640-41c1-86f7-f9f044b5adf9_131751581145050469"
        ],
        "x-ms-request-id": [
          "d0c34abc-bd03-4506-a00c-4152383a5935"
        ],
        "x-ms-ratelimit-remaining-subscription-reads": [
          "14983"
        ],
        "x-ms-correlation-request-id": [
          "f2b6ef5d-b8e9-4eea-a9cd-d34cf020f1f4"
        ],
        "x-ms-routing-request-id": [
          "WESTUS2:20180720T000532Z:f2b6ef5d-b8e9-4eea-a9cd-d34cf020f1f4"
        ],
        "X-Content-Type-Options": [
          "nosniff"
        ]
      },
      "StatusCode": 200
    },
    {
      "RequestUri": "/subscriptions/0b1f6471-1bf0-4dda-aec3-cb9272f09590/providers/Microsoft.Compute/locations/westus/operations/bb0f2eaf-bd18-409e-9b12-b147097c8c47?api-version=2018-04-01",
      "EncodedRequestUri": "L3N1YnNjcmlwdGlvbnMvMGIxZjY0NzEtMWJmMC00ZGRhLWFlYzMtY2I5MjcyZjA5NTkwL3Byb3ZpZGVycy9NaWNyb3NvZnQuQ29tcHV0ZS9sb2NhdGlvbnMvd2VzdHVzL29wZXJhdGlvbnMvYmIwZjJlYWYtYmQxOC00MDllLTliMTItYjE0NzA5N2M4YzQ3P2FwaS12ZXJzaW9uPTIwMTgtMDQtMDE=",
      "RequestMethod": "GET",
      "RequestBody": "",
      "RequestHeaders": {
        "User-Agent": [
          "FxVersion/4.6.25211.01",
          "Microsoft.Azure.Management.Compute.Fluent.ComputeManagementClient/1.11.1.0",
          "MacAddressHash/cc0dc995bd7689190d87305dca6418746f27065181fa649f43731fb8fc5f1b10"
        ]
      },
      "ResponseBody": "{\r\n  \"startTime\": \"2018-07-19T17:04:09.8016844-07:00\",\r\n  \"endTime\": \"2018-07-19T17:06:02.4508726-07:00\",\r\n  \"status\": \"Succeeded\",\r\n  \"name\": \"bb0f2eaf-bd18-409e-9b12-b147097c8c47\"\r\n}",
      "ResponseHeaders": {
        "Content-Type": [
          "application/json; charset=utf-8"
        ],
        "Expires": [
          "-1"
        ],
        "Cache-Control": [
          "no-cache"
        ],
        "Date": [
          "Fri, 20 Jul 2018 00:06:08 GMT"
        ],
        "Pragma": [
          "no-cache"
        ],
        "Transfer-Encoding": [
          "chunked"
        ],
        "Server": [
          "Microsoft-HTTPAPI/2.0",
          "Microsoft-HTTPAPI/2.0"
        ],
        "Vary": [
          "Accept-Encoding"
        ],
        "x-ms-ratelimit-remaining-resource": [
          "Microsoft.Compute/GetOperation3Min;14975,Microsoft.Compute/GetOperation30Min;29912"
        ],
        "Strict-Transport-Security": [
          "max-age=31536000; includeSubDomains"
        ],
        "x-ms-served-by": [
          "571046f6-b640-41c1-86f7-f9f044b5adf9_131751581145050469"
        ],
        "x-ms-request-id": [
          "b5ddcdfe-6632-4ad9-8960-c4c920193f04"
        ],
        "x-ms-ratelimit-remaining-subscription-reads": [
          "14982"
        ],
        "x-ms-correlation-request-id": [
          "659a35b7-a8f4-4370-987c-ee71388fea66"
        ],
        "x-ms-routing-request-id": [
          "WESTUS2:20180720T000608Z:659a35b7-a8f4-4370-987c-ee71388fea66"
        ],
        "X-Content-Type-Options": [
          "nosniff"
        ]
      },
      "StatusCode": 200
    },
    {
      "RequestUri": "/subscriptions/0b1f6471-1bf0-4dda-aec3-cb9272f09590/resourceGroups/rgcomv00200/providers/Microsoft.Compute/virtualMachines/vm132047d?$expand=instanceView&api-version=2018-04-01",
      "EncodedRequestUri": "L3N1YnNjcmlwdGlvbnMvMGIxZjY0NzEtMWJmMC00ZGRhLWFlYzMtY2I5MjcyZjA5NTkwL3Jlc291cmNlR3JvdXBzL3JnY29tdjAwMjAwL3Byb3ZpZGVycy9NaWNyb3NvZnQuQ29tcHV0ZS92aXJ0dWFsTWFjaGluZXMvdm0xMzIwNDdkPyRleHBhbmQ9aW5zdGFuY2VWaWV3JmFwaS12ZXJzaW9uPTIwMTgtMDQtMDE=",
      "RequestMethod": "GET",
      "RequestBody": "",
      "RequestHeaders": {
        "x-ms-client-request-id": [
          "a66e2907-5ebd-48f6-ad1e-21630db31d26"
        ],
        "accept-language": [
          "en-US"
        ],
        "User-Agent": [
          "FxVersion/4.6.25211.01",
          "Microsoft.Azure.Management.Compute.Fluent.ComputeManagementClient/1.11.1.0",
          "MacAddressHash/cc0dc995bd7689190d87305dca6418746f27065181fa649f43731fb8fc5f1b10"
        ]
      },
      "ResponseBody": "{\r\n  \"properties\": {\r\n    \"vmId\": \"2f4f6d85-4df3-4d52-a0d4-8690eb45f366\",\r\n    \"hardwareProfile\": {\r\n      \"vmSize\": \"Standard_D3_v2\"\r\n    },\r\n    \"storageProfile\": {\r\n      \"imageReference\": {\r\n        \"publisher\": \"Canonical\",\r\n        \"offer\": \"UbuntuServer\",\r\n        \"sku\": \"16.04.0-LTS\",\r\n        \"version\": \"latest\"\r\n      },\r\n      \"osDisk\": {\r\n        \"osType\": \"Linux\",\r\n        \"name\": \"vm132047d-os-disk\",\r\n        \"createOption\": \"FromImage\",\r\n        \"vhd\": {\r\n          \"uri\": \"https://stgvm132047d0b29959749.blob.core.windows.net/vhds/vm132047d-os-disk-6bf5ced1-7c34-4dce-9a90-c960c2db0272.Vhd\"\r\n        },\r\n        \"caching\": \"ReadWrite\",\r\n        \"diskSizeGB\": 30\r\n      },\r\n      \"dataDisks\": []\r\n    },\r\n    \"osProfile\": {\r\n      \"computerName\": \"vm132047d\",\r\n      \"adminUsername\": \"tirekicker\",\r\n      \"linuxConfiguration\": {\r\n        \"disablePasswordAuthentication\": false\r\n      },\r\n      \"secrets\": []\r\n    },\r\n    \"networkProfile\": {\r\n      \"networkInterfaces\": [\r\n        {\r\n          \"id\": \"/subscriptions/0b1f6471-1bf0-4dda-aec3-cb9272f09590/resourceGroups/rgcomv00200/providers/Microsoft.Network/networkInterfaces/nicvm132047d0b271572\",\r\n          \"properties\": {\r\n            \"primary\": true\r\n          }\r\n        }\r\n      ]\r\n    },\r\n    \"provisioningState\": \"Succeeded\",\r\n    \"instanceView\": {\r\n      \"computerName\": \"vm132047d\",\r\n      \"osName\": \"ubuntu\",\r\n      \"osVersion\": \"16.04\",\r\n      \"vmAgent\": {\r\n        \"vmAgentVersion\": \"2.2.26\",\r\n        \"statuses\": [\r\n          {\r\n            \"code\": \"ProvisioningState/succeeded\",\r\n            \"level\": \"Info\",\r\n            \"displayStatus\": \"Ready\",\r\n            \"message\": \"Guest Agent is running\",\r\n            \"time\": \"2018-07-19T17:04:08-07:00\"\r\n          }\r\n        ],\r\n        \"extensionHandlers\": [\r\n          {\r\n            \"type\": \"Microsoft.OSTCExtensions.CustomScriptForLinux\",\r\n            \"typeHandlerVersion\": \"1.5.2.2\",\r\n            \"status\": {\r\n              \"code\": \"ProvisioningState/succeeded\",\r\n              \"level\": \"Info\",\r\n              \"displayStatus\": \"Ready\",\r\n              \"message\": \"Plugin enabled\"\r\n            }\r\n          }\r\n        ]\r\n      },\r\n      \"disks\": [\r\n        {\r\n          \"name\": \"vm132047d-os-disk\",\r\n          \"statuses\": [\r\n            {\r\n              \"code\": \"ProvisioningState/succeeded\",\r\n              \"level\": \"Info\",\r\n              \"displayStatus\": \"Provisioning succeeded\",\r\n              \"time\": \"2018-07-19T17:06:02.4352924-07:00\"\r\n            }\r\n          ]\r\n        }\r\n      ],\r\n      \"extensions\": [\r\n        {\r\n          \"name\": \"CustomScriptForLinux\",\r\n          \"type\": \"Microsoft.OSTCExtensions.CustomScriptForLinux\",\r\n          \"typeHandlerVersion\": \"1.5.2.2\",\r\n          \"statuses\": [\r\n            {\r\n              \"code\": \"ProvisioningState/succeeded\",\r\n              \"level\": \"Info\",\r\n              \"displayStatus\": \"Provisioning succeeded\",\r\n              \"message\": \"Command is finished.\\n---stdout---\\nase ... 40%\\r(Reading database ... 45%\\r(Reading database ... 50%\\r(Reading database ... 55%\\r(Reading database ... 60%\\r(Reading database ... 65%\\r(Reading database ... 70%\\r(Reading database ... 75%\\r(Reading database ... 80%\\r(Reading database ... 85%\\r(Reading database ... 90%\\r(Reading database ... 95%\\r(Reading database ... 100%\\r(Reading database ... 54489 files and directories currently installed.)\\r\\nPreparing to unpack .../libapr1_1.5.2-3_amd64.deb ...\\r\\nUnpacking libapr1:amd64 (1.5.2-3) ...\\r\\nSelecting previously unselected package libaprutil1:amd64.\\r\\nPreparing to unpack .../libaprutil1_1.5.4-1build1_amd64.deb ...\\r\\nUnpacking libaprutil1:amd64 (1.5.4-1build1) ...\\r\\nSelecting previously unselected package libaprutil1-dbd-sqlite3:amd64.\\r\\nPreparing to unpack .../libaprutil1-dbd-sqlite3_1.5.4-1build1_amd64.deb ...\\r\\nUnpacking libaprutil1-dbd-sqlite3:amd64 (1.5.4-1build1) ...\\r\\nSelecting previously unselected package libaprutil1-ldap:amd64.\\r\\nPreparing to unpack .../libaprutil1-ldap_1.5.4-1build1_amd64.deb ...\\r\\nUnpacking libaprutil1-ldap:amd64 (1.5.4-1build1) ...\\r\\nSelecting previously unselected package liblua5.1-0:amd64.\\r\\nPreparing to unpack .../liblua5.1-0_5.1.5-8ubuntu1_amd64.deb ...\\r\\nUnpacking liblua5.1-0:amd64 (5.1.5-8ubuntu1) ...\\r\\nSelecting previously unselected package apache2-bin.\\r\\nPreparing to unpack .../apache2-bin_2.4.18-2ubuntu3.9_amd64.deb ...\\r\\nUnpacking apache2-bin (2.4.18-2ubuntu3.9) ...\\r\\nSelecting previously unselected package apache2-utils.\\r\\nPreparing to unpack .../apache2-utils_2.4.18-2ubuntu3.9_amd64.deb ...\\r\\nUnpacking apache2-utils (2.4.18-2ubuntu3.9) ...\\r\\nSelecting previously unselected package apache2-data.\\r\\nPreparing to unpack .../apache2-data_2.4.18-2ubuntu3.9_all.deb ...\\r\\nUnpacking apache2-data (2.4.18-2ubuntu3.9) ...\\r\\nSelecting previously unselected package apache2.\\r\\nPreparing to unpack .../apache2_2.4.18-2ubuntu3.9_amd64.deb ...\\r\\nUnpacking apache2 (2.4.18-2ubuntu3.9) ...\\r\\nSelecting previously unselected package ssl-cert.\\r\\nPreparing to unpack .../ssl-cert_1.0.37_all.deb ...\\r\\nUnpacking ssl-cert (1.0.37) ...\\r\\nProcessing triggers for libc-bin (2.23-0ubuntu10) ...\\r\\nProcessing triggers for man-db (2.7.5-1) ...\\r\\nProcessing triggers for systemd (229-4ubuntu21.2) ...\\r\\nProcessing triggers for ureadahead (0.100.0-19) ...\\r\\nProcessing triggers for ufw (0.35-0ubuntu2) ...\\r\\nSetting up libapr1:amd64 (1.5.2-3) ...\\r\\nSetting up libaprutil1:amd64 (1.5.4-1build1) ...\\r\\nSetting up libaprutil1-dbd-sqlite3:amd64 (1.5.4-1build1) ...\\r\\nSetting up libaprutil1-ldap:amd64 (1.5.4-1build1) ...\\r\\nSetting up liblua5.1-0:amd64 (5.1.5-8ubuntu1) ...\\r\\nSetting up apache2-bin (2.4.18-2ubuntu3.9) ...\\r\\nSetting up apache2-utils (2.4.18-2ubuntu3.9) ...\\r\\nSetting up apache2-data (2.4.18-2ubuntu3.9) ...\\r\\nSetting up apache2 (2.4.18-2ubuntu3.9) ...\\r\\nEnabling module mpm_event.\\r\\nEnabling module authz_core.\\r\\nEnabling module authz_host.\\r\\nEnabling module authn_core.\\r\\nEnabling module auth_basic.\\r\\nEnabling module access_compat.\\r\\nEnabling module authn_file.\\r\\nEnabling module authz_user.\\r\\nEnabling module alias.\\r\\nEnabling module dir.\\r\\nEnabling module autoindex.\\r\\nEnabling module env.\\r\\nEnabling module mime.\\r\\nEnabling module negotiation.\\r\\nEnabling module setenvif.\\r\\nEnabling module filter.\\r\\nEnabling module deflate.\\r\\nEnabling module status.\\r\\nEnabling conf charset.\\r\\nEnabling conf localized-error-pages.\\r\\nEnabling conf other-vhosts-access-log.\\r\\nEnabling conf security.\\r\\nEnabling conf serve-cgi-bin.\\r\\nEnabling site 000-default.\\r\\nSetting up ssl-cert (1.0.37) ...\\r\\ndebconf: unable to initialize frontend: Dialog\\r\\ndebconf: (Dialog frontend will not work on a dumb terminal, an emacs shell buffer, or without a controlling terminal.)\\r\\ndebconf: falling back to frontend: Readline\\r\\nsent invalidate(group) request, exiting\\r\\nsent invalidate(passwd) request, exiting\\r\\nsent invalidate(group) request, exiting\\r\\nsent invalidate(group) request, exiting\\r\\nsent invalidate(group) request, exiting\\r\\nProcessing triggers for libc-bin (2.23-0ubuntu10) ...\\r\\nProcessing triggers for systemd (229-4ubuntu21.2) ...\\r\\nProcessing triggers for ureadahead (0.100.0-19) ...\\r\\nProcessing triggers for ufw (0.35-0ubuntu2) ...\\r\\n\\n---errout---\\ndebconf: unable to initialize frontend: Dialog\\ndebconf: (Dialog frontend will not work on a dumb terminal, an emacs shell buffer, or without a controlling terminal.)\\ndebconf: falling back to frontend: Readline\\ndebconf: unable to initialize frontend: Readline\\ndebconf: (This frontend requires a controlling tty.)\\ndebconf: falling back to frontend: Teletype\\ndpkg-preconfigure: unable to re-open stdin: \\nAH00558: apache2: Could not reliably determine the server's fully qualified domain name, using 10.0.0.4. Set the 'ServerName' directive globally to suppress this message\\n\\n\"\r\n            }\r\n          ]\r\n        }\r\n      ],\r\n      \"statuses\": [\r\n        {\r\n          \"code\": \"ProvisioningState/succeeded\",\r\n          \"level\": \"Info\",\r\n          \"displayStatus\": \"Provisioning succeeded\",\r\n          \"time\": \"2018-07-19T17:06:02.4352924-07:00\"\r\n        },\r\n        {\r\n          \"code\": \"PowerState/deallocated\",\r\n          \"level\": \"Info\",\r\n          \"displayStatus\": \"VM deallocated\"\r\n        }\r\n      ]\r\n    }\r\n  },\r\n  \"resources\": [\r\n    {\r\n      \"properties\": {\r\n        \"autoUpgradeMinorVersion\": true,\r\n        \"settings\": {\r\n          \"fileUris\": [\r\n            \"https://raw.githubusercontent.com/Azure/azure-libraries-for-net/master/Samples/Asset/install_apache.sh\"\r\n          ],\r\n          \"commandToExecute\": \"bash install_apache.sh\"\r\n        },\r\n        \"provisioningState\": \"Succeeded\",\r\n        \"publisher\": \"Microsoft.OSTCExtensions\",\r\n        \"type\": \"CustomScriptForLinux\",\r\n        \"typeHandlerVersion\": \"1.4\"\r\n      },\r\n      \"type\": \"Microsoft.Compute/virtualMachines/extensions\",\r\n      \"location\": \"westus\",\r\n      \"id\": \"/subscriptions/0b1f6471-1bf0-4dda-aec3-cb9272f09590/resourceGroups/rgcomv00200/providers/Microsoft.Compute/virtualMachines/vm132047d/extensions/CustomScriptForLinux\",\r\n      \"name\": \"CustomScriptForLinux\"\r\n    }\r\n  ],\r\n  \"type\": \"Microsoft.Compute/virtualMachines\",\r\n  \"location\": \"westus\",\r\n  \"tags\": {},\r\n  \"id\": \"/subscriptions/0b1f6471-1bf0-4dda-aec3-cb9272f09590/resourceGroups/rgcomv00200/providers/Microsoft.Compute/virtualMachines/vm132047d\",\r\n  \"name\": \"vm132047d\"\r\n}",
      "ResponseHeaders": {
        "Content-Type": [
          "application/json; charset=utf-8"
        ],
        "Expires": [
          "-1"
        ],
        "Cache-Control": [
          "no-cache"
        ],
        "Date": [
          "Fri, 20 Jul 2018 00:06:08 GMT"
        ],
        "Pragma": [
          "no-cache"
        ],
        "Transfer-Encoding": [
          "chunked"
        ],
        "Server": [
          "Microsoft-HTTPAPI/2.0",
          "Microsoft-HTTPAPI/2.0"
        ],
        "Vary": [
          "Accept-Encoding"
        ],
        "x-ms-ratelimit-remaining-resource": [
          "Microsoft.Compute/LowCostGet3Min;4187,Microsoft.Compute/LowCostGet30Min;33560"
        ],
        "Strict-Transport-Security": [
          "max-age=31536000; includeSubDomains"
        ],
        "x-ms-served-by": [
          "571046f6-b640-41c1-86f7-f9f044b5adf9_131751581145050469"
        ],
        "x-ms-request-id": [
          "2ab83956-f1b8-47ab-98d0-fee7a202dade"
        ],
        "x-ms-ratelimit-remaining-subscription-reads": [
          "14980"
        ],
        "x-ms-correlation-request-id": [
          "f19fb6fa-425e-4570-9cf4-ce89e5223f2f"
        ],
        "x-ms-routing-request-id": [
          "WESTUS2:20180720T000608Z:f19fb6fa-425e-4570-9cf4-ce89e5223f2f"
        ],
        "X-Content-Type-Options": [
          "nosniff"
        ]
      },
      "StatusCode": 200
    },
    {
      "RequestUri": "/subscriptions/0b1f6471-1bf0-4dda-aec3-cb9272f09590/resourceGroups/rgcomv00200/providers/Microsoft.Compute/virtualMachines/vm132047d/generalize?api-version=2018-04-01",
      "EncodedRequestUri": "L3N1YnNjcmlwdGlvbnMvMGIxZjY0NzEtMWJmMC00ZGRhLWFlYzMtY2I5MjcyZjA5NTkwL3Jlc291cmNlR3JvdXBzL3JnY29tdjAwMjAwL3Byb3ZpZGVycy9NaWNyb3NvZnQuQ29tcHV0ZS92aXJ0dWFsTWFjaGluZXMvdm0xMzIwNDdkL2dlbmVyYWxpemU/YXBpLXZlcnNpb249MjAxOC0wNC0wMQ==",
      "RequestMethod": "POST",
      "RequestBody": "",
      "RequestHeaders": {
        "x-ms-client-request-id": [
          "8b764816-79d7-4bfd-8a7c-ea6ff97544da"
        ],
        "accept-language": [
          "en-US"
        ],
        "User-Agent": [
          "FxVersion/4.6.25211.01",
          "Microsoft.Azure.Management.Compute.Fluent.ComputeManagementClient/1.11.1.0",
          "MacAddressHash/cc0dc995bd7689190d87305dca6418746f27065181fa649f43731fb8fc5f1b10"
        ]
      },
      "ResponseBody": "",
      "ResponseHeaders": {
        "Content-Length": [
          "0"
        ],
        "Expires": [
          "-1"
        ],
        "Cache-Control": [
          "no-cache"
        ],
        "Date": [
          "Fri, 20 Jul 2018 00:06:08 GMT"
        ],
        "Pragma": [
          "no-cache"
        ],
        "Server": [
          "Microsoft-HTTPAPI/2.0",
          "Microsoft-HTTPAPI/2.0"
        ],
        "x-ms-ratelimit-remaining-resource": [
          "Microsoft.Compute/UpdateVM3Min;239,Microsoft.Compute/UpdateVM30Min;1195"
        ],
        "Strict-Transport-Security": [
          "max-age=31536000; includeSubDomains"
        ],
        "x-ms-served-by": [
          "571046f6-b640-41c1-86f7-f9f044b5adf9_131751581145050469"
        ],
        "x-ms-request-id": [
          "cb07fd94-1e18-4e9a-b263-0c9e43b89910"
        ],
        "x-ms-ratelimit-remaining-subscription-writes": [
          "1195"
        ],
        "x-ms-correlation-request-id": [
          "cdcd5436-dd3b-4f63-8b92-c85bb985f929"
        ],
        "x-ms-routing-request-id": [
          "WESTUS2:20180720T000608Z:cdcd5436-dd3b-4f63-8b92-c85bb985f929"
        ],
        "X-Content-Type-Options": [
          "nosniff"
        ]
      },
      "StatusCode": 200
    },
    {
      "RequestUri": "/subscriptions/0b1f6471-1bf0-4dda-aec3-cb9272f09590/resourceGroups/rgcomv00200/providers/Microsoft.Compute/virtualMachines/vm132047d/capture?api-version=2018-04-01",
      "EncodedRequestUri": "L3N1YnNjcmlwdGlvbnMvMGIxZjY0NzEtMWJmMC00ZGRhLWFlYzMtY2I5MjcyZjA5NTkwL3Jlc291cmNlR3JvdXBzL3JnY29tdjAwMjAwL3Byb3ZpZGVycy9NaWNyb3NvZnQuQ29tcHV0ZS92aXJ0dWFsTWFjaGluZXMvdm0xMzIwNDdkL2NhcHR1cmU/YXBpLXZlcnNpb249MjAxOC0wNC0wMQ==",
      "RequestMethod": "POST",
      "RequestBody": "{\r\n  \"vhdPrefix\": \"img\",\r\n  \"destinationContainerName\": \"capturedvhds\",\r\n  \"overwriteVhds\": true\r\n}",
      "RequestHeaders": {
        "Content-Type": [
          "application/json; charset=utf-8"
        ],
        "Content-Length": [
          "99"
        ],
        "x-ms-client-request-id": [
          "9b268e40-1441-4f9c-bf63-b161903ba9d3"
        ],
        "accept-language": [
          "en-US"
        ],
        "User-Agent": [
          "FxVersion/4.6.25211.01",
          "Microsoft.Azure.Management.Compute.Fluent.ComputeManagementClient/1.11.1.0",
          "MacAddressHash/cc0dc995bd7689190d87305dca6418746f27065181fa649f43731fb8fc5f1b10"
        ]
      },
      "ResponseBody": "",
      "ResponseHeaders": {
        "Content-Length": [
          "0"
        ],
        "Expires": [
          "-1"
        ],
        "Cache-Control": [
          "no-cache"
        ],
        "Date": [
          "Fri, 20 Jul 2018 00:06:09 GMT"
        ],
        "Pragma": [
          "no-cache"
        ],
        "Location": [
          "https://management.azure.com/subscriptions/0b1f6471-1bf0-4dda-aec3-cb9272f09590/providers/Microsoft.Compute/locations/westus/operations/3e2d57b3-3341-44c6-9c02-d3462ac0e29a?monitor=true&api-version=2018-04-01"
        ],
        "Server": [
          "Microsoft-HTTPAPI/2.0",
          "Microsoft-HTTPAPI/2.0"
        ],
        "Azure-AsyncOperation": [
          "https://management.azure.com/subscriptions/0b1f6471-1bf0-4dda-aec3-cb9272f09590/providers/Microsoft.Compute/locations/westus/operations/3e2d57b3-3341-44c6-9c02-d3462ac0e29a?api-version=2018-04-01"
        ],
        "x-ms-ratelimit-remaining-resource": [
          "Microsoft.Compute/UpdateVM3Min;238,Microsoft.Compute/UpdateVM30Min;1194"
        ],
        "Strict-Transport-Security": [
          "max-age=31536000; includeSubDomains"
        ],
        "x-ms-served-by": [
          "571046f6-b640-41c1-86f7-f9f044b5adf9_131751581145050469"
        ],
        "x-ms-request-id": [
          "3e2d57b3-3341-44c6-9c02-d3462ac0e29a"
        ],
        "x-ms-ratelimit-remaining-subscription-writes": [
          "1194"
        ],
        "x-ms-correlation-request-id": [
          "682a86d1-4997-4e5f-b79b-836581b7ae91"
        ],
        "x-ms-routing-request-id": [
          "WESTUS2:20180720T000609Z:682a86d1-4997-4e5f-b79b-836581b7ae91"
        ],
        "X-Content-Type-Options": [
          "nosniff"
        ]
      },
      "StatusCode": 202
    },
    {
      "RequestUri": "/subscriptions/0b1f6471-1bf0-4dda-aec3-cb9272f09590/providers/Microsoft.Compute/locations/westus/operations/3e2d57b3-3341-44c6-9c02-d3462ac0e29a?api-version=2018-04-01",
      "EncodedRequestUri": "L3N1YnNjcmlwdGlvbnMvMGIxZjY0NzEtMWJmMC00ZGRhLWFlYzMtY2I5MjcyZjA5NTkwL3Byb3ZpZGVycy9NaWNyb3NvZnQuQ29tcHV0ZS9sb2NhdGlvbnMvd2VzdHVzL29wZXJhdGlvbnMvM2UyZDU3YjMtMzM0MS00NGM2LTljMDItZDM0NjJhYzBlMjlhP2FwaS12ZXJzaW9uPTIwMTgtMDQtMDE=",
      "RequestMethod": "GET",
      "RequestBody": "",
      "RequestHeaders": {
        "User-Agent": [
          "FxVersion/4.6.25211.01",
          "Microsoft.Azure.Management.Compute.Fluent.ComputeManagementClient/1.11.1.0",
          "MacAddressHash/cc0dc995bd7689190d87305dca6418746f27065181fa649f43731fb8fc5f1b10"
        ]
      },
      "ResponseBody": "{\r\n  \"startTime\": \"2018-07-19T17:06:09.0337377-07:00\",\r\n  \"endTime\": \"2018-07-19T17:06:09.3931005-07:00\",\r\n  \"status\": \"Succeeded\",\r\n  \"properties\": {\r\n    \"output\": {\r\n      \"$schema\": \"http://schema.management.azure.com/schemas/2014-04-01-preview/VM_IP.json\",\r\n      \"contentVersion\": \"1.0.0.0\",\r\n      \"parameters\": {\r\n        \"vmName\": {\r\n          \"type\": \"string\"\r\n        },\r\n        \"vmSize\": {\r\n          \"type\": \"string\",\r\n          \"defaultValue\": \"Standard_D3_v2\"\r\n        },\r\n        \"adminUserName\": {\r\n          \"type\": \"string\"\r\n        },\r\n        \"adminPassword\": {\r\n          \"type\": \"securestring\"\r\n        },\r\n        \"networkInterfaceId\": {\r\n          \"type\": \"string\"\r\n        }\r\n      },\r\n      \"resources\": [\r\n        {\r\n          \"apiVersion\": \"2018-04-01\",\r\n          \"properties\": {\r\n            \"hardwareProfile\": {\r\n              \"vmSize\": \"[parameters('vmSize')]\"\r\n            },\r\n            \"storageProfile\": {\r\n              \"osDisk\": {\r\n                \"osType\": \"Linux\",\r\n                \"name\": \"img-osDisk.2f4f6d85-4df3-4d52-a0d4-8690eb45f366.vhd\",\r\n                \"createOption\": \"FromImage\",\r\n                \"image\": {\r\n                  \"uri\": \"https://stgvm132047d0b29959749.blob.core.windows.net/system/Microsoft.Compute/Images/capturedvhds/img-osDisk.2f4f6d85-4df3-4d52-a0d4-8690eb45f366.vhd\"\r\n                },\r\n                \"vhd\": {\r\n                  \"uri\": \"https://stgvm132047d0b29959749.blob.core.windows.net/vmcontainerd7a9027a-2527-4068-93dc-cc26002912cc/osDisk.d7a9027a-2527-4068-93dc-cc26002912cc.vhd\"\r\n                },\r\n                \"caching\": \"ReadWrite\"\r\n              }\r\n            },\r\n            \"osProfile\": {\r\n              \"computerName\": \"[parameters('vmName')]\",\r\n              \"adminUsername\": \"[parameters('adminUsername')]\",\r\n              \"adminPassword\": \"[parameters('adminPassword')]\"\r\n            },\r\n            \"networkProfile\": {\r\n              \"networkInterfaces\": [\r\n                {\r\n                  \"id\": \"[parameters('networkInterfaceId')]\"\r\n                }\r\n              ]\r\n            },\r\n            \"provisioningState\": 0\r\n          },\r\n          \"type\": \"Microsoft.Compute/virtualMachines\",\r\n          \"location\": \"westus\",\r\n          \"name\": \"[parameters('vmName')]\"\r\n        }\r\n      ]\r\n    }\r\n  },\r\n  \"name\": \"3e2d57b3-3341-44c6-9c02-d3462ac0e29a\"\r\n}",
      "ResponseHeaders": {
        "Content-Type": [
          "application/json; charset=utf-8"
        ],
        "Expires": [
          "-1"
        ],
        "Cache-Control": [
          "no-cache"
        ],
        "Date": [
          "Fri, 20 Jul 2018 00:06:38 GMT"
        ],
        "Pragma": [
          "no-cache"
        ],
        "Transfer-Encoding": [
          "chunked"
        ],
        "Server": [
          "Microsoft-HTTPAPI/2.0",
          "Microsoft-HTTPAPI/2.0"
        ],
        "Vary": [
          "Accept-Encoding"
        ],
        "x-ms-ratelimit-remaining-resource": [
          "Microsoft.Compute/GetOperation3Min;14976,Microsoft.Compute/GetOperation30Min;29906"
        ],
        "Strict-Transport-Security": [
          "max-age=31536000; includeSubDomains"
        ],
        "x-ms-served-by": [
          "571046f6-b640-41c1-86f7-f9f044b5adf9_131751581145050469"
        ],
        "x-ms-request-id": [
          "3daf0eb2-5e09-4793-85d3-76e31d713783"
        ],
        "x-ms-ratelimit-remaining-subscription-reads": [
          "14979"
        ],
        "x-ms-correlation-request-id": [
          "008f75b1-5346-49a2-ae9b-39a7251e4a15"
        ],
        "x-ms-routing-request-id": [
          "WESTUS2:20180720T000639Z:008f75b1-5346-49a2-ae9b-39a7251e4a15"
        ],
        "X-Content-Type-Options": [
          "nosniff"
        ]
      },
      "StatusCode": 200
    },
    {
      "RequestUri": "/subscriptions/0b1f6471-1bf0-4dda-aec3-cb9272f09590/resourcegroups/rgcomv00200?api-version=2017-05-10",
      "EncodedRequestUri": "L3N1YnNjcmlwdGlvbnMvMGIxZjY0NzEtMWJmMC00ZGRhLWFlYzMtY2I5MjcyZjA5NTkwL3Jlc291cmNlZ3JvdXBzL3JnY29tdjAwMjAwP2FwaS12ZXJzaW9uPTIwMTctMDUtMTA=",
      "RequestMethod": "DELETE",
      "RequestBody": "",
      "RequestHeaders": {
        "x-ms-client-request-id": [
          "9873364a-7ad6-4c70-bbb7-a05fa67920d1"
        ],
        "accept-language": [
          "en-US"
        ],
        "User-Agent": [
          "FxVersion/4.6.25211.01",
          "Microsoft.Azure.Management.ResourceManager.Fluent.ResourceManagementClient/1.11.1.0",
          "MacAddressHash/cc0dc995bd7689190d87305dca6418746f27065181fa649f43731fb8fc5f1b10"
        ]
      },
      "ResponseBody": "",
      "ResponseHeaders": {
        "Content-Length": [
          "0"
        ],
        "Expires": [
          "-1"
        ],
        "Cache-Control": [
          "no-cache"
        ],
        "Date": [
          "Fri, 20 Jul 2018 00:06:39 GMT"
        ],
        "Pragma": [
          "no-cache"
        ],
        "Location": [
          "https://management.azure.com/subscriptions/0b1f6471-1bf0-4dda-aec3-cb9272f09590/operationresults/eyJqb2JJZCI6IlJFU09VUkNFR1JPVVBERUxFVElPTkpPQi1SR0NPTVYwMDIwMC1XRVNUVVMiLCJqb2JMb2NhdGlvbiI6Indlc3R1cyJ9?api-version=2017-05-10"
        ],
        "Retry-After": [
          "15"
        ],
        "x-ms-ratelimit-remaining-subscription-deletes": [
          "14999"
        ],
        "x-ms-request-id": [
          "4a163e9c-2361-4d5b-81a5-43885ab0eda2"
        ],
        "x-ms-correlation-request-id": [
          "4a163e9c-2361-4d5b-81a5-43885ab0eda2"
        ],
        "x-ms-routing-request-id": [
          "WESTUS2:20180720T000639Z:4a163e9c-2361-4d5b-81a5-43885ab0eda2"
        ],
        "Strict-Transport-Security": [
          "max-age=31536000; includeSubDomains"
        ],
        "X-Content-Type-Options": [
          "nosniff"
        ]
      },
      "StatusCode": 202
    },
    {
      "RequestUri": "/subscriptions/0b1f6471-1bf0-4dda-aec3-cb9272f09590/operationresults/eyJqb2JJZCI6IlJFU09VUkNFR1JPVVBERUxFVElPTkpPQi1SR0NPTVYwMDIwMC1XRVNUVVMiLCJqb2JMb2NhdGlvbiI6Indlc3R1cyJ9?api-version=2017-05-10",
      "EncodedRequestUri": "L3N1YnNjcmlwdGlvbnMvMGIxZjY0NzEtMWJmMC00ZGRhLWFlYzMtY2I5MjcyZjA5NTkwL29wZXJhdGlvbnJlc3VsdHMvZXlKcWIySkpaQ0k2SWxKRlUwOVZVa05GUjFKUFZWQkVSVXhGVkVsUFRrcFBRaTFTUjBOUFRWWXdNREl3TUMxWFJWTlVWVk1pTENKcWIySk1iMk5oZEdsdmJpSTZJbmRsYzNSMWN5Sjk/YXBpLXZlcnNpb249MjAxNy0wNS0xMA==",
      "RequestMethod": "GET",
      "RequestBody": "",
      "RequestHeaders": {
        "User-Agent": [
          "FxVersion/4.6.25211.01",
          "Microsoft.Azure.Management.ResourceManager.Fluent.ResourceManagementClient/1.11.1.0",
          "MacAddressHash/cc0dc995bd7689190d87305dca6418746f27065181fa649f43731fb8fc5f1b10"
        ]
      },
      "ResponseBody": "",
      "ResponseHeaders": {
        "Content-Length": [
          "0"
        ],
        "Expires": [
          "-1"
        ],
        "Cache-Control": [
          "no-cache"
        ],
        "Date": [
          "Fri, 20 Jul 2018 00:06:54 GMT"
        ],
        "Pragma": [
          "no-cache"
        ],
        "Location": [
          "https://management.azure.com/subscriptions/0b1f6471-1bf0-4dda-aec3-cb9272f09590/operationresults/eyJqb2JJZCI6IlJFU09VUkNFR1JPVVBERUxFVElPTkpPQi1SR0NPTVYwMDIwMC1XRVNUVVMiLCJqb2JMb2NhdGlvbiI6Indlc3R1cyJ9?api-version=2017-05-10"
        ],
        "Retry-After": [
          "15"
        ],
        "x-ms-ratelimit-remaining-subscription-reads": [
          "14978"
        ],
        "x-ms-request-id": [
          "19858cf8-bba0-4330-8a63-6cc48993a728"
        ],
        "x-ms-correlation-request-id": [
          "19858cf8-bba0-4330-8a63-6cc48993a728"
        ],
        "x-ms-routing-request-id": [
          "WESTUS2:20180720T000654Z:19858cf8-bba0-4330-8a63-6cc48993a728"
        ],
        "Strict-Transport-Security": [
          "max-age=31536000; includeSubDomains"
        ],
        "X-Content-Type-Options": [
          "nosniff"
        ]
      },
      "StatusCode": 202
    },
    {
      "RequestUri": "/subscriptions/0b1f6471-1bf0-4dda-aec3-cb9272f09590/operationresults/eyJqb2JJZCI6IlJFU09VUkNFR1JPVVBERUxFVElPTkpPQi1SR0NPTVYwMDIwMC1XRVNUVVMiLCJqb2JMb2NhdGlvbiI6Indlc3R1cyJ9?api-version=2017-05-10",
      "EncodedRequestUri": "L3N1YnNjcmlwdGlvbnMvMGIxZjY0NzEtMWJmMC00ZGRhLWFlYzMtY2I5MjcyZjA5NTkwL29wZXJhdGlvbnJlc3VsdHMvZXlKcWIySkpaQ0k2SWxKRlUwOVZVa05GUjFKUFZWQkVSVXhGVkVsUFRrcFBRaTFTUjBOUFRWWXdNREl3TUMxWFJWTlVWVk1pTENKcWIySk1iMk5oZEdsdmJpSTZJbmRsYzNSMWN5Sjk/YXBpLXZlcnNpb249MjAxNy0wNS0xMA==",
      "RequestMethod": "GET",
      "RequestBody": "",
      "RequestHeaders": {
        "User-Agent": [
          "FxVersion/4.6.25211.01",
          "Microsoft.Azure.Management.ResourceManager.Fluent.ResourceManagementClient/1.11.1.0",
          "MacAddressHash/cc0dc995bd7689190d87305dca6418746f27065181fa649f43731fb8fc5f1b10"
        ]
      },
      "ResponseBody": "",
      "ResponseHeaders": {
        "Content-Length": [
          "0"
        ],
        "Expires": [
          "-1"
        ],
        "Cache-Control": [
          "no-cache"
        ],
        "Date": [
          "Fri, 20 Jul 2018 00:07:09 GMT"
        ],
        "Pragma": [
          "no-cache"
        ],
        "Location": [
          "https://management.azure.com/subscriptions/0b1f6471-1bf0-4dda-aec3-cb9272f09590/operationresults/eyJqb2JJZCI6IlJFU09VUkNFR1JPVVBERUxFVElPTkpPQi1SR0NPTVYwMDIwMC1XRVNUVVMiLCJqb2JMb2NhdGlvbiI6Indlc3R1cyJ9?api-version=2017-05-10"
        ],
        "Retry-After": [
          "15"
        ],
        "x-ms-ratelimit-remaining-subscription-reads": [
          "14977"
        ],
        "x-ms-request-id": [
          "50cccfcd-448b-477f-9553-6eba2a734d47"
        ],
        "x-ms-correlation-request-id": [
          "50cccfcd-448b-477f-9553-6eba2a734d47"
        ],
        "x-ms-routing-request-id": [
          "WESTUS2:20180720T000710Z:50cccfcd-448b-477f-9553-6eba2a734d47"
        ],
        "Strict-Transport-Security": [
          "max-age=31536000; includeSubDomains"
        ],
        "X-Content-Type-Options": [
          "nosniff"
        ]
      },
      "StatusCode": 202
    },
    {
      "RequestUri": "/subscriptions/0b1f6471-1bf0-4dda-aec3-cb9272f09590/operationresults/eyJqb2JJZCI6IlJFU09VUkNFR1JPVVBERUxFVElPTkpPQi1SR0NPTVYwMDIwMC1XRVNUVVMiLCJqb2JMb2NhdGlvbiI6Indlc3R1cyJ9?api-version=2017-05-10",
      "EncodedRequestUri": "L3N1YnNjcmlwdGlvbnMvMGIxZjY0NzEtMWJmMC00ZGRhLWFlYzMtY2I5MjcyZjA5NTkwL29wZXJhdGlvbnJlc3VsdHMvZXlKcWIySkpaQ0k2SWxKRlUwOVZVa05GUjFKUFZWQkVSVXhGVkVsUFRrcFBRaTFTUjBOUFRWWXdNREl3TUMxWFJWTlVWVk1pTENKcWIySk1iMk5oZEdsdmJpSTZJbmRsYzNSMWN5Sjk/YXBpLXZlcnNpb249MjAxNy0wNS0xMA==",
      "RequestMethod": "GET",
      "RequestBody": "",
      "RequestHeaders": {
        "User-Agent": [
          "FxVersion/4.6.25211.01",
          "Microsoft.Azure.Management.ResourceManager.Fluent.ResourceManagementClient/1.11.1.0",
          "MacAddressHash/cc0dc995bd7689190d87305dca6418746f27065181fa649f43731fb8fc5f1b10"
        ]
      },
      "ResponseBody": "",
      "ResponseHeaders": {
        "Content-Length": [
          "0"
        ],
        "Expires": [
          "-1"
        ],
        "Cache-Control": [
          "no-cache"
        ],
        "Date": [
          "Fri, 20 Jul 2018 00:07:25 GMT"
        ],
        "Pragma": [
          "no-cache"
        ],
        "Location": [
          "https://management.azure.com/subscriptions/0b1f6471-1bf0-4dda-aec3-cb9272f09590/operationresults/eyJqb2JJZCI6IlJFU09VUkNFR1JPVVBERUxFVElPTkpPQi1SR0NPTVYwMDIwMC1XRVNUVVMiLCJqb2JMb2NhdGlvbiI6Indlc3R1cyJ9?api-version=2017-05-10"
        ],
        "Retry-After": [
          "15"
        ],
        "x-ms-ratelimit-remaining-subscription-reads": [
          "14976"
        ],
        "x-ms-request-id": [
          "fc7e6033-f4a8-4953-b88f-f6857c2d949e"
        ],
        "x-ms-correlation-request-id": [
          "fc7e6033-f4a8-4953-b88f-f6857c2d949e"
        ],
        "x-ms-routing-request-id": [
          "WESTUS2:20180720T000725Z:fc7e6033-f4a8-4953-b88f-f6857c2d949e"
        ],
        "Strict-Transport-Security": [
          "max-age=31536000; includeSubDomains"
        ],
        "X-Content-Type-Options": [
          "nosniff"
        ]
      },
      "StatusCode": 202
    },
    {
      "RequestUri": "/subscriptions/0b1f6471-1bf0-4dda-aec3-cb9272f09590/operationresults/eyJqb2JJZCI6IlJFU09VUkNFR1JPVVBERUxFVElPTkpPQi1SR0NPTVYwMDIwMC1XRVNUVVMiLCJqb2JMb2NhdGlvbiI6Indlc3R1cyJ9?api-version=2017-05-10",
      "EncodedRequestUri": "L3N1YnNjcmlwdGlvbnMvMGIxZjY0NzEtMWJmMC00ZGRhLWFlYzMtY2I5MjcyZjA5NTkwL29wZXJhdGlvbnJlc3VsdHMvZXlKcWIySkpaQ0k2SWxKRlUwOVZVa05GUjFKUFZWQkVSVXhGVkVsUFRrcFBRaTFTUjBOUFRWWXdNREl3TUMxWFJWTlVWVk1pTENKcWIySk1iMk5oZEdsdmJpSTZJbmRsYzNSMWN5Sjk/YXBpLXZlcnNpb249MjAxNy0wNS0xMA==",
      "RequestMethod": "GET",
      "RequestBody": "",
      "RequestHeaders": {
        "User-Agent": [
          "FxVersion/4.6.25211.01",
          "Microsoft.Azure.Management.ResourceManager.Fluent.ResourceManagementClient/1.11.1.0",
          "MacAddressHash/cc0dc995bd7689190d87305dca6418746f27065181fa649f43731fb8fc5f1b10"
        ]
      },
      "ResponseBody": "",
      "ResponseHeaders": {
        "Content-Length": [
          "0"
        ],
        "Expires": [
          "-1"
        ],
        "Cache-Control": [
          "no-cache"
        ],
        "Date": [
          "Fri, 20 Jul 2018 00:07:39 GMT"
        ],
        "Pragma": [
          "no-cache"
        ],
        "Location": [
          "https://management.azure.com/subscriptions/0b1f6471-1bf0-4dda-aec3-cb9272f09590/operationresults/eyJqb2JJZCI6IlJFU09VUkNFR1JPVVBERUxFVElPTkpPQi1SR0NPTVYwMDIwMC1XRVNUVVMiLCJqb2JMb2NhdGlvbiI6Indlc3R1cyJ9?api-version=2017-05-10"
        ],
        "Retry-After": [
          "15"
        ],
        "x-ms-ratelimit-remaining-subscription-reads": [
          "14975"
        ],
        "x-ms-request-id": [
          "16bf6fbf-1550-4b6b-97fd-d81789eb83a3"
        ],
        "x-ms-correlation-request-id": [
          "16bf6fbf-1550-4b6b-97fd-d81789eb83a3"
        ],
        "x-ms-routing-request-id": [
          "WESTUS2:20180720T000740Z:16bf6fbf-1550-4b6b-97fd-d81789eb83a3"
        ],
        "Strict-Transport-Security": [
          "max-age=31536000; includeSubDomains"
        ],
        "X-Content-Type-Options": [
          "nosniff"
        ]
      },
      "StatusCode": 202
    },
    {
      "RequestUri": "/subscriptions/0b1f6471-1bf0-4dda-aec3-cb9272f09590/operationresults/eyJqb2JJZCI6IlJFU09VUkNFR1JPVVBERUxFVElPTkpPQi1SR0NPTVYwMDIwMC1XRVNUVVMiLCJqb2JMb2NhdGlvbiI6Indlc3R1cyJ9?api-version=2017-05-10",
      "EncodedRequestUri": "L3N1YnNjcmlwdGlvbnMvMGIxZjY0NzEtMWJmMC00ZGRhLWFlYzMtY2I5MjcyZjA5NTkwL29wZXJhdGlvbnJlc3VsdHMvZXlKcWIySkpaQ0k2SWxKRlUwOVZVa05GUjFKUFZWQkVSVXhGVkVsUFRrcFBRaTFTUjBOUFRWWXdNREl3TUMxWFJWTlVWVk1pTENKcWIySk1iMk5oZEdsdmJpSTZJbmRsYzNSMWN5Sjk/YXBpLXZlcnNpb249MjAxNy0wNS0xMA==",
      "RequestMethod": "GET",
      "RequestBody": "",
      "RequestHeaders": {
        "User-Agent": [
          "FxVersion/4.6.25211.01",
          "Microsoft.Azure.Management.ResourceManager.Fluent.ResourceManagementClient/1.11.1.0",
          "MacAddressHash/cc0dc995bd7689190d87305dca6418746f27065181fa649f43731fb8fc5f1b10"
        ]
      },
      "ResponseBody": "",
      "ResponseHeaders": {
        "Content-Length": [
          "0"
        ],
        "Expires": [
          "-1"
        ],
        "Cache-Control": [
          "no-cache"
        ],
        "Date": [
          "Fri, 20 Jul 2018 00:07:54 GMT"
        ],
        "Pragma": [
          "no-cache"
        ],
        "Location": [
          "https://management.azure.com/subscriptions/0b1f6471-1bf0-4dda-aec3-cb9272f09590/operationresults/eyJqb2JJZCI6IlJFU09VUkNFR1JPVVBERUxFVElPTkpPQi1SR0NPTVYwMDIwMC1XRVNUVVMiLCJqb2JMb2NhdGlvbiI6Indlc3R1cyJ9?api-version=2017-05-10"
        ],
        "Retry-After": [
          "15"
        ],
        "x-ms-ratelimit-remaining-subscription-reads": [
          "14974"
        ],
        "x-ms-request-id": [
          "e84eb1ca-476a-4316-bc87-0cbef05e0d1f"
        ],
        "x-ms-correlation-request-id": [
          "e84eb1ca-476a-4316-bc87-0cbef05e0d1f"
        ],
        "x-ms-routing-request-id": [
          "WESTUS2:20180720T000755Z:e84eb1ca-476a-4316-bc87-0cbef05e0d1f"
        ],
        "Strict-Transport-Security": [
          "max-age=31536000; includeSubDomains"
        ],
        "X-Content-Type-Options": [
          "nosniff"
        ]
      },
      "StatusCode": 202
    },
    {
      "RequestUri": "/subscriptions/0b1f6471-1bf0-4dda-aec3-cb9272f09590/operationresults/eyJqb2JJZCI6IlJFU09VUkNFR1JPVVBERUxFVElPTkpPQi1SR0NPTVYwMDIwMC1XRVNUVVMiLCJqb2JMb2NhdGlvbiI6Indlc3R1cyJ9?api-version=2017-05-10",
      "EncodedRequestUri": "L3N1YnNjcmlwdGlvbnMvMGIxZjY0NzEtMWJmMC00ZGRhLWFlYzMtY2I5MjcyZjA5NTkwL29wZXJhdGlvbnJlc3VsdHMvZXlKcWIySkpaQ0k2SWxKRlUwOVZVa05GUjFKUFZWQkVSVXhGVkVsUFRrcFBRaTFTUjBOUFRWWXdNREl3TUMxWFJWTlVWVk1pTENKcWIySk1iMk5oZEdsdmJpSTZJbmRsYzNSMWN5Sjk/YXBpLXZlcnNpb249MjAxNy0wNS0xMA==",
      "RequestMethod": "GET",
      "RequestBody": "",
      "RequestHeaders": {
        "User-Agent": [
          "FxVersion/4.6.25211.01",
          "Microsoft.Azure.Management.ResourceManager.Fluent.ResourceManagementClient/1.11.1.0",
          "MacAddressHash/cc0dc995bd7689190d87305dca6418746f27065181fa649f43731fb8fc5f1b10"
        ]
      },
      "ResponseBody": "",
      "ResponseHeaders": {
        "Content-Length": [
          "0"
        ],
        "Expires": [
          "-1"
        ],
        "Cache-Control": [
          "no-cache"
        ],
        "Date": [
          "Fri, 20 Jul 2018 00:08:10 GMT"
        ],
        "Pragma": [
          "no-cache"
        ],
        "Location": [
          "https://management.azure.com/subscriptions/0b1f6471-1bf0-4dda-aec3-cb9272f09590/operationresults/eyJqb2JJZCI6IlJFU09VUkNFR1JPVVBERUxFVElPTkpPQi1SR0NPTVYwMDIwMC1XRVNUVVMiLCJqb2JMb2NhdGlvbiI6Indlc3R1cyJ9?api-version=2017-05-10"
        ],
        "Retry-After": [
          "15"
        ],
        "x-ms-ratelimit-remaining-subscription-reads": [
          "14973"
        ],
        "x-ms-request-id": [
          "e6cc1d39-eb95-43a4-b65d-d4e918910ebe"
        ],
        "x-ms-correlation-request-id": [
          "e6cc1d39-eb95-43a4-b65d-d4e918910ebe"
        ],
        "x-ms-routing-request-id": [
          "WESTUS2:20180720T000810Z:e6cc1d39-eb95-43a4-b65d-d4e918910ebe"
        ],
        "Strict-Transport-Security": [
          "max-age=31536000; includeSubDomains"
        ],
        "X-Content-Type-Options": [
          "nosniff"
        ]
      },
      "StatusCode": 202
    },
    {
      "RequestUri": "/subscriptions/0b1f6471-1bf0-4dda-aec3-cb9272f09590/operationresults/eyJqb2JJZCI6IlJFU09VUkNFR1JPVVBERUxFVElPTkpPQi1SR0NPTVYwMDIwMC1XRVNUVVMiLCJqb2JMb2NhdGlvbiI6Indlc3R1cyJ9?api-version=2017-05-10",
      "EncodedRequestUri": "L3N1YnNjcmlwdGlvbnMvMGIxZjY0NzEtMWJmMC00ZGRhLWFlYzMtY2I5MjcyZjA5NTkwL29wZXJhdGlvbnJlc3VsdHMvZXlKcWIySkpaQ0k2SWxKRlUwOVZVa05GUjFKUFZWQkVSVXhGVkVsUFRrcFBRaTFTUjBOUFRWWXdNREl3TUMxWFJWTlVWVk1pTENKcWIySk1iMk5oZEdsdmJpSTZJbmRsYzNSMWN5Sjk/YXBpLXZlcnNpb249MjAxNy0wNS0xMA==",
      "RequestMethod": "GET",
      "RequestBody": "",
      "RequestHeaders": {
        "User-Agent": [
          "FxVersion/4.6.25211.01",
          "Microsoft.Azure.Management.ResourceManager.Fluent.ResourceManagementClient/1.11.1.0",
          "MacAddressHash/cc0dc995bd7689190d87305dca6418746f27065181fa649f43731fb8fc5f1b10"
        ]
      },
      "ResponseBody": "",
      "ResponseHeaders": {
        "Content-Length": [
          "0"
        ],
        "Expires": [
          "-1"
        ],
        "Cache-Control": [
          "no-cache"
        ],
        "Date": [
          "Fri, 20 Jul 2018 00:08:25 GMT"
        ],
        "Pragma": [
          "no-cache"
        ],
        "Location": [
          "https://management.azure.com/subscriptions/0b1f6471-1bf0-4dda-aec3-cb9272f09590/operationresults/eyJqb2JJZCI6IlJFU09VUkNFR1JPVVBERUxFVElPTkpPQi1SR0NPTVYwMDIwMC1XRVNUVVMiLCJqb2JMb2NhdGlvbiI6Indlc3R1cyJ9?api-version=2017-05-10"
        ],
        "Retry-After": [
          "15"
        ],
        "x-ms-ratelimit-remaining-subscription-reads": [
          "14972"
        ],
        "x-ms-request-id": [
          "2b6d5dd1-c3f8-413b-a96b-b21a3804891d"
        ],
        "x-ms-correlation-request-id": [
          "2b6d5dd1-c3f8-413b-a96b-b21a3804891d"
        ],
        "x-ms-routing-request-id": [
          "WESTUS2:20180720T000825Z:2b6d5dd1-c3f8-413b-a96b-b21a3804891d"
        ],
        "Strict-Transport-Security": [
          "max-age=31536000; includeSubDomains"
        ],
        "X-Content-Type-Options": [
          "nosniff"
        ]
      },
      "StatusCode": 202
    },
    {
      "RequestUri": "/subscriptions/0b1f6471-1bf0-4dda-aec3-cb9272f09590/operationresults/eyJqb2JJZCI6IlJFU09VUkNFR1JPVVBERUxFVElPTkpPQi1SR0NPTVYwMDIwMC1XRVNUVVMiLCJqb2JMb2NhdGlvbiI6Indlc3R1cyJ9?api-version=2017-05-10",
      "EncodedRequestUri": "L3N1YnNjcmlwdGlvbnMvMGIxZjY0NzEtMWJmMC00ZGRhLWFlYzMtY2I5MjcyZjA5NTkwL29wZXJhdGlvbnJlc3VsdHMvZXlKcWIySkpaQ0k2SWxKRlUwOVZVa05GUjFKUFZWQkVSVXhGVkVsUFRrcFBRaTFTUjBOUFRWWXdNREl3TUMxWFJWTlVWVk1pTENKcWIySk1iMk5oZEdsdmJpSTZJbmRsYzNSMWN5Sjk/YXBpLXZlcnNpb249MjAxNy0wNS0xMA==",
      "RequestMethod": "GET",
      "RequestBody": "",
      "RequestHeaders": {
        "User-Agent": [
          "FxVersion/4.6.25211.01",
          "Microsoft.Azure.Management.ResourceManager.Fluent.ResourceManagementClient/1.11.1.0",
          "MacAddressHash/cc0dc995bd7689190d87305dca6418746f27065181fa649f43731fb8fc5f1b10"
        ]
      },
      "ResponseBody": "",
      "ResponseHeaders": {
        "Content-Length": [
          "0"
        ],
        "Expires": [
          "-1"
        ],
        "Cache-Control": [
          "no-cache"
        ],
        "Date": [
          "Fri, 20 Jul 2018 00:08:40 GMT"
        ],
        "Pragma": [
          "no-cache"
        ],
        "Location": [
          "https://management.azure.com/subscriptions/0b1f6471-1bf0-4dda-aec3-cb9272f09590/operationresults/eyJqb2JJZCI6IlJFU09VUkNFR1JPVVBERUxFVElPTkpPQi1SR0NPTVYwMDIwMC1XRVNUVVMiLCJqb2JMb2NhdGlvbiI6Indlc3R1cyJ9?api-version=2017-05-10"
        ],
        "Retry-After": [
          "15"
        ],
        "x-ms-ratelimit-remaining-subscription-reads": [
          "14971"
        ],
        "x-ms-request-id": [
          "c4258db1-9072-479d-943b-a0adc9a797b4"
        ],
        "x-ms-correlation-request-id": [
          "c4258db1-9072-479d-943b-a0adc9a797b4"
        ],
        "x-ms-routing-request-id": [
          "WESTUS2:20180720T000841Z:c4258db1-9072-479d-943b-a0adc9a797b4"
        ],
        "Strict-Transport-Security": [
          "max-age=31536000; includeSubDomains"
        ],
        "X-Content-Type-Options": [
          "nosniff"
        ]
      },
      "StatusCode": 202
    },
    {
      "RequestUri": "/subscriptions/0b1f6471-1bf0-4dda-aec3-cb9272f09590/operationresults/eyJqb2JJZCI6IlJFU09VUkNFR1JPVVBERUxFVElPTkpPQi1SR0NPTVYwMDIwMC1XRVNUVVMiLCJqb2JMb2NhdGlvbiI6Indlc3R1cyJ9?api-version=2017-05-10",
      "EncodedRequestUri": "L3N1YnNjcmlwdGlvbnMvMGIxZjY0NzEtMWJmMC00ZGRhLWFlYzMtY2I5MjcyZjA5NTkwL29wZXJhdGlvbnJlc3VsdHMvZXlKcWIySkpaQ0k2SWxKRlUwOVZVa05GUjFKUFZWQkVSVXhGVkVsUFRrcFBRaTFTUjBOUFRWWXdNREl3TUMxWFJWTlVWVk1pTENKcWIySk1iMk5oZEdsdmJpSTZJbmRsYzNSMWN5Sjk/YXBpLXZlcnNpb249MjAxNy0wNS0xMA==",
      "RequestMethod": "GET",
      "RequestBody": "",
      "RequestHeaders": {
        "User-Agent": [
          "FxVersion/4.6.25211.01",
          "Microsoft.Azure.Management.ResourceManager.Fluent.ResourceManagementClient/1.11.1.0",
          "MacAddressHash/cc0dc995bd7689190d87305dca6418746f27065181fa649f43731fb8fc5f1b10"
        ]
      },
      "ResponseBody": "",
      "ResponseHeaders": {
        "Content-Length": [
          "0"
        ],
        "Expires": [
          "-1"
        ],
        "Cache-Control": [
          "no-cache"
        ],
        "Date": [
          "Fri, 20 Jul 2018 00:08:55 GMT"
        ],
        "Pragma": [
          "no-cache"
        ],
        "Location": [
          "https://management.azure.com/subscriptions/0b1f6471-1bf0-4dda-aec3-cb9272f09590/operationresults/eyJqb2JJZCI6IlJFU09VUkNFR1JPVVBERUxFVElPTkpPQi1SR0NPTVYwMDIwMC1XRVNUVVMiLCJqb2JMb2NhdGlvbiI6Indlc3R1cyJ9?api-version=2017-05-10"
        ],
        "Retry-After": [
          "15"
        ],
        "x-ms-ratelimit-remaining-subscription-reads": [
          "14970"
        ],
        "x-ms-request-id": [
          "64694684-a13e-4060-b640-2b6f0baa938e"
        ],
        "x-ms-correlation-request-id": [
          "64694684-a13e-4060-b640-2b6f0baa938e"
        ],
        "x-ms-routing-request-id": [
          "WESTUS2:20180720T000856Z:64694684-a13e-4060-b640-2b6f0baa938e"
        ],
        "Strict-Transport-Security": [
          "max-age=31536000; includeSubDomains"
        ],
        "X-Content-Type-Options": [
          "nosniff"
        ]
      },
      "StatusCode": 202
    },
    {
      "RequestUri": "/subscriptions/0b1f6471-1bf0-4dda-aec3-cb9272f09590/operationresults/eyJqb2JJZCI6IlJFU09VUkNFR1JPVVBERUxFVElPTkpPQi1SR0NPTVYwMDIwMC1XRVNUVVMiLCJqb2JMb2NhdGlvbiI6Indlc3R1cyJ9?api-version=2017-05-10",
      "EncodedRequestUri": "L3N1YnNjcmlwdGlvbnMvMGIxZjY0NzEtMWJmMC00ZGRhLWFlYzMtY2I5MjcyZjA5NTkwL29wZXJhdGlvbnJlc3VsdHMvZXlKcWIySkpaQ0k2SWxKRlUwOVZVa05GUjFKUFZWQkVSVXhGVkVsUFRrcFBRaTFTUjBOUFRWWXdNREl3TUMxWFJWTlVWVk1pTENKcWIySk1iMk5oZEdsdmJpSTZJbmRsYzNSMWN5Sjk/YXBpLXZlcnNpb249MjAxNy0wNS0xMA==",
      "RequestMethod": "GET",
      "RequestBody": "",
      "RequestHeaders": {
        "User-Agent": [
          "FxVersion/4.6.25211.01",
          "Microsoft.Azure.Management.ResourceManager.Fluent.ResourceManagementClient/1.11.1.0",
          "MacAddressHash/cc0dc995bd7689190d87305dca6418746f27065181fa649f43731fb8fc5f1b10"
        ]
      },
      "ResponseBody": "",
      "ResponseHeaders": {
        "Content-Length": [
          "0"
        ],
        "Expires": [
          "-1"
        ],
        "Cache-Control": [
          "no-cache"
        ],
        "Date": [
          "Fri, 20 Jul 2018 00:09:10 GMT"
        ],
        "Pragma": [
          "no-cache"
        ],
        "Location": [
          "https://management.azure.com/subscriptions/0b1f6471-1bf0-4dda-aec3-cb9272f09590/operationresults/eyJqb2JJZCI6IlJFU09VUkNFR1JPVVBERUxFVElPTkpPQi1SR0NPTVYwMDIwMC1XRVNUVVMiLCJqb2JMb2NhdGlvbiI6Indlc3R1cyJ9?api-version=2017-05-10"
        ],
        "Retry-After": [
          "15"
        ],
        "x-ms-ratelimit-remaining-subscription-reads": [
          "14969"
        ],
        "x-ms-request-id": [
          "506298a9-f338-453e-bfec-1f4b68e8b98d"
        ],
        "x-ms-correlation-request-id": [
          "506298a9-f338-453e-bfec-1f4b68e8b98d"
        ],
        "x-ms-routing-request-id": [
          "WESTUS2:20180720T000911Z:506298a9-f338-453e-bfec-1f4b68e8b98d"
        ],
        "Strict-Transport-Security": [
          "max-age=31536000; includeSubDomains"
        ],
        "X-Content-Type-Options": [
          "nosniff"
        ]
      },
      "StatusCode": 202
    },
    {
      "RequestUri": "/subscriptions/0b1f6471-1bf0-4dda-aec3-cb9272f09590/operationresults/eyJqb2JJZCI6IlJFU09VUkNFR1JPVVBERUxFVElPTkpPQi1SR0NPTVYwMDIwMC1XRVNUVVMiLCJqb2JMb2NhdGlvbiI6Indlc3R1cyJ9?api-version=2017-05-10",
      "EncodedRequestUri": "L3N1YnNjcmlwdGlvbnMvMGIxZjY0NzEtMWJmMC00ZGRhLWFlYzMtY2I5MjcyZjA5NTkwL29wZXJhdGlvbnJlc3VsdHMvZXlKcWIySkpaQ0k2SWxKRlUwOVZVa05GUjFKUFZWQkVSVXhGVkVsUFRrcFBRaTFTUjBOUFRWWXdNREl3TUMxWFJWTlVWVk1pTENKcWIySk1iMk5oZEdsdmJpSTZJbmRsYzNSMWN5Sjk/YXBpLXZlcnNpb249MjAxNy0wNS0xMA==",
      "RequestMethod": "GET",
      "RequestBody": "",
      "RequestHeaders": {
        "User-Agent": [
          "FxVersion/4.6.25211.01",
          "Microsoft.Azure.Management.ResourceManager.Fluent.ResourceManagementClient/1.11.1.0",
          "MacAddressHash/cc0dc995bd7689190d87305dca6418746f27065181fa649f43731fb8fc5f1b10"
        ]
      },
      "ResponseBody": "",
      "ResponseHeaders": {
        "Content-Length": [
          "0"
        ],
        "Expires": [
          "-1"
        ],
        "Cache-Control": [
          "no-cache"
        ],
        "Date": [
          "Fri, 20 Jul 2018 00:09:25 GMT"
        ],
        "Pragma": [
          "no-cache"
        ],
        "x-ms-ratelimit-remaining-subscription-reads": [
          "14968"
        ],
        "x-ms-request-id": [
          "f16102d0-ab0e-49d8-8384-610da4b1fb7f"
        ],
        "x-ms-correlation-request-id": [
          "f16102d0-ab0e-49d8-8384-610da4b1fb7f"
        ],
        "x-ms-routing-request-id": [
          "WESTUS2:20180720T000926Z:f16102d0-ab0e-49d8-8384-610da4b1fb7f"
        ],
        "Strict-Transport-Security": [
          "max-age=31536000; includeSubDomains"
        ],
        "X-Content-Type-Options": [
          "nosniff"
        ]
      },
      "StatusCode": 200
    }
  ],
  "Names": {
    "CreateVMsUsingCustomImageOrSpecializedVHDTest": [
      "rgcomv00200",
      "vm132047d",
      "vm2502682",
      "vm3771206",
      "pip511758",
      "nicvm132047d0b271572",
      "vnetac5576018208",
      "pip7997100f",
      "stgvm132047d0b29959749"
    ]
  },
  "Variables": {
    "ServicePrincipal": "39e3d217-cb72-4b90-8532-394a7e784d93",
    "AADTenant": "54826b22-38d6-4fb2-bad9-b7b93a3e9c5a",
    "SubscriptionId": "0b1f6471-1bf0-4dda-aec3-cb9272f09590"
  }
}