{
  "Entries": [
    {
      "RequestUri": "/subscriptions/ec0aa5f7-9e78-40c9-85cd-535c6305b380/resourcegroups/rgcomv196033244dca4cf4?api-version=2016-02-01",
      "EncodedRequestUri": "L3N1YnNjcmlwdGlvbnMvZWMwYWE1ZjctOWU3OC00MGM5LTg1Y2QtNTM1YzYzMDViMzgwL3Jlc291cmNlZ3JvdXBzL3JnY29tdjE5NjAzMzI0NGRjYTRjZjQ/YXBpLXZlcnNpb249MjAxNi0wMi0wMQ==",
      "RequestMethod": "PUT",
      "RequestBody": "{\r\n  \"location\": \"eastus2\"\r\n}",
      "RequestHeaders": {
        "Content-Type": [
          "application/json; charset=utf-8"
        ],
        "Content-Length": [
          "29"
        ],
        "x-ms-client-request-id": [
          "5b05b034-2c5b-4424-bb37-29506a48f446"
        ],
        "accept-language": [
          "en-US"
        ],
        "User-Agent": [
          "FxVersion/4.6.25211.01",
          "Microsoft.Azure.Management.ResourceManager.Fluent.ResourceManagementClient/1.3.0.0",
          "MacAddressHash/cf4abc88ec35afdb5bdcd5261ffce0ca8360bbdc5aed5c4d77c1f9b874f4c20b"
        ]
      },
      "ResponseBody": "{\r\n  \"id\": \"/subscriptions/ec0aa5f7-9e78-40c9-85cd-535c6305b380/resourceGroups/rgcomv196033244dca4cf4\",\r\n  \"name\": \"rgcomv196033244dca4cf4\",\r\n  \"location\": \"eastus2\",\r\n  \"properties\": {\r\n    \"provisioningState\": \"Succeeded\"\r\n  }\r\n}",
      "ResponseHeaders": {
        "Content-Length": [
          "198"
        ],
        "Content-Type": [
          "application/json; charset=utf-8"
        ],
        "Expires": [
          "-1"
        ],
        "Cache-Control": [
          "no-cache"
        ],
        "Date": [
          "Mon, 02 Oct 2017 06:34:36 GMT"
        ],
        "Pragma": [
          "no-cache"
        ],
        "x-ms-ratelimit-remaining-subscription-writes": [
          "1199"
        ],
        "x-ms-request-id": [
          "cabce72f-c684-49eb-839c-67e8a844eaa1"
        ],
        "x-ms-correlation-request-id": [
          "cabce72f-c684-49eb-839c-67e8a844eaa1"
        ],
        "x-ms-routing-request-id": [
          "CANADAEAST:20171002T063436Z:cabce72f-c684-49eb-839c-67e8a844eaa1"
        ],
        "Strict-Transport-Security": [
          "max-age=31536000; includeSubDomains"
        ]
      },
      "StatusCode": 201
    },
    {
      "RequestUri": "/subscriptions/ec0aa5f7-9e78-40c9-85cd-535c6305b380/resourceGroups/rgcomv196033244dca4cf4/providers/Microsoft.Network/publicIPAddresses/pip-extlbfbf86894daf75040?api-version=2017-08-01",
      "EncodedRequestUri": "L3N1YnNjcmlwdGlvbnMvZWMwYWE1ZjctOWU3OC00MGM5LTg1Y2QtNTM1YzYzMDViMzgwL3Jlc291cmNlR3JvdXBzL3JnY29tdjE5NjAzMzI0NGRjYTRjZjQvcHJvdmlkZXJzL01pY3Jvc29mdC5OZXR3b3JrL3B1YmxpY0lQQWRkcmVzc2VzL3BpcC1leHRsYmZiZjg2ODk0ZGFmNzUwNDA/YXBpLXZlcnNpb249MjAxNy0wOC0wMQ==",
      "RequestMethod": "PUT",
      "RequestBody": "{\r\n  \"sku\": {\r\n    \"name\": \"Standard\"\r\n  },\r\n  \"properties\": {\r\n    \"publicIPAllocationMethod\": \"Static\",\r\n    \"dnsSettings\": {\r\n      \"domainNameLabel\": \"pip-extlbfbf86894daf75040\"\r\n    }\r\n  },\r\n  \"location\": \"eastus2\",\r\n  \"tags\": {}\r\n}",
      "RequestHeaders": {
        "Content-Type": [
          "application/json; charset=utf-8"
        ],
        "Content-Length": [
          "237"
        ],
        "x-ms-client-request-id": [
          "e5d433c4-7b93-4e4d-b11b-abcd102d7e15"
        ],
        "accept-language": [
          "en-US"
        ],
        "User-Agent": [
          "FxVersion/4.6.25211.01",
          "Microsoft.Azure.Management.Network.Fluent.NetworkManagementClient/1.3.0.0",
          "MacAddressHash/cf4abc88ec35afdb5bdcd5261ffce0ca8360bbdc5aed5c4d77c1f9b874f4c20b"
        ]
      },
      "ResponseBody": "{\r\n  \"name\": \"pip-extlbfbf86894daf75040\",\r\n  \"id\": \"/subscriptions/ec0aa5f7-9e78-40c9-85cd-535c6305b380/resourceGroups/rgcomv196033244dca4cf4/providers/Microsoft.Network/publicIPAddresses/pip-extlbfbf86894daf75040\",\r\n  \"etag\": \"W/\\\"1813a4c2-1db5-4e6a-a9ea-3cfbd89a69dc\\\"\",\r\n  \"location\": \"eastus2\",\r\n  \"tags\": {},\r\n  \"properties\": {\r\n    \"provisioningState\": \"Updating\",\r\n    \"resourceGuid\": \"07db82ab-342a-4c6a-9420-0391f148f2d6\",\r\n    \"publicIPAddressVersion\": \"IPv4\",\r\n    \"publicIPAllocationMethod\": \"Static\",\r\n    \"idleTimeoutInMinutes\": 4,\r\n    \"dnsSettings\": {\r\n      \"domainNameLabel\": \"pip-extlbfbf86894daf75040\",\r\n      \"fqdn\": \"pip-extlbfbf86894daf75040.eastus2.cloudapp.azure.com\"\r\n    }\r\n  },\r\n  \"type\": \"Microsoft.Network/publicIPAddresses\",\r\n  \"sku\": {\r\n    \"name\": \"Standard\"\r\n  }\r\n}",
      "ResponseHeaders": {
        "Content-Length": [
          "799"
        ],
        "Content-Type": [
          "application/json; charset=utf-8"
        ],
        "Expires": [
          "-1"
        ],
        "Cache-Control": [
          "no-cache"
        ],
        "Date": [
          "Mon, 02 Oct 2017 06:34:38 GMT"
        ],
        "Pragma": [
          "no-cache"
        ],
        "Retry-After": [
          "3"
        ],
        "Server": [
          "Microsoft-HTTPAPI/2.0",
          "Microsoft-HTTPAPI/2.0"
        ],
        "x-ms-request-id": [
          "3502c2bc-ec38-4c3e-b46d-efe5e84f437c"
        ],
        "Azure-AsyncOperation": [
          "https://management.azure.com/subscriptions/ec0aa5f7-9e78-40c9-85cd-535c6305b380/providers/Microsoft.Network/locations/eastus2/operations/3502c2bc-ec38-4c3e-b46d-efe5e84f437c?api-version=2017-08-01"
        ],
        "Strict-Transport-Security": [
          "max-age=31536000; includeSubDomains"
        ],
        "x-ms-ratelimit-remaining-subscription-writes": [
          "1198"
        ],
        "x-ms-correlation-request-id": [
          "87836f1b-9430-4af5-b0ed-f05b72cdc595"
        ],
        "x-ms-routing-request-id": [
          "CANADAEAST:20171002T063439Z:87836f1b-9430-4af5-b0ed-f05b72cdc595"
        ]
      },
      "StatusCode": 201
    },
    {
      "RequestUri": "/subscriptions/ec0aa5f7-9e78-40c9-85cd-535c6305b380/providers/Microsoft.Network/locations/eastus2/operations/3502c2bc-ec38-4c3e-b46d-efe5e84f437c?api-version=2017-08-01",
      "EncodedRequestUri": "L3N1YnNjcmlwdGlvbnMvZWMwYWE1ZjctOWU3OC00MGM5LTg1Y2QtNTM1YzYzMDViMzgwL3Byb3ZpZGVycy9NaWNyb3NvZnQuTmV0d29yay9sb2NhdGlvbnMvZWFzdHVzMi9vcGVyYXRpb25zLzM1MDJjMmJjLWVjMzgtNGMzZS1iNDZkLWVmZTVlODRmNDM3Yz9hcGktdmVyc2lvbj0yMDE3LTA4LTAx",
      "RequestMethod": "GET",
      "RequestBody": "",
      "RequestHeaders": {
        "User-Agent": [
          "FxVersion/4.6.25211.01",
          "Microsoft.Azure.Management.Network.Fluent.NetworkManagementClient/1.3.0.0",
          "MacAddressHash/cf4abc88ec35afdb5bdcd5261ffce0ca8360bbdc5aed5c4d77c1f9b874f4c20b"
        ]
      },
      "ResponseBody": "{\r\n  \"status\": \"Succeeded\"\r\n}",
      "ResponseHeaders": {
        "Content-Type": [
          "application/json; charset=utf-8"
        ],
        "Expires": [
          "-1"
        ],
        "Cache-Control": [
          "no-cache"
        ],
        "Date": [
          "Mon, 02 Oct 2017 06:34:49 GMT"
        ],
        "Pragma": [
          "no-cache"
        ],
        "Transfer-Encoding": [
          "chunked"
        ],
        "Server": [
          "Microsoft-HTTPAPI/2.0",
          "Microsoft-HTTPAPI/2.0"
        ],
        "Vary": [
          "Accept-Encoding"
        ],
        "x-ms-request-id": [
          "c9c51664-4fd3-4628-834c-2e4dec40b926"
        ],
        "Strict-Transport-Security": [
          "max-age=31536000; includeSubDomains"
        ],
        "x-ms-ratelimit-remaining-subscription-reads": [
          "14999"
        ],
        "x-ms-correlation-request-id": [
          "11667589-3cdf-4883-bd1c-aee8b5a6654c"
        ],
        "x-ms-routing-request-id": [
          "CANADAEAST:20171002T063449Z:11667589-3cdf-4883-bd1c-aee8b5a6654c"
        ]
      },
      "StatusCode": 200
    },
    {
      "RequestUri": "/subscriptions/ec0aa5f7-9e78-40c9-85cd-535c6305b380/resourceGroups/rgcomv196033244dca4cf4/providers/Microsoft.Network/publicIPAddresses/pip-extlbfbf86894daf75040?api-version=2017-08-01",
      "EncodedRequestUri": "L3N1YnNjcmlwdGlvbnMvZWMwYWE1ZjctOWU3OC00MGM5LTg1Y2QtNTM1YzYzMDViMzgwL3Jlc291cmNlR3JvdXBzL3JnY29tdjE5NjAzMzI0NGRjYTRjZjQvcHJvdmlkZXJzL01pY3Jvc29mdC5OZXR3b3JrL3B1YmxpY0lQQWRkcmVzc2VzL3BpcC1leHRsYmZiZjg2ODk0ZGFmNzUwNDA/YXBpLXZlcnNpb249MjAxNy0wOC0wMQ==",
      "RequestMethod": "GET",
      "RequestBody": "",
      "RequestHeaders": {
        "User-Agent": [
          "FxVersion/4.6.25211.01",
          "Microsoft.Azure.Management.Network.Fluent.NetworkManagementClient/1.3.0.0",
          "MacAddressHash/cf4abc88ec35afdb5bdcd5261ffce0ca8360bbdc5aed5c4d77c1f9b874f4c20b"
        ]
      },
      "ResponseBody": "{\r\n  \"name\": \"pip-extlbfbf86894daf75040\",\r\n  \"id\": \"/subscriptions/ec0aa5f7-9e78-40c9-85cd-535c6305b380/resourceGroups/rgcomv196033244dca4cf4/providers/Microsoft.Network/publicIPAddresses/pip-extlbfbf86894daf75040\",\r\n  \"etag\": \"W/\\\"1f5eb2b1-4956-4426-a901-f10037fc2a12\\\"\",\r\n  \"location\": \"eastus2\",\r\n  \"tags\": {},\r\n  \"properties\": {\r\n    \"provisioningState\": \"Succeeded\",\r\n    \"resourceGuid\": \"07db82ab-342a-4c6a-9420-0391f148f2d6\",\r\n    \"ipAddress\": \"40.67.154.86\",\r\n    \"publicIPAddressVersion\": \"IPv4\",\r\n    \"publicIPAllocationMethod\": \"Static\",\r\n    \"idleTimeoutInMinutes\": 4,\r\n    \"dnsSettings\": {\r\n      \"domainNameLabel\": \"pip-extlbfbf86894daf75040\",\r\n      \"fqdn\": \"pip-extlbfbf86894daf75040.eastus2.cloudapp.azure.com\"\r\n    }\r\n  },\r\n  \"type\": \"Microsoft.Network/publicIPAddresses\",\r\n  \"sku\": {\r\n    \"name\": \"Standard\"\r\n  }\r\n}",
      "ResponseHeaders": {
        "Content-Type": [
          "application/json; charset=utf-8"
        ],
        "Expires": [
          "-1"
        ],
        "Cache-Control": [
          "no-cache"
        ],
        "Date": [
          "Mon, 02 Oct 2017 06:34:49 GMT"
        ],
        "Pragma": [
          "no-cache"
        ],
        "Transfer-Encoding": [
          "chunked"
        ],
        "ETag": [
          "W/\"1f5eb2b1-4956-4426-a901-f10037fc2a12\""
        ],
        "Server": [
          "Microsoft-HTTPAPI/2.0",
          "Microsoft-HTTPAPI/2.0"
        ],
        "Vary": [
          "Accept-Encoding"
        ],
        "x-ms-request-id": [
          "73fca2d9-1abd-4e6f-a505-971fc84e3141"
        ],
        "Strict-Transport-Security": [
          "max-age=31536000; includeSubDomains"
        ],
        "x-ms-ratelimit-remaining-subscription-reads": [
          "14998"
        ],
        "x-ms-correlation-request-id": [
          "7341b302-df71-4154-af56-35d00e871bdb"
        ],
        "x-ms-routing-request-id": [
          "CANADAEAST:20171002T063450Z:7341b302-df71-4154-af56-35d00e871bdb"
        ]
      },
      "StatusCode": 200
    },
    {
      "RequestUri": "/subscriptions/ec0aa5f7-9e78-40c9-85cd-535c6305b380/resourceGroups/rgcomv196033244dca4cf4/providers/Microsoft.Network/loadBalancers/extlbfbf86894daf75040?api-version=2017-08-01",
      "EncodedRequestUri": "L3N1YnNjcmlwdGlvbnMvZWMwYWE1ZjctOWU3OC00MGM5LTg1Y2QtNTM1YzYzMDViMzgwL3Jlc291cmNlR3JvdXBzL3JnY29tdjE5NjAzMzI0NGRjYTRjZjQvcHJvdmlkZXJzL01pY3Jvc29mdC5OZXR3b3JrL2xvYWRCYWxhbmNlcnMvZXh0bGJmYmY4Njg5NGRhZjc1MDQwP2FwaS12ZXJzaW9uPTIwMTctMDgtMDE=",
      "RequestMethod": "PUT",
      "RequestBody": "{\r\n  \"sku\": {\r\n    \"name\": \"Standard\"\r\n  },\r\n  \"properties\": {\r\n    \"frontendIPConfigurations\": [\r\n      {\r\n        \"properties\": {\r\n          \"publicIPAddress\": {\r\n            \"id\": \"/subscriptions/ec0aa5f7-9e78-40c9-85cd-535c6305b380/resourceGroups/rgcomv196033244dca4cf4/providers/Microsoft.Network/publicIPAddresses/pip-extlbfbf86894daf75040\"\r\n          }\r\n        },\r\n        \"name\": \"extlbfbf86894daf75040-FE1\"\r\n      }\r\n    ],\r\n    \"backendAddressPools\": [\r\n      {\r\n        \"name\": \"extlbfbf86894daf75040-BAP1\"\r\n      },\r\n      {\r\n        \"name\": \"extlbfbf86894daf75040-BAP2\"\r\n      }\r\n    ],\r\n    \"loadBalancingRules\": [\r\n      {\r\n        \"properties\": {\r\n          \"frontendIPConfiguration\": {\r\n            \"id\": \"/subscriptions/ec0aa5f7-9e78-40c9-85cd-535c6305b380/resourceGroups/rgcomv196033244dca4cf4/providers/Microsoft.Network/loadBalancers/extlbfbf86894daf75040/frontendIPConfigurations/extlbfbf86894daf75040-FE1\"\r\n          },\r\n          \"backendAddressPool\": {\r\n            \"id\": \"/subscriptions/ec0aa5f7-9e78-40c9-85cd-535c6305b380/resourceGroups/rgcomv196033244dca4cf4/providers/Microsoft.Network/loadBalancers/extlbfbf86894daf75040/backendAddressPools/extlbfbf86894daf75040-BAP1\"\r\n          },\r\n          \"probe\": {\r\n            \"id\": \"/subscriptions/ec0aa5f7-9e78-40c9-85cd-535c6305b380/resourceGroups/rgcomv196033244dca4cf4/providers/Microsoft.Network/loadBalancers/extlbfbf86894daf75040/probes/httpProbe\"\r\n          },\r\n          \"protocol\": \"Tcp\",\r\n          \"frontendPort\": 80,\r\n          \"backendPort\": 80\r\n        },\r\n        \"name\": \"httpRule\"\r\n      },\r\n      {\r\n        \"properties\": {\r\n          \"frontendIPConfiguration\": {\r\n            \"id\": \"/subscriptions/ec0aa5f7-9e78-40c9-85cd-535c6305b380/resourceGroups/rgcomv196033244dca4cf4/providers/Microsoft.Network/loadBalancers/extlbfbf86894daf75040/frontendIPConfigurations/extlbfbf86894daf75040-FE1\"\r\n          },\r\n          \"backendAddressPool\": {\r\n            \"id\": \"/subscriptions/ec0aa5f7-9e78-40c9-85cd-535c6305b380/resourceGroups/rgcomv196033244dca4cf4/providers/Microsoft.Network/loadBalancers/extlbfbf86894daf75040/backendAddressPools/extlbfbf86894daf75040-BAP2\"\r\n          },\r\n          \"probe\": {\r\n            \"id\": \"/subscriptions/ec0aa5f7-9e78-40c9-85cd-535c6305b380/resourceGroups/rgcomv196033244dca4cf4/providers/Microsoft.Network/loadBalancers/extlbfbf86894daf75040/probes/httpsProbe\"\r\n          },\r\n          \"protocol\": \"Tcp\",\r\n          \"frontendPort\": 443,\r\n          \"backendPort\": 443\r\n        },\r\n        \"name\": \"httpsRule\"\r\n      }\r\n    ],\r\n    \"probes\": [\r\n      {\r\n        \"properties\": {\r\n          \"protocol\": \"Http\",\r\n          \"port\": 80,\r\n          \"requestPath\": \"/\"\r\n        },\r\n        \"name\": \"httpProbe\"\r\n      },\r\n      {\r\n        \"properties\": {\r\n          \"protocol\": \"Http\",\r\n          \"port\": 80,\r\n          \"requestPath\": \"/\"\r\n        },\r\n        \"name\": \"httpsProbe\"\r\n      }\r\n    ],\r\n    \"inboundNatRules\": [],\r\n    \"inboundNatPools\": [\r\n      {\r\n        \"properties\": {\r\n          \"frontendIPConfiguration\": {\r\n            \"id\": \"/subscriptions/ec0aa5f7-9e78-40c9-85cd-535c6305b380/resourceGroups/rgcomv196033244dca4cf4/providers/Microsoft.Network/loadBalancers/extlbfbf86894daf75040/frontendIPConfigurations/extlbfbf86894daf75040-FE1\"\r\n          },\r\n          \"protocol\": \"Tcp\",\r\n          \"frontendPortRangeStart\": 5000,\r\n          \"frontendPortRangeEnd\": 5099,\r\n          \"backendPort\": 22\r\n        },\r\n        \"name\": \"extlbfbf86894daf75040-INP1\"\r\n      },\r\n      {\r\n        \"properties\": {\r\n          \"frontendIPConfiguration\": {\r\n            \"id\": \"/subscriptions/ec0aa5f7-9e78-40c9-85cd-535c6305b380/resourceGroups/rgcomv196033244dca4cf4/providers/Microsoft.Network/loadBalancers/extlbfbf86894daf75040/frontendIPConfigurations/extlbfbf86894daf75040-FE1\"\r\n          },\r\n          \"protocol\": \"Tcp\",\r\n          \"frontendPortRangeStart\": 6000,\r\n          \"frontendPortRangeEnd\": 6099,\r\n          \"backendPort\": 23\r\n        },\r\n        \"name\": \"extlbfbf86894daf75040-INP2\"\r\n      }\r\n    ]\r\n  },\r\n  \"location\": \"eastus2\",\r\n  \"tags\": {}\r\n}",
      "RequestHeaders": {
        "Content-Type": [
          "application/json; charset=utf-8"
        ],
        "Content-Length": [
          "4068"
        ],
        "x-ms-client-request-id": [
          "67084b61-cae2-44f5-8e05-6fa125f930e7"
        ],
        "accept-language": [
          "en-US"
        ],
        "User-Agent": [
          "FxVersion/4.6.25211.01",
          "Microsoft.Azure.Management.Network.Fluent.NetworkManagementClient/1.3.0.0",
          "MacAddressHash/cf4abc88ec35afdb5bdcd5261ffce0ca8360bbdc5aed5c4d77c1f9b874f4c20b"
        ]
      },
      "ResponseBody": "{\r\n  \"name\": \"extlbfbf86894daf75040\",\r\n  \"id\": \"/subscriptions/ec0aa5f7-9e78-40c9-85cd-535c6305b380/resourceGroups/rgcomv196033244dca4cf4/providers/Microsoft.Network/loadBalancers/extlbfbf86894daf75040\",\r\n  \"etag\": \"W/\\\"4b615638-10a2-4a02-9c20-929629dbd2d2\\\"\",\r\n  \"type\": \"Microsoft.Network/loadBalancers\",\r\n  \"location\": \"eastus2\",\r\n  \"tags\": {},\r\n  \"properties\": {\r\n    \"provisioningState\": \"Succeeded\",\r\n    \"resourceGuid\": \"4fe32dc5-5e60-44f8-8223-ef2381a97bff\",\r\n    \"frontendIPConfigurations\": [\r\n      {\r\n        \"name\": \"extlbfbf86894daf75040-FE1\",\r\n        \"id\": \"/subscriptions/ec0aa5f7-9e78-40c9-85cd-535c6305b380/resourceGroups/rgcomv196033244dca4cf4/providers/Microsoft.Network/loadBalancers/extlbfbf86894daf75040/frontendIPConfigurations/extlbfbf86894daf75040-FE1\",\r\n        \"etag\": \"W/\\\"4b615638-10a2-4a02-9c20-929629dbd2d2\\\"\",\r\n        \"properties\": {\r\n          \"provisioningState\": \"Succeeded\",\r\n          \"privateIPAllocationMethod\": \"Dynamic\",\r\n          \"publicIPAddress\": {\r\n            \"id\": \"/subscriptions/ec0aa5f7-9e78-40c9-85cd-535c6305b380/resourceGroups/rgcomv196033244dca4cf4/providers/Microsoft.Network/publicIPAddresses/pip-extlbfbf86894daf75040\"\r\n          },\r\n          \"loadBalancingRules\": [\r\n            {\r\n              \"id\": \"/subscriptions/ec0aa5f7-9e78-40c9-85cd-535c6305b380/resourceGroups/rgcomv196033244dca4cf4/providers/Microsoft.Network/loadBalancers/extlbfbf86894daf75040/loadBalancingRules/httpRule\"\r\n            },\r\n            {\r\n              \"id\": \"/subscriptions/ec0aa5f7-9e78-40c9-85cd-535c6305b380/resourceGroups/rgcomv196033244dca4cf4/providers/Microsoft.Network/loadBalancers/extlbfbf86894daf75040/loadBalancingRules/httpsRule\"\r\n            }\r\n          ],\r\n          \"inboundNatPools\": [\r\n            {\r\n              \"id\": \"/subscriptions/ec0aa5f7-9e78-40c9-85cd-535c6305b380/resourceGroups/rgcomv196033244dca4cf4/providers/Microsoft.Network/loadBalancers/extlbfbf86894daf75040/inboundNatPools/extlbfbf86894daf75040-INP1\"\r\n            },\r\n            {\r\n              \"id\": \"/subscriptions/ec0aa5f7-9e78-40c9-85cd-535c6305b380/resourceGroups/rgcomv196033244dca4cf4/providers/Microsoft.Network/loadBalancers/extlbfbf86894daf75040/inboundNatPools/extlbfbf86894daf75040-INP2\"\r\n            }\r\n          ]\r\n        }\r\n      }\r\n    ],\r\n    \"backendAddressPools\": [\r\n      {\r\n        \"name\": \"extlbfbf86894daf75040-BAP1\",\r\n        \"id\": \"/subscriptions/ec0aa5f7-9e78-40c9-85cd-535c6305b380/resourceGroups/rgcomv196033244dca4cf4/providers/Microsoft.Network/loadBalancers/extlbfbf86894daf75040/backendAddressPools/extlbfbf86894daf75040-BAP1\",\r\n        \"etag\": \"W/\\\"4b615638-10a2-4a02-9c20-929629dbd2d2\\\"\",\r\n        \"properties\": {\r\n          \"provisioningState\": \"Succeeded\",\r\n          \"loadBalancingRules\": [\r\n            {\r\n              \"id\": \"/subscriptions/ec0aa5f7-9e78-40c9-85cd-535c6305b380/resourceGroups/rgcomv196033244dca4cf4/providers/Microsoft.Network/loadBalancers/extlbfbf86894daf75040/loadBalancingRules/httpRule\"\r\n            }\r\n          ]\r\n        }\r\n      },\r\n      {\r\n        \"name\": \"extlbfbf86894daf75040-BAP2\",\r\n        \"id\": \"/subscriptions/ec0aa5f7-9e78-40c9-85cd-535c6305b380/resourceGroups/rgcomv196033244dca4cf4/providers/Microsoft.Network/loadBalancers/extlbfbf86894daf75040/backendAddressPools/extlbfbf86894daf75040-BAP2\",\r\n        \"etag\": \"W/\\\"4b615638-10a2-4a02-9c20-929629dbd2d2\\\"\",\r\n        \"properties\": {\r\n          \"provisioningState\": \"Succeeded\",\r\n          \"loadBalancingRules\": [\r\n            {\r\n              \"id\": \"/subscriptions/ec0aa5f7-9e78-40c9-85cd-535c6305b380/resourceGroups/rgcomv196033244dca4cf4/providers/Microsoft.Network/loadBalancers/extlbfbf86894daf75040/loadBalancingRules/httpsRule\"\r\n            }\r\n          ]\r\n        }\r\n      }\r\n    ],\r\n    \"loadBalancingRules\": [\r\n      {\r\n        \"name\": \"httpRule\",\r\n        \"id\": \"/subscriptions/ec0aa5f7-9e78-40c9-85cd-535c6305b380/resourceGroups/rgcomv196033244dca4cf4/providers/Microsoft.Network/loadBalancers/extlbfbf86894daf75040/loadBalancingRules/httpRule\",\r\n        \"etag\": \"W/\\\"4b615638-10a2-4a02-9c20-929629dbd2d2\\\"\",\r\n        \"properties\": {\r\n          \"provisioningState\": \"Succeeded\",\r\n          \"frontendIPConfiguration\": {\r\n            \"id\": \"/subscriptions/ec0aa5f7-9e78-40c9-85cd-535c6305b380/resourceGroups/rgcomv196033244dca4cf4/providers/Microsoft.Network/loadBalancers/extlbfbf86894daf75040/frontendIPConfigurations/extlbfbf86894daf75040-FE1\"\r\n          },\r\n          \"frontendPort\": 80,\r\n          \"backendPort\": 80,\r\n          \"enableFloatingIP\": false,\r\n          \"idleTimeoutInMinutes\": 4,\r\n          \"protocol\": \"Tcp\",\r\n          \"loadDistribution\": \"Default\",\r\n          \"disableOutboundSnat\": false,\r\n          \"backendAddressPool\": {\r\n            \"id\": \"/subscriptions/ec0aa5f7-9e78-40c9-85cd-535c6305b380/resourceGroups/rgcomv196033244dca4cf4/providers/Microsoft.Network/loadBalancers/extlbfbf86894daf75040/backendAddressPools/extlbfbf86894daf75040-BAP1\"\r\n          },\r\n          \"probe\": {\r\n            \"id\": \"/subscriptions/ec0aa5f7-9e78-40c9-85cd-535c6305b380/resourceGroups/rgcomv196033244dca4cf4/providers/Microsoft.Network/loadBalancers/extlbfbf86894daf75040/probes/httpProbe\"\r\n          }\r\n        }\r\n      },\r\n      {\r\n        \"name\": \"httpsRule\",\r\n        \"id\": \"/subscriptions/ec0aa5f7-9e78-40c9-85cd-535c6305b380/resourceGroups/rgcomv196033244dca4cf4/providers/Microsoft.Network/loadBalancers/extlbfbf86894daf75040/loadBalancingRules/httpsRule\",\r\n        \"etag\": \"W/\\\"4b615638-10a2-4a02-9c20-929629dbd2d2\\\"\",\r\n        \"properties\": {\r\n          \"provisioningState\": \"Succeeded\",\r\n          \"frontendIPConfiguration\": {\r\n            \"id\": \"/subscriptions/ec0aa5f7-9e78-40c9-85cd-535c6305b380/resourceGroups/rgcomv196033244dca4cf4/providers/Microsoft.Network/loadBalancers/extlbfbf86894daf75040/frontendIPConfigurations/extlbfbf86894daf75040-FE1\"\r\n          },\r\n          \"frontendPort\": 443,\r\n          \"backendPort\": 443,\r\n          \"enableFloatingIP\": false,\r\n          \"idleTimeoutInMinutes\": 4,\r\n          \"protocol\": \"Tcp\",\r\n          \"loadDistribution\": \"Default\",\r\n          \"disableOutboundSnat\": false,\r\n          \"backendAddressPool\": {\r\n            \"id\": \"/subscriptions/ec0aa5f7-9e78-40c9-85cd-535c6305b380/resourceGroups/rgcomv196033244dca4cf4/providers/Microsoft.Network/loadBalancers/extlbfbf86894daf75040/backendAddressPools/extlbfbf86894daf75040-BAP2\"\r\n          },\r\n          \"probe\": {\r\n            \"id\": \"/subscriptions/ec0aa5f7-9e78-40c9-85cd-535c6305b380/resourceGroups/rgcomv196033244dca4cf4/providers/Microsoft.Network/loadBalancers/extlbfbf86894daf75040/probes/httpsProbe\"\r\n          }\r\n        }\r\n      }\r\n    ],\r\n    \"probes\": [\r\n      {\r\n        \"name\": \"httpProbe\",\r\n        \"id\": \"/subscriptions/ec0aa5f7-9e78-40c9-85cd-535c6305b380/resourceGroups/rgcomv196033244dca4cf4/providers/Microsoft.Network/loadBalancers/extlbfbf86894daf75040/probes/httpProbe\",\r\n        \"etag\": \"W/\\\"4b615638-10a2-4a02-9c20-929629dbd2d2\\\"\",\r\n        \"properties\": {\r\n          \"provisioningState\": \"Succeeded\",\r\n          \"protocol\": \"Http\",\r\n          \"port\": 80,\r\n          \"requestPath\": \"/\",\r\n          \"intervalInSeconds\": 15,\r\n          \"numberOfProbes\": 2,\r\n          \"loadBalancingRules\": [\r\n            {\r\n              \"id\": \"/subscriptions/ec0aa5f7-9e78-40c9-85cd-535c6305b380/resourceGroups/rgcomv196033244dca4cf4/providers/Microsoft.Network/loadBalancers/extlbfbf86894daf75040/loadBalancingRules/httpRule\"\r\n            }\r\n          ]\r\n        }\r\n      },\r\n      {\r\n        \"name\": \"httpsProbe\",\r\n        \"id\": \"/subscriptions/ec0aa5f7-9e78-40c9-85cd-535c6305b380/resourceGroups/rgcomv196033244dca4cf4/providers/Microsoft.Network/loadBalancers/extlbfbf86894daf75040/probes/httpsProbe\",\r\n        \"etag\": \"W/\\\"4b615638-10a2-4a02-9c20-929629dbd2d2\\\"\",\r\n        \"properties\": {\r\n          \"provisioningState\": \"Succeeded\",\r\n          \"protocol\": \"Http\",\r\n          \"port\": 80,\r\n          \"requestPath\": \"/\",\r\n          \"intervalInSeconds\": 15,\r\n          \"numberOfProbes\": 2,\r\n          \"loadBalancingRules\": [\r\n            {\r\n              \"id\": \"/subscriptions/ec0aa5f7-9e78-40c9-85cd-535c6305b380/resourceGroups/rgcomv196033244dca4cf4/providers/Microsoft.Network/loadBalancers/extlbfbf86894daf75040/loadBalancingRules/httpsRule\"\r\n            }\r\n          ]\r\n        }\r\n      }\r\n    ],\r\n    \"inboundNatRules\": [],\r\n    \"outboundNatRules\": [],\r\n    \"inboundNatPools\": [\r\n      {\r\n        \"name\": \"extlbfbf86894daf75040-INP1\",\r\n        \"id\": \"/subscriptions/ec0aa5f7-9e78-40c9-85cd-535c6305b380/resourceGroups/rgcomv196033244dca4cf4/providers/Microsoft.Network/loadBalancers/extlbfbf86894daf75040/inboundNatPools/extlbfbf86894daf75040-INP1\",\r\n        \"etag\": \"W/\\\"4b615638-10a2-4a02-9c20-929629dbd2d2\\\"\",\r\n        \"properties\": {\r\n          \"provisioningState\": \"Succeeded\",\r\n          \"frontendPortRangeStart\": 5000,\r\n          \"frontendPortRangeEnd\": 5099,\r\n          \"backendPort\": 22,\r\n          \"protocol\": \"Tcp\",\r\n          \"frontendIPConfiguration\": {\r\n            \"id\": \"/subscriptions/ec0aa5f7-9e78-40c9-85cd-535c6305b380/resourceGroups/rgcomv196033244dca4cf4/providers/Microsoft.Network/loadBalancers/extlbfbf86894daf75040/frontendIPConfigurations/extlbfbf86894daf75040-FE1\"\r\n          }\r\n        }\r\n      },\r\n      {\r\n        \"name\": \"extlbfbf86894daf75040-INP2\",\r\n        \"id\": \"/subscriptions/ec0aa5f7-9e78-40c9-85cd-535c6305b380/resourceGroups/rgcomv196033244dca4cf4/providers/Microsoft.Network/loadBalancers/extlbfbf86894daf75040/inboundNatPools/extlbfbf86894daf75040-INP2\",\r\n        \"etag\": \"W/\\\"4b615638-10a2-4a02-9c20-929629dbd2d2\\\"\",\r\n        \"properties\": {\r\n          \"provisioningState\": \"Succeeded\",\r\n          \"frontendPortRangeStart\": 6000,\r\n          \"frontendPortRangeEnd\": 6099,\r\n          \"backendPort\": 23,\r\n          \"protocol\": \"Tcp\",\r\n          \"frontendIPConfiguration\": {\r\n            \"id\": \"/subscriptions/ec0aa5f7-9e78-40c9-85cd-535c6305b380/resourceGroups/rgcomv196033244dca4cf4/providers/Microsoft.Network/loadBalancers/extlbfbf86894daf75040/frontendIPConfigurations/extlbfbf86894daf75040-FE1\"\r\n          }\r\n        }\r\n      }\r\n    ]\r\n  },\r\n  \"sku\": {\r\n    \"name\": \"Standard\"\r\n  }\r\n}",
      "ResponseHeaders": {
        "Content-Length": [
          "10128"
        ],
        "Content-Type": [
          "application/json; charset=utf-8"
        ],
        "Expires": [
          "-1"
        ],
        "Cache-Control": [
          "no-cache"
        ],
        "Date": [
          "Mon, 02 Oct 2017 06:34:50 GMT"
        ],
        "Pragma": [
          "no-cache"
        ],
        "Server": [
          "Microsoft-HTTPAPI/2.0",
          "Microsoft-HTTPAPI/2.0"
        ],
        "x-ms-request-id": [
          "04ae1fdb-d1f2-4c60-8400-bd9fed633b75"
        ],
        "Azure-AsyncOperation": [
          "https://management.azure.com/subscriptions/ec0aa5f7-9e78-40c9-85cd-535c6305b380/providers/Microsoft.Network/locations/eastus2/operations/04ae1fdb-d1f2-4c60-8400-bd9fed633b75?api-version=2017-08-01"
        ],
        "Strict-Transport-Security": [
          "max-age=31536000; includeSubDomains"
        ],
        "x-ms-ratelimit-remaining-subscription-writes": [
          "1197"
        ],
        "x-ms-correlation-request-id": [
          "d43bbde7-778d-4fb8-945e-e96f04120465"
        ],
        "x-ms-routing-request-id": [
          "CANADAEAST:20171002T063450Z:d43bbde7-778d-4fb8-945e-e96f04120465"
        ]
      },
      "StatusCode": 201
    },
    {
      "RequestUri": "/subscriptions/ec0aa5f7-9e78-40c9-85cd-535c6305b380/resourceGroups/rgcomv196033244dca4cf4/providers/Microsoft.Network/loadBalancers/extlbfbf86894daf75040?api-version=2017-08-01",
      "EncodedRequestUri": "L3N1YnNjcmlwdGlvbnMvZWMwYWE1ZjctOWU3OC00MGM5LTg1Y2QtNTM1YzYzMDViMzgwL3Jlc291cmNlR3JvdXBzL3JnY29tdjE5NjAzMzI0NGRjYTRjZjQvcHJvdmlkZXJzL01pY3Jvc29mdC5OZXR3b3JrL2xvYWRCYWxhbmNlcnMvZXh0bGJmYmY4Njg5NGRhZjc1MDQwP2FwaS12ZXJzaW9uPTIwMTctMDgtMDE=",
      "RequestMethod": "GET",
      "RequestBody": "",
      "RequestHeaders": {
        "User-Agent": [
          "FxVersion/4.6.25211.01",
          "Microsoft.Azure.Management.Network.Fluent.NetworkManagementClient/1.3.0.0",
          "MacAddressHash/cf4abc88ec35afdb5bdcd5261ffce0ca8360bbdc5aed5c4d77c1f9b874f4c20b"
        ]
      },
      "ResponseBody": "{\r\n  \"name\": \"extlbfbf86894daf75040\",\r\n  \"id\": \"/subscriptions/ec0aa5f7-9e78-40c9-85cd-535c6305b380/resourceGroups/rgcomv196033244dca4cf4/providers/Microsoft.Network/loadBalancers/extlbfbf86894daf75040\",\r\n  \"etag\": \"W/\\\"4b615638-10a2-4a02-9c20-929629dbd2d2\\\"\",\r\n  \"type\": \"Microsoft.Network/loadBalancers\",\r\n  \"location\": \"eastus2\",\r\n  \"tags\": {},\r\n  \"properties\": {\r\n    \"provisioningState\": \"Succeeded\",\r\n    \"resourceGuid\": \"4fe32dc5-5e60-44f8-8223-ef2381a97bff\",\r\n    \"frontendIPConfigurations\": [\r\n      {\r\n        \"name\": \"extlbfbf86894daf75040-FE1\",\r\n        \"id\": \"/subscriptions/ec0aa5f7-9e78-40c9-85cd-535c6305b380/resourceGroups/rgcomv196033244dca4cf4/providers/Microsoft.Network/loadBalancers/extlbfbf86894daf75040/frontendIPConfigurations/extlbfbf86894daf75040-FE1\",\r\n        \"etag\": \"W/\\\"4b615638-10a2-4a02-9c20-929629dbd2d2\\\"\",\r\n        \"properties\": {\r\n          \"provisioningState\": \"Succeeded\",\r\n          \"privateIPAllocationMethod\": \"Dynamic\",\r\n          \"publicIPAddress\": {\r\n            \"id\": \"/subscriptions/ec0aa5f7-9e78-40c9-85cd-535c6305b380/resourceGroups/rgcomv196033244dca4cf4/providers/Microsoft.Network/publicIPAddresses/pip-extlbfbf86894daf75040\"\r\n          },\r\n          \"loadBalancingRules\": [\r\n            {\r\n              \"id\": \"/subscriptions/ec0aa5f7-9e78-40c9-85cd-535c6305b380/resourceGroups/rgcomv196033244dca4cf4/providers/Microsoft.Network/loadBalancers/extlbfbf86894daf75040/loadBalancingRules/httpRule\"\r\n            },\r\n            {\r\n              \"id\": \"/subscriptions/ec0aa5f7-9e78-40c9-85cd-535c6305b380/resourceGroups/rgcomv196033244dca4cf4/providers/Microsoft.Network/loadBalancers/extlbfbf86894daf75040/loadBalancingRules/httpsRule\"\r\n            }\r\n          ],\r\n          \"inboundNatPools\": [\r\n            {\r\n              \"id\": \"/subscriptions/ec0aa5f7-9e78-40c9-85cd-535c6305b380/resourceGroups/rgcomv196033244dca4cf4/providers/Microsoft.Network/loadBalancers/extlbfbf86894daf75040/inboundNatPools/extlbfbf86894daf75040-INP1\"\r\n            },\r\n            {\r\n              \"id\": \"/subscriptions/ec0aa5f7-9e78-40c9-85cd-535c6305b380/resourceGroups/rgcomv196033244dca4cf4/providers/Microsoft.Network/loadBalancers/extlbfbf86894daf75040/inboundNatPools/extlbfbf86894daf75040-INP2\"\r\n            }\r\n          ]\r\n        }\r\n      }\r\n    ],\r\n    \"backendAddressPools\": [\r\n      {\r\n        \"name\": \"extlbfbf86894daf75040-BAP1\",\r\n        \"id\": \"/subscriptions/ec0aa5f7-9e78-40c9-85cd-535c6305b380/resourceGroups/rgcomv196033244dca4cf4/providers/Microsoft.Network/loadBalancers/extlbfbf86894daf75040/backendAddressPools/extlbfbf86894daf75040-BAP1\",\r\n        \"etag\": \"W/\\\"4b615638-10a2-4a02-9c20-929629dbd2d2\\\"\",\r\n        \"properties\": {\r\n          \"provisioningState\": \"Succeeded\",\r\n          \"loadBalancingRules\": [\r\n            {\r\n              \"id\": \"/subscriptions/ec0aa5f7-9e78-40c9-85cd-535c6305b380/resourceGroups/rgcomv196033244dca4cf4/providers/Microsoft.Network/loadBalancers/extlbfbf86894daf75040/loadBalancingRules/httpRule\"\r\n            }\r\n          ]\r\n        }\r\n      },\r\n      {\r\n        \"name\": \"extlbfbf86894daf75040-BAP2\",\r\n        \"id\": \"/subscriptions/ec0aa5f7-9e78-40c9-85cd-535c6305b380/resourceGroups/rgcomv196033244dca4cf4/providers/Microsoft.Network/loadBalancers/extlbfbf86894daf75040/backendAddressPools/extlbfbf86894daf75040-BAP2\",\r\n        \"etag\": \"W/\\\"4b615638-10a2-4a02-9c20-929629dbd2d2\\\"\",\r\n        \"properties\": {\r\n          \"provisioningState\": \"Succeeded\",\r\n          \"loadBalancingRules\": [\r\n            {\r\n              \"id\": \"/subscriptions/ec0aa5f7-9e78-40c9-85cd-535c6305b380/resourceGroups/rgcomv196033244dca4cf4/providers/Microsoft.Network/loadBalancers/extlbfbf86894daf75040/loadBalancingRules/httpsRule\"\r\n            }\r\n          ]\r\n        }\r\n      }\r\n    ],\r\n    \"loadBalancingRules\": [\r\n      {\r\n        \"name\": \"httpRule\",\r\n        \"id\": \"/subscriptions/ec0aa5f7-9e78-40c9-85cd-535c6305b380/resourceGroups/rgcomv196033244dca4cf4/providers/Microsoft.Network/loadBalancers/extlbfbf86894daf75040/loadBalancingRules/httpRule\",\r\n        \"etag\": \"W/\\\"4b615638-10a2-4a02-9c20-929629dbd2d2\\\"\",\r\n        \"properties\": {\r\n          \"provisioningState\": \"Succeeded\",\r\n          \"frontendIPConfiguration\": {\r\n            \"id\": \"/subscriptions/ec0aa5f7-9e78-40c9-85cd-535c6305b380/resourceGroups/rgcomv196033244dca4cf4/providers/Microsoft.Network/loadBalancers/extlbfbf86894daf75040/frontendIPConfigurations/extlbfbf86894daf75040-FE1\"\r\n          },\r\n          \"frontendPort\": 80,\r\n          \"backendPort\": 80,\r\n          \"enableFloatingIP\": false,\r\n          \"idleTimeoutInMinutes\": 4,\r\n          \"protocol\": \"Tcp\",\r\n          \"loadDistribution\": \"Default\",\r\n          \"disableOutboundSnat\": false,\r\n          \"backendAddressPool\": {\r\n            \"id\": \"/subscriptions/ec0aa5f7-9e78-40c9-85cd-535c6305b380/resourceGroups/rgcomv196033244dca4cf4/providers/Microsoft.Network/loadBalancers/extlbfbf86894daf75040/backendAddressPools/extlbfbf86894daf75040-BAP1\"\r\n          },\r\n          \"probe\": {\r\n            \"id\": \"/subscriptions/ec0aa5f7-9e78-40c9-85cd-535c6305b380/resourceGroups/rgcomv196033244dca4cf4/providers/Microsoft.Network/loadBalancers/extlbfbf86894daf75040/probes/httpProbe\"\r\n          }\r\n        }\r\n      },\r\n      {\r\n        \"name\": \"httpsRule\",\r\n        \"id\": \"/subscriptions/ec0aa5f7-9e78-40c9-85cd-535c6305b380/resourceGroups/rgcomv196033244dca4cf4/providers/Microsoft.Network/loadBalancers/extlbfbf86894daf75040/loadBalancingRules/httpsRule\",\r\n        \"etag\": \"W/\\\"4b615638-10a2-4a02-9c20-929629dbd2d2\\\"\",\r\n        \"properties\": {\r\n          \"provisioningState\": \"Succeeded\",\r\n          \"frontendIPConfiguration\": {\r\n            \"id\": \"/subscriptions/ec0aa5f7-9e78-40c9-85cd-535c6305b380/resourceGroups/rgcomv196033244dca4cf4/providers/Microsoft.Network/loadBalancers/extlbfbf86894daf75040/frontendIPConfigurations/extlbfbf86894daf75040-FE1\"\r\n          },\r\n          \"frontendPort\": 443,\r\n          \"backendPort\": 443,\r\n          \"enableFloatingIP\": false,\r\n          \"idleTimeoutInMinutes\": 4,\r\n          \"protocol\": \"Tcp\",\r\n          \"loadDistribution\": \"Default\",\r\n          \"disableOutboundSnat\": false,\r\n          \"backendAddressPool\": {\r\n            \"id\": \"/subscriptions/ec0aa5f7-9e78-40c9-85cd-535c6305b380/resourceGroups/rgcomv196033244dca4cf4/providers/Microsoft.Network/loadBalancers/extlbfbf86894daf75040/backendAddressPools/extlbfbf86894daf75040-BAP2\"\r\n          },\r\n          \"probe\": {\r\n            \"id\": \"/subscriptions/ec0aa5f7-9e78-40c9-85cd-535c6305b380/resourceGroups/rgcomv196033244dca4cf4/providers/Microsoft.Network/loadBalancers/extlbfbf86894daf75040/probes/httpsProbe\"\r\n          }\r\n        }\r\n      }\r\n    ],\r\n    \"probes\": [\r\n      {\r\n        \"name\": \"httpProbe\",\r\n        \"id\": \"/subscriptions/ec0aa5f7-9e78-40c9-85cd-535c6305b380/resourceGroups/rgcomv196033244dca4cf4/providers/Microsoft.Network/loadBalancers/extlbfbf86894daf75040/probes/httpProbe\",\r\n        \"etag\": \"W/\\\"4b615638-10a2-4a02-9c20-929629dbd2d2\\\"\",\r\n        \"properties\": {\r\n          \"provisioningState\": \"Succeeded\",\r\n          \"protocol\": \"Http\",\r\n          \"port\": 80,\r\n          \"requestPath\": \"/\",\r\n          \"intervalInSeconds\": 15,\r\n          \"numberOfProbes\": 2,\r\n          \"loadBalancingRules\": [\r\n            {\r\n              \"id\": \"/subscriptions/ec0aa5f7-9e78-40c9-85cd-535c6305b380/resourceGroups/rgcomv196033244dca4cf4/providers/Microsoft.Network/loadBalancers/extlbfbf86894daf75040/loadBalancingRules/httpRule\"\r\n            }\r\n          ]\r\n        }\r\n      },\r\n      {\r\n        \"name\": \"httpsProbe\",\r\n        \"id\": \"/subscriptions/ec0aa5f7-9e78-40c9-85cd-535c6305b380/resourceGroups/rgcomv196033244dca4cf4/providers/Microsoft.Network/loadBalancers/extlbfbf86894daf75040/probes/httpsProbe\",\r\n        \"etag\": \"W/\\\"4b615638-10a2-4a02-9c20-929629dbd2d2\\\"\",\r\n        \"properties\": {\r\n          \"provisioningState\": \"Succeeded\",\r\n          \"protocol\": \"Http\",\r\n          \"port\": 80,\r\n          \"requestPath\": \"/\",\r\n          \"intervalInSeconds\": 15,\r\n          \"numberOfProbes\": 2,\r\n          \"loadBalancingRules\": [\r\n            {\r\n              \"id\": \"/subscriptions/ec0aa5f7-9e78-40c9-85cd-535c6305b380/resourceGroups/rgcomv196033244dca4cf4/providers/Microsoft.Network/loadBalancers/extlbfbf86894daf75040/loadBalancingRules/httpsRule\"\r\n            }\r\n          ]\r\n        }\r\n      }\r\n    ],\r\n    \"inboundNatRules\": [],\r\n    \"outboundNatRules\": [],\r\n    \"inboundNatPools\": [\r\n      {\r\n        \"name\": \"extlbfbf86894daf75040-INP1\",\r\n        \"id\": \"/subscriptions/ec0aa5f7-9e78-40c9-85cd-535c6305b380/resourceGroups/rgcomv196033244dca4cf4/providers/Microsoft.Network/loadBalancers/extlbfbf86894daf75040/inboundNatPools/extlbfbf86894daf75040-INP1\",\r\n        \"etag\": \"W/\\\"4b615638-10a2-4a02-9c20-929629dbd2d2\\\"\",\r\n        \"properties\": {\r\n          \"provisioningState\": \"Succeeded\",\r\n          \"frontendPortRangeStart\": 5000,\r\n          \"frontendPortRangeEnd\": 5099,\r\n          \"backendPort\": 22,\r\n          \"protocol\": \"Tcp\",\r\n          \"frontendIPConfiguration\": {\r\n            \"id\": \"/subscriptions/ec0aa5f7-9e78-40c9-85cd-535c6305b380/resourceGroups/rgcomv196033244dca4cf4/providers/Microsoft.Network/loadBalancers/extlbfbf86894daf75040/frontendIPConfigurations/extlbfbf86894daf75040-FE1\"\r\n          }\r\n        }\r\n      },\r\n      {\r\n        \"name\": \"extlbfbf86894daf75040-INP2\",\r\n        \"id\": \"/subscriptions/ec0aa5f7-9e78-40c9-85cd-535c6305b380/resourceGroups/rgcomv196033244dca4cf4/providers/Microsoft.Network/loadBalancers/extlbfbf86894daf75040/inboundNatPools/extlbfbf86894daf75040-INP2\",\r\n        \"etag\": \"W/\\\"4b615638-10a2-4a02-9c20-929629dbd2d2\\\"\",\r\n        \"properties\": {\r\n          \"provisioningState\": \"Succeeded\",\r\n          \"frontendPortRangeStart\": 6000,\r\n          \"frontendPortRangeEnd\": 6099,\r\n          \"backendPort\": 23,\r\n          \"protocol\": \"Tcp\",\r\n          \"frontendIPConfiguration\": {\r\n            \"id\": \"/subscriptions/ec0aa5f7-9e78-40c9-85cd-535c6305b380/resourceGroups/rgcomv196033244dca4cf4/providers/Microsoft.Network/loadBalancers/extlbfbf86894daf75040/frontendIPConfigurations/extlbfbf86894daf75040-FE1\"\r\n          }\r\n        }\r\n      }\r\n    ]\r\n  },\r\n  \"sku\": {\r\n    \"name\": \"Standard\"\r\n  }\r\n}",
      "ResponseHeaders": {
        "Content-Type": [
          "application/json; charset=utf-8"
        ],
        "Expires": [
          "-1"
        ],
        "Cache-Control": [
          "no-cache"
        ],
        "Date": [
          "Mon, 02 Oct 2017 06:34:50 GMT"
        ],
        "Pragma": [
          "no-cache"
        ],
        "Transfer-Encoding": [
          "chunked"
        ],
        "ETag": [
          "W/\"4b615638-10a2-4a02-9c20-929629dbd2d2\""
        ],
        "Server": [
          "Microsoft-HTTPAPI/2.0",
          "Microsoft-HTTPAPI/2.0"
        ],
        "Vary": [
          "Accept-Encoding"
        ],
        "x-ms-request-id": [
          "518e6d3c-2ec2-41fc-b15e-57f4aa23d4c5"
        ],
        "Strict-Transport-Security": [
          "max-age=31536000; includeSubDomains"
        ],
        "x-ms-ratelimit-remaining-subscription-reads": [
          "14997"
        ],
        "x-ms-correlation-request-id": [
          "a51d1464-eada-41b9-b980-fb334521e8e0"
        ],
        "x-ms-routing-request-id": [
          "CANADAEAST:20171002T063450Z:a51d1464-eada-41b9-b980-fb334521e8e0"
        ]
      },
      "StatusCode": 200
    },
    {
      "RequestUri": "/subscriptions/ec0aa5f7-9e78-40c9-85cd-535c6305b380/resourceGroups/rgcomv196033244dca4cf4/providers/Microsoft.Network/loadBalancers/extlbfbf86894daf75040?api-version=2017-08-01",
      "EncodedRequestUri": "L3N1YnNjcmlwdGlvbnMvZWMwYWE1ZjctOWU3OC00MGM5LTg1Y2QtNTM1YzYzMDViMzgwL3Jlc291cmNlR3JvdXBzL3JnY29tdjE5NjAzMzI0NGRjYTRjZjQvcHJvdmlkZXJzL01pY3Jvc29mdC5OZXR3b3JrL2xvYWRCYWxhbmNlcnMvZXh0bGJmYmY4Njg5NGRhZjc1MDQwP2FwaS12ZXJzaW9uPTIwMTctMDgtMDE=",
      "RequestMethod": "GET",
      "RequestBody": "",
      "RequestHeaders": {
        "x-ms-client-request-id": [
          "5ecb4910-ce00-46a3-9eed-2af424b94fc6"
        ],
        "accept-language": [
          "en-US"
        ],
        "User-Agent": [
          "FxVersion/4.6.25211.01",
          "Microsoft.Azure.Management.Network.Fluent.NetworkManagementClient/1.3.0.0",
          "MacAddressHash/cf4abc88ec35afdb5bdcd5261ffce0ca8360bbdc5aed5c4d77c1f9b874f4c20b"
        ]
      },
      "ResponseBody": "{\r\n  \"name\": \"extlbfbf86894daf75040\",\r\n  \"id\": \"/subscriptions/ec0aa5f7-9e78-40c9-85cd-535c6305b380/resourceGroups/rgcomv196033244dca4cf4/providers/Microsoft.Network/loadBalancers/extlbfbf86894daf75040\",\r\n  \"etag\": \"W/\\\"4b615638-10a2-4a02-9c20-929629dbd2d2\\\"\",\r\n  \"type\": \"Microsoft.Network/loadBalancers\",\r\n  \"location\": \"eastus2\",\r\n  \"tags\": {},\r\n  \"properties\": {\r\n    \"provisioningState\": \"Succeeded\",\r\n    \"resourceGuid\": \"4fe32dc5-5e60-44f8-8223-ef2381a97bff\",\r\n    \"frontendIPConfigurations\": [\r\n      {\r\n        \"name\": \"extlbfbf86894daf75040-FE1\",\r\n        \"id\": \"/subscriptions/ec0aa5f7-9e78-40c9-85cd-535c6305b380/resourceGroups/rgcomv196033244dca4cf4/providers/Microsoft.Network/loadBalancers/extlbfbf86894daf75040/frontendIPConfigurations/extlbfbf86894daf75040-FE1\",\r\n        \"etag\": \"W/\\\"4b615638-10a2-4a02-9c20-929629dbd2d2\\\"\",\r\n        \"properties\": {\r\n          \"provisioningState\": \"Succeeded\",\r\n          \"privateIPAllocationMethod\": \"Dynamic\",\r\n          \"publicIPAddress\": {\r\n            \"id\": \"/subscriptions/ec0aa5f7-9e78-40c9-85cd-535c6305b380/resourceGroups/rgcomv196033244dca4cf4/providers/Microsoft.Network/publicIPAddresses/pip-extlbfbf86894daf75040\"\r\n          },\r\n          \"loadBalancingRules\": [\r\n            {\r\n              \"id\": \"/subscriptions/ec0aa5f7-9e78-40c9-85cd-535c6305b380/resourceGroups/rgcomv196033244dca4cf4/providers/Microsoft.Network/loadBalancers/extlbfbf86894daf75040/loadBalancingRules/httpRule\"\r\n            },\r\n            {\r\n              \"id\": \"/subscriptions/ec0aa5f7-9e78-40c9-85cd-535c6305b380/resourceGroups/rgcomv196033244dca4cf4/providers/Microsoft.Network/loadBalancers/extlbfbf86894daf75040/loadBalancingRules/httpsRule\"\r\n            }\r\n          ],\r\n          \"inboundNatPools\": [\r\n            {\r\n              \"id\": \"/subscriptions/ec0aa5f7-9e78-40c9-85cd-535c6305b380/resourceGroups/rgcomv196033244dca4cf4/providers/Microsoft.Network/loadBalancers/extlbfbf86894daf75040/inboundNatPools/extlbfbf86894daf75040-INP1\"\r\n            },\r\n            {\r\n              \"id\": \"/subscriptions/ec0aa5f7-9e78-40c9-85cd-535c6305b380/resourceGroups/rgcomv196033244dca4cf4/providers/Microsoft.Network/loadBalancers/extlbfbf86894daf75040/inboundNatPools/extlbfbf86894daf75040-INP2\"\r\n            }\r\n          ]\r\n        }\r\n      }\r\n    ],\r\n    \"backendAddressPools\": [\r\n      {\r\n        \"name\": \"extlbfbf86894daf75040-BAP1\",\r\n        \"id\": \"/subscriptions/ec0aa5f7-9e78-40c9-85cd-535c6305b380/resourceGroups/rgcomv196033244dca4cf4/providers/Microsoft.Network/loadBalancers/extlbfbf86894daf75040/backendAddressPools/extlbfbf86894daf75040-BAP1\",\r\n        \"etag\": \"W/\\\"4b615638-10a2-4a02-9c20-929629dbd2d2\\\"\",\r\n        \"properties\": {\r\n          \"provisioningState\": \"Succeeded\",\r\n          \"loadBalancingRules\": [\r\n            {\r\n              \"id\": \"/subscriptions/ec0aa5f7-9e78-40c9-85cd-535c6305b380/resourceGroups/rgcomv196033244dca4cf4/providers/Microsoft.Network/loadBalancers/extlbfbf86894daf75040/loadBalancingRules/httpRule\"\r\n            }\r\n          ]\r\n        }\r\n      },\r\n      {\r\n        \"name\": \"extlbfbf86894daf75040-BAP2\",\r\n        \"id\": \"/subscriptions/ec0aa5f7-9e78-40c9-85cd-535c6305b380/resourceGroups/rgcomv196033244dca4cf4/providers/Microsoft.Network/loadBalancers/extlbfbf86894daf75040/backendAddressPools/extlbfbf86894daf75040-BAP2\",\r\n        \"etag\": \"W/\\\"4b615638-10a2-4a02-9c20-929629dbd2d2\\\"\",\r\n        \"properties\": {\r\n          \"provisioningState\": \"Succeeded\",\r\n          \"loadBalancingRules\": [\r\n            {\r\n              \"id\": \"/subscriptions/ec0aa5f7-9e78-40c9-85cd-535c6305b380/resourceGroups/rgcomv196033244dca4cf4/providers/Microsoft.Network/loadBalancers/extlbfbf86894daf75040/loadBalancingRules/httpsRule\"\r\n            }\r\n          ]\r\n        }\r\n      }\r\n    ],\r\n    \"loadBalancingRules\": [\r\n      {\r\n        \"name\": \"httpRule\",\r\n        \"id\": \"/subscriptions/ec0aa5f7-9e78-40c9-85cd-535c6305b380/resourceGroups/rgcomv196033244dca4cf4/providers/Microsoft.Network/loadBalancers/extlbfbf86894daf75040/loadBalancingRules/httpRule\",\r\n        \"etag\": \"W/\\\"4b615638-10a2-4a02-9c20-929629dbd2d2\\\"\",\r\n        \"properties\": {\r\n          \"provisioningState\": \"Succeeded\",\r\n          \"frontendIPConfiguration\": {\r\n            \"id\": \"/subscriptions/ec0aa5f7-9e78-40c9-85cd-535c6305b380/resourceGroups/rgcomv196033244dca4cf4/providers/Microsoft.Network/loadBalancers/extlbfbf86894daf75040/frontendIPConfigurations/extlbfbf86894daf75040-FE1\"\r\n          },\r\n          \"frontendPort\": 80,\r\n          \"backendPort\": 80,\r\n          \"enableFloatingIP\": false,\r\n          \"idleTimeoutInMinutes\": 4,\r\n          \"protocol\": \"Tcp\",\r\n          \"loadDistribution\": \"Default\",\r\n          \"disableOutboundSnat\": false,\r\n          \"backendAddressPool\": {\r\n            \"id\": \"/subscriptions/ec0aa5f7-9e78-40c9-85cd-535c6305b380/resourceGroups/rgcomv196033244dca4cf4/providers/Microsoft.Network/loadBalancers/extlbfbf86894daf75040/backendAddressPools/extlbfbf86894daf75040-BAP1\"\r\n          },\r\n          \"probe\": {\r\n            \"id\": \"/subscriptions/ec0aa5f7-9e78-40c9-85cd-535c6305b380/resourceGroups/rgcomv196033244dca4cf4/providers/Microsoft.Network/loadBalancers/extlbfbf86894daf75040/probes/httpProbe\"\r\n          }\r\n        }\r\n      },\r\n      {\r\n        \"name\": \"httpsRule\",\r\n        \"id\": \"/subscriptions/ec0aa5f7-9e78-40c9-85cd-535c6305b380/resourceGroups/rgcomv196033244dca4cf4/providers/Microsoft.Network/loadBalancers/extlbfbf86894daf75040/loadBalancingRules/httpsRule\",\r\n        \"etag\": \"W/\\\"4b615638-10a2-4a02-9c20-929629dbd2d2\\\"\",\r\n        \"properties\": {\r\n          \"provisioningState\": \"Succeeded\",\r\n          \"frontendIPConfiguration\": {\r\n            \"id\": \"/subscriptions/ec0aa5f7-9e78-40c9-85cd-535c6305b380/resourceGroups/rgcomv196033244dca4cf4/providers/Microsoft.Network/loadBalancers/extlbfbf86894daf75040/frontendIPConfigurations/extlbfbf86894daf75040-FE1\"\r\n          },\r\n          \"frontendPort\": 443,\r\n          \"backendPort\": 443,\r\n          \"enableFloatingIP\": false,\r\n          \"idleTimeoutInMinutes\": 4,\r\n          \"protocol\": \"Tcp\",\r\n          \"loadDistribution\": \"Default\",\r\n          \"disableOutboundSnat\": false,\r\n          \"backendAddressPool\": {\r\n            \"id\": \"/subscriptions/ec0aa5f7-9e78-40c9-85cd-535c6305b380/resourceGroups/rgcomv196033244dca4cf4/providers/Microsoft.Network/loadBalancers/extlbfbf86894daf75040/backendAddressPools/extlbfbf86894daf75040-BAP2\"\r\n          },\r\n          \"probe\": {\r\n            \"id\": \"/subscriptions/ec0aa5f7-9e78-40c9-85cd-535c6305b380/resourceGroups/rgcomv196033244dca4cf4/providers/Microsoft.Network/loadBalancers/extlbfbf86894daf75040/probes/httpsProbe\"\r\n          }\r\n        }\r\n      }\r\n    ],\r\n    \"probes\": [\r\n      {\r\n        \"name\": \"httpProbe\",\r\n        \"id\": \"/subscriptions/ec0aa5f7-9e78-40c9-85cd-535c6305b380/resourceGroups/rgcomv196033244dca4cf4/providers/Microsoft.Network/loadBalancers/extlbfbf86894daf75040/probes/httpProbe\",\r\n        \"etag\": \"W/\\\"4b615638-10a2-4a02-9c20-929629dbd2d2\\\"\",\r\n        \"properties\": {\r\n          \"provisioningState\": \"Succeeded\",\r\n          \"protocol\": \"Http\",\r\n          \"port\": 80,\r\n          \"requestPath\": \"/\",\r\n          \"intervalInSeconds\": 15,\r\n          \"numberOfProbes\": 2,\r\n          \"loadBalancingRules\": [\r\n            {\r\n              \"id\": \"/subscriptions/ec0aa5f7-9e78-40c9-85cd-535c6305b380/resourceGroups/rgcomv196033244dca4cf4/providers/Microsoft.Network/loadBalancers/extlbfbf86894daf75040/loadBalancingRules/httpRule\"\r\n            }\r\n          ]\r\n        }\r\n      },\r\n      {\r\n        \"name\": \"httpsProbe\",\r\n        \"id\": \"/subscriptions/ec0aa5f7-9e78-40c9-85cd-535c6305b380/resourceGroups/rgcomv196033244dca4cf4/providers/Microsoft.Network/loadBalancers/extlbfbf86894daf75040/probes/httpsProbe\",\r\n        \"etag\": \"W/\\\"4b615638-10a2-4a02-9c20-929629dbd2d2\\\"\",\r\n        \"properties\": {\r\n          \"provisioningState\": \"Succeeded\",\r\n          \"protocol\": \"Http\",\r\n          \"port\": 80,\r\n          \"requestPath\": \"/\",\r\n          \"intervalInSeconds\": 15,\r\n          \"numberOfProbes\": 2,\r\n          \"loadBalancingRules\": [\r\n            {\r\n              \"id\": \"/subscriptions/ec0aa5f7-9e78-40c9-85cd-535c6305b380/resourceGroups/rgcomv196033244dca4cf4/providers/Microsoft.Network/loadBalancers/extlbfbf86894daf75040/loadBalancingRules/httpsRule\"\r\n            }\r\n          ]\r\n        }\r\n      }\r\n    ],\r\n    \"inboundNatRules\": [],\r\n    \"outboundNatRules\": [],\r\n    \"inboundNatPools\": [\r\n      {\r\n        \"name\": \"extlbfbf86894daf75040-INP1\",\r\n        \"id\": \"/subscriptions/ec0aa5f7-9e78-40c9-85cd-535c6305b380/resourceGroups/rgcomv196033244dca4cf4/providers/Microsoft.Network/loadBalancers/extlbfbf86894daf75040/inboundNatPools/extlbfbf86894daf75040-INP1\",\r\n        \"etag\": \"W/\\\"4b615638-10a2-4a02-9c20-929629dbd2d2\\\"\",\r\n        \"properties\": {\r\n          \"provisioningState\": \"Succeeded\",\r\n          \"frontendPortRangeStart\": 5000,\r\n          \"frontendPortRangeEnd\": 5099,\r\n          \"backendPort\": 22,\r\n          \"protocol\": \"Tcp\",\r\n          \"frontendIPConfiguration\": {\r\n            \"id\": \"/subscriptions/ec0aa5f7-9e78-40c9-85cd-535c6305b380/resourceGroups/rgcomv196033244dca4cf4/providers/Microsoft.Network/loadBalancers/extlbfbf86894daf75040/frontendIPConfigurations/extlbfbf86894daf75040-FE1\"\r\n          }\r\n        }\r\n      },\r\n      {\r\n        \"name\": \"extlbfbf86894daf75040-INP2\",\r\n        \"id\": \"/subscriptions/ec0aa5f7-9e78-40c9-85cd-535c6305b380/resourceGroups/rgcomv196033244dca4cf4/providers/Microsoft.Network/loadBalancers/extlbfbf86894daf75040/inboundNatPools/extlbfbf86894daf75040-INP2\",\r\n        \"etag\": \"W/\\\"4b615638-10a2-4a02-9c20-929629dbd2d2\\\"\",\r\n        \"properties\": {\r\n          \"provisioningState\": \"Succeeded\",\r\n          \"frontendPortRangeStart\": 6000,\r\n          \"frontendPortRangeEnd\": 6099,\r\n          \"backendPort\": 23,\r\n          \"protocol\": \"Tcp\",\r\n          \"frontendIPConfiguration\": {\r\n            \"id\": \"/subscriptions/ec0aa5f7-9e78-40c9-85cd-535c6305b380/resourceGroups/rgcomv196033244dca4cf4/providers/Microsoft.Network/loadBalancers/extlbfbf86894daf75040/frontendIPConfigurations/extlbfbf86894daf75040-FE1\"\r\n          }\r\n        }\r\n      }\r\n    ]\r\n  },\r\n  \"sku\": {\r\n    \"name\": \"Standard\"\r\n  }\r\n}",
      "ResponseHeaders": {
        "Content-Type": [
          "application/json; charset=utf-8"
        ],
        "Expires": [
          "-1"
        ],
        "Cache-Control": [
          "no-cache"
        ],
        "Date": [
          "Mon, 02 Oct 2017 06:34:50 GMT"
        ],
        "Pragma": [
          "no-cache"
        ],
        "Transfer-Encoding": [
          "chunked"
        ],
        "ETag": [
          "W/\"4b615638-10a2-4a02-9c20-929629dbd2d2\""
        ],
        "Server": [
          "Microsoft-HTTPAPI/2.0",
          "Microsoft-HTTPAPI/2.0"
        ],
        "Vary": [
          "Accept-Encoding"
        ],
        "x-ms-request-id": [
          "addf4171-1656-40c1-9d0a-ab0e8a97a129"
        ],
        "Strict-Transport-Security": [
          "max-age=31536000; includeSubDomains"
        ],
        "x-ms-ratelimit-remaining-subscription-reads": [
          "14996"
        ],
        "x-ms-correlation-request-id": [
          "2216594b-3a7e-4f74-957e-a1d99aaa5ae0"
        ],
        "x-ms-routing-request-id": [
          "CANADAEAST:20171002T063451Z:2216594b-3a7e-4f74-957e-a1d99aaa5ae0"
        ]
      },
      "StatusCode": 200
    },
    {
      "RequestUri": "/subscriptions/ec0aa5f7-9e78-40c9-85cd-535c6305b380/resourceGroups/rgcomv196033244dca4cf4/providers/Microsoft.Network/virtualNetworks/vmssvnet?api-version=2017-08-01",
      "EncodedRequestUri": "L3N1YnNjcmlwdGlvbnMvZWMwYWE1ZjctOWU3OC00MGM5LTg1Y2QtNTM1YzYzMDViMzgwL3Jlc291cmNlR3JvdXBzL3JnY29tdjE5NjAzMzI0NGRjYTRjZjQvcHJvdmlkZXJzL01pY3Jvc29mdC5OZXR3b3JrL3ZpcnR1YWxOZXR3b3Jrcy92bXNzdm5ldD9hcGktdmVyc2lvbj0yMDE3LTA4LTAx",
      "RequestMethod": "PUT",
      "RequestBody": "{\r\n  \"properties\": {\r\n    \"addressSpace\": {\r\n      \"addressPrefixes\": [\r\n        \"10.0.0.0/28\"\r\n      ]\r\n    },\r\n    \"dhcpOptions\": {\r\n      \"dnsServers\": []\r\n    },\r\n    \"subnets\": [\r\n      {\r\n        \"properties\": {\r\n          \"addressPrefix\": \"10.0.0.0/28\"\r\n        },\r\n        \"name\": \"subnet1\"\r\n      }\r\n    ]\r\n  },\r\n  \"location\": \"eastus2\",\r\n  \"tags\": {}\r\n}",
      "RequestHeaders": {
        "Content-Type": [
          "application/json; charset=utf-8"
        ],
        "Content-Length": [
          "363"
        ],
        "x-ms-client-request-id": [
          "f30511ad-626a-4d5b-ac1f-05d3fdf316c3"
        ],
        "accept-language": [
          "en-US"
        ],
        "User-Agent": [
          "FxVersion/4.6.25211.01",
          "Microsoft.Azure.Management.Network.Fluent.NetworkManagementClient/1.3.0.0",
          "MacAddressHash/cf4abc88ec35afdb5bdcd5261ffce0ca8360bbdc5aed5c4d77c1f9b874f4c20b"
        ]
      },
      "ResponseBody": "{\r\n  \"name\": \"vmssvnet\",\r\n  \"id\": \"/subscriptions/ec0aa5f7-9e78-40c9-85cd-535c6305b380/resourceGroups/rgcomv196033244dca4cf4/providers/Microsoft.Network/virtualNetworks/vmssvnet\",\r\n  \"etag\": \"W/\\\"ddb97031-0400-4514-85cf-88561440e8b6\\\"\",\r\n  \"type\": \"Microsoft.Network/virtualNetworks\",\r\n  \"location\": \"eastus2\",\r\n  \"tags\": {},\r\n  \"properties\": {\r\n    \"provisioningState\": \"Updating\",\r\n    \"resourceGuid\": \"ddff6acd-a77c-4d99-bff0-6827f68accc4\",\r\n    \"addressSpace\": {\r\n      \"addressPrefixes\": [\r\n        \"10.0.0.0/28\"\r\n      ]\r\n    },\r\n    \"dhcpOptions\": {\r\n      \"dnsServers\": []\r\n    },\r\n    \"subnets\": [\r\n      {\r\n        \"name\": \"subnet1\",\r\n        \"id\": \"/subscriptions/ec0aa5f7-9e78-40c9-85cd-535c6305b380/resourceGroups/rgcomv196033244dca4cf4/providers/Microsoft.Network/virtualNetworks/vmssvnet/subnets/subnet1\",\r\n        \"etag\": \"W/\\\"ddb97031-0400-4514-85cf-88561440e8b6\\\"\",\r\n        \"properties\": {\r\n          \"provisioningState\": \"Updating\",\r\n          \"addressPrefix\": \"10.0.0.0/28\"\r\n        }\r\n      }\r\n    ],\r\n    \"virtualNetworkPeerings\": [],\r\n    \"enableDdosProtection\": false,\r\n    \"enableVmProtection\": false\r\n  }\r\n}",
      "ResponseHeaders": {
        "Content-Length": [
          "1134"
        ],
        "Content-Type": [
          "application/json; charset=utf-8"
        ],
        "Expires": [
          "-1"
        ],
        "Cache-Control": [
          "no-cache"
        ],
        "Date": [
          "Mon, 02 Oct 2017 06:34:51 GMT"
        ],
        "Pragma": [
          "no-cache"
        ],
        "Retry-After": [
          "3"
        ],
        "Server": [
          "Microsoft-HTTPAPI/2.0",
          "Microsoft-HTTPAPI/2.0"
        ],
        "x-ms-request-id": [
          "a26673be-9a6c-4059-9a5c-46e2ca297321"
        ],
        "Azure-AsyncOperation": [
          "https://management.azure.com/subscriptions/ec0aa5f7-9e78-40c9-85cd-535c6305b380/providers/Microsoft.Network/locations/eastus2/operations/a26673be-9a6c-4059-9a5c-46e2ca297321?api-version=2017-08-01"
        ],
        "Strict-Transport-Security": [
          "max-age=31536000; includeSubDomains"
        ],
        "x-ms-ratelimit-remaining-subscription-writes": [
          "1196"
        ],
        "x-ms-correlation-request-id": [
          "36e908b2-3009-4bae-8355-ecc1f292da92"
        ],
        "x-ms-routing-request-id": [
          "CANADAEAST:20171002T063451Z:36e908b2-3009-4bae-8355-ecc1f292da92"
        ]
      },
      "StatusCode": 201
    },
    {
      "RequestUri": "/subscriptions/ec0aa5f7-9e78-40c9-85cd-535c6305b380/providers/Microsoft.Network/locations/eastus2/operations/a26673be-9a6c-4059-9a5c-46e2ca297321?api-version=2017-08-01",
      "EncodedRequestUri": "L3N1YnNjcmlwdGlvbnMvZWMwYWE1ZjctOWU3OC00MGM5LTg1Y2QtNTM1YzYzMDViMzgwL3Byb3ZpZGVycy9NaWNyb3NvZnQuTmV0d29yay9sb2NhdGlvbnMvZWFzdHVzMi9vcGVyYXRpb25zL2EyNjY3M2JlLTlhNmMtNDA1OS05YTVjLTQ2ZTJjYTI5NzMyMT9hcGktdmVyc2lvbj0yMDE3LTA4LTAx",
      "RequestMethod": "GET",
      "RequestBody": "",
      "RequestHeaders": {
        "User-Agent": [
          "FxVersion/4.6.25211.01",
          "Microsoft.Azure.Management.Network.Fluent.NetworkManagementClient/1.3.0.0",
          "MacAddressHash/cf4abc88ec35afdb5bdcd5261ffce0ca8360bbdc5aed5c4d77c1f9b874f4c20b"
        ]
      },
      "ResponseBody": "{\r\n  \"status\": \"Succeeded\"\r\n}",
      "ResponseHeaders": {
        "Content-Type": [
          "application/json; charset=utf-8"
        ],
        "Expires": [
          "-1"
        ],
        "Cache-Control": [
          "no-cache"
        ],
        "Date": [
          "Mon, 02 Oct 2017 06:35:01 GMT"
        ],
        "Pragma": [
          "no-cache"
        ],
        "Transfer-Encoding": [
          "chunked"
        ],
        "Server": [
          "Microsoft-HTTPAPI/2.0",
          "Microsoft-HTTPAPI/2.0"
        ],
        "Vary": [
          "Accept-Encoding"
        ],
        "x-ms-request-id": [
          "e814e3e4-a9ad-4750-b342-305a3a4bd763"
        ],
        "Strict-Transport-Security": [
          "max-age=31536000; includeSubDomains"
        ],
        "x-ms-ratelimit-remaining-subscription-reads": [
          "14995"
        ],
        "x-ms-correlation-request-id": [
          "814c6fa2-e679-40f5-968e-01d6daa6d2a2"
        ],
        "x-ms-routing-request-id": [
          "CANADAEAST:20171002T063502Z:814c6fa2-e679-40f5-968e-01d6daa6d2a2"
        ]
      },
      "StatusCode": 200
    },
    {
      "RequestUri": "/subscriptions/ec0aa5f7-9e78-40c9-85cd-535c6305b380/resourceGroups/rgcomv196033244dca4cf4/providers/Microsoft.Network/virtualNetworks/vmssvnet?api-version=2017-08-01",
      "EncodedRequestUri": "L3N1YnNjcmlwdGlvbnMvZWMwYWE1ZjctOWU3OC00MGM5LTg1Y2QtNTM1YzYzMDViMzgwL3Jlc291cmNlR3JvdXBzL3JnY29tdjE5NjAzMzI0NGRjYTRjZjQvcHJvdmlkZXJzL01pY3Jvc29mdC5OZXR3b3JrL3ZpcnR1YWxOZXR3b3Jrcy92bXNzdm5ldD9hcGktdmVyc2lvbj0yMDE3LTA4LTAx",
      "RequestMethod": "GET",
      "RequestBody": "",
      "RequestHeaders": {
        "User-Agent": [
          "FxVersion/4.6.25211.01",
          "Microsoft.Azure.Management.Network.Fluent.NetworkManagementClient/1.3.0.0",
          "MacAddressHash/cf4abc88ec35afdb5bdcd5261ffce0ca8360bbdc5aed5c4d77c1f9b874f4c20b"
        ]
      },
      "ResponseBody": "{\r\n  \"name\": \"vmssvnet\",\r\n  \"id\": \"/subscriptions/ec0aa5f7-9e78-40c9-85cd-535c6305b380/resourceGroups/rgcomv196033244dca4cf4/providers/Microsoft.Network/virtualNetworks/vmssvnet\",\r\n  \"etag\": \"W/\\\"c146b656-3710-4b30-af07-1fa3e6e7dd07\\\"\",\r\n  \"type\": \"Microsoft.Network/virtualNetworks\",\r\n  \"location\": \"eastus2\",\r\n  \"tags\": {},\r\n  \"properties\": {\r\n    \"provisioningState\": \"Succeeded\",\r\n    \"resourceGuid\": \"ddff6acd-a77c-4d99-bff0-6827f68accc4\",\r\n    \"addressSpace\": {\r\n      \"addressPrefixes\": [\r\n        \"10.0.0.0/28\"\r\n      ]\r\n    },\r\n    \"dhcpOptions\": {\r\n      \"dnsServers\": []\r\n    },\r\n    \"subnets\": [\r\n      {\r\n        \"name\": \"subnet1\",\r\n        \"id\": \"/subscriptions/ec0aa5f7-9e78-40c9-85cd-535c6305b380/resourceGroups/rgcomv196033244dca4cf4/providers/Microsoft.Network/virtualNetworks/vmssvnet/subnets/subnet1\",\r\n        \"etag\": \"W/\\\"c146b656-3710-4b30-af07-1fa3e6e7dd07\\\"\",\r\n        \"properties\": {\r\n          \"provisioningState\": \"Succeeded\",\r\n          \"addressPrefix\": \"10.0.0.0/28\"\r\n        }\r\n      }\r\n    ],\r\n    \"virtualNetworkPeerings\": [],\r\n    \"enableDdosProtection\": false,\r\n    \"enableVmProtection\": false\r\n  }\r\n}",
      "ResponseHeaders": {
        "Content-Type": [
          "application/json; charset=utf-8"
        ],
        "Expires": [
          "-1"
        ],
        "Cache-Control": [
          "no-cache"
        ],
        "Date": [
          "Mon, 02 Oct 2017 06:35:02 GMT"
        ],
        "Pragma": [
          "no-cache"
        ],
        "Transfer-Encoding": [
          "chunked"
        ],
        "ETag": [
          "W/\"c146b656-3710-4b30-af07-1fa3e6e7dd07\""
        ],
        "Server": [
          "Microsoft-HTTPAPI/2.0",
          "Microsoft-HTTPAPI/2.0"
        ],
        "Vary": [
          "Accept-Encoding"
        ],
        "x-ms-request-id": [
          "45343f4b-c89b-430c-9921-683173fe45a8"
        ],
        "Strict-Transport-Security": [
          "max-age=31536000; includeSubDomains"
        ],
        "x-ms-ratelimit-remaining-subscription-reads": [
          "14994"
        ],
        "x-ms-correlation-request-id": [
          "80cd6b13-a2b6-4abf-adf5-59013265a851"
        ],
        "x-ms-routing-request-id": [
          "CANADAEAST:20171002T063502Z:80cd6b13-a2b6-4abf-adf5-59013265a851"
        ]
      },
      "StatusCode": 200
    },
    {
      "RequestUri": "/subscriptions/ec0aa5f7-9e78-40c9-85cd-535c6305b380/resourceGroups/rgcomv196033244dca4cf4/providers/Microsoft.Compute/virtualMachineScaleSets/vmss103b6202119874366?api-version=2017-12-01",
      "EncodedRequestUri": "L3N1YnNjcmlwdGlvbnMvZWMwYWE1ZjctOWU3OC00MGM5LTg1Y2QtNTM1YzYzMDViMzgwL3Jlc291cmNlR3JvdXBzL3JnY29tdjE5NjAzMzI0NGRjYTRjZjQvcHJvdmlkZXJzL01pY3Jvc29mdC5Db21wdXRlL3ZpcnR1YWxNYWNoaW5lU2NhbGVTZXRzL3Ztc3MxMDNiNjIwMjExOTg3NDM2Nj9hcGktdmVyc2lvbj0yMDE3LTEyLTAx",
      "RequestMethod": "PUT",
      "RequestBody": "{\r\n  \"sku\": {\r\n    \"name\": \"Standard_D3_v2\",\r\n    \"tier\": \"Standard\",\r\n    \"capacity\": 2\r\n  },\r\n  \"properties\": {\r\n    \"upgradePolicy\": {\r\n      \"mode\": \"Automatic\"\r\n    },\r\n    \"virtualMachineProfile\": {\r\n      \"osProfile\": {\r\n        \"computerNamePrefix\": \"vmss-vm57991\",\r\n        \"adminUsername\": \"tirekicker\",\r\n        \"adminPassword\": \"12NewPA23w0rd!\",\r\n        \"linuxConfiguration\": {\r\n          \"disablePasswordAuthentication\": false\r\n        }\r\n      },\r\n      \"storageProfile\": {\r\n        \"imageReference\": {\r\n          \"publisher\": \"Canonical\",\r\n          \"offer\": \"UbuntuServer\",\r\n          \"sku\": \"16.04.0-LTS\",\r\n          \"version\": \"latest\"\r\n        },\r\n        \"osDisk\": {\r\n          \"caching\": \"ReadWrite\",\r\n          \"createOption\": \"fromImage\",\r\n          \"managedDisk\": {\r\n            \"storageAccountType\": \"Standard_LRS\"\r\n          }\r\n        }\r\n      },\r\n      \"networkProfile\": {\r\n        \"networkInterfaceConfigurations\": [\r\n          {\r\n            \"name\": \"primary-nic-cfg\",\r\n            \"properties\": {\r\n              \"primary\": true,\r\n              \"ipConfigurations\": [\r\n                {\r\n                  \"name\": \"primary-nic-ip-cfg\",\r\n                  \"properties\": {\r\n                    \"subnet\": {\r\n                      \"id\": \"/subscriptions/ec0aa5f7-9e78-40c9-85cd-535c6305b380/resourceGroups/rgcomv196033244dca4cf4/providers/Microsoft.Network/virtualNetworks/vmssvnet/subnets/subnet1\"\r\n                    },\r\n                    \"loadBalancerBackendAddressPools\": [\r\n                      {\r\n                        \"id\": \"/subscriptions/ec0aa5f7-9e78-40c9-85cd-535c6305b380/resourceGroups/rgcomv196033244dca4cf4/providers/Microsoft.Network/loadBalancers/extlbfbf86894daf75040/backendAddressPools/extlbfbf86894daf75040-BAP1\"\r\n                      }\r\n                    ],\r\n                    \"loadBalancerInboundNatPools\": [\r\n                      {\r\n                        \"id\": \"/subscriptions/ec0aa5f7-9e78-40c9-85cd-535c6305b380/resourceGroups/rgcomv196033244dca4cf4/providers/Microsoft.Network/loadBalancers/extlbfbf86894daf75040/inboundNatPools/extlbfbf86894daf75040-INP1\"\r\n                      }\r\n                    ]\r\n                  }\r\n                }\r\n              ]\r\n            }\r\n          }\r\n        ]\r\n      }\r\n    }\r\n  },\r\n  \"zones\": [\r\n    \"1\"\r\n  ],\r\n  \"location\": \"eastus2\",\r\n  \"tags\": {}\r\n}",
      "RequestHeaders": {
        "Content-Type": [
          "application/json; charset=utf-8"
        ],
        "Content-Length": [
          "2360"
        ],
        "x-ms-client-request-id": [
          "11a70bb7-d518-4130-84b8-b6f88bfc135c"
        ],
        "accept-language": [
          "en-US"
        ],
        "User-Agent": [
          "FxVersion/4.6.25211.01",
          "Microsoft.Azure.Management.Compute.Fluent.ComputeManagementClient/1.3.0.0",
          "MacAddressHash/cf4abc88ec35afdb5bdcd5261ffce0ca8360bbdc5aed5c4d77c1f9b874f4c20b"
        ]
      },
      "ResponseBody": "{\r\n  \"sku\": {\r\n    \"name\": \"Standard_D3_v2\",\r\n    \"tier\": \"Standard\",\r\n    \"capacity\": 2\r\n  },\r\n  \"properties\": {\r\n    \"singlePlacementGroup\": true,\r\n    \"upgradePolicy\": {\r\n      \"mode\": \"Automatic\",\r\n      \"automaticOSUpgrade\": false\r\n    },\r\n    \"virtualMachineProfile\": {\r\n      \"osProfile\": {\r\n        \"computerNamePrefix\": \"vmss-vm57991\",\r\n        \"adminUsername\": \"tirekicker\",\r\n        \"linuxConfiguration\": {\r\n          \"disablePasswordAuthentication\": false\r\n        },\r\n        \"secrets\": []\r\n      },\r\n      \"storageProfile\": {\r\n        \"osDisk\": {\r\n          \"createOption\": \"FromImage\",\r\n          \"caching\": \"ReadWrite\",\r\n          \"managedDisk\": {\r\n            \"storageAccountType\": \"Standard_LRS\"\r\n          }\r\n        },\r\n        \"imageReference\": {\r\n          \"publisher\": \"Canonical\",\r\n          \"offer\": \"UbuntuServer\",\r\n          \"sku\": \"16.04.0-LTS\",\r\n          \"version\": \"latest\"\r\n        }\r\n      },\r\n      \"networkProfile\": {\r\n        \"networkInterfaceConfigurations\": [\r\n          {\r\n            \"name\": \"primary-nic-cfg\",\r\n            \"properties\": {\r\n              \"primary\": true,\r\n              \"enableAcceleratedNetworking\": false,\r\n              \"dnsSettings\": {\r\n                \"dnsServers\": []\r\n              },\r\n              \"ipConfigurations\": [\r\n                {\r\n                  \"name\": \"primary-nic-ip-cfg\",\r\n                  \"properties\": {\r\n                    \"subnet\": {\r\n                      \"id\": \"/subscriptions/ec0aa5f7-9e78-40c9-85cd-535c6305b380/resourceGroups/rgcomv196033244dca4cf4/providers/Microsoft.Network/virtualNetworks/vmssvnet/subnets/subnet1\"\r\n                    },\r\n                    \"privateIPAddressVersion\": \"IPv4\",\r\n                    \"loadBalancerBackendAddressPools\": [\r\n                      {\r\n                        \"id\": \"/subscriptions/ec0aa5f7-9e78-40c9-85cd-535c6305b380/resourceGroups/rgcomv196033244dca4cf4/providers/Microsoft.Network/loadBalancers/extlbfbf86894daf75040/backendAddressPools/extlbfbf86894daf75040-BAP1\"\r\n                      }\r\n                    ],\r\n                    \"loadBalancerInboundNatPools\": [\r\n                      {\r\n                        \"id\": \"/subscriptions/ec0aa5f7-9e78-40c9-85cd-535c6305b380/resourceGroups/rgcomv196033244dca4cf4/providers/Microsoft.Network/loadBalancers/extlbfbf86894daf75040/inboundNatPools/extlbfbf86894daf75040-INP1\"\r\n                      }\r\n                    ]\r\n                  }\r\n                }\r\n              ]\r\n            }\r\n          }\r\n        ]\r\n      }\r\n    },\r\n    \"provisioningState\": \"Creating\",\r\n    \"overprovision\": true,\r\n    \"uniqueId\": \"c3cfcb55-469c-44dc-be37-dec03e34b137\"\r\n  },\r\n  \"zones\": [\r\n    \"1\"\r\n  ],\r\n  \"type\": \"Microsoft.Compute/virtualMachineScaleSets\",\r\n  \"location\": \"eastus2\",\r\n  \"tags\": {},\r\n  \"id\": \"/subscriptions/ec0aa5f7-9e78-40c9-85cd-535c6305b380/resourceGroups/rgcomv196033244dca4cf4/providers/Microsoft.Compute/virtualMachineScaleSets/vmss103b6202119874366\",\r\n  \"name\": \"vmss103b6202119874366\"\r\n}",
      "ResponseHeaders": {
        "Content-Length": [
          "2348"
        ],
        "Content-Type": [
          "application/json; charset=utf-8"
        ],
        "Expires": [
          "-1"
        ],
        "Cache-Control": [
          "no-cache"
        ],
        "Date": [
          "Mon, 02 Oct 2017 06:35:03 GMT"
        ],
        "Pragma": [
          "no-cache"
        ],
        "Server": [
          "Microsoft-HTTPAPI/2.0",
          "Microsoft-HTTPAPI/2.0"
        ],
        "Azure-AsyncOperation": [
          "https://management.azure.com/subscriptions/ec0aa5f7-9e78-40c9-85cd-535c6305b380/providers/Microsoft.Compute/locations/eastus2/operations/d28e8806-228e-4c4a-9407-ff57762fd280?api-version=2017-12-01"
        ],
        "Strict-Transport-Security": [
          "max-age=31536000; includeSubDomains"
        ],
        "x-ms-served-by": [
          "e80879ac-fa85-4d3a-a88a-8f0894b5c96f_131486874463310240"
        ],
        "x-ms-request-id": [
          "d28e8806-228e-4c4a-9407-ff57762fd280"
        ],
        "x-ms-ratelimit-remaining-subscription-writes": [
          "1195"
        ],
        "x-ms-correlation-request-id": [
          "ab4a4bf9-aedf-492d-9e1a-327c8f018d62"
        ],
        "x-ms-routing-request-id": [
          "CANADAEAST:20171002T063503Z:ab4a4bf9-aedf-492d-9e1a-327c8f018d62"
        ]
      },
      "StatusCode": 201
    },
    {
      "RequestUri": "/subscriptions/ec0aa5f7-9e78-40c9-85cd-535c6305b380/providers/Microsoft.Compute/locations/eastus2/operations/d28e8806-228e-4c4a-9407-ff57762fd280?api-version=2017-12-01",
      "EncodedRequestUri": "L3N1YnNjcmlwdGlvbnMvZWMwYWE1ZjctOWU3OC00MGM5LTg1Y2QtNTM1YzYzMDViMzgwL3Byb3ZpZGVycy9NaWNyb3NvZnQuQ29tcHV0ZS9sb2NhdGlvbnMvZWFzdHVzMi9vcGVyYXRpb25zL2QyOGU4ODA2LTIyOGUtNGM0YS05NDA3LWZmNTc3NjJmZDI4MD9hcGktdmVyc2lvbj0yMDE3LTEyLTAx",
      "RequestMethod": "GET",
      "RequestBody": "",
      "RequestHeaders": {
        "User-Agent": [
          "FxVersion/4.6.25211.01",
          "Microsoft.Azure.Management.Compute.Fluent.ComputeManagementClient/1.3.0.0",
          "MacAddressHash/cf4abc88ec35afdb5bdcd5261ffce0ca8360bbdc5aed5c4d77c1f9b874f4c20b"
        ]
      },
      "ResponseBody": "{\r\n  \"startTime\": \"2017-10-01T23:35:03.0964642-07:00\",\r\n  \"status\": \"InProgress\",\r\n  \"name\": \"d28e8806-228e-4c4a-9407-ff57762fd280\"\r\n}",
      "ResponseHeaders": {
        "Content-Type": [
          "application/json; charset=utf-8"
        ],
        "Expires": [
          "-1"
        ],
        "Cache-Control": [
          "no-cache"
        ],
        "Date": [
          "Mon, 02 Oct 2017 06:35:33 GMT"
        ],
        "Pragma": [
          "no-cache"
        ],
        "Transfer-Encoding": [
          "chunked"
        ],
        "Server": [
          "Microsoft-HTTPAPI/2.0",
          "Microsoft-HTTPAPI/2.0"
        ],
        "Vary": [
          "Accept-Encoding"
        ],
        "Strict-Transport-Security": [
          "max-age=31536000; includeSubDomains"
        ],
        "x-ms-served-by": [
          "e80879ac-fa85-4d3a-a88a-8f0894b5c96f_131486874463310240"
        ],
        "x-ms-request-id": [
          "e58896a3-fb87-4b73-aaef-8df47ec48015"
        ],
        "x-ms-ratelimit-remaining-subscription-reads": [
          "14993"
        ],
        "x-ms-correlation-request-id": [
          "0de38713-76e4-4447-959a-a7c57d45a484"
        ],
        "x-ms-routing-request-id": [
          "CANADAEAST:20171002T063533Z:0de38713-76e4-4447-959a-a7c57d45a484"
        ]
      },
      "StatusCode": 200
    },
    {
      "RequestUri": "/subscriptions/ec0aa5f7-9e78-40c9-85cd-535c6305b380/providers/Microsoft.Compute/locations/eastus2/operations/d28e8806-228e-4c4a-9407-ff57762fd280?api-version=2017-12-01",
      "EncodedRequestUri": "L3N1YnNjcmlwdGlvbnMvZWMwYWE1ZjctOWU3OC00MGM5LTg1Y2QtNTM1YzYzMDViMzgwL3Byb3ZpZGVycy9NaWNyb3NvZnQuQ29tcHV0ZS9sb2NhdGlvbnMvZWFzdHVzMi9vcGVyYXRpb25zL2QyOGU4ODA2LTIyOGUtNGM0YS05NDA3LWZmNTc3NjJmZDI4MD9hcGktdmVyc2lvbj0yMDE3LTEyLTAx",
      "RequestMethod": "GET",
      "RequestBody": "",
      "RequestHeaders": {
        "User-Agent": [
          "FxVersion/4.6.25211.01",
          "Microsoft.Azure.Management.Compute.Fluent.ComputeManagementClient/1.3.0.0",
          "MacAddressHash/cf4abc88ec35afdb5bdcd5261ffce0ca8360bbdc5aed5c4d77c1f9b874f4c20b"
        ]
      },
      "ResponseBody": "{\r\n  \"startTime\": \"2017-10-01T23:35:03.0964642-07:00\",\r\n  \"status\": \"InProgress\",\r\n  \"name\": \"d28e8806-228e-4c4a-9407-ff57762fd280\"\r\n}",
      "ResponseHeaders": {
        "Content-Type": [
          "application/json; charset=utf-8"
        ],
        "Expires": [
          "-1"
        ],
        "Cache-Control": [
          "no-cache"
        ],
        "Date": [
          "Mon, 02 Oct 2017 06:36:03 GMT"
        ],
        "Pragma": [
          "no-cache"
        ],
        "Transfer-Encoding": [
          "chunked"
        ],
        "Server": [
          "Microsoft-HTTPAPI/2.0",
          "Microsoft-HTTPAPI/2.0"
        ],
        "Vary": [
          "Accept-Encoding"
        ],
        "Strict-Transport-Security": [
          "max-age=31536000; includeSubDomains"
        ],
        "x-ms-served-by": [
          "e80879ac-fa85-4d3a-a88a-8f0894b5c96f_131486874463310240"
        ],
        "x-ms-request-id": [
          "6babeb48-69b9-4687-8b80-2a6efb19edc1"
        ],
        "x-ms-ratelimit-remaining-subscription-reads": [
          "14992"
        ],
        "x-ms-correlation-request-id": [
          "fef07e2d-de26-4dfa-b243-7ec7cdc02e3a"
        ],
        "x-ms-routing-request-id": [
          "CANADAEAST:20171002T063603Z:fef07e2d-de26-4dfa-b243-7ec7cdc02e3a"
        ]
      },
      "StatusCode": 200
    },
    {
      "RequestUri": "/subscriptions/ec0aa5f7-9e78-40c9-85cd-535c6305b380/providers/Microsoft.Compute/locations/eastus2/operations/d28e8806-228e-4c4a-9407-ff57762fd280?api-version=2017-12-01",
      "EncodedRequestUri": "L3N1YnNjcmlwdGlvbnMvZWMwYWE1ZjctOWU3OC00MGM5LTg1Y2QtNTM1YzYzMDViMzgwL3Byb3ZpZGVycy9NaWNyb3NvZnQuQ29tcHV0ZS9sb2NhdGlvbnMvZWFzdHVzMi9vcGVyYXRpb25zL2QyOGU4ODA2LTIyOGUtNGM0YS05NDA3LWZmNTc3NjJmZDI4MD9hcGktdmVyc2lvbj0yMDE3LTEyLTAx",
      "RequestMethod": "GET",
      "RequestBody": "",
      "RequestHeaders": {
        "User-Agent": [
          "FxVersion/4.6.25211.01",
          "Microsoft.Azure.Management.Compute.Fluent.ComputeManagementClient/1.3.0.0",
          "MacAddressHash/cf4abc88ec35afdb5bdcd5261ffce0ca8360bbdc5aed5c4d77c1f9b874f4c20b"
        ]
      },
      "ResponseBody": "{\r\n  \"startTime\": \"2017-10-01T23:35:03.0964642-07:00\",\r\n  \"status\": \"InProgress\",\r\n  \"name\": \"d28e8806-228e-4c4a-9407-ff57762fd280\"\r\n}",
      "ResponseHeaders": {
        "Content-Type": [
          "application/json; charset=utf-8"
        ],
        "Expires": [
          "-1"
        ],
        "Cache-Control": [
          "no-cache"
        ],
        "Date": [
          "Mon, 02 Oct 2017 06:36:33 GMT"
        ],
        "Pragma": [
          "no-cache"
        ],
        "Transfer-Encoding": [
          "chunked"
        ],
        "Server": [
          "Microsoft-HTTPAPI/2.0",
          "Microsoft-HTTPAPI/2.0"
        ],
        "Vary": [
          "Accept-Encoding"
        ],
        "Strict-Transport-Security": [
          "max-age=31536000; includeSubDomains"
        ],
        "x-ms-served-by": [
          "e80879ac-fa85-4d3a-a88a-8f0894b5c96f_131486874463310240"
        ],
        "x-ms-request-id": [
          "4c259367-73bf-4833-8be3-ce1deb7728dc"
        ],
        "x-ms-ratelimit-remaining-subscription-reads": [
          "14991"
        ],
        "x-ms-correlation-request-id": [
          "8de0a420-e5a1-4530-bacf-97c4375fa0c0"
        ],
        "x-ms-routing-request-id": [
          "CANADAEAST:20171002T063634Z:8de0a420-e5a1-4530-bacf-97c4375fa0c0"
        ]
      },
      "StatusCode": 200
    },
    {
      "RequestUri": "/subscriptions/ec0aa5f7-9e78-40c9-85cd-535c6305b380/providers/Microsoft.Compute/locations/eastus2/operations/d28e8806-228e-4c4a-9407-ff57762fd280?api-version=2017-12-01",
      "EncodedRequestUri": "L3N1YnNjcmlwdGlvbnMvZWMwYWE1ZjctOWU3OC00MGM5LTg1Y2QtNTM1YzYzMDViMzgwL3Byb3ZpZGVycy9NaWNyb3NvZnQuQ29tcHV0ZS9sb2NhdGlvbnMvZWFzdHVzMi9vcGVyYXRpb25zL2QyOGU4ODA2LTIyOGUtNGM0YS05NDA3LWZmNTc3NjJmZDI4MD9hcGktdmVyc2lvbj0yMDE3LTEyLTAx",
      "RequestMethod": "GET",
      "RequestBody": "",
      "RequestHeaders": {
        "User-Agent": [
          "FxVersion/4.6.25211.01",
          "Microsoft.Azure.Management.Compute.Fluent.ComputeManagementClient/1.3.0.0",
          "MacAddressHash/cf4abc88ec35afdb5bdcd5261ffce0ca8360bbdc5aed5c4d77c1f9b874f4c20b"
        ]
      },
      "ResponseBody": "{\r\n  \"startTime\": \"2017-10-01T23:35:03.0964642-07:00\",\r\n  \"endTime\": \"2017-10-01T23:36:42.03712-07:00\",\r\n  \"status\": \"Succeeded\",\r\n  \"name\": \"d28e8806-228e-4c4a-9407-ff57762fd280\"\r\n}",
      "ResponseHeaders": {
        "Content-Type": [
          "application/json; charset=utf-8"
        ],
        "Expires": [
          "-1"
        ],
        "Cache-Control": [
          "no-cache"
        ],
        "Date": [
          "Mon, 02 Oct 2017 06:37:04 GMT"
        ],
        "Pragma": [
          "no-cache"
        ],
        "Transfer-Encoding": [
          "chunked"
        ],
        "Server": [
          "Microsoft-HTTPAPI/2.0",
          "Microsoft-HTTPAPI/2.0"
        ],
        "Vary": [
          "Accept-Encoding"
        ],
        "Strict-Transport-Security": [
          "max-age=31536000; includeSubDomains"
        ],
        "x-ms-served-by": [
          "e80879ac-fa85-4d3a-a88a-8f0894b5c96f_131486874463310240"
        ],
        "x-ms-request-id": [
          "7aaa6561-aaa1-4ace-88f0-fcec85d93f90"
        ],
        "x-ms-ratelimit-remaining-subscription-reads": [
          "14990"
        ],
        "x-ms-correlation-request-id": [
          "c955b6f6-8c5d-4a27-9f5c-5d46ca2b858b"
        ],
        "x-ms-routing-request-id": [
          "CANADAEAST:20171002T063704Z:c955b6f6-8c5d-4a27-9f5c-5d46ca2b858b"
        ]
      },
      "StatusCode": 200
    },
    {
      "RequestUri": "/subscriptions/ec0aa5f7-9e78-40c9-85cd-535c6305b380/resourceGroups/rgcomv196033244dca4cf4/providers/Microsoft.Compute/virtualMachineScaleSets/vmss103b6202119874366?api-version=2017-12-01",
      "EncodedRequestUri": "L3N1YnNjcmlwdGlvbnMvZWMwYWE1ZjctOWU3OC00MGM5LTg1Y2QtNTM1YzYzMDViMzgwL3Jlc291cmNlR3JvdXBzL3JnY29tdjE5NjAzMzI0NGRjYTRjZjQvcHJvdmlkZXJzL01pY3Jvc29mdC5Db21wdXRlL3ZpcnR1YWxNYWNoaW5lU2NhbGVTZXRzL3Ztc3MxMDNiNjIwMjExOTg3NDM2Nj9hcGktdmVyc2lvbj0yMDE3LTEyLTAx",
      "RequestMethod": "GET",
      "RequestBody": "",
      "RequestHeaders": {
        "User-Agent": [
          "FxVersion/4.6.25211.01",
          "Microsoft.Azure.Management.Compute.Fluent.ComputeManagementClient/1.3.0.0",
          "MacAddressHash/cf4abc88ec35afdb5bdcd5261ffce0ca8360bbdc5aed5c4d77c1f9b874f4c20b"
        ]
      },
      "ResponseBody": "{\r\n  \"sku\": {\r\n    \"name\": \"Standard_D3_v2\",\r\n    \"tier\": \"Standard\",\r\n    \"capacity\": 2\r\n  },\r\n  \"properties\": {\r\n    \"singlePlacementGroup\": true,\r\n    \"upgradePolicy\": {\r\n      \"mode\": \"Automatic\",\r\n      \"automaticOSUpgrade\": false\r\n    },\r\n    \"virtualMachineProfile\": {\r\n      \"osProfile\": {\r\n        \"computerNamePrefix\": \"vmss-vm57991\",\r\n        \"adminUsername\": \"tirekicker\",\r\n        \"linuxConfiguration\": {\r\n          \"disablePasswordAuthentication\": false\r\n        },\r\n        \"secrets\": []\r\n      },\r\n      \"storageProfile\": {\r\n        \"osDisk\": {\r\n          \"createOption\": \"FromImage\",\r\n          \"caching\": \"ReadWrite\",\r\n          \"managedDisk\": {\r\n            \"storageAccountType\": \"Standard_LRS\"\r\n          }\r\n        },\r\n        \"imageReference\": {\r\n          \"publisher\": \"Canonical\",\r\n          \"offer\": \"UbuntuServer\",\r\n          \"sku\": \"16.04.0-LTS\",\r\n          \"version\": \"latest\"\r\n        }\r\n      },\r\n      \"networkProfile\": {\r\n        \"networkInterfaceConfigurations\": [\r\n          {\r\n            \"name\": \"primary-nic-cfg\",\r\n            \"properties\": {\r\n              \"primary\": true,\r\n              \"enableAcceleratedNetworking\": false,\r\n              \"dnsSettings\": {\r\n                \"dnsServers\": []\r\n              },\r\n              \"ipConfigurations\": [\r\n                {\r\n                  \"name\": \"primary-nic-ip-cfg\",\r\n                  \"properties\": {\r\n                    \"subnet\": {\r\n                      \"id\": \"/subscriptions/ec0aa5f7-9e78-40c9-85cd-535c6305b380/resourceGroups/rgcomv196033244dca4cf4/providers/Microsoft.Network/virtualNetworks/vmssvnet/subnets/subnet1\"\r\n                    },\r\n                    \"privateIPAddressVersion\": \"IPv4\",\r\n                    \"loadBalancerBackendAddressPools\": [\r\n                      {\r\n                        \"id\": \"/subscriptions/ec0aa5f7-9e78-40c9-85cd-535c6305b380/resourceGroups/rgcomv196033244dca4cf4/providers/Microsoft.Network/loadBalancers/extlbfbf86894daf75040/backendAddressPools/extlbfbf86894daf75040-BAP1\"\r\n                      }\r\n                    ],\r\n                    \"loadBalancerInboundNatPools\": [\r\n                      {\r\n                        \"id\": \"/subscriptions/ec0aa5f7-9e78-40c9-85cd-535c6305b380/resourceGroups/rgcomv196033244dca4cf4/providers/Microsoft.Network/loadBalancers/extlbfbf86894daf75040/inboundNatPools/extlbfbf86894daf75040-INP1\"\r\n                      }\r\n                    ]\r\n                  }\r\n                }\r\n              ]\r\n            }\r\n          }\r\n        ]\r\n      }\r\n    },\r\n    \"provisioningState\": \"Succeeded\",\r\n    \"overprovision\": true,\r\n    \"uniqueId\": \"c3cfcb55-469c-44dc-be37-dec03e34b137\"\r\n  },\r\n  \"zones\": [\r\n    \"1\"\r\n  ],\r\n  \"type\": \"Microsoft.Compute/virtualMachineScaleSets\",\r\n  \"location\": \"eastus2\",\r\n  \"tags\": {},\r\n  \"id\": \"/subscriptions/ec0aa5f7-9e78-40c9-85cd-535c6305b380/resourceGroups/rgcomv196033244dca4cf4/providers/Microsoft.Compute/virtualMachineScaleSets/vmss103b6202119874366\",\r\n  \"name\": \"vmss103b6202119874366\"\r\n}",
      "ResponseHeaders": {
        "Content-Type": [
          "application/json; charset=utf-8"
        ],
        "Expires": [
          "-1"
        ],
        "Cache-Control": [
          "no-cache"
        ],
        "Date": [
          "Mon, 02 Oct 2017 06:37:04 GMT"
        ],
        "Pragma": [
          "no-cache"
        ],
        "Transfer-Encoding": [
          "chunked"
        ],
        "Server": [
          "Microsoft-HTTPAPI/2.0",
          "Microsoft-HTTPAPI/2.0"
        ],
        "Vary": [
          "Accept-Encoding"
        ],
        "Strict-Transport-Security": [
          "max-age=31536000; includeSubDomains"
        ],
        "x-ms-served-by": [
          "e80879ac-fa85-4d3a-a88a-8f0894b5c96f_131486874463310240"
        ],
        "x-ms-request-id": [
          "1231df13-8af0-4950-97b9-198d60cd2099"
        ],
        "x-ms-ratelimit-remaining-subscription-reads": [
          "14989"
        ],
        "x-ms-correlation-request-id": [
          "b7a6d1b9-f535-49f7-b097-877db8f05e6a"
        ],
        "x-ms-routing-request-id": [
          "CANADAEAST:20171002T063704Z:b7a6d1b9-f535-49f7-b097-877db8f05e6a"
        ]
      },
      "StatusCode": 200
    },
    {
      "RequestUri": "/subscriptions/ec0aa5f7-9e78-40c9-85cd-535c6305b380/resourceGroups/rgcomv196033244dca4cf4/providers/Microsoft.Compute/virtualMachineScaleSets/vmss2e0b924118f3ebc0b?api-version=2017-12-01",
      "EncodedRequestUri": "L3N1YnNjcmlwdGlvbnMvZWMwYWE1ZjctOWU3OC00MGM5LTg1Y2QtNTM1YzYzMDViMzgwL3Jlc291cmNlR3JvdXBzL3JnY29tdjE5NjAzMzI0NGRjYTRjZjQvcHJvdmlkZXJzL01pY3Jvc29mdC5Db21wdXRlL3ZpcnR1YWxNYWNoaW5lU2NhbGVTZXRzL3Ztc3MyZTBiOTI0MTE4ZjNlYmMwYj9hcGktdmVyc2lvbj0yMDE3LTEyLTAx",
      "RequestMethod": "PUT",
      "RequestBody": "{\r\n  \"sku\": {\r\n    \"name\": \"Standard_D3_v2\",\r\n    \"tier\": \"Standard\",\r\n    \"capacity\": 2\r\n  },\r\n  \"properties\": {\r\n    \"upgradePolicy\": {\r\n      \"mode\": \"Automatic\"\r\n    },\r\n    \"virtualMachineProfile\": {\r\n      \"osProfile\": {\r\n        \"computerNamePrefix\": \"vmss-vm26507\",\r\n        \"adminUsername\": \"tirekicker\",\r\n        \"adminPassword\": \"12NewPA23w0rd!\",\r\n        \"linuxConfiguration\": {\r\n          \"disablePasswordAuthentication\": false\r\n        }\r\n      },\r\n      \"storageProfile\": {\r\n        \"imageReference\": {\r\n          \"publisher\": \"Canonical\",\r\n          \"offer\": \"UbuntuServer\",\r\n          \"sku\": \"16.04.0-LTS\",\r\n          \"version\": \"latest\"\r\n        },\r\n        \"osDisk\": {\r\n          \"caching\": \"ReadWrite\",\r\n          \"createOption\": \"fromImage\",\r\n          \"managedDisk\": {\r\n            \"storageAccountType\": \"Standard_LRS\"\r\n          }\r\n        }\r\n      },\r\n      \"networkProfile\": {\r\n        \"networkInterfaceConfigurations\": [\r\n          {\r\n            \"name\": \"primary-nic-cfg\",\r\n            \"properties\": {\r\n              \"primary\": true,\r\n              \"ipConfigurations\": [\r\n                {\r\n                  \"name\": \"primary-nic-ip-cfg\",\r\n                  \"properties\": {\r\n                    \"subnet\": {\r\n                      \"id\": \"/subscriptions/ec0aa5f7-9e78-40c9-85cd-535c6305b380/resourceGroups/rgcomv196033244dca4cf4/providers/Microsoft.Network/virtualNetworks/vmssvnet/subnets/subnet1\"\r\n                    },\r\n                    \"loadBalancerBackendAddressPools\": [\r\n                      {\r\n                        \"id\": \"/subscriptions/ec0aa5f7-9e78-40c9-85cd-535c6305b380/resourceGroups/rgcomv196033244dca4cf4/providers/Microsoft.Network/loadBalancers/extlbfbf86894daf75040/backendAddressPools/extlbfbf86894daf75040-BAP2\"\r\n                      }\r\n                    ],\r\n                    \"loadBalancerInboundNatPools\": [\r\n                      {\r\n                        \"id\": \"/subscriptions/ec0aa5f7-9e78-40c9-85cd-535c6305b380/resourceGroups/rgcomv196033244dca4cf4/providers/Microsoft.Network/loadBalancers/extlbfbf86894daf75040/inboundNatPools/extlbfbf86894daf75040-INP2\"\r\n                      }\r\n                    ]\r\n                  }\r\n                }\r\n              ]\r\n            }\r\n          }\r\n        ]\r\n      }\r\n    }\r\n  },\r\n  \"zones\": [\r\n    \"1\"\r\n  ],\r\n  \"location\": \"eastus2\",\r\n  \"tags\": {}\r\n}",
      "RequestHeaders": {
        "Content-Type": [
          "application/json; charset=utf-8"
        ],
        "Content-Length": [
          "2360"
        ],
        "x-ms-client-request-id": [
          "94b5d521-4f51-4f65-88b2-81fc2c9881b3"
        ],
        "accept-language": [
          "en-US"
        ],
        "User-Agent": [
          "FxVersion/4.6.25211.01",
          "Microsoft.Azure.Management.Compute.Fluent.ComputeManagementClient/1.3.0.0",
          "MacAddressHash/cf4abc88ec35afdb5bdcd5261ffce0ca8360bbdc5aed5c4d77c1f9b874f4c20b"
        ]
      },
      "ResponseBody": "{\r\n  \"sku\": {\r\n    \"name\": \"Standard_D3_v2\",\r\n    \"tier\": \"Standard\",\r\n    \"capacity\": 2\r\n  },\r\n  \"properties\": {\r\n    \"singlePlacementGroup\": true,\r\n    \"upgradePolicy\": {\r\n      \"mode\": \"Automatic\",\r\n      \"automaticOSUpgrade\": false\r\n    },\r\n    \"virtualMachineProfile\": {\r\n      \"osProfile\": {\r\n        \"computerNamePrefix\": \"vmss-vm26507\",\r\n        \"adminUsername\": \"tirekicker\",\r\n        \"linuxConfiguration\": {\r\n          \"disablePasswordAuthentication\": false\r\n        },\r\n        \"secrets\": []\r\n      },\r\n      \"storageProfile\": {\r\n        \"osDisk\": {\r\n          \"createOption\": \"FromImage\",\r\n          \"caching\": \"ReadWrite\",\r\n          \"managedDisk\": {\r\n            \"storageAccountType\": \"Standard_LRS\"\r\n          }\r\n        },\r\n        \"imageReference\": {\r\n          \"publisher\": \"Canonical\",\r\n          \"offer\": \"UbuntuServer\",\r\n          \"sku\": \"16.04.0-LTS\",\r\n          \"version\": \"latest\"\r\n        }\r\n      },\r\n      \"networkProfile\": {\r\n        \"networkInterfaceConfigurations\": [\r\n          {\r\n            \"name\": \"primary-nic-cfg\",\r\n            \"properties\": {\r\n              \"primary\": true,\r\n              \"enableAcceleratedNetworking\": false,\r\n              \"dnsSettings\": {\r\n                \"dnsServers\": []\r\n              },\r\n              \"ipConfigurations\": [\r\n                {\r\n                  \"name\": \"primary-nic-ip-cfg\",\r\n                  \"properties\": {\r\n                    \"subnet\": {\r\n                      \"id\": \"/subscriptions/ec0aa5f7-9e78-40c9-85cd-535c6305b380/resourceGroups/rgcomv196033244dca4cf4/providers/Microsoft.Network/virtualNetworks/vmssvnet/subnets/subnet1\"\r\n                    },\r\n                    \"privateIPAddressVersion\": \"IPv4\",\r\n                    \"loadBalancerBackendAddressPools\": [\r\n                      {\r\n                        \"id\": \"/subscriptions/ec0aa5f7-9e78-40c9-85cd-535c6305b380/resourceGroups/rgcomv196033244dca4cf4/providers/Microsoft.Network/loadBalancers/extlbfbf86894daf75040/backendAddressPools/extlbfbf86894daf75040-BAP2\"\r\n                      }\r\n                    ],\r\n                    \"loadBalancerInboundNatPools\": [\r\n                      {\r\n                        \"id\": \"/subscriptions/ec0aa5f7-9e78-40c9-85cd-535c6305b380/resourceGroups/rgcomv196033244dca4cf4/providers/Microsoft.Network/loadBalancers/extlbfbf86894daf75040/inboundNatPools/extlbfbf86894daf75040-INP2\"\r\n                      }\r\n                    ]\r\n                  }\r\n                }\r\n              ]\r\n            }\r\n          }\r\n        ]\r\n      }\r\n    },\r\n    \"provisioningState\": \"Creating\",\r\n    \"overprovision\": true,\r\n    \"uniqueId\": \"e20df778-6825-446c-aa62-b2b19ae3c027\"\r\n  },\r\n  \"zones\": [\r\n    \"1\"\r\n  ],\r\n  \"type\": \"Microsoft.Compute/virtualMachineScaleSets\",\r\n  \"location\": \"eastus2\",\r\n  \"tags\": {},\r\n  \"id\": \"/subscriptions/ec0aa5f7-9e78-40c9-85cd-535c6305b380/resourceGroups/rgcomv196033244dca4cf4/providers/Microsoft.Compute/virtualMachineScaleSets/vmss2e0b924118f3ebc0b\",\r\n  \"name\": \"vmss2e0b924118f3ebc0b\"\r\n}",
      "ResponseHeaders": {
        "Content-Length": [
          "2348"
        ],
        "Content-Type": [
          "application/json; charset=utf-8"
        ],
        "Expires": [
          "-1"
        ],
        "Cache-Control": [
          "no-cache"
        ],
        "Date": [
          "Mon, 02 Oct 2017 06:37:05 GMT"
        ],
        "Pragma": [
          "no-cache"
        ],
        "Server": [
          "Microsoft-HTTPAPI/2.0",
          "Microsoft-HTTPAPI/2.0"
        ],
        "Azure-AsyncOperation": [
          "https://management.azure.com/subscriptions/ec0aa5f7-9e78-40c9-85cd-535c6305b380/providers/Microsoft.Compute/locations/eastus2/operations/a2973c9e-952c-4464-b89c-cb2cab9d3f03?api-version=2017-12-01"
        ],
        "Strict-Transport-Security": [
          "max-age=31536000; includeSubDomains"
        ],
        "x-ms-served-by": [
          "e80879ac-fa85-4d3a-a88a-8f0894b5c96f_131486874463310240"
        ],
        "x-ms-request-id": [
          "a2973c9e-952c-4464-b89c-cb2cab9d3f03"
        ],
        "x-ms-ratelimit-remaining-subscription-writes": [
          "1194"
        ],
        "x-ms-correlation-request-id": [
          "4f16850b-45bb-419c-8af5-e6a1a2b07c8c"
        ],
        "x-ms-routing-request-id": [
          "CANADAEAST:20171002T063705Z:4f16850b-45bb-419c-8af5-e6a1a2b07c8c"
        ]
      },
      "StatusCode": 201
    },
    {
      "RequestUri": "/subscriptions/ec0aa5f7-9e78-40c9-85cd-535c6305b380/providers/Microsoft.Compute/locations/eastus2/operations/a2973c9e-952c-4464-b89c-cb2cab9d3f03?api-version=2017-12-01",
      "EncodedRequestUri": "L3N1YnNjcmlwdGlvbnMvZWMwYWE1ZjctOWU3OC00MGM5LTg1Y2QtNTM1YzYzMDViMzgwL3Byb3ZpZGVycy9NaWNyb3NvZnQuQ29tcHV0ZS9sb2NhdGlvbnMvZWFzdHVzMi9vcGVyYXRpb25zL2EyOTczYzllLTk1MmMtNDQ2NC1iODljLWNiMmNhYjlkM2YwMz9hcGktdmVyc2lvbj0yMDE3LTEyLTAx",
      "RequestMethod": "GET",
      "RequestBody": "",
      "RequestHeaders": {
        "User-Agent": [
          "FxVersion/4.6.25211.01",
          "Microsoft.Azure.Management.Compute.Fluent.ComputeManagementClient/1.3.0.0",
          "MacAddressHash/cf4abc88ec35afdb5bdcd5261ffce0ca8360bbdc5aed5c4d77c1f9b874f4c20b"
        ]
      },
      "ResponseBody": "{\r\n  \"startTime\": \"2017-10-01T23:37:05.4597466-07:00\",\r\n  \"status\": \"InProgress\",\r\n  \"name\": \"a2973c9e-952c-4464-b89c-cb2cab9d3f03\"\r\n}",
      "ResponseHeaders": {
        "Content-Type": [
          "application/json; charset=utf-8"
        ],
        "Expires": [
          "-1"
        ],
        "Cache-Control": [
          "no-cache"
        ],
        "Date": [
          "Mon, 02 Oct 2017 06:37:35 GMT"
        ],
        "Pragma": [
          "no-cache"
        ],
        "Transfer-Encoding": [
          "chunked"
        ],
        "Server": [
          "Microsoft-HTTPAPI/2.0",
          "Microsoft-HTTPAPI/2.0"
        ],
        "Vary": [
          "Accept-Encoding"
        ],
        "Strict-Transport-Security": [
          "max-age=31536000; includeSubDomains"
        ],
        "x-ms-served-by": [
          "e80879ac-fa85-4d3a-a88a-8f0894b5c96f_131486874463310240"
        ],
        "x-ms-request-id": [
          "b8866ea6-eaf4-4f91-bd3c-cce91a44082e"
        ],
        "x-ms-ratelimit-remaining-subscription-reads": [
          "14988"
        ],
        "x-ms-correlation-request-id": [
          "8ebe3699-7de9-4b3c-87c3-b42f5964c51f"
        ],
        "x-ms-routing-request-id": [
          "CANADAEAST:20171002T063735Z:8ebe3699-7de9-4b3c-87c3-b42f5964c51f"
        ]
      },
      "StatusCode": 200
    },
    {
      "RequestUri": "/subscriptions/ec0aa5f7-9e78-40c9-85cd-535c6305b380/providers/Microsoft.Compute/locations/eastus2/operations/a2973c9e-952c-4464-b89c-cb2cab9d3f03?api-version=2017-12-01",
      "EncodedRequestUri": "L3N1YnNjcmlwdGlvbnMvZWMwYWE1ZjctOWU3OC00MGM5LTg1Y2QtNTM1YzYzMDViMzgwL3Byb3ZpZGVycy9NaWNyb3NvZnQuQ29tcHV0ZS9sb2NhdGlvbnMvZWFzdHVzMi9vcGVyYXRpb25zL2EyOTczYzllLTk1MmMtNDQ2NC1iODljLWNiMmNhYjlkM2YwMz9hcGktdmVyc2lvbj0yMDE3LTEyLTAx",
      "RequestMethod": "GET",
      "RequestBody": "",
      "RequestHeaders": {
        "User-Agent": [
          "FxVersion/4.6.25211.01",
          "Microsoft.Azure.Management.Compute.Fluent.ComputeManagementClient/1.3.0.0",
          "MacAddressHash/cf4abc88ec35afdb5bdcd5261ffce0ca8360bbdc5aed5c4d77c1f9b874f4c20b"
        ]
      },
      "ResponseBody": "{\r\n  \"startTime\": \"2017-10-01T23:37:05.4597466-07:00\",\r\n  \"status\": \"InProgress\",\r\n  \"name\": \"a2973c9e-952c-4464-b89c-cb2cab9d3f03\"\r\n}",
      "ResponseHeaders": {
        "Content-Type": [
          "application/json; charset=utf-8"
        ],
        "Expires": [
          "-1"
        ],
        "Cache-Control": [
          "no-cache"
        ],
        "Date": [
          "Mon, 02 Oct 2017 06:38:05 GMT"
        ],
        "Pragma": [
          "no-cache"
        ],
        "Transfer-Encoding": [
          "chunked"
        ],
        "Server": [
          "Microsoft-HTTPAPI/2.0",
          "Microsoft-HTTPAPI/2.0"
        ],
        "Vary": [
          "Accept-Encoding"
        ],
        "Strict-Transport-Security": [
          "max-age=31536000; includeSubDomains"
        ],
        "x-ms-served-by": [
          "e80879ac-fa85-4d3a-a88a-8f0894b5c96f_131486874463310240"
        ],
        "x-ms-request-id": [
          "858c5088-b9b2-4ce6-8d13-04057de95c3c"
        ],
        "x-ms-ratelimit-remaining-subscription-reads": [
          "14987"
        ],
        "x-ms-correlation-request-id": [
          "437a9471-0958-47b4-93ac-04cc7c2cd75d"
        ],
        "x-ms-routing-request-id": [
          "CANADAEAST:20171002T063806Z:437a9471-0958-47b4-93ac-04cc7c2cd75d"
        ]
      },
      "StatusCode": 200
    },
    {
      "RequestUri": "/subscriptions/ec0aa5f7-9e78-40c9-85cd-535c6305b380/providers/Microsoft.Compute/locations/eastus2/operations/a2973c9e-952c-4464-b89c-cb2cab9d3f03?api-version=2017-12-01",
      "EncodedRequestUri": "L3N1YnNjcmlwdGlvbnMvZWMwYWE1ZjctOWU3OC00MGM5LTg1Y2QtNTM1YzYzMDViMzgwL3Byb3ZpZGVycy9NaWNyb3NvZnQuQ29tcHV0ZS9sb2NhdGlvbnMvZWFzdHVzMi9vcGVyYXRpb25zL2EyOTczYzllLTk1MmMtNDQ2NC1iODljLWNiMmNhYjlkM2YwMz9hcGktdmVyc2lvbj0yMDE3LTEyLTAx",
      "RequestMethod": "GET",
      "RequestBody": "",
      "RequestHeaders": {
        "User-Agent": [
          "FxVersion/4.6.25211.01",
          "Microsoft.Azure.Management.Compute.Fluent.ComputeManagementClient/1.3.0.0",
          "MacAddressHash/cf4abc88ec35afdb5bdcd5261ffce0ca8360bbdc5aed5c4d77c1f9b874f4c20b"
        ]
      },
      "ResponseBody": "{\r\n  \"startTime\": \"2017-10-01T23:37:05.4597466-07:00\",\r\n  \"endTime\": \"2017-10-01T23:38:35.5095017-07:00\",\r\n  \"status\": \"Succeeded\",\r\n  \"name\": \"a2973c9e-952c-4464-b89c-cb2cab9d3f03\"\r\n}",
      "ResponseHeaders": {
        "Content-Type": [
          "application/json; charset=utf-8"
        ],
        "Expires": [
          "-1"
        ],
        "Cache-Control": [
          "no-cache"
        ],
        "Date": [
          "Mon, 02 Oct 2017 06:38:35 GMT"
        ],
        "Pragma": [
          "no-cache"
        ],
        "Transfer-Encoding": [
          "chunked"
        ],
        "Server": [
          "Microsoft-HTTPAPI/2.0",
          "Microsoft-HTTPAPI/2.0"
        ],
        "Vary": [
          "Accept-Encoding"
        ],
        "Strict-Transport-Security": [
          "max-age=31536000; includeSubDomains"
        ],
        "x-ms-served-by": [
          "e80879ac-fa85-4d3a-a88a-8f0894b5c96f_131486874463310240"
        ],
        "x-ms-request-id": [
          "d31f8ffd-ea02-4342-8ddd-5607ffb9bceb"
        ],
        "x-ms-ratelimit-remaining-subscription-reads": [
          "14986"
        ],
        "x-ms-correlation-request-id": [
          "e245955c-a7c9-4624-92e9-a2d07f043fc5"
        ],
        "x-ms-routing-request-id": [
          "CANADAEAST:20171002T063836Z:e245955c-a7c9-4624-92e9-a2d07f043fc5"
        ]
      },
      "StatusCode": 200
    },
    {
      "RequestUri": "/subscriptions/ec0aa5f7-9e78-40c9-85cd-535c6305b380/resourceGroups/rgcomv196033244dca4cf4/providers/Microsoft.Compute/virtualMachineScaleSets/vmss2e0b924118f3ebc0b?api-version=2017-12-01",
      "EncodedRequestUri": "L3N1YnNjcmlwdGlvbnMvZWMwYWE1ZjctOWU3OC00MGM5LTg1Y2QtNTM1YzYzMDViMzgwL3Jlc291cmNlR3JvdXBzL3JnY29tdjE5NjAzMzI0NGRjYTRjZjQvcHJvdmlkZXJzL01pY3Jvc29mdC5Db21wdXRlL3ZpcnR1YWxNYWNoaW5lU2NhbGVTZXRzL3Ztc3MyZTBiOTI0MTE4ZjNlYmMwYj9hcGktdmVyc2lvbj0yMDE3LTEyLTAx",
      "RequestMethod": "GET",
      "RequestBody": "",
      "RequestHeaders": {
        "User-Agent": [
          "FxVersion/4.6.25211.01",
          "Microsoft.Azure.Management.Compute.Fluent.ComputeManagementClient/1.3.0.0",
          "MacAddressHash/cf4abc88ec35afdb5bdcd5261ffce0ca8360bbdc5aed5c4d77c1f9b874f4c20b"
        ]
      },
      "ResponseBody": "{\r\n  \"sku\": {\r\n    \"name\": \"Standard_D3_v2\",\r\n    \"tier\": \"Standard\",\r\n    \"capacity\": 2\r\n  },\r\n  \"properties\": {\r\n    \"singlePlacementGroup\": true,\r\n    \"upgradePolicy\": {\r\n      \"mode\": \"Automatic\",\r\n      \"automaticOSUpgrade\": false\r\n    },\r\n    \"virtualMachineProfile\": {\r\n      \"osProfile\": {\r\n        \"computerNamePrefix\": \"vmss-vm26507\",\r\n        \"adminUsername\": \"tirekicker\",\r\n        \"linuxConfiguration\": {\r\n          \"disablePasswordAuthentication\": false\r\n        },\r\n        \"secrets\": []\r\n      },\r\n      \"storageProfile\": {\r\n        \"osDisk\": {\r\n          \"createOption\": \"FromImage\",\r\n          \"caching\": \"ReadWrite\",\r\n          \"managedDisk\": {\r\n            \"storageAccountType\": \"Standard_LRS\"\r\n          }\r\n        },\r\n        \"imageReference\": {\r\n          \"publisher\": \"Canonical\",\r\n          \"offer\": \"UbuntuServer\",\r\n          \"sku\": \"16.04.0-LTS\",\r\n          \"version\": \"latest\"\r\n        }\r\n      },\r\n      \"networkProfile\": {\r\n        \"networkInterfaceConfigurations\": [\r\n          {\r\n            \"name\": \"primary-nic-cfg\",\r\n            \"properties\": {\r\n              \"primary\": true,\r\n              \"enableAcceleratedNetworking\": false,\r\n              \"dnsSettings\": {\r\n                \"dnsServers\": []\r\n              },\r\n              \"ipConfigurations\": [\r\n                {\r\n                  \"name\": \"primary-nic-ip-cfg\",\r\n                  \"properties\": {\r\n                    \"subnet\": {\r\n                      \"id\": \"/subscriptions/ec0aa5f7-9e78-40c9-85cd-535c6305b380/resourceGroups/rgcomv196033244dca4cf4/providers/Microsoft.Network/virtualNetworks/vmssvnet/subnets/subnet1\"\r\n                    },\r\n                    \"privateIPAddressVersion\": \"IPv4\",\r\n                    \"loadBalancerBackendAddressPools\": [\r\n                      {\r\n                        \"id\": \"/subscriptions/ec0aa5f7-9e78-40c9-85cd-535c6305b380/resourceGroups/rgcomv196033244dca4cf4/providers/Microsoft.Network/loadBalancers/extlbfbf86894daf75040/backendAddressPools/extlbfbf86894daf75040-BAP2\"\r\n                      }\r\n                    ],\r\n                    \"loadBalancerInboundNatPools\": [\r\n                      {\r\n                        \"id\": \"/subscriptions/ec0aa5f7-9e78-40c9-85cd-535c6305b380/resourceGroups/rgcomv196033244dca4cf4/providers/Microsoft.Network/loadBalancers/extlbfbf86894daf75040/inboundNatPools/extlbfbf86894daf75040-INP2\"\r\n                      }\r\n                    ]\r\n                  }\r\n                }\r\n              ]\r\n            }\r\n          }\r\n        ]\r\n      }\r\n    },\r\n    \"provisioningState\": \"Succeeded\",\r\n    \"overprovision\": true,\r\n    \"uniqueId\": \"e20df778-6825-446c-aa62-b2b19ae3c027\"\r\n  },\r\n  \"zones\": [\r\n    \"1\"\r\n  ],\r\n  \"type\": \"Microsoft.Compute/virtualMachineScaleSets\",\r\n  \"location\": \"eastus2\",\r\n  \"tags\": {},\r\n  \"id\": \"/subscriptions/ec0aa5f7-9e78-40c9-85cd-535c6305b380/resourceGroups/rgcomv196033244dca4cf4/providers/Microsoft.Compute/virtualMachineScaleSets/vmss2e0b924118f3ebc0b\",\r\n  \"name\": \"vmss2e0b924118f3ebc0b\"\r\n}",
      "ResponseHeaders": {
        "Content-Type": [
          "application/json; charset=utf-8"
        ],
        "Expires": [
          "-1"
        ],
        "Cache-Control": [
          "no-cache"
        ],
        "Date": [
          "Mon, 02 Oct 2017 06:38:35 GMT"
        ],
        "Pragma": [
          "no-cache"
        ],
        "Transfer-Encoding": [
          "chunked"
        ],
        "Server": [
          "Microsoft-HTTPAPI/2.0",
          "Microsoft-HTTPAPI/2.0"
        ],
        "Vary": [
          "Accept-Encoding"
        ],
        "Strict-Transport-Security": [
          "max-age=31536000; includeSubDomains"
        ],
        "x-ms-served-by": [
          "e80879ac-fa85-4d3a-a88a-8f0894b5c96f_131486874463310240"
        ],
        "x-ms-request-id": [
          "fedc29e5-c97f-42d2-b121-218556c9fb5b"
        ],
        "x-ms-ratelimit-remaining-subscription-reads": [
          "14985"
        ],
        "x-ms-correlation-request-id": [
          "4438c323-dda5-49c4-b007-3bc146928e4a"
        ],
        "x-ms-routing-request-id": [
          "CANADAEAST:20171002T063836Z:4438c323-dda5-49c4-b007-3bc146928e4a"
        ]
      },
      "StatusCode": 200
    },
    {
      "RequestUri": "/subscriptions/ec0aa5f7-9e78-40c9-85cd-535c6305b380/resourcegroups/rgcomv196033244dca4cf4?api-version=2016-02-01",
      "EncodedRequestUri": "L3N1YnNjcmlwdGlvbnMvZWMwYWE1ZjctOWU3OC00MGM5LTg1Y2QtNTM1YzYzMDViMzgwL3Jlc291cmNlZ3JvdXBzL3JnY29tdjE5NjAzMzI0NGRjYTRjZjQ/YXBpLXZlcnNpb249MjAxNi0wMi0wMQ==",
      "RequestMethod": "DELETE",
      "RequestBody": "",
      "RequestHeaders": {
        "x-ms-client-request-id": [
          "264123e2-d5b0-40f1-a9fc-9472d05c9a03"
        ],
        "accept-language": [
          "en-US"
        ],
        "User-Agent": [
          "FxVersion/4.6.25211.01",
          "Microsoft.Azure.Management.ResourceManager.Fluent.ResourceManagementClient/1.3.0.0",
          "MacAddressHash/cf4abc88ec35afdb5bdcd5261ffce0ca8360bbdc5aed5c4d77c1f9b874f4c20b"
        ]
      },
      "ResponseBody": "",
      "ResponseHeaders": {
        "Content-Length": [
          "0"
        ],
        "Expires": [
          "-1"
        ],
        "Cache-Control": [
          "no-cache"
        ],
        "Date": [
          "Mon, 02 Oct 2017 06:38:36 GMT"
        ],
        "Pragma": [
          "no-cache"
        ],
        "Location": [
          "https://management.azure.com/subscriptions/ec0aa5f7-9e78-40c9-85cd-535c6305b380/operationresults/eyJqb2JJZCI6IlJFU09VUkNFR1JPVVBERUxFVElPTkpPQi1SR0NPTVYxOTYwMzMyNDREQ0E0Q0Y0LUVBU1RVUzIiLCJqb2JMb2NhdGlvbiI6ImVhc3R1czIifQ?api-version=2016-02-01"
        ],
        "Retry-After": [
          "15"
        ],
        "x-ms-ratelimit-remaining-subscription-writes": [
          "1193"
        ],
        "x-ms-request-id": [
          "f4f09463-2729-4eb0-b759-671f22a5afd2"
        ],
        "x-ms-correlation-request-id": [
          "f4f09463-2729-4eb0-b759-671f22a5afd2"
        ],
        "x-ms-routing-request-id": [
          "CANADAEAST:20171002T063837Z:f4f09463-2729-4eb0-b759-671f22a5afd2"
        ],
        "Strict-Transport-Security": [
          "max-age=31536000; includeSubDomains"
        ]
      },
      "StatusCode": 202
    },
    {
      "RequestUri": "/subscriptions/ec0aa5f7-9e78-40c9-85cd-535c6305b380/operationresults/eyJqb2JJZCI6IlJFU09VUkNFR1JPVVBERUxFVElPTkpPQi1SR0NPTVYxOTYwMzMyNDREQ0E0Q0Y0LUVBU1RVUzIiLCJqb2JMb2NhdGlvbiI6ImVhc3R1czIifQ?api-version=2016-02-01",
      "EncodedRequestUri": "L3N1YnNjcmlwdGlvbnMvZWMwYWE1ZjctOWU3OC00MGM5LTg1Y2QtNTM1YzYzMDViMzgwL29wZXJhdGlvbnJlc3VsdHMvZXlKcWIySkpaQ0k2SWxKRlUwOVZVa05GUjFKUFZWQkVSVXhGVkVsUFRrcFBRaTFTUjBOUFRWWXhPVFl3TXpNeU5EUkVRMEUwUTBZMExVVkJVMVJWVXpJaUxDSnFiMkpNYjJOaGRHbHZiaUk2SW1WaGMzUjFjeklpZlE/YXBpLXZlcnNpb249MjAxNi0wMi0wMQ==",
      "RequestMethod": "GET",
      "RequestBody": "",
      "RequestHeaders": {
        "User-Agent": [
          "FxVersion/4.6.25211.01",
          "Microsoft.Azure.Management.ResourceManager.Fluent.ResourceManagementClient/1.3.0.0",
          "MacAddressHash/cf4abc88ec35afdb5bdcd5261ffce0ca8360bbdc5aed5c4d77c1f9b874f4c20b"
        ]
      },
      "ResponseBody": "",
      "ResponseHeaders": {
        "Content-Length": [
          "0"
        ],
        "Expires": [
          "-1"
        ],
        "Cache-Control": [
          "no-cache"
        ],
        "Date": [
          "Mon, 02 Oct 2017 06:38:51 GMT"
        ],
        "Pragma": [
          "no-cache"
        ],
        "Location": [
          "https://management.azure.com/subscriptions/ec0aa5f7-9e78-40c9-85cd-535c6305b380/operationresults/eyJqb2JJZCI6IlJFU09VUkNFR1JPVVBERUxFVElPTkpPQi1SR0NPTVYxOTYwMzMyNDREQ0E0Q0Y0LUVBU1RVUzIiLCJqb2JMb2NhdGlvbiI6ImVhc3R1czIifQ?api-version=2016-02-01"
        ],
        "Retry-After": [
          "15"
        ],
        "x-ms-ratelimit-remaining-subscription-reads": [
          "14984"
        ],
        "x-ms-request-id": [
          "28ceb0de-7af3-47e4-abff-d9de39495887"
        ],
        "x-ms-correlation-request-id": [
          "28ceb0de-7af3-47e4-abff-d9de39495887"
        ],
        "x-ms-routing-request-id": [
          "CANADAEAST:20171002T063852Z:28ceb0de-7af3-47e4-abff-d9de39495887"
        ],
        "Strict-Transport-Security": [
          "max-age=31536000; includeSubDomains"
        ]
      },
      "StatusCode": 202
    },
    {
      "RequestUri": "/subscriptions/ec0aa5f7-9e78-40c9-85cd-535c6305b380/operationresults/eyJqb2JJZCI6IlJFU09VUkNFR1JPVVBERUxFVElPTkpPQi1SR0NPTVYxOTYwMzMyNDREQ0E0Q0Y0LUVBU1RVUzIiLCJqb2JMb2NhdGlvbiI6ImVhc3R1czIifQ?api-version=2016-02-01",
      "EncodedRequestUri": "L3N1YnNjcmlwdGlvbnMvZWMwYWE1ZjctOWU3OC00MGM5LTg1Y2QtNTM1YzYzMDViMzgwL29wZXJhdGlvbnJlc3VsdHMvZXlKcWIySkpaQ0k2SWxKRlUwOVZVa05GUjFKUFZWQkVSVXhGVkVsUFRrcFBRaTFTUjBOUFRWWXhPVFl3TXpNeU5EUkVRMEUwUTBZMExVVkJVMVJWVXpJaUxDSnFiMkpNYjJOaGRHbHZiaUk2SW1WaGMzUjFjeklpZlE/YXBpLXZlcnNpb249MjAxNi0wMi0wMQ==",
      "RequestMethod": "GET",
      "RequestBody": "",
      "RequestHeaders": {
        "User-Agent": [
          "FxVersion/4.6.25211.01",
          "Microsoft.Azure.Management.ResourceManager.Fluent.ResourceManagementClient/1.3.0.0",
          "MacAddressHash/cf4abc88ec35afdb5bdcd5261ffce0ca8360bbdc5aed5c4d77c1f9b874f4c20b"
        ]
      },
      "ResponseBody": "",
      "ResponseHeaders": {
        "Content-Length": [
          "0"
        ],
        "Expires": [
          "-1"
        ],
        "Cache-Control": [
          "no-cache"
        ],
        "Date": [
          "Mon, 02 Oct 2017 06:39:07 GMT"
        ],
        "Pragma": [
          "no-cache"
        ],
        "Location": [
          "https://management.azure.com/subscriptions/ec0aa5f7-9e78-40c9-85cd-535c6305b380/operationresults/eyJqb2JJZCI6IlJFU09VUkNFR1JPVVBERUxFVElPTkpPQi1SR0NPTVYxOTYwMzMyNDREQ0E0Q0Y0LUVBU1RVUzIiLCJqb2JMb2NhdGlvbiI6ImVhc3R1czIifQ?api-version=2016-02-01"
        ],
        "Retry-After": [
          "15"
        ],
        "x-ms-ratelimit-remaining-subscription-reads": [
          "14983"
        ],
        "x-ms-request-id": [
          "b8ccb728-8156-4809-a3e4-77a306d77e60"
        ],
        "x-ms-correlation-request-id": [
          "b8ccb728-8156-4809-a3e4-77a306d77e60"
        ],
        "x-ms-routing-request-id": [
          "CANADAEAST:20171002T063907Z:b8ccb728-8156-4809-a3e4-77a306d77e60"
        ],
        "Strict-Transport-Security": [
          "max-age=31536000; includeSubDomains"
        ]
      },
      "StatusCode": 202
    },
    {
      "RequestUri": "/subscriptions/ec0aa5f7-9e78-40c9-85cd-535c6305b380/operationresults/eyJqb2JJZCI6IlJFU09VUkNFR1JPVVBERUxFVElPTkpPQi1SR0NPTVYxOTYwMzMyNDREQ0E0Q0Y0LUVBU1RVUzIiLCJqb2JMb2NhdGlvbiI6ImVhc3R1czIifQ?api-version=2016-02-01",
      "EncodedRequestUri": "L3N1YnNjcmlwdGlvbnMvZWMwYWE1ZjctOWU3OC00MGM5LTg1Y2QtNTM1YzYzMDViMzgwL29wZXJhdGlvbnJlc3VsdHMvZXlKcWIySkpaQ0k2SWxKRlUwOVZVa05GUjFKUFZWQkVSVXhGVkVsUFRrcFBRaTFTUjBOUFRWWXhPVFl3TXpNeU5EUkVRMEUwUTBZMExVVkJVMVJWVXpJaUxDSnFiMkpNYjJOaGRHbHZiaUk2SW1WaGMzUjFjeklpZlE/YXBpLXZlcnNpb249MjAxNi0wMi0wMQ==",
      "RequestMethod": "GET",
      "RequestBody": "",
      "RequestHeaders": {
        "User-Agent": [
          "FxVersion/4.6.25211.01",
          "Microsoft.Azure.Management.ResourceManager.Fluent.ResourceManagementClient/1.3.0.0",
          "MacAddressHash/cf4abc88ec35afdb5bdcd5261ffce0ca8360bbdc5aed5c4d77c1f9b874f4c20b"
        ]
      },
      "ResponseBody": "",
      "ResponseHeaders": {
        "Content-Length": [
          "0"
        ],
        "Expires": [
          "-1"
        ],
        "Cache-Control": [
          "no-cache"
        ],
        "Date": [
          "Mon, 02 Oct 2017 06:39:22 GMT"
        ],
        "Pragma": [
          "no-cache"
        ],
        "Location": [
          "https://management.azure.com/subscriptions/ec0aa5f7-9e78-40c9-85cd-535c6305b380/operationresults/eyJqb2JJZCI6IlJFU09VUkNFR1JPVVBERUxFVElPTkpPQi1SR0NPTVYxOTYwMzMyNDREQ0E0Q0Y0LUVBU1RVUzIiLCJqb2JMb2NhdGlvbiI6ImVhc3R1czIifQ?api-version=2016-02-01"
        ],
        "Retry-After": [
          "15"
        ],
        "x-ms-ratelimit-remaining-subscription-reads": [
          "14982"
        ],
        "x-ms-request-id": [
          "863bfe06-a17f-4c51-991c-54242bf24ee1"
        ],
        "x-ms-correlation-request-id": [
          "863bfe06-a17f-4c51-991c-54242bf24ee1"
        ],
        "x-ms-routing-request-id": [
          "CANADAEAST:20171002T063923Z:863bfe06-a17f-4c51-991c-54242bf24ee1"
        ],
        "Strict-Transport-Security": [
          "max-age=31536000; includeSubDomains"
        ]
      },
      "StatusCode": 202
    },
    {
      "RequestUri": "/subscriptions/ec0aa5f7-9e78-40c9-85cd-535c6305b380/operationresults/eyJqb2JJZCI6IlJFU09VUkNFR1JPVVBERUxFVElPTkpPQi1SR0NPTVYxOTYwMzMyNDREQ0E0Q0Y0LUVBU1RVUzIiLCJqb2JMb2NhdGlvbiI6ImVhc3R1czIifQ?api-version=2016-02-01",
      "EncodedRequestUri": "L3N1YnNjcmlwdGlvbnMvZWMwYWE1ZjctOWU3OC00MGM5LTg1Y2QtNTM1YzYzMDViMzgwL29wZXJhdGlvbnJlc3VsdHMvZXlKcWIySkpaQ0k2SWxKRlUwOVZVa05GUjFKUFZWQkVSVXhGVkVsUFRrcFBRaTFTUjBOUFRWWXhPVFl3TXpNeU5EUkVRMEUwUTBZMExVVkJVMVJWVXpJaUxDSnFiMkpNYjJOaGRHbHZiaUk2SW1WaGMzUjFjeklpZlE/YXBpLXZlcnNpb249MjAxNi0wMi0wMQ==",
      "RequestMethod": "GET",
      "RequestBody": "",
      "RequestHeaders": {
        "User-Agent": [
          "FxVersion/4.6.25211.01",
          "Microsoft.Azure.Management.ResourceManager.Fluent.ResourceManagementClient/1.3.0.0",
          "MacAddressHash/cf4abc88ec35afdb5bdcd5261ffce0ca8360bbdc5aed5c4d77c1f9b874f4c20b"
        ]
      },
      "ResponseBody": "",
      "ResponseHeaders": {
        "Content-Length": [
          "0"
        ],
        "Expires": [
          "-1"
        ],
        "Cache-Control": [
          "no-cache"
        ],
        "Date": [
          "Mon, 02 Oct 2017 06:39:38 GMT"
        ],
        "Pragma": [
          "no-cache"
        ],
        "Location": [
          "https://management.azure.com/subscriptions/ec0aa5f7-9e78-40c9-85cd-535c6305b380/operationresults/eyJqb2JJZCI6IlJFU09VUkNFR1JPVVBERUxFVElPTkpPQi1SR0NPTVYxOTYwMzMyNDREQ0E0Q0Y0LUVBU1RVUzIiLCJqb2JMb2NhdGlvbiI6ImVhc3R1czIifQ?api-version=2016-02-01"
        ],
        "Retry-After": [
          "15"
        ],
        "x-ms-ratelimit-remaining-subscription-reads": [
          "14981"
        ],
        "x-ms-request-id": [
          "96a1b5b2-ae7f-446c-a358-b0ed5fb0bdd7"
        ],
        "x-ms-correlation-request-id": [
          "96a1b5b2-ae7f-446c-a358-b0ed5fb0bdd7"
        ],
        "x-ms-routing-request-id": [
          "CANADAEAST:20171002T063938Z:96a1b5b2-ae7f-446c-a358-b0ed5fb0bdd7"
        ],
        "Strict-Transport-Security": [
          "max-age=31536000; includeSubDomains"
        ]
      },
      "StatusCode": 202
    },
    {
      "RequestUri": "/subscriptions/ec0aa5f7-9e78-40c9-85cd-535c6305b380/operationresults/eyJqb2JJZCI6IlJFU09VUkNFR1JPVVBERUxFVElPTkpPQi1SR0NPTVYxOTYwMzMyNDREQ0E0Q0Y0LUVBU1RVUzIiLCJqb2JMb2NhdGlvbiI6ImVhc3R1czIifQ?api-version=2016-02-01",
      "EncodedRequestUri": "L3N1YnNjcmlwdGlvbnMvZWMwYWE1ZjctOWU3OC00MGM5LTg1Y2QtNTM1YzYzMDViMzgwL29wZXJhdGlvbnJlc3VsdHMvZXlKcWIySkpaQ0k2SWxKRlUwOVZVa05GUjFKUFZWQkVSVXhGVkVsUFRrcFBRaTFTUjBOUFRWWXhPVFl3TXpNeU5EUkVRMEUwUTBZMExVVkJVMVJWVXpJaUxDSnFiMkpNYjJOaGRHbHZiaUk2SW1WaGMzUjFjeklpZlE/YXBpLXZlcnNpb249MjAxNi0wMi0wMQ==",
      "RequestMethod": "GET",
      "RequestBody": "",
      "RequestHeaders": {
        "User-Agent": [
          "FxVersion/4.6.25211.01",
          "Microsoft.Azure.Management.ResourceManager.Fluent.ResourceManagementClient/1.3.0.0",
          "MacAddressHash/cf4abc88ec35afdb5bdcd5261ffce0ca8360bbdc5aed5c4d77c1f9b874f4c20b"
        ]
      },
      "ResponseBody": "",
      "ResponseHeaders": {
        "Content-Length": [
          "0"
        ],
        "Expires": [
          "-1"
        ],
        "Cache-Control": [
          "no-cache"
        ],
        "Date": [
          "Mon, 02 Oct 2017 06:39:53 GMT"
        ],
        "Pragma": [
          "no-cache"
        ],
        "Location": [
          "https://management.azure.com/subscriptions/ec0aa5f7-9e78-40c9-85cd-535c6305b380/operationresults/eyJqb2JJZCI6IlJFU09VUkNFR1JPVVBERUxFVElPTkpPQi1SR0NPTVYxOTYwMzMyNDREQ0E0Q0Y0LUVBU1RVUzIiLCJqb2JMb2NhdGlvbiI6ImVhc3R1czIifQ?api-version=2016-02-01"
        ],
        "Retry-After": [
          "15"
        ],
        "x-ms-ratelimit-remaining-subscription-reads": [
          "14980"
        ],
        "x-ms-request-id": [
          "96372508-63ce-4d3e-a260-2b2bccfd7ddc"
        ],
        "x-ms-correlation-request-id": [
          "96372508-63ce-4d3e-a260-2b2bccfd7ddc"
        ],
        "x-ms-routing-request-id": [
          "CANADAEAST:20171002T063953Z:96372508-63ce-4d3e-a260-2b2bccfd7ddc"
        ],
        "Strict-Transport-Security": [
          "max-age=31536000; includeSubDomains"
        ]
      },
      "StatusCode": 202
    },
    {
      "RequestUri": "/subscriptions/ec0aa5f7-9e78-40c9-85cd-535c6305b380/operationresults/eyJqb2JJZCI6IlJFU09VUkNFR1JPVVBERUxFVElPTkpPQi1SR0NPTVYxOTYwMzMyNDREQ0E0Q0Y0LUVBU1RVUzIiLCJqb2JMb2NhdGlvbiI6ImVhc3R1czIifQ?api-version=2016-02-01",
      "EncodedRequestUri": "L3N1YnNjcmlwdGlvbnMvZWMwYWE1ZjctOWU3OC00MGM5LTg1Y2QtNTM1YzYzMDViMzgwL29wZXJhdGlvbnJlc3VsdHMvZXlKcWIySkpaQ0k2SWxKRlUwOVZVa05GUjFKUFZWQkVSVXhGVkVsUFRrcFBRaTFTUjBOUFRWWXhPVFl3TXpNeU5EUkVRMEUwUTBZMExVVkJVMVJWVXpJaUxDSnFiMkpNYjJOaGRHbHZiaUk2SW1WaGMzUjFjeklpZlE/YXBpLXZlcnNpb249MjAxNi0wMi0wMQ==",
      "RequestMethod": "GET",
      "RequestBody": "",
      "RequestHeaders": {
        "User-Agent": [
          "FxVersion/4.6.25211.01",
          "Microsoft.Azure.Management.ResourceManager.Fluent.ResourceManagementClient/1.3.0.0",
          "MacAddressHash/cf4abc88ec35afdb5bdcd5261ffce0ca8360bbdc5aed5c4d77c1f9b874f4c20b"
        ]
      },
      "ResponseBody": "",
      "ResponseHeaders": {
        "Content-Length": [
          "0"
        ],
        "Expires": [
          "-1"
        ],
        "Cache-Control": [
          "no-cache"
        ],
        "Date": [
          "Mon, 02 Oct 2017 06:40:08 GMT"
        ],
        "Pragma": [
          "no-cache"
        ],
        "Location": [
          "https://management.azure.com/subscriptions/ec0aa5f7-9e78-40c9-85cd-535c6305b380/operationresults/eyJqb2JJZCI6IlJFU09VUkNFR1JPVVBERUxFVElPTkpPQi1SR0NPTVYxOTYwMzMyNDREQ0E0Q0Y0LUVBU1RVUzIiLCJqb2JMb2NhdGlvbiI6ImVhc3R1czIifQ?api-version=2016-02-01"
        ],
        "Retry-After": [
          "15"
        ],
        "x-ms-ratelimit-remaining-subscription-reads": [
          "14979"
        ],
        "x-ms-request-id": [
          "67a6fed6-98cd-4880-a7b1-23da278f3098"
        ],
        "x-ms-correlation-request-id": [
          "67a6fed6-98cd-4880-a7b1-23da278f3098"
        ],
        "x-ms-routing-request-id": [
          "CANADAEAST:20171002T064008Z:67a6fed6-98cd-4880-a7b1-23da278f3098"
        ],
        "Strict-Transport-Security": [
          "max-age=31536000; includeSubDomains"
        ]
      },
      "StatusCode": 202
    },
    {
      "RequestUri": "/subscriptions/ec0aa5f7-9e78-40c9-85cd-535c6305b380/operationresults/eyJqb2JJZCI6IlJFU09VUkNFR1JPVVBERUxFVElPTkpPQi1SR0NPTVYxOTYwMzMyNDREQ0E0Q0Y0LUVBU1RVUzIiLCJqb2JMb2NhdGlvbiI6ImVhc3R1czIifQ?api-version=2016-02-01",
      "EncodedRequestUri": "L3N1YnNjcmlwdGlvbnMvZWMwYWE1ZjctOWU3OC00MGM5LTg1Y2QtNTM1YzYzMDViMzgwL29wZXJhdGlvbnJlc3VsdHMvZXlKcWIySkpaQ0k2SWxKRlUwOVZVa05GUjFKUFZWQkVSVXhGVkVsUFRrcFBRaTFTUjBOUFRWWXhPVFl3TXpNeU5EUkVRMEUwUTBZMExVVkJVMVJWVXpJaUxDSnFiMkpNYjJOaGRHbHZiaUk2SW1WaGMzUjFjeklpZlE/YXBpLXZlcnNpb249MjAxNi0wMi0wMQ==",
      "RequestMethod": "GET",
      "RequestBody": "",
      "RequestHeaders": {
        "User-Agent": [
          "FxVersion/4.6.25211.01",
          "Microsoft.Azure.Management.ResourceManager.Fluent.ResourceManagementClient/1.3.0.0",
          "MacAddressHash/cf4abc88ec35afdb5bdcd5261ffce0ca8360bbdc5aed5c4d77c1f9b874f4c20b"
        ]
      },
      "ResponseBody": "",
      "ResponseHeaders": {
        "Content-Length": [
          "0"
        ],
        "Expires": [
          "-1"
        ],
        "Cache-Control": [
          "no-cache"
        ],
        "Date": [
          "Mon, 02 Oct 2017 06:40:23 GMT"
        ],
        "Pragma": [
          "no-cache"
        ],
        "Location": [
          "https://management.azure.com/subscriptions/ec0aa5f7-9e78-40c9-85cd-535c6305b380/operationresults/eyJqb2JJZCI6IlJFU09VUkNFR1JPVVBERUxFVElPTkpPQi1SR0NPTVYxOTYwMzMyNDREQ0E0Q0Y0LUVBU1RVUzIiLCJqb2JMb2NhdGlvbiI6ImVhc3R1czIifQ?api-version=2016-02-01"
        ],
        "Retry-After": [
          "15"
        ],
        "x-ms-ratelimit-remaining-subscription-reads": [
          "14978"
        ],
        "x-ms-request-id": [
          "eafb1725-0705-40a5-ac1a-c3cc67cbeb9c"
        ],
        "x-ms-correlation-request-id": [
          "eafb1725-0705-40a5-ac1a-c3cc67cbeb9c"
        ],
        "x-ms-routing-request-id": [
          "CANADAEAST:20171002T064023Z:eafb1725-0705-40a5-ac1a-c3cc67cbeb9c"
        ],
        "Strict-Transport-Security": [
          "max-age=31536000; includeSubDomains"
        ]
      },
      "StatusCode": 202
    },
    {
      "RequestUri": "/subscriptions/ec0aa5f7-9e78-40c9-85cd-535c6305b380/operationresults/eyJqb2JJZCI6IlJFU09VUkNFR1JPVVBERUxFVElPTkpPQi1SR0NPTVYxOTYwMzMyNDREQ0E0Q0Y0LUVBU1RVUzIiLCJqb2JMb2NhdGlvbiI6ImVhc3R1czIifQ?api-version=2016-02-01",
      "EncodedRequestUri": "L3N1YnNjcmlwdGlvbnMvZWMwYWE1ZjctOWU3OC00MGM5LTg1Y2QtNTM1YzYzMDViMzgwL29wZXJhdGlvbnJlc3VsdHMvZXlKcWIySkpaQ0k2SWxKRlUwOVZVa05GUjFKUFZWQkVSVXhGVkVsUFRrcFBRaTFTUjBOUFRWWXhPVFl3TXpNeU5EUkVRMEUwUTBZMExVVkJVMVJWVXpJaUxDSnFiMkpNYjJOaGRHbHZiaUk2SW1WaGMzUjFjeklpZlE/YXBpLXZlcnNpb249MjAxNi0wMi0wMQ==",
      "RequestMethod": "GET",
      "RequestBody": "",
      "RequestHeaders": {
        "User-Agent": [
          "FxVersion/4.6.25211.01",
          "Microsoft.Azure.Management.ResourceManager.Fluent.ResourceManagementClient/1.3.0.0",
          "MacAddressHash/cf4abc88ec35afdb5bdcd5261ffce0ca8360bbdc5aed5c4d77c1f9b874f4c20b"
        ]
      },
      "ResponseBody": "",
      "ResponseHeaders": {
        "Content-Length": [
          "0"
        ],
        "Expires": [
          "-1"
        ],
        "Cache-Control": [
          "no-cache"
        ],
        "Date": [
          "Mon, 02 Oct 2017 06:40:38 GMT"
        ],
        "Pragma": [
          "no-cache"
        ],
        "Location": [
          "https://management.azure.com/subscriptions/ec0aa5f7-9e78-40c9-85cd-535c6305b380/operationresults/eyJqb2JJZCI6IlJFU09VUkNFR1JPVVBERUxFVElPTkpPQi1SR0NPTVYxOTYwMzMyNDREQ0E0Q0Y0LUVBU1RVUzIiLCJqb2JMb2NhdGlvbiI6ImVhc3R1czIifQ?api-version=2016-02-01"
        ],
        "Retry-After": [
          "15"
        ],
        "x-ms-ratelimit-remaining-subscription-reads": [
          "14977"
        ],
        "x-ms-request-id": [
          "090bfbb4-0997-47d1-a059-f5e97c2e8c1d"
        ],
        "x-ms-correlation-request-id": [
          "090bfbb4-0997-47d1-a059-f5e97c2e8c1d"
        ],
        "x-ms-routing-request-id": [
          "CANADAEAST:20171002T064039Z:090bfbb4-0997-47d1-a059-f5e97c2e8c1d"
        ],
        "Strict-Transport-Security": [
          "max-age=31536000; includeSubDomains"
        ]
      },
      "StatusCode": 202
    },
    {
      "RequestUri": "/subscriptions/ec0aa5f7-9e78-40c9-85cd-535c6305b380/operationresults/eyJqb2JJZCI6IlJFU09VUkNFR1JPVVBERUxFVElPTkpPQi1SR0NPTVYxOTYwMzMyNDREQ0E0Q0Y0LUVBU1RVUzIiLCJqb2JMb2NhdGlvbiI6ImVhc3R1czIifQ?api-version=2016-02-01",
      "EncodedRequestUri": "L3N1YnNjcmlwdGlvbnMvZWMwYWE1ZjctOWU3OC00MGM5LTg1Y2QtNTM1YzYzMDViMzgwL29wZXJhdGlvbnJlc3VsdHMvZXlKcWIySkpaQ0k2SWxKRlUwOVZVa05GUjFKUFZWQkVSVXhGVkVsUFRrcFBRaTFTUjBOUFRWWXhPVFl3TXpNeU5EUkVRMEUwUTBZMExVVkJVMVJWVXpJaUxDSnFiMkpNYjJOaGRHbHZiaUk2SW1WaGMzUjFjeklpZlE/YXBpLXZlcnNpb249MjAxNi0wMi0wMQ==",
      "RequestMethod": "GET",
      "RequestBody": "",
      "RequestHeaders": {
        "User-Agent": [
          "FxVersion/4.6.25211.01",
          "Microsoft.Azure.Management.ResourceManager.Fluent.ResourceManagementClient/1.3.0.0",
          "MacAddressHash/cf4abc88ec35afdb5bdcd5261ffce0ca8360bbdc5aed5c4d77c1f9b874f4c20b"
        ]
      },
      "ResponseBody": "",
      "ResponseHeaders": {
        "Content-Length": [
          "0"
        ],
        "Expires": [
          "-1"
        ],
        "Cache-Control": [
          "no-cache"
        ],
        "Date": [
          "Mon, 02 Oct 2017 06:40:54 GMT"
        ],
        "Pragma": [
          "no-cache"
        ],
        "Location": [
          "https://management.azure.com/subscriptions/ec0aa5f7-9e78-40c9-85cd-535c6305b380/operationresults/eyJqb2JJZCI6IlJFU09VUkNFR1JPVVBERUxFVElPTkpPQi1SR0NPTVYxOTYwMzMyNDREQ0E0Q0Y0LUVBU1RVUzIiLCJqb2JMb2NhdGlvbiI6ImVhc3R1czIifQ?api-version=2016-02-01"
        ],
        "Retry-After": [
          "15"
        ],
        "x-ms-ratelimit-remaining-subscription-reads": [
          "14976"
        ],
        "x-ms-request-id": [
          "2a65ffdb-01a5-4f2a-8eb8-874014edcd1a"
        ],
        "x-ms-correlation-request-id": [
          "2a65ffdb-01a5-4f2a-8eb8-874014edcd1a"
        ],
        "x-ms-routing-request-id": [
          "CANADAEAST:20171002T064054Z:2a65ffdb-01a5-4f2a-8eb8-874014edcd1a"
        ],
        "Strict-Transport-Security": [
          "max-age=31536000; includeSubDomains"
        ]
      },
      "StatusCode": 202
    },
    {
      "RequestUri": "/subscriptions/ec0aa5f7-9e78-40c9-85cd-535c6305b380/operationresults/eyJqb2JJZCI6IlJFU09VUkNFR1JPVVBERUxFVElPTkpPQi1SR0NPTVYxOTYwMzMyNDREQ0E0Q0Y0LUVBU1RVUzIiLCJqb2JMb2NhdGlvbiI6ImVhc3R1czIifQ?api-version=2016-02-01",
      "EncodedRequestUri": "L3N1YnNjcmlwdGlvbnMvZWMwYWE1ZjctOWU3OC00MGM5LTg1Y2QtNTM1YzYzMDViMzgwL29wZXJhdGlvbnJlc3VsdHMvZXlKcWIySkpaQ0k2SWxKRlUwOVZVa05GUjFKUFZWQkVSVXhGVkVsUFRrcFBRaTFTUjBOUFRWWXhPVFl3TXpNeU5EUkVRMEUwUTBZMExVVkJVMVJWVXpJaUxDSnFiMkpNYjJOaGRHbHZiaUk2SW1WaGMzUjFjeklpZlE/YXBpLXZlcnNpb249MjAxNi0wMi0wMQ==",
      "RequestMethod": "GET",
      "RequestBody": "",
      "RequestHeaders": {
        "User-Agent": [
          "FxVersion/4.6.25211.01",
          "Microsoft.Azure.Management.ResourceManager.Fluent.ResourceManagementClient/1.3.0.0",
          "MacAddressHash/cf4abc88ec35afdb5bdcd5261ffce0ca8360bbdc5aed5c4d77c1f9b874f4c20b"
        ]
      },
      "ResponseBody": "",
      "ResponseHeaders": {
        "Content-Length": [
          "0"
        ],
        "Expires": [
          "-1"
        ],
        "Cache-Control": [
          "no-cache"
        ],
        "Date": [
          "Mon, 02 Oct 2017 06:41:09 GMT"
        ],
        "Pragma": [
          "no-cache"
        ],
        "Location": [
          "https://management.azure.com/subscriptions/ec0aa5f7-9e78-40c9-85cd-535c6305b380/operationresults/eyJqb2JJZCI6IlJFU09VUkNFR1JPVVBERUxFVElPTkpPQi1SR0NPTVYxOTYwMzMyNDREQ0E0Q0Y0LUVBU1RVUzIiLCJqb2JMb2NhdGlvbiI6ImVhc3R1czIifQ?api-version=2016-02-01"
        ],
        "Retry-After": [
          "15"
        ],
        "x-ms-ratelimit-remaining-subscription-reads": [
          "14975"
        ],
        "x-ms-request-id": [
          "0c8f7fb4-2643-4137-97ca-906787e86c64"
        ],
        "x-ms-correlation-request-id": [
          "0c8f7fb4-2643-4137-97ca-906787e86c64"
        ],
        "x-ms-routing-request-id": [
          "CANADAEAST:20171002T064109Z:0c8f7fb4-2643-4137-97ca-906787e86c64"
        ],
        "Strict-Transport-Security": [
          "max-age=31536000; includeSubDomains"
        ]
      },
      "StatusCode": 202
    },
    {
      "RequestUri": "/subscriptions/ec0aa5f7-9e78-40c9-85cd-535c6305b380/operationresults/eyJqb2JJZCI6IlJFU09VUkNFR1JPVVBERUxFVElPTkpPQi1SR0NPTVYxOTYwMzMyNDREQ0E0Q0Y0LUVBU1RVUzIiLCJqb2JMb2NhdGlvbiI6ImVhc3R1czIifQ?api-version=2016-02-01",
      "EncodedRequestUri": "L3N1YnNjcmlwdGlvbnMvZWMwYWE1ZjctOWU3OC00MGM5LTg1Y2QtNTM1YzYzMDViMzgwL29wZXJhdGlvbnJlc3VsdHMvZXlKcWIySkpaQ0k2SWxKRlUwOVZVa05GUjFKUFZWQkVSVXhGVkVsUFRrcFBRaTFTUjBOUFRWWXhPVFl3TXpNeU5EUkVRMEUwUTBZMExVVkJVMVJWVXpJaUxDSnFiMkpNYjJOaGRHbHZiaUk2SW1WaGMzUjFjeklpZlE/YXBpLXZlcnNpb249MjAxNi0wMi0wMQ==",
      "RequestMethod": "GET",
      "RequestBody": "",
      "RequestHeaders": {
        "User-Agent": [
          "FxVersion/4.6.25211.01",
          "Microsoft.Azure.Management.ResourceManager.Fluent.ResourceManagementClient/1.3.0.0",
          "MacAddressHash/cf4abc88ec35afdb5bdcd5261ffce0ca8360bbdc5aed5c4d77c1f9b874f4c20b"
        ]
      },
      "ResponseBody": "",
      "ResponseHeaders": {
        "Content-Length": [
          "0"
        ],
        "Expires": [
          "-1"
        ],
        "Cache-Control": [
          "no-cache"
        ],
        "Date": [
          "Mon, 02 Oct 2017 06:41:24 GMT"
        ],
        "Pragma": [
          "no-cache"
        ],
        "Location": [
          "https://management.azure.com/subscriptions/ec0aa5f7-9e78-40c9-85cd-535c6305b380/operationresults/eyJqb2JJZCI6IlJFU09VUkNFR1JPVVBERUxFVElPTkpPQi1SR0NPTVYxOTYwMzMyNDREQ0E0Q0Y0LUVBU1RVUzIiLCJqb2JMb2NhdGlvbiI6ImVhc3R1czIifQ?api-version=2016-02-01"
        ],
        "Retry-After": [
          "15"
        ],
        "x-ms-ratelimit-remaining-subscription-reads": [
          "14974"
        ],
        "x-ms-request-id": [
          "da14d290-6936-4365-9c5b-18d6791578c2"
        ],
        "x-ms-correlation-request-id": [
          "da14d290-6936-4365-9c5b-18d6791578c2"
        ],
        "x-ms-routing-request-id": [
          "CANADAEAST:20171002T064124Z:da14d290-6936-4365-9c5b-18d6791578c2"
        ],
        "Strict-Transport-Security": [
          "max-age=31536000; includeSubDomains"
        ]
      },
      "StatusCode": 202
    },
    {
      "RequestUri": "/subscriptions/ec0aa5f7-9e78-40c9-85cd-535c6305b380/operationresults/eyJqb2JJZCI6IlJFU09VUkNFR1JPVVBERUxFVElPTkpPQi1SR0NPTVYxOTYwMzMyNDREQ0E0Q0Y0LUVBU1RVUzIiLCJqb2JMb2NhdGlvbiI6ImVhc3R1czIifQ?api-version=2016-02-01",
      "EncodedRequestUri": "L3N1YnNjcmlwdGlvbnMvZWMwYWE1ZjctOWU3OC00MGM5LTg1Y2QtNTM1YzYzMDViMzgwL29wZXJhdGlvbnJlc3VsdHMvZXlKcWIySkpaQ0k2SWxKRlUwOVZVa05GUjFKUFZWQkVSVXhGVkVsUFRrcFBRaTFTUjBOUFRWWXhPVFl3TXpNeU5EUkVRMEUwUTBZMExVVkJVMVJWVXpJaUxDSnFiMkpNYjJOaGRHbHZiaUk2SW1WaGMzUjFjeklpZlE/YXBpLXZlcnNpb249MjAxNi0wMi0wMQ==",
      "RequestMethod": "GET",
      "RequestBody": "",
      "RequestHeaders": {
        "User-Agent": [
          "FxVersion/4.6.25211.01",
          "Microsoft.Azure.Management.ResourceManager.Fluent.ResourceManagementClient/1.3.0.0",
          "MacAddressHash/cf4abc88ec35afdb5bdcd5261ffce0ca8360bbdc5aed5c4d77c1f9b874f4c20b"
        ]
      },
      "ResponseBody": "",
      "ResponseHeaders": {
        "Content-Length": [
          "0"
        ],
        "Expires": [
          "-1"
        ],
        "Cache-Control": [
          "no-cache"
        ],
        "Date": [
          "Mon, 02 Oct 2017 06:41:39 GMT"
        ],
        "Pragma": [
          "no-cache"
        ],
        "Location": [
          "https://management.azure.com/subscriptions/ec0aa5f7-9e78-40c9-85cd-535c6305b380/operationresults/eyJqb2JJZCI6IlJFU09VUkNFR1JPVVBERUxFVElPTkpPQi1SR0NPTVYxOTYwMzMyNDREQ0E0Q0Y0LUVBU1RVUzIiLCJqb2JMb2NhdGlvbiI6ImVhc3R1czIifQ?api-version=2016-02-01"
        ],
        "Retry-After": [
          "15"
        ],
        "x-ms-ratelimit-remaining-subscription-reads": [
          "14973"
        ],
        "x-ms-request-id": [
          "684f6dea-0378-4ea2-b397-469eedbfd068"
        ],
        "x-ms-correlation-request-id": [
          "684f6dea-0378-4ea2-b397-469eedbfd068"
        ],
        "x-ms-routing-request-id": [
          "CANADAEAST:20171002T064139Z:684f6dea-0378-4ea2-b397-469eedbfd068"
        ],
        "Strict-Transport-Security": [
          "max-age=31536000; includeSubDomains"
        ]
      },
      "StatusCode": 202
    },
    {
      "RequestUri": "/subscriptions/ec0aa5f7-9e78-40c9-85cd-535c6305b380/operationresults/eyJqb2JJZCI6IlJFU09VUkNFR1JPVVBERUxFVElPTkpPQi1SR0NPTVYxOTYwMzMyNDREQ0E0Q0Y0LUVBU1RVUzIiLCJqb2JMb2NhdGlvbiI6ImVhc3R1czIifQ?api-version=2016-02-01",
      "EncodedRequestUri": "L3N1YnNjcmlwdGlvbnMvZWMwYWE1ZjctOWU3OC00MGM5LTg1Y2QtNTM1YzYzMDViMzgwL29wZXJhdGlvbnJlc3VsdHMvZXlKcWIySkpaQ0k2SWxKRlUwOVZVa05GUjFKUFZWQkVSVXhGVkVsUFRrcFBRaTFTUjBOUFRWWXhPVFl3TXpNeU5EUkVRMEUwUTBZMExVVkJVMVJWVXpJaUxDSnFiMkpNYjJOaGRHbHZiaUk2SW1WaGMzUjFjeklpZlE/YXBpLXZlcnNpb249MjAxNi0wMi0wMQ==",
      "RequestMethod": "GET",
      "RequestBody": "",
      "RequestHeaders": {
        "User-Agent": [
          "FxVersion/4.6.25211.01",
          "Microsoft.Azure.Management.ResourceManager.Fluent.ResourceManagementClient/1.3.0.0",
          "MacAddressHash/cf4abc88ec35afdb5bdcd5261ffce0ca8360bbdc5aed5c4d77c1f9b874f4c20b"
        ]
      },
      "ResponseBody": "",
      "ResponseHeaders": {
        "Content-Length": [
          "0"
        ],
        "Expires": [
          "-1"
        ],
        "Cache-Control": [
          "no-cache"
        ],
        "Date": [
          "Mon, 02 Oct 2017 06:41:54 GMT"
        ],
        "Pragma": [
          "no-cache"
        ],
        "Location": [
          "https://management.azure.com/subscriptions/ec0aa5f7-9e78-40c9-85cd-535c6305b380/operationresults/eyJqb2JJZCI6IlJFU09VUkNFR1JPVVBERUxFVElPTkpPQi1SR0NPTVYxOTYwMzMyNDREQ0E0Q0Y0LUVBU1RVUzIiLCJqb2JMb2NhdGlvbiI6ImVhc3R1czIifQ?api-version=2016-02-01"
        ],
        "Retry-After": [
          "15"
        ],
        "x-ms-ratelimit-remaining-subscription-reads": [
          "14972"
        ],
        "x-ms-request-id": [
          "d4e384c0-16d5-4da1-b908-04ee35d653d2"
        ],
        "x-ms-correlation-request-id": [
          "d4e384c0-16d5-4da1-b908-04ee35d653d2"
        ],
        "x-ms-routing-request-id": [
          "CANADAEAST:20171002T064155Z:d4e384c0-16d5-4da1-b908-04ee35d653d2"
        ],
        "Strict-Transport-Security": [
          "max-age=31536000; includeSubDomains"
        ]
      },
      "StatusCode": 202
    },
    {
      "RequestUri": "/subscriptions/ec0aa5f7-9e78-40c9-85cd-535c6305b380/operationresults/eyJqb2JJZCI6IlJFU09VUkNFR1JPVVBERUxFVElPTkpPQi1SR0NPTVYxOTYwMzMyNDREQ0E0Q0Y0LUVBU1RVUzIiLCJqb2JMb2NhdGlvbiI6ImVhc3R1czIifQ?api-version=2016-02-01",
      "EncodedRequestUri": "L3N1YnNjcmlwdGlvbnMvZWMwYWE1ZjctOWU3OC00MGM5LTg1Y2QtNTM1YzYzMDViMzgwL29wZXJhdGlvbnJlc3VsdHMvZXlKcWIySkpaQ0k2SWxKRlUwOVZVa05GUjFKUFZWQkVSVXhGVkVsUFRrcFBRaTFTUjBOUFRWWXhPVFl3TXpNeU5EUkVRMEUwUTBZMExVVkJVMVJWVXpJaUxDSnFiMkpNYjJOaGRHbHZiaUk2SW1WaGMzUjFjeklpZlE/YXBpLXZlcnNpb249MjAxNi0wMi0wMQ==",
      "RequestMethod": "GET",
      "RequestBody": "",
      "RequestHeaders": {
        "User-Agent": [
          "FxVersion/4.6.25211.01",
          "Microsoft.Azure.Management.ResourceManager.Fluent.ResourceManagementClient/1.3.0.0",
          "MacAddressHash/cf4abc88ec35afdb5bdcd5261ffce0ca8360bbdc5aed5c4d77c1f9b874f4c20b"
        ]
      },
      "ResponseBody": "",
      "ResponseHeaders": {
        "Content-Length": [
          "0"
        ],
        "Expires": [
          "-1"
        ],
        "Cache-Control": [
          "no-cache"
        ],
        "Date": [
          "Mon, 02 Oct 2017 06:42:09 GMT"
        ],
        "Pragma": [
          "no-cache"
        ],
        "Location": [
          "https://management.azure.com/subscriptions/ec0aa5f7-9e78-40c9-85cd-535c6305b380/operationresults/eyJqb2JJZCI6IlJFU09VUkNFR1JPVVBERUxFVElPTkpPQi1SR0NPTVYxOTYwMzMyNDREQ0E0Q0Y0LUVBU1RVUzIiLCJqb2JMb2NhdGlvbiI6ImVhc3R1czIifQ?api-version=2016-02-01"
        ],
        "Retry-After": [
          "15"
        ],
        "x-ms-ratelimit-remaining-subscription-reads": [
          "14971"
        ],
        "x-ms-request-id": [
          "2e2249ee-218c-4a56-8550-f5c8f99bcf3a"
        ],
        "x-ms-correlation-request-id": [
          "2e2249ee-218c-4a56-8550-f5c8f99bcf3a"
        ],
        "x-ms-routing-request-id": [
          "CANADAEAST:20171002T064210Z:2e2249ee-218c-4a56-8550-f5c8f99bcf3a"
        ],
        "Strict-Transport-Security": [
          "max-age=31536000; includeSubDomains"
        ]
      },
      "StatusCode": 202
    },
    {
      "RequestUri": "/subscriptions/ec0aa5f7-9e78-40c9-85cd-535c6305b380/operationresults/eyJqb2JJZCI6IlJFU09VUkNFR1JPVVBERUxFVElPTkpPQi1SR0NPTVYxOTYwMzMyNDREQ0E0Q0Y0LUVBU1RVUzIiLCJqb2JMb2NhdGlvbiI6ImVhc3R1czIifQ?api-version=2016-02-01",
      "EncodedRequestUri": "L3N1YnNjcmlwdGlvbnMvZWMwYWE1ZjctOWU3OC00MGM5LTg1Y2QtNTM1YzYzMDViMzgwL29wZXJhdGlvbnJlc3VsdHMvZXlKcWIySkpaQ0k2SWxKRlUwOVZVa05GUjFKUFZWQkVSVXhGVkVsUFRrcFBRaTFTUjBOUFRWWXhPVFl3TXpNeU5EUkVRMEUwUTBZMExVVkJVMVJWVXpJaUxDSnFiMkpNYjJOaGRHbHZiaUk2SW1WaGMzUjFjeklpZlE/YXBpLXZlcnNpb249MjAxNi0wMi0wMQ==",
      "RequestMethod": "GET",
      "RequestBody": "",
      "RequestHeaders": {
        "User-Agent": [
          "FxVersion/4.6.25211.01",
          "Microsoft.Azure.Management.ResourceManager.Fluent.ResourceManagementClient/1.3.0.0",
          "MacAddressHash/cf4abc88ec35afdb5bdcd5261ffce0ca8360bbdc5aed5c4d77c1f9b874f4c20b"
        ]
      },
      "ResponseBody": "",
      "ResponseHeaders": {
        "Content-Length": [
          "0"
        ],
        "Expires": [
          "-1"
        ],
        "Cache-Control": [
          "no-cache"
        ],
        "Date": [
          "Mon, 02 Oct 2017 06:42:24 GMT"
        ],
        "Pragma": [
          "no-cache"
        ],
        "x-ms-ratelimit-remaining-subscription-reads": [
          "14970"
        ],
        "x-ms-request-id": [
          "6c1f897e-4dc1-48d6-98c0-b56577b08721"
        ],
        "x-ms-correlation-request-id": [
          "6c1f897e-4dc1-48d6-98c0-b56577b08721"
        ],
        "x-ms-routing-request-id": [
          "CANADAEAST:20171002T064225Z:6c1f897e-4dc1-48d6-98c0-b56577b08721"
        ],
        "Strict-Transport-Security": [
          "max-age=31536000; includeSubDomains"
        ]
      },
      "StatusCode": 200
    }
  ],
  "Names": {
    "ManageZonalVirtualMachineScaleSetTest": [
      "rgcomv196033244dca4cf4",
      "extlbfbf86894daf75040",
      "vmss103b6202119874366",
      "vmss2e0b924118f3ebc0b",
      "vmss-vm57991",
      "vmss-vm26507"
    ]
  },
  "Variables": {
    "ServicePrincipal": "df54dca9-9512-4305-8c03-a026282685e0",
    "AADTenant": "72f988bf-86f1-41af-91ab-2d7cd011db47",
    "SubscriptionId": "ec0aa5f7-9e78-40c9-85cd-535c6305b380"
  }
}