{
  "Entries": [
    {
      "RequestUri": "/subscriptions/0b1f6471-1bf0-4dda-aec3-cb9272f09590/resourcegroups/rgcomvc8c57535511662d3?api-version=2017-05-10",
      "EncodedRequestUri": "L3N1YnNjcmlwdGlvbnMvMGIxZjY0NzEtMWJmMC00ZGRhLWFlYzMtY2I5MjcyZjA5NTkwL3Jlc291cmNlZ3JvdXBzL3JnY29tdmM4YzU3NTM1NTExNjYyZDM/YXBpLXZlcnNpb249MjAxNy0wNS0xMA==",
      "RequestMethod": "PUT",
      "RequestBody": "{\r\n  \"location\": \"westcentralus\"\r\n}",
      "RequestHeaders": {
        "x-ms-client-request-id": [
          "71189f5b-0e39-4bae-aff3-39303749abce"
        ],
        "Accept-Language": [
          "en-US"
        ],
        "User-Agent": [
          "FxVersion/4.6.27414.06",
          "OSName/Windows",
          "OSVersion/Microsoft.Windows.10.0.17763.",
          "Microsoft.Azure.Management.ResourceManager.Fluent.ResourceManagementClient/1.20.0.0",
          "MacAddressHash/dfc186da812799dff0d5877580e2f5634177cc66b64a724c5be514dc1fdd66f5"
        ],
        "Content-Type": [
          "application/json; charset=utf-8"
        ],
        "Content-Length": [
          "35"
        ]
      },
      "ResponseHeaders": {
        "Cache-Control": [
          "no-cache"
        ],
        "Pragma": [
          "no-cache"
        ],
        "x-ms-ratelimit-remaining-subscription-writes": [
          "1199"
        ],
        "x-ms-request-id": [
          "8486c3a4-4add-4325-b60f-87ea4ec98abd"
        ],
        "x-ms-correlation-request-id": [
          "8486c3a4-4add-4325-b60f-87ea4ec98abd"
        ],
        "x-ms-routing-request-id": [
          "WESTUS2:20190430T020127Z:8486c3a4-4add-4325-b60f-87ea4ec98abd"
        ],
        "Strict-Transport-Security": [
          "max-age=31536000; includeSubDomains"
        ],
        "X-Content-Type-Options": [
          "nosniff"
        ],
        "Date": [
          "Tue, 30 Apr 2019 02:01:27 GMT"
        ],
        "Content-Length": [
          "204"
        ],
        "Content-Type": [
          "application/json; charset=utf-8"
        ],
        "Expires": [
          "-1"
        ]
      },
      "ResponseBody": "{\r\n  \"id\": \"/subscriptions/0b1f6471-1bf0-4dda-aec3-cb9272f09590/resourceGroups/rgcomvc8c57535511662d3\",\r\n  \"name\": \"rgcomvc8c57535511662d3\",\r\n  \"location\": \"westcentralus\",\r\n  \"properties\": {\r\n    \"provisioningState\": \"Succeeded\"\r\n  }\r\n}",
      "StatusCode": 201
    },
    {
      "RequestUri": "/subscriptions/0b1f6471-1bf0-4dda-aec3-cb9272f09590/resourcegroups/rgcomvc8c57535511662d3?api-version=2017-05-10",
      "EncodedRequestUri": "L3N1YnNjcmlwdGlvbnMvMGIxZjY0NzEtMWJmMC00ZGRhLWFlYzMtY2I5MjcyZjA5NTkwL3Jlc291cmNlZ3JvdXBzL3JnY29tdmM4YzU3NTM1NTExNjYyZDM/YXBpLXZlcnNpb249MjAxNy0wNS0xMA==",
      "RequestMethod": "PUT",
      "RequestBody": "{\r\n  \"location\": \"westcentralus\"\r\n}",
      "RequestHeaders": {
        "x-ms-client-request-id": [
          "bbb98d7e-46b3-4e4b-bc52-dc521b3acf98"
        ],
        "Accept-Language": [
          "en-US"
        ],
        "User-Agent": [
          "FxVersion/4.6.27414.06",
          "OSName/Windows",
          "OSVersion/Microsoft.Windows.10.0.17763.",
          "Microsoft.Azure.Management.ResourceManager.Fluent.ResourceManagementClient/1.20.0.0",
          "MacAddressHash/dfc186da812799dff0d5877580e2f5634177cc66b64a724c5be514dc1fdd66f5"
        ],
        "Content-Type": [
          "application/json; charset=utf-8"
        ],
        "Content-Length": [
          "35"
        ]
      },
      "ResponseHeaders": {
        "Cache-Control": [
          "no-cache"
        ],
        "Pragma": [
          "no-cache"
        ],
        "x-ms-ratelimit-remaining-subscription-writes": [
          "1196"
        ],
        "x-ms-request-id": [
          "ca720a1d-5b65-48c4-822a-5e1edda64fc4"
        ],
        "x-ms-correlation-request-id": [
          "ca720a1d-5b65-48c4-822a-5e1edda64fc4"
        ],
        "x-ms-routing-request-id": [
          "WESTUS2:20190430T020132Z:ca720a1d-5b65-48c4-822a-5e1edda64fc4"
        ],
        "Strict-Transport-Security": [
          "max-age=31536000; includeSubDomains"
        ],
        "X-Content-Type-Options": [
          "nosniff"
        ],
        "Date": [
          "Tue, 30 Apr 2019 02:01:32 GMT"
        ],
        "Content-Length": [
          "204"
        ],
        "Content-Type": [
          "application/json; charset=utf-8"
        ],
        "Expires": [
          "-1"
        ]
      },
      "ResponseBody": "{\r\n  \"id\": \"/subscriptions/0b1f6471-1bf0-4dda-aec3-cb9272f09590/resourceGroups/rgcomvc8c57535511662d3\",\r\n  \"name\": \"rgcomvc8c57535511662d3\",\r\n  \"location\": \"westcentralus\",\r\n  \"properties\": {\r\n    \"provisioningState\": \"Succeeded\"\r\n  }\r\n}",
      "StatusCode": 200
    },
    {
      "RequestUri": "/subscriptions/0b1f6471-1bf0-4dda-aec3-cb9272f09590/resourceGroups/rgcomvc8c57535511662d3/providers/Microsoft.ManagedIdentity/userAssignedIdentities/idtf0179942037f4966d?api-version=2018-11-30",
      "EncodedRequestUri": "L3N1YnNjcmlwdGlvbnMvMGIxZjY0NzEtMWJmMC00ZGRhLWFlYzMtY2I5MjcyZjA5NTkwL3Jlc291cmNlR3JvdXBzL3JnY29tdmM4YzU3NTM1NTExNjYyZDMvcHJvdmlkZXJzL01pY3Jvc29mdC5NYW5hZ2VkSWRlbnRpdHkvdXNlckFzc2lnbmVkSWRlbnRpdGllcy9pZHRmMDE3OTk0MjAzN2Y0OTY2ZD9hcGktdmVyc2lvbj0yMDE4LTExLTMw",
      "RequestMethod": "PUT",
      "RequestBody": "{\r\n  \"location\": \"westcentralus\",\r\n  \"tags\": {}\r\n}",
      "RequestHeaders": {
        "x-ms-client-request-id": [
          "07feda33-c50e-4af1-a785-2a62f4123fc7"
        ],
        "Accept-Language": [
          "en-US"
        ],
        "User-Agent": [
          "FxVersion/4.6.27414.06",
          "OSName/Windows",
          "OSVersion/Microsoft.Windows.10.0.17763.",
          "Microsoft.Azure.Management.Msi.Fluent.ManagedServiceIdentityClient/1.20.0.0",
          "MacAddressHash/dfc186da812799dff0d5877580e2f5634177cc66b64a724c5be514dc1fdd66f5"
        ],
        "Content-Type": [
          "application/json; charset=utf-8"
        ],
        "Content-Length": [
          "50"
        ]
      },
      "ResponseHeaders": {
        "Cache-Control": [
          "no-cache"
        ],
        "Pragma": [
          "no-cache"
        ],
        "Location": [
          "/subscriptions/0b1f6471-1bf0-4dda-aec3-cb9272f09590/resourcegroups/rgcomvc8c57535511662d3/providers/Microsoft.ManagedIdentity/userAssignedIdentities/idtf0179942037f4966d"
        ],
        "Strict-Transport-Security": [
          "max-age=31536000; includeSubDomains"
        ],
        "Server": [
          "Microsoft-HTTPAPI/2.0"
        ],
        "x-ms-ratelimit-remaining-subscription-writes": [
          "1198"
        ],
        "x-ms-request-id": [
          "614286ad-7bec-4667-ad75-d8720ac7c369"
        ],
        "x-ms-correlation-request-id": [
          "614286ad-7bec-4667-ad75-d8720ac7c369"
        ],
        "x-ms-routing-request-id": [
          "WESTUS2:20190430T020129Z:614286ad-7bec-4667-ad75-d8720ac7c369"
        ],
        "X-Content-Type-Options": [
          "nosniff"
        ],
        "Date": [
          "Tue, 30 Apr 2019 02:01:28 GMT"
        ],
        "Content-Length": [
          "471"
        ],
        "Content-Type": [
          "application/json; charset=utf-8"
        ],
        "Expires": [
          "-1"
        ]
      },
      "ResponseBody": "{\r\n  \"id\": \"/subscriptions/0b1f6471-1bf0-4dda-aec3-cb9272f09590/resourcegroups/rgcomvc8c57535511662d3/providers/Microsoft.ManagedIdentity/userAssignedIdentities/idtf0179942037f4966d\",\r\n  \"name\": \"idtf0179942037f4966d\",\r\n  \"type\": \"Microsoft.ManagedIdentity/userAssignedIdentities\",\r\n  \"location\": \"westcentralus\",\r\n  \"tags\": {},\r\n  \"properties\": {\r\n    \"tenantId\": \"54826b22-38d6-4fb2-bad9-b7b93a3e9c5a\",\r\n    \"principalId\": \"558c76c6-e2a4-4bb2-a7e3-f2e5e766ad00\",\r\n    \"clientId\": \"213b851d-f8f1-4574-a802-053608cbb15b\"\r\n  }\r\n}",
      "StatusCode": 201
    },
    {
      "RequestUri": "//subscriptions/0b1f6471-1bf0-4dda-aec3-cb9272f09590/resourceGroups/rgcomvc8c57535511662d3/providers/Microsoft.Authorization/roleDefinitions?$filter=roleName%20eq%20'Contributor'&api-version=2018-01-01-preview",
      "EncodedRequestUri": "Ly9zdWJzY3JpcHRpb25zLzBiMWY2NDcxLTFiZjAtNGRkYS1hZWMzLWNiOTI3MmYwOTU5MC9yZXNvdXJjZUdyb3Vwcy9yZ2NvbXZjOGM1NzUzNTUxMTY2MmQzL3Byb3ZpZGVycy9NaWNyb3NvZnQuQXV0aG9yaXphdGlvbi9yb2xlRGVmaW5pdGlvbnM/JGZpbHRlcj1yb2xlTmFtZSUyMGVxJTIwJ0NvbnRyaWJ1dG9yJyZhcGktdmVyc2lvbj0yMDE4LTAxLTAxLXByZXZpZXc=",
      "RequestMethod": "GET",
      "RequestBody": "",
      "RequestHeaders": {
        "x-ms-client-request-id": [
          "19cf3d44-4450-4814-8d76-1ba46c086166"
        ],
        "Accept-Language": [
          "en-US"
        ],
        "User-Agent": [
          "FxVersion/4.6.27414.06",
          "OSName/Windows",
          "OSVersion/Microsoft.Windows.10.0.17763.",
          "Microsoft.Azure.Management.Graph.RBAC.Fluent.AuthorizationManagementClient/1.20.0.0",
          "MacAddressHash/dfc186da812799dff0d5877580e2f5634177cc66b64a724c5be514dc1fdd66f5"
        ]
      },
      "ResponseHeaders": {
        "Cache-Control": [
          "no-cache"
        ],
        "Pragma": [
          "no-cache"
        ],
        "x-ms-request-charge": [
          "1"
        ],
        "x-ms-request-id": [
          "21e77dbf-97cd-4c61-8332-abfb819b1b79"
        ],
        "X-Content-Type-Options": [
          "nosniff"
        ],
        "Strict-Transport-Security": [
          "max-age=31536000; includeSubDomains"
        ],
        "Set-Cookie": [
          "x-ms-gateway-slice=Production; path=/; secure; HttpOnly"
        ],
        "x-ms-ratelimit-remaining-subscription-reads": [
          "11999"
        ],
        "x-ms-correlation-request-id": [
          "eaaad3ff-0af9-4aa2-a3b9-695eb0fb9542"
        ],
        "x-ms-routing-request-id": [
          "WESTUS2:20190430T020129Z:eaaad3ff-0af9-4aa2-a3b9-695eb0fb9542"
        ],
        "Date": [
          "Tue, 30 Apr 2019 02:01:29 GMT"
        ],
        "Content-Length": [
          "832"
        ],
        "Content-Type": [
          "application/json; charset=utf-8"
        ],
        "Expires": [
          "-1"
        ]
      },
      "ResponseBody": "{\r\n  \"value\": [\r\n    {\r\n      \"properties\": {\r\n        \"roleName\": \"Contributor\",\r\n        \"type\": \"BuiltInRole\",\r\n        \"description\": \"Lets you manage everything except access to resources.\",\r\n        \"assignableScopes\": [\r\n          \"/\"\r\n        ],\r\n        \"permissions\": [\r\n          {\r\n            \"actions\": [\r\n              \"*\"\r\n            ],\r\n            \"notActions\": [\r\n              \"Microsoft.Authorization/*/Delete\",\r\n              \"Microsoft.Authorization/*/Write\",\r\n              \"Microsoft.Authorization/elevateAccess/Action\",\r\n              \"Microsoft.Blueprint/blueprintAssignments/write\",\r\n              \"Microsoft.Blueprint/blueprintAssignments/delete\"\r\n            ],\r\n            \"dataActions\": [],\r\n            \"notDataActions\": []\r\n          }\r\n        ],\r\n        \"createdOn\": \"2015-02-02T21:55:09.8806423Z\",\r\n        \"updatedOn\": \"2019-02-05T21:24:38.458061Z\",\r\n        \"createdBy\": null,\r\n        \"updatedBy\": null\r\n      },\r\n      \"id\": \"/subscriptions/0b1f6471-1bf0-4dda-aec3-cb9272f09590/providers/Microsoft.Authorization/roleDefinitions/b24988ac-6180-42a0-ab88-20f7382dd24c\",\r\n      \"type\": \"Microsoft.Authorization/roleDefinitions\",\r\n      \"name\": \"b24988ac-6180-42a0-ab88-20f7382dd24c\"\r\n    }\r\n  ]\r\n}",
      "StatusCode": 200
    },
    {
      "RequestUri": "//subscriptions/0b1f6471-1bf0-4dda-aec3-cb9272f09590/resourceGroups/rgcomvc8c57535511662d3/providers/Microsoft.Authorization/roleAssignments/d4964648-20df-4672-8753-66961156a9dc?api-version=2018-01-01-preview",
      "EncodedRequestUri": "Ly9zdWJzY3JpcHRpb25zLzBiMWY2NDcxLTFiZjAtNGRkYS1hZWMzLWNiOTI3MmYwOTU5MC9yZXNvdXJjZUdyb3Vwcy9yZ2NvbXZjOGM1NzUzNTUxMTY2MmQzL3Byb3ZpZGVycy9NaWNyb3NvZnQuQXV0aG9yaXphdGlvbi9yb2xlQXNzaWdubWVudHMvZDQ5NjQ2NDgtMjBkZi00NjcyLTg3NTMtNjY5NjExNTZhOWRjP2FwaS12ZXJzaW9uPTIwMTgtMDEtMDEtcHJldmlldw==",
      "RequestMethod": "PUT",
      "RequestBody": "{\r\n  \"properties\": {\r\n    \"roleDefinitionId\": \"/subscriptions/0b1f6471-1bf0-4dda-aec3-cb9272f09590/providers/Microsoft.Authorization/roleDefinitions/b24988ac-6180-42a0-ab88-20f7382dd24c\",\r\n    \"principalId\": \"558c76c6-e2a4-4bb2-a7e3-f2e5e766ad00\"\r\n  }\r\n}",
      "RequestHeaders": {
        "x-ms-client-request-id": [
          "957d1a58-88df-42c1-92ac-a11291647687"
        ],
        "Accept-Language": [
          "en-US"
        ],
        "User-Agent": [
          "FxVersion/4.6.27414.06",
          "OSName/Windows",
          "OSVersion/Microsoft.Windows.10.0.17763.",
          "Microsoft.Azure.Management.Graph.RBAC.Fluent.AuthorizationManagementClient/1.20.0.0",
          "MacAddressHash/dfc186da812799dff0d5877580e2f5634177cc66b64a724c5be514dc1fdd66f5"
        ],
        "Content-Type": [
          "application/json; charset=utf-8"
        ],
        "Content-Length": [
          "254"
        ]
      },
      "ResponseHeaders": {
        "Cache-Control": [
          "no-cache"
        ],
        "Pragma": [
          "no-cache"
        ],
        "x-ms-request-charge": [
          "3"
        ],
        "x-ms-request-id": [
          "f199d31c-7c27-4918-9ae6-70eeb0d29306"
        ],
        "X-Content-Type-Options": [
          "nosniff"
        ],
        "Strict-Transport-Security": [
          "max-age=31536000; includeSubDomains"
        ],
        "Set-Cookie": [
          "x-ms-gateway-slice=Production; path=/; secure; HttpOnly"
        ],
        "x-ms-ratelimit-remaining-subscription-writes": [
          "1197"
        ],
        "x-ms-correlation-request-id": [
          "cdb2345c-51d5-40b9-b194-ffbf0d43c199"
        ],
        "x-ms-routing-request-id": [
          "WESTUS2:20190430T020132Z:cdb2345c-51d5-40b9-b194-ffbf0d43c199"
        ],
        "Date": [
          "Tue, 30 Apr 2019 02:01:31 GMT"
        ],
        "Content-Length": [
          "797"
        ],
        "Content-Type": [
          "application/json; charset=utf-8"
        ],
        "Expires": [
          "-1"
        ]
      },
      "ResponseBody": "{\r\n  \"properties\": {\r\n    \"roleDefinitionId\": \"/subscriptions/0b1f6471-1bf0-4dda-aec3-cb9272f09590/providers/Microsoft.Authorization/roleDefinitions/b24988ac-6180-42a0-ab88-20f7382dd24c\",\r\n    \"principalId\": \"558c76c6-e2a4-4bb2-a7e3-f2e5e766ad00\",\r\n    \"principalType\": \"ServicePrincipal\",\r\n    \"scope\": \"/subscriptions/0b1f6471-1bf0-4dda-aec3-cb9272f09590/resourceGroups/rgcomvc8c57535511662d3\",\r\n    \"createdOn\": \"2019-04-30T02:01:29.5361842Z\",\r\n    \"updatedOn\": \"2019-04-30T02:01:29.5361842Z\",\r\n    \"createdBy\": null,\r\n    \"updatedBy\": \"1c93a1ad-59cf-42fc-b6ce-0f5ffd464a70\"\r\n  },\r\n  \"id\": \"/subscriptions/0b1f6471-1bf0-4dda-aec3-cb9272f09590/resourceGroups/rgcomvc8c57535511662d3/providers/Microsoft.Authorization/roleAssignments/d4964648-20df-4672-8753-66961156a9dc\",\r\n  \"type\": \"Microsoft.Authorization/roleAssignments\",\r\n  \"name\": \"d4964648-20df-4672-8753-66961156a9dc\"\r\n}",
      "StatusCode": 201
    },
    {
      "RequestUri": "/subscriptions/0b1f6471-1bf0-4dda-aec3-cb9272f09590/resourceGroups/rgcomvc8c57535511662d3/providers/Microsoft.Network/virtualNetworks/vnet45c06836ef03?api-version=2018-04-01",
      "EncodedRequestUri": "L3N1YnNjcmlwdGlvbnMvMGIxZjY0NzEtMWJmMC00ZGRhLWFlYzMtY2I5MjcyZjA5NTkwL3Jlc291cmNlR3JvdXBzL3JnY29tdmM4YzU3NTM1NTExNjYyZDMvcHJvdmlkZXJzL01pY3Jvc29mdC5OZXR3b3JrL3ZpcnR1YWxOZXR3b3Jrcy92bmV0NDVjMDY4MzZlZjAzP2FwaS12ZXJzaW9uPTIwMTgtMDQtMDE=",
      "RequestMethod": "PUT",
      "RequestBody": "{\r\n  \"properties\": {\r\n    \"addressSpace\": {\r\n      \"addressPrefixes\": [\r\n        \"10.0.0.0/28\"\r\n      ]\r\n    },\r\n    \"dhcpOptions\": {\r\n      \"dnsServers\": []\r\n    },\r\n    \"subnets\": [\r\n      {\r\n        \"properties\": {\r\n          \"addressPrefix\": \"10.0.0.0/28\"\r\n        },\r\n        \"name\": \"subnet1\"\r\n      }\r\n    ]\r\n  },\r\n  \"location\": \"westcentralus\",\r\n  \"tags\": {}\r\n}",
      "RequestHeaders": {
        "x-ms-client-request-id": [
          "d01e5791-9a44-4d87-aaa6-3826f2ee8ffd"
        ],
        "Accept-Language": [
          "en-US"
        ],
        "User-Agent": [
          "FxVersion/4.6.27414.06",
          "OSName/Windows",
          "OSVersion/Microsoft.Windows.10.0.17763.",
          "Microsoft.Azure.Management.Network.Fluent.NetworkManagementClient/1.20.0.0",
          "MacAddressHash/dfc186da812799dff0d5877580e2f5634177cc66b64a724c5be514dc1fdd66f5"
        ],
        "Content-Type": [
          "application/json; charset=utf-8"
        ],
        "Content-Length": [
          "369"
        ]
      },
      "ResponseHeaders": {
        "Cache-Control": [
          "no-cache"
        ],
        "Pragma": [
          "no-cache"
        ],
        "Retry-After": [
          "3"
        ],
        "x-ms-request-id": [
          "1d05d1d8-e4f2-458e-b4b3-d92aa0a08520"
        ],
        "Azure-AsyncOperation": [
          "https://management.azure.com/subscriptions/0b1f6471-1bf0-4dda-aec3-cb9272f09590/providers/Microsoft.Network/locations/westcentralus/operations/1d05d1d8-e4f2-458e-b4b3-d92aa0a08520?api-version=2018-04-01"
        ],
        "x-ms-correlation-request-id": [
          "fe1a57d7-f585-419a-a0e4-91b384f1c43d"
        ],
        "Strict-Transport-Security": [
          "max-age=31536000; includeSubDomains"
        ],
        "x-ms-ratelimit-remaining-subscription-writes": [
          "1195"
        ],
        "Server": [
          "Microsoft-HTTPAPI/2.0",
          "Microsoft-HTTPAPI/2.0"
        ],
        "x-ms-routing-request-id": [
          "WESTUS2:20190430T020133Z:fe1a57d7-f585-419a-a0e4-91b384f1c43d"
        ],
        "X-Content-Type-Options": [
          "nosniff"
        ],
        "Date": [
          "Tue, 30 Apr 2019 02:01:32 GMT"
        ],
        "Content-Length": [
          "1256"
        ],
        "Content-Type": [
          "application/json; charset=utf-8"
        ],
        "Expires": [
          "-1"
        ]
      },
      "ResponseBody": "{\r\n  \"name\": \"vnet45c06836ef03\",\r\n  \"id\": \"/subscriptions/0b1f6471-1bf0-4dda-aec3-cb9272f09590/resourceGroups/rgcomvc8c57535511662d3/providers/Microsoft.Network/virtualNetworks/vnet45c06836ef03\",\r\n  \"etag\": \"W/\\\"45423349-45ec-44ac-a26a-84c9d37ea06e\\\"\",\r\n  \"type\": \"Microsoft.Network/virtualNetworks\",\r\n  \"location\": \"westcentralus\",\r\n  \"tags\": {},\r\n  \"properties\": {\r\n    \"provisioningState\": \"Updating\",\r\n    \"resourceGuid\": \"e4c9b0b0-7ea6-4d9e-911d-9b3ff0e571e9\",\r\n    \"addressSpace\": {\r\n      \"addressPrefixes\": [\r\n        \"10.0.0.0/28\"\r\n      ]\r\n    },\r\n    \"dhcpOptions\": {\r\n      \"dnsServers\": []\r\n    },\r\n    \"subnets\": [\r\n      {\r\n        \"name\": \"subnet1\",\r\n        \"id\": \"/subscriptions/0b1f6471-1bf0-4dda-aec3-cb9272f09590/resourceGroups/rgcomvc8c57535511662d3/providers/Microsoft.Network/virtualNetworks/vnet45c06836ef03/subnets/subnet1\",\r\n        \"etag\": \"W/\\\"45423349-45ec-44ac-a26a-84c9d37ea06e\\\"\",\r\n        \"properties\": {\r\n          \"provisioningState\": \"Updating\",\r\n          \"addressPrefix\": \"10.0.0.0/28\",\r\n          \"delegations\": []\r\n        },\r\n        \"type\": \"Microsoft.Network/virtualNetworks/subnets\"\r\n      }\r\n    ],\r\n    \"virtualNetworkPeerings\": [],\r\n    \"enableDdosProtection\": false,\r\n    \"enableVmProtection\": false\r\n  }\r\n}",
      "StatusCode": 201
    },
    {
      "RequestUri": "/subscriptions/0b1f6471-1bf0-4dda-aec3-cb9272f09590/resourceGroups/rgcomvc8c57535511662d3/providers/Microsoft.Network/publicIPAddresses/pip75670a35?api-version=2018-04-01",
      "EncodedRequestUri": "L3N1YnNjcmlwdGlvbnMvMGIxZjY0NzEtMWJmMC00ZGRhLWFlYzMtY2I5MjcyZjA5NTkwL3Jlc291cmNlR3JvdXBzL3JnY29tdmM4YzU3NTM1NTExNjYyZDMvcHJvdmlkZXJzL01pY3Jvc29mdC5OZXR3b3JrL3B1YmxpY0lQQWRkcmVzc2VzL3BpcDc1NjcwYTM1P2FwaS12ZXJzaW9uPTIwMTgtMDQtMDE=",
      "RequestMethod": "PUT",
      "RequestBody": "{\r\n  \"properties\": {\r\n    \"dnsSettings\": {\r\n      \"domainNameLabel\": \"pip11ba5550034f70f771\"\r\n    }\r\n  },\r\n  \"location\": \"westcentralus\",\r\n  \"tags\": {}\r\n}",
      "RequestHeaders": {
        "x-ms-client-request-id": [
          "2640a70c-b697-4c04-865d-adc0b3d82480"
        ],
        "Accept-Language": [
          "en-US"
        ],
        "User-Agent": [
          "FxVersion/4.6.27414.06",
          "OSName/Windows",
          "OSVersion/Microsoft.Windows.10.0.17763.",
          "Microsoft.Azure.Management.Network.Fluent.NetworkManagementClient/1.20.0.0",
          "MacAddressHash/dfc186da812799dff0d5877580e2f5634177cc66b64a724c5be514dc1fdd66f5"
        ],
        "Content-Type": [
          "application/json; charset=utf-8"
        ],
        "Content-Length": [
          "154"
        ]
      },
      "ResponseHeaders": {
        "Cache-Control": [
          "no-cache"
        ],
        "Pragma": [
          "no-cache"
        ],
        "Retry-After": [
          "1"
        ],
        "x-ms-request-id": [
          "64cf51df-652e-4feb-8776-440704b6fbf8"
        ],
        "Azure-AsyncOperation": [
          "https://management.azure.com/subscriptions/0b1f6471-1bf0-4dda-aec3-cb9272f09590/providers/Microsoft.Network/locations/westcentralus/operations/64cf51df-652e-4feb-8776-440704b6fbf8?api-version=2018-04-01"
        ],
        "x-ms-correlation-request-id": [
          "18023de8-61de-4afe-ab44-68549417d757"
        ],
        "Strict-Transport-Security": [
          "max-age=31536000; includeSubDomains"
        ],
        "Server": [
          "Microsoft-HTTPAPI/2.0",
          "Microsoft-HTTPAPI/2.0"
        ],
        "x-ms-ratelimit-remaining-subscription-writes": [
          "1199"
        ],
        "x-ms-routing-request-id": [
          "WESTUS2:20190430T020133Z:18023de8-61de-4afe-ab44-68549417d757"
        ],
        "X-Content-Type-Options": [
          "nosniff"
        ],
        "Date": [
          "Tue, 30 Apr 2019 02:01:33 GMT"
        ],
        "Content-Length": [
          "817"
        ],
        "Content-Type": [
          "application/json; charset=utf-8"
        ],
        "Expires": [
          "-1"
        ]
      },
      "ResponseBody": "{\r\n  \"name\": \"pip75670a35\",\r\n  \"id\": \"/subscriptions/0b1f6471-1bf0-4dda-aec3-cb9272f09590/resourceGroups/rgcomvc8c57535511662d3/providers/Microsoft.Network/publicIPAddresses/pip75670a35\",\r\n  \"etag\": \"W/\\\"6abf2417-ec69-4775-a242-a3b3011e9303\\\"\",\r\n  \"location\": \"westcentralus\",\r\n  \"tags\": {},\r\n  \"properties\": {\r\n    \"provisioningState\": \"Updating\",\r\n    \"resourceGuid\": \"73f7c1a8-6257-43f5-870f-4c79377d06b6\",\r\n    \"publicIPAddressVersion\": \"IPv4\",\r\n    \"publicIPAllocationMethod\": \"Dynamic\",\r\n    \"idleTimeoutInMinutes\": 4,\r\n    \"dnsSettings\": {\r\n      \"domainNameLabel\": \"pip11ba5550034f70f771\",\r\n      \"fqdn\": \"pip11ba5550034f70f771.westcentralus.cloudapp.azure.com\"\r\n    },\r\n    \"ipTags\": []\r\n  },\r\n  \"type\": \"Microsoft.Network/publicIPAddresses\",\r\n  \"sku\": {\r\n    \"name\": \"Basic\",\r\n    \"tier\": \"Regional\"\r\n  }\r\n}",
      "StatusCode": 201
    },
    {
      "RequestUri": "/subscriptions/0b1f6471-1bf0-4dda-aec3-cb9272f09590/providers/Microsoft.Network/locations/westcentralus/operations/64cf51df-652e-4feb-8776-440704b6fbf8?api-version=2018-04-01",
      "EncodedRequestUri": "L3N1YnNjcmlwdGlvbnMvMGIxZjY0NzEtMWJmMC00ZGRhLWFlYzMtY2I5MjcyZjA5NTkwL3Byb3ZpZGVycy9NaWNyb3NvZnQuTmV0d29yay9sb2NhdGlvbnMvd2VzdGNlbnRyYWx1cy9vcGVyYXRpb25zLzY0Y2Y1MWRmLTY1MmUtNGZlYi04Nzc2LTQ0MDcwNGI2ZmJmOD9hcGktdmVyc2lvbj0yMDE4LTA0LTAx",
      "RequestMethod": "GET",
      "RequestBody": "",
      "RequestHeaders": {
        "User-Agent": [
          "FxVersion/4.6.27414.06",
          "OSName/Windows",
          "OSVersion/Microsoft.Windows.10.0.17763.",
          "Microsoft.Azure.Management.Network.Fluent.NetworkManagementClient/1.20.0.0",
          "MacAddressHash/dfc186da812799dff0d5877580e2f5634177cc66b64a724c5be514dc1fdd66f5"
        ]
      },
      "ResponseHeaders": {
        "Cache-Control": [
          "no-cache"
        ],
        "Pragma": [
          "no-cache"
        ],
        "x-ms-request-id": [
          "d352072d-ee7b-41d3-b38e-0607ae7d3385"
        ],
        "x-ms-correlation-request-id": [
          "cd29ce04-0a17-453f-9dc7-e51cb353751a"
        ],
        "Strict-Transport-Security": [
          "max-age=31536000; includeSubDomains"
        ],
        "Server": [
          "Microsoft-HTTPAPI/2.0",
          "Microsoft-HTTPAPI/2.0"
        ],
        "x-ms-ratelimit-remaining-subscription-reads": [
          "11999"
        ],
        "x-ms-routing-request-id": [
          "WESTUS2:20190430T020134Z:cd29ce04-0a17-453f-9dc7-e51cb353751a"
        ],
        "X-Content-Type-Options": [
          "nosniff"
        ],
        "Date": [
          "Tue, 30 Apr 2019 02:01:34 GMT"
        ],
        "Content-Length": [
          "29"
        ],
        "Content-Type": [
          "application/json; charset=utf-8"
        ],
        "Expires": [
          "-1"
        ]
      },
      "ResponseBody": "{\r\n  \"status\": \"Succeeded\"\r\n}",
      "StatusCode": 200
    },
    {
      "RequestUri": "/subscriptions/0b1f6471-1bf0-4dda-aec3-cb9272f09590/resourceGroups/rgcomvc8c57535511662d3/providers/Microsoft.Network/publicIPAddresses/pip75670a35?api-version=2018-04-01",
      "EncodedRequestUri": "L3N1YnNjcmlwdGlvbnMvMGIxZjY0NzEtMWJmMC00ZGRhLWFlYzMtY2I5MjcyZjA5NTkwL3Jlc291cmNlR3JvdXBzL3JnY29tdmM4YzU3NTM1NTExNjYyZDMvcHJvdmlkZXJzL01pY3Jvc29mdC5OZXR3b3JrL3B1YmxpY0lQQWRkcmVzc2VzL3BpcDc1NjcwYTM1P2FwaS12ZXJzaW9uPTIwMTgtMDQtMDE=",
      "RequestMethod": "GET",
      "RequestBody": "",
      "RequestHeaders": {
        "User-Agent": [
          "FxVersion/4.6.27414.06",
          "OSName/Windows",
          "OSVersion/Microsoft.Windows.10.0.17763.",
          "Microsoft.Azure.Management.Network.Fluent.NetworkManagementClient/1.20.0.0",
          "MacAddressHash/dfc186da812799dff0d5877580e2f5634177cc66b64a724c5be514dc1fdd66f5"
        ]
      },
      "ResponseHeaders": {
        "Cache-Control": [
          "no-cache"
        ],
        "Pragma": [
          "no-cache"
        ],
        "ETag": [
          "W/\"bd614afb-73c5-4999-9f97-f7b751e9cec5\""
        ],
        "x-ms-request-id": [
          "0e21fe4d-54f2-4f85-9c33-27d6cace7f15"
        ],
        "x-ms-correlation-request-id": [
          "69f24687-3efd-423b-8985-697fd7fcd41e"
        ],
        "Strict-Transport-Security": [
          "max-age=31536000; includeSubDomains"
        ],
        "Server": [
          "Microsoft-HTTPAPI/2.0",
          "Microsoft-HTTPAPI/2.0"
        ],
        "x-ms-ratelimit-remaining-subscription-reads": [
          "11998"
        ],
        "x-ms-routing-request-id": [
          "WESTUS2:20190430T020135Z:69f24687-3efd-423b-8985-697fd7fcd41e"
        ],
        "X-Content-Type-Options": [
          "nosniff"
        ],
        "Date": [
          "Tue, 30 Apr 2019 02:01:34 GMT"
        ],
        "Content-Length": [
          "818"
        ],
        "Content-Type": [
          "application/json; charset=utf-8"
        ],
        "Expires": [
          "-1"
        ]
      },
      "ResponseBody": "{\r\n  \"name\": \"pip75670a35\",\r\n  \"id\": \"/subscriptions/0b1f6471-1bf0-4dda-aec3-cb9272f09590/resourceGroups/rgcomvc8c57535511662d3/providers/Microsoft.Network/publicIPAddresses/pip75670a35\",\r\n  \"etag\": \"W/\\\"bd614afb-73c5-4999-9f97-f7b751e9cec5\\\"\",\r\n  \"location\": \"westcentralus\",\r\n  \"tags\": {},\r\n  \"properties\": {\r\n    \"provisioningState\": \"Succeeded\",\r\n    \"resourceGuid\": \"73f7c1a8-6257-43f5-870f-4c79377d06b6\",\r\n    \"publicIPAddressVersion\": \"IPv4\",\r\n    \"publicIPAllocationMethod\": \"Dynamic\",\r\n    \"idleTimeoutInMinutes\": 4,\r\n    \"dnsSettings\": {\r\n      \"domainNameLabel\": \"pip11ba5550034f70f771\",\r\n      \"fqdn\": \"pip11ba5550034f70f771.westcentralus.cloudapp.azure.com\"\r\n    },\r\n    \"ipTags\": []\r\n  },\r\n  \"type\": \"Microsoft.Network/publicIPAddresses\",\r\n  \"sku\": {\r\n    \"name\": \"Basic\",\r\n    \"tier\": \"Regional\"\r\n  }\r\n}",
      "StatusCode": 200
    },
    {
      "RequestUri": "/subscriptions/0b1f6471-1bf0-4dda-aec3-cb9272f09590/providers/Microsoft.Network/locations/westcentralus/operations/1d05d1d8-e4f2-458e-b4b3-d92aa0a08520?api-version=2018-04-01",
      "EncodedRequestUri": "L3N1YnNjcmlwdGlvbnMvMGIxZjY0NzEtMWJmMC00ZGRhLWFlYzMtY2I5MjcyZjA5NTkwL3Byb3ZpZGVycy9NaWNyb3NvZnQuTmV0d29yay9sb2NhdGlvbnMvd2VzdGNlbnRyYWx1cy9vcGVyYXRpb25zLzFkMDVkMWQ4LWU0ZjItNDU4ZS1iNGIzLWQ5MmFhMGEwODUyMD9hcGktdmVyc2lvbj0yMDE4LTA0LTAx",
      "RequestMethod": "GET",
      "RequestBody": "",
      "RequestHeaders": {
        "User-Agent": [
          "FxVersion/4.6.27414.06",
          "OSName/Windows",
          "OSVersion/Microsoft.Windows.10.0.17763.",
          "Microsoft.Azure.Management.Network.Fluent.NetworkManagementClient/1.20.0.0",
          "MacAddressHash/dfc186da812799dff0d5877580e2f5634177cc66b64a724c5be514dc1fdd66f5"
        ]
      },
      "ResponseHeaders": {
        "Cache-Control": [
          "no-cache"
        ],
        "Pragma": [
          "no-cache"
        ],
        "x-ms-request-id": [
          "48127b6c-43b7-4429-a57b-6d672461ba97"
        ],
        "x-ms-correlation-request-id": [
          "46537f49-dc41-452b-89e3-d171652336a4"
        ],
        "Strict-Transport-Security": [
          "max-age=31536000; includeSubDomains"
        ],
        "Server": [
          "Microsoft-HTTPAPI/2.0",
          "Microsoft-HTTPAPI/2.0"
        ],
        "x-ms-ratelimit-remaining-subscription-reads": [
          "11997"
        ],
        "x-ms-routing-request-id": [
          "WESTUS2:20190430T020136Z:46537f49-dc41-452b-89e3-d171652336a4"
        ],
        "X-Content-Type-Options": [
          "nosniff"
        ],
        "Date": [
          "Tue, 30 Apr 2019 02:01:36 GMT"
        ],
        "Content-Length": [
          "29"
        ],
        "Content-Type": [
          "application/json; charset=utf-8"
        ],
        "Expires": [
          "-1"
        ]
      },
      "ResponseBody": "{\r\n  \"status\": \"Succeeded\"\r\n}",
      "StatusCode": 200
    },
    {
      "RequestUri": "/subscriptions/0b1f6471-1bf0-4dda-aec3-cb9272f09590/resourceGroups/rgcomvc8c57535511662d3/providers/Microsoft.Network/virtualNetworks/vnet45c06836ef03?api-version=2018-04-01",
      "EncodedRequestUri": "L3N1YnNjcmlwdGlvbnMvMGIxZjY0NzEtMWJmMC00ZGRhLWFlYzMtY2I5MjcyZjA5NTkwL3Jlc291cmNlR3JvdXBzL3JnY29tdmM4YzU3NTM1NTExNjYyZDMvcHJvdmlkZXJzL01pY3Jvc29mdC5OZXR3b3JrL3ZpcnR1YWxOZXR3b3Jrcy92bmV0NDVjMDY4MzZlZjAzP2FwaS12ZXJzaW9uPTIwMTgtMDQtMDE=",
      "RequestMethod": "GET",
      "RequestBody": "",
      "RequestHeaders": {
        "User-Agent": [
          "FxVersion/4.6.27414.06",
          "OSName/Windows",
          "OSVersion/Microsoft.Windows.10.0.17763.",
          "Microsoft.Azure.Management.Network.Fluent.NetworkManagementClient/1.20.0.0",
          "MacAddressHash/dfc186da812799dff0d5877580e2f5634177cc66b64a724c5be514dc1fdd66f5"
        ]
      },
      "ResponseHeaders": {
        "Cache-Control": [
          "no-cache"
        ],
        "Pragma": [
          "no-cache"
        ],
        "ETag": [
          "W/\"1b6b12e2-fc0e-4eee-93f2-e96781724674\""
        ],
        "x-ms-request-id": [
          "13af1a5d-b2b3-4762-8604-5b00dfb2d940"
        ],
        "x-ms-correlation-request-id": [
          "d2c3da33-1d27-4601-bd85-54818ed41c23"
        ],
        "Strict-Transport-Security": [
          "max-age=31536000; includeSubDomains"
        ],
        "Server": [
          "Microsoft-HTTPAPI/2.0",
          "Microsoft-HTTPAPI/2.0"
        ],
        "x-ms-ratelimit-remaining-subscription-reads": [
          "11996"
        ],
        "x-ms-routing-request-id": [
          "WESTUS2:20190430T020136Z:d2c3da33-1d27-4601-bd85-54818ed41c23"
        ],
        "X-Content-Type-Options": [
          "nosniff"
        ],
        "Date": [
          "Tue, 30 Apr 2019 02:01:36 GMT"
        ],
        "Content-Length": [
          "1258"
        ],
        "Content-Type": [
          "application/json; charset=utf-8"
        ],
        "Expires": [
          "-1"
        ]
      },
      "ResponseBody": "{\r\n  \"name\": \"vnet45c06836ef03\",\r\n  \"id\": \"/subscriptions/0b1f6471-1bf0-4dda-aec3-cb9272f09590/resourceGroups/rgcomvc8c57535511662d3/providers/Microsoft.Network/virtualNetworks/vnet45c06836ef03\",\r\n  \"etag\": \"W/\\\"1b6b12e2-fc0e-4eee-93f2-e96781724674\\\"\",\r\n  \"type\": \"Microsoft.Network/virtualNetworks\",\r\n  \"location\": \"westcentralus\",\r\n  \"tags\": {},\r\n  \"properties\": {\r\n    \"provisioningState\": \"Succeeded\",\r\n    \"resourceGuid\": \"e4c9b0b0-7ea6-4d9e-911d-9b3ff0e571e9\",\r\n    \"addressSpace\": {\r\n      \"addressPrefixes\": [\r\n        \"10.0.0.0/28\"\r\n      ]\r\n    },\r\n    \"dhcpOptions\": {\r\n      \"dnsServers\": []\r\n    },\r\n    \"subnets\": [\r\n      {\r\n        \"name\": \"subnet1\",\r\n        \"id\": \"/subscriptions/0b1f6471-1bf0-4dda-aec3-cb9272f09590/resourceGroups/rgcomvc8c57535511662d3/providers/Microsoft.Network/virtualNetworks/vnet45c06836ef03/subnets/subnet1\",\r\n        \"etag\": \"W/\\\"1b6b12e2-fc0e-4eee-93f2-e96781724674\\\"\",\r\n        \"properties\": {\r\n          \"provisioningState\": \"Succeeded\",\r\n          \"addressPrefix\": \"10.0.0.0/28\",\r\n          \"delegations\": []\r\n        },\r\n        \"type\": \"Microsoft.Network/virtualNetworks/subnets\"\r\n      }\r\n    ],\r\n    \"virtualNetworkPeerings\": [],\r\n    \"enableDdosProtection\": false,\r\n    \"enableVmProtection\": false\r\n  }\r\n}",
      "StatusCode": 200
    },
    {
      "RequestUri": "/subscriptions/0b1f6471-1bf0-4dda-aec3-cb9272f09590/resourceGroups/rgcomvc8c57535511662d3/providers/Microsoft.Network/networkInterfaces/nic57993c06493?api-version=2018-04-01",
      "EncodedRequestUri": "L3N1YnNjcmlwdGlvbnMvMGIxZjY0NzEtMWJmMC00ZGRhLWFlYzMtY2I5MjcyZjA5NTkwL3Jlc291cmNlR3JvdXBzL3JnY29tdmM4YzU3NTM1NTExNjYyZDMvcHJvdmlkZXJzL01pY3Jvc29mdC5OZXR3b3JrL25ldHdvcmtJbnRlcmZhY2VzL25pYzU3OTkzYzA2NDkzP2FwaS12ZXJzaW9uPTIwMTgtMDQtMDE=",
      "RequestMethod": "PUT",
      "RequestBody": "{\r\n  \"properties\": {\r\n    \"ipConfigurations\": [\r\n      {\r\n        \"properties\": {\r\n          \"privateIPAllocationMethod\": \"Dynamic\",\r\n          \"subnet\": {\r\n            \"id\": \"/subscriptions/0b1f6471-1bf0-4dda-aec3-cb9272f09590/resourceGroups/rgcomvc8c57535511662d3/providers/Microsoft.Network/virtualNetworks/vnet45c06836ef03/subnets/subnet1\"\r\n          },\r\n          \"primary\": true,\r\n          \"publicIPAddress\": {\r\n            \"id\": \"/subscriptions/0b1f6471-1bf0-4dda-aec3-cb9272f09590/resourceGroups/rgcomvc8c57535511662d3/providers/Microsoft.Network/publicIPAddresses/pip75670a35\"\r\n          }\r\n        },\r\n        \"name\": \"primary\"\r\n      }\r\n    ],\r\n    \"dnsSettings\": {}\r\n  },\r\n  \"location\": \"westcentralus\",\r\n  \"tags\": {}\r\n}",
      "RequestHeaders": {
        "x-ms-client-request-id": [
          "1c5860aa-c953-4071-936a-a203001b3b68"
        ],
        "Accept-Language": [
          "en-US"
        ],
        "User-Agent": [
          "FxVersion/4.6.27414.06",
          "OSName/Windows",
          "OSVersion/Microsoft.Windows.10.0.17763.",
          "Microsoft.Azure.Management.Network.Fluent.NetworkManagementClient/1.20.0.0",
          "MacAddressHash/dfc186da812799dff0d5877580e2f5634177cc66b64a724c5be514dc1fdd66f5"
        ],
        "Content-Type": [
          "application/json; charset=utf-8"
        ],
        "Content-Length": [
          "733"
        ]
      },
      "ResponseHeaders": {
        "Cache-Control": [
          "no-cache"
        ],
        "Pragma": [
          "no-cache"
        ],
        "x-ms-request-id": [
          "7bbd37a5-8395-42c8-9eb3-7d07feb8657e"
        ],
        "Azure-AsyncOperation": [
          "https://management.azure.com/subscriptions/0b1f6471-1bf0-4dda-aec3-cb9272f09590/providers/Microsoft.Network/locations/westcentralus/operations/7bbd37a5-8395-42c8-9eb3-7d07feb8657e?api-version=2018-04-01"
        ],
        "x-ms-correlation-request-id": [
          "e374fd25-e8c9-4d9d-add2-db80f62a8f02"
        ],
        "Strict-Transport-Security": [
          "max-age=31536000; includeSubDomains"
        ],
        "Server": [
          "Microsoft-HTTPAPI/2.0",
          "Microsoft-HTTPAPI/2.0"
        ],
        "x-ms-ratelimit-remaining-subscription-writes": [
          "1198"
        ],
        "x-ms-routing-request-id": [
          "WESTUS2:20190430T020137Z:e374fd25-e8c9-4d9d-add2-db80f62a8f02"
        ],
        "X-Content-Type-Options": [
          "nosniff"
        ],
        "Date": [
          "Tue, 30 Apr 2019 02:01:37 GMT"
        ],
        "Content-Length": [
          "1825"
        ],
        "Content-Type": [
          "application/json; charset=utf-8"
        ],
        "Expires": [
          "-1"
        ]
      },
      "ResponseBody": "{\r\n  \"name\": \"nic57993c06493\",\r\n  \"id\": \"/subscriptions/0b1f6471-1bf0-4dda-aec3-cb9272f09590/resourceGroups/rgcomvc8c57535511662d3/providers/Microsoft.Network/networkInterfaces/nic57993c06493\",\r\n  \"etag\": \"W/\\\"8a3763d2-dfa9-4fbf-8732-9c2a34dce148\\\"\",\r\n  \"location\": \"westcentralus\",\r\n  \"tags\": {},\r\n  \"properties\": {\r\n    \"provisioningState\": \"Succeeded\",\r\n    \"resourceGuid\": \"29a2b665-6a74-46e7-9815-7edd328134e8\",\r\n    \"ipConfigurations\": [\r\n      {\r\n        \"name\": \"primary\",\r\n        \"id\": \"/subscriptions/0b1f6471-1bf0-4dda-aec3-cb9272f09590/resourceGroups/rgcomvc8c57535511662d3/providers/Microsoft.Network/networkInterfaces/nic57993c06493/ipConfigurations/primary\",\r\n        \"etag\": \"W/\\\"8a3763d2-dfa9-4fbf-8732-9c2a34dce148\\\"\",\r\n        \"type\": \"Microsoft.Network/networkInterfaces/ipConfigurations\",\r\n        \"properties\": {\r\n          \"provisioningState\": \"Succeeded\",\r\n          \"privateIPAddress\": \"10.0.0.4\",\r\n          \"privateIPAllocationMethod\": \"Dynamic\",\r\n          \"publicIPAddress\": {\r\n            \"id\": \"/subscriptions/0b1f6471-1bf0-4dda-aec3-cb9272f09590/resourceGroups/rgcomvc8c57535511662d3/providers/Microsoft.Network/publicIPAddresses/pip75670a35\"\r\n          },\r\n          \"subnet\": {\r\n            \"id\": \"/subscriptions/0b1f6471-1bf0-4dda-aec3-cb9272f09590/resourceGroups/rgcomvc8c57535511662d3/providers/Microsoft.Network/virtualNetworks/vnet45c06836ef03/subnets/subnet1\"\r\n          },\r\n          \"primary\": true,\r\n          \"privateIPAddressVersion\": \"IPv4\"\r\n        }\r\n      }\r\n    ],\r\n    \"dnsSettings\": {\r\n      \"dnsServers\": [],\r\n      \"appliedDnsServers\": [],\r\n      \"internalDomainNameSuffix\": \"wcymtzfgp0pe1ei3tm55bzlr3b.yx.internal.cloudapp.net\"\r\n    },\r\n    \"enableAcceleratedNetworking\": false,\r\n    \"enableIPForwarding\": false\r\n  },\r\n  \"type\": \"Microsoft.Network/networkInterfaces\"\r\n}",
      "StatusCode": 201
    },
    {
      "RequestUri": "/subscriptions/0b1f6471-1bf0-4dda-aec3-cb9272f09590/resourceGroups/rgcomvc8c57535511662d3/providers/Microsoft.Network/networkInterfaces/nic57993c06493?api-version=2018-04-01",
      "EncodedRequestUri": "L3N1YnNjcmlwdGlvbnMvMGIxZjY0NzEtMWJmMC00ZGRhLWFlYzMtY2I5MjcyZjA5NTkwL3Jlc291cmNlR3JvdXBzL3JnY29tdmM4YzU3NTM1NTExNjYyZDMvcHJvdmlkZXJzL01pY3Jvc29mdC5OZXR3b3JrL25ldHdvcmtJbnRlcmZhY2VzL25pYzU3OTkzYzA2NDkzP2FwaS12ZXJzaW9uPTIwMTgtMDQtMDE=",
      "RequestMethod": "GET",
      "RequestBody": "",
      "RequestHeaders": {
        "User-Agent": [
          "FxVersion/4.6.27414.06",
          "OSName/Windows",
          "OSVersion/Microsoft.Windows.10.0.17763.",
          "Microsoft.Azure.Management.Network.Fluent.NetworkManagementClient/1.20.0.0",
          "MacAddressHash/dfc186da812799dff0d5877580e2f5634177cc66b64a724c5be514dc1fdd66f5"
        ]
      },
      "ResponseHeaders": {
        "Cache-Control": [
          "no-cache"
        ],
        "Pragma": [
          "no-cache"
        ],
        "ETag": [
          "W/\"8a3763d2-dfa9-4fbf-8732-9c2a34dce148\""
        ],
        "x-ms-request-id": [
          "7512a4fb-7780-4254-862f-02991ea342e1"
        ],
        "x-ms-correlation-request-id": [
          "98a2ca0d-6139-4faa-8754-11edcf55a554"
        ],
        "Strict-Transport-Security": [
          "max-age=31536000; includeSubDomains"
        ],
        "Server": [
          "Microsoft-HTTPAPI/2.0",
          "Microsoft-HTTPAPI/2.0"
        ],
        "x-ms-ratelimit-remaining-subscription-reads": [
          "11995"
        ],
        "x-ms-routing-request-id": [
          "WESTUS2:20190430T020137Z:98a2ca0d-6139-4faa-8754-11edcf55a554"
        ],
        "X-Content-Type-Options": [
          "nosniff"
        ],
        "Date": [
          "Tue, 30 Apr 2019 02:01:37 GMT"
        ],
        "Content-Length": [
          "1825"
        ],
        "Content-Type": [
          "application/json; charset=utf-8"
        ],
        "Expires": [
          "-1"
        ]
      },
      "ResponseBody": "{\r\n  \"name\": \"nic57993c06493\",\r\n  \"id\": \"/subscriptions/0b1f6471-1bf0-4dda-aec3-cb9272f09590/resourceGroups/rgcomvc8c57535511662d3/providers/Microsoft.Network/networkInterfaces/nic57993c06493\",\r\n  \"etag\": \"W/\\\"8a3763d2-dfa9-4fbf-8732-9c2a34dce148\\\"\",\r\n  \"location\": \"westcentralus\",\r\n  \"tags\": {},\r\n  \"properties\": {\r\n    \"provisioningState\": \"Succeeded\",\r\n    \"resourceGuid\": \"29a2b665-6a74-46e7-9815-7edd328134e8\",\r\n    \"ipConfigurations\": [\r\n      {\r\n        \"name\": \"primary\",\r\n        \"id\": \"/subscriptions/0b1f6471-1bf0-4dda-aec3-cb9272f09590/resourceGroups/rgcomvc8c57535511662d3/providers/Microsoft.Network/networkInterfaces/nic57993c06493/ipConfigurations/primary\",\r\n        \"etag\": \"W/\\\"8a3763d2-dfa9-4fbf-8732-9c2a34dce148\\\"\",\r\n        \"type\": \"Microsoft.Network/networkInterfaces/ipConfigurations\",\r\n        \"properties\": {\r\n          \"provisioningState\": \"Succeeded\",\r\n          \"privateIPAddress\": \"10.0.0.4\",\r\n          \"privateIPAllocationMethod\": \"Dynamic\",\r\n          \"publicIPAddress\": {\r\n            \"id\": \"/subscriptions/0b1f6471-1bf0-4dda-aec3-cb9272f09590/resourceGroups/rgcomvc8c57535511662d3/providers/Microsoft.Network/publicIPAddresses/pip75670a35\"\r\n          },\r\n          \"subnet\": {\r\n            \"id\": \"/subscriptions/0b1f6471-1bf0-4dda-aec3-cb9272f09590/resourceGroups/rgcomvc8c57535511662d3/providers/Microsoft.Network/virtualNetworks/vnet45c06836ef03/subnets/subnet1\"\r\n          },\r\n          \"primary\": true,\r\n          \"privateIPAddressVersion\": \"IPv4\"\r\n        }\r\n      }\r\n    ],\r\n    \"dnsSettings\": {\r\n      \"dnsServers\": [],\r\n      \"appliedDnsServers\": [],\r\n      \"internalDomainNameSuffix\": \"wcymtzfgp0pe1ei3tm55bzlr3b.yx.internal.cloudapp.net\"\r\n    },\r\n    \"enableAcceleratedNetworking\": false,\r\n    \"enableIPForwarding\": false\r\n  },\r\n  \"type\": \"Microsoft.Network/networkInterfaces\"\r\n}",
      "StatusCode": 200
    },
    {
      "RequestUri": "/subscriptions/0b1f6471-1bf0-4dda-aec3-cb9272f09590/resourceGroups/rgcomvc8c57535511662d3/providers/Microsoft.Compute/virtualMachines/vm197c357994755c2d3d?api-version=2018-10-01",
      "EncodedRequestUri": "L3N1YnNjcmlwdGlvbnMvMGIxZjY0NzEtMWJmMC00ZGRhLWFlYzMtY2I5MjcyZjA5NTkwL3Jlc291cmNlR3JvdXBzL3JnY29tdmM4YzU3NTM1NTExNjYyZDMvcHJvdmlkZXJzL01pY3Jvc29mdC5Db21wdXRlL3ZpcnR1YWxNYWNoaW5lcy92bTE5N2MzNTc5OTQ3NTVjMmQzZD9hcGktdmVyc2lvbj0yMDE4LTEwLTAx",
      "RequestMethod": "PUT",
      "RequestBody": "{\r\n  \"properties\": {\r\n    \"hardwareProfile\": {\r\n      \"vmSize\": \"Standard_DS2_v2\"\r\n    },\r\n    \"storageProfile\": {\r\n      \"imageReference\": {\r\n        \"publisher\": \"Canonical\",\r\n        \"offer\": \"UbuntuServer\",\r\n        \"sku\": \"16.04.0-LTS\",\r\n        \"version\": \"latest\"\r\n      },\r\n      \"osDisk\": {\r\n        \"caching\": \"ReadWrite\",\r\n        \"createOption\": \"FromImage\",\r\n        \"managedDisk\": {\r\n          \"storageAccountType\": \"Standard_LRS\"\r\n        }\r\n      }\r\n    },\r\n    \"osProfile\": {\r\n      \"computerName\": \"vm41b820537d\",\r\n      \"adminUsername\": \"tirekicker\",\r\n      \"adminPassword\": \"12NewPA34w0rd!\",\r\n      \"linuxConfiguration\": {\r\n        \"disablePasswordAuthentication\": false\r\n      }\r\n    },\r\n    \"networkProfile\": {\r\n      \"networkInterfaces\": [\r\n        {\r\n          \"properties\": {\r\n            \"primary\": true\r\n          },\r\n          \"id\": \"/subscriptions/0b1f6471-1bf0-4dda-aec3-cb9272f09590/resourceGroups/rgcomvc8c57535511662d3/providers/Microsoft.Network/networkInterfaces/nic57993c06493\"\r\n        }\r\n      ]\r\n    }\r\n  },\r\n  \"identity\": {\r\n    \"type\": \"UserAssigned\",\r\n    \"userAssignedIdentities\": {\r\n      \"/subscriptions/0b1f6471-1bf0-4dda-aec3-cb9272f09590/resourcegroups/rgcomvc8c57535511662d3/providers/Microsoft.ManagedIdentity/userAssignedIdentities/idtf0179942037f4966d\": {}\r\n    }\r\n  },\r\n  \"location\": \"westcentralus\",\r\n  \"tags\": {}\r\n}",
      "RequestHeaders": {
        "x-ms-client-request-id": [
          "0394d3bd-46fc-4e8f-a9ef-9773bd94be6f"
        ],
        "Accept-Language": [
          "en-US"
        ],
        "User-Agent": [
          "FxVersion/4.6.27414.06",
          "OSName/Windows",
          "OSVersion/Microsoft.Windows.10.0.17763.",
          "Microsoft.Azure.Management.Compute.Fluent.ComputeManagementClient/1.20.0.0",
          "MacAddressHash/dfc186da812799dff0d5877580e2f5634177cc66b64a724c5be514dc1fdd66f5"
        ],
        "Content-Type": [
          "application/json; charset=utf-8"
        ],
        "Content-Length": [
          "1370"
        ]
      },
      "ResponseHeaders": {
        "Cache-Control": [
          "no-cache"
        ],
        "Pragma": [
          "no-cache"
        ],
        "Retry-After": [
          "10"
        ],
        "Azure-AsyncOperation": [
          "https://management.azure.com/subscriptions/0b1f6471-1bf0-4dda-aec3-cb9272f09590/providers/Microsoft.Compute/locations/westcentralus/operations/01749498-d579-4307-ae64-942cbc89a59e?api-version=2018-10-01"
        ],
        "Azure-AsyncNotification": [
          "Enabled"
        ],
        "x-ms-ratelimit-remaining-resource": [
          "Microsoft.Compute/PutVM3Min;239,Microsoft.Compute/PutVM30Min;1199"
        ],
        "Strict-Transport-Security": [
          "max-age=31536000; includeSubDomains"
        ],
        "x-ms-request-id": [
          "01749498-d579-4307-ae64-942cbc89a59e"
        ],
        "Server": [
          "Microsoft-HTTPAPI/2.0",
          "Microsoft-HTTPAPI/2.0"
        ],
        "x-ms-ratelimit-remaining-subscription-writes": [
          "1197"
        ],
        "x-ms-correlation-request-id": [
          "a1212045-6e85-44fb-87d4-99b8bfada1ea"
        ],
        "x-ms-routing-request-id": [
          "WESTUS2:20190430T020139Z:a1212045-6e85-44fb-87d4-99b8bfada1ea"
        ],
        "X-Content-Type-Options": [
          "nosniff"
        ],
        "Date": [
          "Tue, 30 Apr 2019 02:01:38 GMT"
        ],
        "Content-Length": [
          "1767"
        ],
        "Content-Type": [
          "application/json; charset=utf-8"
        ],
        "Expires": [
          "-1"
        ]
      },
      "ResponseBody": "{\r\n  \"properties\": {\r\n    \"vmId\": \"717535a9-28d4-4b85-8674-914be72de1f3\",\r\n    \"hardwareProfile\": {\r\n      \"vmSize\": \"Standard_DS2_v2\"\r\n    },\r\n    \"storageProfile\": {\r\n      \"imageReference\": {\r\n        \"publisher\": \"Canonical\",\r\n        \"offer\": \"UbuntuServer\",\r\n        \"sku\": \"16.04.0-LTS\",\r\n        \"version\": \"latest\"\r\n      },\r\n      \"osDisk\": {\r\n        \"osType\": \"Linux\",\r\n        \"createOption\": \"FromImage\",\r\n        \"caching\": \"ReadWrite\",\r\n        \"managedDisk\": {\r\n          \"storageAccountType\": \"Standard_LRS\"\r\n        }\r\n      },\r\n      \"dataDisks\": []\r\n    },\r\n    \"osProfile\": {\r\n      \"computerName\": \"vm41b820537d\",\r\n      \"adminUsername\": \"tirekicker\",\r\n      \"linuxConfiguration\": {\r\n        \"disablePasswordAuthentication\": false,\r\n        \"provisionVMAgent\": true\r\n      },\r\n      \"secrets\": [],\r\n      \"allowExtensionOperations\": true,\r\n      \"requireGuestProvisionSignal\": true\r\n    },\r\n    \"networkProfile\": {\r\n      \"networkInterfaces\": [\r\n        {\r\n          \"id\": \"/subscriptions/0b1f6471-1bf0-4dda-aec3-cb9272f09590/resourceGroups/rgcomvc8c57535511662d3/providers/Microsoft.Network/networkInterfaces/nic57993c06493\",\r\n          \"properties\": {\r\n            \"primary\": true\r\n          }\r\n        }\r\n      ]\r\n    },\r\n    \"provisioningState\": \"Creating\"\r\n  },\r\n  \"type\": \"Microsoft.Compute/virtualMachines\",\r\n  \"location\": \"westcentralus\",\r\n  \"tags\": {},\r\n  \"identity\": {\r\n    \"type\": \"UserAssigned\",\r\n    \"userAssignedIdentities\": {\r\n      \"/subscriptions/0b1f6471-1bf0-4dda-aec3-cb9272f09590/resourcegroups/rgcomvc8c57535511662d3/providers/Microsoft.ManagedIdentity/userAssignedIdentities/idtf0179942037f4966d\": {}\r\n    }\r\n  },\r\n  \"id\": \"/subscriptions/0b1f6471-1bf0-4dda-aec3-cb9272f09590/resourceGroups/rgcomvc8c57535511662d3/providers/Microsoft.Compute/virtualMachines/vm197c357994755c2d3d\",\r\n  \"name\": \"vm197c357994755c2d3d\"\r\n}",
      "StatusCode": 201
    },
    {
      "RequestUri": "/subscriptions/0b1f6471-1bf0-4dda-aec3-cb9272f09590/providers/Microsoft.Compute/locations/westcentralus/operations/01749498-d579-4307-ae64-942cbc89a59e?api-version=2018-10-01",
      "EncodedRequestUri": "L3N1YnNjcmlwdGlvbnMvMGIxZjY0NzEtMWJmMC00ZGRhLWFlYzMtY2I5MjcyZjA5NTkwL3Byb3ZpZGVycy9NaWNyb3NvZnQuQ29tcHV0ZS9sb2NhdGlvbnMvd2VzdGNlbnRyYWx1cy9vcGVyYXRpb25zLzAxNzQ5NDk4LWQ1NzktNDMwNy1hZTY0LTk0MmNiYzg5YTU5ZT9hcGktdmVyc2lvbj0yMDE4LTEwLTAx",
      "RequestMethod": "GET",
      "RequestBody": "",
      "RequestHeaders": {
        "User-Agent": [
          "FxVersion/4.6.27414.06",
          "OSName/Windows",
          "OSVersion/Microsoft.Windows.10.0.17763.",
          "Microsoft.Azure.Management.Compute.Fluent.ComputeManagementClient/1.20.0.0",
          "MacAddressHash/dfc186da812799dff0d5877580e2f5634177cc66b64a724c5be514dc1fdd66f5"
        ]
      },
      "ResponseHeaders": {
        "Cache-Control": [
          "no-cache"
        ],
        "Pragma": [
          "no-cache"
        ],
        "Retry-After": [
          "30"
        ],
        "x-ms-ratelimit-remaining-resource": [
          "Microsoft.Compute/GetOperation3Min;14999,Microsoft.Compute/GetOperation30Min;29999"
        ],
        "Strict-Transport-Security": [
          "max-age=31536000; includeSubDomains"
        ],
        "x-ms-request-id": [
          "417a420d-067d-48d5-9119-04856710cbb1"
        ],
        "Server": [
          "Microsoft-HTTPAPI/2.0",
          "Microsoft-HTTPAPI/2.0"
        ],
        "x-ms-ratelimit-remaining-subscription-reads": [
          "11994"
        ],
        "x-ms-correlation-request-id": [
          "0e3c067b-20e4-4a7b-8dfb-14c2fc02c35f"
        ],
        "x-ms-routing-request-id": [
          "WESTUS2:20190430T020149Z:0e3c067b-20e4-4a7b-8dfb-14c2fc02c35f"
        ],
        "X-Content-Type-Options": [
          "nosniff"
        ],
        "Date": [
          "Tue, 30 Apr 2019 02:01:48 GMT"
        ],
        "Content-Length": [
          "134"
        ],
        "Content-Type": [
          "application/json; charset=utf-8"
        ],
        "Expires": [
          "-1"
        ]
      },
      "ResponseBody": "{\r\n  \"startTime\": \"2019-04-29T19:01:38.8233298-07:00\",\r\n  \"status\": \"InProgress\",\r\n  \"name\": \"01749498-d579-4307-ae64-942cbc89a59e\"\r\n}",
      "StatusCode": 200
    },
    {
      "RequestUri": "/subscriptions/0b1f6471-1bf0-4dda-aec3-cb9272f09590/providers/Microsoft.Compute/locations/westcentralus/operations/01749498-d579-4307-ae64-942cbc89a59e?api-version=2018-10-01",
      "EncodedRequestUri": "L3N1YnNjcmlwdGlvbnMvMGIxZjY0NzEtMWJmMC00ZGRhLWFlYzMtY2I5MjcyZjA5NTkwL3Byb3ZpZGVycy9NaWNyb3NvZnQuQ29tcHV0ZS9sb2NhdGlvbnMvd2VzdGNlbnRyYWx1cy9vcGVyYXRpb25zLzAxNzQ5NDk4LWQ1NzktNDMwNy1hZTY0LTk0MmNiYzg5YTU5ZT9hcGktdmVyc2lvbj0yMDE4LTEwLTAx",
      "RequestMethod": "GET",
      "RequestBody": "",
      "RequestHeaders": {
        "User-Agent": [
          "FxVersion/4.6.27414.06",
          "OSName/Windows",
          "OSVersion/Microsoft.Windows.10.0.17763.",
          "Microsoft.Azure.Management.Compute.Fluent.ComputeManagementClient/1.20.0.0",
          "MacAddressHash/dfc186da812799dff0d5877580e2f5634177cc66b64a724c5be514dc1fdd66f5"
        ]
      },
      "ResponseHeaders": {
        "Cache-Control": [
          "no-cache"
        ],
        "Pragma": [
          "no-cache"
        ],
        "x-ms-ratelimit-remaining-resource": [
          "Microsoft.Compute/GetOperation3Min;14998,Microsoft.Compute/GetOperation30Min;29998"
        ],
        "Strict-Transport-Security": [
          "max-age=31536000; includeSubDomains"
        ],
        "x-ms-request-id": [
          "dd7ccfc1-f884-4c39-82a5-accc7f45f7b5"
        ],
        "Server": [
          "Microsoft-HTTPAPI/2.0",
          "Microsoft-HTTPAPI/2.0"
        ],
        "x-ms-ratelimit-remaining-subscription-reads": [
          "11993"
        ],
        "x-ms-correlation-request-id": [
          "9da8f4df-ffdb-4586-bce7-826f63dceb82"
        ],
        "x-ms-routing-request-id": [
          "WESTUS2:20190430T020219Z:9da8f4df-ffdb-4586-bce7-826f63dceb82"
        ],
        "X-Content-Type-Options": [
          "nosniff"
        ],
        "Date": [
          "Tue, 30 Apr 2019 02:02:18 GMT"
        ],
        "Content-Length": [
          "134"
        ],
        "Content-Type": [
          "application/json; charset=utf-8"
        ],
        "Expires": [
          "-1"
        ]
      },
      "ResponseBody": "{\r\n  \"startTime\": \"2019-04-29T19:01:38.8233298-07:00\",\r\n  \"status\": \"InProgress\",\r\n  \"name\": \"01749498-d579-4307-ae64-942cbc89a59e\"\r\n}",
      "StatusCode": 200
    },
    {
      "RequestUri": "/subscriptions/0b1f6471-1bf0-4dda-aec3-cb9272f09590/providers/Microsoft.Compute/locations/westcentralus/operations/01749498-d579-4307-ae64-942cbc89a59e?api-version=2018-10-01",
      "EncodedRequestUri": "L3N1YnNjcmlwdGlvbnMvMGIxZjY0NzEtMWJmMC00ZGRhLWFlYzMtY2I5MjcyZjA5NTkwL3Byb3ZpZGVycy9NaWNyb3NvZnQuQ29tcHV0ZS9sb2NhdGlvbnMvd2VzdGNlbnRyYWx1cy9vcGVyYXRpb25zLzAxNzQ5NDk4LWQ1NzktNDMwNy1hZTY0LTk0MmNiYzg5YTU5ZT9hcGktdmVyc2lvbj0yMDE4LTEwLTAx",
      "RequestMethod": "GET",
      "RequestBody": "",
      "RequestHeaders": {
        "User-Agent": [
          "FxVersion/4.6.27414.06",
          "OSName/Windows",
          "OSVersion/Microsoft.Windows.10.0.17763.",
          "Microsoft.Azure.Management.Compute.Fluent.ComputeManagementClient/1.20.0.0",
          "MacAddressHash/dfc186da812799dff0d5877580e2f5634177cc66b64a724c5be514dc1fdd66f5"
        ]
      },
      "ResponseHeaders": {
        "Cache-Control": [
          "no-cache"
        ],
        "Pragma": [
          "no-cache"
        ],
        "x-ms-ratelimit-remaining-resource": [
          "Microsoft.Compute/GetOperation3Min;14996,Microsoft.Compute/GetOperation30Min;29996"
        ],
        "Strict-Transport-Security": [
          "max-age=31536000; includeSubDomains"
        ],
        "x-ms-request-id": [
          "8f9882e3-7e6a-43c4-b90f-82150798db5b"
        ],
        "x-ms-ratelimit-remaining-subscription-reads": [
          "11992"
        ],
        "Server": [
          "Microsoft-HTTPAPI/2.0",
          "Microsoft-HTTPAPI/2.0"
        ],
        "x-ms-correlation-request-id": [
          "4b7bf1be-f12b-4912-8e0a-9f16610863b4"
        ],
        "x-ms-routing-request-id": [
          "WESTUS2:20190430T020249Z:4b7bf1be-f12b-4912-8e0a-9f16610863b4"
        ],
        "X-Content-Type-Options": [
          "nosniff"
        ],
        "Date": [
          "Tue, 30 Apr 2019 02:02:49 GMT"
        ],
        "Content-Length": [
          "184"
        ],
        "Content-Type": [
          "application/json; charset=utf-8"
        ],
        "Expires": [
          "-1"
        ]
      },
      "ResponseBody": "{\r\n  \"startTime\": \"2019-04-29T19:01:38.8233298-07:00\",\r\n  \"endTime\": \"2019-04-29T19:02:36.0260869-07:00\",\r\n  \"status\": \"Succeeded\",\r\n  \"name\": \"01749498-d579-4307-ae64-942cbc89a59e\"\r\n}",
      "StatusCode": 200
    },
    {
      "RequestUri": "/subscriptions/0b1f6471-1bf0-4dda-aec3-cb9272f09590/resourceGroups/rgcomvc8c57535511662d3/providers/Microsoft.Compute/virtualMachines/vm197c357994755c2d3d?api-version=2018-10-01",
      "EncodedRequestUri": "L3N1YnNjcmlwdGlvbnMvMGIxZjY0NzEtMWJmMC00ZGRhLWFlYzMtY2I5MjcyZjA5NTkwL3Jlc291cmNlR3JvdXBzL3JnY29tdmM4YzU3NTM1NTExNjYyZDMvcHJvdmlkZXJzL01pY3Jvc29mdC5Db21wdXRlL3ZpcnR1YWxNYWNoaW5lcy92bTE5N2MzNTc5OTQ3NTVjMmQzZD9hcGktdmVyc2lvbj0yMDE4LTEwLTAx",
      "RequestMethod": "GET",
      "RequestBody": "",
      "RequestHeaders": {
        "User-Agent": [
          "FxVersion/4.6.27414.06",
          "OSName/Windows",
          "OSVersion/Microsoft.Windows.10.0.17763.",
          "Microsoft.Azure.Management.Compute.Fluent.ComputeManagementClient/1.20.0.0",
          "MacAddressHash/dfc186da812799dff0d5877580e2f5634177cc66b64a724c5be514dc1fdd66f5"
        ]
      },
      "ResponseHeaders": {
        "Cache-Control": [
          "no-cache"
        ],
        "Pragma": [
          "no-cache"
        ],
        "x-ms-ratelimit-remaining-resource": [
          "Microsoft.Compute/LowCostGet3Min;3998,Microsoft.Compute/LowCostGet30Min;31997"
        ],
        "Strict-Transport-Security": [
          "max-age=31536000; includeSubDomains"
        ],
        "x-ms-request-id": [
          "3a769465-fce7-4bf1-99a7-7e6113fba8ed"
        ],
        "Server": [
          "Microsoft-HTTPAPI/2.0",
          "Microsoft-HTTPAPI/2.0"
        ],
        "x-ms-ratelimit-remaining-subscription-reads": [
          "11991"
        ],
        "x-ms-correlation-request-id": [
          "4fe43daa-0cd0-4704-910d-44380fbdd8f8"
        ],
        "x-ms-routing-request-id": [
          "WESTUS2:20190430T020249Z:4fe43daa-0cd0-4704-910d-44380fbdd8f8"
        ],
        "X-Content-Type-Options": [
          "nosniff"
        ],
        "Date": [
          "Tue, 30 Apr 2019 02:02:49 GMT"
        ],
        "Content-Length": [
          "2217"
        ],
        "Content-Type": [
          "application/json; charset=utf-8"
        ],
        "Expires": [
          "-1"
        ]
      },
      "ResponseBody": "{\r\n  \"properties\": {\r\n    \"vmId\": \"717535a9-28d4-4b85-8674-914be72de1f3\",\r\n    \"hardwareProfile\": {\r\n      \"vmSize\": \"Standard_DS2_v2\"\r\n    },\r\n    \"storageProfile\": {\r\n      \"imageReference\": {\r\n        \"publisher\": \"Canonical\",\r\n        \"offer\": \"UbuntuServer\",\r\n        \"sku\": \"16.04.0-LTS\",\r\n        \"version\": \"latest\"\r\n      },\r\n      \"osDisk\": {\r\n        \"osType\": \"Linux\",\r\n        \"name\": \"vm197c357994755c2d3d_OsDisk_1_8a7338fa3c224581a8660c05dbaf8795\",\r\n        \"createOption\": \"FromImage\",\r\n        \"caching\": \"ReadWrite\",\r\n        \"managedDisk\": {\r\n          \"storageAccountType\": \"Standard_LRS\",\r\n          \"id\": \"/subscriptions/0b1f6471-1bf0-4dda-aec3-cb9272f09590/resourceGroups/rgcomvc8c57535511662d3/providers/Microsoft.Compute/disks/vm197c357994755c2d3d_OsDisk_1_8a7338fa3c224581a8660c05dbaf8795\"\r\n        },\r\n        \"diskSizeGB\": 30\r\n      },\r\n      \"dataDisks\": []\r\n    },\r\n    \"osProfile\": {\r\n      \"computerName\": \"vm41b820537d\",\r\n      \"adminUsername\": \"tirekicker\",\r\n      \"linuxConfiguration\": {\r\n        \"disablePasswordAuthentication\": false,\r\n        \"provisionVMAgent\": true\r\n      },\r\n      \"secrets\": [],\r\n      \"allowExtensionOperations\": true,\r\n      \"requireGuestProvisionSignal\": true\r\n    },\r\n    \"networkProfile\": {\r\n      \"networkInterfaces\": [\r\n        {\r\n          \"id\": \"/subscriptions/0b1f6471-1bf0-4dda-aec3-cb9272f09590/resourceGroups/rgcomvc8c57535511662d3/providers/Microsoft.Network/networkInterfaces/nic57993c06493\",\r\n          \"properties\": {\r\n            \"primary\": true\r\n          }\r\n        }\r\n      ]\r\n    },\r\n    \"provisioningState\": \"Succeeded\"\r\n  },\r\n  \"type\": \"Microsoft.Compute/virtualMachines\",\r\n  \"location\": \"westcentralus\",\r\n  \"tags\": {},\r\n  \"identity\": {\r\n    \"type\": \"UserAssigned\",\r\n    \"userAssignedIdentities\": {\r\n      \"/subscriptions/0b1f6471-1bf0-4dda-aec3-cb9272f09590/resourcegroups/rgcomvc8c57535511662d3/providers/Microsoft.ManagedIdentity/userAssignedIdentities/idtf0179942037f4966d\": {\r\n        \"principalId\": \"558c76c6-e2a4-4bb2-a7e3-f2e5e766ad00\",\r\n        \"clientId\": \"213b851d-f8f1-4574-a802-053608cbb15b\"\r\n      }\r\n    }\r\n  },\r\n  \"id\": \"/subscriptions/0b1f6471-1bf0-4dda-aec3-cb9272f09590/resourceGroups/rgcomvc8c57535511662d3/providers/Microsoft.Compute/virtualMachines/vm197c357994755c2d3d\",\r\n  \"name\": \"vm197c357994755c2d3d\"\r\n}",
      "StatusCode": 200
    },
    {
      "RequestUri": "/subscriptions/0b1f6471-1bf0-4dda-aec3-cb9272f09590/resourceGroups/rgcomvc8c57535511662d3/providers/Microsoft.Compute/virtualMachines/vm197c357994755c2d3d?api-version=2018-10-01",
      "EncodedRequestUri": "L3N1YnNjcmlwdGlvbnMvMGIxZjY0NzEtMWJmMC00ZGRhLWFlYzMtY2I5MjcyZjA5NTkwL3Jlc291cmNlR3JvdXBzL3JnY29tdmM4YzU3NTM1NTExNjYyZDMvcHJvdmlkZXJzL01pY3Jvc29mdC5Db21wdXRlL3ZpcnR1YWxNYWNoaW5lcy92bTE5N2MzNTc5OTQ3NTVjMmQzZD9hcGktdmVyc2lvbj0yMDE4LTEwLTAx",
      "RequestMethod": "GET",
      "RequestBody": "",
      "RequestHeaders": {
        "User-Agent": [
          "FxVersion/4.6.27414.06",
          "OSName/Windows",
          "OSVersion/Microsoft.Windows.10.0.17763.",
          "Microsoft.Azure.Management.Compute.Fluent.ComputeManagementClient/1.20.0.0",
          "MacAddressHash/dfc186da812799dff0d5877580e2f5634177cc66b64a724c5be514dc1fdd66f5"
        ]
      },
      "ResponseHeaders": {
        "Cache-Control": [
          "no-cache"
        ],
        "Pragma": [
          "no-cache"
        ],
        "x-ms-ratelimit-remaining-resource": [
          "Microsoft.Compute/LowCostGet3Min;3995,Microsoft.Compute/LowCostGet30Min;31994"
        ],
        "Strict-Transport-Security": [
          "max-age=31536000; includeSubDomains"
        ],
        "x-ms-request-id": [
          "26a9932e-ad6a-494d-bf55-8df8dcfa5a37"
        ],
        "Server": [
          "Microsoft-HTTPAPI/2.0",
          "Microsoft-HTTPAPI/2.0"
        ],
        "x-ms-ratelimit-remaining-subscription-reads": [
          "11989"
        ],
        "x-ms-correlation-request-id": [
          "9cb9eb42-3863-488f-b598-10ad8dbab777"
        ],
        "x-ms-routing-request-id": [
          "WESTUS2:20190430T020320Z:9cb9eb42-3863-488f-b598-10ad8dbab777"
        ],
        "X-Content-Type-Options": [
          "nosniff"
        ],
        "Date": [
          "Tue, 30 Apr 2019 02:03:20 GMT"
        ],
        "Content-Length": [
          "2217"
        ],
        "Content-Type": [
          "application/json; charset=utf-8"
        ],
        "Expires": [
          "-1"
        ]
      },
      "ResponseBody": "{\r\n  \"properties\": {\r\n    \"vmId\": \"717535a9-28d4-4b85-8674-914be72de1f3\",\r\n    \"hardwareProfile\": {\r\n      \"vmSize\": \"Standard_DS2_v2\"\r\n    },\r\n    \"storageProfile\": {\r\n      \"imageReference\": {\r\n        \"publisher\": \"Canonical\",\r\n        \"offer\": \"UbuntuServer\",\r\n        \"sku\": \"16.04.0-LTS\",\r\n        \"version\": \"latest\"\r\n      },\r\n      \"osDisk\": {\r\n        \"osType\": \"Linux\",\r\n        \"name\": \"vm197c357994755c2d3d_OsDisk_1_8a7338fa3c224581a8660c05dbaf8795\",\r\n        \"createOption\": \"FromImage\",\r\n        \"caching\": \"ReadWrite\",\r\n        \"managedDisk\": {\r\n          \"storageAccountType\": \"Standard_LRS\",\r\n          \"id\": \"/subscriptions/0b1f6471-1bf0-4dda-aec3-cb9272f09590/resourceGroups/rgcomvc8c57535511662d3/providers/Microsoft.Compute/disks/vm197c357994755c2d3d_OsDisk_1_8a7338fa3c224581a8660c05dbaf8795\"\r\n        },\r\n        \"diskSizeGB\": 30\r\n      },\r\n      \"dataDisks\": []\r\n    },\r\n    \"osProfile\": {\r\n      \"computerName\": \"vm41b820537d\",\r\n      \"adminUsername\": \"tirekicker\",\r\n      \"linuxConfiguration\": {\r\n        \"disablePasswordAuthentication\": false,\r\n        \"provisionVMAgent\": true\r\n      },\r\n      \"secrets\": [],\r\n      \"allowExtensionOperations\": true,\r\n      \"requireGuestProvisionSignal\": true\r\n    },\r\n    \"networkProfile\": {\r\n      \"networkInterfaces\": [\r\n        {\r\n          \"id\": \"/subscriptions/0b1f6471-1bf0-4dda-aec3-cb9272f09590/resourceGroups/rgcomvc8c57535511662d3/providers/Microsoft.Network/networkInterfaces/nic57993c06493\",\r\n          \"properties\": {\r\n            \"primary\": true\r\n          }\r\n        }\r\n      ]\r\n    },\r\n    \"provisioningState\": \"Succeeded\"\r\n  },\r\n  \"type\": \"Microsoft.Compute/virtualMachines\",\r\n  \"location\": \"westcentralus\",\r\n  \"tags\": {},\r\n  \"identity\": {\r\n    \"type\": \"UserAssigned\",\r\n    \"userAssignedIdentities\": {\r\n      \"/subscriptions/0b1f6471-1bf0-4dda-aec3-cb9272f09590/resourcegroups/rgcomvc8c57535511662d3/providers/Microsoft.ManagedIdentity/userAssignedIdentities/idtf0179942037f4966d\": {\r\n        \"principalId\": \"558c76c6-e2a4-4bb2-a7e3-f2e5e766ad00\",\r\n        \"clientId\": \"213b851d-f8f1-4574-a802-053608cbb15b\"\r\n      }\r\n    }\r\n  },\r\n  \"id\": \"/subscriptions/0b1f6471-1bf0-4dda-aec3-cb9272f09590/resourceGroups/rgcomvc8c57535511662d3/providers/Microsoft.Compute/virtualMachines/vm197c357994755c2d3d\",\r\n  \"name\": \"vm197c357994755c2d3d\"\r\n}",
      "StatusCode": 200
    },
    {
      "RequestUri": "/subscriptions/0b1f6471-1bf0-4dda-aec3-cb9272f09590/resourceGroups/rgcomvc8c57535511662d3/providers/Microsoft.Compute/virtualMachines/vm197c357994755c2d3d?api-version=2018-10-01",
      "EncodedRequestUri": "L3N1YnNjcmlwdGlvbnMvMGIxZjY0NzEtMWJmMC00ZGRhLWFlYzMtY2I5MjcyZjA5NTkwL3Jlc291cmNlR3JvdXBzL3JnY29tdmM4YzU3NTM1NTExNjYyZDMvcHJvdmlkZXJzL01pY3Jvc29mdC5Db21wdXRlL3ZpcnR1YWxNYWNoaW5lcy92bTE5N2MzNTc5OTQ3NTVjMmQzZD9hcGktdmVyc2lvbj0yMDE4LTEwLTAx",
      "RequestMethod": "GET",
      "RequestBody": "",
      "RequestHeaders": {
        "x-ms-client-request-id": [
          "23afb76d-ad56-461c-bd32-784f175434ce"
        ],
        "Accept-Language": [
          "en-US"
        ],
        "User-Agent": [
          "FxVersion/4.6.27414.06",
          "OSName/Windows",
          "OSVersion/Microsoft.Windows.10.0.17763.",
          "Microsoft.Azure.Management.Compute.Fluent.ComputeManagementClient/1.20.0.0",
          "MacAddressHash/dfc186da812799dff0d5877580e2f5634177cc66b64a724c5be514dc1fdd66f5"
        ]
      },
      "ResponseHeaders": {
        "Cache-Control": [
          "no-cache"
        ],
        "Pragma": [
          "no-cache"
        ],
        "x-ms-ratelimit-remaining-resource": [
          "Microsoft.Compute/LowCostGet3Min;3997,Microsoft.Compute/LowCostGet30Min;31991"
        ],
        "Strict-Transport-Security": [
          "max-age=31536000; includeSubDomains"
        ],
        "x-ms-request-id": [
          "d27bc023-77a1-4bf7-b07a-77a45e5a035d"
        ],
        "Server": [
          "Microsoft-HTTPAPI/2.0",
          "Microsoft-HTTPAPI/2.0"
        ],
        "x-ms-ratelimit-remaining-subscription-reads": [
          "11981"
        ],
        "x-ms-correlation-request-id": [
          "c9483691-999b-4225-b3c0-5719b1c54ed6"
        ],
        "x-ms-routing-request-id": [
          "WESTUS2:20190430T020621Z:c9483691-999b-4225-b3c0-5719b1c54ed6"
        ],
        "X-Content-Type-Options": [
          "nosniff"
        ],
        "Date": [
          "Tue, 30 Apr 2019 02:06:21 GMT"
        ],
        "Content-Length": [
          "3278"
        ],
        "Content-Type": [
          "application/json; charset=utf-8"
        ],
        "Expires": [
          "-1"
        ]
      },
      "ResponseBody": "{\r\n  \"properties\": {\r\n    \"vmId\": \"717535a9-28d4-4b85-8674-914be72de1f3\",\r\n    \"hardwareProfile\": {\r\n      \"vmSize\": \"Standard_DS2_v2\"\r\n    },\r\n    \"storageProfile\": {\r\n      \"imageReference\": {\r\n        \"publisher\": \"Canonical\",\r\n        \"offer\": \"UbuntuServer\",\r\n        \"sku\": \"16.04.0-LTS\",\r\n        \"version\": \"latest\"\r\n      },\r\n      \"osDisk\": {\r\n        \"osType\": \"Linux\",\r\n        \"name\": \"vm197c357994755c2d3d_OsDisk_1_8a7338fa3c224581a8660c05dbaf8795\",\r\n        \"createOption\": \"FromImage\",\r\n        \"caching\": \"ReadWrite\",\r\n        \"managedDisk\": {\r\n          \"storageAccountType\": \"Standard_LRS\",\r\n          \"id\": \"/subscriptions/0b1f6471-1bf0-4dda-aec3-cb9272f09590/resourceGroups/rgcomvc8c57535511662d3/providers/Microsoft.Compute/disks/vm197c357994755c2d3d_OsDisk_1_8a7338fa3c224581a8660c05dbaf8795\"\r\n        },\r\n        \"diskSizeGB\": 30\r\n      },\r\n      \"dataDisks\": []\r\n    },\r\n    \"osProfile\": {\r\n      \"computerName\": \"vm41b820537d\",\r\n      \"adminUsername\": \"tirekicker\",\r\n      \"linuxConfiguration\": {\r\n        \"disablePasswordAuthentication\": false,\r\n        \"provisionVMAgent\": true\r\n      },\r\n      \"secrets\": [],\r\n      \"allowExtensionOperations\": true,\r\n      \"requireGuestProvisionSignal\": true\r\n    },\r\n    \"networkProfile\": {\r\n      \"networkInterfaces\": [\r\n        {\r\n          \"id\": \"/subscriptions/0b1f6471-1bf0-4dda-aec3-cb9272f09590/resourceGroups/rgcomvc8c57535511662d3/providers/Microsoft.Network/networkInterfaces/nic57993c06493\",\r\n          \"properties\": {\r\n            \"primary\": true\r\n          }\r\n        }\r\n      ]\r\n    },\r\n    \"provisioningState\": \"Succeeded\"\r\n  },\r\n  \"resources\": [\r\n    {\r\n      \"properties\": {\r\n        \"autoUpgradeMinorVersion\": true,\r\n        \"settings\": {\r\n          \"fileUris\": [\r\n            \"https://raw.githubusercontent.com/Azure/azure-libraries-for-net/master/Samples/Asset/create_resources_with_msi.sh\"\r\n          ],\r\n          \"commandToExecute\": \"bash create_resources_with_msi.sh /subscriptions/0b1f6471-1bf0-4dda-aec3-cb9272f09590/resourcegroups/rgcomvc8c57535511662d3/providers/Microsoft.ManagedIdentity/userAssignedIdentities/idtf0179942037f4966d st4464455109236d6617b rgcomvc8c57535511662d3 westcentralus\"\r\n        },\r\n        \"provisioningState\": \"Succeeded\",\r\n        \"publisher\": \"Microsoft.OSTCExtensions\",\r\n        \"type\": \"CustomScriptForLinux\",\r\n        \"typeHandlerVersion\": \"1.4\"\r\n      },\r\n      \"type\": \"Microsoft.Compute/virtualMachines/extensions\",\r\n      \"location\": \"westcentralus\",\r\n      \"id\": \"/subscriptions/0b1f6471-1bf0-4dda-aec3-cb9272f09590/resourceGroups/rgcomvc8c57535511662d3/providers/Microsoft.Compute/virtualMachines/vm197c357994755c2d3d/extensions/CustomScriptForLinux\",\r\n      \"name\": \"CustomScriptForLinux\"\r\n    }\r\n  ],\r\n  \"type\": \"Microsoft.Compute/virtualMachines\",\r\n  \"location\": \"westcentralus\",\r\n  \"tags\": {},\r\n  \"identity\": {\r\n    \"type\": \"UserAssigned\",\r\n    \"userAssignedIdentities\": {\r\n      \"/subscriptions/0b1f6471-1bf0-4dda-aec3-cb9272f09590/resourcegroups/rgcomvc8c57535511662d3/providers/Microsoft.ManagedIdentity/userAssignedIdentities/idtf0179942037f4966d\": {\r\n        \"principalId\": \"558c76c6-e2a4-4bb2-a7e3-f2e5e766ad00\",\r\n        \"clientId\": \"213b851d-f8f1-4574-a802-053608cbb15b\"\r\n      }\r\n    }\r\n  },\r\n  \"id\": \"/subscriptions/0b1f6471-1bf0-4dda-aec3-cb9272f09590/resourceGroups/rgcomvc8c57535511662d3/providers/Microsoft.Compute/virtualMachines/vm197c357994755c2d3d\",\r\n  \"name\": \"vm197c357994755c2d3d\"\r\n}",
      "StatusCode": 200
    },
    {
      "RequestUri": "/subscriptions/0b1f6471-1bf0-4dda-aec3-cb9272f09590/resourceGroups/rgcomvc8c57535511662d3/providers/Microsoft.Compute/virtualMachines/vm197c357994755c2d3d?api-version=2018-10-01",
      "EncodedRequestUri": "L3N1YnNjcmlwdGlvbnMvMGIxZjY0NzEtMWJmMC00ZGRhLWFlYzMtY2I5MjcyZjA5NTkwL3Jlc291cmNlR3JvdXBzL3JnY29tdmM4YzU3NTM1NTExNjYyZDMvcHJvdmlkZXJzL01pY3Jvc29mdC5Db21wdXRlL3ZpcnR1YWxNYWNoaW5lcy92bTE5N2MzNTc5OTQ3NTVjMmQzZD9hcGktdmVyc2lvbj0yMDE4LTEwLTAx",
      "RequestMethod": "PATCH",
      "RequestBody": "{\r\n  \"properties\": {\r\n    \"hardwareProfile\": {\r\n      \"vmSize\": \"Standard_DS2_v2\"\r\n    },\r\n    \"storageProfile\": {\r\n      \"imageReference\": {\r\n        \"publisher\": \"Canonical\",\r\n        \"offer\": \"UbuntuServer\",\r\n        \"sku\": \"16.04.0-LTS\",\r\n        \"version\": \"latest\"\r\n      },\r\n      \"osDisk\": {\r\n        \"osType\": \"Linux\",\r\n        \"name\": \"vm197c357994755c2d3d_OsDisk_1_8a7338fa3c224581a8660c05dbaf8795\",\r\n        \"caching\": \"ReadWrite\",\r\n        \"createOption\": \"FromImage\",\r\n        \"diskSizeGB\": 30,\r\n        \"managedDisk\": {\r\n          \"storageAccountType\": \"Standard_LRS\",\r\n          \"id\": \"/subscriptions/0b1f6471-1bf0-4dda-aec3-cb9272f09590/resourceGroups/rgcomvc8c57535511662d3/providers/Microsoft.Compute/disks/vm197c357994755c2d3d_OsDisk_1_8a7338fa3c224581a8660c05dbaf8795\"\r\n        }\r\n      },\r\n      \"dataDisks\": []\r\n    },\r\n    \"osProfile\": {\r\n      \"computerName\": \"vm41b820537d\",\r\n      \"adminUsername\": \"tirekicker\",\r\n      \"linuxConfiguration\": {\r\n        \"disablePasswordAuthentication\": false,\r\n        \"provisionVMAgent\": true\r\n      },\r\n      \"secrets\": [],\r\n      \"allowExtensionOperations\": true\r\n    },\r\n    \"networkProfile\": {\r\n      \"networkInterfaces\": [\r\n        {\r\n          \"properties\": {\r\n            \"primary\": true\r\n          },\r\n          \"id\": \"/subscriptions/0b1f6471-1bf0-4dda-aec3-cb9272f09590/resourceGroups/rgcomvc8c57535511662d3/providers/Microsoft.Network/networkInterfaces/nic57993c06493\"\r\n        }\r\n      ]\r\n    }\r\n  },\r\n  \"identity\": {\r\n    \"type\": \"UserAssigned\"\r\n  },\r\n  \"tags\": {}\r\n}",
      "RequestHeaders": {
        "x-ms-client-request-id": [
          "0f00726e-f42c-4eec-baee-be3b7eaaff77"
        ],
        "Accept-Language": [
          "en-US"
        ],
        "User-Agent": [
          "FxVersion/4.6.27414.06",
          "OSName/Windows",
          "OSVersion/Microsoft.Windows.10.0.17763.",
          "Microsoft.Azure.Management.Compute.Fluent.ComputeManagementClient/1.20.0.0",
          "MacAddressHash/dfc186da812799dff0d5877580e2f5634177cc66b64a724c5be514dc1fdd66f5"
        ],
        "Content-Type": [
          "application/json; charset=utf-8"
        ],
        "Content-Length": [
          "1539"
        ]
      },
      "ResponseHeaders": {
        "Cache-Control": [
          "no-cache"
        ],
        "Pragma": [
          "no-cache"
        ],
        "Azure-AsyncOperation": [
          "https://management.azure.com/subscriptions/0b1f6471-1bf0-4dda-aec3-cb9272f09590/providers/Microsoft.Compute/locations/westcentralus/operations/ad6b6d58-9bbb-455b-af36-65ea9334c80d?api-version=2018-10-01"
        ],
        "Azure-AsyncNotification": [
          "Enabled"
        ],
        "x-ms-ratelimit-remaining-resource": [
          "Microsoft.Compute/PutVM3Min;238,Microsoft.Compute/PutVM30Min;1198"
        ],
        "Strict-Transport-Security": [
          "max-age=31536000; includeSubDomains"
        ],
        "x-ms-request-id": [
          "ad6b6d58-9bbb-455b-af36-65ea9334c80d"
        ],
        "Server": [
          "Microsoft-HTTPAPI/2.0",
          "Microsoft-HTTPAPI/2.0"
        ],
        "x-ms-ratelimit-remaining-subscription-writes": [
          "1196"
        ],
        "x-ms-correlation-request-id": [
          "5cc57480-f9b2-439c-87a7-b7b96da6ea54"
        ],
        "x-ms-routing-request-id": [
          "WESTUS2:20190430T020250Z:5cc57480-f9b2-439c-87a7-b7b96da6ea54"
        ],
        "X-Content-Type-Options": [
          "nosniff"
        ],
        "Date": [
          "Tue, 30 Apr 2019 02:02:50 GMT"
        ],
        "Content-Length": [
          "2216"
        ],
        "Content-Type": [
          "application/json; charset=utf-8"
        ],
        "Expires": [
          "-1"
        ]
      },
      "ResponseBody": "{\r\n  \"properties\": {\r\n    \"vmId\": \"717535a9-28d4-4b85-8674-914be72de1f3\",\r\n    \"hardwareProfile\": {\r\n      \"vmSize\": \"Standard_DS2_v2\"\r\n    },\r\n    \"storageProfile\": {\r\n      \"imageReference\": {\r\n        \"publisher\": \"Canonical\",\r\n        \"offer\": \"UbuntuServer\",\r\n        \"sku\": \"16.04.0-LTS\",\r\n        \"version\": \"latest\"\r\n      },\r\n      \"osDisk\": {\r\n        \"osType\": \"Linux\",\r\n        \"name\": \"vm197c357994755c2d3d_OsDisk_1_8a7338fa3c224581a8660c05dbaf8795\",\r\n        \"createOption\": \"FromImage\",\r\n        \"caching\": \"ReadWrite\",\r\n        \"managedDisk\": {\r\n          \"storageAccountType\": \"Standard_LRS\",\r\n          \"id\": \"/subscriptions/0b1f6471-1bf0-4dda-aec3-cb9272f09590/resourceGroups/rgcomvc8c57535511662d3/providers/Microsoft.Compute/disks/vm197c357994755c2d3d_OsDisk_1_8a7338fa3c224581a8660c05dbaf8795\"\r\n        },\r\n        \"diskSizeGB\": 30\r\n      },\r\n      \"dataDisks\": []\r\n    },\r\n    \"osProfile\": {\r\n      \"computerName\": \"vm41b820537d\",\r\n      \"adminUsername\": \"tirekicker\",\r\n      \"linuxConfiguration\": {\r\n        \"disablePasswordAuthentication\": false,\r\n        \"provisionVMAgent\": true\r\n      },\r\n      \"secrets\": [],\r\n      \"allowExtensionOperations\": true,\r\n      \"requireGuestProvisionSignal\": true\r\n    },\r\n    \"networkProfile\": {\r\n      \"networkInterfaces\": [\r\n        {\r\n          \"id\": \"/subscriptions/0b1f6471-1bf0-4dda-aec3-cb9272f09590/resourceGroups/rgcomvc8c57535511662d3/providers/Microsoft.Network/networkInterfaces/nic57993c06493\",\r\n          \"properties\": {\r\n            \"primary\": true\r\n          }\r\n        }\r\n      ]\r\n    },\r\n    \"provisioningState\": \"Updating\"\r\n  },\r\n  \"type\": \"Microsoft.Compute/virtualMachines\",\r\n  \"location\": \"westcentralus\",\r\n  \"tags\": {},\r\n  \"identity\": {\r\n    \"type\": \"UserAssigned\",\r\n    \"userAssignedIdentities\": {\r\n      \"/subscriptions/0b1f6471-1bf0-4dda-aec3-cb9272f09590/resourcegroups/rgcomvc8c57535511662d3/providers/Microsoft.ManagedIdentity/userAssignedIdentities/idtf0179942037f4966d\": {\r\n        \"principalId\": \"558c76c6-e2a4-4bb2-a7e3-f2e5e766ad00\",\r\n        \"clientId\": \"213b851d-f8f1-4574-a802-053608cbb15b\"\r\n      }\r\n    }\r\n  },\r\n  \"id\": \"/subscriptions/0b1f6471-1bf0-4dda-aec3-cb9272f09590/resourceGroups/rgcomvc8c57535511662d3/providers/Microsoft.Compute/virtualMachines/vm197c357994755c2d3d\",\r\n  \"name\": \"vm197c357994755c2d3d\"\r\n}",
      "StatusCode": 200
    },
    {
      "RequestUri": "/subscriptions/0b1f6471-1bf0-4dda-aec3-cb9272f09590/providers/Microsoft.Compute/locations/westcentralus/operations/ad6b6d58-9bbb-455b-af36-65ea9334c80d?api-version=2018-10-01",
      "EncodedRequestUri": "L3N1YnNjcmlwdGlvbnMvMGIxZjY0NzEtMWJmMC00ZGRhLWFlYzMtY2I5MjcyZjA5NTkwL3Byb3ZpZGVycy9NaWNyb3NvZnQuQ29tcHV0ZS9sb2NhdGlvbnMvd2VzdGNlbnRyYWx1cy9vcGVyYXRpb25zL2FkNmI2ZDU4LTliYmItNDU1Yi1hZjM2LTY1ZWE5MzM0YzgwZD9hcGktdmVyc2lvbj0yMDE4LTEwLTAx",
      "RequestMethod": "GET",
      "RequestBody": "",
      "RequestHeaders": {
        "User-Agent": [
          "FxVersion/4.6.27414.06",
          "OSName/Windows",
          "OSVersion/Microsoft.Windows.10.0.17763.",
          "Microsoft.Azure.Management.Compute.Fluent.ComputeManagementClient/1.20.0.0",
          "MacAddressHash/dfc186da812799dff0d5877580e2f5634177cc66b64a724c5be514dc1fdd66f5"
        ]
      },
      "ResponseHeaders": {
        "Cache-Control": [
          "no-cache"
        ],
        "Pragma": [
          "no-cache"
        ],
        "x-ms-ratelimit-remaining-resource": [
          "Microsoft.Compute/GetOperation3Min;14994,Microsoft.Compute/GetOperation30Min;29994"
        ],
        "Strict-Transport-Security": [
          "max-age=31536000; includeSubDomains"
        ],
        "x-ms-request-id": [
          "5561afb1-beb8-41d5-8faa-ba5810c997af"
        ],
        "Server": [
          "Microsoft-HTTPAPI/2.0",
          "Microsoft-HTTPAPI/2.0"
        ],
        "x-ms-ratelimit-remaining-subscription-reads": [
          "11990"
        ],
        "x-ms-correlation-request-id": [
          "a4ecf30d-5542-426f-b1b3-ae4b4c4d9400"
        ],
        "x-ms-routing-request-id": [
          "WESTUS2:20190430T020320Z:a4ecf30d-5542-426f-b1b3-ae4b4c4d9400"
        ],
        "X-Content-Type-Options": [
          "nosniff"
        ],
        "Date": [
          "Tue, 30 Apr 2019 02:03:20 GMT"
        ],
        "Content-Length": [
          "183"
        ],
        "Content-Type": [
          "application/json; charset=utf-8"
        ],
        "Expires": [
          "-1"
        ]
      },
      "ResponseBody": "{\r\n  \"startTime\": \"2019-04-29T19:02:50.354138-07:00\",\r\n  \"endTime\": \"2019-04-29T19:02:50.4791208-07:00\",\r\n  \"status\": \"Succeeded\",\r\n  \"name\": \"ad6b6d58-9bbb-455b-af36-65ea9334c80d\"\r\n}",
      "StatusCode": 200
    },
    {
      "RequestUri": "/subscriptions/0b1f6471-1bf0-4dda-aec3-cb9272f09590/resourceGroups/rgcomvc8c57535511662d3/providers/Microsoft.Compute/virtualMachines/vm197c357994755c2d3d/extensions/CustomScriptForLinux?api-version=2018-10-01",
      "EncodedRequestUri": "L3N1YnNjcmlwdGlvbnMvMGIxZjY0NzEtMWJmMC00ZGRhLWFlYzMtY2I5MjcyZjA5NTkwL3Jlc291cmNlR3JvdXBzL3JnY29tdmM4YzU3NTM1NTExNjYyZDMvcHJvdmlkZXJzL01pY3Jvc29mdC5Db21wdXRlL3ZpcnR1YWxNYWNoaW5lcy92bTE5N2MzNTc5OTQ3NTVjMmQzZC9leHRlbnNpb25zL0N1c3RvbVNjcmlwdEZvckxpbnV4P2FwaS12ZXJzaW9uPTIwMTgtMTAtMDE=",
      "RequestMethod": "PUT",
      "RequestBody": "{\r\n  \"properties\": {\r\n    \"publisher\": \"Microsoft.OSTCExtensions\",\r\n    \"type\": \"CustomScriptForLinux\",\r\n    \"typeHandlerVersion\": \"1.4\",\r\n    \"autoUpgradeMinorVersion\": true,\r\n    \"settings\": {\r\n      \"fileUris\": [\r\n        \"https://raw.githubusercontent.com/Azure/azure-libraries-for-net/master/Samples/Asset/create_resources_with_msi.sh\"\r\n      ],\r\n      \"commandToExecute\": \"bash create_resources_with_msi.sh /subscriptions/0b1f6471-1bf0-4dda-aec3-cb9272f09590/resourcegroups/rgcomvc8c57535511662d3/providers/Microsoft.ManagedIdentity/userAssignedIdentities/idtf0179942037f4966d st4464455109236d6617b rgcomvc8c57535511662d3 westcentralus\"\r\n    }\r\n  },\r\n  \"location\": \"westcentralus\"\r\n}",
      "RequestHeaders": {
        "x-ms-client-request-id": [
          "88e9f720-03d8-45fa-82de-0725d5a2bc0f"
        ],
        "Accept-Language": [
          "en-US"
        ],
        "User-Agent": [
          "FxVersion/4.6.27414.06",
          "OSName/Windows",
          "OSVersion/Microsoft.Windows.10.0.17763.",
          "Microsoft.Azure.Management.Compute.Fluent.ComputeManagementClient/1.20.0.0",
          "MacAddressHash/dfc186da812799dff0d5877580e2f5634177cc66b64a724c5be514dc1fdd66f5"
        ],
        "Content-Type": [
          "application/json; charset=utf-8"
        ],
        "Content-Length": [
          "689"
        ]
      },
      "ResponseHeaders": {
        "Cache-Control": [
          "no-cache"
        ],
        "Pragma": [
          "no-cache"
        ],
        "Azure-AsyncOperation": [
          "https://management.azure.com/subscriptions/0b1f6471-1bf0-4dda-aec3-cb9272f09590/providers/Microsoft.Compute/locations/westcentralus/operations/691a7605-64fe-4741-8eaa-fb6aeb991ea8?api-version=2018-10-01"
        ],
        "Azure-AsyncNotification": [
          "Enabled"
        ],
        "x-ms-ratelimit-remaining-resource": [
          "Microsoft.Compute/UpdateVM3Min;239,Microsoft.Compute/UpdateVM30Min;1199"
        ],
        "Strict-Transport-Security": [
          "max-age=31536000; includeSubDomains"
        ],
        "x-ms-request-id": [
          "691a7605-64fe-4741-8eaa-fb6aeb991ea8"
        ],
        "Server": [
          "Microsoft-HTTPAPI/2.0",
          "Microsoft-HTTPAPI/2.0"
        ],
        "x-ms-ratelimit-remaining-subscription-writes": [
          "1195"
        ],
        "x-ms-correlation-request-id": [
          "da188c2a-da4d-4749-afa8-f622e1381d49"
        ],
        "x-ms-routing-request-id": [
          "WESTUS2:20190430T020321Z:da188c2a-da4d-4749-afa8-f622e1381d49"
        ],
        "X-Content-Type-Options": [
          "nosniff"
        ],
        "Date": [
          "Tue, 30 Apr 2019 02:03:20 GMT"
        ],
        "Content-Length": [
          "978"
        ],
        "Content-Type": [
          "application/json; charset=utf-8"
        ],
        "Expires": [
          "-1"
        ]
      },
      "ResponseBody": "{\r\n  \"properties\": {\r\n    \"autoUpgradeMinorVersion\": true,\r\n    \"settings\": {\r\n      \"fileUris\": [\r\n        \"https://raw.githubusercontent.com/Azure/azure-libraries-for-net/master/Samples/Asset/create_resources_with_msi.sh\"\r\n      ],\r\n      \"commandToExecute\": \"bash create_resources_with_msi.sh /subscriptions/0b1f6471-1bf0-4dda-aec3-cb9272f09590/resourcegroups/rgcomvc8c57535511662d3/providers/Microsoft.ManagedIdentity/userAssignedIdentities/idtf0179942037f4966d st4464455109236d6617b rgcomvc8c57535511662d3 westcentralus\"\r\n    },\r\n    \"provisioningState\": \"Creating\",\r\n    \"publisher\": \"Microsoft.OSTCExtensions\",\r\n    \"type\": \"CustomScriptForLinux\",\r\n    \"typeHandlerVersion\": \"1.4\"\r\n  },\r\n  \"type\": \"Microsoft.Compute/virtualMachines/extensions\",\r\n  \"location\": \"westcentralus\",\r\n  \"id\": \"/subscriptions/0b1f6471-1bf0-4dda-aec3-cb9272f09590/resourceGroups/rgcomvc8c57535511662d3/providers/Microsoft.Compute/virtualMachines/vm197c357994755c2d3d/extensions/CustomScriptForLinux\",\r\n  \"name\": \"CustomScriptForLinux\"\r\n}",
      "StatusCode": 201
    },
    {
      "RequestUri": "/subscriptions/0b1f6471-1bf0-4dda-aec3-cb9272f09590/providers/Microsoft.Compute/locations/westcentralus/operations/691a7605-64fe-4741-8eaa-fb6aeb991ea8?api-version=2018-10-01",
      "EncodedRequestUri": "L3N1YnNjcmlwdGlvbnMvMGIxZjY0NzEtMWJmMC00ZGRhLWFlYzMtY2I5MjcyZjA5NTkwL3Byb3ZpZGVycy9NaWNyb3NvZnQuQ29tcHV0ZS9sb2NhdGlvbnMvd2VzdGNlbnRyYWx1cy9vcGVyYXRpb25zLzY5MWE3NjA1LTY0ZmUtNDc0MS04ZWFhLWZiNmFlYjk5MWVhOD9hcGktdmVyc2lvbj0yMDE4LTEwLTAx",
      "RequestMethod": "GET",
      "RequestBody": "",
      "RequestHeaders": {
        "User-Agent": [
          "FxVersion/4.6.27414.06",
          "OSName/Windows",
          "OSVersion/Microsoft.Windows.10.0.17763.",
          "Microsoft.Azure.Management.Compute.Fluent.ComputeManagementClient/1.20.0.0",
          "MacAddressHash/dfc186da812799dff0d5877580e2f5634177cc66b64a724c5be514dc1fdd66f5"
        ]
      },
      "ResponseHeaders": {
        "Cache-Control": [
          "no-cache"
        ],
        "Pragma": [
          "no-cache"
        ],
        "x-ms-ratelimit-remaining-resource": [
          "Microsoft.Compute/GetOperation3Min;14993,Microsoft.Compute/GetOperation30Min;29993"
        ],
        "Strict-Transport-Security": [
          "max-age=31536000; includeSubDomains"
        ],
        "x-ms-request-id": [
          "3a9ff542-89d9-4bd9-bd50-8fb950e14913"
        ],
        "Server": [
          "Microsoft-HTTPAPI/2.0",
          "Microsoft-HTTPAPI/2.0"
        ],
        "x-ms-ratelimit-remaining-subscription-reads": [
          "11988"
        ],
        "x-ms-correlation-request-id": [
          "13871f26-d9ad-4d20-8af7-3bcd84dce561"
        ],
        "x-ms-routing-request-id": [
          "WESTUS2:20190430T020351Z:13871f26-d9ad-4d20-8af7-3bcd84dce561"
        ],
        "X-Content-Type-Options": [
          "nosniff"
        ],
        "Date": [
          "Tue, 30 Apr 2019 02:03:50 GMT"
        ],
        "Content-Length": [
          "134"
        ],
        "Content-Type": [
          "application/json; charset=utf-8"
        ],
        "Expires": [
          "-1"
        ]
      },
      "ResponseBody": "{\r\n  \"startTime\": \"2019-04-29T19:03:21.1195561-07:00\",\r\n  \"status\": \"InProgress\",\r\n  \"name\": \"691a7605-64fe-4741-8eaa-fb6aeb991ea8\"\r\n}",
      "StatusCode": 200
    },
    {
      "RequestUri": "/subscriptions/0b1f6471-1bf0-4dda-aec3-cb9272f09590/providers/Microsoft.Compute/locations/westcentralus/operations/691a7605-64fe-4741-8eaa-fb6aeb991ea8?api-version=2018-10-01",
      "EncodedRequestUri": "L3N1YnNjcmlwdGlvbnMvMGIxZjY0NzEtMWJmMC00ZGRhLWFlYzMtY2I5MjcyZjA5NTkwL3Byb3ZpZGVycy9NaWNyb3NvZnQuQ29tcHV0ZS9sb2NhdGlvbnMvd2VzdGNlbnRyYWx1cy9vcGVyYXRpb25zLzY5MWE3NjA1LTY0ZmUtNDc0MS04ZWFhLWZiNmFlYjk5MWVhOD9hcGktdmVyc2lvbj0yMDE4LTEwLTAx",
      "RequestMethod": "GET",
      "RequestBody": "",
      "RequestHeaders": {
        "User-Agent": [
          "FxVersion/4.6.27414.06",
          "OSName/Windows",
          "OSVersion/Microsoft.Windows.10.0.17763.",
          "Microsoft.Azure.Management.Compute.Fluent.ComputeManagementClient/1.20.0.0",
          "MacAddressHash/dfc186da812799dff0d5877580e2f5634177cc66b64a724c5be514dc1fdd66f5"
        ]
      },
      "ResponseHeaders": {
        "Cache-Control": [
          "no-cache"
        ],
        "Pragma": [
          "no-cache"
        ],
        "x-ms-ratelimit-remaining-resource": [
          "Microsoft.Compute/GetOperation3Min;14992,Microsoft.Compute/GetOperation30Min;29992"
        ],
        "Strict-Transport-Security": [
          "max-age=31536000; includeSubDomains"
        ],
        "x-ms-request-id": [
          "e34195ce-6dea-4b2d-b81c-c8b0cab90a4b"
        ],
        "x-ms-ratelimit-remaining-subscription-reads": [
          "11987"
        ],
        "Server": [
          "Microsoft-HTTPAPI/2.0",
          "Microsoft-HTTPAPI/2.0"
        ],
        "x-ms-correlation-request-id": [
          "15827327-29e6-48a4-9ceb-0bfa6e5108e7"
        ],
        "x-ms-routing-request-id": [
          "WESTUS2:20190430T020421Z:15827327-29e6-48a4-9ceb-0bfa6e5108e7"
        ],
        "X-Content-Type-Options": [
          "nosniff"
        ],
        "Date": [
          "Tue, 30 Apr 2019 02:04:20 GMT"
        ],
        "Content-Length": [
          "134"
        ],
        "Content-Type": [
          "application/json; charset=utf-8"
        ],
        "Expires": [
          "-1"
        ]
      },
      "ResponseBody": "{\r\n  \"startTime\": \"2019-04-29T19:03:21.1195561-07:00\",\r\n  \"status\": \"InProgress\",\r\n  \"name\": \"691a7605-64fe-4741-8eaa-fb6aeb991ea8\"\r\n}",
      "StatusCode": 200
    },
    {
      "RequestUri": "/subscriptions/0b1f6471-1bf0-4dda-aec3-cb9272f09590/providers/Microsoft.Compute/locations/westcentralus/operations/691a7605-64fe-4741-8eaa-fb6aeb991ea8?api-version=2018-10-01",
      "EncodedRequestUri": "L3N1YnNjcmlwdGlvbnMvMGIxZjY0NzEtMWJmMC00ZGRhLWFlYzMtY2I5MjcyZjA5NTkwL3Byb3ZpZGVycy9NaWNyb3NvZnQuQ29tcHV0ZS9sb2NhdGlvbnMvd2VzdGNlbnRyYWx1cy9vcGVyYXRpb25zLzY5MWE3NjA1LTY0ZmUtNDc0MS04ZWFhLWZiNmFlYjk5MWVhOD9hcGktdmVyc2lvbj0yMDE4LTEwLTAx",
      "RequestMethod": "GET",
      "RequestBody": "",
      "RequestHeaders": {
        "User-Agent": [
          "FxVersion/4.6.27414.06",
          "OSName/Windows",
          "OSVersion/Microsoft.Windows.10.0.17763.",
          "Microsoft.Azure.Management.Compute.Fluent.ComputeManagementClient/1.20.0.0",
          "MacAddressHash/dfc186da812799dff0d5877580e2f5634177cc66b64a724c5be514dc1fdd66f5"
        ]
      },
      "ResponseHeaders": {
        "Cache-Control": [
          "no-cache"
        ],
        "Pragma": [
          "no-cache"
        ],
        "x-ms-ratelimit-remaining-resource": [
          "Microsoft.Compute/GetOperation3Min;14992,Microsoft.Compute/GetOperation30Min;29991"
        ],
        "Strict-Transport-Security": [
          "max-age=31536000; includeSubDomains"
        ],
        "x-ms-request-id": [
          "571a4ba5-45b7-4ee6-ba86-cc378ae9f736"
        ],
        "Server": [
          "Microsoft-HTTPAPI/2.0",
          "Microsoft-HTTPAPI/2.0"
        ],
        "x-ms-ratelimit-remaining-subscription-reads": [
          "11986"
        ],
        "x-ms-correlation-request-id": [
          "9357bf25-5662-4d31-ab77-68577899e0af"
        ],
        "x-ms-routing-request-id": [
          "WESTUS2:20190430T020451Z:9357bf25-5662-4d31-ab77-68577899e0af"
        ],
        "X-Content-Type-Options": [
          "nosniff"
        ],
        "Date": [
          "Tue, 30 Apr 2019 02:04:51 GMT"
        ],
        "Content-Length": [
          "134"
        ],
        "Content-Type": [
          "application/json; charset=utf-8"
        ],
        "Expires": [
          "-1"
        ]
      },
      "ResponseBody": "{\r\n  \"startTime\": \"2019-04-29T19:03:21.1195561-07:00\",\r\n  \"status\": \"InProgress\",\r\n  \"name\": \"691a7605-64fe-4741-8eaa-fb6aeb991ea8\"\r\n}",
      "StatusCode": 200
    },
    {
      "RequestUri": "/subscriptions/0b1f6471-1bf0-4dda-aec3-cb9272f09590/providers/Microsoft.Compute/locations/westcentralus/operations/691a7605-64fe-4741-8eaa-fb6aeb991ea8?api-version=2018-10-01",
      "EncodedRequestUri": "L3N1YnNjcmlwdGlvbnMvMGIxZjY0NzEtMWJmMC00ZGRhLWFlYzMtY2I5MjcyZjA5NTkwL3Byb3ZpZGVycy9NaWNyb3NvZnQuQ29tcHV0ZS9sb2NhdGlvbnMvd2VzdGNlbnRyYWx1cy9vcGVyYXRpb25zLzY5MWE3NjA1LTY0ZmUtNDc0MS04ZWFhLWZiNmFlYjk5MWVhOD9hcGktdmVyc2lvbj0yMDE4LTEwLTAx",
      "RequestMethod": "GET",
      "RequestBody": "",
      "RequestHeaders": {
        "User-Agent": [
          "FxVersion/4.6.27414.06",
          "OSName/Windows",
          "OSVersion/Microsoft.Windows.10.0.17763.",
          "Microsoft.Azure.Management.Compute.Fluent.ComputeManagementClient/1.20.0.0",
          "MacAddressHash/dfc186da812799dff0d5877580e2f5634177cc66b64a724c5be514dc1fdd66f5"
        ]
      },
      "ResponseHeaders": {
        "Cache-Control": [
          "no-cache"
        ],
        "Pragma": [
          "no-cache"
        ],
        "x-ms-ratelimit-remaining-resource": [
          "Microsoft.Compute/GetOperation3Min;14992,Microsoft.Compute/GetOperation30Min;29990"
        ],
        "Strict-Transport-Security": [
          "max-age=31536000; includeSubDomains"
        ],
        "x-ms-request-id": [
          "f1876340-3e65-46bb-a4a7-7249835bb998"
        ],
        "Server": [
          "Microsoft-HTTPAPI/2.0",
          "Microsoft-HTTPAPI/2.0"
        ],
        "x-ms-ratelimit-remaining-subscription-reads": [
          "11985"
        ],
        "x-ms-correlation-request-id": [
          "2b8a7b3e-5a9d-4df1-bef7-e78b6013c66b"
        ],
        "x-ms-routing-request-id": [
          "WESTUS2:20190430T020521Z:2b8a7b3e-5a9d-4df1-bef7-e78b6013c66b"
        ],
        "X-Content-Type-Options": [
          "nosniff"
        ],
        "Date": [
          "Tue, 30 Apr 2019 02:05:21 GMT"
        ],
        "Content-Length": [
          "134"
        ],
        "Content-Type": [
          "application/json; charset=utf-8"
        ],
        "Expires": [
          "-1"
        ]
      },
      "ResponseBody": "{\r\n  \"startTime\": \"2019-04-29T19:03:21.1195561-07:00\",\r\n  \"status\": \"InProgress\",\r\n  \"name\": \"691a7605-64fe-4741-8eaa-fb6aeb991ea8\"\r\n}",
      "StatusCode": 200
    },
    {
      "RequestUri": "/subscriptions/0b1f6471-1bf0-4dda-aec3-cb9272f09590/providers/Microsoft.Compute/locations/westcentralus/operations/691a7605-64fe-4741-8eaa-fb6aeb991ea8?api-version=2018-10-01",
      "EncodedRequestUri": "L3N1YnNjcmlwdGlvbnMvMGIxZjY0NzEtMWJmMC00ZGRhLWFlYzMtY2I5MjcyZjA5NTkwL3Byb3ZpZGVycy9NaWNyb3NvZnQuQ29tcHV0ZS9sb2NhdGlvbnMvd2VzdGNlbnRyYWx1cy9vcGVyYXRpb25zLzY5MWE3NjA1LTY0ZmUtNDc0MS04ZWFhLWZiNmFlYjk5MWVhOD9hcGktdmVyc2lvbj0yMDE4LTEwLTAx",
      "RequestMethod": "GET",
      "RequestBody": "",
      "RequestHeaders": {
        "User-Agent": [
          "FxVersion/4.6.27414.06",
          "OSName/Windows",
          "OSVersion/Microsoft.Windows.10.0.17763.",
          "Microsoft.Azure.Management.Compute.Fluent.ComputeManagementClient/1.20.0.0",
          "MacAddressHash/dfc186da812799dff0d5877580e2f5634177cc66b64a724c5be514dc1fdd66f5"
        ]
      },
      "ResponseHeaders": {
        "Cache-Control": [
          "no-cache"
        ],
        "Pragma": [
          "no-cache"
        ],
        "x-ms-ratelimit-remaining-resource": [
          "Microsoft.Compute/GetOperation3Min;14992,Microsoft.Compute/GetOperation30Min;29987"
        ],
        "Strict-Transport-Security": [
          "max-age=31536000; includeSubDomains"
        ],
        "x-ms-request-id": [
          "96a66495-667f-44e4-b1ff-243dca36e3e3"
        ],
        "Server": [
          "Microsoft-HTTPAPI/2.0",
          "Microsoft-HTTPAPI/2.0"
        ],
        "x-ms-ratelimit-remaining-subscription-reads": [
          "11984"
        ],
        "x-ms-correlation-request-id": [
          "6068529f-1ac0-4fcc-9e3a-90308ddfebaf"
        ],
        "x-ms-routing-request-id": [
          "WESTUS2:20190430T020551Z:6068529f-1ac0-4fcc-9e3a-90308ddfebaf"
        ],
        "X-Content-Type-Options": [
          "nosniff"
        ],
        "Date": [
          "Tue, 30 Apr 2019 02:05:51 GMT"
        ],
        "Content-Length": [
          "134"
        ],
        "Content-Type": [
          "application/json; charset=utf-8"
        ],
        "Expires": [
          "-1"
        ]
      },
      "ResponseBody": "{\r\n  \"startTime\": \"2019-04-29T19:03:21.1195561-07:00\",\r\n  \"status\": \"InProgress\",\r\n  \"name\": \"691a7605-64fe-4741-8eaa-fb6aeb991ea8\"\r\n}",
      "StatusCode": 200
    },
    {
      "RequestUri": "/subscriptions/0b1f6471-1bf0-4dda-aec3-cb9272f09590/providers/Microsoft.Compute/locations/westcentralus/operations/691a7605-64fe-4741-8eaa-fb6aeb991ea8?api-version=2018-10-01",
      "EncodedRequestUri": "L3N1YnNjcmlwdGlvbnMvMGIxZjY0NzEtMWJmMC00ZGRhLWFlYzMtY2I5MjcyZjA5NTkwL3Byb3ZpZGVycy9NaWNyb3NvZnQuQ29tcHV0ZS9sb2NhdGlvbnMvd2VzdGNlbnRyYWx1cy9vcGVyYXRpb25zLzY5MWE3NjA1LTY0ZmUtNDc0MS04ZWFhLWZiNmFlYjk5MWVhOD9hcGktdmVyc2lvbj0yMDE4LTEwLTAx",
      "RequestMethod": "GET",
      "RequestBody": "",
      "RequestHeaders": {
        "User-Agent": [
          "FxVersion/4.6.27414.06",
          "OSName/Windows",
          "OSVersion/Microsoft.Windows.10.0.17763.",
          "Microsoft.Azure.Management.Compute.Fluent.ComputeManagementClient/1.20.0.0",
          "MacAddressHash/dfc186da812799dff0d5877580e2f5634177cc66b64a724c5be514dc1fdd66f5"
        ]
      },
      "ResponseHeaders": {
        "Cache-Control": [
          "no-cache"
        ],
        "Pragma": [
          "no-cache"
        ],
        "x-ms-ratelimit-remaining-resource": [
          "Microsoft.Compute/GetOperation3Min;14989,Microsoft.Compute/GetOperation30Min;29983"
        ],
        "Strict-Transport-Security": [
          "max-age=31536000; includeSubDomains"
        ],
        "x-ms-request-id": [
          "5d1b70cd-5f4a-460d-94f3-00a185afbd1e"
        ],
        "Server": [
          "Microsoft-HTTPAPI/2.0",
          "Microsoft-HTTPAPI/2.0"
        ],
        "x-ms-ratelimit-remaining-subscription-reads": [
          "11983"
        ],
        "x-ms-correlation-request-id": [
          "99bc80ad-74e1-4c8f-b0b0-dcc24fab07be"
        ],
        "x-ms-routing-request-id": [
          "WESTUS2:20190430T020621Z:99bc80ad-74e1-4c8f-b0b0-dcc24fab07be"
        ],
        "X-Content-Type-Options": [
          "nosniff"
        ],
        "Date": [
          "Tue, 30 Apr 2019 02:06:20 GMT"
        ],
        "Content-Length": [
          "184"
        ],
        "Content-Type": [
          "application/json; charset=utf-8"
        ],
        "Expires": [
          "-1"
        ]
      },
      "ResponseBody": "{\r\n  \"startTime\": \"2019-04-29T19:03:21.1195561-07:00\",\r\n  \"endTime\": \"2019-04-29T19:06:09.6184814-07:00\",\r\n  \"status\": \"Succeeded\",\r\n  \"name\": \"691a7605-64fe-4741-8eaa-fb6aeb991ea8\"\r\n}",
      "StatusCode": 200
    },
    {
      "RequestUri": "/subscriptions/0b1f6471-1bf0-4dda-aec3-cb9272f09590/resourceGroups/rgcomvc8c57535511662d3/providers/Microsoft.Compute/virtualMachines/vm197c357994755c2d3d/extensions/CustomScriptForLinux?api-version=2018-10-01",
      "EncodedRequestUri": "L3N1YnNjcmlwdGlvbnMvMGIxZjY0NzEtMWJmMC00ZGRhLWFlYzMtY2I5MjcyZjA5NTkwL3Jlc291cmNlR3JvdXBzL3JnY29tdmM4YzU3NTM1NTExNjYyZDMvcHJvdmlkZXJzL01pY3Jvc29mdC5Db21wdXRlL3ZpcnR1YWxNYWNoaW5lcy92bTE5N2MzNTc5OTQ3NTVjMmQzZC9leHRlbnNpb25zL0N1c3RvbVNjcmlwdEZvckxpbnV4P2FwaS12ZXJzaW9uPTIwMTgtMTAtMDE=",
      "RequestMethod": "GET",
      "RequestBody": "",
      "RequestHeaders": {
        "User-Agent": [
          "FxVersion/4.6.27414.06",
          "OSName/Windows",
          "OSVersion/Microsoft.Windows.10.0.17763.",
          "Microsoft.Azure.Management.Compute.Fluent.ComputeManagementClient/1.20.0.0",
          "MacAddressHash/dfc186da812799dff0d5877580e2f5634177cc66b64a724c5be514dc1fdd66f5"
        ]
      },
      "ResponseHeaders": {
        "Cache-Control": [
          "no-cache"
        ],
        "Pragma": [
          "no-cache"
        ],
        "x-ms-ratelimit-remaining-resource": [
          "Microsoft.Compute/LowCostGet3Min;3998,Microsoft.Compute/LowCostGet30Min;31992"
        ],
        "Strict-Transport-Security": [
          "max-age=31536000; includeSubDomains"
        ],
        "x-ms-request-id": [
          "93d46567-ce9b-4405-b286-6f437fe34e06"
        ],
        "Server": [
          "Microsoft-HTTPAPI/2.0",
          "Microsoft-HTTPAPI/2.0"
        ],
        "x-ms-ratelimit-remaining-subscription-reads": [
          "11982"
        ],
        "x-ms-correlation-request-id": [
          "1db5546b-f50e-40dc-87d8-4554e6c4c7ad"
        ],
        "x-ms-routing-request-id": [
          "WESTUS2:20190430T020621Z:1db5546b-f50e-40dc-87d8-4554e6c4c7ad"
        ],
        "X-Content-Type-Options": [
          "nosniff"
        ],
        "Date": [
          "Tue, 30 Apr 2019 02:06:20 GMT"
        ],
        "Content-Length": [
          "979"
        ],
        "Content-Type": [
          "application/json; charset=utf-8"
        ],
        "Expires": [
          "-1"
        ]
      },
      "ResponseBody": "{\r\n  \"properties\": {\r\n    \"autoUpgradeMinorVersion\": true,\r\n    \"settings\": {\r\n      \"fileUris\": [\r\n        \"https://raw.githubusercontent.com/Azure/azure-libraries-for-net/master/Samples/Asset/create_resources_with_msi.sh\"\r\n      ],\r\n      \"commandToExecute\": \"bash create_resources_with_msi.sh /subscriptions/0b1f6471-1bf0-4dda-aec3-cb9272f09590/resourcegroups/rgcomvc8c57535511662d3/providers/Microsoft.ManagedIdentity/userAssignedIdentities/idtf0179942037f4966d st4464455109236d6617b rgcomvc8c57535511662d3 westcentralus\"\r\n    },\r\n    \"provisioningState\": \"Succeeded\",\r\n    \"publisher\": \"Microsoft.OSTCExtensions\",\r\n    \"type\": \"CustomScriptForLinux\",\r\n    \"typeHandlerVersion\": \"1.4\"\r\n  },\r\n  \"type\": \"Microsoft.Compute/virtualMachines/extensions\",\r\n  \"location\": \"westcentralus\",\r\n  \"id\": \"/subscriptions/0b1f6471-1bf0-4dda-aec3-cb9272f09590/resourceGroups/rgcomvc8c57535511662d3/providers/Microsoft.Compute/virtualMachines/vm197c357994755c2d3d/extensions/CustomScriptForLinux\",\r\n  \"name\": \"CustomScriptForLinux\"\r\n}",
      "StatusCode": 200
    },
    {
      "RequestUri": "/subscriptions/0b1f6471-1bf0-4dda-aec3-cb9272f09590/resourceGroups/rgcomvc8c57535511662d3/providers/Microsoft.Storage/storageAccounts/st4464455109236d6617b?api-version=2018-11-01",
      "EncodedRequestUri": "L3N1YnNjcmlwdGlvbnMvMGIxZjY0NzEtMWJmMC00ZGRhLWFlYzMtY2I5MjcyZjA5NTkwL3Jlc291cmNlR3JvdXBzL3JnY29tdmM4YzU3NTM1NTExNjYyZDMvcHJvdmlkZXJzL01pY3Jvc29mdC5TdG9yYWdlL3N0b3JhZ2VBY2NvdW50cy9zdDQ0NjQ0NTUxMDkyMzZkNjYxN2I/YXBpLXZlcnNpb249MjAxOC0xMS0wMQ==",
      "RequestMethod": "GET",
      "RequestBody": "",
      "RequestHeaders": {
        "x-ms-client-request-id": [
          "0efb389b-a254-4c15-90f7-e719db83bc62"
        ],
        "Accept-Language": [
          "en-US"
        ],
        "User-Agent": [
          "FxVersion/4.6.27414.06",
          "OSName/Windows",
          "OSVersion/Microsoft.Windows.10.0.17763.",
          "Microsoft.Azure.Management.Storage.Fluent.StorageManagementClient/1.20.0.0",
          "MacAddressHash/dfc186da812799dff0d5877580e2f5634177cc66b64a724c5be514dc1fdd66f5"
        ]
      },
      "ResponseHeaders": {
        "Cache-Control": [
          "no-cache"
        ],
        "Pragma": [
          "no-cache"
        ],
        "x-ms-request-id": [
          "cade1005-0c1c-4e2d-ab0b-59e1b82d8054"
        ],
        "Strict-Transport-Security": [
          "max-age=31536000; includeSubDomains"
        ],
        "x-ms-ratelimit-remaining-subscription-reads": [
          "11980"
        ],
        "Server": [
          "Microsoft-Azure-Storage-Resource-Provider/1.0,Microsoft-HTTPAPI/2.0 Microsoft-HTTPAPI/2.0"
        ],
        "x-ms-correlation-request-id": [
          "98844b25-9702-4b81-8113-2a84c9a2ac85"
        ],
        "x-ms-routing-request-id": [
          "WESTUS2:20190430T020622Z:98844b25-9702-4b81-8113-2a84c9a2ac85"
        ],
        "X-Content-Type-Options": [
          "nosniff"
        ],
        "Date": [
          "Tue, 30 Apr 2019 02:06:21 GMT"
        ],
        "Content-Length": [
          "920"
        ],
        "Content-Type": [
          "application/json"
        ],
        "Expires": [
          "-1"
        ]
      },
      "ResponseBody": "{\r\n  \"sku\": {\r\n    \"name\": \"Premium_LRS\",\r\n    \"tier\": \"Premium\"\r\n  },\r\n  \"kind\": \"Storage\",\r\n  \"id\": \"/subscriptions/0b1f6471-1bf0-4dda-aec3-cb9272f09590/resourceGroups/rgcomvc8c57535511662d3/providers/Microsoft.Storage/storageAccounts/st4464455109236d6617b\",\r\n  \"name\": \"st4464455109236d6617b\",\r\n  \"type\": \"Microsoft.Storage/storageAccounts\",\r\n  \"location\": \"westcentralus\",\r\n  \"tags\": {},\r\n  \"properties\": {\r\n    \"networkAcls\": {\r\n      \"bypass\": \"AzureServices\",\r\n      \"virtualNetworkRules\": [],\r\n      \"ipRules\": [],\r\n      \"defaultAction\": \"Allow\"\r\n    },\r\n    \"supportsHttpsTrafficOnly\": false,\r\n    \"encryption\": {\r\n      \"services\": {\r\n        \"file\": {\r\n          \"enabled\": true,\r\n          \"lastEnabledTime\": \"2019-04-30T02:05:26.7057914Z\"\r\n        },\r\n        \"blob\": {\r\n          \"enabled\": true,\r\n          \"lastEnabledTime\": \"2019-04-30T02:05:26.7057914Z\"\r\n        }\r\n      },\r\n      \"keySource\": \"Microsoft.Storage\"\r\n    },\r\n    \"provisioningState\": \"Succeeded\",\r\n    \"creationTime\": \"2019-04-30T02:05:26.6275944Z\",\r\n    \"primaryEndpoints\": {\r\n      \"blob\": \"https://st4464455109236d6617b.blob.core.windows.net/\"\r\n    },\r\n    \"primaryLocation\": \"westcentralus\",\r\n    \"statusOfPrimary\": \"available\"\r\n  }\r\n}",
      "StatusCode": 200
    },
    {
      "RequestUri": "/subscriptions/0b1f6471-1bf0-4dda-aec3-cb9272f09590/resourcegroups/rgcomvc8c57535511662d3?api-version=2017-05-10",
      "EncodedRequestUri": "L3N1YnNjcmlwdGlvbnMvMGIxZjY0NzEtMWJmMC00ZGRhLWFlYzMtY2I5MjcyZjA5NTkwL3Jlc291cmNlZ3JvdXBzL3JnY29tdmM4YzU3NTM1NTExNjYyZDM/YXBpLXZlcnNpb249MjAxNy0wNS0xMA==",
      "RequestMethod": "DELETE",
      "RequestBody": "",
      "RequestHeaders": {
        "x-ms-client-request-id": [
          "8d4b3a47-bbbe-47f1-b2bc-eb2af96d4f8f"
        ],
        "Accept-Language": [
          "en-US"
        ],
        "User-Agent": [
          "FxVersion/4.6.27414.06",
          "OSName/Windows",
          "OSVersion/Microsoft.Windows.10.0.17763.",
          "Microsoft.Azure.Management.ResourceManager.Fluent.ResourceManagementClient/1.20.0.0",
          "MacAddressHash/dfc186da812799dff0d5877580e2f5634177cc66b64a724c5be514dc1fdd66f5"
        ]
      },
      "ResponseHeaders": {
        "Cache-Control": [
          "no-cache"
        ],
        "Pragma": [
          "no-cache"
        ],
        "Location": [
          "https://management.azure.com/subscriptions/0b1f6471-1bf0-4dda-aec3-cb9272f09590/operationresults/eyJqb2JJZCI6IlJFU09VUkNFR1JPVVBERUxFVElPTkpPQi1SR0NPTVZDOEM1NzUzNTUxMTY2MkQzLVdFU1RDRU5UUkFMVVMiLCJqb2JMb2NhdGlvbiI6Indlc3RjZW50cmFsdXMifQ?api-version=2017-05-10"
        ],
        "Retry-After": [
          "15"
        ],
        "x-ms-ratelimit-remaining-subscription-deletes": [
          "14999"
        ],
        "x-ms-request-id": [
          "2eb024cc-52ee-4205-9d99-cbe05cd3575e"
        ],
        "x-ms-correlation-request-id": [
          "2eb024cc-52ee-4205-9d99-cbe05cd3575e"
        ],
        "x-ms-routing-request-id": [
          "WESTUS2:20190430T020622Z:2eb024cc-52ee-4205-9d99-cbe05cd3575e"
        ],
        "Strict-Transport-Security": [
          "max-age=31536000; includeSubDomains"
        ],
        "X-Content-Type-Options": [
          "nosniff"
        ],
        "Date": [
          "Tue, 30 Apr 2019 02:06:21 GMT"
        ],
        "Expires": [
          "-1"
        ],
        "Content-Length": [
          "0"
        ]
      },
      "ResponseBody": "",
      "StatusCode": 202
    }
  ],
  "Names": {
    "ManageStorageFromMSIEnabledVirtualMachineTest": [
      "idtf0179942037f4966d",
      "vm197c357994755c2d3d",
      "rgcomvc8c57535511662d3",
      "pip11ba5550034f70f771",
      "d4964648-20df-4672-8753-66961156a9dc",
      "nic57993c06493",
      "vnet45c06836ef03",
      "pip75670a35",
      "vm41b820537d",
      "st4464455109236d6617b"
    ]
  },
  "Variables": {
    "ServicePrincipal": "39e3d217-cb72-4b90-8532-394a7e784d93",
    "AADTenant": "54826b22-38d6-4fb2-bad9-b7b93a3e9c5a",
    "SubscriptionId": "0b1f6471-1bf0-4dda-aec3-cb9272f09590"
  }
}