{
  "Entries": [
    {
      "RequestUri": "/subscriptions/ec0aa5f7-9e78-40c9-85cd-535c6305b380/resourcegroups/rgeh46d56921e?api-version=2017-05-10",
      "EncodedRequestUri": "L3N1YnNjcmlwdGlvbnMvZWMwYWE1ZjctOWU3OC00MGM5LTg1Y2QtNTM1YzYzMDViMzgwL3Jlc291cmNlZ3JvdXBzL3JnZWg0NmQ1NjkyMWU/YXBpLXZlcnNpb249MjAxNy0wNS0xMA==",
      "RequestMethod": "PUT",
      "RequestBody": "{\r\n  \"location\": \"eastus2\"\r\n}",
      "RequestHeaders": {
        "Content-Type": [
          "application/json; charset=utf-8"
        ],
        "Content-Length": [
          "29"
        ],
        "x-ms-client-request-id": [
          "16f3786e-02cb-4d7d-acc7-94d39d1073eb"
        ],
        "accept-language": [
          "en-US"
        ],
        "User-Agent": [
          "FxVersion/4.6.25211.01",
          "Microsoft.Azure.Management.ResourceManager.Fluent.ResourceManagementClient/1.6.0.0",
          "MacAddressHash/79a3844c900980d71760eb3bd05bf1d3f647bb724a60a52c86053efff382e882"
        ]
      },
      "ResponseBody": "{\r\n  \"id\": \"/subscriptions/ec0aa5f7-9e78-40c9-85cd-535c6305b380/resourceGroups/rgeh46d56921e\",\r\n  \"name\": \"rgeh46d56921e\",\r\n  \"location\": \"eastus2\",\r\n  \"properties\": {\r\n    \"provisioningState\": \"Succeeded\"\r\n  }\r\n}",
      "ResponseHeaders": {
        "Content-Length": [
          "180"
        ],
        "Content-Type": [
          "application/json; charset=utf-8"
        ],
        "Expires": [
          "-1"
        ],
        "Cache-Control": [
          "no-cache"
        ],
        "Date": [
          "Tue, 27 Feb 2018 21:48:18 GMT"
        ],
        "Pragma": [
          "no-cache"
        ],
        "x-ms-ratelimit-remaining-subscription-writes": [
          "1199"
        ],
        "x-ms-request-id": [
          "bd417464-22e7-4fce-b21b-e711365b5034"
        ],
        "x-ms-correlation-request-id": [
          "bd417464-22e7-4fce-b21b-e711365b5034"
        ],
        "x-ms-routing-request-id": [
          "WESTUS2:20180227T214819Z:bd417464-22e7-4fce-b21b-e711365b5034"
        ],
        "Strict-Transport-Security": [
          "max-age=31536000; includeSubDomains"
        ],
        "X-Content-Type-Options": [
          "nosniff"
        ]
      },
      "StatusCode": 201
    },
    {
      "RequestUri": "/subscriptions/ec0aa5f7-9e78-40c9-85cd-535c6305b380/resourceGroups/rgeh46d56921e/providers/Microsoft.EventHub/namespaces/nse7d694780b?api-version=2017-04-01",
      "EncodedRequestUri": "L3N1YnNjcmlwdGlvbnMvZWMwYWE1ZjctOWU3OC00MGM5LTg1Y2QtNTM1YzYzMDViMzgwL3Jlc291cmNlR3JvdXBzL3JnZWg0NmQ1NjkyMWUvcHJvdmlkZXJzL01pY3Jvc29mdC5FdmVudEh1Yi9uYW1lc3BhY2VzL25zZTdkNjk0NzgwYj9hcGktdmVyc2lvbj0yMDE3LTA0LTAx",
      "RequestMethod": "PUT",
      "RequestBody": "{\r\n  \"location\": \"eastus2\",\r\n  \"tags\": {}\r\n}",
      "RequestHeaders": {
        "Content-Type": [
          "application/json; charset=utf-8"
        ],
        "Content-Length": [
          "44"
        ],
        "x-ms-client-request-id": [
          "07ed62b5-6552-42db-9786-d847735ddcf0"
        ],
        "accept-language": [
          "en-US"
        ],
        "User-Agent": [
          "FxVersion/4.6.25211.01",
          "Microsoft.Azure.Management.EventHub.Fluent.EventHubManagementClient/0.0.0.0",
          "MacAddressHash/79a3844c900980d71760eb3bd05bf1d3f647bb724a60a52c86053efff382e882"
        ]
      },
      "ResponseBody": "{\r\n  \"sku\": {\r\n    \"name\": \"Standard\",\r\n    \"tier\": \"Standard\",\r\n    \"capacity\": 1\r\n  },\r\n  \"id\": \"/subscriptions/ec0aa5f7-9e78-40c9-85cd-535c6305b380/resourceGroups/rgeh46d56921e/providers/Microsoft.EventHub/namespaces/nse7d694780b\",\r\n  \"name\": \"nse7d694780b\",\r\n  \"type\": \"Microsoft.EventHub/Namespaces\",\r\n  \"location\": \"East US 2\",\r\n  \"tags\": {},\r\n  \"properties\": {\r\n    \"isAutoInflateEnabled\": false,\r\n    \"maximumThroughputUnits\": 0,\r\n    \"provisioningState\": \"Created\",\r\n    \"metricId\": \"ec0aa5f7-9e78-40c9-85cd-535c6305b380:nse7d694780b\",\r\n    \"createdAt\": \"2018-02-27T21:48:20.143Z\",\r\n    \"updatedAt\": \"2018-02-27T21:48:20.143Z\",\r\n    \"serviceBusEndpoint\": \"https://nse7d694780b.servicebus.windows.net:443/\",\r\n    \"status\": \"Activating\"\r\n  }\r\n}",
      "ResponseHeaders": {
        "Content-Type": [
          "application/json; charset=utf-8"
        ],
        "Expires": [
          "-1"
        ],
        "Cache-Control": [
          "no-cache"
        ],
        "Date": [
          "Tue, 27 Feb 2018 21:48:20 GMT"
        ],
        "Pragma": [
          "no-cache"
        ],
        "Transfer-Encoding": [
          "chunked"
        ],
        "Server": [
          "Service-Bus-Resource-Provider/SN1",
          "Microsoft-HTTPAPI/2.0"
        ],
        "Vary": [
          "Accept-Encoding"
        ],
        "x-ms-request-id": [
          "767592c8-9734-4615-809d-cc0b8e0112e9_M11SN1_M11SN1"
        ],
        "Server-SB": [
          "Service-Bus-Resource-Provider/SN1"
        ],
        "x-ms-ratelimit-remaining-subscription-writes": [
          "1198"
        ],
        "x-ms-correlation-request-id": [
          "66120a66-d744-4071-ae39-bda3095366e0"
        ],
        "x-ms-routing-request-id": [
          "WESTUS2:20180227T214821Z:66120a66-d744-4071-ae39-bda3095366e0"
        ],
        "Strict-Transport-Security": [
          "max-age=31536000; includeSubDomains"
        ],
        "X-Content-Type-Options": [
          "nosniff"
        ]
      },
      "StatusCode": 200
    },
    {
      "RequestUri": "/subscriptions/ec0aa5f7-9e78-40c9-85cd-535c6305b380/resourceGroups/rgeh46d56921e/providers/Microsoft.EventHub/namespaces/nse7d694780b?api-version=2017-04-01",
      "EncodedRequestUri": "L3N1YnNjcmlwdGlvbnMvZWMwYWE1ZjctOWU3OC00MGM5LTg1Y2QtNTM1YzYzMDViMzgwL3Jlc291cmNlR3JvdXBzL3JnZWg0NmQ1NjkyMWUvcHJvdmlkZXJzL01pY3Jvc29mdC5FdmVudEh1Yi9uYW1lc3BhY2VzL25zZTdkNjk0NzgwYj9hcGktdmVyc2lvbj0yMDE3LTA0LTAx",
      "RequestMethod": "GET",
      "RequestBody": "",
      "RequestHeaders": {
        "User-Agent": [
          "FxVersion/4.6.25211.01",
          "Microsoft.Azure.Management.EventHub.Fluent.EventHubManagementClient/0.0.0.0",
          "MacAddressHash/79a3844c900980d71760eb3bd05bf1d3f647bb724a60a52c86053efff382e882"
        ]
      },
      "ResponseBody": "{\r\n  \"sku\": {\r\n    \"name\": \"Standard\",\r\n    \"tier\": \"Standard\",\r\n    \"capacity\": 1\r\n  },\r\n  \"id\": \"/subscriptions/ec0aa5f7-9e78-40c9-85cd-535c6305b380/resourceGroups/rgeh46d56921e/providers/Microsoft.EventHub/namespaces/nse7d694780b\",\r\n  \"name\": \"nse7d694780b\",\r\n  \"type\": \"Microsoft.EventHub/Namespaces\",\r\n  \"location\": \"East US 2\",\r\n  \"tags\": {},\r\n  \"properties\": {\r\n    \"isAutoInflateEnabled\": false,\r\n    \"maximumThroughputUnits\": 0,\r\n    \"provisioningState\": \"Succeeded\",\r\n    \"metricId\": \"ec0aa5f7-9e78-40c9-85cd-535c6305b380:nse7d694780b\",\r\n    \"createdAt\": \"2018-02-27T21:48:20.143Z\",\r\n    \"updatedAt\": \"2018-02-27T21:48:46.767Z\",\r\n    \"serviceBusEndpoint\": \"https://nse7d694780b.servicebus.windows.net:443/\",\r\n    \"status\": \"Active\"\r\n  }\r\n}",
      "ResponseHeaders": {
        "Content-Type": [
          "application/json; charset=utf-8"
        ],
        "Expires": [
          "-1"
        ],
        "Cache-Control": [
          "no-cache"
        ],
        "Date": [
          "Tue, 27 Feb 2018 21:48:50 GMT"
        ],
        "Pragma": [
          "no-cache"
        ],
        "Transfer-Encoding": [
          "chunked"
        ],
        "Server": [
          "Service-Bus-Resource-Provider/SN1",
          "Microsoft-HTTPAPI/2.0"
        ],
        "Vary": [
          "Accept-Encoding"
        ],
        "x-ms-request-id": [
          "9a1b117e-add7-408c-b24d-16df0b8a5861_M11SN1_M11SN1"
        ],
        "Server-SB": [
          "Service-Bus-Resource-Provider/SN1"
        ],
        "x-ms-ratelimit-remaining-subscription-reads": [
          "14997"
        ],
        "x-ms-correlation-request-id": [
          "1185cb36-dd97-47d8-8cef-6b4ca003de51"
        ],
        "x-ms-routing-request-id": [
          "WESTUS2:20180227T214851Z:1185cb36-dd97-47d8-8cef-6b4ca003de51"
        ],
        "Strict-Transport-Security": [
          "max-age=31536000; includeSubDomains"
        ],
        "X-Content-Type-Options": [
          "nosniff"
        ]
      },
      "StatusCode": 200
    },
    {
      "RequestUri": "/subscriptions/ec0aa5f7-9e78-40c9-85cd-535c6305b380/resourceGroups/rgeh46d56921e/providers/Microsoft.Storage/storageAccounts/stgd4c444882?api-version=2017-10-01",
      "EncodedRequestUri": "L3N1YnNjcmlwdGlvbnMvZWMwYWE1ZjctOWU3OC00MGM5LTg1Y2QtNTM1YzYzMDViMzgwL3Jlc291cmNlR3JvdXBzL3JnZWg0NmQ1NjkyMWUvcHJvdmlkZXJzL01pY3Jvc29mdC5TdG9yYWdlL3N0b3JhZ2VBY2NvdW50cy9zdGdkNGM0NDQ4ODI/YXBpLXZlcnNpb249MjAxNy0xMC0wMQ==",
      "RequestMethod": "PUT",
      "RequestBody": "{\r\n  \"sku\": {\r\n    \"name\": \"Standard_LRS\"\r\n  },\r\n  \"kind\": \"Storage\",\r\n  \"location\": \"eastus2\",\r\n  \"tags\": {}\r\n}",
      "RequestHeaders": {
        "Content-Type": [
          "application/json; charset=utf-8"
        ],
        "Content-Length": [
          "112"
        ],
        "x-ms-client-request-id": [
          "53b0d304-a4ba-4d20-8106-9c81763a33ec"
        ],
        "accept-language": [
          "en-US"
        ],
        "User-Agent": [
          "FxVersion/4.6.25211.01",
          "Microsoft.Azure.Management.Storage.Fluent.StorageManagementClient/1.6.0.0",
          "MacAddressHash/79a3844c900980d71760eb3bd05bf1d3f647bb724a60a52c86053efff382e882"
        ]
      },
      "ResponseBody": "",
      "ResponseHeaders": {
        "Content-Length": [
          "0"
        ],
        "Content-Type": [
          "text/plain; charset=utf-8"
        ],
        "Expires": [
          "-1"
        ],
        "Cache-Control": [
          "no-cache"
        ],
        "Date": [
          "Tue, 27 Feb 2018 21:48:52 GMT"
        ],
        "Pragma": [
          "no-cache"
        ],
        "Location": [
          "https://management.azure.com/subscriptions/ec0aa5f7-9e78-40c9-85cd-535c6305b380/providers/Microsoft.Storage/locations/eastus2/asyncoperations/ed4928ec-9c59-4f3f-ae2a-dbe75f1ed6e0?monitor=true&api-version=2017-10-01"
        ],
        "Retry-After": [
          "17"
        ],
        "Server": [
          "Microsoft-Azure-Storage-Resource-Provider/1.0,Microsoft-HTTPAPI/2.0 Microsoft-HTTPAPI/2.0"
        ],
        "x-ms-request-id": [
          "ed4928ec-9c59-4f3f-ae2a-dbe75f1ed6e0"
        ],
        "Strict-Transport-Security": [
          "max-age=31536000; includeSubDomains"
        ],
        "x-ms-ratelimit-remaining-subscription-writes": [
          "1197"
        ],
        "x-ms-correlation-request-id": [
          "68700faa-a82c-4894-aab4-0b378ad56bab"
        ],
        "x-ms-routing-request-id": [
          "WESTUS2:20180227T214853Z:68700faa-a82c-4894-aab4-0b378ad56bab"
        ],
        "X-Content-Type-Options": [
          "nosniff"
        ]
      },
      "StatusCode": 202
    },
    {
      "RequestUri": "/subscriptions/ec0aa5f7-9e78-40c9-85cd-535c6305b380/providers/Microsoft.Storage/locations/eastus2/asyncoperations/ed4928ec-9c59-4f3f-ae2a-dbe75f1ed6e0?monitor=true&api-version=2017-10-01",
      "EncodedRequestUri": "L3N1YnNjcmlwdGlvbnMvZWMwYWE1ZjctOWU3OC00MGM5LTg1Y2QtNTM1YzYzMDViMzgwL3Byb3ZpZGVycy9NaWNyb3NvZnQuU3RvcmFnZS9sb2NhdGlvbnMvZWFzdHVzMi9hc3luY29wZXJhdGlvbnMvZWQ0OTI4ZWMtOWM1OS00ZjNmLWFlMmEtZGJlNzVmMWVkNmUwP21vbml0b3I9dHJ1ZSZhcGktdmVyc2lvbj0yMDE3LTEwLTAx",
      "RequestMethod": "GET",
      "RequestBody": "",
      "RequestHeaders": {
        "User-Agent": [
          "FxVersion/4.6.25211.01",
          "Microsoft.Azure.Management.Storage.Fluent.StorageManagementClient/1.6.0.0",
          "MacAddressHash/79a3844c900980d71760eb3bd05bf1d3f647bb724a60a52c86053efff382e882"
        ]
      },
      "ResponseBody": "",
      "ResponseHeaders": {
        "Content-Length": [
          "0"
        ],
        "Content-Type": [
          "text/plain; charset=utf-8"
        ],
        "Expires": [
          "-1"
        ],
        "Cache-Control": [
          "no-cache"
        ],
        "Date": [
          "Tue, 27 Feb 2018 21:49:09 GMT"
        ],
        "Pragma": [
          "no-cache"
        ],
        "Location": [
          "https://management.azure.com/subscriptions/ec0aa5f7-9e78-40c9-85cd-535c6305b380/providers/Microsoft.Storage/locations/eastus2/asyncoperations/ed4928ec-9c59-4f3f-ae2a-dbe75f1ed6e0?monitor=true&api-version=2017-10-01"
        ],
        "Retry-After": [
          "17"
        ],
        "Server": [
          "Microsoft-Azure-Storage-Resource-Provider/1.0,Microsoft-HTTPAPI/2.0 Microsoft-HTTPAPI/2.0"
        ],
        "x-ms-request-id": [
          "6322ecf4-55cc-4321-8387-36e9d401e928"
        ],
        "Strict-Transport-Security": [
          "max-age=31536000; includeSubDomains"
        ],
        "x-ms-ratelimit-remaining-subscription-reads": [
          "14996"
        ],
        "x-ms-correlation-request-id": [
          "5debe8a1-588b-49c9-87ed-b3923559bb8a"
        ],
        "x-ms-routing-request-id": [
          "WESTUS2:20180227T214910Z:5debe8a1-588b-49c9-87ed-b3923559bb8a"
        ],
        "X-Content-Type-Options": [
          "nosniff"
        ]
      },
      "StatusCode": 202
    },
    {
      "RequestUri": "/subscriptions/ec0aa5f7-9e78-40c9-85cd-535c6305b380/providers/Microsoft.Storage/locations/eastus2/asyncoperations/ed4928ec-9c59-4f3f-ae2a-dbe75f1ed6e0?monitor=true&api-version=2017-10-01",
      "EncodedRequestUri": "L3N1YnNjcmlwdGlvbnMvZWMwYWE1ZjctOWU3OC00MGM5LTg1Y2QtNTM1YzYzMDViMzgwL3Byb3ZpZGVycy9NaWNyb3NvZnQuU3RvcmFnZS9sb2NhdGlvbnMvZWFzdHVzMi9hc3luY29wZXJhdGlvbnMvZWQ0OTI4ZWMtOWM1OS00ZjNmLWFlMmEtZGJlNzVmMWVkNmUwP21vbml0b3I9dHJ1ZSZhcGktdmVyc2lvbj0yMDE3LTEwLTAx",
      "RequestMethod": "GET",
      "RequestBody": "",
      "RequestHeaders": {
        "User-Agent": [
          "FxVersion/4.6.25211.01",
          "Microsoft.Azure.Management.Storage.Fluent.StorageManagementClient/1.6.0.0",
          "MacAddressHash/79a3844c900980d71760eb3bd05bf1d3f647bb724a60a52c86053efff382e882"
        ]
      },
      "ResponseBody": "{\r\n  \"sku\": {\r\n    \"name\": \"Standard_LRS\",\r\n    \"tier\": \"Standard\"\r\n  },\r\n  \"kind\": \"Storage\",\r\n  \"id\": \"/subscriptions/ec0aa5f7-9e78-40c9-85cd-535c6305b380/resourceGroups/rgeh46d56921e/providers/Microsoft.Storage/storageAccounts/stgd4c444882\",\r\n  \"name\": \"stgd4c444882\",\r\n  \"type\": \"Microsoft.Storage/storageAccounts\",\r\n  \"location\": \"eastus2\",\r\n  \"tags\": {},\r\n  \"properties\": {\r\n    \"networkAcls\": {\r\n      \"bypass\": \"AzureServices\",\r\n      \"virtualNetworkRules\": [],\r\n      \"ipRules\": [],\r\n      \"defaultAction\": \"Allow\"\r\n    },\r\n    \"trustedDirectories\": [\r\n      \"72f988bf-86f1-41af-91ab-2d7cd011db47\"\r\n    ],\r\n    \"supportsHttpsTrafficOnly\": false,\r\n    \"encryption\": {\r\n      \"services\": {\r\n        \"file\": {\r\n          \"enabled\": true,\r\n          \"lastEnabledTime\": \"2018-02-27T21:48:53.5998736Z\"\r\n        },\r\n        \"blob\": {\r\n          \"enabled\": true,\r\n          \"lastEnabledTime\": \"2018-02-27T21:48:53.5998736Z\"\r\n        }\r\n      },\r\n      \"keySource\": \"Microsoft.Storage\"\r\n    },\r\n    \"provisioningState\": \"Succeeded\",\r\n    \"creationTime\": \"2018-02-27T21:48:53.4905195Z\",\r\n    \"primaryEndpoints\": {\r\n      \"blob\": \"https://stgd4c444882.blob.core.windows.net/\",\r\n      \"queue\": \"https://stgd4c444882.queue.core.windows.net/\",\r\n      \"table\": \"https://stgd4c444882.table.core.windows.net/\",\r\n      \"file\": \"https://stgd4c444882.file.core.windows.net/\"\r\n    },\r\n    \"primaryLocation\": \"eastus2\",\r\n    \"statusOfPrimary\": \"available\"\r\n  }\r\n}",
      "ResponseHeaders": {
        "Content-Type": [
          "application/json"
        ],
        "Expires": [
          "-1"
        ],
        "Cache-Control": [
          "no-cache"
        ],
        "Date": [
          "Tue, 27 Feb 2018 21:49:26 GMT"
        ],
        "Pragma": [
          "no-cache"
        ],
        "Transfer-Encoding": [
          "chunked"
        ],
        "Server": [
          "Microsoft-Azure-Storage-Resource-Provider/1.0,Microsoft-HTTPAPI/2.0 Microsoft-HTTPAPI/2.0"
        ],
        "Vary": [
          "Accept-Encoding"
        ],
        "x-ms-request-id": [
          "7bb8618c-19a3-4ff1-914a-6097f8060c22"
        ],
        "Strict-Transport-Security": [
          "max-age=31536000; includeSubDomains"
        ],
        "x-ms-ratelimit-remaining-subscription-reads": [
          "14995"
        ],
        "x-ms-correlation-request-id": [
          "7d1f5362-dda9-46c3-b231-1b9bfd04dad0"
        ],
        "x-ms-routing-request-id": [
          "WESTUS2:20180227T214927Z:7d1f5362-dda9-46c3-b231-1b9bfd04dad0"
        ],
        "X-Content-Type-Options": [
          "nosniff"
        ]
      },
      "StatusCode": 200
    },
    {
      "RequestUri": "/subscriptions/ec0aa5f7-9e78-40c9-85cd-535c6305b380/resourceGroups/rgeh46d56921e/providers/Microsoft.Storage/storageAccounts/stgd4c444882?api-version=2017-10-01",
      "EncodedRequestUri": "L3N1YnNjcmlwdGlvbnMvZWMwYWE1ZjctOWU3OC00MGM5LTg1Y2QtNTM1YzYzMDViMzgwL3Jlc291cmNlR3JvdXBzL3JnZWg0NmQ1NjkyMWUvcHJvdmlkZXJzL01pY3Jvc29mdC5TdG9yYWdlL3N0b3JhZ2VBY2NvdW50cy9zdGdkNGM0NDQ4ODI/YXBpLXZlcnNpb249MjAxNy0xMC0wMQ==",
      "RequestMethod": "GET",
      "RequestBody": "",
      "RequestHeaders": {
        "x-ms-client-request-id": [
          "859a1c9a-dc6c-465d-80fd-e2ef80b95ba3"
        ],
        "accept-language": [
          "en-US"
        ],
        "User-Agent": [
          "FxVersion/4.6.25211.01",
          "Microsoft.Azure.Management.Storage.Fluent.StorageManagementClient/1.6.0.0",
          "MacAddressHash/79a3844c900980d71760eb3bd05bf1d3f647bb724a60a52c86053efff382e882"
        ]
      },
      "ResponseBody": "{\r\n  \"sku\": {\r\n    \"name\": \"Standard_LRS\",\r\n    \"tier\": \"Standard\"\r\n  },\r\n  \"kind\": \"Storage\",\r\n  \"id\": \"/subscriptions/ec0aa5f7-9e78-40c9-85cd-535c6305b380/resourceGroups/rgeh46d56921e/providers/Microsoft.Storage/storageAccounts/stgd4c444882\",\r\n  \"name\": \"stgd4c444882\",\r\n  \"type\": \"Microsoft.Storage/storageAccounts\",\r\n  \"location\": \"eastus2\",\r\n  \"tags\": {},\r\n  \"properties\": {\r\n    \"networkAcls\": {\r\n      \"bypass\": \"AzureServices\",\r\n      \"virtualNetworkRules\": [],\r\n      \"ipRules\": [],\r\n      \"defaultAction\": \"Allow\"\r\n    },\r\n    \"trustedDirectories\": [\r\n      \"72f988bf-86f1-41af-91ab-2d7cd011db47\"\r\n    ],\r\n    \"supportsHttpsTrafficOnly\": false,\r\n    \"encryption\": {\r\n      \"services\": {\r\n        \"file\": {\r\n          \"enabled\": true,\r\n          \"lastEnabledTime\": \"2018-02-27T21:48:53.5998736Z\"\r\n        },\r\n        \"blob\": {\r\n          \"enabled\": true,\r\n          \"lastEnabledTime\": \"2018-02-27T21:48:53.5998736Z\"\r\n        }\r\n      },\r\n      \"keySource\": \"Microsoft.Storage\"\r\n    },\r\n    \"provisioningState\": \"Succeeded\",\r\n    \"creationTime\": \"2018-02-27T21:48:53.4905195Z\",\r\n    \"primaryEndpoints\": {\r\n      \"blob\": \"https://stgd4c444882.blob.core.windows.net/\",\r\n      \"queue\": \"https://stgd4c444882.queue.core.windows.net/\",\r\n      \"table\": \"https://stgd4c444882.table.core.windows.net/\",\r\n      \"file\": \"https://stgd4c444882.file.core.windows.net/\"\r\n    },\r\n    \"primaryLocation\": \"eastus2\",\r\n    \"statusOfPrimary\": \"available\"\r\n  }\r\n}",
      "ResponseHeaders": {
        "Content-Type": [
          "application/json"
        ],
        "Expires": [
          "-1"
        ],
        "Cache-Control": [
          "no-cache"
        ],
        "Date": [
          "Tue, 27 Feb 2018 21:49:26 GMT"
        ],
        "Pragma": [
          "no-cache"
        ],
        "Transfer-Encoding": [
          "chunked"
        ],
        "Server": [
          "Microsoft-Azure-Storage-Resource-Provider/1.0,Microsoft-HTTPAPI/2.0 Microsoft-HTTPAPI/2.0"
        ],
        "Vary": [
          "Accept-Encoding"
        ],
        "x-ms-request-id": [
          "86b06738-30db-4584-82a2-1d246710d81b"
        ],
        "Strict-Transport-Security": [
          "max-age=31536000; includeSubDomains"
        ],
        "x-ms-ratelimit-remaining-subscription-reads": [
          "14994"
        ],
        "x-ms-correlation-request-id": [
          "8c708fb4-9b9d-4e87-bdda-9da9afe8069d"
        ],
        "x-ms-routing-request-id": [
          "WESTUS2:20180227T214927Z:8c708fb4-9b9d-4e87-bdda-9da9afe8069d"
        ],
        "X-Content-Type-Options": [
          "nosniff"
        ]
      },
      "StatusCode": 200
    },
    {
      "RequestUri": "/subscriptions/ec0aa5f7-9e78-40c9-85cd-535c6305b380/resourceGroups/rgeh46d56921e/providers/Microsoft.Storage/storageAccounts/stgd4c444882/listKeys?api-version=2017-10-01",
      "EncodedRequestUri": "L3N1YnNjcmlwdGlvbnMvZWMwYWE1ZjctOWU3OC00MGM5LTg1Y2QtNTM1YzYzMDViMzgwL3Jlc291cmNlR3JvdXBzL3JnZWg0NmQ1NjkyMWUvcHJvdmlkZXJzL01pY3Jvc29mdC5TdG9yYWdlL3N0b3JhZ2VBY2NvdW50cy9zdGdkNGM0NDQ4ODIvbGlzdEtleXM/YXBpLXZlcnNpb249MjAxNy0xMC0wMQ==",
      "RequestMethod": "POST",
      "RequestBody": "",
      "RequestHeaders": {
        "x-ms-client-request-id": [
          "759881de-4103-43ad-b398-b0ca7eed83ca"
        ],
        "accept-language": [
          "en-US"
        ],
        "User-Agent": [
          "FxVersion/4.6.25211.01",
          "Microsoft.Azure.Management.Storage.Fluent.StorageManagementClient/1.6.0.0",
          "MacAddressHash/79a3844c900980d71760eb3bd05bf1d3f647bb724a60a52c86053efff382e882"
        ]
      },
      "ResponseBody": "{\r\n  \"keys\": [\r\n    {\r\n      \"keyName\": \"key1\",\"value\": \"MGMT_PLACEHOLDER\",\r\n      \"permissions\": \"FULL\"\r\n    },\r\n    {\r\n      \"keyName\": \"key2\",\"value\": \"MGMT_PLACEHOLDER\",\r\n      \"permissions\": \"FULL\"\r\n    }\r\n  ]\r\n}",
      "ResponseHeaders": {
        "Content-Type": [
          "application/json"
        ],
        "Expires": [
          "-1"
        ],
        "Cache-Control": [
          "no-cache"
        ],
        "Date": [
          "Tue, 27 Feb 2018 21:49:27 GMT"
        ],
        "Pragma": [
          "no-cache"
        ],
        "Transfer-Encoding": [
          "chunked"
        ],
        "Server": [
          "Microsoft-Azure-Storage-Resource-Provider/1.0,Microsoft-HTTPAPI/2.0 Microsoft-HTTPAPI/2.0"
        ],
        "Vary": [
          "Accept-Encoding"
        ],
        "x-ms-request-id": [
          "e1c12444-f2a1-4cca-bf1a-8201444ada17"
        ],
        "Strict-Transport-Security": [
          "max-age=31536000; includeSubDomains"
        ],
        "x-ms-ratelimit-remaining-subscription-writes": [
          "1196"
        ],
        "x-ms-correlation-request-id": [
          "1b58ca7f-8d9a-48e9-b285-b65b9e7a6496"
        ],
        "x-ms-routing-request-id": [
          "WESTUS2:20180227T214927Z:1b58ca7f-8d9a-48e9-b285-b65b9e7a6496"
        ],
        "X-Content-Type-Options": [
          "nosniff"
        ]
      },
      "StatusCode": 200
    },
    {
      "RequestUri": "/subscriptions/ec0aa5f7-9e78-40c9-85cd-535c6305b380/resourceGroups/rgeh46d56921e/providers/Microsoft.EventHub/namespaces/nse7d694780b/eventhubs/eh82254167a4?api-version=2017-04-01",
      "EncodedRequestUri": "L3N1YnNjcmlwdGlvbnMvZWMwYWE1ZjctOWU3OC00MGM5LTg1Y2QtNTM1YzYzMDViMzgwL3Jlc291cmNlR3JvdXBzL3JnZWg0NmQ1NjkyMWUvcHJvdmlkZXJzL01pY3Jvc29mdC5FdmVudEh1Yi9uYW1lc3BhY2VzL25zZTdkNjk0NzgwYi9ldmVudGh1YnMvZWg4MjI1NDE2N2E0P2FwaS12ZXJzaW9uPTIwMTctMDQtMDE=",
      "RequestMethod": "PUT",
      "RequestBody": "{\r\n  \"properties\": {\r\n    \"captureDescription\": {\r\n      \"enabled\": true,\r\n      \"encoding\": \"Avro\",\r\n      \"destination\": {\r\n        \"name\": \"EventHubArchive.AzureBlockBlob\",\r\n        \"properties\": {\r\n          \"storageAccountResourceId\": \"/subscriptions/ec0aa5f7-9e78-40c9-85cd-535c6305b380/resourceGroups/rgeh46d56921e/providers/Microsoft.Storage/storageAccounts/stgd4c444882\",\r\n          \"blobContainer\": \"datacpt\"\r\n        }\r\n      }\r\n    }\r\n  }\r\n}",
      "RequestHeaders": {
        "Content-Type": [
          "application/json; charset=utf-8"
        ],
        "Content-Length": [
          "453"
        ],
        "x-ms-client-request-id": [
          "64cc493f-cd50-49e5-9c84-4d238f8bed81"
        ],
        "accept-language": [
          "en-US"
        ],
        "User-Agent": [
          "FxVersion/4.6.25211.01",
          "Microsoft.Azure.Management.EventHub.Fluent.EventHubManagementClient/0.0.0.0",
          "MacAddressHash/79a3844c900980d71760eb3bd05bf1d3f647bb724a60a52c86053efff382e882"
        ]
      },
      "ResponseBody": "{\r\n  \"id\": \"/subscriptions/ec0aa5f7-9e78-40c9-85cd-535c6305b380/resourceGroups/rgeh46d56921e/providers/Microsoft.EventHub/namespaces/nse7d694780b/eventhubs/eh82254167a4\",\r\n  \"name\": \"eh82254167a4\",\r\n  \"type\": \"Microsoft.EventHub/Namespaces/EventHubs\",\r\n  \"location\": \"East US 2\",\r\n  \"properties\": {\r\n    \"messageRetentionInDays\": 7,\r\n    \"partitionCount\": 4,\r\n    \"status\": \"Active\",\r\n    \"createdAt\": \"2018-02-27T21:49:32.517Z\",\r\n    \"updatedAt\": \"2018-02-27T21:49:40.66Z\",\r\n    \"partitionIds\": [\r\n      \"0\",\r\n      \"1\",\r\n      \"2\",\r\n      \"3\"\r\n    ],\r\n    \"captureDescription\": {\r\n      \"enabled\": true,\r\n      \"encoding\": \"Avro\",\r\n      \"destination\": {\r\n        \"name\": \"EventHubArchive.AzureBlockBlob\",\r\n        \"properties\": {\r\n          \"storageAccountResourceId\": \"/subscriptions/ec0aa5f7-9e78-40c9-85cd-535c6305b380/resourceGroups/rgeh46d56921e/providers/Microsoft.Storage/storageAccounts/stgd4c444882\",\r\n          \"blobContainer\": \"datacpt\",\r\n          \"archiveNameFormat\": \"{Namespace}/{EventHub}/{PartitionId}/{Year}/{Month}/{Day}/{Hour}/{Minute}/{Second}\"\r\n        }\r\n      },\r\n      \"intervalInSeconds\": 300,\r\n      \"sizeLimitInBytes\": 104857600\r\n    }\r\n  }\r\n}",
      "ResponseHeaders": {
        "Content-Type": [
          "application/json; charset=utf-8"
        ],
        "Expires": [
          "-1"
        ],
        "Cache-Control": [
          "no-cache"
        ],
        "Date": [
          "Tue, 27 Feb 2018 21:49:40 GMT"
        ],
        "Pragma": [
          "no-cache"
        ],
        "Transfer-Encoding": [
          "chunked"
        ],
        "Server": [
          "Service-Bus-Resource-Provider/SN1",
          "Microsoft-HTTPAPI/2.0"
        ],
        "Vary": [
          "Accept-Encoding"
        ],
        "x-ms-request-id": [
          "9503c807-9b15-4d6a-ba4a-4b252d813564_M11SN1_M11SN1"
        ],
        "Server-SB": [
          "Service-Bus-Resource-Provider/SN1"
        ],
        "x-ms-ratelimit-remaining-subscription-writes": [
          "1195"
        ],
        "x-ms-correlation-request-id": [
          "3504ea37-ad83-47d6-8e36-cb9e4e479784"
        ],
        "x-ms-routing-request-id": [
          "WESTUS2:20180227T214940Z:3504ea37-ad83-47d6-8e36-cb9e4e479784"
        ],
        "Strict-Transport-Security": [
          "max-age=31536000; includeSubDomains"
        ],
        "X-Content-Type-Options": [
          "nosniff"
        ]
      },
      "StatusCode": 200
    },
    {
      "RequestUri": "/subscriptions/ec0aa5f7-9e78-40c9-85cd-535c6305b380/resourceGroups/rgeh46d56921e/providers/Microsoft.EventHub/namespaces/nse7d694780b/eventhubs/eh82254167a4/consumergroups/cg1?api-version=2017-04-01",
      "EncodedRequestUri": "L3N1YnNjcmlwdGlvbnMvZWMwYWE1ZjctOWU3OC00MGM5LTg1Y2QtNTM1YzYzMDViMzgwL3Jlc291cmNlR3JvdXBzL3JnZWg0NmQ1NjkyMWUvcHJvdmlkZXJzL01pY3Jvc29mdC5FdmVudEh1Yi9uYW1lc3BhY2VzL25zZTdkNjk0NzgwYi9ldmVudGh1YnMvZWg4MjI1NDE2N2E0L2NvbnN1bWVyZ3JvdXBzL2NnMT9hcGktdmVyc2lvbj0yMDE3LTA0LTAx",
      "RequestMethod": "PUT",
      "RequestBody": "{\r\n  \"properties\": {\r\n    \"userMetadata\": \"sometadata\"\r\n  }\r\n}",
      "RequestHeaders": {
        "Content-Type": [
          "application/json; charset=utf-8"
        ],
        "Content-Length": [
          "62"
        ],
        "x-ms-client-request-id": [
          "863e8145-cb90-4274-9798-4a5b034b0fe4"
        ],
        "accept-language": [
          "en-US"
        ],
        "User-Agent": [
          "FxVersion/4.6.25211.01",
          "Microsoft.Azure.Management.EventHub.Fluent.EventHubManagementClient/0.0.0.0",
          "MacAddressHash/79a3844c900980d71760eb3bd05bf1d3f647bb724a60a52c86053efff382e882"
        ]
      },
      "ResponseBody": "{\r\n  \"id\": \"/subscriptions/ec0aa5f7-9e78-40c9-85cd-535c6305b380/resourceGroups/rgeh46d56921e/providers/Microsoft.EventHub/namespaces/nse7d694780b/eventhubs/eh82254167a4/consumergroups/cg1\",\r\n  \"name\": \"cg1\",\r\n  \"type\": \"Microsoft.EventHub/Namespaces/EventHubs/ConsumerGroups\",\r\n  \"location\": \"East US 2\",\r\n  \"properties\": {\r\n    \"createdAt\": \"2018-02-27T21:49:46.0497794Z\",\r\n    \"updatedAt\": \"2018-02-27T21:49:46.0497794Z\",\r\n    \"userMetadata\": \"sometadata\"\r\n  }\r\n}",
      "ResponseHeaders": {
        "Content-Type": [
          "application/json; charset=utf-8"
        ],
        "Expires": [
          "-1"
        ],
        "Cache-Control": [
          "no-cache"
        ],
        "Date": [
          "Tue, 27 Feb 2018 21:49:45 GMT"
        ],
        "Pragma": [
          "no-cache"
        ],
        "Transfer-Encoding": [
          "chunked"
        ],
        "Server": [
          "Service-Bus-Resource-Provider/SN1",
          "Microsoft-HTTPAPI/2.0"
        ],
        "Vary": [
          "Accept-Encoding"
        ],
        "x-ms-request-id": [
          "b94e6884-690a-4802-a900-e035ebb24c6e_M11SN1_M11SN1"
        ],
        "Server-SB": [
          "Service-Bus-Resource-Provider/SN1"
        ],
        "x-ms-ratelimit-remaining-subscription-writes": [
          "1194"
        ],
        "x-ms-correlation-request-id": [
          "f5d6458a-7fa0-40e7-8ded-9721e6181035"
        ],
        "x-ms-routing-request-id": [
          "WESTUS2:20180227T214946Z:f5d6458a-7fa0-40e7-8ded-9721e6181035"
        ],
        "Strict-Transport-Security": [
          "max-age=31536000; includeSubDomains"
        ],
        "X-Content-Type-Options": [
          "nosniff"
        ]
      },
      "StatusCode": 200
    },
    {
      "RequestUri": "/subscriptions/ec0aa5f7-9e78-40c9-85cd-535c6305b380/resourceGroups/rgeh46d56921e/providers/Microsoft.EventHub/namespaces/nse7d694780b/eventhubs/eh82254167a4/authorizationRules/listenrule1?api-version=2017-04-01",
      "EncodedRequestUri": "L3N1YnNjcmlwdGlvbnMvZWMwYWE1ZjctOWU3OC00MGM5LTg1Y2QtNTM1YzYzMDViMzgwL3Jlc291cmNlR3JvdXBzL3JnZWg0NmQ1NjkyMWUvcHJvdmlkZXJzL01pY3Jvc29mdC5FdmVudEh1Yi9uYW1lc3BhY2VzL25zZTdkNjk0NzgwYi9ldmVudGh1YnMvZWg4MjI1NDE2N2E0L2F1dGhvcml6YXRpb25SdWxlcy9saXN0ZW5ydWxlMT9hcGktdmVyc2lvbj0yMDE3LTA0LTAx",
      "RequestMethod": "PUT",
      "RequestBody": "{\r\n  \"properties\": {\r\n    \"rights\": [\r\n      \"Listen\"\r\n    ]\r\n  }\r\n}",
      "RequestHeaders": {
        "Content-Type": [
          "application/json; charset=utf-8"
        ],
        "Content-Length": [
          "68"
        ],
        "x-ms-client-request-id": [
          "5b39a7f1-6313-4465-9af8-de621a3135d8"
        ],
        "accept-language": [
          "en-US"
        ],
        "User-Agent": [
          "FxVersion/4.6.25211.01",
          "Microsoft.Azure.Management.EventHub.Fluent.EventHubManagementClient/0.0.0.0",
          "MacAddressHash/79a3844c900980d71760eb3bd05bf1d3f647bb724a60a52c86053efff382e882"
        ]
      },
      "ResponseBody": "{\r\n  \"id\": \"/subscriptions/ec0aa5f7-9e78-40c9-85cd-535c6305b380/resourceGroups/rgeh46d56921e/providers/Microsoft.EventHub/namespaces/nse7d694780b/eventhubs/eh82254167a4/authorizationRules/listenrule1\",\r\n  \"name\": \"listenrule1\",\r\n  \"type\": \"Microsoft.EventHub/Namespaces/EventHubs/AuthorizationRules\",\r\n  \"location\": \"East US 2\",\r\n  \"properties\": {\r\n    \"rights\": [\r\n      \"Listen\"\r\n    ]\r\n  }\r\n}",
      "ResponseHeaders": {
        "Content-Type": [
          "application/json; charset=utf-8"
        ],
        "Expires": [
          "-1"
        ],
        "Cache-Control": [
          "no-cache"
        ],
        "Date": [
          "Tue, 27 Feb 2018 21:49:51 GMT"
        ],
        "Pragma": [
          "no-cache"
        ],
        "Transfer-Encoding": [
          "chunked"
        ],
        "Server": [
          "Service-Bus-Resource-Provider/SN1",
          "Microsoft-HTTPAPI/2.0"
        ],
        "Vary": [
          "Accept-Encoding"
        ],
        "x-ms-request-id": [
          "acf0ff13-acd8-4633-9fef-a876db06df76_M7SN1_M7SN1"
        ],
        "Server-SB": [
          "Service-Bus-Resource-Provider/SN1"
        ],
        "x-ms-ratelimit-remaining-subscription-writes": [
          "1199"
        ],
        "x-ms-correlation-request-id": [
          "b5c88ba9-7132-431f-81d5-ebe5e84c8ddf"
        ],
        "x-ms-routing-request-id": [
          "WESTUS2:20180227T214952Z:b5c88ba9-7132-431f-81d5-ebe5e84c8ddf"
        ],
        "Strict-Transport-Security": [
          "max-age=31536000; includeSubDomains"
        ],
        "X-Content-Type-Options": [
          "nosniff"
        ]
      },
      "StatusCode": 200
    },
    {
      "RequestUri": "/subscriptions/ec0aa5f7-9e78-40c9-85cd-535c6305b380/resourceGroups/rgeh46d56921e/providers/Microsoft.EventHub/namespaces/nse7d694780b/eventhubs/eh82254167a4/consumergroups?api-version=2017-04-01",
      "EncodedRequestUri": "L3N1YnNjcmlwdGlvbnMvZWMwYWE1ZjctOWU3OC00MGM5LTg1Y2QtNTM1YzYzMDViMzgwL3Jlc291cmNlR3JvdXBzL3JnZWg0NmQ1NjkyMWUvcHJvdmlkZXJzL01pY3Jvc29mdC5FdmVudEh1Yi9uYW1lc3BhY2VzL25zZTdkNjk0NzgwYi9ldmVudGh1YnMvZWg4MjI1NDE2N2E0L2NvbnN1bWVyZ3JvdXBzP2FwaS12ZXJzaW9uPTIwMTctMDQtMDE=",
      "RequestMethod": "GET",
      "RequestBody": "",
      "RequestHeaders": {
        "x-ms-client-request-id": [
          "9f02d907-acbb-4d49-812e-da1cb7c8a7c6"
        ],
        "accept-language": [
          "en-US"
        ],
        "User-Agent": [
          "FxVersion/4.6.25211.01",
          "Microsoft.Azure.Management.EventHub.Fluent.EventHubManagementClient/0.0.0.0",
          "MacAddressHash/79a3844c900980d71760eb3bd05bf1d3f647bb724a60a52c86053efff382e882"
        ]
      },
      "ResponseBody": "{\r\n  \"value\": [\r\n    {\r\n      \"id\": \"/subscriptions/ec0aa5f7-9e78-40c9-85cd-535c6305b380/resourceGroups/rgeh46d56921e/providers/Microsoft.EventHub/namespaces/nse7d694780b/eventhubs/eh82254167a4/consumergroups/$Default\",\r\n      \"name\": \"$Default\",\r\n      \"type\": \"Microsoft.EventHub/Namespaces/EventHubs/ConsumerGroups\",\r\n      \"location\": \"East US 2\",\r\n      \"properties\": {\r\n        \"createdAt\": \"2018-02-27T21:49:36.5713567\",\r\n        \"updatedAt\": \"2018-02-27T21:49:36.5713567\"\r\n      }\r\n    },\r\n    {\r\n      \"id\": \"/subscriptions/ec0aa5f7-9e78-40c9-85cd-535c6305b380/resourceGroups/rgeh46d56921e/providers/Microsoft.EventHub/namespaces/nse7d694780b/eventhubs/eh82254167a4/consumergroups/cg1\",\r\n      \"name\": \"cg1\",\r\n      \"type\": \"Microsoft.EventHub/Namespaces/EventHubs/ConsumerGroups\",\r\n      \"location\": \"East US 2\",\r\n      \"properties\": {\r\n        \"createdAt\": \"2018-02-27T21:49:45.9465912\",\r\n        \"updatedAt\": \"2018-02-27T21:49:45.9465912\",\r\n        \"userMetadata\": \"sometadata\"\r\n      }\r\n    }\r\n  ]\r\n}",
      "ResponseHeaders": {
        "Content-Type": [
          "application/json; charset=utf-8"
        ],
        "Expires": [
          "-1"
        ],
        "Cache-Control": [
          "no-cache"
        ],
        "Date": [
          "Tue, 27 Feb 2018 21:49:52 GMT"
        ],
        "Pragma": [
          "no-cache"
        ],
        "Transfer-Encoding": [
          "chunked"
        ],
        "Server": [
          "Service-Bus-Resource-Provider/SN1",
          "Microsoft-HTTPAPI/2.0"
        ],
        "Vary": [
          "Accept-Encoding"
        ],
        "x-ms-inline-count": [
          ""
        ],
        "x-ms-request-id": [
          "96ce72e1-2050-4efd-a821-040ad38aa288_M11SN1_M11SN1"
        ],
        "Server-SB": [
          "Service-Bus-Resource-Provider/SN1"
        ],
        "x-ms-ratelimit-remaining-subscription-reads": [
          "14993"
        ],
        "x-ms-correlation-request-id": [
          "d945aea1-19ed-43e5-b5fe-ab429db62bdf"
        ],
        "x-ms-routing-request-id": [
          "WESTUS2:20180227T214953Z:d945aea1-19ed-43e5-b5fe-ab429db62bdf"
        ],
        "Strict-Transport-Security": [
          "max-age=31536000; includeSubDomains"
        ],
        "X-Content-Type-Options": [
          "nosniff"
        ]
      },
      "StatusCode": 200
    },
    {
      "RequestUri": "/subscriptions/ec0aa5f7-9e78-40c9-85cd-535c6305b380/resourceGroups/rgeh46d56921e/providers/Microsoft.EventHub/namespaces/nse7d694780b/eventhubs/eh6f4738215e?api-version=2017-04-01",
      "EncodedRequestUri": "L3N1YnNjcmlwdGlvbnMvZWMwYWE1ZjctOWU3OC00MGM5LTg1Y2QtNTM1YzYzMDViMzgwL3Jlc291cmNlR3JvdXBzL3JnZWg0NmQ1NjkyMWUvcHJvdmlkZXJzL01pY3Jvc29mdC5FdmVudEh1Yi9uYW1lc3BhY2VzL25zZTdkNjk0NzgwYi9ldmVudGh1YnMvZWg2ZjQ3MzgyMTVlP2FwaS12ZXJzaW9uPTIwMTctMDQtMDE=",
      "RequestMethod": "PUT",
      "RequestBody": "{}",
      "RequestHeaders": {
        "Content-Type": [
          "application/json; charset=utf-8"
        ],
        "Content-Length": [
          "2"
        ],
        "x-ms-client-request-id": [
          "a177e572-c960-48fc-97f2-18a86785c0d1"
        ],
        "accept-language": [
          "en-US"
        ],
        "User-Agent": [
          "FxVersion/4.6.25211.01",
          "Microsoft.Azure.Management.EventHub.Fluent.EventHubManagementClient/0.0.0.0",
          "MacAddressHash/79a3844c900980d71760eb3bd05bf1d3f647bb724a60a52c86053efff382e882"
        ]
      },
      "ResponseBody": "{\r\n  \"id\": \"/subscriptions/ec0aa5f7-9e78-40c9-85cd-535c6305b380/resourceGroups/rgeh46d56921e/providers/Microsoft.EventHub/namespaces/nse7d694780b/eventhubs/eh6f4738215e\",\r\n  \"name\": \"eh6f4738215e\",\r\n  \"type\": \"Microsoft.EventHub/Namespaces/EventHubs\",\r\n  \"location\": \"East US 2\",\r\n  \"properties\": {\r\n    \"messageRetentionInDays\": 7,\r\n    \"partitionCount\": 4,\r\n    \"status\": \"Active\",\r\n    \"createdAt\": \"2018-02-27T21:49:55.627Z\",\r\n    \"updatedAt\": \"2018-02-27T21:49:56.02Z\",\r\n    \"partitionIds\": [\r\n      \"0\",\r\n      \"1\",\r\n      \"2\",\r\n      \"3\"\r\n    ]\r\n  }\r\n}",
      "ResponseHeaders": {
        "Content-Type": [
          "application/json; charset=utf-8"
        ],
        "Expires": [
          "-1"
        ],
        "Cache-Control": [
          "no-cache"
        ],
        "Date": [
          "Tue, 27 Feb 2018 21:49:55 GMT"
        ],
        "Pragma": [
          "no-cache"
        ],
        "Transfer-Encoding": [
          "chunked"
        ],
        "Server": [
          "Service-Bus-Resource-Provider/SN1",
          "Microsoft-HTTPAPI/2.0"
        ],
        "Vary": [
          "Accept-Encoding"
        ],
        "x-ms-request-id": [
          "c08775f3-6e38-44c0-a2fe-865834c74d0f_M7SN1_M7SN1"
        ],
        "Server-SB": [
          "Service-Bus-Resource-Provider/SN1"
        ],
        "x-ms-ratelimit-remaining-subscription-writes": [
          "1198"
        ],
        "x-ms-correlation-request-id": [
          "d9a3535f-21f3-4419-bec4-d6976f466ba9"
        ],
        "x-ms-routing-request-id": [
          "WESTUS2:20180227T214955Z:d9a3535f-21f3-4419-bec4-d6976f466ba9"
        ],
        "Strict-Transport-Security": [
          "max-age=31536000; includeSubDomains"
        ],
        "X-Content-Type-Options": [
          "nosniff"
        ]
      },
      "StatusCode": 200
    },
    {
      "RequestUri": "/subscriptions/ec0aa5f7-9e78-40c9-85cd-535c6305b380/resourceGroups/rgeh46d56921e/providers/Microsoft.EventHub/namespaces/nse7d694780b/eventhubs/eh6f4738215e/consumergroups/cg2?api-version=2017-04-01",
      "EncodedRequestUri": "L3N1YnNjcmlwdGlvbnMvZWMwYWE1ZjctOWU3OC00MGM5LTg1Y2QtNTM1YzYzMDViMzgwL3Jlc291cmNlR3JvdXBzL3JnZWg0NmQ1NjkyMWUvcHJvdmlkZXJzL01pY3Jvc29mdC5FdmVudEh1Yi9uYW1lc3BhY2VzL25zZTdkNjk0NzgwYi9ldmVudGh1YnMvZWg2ZjQ3MzgyMTVlL2NvbnN1bWVyZ3JvdXBzL2NnMj9hcGktdmVyc2lvbj0yMDE3LTA0LTAx",
      "RequestMethod": "PUT",
      "RequestBody": "{\r\n  \"properties\": {\r\n    \"userMetadata\": \"sometadata\"\r\n  }\r\n}",
      "RequestHeaders": {
        "Content-Type": [
          "application/json; charset=utf-8"
        ],
        "Content-Length": [
          "62"
        ],
        "x-ms-client-request-id": [
          "d13926c1-54e9-4d38-b928-6ed9d8afae6e"
        ],
        "accept-language": [
          "en-US"
        ],
        "User-Agent": [
          "FxVersion/4.6.25211.01",
          "Microsoft.Azure.Management.EventHub.Fluent.EventHubManagementClient/0.0.0.0",
          "MacAddressHash/79a3844c900980d71760eb3bd05bf1d3f647bb724a60a52c86053efff382e882"
        ]
      },
      "ResponseBody": "{\r\n  \"id\": \"/subscriptions/ec0aa5f7-9e78-40c9-85cd-535c6305b380/resourceGroups/rgeh46d56921e/providers/Microsoft.EventHub/namespaces/nse7d694780b/eventhubs/eh6f4738215e/consumergroups/cg2\",\r\n  \"name\": \"cg2\",\r\n  \"type\": \"Microsoft.EventHub/Namespaces/EventHubs/ConsumerGroups\",\r\n  \"location\": \"East US 2\",\r\n  \"properties\": {\r\n    \"createdAt\": \"2018-02-27T21:49:58.018957Z\",\r\n    \"updatedAt\": \"2018-02-27T21:49:58.018957Z\",\r\n    \"userMetadata\": \"sometadata\"\r\n  }\r\n}",
      "ResponseHeaders": {
        "Content-Type": [
          "application/json; charset=utf-8"
        ],
        "Expires": [
          "-1"
        ],
        "Cache-Control": [
          "no-cache"
        ],
        "Date": [
          "Tue, 27 Feb 2018 21:49:57 GMT"
        ],
        "Pragma": [
          "no-cache"
        ],
        "Transfer-Encoding": [
          "chunked"
        ],
        "Server": [
          "Service-Bus-Resource-Provider/SN1",
          "Microsoft-HTTPAPI/2.0"
        ],
        "Vary": [
          "Accept-Encoding"
        ],
        "x-ms-request-id": [
          "13bc5ac9-64bf-4fbc-af7d-efd6e5e676ae_M11SN1_M11SN1"
        ],
        "Server-SB": [
          "Service-Bus-Resource-Provider/SN1"
        ],
        "x-ms-ratelimit-remaining-subscription-writes": [
          "1193"
        ],
        "x-ms-correlation-request-id": [
          "83484cbf-5f5f-4338-ba20-05aef49b40fb"
        ],
        "x-ms-routing-request-id": [
          "WESTUS2:20180227T214958Z:83484cbf-5f5f-4338-ba20-05aef49b40fb"
        ],
        "Strict-Transport-Security": [
          "max-age=31536000; includeSubDomains"
        ],
        "X-Content-Type-Options": [
          "nosniff"
        ]
      },
      "StatusCode": 200
    },
    {
      "RequestUri": "/subscriptions/ec0aa5f7-9e78-40c9-85cd-535c6305b380/resourceGroups/rgeh46d56921e/providers/Microsoft.EventHub/namespaces/nse7d694780b/eventhubs/eh6f4738215e/consumergroups?api-version=2017-04-01",
      "EncodedRequestUri": "L3N1YnNjcmlwdGlvbnMvZWMwYWE1ZjctOWU3OC00MGM5LTg1Y2QtNTM1YzYzMDViMzgwL3Jlc291cmNlR3JvdXBzL3JnZWg0NmQ1NjkyMWUvcHJvdmlkZXJzL01pY3Jvc29mdC5FdmVudEh1Yi9uYW1lc3BhY2VzL25zZTdkNjk0NzgwYi9ldmVudGh1YnMvZWg2ZjQ3MzgyMTVlL2NvbnN1bWVyZ3JvdXBzP2FwaS12ZXJzaW9uPTIwMTctMDQtMDE=",
      "RequestMethod": "GET",
      "RequestBody": "",
      "RequestHeaders": {
        "x-ms-client-request-id": [
          "d5b01d7e-0a18-48fc-98da-6a1dd728846c"
        ],
        "accept-language": [
          "en-US"
        ],
        "User-Agent": [
          "FxVersion/4.6.25211.01",
          "Microsoft.Azure.Management.EventHub.Fluent.EventHubManagementClient/0.0.0.0",
          "MacAddressHash/79a3844c900980d71760eb3bd05bf1d3f647bb724a60a52c86053efff382e882"
        ]
      },
      "ResponseBody": "{\r\n  \"value\": [\r\n    {\r\n      \"id\": \"/subscriptions/ec0aa5f7-9e78-40c9-85cd-535c6305b380/resourceGroups/rgeh46d56921e/providers/Microsoft.EventHub/namespaces/nse7d694780b/eventhubs/eh6f4738215e/consumergroups/$Default\",\r\n      \"name\": \"$Default\",\r\n      \"type\": \"Microsoft.EventHub/Namespaces/EventHubs/ConsumerGroups\",\r\n      \"location\": \"East US 2\",\r\n      \"properties\": {\r\n        \"createdAt\": \"2018-02-27T21:49:55.087466\",\r\n        \"updatedAt\": \"2018-02-27T21:49:55.087466\"\r\n      }\r\n    },\r\n    {\r\n      \"id\": \"/subscriptions/ec0aa5f7-9e78-40c9-85cd-535c6305b380/resourceGroups/rgeh46d56921e/providers/Microsoft.EventHub/namespaces/nse7d694780b/eventhubs/eh6f4738215e/consumergroups/cg2\",\r\n      \"name\": \"cg2\",\r\n      \"type\": \"Microsoft.EventHub/Namespaces/EventHubs/ConsumerGroups\",\r\n      \"location\": \"East US 2\",\r\n      \"properties\": {\r\n        \"createdAt\": \"2018-02-27T21:49:57.9001825\",\r\n        \"updatedAt\": \"2018-02-27T21:49:57.9001825\",\r\n        \"userMetadata\": \"sometadata\"\r\n      }\r\n    }\r\n  ]\r\n}",
      "ResponseHeaders": {
        "Content-Type": [
          "application/json; charset=utf-8"
        ],
        "Expires": [
          "-1"
        ],
        "Cache-Control": [
          "no-cache"
        ],
        "Date": [
          "Tue, 27 Feb 2018 21:49:58 GMT"
        ],
        "Pragma": [
          "no-cache"
        ],
        "Transfer-Encoding": [
          "chunked"
        ],
        "Server": [
          "Service-Bus-Resource-Provider/SN1",
          "Microsoft-HTTPAPI/2.0"
        ],
        "Vary": [
          "Accept-Encoding"
        ],
        "x-ms-inline-count": [
          ""
        ],
        "x-ms-request-id": [
          "59ca04b2-f6a8-4af2-a2f1-c8050fb1d89b_M7SN1_M7SN1"
        ],
        "Server-SB": [
          "Service-Bus-Resource-Provider/SN1"
        ],
        "x-ms-ratelimit-remaining-subscription-reads": [
          "14999"
        ],
        "x-ms-correlation-request-id": [
          "8eed3412-d4dc-476f-aa9b-15f35132363e"
        ],
        "x-ms-routing-request-id": [
          "WESTUS2:20180227T214958Z:8eed3412-d4dc-476f-aa9b-15f35132363e"
        ],
        "Strict-Transport-Security": [
          "max-age=31536000; includeSubDomains"
        ],
        "X-Content-Type-Options": [
          "nosniff"
        ]
      },
      "StatusCode": 200
    },
    {
      "RequestUri": "/subscriptions/ec0aa5f7-9e78-40c9-85cd-535c6305b380/resourceGroups/rgeh46d56921e/providers/Microsoft.EventHub/namespaces/nsafb447156b?api-version=2017-04-01",
      "EncodedRequestUri": "L3N1YnNjcmlwdGlvbnMvZWMwYWE1ZjctOWU3OC00MGM5LTg1Y2QtNTM1YzYzMDViMzgwL3Jlc291cmNlR3JvdXBzL3JnZWg0NmQ1NjkyMWUvcHJvdmlkZXJzL01pY3Jvc29mdC5FdmVudEh1Yi9uYW1lc3BhY2VzL25zYWZiNDQ3MTU2Yj9hcGktdmVyc2lvbj0yMDE3LTA0LTAx",
      "RequestMethod": "PUT",
      "RequestBody": "{\r\n  \"location\": \"eastus2\",\r\n  \"tags\": {}\r\n}",
      "RequestHeaders": {
        "Content-Type": [
          "application/json; charset=utf-8"
        ],
        "Content-Length": [
          "44"
        ],
        "x-ms-client-request-id": [
          "0fa9ec9d-739c-486c-9ee5-53730b515d3e"
        ],
        "accept-language": [
          "en-US"
        ],
        "User-Agent": [
          "FxVersion/4.6.25211.01",
          "Microsoft.Azure.Management.EventHub.Fluent.EventHubManagementClient/0.0.0.0",
          "MacAddressHash/79a3844c900980d71760eb3bd05bf1d3f647bb724a60a52c86053efff382e882"
        ]
      },
      "ResponseBody": "{\r\n  \"sku\": {\r\n    \"name\": \"Standard\",\r\n    \"tier\": \"Standard\",\r\n    \"capacity\": 1\r\n  },\r\n  \"id\": \"/subscriptions/ec0aa5f7-9e78-40c9-85cd-535c6305b380/resourceGroups/rgeh46d56921e/providers/Microsoft.EventHub/namespaces/nsafb447156b\",\r\n  \"name\": \"nsafb447156b\",\r\n  \"type\": \"Microsoft.EventHub/Namespaces\",\r\n  \"location\": \"East US 2\",\r\n  \"tags\": {},\r\n  \"properties\": {\r\n    \"isAutoInflateEnabled\": false,\r\n    \"maximumThroughputUnits\": 0,\r\n    \"provisioningState\": \"Created\",\r\n    \"metricId\": \"ec0aa5f7-9e78-40c9-85cd-535c6305b380:nsafb447156b\",\r\n    \"createdAt\": \"2018-02-27T21:49:59.71Z\",\r\n    \"updatedAt\": \"2018-02-27T21:49:59.71Z\",\r\n    \"serviceBusEndpoint\": \"https://nsafb447156b.servicebus.windows.net:443/\",\r\n    \"status\": \"Activating\"\r\n  }\r\n}",
      "ResponseHeaders": {
        "Content-Type": [
          "application/json; charset=utf-8"
        ],
        "Expires": [
          "-1"
        ],
        "Cache-Control": [
          "no-cache"
        ],
        "Date": [
          "Tue, 27 Feb 2018 21:50:00 GMT"
        ],
        "Pragma": [
          "no-cache"
        ],
        "Transfer-Encoding": [
          "chunked"
        ],
        "Server": [
          "Service-Bus-Resource-Provider/SN1",
          "Microsoft-HTTPAPI/2.0"
        ],
        "Vary": [
          "Accept-Encoding"
        ],
        "x-ms-request-id": [
          "30fa239e-e912-4a14-80ab-1ccf8363037e_M11SN1_M11SN1"
        ],
        "Server-SB": [
          "Service-Bus-Resource-Provider/SN1"
        ],
        "x-ms-ratelimit-remaining-subscription-writes": [
          "1192"
        ],
        "x-ms-correlation-request-id": [
          "9c6f456a-c9b7-49ce-b6cc-1a8c2ba7f547"
        ],
        "x-ms-routing-request-id": [
          "WESTUS2:20180227T215000Z:9c6f456a-c9b7-49ce-b6cc-1a8c2ba7f547"
        ],
        "Strict-Transport-Security": [
          "max-age=31536000; includeSubDomains"
        ],
        "X-Content-Type-Options": [
          "nosniff"
        ]
      },
      "StatusCode": 200
    },
    {
      "RequestUri": "/subscriptions/ec0aa5f7-9e78-40c9-85cd-535c6305b380/resourceGroups/rgeh46d56921e/providers/Microsoft.EventHub/namespaces/nsafb447156b?api-version=2017-04-01",
      "EncodedRequestUri": "L3N1YnNjcmlwdGlvbnMvZWMwYWE1ZjctOWU3OC00MGM5LTg1Y2QtNTM1YzYzMDViMzgwL3Jlc291cmNlR3JvdXBzL3JnZWg0NmQ1NjkyMWUvcHJvdmlkZXJzL01pY3Jvc29mdC5FdmVudEh1Yi9uYW1lc3BhY2VzL25zYWZiNDQ3MTU2Yj9hcGktdmVyc2lvbj0yMDE3LTA0LTAx",
      "RequestMethod": "GET",
      "RequestBody": "",
      "RequestHeaders": {
        "User-Agent": [
          "FxVersion/4.6.25211.01",
          "Microsoft.Azure.Management.EventHub.Fluent.EventHubManagementClient/0.0.0.0",
          "MacAddressHash/79a3844c900980d71760eb3bd05bf1d3f647bb724a60a52c86053efff382e882"
        ]
      },
      "ResponseBody": "{\r\n  \"sku\": {\r\n    \"name\": \"Standard\",\r\n    \"tier\": \"Standard\",\r\n    \"capacity\": 1\r\n  },\r\n  \"id\": \"/subscriptions/ec0aa5f7-9e78-40c9-85cd-535c6305b380/resourceGroups/rgeh46d56921e/providers/Microsoft.EventHub/namespaces/nsafb447156b\",\r\n  \"name\": \"nsafb447156b\",\r\n  \"type\": \"Microsoft.EventHub/Namespaces\",\r\n  \"location\": \"East US 2\",\r\n  \"tags\": {},\r\n  \"properties\": {\r\n    \"isAutoInflateEnabled\": false,\r\n    \"maximumThroughputUnits\": 0,\r\n    \"provisioningState\": \"Succeeded\",\r\n    \"metricId\": \"ec0aa5f7-9e78-40c9-85cd-535c6305b380:nsafb447156b\",\r\n    \"createdAt\": \"2018-02-27T21:49:59.71Z\",\r\n    \"updatedAt\": \"2018-02-27T21:50:26.28Z\",\r\n    \"serviceBusEndpoint\": \"https://nsafb447156b.servicebus.windows.net:443/\",\r\n    \"status\": \"Active\"\r\n  }\r\n}",
      "ResponseHeaders": {
        "Content-Type": [
          "application/json; charset=utf-8"
        ],
        "Expires": [
          "-1"
        ],
        "Cache-Control": [
          "no-cache"
        ],
        "Date": [
          "Tue, 27 Feb 2018 21:50:30 GMT"
        ],
        "Pragma": [
          "no-cache"
        ],
        "Transfer-Encoding": [
          "chunked"
        ],
        "Server": [
          "Service-Bus-Resource-Provider/SN1",
          "Microsoft-HTTPAPI/2.0"
        ],
        "Vary": [
          "Accept-Encoding"
        ],
        "x-ms-request-id": [
          "e5265dcf-4b66-4451-860b-864041cf1a95_M7SN1_M7SN1"
        ],
        "Server-SB": [
          "Service-Bus-Resource-Provider/SN1"
        ],
        "x-ms-ratelimit-remaining-subscription-reads": [
          "14998"
        ],
        "x-ms-correlation-request-id": [
          "55fe721f-e26d-47c8-b3e2-175b36e03c22"
        ],
        "x-ms-routing-request-id": [
          "WESTUS2:20180227T215031Z:55fe721f-e26d-47c8-b3e2-175b36e03c22"
        ],
        "Strict-Transport-Security": [
          "max-age=31536000; includeSubDomains"
        ],
        "X-Content-Type-Options": [
          "nosniff"
        ]
      },
      "StatusCode": 200
    },
    {
      "RequestUri": "/subscriptions/ec0aa5f7-9e78-40c9-85cd-535c6305b380/resourceGroups/rgeh46d56921e/providers/Microsoft.EventHub/namespaces/nsafb447156b/eventhubs/eh6f4738215e?api-version=2017-04-01",
      "EncodedRequestUri": "L3N1YnNjcmlwdGlvbnMvZWMwYWE1ZjctOWU3OC00MGM5LTg1Y2QtNTM1YzYzMDViMzgwL3Jlc291cmNlR3JvdXBzL3JnZWg0NmQ1NjkyMWUvcHJvdmlkZXJzL01pY3Jvc29mdC5FdmVudEh1Yi9uYW1lc3BhY2VzL25zYWZiNDQ3MTU2Yi9ldmVudGh1YnMvZWg2ZjQ3MzgyMTVlP2FwaS12ZXJzaW9uPTIwMTctMDQtMDE=",
      "RequestMethod": "PUT",
      "RequestBody": "{}",
      "RequestHeaders": {
        "Content-Type": [
          "application/json; charset=utf-8"
        ],
        "Content-Length": [
          "2"
        ],
        "x-ms-client-request-id": [
          "530c830b-bb35-4b25-a5bf-4d73d72b15a3"
        ],
        "accept-language": [
          "en-US"
        ],
        "User-Agent": [
          "FxVersion/4.6.25211.01",
          "Microsoft.Azure.Management.EventHub.Fluent.EventHubManagementClient/0.0.0.0",
          "MacAddressHash/79a3844c900980d71760eb3bd05bf1d3f647bb724a60a52c86053efff382e882"
        ]
      },
      "ResponseBody": "{\r\n  \"id\": \"/subscriptions/ec0aa5f7-9e78-40c9-85cd-535c6305b380/resourceGroups/rgeh46d56921e/providers/Microsoft.EventHub/namespaces/nsafb447156b/eventhubs/eh6f4738215e\",\r\n  \"name\": \"eh6f4738215e\",\r\n  \"type\": \"Microsoft.EventHub/Namespaces/EventHubs\",\r\n  \"location\": \"East US 2\",\r\n  \"properties\": {\r\n    \"messageRetentionInDays\": 7,\r\n    \"partitionCount\": 4,\r\n    \"status\": \"Active\",\r\n    \"createdAt\": \"2018-02-27T21:50:33.8Z\",\r\n    \"updatedAt\": \"2018-02-27T21:50:42.49Z\",\r\n    \"partitionIds\": [\r\n      \"0\",\r\n      \"1\",\r\n      \"2\",\r\n      \"3\"\r\n    ]\r\n  }\r\n}",
      "ResponseHeaders": {
        "Content-Type": [
          "application/json; charset=utf-8"
        ],
        "Expires": [
          "-1"
        ],
        "Cache-Control": [
          "no-cache"
        ],
        "Date": [
          "Tue, 27 Feb 2018 21:50:42 GMT"
        ],
        "Pragma": [
          "no-cache"
        ],
        "Transfer-Encoding": [
          "chunked"
        ],
        "Server": [
          "Service-Bus-Resource-Provider/SN1",
          "Microsoft-HTTPAPI/2.0"
        ],
        "Vary": [
          "Accept-Encoding"
        ],
        "x-ms-request-id": [
          "02a8bf99-a056-4bad-afe1-29c640b0ac9b_M11SN1_M11SN1"
        ],
        "Server-SB": [
          "Service-Bus-Resource-Provider/SN1"
        ],
        "x-ms-ratelimit-remaining-subscription-writes": [
          "1191"
        ],
        "x-ms-correlation-request-id": [
          "b1f0b6dd-ee56-472f-bafd-bd2e639f44c6"
        ],
        "x-ms-routing-request-id": [
          "WESTUS2:20180227T215042Z:b1f0b6dd-ee56-472f-bafd-bd2e639f44c6"
        ],
        "Strict-Transport-Security": [
          "max-age=31536000; includeSubDomains"
        ],
        "X-Content-Type-Options": [
          "nosniff"
        ]
      },
      "StatusCode": 200
    },
    {
      "RequestUri": "/subscriptions/ec0aa5f7-9e78-40c9-85cd-535c6305b380/resourceGroups/rgeh46d56921e/providers/Microsoft.EventHub/namespaces/nsafb447156b/eventhubs?api-version=2017-04-01",
      "EncodedRequestUri": "L3N1YnNjcmlwdGlvbnMvZWMwYWE1ZjctOWU3OC00MGM5LTg1Y2QtNTM1YzYzMDViMzgwL3Jlc291cmNlR3JvdXBzL3JnZWg0NmQ1NjkyMWUvcHJvdmlkZXJzL01pY3Jvc29mdC5FdmVudEh1Yi9uYW1lc3BhY2VzL25zYWZiNDQ3MTU2Yi9ldmVudGh1YnM/YXBpLXZlcnNpb249MjAxNy0wNC0wMQ==",
      "RequestMethod": "GET",
      "RequestBody": "",
      "RequestHeaders": {
        "x-ms-client-request-id": [
          "0e763b08-4282-488f-917a-0f1e083506a7"
        ],
        "accept-language": [
          "en-US"
        ],
        "User-Agent": [
          "FxVersion/4.6.25211.01",
          "Microsoft.Azure.Management.EventHub.Fluent.EventHubManagementClient/0.0.0.0",
          "MacAddressHash/79a3844c900980d71760eb3bd05bf1d3f647bb724a60a52c86053efff382e882"
        ]
      },
      "ResponseBody": "{\r\n  \"value\": [\r\n    {\r\n      \"id\": \"/subscriptions/ec0aa5f7-9e78-40c9-85cd-535c6305b380/resourceGroups/rgeh46d56921e/providers/Microsoft.EventHub/namespaces/nsafb447156b/eventhubs/eh6f4738215e\",\r\n      \"name\": \"eh6f4738215e\",\r\n      \"type\": \"Microsoft.EventHub/Namespaces/EventHubs\",\r\n      \"location\": \"East US 2\",\r\n      \"properties\": {\r\n        \"messageRetentionInDays\": 7,\r\n        \"partitionCount\": 4,\r\n        \"status\": \"Active\",\r\n        \"createdAt\": \"2018-02-27T21:50:33.8\",\r\n        \"updatedAt\": \"2018-02-27T21:50:42.49\",\r\n        \"partitionIds\": [\r\n          \"0\",\r\n          \"1\",\r\n          \"2\",\r\n          \"3\"\r\n        ]\r\n      }\r\n    }\r\n  ]\r\n}",
      "ResponseHeaders": {
        "Content-Type": [
          "application/json; charset=utf-8"
        ],
        "Expires": [
          "-1"
        ],
        "Cache-Control": [
          "no-cache"
        ],
        "Date": [
          "Tue, 27 Feb 2018 21:50:42 GMT"
        ],
        "Pragma": [
          "no-cache"
        ],
        "Transfer-Encoding": [
          "chunked"
        ],
        "Server": [
          "Service-Bus-Resource-Provider/SN1",
          "Microsoft-HTTPAPI/2.0"
        ],
        "Vary": [
          "Accept-Encoding"
        ],
        "x-ms-inline-count": [
          ""
        ],
        "x-ms-request-id": [
          "0590dbe0-2fa5-40ce-bd65-dd5c5e96c137_M7SN1_M7SN1"
        ],
        "Server-SB": [
          "Service-Bus-Resource-Provider/SN1"
        ],
        "x-ms-ratelimit-remaining-subscription-reads": [
          "14997"
        ],
        "x-ms-correlation-request-id": [
          "b9bf40dd-6f18-4a24-9f08-12401e67b66f"
        ],
        "x-ms-routing-request-id": [
          "WESTUS2:20180227T215043Z:b9bf40dd-6f18-4a24-9f08-12401e67b66f"
        ],
        "Strict-Transport-Security": [
          "max-age=31536000; includeSubDomains"
        ],
        "X-Content-Type-Options": [
          "nosniff"
        ]
      },
      "StatusCode": 200
    },
    {
      "RequestUri": "/subscriptions/ec0aa5f7-9e78-40c9-85cd-535c6305b380/resourcegroups/rgeh46d56921e?api-version=2017-05-10",
      "EncodedRequestUri": "L3N1YnNjcmlwdGlvbnMvZWMwYWE1ZjctOWU3OC00MGM5LTg1Y2QtNTM1YzYzMDViMzgwL3Jlc291cmNlZ3JvdXBzL3JnZWg0NmQ1NjkyMWU/YXBpLXZlcnNpb249MjAxNy0wNS0xMA==",
      "RequestMethod": "DELETE",
      "RequestBody": "",
      "RequestHeaders": {
        "x-ms-client-request-id": [
          "92cc4955-8305-48a0-8ff7-4b71d0b85763"
        ],
        "accept-language": [
          "en-US"
        ],
        "User-Agent": [
          "FxVersion/4.6.25211.01",
          "Microsoft.Azure.Management.ResourceManager.Fluent.ResourceManagementClient/1.6.0.0",
          "MacAddressHash/79a3844c900980d71760eb3bd05bf1d3f647bb724a60a52c86053efff382e882"
        ]
      },
      "ResponseBody": "",
      "ResponseHeaders": {
        "Content-Length": [
          "0"
        ],
        "Expires": [
          "-1"
        ],
        "Cache-Control": [
          "no-cache"
        ],
        "Date": [
          "Tue, 27 Feb 2018 21:50:44 GMT"
        ],
        "Pragma": [
          "no-cache"
        ],
        "Location": [
          "https://management.azure.com/subscriptions/ec0aa5f7-9e78-40c9-85cd-535c6305b380/operationresults/eyJqb2JJZCI6IlJFU09VUkNFR1JPVVBERUxFVElPTkpPQi1SR0VINDZENTY5MjFFLUVBU1RVUzIiLCJqb2JMb2NhdGlvbiI6ImVhc3R1czIifQ?api-version=2016-02-01"
        ],
        "Retry-After": [
          "15"
        ],
        "x-ms-ratelimit-remaining-subscription-writes": [
          "1190"
        ],
        "x-ms-request-id": [
          "e393c560-a53e-4c97-a033-270df09a2fc1"
        ],
        "x-ms-correlation-request-id": [
          "e393c560-a53e-4c97-a033-270df09a2fc1"
        ],
        "x-ms-routing-request-id": [
          "WESTUS2:20180227T215044Z:e393c560-a53e-4c97-a033-270df09a2fc1"
        ],
        "Strict-Transport-Security": [
          "max-age=31536000; includeSubDomains"
        ],
        "X-Content-Type-Options": [
          "nosniff"
        ]
      },
      "StatusCode": 202
    },
    {
      "RequestUri": "/subscriptions/ec0aa5f7-9e78-40c9-85cd-535c6305b380/operationresults/eyJqb2JJZCI6IlJFU09VUkNFR1JPVVBERUxFVElPTkpPQi1SR0VINDZENTY5MjFFLUVBU1RVUzIiLCJqb2JMb2NhdGlvbiI6ImVhc3R1czIifQ?api-version=2016-02-01",
      "EncodedRequestUri": "L3N1YnNjcmlwdGlvbnMvZWMwYWE1ZjctOWU3OC00MGM5LTg1Y2QtNTM1YzYzMDViMzgwL29wZXJhdGlvbnJlc3VsdHMvZXlKcWIySkpaQ0k2SWxKRlUwOVZVa05GUjFKUFZWQkVSVXhGVkVsUFRrcFBRaTFTUjBWSU5EWkVOVFk1TWpGRkxVVkJVMVJWVXpJaUxDSnFiMkpNYjJOaGRHbHZiaUk2SW1WaGMzUjFjeklpZlE/YXBpLXZlcnNpb249MjAxNi0wMi0wMQ==",
      "RequestMethod": "GET",
      "RequestBody": "",
      "RequestHeaders": {
        "User-Agent": [
          "FxVersion/4.6.25211.01",
          "Microsoft.Azure.Management.ResourceManager.Fluent.ResourceManagementClient/1.6.0.0",
          "MacAddressHash/79a3844c900980d71760eb3bd05bf1d3f647bb724a60a52c86053efff382e882"
        ]
      },
      "ResponseBody": "",
      "ResponseHeaders": {
        "Content-Length": [
          "0"
        ],
        "Expires": [
          "-1"
        ],
        "Cache-Control": [
          "no-cache"
        ],
        "Date": [
          "Tue, 27 Feb 2018 21:50:58 GMT"
        ],
        "Pragma": [
          "no-cache"
        ],
        "Location": [
          "https://management.azure.com/subscriptions/ec0aa5f7-9e78-40c9-85cd-535c6305b380/operationresults/eyJqb2JJZCI6IlJFU09VUkNFR1JPVVBERUxFVElPTkpPQi1SR0VINDZENTY5MjFFLUVBU1RVUzIiLCJqb2JMb2NhdGlvbiI6ImVhc3R1czIifQ?api-version=2016-02-01"
        ],
        "Retry-After": [
          "15"
        ],
        "x-ms-ratelimit-remaining-subscription-reads": [
          "14996"
        ],
        "x-ms-request-id": [
          "ee6dc8f3-d505-44b4-8d43-ff69561018cd"
        ],
        "x-ms-correlation-request-id": [
          "ee6dc8f3-d505-44b4-8d43-ff69561018cd"
        ],
        "x-ms-routing-request-id": [
          "WESTUS2:20180227T215059Z:ee6dc8f3-d505-44b4-8d43-ff69561018cd"
        ],
        "Strict-Transport-Security": [
          "max-age=31536000; includeSubDomains"
        ],
        "X-Content-Type-Options": [
          "nosniff"
        ]
      },
      "StatusCode": 202
    },
    {
      "RequestUri": "/subscriptions/ec0aa5f7-9e78-40c9-85cd-535c6305b380/operationresults/eyJqb2JJZCI6IlJFU09VUkNFR1JPVVBERUxFVElPTkpPQi1SR0VINDZENTY5MjFFLUVBU1RVUzIiLCJqb2JMb2NhdGlvbiI6ImVhc3R1czIifQ?api-version=2016-02-01",
      "EncodedRequestUri": "L3N1YnNjcmlwdGlvbnMvZWMwYWE1ZjctOWU3OC00MGM5LTg1Y2QtNTM1YzYzMDViMzgwL29wZXJhdGlvbnJlc3VsdHMvZXlKcWIySkpaQ0k2SWxKRlUwOVZVa05GUjFKUFZWQkVSVXhGVkVsUFRrcFBRaTFTUjBWSU5EWkVOVFk1TWpGRkxVVkJVMVJWVXpJaUxDSnFiMkpNYjJOaGRHbHZiaUk2SW1WaGMzUjFjeklpZlE/YXBpLXZlcnNpb249MjAxNi0wMi0wMQ==",
      "RequestMethod": "GET",
      "RequestBody": "",
      "RequestHeaders": {
        "User-Agent": [
          "FxVersion/4.6.25211.01",
          "Microsoft.Azure.Management.ResourceManager.Fluent.ResourceManagementClient/1.6.0.0",
          "MacAddressHash/79a3844c900980d71760eb3bd05bf1d3f647bb724a60a52c86053efff382e882"
        ]
      },
      "ResponseBody": "",
      "ResponseHeaders": {
        "Content-Length": [
          "0"
        ],
        "Expires": [
          "-1"
        ],
        "Cache-Control": [
          "no-cache"
        ],
        "Date": [
          "Tue, 27 Feb 2018 21:51:14 GMT"
        ],
        "Pragma": [
          "no-cache"
        ],
        "Location": [
          "https://management.azure.com/subscriptions/ec0aa5f7-9e78-40c9-85cd-535c6305b380/operationresults/eyJqb2JJZCI6IlJFU09VUkNFR1JPVVBERUxFVElPTkpPQi1SR0VINDZENTY5MjFFLUVBU1RVUzIiLCJqb2JMb2NhdGlvbiI6ImVhc3R1czIifQ?api-version=2016-02-01"
        ],
        "Retry-After": [
          "15"
        ],
        "x-ms-ratelimit-remaining-subscription-reads": [
          "14992"
        ],
        "x-ms-request-id": [
          "e4545f35-c01b-42b5-997e-05ad35e2be0e"
        ],
        "x-ms-correlation-request-id": [
          "e4545f35-c01b-42b5-997e-05ad35e2be0e"
        ],
        "x-ms-routing-request-id": [
          "WESTUS2:20180227T215114Z:e4545f35-c01b-42b5-997e-05ad35e2be0e"
        ],
        "Strict-Transport-Security": [
          "max-age=31536000; includeSubDomains"
        ],
        "X-Content-Type-Options": [
          "nosniff"
        ]
      },
      "StatusCode": 202
    },
    {
      "RequestUri": "/subscriptions/ec0aa5f7-9e78-40c9-85cd-535c6305b380/operationresults/eyJqb2JJZCI6IlJFU09VUkNFR1JPVVBERUxFVElPTkpPQi1SR0VINDZENTY5MjFFLUVBU1RVUzIiLCJqb2JMb2NhdGlvbiI6ImVhc3R1czIifQ?api-version=2016-02-01",
      "EncodedRequestUri": "L3N1YnNjcmlwdGlvbnMvZWMwYWE1ZjctOWU3OC00MGM5LTg1Y2QtNTM1YzYzMDViMzgwL29wZXJhdGlvbnJlc3VsdHMvZXlKcWIySkpaQ0k2SWxKRlUwOVZVa05GUjFKUFZWQkVSVXhGVkVsUFRrcFBRaTFTUjBWSU5EWkVOVFk1TWpGRkxVVkJVMVJWVXpJaUxDSnFiMkpNYjJOaGRHbHZiaUk2SW1WaGMzUjFjeklpZlE/YXBpLXZlcnNpb249MjAxNi0wMi0wMQ==",
      "RequestMethod": "GET",
      "RequestBody": "",
      "RequestHeaders": {
        "User-Agent": [
          "FxVersion/4.6.25211.01",
          "Microsoft.Azure.Management.ResourceManager.Fluent.ResourceManagementClient/1.6.0.0",
          "MacAddressHash/79a3844c900980d71760eb3bd05bf1d3f647bb724a60a52c86053efff382e882"
        ]
      },
      "ResponseBody": "",
      "ResponseHeaders": {
        "Content-Length": [
          "0"
        ],
        "Expires": [
          "-1"
        ],
        "Cache-Control": [
          "no-cache"
        ],
        "Date": [
          "Tue, 27 Feb 2018 21:51:29 GMT"
        ],
        "Pragma": [
          "no-cache"
        ],
        "Location": [
          "https://management.azure.com/subscriptions/ec0aa5f7-9e78-40c9-85cd-535c6305b380/operationresults/eyJqb2JJZCI6IlJFU09VUkNFR1JPVVBERUxFVElPTkpPQi1SR0VINDZENTY5MjFFLUVBU1RVUzIiLCJqb2JMb2NhdGlvbiI6ImVhc3R1czIifQ?api-version=2016-02-01"
        ],
        "Retry-After": [
          "15"
        ],
        "x-ms-ratelimit-remaining-subscription-reads": [
          "14995"
        ],
        "x-ms-request-id": [
          "070f9bf5-0a01-43c6-87d4-50736e047de1"
        ],
        "x-ms-correlation-request-id": [
          "070f9bf5-0a01-43c6-87d4-50736e047de1"
        ],
        "x-ms-routing-request-id": [
          "WESTUS2:20180227T215130Z:070f9bf5-0a01-43c6-87d4-50736e047de1"
        ],
        "Strict-Transport-Security": [
          "max-age=31536000; includeSubDomains"
        ],
        "X-Content-Type-Options": [
          "nosniff"
        ]
      },
      "StatusCode": 202
    },
    {
      "RequestUri": "/subscriptions/ec0aa5f7-9e78-40c9-85cd-535c6305b380/operationresults/eyJqb2JJZCI6IlJFU09VUkNFR1JPVVBERUxFVElPTkpPQi1SR0VINDZENTY5MjFFLUVBU1RVUzIiLCJqb2JMb2NhdGlvbiI6ImVhc3R1czIifQ?api-version=2016-02-01",
      "EncodedRequestUri": "L3N1YnNjcmlwdGlvbnMvZWMwYWE1ZjctOWU3OC00MGM5LTg1Y2QtNTM1YzYzMDViMzgwL29wZXJhdGlvbnJlc3VsdHMvZXlKcWIySkpaQ0k2SWxKRlUwOVZVa05GUjFKUFZWQkVSVXhGVkVsUFRrcFBRaTFTUjBWSU5EWkVOVFk1TWpGRkxVVkJVMVJWVXpJaUxDSnFiMkpNYjJOaGRHbHZiaUk2SW1WaGMzUjFjeklpZlE/YXBpLXZlcnNpb249MjAxNi0wMi0wMQ==",
      "RequestMethod": "GET",
      "RequestBody": "",
      "RequestHeaders": {
        "User-Agent": [
          "FxVersion/4.6.25211.01",
          "Microsoft.Azure.Management.ResourceManager.Fluent.ResourceManagementClient/1.6.0.0",
          "MacAddressHash/79a3844c900980d71760eb3bd05bf1d3f647bb724a60a52c86053efff382e882"
        ]
      },
      "ResponseBody": "",
      "ResponseHeaders": {
        "Content-Length": [
          "0"
        ],
        "Expires": [
          "-1"
        ],
        "Cache-Control": [
          "no-cache"
        ],
        "Date": [
          "Tue, 27 Feb 2018 21:51:44 GMT"
        ],
        "Pragma": [
          "no-cache"
        ],
        "Location": [
          "https://management.azure.com/subscriptions/ec0aa5f7-9e78-40c9-85cd-535c6305b380/operationresults/eyJqb2JJZCI6IlJFU09VUkNFR1JPVVBERUxFVElPTkpPQi1SR0VINDZENTY5MjFFLUVBU1RVUzIiLCJqb2JMb2NhdGlvbiI6ImVhc3R1czIifQ?api-version=2016-02-01"
        ],
        "Retry-After": [
          "15"
        ],
        "x-ms-ratelimit-remaining-subscription-reads": [
          "14991"
        ],
        "x-ms-request-id": [
          "2a1b0cd4-690a-48c3-9903-8687802638b6"
        ],
        "x-ms-correlation-request-id": [
          "2a1b0cd4-690a-48c3-9903-8687802638b6"
        ],
        "x-ms-routing-request-id": [
          "WESTUS2:20180227T215145Z:2a1b0cd4-690a-48c3-9903-8687802638b6"
        ],
        "Strict-Transport-Security": [
          "max-age=31536000; includeSubDomains"
        ],
        "X-Content-Type-Options": [
          "nosniff"
        ]
      },
      "StatusCode": 202
    },
    {
      "RequestUri": "/subscriptions/ec0aa5f7-9e78-40c9-85cd-535c6305b380/operationresults/eyJqb2JJZCI6IlJFU09VUkNFR1JPVVBERUxFVElPTkpPQi1SR0VINDZENTY5MjFFLUVBU1RVUzIiLCJqb2JMb2NhdGlvbiI6ImVhc3R1czIifQ?api-version=2016-02-01",
      "EncodedRequestUri": "L3N1YnNjcmlwdGlvbnMvZWMwYWE1ZjctOWU3OC00MGM5LTg1Y2QtNTM1YzYzMDViMzgwL29wZXJhdGlvbnJlc3VsdHMvZXlKcWIySkpaQ0k2SWxKRlUwOVZVa05GUjFKUFZWQkVSVXhGVkVsUFRrcFBRaTFTUjBWSU5EWkVOVFk1TWpGRkxVVkJVMVJWVXpJaUxDSnFiMkpNYjJOaGRHbHZiaUk2SW1WaGMzUjFjeklpZlE/YXBpLXZlcnNpb249MjAxNi0wMi0wMQ==",
      "RequestMethod": "GET",
      "RequestBody": "",
      "RequestHeaders": {
        "User-Agent": [
          "FxVersion/4.6.25211.01",
          "Microsoft.Azure.Management.ResourceManager.Fluent.ResourceManagementClient/1.6.0.0",
          "MacAddressHash/79a3844c900980d71760eb3bd05bf1d3f647bb724a60a52c86053efff382e882"
        ]
      },
      "ResponseBody": "",
      "ResponseHeaders": {
        "Content-Length": [
          "0"
        ],
        "Expires": [
          "-1"
        ],
        "Cache-Control": [
          "no-cache"
        ],
        "Date": [
          "Tue, 27 Feb 2018 21:52:00 GMT"
        ],
        "Pragma": [
          "no-cache"
        ],
        "Location": [
          "https://management.azure.com/subscriptions/ec0aa5f7-9e78-40c9-85cd-535c6305b380/operationresults/eyJqb2JJZCI6IlJFU09VUkNFR1JPVVBERUxFVElPTkpPQi1SR0VINDZENTY5MjFFLUVBU1RVUzIiLCJqb2JMb2NhdGlvbiI6ImVhc3R1czIifQ?api-version=2016-02-01"
        ],
        "Retry-After": [
          "15"
        ],
        "x-ms-ratelimit-remaining-subscription-reads": [
          "14994"
        ],
        "x-ms-request-id": [
          "1c96e385-7db8-4318-b42d-ceb1a1655e6c"
        ],
        "x-ms-correlation-request-id": [
          "1c96e385-7db8-4318-b42d-ceb1a1655e6c"
        ],
        "x-ms-routing-request-id": [
          "WESTUS2:20180227T215200Z:1c96e385-7db8-4318-b42d-ceb1a1655e6c"
        ],
        "Strict-Transport-Security": [
          "max-age=31536000; includeSubDomains"
        ],
        "X-Content-Type-Options": [
          "nosniff"
        ]
      },
      "StatusCode": 202
    },
    {
      "RequestUri": "/subscriptions/ec0aa5f7-9e78-40c9-85cd-535c6305b380/operationresults/eyJqb2JJZCI6IlJFU09VUkNFR1JPVVBERUxFVElPTkpPQi1SR0VINDZENTY5MjFFLUVBU1RVUzIiLCJqb2JMb2NhdGlvbiI6ImVhc3R1czIifQ?api-version=2016-02-01",
      "EncodedRequestUri": "L3N1YnNjcmlwdGlvbnMvZWMwYWE1ZjctOWU3OC00MGM5LTg1Y2QtNTM1YzYzMDViMzgwL29wZXJhdGlvbnJlc3VsdHMvZXlKcWIySkpaQ0k2SWxKRlUwOVZVa05GUjFKUFZWQkVSVXhGVkVsUFRrcFBRaTFTUjBWSU5EWkVOVFk1TWpGRkxVVkJVMVJWVXpJaUxDSnFiMkpNYjJOaGRHbHZiaUk2SW1WaGMzUjFjeklpZlE/YXBpLXZlcnNpb249MjAxNi0wMi0wMQ==",
      "RequestMethod": "GET",
      "RequestBody": "",
      "RequestHeaders": {
        "User-Agent": [
          "FxVersion/4.6.25211.01",
          "Microsoft.Azure.Management.ResourceManager.Fluent.ResourceManagementClient/1.6.0.0",
          "MacAddressHash/79a3844c900980d71760eb3bd05bf1d3f647bb724a60a52c86053efff382e882"
        ]
      },
      "ResponseBody": "",
      "ResponseHeaders": {
        "Content-Length": [
          "0"
        ],
        "Expires": [
          "-1"
        ],
        "Cache-Control": [
          "no-cache"
        ],
        "Date": [
          "Tue, 27 Feb 2018 21:52:14 GMT"
        ],
        "Pragma": [
          "no-cache"
        ],
        "Location": [
          "https://management.azure.com/subscriptions/ec0aa5f7-9e78-40c9-85cd-535c6305b380/operationresults/eyJqb2JJZCI6IlJFU09VUkNFR1JPVVBERUxFVElPTkpPQi1SR0VINDZENTY5MjFFLUVBU1RVUzIiLCJqb2JMb2NhdGlvbiI6ImVhc3R1czIifQ?api-version=2016-02-01"
        ],
        "Retry-After": [
          "15"
        ],
        "x-ms-ratelimit-remaining-subscription-reads": [
          "14990"
        ],
        "x-ms-request-id": [
          "4b33e3e3-ac80-4690-ab97-2b3f5d9d4d51"
        ],
        "x-ms-correlation-request-id": [
          "4b33e3e3-ac80-4690-ab97-2b3f5d9d4d51"
        ],
        "x-ms-routing-request-id": [
          "WESTUS2:20180227T215215Z:4b33e3e3-ac80-4690-ab97-2b3f5d9d4d51"
        ],
        "Strict-Transport-Security": [
          "max-age=31536000; includeSubDomains"
        ],
        "X-Content-Type-Options": [
          "nosniff"
        ]
      },
      "StatusCode": 202
    },
    {
      "RequestUri": "/subscriptions/ec0aa5f7-9e78-40c9-85cd-535c6305b380/operationresults/eyJqb2JJZCI6IlJFU09VUkNFR1JPVVBERUxFVElPTkpPQi1SR0VINDZENTY5MjFFLUVBU1RVUzIiLCJqb2JMb2NhdGlvbiI6ImVhc3R1czIifQ?api-version=2016-02-01",
      "EncodedRequestUri": "L3N1YnNjcmlwdGlvbnMvZWMwYWE1ZjctOWU3OC00MGM5LTg1Y2QtNTM1YzYzMDViMzgwL29wZXJhdGlvbnJlc3VsdHMvZXlKcWIySkpaQ0k2SWxKRlUwOVZVa05GUjFKUFZWQkVSVXhGVkVsUFRrcFBRaTFTUjBWSU5EWkVOVFk1TWpGRkxVVkJVMVJWVXpJaUxDSnFiMkpNYjJOaGRHbHZiaUk2SW1WaGMzUjFjeklpZlE/YXBpLXZlcnNpb249MjAxNi0wMi0wMQ==",
      "RequestMethod": "GET",
      "RequestBody": "",
      "RequestHeaders": {
        "User-Agent": [
          "FxVersion/4.6.25211.01",
          "Microsoft.Azure.Management.ResourceManager.Fluent.ResourceManagementClient/1.6.0.0",
          "MacAddressHash/79a3844c900980d71760eb3bd05bf1d3f647bb724a60a52c86053efff382e882"
        ]
      },
      "ResponseBody": "",
      "ResponseHeaders": {
        "Content-Length": [
          "0"
        ],
        "Expires": [
          "-1"
        ],
        "Cache-Control": [
          "no-cache"
        ],
        "Date": [
          "Tue, 27 Feb 2018 21:52:29 GMT"
        ],
        "Pragma": [
          "no-cache"
        ],
        "x-ms-ratelimit-remaining-subscription-reads": [
          "14993"
        ],
        "x-ms-request-id": [
          "2d244d8c-e5c9-4015-b32b-8ebe4053a4eb"
        ],
        "x-ms-correlation-request-id": [
          "2d244d8c-e5c9-4015-b32b-8ebe4053a4eb"
        ],
        "x-ms-routing-request-id": [
          "WESTUS2:20180227T215230Z:2d244d8c-e5c9-4015-b32b-8ebe4053a4eb"
        ],
        "Strict-Transport-Security": [
          "max-age=31536000; includeSubDomains"
        ],
        "X-Content-Type-Options": [
          "nosniff"
        ]
      },
      "StatusCode": 200
    }
  ],
  "Names": {
    "ManageEventHubGeoDisasterRecoveryTest": [
      "rgeh46d56921e",
      "nse7d694780b",
      "nsafb447156b",
      "stgd4c444882",
      "eh82254167a4",
      "eh6f4738215e"
    ]
  },
  "Variables": {
    "ServicePrincipal": "df54dca9-9512-4305-8c03-a026282685e0",
    "AADTenant": "72f988bf-86f1-41af-91ab-2d7cd011db47",
    "SubscriptionId": "ec0aa5f7-9e78-40c9-85cd-535c6305b380"
  }
}